2023-03-26 10:18:01,946 - DEBUG - = connection is CONNECTING
2023-03-26 10:18:02,047 - DEBUG - > GET /ocpp16/ELA007C01/EVSCA070007 HTTP/1.1
2023-03-26 10:18:02,048 - DEBUG - > Host: ws.devevspcharger.uplus.co.kr
2023-03-26 10:18:02,048 - DEBUG - > Upgrade: websocket
2023-03-26 10:18:02,048 - DEBUG - > Connection: Upgrade
2023-03-26 10:18:02,048 - DEBUG - > Sec-WebSocket-Key: jY15dX1XX1jPSObKKRyhZA==
2023-03-26 10:18:02,048 - DEBUG - > Sec-WebSocket-Version: 13
2023-03-26 10:18:02,048 - DEBUG - > Sec-WebSocket-Extensions: permessage-deflate; client_max_window_bits
2023-03-26 10:18:02,048 - DEBUG - > Sec-WebSocket-Protocol: ocpp1.6
2023-03-26 10:18:02,048 - DEBUG - > Authorization: Basic RVZBUjpFVkFSTEdV
2023-03-26 10:18:02,048 - DEBUG - > User-Agent: Python/3.10 websockets/10.4
2023-03-26 10:18:03,396 - DEBUG - < HTTP/1.1 101 Switching Protocols
2023-03-26 10:18:03,397 - DEBUG - < Connection: upgrade
2023-03-26 10:18:03,397 - DEBUG - < Date: Sun, 26 Mar 2023 01:18:03 GMT
2023-03-26 10:18:03,397 - DEBUG - < sec-websocket-protocol: ocpp1.6
2023-03-26 10:18:03,398 - DEBUG - < upgrade: websocket
2023-03-26 10:18:03,398 - DEBUG - < sec-websocket-accept: jBksjUtkRneIbSxFNMtMU6iiTaY=
2023-03-26 10:18:03,398 - DEBUG - < sec-websocket-extensions: permessage-deflate
2023-03-26 10:18:03,399 - DEBUG - < X-Cache: Miss from cloudfront
2023-03-26 10:18:03,399 - DEBUG - < Via: 1.1 fbb22360028e181171037fd6d6a9e41c.cloudfront.net (CloudFront)
2023-03-26 10:18:03,400 - DEBUG - < X-Amz-Cf-Pop: ICN54-C1
2023-03-26 10:18:03,400 - DEBUG - < X-Amz-Cf-Id: nYGD3c9En4G0zpQXgdTPtfvZxoBWpyD-igDRkncL49GV36NZ6u8xqA==
2023-03-26 10:18:03,407 - DEBUG - = connection is OPEN
2023-03-26 10:18:03,454 - DEBUG - > TEXT '[2, "8152d138-d2c8-40bc-9f2e-5d74cdd04ba7", "Bo...umber": "EVSCA070007"}]' [169 bytes]
2023-03-26 10:18:03,833 - DEBUG - < TEXT '[3, "8152d138-d2c8-40bc-9f2e-5d74cdd04ba7", {"s...03Z", "interval": 300}]' [123 bytes]
2023-03-26 10:18:03,850 - DEBUG - > TEXT '[2, "8152d138-d2c8-40bc-9f2e-5d74cdd04ba7", "St..."status": "Available"}]' [132 bytes]
2023-03-26 10:18:04,033 - DEBUG - < TEXT '[3, "8152d138-d2c8-40bc-9f2e-5d74cdd04ba7", {}]' [47 bytes]
2023-03-26 10:18:04,071 - DEBUG - > TEXT '[2, "8152d138-d2c8-40bc-9f2e-5d74cdd04ba7", "Au...": "1031040000069641"}]' [87 bytes]
2023-03-26 10:18:05,153 - DEBUG - < TEXT '[3, "8152d138-d2c8-40bc-9f2e-5d74cdd04ba7", {"i..."status": "Accepted"}}]' [82 bytes]
2023-03-26 10:18:05,169 - DEBUG - > TEXT '[2, "f1f47fe7-24af-4df4-b4a2-c05c8f60cc3f", "St..."2023-03-26T10:17:47"}]' [169 bytes]
2023-03-26 10:18:06,153 - DEBUG - < TEXT '[3, "f1f47fe7-24af-4df4-b4a2-c05c8f60cc3f", {"t..."status": "Accepted"}}]' [110 bytes]
2023-03-26 10:18:06,221 - DEBUG - > TEXT '[2, "b560dca4-9eef-420b-92bb-095638c1a630", "St... "status": "Charging"}]' [131 bytes]
2023-03-26 10:18:06,494 - DEBUG - < TEXT '[3, "b560dca4-9eef-420b-92bb-095638c1a630", {}]' [47 bytes]
2023-03-26 10:18:06,560 - DEBUG - > TEXT '[2, "de7d962d-fcfe-4217-a714-e1d376483868", "Me...er", "unit": "Wh"}]}]}]' [258 bytes]
2023-03-26 10:18:07,011 - DEBUG - < TEXT '[3, "de7d962d-fcfe-4217-a714-e1d376483868", {}]' [47 bytes]
2023-03-26 10:18:07,051 - DEBUG - > TEXT '[2, "94cc2ee6-a780-40be-82ef-4881be8a8692", "St...sactionId": 120533436}]' [148 bytes]
2023-03-26 10:18:07,435 - DEBUG - < TEXT '[3, "94cc2ee6-a780-40be-82ef-4881be8a8692", {"i..."status": "Accepted"}}]' [82 bytes]
2023-03-26 10:18:07,503 - DEBUG - > TEXT '[2, "8820e59f-1562-4b4b-aff1-28efdc8570f6", "St..."status": "Finishing"}]' [132 bytes]
2023-03-26 10:18:07,693 - DEBUG - < TEXT '[3, "8820e59f-1562-4b4b-aff1-28efdc8570f6", {}]' [47 bytes]
2023-03-26 10:18:07,746 - DEBUG - > TEXT '[2, "7fee18d9-832a-48f5-abe8-ebe16d8e5ec2", "St..."status": "Available"}]' [132 bytes]
2023-03-26 10:18:07,952 - DEBUG - < TEXT '[3, "7fee18d9-832a-48f5-abe8-ebe16d8e5ec2", {}]' [47 bytes]
2023-03-26 10:18:08,000 - DEBUG - = connection is CLOSING
2023-03-26 10:18:08,000 - DEBUG - > CLOSE 1000 (OK) [2 bytes]
2023-03-26 10:18:08,009 - DEBUG - < CLOSE 1000 (OK) [2 bytes]
2023-03-26 10:18:08,017 - DEBUG - = connection is CLOSED
2023-03-26 10:18:08,019 - DEBUG - x closing TCP connection
2023-03-26 12:04:17,554 - DEBUG - = connection is CONNECTING
2023-03-26 12:04:17,603 - DEBUG - > GET /ocpp16/ELA007C01/EVSCA070007 HTTP/1.1
2023-03-26 12:04:17,603 - DEBUG - > Host: ws.devevspcharger.uplus.co.kr
2023-03-26 12:04:17,603 - DEBUG - > Upgrade: websocket
2023-03-26 12:04:17,603 - DEBUG - > Connection: Upgrade
2023-03-26 12:04:17,603 - DEBUG - > Sec-WebSocket-Key: NQ2QAi6UuhBU0bMAvVfc6A==
2023-03-26 12:04:17,604 - DEBUG - > Sec-WebSocket-Version: 13
2023-03-26 12:04:17,604 - DEBUG - > Sec-WebSocket-Extensions: permessage-deflate; client_max_window_bits
2023-03-26 12:04:17,604 - DEBUG - > Sec-WebSocket-Protocol: ocpp1.6
2023-03-26 12:04:17,604 - DEBUG - > Authorization: Basic RVZBUjpFVkFSTEdV
2023-03-26 12:04:17,604 - DEBUG - > User-Agent: Python/3.10 websockets/10.4
2023-03-26 12:04:18,908 - DEBUG - < HTTP/1.1 101 Switching Protocols
2023-03-26 12:04:18,909 - DEBUG - < Connection: upgrade
2023-03-26 12:04:18,909 - DEBUG - < Date: Sun, 26 Mar 2023 03:04:18 GMT
2023-03-26 12:04:18,909 - DEBUG - < sec-websocket-protocol: ocpp1.6
2023-03-26 12:04:18,910 - DEBUG - < upgrade: websocket
2023-03-26 12:04:18,910 - DEBUG - < sec-websocket-accept: 0H3X6nY3N3ey+nY+IPODi//ZKfg=
2023-03-26 12:04:18,910 - DEBUG - < sec-websocket-extensions: permessage-deflate
2023-03-26 12:04:18,910 - DEBUG - < X-Cache: Miss from cloudfront
2023-03-26 12:04:18,910 - DEBUG - < Via: 1.1 1c2dddf38b53f960ce106f4047c232e4.cloudfront.net (CloudFront)
2023-03-26 12:04:18,911 - DEBUG - < X-Amz-Cf-Pop: ICN57-P2
2023-03-26 12:04:18,911 - DEBUG - < X-Amz-Cf-Id: X0KjKFrVBMAOY2ZY_K68gJhL-utbGceUVCXXPWvtx2-MOp-zmwCeJg==
2023-03-26 12:04:18,911 - DEBUG - = connection is OPEN
2023-03-26 12:04:18,945 - DEBUG - > TEXT '[2, "09c36204-ecca-44a2-9c4f-205cb3b7b5ba", "Bo...umber": "EVSCA070007"}]' [169 bytes]
2023-03-26 12:04:19,346 - DEBUG - < TEXT '[3, "09c36204-ecca-44a2-9c4f-205cb3b7b5ba", {"s...18Z", "interval": 300}]' [123 bytes]
2023-03-26 12:04:19,366 - DEBUG - > TEXT '[2, "09c36204-ecca-44a2-9c4f-205cb3b7b5ba", "St..."status": "Available"}]' [132 bytes]
2023-03-26 12:04:19,549 - DEBUG - < TEXT '[3, "09c36204-ecca-44a2-9c4f-205cb3b7b5ba", {}]' [47 bytes]
2023-03-26 12:04:19,585 - DEBUG - > TEXT '[2, "09c36204-ecca-44a2-9c4f-205cb3b7b5ba", "Au...": "1031040000069641"}]' [87 bytes]
2023-03-26 12:04:19,889 - DEBUG - < TEXT '[3, "09c36204-ecca-44a2-9c4f-205cb3b7b5ba", {"i..."status": "Accepted"}}]' [82 bytes]
2023-03-26 12:04:19,909 - DEBUG - > TEXT '[2, "28808e1f-a96b-4ae0-94a3-79d5c05bedad", "St..."2023-03-26T12:04:13"}]' [169 bytes]
2023-03-26 12:04:20,956 - DEBUG - < TEXT '[3, "28808e1f-a96b-4ae0-94a3-79d5c05bedad", {"t..."status": "Accepted"}}]' [110 bytes]
2023-03-26 12:04:21,020 - DEBUG - > TEXT '[2, "1abb83d0-c1ed-47a8-9e4b-df5d1688c763", "St... "status": "Charging"}]' [131 bytes]
2023-03-26 12:04:21,207 - DEBUG - < TEXT '[3, "1abb83d0-c1ed-47a8-9e4b-df5d1688c763", {}]' [47 bytes]
2023-03-26 12:04:21,242 - DEBUG - > TEXT '[2, "7a900983-f939-4181-a66e-1b7710d2b702", "Me...er", "unit": "Wh"}]}]}]' [258 bytes]
2023-03-26 12:04:21,488 - DEBUG - < TEXT '[3, "7a900983-f939-4181-a66e-1b7710d2b702", {}]' [47 bytes]
2023-03-26 12:04:21,532 - DEBUG - > TEXT '[2, "a1b78b10-8810-4e6d-9147-0892982b06de", "St...sactionId": 120533437}]' [148 bytes]
2023-03-26 12:04:21,868 - DEBUG - < TEXT '[3, "a1b78b10-8810-4e6d-9147-0892982b06de", {"i..."status": "Accepted"}}]' [82 bytes]
2023-03-26 12:04:21,915 - DEBUG - > TEXT '[2, "51c02fe1-3a72-4a73-ab40-0ccde36c54f3", "St..."status": "Finishing"}]' [132 bytes]
2023-03-26 12:04:22,087 - DEBUG - < TEXT '[3, "51c02fe1-3a72-4a73-ab40-0ccde36c54f3", {}]' [47 bytes]
2023-03-26 12:04:22,133 - DEBUG - > TEXT '[2, "152682b9-b74b-4b4e-bcda-833248fdf052", "St..."status": "Available"}]' [132 bytes]
2023-03-26 12:04:22,308 - DEBUG - < TEXT '[3, "152682b9-b74b-4b4e-bcda-833248fdf052", {}]' [47 bytes]
2023-03-26 12:04:22,368 - DEBUG - = connection is CLOSING
2023-03-26 12:04:22,368 - DEBUG - > CLOSE 1000 (OK) [2 bytes]
2023-03-26 12:04:22,378 - DEBUG - < CLOSE 1000 (OK) [2 bytes]
2023-03-26 12:04:22,380 - DEBUG - = connection is CLOSED
2023-03-26 12:04:22,382 - DEBUG - x closing TCP connection
2023-03-26 12:09:59,554 - DEBUG - = connection is CONNECTING
2023-03-26 12:09:59,603 - DEBUG - > GET /ocpp16/ELA007C01/EVSCA070007 HTTP/1.1
2023-03-26 12:09:59,604 - DEBUG - > Host: ws.devevspcharger.uplus.co.kr
2023-03-26 12:09:59,604 - DEBUG - > Upgrade: websocket
2023-03-26 12:09:59,604 - DEBUG - > Connection: Upgrade
2023-03-26 12:09:59,604 - DEBUG - > Sec-WebSocket-Key: rUTSoL2XA7EWpBrXq0WWUg==
2023-03-26 12:09:59,604 - DEBUG - > Sec-WebSocket-Version: 13
2023-03-26 12:09:59,604 - DEBUG - > Sec-WebSocket-Extensions: permessage-deflate; client_max_window_bits
2023-03-26 12:09:59,605 - DEBUG - > Sec-WebSocket-Protocol: ocpp1.6
2023-03-26 12:09:59,605 - DEBUG - > Authorization: Basic RVZBUjpFVkFSTEdV
2023-03-26 12:09:59,605 - DEBUG - > User-Agent: Python/3.10 websockets/10.4
2023-03-26 12:10:00,961 - DEBUG - < HTTP/1.1 101 Switching Protocols
2023-03-26 12:10:00,962 - DEBUG - < Connection: upgrade
2023-03-26 12:10:00,962 - DEBUG - < Date: Sun, 26 Mar 2023 03:10:00 GMT
2023-03-26 12:10:00,963 - DEBUG - < sec-websocket-protocol: ocpp1.6
2023-03-26 12:10:00,963 - DEBUG - < upgrade: websocket
2023-03-26 12:10:00,964 - DEBUG - < sec-websocket-accept: CFtLQv2+VcKlFvA/SO9UsW3QgTw=
2023-03-26 12:10:00,964 - DEBUG - < sec-websocket-extensions: permessage-deflate
2023-03-26 12:10:00,965 - DEBUG - < X-Cache: Miss from cloudfront
2023-03-26 12:10:00,965 - DEBUG - < Via: 1.1 fbb22360028e181171037fd6d6a9e41c.cloudfront.net (CloudFront)
2023-03-26 12:10:00,965 - DEBUG - < X-Amz-Cf-Pop: ICN54-C1
2023-03-26 12:10:00,966 - DEBUG - < X-Amz-Cf-Id: 7PfRuURsdGY8yWVEij1tkxaXzCBpZslzZtGUAGd9kRCyUNYDLUe1wA==
2023-03-26 12:10:00,967 - DEBUG - = connection is OPEN
2023-03-26 12:10:00,996 - DEBUG - > TEXT '[2, "76ca1952-bdba-480d-ac04-6bcdb2c2fd4a", "Bo...umber": "EVSCA070007"}]' [169 bytes]
2023-03-26 12:10:01,386 - DEBUG - < TEXT '[3, "76ca1952-bdba-480d-ac04-6bcdb2c2fd4a", {"s...00Z", "interval": 300}]' [123 bytes]
2023-03-26 12:10:01,401 - DEBUG - > TEXT '[2, "76ca1952-bdba-480d-ac04-6bcdb2c2fd4a", "St..."status": "Available"}]' [132 bytes]
2023-03-26 12:10:01,586 - DEBUG - < TEXT '[3, "76ca1952-bdba-480d-ac04-6bcdb2c2fd4a", {}]' [47 bytes]
2023-03-26 12:10:01,624 - DEBUG - > TEXT '[2, "76ca1952-bdba-480d-ac04-6bcdb2c2fd4a", "Au...": "1031040000069641"}]' [87 bytes]
2023-03-26 12:10:01,908 - DEBUG - < TEXT '[3, "76ca1952-bdba-480d-ac04-6bcdb2c2fd4a", {"i..."status": "Accepted"}}]' [82 bytes]
2023-03-26 12:10:01,949 - DEBUG - = connection is CLOSING
2023-03-26 12:10:01,950 - DEBUG - > CLOSE 1000 (OK) [2 bytes]
2023-03-26 12:10:01,958 - DEBUG - < CLOSE 1000 (OK) [2 bytes]
2023-03-26 12:10:01,961 - DEBUG - = connection is CLOSED
2023-03-26 12:10:01,964 - DEBUG - x closing TCP connection
2023-03-26 13:22:29,047 - DEBUG - = connection is CONNECTING
2023-03-26 13:22:29,096 - DEBUG - > GET /ocpp16/ELA007C01/EVSCA070007 HTTP/1.1
2023-03-26 13:22:29,096 - DEBUG - > Host: ws.devevspcharger.uplus.co.kr
2023-03-26 13:22:29,096 - DEBUG - > Upgrade: websocket
2023-03-26 13:22:29,096 - DEBUG - > Connection: Upgrade
2023-03-26 13:22:29,096 - DEBUG - > Sec-WebSocket-Key: LATvJh6o+VjR2EWIMsqxsA==
2023-03-26 13:22:29,096 - DEBUG - > Sec-WebSocket-Version: 13
2023-03-26 13:22:29,097 - DEBUG - > Sec-WebSocket-Extensions: permessage-deflate; client_max_window_bits
2023-03-26 13:22:29,097 - DEBUG - > Sec-WebSocket-Protocol: ocpp1.6
2023-03-26 13:22:29,097 - DEBUG - > Authorization: Basic RVZBUjpFVkFSTEdV
2023-03-26 13:22:29,097 - DEBUG - > User-Agent: Python/3.10 websockets/10.4
2023-03-26 13:22:30,413 - DEBUG - < HTTP/1.1 101 Switching Protocols
2023-03-26 13:22:30,414 - DEBUG - < Connection: upgrade
2023-03-26 13:22:30,414 - DEBUG - < Date: Sun, 26 Mar 2023 04:22:30 GMT
2023-03-26 13:22:30,414 - DEBUG - < sec-websocket-protocol: ocpp1.6
2023-03-26 13:22:30,414 - DEBUG - < upgrade: websocket
2023-03-26 13:22:30,415 - DEBUG - < sec-websocket-accept: PqqtVt2iIS6SSsUrk6tM1g4xRpY=
2023-03-26 13:22:30,415 - DEBUG - < sec-websocket-extensions: permessage-deflate
2023-03-26 13:22:30,415 - DEBUG - < X-Cache: Miss from cloudfront
2023-03-26 13:22:30,415 - DEBUG - < Via: 1.1 552df32c91dfdb5fe974f3002e2d7f26.cloudfront.net (CloudFront)
2023-03-26 13:22:30,416 - DEBUG - < X-Amz-Cf-Pop: ICN54-C1
2023-03-26 13:22:30,416 - DEBUG - < X-Amz-Cf-Id: FL6PSr0VGeoTxktrl-XjN1huVQ_TxRJfrmB4j2H9vhQj2ZsPsiK0XQ==
2023-03-26 13:22:30,417 - DEBUG - = connection is OPEN
2023-03-26 13:22:30,441 - ERROR - Task exception was never retrieved
future: <Task finished name='Task-2' coro=<ChargerSim.startEvent() done, defined at C:\workspace\websocket\wss\main.py:116> exception=AttributeError("'Charger' object has no attribute 'checkSchema'")>
Traceback (most recent call last):
  File "C:\workspace\websocket\wss\main.py", line 136, in startEvent
    await self.charger.runcase(self.TC_selected if len(self.TC_selected.keys())>0 else self.TC)
  File "C:\workspace\websocket\wss\Charger.py", line 373, in runcase
    schema_check = self.checkSchema(f"{c[0]}", doc[3])
AttributeError: 'Charger' object has no attribute 'checkSchema'
2023-03-26 13:22:50,414 - DEBUG - % sending keepalive ping
2023-03-26 13:22:50,415 - DEBUG - > PING f7 b6 0f 9d [binary, 4 bytes]
2023-03-26 13:22:50,436 - DEBUG - < PONG f7 b6 0f 9d [binary, 4 bytes]
2023-03-26 13:22:50,445 - DEBUG - % received keepalive pong
2023-03-26 13:23:30,399 - DEBUG - = connection is CONNECTING
2023-03-26 13:23:30,446 - DEBUG - > GET /ocpp16/ELA007C01/EVSCA070007 HTTP/1.1
2023-03-26 13:23:30,446 - DEBUG - > Host: ws.devevspcharger.uplus.co.kr
2023-03-26 13:23:30,447 - DEBUG - > Upgrade: websocket
2023-03-26 13:23:30,447 - DEBUG - > Connection: Upgrade
2023-03-26 13:23:30,447 - DEBUG - > Sec-WebSocket-Key: IWtX9MPnTs145NF5D2e40g==
2023-03-26 13:23:30,447 - DEBUG - > Sec-WebSocket-Version: 13
2023-03-26 13:23:30,447 - DEBUG - > Sec-WebSocket-Extensions: permessage-deflate; client_max_window_bits
2023-03-26 13:23:30,447 - DEBUG - > Sec-WebSocket-Protocol: ocpp1.6
2023-03-26 13:23:30,447 - DEBUG - > Authorization: Basic RVZBUjpFVkFSTEdV
2023-03-26 13:23:30,447 - DEBUG - > User-Agent: Python/3.10 websockets/10.4
2023-03-26 13:23:30,854 - DEBUG - < HTTP/1.1 101 Switching Protocols
2023-03-26 13:23:30,855 - DEBUG - < Connection: upgrade
2023-03-26 13:23:30,855 - DEBUG - < Date: Sun, 26 Mar 2023 04:23:30 GMT
2023-03-26 13:23:30,855 - DEBUG - < sec-websocket-protocol: ocpp1.6
2023-03-26 13:23:30,856 - DEBUG - < upgrade: websocket
2023-03-26 13:23:30,856 - DEBUG - < sec-websocket-accept: 9KRe2ahletqdFWSzdKSyaSvXNA0=
2023-03-26 13:23:30,856 - DEBUG - < sec-websocket-extensions: permessage-deflate
2023-03-26 13:23:30,857 - DEBUG - < X-Cache: Miss from cloudfront
2023-03-26 13:23:30,857 - DEBUG - < Via: 1.1 c6ed8cd25e4ec3b0d1a9c72155758a62.cloudfront.net (CloudFront)
2023-03-26 13:23:30,858 - DEBUG - < X-Amz-Cf-Pop: ICN57-P2
2023-03-26 13:23:30,858 - DEBUG - < X-Amz-Cf-Id: PEJLE4gIZY3I1qsCElBvaEt3f65o5elPvfMa2oR7IYyepoV4H8Bkpg==
2023-03-26 13:23:30,858 - DEBUG - = connection is OPEN
2023-03-26 13:23:30,869 - ERROR - Task exception was never retrieved
future: <Task finished name='Task-2' coro=<ChargerSim.startEvent() done, defined at C:\workspace\websocket\wss\main.py:116> exception=AttributeError("'Charger' object has no attribute 'checkSchema'")>
Traceback (most recent call last):
  File "C:\workspace\websocket\wss\main.py", line 136, in startEvent
    await self.charger.runcase(self.TC_selected if len(self.TC_selected.keys())>0 else self.TC)
  File "C:\workspace\websocket\wss\Charger.py", line 373, in runcase
    schema_check = self.checkSchema(f"{c[0]}", doc[3])
AttributeError: 'Charger' object has no attribute 'checkSchema'
2023-03-26 13:23:50,861 - DEBUG - % sending keepalive ping
2023-03-26 13:23:50,861 - DEBUG - > PING ':*be' [text, 4 bytes]
2023-03-26 13:23:50,872 - DEBUG - < PONG ':*be' [text, 4 bytes]
2023-03-26 13:23:50,875 - DEBUG - % received keepalive pong
2023-03-26 13:24:10,885 - DEBUG - % sending keepalive ping
2023-03-26 13:24:10,890 - DEBUG - > PING 36 a3 d0 b2 [binary, 4 bytes]
2023-03-26 13:24:10,901 - DEBUG - < PONG 36 a3 d0 b2 [binary, 4 bytes]
2023-03-26 13:24:10,904 - DEBUG - % received keepalive pong
2023-03-26 13:24:30,885 - DEBUG - % sending keepalive ping
2023-03-26 13:24:30,886 - DEBUG - > PING c7 04 c4 83 [binary, 4 bytes]
2023-03-26 13:24:30,901 - DEBUG - < PONG c7 04 c4 83 [binary, 4 bytes]
2023-03-26 13:24:30,907 - DEBUG - % received keepalive pong
2023-03-26 13:24:50,910 - DEBUG - % sending keepalive ping
2023-03-26 13:24:50,911 - DEBUG - > PING bd 38 16 a4 [binary, 4 bytes]
2023-03-26 13:24:50,924 - DEBUG - < PONG bd 38 16 a4 [binary, 4 bytes]
2023-03-26 13:24:50,932 - DEBUG - % received keepalive pong
2023-03-26 13:25:10,907 - DEBUG - % sending keepalive ping
2023-03-26 13:25:10,908 - DEBUG - > PING 74 7f 04 ba [binary, 4 bytes]
2023-03-26 13:25:10,918 - DEBUG - < PONG 74 7f 04 ba [binary, 4 bytes]
2023-03-26 13:25:10,922 - DEBUG - % received keepalive pong
2023-03-26 13:25:30,915 - DEBUG - % sending keepalive ping
2023-03-26 13:25:30,916 - DEBUG - > PING 41 5a 39 81 [binary, 4 bytes]
2023-03-26 13:25:30,929 - DEBUG - < PONG 41 5a 39 81 [binary, 4 bytes]
2023-03-26 13:25:30,935 - DEBUG - % received keepalive pong
2023-03-26 13:25:50,914 - DEBUG - % sending keepalive ping
2023-03-26 13:25:50,914 - DEBUG - > PING 4f fa cc 5e [binary, 4 bytes]
2023-03-26 13:25:50,925 - DEBUG - < PONG 4f fa cc 5e [binary, 4 bytes]
2023-03-26 13:25:50,932 - DEBUG - % received keepalive pong
2023-03-26 13:25:56,134 - DEBUG - = connection is CONNECTING
2023-03-26 13:25:56,185 - DEBUG - > GET /ocpp16/ELA007C01/EVSCA070007 HTTP/1.1
2023-03-26 13:25:56,186 - DEBUG - > Host: ws.devevspcharger.uplus.co.kr
2023-03-26 13:25:56,186 - DEBUG - > Upgrade: websocket
2023-03-26 13:25:56,186 - DEBUG - > Connection: Upgrade
2023-03-26 13:25:56,186 - DEBUG - > Sec-WebSocket-Key: hbzCyzZl1sqUezNCCcrFtA==
2023-03-26 13:25:56,186 - DEBUG - > Sec-WebSocket-Version: 13
2023-03-26 13:25:56,186 - DEBUG - > Sec-WebSocket-Extensions: permessage-deflate; client_max_window_bits
2023-03-26 13:25:56,186 - DEBUG - > Sec-WebSocket-Protocol: ocpp1.6
2023-03-26 13:25:56,186 - DEBUG - > Authorization: Basic RVZBUjpFVkFSTEdV
2023-03-26 13:25:56,186 - DEBUG - > User-Agent: Python/3.10 websockets/10.4
2023-03-26 13:25:56,652 - DEBUG - < HTTP/1.1 101 Switching Protocols
2023-03-26 13:25:56,653 - DEBUG - < Connection: upgrade
2023-03-26 13:25:56,653 - DEBUG - < Date: Sun, 26 Mar 2023 04:25:56 GMT
2023-03-26 13:25:56,654 - DEBUG - < sec-websocket-protocol: ocpp1.6
2023-03-26 13:25:56,654 - DEBUG - < upgrade: websocket
2023-03-26 13:25:56,654 - DEBUG - < sec-websocket-accept: rVZN7NpHbelTvCX7OOGHUI6zs2s=
2023-03-26 13:25:56,655 - DEBUG - < sec-websocket-extensions: permessage-deflate
2023-03-26 13:25:56,655 - DEBUG - < X-Cache: Miss from cloudfront
2023-03-26 13:25:56,656 - DEBUG - < Via: 1.1 fa5b7f0b1074f46400de8156956e7da8.cloudfront.net (CloudFront)
2023-03-26 13:25:56,656 - DEBUG - < X-Amz-Cf-Pop: ICN54-C1
2023-03-26 13:25:56,657 - DEBUG - < X-Amz-Cf-Id: yCE1xs2k385DjWtc0PCNUDd2iK424t6o4g9-pMOtFvcCojtCgnGLdg==
2023-03-26 13:25:56,657 - DEBUG - = connection is OPEN
2023-03-26 13:25:56,699 - DEBUG - > TEXT '[2, "a97b25f9-0419-4d65-8865-c55db278627a", "Bo...umber": "EVSCA070007"}]' [169 bytes]
2023-03-26 13:25:57,083 - DEBUG - < TEXT '[3, "a97b25f9-0419-4d65-8865-c55db278627a", {"s...56Z", "interval": 300}]' [123 bytes]
2023-03-26 13:25:57,103 - DEBUG - > TEXT '[2, "a97b25f9-0419-4d65-8865-c55db278627a", "St..."status": "Available"}]' [132 bytes]
2023-03-26 13:25:57,323 - DEBUG - < TEXT '[3, "a97b25f9-0419-4d65-8865-c55db278627a", {}]' [47 bytes]
2023-03-26 13:25:57,357 - DEBUG - > TEXT '[2, "a97b25f9-0419-4d65-8865-c55db278627a", "Au...": "1031040000069641"}]' [87 bytes]
2023-03-26 13:25:57,644 - DEBUG - < TEXT '[3, "a97b25f9-0419-4d65-8865-c55db278627a", {"i..."status": "Accepted"}}]' [82 bytes]
2023-03-26 13:25:57,659 - DEBUG - = connection is CLOSING
2023-03-26 13:25:57,659 - DEBUG - > CLOSE 1000 (OK) [2 bytes]
2023-03-26 13:25:57,667 - DEBUG - < CLOSE 1000 (OK) [2 bytes]
2023-03-26 13:25:57,669 - DEBUG - = connection is CLOSED
2023-03-26 13:25:57,671 - DEBUG - x closing TCP connection
2023-03-26 13:36:42,408 - DEBUG - = connection is CONNECTING
2023-03-26 13:36:42,463 - DEBUG - > GET /ocpp16/ELA007C01/EVSCA070007 HTTP/1.1
2023-03-26 13:36:42,463 - DEBUG - > Host: ws.devevspcharger.uplus.co.kr
2023-03-26 13:36:42,463 - DEBUG - > Upgrade: websocket
2023-03-26 13:36:42,463 - DEBUG - > Connection: Upgrade
2023-03-26 13:36:42,463 - DEBUG - > Sec-WebSocket-Key: 7IdF5YaviICVKn3wohIMSQ==
2023-03-26 13:36:42,463 - DEBUG - > Sec-WebSocket-Version: 13
2023-03-26 13:36:42,463 - DEBUG - > Sec-WebSocket-Extensions: permessage-deflate; client_max_window_bits
2023-03-26 13:36:42,464 - DEBUG - > Sec-WebSocket-Protocol: ocpp1.6
2023-03-26 13:36:42,464 - DEBUG - > Authorization: Basic RVZBUjpFVkFSTEdV
2023-03-26 13:36:42,464 - DEBUG - > User-Agent: Python/3.10 websockets/10.4
2023-03-26 13:36:43,693 - DEBUG - < HTTP/1.1 101 Switching Protocols
2023-03-26 13:36:43,693 - DEBUG - < Connection: upgrade
2023-03-26 13:36:43,694 - DEBUG - < Date: Sun, 26 Mar 2023 04:36:43 GMT
2023-03-26 13:36:43,694 - DEBUG - < sec-websocket-protocol: ocpp1.6
2023-03-26 13:36:43,695 - DEBUG - < upgrade: websocket
2023-03-26 13:36:43,695 - DEBUG - < sec-websocket-accept: 11gyPBuH13nIcbHCfiET3rA0lh0=
2023-03-26 13:36:43,695 - DEBUG - < sec-websocket-extensions: permessage-deflate
2023-03-26 13:36:43,696 - DEBUG - < X-Cache: Miss from cloudfront
2023-03-26 13:36:43,696 - DEBUG - < Via: 1.1 552df32c91dfdb5fe974f3002e2d7f26.cloudfront.net (CloudFront)
2023-03-26 13:36:43,696 - DEBUG - < X-Amz-Cf-Pop: ICN54-C1
2023-03-26 13:36:43,697 - DEBUG - < X-Amz-Cf-Id: rpvSKXFZpRgi7dw-IQ4az0m70AOB6DWF831ljEpRvjHCt44T-SscFQ==
2023-03-26 13:36:43,698 - DEBUG - = connection is OPEN
2023-03-26 13:36:43,726 - DEBUG - > TEXT '[2, "743d5872-d928-44f5-8ca8-f4a8a1baa5f0", "Bo...umber": "EVSCA070007"}]' [169 bytes]
2023-03-26 13:36:43,963 - DEBUG - < TEXT '[3, "743d5872-d928-44f5-8ca8-f4a8a1baa5f0", {"s...43Z", "interval": 300}]' [123 bytes]
2023-03-26 13:36:43,981 - DEBUG - > TEXT '[2, "743d5872-d928-44f5-8ca8-f4a8a1baa5f0", "St..."status": "Available"}]' [132 bytes]
2023-03-26 13:36:44,173 - DEBUG - < TEXT '[3, "743d5872-d928-44f5-8ca8-f4a8a1baa5f0", {}]' [47 bytes]
2023-03-26 13:36:44,196 - DEBUG - > TEXT '[2, "743d5872-d928-44f5-8ca8-f4a8a1baa5f0", "Au...": "1031040000069641"}]' [87 bytes]
2023-03-26 13:36:44,469 - DEBUG - < TEXT '[3, "743d5872-d928-44f5-8ca8-f4a8a1baa5f0", {"i..."status": "Accepted"}}]' [82 bytes]
2023-03-26 13:36:44,497 - DEBUG - = connection is CLOSING
2023-03-26 13:36:44,497 - DEBUG - > CLOSE 1000 (OK) [2 bytes]
2023-03-26 13:36:44,504 - DEBUG - < CLOSE 1000 (OK) [2 bytes]
2023-03-26 13:36:44,506 - DEBUG - = connection is CLOSED
2023-03-26 13:36:44,509 - DEBUG - x closing TCP connection
2023-03-26 13:40:01,648 - DEBUG - = connection is CONNECTING
2023-03-26 13:40:01,703 - DEBUG - > GET /ocpp16/ELA007C01/EVSCA070007 HTTP/1.1
2023-03-26 13:40:01,703 - DEBUG - > Host: ws.devevspcharger.uplus.co.kr
2023-03-26 13:40:01,703 - DEBUG - > Upgrade: websocket
2023-03-26 13:40:01,703 - DEBUG - > Connection: Upgrade
2023-03-26 13:40:01,703 - DEBUG - > Sec-WebSocket-Key: rTPpJ4ijM/qB6m0f53DTTg==
2023-03-26 13:40:01,703 - DEBUG - > Sec-WebSocket-Version: 13
2023-03-26 13:40:01,703 - DEBUG - > Sec-WebSocket-Extensions: permessage-deflate; client_max_window_bits
2023-03-26 13:40:01,703 - DEBUG - > Sec-WebSocket-Protocol: ocpp1.6
2023-03-26 13:40:01,703 - DEBUG - > Authorization: Basic RVZBUjpFVkFSTEdV
2023-03-26 13:40:01,703 - DEBUG - > User-Agent: Python/3.10 websockets/10.4
2023-03-26 13:40:02,271 - DEBUG - < HTTP/1.1 101 Switching Protocols
2023-03-26 13:40:02,272 - DEBUG - < Connection: upgrade
2023-03-26 13:40:02,272 - DEBUG - < Date: Sun, 26 Mar 2023 04:40:01 GMT
2023-03-26 13:40:02,273 - DEBUG - < sec-websocket-protocol: ocpp1.6
2023-03-26 13:40:02,273 - DEBUG - < upgrade: websocket
2023-03-26 13:40:02,273 - DEBUG - < sec-websocket-accept: KqfkIcZEGp0HEdu2HDN1ss+fsSI=
2023-03-26 13:40:02,274 - DEBUG - < sec-websocket-extensions: permessage-deflate
2023-03-26 13:40:02,274 - DEBUG - < X-Cache: Miss from cloudfront
2023-03-26 13:40:02,275 - DEBUG - < Via: 1.1 3191831ae41fb8010dc82317a4824110.cloudfront.net (CloudFront)
2023-03-26 13:40:02,275 - DEBUG - < X-Amz-Cf-Pop: ICN54-C1
2023-03-26 13:40:02,276 - DEBUG - < X-Amz-Cf-Id: n7v_lzdlbi3vy-ODupUq2HBwcEG9PwWfwNORu-X_bzrx92iPi-Qn1w==
2023-03-26 13:40:02,277 - DEBUG - = connection is OPEN
2023-03-26 13:40:02,307 - DEBUG - > TEXT '[2, "bde3d7bf-e87f-4ad6-b727-8e60be172b6e", "Bo...umber": "EVSCA070007"}]' [169 bytes]
2023-03-26 13:40:02,730 - DEBUG - < TEXT '[3, "bde3d7bf-e87f-4ad6-b727-8e60be172b6e", {"s...02Z", "interval": 300}]' [123 bytes]
2023-03-26 13:40:02,748 - DEBUG - > TEXT '[2, "bde3d7bf-e87f-4ad6-b727-8e60be172b6e", "St..."status": "Available"}]' [132 bytes]
2023-03-26 13:40:02,930 - DEBUG - < TEXT '[3, "bde3d7bf-e87f-4ad6-b727-8e60be172b6e", {}]' [47 bytes]
2023-03-26 13:40:02,947 - DEBUG - > TEXT '[2, "bde3d7bf-e87f-4ad6-b727-8e60be172b6e", "Au...": "1031040000069641"}]' [87 bytes]
2023-03-26 13:40:04,113 - DEBUG - < TEXT '[3, "bde3d7bf-e87f-4ad6-b727-8e60be172b6e", {"i..."status": "Accepted"}}]' [82 bytes]
2023-03-26 13:40:04,134 - DEBUG - > TEXT '[2, "673c18fe-46a9-4036-8ae4-219c859e3594", "St..."2023-03-26T13:39:55"}]' [169 bytes]
2023-03-26 13:40:04,529 - DEBUG - < TEXT '[3, "673c18fe-46a9-4036-8ae4-219c859e3594", {"t..."status": "Accepted"}}]' [110 bytes]
2023-03-26 13:40:04,571 - DEBUG - > TEXT '[2, "98f4e153-2683-462e-92b8-bf2bce3e09c3", "St... "status": "Charging"}]' [131 bytes]
2023-03-26 13:40:04,748 - DEBUG - < TEXT '[3, "98f4e153-2683-462e-92b8-bf2bce3e09c3", {}]' [47 bytes]
2023-03-26 13:40:04,785 - DEBUG - > TEXT '[2, "e6c67d66-b707-4be1-9a63-a935ec8f90f8", "Me...er", "unit": "Wh"}]}]}]' [258 bytes]
2023-03-26 13:40:05,011 - DEBUG - < TEXT '[3, "e6c67d66-b707-4be1-9a63-a935ec8f90f8", {}]' [47 bytes]
2023-03-26 13:40:05,074 - DEBUG - > TEXT '[2, "6e0c72be-3696-4354-84a4-d53a71a27e8e", "St...sactionId": 120533441}]' [148 bytes]
2023-03-26 13:40:05,372 - DEBUG - < TEXT '[3, "6e0c72be-3696-4354-84a4-d53a71a27e8e", {"i..."status": "Accepted"}}]' [82 bytes]
2023-03-26 13:40:05,422 - DEBUG - > TEXT '[2, "cc9e0c06-54a3-472f-b844-06a1a21b95bc", "St..."status": "Finishing"}]' [132 bytes]
2023-03-26 13:40:05,610 - DEBUG - < TEXT '[3, "cc9e0c06-54a3-472f-b844-06a1a21b95bc", {}]' [47 bytes]
2023-03-26 13:40:05,668 - DEBUG - > TEXT '[2, "8b0c4953-4500-48b0-a8e2-0bb1c9dc2e9a", "St..."status": "Available"}]' [132 bytes]
2023-03-26 13:40:05,851 - DEBUG - < TEXT '[3, "8b0c4953-4500-48b0-a8e2-0bb1c9dc2e9a", {}]' [47 bytes]
2023-03-26 13:40:05,888 - DEBUG - = connection is CLOSING
2023-03-26 13:40:05,888 - DEBUG - > CLOSE 1000 (OK) [2 bytes]
2023-03-26 13:40:05,895 - DEBUG - < CLOSE 1000 (OK) [2 bytes]
2023-03-26 13:40:05,897 - DEBUG - = connection is CLOSED
2023-03-26 13:40:05,900 - DEBUG - x closing TCP connection
2023-03-26 21:44:16,889 - DEBUG - = connection is CONNECTING
2023-03-26 21:44:16,904 - DEBUG - > GET /ocpp16/ELA007C01/EVSCA070007 HTTP/1.1
2023-03-26 21:44:16,905 - DEBUG - > Host: ws.devevspcharger.uplus.co.kr
2023-03-26 21:44:16,905 - DEBUG - > Upgrade: websocket
2023-03-26 21:44:16,905 - DEBUG - > Connection: Upgrade
2023-03-26 21:44:16,905 - DEBUG - > Sec-WebSocket-Key: uDQf79IcY0EK46aRe146Dw==
2023-03-26 21:44:16,905 - DEBUG - > Sec-WebSocket-Version: 13
2023-03-26 21:44:16,905 - DEBUG - > Sec-WebSocket-Extensions: permessage-deflate; client_max_window_bits
2023-03-26 21:44:16,905 - DEBUG - > Sec-WebSocket-Protocol: ocpp1.6
2023-03-26 21:44:16,905 - DEBUG - > Authorization: Basic RVZBUjpFVkFSTEdV
2023-03-26 21:44:16,905 - DEBUG - > User-Agent: Python/3.11 websockets/10.4
2023-03-26 21:44:18,193 - DEBUG - < HTTP/1.1 101 Switching Protocols
2023-03-26 21:44:18,193 - DEBUG - < Connection: upgrade
2023-03-26 21:44:18,193 - DEBUG - < Date: Sun, 26 Mar 2023 12:44:13 GMT
2023-03-26 21:44:18,193 - DEBUG - < sec-websocket-protocol: ocpp1.6
2023-03-26 21:44:18,193 - DEBUG - < upgrade: websocket
2023-03-26 21:44:18,193 - DEBUG - < sec-websocket-accept: F/682mVSxn1dNe2CyUclRneIqfY=
2023-03-26 21:44:18,193 - DEBUG - < sec-websocket-extensions: permessage-deflate
2023-03-26 21:44:18,193 - DEBUG - < X-Cache: Miss from cloudfront
2023-03-26 21:44:18,193 - DEBUG - < Via: 1.1 e649e91ecb78f4d44c5fc28ed185c6e0.cloudfront.net (CloudFront)
2023-03-26 21:44:18,193 - DEBUG - < X-Amz-Cf-Pop: ICN57-P2
2023-03-26 21:44:18,193 - DEBUG - < X-Amz-Cf-Id: WVcWHeNbjQ3uAs5grYHU4nkaRNLgHcCZ_4lC3YB3-S8ELphrp89odw==
2023-03-26 21:44:18,193 - DEBUG - = connection is OPEN
2023-03-26 21:44:18,206 - DEBUG - > TEXT '[2, "27735696-0899-4967-bbd6-f734e4284398", "Bo...umber": "EVSCA070007"}]' [169 bytes]
2023-03-26 21:44:18,596 - DEBUG - < TEXT '[3, "27735696-0899-4967-bbd6-f734e4284398", {"s...13Z", "interval": 300}]' [123 bytes]
2023-03-26 21:44:18,608 - DEBUG - > TEXT '[2, "27735696-0899-4967-bbd6-f734e4284398", "St..."status": "Available"}]' [132 bytes]
2023-03-26 21:44:18,813 - DEBUG - < TEXT '[3, "27735696-0899-4967-bbd6-f734e4284398", {}]' [47 bytes]
2023-03-26 21:44:18,826 - DEBUG - > TEXT '[2, "27735696-0899-4967-bbd6-f734e4284398", "Au...": "1031040000069641"}]' [87 bytes]
2023-03-26 21:44:19,096 - DEBUG - < TEXT '[3, "27735696-0899-4967-bbd6-f734e4284398", {"i..."status": "Accepted"}}]' [82 bytes]
2023-03-26 21:44:19,110 - DEBUG - > TEXT '[2, "f85da644-e14b-4cb3-b574-b7561937bd70", "St..."2023-03-26T21:44:08"}]' [169 bytes]
2023-03-26 21:44:19,536 - DEBUG - < TEXT '[3, "f85da644-e14b-4cb3-b574-b7561937bd70", {"t..."status": "Accepted"}}]' [110 bytes]
2023-03-26 21:44:19,572 - DEBUG - > TEXT '[2, "14fbd39f-4bd2-4139-bf25-b89e26055857", "St... "status": "Charging"}]' [131 bytes]
2023-03-26 21:44:19,776 - DEBUG - < TEXT '[3, "14fbd39f-4bd2-4139-bf25-b89e26055857", {}]' [47 bytes]
2023-03-26 21:44:19,811 - DEBUG - > TEXT '[2, "0c4c7348-55b6-4389-9c79-c1555051a17d", "Me...er", "unit": "Wh"}]}]}]' [258 bytes]
2023-03-26 21:44:20,038 - DEBUG - < TEXT '[3, "0c4c7348-55b6-4389-9c79-c1555051a17d", {}]' [47 bytes]
2023-03-26 21:44:20,073 - DEBUG - > TEXT '[2, "3ec6c7c3-2179-416b-abbd-a12d672f3b23", "St...sactionId": 120533443}]' [148 bytes]
2023-03-26 21:44:20,375 - DEBUG - < TEXT '[3, "3ec6c7c3-2179-416b-abbd-a12d672f3b23", {"i..."status": "Accepted"}}]' [82 bytes]
2023-03-26 21:44:20,423 - DEBUG - > TEXT '[2, "5041a7af-d5a1-4143-901f-36ff1cf105cf", "St..."status": "Finishing"}]' [132 bytes]
2023-03-26 21:44:20,617 - DEBUG - < TEXT '[3, "5041a7af-d5a1-4143-901f-36ff1cf105cf", {}]' [47 bytes]
2023-03-26 21:44:20,661 - DEBUG - > TEXT '[2, "f55d577f-69d7-4cab-a54b-ba396ee65838", "St..."status": "Available"}]' [132 bytes]
2023-03-26 21:44:20,836 - DEBUG - < TEXT '[3, "f55d577f-69d7-4cab-a54b-ba396ee65838", {}]' [47 bytes]
2023-03-26 21:44:20,873 - DEBUG - = connection is CLOSING
2023-03-26 21:44:20,873 - DEBUG - > CLOSE 1000 (OK) [2 bytes]
2023-03-26 21:44:20,881 - DEBUG - < CLOSE 1000 (OK) [2 bytes]
2023-03-26 21:44:20,883 - DEBUG - = connection is CLOSED
2023-03-26 22:28:25,551 - ERROR - Task exception was never retrieved
future: <Task finished name='Task-2' coro=<ChargerSim.on_closing() done, defined at E:\workspace\websocket\wss\main.py:321> exception=TclError('can\'t invoke "destroy" command: application has been destroyed')>
Traceback (most recent call last):
  File "E:\workspace\websocket\wss\main.py", line 328, in on_closing
    await self.closeEvent()
  File "E:\workspace\websocket\wss\main.py", line 183, in closeEvent
    self.window.destroy()
  File "C:\Program Files\Python311\Lib\tkinter\__init__.py", line 2368, in destroy
    self.tk.call('destroy', self._w)
_tkinter.TclError: can't invoke "destroy" command: application has been destroyed
2023-03-27 09:18:16,485 - DEBUG - = connection is CONNECTING
2023-03-27 09:18:16,564 - DEBUG - > GET /ocpp16/ELA007C01/EVSCA070007 HTTP/1.1
2023-03-27 09:18:16,564 - DEBUG - > Host: ws.devevspcharger.uplus.co.kr
2023-03-27 09:18:16,564 - DEBUG - > Upgrade: websocket
2023-03-27 09:18:16,564 - DEBUG - > Connection: Upgrade
2023-03-27 09:18:16,565 - DEBUG - > Sec-WebSocket-Key: UbPkFycJBiEC2aJlk9VR4w==
2023-03-27 09:18:16,565 - DEBUG - > Sec-WebSocket-Version: 13
2023-03-27 09:18:16,565 - DEBUG - > Sec-WebSocket-Extensions: permessage-deflate; client_max_window_bits
2023-03-27 09:18:16,565 - DEBUG - > Sec-WebSocket-Protocol: ocpp1.6
2023-03-27 09:18:16,565 - DEBUG - > Authorization: Basic RVZBUjpFVkFSTEdV
2023-03-27 09:18:16,565 - DEBUG - > User-Agent: Python/3.11 websockets/10.4
2023-03-27 09:18:17,904 - DEBUG - < HTTP/1.1 101 Switching Protocols
2023-03-27 09:18:17,904 - DEBUG - < Connection: upgrade
2023-03-27 09:18:17,904 - DEBUG - < Date: Mon, 27 Mar 2023 00:18:17 GMT
2023-03-27 09:18:17,904 - DEBUG - < sec-websocket-protocol: ocpp1.6
2023-03-27 09:18:17,904 - DEBUG - < upgrade: websocket
2023-03-27 09:18:17,905 - DEBUG - < sec-websocket-accept: jhOHPxnZbd+PPNrdOtNRhrddsNw=
2023-03-27 09:18:17,905 - DEBUG - < sec-websocket-extensions: permessage-deflate
2023-03-27 09:18:17,905 - DEBUG - < X-Cache: Miss from cloudfront
2023-03-27 09:18:17,905 - DEBUG - < Via: 1.1 88978ba000ab6fbb0841a728290a8442.cloudfront.net (CloudFront)
2023-03-27 09:18:17,905 - DEBUG - < X-Amz-Cf-Pop: ICN57-P2
2023-03-27 09:18:17,905 - DEBUG - < X-Amz-Cf-Id: t12lS7jSXc4FfNJPOtg66wqexgfzE8agOx1raVvJoFtY_o2cZl4K9A==
2023-03-27 09:18:17,912 - DEBUG - = connection is OPEN
2023-03-27 09:18:18,057 - DEBUG - > TEXT '[2, "8aa42281-7230-4a31-b28d-4395cba44cb7", "Bo...umber": "EVSCA070007"}]' [169 bytes]
2023-03-27 09:18:18,438 - DEBUG - < TEXT '[3, "8aa42281-7230-4a31-b28d-4395cba44cb7", {"s...18Z", "interval": 300}]' [123 bytes]
2023-03-27 09:18:18,622 - DEBUG - Starting new HTTPS connection (1): 8b434254zg.execute-api.ap-northeast-2.amazonaws.com:443
2023-03-27 09:18:20,033 - DEBUG - https://8b434254zg.execute-api.ap-northeast-2.amazonaws.com:443 "POST /dev/ioc HTTP/1.1" 200 167
2023-03-27 09:18:20,058 - DEBUG - < TEXT '[2, "347deec4-905f-4fc9-b812-9129b57ca7de", "Ch...nId", "value": "true"}]' [122 bytes]
2023-03-27 09:18:20,070 - DEBUG - > TEXT '[3, "347deec4-905f-4fc9-b812-9129b57ca7de", {"status": "Accepted"}]' [67 bytes]
2023-03-27 09:18:20,531 - DEBUG - < TEXT '{}' [2 bytes]
2023-03-27 09:18:20,595 - DEBUG - Starting new HTTPS connection (1): 8b434254zg.execute-api.ap-northeast-2.amazonaws.com:443
2023-03-27 09:18:21,006 - DEBUG - https://8b434254zg.execute-api.ap-northeast-2.amazonaws.com:443 "POST /dev/ioc HTTP/1.1" 200 162
2023-03-27 09:18:21,032 - DEBUG - < TEXT '[2, "b7ea6979-0983-449d-8bc8-1d6019c17053", "Ch...ine", "value": "true"}]' [117 bytes]
2023-03-27 09:18:21,069 - DEBUG - > TEXT '[3, "b7ea6979-0983-449d-8bc8-1d6019c17053", {"status": "Accepted"}]' [67 bytes]
2023-03-27 09:18:21,257 - DEBUG - < TEXT '{}' [2 bytes]
2023-03-27 09:18:21,338 - DEBUG - Starting new HTTPS connection (1): 8b434254zg.execute-api.ap-northeast-2.amazonaws.com:443
2023-03-27 09:18:21,728 - DEBUG - https://8b434254zg.execute-api.ap-northeast-2.amazonaws.com:443 "POST /dev/ioc HTTP/1.1" 200 106
2023-03-27 09:18:21,752 - DEBUG - < TEXT '[2, "221c3452-08f8-439d-8c11-ed09a1e6b59a", "ClearCache", {}]' [61 bytes]
2023-03-27 09:18:21,776 - DEBUG - > TEXT '[3, "221c3452-08f8-439d-8c11-ed09a1e6b59a", {"status": "Accepted"}]' [67 bytes]
2023-03-27 09:18:21,959 - DEBUG - < TEXT '{}' [2 bytes]
2023-03-27 09:18:21,988 - DEBUG - > TEXT '[2, "d43a8278-afa2-4af8-8c16-0b6942dd3bc6", "St..."2023-03-27T09:18:01"}]' [169 bytes]
2023-03-27 09:18:22,454 - DEBUG - < TEXT '[3, "d43a8278-afa2-4af8-8c16-0b6942dd3bc6", {"t..."status": "Accepted"}}]' [110 bytes]
2023-03-27 09:18:22,501 - DEBUG - > TEXT '[2, "8aa42281-7230-4a31-b28d-4395cba44cb7", "St... "status": "Charging"}]' [131 bytes]
2023-03-27 09:18:22,676 - DEBUG - < TEXT '[3, "8aa42281-7230-4a31-b28d-4395cba44cb7", {}]' [47 bytes]
2023-03-27 09:18:22,723 - DEBUG - > TEXT '[2, "b1ff78ba-7863-432f-a9f4-6b9f08ece549", "St...43, "reason": "Local"}]' [167 bytes]
2023-03-27 09:18:23,006 - DEBUG - < TEXT '[3, "b1ff78ba-7863-432f-a9f4-6b9f08ece549", {"i..."status": "Accepted"}}]' [82 bytes]
2023-03-27 09:18:23,066 - DEBUG - > TEXT '[2, "97d694b1-9c20-49ac-997d-5ef6576e245c", "St..."status": "Finishing"}]' [132 bytes]
2023-03-27 09:18:23,256 - DEBUG - < TEXT '[3, "97d694b1-9c20-49ac-997d-5ef6576e245c", {}]' [47 bytes]
2023-03-27 09:18:23,316 - DEBUG - > TEXT '[2, "6b1e70de-22df-4c51-9d27-80df83c68b48", "St..."status": "Available"}]' [132 bytes]
2023-03-27 09:18:23,503 - DEBUG - < TEXT '[3, "6b1e70de-22df-4c51-9d27-80df83c68b48", {}]' [47 bytes]
2023-03-27 09:18:23,565 - DEBUG - = connection is CLOSING
2023-03-27 09:18:23,565 - DEBUG - > CLOSE 1000 (OK) [2 bytes]
2023-03-27 09:18:23,574 - DEBUG - < CLOSE 1000 (OK) [2 bytes]
2023-03-27 09:18:23,582 - DEBUG - = connection is CLOSED
2023-03-27 09:18:52,630 - DEBUG - = connection is CONNECTING
2023-03-27 09:18:52,665 - DEBUG - > GET /ocpp16/ELA007C01/EVSCA070007 HTTP/1.1
2023-03-27 09:18:52,666 - DEBUG - > Host: ws.devevspcharger.uplus.co.kr
2023-03-27 09:18:52,666 - DEBUG - > Upgrade: websocket
2023-03-27 09:18:52,666 - DEBUG - > Connection: Upgrade
2023-03-27 09:18:52,666 - DEBUG - > Sec-WebSocket-Key: Vf94byzWSHJTpY18yIs2Kw==
2023-03-27 09:18:52,666 - DEBUG - > Sec-WebSocket-Version: 13
2023-03-27 09:18:52,666 - DEBUG - > Sec-WebSocket-Extensions: permessage-deflate; client_max_window_bits
2023-03-27 09:18:52,667 - DEBUG - > Sec-WebSocket-Protocol: ocpp1.6
2023-03-27 09:18:52,667 - DEBUG - > Authorization: Basic RVZBUjpFVkFSTEdV
2023-03-27 09:18:52,667 - DEBUG - > User-Agent: Python/3.11 websockets/10.4
2023-03-27 09:18:52,883 - DEBUG - < HTTP/1.1 101 Switching Protocols
2023-03-27 09:18:52,883 - DEBUG - < Connection: upgrade
2023-03-27 09:18:52,884 - DEBUG - < Date: Mon, 27 Mar 2023 00:18:52 GMT
2023-03-27 09:18:52,884 - DEBUG - < sec-websocket-protocol: ocpp1.6
2023-03-27 09:18:52,884 - DEBUG - < upgrade: websocket
2023-03-27 09:18:52,884 - DEBUG - < sec-websocket-accept: tdhTwHrxr/8OIUAMJ8oworig8S8=
2023-03-27 09:18:52,884 - DEBUG - < sec-websocket-extensions: permessage-deflate
2023-03-27 09:18:52,884 - DEBUG - < X-Cache: Miss from cloudfront
2023-03-27 09:18:52,884 - DEBUG - < Via: 1.1 818e6836f2ca3e700a5577179db933d8.cloudfront.net (CloudFront)
2023-03-27 09:18:52,884 - DEBUG - < X-Amz-Cf-Pop: ICN57-P2
2023-03-27 09:18:52,885 - DEBUG - < X-Amz-Cf-Id: 0xRNzHbi5hLsh5o9OhrOzLAEz2isR-NuTkfHEFseyxoYP_2mEKNbGg==
2023-03-27 09:18:52,885 - DEBUG - = connection is OPEN
2023-03-27 09:18:52,933 - DEBUG - > TEXT '[2, "5e21fe7a-8263-4572-afaa-0ae5e72ef415", "Bo...umber": "EVSCA070007"}]' [169 bytes]
2023-03-27 09:18:53,136 - DEBUG - < TEXT '[3, "5e21fe7a-8263-4572-afaa-0ae5e72ef415", {"s...52Z", "interval": 300}]' [123 bytes]
2023-03-27 09:18:53,202 - DEBUG - Starting new HTTPS connection (1): 8b434254zg.execute-api.ap-northeast-2.amazonaws.com:443
2023-03-27 09:18:53,569 - DEBUG - https://8b434254zg.execute-api.ap-northeast-2.amazonaws.com:443 "POST /dev/ioc HTTP/1.1" 200 167
2023-03-27 09:18:53,591 - DEBUG - < TEXT '[2, "f71b8c1d-efb0-4abd-9f25-371df105f302", "Ch...nId", "value": "true"}]' [122 bytes]
2023-03-27 09:18:53,620 - DEBUG - > TEXT '[3, "f71b8c1d-efb0-4abd-9f25-371df105f302", {"status": "Accepted"}]' [67 bytes]
2023-03-27 09:18:53,796 - DEBUG - < TEXT '{}' [2 bytes]
2023-03-27 09:18:53,853 - DEBUG - Starting new HTTPS connection (1): 8b434254zg.execute-api.ap-northeast-2.amazonaws.com:443
2023-03-27 09:18:54,209 - DEBUG - https://8b434254zg.execute-api.ap-northeast-2.amazonaws.com:443 "POST /dev/ioc HTTP/1.1" 200 162
2023-03-27 09:18:54,229 - DEBUG - < TEXT '[2, "6f7934be-cb6c-4833-a974-5ed074c686d1", "Ch...ine", "value": "true"}]' [117 bytes]
2023-03-27 09:18:54,254 - DEBUG - > TEXT '[3, "6f7934be-cb6c-4833-a974-5ed074c686d1", {"status": "Accepted"}]' [67 bytes]
2023-03-27 09:18:54,436 - DEBUG - < TEXT '{}' [2 bytes]
2023-03-27 09:18:54,502 - DEBUG - Starting new HTTPS connection (1): 8b434254zg.execute-api.ap-northeast-2.amazonaws.com:443
2023-03-27 09:18:54,871 - DEBUG - https://8b434254zg.execute-api.ap-northeast-2.amazonaws.com:443 "POST /dev/ioc HTTP/1.1" 200 106
2023-03-27 09:18:54,890 - DEBUG - < TEXT '[2, "f136d691-007d-4aa6-b7b3-0cda01b7a951", "ClearCache", {}]' [61 bytes]
2023-03-27 09:18:54,908 - DEBUG - > TEXT '[3, "f136d691-007d-4aa6-b7b3-0cda01b7a951", {"status": "Accepted"}]' [67 bytes]
2023-03-27 09:18:55,096 - DEBUG - < TEXT '{}' [2 bytes]
2023-03-27 09:18:55,133 - DEBUG - > TEXT '[2, "f2ea2073-0fd4-47d0-ada0-e218230499f7", "St..."2023-03-27T09:18:01"}]' [153 bytes]
2023-03-27 09:18:55,332 - DEBUG - < TEXT '[4, "f2ea2073-0fd4-47d0-ada0-e218230499f7", {"e...ccurence constraints"}]' [219 bytes]
2023-03-27 09:18:55,386 - DEBUG - = connection is CLOSING
2023-03-27 09:18:55,386 - DEBUG - > CLOSE 1000 (OK) [2 bytes]
2023-03-27 09:18:55,394 - DEBUG - < CLOSE 1000 (OK) [2 bytes]
2023-03-27 09:18:55,397 - DEBUG - = connection is CLOSED
2023-03-27 09:20:06,370 - DEBUG - = connection is CONNECTING
2023-03-27 09:20:06,405 - DEBUG - > GET /ocpp16/ELA007C01/EVSCA070007 HTTP/1.1
2023-03-27 09:20:06,405 - DEBUG - > Host: ws.devevspcharger.uplus.co.kr
2023-03-27 09:20:06,406 - DEBUG - > Upgrade: websocket
2023-03-27 09:20:06,406 - DEBUG - > Connection: Upgrade
2023-03-27 09:20:06,406 - DEBUG - > Sec-WebSocket-Key: I0kn+j4mCqtrhDpCHtIqkw==
2023-03-27 09:20:06,406 - DEBUG - > Sec-WebSocket-Version: 13
2023-03-27 09:20:06,407 - DEBUG - > Sec-WebSocket-Extensions: permessage-deflate; client_max_window_bits
2023-03-27 09:20:06,407 - DEBUG - > Sec-WebSocket-Protocol: ocpp1.6
2023-03-27 09:20:06,407 - DEBUG - > Authorization: Basic RVZBUjpFVkFSTEdV
2023-03-27 09:20:06,407 - DEBUG - > User-Agent: Python/3.11 websockets/10.4
2023-03-27 09:20:06,944 - DEBUG - < HTTP/1.1 101 Switching Protocols
2023-03-27 09:20:06,944 - DEBUG - < Connection: upgrade
2023-03-27 09:20:06,946 - DEBUG - < Date: Mon, 27 Mar 2023 00:20:06 GMT
2023-03-27 09:20:06,947 - DEBUG - < sec-websocket-protocol: ocpp1.6
2023-03-27 09:20:06,947 - DEBUG - < upgrade: websocket
2023-03-27 09:20:06,947 - DEBUG - < sec-websocket-accept: VhtgOX6SvluvNOlhZFXZLvlH2uY=
2023-03-27 09:20:06,947 - DEBUG - < sec-websocket-extensions: permessage-deflate
2023-03-27 09:20:06,947 - DEBUG - < X-Cache: Miss from cloudfront
2023-03-27 09:20:06,948 - DEBUG - < Via: 1.1 b92faae7242f31be9bfc0ec3d134dfce.cloudfront.net (CloudFront)
2023-03-27 09:20:06,948 - DEBUG - < X-Amz-Cf-Pop: ICN57-P2
2023-03-27 09:20:06,948 - DEBUG - < X-Amz-Cf-Id: bBWCjvZ606ahFx1ZMFNNiUQ2WCFr1OCR--w14N53n4PV1Kqp-L_Z7A==
2023-03-27 09:20:06,950 - DEBUG - = connection is OPEN
2023-03-27 09:20:06,982 - DEBUG - > TEXT '[2, "50a908d5-53c5-416e-876c-16e603fe7e95", "Bo...umber": "EVSCA070007"}]' [169 bytes]
2023-03-27 09:20:07,358 - DEBUG - < TEXT '[3, "50a908d5-53c5-416e-876c-16e603fe7e95", {"s...07Z", "interval": 300}]' [123 bytes]
2023-03-27 09:20:07,389 - DEBUG - Starting new HTTPS connection (1): 8b434254zg.execute-api.ap-northeast-2.amazonaws.com:443
2023-03-27 09:20:07,927 - DEBUG - https://8b434254zg.execute-api.ap-northeast-2.amazonaws.com:443 "POST /dev/ioc HTTP/1.1" 200 167
2023-03-27 09:20:07,951 - DEBUG - < TEXT '[2, "db701d4c-966f-4368-b90c-7196cd6e1127", "Ch...nId", "value": "true"}]' [122 bytes]
2023-03-27 09:20:07,960 - DEBUG - > TEXT '[3, "db701d4c-966f-4368-b90c-7196cd6e1127", {"status": "Accepted"}]' [67 bytes]
2023-03-27 09:20:08,140 - DEBUG - < TEXT '{}' [2 bytes]
2023-03-27 09:20:08,165 - DEBUG - Starting new HTTPS connection (1): 8b434254zg.execute-api.ap-northeast-2.amazonaws.com:443
2023-03-27 09:20:08,530 - DEBUG - https://8b434254zg.execute-api.ap-northeast-2.amazonaws.com:443 "POST /dev/ioc HTTP/1.1" 200 162
2023-03-27 09:20:08,549 - DEBUG - < TEXT '[2, "dc334006-d6df-4117-b940-d9cd78e90300", "Ch...ine", "value": "true"}]' [117 bytes]
2023-03-27 09:20:08,558 - DEBUG - > TEXT '[3, "dc334006-d6df-4117-b940-d9cd78e90300", {"status": "Accepted"}]' [67 bytes]
2023-03-27 09:20:08,739 - DEBUG - < TEXT '{}' [2 bytes]
2023-03-27 09:20:08,759 - DEBUG - Starting new HTTPS connection (1): 8b434254zg.execute-api.ap-northeast-2.amazonaws.com:443
2023-03-27 09:20:09,129 - DEBUG - https://8b434254zg.execute-api.ap-northeast-2.amazonaws.com:443 "POST /dev/ioc HTTP/1.1" 200 106
2023-03-27 09:20:09,150 - DEBUG - < TEXT '[2, "99f00a52-b3ed-4d38-8a6c-ae17d64a6f20", "ClearCache", {}]' [61 bytes]
2023-03-27 09:20:09,161 - DEBUG - > TEXT '[3, "99f00a52-b3ed-4d38-8a6c-ae17d64a6f20", {"status": "Accepted"}]' [67 bytes]
2023-03-27 09:20:09,336 - DEBUG - < TEXT '{}' [2 bytes]
2023-03-27 09:20:09,353 - DEBUG - > TEXT '[2, "1fa8ddd1-62f2-48a0-8237-6688e51ee578", "St..."2023-03-27T09:18:01"}]' [153 bytes]
2023-03-27 09:20:09,538 - DEBUG - < TEXT '[4, "1fa8ddd1-62f2-48a0-8237-6688e51ee578", {"e...ccurence constraints"}]' [219 bytes]
2023-03-27 09:20:09,565 - DEBUG - = connection is CLOSING
2023-03-27 09:20:09,565 - DEBUG - > CLOSE 1000 (OK) [2 bytes]
2023-03-27 09:20:09,573 - DEBUG - < CLOSE 1000 (OK) [2 bytes]
2023-03-27 09:20:09,577 - DEBUG - = connection is CLOSED
2023-03-27 09:20:58,278 - DEBUG - = connection is CONNECTING
2023-03-27 09:20:58,319 - DEBUG - > GET /ocpp16/ELA007C01/EVSCA070007 HTTP/1.1
2023-03-27 09:20:58,319 - DEBUG - > Host: ws.devevspcharger.uplus.co.kr
2023-03-27 09:20:58,320 - DEBUG - > Upgrade: websocket
2023-03-27 09:20:58,320 - DEBUG - > Connection: Upgrade
2023-03-27 09:20:58,321 - DEBUG - > Sec-WebSocket-Key: 5uHRwMzvH9hyLqcKV2Ld7A==
2023-03-27 09:20:58,321 - DEBUG - > Sec-WebSocket-Version: 13
2023-03-27 09:20:58,321 - DEBUG - > Sec-WebSocket-Extensions: permessage-deflate; client_max_window_bits
2023-03-27 09:20:58,321 - DEBUG - > Sec-WebSocket-Protocol: ocpp1.6
2023-03-27 09:20:58,321 - DEBUG - > Authorization: Basic RVZBUjpFVkFSTEdV
2023-03-27 09:20:58,321 - DEBUG - > User-Agent: Python/3.11 websockets/10.4
2023-03-27 09:20:58,544 - DEBUG - < HTTP/1.1 101 Switching Protocols
2023-03-27 09:20:58,544 - DEBUG - < Connection: upgrade
2023-03-27 09:20:58,545 - DEBUG - < Date: Mon, 27 Mar 2023 00:20:58 GMT
2023-03-27 09:20:58,545 - DEBUG - < sec-websocket-protocol: ocpp1.6
2023-03-27 09:20:58,545 - DEBUG - < upgrade: websocket
2023-03-27 09:20:58,545 - DEBUG - < sec-websocket-accept: II3HdagsgR/VJ9CshBWVc6Sbso0=
2023-03-27 09:20:58,545 - DEBUG - < sec-websocket-extensions: permessage-deflate
2023-03-27 09:20:58,545 - DEBUG - < X-Cache: Miss from cloudfront
2023-03-27 09:20:58,545 - DEBUG - < Via: 1.1 55a59d7976b41c233ff2e682cdd3901e.cloudfront.net (CloudFront)
2023-03-27 09:20:58,545 - DEBUG - < X-Amz-Cf-Pop: ICN57-P2
2023-03-27 09:20:58,545 - DEBUG - < X-Amz-Cf-Id: OR8jyz0qipv5ajdNZ7mDjo7NZUitR1kzJYHJLgSPH2xSh4U176WswA==
2023-03-27 09:20:58,545 - DEBUG - = connection is OPEN
2023-03-27 09:20:58,609 - DEBUG - > TEXT '[2, "5f96a8e4-195c-4f4b-902c-8ecbe03a5e4e", "Bo...umber": "EVSCA070007"}]' [169 bytes]
2023-03-27 09:20:58,824 - DEBUG - < TEXT '[3, "5f96a8e4-195c-4f4b-902c-8ecbe03a5e4e", {"s...58Z", "interval": 300}]' [123 bytes]
2023-03-27 09:20:58,856 - DEBUG - Starting new HTTPS connection (1): 8b434254zg.execute-api.ap-northeast-2.amazonaws.com:443
2023-03-27 09:20:59,231 - DEBUG - https://8b434254zg.execute-api.ap-northeast-2.amazonaws.com:443 "POST /dev/ioc HTTP/1.1" 200 167
2023-03-27 09:20:59,262 - DEBUG - < TEXT '[2, "b371366e-ecaf-4050-8293-041a85a719e7", "Ch...nId", "value": "true"}]' [122 bytes]
2023-03-27 09:20:59,277 - DEBUG - > TEXT '[3, "b371366e-ecaf-4050-8293-041a85a719e7", {"status": "Accepted"}]' [67 bytes]
2023-03-27 09:20:59,458 - DEBUG - < TEXT '{}' [2 bytes]
2023-03-27 09:20:59,488 - DEBUG - Starting new HTTPS connection (1): 8b434254zg.execute-api.ap-northeast-2.amazonaws.com:443
2023-03-27 09:20:59,850 - DEBUG - https://8b434254zg.execute-api.ap-northeast-2.amazonaws.com:443 "POST /dev/ioc HTTP/1.1" 200 162
2023-03-27 09:20:59,874 - DEBUG - < TEXT '[2, "816bdc4a-018f-4198-bcc3-a1cf8e024816", "Ch...ine", "value": "true"}]' [117 bytes]
2023-03-27 09:20:59,885 - DEBUG - > TEXT '[3, "816bdc4a-018f-4198-bcc3-a1cf8e024816", {"status": "Accepted"}]' [67 bytes]
2023-03-27 09:21:00,077 - DEBUG - < TEXT '{}' [2 bytes]
2023-03-27 09:21:00,107 - DEBUG - Starting new HTTPS connection (1): 8b434254zg.execute-api.ap-northeast-2.amazonaws.com:443
2023-03-27 09:21:00,450 - DEBUG - https://8b434254zg.execute-api.ap-northeast-2.amazonaws.com:443 "POST /dev/ioc HTTP/1.1" 200 106
2023-03-27 09:21:00,480 - DEBUG - < TEXT '[2, "892d9347-4cb8-4555-bb88-077085e86a0e", "ClearCache", {}]' [61 bytes]
2023-03-27 09:21:00,491 - DEBUG - > TEXT '[3, "892d9347-4cb8-4555-bb88-077085e86a0e", {"status": "Accepted"}]' [67 bytes]
2023-03-27 09:21:00,683 - DEBUG - < TEXT '{}' [2 bytes]
2023-03-27 09:21:00,700 - DEBUG - > TEXT '[2, "36c4f913-b6f1-4b21-8a22-a2e4a25d3598", "St..."2023-03-27T09:18:01"}]' [153 bytes]
2023-03-27 09:21:00,877 - DEBUG - < TEXT '[4, "36c4f913-b6f1-4b21-8a22-a2e4a25d3598", {"e...ccurence constraints"}]' [219 bytes]
2023-03-27 09:21:00,909 - DEBUG - = connection is CLOSING
2023-03-27 09:21:00,909 - DEBUG - > CLOSE 1000 (OK) [2 bytes]
2023-03-27 09:21:00,917 - DEBUG - < CLOSE 1000 (OK) [2 bytes]
2023-03-27 09:21:00,921 - DEBUG - = connection is CLOSED
2023-03-27 09:24:21,562 - DEBUG - = connection is CONNECTING
2023-03-27 09:24:21,603 - DEBUG - > GET /ocpp16/ELA007C01/EVSCA070007 HTTP/1.1
2023-03-27 09:24:21,603 - DEBUG - > Host: ws.devevspcharger.uplus.co.kr
2023-03-27 09:24:21,604 - DEBUG - > Upgrade: websocket
2023-03-27 09:24:21,604 - DEBUG - > Connection: Upgrade
2023-03-27 09:24:21,604 - DEBUG - > Sec-WebSocket-Key: N2UEzf++p7GQ1hdiGU/xmg==
2023-03-27 09:24:21,604 - DEBUG - > Sec-WebSocket-Version: 13
2023-03-27 09:24:21,604 - DEBUG - > Sec-WebSocket-Extensions: permessage-deflate; client_max_window_bits
2023-03-27 09:24:21,604 - DEBUG - > Sec-WebSocket-Protocol: ocpp1.6
2023-03-27 09:24:21,604 - DEBUG - > Authorization: Basic RVZBUjpFVkFSTEdV
2023-03-27 09:24:21,604 - DEBUG - > User-Agent: Python/3.11 websockets/10.4
2023-03-27 09:24:22,084 - DEBUG - < HTTP/1.1 101 Switching Protocols
2023-03-27 09:24:22,085 - DEBUG - < Connection: upgrade
2023-03-27 09:24:22,085 - DEBUG - < Date: Mon, 27 Mar 2023 00:24:21 GMT
2023-03-27 09:24:22,085 - DEBUG - < sec-websocket-protocol: ocpp1.6
2023-03-27 09:24:22,085 - DEBUG - < upgrade: websocket
2023-03-27 09:24:22,085 - DEBUG - < sec-websocket-accept: Dzp3qOJ0C46YSnkaO4YUgp0mZlc=
2023-03-27 09:24:22,085 - DEBUG - < sec-websocket-extensions: permessage-deflate
2023-03-27 09:24:22,086 - DEBUG - < X-Cache: Miss from cloudfront
2023-03-27 09:24:22,087 - DEBUG - < Via: 1.1 3509c763b14d58840ad09e1097a1e54c.cloudfront.net (CloudFront)
2023-03-27 09:24:22,087 - DEBUG - < X-Amz-Cf-Pop: ICN57-P2
2023-03-27 09:24:22,087 - DEBUG - < X-Amz-Cf-Id: 5fDxjlx6E2z-rsaEnSW0PKFoz2KMycS3yv0SM9zyALQoo61HIgV2vA==
2023-03-27 09:24:22,088 - DEBUG - = connection is OPEN
2023-03-27 09:24:22,123 - DEBUG - > TEXT '[2, "23a94395-5753-4c78-babb-0f20b5f2c52b", "Bo...umber": "EVSCA070007"}]' [169 bytes]
2023-03-27 09:24:22,500 - DEBUG - < TEXT '[3, "23a94395-5753-4c78-babb-0f20b5f2c52b", {"s...22Z", "interval": 300}]' [123 bytes]
2023-03-27 09:24:22,616 - DEBUG - Starting new HTTPS connection (1): 8b434254zg.execute-api.ap-northeast-2.amazonaws.com:443
2023-03-27 09:24:23,167 - DEBUG - https://8b434254zg.execute-api.ap-northeast-2.amazonaws.com:443 "POST /dev/ioc HTTP/1.1" 200 167
2023-03-27 09:24:23,188 - DEBUG - < TEXT '[2, "b695ae93-bf84-400c-9d3a-d5e3462c0d5d", "Ch...nId", "value": "true"}]' [122 bytes]
2023-03-27 09:24:23,202 - DEBUG - > TEXT '[3, "b695ae93-bf84-400c-9d3a-d5e3462c0d5d", {"status": "Accepted"}]' [67 bytes]
2023-03-27 09:24:23,383 - DEBUG - < TEXT '{}' [2 bytes]
2023-03-27 09:24:23,439 - DEBUG - Starting new HTTPS connection (1): 8b434254zg.execute-api.ap-northeast-2.amazonaws.com:443
2023-03-27 09:24:23,833 - DEBUG - https://8b434254zg.execute-api.ap-northeast-2.amazonaws.com:443 "POST /dev/ioc HTTP/1.1" 200 162
2023-03-27 09:24:23,862 - DEBUG - < TEXT '[2, "a700ed48-349d-440b-a547-a110cc119de6", "Ch...ine", "value": "true"}]' [117 bytes]
2023-03-27 09:24:23,889 - DEBUG - > TEXT '[3, "a700ed48-349d-440b-a547-a110cc119de6", {"status": "Accepted"}]' [67 bytes]
2023-03-27 09:24:24,061 - DEBUG - < TEXT '{}' [2 bytes]
2023-03-27 09:24:24,117 - DEBUG - Starting new HTTPS connection (1): 8b434254zg.execute-api.ap-northeast-2.amazonaws.com:443
2023-03-27 09:24:24,471 - DEBUG - https://8b434254zg.execute-api.ap-northeast-2.amazonaws.com:443 "POST /dev/ioc HTTP/1.1" 200 106
2023-03-27 09:24:24,505 - DEBUG - < TEXT '[2, "5c4d9550-8083-4a69-89d0-e0b6307d0869", "ClearCache", {}]' [61 bytes]
2023-03-27 09:24:24,534 - DEBUG - > TEXT '[3, "5c4d9550-8083-4a69-89d0-e0b6307d0869", {"status": "Accepted"}]' [67 bytes]
2023-03-27 09:24:24,719 - DEBUG - < TEXT '{}' [2 bytes]
2023-03-27 09:24:24,752 - DEBUG - > TEXT '[2, "d618fb97-d579-476f-81f9-b19ae20083d9", "St..."2023-03-27T09:24:05"}]' [153 bytes]
2023-03-27 09:24:24,939 - DEBUG - < TEXT '[4, "d618fb97-d579-476f-81f9-b19ae20083d9", {"e...ccurence constraints"}]' [219 bytes]
2023-03-27 09:24:24,988 - DEBUG - = connection is CLOSING
2023-03-27 09:24:24,988 - DEBUG - > CLOSE 1000 (OK) [2 bytes]
2023-03-27 09:24:24,995 - DEBUG - < CLOSE 1000 (OK) [2 bytes]
2023-03-27 09:24:25,002 - DEBUG - = connection is CLOSED
2023-03-27 09:27:16,997 - DEBUG - = connection is CONNECTING
2023-03-27 09:27:17,047 - DEBUG - > GET /ocpp16/ELA007C01/EVSCA070007 HTTP/1.1
2023-03-27 09:27:17,047 - DEBUG - > Host: ws.devevspcharger.uplus.co.kr
2023-03-27 09:27:17,047 - DEBUG - > Upgrade: websocket
2023-03-27 09:27:17,047 - DEBUG - > Connection: Upgrade
2023-03-27 09:27:17,048 - DEBUG - > Sec-WebSocket-Key: JG4KMYlxk41XHe8m85FPvA==
2023-03-27 09:27:17,048 - DEBUG - > Sec-WebSocket-Version: 13
2023-03-27 09:27:17,048 - DEBUG - > Sec-WebSocket-Extensions: permessage-deflate; client_max_window_bits
2023-03-27 09:27:17,048 - DEBUG - > Sec-WebSocket-Protocol: ocpp1.6
2023-03-27 09:27:17,048 - DEBUG - > Authorization: Basic RVZBUjpFVkFSTEdV
2023-03-27 09:27:17,048 - DEBUG - > User-Agent: Python/3.11 websockets/10.4
2023-03-27 09:27:17,579 - DEBUG - < HTTP/1.1 101 Switching Protocols
2023-03-27 09:27:17,579 - DEBUG - < Connection: upgrade
2023-03-27 09:27:17,579 - DEBUG - < Date: Mon, 27 Mar 2023 00:27:17 GMT
2023-03-27 09:27:17,579 - DEBUG - < sec-websocket-protocol: ocpp1.6
2023-03-27 09:27:17,579 - DEBUG - < upgrade: websocket
2023-03-27 09:27:17,579 - DEBUG - < sec-websocket-accept: QMaFFY1T81+jWD4whTxoCovoa3k=
2023-03-27 09:27:17,579 - DEBUG - < sec-websocket-extensions: permessage-deflate
2023-03-27 09:27:17,580 - DEBUG - < X-Cache: Miss from cloudfront
2023-03-27 09:27:17,580 - DEBUG - < Via: 1.1 8e619a006d3eebbe44543457c797a4f0.cloudfront.net (CloudFront)
2023-03-27 09:27:17,580 - DEBUG - < X-Amz-Cf-Pop: ICN57-P2
2023-03-27 09:27:17,580 - DEBUG - < X-Amz-Cf-Id: B1_r6097Z2PG-CkU7bSvGpmOUoO8daPaifQd6RwRQdelBilQ4Hsvng==
2023-03-27 09:27:17,580 - DEBUG - = connection is OPEN
2023-03-27 09:27:17,608 - DEBUG - > TEXT '[2, "635d41cd-ecfd-4d5d-a0de-f3a81dfbbc1b", "Bo...umber": "EVSCA070007"}]' [169 bytes]
2023-03-27 09:27:18,026 - DEBUG - < TEXT '[3, "635d41cd-ecfd-4d5d-a0de-f3a81dfbbc1b", {"s...17Z", "interval": 300}]' [123 bytes]
2023-03-27 09:27:18,120 - DEBUG - Starting new HTTPS connection (1): 8b434254zg.execute-api.ap-northeast-2.amazonaws.com:443
2023-03-27 09:27:18,669 - DEBUG - https://8b434254zg.execute-api.ap-northeast-2.amazonaws.com:443 "POST /dev/ioc HTTP/1.1" 200 167
2023-03-27 09:27:18,689 - DEBUG - < TEXT '[2, "c8a7c2ec-3af7-4dfa-954d-fbd65df25840", "Ch...nId", "value": "true"}]' [122 bytes]
2023-03-27 09:27:18,704 - DEBUG - > TEXT '[3, "c8a7c2ec-3af7-4dfa-954d-fbd65df25840", {"status": "Accepted"}]' [67 bytes]
2023-03-27 09:27:18,880 - DEBUG - < TEXT '{}' [2 bytes]
2023-03-27 09:27:18,962 - DEBUG - Starting new HTTPS connection (1): 8b434254zg.execute-api.ap-northeast-2.amazonaws.com:443
2023-03-27 09:27:19,353 - DEBUG - https://8b434254zg.execute-api.ap-northeast-2.amazonaws.com:443 "POST /dev/ioc HTTP/1.1" 200 162
2023-03-27 09:27:19,383 - DEBUG - < TEXT '[2, "adbc55bf-b7f4-442c-a4fc-489945625e60", "Ch...ine", "value": "true"}]' [117 bytes]
2023-03-27 09:27:19,419 - DEBUG - > TEXT '[3, "adbc55bf-b7f4-442c-a4fc-489945625e60", {"status": "Accepted"}]' [67 bytes]
2023-03-27 09:27:19,599 - DEBUG - < TEXT '{}' [2 bytes]
2023-03-27 09:27:19,680 - DEBUG - Starting new HTTPS connection (1): 8b434254zg.execute-api.ap-northeast-2.amazonaws.com:443
2023-03-27 09:27:20,052 - DEBUG - https://8b434254zg.execute-api.ap-northeast-2.amazonaws.com:443 "POST /dev/ioc HTTP/1.1" 200 106
2023-03-27 09:27:20,082 - DEBUG - < TEXT '[2, "4712400b-938b-4104-9909-e4cc3737fde3", "ClearCache", {}]' [61 bytes]
2023-03-27 09:27:20,110 - DEBUG - > TEXT '[3, "4712400b-938b-4104-9909-e4cc3737fde3", {"status": "Accepted"}]' [67 bytes]
2023-03-27 09:27:20,321 - DEBUG - < TEXT '{}' [2 bytes]
2023-03-27 09:27:20,355 - DEBUG - > TEXT '[2, "f33992e4-f9b1-48a7-a86d-dd320dbf6d8f", "St..."2023-03-27T09:27:03"}]' [153 bytes]
2023-03-27 09:27:20,544 - DEBUG - < TEXT '[4, "f33992e4-f9b1-48a7-a86d-dd320dbf6d8f", {"e...ccurence constraints"}]' [219 bytes]
2023-03-27 09:27:20,607 - DEBUG - = connection is CLOSING
2023-03-27 09:27:20,607 - DEBUG - > CLOSE 1000 (OK) [2 bytes]
2023-03-27 09:27:20,621 - DEBUG - < CLOSE 1000 (OK) [2 bytes]
2023-03-27 09:27:20,628 - DEBUG - = connection is CLOSED
2023-03-27 09:29:11,316 - DEBUG - = connection is CONNECTING
2023-03-27 09:29:11,358 - DEBUG - > GET /ocpp16/ELA007C01/EVSCA070007 HTTP/1.1
2023-03-27 09:29:11,358 - DEBUG - > Host: ws.devevspcharger.uplus.co.kr
2023-03-27 09:29:11,359 - DEBUG - > Upgrade: websocket
2023-03-27 09:29:11,359 - DEBUG - > Connection: Upgrade
2023-03-27 09:29:11,360 - DEBUG - > Sec-WebSocket-Key: wa41Tt1xvtBWKtBPl+dwKQ==
2023-03-27 09:29:11,360 - DEBUG - > Sec-WebSocket-Version: 13
2023-03-27 09:29:11,360 - DEBUG - > Sec-WebSocket-Extensions: permessage-deflate; client_max_window_bits
2023-03-27 09:29:11,360 - DEBUG - > Sec-WebSocket-Protocol: ocpp1.6
2023-03-27 09:29:11,360 - DEBUG - > Authorization: Basic RVZBUjpFVkFSTEdV
2023-03-27 09:29:11,361 - DEBUG - > User-Agent: Python/3.11 websockets/10.4
2023-03-27 09:29:11,851 - DEBUG - < HTTP/1.1 101 Switching Protocols
2023-03-27 09:29:11,851 - DEBUG - < Connection: upgrade
2023-03-27 09:29:11,851 - DEBUG - < Date: Mon, 27 Mar 2023 00:29:11 GMT
2023-03-27 09:29:11,851 - DEBUG - < sec-websocket-protocol: ocpp1.6
2023-03-27 09:29:11,851 - DEBUG - < upgrade: websocket
2023-03-27 09:29:11,851 - DEBUG - < sec-websocket-accept: M9WvM7wifocIQx0TH9n1T7Y05hQ=
2023-03-27 09:29:11,851 - DEBUG - < sec-websocket-extensions: permessage-deflate
2023-03-27 09:29:11,852 - DEBUG - < X-Cache: Miss from cloudfront
2023-03-27 09:29:11,853 - DEBUG - < Via: 1.1 0deed69f96030eea747cb7bfcfd21562.cloudfront.net (CloudFront)
2023-03-27 09:29:11,853 - DEBUG - < X-Amz-Cf-Pop: ICN57-P2
2023-03-27 09:29:11,853 - DEBUG - < X-Amz-Cf-Id: TYSXN41m3zEF4Uj0c--1l1Ce9JiSbuabnpM9-C9AtN_BQ2SiWI-n8g==
2023-03-27 09:29:11,853 - DEBUG - = connection is OPEN
2023-03-27 09:29:11,878 - DEBUG - > TEXT '[2, "54c9cec5-5b5d-408b-9258-efb74455125d", "Bo...umber": "EVSCA070007"}]' [169 bytes]
2023-03-27 09:29:12,256 - DEBUG - < TEXT '[3, "54c9cec5-5b5d-408b-9258-efb74455125d", {"s...12Z", "interval": 300}]' [123 bytes]
2023-03-27 09:29:12,345 - DEBUG - Starting new HTTPS connection (1): 8b434254zg.execute-api.ap-northeast-2.amazonaws.com:443
2023-03-27 09:29:12,933 - DEBUG - https://8b434254zg.execute-api.ap-northeast-2.amazonaws.com:443 "POST /dev/ioc HTTP/1.1" 200 167
2023-03-27 09:29:12,950 - DEBUG - < TEXT '[2, "0adf6e85-786f-4366-81c6-1cd574f2b24a", "Ch...nId", "value": "true"}]' [122 bytes]
2023-03-27 09:29:12,961 - DEBUG - > TEXT '[3, "0adf6e85-786f-4366-81c6-1cd574f2b24a", {"status": "Accepted"}]' [67 bytes]
2023-03-27 09:29:13,582 - DEBUG - < TEXT '{}' [2 bytes]
2023-03-27 09:29:13,635 - DEBUG - Starting new HTTPS connection (1): 8b434254zg.execute-api.ap-northeast-2.amazonaws.com:443
2023-03-27 09:29:13,994 - DEBUG - https://8b434254zg.execute-api.ap-northeast-2.amazonaws.com:443 "POST /dev/ioc HTTP/1.1" 200 162
2023-03-27 09:29:17,125 - DEBUG - < TEXT '[2, "86127f3b-4c38-4a74-8af1-fb00856a4d58", "Ch...ine", "value": "true"}]' [117 bytes]
2023-03-27 09:29:17,157 - DEBUG - > TEXT '[3, "86127f3b-4c38-4a74-8af1-fb00856a4d58", {"status": "Accepted"}]' [67 bytes]
2023-03-27 09:29:17,342 - DEBUG - < TEXT '{}' [2 bytes]
2023-03-27 09:29:17,423 - DEBUG - Starting new HTTPS connection (1): 8b434254zg.execute-api.ap-northeast-2.amazonaws.com:443
2023-03-27 09:29:17,794 - DEBUG - https://8b434254zg.execute-api.ap-northeast-2.amazonaws.com:443 "POST /dev/ioc HTTP/1.1" 200 106
2023-03-27 09:29:17,823 - DEBUG - < TEXT '[2, "f350899d-93c7-46ff-95f4-1e2b3767b6a5", "ClearCache", {}]' [61 bytes]
2023-03-27 09:29:17,852 - DEBUG - > TEXT '[3, "f350899d-93c7-46ff-95f4-1e2b3767b6a5", {"status": "Accepted"}]' [67 bytes]
2023-03-27 09:29:18,045 - DEBUG - < TEXT '{}' [2 bytes]
2023-03-27 09:29:18,080 - DEBUG - > TEXT '[2, "4b3a3f4a-6487-450b-ad7b-ce0c66699c06", "St..."2023-03-27T09:28:53"}]' [153 bytes]
2023-03-27 09:29:18,684 - DEBUG - < TEXT '[4, "4b3a3f4a-6487-450b-ad7b-ce0c66699c06", {"e...ccurence constraints"}]' [219 bytes]
2023-03-27 09:29:18,757 - DEBUG - = connection is CLOSING
2023-03-27 09:29:18,757 - DEBUG - > CLOSE 1000 (OK) [2 bytes]
2023-03-27 09:29:18,767 - DEBUG - < CLOSE 1000 (OK) [2 bytes]
2023-03-27 09:29:18,774 - DEBUG - = connection is CLOSED
2023-03-27 09:31:03,150 - DEBUG - = connection is CONNECTING
2023-03-27 09:31:03,195 - DEBUG - > GET /ocpp16/ELA007C01/EVSCA070007 HTTP/1.1
2023-03-27 09:31:03,196 - DEBUG - > Host: ws.devevspcharger.uplus.co.kr
2023-03-27 09:31:03,196 - DEBUG - > Upgrade: websocket
2023-03-27 09:31:03,196 - DEBUG - > Connection: Upgrade
2023-03-27 09:31:03,196 - DEBUG - > Sec-WebSocket-Key: injEHcOXq/SxXTAACT0rYg==
2023-03-27 09:31:03,196 - DEBUG - > Sec-WebSocket-Version: 13
2023-03-27 09:31:03,196 - DEBUG - > Sec-WebSocket-Extensions: permessage-deflate; client_max_window_bits
2023-03-27 09:31:03,197 - DEBUG - > Sec-WebSocket-Protocol: ocpp1.6
2023-03-27 09:31:03,197 - DEBUG - > Authorization: Basic RVZBUjpFVkFSTEdV
2023-03-27 09:31:03,197 - DEBUG - > User-Agent: Python/3.11 websockets/10.4
2023-03-27 09:31:03,715 - DEBUG - < HTTP/1.1 101 Switching Protocols
2023-03-27 09:31:03,716 - DEBUG - < Connection: upgrade
2023-03-27 09:31:03,717 - DEBUG - < Date: Mon, 27 Mar 2023 00:31:03 GMT
2023-03-27 09:31:03,717 - DEBUG - < sec-websocket-protocol: ocpp1.6
2023-03-27 09:31:03,717 - DEBUG - < upgrade: websocket
2023-03-27 09:31:03,717 - DEBUG - < sec-websocket-accept: oWU/XxQv+omsM+TWHFM1fZ5/Tto=
2023-03-27 09:31:03,717 - DEBUG - < sec-websocket-extensions: permessage-deflate
2023-03-27 09:31:03,717 - DEBUG - < X-Cache: Miss from cloudfront
2023-03-27 09:31:03,718 - DEBUG - < Via: 1.1 1c31b550dc04cf34ff9053b76a7eecc4.cloudfront.net (CloudFront)
2023-03-27 09:31:03,718 - DEBUG - < X-Amz-Cf-Pop: ICN57-P2
2023-03-27 09:31:03,718 - DEBUG - < X-Amz-Cf-Id: 6uET5n4JVnrQ3QQs9AEc0l3p97VLWOwvm3U0NlQ-Uea0oxXDxQQjwA==
2023-03-27 09:31:03,718 - DEBUG - = connection is OPEN
2023-03-27 09:31:03,745 - DEBUG - > TEXT '[2, "49ff484a-67e8-45c2-9869-2c757b89c709", "Bo...umber": "EVSCA070007"}]' [169 bytes]
2023-03-27 09:31:04,103 - DEBUG - < TEXT '[3, "49ff484a-67e8-45c2-9869-2c757b89c709", {"s...03Z", "interval": 300}]' [123 bytes]
2023-03-27 09:31:04,199 - DEBUG - Starting new HTTPS connection (1): 8b434254zg.execute-api.ap-northeast-2.amazonaws.com:443
2023-03-27 09:31:04,763 - DEBUG - https://8b434254zg.execute-api.ap-northeast-2.amazonaws.com:443 "POST /dev/ioc HTTP/1.1" 200 202
2023-03-27 09:31:04,785 - DEBUG - < TEXT '[2, "6db5a88c-6fcd-4de1-8a97-a220ec13748f", "Ge..."2023-03-27T09:30:55"}]' [157 bytes]
2023-03-27 09:31:04,797 - DEBUG - > TEXT '[3, "6db5a88c-6fcd-4de1-8a97-a220ec13748f", {"f...filename_diagnostics"}]' [81 bytes]
2023-03-27 09:31:04,995 - DEBUG - < TEXT '{}' [2 bytes]
2023-03-27 09:31:05,015 - DEBUG - > TEXT '[2, "8d8c7743-17c3-4686-9173-dc066b758064", "Di..."status": "Uploading"}]' [101 bytes]
2023-03-27 09:31:06,132 - DEBUG - < TEXT '[3, "8d8c7743-17c3-4686-9173-dc066b758064", {}]' [47 bytes]
2023-03-27 09:31:06,178 - DEBUG - > TEXT '[2, "3b3357ea-b32d-49e0-b87e-6af47f0820bb", "Di...{"status": "Uploaded"}]' [100 bytes]
2023-03-27 09:31:06,371 - DEBUG - < TEXT '[3, "3b3357ea-b32d-49e0-b87e-6af47f0820bb", {}]' [47 bytes]
2023-03-27 09:31:06,421 - DEBUG - = connection is CLOSING
2023-03-27 09:31:06,421 - DEBUG - > CLOSE 1000 (OK) [2 bytes]
2023-03-27 09:31:06,429 - DEBUG - < CLOSE 1000 (OK) [2 bytes]
2023-03-27 09:31:06,434 - DEBUG - = connection is CLOSED
2023-03-27 09:38:08,250 - DEBUG - = connection is CONNECTING
2023-03-27 09:38:08,288 - DEBUG - > GET /ocpp16/ELA007C01/EVSCA070007 HTTP/1.1
2023-03-27 09:38:08,288 - DEBUG - > Host: ws.devevspcharger.uplus.co.kr
2023-03-27 09:38:08,288 - DEBUG - > Upgrade: websocket
2023-03-27 09:38:08,288 - DEBUG - > Connection: Upgrade
2023-03-27 09:38:08,288 - DEBUG - > Sec-WebSocket-Key: 2EibmMbZO2+QQdrR57pIcQ==
2023-03-27 09:38:08,288 - DEBUG - > Sec-WebSocket-Version: 13
2023-03-27 09:38:08,289 - DEBUG - > Sec-WebSocket-Extensions: permessage-deflate; client_max_window_bits
2023-03-27 09:38:08,289 - DEBUG - > Sec-WebSocket-Protocol: ocpp1.6
2023-03-27 09:38:08,289 - DEBUG - > Authorization: Basic RVZBUjpFVkFSTEdV
2023-03-27 09:38:08,289 - DEBUG - > User-Agent: Python/3.11 websockets/10.4
2023-03-27 09:38:08,783 - DEBUG - < HTTP/1.1 101 Switching Protocols
2023-03-27 09:38:08,783 - DEBUG - < Connection: upgrade
2023-03-27 09:38:08,783 - DEBUG - < Date: Mon, 27 Mar 2023 00:38:08 GMT
2023-03-27 09:38:08,783 - DEBUG - < sec-websocket-protocol: ocpp1.6
2023-03-27 09:38:08,783 - DEBUG - < upgrade: websocket
2023-03-27 09:38:08,783 - DEBUG - < sec-websocket-accept: Au6wJbyjKWkeYW3hijcqHzjRtlM=
2023-03-27 09:38:08,783 - DEBUG - < sec-websocket-extensions: permessage-deflate
2023-03-27 09:38:08,783 - DEBUG - < X-Cache: Miss from cloudfront
2023-03-27 09:38:08,783 - DEBUG - < Via: 1.1 addf940186af6aa7dc864a17e45130c6.cloudfront.net (CloudFront)
2023-03-27 09:38:08,784 - DEBUG - < X-Amz-Cf-Pop: ICN57-P2
2023-03-27 09:38:08,784 - DEBUG - < X-Amz-Cf-Id: INpfWYh5HBVBNlyo2z7gEehyFcwIt7VZgWaMYvcxaZ5fezVhq_QuXw==
2023-03-27 09:38:08,784 - DEBUG - = connection is OPEN
2023-03-27 09:38:08,820 - DEBUG - > TEXT '[2, "82300acf-dfa1-4bed-9009-667e7ea42ca1", "Bo...umber": "EVSCA070007"}]' [169 bytes]
2023-03-27 09:38:09,327 - DEBUG - < TEXT '[3, "82300acf-dfa1-4bed-9009-667e7ea42ca1", {"s...09Z", "interval": 300}]' [123 bytes]
2023-03-27 09:38:09,432 - DEBUG - Starting new HTTPS connection (1): 8b434254zg.execute-api.ap-northeast-2.amazonaws.com:443
2023-03-27 09:38:10,005 - DEBUG - https://8b434254zg.execute-api.ap-northeast-2.amazonaws.com:443 "POST /dev/ioc HTTP/1.1" 200 167
2023-03-27 09:38:10,054 - DEBUG - < TEXT '[2, "fdea586b-0d3f-4f16-a1dd-96bbda6baaad", "Ch...nId", "value": "true"}]' [122 bytes]
2023-03-27 09:38:10,069 - DEBUG - > TEXT '[3, "fdea586b-0d3f-4f16-a1dd-96bbda6baaad", {"status": "Accepted"}]' [67 bytes]
2023-03-27 09:38:10,269 - DEBUG - < TEXT '{}' [2 bytes]
2023-03-27 09:38:10,332 - DEBUG - Starting new HTTPS connection (1): 8b434254zg.execute-api.ap-northeast-2.amazonaws.com:443
2023-03-27 09:38:10,980 - DEBUG - https://8b434254zg.execute-api.ap-northeast-2.amazonaws.com:443 "POST /dev/ioc HTTP/1.1" 200 162
2023-03-27 09:38:11,018 - DEBUG - < TEXT '[2, "ed7971af-5d57-47ee-9117-50efa03a344a", "Ch...ine", "value": "true"}]' [117 bytes]
2023-03-27 09:38:11,102 - DEBUG - > TEXT '[3, "ed7971af-5d57-47ee-9117-50efa03a344a", {"status": "Accepted"}]' [67 bytes]
2023-03-27 09:38:11,297 - DEBUG - < TEXT '{}' [2 bytes]
2023-03-27 09:38:11,367 - DEBUG - Starting new HTTPS connection (1): 8b434254zg.execute-api.ap-northeast-2.amazonaws.com:443
2023-03-27 09:38:11,828 - DEBUG - https://8b434254zg.execute-api.ap-northeast-2.amazonaws.com:443 "POST /dev/ioc HTTP/1.1" 200 106
2023-03-27 09:38:11,850 - DEBUG - < TEXT '[2, "fba6dee1-195c-4952-8a1a-68fc78d6468a", "ClearCache", {}]' [61 bytes]
2023-03-27 09:38:11,873 - DEBUG - > TEXT '[3, "fba6dee1-195c-4952-8a1a-68fc78d6468a", {"status": "Accepted"}]' [67 bytes]
2023-03-27 09:38:12,104 - DEBUG - < TEXT '{}' [2 bytes]
2023-03-27 09:38:12,134 - DEBUG - > TEXT '[2, "b43c18af-1ae8-4de2-8270-b478cb0915c7", "St..."2023-03-27T09:37:54"}]' [153 bytes]
2023-03-27 09:38:12,448 - DEBUG - < TEXT '[4, "b43c18af-1ae8-4de2-8270-b478cb0915c7", {"e...ccurence constraints"}]' [219 bytes]
2023-03-27 09:38:12,499 - DEBUG - = connection is CLOSING
2023-03-27 09:38:12,499 - DEBUG - > CLOSE 1000 (OK) [2 bytes]
2023-03-27 09:38:12,524 - DEBUG - < CLOSE 1000 (OK) [2 bytes]
2023-03-27 09:38:12,529 - DEBUG - = connection is CLOSED
2023-03-27 09:40:43,931 - DEBUG - = connection is CONNECTING
2023-03-27 09:40:43,970 - DEBUG - > GET /ocpp16/ELA007C01/EVSCA070007 HTTP/1.1
2023-03-27 09:40:43,970 - DEBUG - > Host: ws.devevspcharger.uplus.co.kr
2023-03-27 09:40:43,970 - DEBUG - > Upgrade: websocket
2023-03-27 09:40:43,971 - DEBUG - > Connection: Upgrade
2023-03-27 09:40:43,971 - DEBUG - > Sec-WebSocket-Key: PKxPA0KCbB7UQZaC+8dBfg==
2023-03-27 09:40:43,971 - DEBUG - > Sec-WebSocket-Version: 13
2023-03-27 09:40:43,971 - DEBUG - > Sec-WebSocket-Extensions: permessage-deflate; client_max_window_bits
2023-03-27 09:40:43,971 - DEBUG - > Sec-WebSocket-Protocol: ocpp1.6
2023-03-27 09:40:43,971 - DEBUG - > Authorization: Basic RVZBUjpFVkFSTEdV
2023-03-27 09:40:43,972 - DEBUG - > User-Agent: Python/3.11 websockets/10.4
2023-03-27 09:40:44,479 - DEBUG - < HTTP/1.1 101 Switching Protocols
2023-03-27 09:40:44,480 - DEBUG - < Connection: upgrade
2023-03-27 09:40:44,481 - DEBUG - < Date: Mon, 27 Mar 2023 00:40:44 GMT
2023-03-27 09:40:44,481 - DEBUG - < sec-websocket-protocol: ocpp1.6
2023-03-27 09:40:44,481 - DEBUG - < upgrade: websocket
2023-03-27 09:40:44,481 - DEBUG - < sec-websocket-accept: AdyRyxFd6xcjQp81VGv1xB8lLP8=
2023-03-27 09:40:44,481 - DEBUG - < sec-websocket-extensions: permessage-deflate
2023-03-27 09:40:44,481 - DEBUG - < X-Cache: Miss from cloudfront
2023-03-27 09:40:44,481 - DEBUG - < Via: 1.1 5a0f884e3a21756e824f803c83d7f3d0.cloudfront.net (CloudFront)
2023-03-27 09:40:44,481 - DEBUG - < X-Amz-Cf-Pop: ICN57-P2
2023-03-27 09:40:44,481 - DEBUG - < X-Amz-Cf-Id: bDjonCcwUZDA0OgdBsftLSPa-0XIWVXsh_e_GW2CbXNkRCdoyJyDrA==
2023-03-27 09:40:44,481 - DEBUG - = connection is OPEN
2023-03-27 09:40:44,506 - DEBUG - > TEXT '[2, "04a48b51-b2fa-482c-8f95-ade1e491fd90", "Bo...lNumber": "$crgr_sno"}]' [167 bytes]
2023-03-27 09:40:44,839 - DEBUG - < TEXT '[4, "04a48b51-b2fa-482c-8f95-ade1e491fd90", {"e... system availability"}]' [161 bytes]
2023-03-27 09:40:44,895 - DEBUG - = connection is CLOSING
2023-03-27 09:40:44,895 - DEBUG - > CLOSE 1000 (OK) [2 bytes]
2023-03-27 09:40:44,902 - DEBUG - < CLOSE 1000 (OK) [2 bytes]
2023-03-27 09:40:44,909 - DEBUG - = connection is CLOSED
2023-03-27 09:40:57,335 - DEBUG - = connection is CONNECTING
2023-03-27 09:40:57,371 - DEBUG - > GET /ocpp16/ELA007C01/EVSCA070007 HTTP/1.1
2023-03-27 09:40:57,372 - DEBUG - > Host: ws.devevspcharger.uplus.co.kr
2023-03-27 09:40:57,372 - DEBUG - > Upgrade: websocket
2023-03-27 09:40:57,372 - DEBUG - > Connection: Upgrade
2023-03-27 09:40:57,372 - DEBUG - > Sec-WebSocket-Key: Qc0T5zM31a5yFh1gyqn9Dw==
2023-03-27 09:40:57,372 - DEBUG - > Sec-WebSocket-Version: 13
2023-03-27 09:40:57,372 - DEBUG - > Sec-WebSocket-Extensions: permessage-deflate; client_max_window_bits
2023-03-27 09:40:57,372 - DEBUG - > Sec-WebSocket-Protocol: ocpp1.6
2023-03-27 09:40:57,372 - DEBUG - > Authorization: Basic RVZBUjpFVkFSTEdV
2023-03-27 09:40:57,373 - DEBUG - > User-Agent: Python/3.11 websockets/10.4
2023-03-27 09:40:57,633 - DEBUG - < HTTP/1.1 101 Switching Protocols
2023-03-27 09:40:57,633 - DEBUG - < Connection: upgrade
2023-03-27 09:40:57,633 - DEBUG - < Date: Mon, 27 Mar 2023 00:40:57 GMT
2023-03-27 09:40:57,633 - DEBUG - < sec-websocket-protocol: ocpp1.6
2023-03-27 09:40:57,633 - DEBUG - < upgrade: websocket
2023-03-27 09:40:57,633 - DEBUG - < sec-websocket-accept: CvKeyBZKk816uqofLYX1QD4fyYU=
2023-03-27 09:40:57,633 - DEBUG - < sec-websocket-extensions: permessage-deflate
2023-03-27 09:40:57,634 - DEBUG - < X-Cache: Miss from cloudfront
2023-03-27 09:40:57,634 - DEBUG - < Via: 1.1 82b32d3cf0884f8ba64486d5e981bdb8.cloudfront.net (CloudFront)
2023-03-27 09:40:57,635 - DEBUG - < X-Amz-Cf-Pop: ICN57-P2
2023-03-27 09:40:57,635 - DEBUG - < X-Amz-Cf-Id: t_Xkl0DQIDTPB-DW86WPVNeHpyYB_VN427CygJsBmbi-pvW71aeL6w==
2023-03-27 09:40:57,635 - DEBUG - = connection is OPEN
2023-03-27 09:40:57,664 - DEBUG - > TEXT '[2, "115e6e2f-3d64-4be9-9e3f-7a18bd181d0d", "Bo...umber": "EVSCA070007"}]' [169 bytes]
2023-03-27 09:40:57,935 - DEBUG - < TEXT '[3, "115e6e2f-3d64-4be9-9e3f-7a18bd181d0d", {"s...57Z", "interval": 300}]' [123 bytes]
2023-03-27 09:40:58,079 - DEBUG - Starting new HTTPS connection (1): 8b434254zg.execute-api.ap-northeast-2.amazonaws.com:443
2023-03-27 09:40:58,637 - DEBUG - https://8b434254zg.execute-api.ap-northeast-2.amazonaws.com:443 "POST /dev/ioc HTTP/1.1" 200 167
2023-03-27 09:40:58,659 - DEBUG - < TEXT '[2, "6e2036f8-5400-4943-bdd0-ca34789d0794", "Ch...nId", "value": "true"}]' [122 bytes]
2023-03-27 09:40:58,681 - DEBUG - > TEXT '[3, "6e2036f8-5400-4943-bdd0-ca34789d0794", {"status": "Accepted"}]' [67 bytes]
2023-03-27 09:40:58,858 - DEBUG - < TEXT '{}' [2 bytes]
2023-03-27 09:40:58,925 - DEBUG - Starting new HTTPS connection (1): 8b434254zg.execute-api.ap-northeast-2.amazonaws.com:443
2023-03-27 09:40:59,298 - DEBUG - https://8b434254zg.execute-api.ap-northeast-2.amazonaws.com:443 "POST /dev/ioc HTTP/1.1" 200 162
2023-03-27 09:40:59,316 - DEBUG - < TEXT '[2, "cb290cda-7b9d-4945-a612-af51036c2123", "Ch...ine", "value": "true"}]' [117 bytes]
2023-03-27 09:40:59,344 - DEBUG - > TEXT '[3, "cb290cda-7b9d-4945-a612-af51036c2123", {"status": "Accepted"}]' [67 bytes]
2023-03-27 09:40:59,541 - DEBUG - < TEXT '{}' [2 bytes]
2023-03-27 09:40:59,615 - DEBUG - Starting new HTTPS connection (1): 8b434254zg.execute-api.ap-northeast-2.amazonaws.com:443
2023-03-27 09:41:00,019 - DEBUG - https://8b434254zg.execute-api.ap-northeast-2.amazonaws.com:443 "POST /dev/ioc HTTP/1.1" 200 106
2023-03-27 09:41:00,047 - DEBUG - < TEXT '[2, "00a61faa-726f-4f4b-a8ca-19b2cd61014b", "ClearCache", {}]' [61 bytes]
2023-03-27 09:41:00,079 - DEBUG - > TEXT '[3, "00a61faa-726f-4f4b-a8ca-19b2cd61014b", {"status": "Accepted"}]' [67 bytes]
2023-03-27 09:41:00,279 - DEBUG - < TEXT '{}' [2 bytes]
2023-03-27 09:41:00,316 - DEBUG - > TEXT '[2, "9a48b900-7285-45fb-b6fa-b1ae7fda2a6c", "St...2023-03-27T09:40:43Z"}]' [170 bytes]
2023-03-27 09:41:00,581 - DEBUG - < TEXT '[4, "9a48b900-7285-45fb-b6fa-b1ae7fda2a6c", {"e...the requested Action"}]' [187 bytes]
2023-03-27 09:41:00,642 - DEBUG - = connection is CLOSING
2023-03-27 09:41:00,643 - DEBUG - > CLOSE 1000 (OK) [2 bytes]
2023-03-27 09:41:00,652 - DEBUG - < CLOSE 1000 (OK) [2 bytes]
2023-03-27 09:41:00,660 - DEBUG - = connection is CLOSED
2023-03-27 09:42:41,475 - DEBUG - = connection is CONNECTING
2023-03-27 09:42:41,513 - DEBUG - > GET /ocpp16/ELA007C01/EVSCA070007 HTTP/1.1
2023-03-27 09:42:41,513 - DEBUG - > Host: ws.devevspcharger.uplus.co.kr
2023-03-27 09:42:41,513 - DEBUG - > Upgrade: websocket
2023-03-27 09:42:41,514 - DEBUG - > Connection: Upgrade
2023-03-27 09:42:41,514 - DEBUG - > Sec-WebSocket-Key: 1jlwg01nh2XFl9ViihTZAg==
2023-03-27 09:42:41,514 - DEBUG - > Sec-WebSocket-Version: 13
2023-03-27 09:42:41,514 - DEBUG - > Sec-WebSocket-Extensions: permessage-deflate; client_max_window_bits
2023-03-27 09:42:41,514 - DEBUG - > Sec-WebSocket-Protocol: ocpp1.6
2023-03-27 09:42:41,515 - DEBUG - > Authorization: Basic RVZBUjpFVkFSTEdV
2023-03-27 09:42:41,515 - DEBUG - > User-Agent: Python/3.11 websockets/10.4
2023-03-27 09:42:42,103 - DEBUG - < HTTP/1.1 101 Switching Protocols
2023-03-27 09:42:42,103 - DEBUG - < Connection: upgrade
2023-03-27 09:42:42,104 - DEBUG - < Date: Mon, 27 Mar 2023 00:42:42 GMT
2023-03-27 09:42:42,104 - DEBUG - < sec-websocket-protocol: ocpp1.6
2023-03-27 09:42:42,104 - DEBUG - < upgrade: websocket
2023-03-27 09:42:42,104 - DEBUG - < sec-websocket-accept: iujCfZfS0YR2VM1/Q9JQa+0KTW0=
2023-03-27 09:42:42,104 - DEBUG - < sec-websocket-extensions: permessage-deflate
2023-03-27 09:42:42,104 - DEBUG - < X-Cache: Miss from cloudfront
2023-03-27 09:42:42,104 - DEBUG - < Via: 1.1 98cc70c99d4e07b8cd37265dc48c5a54.cloudfront.net (CloudFront)
2023-03-27 09:42:42,104 - DEBUG - < X-Amz-Cf-Pop: ICN57-P2
2023-03-27 09:42:42,105 - DEBUG - < X-Amz-Cf-Id: KeBT0KMduSa9UmReQltuST28IjefslHwe4TFx9eh1ByDEOLGybeLFg==
2023-03-27 09:42:42,106 - DEBUG - = connection is OPEN
2023-03-27 09:42:42,151 - DEBUG - > TEXT '[2, "4d856053-de88-4f08-9b2c-920b27a2b0e1", "Bo...umber": "EVSCA070007"}]' [169 bytes]
2023-03-27 09:42:42,601 - DEBUG - < TEXT '[3, "4d856053-de88-4f08-9b2c-920b27a2b0e1", {"s...42Z", "interval": 300}]' [123 bytes]
2023-03-27 09:42:42,631 - DEBUG - Starting new HTTPS connection (1): 8b434254zg.execute-api.ap-northeast-2.amazonaws.com:443
2023-03-27 09:42:43,188 - DEBUG - https://8b434254zg.execute-api.ap-northeast-2.amazonaws.com:443 "POST /dev/ioc HTTP/1.1" 200 167
2023-03-27 09:42:43,216 - DEBUG - < TEXT '[2, "d5a1d4ef-ff80-4359-991a-cb0433118b87", "Ch...nId", "value": "true"}]' [122 bytes]
2023-03-27 09:42:43,226 - DEBUG - > TEXT '[3, "d5a1d4ef-ff80-4359-991a-cb0433118b87", {"status": "Accepted"}]' [67 bytes]
2023-03-27 09:42:43,434 - DEBUG - < TEXT '{}' [2 bytes]
2023-03-27 09:42:43,461 - DEBUG - Starting new HTTPS connection (1): 8b434254zg.execute-api.ap-northeast-2.amazonaws.com:443
2023-03-27 09:42:43,839 - DEBUG - https://8b434254zg.execute-api.ap-northeast-2.amazonaws.com:443 "POST /dev/ioc HTTP/1.1" 200 162
2023-03-27 09:42:43,929 - DEBUG - < TEXT '[2, "6564dfc7-f0e4-4f27-918b-22fc00060e56", "Ch...ine", "value": "true"}]' [117 bytes]
2023-03-27 09:42:43,954 - DEBUG - > TEXT '[3, "6564dfc7-f0e4-4f27-918b-22fc00060e56", {"status": "Accepted"}]' [67 bytes]
2023-03-27 09:42:44,141 - DEBUG - < TEXT '{}' [2 bytes]
2023-03-27 09:42:44,174 - DEBUG - Starting new HTTPS connection (1): 8b434254zg.execute-api.ap-northeast-2.amazonaws.com:443
2023-03-27 09:42:44,560 - DEBUG - https://8b434254zg.execute-api.ap-northeast-2.amazonaws.com:443 "POST /dev/ioc HTTP/1.1" 200 106
2023-03-27 09:42:44,607 - DEBUG - < TEXT '[2, "f3e3a647-f83a-48f6-a201-bdcfa45094d7", "ClearCache", {}]' [61 bytes]
2023-03-27 09:42:44,624 - DEBUG - > TEXT '[3, "f3e3a647-f83a-48f6-a201-bdcfa45094d7", {"status": "Accepted"}]' [67 bytes]
2023-03-27 09:42:44,819 - DEBUG - < TEXT '{}' [2 bytes]
2023-03-27 09:42:44,853 - DEBUG - > TEXT '[2, "dde9adae-64c7-43ee-890c-d21a00e218db", "St...2023-03-27T09:40:43Z"}]' [170 bytes]
2023-03-27 09:42:45,101 - DEBUG - < TEXT '[4, "dde9adae-64c7-43ee-890c-d21a00e218db", {"e...the requested Action"}]' [187 bytes]
2023-03-27 09:42:45,137 - DEBUG - = connection is CLOSING
2023-03-27 09:42:45,137 - DEBUG - > CLOSE 1000 (OK) [2 bytes]
2023-03-27 09:42:45,146 - DEBUG - < CLOSE 1000 (OK) [2 bytes]
2023-03-27 09:42:45,152 - DEBUG - = connection is CLOSED
2023-03-27 09:56:48,229 - DEBUG - = connection is CONNECTING
2023-03-27 09:56:48,271 - DEBUG - > GET /ocpp16/ELA007C01/EVSCA070007 HTTP/1.1
2023-03-27 09:56:48,271 - DEBUG - > Host: ws.devevspcharger.uplus.co.kr
2023-03-27 09:56:48,271 - DEBUG - > Upgrade: websocket
2023-03-27 09:56:48,271 - DEBUG - > Connection: Upgrade
2023-03-27 09:56:48,271 - DEBUG - > Sec-WebSocket-Key: AjRdJD4TtlO8jNi0GBnOMQ==
2023-03-27 09:56:48,271 - DEBUG - > Sec-WebSocket-Version: 13
2023-03-27 09:56:48,271 - DEBUG - > Sec-WebSocket-Extensions: permessage-deflate; client_max_window_bits
2023-03-27 09:56:48,272 - DEBUG - > Sec-WebSocket-Protocol: ocpp1.6
2023-03-27 09:56:48,272 - DEBUG - > Authorization: Basic RVZBUjpFVkFSTEdV
2023-03-27 09:56:48,272 - DEBUG - > User-Agent: Python/3.11 websockets/10.4
2023-03-27 09:56:49,612 - DEBUG - < HTTP/1.1 101 Switching Protocols
2023-03-27 09:56:49,612 - DEBUG - < Connection: upgrade
2023-03-27 09:56:49,612 - DEBUG - < Date: Mon, 27 Mar 2023 00:56:49 GMT
2023-03-27 09:56:49,612 - DEBUG - < sec-websocket-protocol: ocpp1.6
2023-03-27 09:56:49,612 - DEBUG - < upgrade: websocket
2023-03-27 09:56:49,613 - DEBUG - < sec-websocket-accept: fgyPMKKMtkBNUIt1QK9EFxkJtlU=
2023-03-27 09:56:49,613 - DEBUG - < sec-websocket-extensions: permessage-deflate
2023-03-27 09:56:49,613 - DEBUG - < X-Cache: Miss from cloudfront
2023-03-27 09:56:49,613 - DEBUG - < Via: 1.1 9ce5dfe6a640bb6a762b3c2889e2317e.cloudfront.net (CloudFront)
2023-03-27 09:56:49,613 - DEBUG - < X-Amz-Cf-Pop: ICN57-P2
2023-03-27 09:56:49,613 - DEBUG - < X-Amz-Cf-Id: t2Di-rHyF8UDL2I7nrOp0Jk8kBzABHncJT7NuQu9yrnqRB5r_vsa0Q==
2023-03-27 09:56:49,613 - DEBUG - = connection is OPEN
2023-03-27 09:56:49,673 - DEBUG - > TEXT '[2, "4e615b7a-4184-45fe-8ced-1dc407a397cc", "Bo...umber": "EVSCA070007"}]' [169 bytes]
2023-03-27 09:56:49,937 - DEBUG - < TEXT '[3, "4e615b7a-4184-45fe-8ced-1dc407a397cc", {"s...49Z", "interval": 300}]' [123 bytes]
2023-03-27 09:56:54,383 - DEBUG - Starting new HTTPS connection (1): 8b434254zg.execute-api.ap-northeast-2.amazonaws.com:443
2023-03-27 09:56:55,811 - DEBUG - https://8b434254zg.execute-api.ap-northeast-2.amazonaws.com:443 "POST /dev/ioc HTTP/1.1" 200 185
2023-03-27 09:56:55,820 - DEBUG - < TEXT '[2, "a6994015-172a-4300-abbe-ae38f9df7970", "Ch... "status": "Accepted"}]' [140 bytes]
2023-03-27 09:56:55,840 - DEBUG - = connection is CLOSING
2023-03-27 09:56:55,841 - DEBUG - > CLOSE 1000 (OK) [2 bytes]
2023-03-27 09:56:55,849 - DEBUG - < CLOSE 1000 (OK) [2 bytes]
2023-03-27 09:56:55,855 - DEBUG - = connection is CLOSED
2023-03-27 11:07:55,253 - DEBUG - = connection is CONNECTING
2023-03-27 11:07:55,314 - DEBUG - > GET /ocpp16/ELA007C01/EVSCA070007 HTTP/1.1
2023-03-27 11:07:55,315 - DEBUG - > Host: ws.devevspcharger.uplus.co.kr
2023-03-27 11:07:55,315 - DEBUG - > Upgrade: websocket
2023-03-27 11:07:55,315 - DEBUG - > Connection: Upgrade
2023-03-27 11:07:55,316 - DEBUG - > Sec-WebSocket-Key: hAHyNUQJMgjFSZ7o02LitQ==
2023-03-27 11:07:55,316 - DEBUG - > Sec-WebSocket-Version: 13
2023-03-27 11:07:55,316 - DEBUG - > Sec-WebSocket-Extensions: permessage-deflate; client_max_window_bits
2023-03-27 11:07:55,316 - DEBUG - > Sec-WebSocket-Protocol: ocpp1.6
2023-03-27 11:07:55,316 - DEBUG - > Authorization: Basic RVZBUjpFVkFSTEdV
2023-03-27 11:07:55,317 - DEBUG - > User-Agent: Python/3.11 websockets/10.4
2023-03-27 11:07:56,609 - DEBUG - < HTTP/1.1 101 Switching Protocols
2023-03-27 11:07:56,610 - DEBUG - < Connection: upgrade
2023-03-27 11:07:56,610 - DEBUG - < Date: Mon, 27 Mar 2023 02:07:56 GMT
2023-03-27 11:07:56,610 - DEBUG - < sec-websocket-protocol: ocpp1.6
2023-03-27 11:07:56,611 - DEBUG - < upgrade: websocket
2023-03-27 11:07:56,611 - DEBUG - < sec-websocket-accept: poMRk6Qu1YwYSjWD06z+7IuQdd8=
2023-03-27 11:07:56,611 - DEBUG - < sec-websocket-extensions: permessage-deflate
2023-03-27 11:07:56,611 - DEBUG - < X-Cache: Miss from cloudfront
2023-03-27 11:07:56,611 - DEBUG - < Via: 1.1 1c31b550dc04cf34ff9053b76a7eecc4.cloudfront.net (CloudFront)
2023-03-27 11:07:56,611 - DEBUG - < X-Amz-Cf-Pop: ICN57-P2
2023-03-27 11:07:56,611 - DEBUG - < X-Amz-Cf-Id: M5xAq8wbqfCi2r8FZ_Q85B3izLyXc2snB1KidTZpbodUWXt_DZ0pNw==
2023-03-27 11:07:56,612 - DEBUG - = connection is OPEN
2023-03-27 11:07:56,787 - DEBUG - > TEXT '[2, "4ef4da31-dc5f-42bc-9f75-64297df6a125", "Bo...lNumber": "$crgr_sno"}]' [167 bytes]
2023-03-27 11:07:57,091 - DEBUG - < TEXT '[4, "4ef4da31-dc5f-42bc-9f75-64297df6a125", {"e... system availability"}]' [161 bytes]
2023-03-27 11:07:57,111 - DEBUG - = connection is CLOSING
2023-03-27 11:07:57,112 - DEBUG - > CLOSE 1000 (OK) [2 bytes]
2023-03-27 11:07:57,119 - DEBUG - < CLOSE 1000 (OK) [2 bytes]
2023-03-27 11:07:57,127 - DEBUG - = connection is CLOSED
2023-03-27 11:09:12,209 - DEBUG - = connection is CONNECTING
2023-03-27 11:09:12,272 - DEBUG - > GET /ocpp16/ELA007C01/EVSCA070007 HTTP/1.1
2023-03-27 11:09:12,273 - DEBUG - > Host: ws.devevspcharger.uplus.co.kr
2023-03-27 11:09:12,273 - DEBUG - > Upgrade: websocket
2023-03-27 11:09:12,273 - DEBUG - > Connection: Upgrade
2023-03-27 11:09:12,274 - DEBUG - > Sec-WebSocket-Key: xXmCDcMAeNFoJBq6bItpQg==
2023-03-27 11:09:12,274 - DEBUG - > Sec-WebSocket-Version: 13
2023-03-27 11:09:12,275 - DEBUG - > Sec-WebSocket-Extensions: permessage-deflate; client_max_window_bits
2023-03-27 11:09:12,275 - DEBUG - > Sec-WebSocket-Protocol: ocpp1.6
2023-03-27 11:09:12,275 - DEBUG - > Authorization: Basic RVZBUjpFVkFSTEdV
2023-03-27 11:09:12,275 - DEBUG - > User-Agent: Python/3.11 websockets/10.4
2023-03-27 11:09:13,580 - DEBUG - < HTTP/1.1 101 Switching Protocols
2023-03-27 11:09:13,581 - DEBUG - < Connection: upgrade
2023-03-27 11:09:13,582 - DEBUG - < Date: Mon, 27 Mar 2023 02:09:13 GMT
2023-03-27 11:09:13,583 - DEBUG - < sec-websocket-protocol: ocpp1.6
2023-03-27 11:09:13,583 - DEBUG - < upgrade: websocket
2023-03-27 11:09:13,583 - DEBUG - < sec-websocket-accept: eJosxAV9eXECP6JHp2TBXiWhjeI=
2023-03-27 11:09:13,583 - DEBUG - < sec-websocket-extensions: permessage-deflate
2023-03-27 11:09:13,584 - DEBUG - < X-Cache: Miss from cloudfront
2023-03-27 11:09:13,584 - DEBUG - < Via: 1.1 623f9f4dd2fef338f4704e13bada95c8.cloudfront.net (CloudFront)
2023-03-27 11:09:13,584 - DEBUG - < X-Amz-Cf-Pop: ICN57-P2
2023-03-27 11:09:13,584 - DEBUG - < X-Amz-Cf-Id: NRUp4nMT7nFBysHL5_R1sfo0WUrLqbgeTnAdQ-juov4yypPDOEa_CQ==
2023-03-27 11:09:13,585 - DEBUG - = connection is OPEN
2023-03-27 11:09:13,636 - DEBUG - > TEXT '[2, "01396fd7-406f-489f-9b22-53376c0e8ee4", "Bo...umber": "EVSCA070007"}]' [169 bytes]
2023-03-27 11:09:14,129 - DEBUG - < TEXT '[3, "01396fd7-406f-489f-9b22-53376c0e8ee4", {"s...13Z", "interval": 300}]' [123 bytes]
2023-03-27 11:09:14,632 - DEBUG - Starting new HTTPS connection (1): 8b434254zg.execute-api.ap-northeast-2.amazonaws.com:443
2023-03-27 11:09:16,107 - DEBUG - https://8b434254zg.execute-api.ap-northeast-2.amazonaws.com:443 "POST /dev/ioc HTTP/1.1" 200 167
2023-03-27 11:09:16,160 - DEBUG - < TEXT '[2, "ef537cdb-5590-4d9e-98fa-5ef9284269f5", "Ch...nId", "value": "true"}]' [122 bytes]
2023-03-27 11:09:16,204 - DEBUG - > TEXT '[3, "ef537cdb-5590-4d9e-98fa-5ef9284269f5", {"status": "Accepted"}]' [67 bytes]
2023-03-27 11:09:16,879 - DEBUG - < TEXT '{}' [2 bytes]
2023-03-27 11:09:16,952 - DEBUG - Starting new HTTPS connection (1): 8b434254zg.execute-api.ap-northeast-2.amazonaws.com:443
2023-03-27 11:09:17,402 - DEBUG - https://8b434254zg.execute-api.ap-northeast-2.amazonaws.com:443 "POST /dev/ioc HTTP/1.1" 200 162
2023-03-27 11:09:17,427 - DEBUG - < TEXT '[2, "dd16a4e4-0dc7-416c-9e13-00fd8b2d083b", "Ch...ine", "value": "true"}]' [117 bytes]
2023-03-27 11:09:17,470 - DEBUG - > TEXT '[3, "dd16a4e4-0dc7-416c-9e13-00fd8b2d083b", {"status": "Accepted"}]' [67 bytes]
2023-03-27 11:09:17,746 - DEBUG - < TEXT '{}' [2 bytes]
2023-03-27 11:09:17,855 - DEBUG - Starting new HTTPS connection (1): 8b434254zg.execute-api.ap-northeast-2.amazonaws.com:443
2023-03-27 11:09:18,364 - DEBUG - https://8b434254zg.execute-api.ap-northeast-2.amazonaws.com:443 "POST /dev/ioc HTTP/1.1" 200 106
2023-03-27 11:09:18,394 - DEBUG - < TEXT '[2, "5db5b148-cff7-4f57-84b7-a35d77ebfa8d", "ClearCache", {}]' [61 bytes]
2023-03-27 11:09:18,436 - DEBUG - > TEXT '[3, "5db5b148-cff7-4f57-84b7-a35d77ebfa8d", {"status": "Accepted"}]' [67 bytes]
2023-03-27 11:09:18,644 - DEBUG - < TEXT '{}' [2 bytes]
2023-03-27 11:09:18,692 - DEBUG - > TEXT '[2, "08fa4e6f-384c-43fb-93ad-cb6bc2fa0dcc", "St...2023-03-27T11:07:55Z"}]' [154 bytes]
2023-03-27 11:09:18,975 - DEBUG - < TEXT '[4, "08fa4e6f-384c-43fb-93ad-cb6bc2fa0dcc", {"e...ccurence constraints"}]' [219 bytes]
2023-03-27 11:09:19,035 - DEBUG - = connection is CLOSING
2023-03-27 11:09:19,035 - DEBUG - > CLOSE 1000 (OK) [2 bytes]
2023-03-27 11:09:19,043 - DEBUG - < CLOSE 1000 (OK) [2 bytes]
2023-03-27 11:09:19,047 - DEBUG - = connection is CLOSED
2023-03-27 11:11:08,047 - DEBUG - = connection is CONNECTING
2023-03-27 11:11:08,076 - DEBUG - > GET /ocpp16/ELA007C01/EVSCA070007 HTTP/1.1
2023-03-27 11:11:08,077 - DEBUG - > Host: ws.devevspcharger.uplus.co.kr
2023-03-27 11:11:08,078 - DEBUG - > Upgrade: websocket
2023-03-27 11:11:08,078 - DEBUG - > Connection: Upgrade
2023-03-27 11:11:08,078 - DEBUG - > Sec-WebSocket-Key: jN8LhLesGZoHjk4bgVP+yA==
2023-03-27 11:11:08,078 - DEBUG - > Sec-WebSocket-Version: 13
2023-03-27 11:11:08,078 - DEBUG - > Sec-WebSocket-Extensions: permessage-deflate; client_max_window_bits
2023-03-27 11:11:08,078 - DEBUG - > Sec-WebSocket-Protocol: ocpp1.6
2023-03-27 11:11:08,078 - DEBUG - > Authorization: Basic RVZBUjpFVkFSTEdV
2023-03-27 11:11:08,078 - DEBUG - > User-Agent: Python/3.11 websockets/10.4
2023-03-27 11:11:08,647 - DEBUG - < HTTP/1.1 101 Switching Protocols
2023-03-27 11:11:08,647 - DEBUG - < Connection: upgrade
2023-03-27 11:11:08,647 - DEBUG - < Date: Mon, 27 Mar 2023 02:11:08 GMT
2023-03-27 11:11:08,647 - DEBUG - < sec-websocket-protocol: ocpp1.6
2023-03-27 11:11:08,647 - DEBUG - < upgrade: websocket
2023-03-27 11:11:08,648 - DEBUG - < sec-websocket-accept: sSvakwCiHdY/D2XrSlX9TTYc1nI=
2023-03-27 11:11:08,648 - DEBUG - < sec-websocket-extensions: permessage-deflate
2023-03-27 11:11:08,648 - DEBUG - < X-Cache: Miss from cloudfront
2023-03-27 11:11:08,648 - DEBUG - < Via: 1.1 1c2dddf38b53f960ce106f4047c232e4.cloudfront.net (CloudFront)
2023-03-27 11:11:08,648 - DEBUG - < X-Amz-Cf-Pop: ICN57-P2
2023-03-27 11:11:08,648 - DEBUG - < X-Amz-Cf-Id: AtCplVOrvMB14oy_x0fB54h0KhEqbQDzM4_wPctljZgJQf3jmb56aA==
2023-03-27 11:11:08,649 - DEBUG - = connection is OPEN
2023-03-27 11:11:08,667 - DEBUG - > TEXT '[2, "4dc95b68-4cb9-42aa-a8c3-246e68c9016f", "Bo...umber": "EVSCA070007"}]' [169 bytes]
2023-03-27 11:11:09,042 - DEBUG - < TEXT '[3, "4dc95b68-4cb9-42aa-a8c3-246e68c9016f", {"s...08Z", "interval": 300}]' [123 bytes]
2023-03-27 11:11:09,066 - DEBUG - Starting new HTTPS connection (1): 8b434254zg.execute-api.ap-northeast-2.amazonaws.com:443
2023-03-27 11:11:09,671 - DEBUG - https://8b434254zg.execute-api.ap-northeast-2.amazonaws.com:443 "POST /dev/ioc HTTP/1.1" 200 167
2023-03-27 11:11:09,691 - DEBUG - < TEXT '[2, "1b348e0c-a72c-4d72-9dac-1b728a65a99f", "Ch...nId", "value": "true"}]' [122 bytes]
2023-03-27 11:11:09,705 - DEBUG - > TEXT '[3, "1b348e0c-a72c-4d72-9dac-1b728a65a99f", {"status": "Accepted"}]' [67 bytes]
2023-03-27 11:11:09,935 - DEBUG - < TEXT '{}' [2 bytes]
2023-03-27 11:11:09,954 - DEBUG - Starting new HTTPS connection (1): 8b434254zg.execute-api.ap-northeast-2.amazonaws.com:443
2023-03-27 11:11:10,441 - DEBUG - https://8b434254zg.execute-api.ap-northeast-2.amazonaws.com:443 "POST /dev/ioc HTTP/1.1" 200 162
2023-03-27 11:11:10,463 - DEBUG - < TEXT '[2, "0f0df53d-c335-4301-b39a-d979aa8dcd77", "Ch...ine", "value": "true"}]' [117 bytes]
2023-03-27 11:11:10,473 - DEBUG - > TEXT '[3, "0f0df53d-c335-4301-b39a-d979aa8dcd77", {"status": "Accepted"}]' [67 bytes]
2023-03-27 11:11:10,667 - DEBUG - < TEXT '{}' [2 bytes]
2023-03-27 11:11:10,687 - DEBUG - Starting new HTTPS connection (1): 8b434254zg.execute-api.ap-northeast-2.amazonaws.com:443
2023-03-27 11:11:11,103 - DEBUG - https://8b434254zg.execute-api.ap-northeast-2.amazonaws.com:443 "POST /dev/ioc HTTP/1.1" 200 106
2023-03-27 11:11:11,126 - DEBUG - < TEXT '[2, "b3b61cf2-7da1-4384-a78d-b1176cb60be6", "ClearCache", {}]' [61 bytes]
2023-03-27 11:11:11,136 - DEBUG - > TEXT '[3, "b3b61cf2-7da1-4384-a78d-b1176cb60be6", {"status": "Accepted"}]' [67 bytes]
2023-03-27 11:11:11,347 - DEBUG - < TEXT '{}' [2 bytes]
2023-03-27 11:11:11,366 - DEBUG - > TEXT '[2, "54af0ca2-d9f7-42b9-a20e-3bc6172b0824", "St...2023-03-27T11:07:55Z"}]' [154 bytes]
2023-03-27 11:11:11,564 - DEBUG - < TEXT '[4, "54af0ca2-d9f7-42b9-a20e-3bc6172b0824", {"e...ccurence constraints"}]' [219 bytes]
2023-03-27 11:11:11,594 - DEBUG - = connection is CLOSING
2023-03-27 11:11:11,594 - DEBUG - > CLOSE 1000 (OK) [2 bytes]
2023-03-27 11:11:11,601 - DEBUG - < CLOSE 1000 (OK) [2 bytes]
2023-03-27 11:11:11,605 - DEBUG - = connection is CLOSED
2023-03-27 11:12:29,691 - DEBUG - = connection is CONNECTING
2023-03-27 11:12:29,723 - DEBUG - > GET /ocpp16/ELA007C01/EVSCA070007 HTTP/1.1
2023-03-27 11:12:29,723 - DEBUG - > Host: ws.devevspcharger.uplus.co.kr
2023-03-27 11:12:29,723 - DEBUG - > Upgrade: websocket
2023-03-27 11:12:29,723 - DEBUG - > Connection: Upgrade
2023-03-27 11:12:29,723 - DEBUG - > Sec-WebSocket-Key: x25o92GIVU9DianAww3NiA==
2023-03-27 11:12:29,723 - DEBUG - > Sec-WebSocket-Version: 13
2023-03-27 11:12:29,723 - DEBUG - > Sec-WebSocket-Extensions: permessage-deflate; client_max_window_bits
2023-03-27 11:12:29,724 - DEBUG - > Sec-WebSocket-Protocol: ocpp1.6
2023-03-27 11:12:29,724 - DEBUG - > Authorization: Basic RVZBUjpFVkFSTEdV
2023-03-27 11:12:29,724 - DEBUG - > User-Agent: Python/3.11 websockets/10.4
2023-03-27 11:12:30,299 - DEBUG - < HTTP/1.1 101 Switching Protocols
2023-03-27 11:12:30,300 - DEBUG - < Connection: upgrade
2023-03-27 11:12:30,300 - DEBUG - < Date: Mon, 27 Mar 2023 02:12:30 GMT
2023-03-27 11:12:30,300 - DEBUG - < sec-websocket-protocol: ocpp1.6
2023-03-27 11:12:30,300 - DEBUG - < upgrade: websocket
2023-03-27 11:12:30,301 - DEBUG - < sec-websocket-accept: g6jDIcARxk6H22hLwtQ38HzSK/g=
2023-03-27 11:12:30,301 - DEBUG - < sec-websocket-extensions: permessage-deflate
2023-03-27 11:12:30,301 - DEBUG - < X-Cache: Miss from cloudfront
2023-03-27 11:12:30,301 - DEBUG - < Via: 1.1 82b32d3cf0884f8ba64486d5e981bdb8.cloudfront.net (CloudFront)
2023-03-27 11:12:30,301 - DEBUG - < X-Amz-Cf-Pop: ICN57-P2
2023-03-27 11:12:30,302 - DEBUG - < X-Amz-Cf-Id: iAnX17Lg-pW4Zi5o6KBsvGDdbD2RbMiFxCJKqRyP7_5SzIYElkppHw==
2023-03-27 11:12:30,302 - DEBUG - = connection is OPEN
2023-03-27 11:12:30,361 - DEBUG - > TEXT '[2, "550b8666-7640-4322-a2fd-750e0e932326", "Bo...umber": "EVSCA070007"}]' [169 bytes]
2023-03-27 11:12:30,789 - DEBUG - < TEXT '[3, "550b8666-7640-4322-a2fd-750e0e932326", {"s...30Z", "interval": 300}]' [123 bytes]
2023-03-27 11:12:30,810 - DEBUG - Starting new HTTPS connection (1): 8b434254zg.execute-api.ap-northeast-2.amazonaws.com:443
2023-03-27 11:12:31,466 - DEBUG - https://8b434254zg.execute-api.ap-northeast-2.amazonaws.com:443 "POST /dev/ioc HTTP/1.1" 200 167
2023-03-27 11:12:31,509 - DEBUG - < TEXT '[2, "155d84e9-15d0-4a8a-bfc4-25f7bd0ba7a5", "Ch...nId", "value": "true"}]' [122 bytes]
2023-03-27 11:12:31,521 - DEBUG - > TEXT '[3, "155d84e9-15d0-4a8a-bfc4-25f7bd0ba7a5", {"status": "Accepted"}]' [67 bytes]
2023-03-27 11:12:31,713 - DEBUG - < TEXT '{}' [2 bytes]
2023-03-27 11:12:31,743 - DEBUG - Starting new HTTPS connection (1): 8b434254zg.execute-api.ap-northeast-2.amazonaws.com:443
2023-03-27 11:12:32,165 - DEBUG - https://8b434254zg.execute-api.ap-northeast-2.amazonaws.com:443 "POST /dev/ioc HTTP/1.1" 200 162
2023-03-27 11:12:32,194 - DEBUG - < TEXT '[2, "12bb046f-a48d-46a6-b2bb-a99ae012ce62", "Ch...ine", "value": "true"}]' [117 bytes]
2023-03-27 11:12:32,200 - DEBUG - > TEXT '[3, "12bb046f-a48d-46a6-b2bb-a99ae012ce62", {"status": "Accepted"}]' [67 bytes]
2023-03-27 11:12:32,390 - DEBUG - < TEXT '{}' [2 bytes]
2023-03-27 11:12:32,413 - DEBUG - Starting new HTTPS connection (1): 8b434254zg.execute-api.ap-northeast-2.amazonaws.com:443
2023-03-27 11:12:32,847 - DEBUG - https://8b434254zg.execute-api.ap-northeast-2.amazonaws.com:443 "POST /dev/ioc HTTP/1.1" 200 106
2023-03-27 11:12:32,868 - DEBUG - < TEXT '[2, "bbe21e48-19cd-4468-b718-3c94acb08d6d", "ClearCache", {}]' [61 bytes]
2023-03-27 11:12:32,880 - DEBUG - > TEXT '[3, "bbe21e48-19cd-4468-b718-3c94acb08d6d", {"status": "Accepted"}]' [67 bytes]
2023-03-27 11:12:33,072 - DEBUG - < TEXT '{}' [2 bytes]
2023-03-27 11:12:33,087 - DEBUG - > TEXT '[2, "9d98bcf0-6d42-4046-a522-5780bc88e6d2", "St...2023-03-27T11:07:55Z"}]' [154 bytes]
2023-03-27 11:12:33,286 - DEBUG - < TEXT '[4, "9d98bcf0-6d42-4046-a522-5780bc88e6d2", {"e...ccurence constraints"}]' [219 bytes]
2023-03-27 11:12:33,312 - DEBUG - = connection is CLOSING
2023-03-27 11:12:33,313 - DEBUG - > CLOSE 1000 (OK) [2 bytes]
2023-03-27 11:12:33,322 - DEBUG - < CLOSE 1000 (OK) [2 bytes]
2023-03-27 11:12:33,328 - DEBUG - = connection is CLOSED
2023-03-27 11:14:27,862 - DEBUG - = connection is CONNECTING
2023-03-27 11:14:27,893 - DEBUG - > GET /ocpp16/ELA007C01/EVSCA070007 HTTP/1.1
2023-03-27 11:14:27,893 - DEBUG - > Host: ws.devevspcharger.uplus.co.kr
2023-03-27 11:14:27,893 - DEBUG - > Upgrade: websocket
2023-03-27 11:14:27,893 - DEBUG - > Connection: Upgrade
2023-03-27 11:14:27,893 - DEBUG - > Sec-WebSocket-Key: N4KrQYFe1agLmR76QGKhRQ==
2023-03-27 11:14:27,893 - DEBUG - > Sec-WebSocket-Version: 13
2023-03-27 11:14:27,894 - DEBUG - > Sec-WebSocket-Extensions: permessage-deflate; client_max_window_bits
2023-03-27 11:14:27,894 - DEBUG - > Sec-WebSocket-Protocol: ocpp1.6
2023-03-27 11:14:27,894 - DEBUG - > Authorization: Basic RVZBUjpFVkFSTEdV
2023-03-27 11:14:27,894 - DEBUG - > User-Agent: Python/3.11 websockets/10.4
2023-03-27 11:14:28,391 - DEBUG - < HTTP/1.1 101 Switching Protocols
2023-03-27 11:14:28,391 - DEBUG - < Connection: upgrade
2023-03-27 11:14:28,392 - DEBUG - < Date: Mon, 27 Mar 2023 02:14:28 GMT
2023-03-27 11:14:28,392 - DEBUG - < sec-websocket-protocol: ocpp1.6
2023-03-27 11:14:28,392 - DEBUG - < upgrade: websocket
2023-03-27 11:14:28,392 - DEBUG - < sec-websocket-accept: U5WCK1KydQBNbVoPWubbqWNxLwo=
2023-03-27 11:14:28,392 - DEBUG - < sec-websocket-extensions: permessage-deflate
2023-03-27 11:14:28,392 - DEBUG - < X-Cache: Miss from cloudfront
2023-03-27 11:14:28,392 - DEBUG - < Via: 1.1 967cab954a1c41e7f76f472d706ab3a0.cloudfront.net (CloudFront)
2023-03-27 11:14:28,393 - DEBUG - < X-Amz-Cf-Pop: ICN57-P2
2023-03-27 11:14:28,393 - DEBUG - < X-Amz-Cf-Id: hbIgnKSyGgnlCC5490E1EEM5aEEsVWm2HKZ1uBvOYQR-_qwfayC-Ow==
2023-03-27 11:14:28,393 - DEBUG - = connection is OPEN
2023-03-27 11:14:28,435 - DEBUG - > TEXT '[2, "373b84fc-ec95-4fd1-8aac-23f6ce34c11c", "Bo...umber": "EVSCA070007"}]' [169 bytes]
2023-03-27 11:14:28,833 - DEBUG - < TEXT '[3, "373b84fc-ec95-4fd1-8aac-23f6ce34c11c", {"s...28Z", "interval": 300}]' [123 bytes]
2023-03-27 11:14:28,855 - DEBUG - Starting new HTTPS connection (1): 8b434254zg.execute-api.ap-northeast-2.amazonaws.com:443
2023-03-27 11:14:29,489 - DEBUG - https://8b434254zg.execute-api.ap-northeast-2.amazonaws.com:443 "POST /dev/ioc HTTP/1.1" 200 167
2023-03-27 11:14:29,516 - DEBUG - < TEXT '[2, "877e4fdf-ecc5-4037-8de2-1d3372b070f9", "Ch...nId", "value": "true"}]' [122 bytes]
2023-03-27 11:14:29,525 - DEBUG - > TEXT '[3, "877e4fdf-ecc5-4037-8de2-1d3372b070f9", {"status": "Accepted"}]' [67 bytes]
2023-03-27 11:14:29,732 - DEBUG - < TEXT '{}' [2 bytes]
2023-03-27 11:14:29,758 - DEBUG - Starting new HTTPS connection (1): 8b434254zg.execute-api.ap-northeast-2.amazonaws.com:443
2023-03-27 11:14:30,167 - DEBUG - https://8b434254zg.execute-api.ap-northeast-2.amazonaws.com:443 "POST /dev/ioc HTTP/1.1" 200 162
2023-03-27 11:14:30,217 - DEBUG - < TEXT '[2, "88925ff3-cded-4b47-9556-e46239a5b9d7", "Ch...ine", "value": "true"}]' [117 bytes]
2023-03-27 11:14:30,229 - DEBUG - > TEXT '[3, "88925ff3-cded-4b47-9556-e46239a5b9d7", {"status": "Accepted"}]' [67 bytes]
2023-03-27 11:14:30,412 - DEBUG - < TEXT '{}' [2 bytes]
2023-03-27 11:14:30,446 - DEBUG - Starting new HTTPS connection (1): 8b434254zg.execute-api.ap-northeast-2.amazonaws.com:443
2023-03-27 11:14:30,845 - DEBUG - https://8b434254zg.execute-api.ap-northeast-2.amazonaws.com:443 "POST /dev/ioc HTTP/1.1" 200 106
2023-03-27 11:14:30,892 - DEBUG - < TEXT '[2, "db7771dd-0a62-494a-a2ac-823554cbe7e0", "ClearCache", {}]' [61 bytes]
2023-03-27 11:14:30,901 - DEBUG - > TEXT '[3, "db7771dd-0a62-494a-a2ac-823554cbe7e0", {"status": "Accepted"}]' [67 bytes]
2023-03-27 11:14:31,107 - DEBUG - < TEXT '{}' [2 bytes]
2023-03-27 11:14:31,134 - DEBUG - > TEXT '[2, "4d6f11f2-2ba0-4032-92b9-fb76ddede466", "St...2023-03-27T11:12:29Z"}]' [154 bytes]
2023-03-27 11:14:31,334 - DEBUG - < TEXT '[4, "4d6f11f2-2ba0-4032-92b9-fb76ddede466", {"e...ccurence constraints"}]' [219 bytes]
2023-03-27 11:14:31,362 - DEBUG - = connection is CLOSING
2023-03-27 11:14:31,362 - DEBUG - > CLOSE 1000 (OK) [2 bytes]
2023-03-27 11:14:31,370 - DEBUG - < CLOSE 1000 (OK) [2 bytes]
2023-03-27 11:14:31,378 - DEBUG - = connection is CLOSED
2023-03-27 11:16:54,737 - DEBUG - = connection is CONNECTING
2023-03-27 11:16:54,771 - DEBUG - > GET /ocpp16/ELA007C01/EVSCA070007 HTTP/1.1
2023-03-27 11:16:54,771 - DEBUG - > Host: ws.devevspcharger.uplus.co.kr
2023-03-27 11:16:54,771 - DEBUG - > Upgrade: websocket
2023-03-27 11:16:54,771 - DEBUG - > Connection: Upgrade
2023-03-27 11:16:54,772 - DEBUG - > Sec-WebSocket-Key: UA301OkMKxw/DDHcARQAkw==
2023-03-27 11:16:54,772 - DEBUG - > Sec-WebSocket-Version: 13
2023-03-27 11:16:54,772 - DEBUG - > Sec-WebSocket-Extensions: permessage-deflate; client_max_window_bits
2023-03-27 11:16:54,772 - DEBUG - > Sec-WebSocket-Protocol: ocpp1.6
2023-03-27 11:16:54,772 - DEBUG - > Authorization: Basic RVZBUjpFVkFSTEdV
2023-03-27 11:16:54,772 - DEBUG - > User-Agent: Python/3.11 websockets/10.4
2023-03-27 11:16:55,307 - DEBUG - < HTTP/1.1 101 Switching Protocols
2023-03-27 11:16:55,308 - DEBUG - < Connection: upgrade
2023-03-27 11:16:55,308 - DEBUG - < Date: Mon, 27 Mar 2023 02:16:55 GMT
2023-03-27 11:16:55,308 - DEBUG - < sec-websocket-protocol: ocpp1.6
2023-03-27 11:16:55,308 - DEBUG - < upgrade: websocket
2023-03-27 11:16:55,308 - DEBUG - < sec-websocket-accept: hQr8suqeK4m0llQUkrJIqyNsvfc=
2023-03-27 11:16:55,308 - DEBUG - < sec-websocket-extensions: permessage-deflate
2023-03-27 11:16:55,308 - DEBUG - < X-Cache: Miss from cloudfront
2023-03-27 11:16:55,308 - DEBUG - < Via: 1.1 623f9f4dd2fef338f4704e13bada95c8.cloudfront.net (CloudFront)
2023-03-27 11:16:55,308 - DEBUG - < X-Amz-Cf-Pop: ICN57-P2
2023-03-27 11:16:55,308 - DEBUG - < X-Amz-Cf-Id: JuO8k8KyRLOZX7S4rDfaqBAZ5tsgdsIEDLaEYjX2u-RyktLp6HMfXw==
2023-03-27 11:16:55,309 - DEBUG - = connection is OPEN
2023-03-27 11:16:55,326 - DEBUG - > TEXT '[2, "f61c3102-26ea-475c-8a1c-a5eec82a098a", "Bo...lNumber": "$crgr_sno"}]' [167 bytes]
2023-03-27 11:16:55,479 - DEBUG - < TEXT '[4, "f61c3102-26ea-475c-8a1c-a5eec82a098a", {"e... system availability"}]' [161 bytes]
2023-03-27 11:16:55,505 - DEBUG - = connection is CLOSING
2023-03-27 11:16:55,505 - DEBUG - > CLOSE 1000 (OK) [2 bytes]
2023-03-27 11:16:55,525 - DEBUG - < CLOSE 1000 (OK) [2 bytes]
2023-03-27 11:16:55,539 - DEBUG - = connection is CLOSED
2023-03-27 11:17:11,822 - DEBUG - = connection is CONNECTING
2023-03-27 11:17:11,867 - DEBUG - > GET /ocpp16/ELA007C01/EVSCA070007 HTTP/1.1
2023-03-27 11:17:11,867 - DEBUG - > Host: ws.devevspcharger.uplus.co.kr
2023-03-27 11:17:11,867 - DEBUG - > Upgrade: websocket
2023-03-27 11:17:11,867 - DEBUG - > Connection: Upgrade
2023-03-27 11:17:11,868 - DEBUG - > Sec-WebSocket-Key: U5+JMHp7VqZa0uzpzlWJuQ==
2023-03-27 11:17:11,868 - DEBUG - > Sec-WebSocket-Version: 13
2023-03-27 11:17:11,868 - DEBUG - > Sec-WebSocket-Extensions: permessage-deflate; client_max_window_bits
2023-03-27 11:17:11,868 - DEBUG - > Sec-WebSocket-Protocol: ocpp1.6
2023-03-27 11:17:11,868 - DEBUG - > Authorization: Basic RVZBUjpFVkFSTEdV
2023-03-27 11:17:11,868 - DEBUG - > User-Agent: Python/3.11 websockets/10.4
2023-03-27 11:17:12,109 - DEBUG - < HTTP/1.1 101 Switching Protocols
2023-03-27 11:17:12,109 - DEBUG - < Connection: upgrade
2023-03-27 11:17:12,109 - DEBUG - < Date: Mon, 27 Mar 2023 02:17:11 GMT
2023-03-27 11:17:12,110 - DEBUG - < sec-websocket-protocol: ocpp1.6
2023-03-27 11:17:12,110 - DEBUG - < upgrade: websocket
2023-03-27 11:17:12,110 - DEBUG - < sec-websocket-accept: N+YDmIPuy1aFwpBfni/Eqkkpl4g=
2023-03-27 11:17:12,110 - DEBUG - < sec-websocket-extensions: permessage-deflate
2023-03-27 11:17:12,110 - DEBUG - < X-Cache: Miss from cloudfront
2023-03-27 11:17:12,110 - DEBUG - < Via: 1.1 88978ba000ab6fbb0841a728290a8442.cloudfront.net (CloudFront)
2023-03-27 11:17:12,110 - DEBUG - < X-Amz-Cf-Pop: ICN57-P2
2023-03-27 11:17:12,111 - DEBUG - < X-Amz-Cf-Id: Eh6vH6AW6rcOstQj0Xv0ad4tTGnjFUdWErLa6JVtLAsDWSjC_T6bJQ==
2023-03-27 11:17:12,111 - DEBUG - = connection is OPEN
2023-03-27 11:17:12,140 - DEBUG - > TEXT '[2, "7793e83c-a8d7-47e5-b4a1-f9586fed1e0a", "Bo...umber": "EVSCA070007"}]' [169 bytes]
2023-03-27 11:17:12,393 - DEBUG - < TEXT '[3, "7793e83c-a8d7-47e5-b4a1-f9586fed1e0a", {"s...11Z", "interval": 300}]' [123 bytes]
2023-03-27 11:17:12,487 - DEBUG - Starting new HTTPS connection (1): 8b434254zg.execute-api.ap-northeast-2.amazonaws.com:443
2023-03-27 11:17:13,088 - DEBUG - https://8b434254zg.execute-api.ap-northeast-2.amazonaws.com:443 "POST /dev/ioc HTTP/1.1" 200 167
2023-03-27 11:17:13,110 - DEBUG - < TEXT '[2, "747d0c0a-ae57-4fb0-9244-c52bfe5a5162", "Ch...nId", "value": "true"}]' [122 bytes]
2023-03-27 11:17:13,131 - DEBUG - > TEXT '[3, "747d0c0a-ae57-4fb0-9244-c52bfe5a5162", {"status": "Accepted"}]' [67 bytes]
2023-03-27 11:17:13,339 - DEBUG - < TEXT '{}' [2 bytes]
2023-03-27 11:17:13,413 - DEBUG - Starting new HTTPS connection (1): 8b434254zg.execute-api.ap-northeast-2.amazonaws.com:443
2023-03-27 11:17:13,809 - DEBUG - https://8b434254zg.execute-api.ap-northeast-2.amazonaws.com:443 "POST /dev/ioc HTTP/1.1" 200 162
2023-03-27 11:17:13,831 - DEBUG - < TEXT '[2, "b13e6b8b-7f09-40e2-b516-c1bc51585a6e", "Ch...ine", "value": "true"}]' [117 bytes]
2023-03-27 11:17:13,861 - DEBUG - > TEXT '[3, "b13e6b8b-7f09-40e2-b516-c1bc51585a6e", {"status": "Accepted"}]' [67 bytes]
2023-03-27 11:17:14,052 - DEBUG - < TEXT '{}' [2 bytes]
2023-03-27 11:17:14,117 - DEBUG - Starting new HTTPS connection (1): 8b434254zg.execute-api.ap-northeast-2.amazonaws.com:443
2023-03-27 11:17:14,529 - DEBUG - https://8b434254zg.execute-api.ap-northeast-2.amazonaws.com:443 "POST /dev/ioc HTTP/1.1" 200 106
2023-03-27 11:17:14,554 - DEBUG - < TEXT '[2, "7c8e20d9-e430-4e1e-9267-6c4b96ed22d3", "ClearCache", {}]' [61 bytes]
2023-03-27 11:17:14,580 - DEBUG - > TEXT '[3, "7c8e20d9-e430-4e1e-9267-6c4b96ed22d3", {"status": "Accepted"}]' [67 bytes]
2023-03-27 11:17:14,821 - DEBUG - < TEXT '{}' [2 bytes]
2023-03-27 11:17:14,848 - DEBUG - > TEXT '[2, "a3ac6636-9d59-4da7-b451-4b0a8c172a08", "St...2023-03-27T11:16:54Z"}]' [170 bytes]
2023-03-27 11:17:15,118 - DEBUG - < TEXT '[4, "a3ac6636-9d59-4da7-b451-4b0a8c172a08", {"e...the requested Action"}]' [187 bytes]
2023-03-27 11:17:15,158 - DEBUG - = connection is CLOSING
2023-03-27 11:17:15,158 - DEBUG - > CLOSE 1000 (OK) [2 bytes]
2023-03-27 11:17:15,166 - DEBUG - < CLOSE 1000 (OK) [2 bytes]
2023-03-27 11:17:15,169 - DEBUG - = connection is CLOSED
2023-03-27 12:30:17,860 - DEBUG - = connection is CONNECTING
2023-03-27 12:30:17,897 - DEBUG - > GET /ocpp16/ELA007C01/EVSCA070007 HTTP/1.1
2023-03-27 12:30:17,897 - DEBUG - > Host: ws.devevspcharger.uplus.co.kr
2023-03-27 12:30:17,897 - DEBUG - > Upgrade: websocket
2023-03-27 12:30:17,897 - DEBUG - > Connection: Upgrade
2023-03-27 12:30:17,897 - DEBUG - > Sec-WebSocket-Key: K0ojqMBJL6Bhumn8t+SGgg==
2023-03-27 12:30:17,897 - DEBUG - > Sec-WebSocket-Version: 13
2023-03-27 12:30:17,897 - DEBUG - > Sec-WebSocket-Extensions: permessage-deflate; client_max_window_bits
2023-03-27 12:30:17,897 - DEBUG - > Sec-WebSocket-Protocol: ocpp1.6
2023-03-27 12:30:17,897 - DEBUG - > Authorization: Basic RVZBUjpFVkFSTEdV
2023-03-27 12:30:17,898 - DEBUG - > User-Agent: Python/3.11 websockets/10.4
2023-03-27 12:30:19,343 - DEBUG - < HTTP/1.1 101 Switching Protocols
2023-03-27 12:30:19,343 - DEBUG - < Connection: upgrade
2023-03-27 12:30:19,343 - DEBUG - < Date: Mon, 27 Mar 2023 03:30:19 GMT
2023-03-27 12:30:19,343 - DEBUG - < sec-websocket-protocol: ocpp1.6
2023-03-27 12:30:19,343 - DEBUG - < upgrade: websocket
2023-03-27 12:30:19,343 - DEBUG - < sec-websocket-accept: qSzS4R/HFsjZ1QqXeRgc3ZUYa/g=
2023-03-27 12:30:19,344 - DEBUG - < sec-websocket-extensions: permessage-deflate
2023-03-27 12:30:19,344 - DEBUG - < X-Cache: Miss from cloudfront
2023-03-27 12:30:19,344 - DEBUG - < Via: 1.1 cc06cfa4d5aa941ac43f3090c885ee80.cloudfront.net (CloudFront)
2023-03-27 12:30:19,344 - DEBUG - < X-Amz-Cf-Pop: ICN51-C1
2023-03-27 12:30:19,344 - DEBUG - < X-Amz-Cf-Id: D4e3CeqT9VbCqZ_OxiungjeKnw-oxFWx8DH3xJYGsQB0Kz3fooxv3Q==
2023-03-27 12:30:19,344 - DEBUG - = connection is OPEN
2023-03-27 12:30:19,415 - DEBUG - > TEXT '[2, "ce9aa135-d900-49ed-9d62-f49841cc92dc", "Bo...umber": "EVSCA070007"}]' [169 bytes]
2023-03-27 12:30:19,842 - DEBUG - < TEXT '[3, "ce9aa135-d900-49ed-9d62-f49841cc92dc", {"s...19Z", "interval": 300}]' [123 bytes]
2023-03-27 12:30:19,906 - DEBUG - Starting new HTTPS connection (1): 8b434254zg.execute-api.ap-northeast-2.amazonaws.com:443
2023-03-27 12:30:21,273 - DEBUG - https://8b434254zg.execute-api.ap-northeast-2.amazonaws.com:443 "POST /dev/ioc HTTP/1.1" 200 167
2023-03-27 12:30:21,287 - DEBUG - < TEXT '[2, "94723528-b3db-4dbe-a791-8d1529aea9df", "Ch...nId", "value": "true"}]' [122 bytes]
2023-03-27 12:30:21,312 - DEBUG - > TEXT '[3, "94723528-b3db-4dbe-a791-8d1529aea9df", {"status": "Accepted"}]' [67 bytes]
2023-03-27 12:30:21,498 - DEBUG - < TEXT '{}' [2 bytes]
2023-03-27 12:30:21,550 - DEBUG - Starting new HTTPS connection (1): 8b434254zg.execute-api.ap-northeast-2.amazonaws.com:443
2023-03-27 12:30:21,970 - DEBUG - https://8b434254zg.execute-api.ap-northeast-2.amazonaws.com:443 "POST /dev/ioc HTTP/1.1" 200 162
2023-03-27 12:30:21,986 - DEBUG - < TEXT '[2, "a6063b06-5032-45bf-9964-f695c8aa50d2", "Ch...ine", "value": "true"}]' [117 bytes]
2023-03-27 12:30:22,006 - DEBUG - > TEXT '[3, "a6063b06-5032-45bf-9964-f695c8aa50d2", {"status": "Accepted"}]' [67 bytes]
2023-03-27 12:30:22,256 - DEBUG - < TEXT '{}' [2 bytes]
2023-03-27 12:30:22,310 - DEBUG - Starting new HTTPS connection (1): 8b434254zg.execute-api.ap-northeast-2.amazonaws.com:443
2023-03-27 12:30:22,695 - DEBUG - https://8b434254zg.execute-api.ap-northeast-2.amazonaws.com:443 "POST /dev/ioc HTTP/1.1" 200 106
2023-03-27 12:30:22,709 - DEBUG - < TEXT '[2, "28ceaa2b-de2b-4d3e-8eb8-742d0edb0eae", "ClearCache", {}]' [61 bytes]
2023-03-27 12:30:22,729 - DEBUG - > TEXT '[3, "28ceaa2b-de2b-4d3e-8eb8-742d0edb0eae", {"status": "Accepted"}]' [67 bytes]
2023-03-27 12:30:22,921 - DEBUG - < TEXT '{}' [2 bytes]
2023-03-27 12:30:22,959 - DEBUG - > TEXT '[2, "fbdeba76-33be-48cc-b513-4da30aae1a5e", "St...2023-03-27T11:16:54Z"}]' [170 bytes]
2023-03-27 12:30:23,580 - DEBUG - < TEXT '[4, "fbdeba76-33be-48cc-b513-4da30aae1a5e", {"e...the requested Action"}]' [187 bytes]
2023-03-27 12:30:23,630 - DEBUG - = connection is CLOSING
2023-03-27 12:30:23,630 - DEBUG - > CLOSE 1000 (OK) [2 bytes]
2023-03-27 12:30:23,637 - DEBUG - < CLOSE 1000 (OK) [2 bytes]
2023-03-27 12:30:23,643 - DEBUG - = connection is CLOSED
2023-03-27 12:32:22,082 - DEBUG - = connection is CONNECTING
2023-03-27 12:32:22,139 - DEBUG - > GET /ocpp16/ELA007C01/EVSCA070007 HTTP/1.1
2023-03-27 12:32:22,139 - DEBUG - > Host: ws.devevspcharger.uplus.co.kr
2023-03-27 12:32:22,139 - DEBUG - > Upgrade: websocket
2023-03-27 12:32:22,139 - DEBUG - > Connection: Upgrade
2023-03-27 12:32:22,140 - DEBUG - > Sec-WebSocket-Key: ZB0lBaqqkrWDOW9EaR1JJw==
2023-03-27 12:32:22,140 - DEBUG - > Sec-WebSocket-Version: 13
2023-03-27 12:32:22,140 - DEBUG - > Sec-WebSocket-Extensions: permessage-deflate; client_max_window_bits
2023-03-27 12:32:22,140 - DEBUG - > Sec-WebSocket-Protocol: ocpp1.6
2023-03-27 12:32:22,140 - DEBUG - > Authorization: Basic RVZBUjpFVkFSTEdV
2023-03-27 12:32:22,140 - DEBUG - > User-Agent: Python/3.11 websockets/10.4
2023-03-27 12:32:22,679 - DEBUG - < HTTP/1.1 101 Switching Protocols
2023-03-27 12:32:22,679 - DEBUG - < Connection: upgrade
2023-03-27 12:32:22,679 - DEBUG - < Date: Mon, 27 Mar 2023 03:32:22 GMT
2023-03-27 12:32:22,679 - DEBUG - < sec-websocket-protocol: ocpp1.6
2023-03-27 12:32:22,679 - DEBUG - < upgrade: websocket
2023-03-27 12:32:22,679 - DEBUG - < sec-websocket-accept: 8e6fTyeogOVmfFDhOYg1oh+Bz8E=
2023-03-27 12:32:22,680 - DEBUG - < sec-websocket-extensions: permessage-deflate
2023-03-27 12:32:22,680 - DEBUG - < X-Cache: Miss from cloudfront
2023-03-27 12:32:22,680 - DEBUG - < Via: 1.1 a252aeda8ec1e2b582ae9a32f7c8d544.cloudfront.net (CloudFront)
2023-03-27 12:32:22,680 - DEBUG - < X-Amz-Cf-Pop: ICN57-P2
2023-03-27 12:32:22,680 - DEBUG - < X-Amz-Cf-Id: r3nd98iKKSWv6DjPd4SYb3ZnosfcYTLWZX7BTsDJGMEAjTGO4pBAHg==
2023-03-27 12:32:22,680 - DEBUG - = connection is OPEN
2023-03-27 12:32:22,728 - DEBUG - > TEXT '[2, "d1b74964-7222-472f-b62e-1f1e39d6072e", "Bo...umber": "EVSCA070007"}]' [169 bytes]
2023-03-27 12:32:23,156 - DEBUG - < TEXT '[3, "d1b74964-7222-472f-b62e-1f1e39d6072e", {"s...22Z", "interval": 300}]' [123 bytes]
2023-03-27 12:32:23,227 - DEBUG - Starting new HTTPS connection (1): 8b434254zg.execute-api.ap-northeast-2.amazonaws.com:443
2023-03-27 12:32:23,831 - DEBUG - https://8b434254zg.execute-api.ap-northeast-2.amazonaws.com:443 "POST /dev/ioc HTTP/1.1" 200 167
2023-03-27 12:32:23,847 - DEBUG - < TEXT '[2, "f22eab33-76b9-4cca-bc68-51ecb57f0655", "Ch...nId", "value": "true"}]' [122 bytes]
2023-03-27 12:32:23,871 - DEBUG - > TEXT '[3, "f22eab33-76b9-4cca-bc68-51ecb57f0655", {"status": "Accepted"}]' [67 bytes]
2023-03-27 12:32:24,066 - DEBUG - < TEXT '{}' [2 bytes]
2023-03-27 12:32:24,119 - DEBUG - Starting new HTTPS connection (1): 8b434254zg.execute-api.ap-northeast-2.amazonaws.com:443
2023-03-27 12:32:24,557 - DEBUG - https://8b434254zg.execute-api.ap-northeast-2.amazonaws.com:443 "POST /dev/ioc HTTP/1.1" 200 162
2023-03-27 12:32:24,577 - DEBUG - < TEXT '[2, "c1d963bd-6d6a-454a-9f32-97842f949df5", "Ch...ine", "value": "true"}]' [117 bytes]
2023-03-27 12:32:24,596 - DEBUG - > TEXT '[3, "c1d963bd-6d6a-454a-9f32-97842f949df5", {"status": "Accepted"}]' [67 bytes]
2023-03-27 12:32:24,783 - DEBUG - < TEXT '{}' [2 bytes]
2023-03-27 12:32:24,842 - DEBUG - Starting new HTTPS connection (1): 8b434254zg.execute-api.ap-northeast-2.amazonaws.com:443
2023-03-27 12:32:25,253 - DEBUG - https://8b434254zg.execute-api.ap-northeast-2.amazonaws.com:443 "POST /dev/ioc HTTP/1.1" 200 106
2023-03-27 12:32:25,269 - DEBUG - < TEXT '[2, "b20cb3d1-008c-4f0f-b2d7-7088caf9f021", "ClearCache", {}]' [61 bytes]
2023-03-27 12:32:25,286 - DEBUG - > TEXT '[3, "b20cb3d1-008c-4f0f-b2d7-7088caf9f021", {"status": "Accepted"}]' [67 bytes]
2023-03-27 12:32:25,484 - DEBUG - < TEXT '{}' [2 bytes]
2023-03-27 12:32:25,515 - DEBUG - > TEXT '[2, "b410f851-e0ef-4554-87d6-92c12ee79b7f", "St...2023-03-27T11:16:54Z"}]' [170 bytes]
2023-03-27 12:32:25,839 - DEBUG - < TEXT '[4, "b410f851-e0ef-4554-87d6-92c12ee79b7f", {"e...the requested Action"}]' [187 bytes]
2023-03-27 12:32:25,882 - DEBUG - = connection is CLOSING
2023-03-27 12:32:25,883 - DEBUG - > CLOSE 1000 (OK) [2 bytes]
2023-03-27 12:32:25,892 - DEBUG - < CLOSE 1000 (OK) [2 bytes]
2023-03-27 12:32:25,895 - DEBUG - = connection is CLOSED
2023-03-27 12:34:00,768 - DEBUG - = connection is CONNECTING
2023-03-27 12:34:00,803 - DEBUG - > GET /ocpp16/ELA007C01/EVSCA070007 HTTP/1.1
2023-03-27 12:34:00,803 - DEBUG - > Host: ws.devevspcharger.uplus.co.kr
2023-03-27 12:34:00,803 - DEBUG - > Upgrade: websocket
2023-03-27 12:34:00,803 - DEBUG - > Connection: Upgrade
2023-03-27 12:34:00,803 - DEBUG - > Sec-WebSocket-Key: nvpSLnMMRIRHx9WoOsTX4w==
2023-03-27 12:34:00,803 - DEBUG - > Sec-WebSocket-Version: 13
2023-03-27 12:34:00,803 - DEBUG - > Sec-WebSocket-Extensions: permessage-deflate; client_max_window_bits
2023-03-27 12:34:00,803 - DEBUG - > Sec-WebSocket-Protocol: ocpp1.6
2023-03-27 12:34:00,804 - DEBUG - > Authorization: Basic RVZBUjpFVkFSTEdV
2023-03-27 12:34:00,804 - DEBUG - > User-Agent: Python/3.11 websockets/10.4
2023-03-27 12:34:01,334 - DEBUG - < HTTP/1.1 101 Switching Protocols
2023-03-27 12:34:01,335 - DEBUG - < Connection: upgrade
2023-03-27 12:34:01,335 - DEBUG - < Date: Mon, 27 Mar 2023 03:34:01 GMT
2023-03-27 12:34:01,335 - DEBUG - < sec-websocket-protocol: ocpp1.6
2023-03-27 12:34:01,335 - DEBUG - < upgrade: websocket
2023-03-27 12:34:01,335 - DEBUG - < sec-websocket-accept: u0HbzyoIY2XNgEiMyYMGH9pC3iA=
2023-03-27 12:34:01,335 - DEBUG - < sec-websocket-extensions: permessage-deflate
2023-03-27 12:34:01,335 - DEBUG - < X-Cache: Miss from cloudfront
2023-03-27 12:34:01,335 - DEBUG - < Via: 1.1 ba725da875f43fb311efeb484e55ed1a.cloudfront.net (CloudFront)
2023-03-27 12:34:01,335 - DEBUG - < X-Amz-Cf-Pop: ICN57-P2
2023-03-27 12:34:01,336 - DEBUG - < X-Amz-Cf-Id: jnNcWQic_R6IOaPV55NbhvnHpPtdS6MloXubLRlJ8Lvq03EybsF-Hw==
2023-03-27 12:34:01,336 - DEBUG - = connection is OPEN
2023-03-27 12:34:01,381 - DEBUG - > TEXT '[2, "d783492f-8916-43ed-b480-45ead4e3f594", "Bo...umber": "EVSCA070007"}]' [169 bytes]
2023-03-27 12:34:01,745 - DEBUG - < TEXT '[3, "d783492f-8916-43ed-b480-45ead4e3f594", {"s...01Z", "interval": 300}]' [123 bytes]
2023-03-27 12:34:01,795 - DEBUG - Starting new HTTPS connection (1): 8b434254zg.execute-api.ap-northeast-2.amazonaws.com:443
2023-03-27 12:34:02,382 - DEBUG - https://8b434254zg.execute-api.ap-northeast-2.amazonaws.com:443 "POST /dev/ioc HTTP/1.1" 200 167
2023-03-27 12:34:02,407 - DEBUG - < TEXT '[2, "007bb0b0-8570-4f11-9c94-082262ae3d99", "Ch...nId", "value": "true"}]' [122 bytes]
2023-03-27 12:34:02,426 - DEBUG - > TEXT '[3, "007bb0b0-8570-4f11-9c94-082262ae3d99", {"status": "Accepted"}]' [67 bytes]
2023-03-27 12:34:02,603 - DEBUG - < TEXT '{}' [2 bytes]
2023-03-27 12:34:02,658 - DEBUG - Starting new HTTPS connection (1): 8b434254zg.execute-api.ap-northeast-2.amazonaws.com:443
2023-03-27 12:34:03,053 - DEBUG - https://8b434254zg.execute-api.ap-northeast-2.amazonaws.com:443 "POST /dev/ioc HTTP/1.1" 200 162
2023-03-27 12:34:03,071 - DEBUG - < TEXT '[2, "966b2fdf-fc14-4419-83e8-f7208b6faa94", "Ch...ine", "value": "true"}]' [117 bytes]
2023-03-27 12:34:03,093 - DEBUG - > TEXT '[3, "966b2fdf-fc14-4419-83e8-f7208b6faa94", {"status": "Accepted"}]' [67 bytes]
2023-03-27 12:34:03,285 - DEBUG - < TEXT '{}' [2 bytes]
2023-03-27 12:34:03,338 - DEBUG - Starting new HTTPS connection (1): 8b434254zg.execute-api.ap-northeast-2.amazonaws.com:443
2023-03-27 12:34:03,753 - DEBUG - https://8b434254zg.execute-api.ap-northeast-2.amazonaws.com:443 "POST /dev/ioc HTTP/1.1" 200 106
2023-03-27 12:34:03,772 - DEBUG - < TEXT '[2, "8f927304-b815-4506-a447-7c7391eff8cc", "ClearCache", {}]' [61 bytes]
2023-03-27 12:34:03,790 - DEBUG - > TEXT '[3, "8f927304-b815-4506-a447-7c7391eff8cc", {"status": "Accepted"}]' [67 bytes]
2023-03-27 12:34:03,964 - DEBUG - < TEXT '{}' [2 bytes]
2023-03-27 12:34:03,992 - DEBUG - > TEXT '[2, "38860715-cc7c-4861-ae83-77772c843b9a", "St...2023-03-27T11:16:54Z"}]' [170 bytes]
2023-03-27 12:34:04,243 - DEBUG - < TEXT '[4, "38860715-cc7c-4861-ae83-77772c843b9a", {"e...the requested Action"}]' [187 bytes]
2023-03-27 12:34:04,283 - DEBUG - = connection is CLOSING
2023-03-27 12:34:04,283 - DEBUG - > CLOSE 1000 (OK) [2 bytes]
2023-03-27 12:34:04,289 - DEBUG - < CLOSE 1000 (OK) [2 bytes]
2023-03-27 12:34:04,293 - DEBUG - = connection is CLOSED
2023-03-27 12:48:08,550 - DEBUG - = connection is CONNECTING
2023-03-27 12:48:08,581 - DEBUG - > GET /ocpp16/ELA007C01/EVSCA070007 HTTP/1.1
2023-03-27 12:48:08,582 - DEBUG - > Host: ws.devevspcharger.uplus.co.kr
2023-03-27 12:48:08,582 - DEBUG - > Upgrade: websocket
2023-03-27 12:48:08,582 - DEBUG - > Connection: Upgrade
2023-03-27 12:48:08,582 - DEBUG - > Sec-WebSocket-Key: PDeovweyjVhDDDa3m92Xxg==
2023-03-27 12:48:08,582 - DEBUG - > Sec-WebSocket-Version: 13
2023-03-27 12:48:08,582 - DEBUG - > Sec-WebSocket-Extensions: permessage-deflate; client_max_window_bits
2023-03-27 12:48:08,582 - DEBUG - > Sec-WebSocket-Protocol: ocpp1.6
2023-03-27 12:48:08,582 - DEBUG - > Authorization: Basic RVZBUjpFVkFSTEdV
2023-03-27 12:48:08,582 - DEBUG - > User-Agent: Python/3.11 websockets/10.4
2023-03-27 12:48:09,912 - DEBUG - < HTTP/1.1 101 Switching Protocols
2023-03-27 12:48:09,912 - DEBUG - < Connection: upgrade
2023-03-27 12:48:09,912 - DEBUG - < Date: Mon, 27 Mar 2023 03:48:09 GMT
2023-03-27 12:48:09,913 - DEBUG - < sec-websocket-protocol: ocpp1.6
2023-03-27 12:48:09,913 - DEBUG - < upgrade: websocket
2023-03-27 12:48:09,913 - DEBUG - < sec-websocket-accept: Gt94cZyzjcNilzhEOiRckq1wbQE=
2023-03-27 12:48:09,913 - DEBUG - < sec-websocket-extensions: permessage-deflate
2023-03-27 12:48:09,913 - DEBUG - < X-Cache: Miss from cloudfront
2023-03-27 12:48:09,913 - DEBUG - < Via: 1.1 bab1895e0b0b8d2cc8c02eee5d24db78.cloudfront.net (CloudFront)
2023-03-27 12:48:09,913 - DEBUG - < X-Amz-Cf-Pop: ICN57-P2
2023-03-27 12:48:09,913 - DEBUG - < X-Amz-Cf-Id: Z-EWopumnrIWjke0kHwrMqWWeFyTlBvB2ADBRPjxPIPZ4NJ9t1Ya0g==
2023-03-27 12:48:09,914 - DEBUG - = connection is OPEN
2023-03-27 12:48:10,027 - DEBUG - > TEXT '[2, "8d175ed5-6377-474d-837d-94fd7058a235", "Bo...lNumber": "$crgr_sno"}]' [167 bytes]
2023-03-27 12:48:10,363 - DEBUG - < TEXT '[4, "8d175ed5-6377-474d-837d-94fd7058a235", {"e... system availability"}]' [161 bytes]
2023-03-27 12:48:10,389 - DEBUG - = connection is CLOSING
2023-03-27 12:48:10,389 - DEBUG - > CLOSE 1000 (OK) [2 bytes]
2023-03-27 12:48:10,399 - DEBUG - < CLOSE 1000 (OK) [2 bytes]
2023-03-27 12:48:10,403 - DEBUG - = connection is CLOSED
2023-03-27 12:53:31,898 - DEBUG - = connection is CONNECTING
2023-03-27 12:53:31,940 - DEBUG - > GET /ocpp16/ELA007C01/EVSCA070007 HTTP/1.1
2023-03-27 12:53:31,941 - DEBUG - > Host: ws.devevspcharger.uplus.co.kr
2023-03-27 12:53:31,941 - DEBUG - > Upgrade: websocket
2023-03-27 12:53:31,941 - DEBUG - > Connection: Upgrade
2023-03-27 12:53:31,942 - DEBUG - > Sec-WebSocket-Key: xSrLQbAfk3GMHS0P94+P6g==
2023-03-27 12:53:31,943 - DEBUG - > Sec-WebSocket-Version: 13
2023-03-27 12:53:31,943 - DEBUG - > Sec-WebSocket-Extensions: permessage-deflate; client_max_window_bits
2023-03-27 12:53:31,943 - DEBUG - > Sec-WebSocket-Protocol: ocpp1.6
2023-03-27 12:53:31,943 - DEBUG - > Authorization: Basic RVZBUjpFVkFSTEdV
2023-03-27 12:53:31,944 - DEBUG - > User-Agent: Python/3.11 websockets/10.4
2023-03-27 12:53:32,485 - DEBUG - < HTTP/1.1 101 Switching Protocols
2023-03-27 12:53:32,485 - DEBUG - < Connection: upgrade
2023-03-27 12:53:32,485 - DEBUG - < Date: Mon, 27 Mar 2023 03:53:32 GMT
2023-03-27 12:53:32,485 - DEBUG - < sec-websocket-protocol: ocpp1.6
2023-03-27 12:53:32,486 - DEBUG - < upgrade: websocket
2023-03-27 12:53:32,486 - DEBUG - < sec-websocket-accept: 4Wx4uI+WQM3ihWYw0OEpMJUz0rg=
2023-03-27 12:53:32,486 - DEBUG - < sec-websocket-extensions: permessage-deflate
2023-03-27 12:53:32,486 - DEBUG - < X-Cache: Miss from cloudfront
2023-03-27 12:53:32,486 - DEBUG - < Via: 1.1 702d274aeab676890c1a399c8e170886.cloudfront.net (CloudFront)
2023-03-27 12:53:32,487 - DEBUG - < X-Amz-Cf-Pop: ICN57-P2
2023-03-27 12:53:32,487 - DEBUG - < X-Amz-Cf-Id: Vf0kvRg2GULpH-FdP-UrGKKXFJlMLIX-XRn3EQF1fwaBPuYHE01aBw==
2023-03-27 12:53:32,488 - DEBUG - = connection is OPEN
2023-03-27 12:53:32,521 - DEBUG - > TEXT '[2, "9b325135-4044-44ee-b43d-bb84526518de", "Bo...lNumber": "$crgr_sno"}]' [167 bytes]
2023-03-27 12:53:32,841 - DEBUG - < TEXT '[4, "9b325135-4044-44ee-b43d-bb84526518de", {"e... system availability"}]' [161 bytes]
2023-03-27 12:53:32,858 - DEBUG - = connection is CLOSING
2023-03-27 12:53:32,859 - DEBUG - > CLOSE 1000 (OK) [2 bytes]
2023-03-27 12:53:32,883 - DEBUG - < CLOSE 1000 (OK) [2 bytes]
2023-03-27 12:53:32,886 - DEBUG - = connection is CLOSED
2023-03-27 12:55:52,794 - DEBUG - = connection is CONNECTING
2023-03-27 12:55:52,830 - DEBUG - > GET /ocpp16/ELA007C01/EVSCA070007 HTTP/1.1
2023-03-27 12:55:52,831 - DEBUG - > Host: ws.devevspcharger.uplus.co.kr
2023-03-27 12:55:52,831 - DEBUG - > Upgrade: websocket
2023-03-27 12:55:52,831 - DEBUG - > Connection: Upgrade
2023-03-27 12:55:52,831 - DEBUG - > Sec-WebSocket-Key: urgFewv8OSPDucVgYDOO0g==
2023-03-27 12:55:52,831 - DEBUG - > Sec-WebSocket-Version: 13
2023-03-27 12:55:52,831 - DEBUG - > Sec-WebSocket-Extensions: permessage-deflate; client_max_window_bits
2023-03-27 12:55:52,831 - DEBUG - > Sec-WebSocket-Protocol: ocpp1.6
2023-03-27 12:55:52,831 - DEBUG - > Authorization: Basic RVZBUjpFVkFSTEdV
2023-03-27 12:55:52,831 - DEBUG - > User-Agent: Python/3.11 websockets/10.4
2023-03-27 12:55:53,325 - DEBUG - < HTTP/1.1 101 Switching Protocols
2023-03-27 12:55:53,325 - DEBUG - < Connection: upgrade
2023-03-27 12:55:53,325 - DEBUG - < Date: Mon, 27 Mar 2023 03:55:53 GMT
2023-03-27 12:55:53,325 - DEBUG - < sec-websocket-protocol: ocpp1.6
2023-03-27 12:55:53,325 - DEBUG - < upgrade: websocket
2023-03-27 12:55:53,326 - DEBUG - < sec-websocket-accept: 24vPAOs+X2/9x74V89jat9S/tvs=
2023-03-27 12:55:53,326 - DEBUG - < sec-websocket-extensions: permessage-deflate
2023-03-27 12:55:53,326 - DEBUG - < X-Cache: Miss from cloudfront
2023-03-27 12:55:53,326 - DEBUG - < Via: 1.1 6371e42dc4882f0fa4f731d1a82340f2.cloudfront.net (CloudFront)
2023-03-27 12:55:53,326 - DEBUG - < X-Amz-Cf-Pop: ICN51-C1
2023-03-27 12:55:53,326 - DEBUG - < X-Amz-Cf-Id: NfjHa715p49swXGfjbSuDmlpIeqajzx_0KJr0xQ1aLTQeKSNupmOYw==
2023-03-27 12:55:53,326 - DEBUG - = connection is OPEN
2023-03-27 12:55:53,342 - ERROR - Task exception was never retrieved
future: <Task finished name='Task-2' coro=<ChargerSim.startEvent() done, defined at D:\workspace\wss\main.py:126> exception=AttributeError("'Charger' object has no attribute 'doc'")>
Traceback (most recent call last):
  File "D:\workspace\wss\main.py", line 146, in startEvent
    await self.charger.runcase(self.TC_selected if len(self.TC_selected.keys())>0 else self.TC)
  File "D:\workspace\wss\Charger.py", line 375, in runcase
    doc = self.convertSendDoc(c)
          ^^^^^^^^^^^^^^^^^^^^^^
  File "D:\workspace\wss\Charger.py", line 242, in convertSendDoc
    print(self.doc[3])
          ^^^^^^^^
AttributeError: 'Charger' object has no attribute 'doc'
2023-03-27 12:56:13,320 - DEBUG - % sending keepalive ping
2023-03-27 12:56:13,321 - DEBUG - > PING a1 11 9f 31 [binary, 4 bytes]
2023-03-27 12:56:13,374 - DEBUG - < PONG a1 11 9f 31 [binary, 4 bytes]
2023-03-27 12:56:13,383 - DEBUG - % received keepalive pong
2023-03-27 12:56:26,674 - DEBUG - = connection is CONNECTING
2023-03-27 12:56:26,715 - DEBUG - > GET /ocpp16/ELA007C01/EVSCA070007 HTTP/1.1
2023-03-27 12:56:26,715 - DEBUG - > Host: ws.devevspcharger.uplus.co.kr
2023-03-27 12:56:26,715 - DEBUG - > Upgrade: websocket
2023-03-27 12:56:26,715 - DEBUG - > Connection: Upgrade
2023-03-27 12:56:26,715 - DEBUG - > Sec-WebSocket-Key: spSpNTzzpisflKhAkr5jcQ==
2023-03-27 12:56:26,715 - DEBUG - > Sec-WebSocket-Version: 13
2023-03-27 12:56:26,716 - DEBUG - > Sec-WebSocket-Extensions: permessage-deflate; client_max_window_bits
2023-03-27 12:56:26,716 - DEBUG - > Sec-WebSocket-Protocol: ocpp1.6
2023-03-27 12:56:26,716 - DEBUG - > Authorization: Basic RVZBUjpFVkFSTEdV
2023-03-27 12:56:26,716 - DEBUG - > User-Agent: Python/3.11 websockets/10.4
2023-03-27 12:56:26,945 - DEBUG - < HTTP/1.1 101 Switching Protocols
2023-03-27 12:56:26,945 - DEBUG - < Connection: upgrade
2023-03-27 12:56:26,945 - DEBUG - < Date: Mon, 27 Mar 2023 03:56:26 GMT
2023-03-27 12:56:26,945 - DEBUG - < sec-websocket-protocol: ocpp1.6
2023-03-27 12:56:26,945 - DEBUG - < upgrade: websocket
2023-03-27 12:56:26,945 - DEBUG - < sec-websocket-accept: bIu0dITfrDTmsBWrQKQDb2tLi5o=
2023-03-27 12:56:26,946 - DEBUG - < sec-websocket-extensions: permessage-deflate
2023-03-27 12:56:26,946 - DEBUG - < X-Cache: Miss from cloudfront
2023-03-27 12:56:26,946 - DEBUG - < Via: 1.1 ddd0aebeeb6ff8a92b174a7166e3cd66.cloudfront.net (CloudFront)
2023-03-27 12:56:26,946 - DEBUG - < X-Amz-Cf-Pop: ICN51-C1
2023-03-27 12:56:26,946 - DEBUG - < X-Amz-Cf-Id: fRuOwck8H5g1MhN0mWaG2qCByogKy6caUILU6LPw8XLcI8tWS0nTHQ==
2023-03-27 12:56:26,946 - DEBUG - = connection is OPEN
2023-03-27 12:56:26,967 - DEBUG - > TEXT '[2, "17bbd918-ed51-4e7b-b9da-de6a7638f921", "Bo...lNumber": "$crgr_sno"}]' [167 bytes]
2023-03-27 12:56:27,086 - DEBUG - < TEXT '[4, "17bbd918-ed51-4e7b-b9da-de6a7638f921", {"e... system availability"}]' [161 bytes]
2023-03-27 12:56:27,108 - DEBUG - = connection is CLOSING
2023-03-27 12:56:27,108 - DEBUG - > CLOSE 1000 (OK) [2 bytes]
2023-03-27 12:56:27,120 - DEBUG - < CLOSE 1000 (OK) [2 bytes]
2023-03-27 12:56:27,125 - DEBUG - = connection is CLOSED
2023-03-27 12:57:56,593 - DEBUG - = connection is CONNECTING
2023-03-27 12:57:56,630 - DEBUG - > GET /ocpp16/ELA007C01/EVSCA070007 HTTP/1.1
2023-03-27 12:57:56,630 - DEBUG - > Host: ws.devevspcharger.uplus.co.kr
2023-03-27 12:57:56,630 - DEBUG - > Upgrade: websocket
2023-03-27 12:57:56,630 - DEBUG - > Connection: Upgrade
2023-03-27 12:57:56,631 - DEBUG - > Sec-WebSocket-Key: a+KNjTgk4+hLybYvvzmlrg==
2023-03-27 12:57:56,631 - DEBUG - > Sec-WebSocket-Version: 13
2023-03-27 12:57:56,631 - DEBUG - > Sec-WebSocket-Extensions: permessage-deflate; client_max_window_bits
2023-03-27 12:57:56,631 - DEBUG - > Sec-WebSocket-Protocol: ocpp1.6
2023-03-27 12:57:56,631 - DEBUG - > Authorization: Basic RVZBUjpFVkFSTEdV
2023-03-27 12:57:56,631 - DEBUG - > User-Agent: Python/3.11 websockets/10.4
2023-03-27 12:57:57,128 - DEBUG - < HTTP/1.1 101 Switching Protocols
2023-03-27 12:57:57,128 - DEBUG - < Connection: upgrade
2023-03-27 12:57:57,128 - DEBUG - < Date: Mon, 27 Mar 2023 03:57:56 GMT
2023-03-27 12:57:57,128 - DEBUG - < sec-websocket-protocol: ocpp1.6
2023-03-27 12:57:57,128 - DEBUG - < upgrade: websocket
2023-03-27 12:57:57,128 - DEBUG - < sec-websocket-accept: B61C6q5uPR7iLZA7Pn6aga8FvnU=
2023-03-27 12:57:57,128 - DEBUG - < sec-websocket-extensions: permessage-deflate
2023-03-27 12:57:57,128 - DEBUG - < X-Cache: Miss from cloudfront
2023-03-27 12:57:57,129 - DEBUG - < Via: 1.1 8cd680512056914f119efae770348786.cloudfront.net (CloudFront)
2023-03-27 12:57:57,129 - DEBUG - < X-Amz-Cf-Pop: ICN57-P2
2023-03-27 12:57:57,129 - DEBUG - < X-Amz-Cf-Id: fBkQU_U48ZmDlPdlmNaMW8D4cJ0nOTDzc_mt6GxrDcjk20Ur5slbWA==
2023-03-27 12:57:57,129 - DEBUG - = connection is OPEN
2023-03-27 12:57:57,149 - DEBUG - > TEXT '[2, "49a645d5-ab1a-43ae-ad13-850c6d24a087", "Bo...lNumber": "$crgr_sno"}]' [167 bytes]
2023-03-27 12:57:57,453 - DEBUG - < TEXT '[4, "49a645d5-ab1a-43ae-ad13-850c6d24a087", {"e... system availability"}]' [161 bytes]
2023-03-27 12:57:57,472 - DEBUG - = connection is CLOSING
2023-03-27 12:57:57,472 - DEBUG - > CLOSE 1000 (OK) [2 bytes]
2023-03-27 12:57:57,480 - DEBUG - < CLOSE 1000 (OK) [2 bytes]
2023-03-27 12:57:57,483 - DEBUG - = connection is CLOSED
2023-03-27 13:04:39,599 - DEBUG - = connection is CONNECTING
2023-03-27 13:04:39,634 - DEBUG - > GET /ocpp16/ELA007C01/EVSCA070007 HTTP/1.1
2023-03-27 13:04:39,634 - DEBUG - > Host: ws.devevspcharger.uplus.co.kr
2023-03-27 13:04:39,634 - DEBUG - > Upgrade: websocket
2023-03-27 13:04:39,634 - DEBUG - > Connection: Upgrade
2023-03-27 13:04:39,634 - DEBUG - > Sec-WebSocket-Key: aHPpZkQk95NuIlH+SfyPDA==
2023-03-27 13:04:39,634 - DEBUG - > Sec-WebSocket-Version: 13
2023-03-27 13:04:39,635 - DEBUG - > Sec-WebSocket-Extensions: permessage-deflate; client_max_window_bits
2023-03-27 13:04:39,635 - DEBUG - > Sec-WebSocket-Protocol: ocpp1.6
2023-03-27 13:04:39,635 - DEBUG - > Authorization: Basic RVZBUjpFVkFSTEdV
2023-03-27 13:04:39,635 - DEBUG - > User-Agent: Python/3.11 websockets/10.4
2023-03-27 13:04:40,125 - DEBUG - < HTTP/1.1 101 Switching Protocols
2023-03-27 13:04:40,125 - DEBUG - < Connection: upgrade
2023-03-27 13:04:40,125 - DEBUG - < Date: Mon, 27 Mar 2023 04:04:39 GMT
2023-03-27 13:04:40,125 - DEBUG - < sec-websocket-protocol: ocpp1.6
2023-03-27 13:04:40,125 - DEBUG - < upgrade: websocket
2023-03-27 13:04:40,125 - DEBUG - < sec-websocket-accept: i81pXtmwMgnwOQdJpUYaTVCadvs=
2023-03-27 13:04:40,125 - DEBUG - < sec-websocket-extensions: permessage-deflate
2023-03-27 13:04:40,125 - DEBUG - < X-Cache: Miss from cloudfront
2023-03-27 13:04:40,125 - DEBUG - < Via: 1.1 bab1895e0b0b8d2cc8c02eee5d24db78.cloudfront.net (CloudFront)
2023-03-27 13:04:40,125 - DEBUG - < X-Amz-Cf-Pop: ICN57-P2
2023-03-27 13:04:40,126 - DEBUG - < X-Amz-Cf-Id: N0Ql-F7a68KUj2WX0O6KCNZlvq9z_56_lThIMuZ3j8GygOtpupUZ4Q==
2023-03-27 13:04:40,126 - DEBUG - = connection is OPEN
2023-03-27 13:04:40,145 - DEBUG - > TEXT '[2, "4c137917-3c44-497e-baa5-dd2302b952de", "Bo...lNumber": "$crgr_sno"}]' [167 bytes]
2023-03-27 13:04:40,452 - DEBUG - < TEXT '[4, "4c137917-3c44-497e-baa5-dd2302b952de", {"e... system availability"}]' [161 bytes]
2023-03-27 13:04:40,467 - DEBUG - = connection is CLOSING
2023-03-27 13:04:40,467 - DEBUG - > CLOSE 1000 (OK) [2 bytes]
2023-03-27 13:04:40,475 - DEBUG - < CLOSE 1000 (OK) [2 bytes]
2023-03-27 13:04:40,484 - DEBUG - = connection is CLOSED
2023-03-27 13:08:35,659 - DEBUG - = connection is CONNECTING
2023-03-27 13:08:35,708 - DEBUG - > GET /ocpp16/ELA007C01/EVSCA070007 HTTP/1.1
2023-03-27 13:08:35,709 - DEBUG - > Host: ws.devevspcharger.uplus.co.kr
2023-03-27 13:08:35,709 - DEBUG - > Upgrade: websocket
2023-03-27 13:08:35,709 - DEBUG - > Connection: Upgrade
2023-03-27 13:08:35,710 - DEBUG - > Sec-WebSocket-Key: +jMHK2vaqYTrWn6fIOX9Vw==
2023-03-27 13:08:35,710 - DEBUG - > Sec-WebSocket-Version: 13
2023-03-27 13:08:35,710 - DEBUG - > Sec-WebSocket-Extensions: permessage-deflate; client_max_window_bits
2023-03-27 13:08:35,710 - DEBUG - > Sec-WebSocket-Protocol: ocpp1.6
2023-03-27 13:08:35,710 - DEBUG - > Authorization: Basic RVZBUjpFVkFSTEdV
2023-03-27 13:08:35,710 - DEBUG - > User-Agent: Python/3.11 websockets/10.4
2023-03-27 13:08:36,214 - DEBUG - < HTTP/1.1 101 Switching Protocols
2023-03-27 13:08:36,214 - DEBUG - < Connection: upgrade
2023-03-27 13:08:36,214 - DEBUG - < Date: Mon, 27 Mar 2023 04:08:35 GMT
2023-03-27 13:08:36,214 - DEBUG - < sec-websocket-protocol: ocpp1.6
2023-03-27 13:08:36,215 - DEBUG - < upgrade: websocket
2023-03-27 13:08:36,215 - DEBUG - < sec-websocket-accept: E1z6nPk92oFFH1HCYo+4Ezke5t8=
2023-03-27 13:08:36,215 - DEBUG - < sec-websocket-extensions: permessage-deflate
2023-03-27 13:08:36,215 - DEBUG - < X-Cache: Miss from cloudfront
2023-03-27 13:08:36,215 - DEBUG - < Via: 1.1 3544dee363e510a888d5171c071b297e.cloudfront.net (CloudFront)
2023-03-27 13:08:36,216 - DEBUG - < X-Amz-Cf-Pop: ICN57-P2
2023-03-27 13:08:36,216 - DEBUG - < X-Amz-Cf-Id: CYs3hYePCXVfvs_x3XKLZfA8BhhP6snosVjxetZlnoTcsOxPihYQpQ==
2023-03-27 13:08:36,216 - DEBUG - = connection is OPEN
2023-03-27 13:08:36,252 - DEBUG - > TEXT '[2, "04e12125-b677-4dd4-9765-f911a627c7f9", "Bo...umber": "EVSCA070007"}]' [169 bytes]
2023-03-27 13:08:36,661 - DEBUG - < TEXT '[3, "04e12125-b677-4dd4-9765-f911a627c7f9", {"s...36Z", "interval": 300}]' [123 bytes]
2023-03-27 13:08:36,700 - DEBUG - > TEXT '[2, "d57951df-dd14-47db-9791-a7b98a844838", "St..."status": "Available"}]' [132 bytes]
2023-03-27 13:08:36,900 - DEBUG - < TEXT '[3, "d57951df-dd14-47db-9791-a7b98a844838", {}]' [47 bytes]
2023-03-27 13:08:36,942 - DEBUG - > TEXT '[2, "d57951df-dd14-47db-9791-a7b98a844838", "Au...": "1031040000069641"}]' [87 bytes]
2023-03-27 13:08:37,306 - DEBUG - < TEXT '[3, "d57951df-dd14-47db-9791-a7b98a844838", {"i..."status": "Accepted"}}]' [82 bytes]
2023-03-27 13:08:37,352 - DEBUG - = connection is CLOSING
2023-03-27 13:08:37,352 - DEBUG - > CLOSE 1000 (OK) [2 bytes]
2023-03-27 13:08:37,360 - DEBUG - < CLOSE 1000 (OK) [2 bytes]
2023-03-27 13:08:37,368 - DEBUG - = connection is CLOSED
2023-03-27 13:13:25,726 - DEBUG - = connection is CONNECTING
2023-03-27 13:13:25,763 - DEBUG - > GET /ocpp16/ELA007C01/EVSCA070007 HTTP/1.1
2023-03-27 13:13:25,763 - DEBUG - > Host: ws.devevspcharger.uplus.co.kr
2023-03-27 13:13:25,763 - DEBUG - > Upgrade: websocket
2023-03-27 13:13:25,764 - DEBUG - > Connection: Upgrade
2023-03-27 13:13:25,764 - DEBUG - > Sec-WebSocket-Key: T0WUYgXn3C86JZL4xUTueA==
2023-03-27 13:13:25,764 - DEBUG - > Sec-WebSocket-Version: 13
2023-03-27 13:13:25,764 - DEBUG - > Sec-WebSocket-Extensions: permessage-deflate; client_max_window_bits
2023-03-27 13:13:25,764 - DEBUG - > Sec-WebSocket-Protocol: ocpp1.6
2023-03-27 13:13:25,764 - DEBUG - > Authorization: Basic RVZBUjpFVkFSTEdV
2023-03-27 13:13:25,764 - DEBUG - > User-Agent: Python/3.11 websockets/10.4
2023-03-27 13:13:26,263 - DEBUG - < HTTP/1.1 101 Switching Protocols
2023-03-27 13:13:26,263 - DEBUG - < Connection: upgrade
2023-03-27 13:13:26,263 - DEBUG - < Date: Mon, 27 Mar 2023 04:13:25 GMT
2023-03-27 13:13:26,263 - DEBUG - < sec-websocket-protocol: ocpp1.6
2023-03-27 13:13:26,263 - DEBUG - < upgrade: websocket
2023-03-27 13:13:26,263 - DEBUG - < sec-websocket-accept: gudve9WvaTRp7DlRI6Qfq7xjCIs=
2023-03-27 13:13:26,263 - DEBUG - < sec-websocket-extensions: permessage-deflate
2023-03-27 13:13:26,264 - DEBUG - < X-Cache: Miss from cloudfront
2023-03-27 13:13:26,264 - DEBUG - < Via: 1.1 967cab954a1c41e7f76f472d706ab3a0.cloudfront.net (CloudFront)
2023-03-27 13:13:26,264 - DEBUG - < X-Amz-Cf-Pop: ICN57-P2
2023-03-27 13:13:26,264 - DEBUG - < X-Amz-Cf-Id: 9O3eNB9FO2ZkYZjvDwSnJzRv8Xhp0JKW-sMoO8UBRPaF4XlHoiQ_tg==
2023-03-27 13:13:26,264 - DEBUG - = connection is OPEN
2023-03-27 13:13:26,283 - DEBUG - > TEXT '[2, "d54e1d20-3c4d-4193-a161-c7d7f8ea8942", "Bo...umber": "EVSCA070007"}]' [169 bytes]
2023-03-27 13:13:26,639 - DEBUG - < TEXT '[3, "d54e1d20-3c4d-4193-a161-c7d7f8ea8942", {"s...26Z", "interval": 300}]' [123 bytes]
2023-03-27 13:13:26,655 - DEBUG - > TEXT '[2, "d54e1d20-3c4d-4193-a161-c7d7f8ea8942", "St..."status": "Available"}]' [132 bytes]
2023-03-27 13:13:26,842 - DEBUG - < TEXT '[3, "d54e1d20-3c4d-4193-a161-c7d7f8ea8942", {}]' [47 bytes]
2023-03-27 13:13:26,857 - DEBUG - > TEXT '[2, "d54e1d20-3c4d-4193-a161-c7d7f8ea8942", "Au...": "1031040000069641"}]' [87 bytes]
2023-03-27 13:13:27,166 - DEBUG - < TEXT '[3, "d54e1d20-3c4d-4193-a161-c7d7f8ea8942", {"i..."status": "Accepted"}}]' [82 bytes]
2023-03-27 13:13:27,183 - DEBUG - = connection is CLOSING
2023-03-27 13:13:27,183 - DEBUG - > CLOSE 1000 (OK) [2 bytes]
2023-03-27 13:13:27,192 - DEBUG - < CLOSE 1000 (OK) [2 bytes]
2023-03-27 13:13:27,198 - DEBUG - = connection is CLOSED
2023-03-27 13:27:17,473 - DEBUG - = connection is CONNECTING
2023-03-27 13:27:17,558 - DEBUG - > GET /ocpp16/ELA007C01/EVSCA070007 HTTP/1.1
2023-03-27 13:27:17,559 - DEBUG - > Host: ws.devevspcharger.uplus.co.kr
2023-03-27 13:27:17,559 - DEBUG - > Upgrade: websocket
2023-03-27 13:27:17,559 - DEBUG - > Connection: Upgrade
2023-03-27 13:27:17,559 - DEBUG - > Sec-WebSocket-Key: xW/KtsXdAsfdijL9cLDzTw==
2023-03-27 13:27:17,559 - DEBUG - > Sec-WebSocket-Version: 13
2023-03-27 13:27:17,559 - DEBUG - > Sec-WebSocket-Extensions: permessage-deflate; client_max_window_bits
2023-03-27 13:27:17,560 - DEBUG - > Sec-WebSocket-Protocol: ocpp1.6
2023-03-27 13:27:17,560 - DEBUG - > Authorization: Basic RVZBUjpFVkFSTEdV
2023-03-27 13:27:17,560 - DEBUG - > User-Agent: Python/3.11 websockets/10.4
2023-03-27 13:27:19,077 - DEBUG - < HTTP/1.1 101 Switching Protocols
2023-03-27 13:27:19,077 - DEBUG - < Connection: upgrade
2023-03-27 13:27:19,079 - DEBUG - < Date: Mon, 27 Mar 2023 04:27:18 GMT
2023-03-27 13:27:19,081 - DEBUG - < sec-websocket-protocol: ocpp1.6
2023-03-27 13:27:19,081 - DEBUG - < upgrade: websocket
2023-03-27 13:27:19,081 - DEBUG - < sec-websocket-accept: xtOSIBB+iPblK1jbxwzRImU4lE0=
2023-03-27 13:27:19,081 - DEBUG - < sec-websocket-extensions: permessage-deflate
2023-03-27 13:27:19,081 - DEBUG - < X-Cache: Miss from cloudfront
2023-03-27 13:27:19,081 - DEBUG - < Via: 1.1 599ddd31480edfa35dadcdd2b13e5b12.cloudfront.net (CloudFront)
2023-03-27 13:27:19,081 - DEBUG - < X-Amz-Cf-Pop: ICN57-P2
2023-03-27 13:27:19,081 - DEBUG - < X-Amz-Cf-Id: SA1lgvAn_pvNnzddANXsF4hWlH_WCS_QiWlDMONlMSdhcSPjA7Q1GA==
2023-03-27 13:27:19,087 - DEBUG - = connection is OPEN
2023-03-27 13:27:19,113 - DEBUG - > TEXT '[2, "537f7bd3-68f0-4ad8-ac3b-ac8497fbbbc5", "Bo...umber": "EVSCA070007"}]' [169 bytes]
2023-03-27 13:27:19,671 - DEBUG - < TEXT '[3, "537f7bd3-68f0-4ad8-ac3b-ac8497fbbbc5", {"s...19Z", "interval": 300}]' [123 bytes]
2023-03-27 13:27:19,811 - DEBUG - Starting new HTTPS connection (1): 8b434254zg.execute-api.ap-northeast-2.amazonaws.com:443
2023-03-27 13:27:21,266 - DEBUG - https://8b434254zg.execute-api.ap-northeast-2.amazonaws.com:443 "POST /dev/ioc HTTP/1.1" 200 167
2023-03-27 13:27:21,284 - DEBUG - < TEXT '[2, "f872d806-f965-42f3-9bf6-c8aa35df1ec8", "Ch...nId", "value": "true"}]' [122 bytes]
2023-03-27 13:27:21,296 - DEBUG - > TEXT '[3, "f872d806-f965-42f3-9bf6-c8aa35df1ec8", {"status": "Accepted"}]' [67 bytes]
2023-03-27 13:27:21,875 - DEBUG - < TEXT '{}' [2 bytes]
2023-03-27 13:27:21,918 - DEBUG - Starting new HTTPS connection (1): 8b434254zg.execute-api.ap-northeast-2.amazonaws.com:443
2023-03-27 13:27:22,338 - DEBUG - https://8b434254zg.execute-api.ap-northeast-2.amazonaws.com:443 "POST /dev/ioc HTTP/1.1" 200 162
2023-03-27 13:27:22,357 - DEBUG - < TEXT '[2, "9b66c6f6-9825-4d49-a605-0ebe4dff03e8", "Ch...ine", "value": "true"}]' [117 bytes]
2023-03-27 13:27:22,378 - DEBUG - > TEXT '[3, "9b66c6f6-9825-4d49-a605-0ebe4dff03e8", {"status": "Accepted"}]' [67 bytes]
2023-03-27 13:27:22,569 - DEBUG - < TEXT '{}' [2 bytes]
2023-03-27 13:27:22,627 - DEBUG - Starting new HTTPS connection (1): 8b434254zg.execute-api.ap-northeast-2.amazonaws.com:443
2023-03-27 13:27:23,323 - DEBUG - https://8b434254zg.execute-api.ap-northeast-2.amazonaws.com:443 "POST /dev/ioc HTTP/1.1" 200 106
2023-03-27 13:27:23,343 - DEBUG - < TEXT '[2, "631e7cb9-f809-46d4-84ef-d9f947dc6114", "ClearCache", {}]' [61 bytes]
2023-03-27 13:27:23,363 - DEBUG - > TEXT '[3, "631e7cb9-f809-46d4-84ef-d9f947dc6114", {"status": "Accepted"}]' [67 bytes]
2023-03-27 13:27:23,544 - DEBUG - < TEXT '{}' [2 bytes]
2023-03-27 13:27:23,578 - DEBUG - > TEXT '[2, "2aea25e0-3a13-43d3-8d23-fe7978aadddf", "St...2023-03-27T13:27:17Z"}]' [170 bytes]
2023-03-27 13:27:23,979 - DEBUG - < TEXT '[3, "2aea25e0-3a13-43d3-8d23-fe7978aadddf", {"t..."status": "Accepted"}}]' [110 bytes]
2023-03-27 13:27:24,018 - DEBUG - > TEXT '[2, "537f7bd3-68f0-4ad8-ac3b-ac8497fbbbc5", "St... "status": "Charging"}]' [131 bytes]
2023-03-27 13:27:24,282 - DEBUG - < TEXT '[3, "537f7bd3-68f0-4ad8-ac3b-ac8497fbbbc5", {}]' [47 bytes]
2023-03-27 13:27:24,312 - DEBUG - > TEXT '[2, "6d8b724c-e35f-45f8-9262-fad8807dc6d3", "St...47, "reason": "Local"}]' [168 bytes]
2023-03-27 13:27:24,774 - DEBUG - < TEXT '[3, "6d8b724c-e35f-45f8-9262-fad8807dc6d3", {"i..."status": "Accepted"}}]' [82 bytes]
2023-03-27 13:27:24,811 - DEBUG - > TEXT '[2, "9e77adc6-f300-4df9-a25c-3255a8cefcea", "St..."status": "Finishing"}]' [132 bytes]
2023-03-27 13:27:25,170 - DEBUG - < TEXT '[3, "9e77adc6-f300-4df9-a25c-3255a8cefcea", {}]' [47 bytes]
2023-03-27 13:27:25,201 - DEBUG - > TEXT '[2, "944b22b5-5ded-43fb-b964-9db0ea9f17aa", "St..."status": "Available"}]' [132 bytes]
2023-03-27 13:27:25,435 - DEBUG - < TEXT '[3, "944b22b5-5ded-43fb-b964-9db0ea9f17aa", {}]' [47 bytes]
2023-03-27 13:27:25,467 - DEBUG - = connection is CLOSING
2023-03-27 13:27:25,467 - DEBUG - > CLOSE 1000 (OK) [2 bytes]
2023-03-27 13:27:25,473 - DEBUG - < CLOSE 1000 (OK) [2 bytes]
2023-03-27 13:27:25,479 - DEBUG - = connection is CLOSED
2023-03-27 13:28:08,597 - DEBUG - = connection is CONNECTING
2023-03-27 13:28:08,632 - DEBUG - > GET /ocpp16/ELA007C01/EVSCA070007 HTTP/1.1
2023-03-27 13:28:08,633 - DEBUG - > Host: ws.devevspcharger.uplus.co.kr
2023-03-27 13:28:08,633 - DEBUG - > Upgrade: websocket
2023-03-27 13:28:08,633 - DEBUG - > Connection: Upgrade
2023-03-27 13:28:08,633 - DEBUG - > Sec-WebSocket-Key: X2hDNja3JyfoBRjOoIG/pw==
2023-03-27 13:28:08,633 - DEBUG - > Sec-WebSocket-Version: 13
2023-03-27 13:28:08,633 - DEBUG - > Sec-WebSocket-Extensions: permessage-deflate; client_max_window_bits
2023-03-27 13:28:08,634 - DEBUG - > Sec-WebSocket-Protocol: ocpp1.6
2023-03-27 13:28:08,634 - DEBUG - > Authorization: Basic RVZBUjpFVkFSTEdV
2023-03-27 13:28:08,634 - DEBUG - > User-Agent: Python/3.11 websockets/10.4
2023-03-27 13:28:08,893 - DEBUG - < HTTP/1.1 101 Switching Protocols
2023-03-27 13:28:08,893 - DEBUG - < Connection: upgrade
2023-03-27 13:28:08,894 - DEBUG - < Date: Mon, 27 Mar 2023 04:28:08 GMT
2023-03-27 13:28:08,894 - DEBUG - < sec-websocket-protocol: ocpp1.6
2023-03-27 13:28:08,894 - DEBUG - < upgrade: websocket
2023-03-27 13:28:08,894 - DEBUG - < sec-websocket-accept: hJdWHgjgqJdcgZI7HmR6YNyfync=
2023-03-27 13:28:08,894 - DEBUG - < sec-websocket-extensions: permessage-deflate
2023-03-27 13:28:08,894 - DEBUG - < X-Cache: Miss from cloudfront
2023-03-27 13:28:08,894 - DEBUG - < Via: 1.1 c6ed8cd25e4ec3b0d1a9c72155758a62.cloudfront.net (CloudFront)
2023-03-27 13:28:08,894 - DEBUG - < X-Amz-Cf-Pop: ICN57-P2
2023-03-27 13:28:08,894 - DEBUG - < X-Amz-Cf-Id: MFiGkdefr3jXqOGnwaed7eE9sz_RrEJW4c_GLI8n5Y3HW6X8DdmqkQ==
2023-03-27 13:28:08,895 - DEBUG - = connection is OPEN
2023-03-27 13:28:08,918 - DEBUG - > TEXT '[2, "57e18c1c-6fef-4294-b357-9db3b8de2ea2", "Bo...umber": "EVSCA070007"}]' [169 bytes]
2023-03-27 13:28:09,169 - DEBUG - < TEXT '[3, "57e18c1c-6fef-4294-b357-9db3b8de2ea2", {"s...08Z", "interval": 300}]' [123 bytes]
2023-03-27 13:28:09,187 - DEBUG - > TEXT '[2, "57e18c1c-6fef-4294-b357-9db3b8de2ea2", "St..."status": "Available"}]' [132 bytes]
2023-03-27 13:28:09,466 - DEBUG - < TEXT '[3, "57e18c1c-6fef-4294-b357-9db3b8de2ea2", {}]' [47 bytes]
2023-03-27 13:28:09,486 - DEBUG - > TEXT '[2, "57e18c1c-6fef-4294-b357-9db3b8de2ea2", "Au...": "1031040000069641"}]' [87 bytes]
2023-03-27 13:28:09,871 - DEBUG - < TEXT '[3, "57e18c1c-6fef-4294-b357-9db3b8de2ea2", {"i..."status": "Accepted"}}]' [82 bytes]
2023-03-27 13:28:09,891 - DEBUG - = connection is CLOSING
2023-03-27 13:28:09,891 - DEBUG - > CLOSE 1000 (OK) [2 bytes]
2023-03-27 13:28:09,900 - DEBUG - < CLOSE 1000 (OK) [2 bytes]
2023-03-27 13:28:09,908 - DEBUG - = connection is CLOSED
2023-03-27 13:28:09,917 - DEBUG - = connection is CONNECTING
2023-03-27 13:28:09,951 - DEBUG - > GET /ocpp16/ELA007C01/EVSCA070007 HTTP/1.1
2023-03-27 13:28:09,952 - DEBUG - > Host: ws.devevspcharger.uplus.co.kr
2023-03-27 13:28:09,952 - DEBUG - > Upgrade: websocket
2023-03-27 13:28:09,952 - DEBUG - > Connection: Upgrade
2023-03-27 13:28:09,953 - DEBUG - > Sec-WebSocket-Key: qNcas3vvD0b/VHERGgsgTw==
2023-03-27 13:28:09,953 - DEBUG - > Sec-WebSocket-Version: 13
2023-03-27 13:28:09,953 - DEBUG - > Sec-WebSocket-Extensions: permessage-deflate; client_max_window_bits
2023-03-27 13:28:09,953 - DEBUG - > Sec-WebSocket-Protocol: ocpp1.6
2023-03-27 13:28:09,953 - DEBUG - > Authorization: Basic RVZBUjpFVkFSTEdV
2023-03-27 13:28:09,953 - DEBUG - > User-Agent: Python/3.11 websockets/10.4
2023-03-27 13:28:10,198 - DEBUG - < HTTP/1.1 101 Switching Protocols
2023-03-27 13:28:10,198 - DEBUG - < Connection: upgrade
2023-03-27 13:28:10,198 - DEBUG - < Date: Mon, 27 Mar 2023 04:28:09 GMT
2023-03-27 13:28:10,198 - DEBUG - < sec-websocket-protocol: ocpp1.6
2023-03-27 13:28:10,199 - DEBUG - < upgrade: websocket
2023-03-27 13:28:10,199 - DEBUG - < sec-websocket-accept: PtQEbdb4aHcQodU/RPV8tHi9KXM=
2023-03-27 13:28:10,199 - DEBUG - < sec-websocket-extensions: permessage-deflate
2023-03-27 13:28:10,199 - DEBUG - < X-Cache: Miss from cloudfront
2023-03-27 13:28:10,199 - DEBUG - < Via: 1.1 818e6836f2ca3e700a5577179db933d8.cloudfront.net (CloudFront)
2023-03-27 13:28:10,199 - DEBUG - < X-Amz-Cf-Pop: ICN57-P2
2023-03-27 13:28:10,199 - DEBUG - < X-Amz-Cf-Id: YtxPhdLdYR1y_fb1q6AtlSGpVTwLw-hlvuEey5qPiw7DtP_XNoE2CQ==
2023-03-27 13:28:10,200 - DEBUG - = connection is OPEN
2023-03-27 13:28:10,231 - DEBUG - > TEXT '[2, "3ee741e7-ff84-4b84-9c65-65a7b1936204", "Bo...umber": "EVSCA070007"}]' [169 bytes]
2023-03-27 13:28:10,472 - DEBUG - < TEXT '[3, "3ee741e7-ff84-4b84-9c65-65a7b1936204", {"s...10Z", "interval": 300}]' [123 bytes]
2023-03-27 13:28:10,510 - DEBUG - > TEXT '[2, "553143e1-4a80-437f-ad7e-fbcfd5f8bdd5", "St..."status": "Available"}]' [132 bytes]
2023-03-27 13:28:10,705 - DEBUG - < TEXT '[3, "553143e1-4a80-437f-ad7e-fbcfd5f8bdd5", {}]' [47 bytes]
2023-03-27 13:28:10,736 - DEBUG - > TEXT '[2, "e189dd85-7037-4bd0-b6c7-e749ed92760d", "Au...": "1031040000069641"}]' [87 bytes]
2023-03-27 13:28:10,997 - DEBUG - < TEXT '[3, "e189dd85-7037-4bd0-b6c7-e749ed92760d", {"i..."status": "Accepted"}}]' [82 bytes]
2023-03-27 13:28:11,026 - DEBUG - > TEXT '[2, "e35cf5c0-63e3-488a-80ab-babcb086bac3", "St...2023-03-27T13:28:08Z"}]' [170 bytes]
2023-03-27 13:28:11,396 - DEBUG - < TEXT '[3, "e35cf5c0-63e3-488a-80ab-babcb086bac3", {"t..."status": "Accepted"}}]' [110 bytes]
2023-03-27 13:28:11,431 - DEBUG - > TEXT '[2, "1827619d-2363-44d6-b2f8-1836370d8459", "St... "status": "Charging"}]' [131 bytes]
2023-03-27 13:28:11,664 - DEBUG - < TEXT '[3, "1827619d-2363-44d6-b2f8-1836370d8459", {}]' [47 bytes]
2023-03-27 13:28:11,703 - DEBUG - > TEXT '[2, "cb556a9c-2ed7-4388-ad50-242e04db6c83", "Me...er", "unit": "Wh"}]}]}]' [259 bytes]
2023-03-27 13:28:12,061 - DEBUG - < TEXT '[3, "cb556a9c-2ed7-4388-ad50-242e04db6c83", {}]' [47 bytes]
2023-03-27 13:28:12,103 - DEBUG - > TEXT '[2, "8274d8cb-8325-4472-b002-5151a0737967", "St...sactionId": 120533449}]' [149 bytes]
2023-03-27 13:28:12,476 - DEBUG - < TEXT '[3, "8274d8cb-8325-4472-b002-5151a0737967", {"i..."status": "Accepted"}}]' [82 bytes]
2023-03-27 13:28:12,523 - DEBUG - > TEXT '[2, "76cef891-db4d-43ae-b7b1-a0f38e99dc43", "St..."status": "Finishing"}]' [132 bytes]
2023-03-27 13:28:12,756 - DEBUG - < TEXT '[3, "76cef891-db4d-43ae-b7b1-a0f38e99dc43", {}]' [47 bytes]
2023-03-27 13:28:12,800 - DEBUG - > TEXT '[2, "091df504-e545-4140-bfc5-5dc9309c8e7f", "St..."status": "Available"}]' [132 bytes]
2023-03-27 13:28:13,041 - DEBUG - < TEXT '[3, "091df504-e545-4140-bfc5-5dc9309c8e7f", {}]' [47 bytes]
2023-03-27 13:28:13,081 - DEBUG - = connection is CLOSING
2023-03-27 13:28:13,081 - DEBUG - > CLOSE 1000 (OK) [2 bytes]
2023-03-27 13:28:13,092 - DEBUG - < CLOSE 1000 (OK) [2 bytes]
2023-03-27 13:28:13,095 - DEBUG - = connection is CLOSED
2023-03-27 13:28:13,103 - DEBUG - = connection is CONNECTING
2023-03-27 13:28:13,142 - DEBUG - > GET /ocpp16/ELA007C01/EVSCA070007 HTTP/1.1
2023-03-27 13:28:13,143 - DEBUG - > Host: ws.devevspcharger.uplus.co.kr
2023-03-27 13:28:13,144 - DEBUG - > Upgrade: websocket
2023-03-27 13:28:13,144 - DEBUG - > Connection: Upgrade
2023-03-27 13:28:13,144 - DEBUG - > Sec-WebSocket-Key: wk8ZcQ1NVbAUmGuQR9D4sw==
2023-03-27 13:28:13,144 - DEBUG - > Sec-WebSocket-Version: 13
2023-03-27 13:28:13,144 - DEBUG - > Sec-WebSocket-Extensions: permessage-deflate; client_max_window_bits
2023-03-27 13:28:13,144 - DEBUG - > Sec-WebSocket-Protocol: ocpp1.6
2023-03-27 13:28:13,144 - DEBUG - > Authorization: Basic RVZBUjpFVkFSTEdV
2023-03-27 13:28:13,144 - DEBUG - > User-Agent: Python/3.11 websockets/10.4
2023-03-27 13:28:13,396 - DEBUG - < HTTP/1.1 101 Switching Protocols
2023-03-27 13:28:13,396 - DEBUG - < Connection: upgrade
2023-03-27 13:28:13,396 - DEBUG - < Date: Mon, 27 Mar 2023 04:28:13 GMT
2023-03-27 13:28:13,396 - DEBUG - < sec-websocket-protocol: ocpp1.6
2023-03-27 13:28:13,396 - DEBUG - < upgrade: websocket
2023-03-27 13:28:13,397 - DEBUG - < sec-websocket-accept: cRT4H7REtxvsrCwVTXyp6v20RbY=
2023-03-27 13:28:13,397 - DEBUG - < sec-websocket-extensions: permessage-deflate
2023-03-27 13:28:13,397 - DEBUG - < X-Cache: Miss from cloudfront
2023-03-27 13:28:13,397 - DEBUG - < Via: 1.1 9ce5dfe6a640bb6a762b3c2889e2317e.cloudfront.net (CloudFront)
2023-03-27 13:28:13,397 - DEBUG - < X-Amz-Cf-Pop: ICN57-P2
2023-03-27 13:28:13,397 - DEBUG - < X-Amz-Cf-Id: MAweXu7l8jGHvDgnjxm7QDngaHEJtnFCjKaUTJi3bcUO4Xt96HLPbQ==
2023-03-27 13:28:13,398 - DEBUG - = connection is OPEN
2023-03-27 13:28:13,473 - DEBUG - > TEXT '[2, "fcb061b0-0127-4f29-af4a-6965d05170d2", "Bo...umber": "EVSCA070007"}]' [169 bytes]
2023-03-27 13:28:13,772 - DEBUG - < TEXT '[3, "fcb061b0-0127-4f29-af4a-6965d05170d2", {"s...13Z", "interval": 300}]' [123 bytes]
2023-03-27 13:28:13,802 - DEBUG - > TEXT '[2, "7a51b5d6-e0f5-48b7-9157-b6f764dbb537", "Au...": "1031040000069641"}]' [87 bytes]
2023-03-27 13:28:14,060 - DEBUG - < TEXT '[3, "7a51b5d6-e0f5-48b7-9157-b6f764dbb537", {"i..."status": "Accepted"}}]' [82 bytes]
2023-03-27 13:28:14,103 - DEBUG - > TEXT '[2, "692ef577-a24b-405b-bc96-3d5ae8fd5be1", "St..."status": "Preparing"}]' [132 bytes]
2023-03-27 13:28:14,370 - DEBUG - < TEXT '[3, "692ef577-a24b-405b-bc96-3d5ae8fd5be1", {}]' [47 bytes]
2023-03-27 13:28:14,399 - DEBUG - > TEXT '[2, "178b06fd-0fe6-476f-83f7-540d7ff9df29", "St...2023-03-27T13:28:08Z"}]' [170 bytes]
2023-03-27 13:28:14,758 - DEBUG - < TEXT '[3, "178b06fd-0fe6-476f-83f7-540d7ff9df29", {"t..."status": "Accepted"}}]' [110 bytes]
2023-03-27 13:28:14,800 - DEBUG - > TEXT '[2, "5d147eda-e74c-469e-b4ca-27053db659ee", "St... "status": "Charging"}]' [131 bytes]
2023-03-27 13:28:14,979 - DEBUG - < TEXT '[3, "5d147eda-e74c-469e-b4ca-27053db659ee", {}]' [47 bytes]
2023-03-27 13:28:15,023 - DEBUG - > TEXT '[2, "925332f4-776b-4220-8daf-de96739910df", "Me...er", "unit": "Wh"}]}]}]' [259 bytes]
2023-03-27 13:28:15,255 - DEBUG - < TEXT '[3, "925332f4-776b-4220-8daf-de96739910df", {}]' [47 bytes]
2023-03-27 13:28:15,291 - DEBUG - > TEXT '[2, "3b003929-fbbc-40ce-a206-3adae8bf48b2", "St...sactionId": 120533450}]' [149 bytes]
2023-03-27 13:28:15,622 - DEBUG - < TEXT '[3, "3b003929-fbbc-40ce-a206-3adae8bf48b2", {"i..."status": "Accepted"}}]' [82 bytes]
2023-03-27 13:28:15,667 - DEBUG - > TEXT '[2, "c87e8f2f-94b3-4726-b5f2-520bc32468a8", "St..."status": "Finishing"}]' [132 bytes]
2023-03-27 13:28:15,946 - DEBUG - < TEXT '[3, "c87e8f2f-94b3-4726-b5f2-520bc32468a8", {}]' [47 bytes]
2023-03-27 13:28:15,984 - DEBUG - > TEXT '[2, "29ce2e66-54d8-44e1-a54a-024aa9fe9cbd", "St..."status": "Available"}]' [132 bytes]
2023-03-27 13:28:16,157 - DEBUG - < TEXT '[3, "29ce2e66-54d8-44e1-a54a-024aa9fe9cbd", {}]' [47 bytes]
2023-03-27 13:28:16,190 - DEBUG - = connection is CLOSING
2023-03-27 13:28:16,190 - DEBUG - > CLOSE 1000 (OK) [2 bytes]
2023-03-27 13:28:16,196 - DEBUG - < CLOSE 1000 (OK) [2 bytes]
2023-03-27 13:28:16,205 - DEBUG - = connection is CLOSED
2023-03-27 13:28:16,213 - DEBUG - = connection is CONNECTING
2023-03-27 13:28:16,244 - DEBUG - > GET /ocpp16/ELA007C01/EVSCA070007 HTTP/1.1
2023-03-27 13:28:16,245 - DEBUG - > Host: ws.devevspcharger.uplus.co.kr
2023-03-27 13:28:16,245 - DEBUG - > Upgrade: websocket
2023-03-27 13:28:16,246 - DEBUG - > Connection: Upgrade
2023-03-27 13:28:16,246 - DEBUG - > Sec-WebSocket-Key: XEUWbZyVdsSPjyQFzPe58A==
2023-03-27 13:28:16,246 - DEBUG - > Sec-WebSocket-Version: 13
2023-03-27 13:28:16,247 - DEBUG - > Sec-WebSocket-Extensions: permessage-deflate; client_max_window_bits
2023-03-27 13:28:16,247 - DEBUG - > Sec-WebSocket-Protocol: ocpp1.6
2023-03-27 13:28:16,247 - DEBUG - > Authorization: Basic RVZBUjpFVkFSTEdV
2023-03-27 13:28:16,247 - DEBUG - > User-Agent: Python/3.11 websockets/10.4
2023-03-27 13:28:16,496 - DEBUG - < HTTP/1.1 101 Switching Protocols
2023-03-27 13:28:16,497 - DEBUG - < Connection: upgrade
2023-03-27 13:28:16,497 - DEBUG - < Date: Mon, 27 Mar 2023 04:28:16 GMT
2023-03-27 13:28:16,497 - DEBUG - < sec-websocket-protocol: ocpp1.6
2023-03-27 13:28:16,497 - DEBUG - < upgrade: websocket
2023-03-27 13:28:16,498 - DEBUG - < sec-websocket-accept: awjdJEjcRlq9bHx8ZeS3ttfrcm4=
2023-03-27 13:28:16,498 - DEBUG - < sec-websocket-extensions: permessage-deflate
2023-03-27 13:28:16,498 - DEBUG - < X-Cache: Miss from cloudfront
2023-03-27 13:28:16,498 - DEBUG - < Via: 1.1 1c31b550dc04cf34ff9053b76a7eecc4.cloudfront.net (CloudFront)
2023-03-27 13:28:16,498 - DEBUG - < X-Amz-Cf-Pop: ICN57-P2
2023-03-27 13:28:16,498 - DEBUG - < X-Amz-Cf-Id: U7QQIWaQdlhFknE8-JY9KbIXI2aj9uasDcEut9SHTEEa-6fI45IGCg==
2023-03-27 13:28:16,498 - DEBUG - = connection is OPEN
2023-03-27 13:28:16,568 - DEBUG - > TEXT '[2, "da99dc80-c52d-4f24-b3c1-7dc9b237e336", "Bo...umber": "EVSCA070007"}]' [169 bytes]
2023-03-27 13:28:16,864 - DEBUG - < TEXT '[3, "da99dc80-c52d-4f24-b3c1-7dc9b237e336", {"s...16Z", "interval": 300}]' [123 bytes]
2023-03-27 13:28:16,979 - DEBUG - Starting new HTTPS connection (1): 8b434254zg.execute-api.ap-northeast-2.amazonaws.com:443
2023-03-27 13:28:17,557 - DEBUG - https://8b434254zg.execute-api.ap-northeast-2.amazonaws.com:443 "POST /dev/ioc HTTP/1.1" 200 163
2023-03-27 13:28:17,584 - DEBUG - < TEXT '[2, "4060cea4-2803-464b-9d66-08e3818be90e", "Ch...nKey", "value": "300"}]' [118 bytes]
2023-03-27 13:28:17,608 - DEBUG - > TEXT '[3, "4060cea4-2803-464b-9d66-08e3818be90e", {"status": "Accepted"}]' [67 bytes]
2023-03-27 13:28:17,795 - DEBUG - < TEXT '{}' [2 bytes]
2023-03-27 13:28:17,851 - DEBUG - Starting new HTTPS connection (1): 8b434254zg.execute-api.ap-northeast-2.amazonaws.com:443
2023-03-27 13:28:18,258 - DEBUG - https://8b434254zg.execute-api.ap-northeast-2.amazonaws.com:443 "POST /dev/ioc HTTP/1.1" 200 106
2023-03-27 13:28:18,277 - DEBUG - < TEXT '[2, "078eee49-bb39-40e2-b6ff-be0a809de28d", "ClearCache", {}]' [61 bytes]
2023-03-27 13:28:18,299 - DEBUG - > TEXT '[3, "078eee49-bb39-40e2-b6ff-be0a809de28d", {"status": "Accepted"}]' [67 bytes]
2023-03-27 13:28:18,474 - DEBUG - < TEXT '{}' [2 bytes]
2023-03-27 13:28:18,504 - DEBUG - > TEXT '[2, "7f0eef9a-3475-4c25-989f-d38af9ab8255", "Au...": "1031040000069641"}]' [87 bytes]
2023-03-27 13:28:18,759 - DEBUG - < TEXT '[3, "7f0eef9a-3475-4c25-989f-d38af9ab8255", {"i..."status": "Accepted"}}]' [82 bytes]
2023-03-27 13:28:18,777 - DEBUG - > TEXT '[2, "2b84486c-09ab-46c9-9d60-eaa0d47de724", "St..."status": "Preparing"}]' [132 bytes]
2023-03-27 13:28:18,982 - DEBUG - < TEXT '[3, "2b84486c-09ab-46c9-9d60-eaa0d47de724", {}]' [47 bytes]
2023-03-27 13:28:19,003 - DEBUG - > TEXT '[2, "f6e72f5d-fe4d-4e93-852e-fabe1617665d", "St..."status": "Available"}]' [132 bytes]
2023-03-27 13:28:19,277 - DEBUG - < TEXT '[3, "f6e72f5d-fe4d-4e93-852e-fabe1617665d", {}]' [47 bytes]
2023-03-27 13:28:19,300 - DEBUG - = connection is CLOSING
2023-03-27 13:28:19,301 - DEBUG - > CLOSE 1000 (OK) [2 bytes]
2023-03-27 13:28:19,810 - DEBUG - < CLOSE 1000 (OK) [2 bytes]
2023-03-27 13:28:19,815 - DEBUG - = connection is CLOSED
2023-03-27 13:28:19,839 - DEBUG - = connection is CONNECTING
2023-03-27 13:28:19,869 - DEBUG - > GET /ocpp16/ELA007C01/EVSCA070007 HTTP/1.1
2023-03-27 13:28:19,870 - DEBUG - > Host: ws.devevspcharger.uplus.co.kr
2023-03-27 13:28:19,870 - DEBUG - > Upgrade: websocket
2023-03-27 13:28:19,870 - DEBUG - > Connection: Upgrade
2023-03-27 13:28:19,871 - DEBUG - > Sec-WebSocket-Key: vSp557a4jsUD7cXpwcFQnA==
2023-03-27 13:28:19,871 - DEBUG - > Sec-WebSocket-Version: 13
2023-03-27 13:28:19,871 - DEBUG - > Sec-WebSocket-Extensions: permessage-deflate; client_max_window_bits
2023-03-27 13:28:19,871 - DEBUG - > Sec-WebSocket-Protocol: ocpp1.6
2023-03-27 13:28:19,871 - DEBUG - > Authorization: Basic RVZBUjpFVkFSTEdV
2023-03-27 13:28:19,871 - DEBUG - > User-Agent: Python/3.11 websockets/10.4
2023-03-27 13:28:20,100 - DEBUG - < HTTP/1.1 101 Switching Protocols
2023-03-27 13:28:20,100 - DEBUG - < Connection: upgrade
2023-03-27 13:28:20,101 - DEBUG - < Date: Mon, 27 Mar 2023 04:28:19 GMT
2023-03-27 13:28:20,101 - DEBUG - < sec-websocket-protocol: ocpp1.6
2023-03-27 13:28:20,101 - DEBUG - < upgrade: websocket
2023-03-27 13:28:20,101 - DEBUG - < sec-websocket-accept: scOmQ7SI8JhHYzQd6zl8HdC1+7g=
2023-03-27 13:28:20,101 - DEBUG - < sec-websocket-extensions: permessage-deflate
2023-03-27 13:28:20,101 - DEBUG - < X-Cache: Miss from cloudfront
2023-03-27 13:28:20,101 - DEBUG - < Via: 1.1 599ddd31480edfa35dadcdd2b13e5b12.cloudfront.net (CloudFront)
2023-03-27 13:28:20,101 - DEBUG - < X-Amz-Cf-Pop: ICN57-P2
2023-03-27 13:28:20,102 - DEBUG - < X-Amz-Cf-Id: PrTlcQLH8FARQZiQCS_C-7e3nTbreCSs-V4b5cEcU8S95MJSZsHr5Q==
2023-03-27 13:28:20,102 - DEBUG - = connection is OPEN
2023-03-27 13:28:20,142 - DEBUG - > TEXT '[2, "3a1d1d93-2d6e-43be-92a9-94c7f0437519", "Bo...umber": "EVSCA070007"}]' [169 bytes]
2023-03-27 13:28:20,362 - DEBUG - < TEXT '[3, "3a1d1d93-2d6e-43be-92a9-94c7f0437519", {"s...19Z", "interval": 300}]' [123 bytes]
2023-03-27 13:28:20,394 - DEBUG - > TEXT '[2, "4dcddb06-e423-49c2-9f49-e63120bc6301", "St..."status": "Preparing"}]' [132 bytes]
2023-03-27 13:28:20,568 - DEBUG - < TEXT '[3, "4dcddb06-e423-49c2-9f49-e63120bc6301", {}]' [47 bytes]
2023-03-27 13:28:20,604 - DEBUG - > TEXT '[2, "3fd9db78-20f4-4e45-92b1-03f12c293d0e", "Au...": "1031040000069641"}]' [87 bytes]
2023-03-27 13:28:20,977 - DEBUG - < TEXT '[3, "3fd9db78-20f4-4e45-92b1-03f12c293d0e", {"i..."status": "Accepted"}}]' [82 bytes]
2023-03-27 13:28:21,008 - DEBUG - > TEXT '[2, "e2a04fb4-5783-4196-a530-9ff2ec3a7bbe", "St...2023-03-27T13:28:08Z"}]' [170 bytes]
2023-03-27 13:28:21,474 - DEBUG - < TEXT '[3, "e2a04fb4-5783-4196-a530-9ff2ec3a7bbe", {"t..."status": "Accepted"}}]' [110 bytes]
2023-03-27 13:28:21,505 - DEBUG - > TEXT '[2, "ab66c036-a87a-4da7-bb53-34e33ee5aab1", "St... "status": "Charging"}]' [131 bytes]
2023-03-27 13:28:21,783 - DEBUG - < TEXT '[3, "ab66c036-a87a-4da7-bb53-34e33ee5aab1", {}]' [47 bytes]
2023-03-27 13:28:21,824 - DEBUG - > TEXT '[2, "333c122e-7cba-4007-ab32-9543ce88be6f", "Me...er", "unit": "Wh"}]}]}]' [259 bytes]
2023-03-27 13:28:22,060 - DEBUG - < TEXT '[3, "333c122e-7cba-4007-ab32-9543ce88be6f", {}]' [47 bytes]
2023-03-27 13:28:22,094 - DEBUG - > TEXT '[2, "ea264208-0e02-41d6-bd12-8b77afc242e6", "St...tatus": "SuspendedEV"}]' [134 bytes]
2023-03-27 13:28:22,276 - DEBUG - < TEXT '[3, "ea264208-0e02-41d6-bd12-8b77afc242e6", {}]' [47 bytes]
2023-03-27 13:28:22,320 - DEBUG - > TEXT '[2, "16a94795-8e10-4056-a5de-39b4bb9f55e0", "St...sactionId": 120533451}]' [149 bytes]
2023-03-27 13:28:22,676 - DEBUG - < TEXT '[3, "16a94795-8e10-4056-a5de-39b4bb9f55e0", {"i..."status": "Accepted"}}]' [82 bytes]
2023-03-27 13:28:22,716 - DEBUG - > TEXT '[2, "a997a414-89ed-43b0-9315-674d3f3071c6", "St..."status": "Finishing"}]' [132 bytes]
2023-03-27 13:28:22,971 - DEBUG - < TEXT '[3, "a997a414-89ed-43b0-9315-674d3f3071c6", {}]' [47 bytes]
2023-03-27 13:28:23,010 - DEBUG - > TEXT '[2, "7d94e43c-b931-40fb-8dbc-9d54635c4640", "St..."status": "Available"}]' [132 bytes]
2023-03-27 13:28:23,267 - DEBUG - < TEXT '[3, "7d94e43c-b931-40fb-8dbc-9d54635c4640", {}]' [47 bytes]
2023-03-27 13:28:23,300 - DEBUG - = connection is CLOSING
2023-03-27 13:28:23,300 - DEBUG - > CLOSE 1000 (OK) [2 bytes]
2023-03-27 13:28:23,308 - DEBUG - < CLOSE 1000 (OK) [2 bytes]
2023-03-27 13:28:23,312 - DEBUG - = connection is CLOSED
2023-03-27 13:28:23,319 - DEBUG - = connection is CONNECTING
2023-03-27 13:28:23,357 - DEBUG - > GET /ocpp16/ELA007C01/EVSCA070007 HTTP/1.1
2023-03-27 13:28:23,357 - DEBUG - > Host: ws.devevspcharger.uplus.co.kr
2023-03-27 13:28:23,358 - DEBUG - > Upgrade: websocket
2023-03-27 13:28:23,358 - DEBUG - > Connection: Upgrade
2023-03-27 13:28:23,358 - DEBUG - > Sec-WebSocket-Key: tXF3oZRpz7Lzs5oj84JUFg==
2023-03-27 13:28:23,358 - DEBUG - > Sec-WebSocket-Version: 13
2023-03-27 13:28:23,358 - DEBUG - > Sec-WebSocket-Extensions: permessage-deflate; client_max_window_bits
2023-03-27 13:28:23,358 - DEBUG - > Sec-WebSocket-Protocol: ocpp1.6
2023-03-27 13:28:23,358 - DEBUG - > Authorization: Basic RVZBUjpFVkFSTEdV
2023-03-27 13:28:23,358 - DEBUG - > User-Agent: Python/3.11 websockets/10.4
2023-03-27 13:28:23,596 - DEBUG - < HTTP/1.1 101 Switching Protocols
2023-03-27 13:28:23,596 - DEBUG - < Connection: upgrade
2023-03-27 13:28:23,596 - DEBUG - < Date: Mon, 27 Mar 2023 04:28:23 GMT
2023-03-27 13:28:23,596 - DEBUG - < sec-websocket-protocol: ocpp1.6
2023-03-27 13:28:23,597 - DEBUG - < upgrade: websocket
2023-03-27 13:28:23,597 - DEBUG - < sec-websocket-accept: pH0/xZbzEea3AJSHwCcj1SBdwhA=
2023-03-27 13:28:23,597 - DEBUG - < sec-websocket-extensions: permessage-deflate
2023-03-27 13:28:23,597 - DEBUG - < X-Cache: Miss from cloudfront
2023-03-27 13:28:23,597 - DEBUG - < Via: 1.1 013a9ec825a751410eced78024a9ae1a.cloudfront.net (CloudFront)
2023-03-27 13:28:23,597 - DEBUG - < X-Amz-Cf-Pop: ICN57-P2
2023-03-27 13:28:23,597 - DEBUG - < X-Amz-Cf-Id: tKBET6XdSNn2WO7DBPWyx8mtTNTFZFFBVHNdRtPGGcCwCkbCZEfkfg==
2023-03-27 13:28:23,597 - DEBUG - = connection is OPEN
2023-03-27 13:28:23,659 - DEBUG - > TEXT '[2, "b7defa5d-e08d-48d8-8982-6c020bb286c0", "Bo...umber": "EVSCA070007"}]' [169 bytes]
2023-03-27 13:28:23,874 - DEBUG - < TEXT '[3, "b7defa5d-e08d-48d8-8982-6c020bb286c0", {"s...23Z", "interval": 300}]' [123 bytes]
2023-03-27 13:28:23,930 - DEBUG - Starting new HTTPS connection (1): 8b434254zg.execute-api.ap-northeast-2.amazonaws.com:443
2023-03-27 13:28:24,318 - DEBUG - https://8b434254zg.execute-api.ap-northeast-2.amazonaws.com:443 "POST /dev/ioc HTTP/1.1" 200 159
2023-03-27 13:28:24,334 - DEBUG - < TEXT '[2, "be5653ee-d0a7-45df-95da-593f4592db49", "Ch...ration", "value": "0"}]' [114 bytes]
2023-03-27 13:28:24,362 - DEBUG - > TEXT '[3, "be5653ee-d0a7-45df-95da-593f4592db49", {"status": "Accepted"}]' [67 bytes]
2023-03-27 13:28:24,536 - DEBUG - < TEXT '{}' [2 bytes]
2023-03-27 13:28:24,597 - DEBUG - Starting new HTTPS connection (1): 8b434254zg.execute-api.ap-northeast-2.amazonaws.com:443
2023-03-27 13:28:25,017 - DEBUG - https://8b434254zg.execute-api.ap-northeast-2.amazonaws.com:443 "POST /dev/ioc HTTP/1.1" 200 174
2023-03-27 13:28:25,035 - DEBUG - < TEXT '[2, "b92b85c5-2b68-48c8-a56c-1981557694d8", "Ch...ect", "value": "true"}]' [129 bytes]
2023-03-27 13:28:25,062 - DEBUG - > TEXT '[3, "b92b85c5-2b68-48c8-a56c-1981557694d8", {"status": "Accepted"}]' [67 bytes]
2023-03-27 13:28:25,273 - DEBUG - < TEXT '{}' [2 bytes]
2023-03-27 13:28:25,336 - DEBUG - Starting new HTTPS connection (1): 8b434254zg.execute-api.ap-northeast-2.amazonaws.com:443
2023-03-27 13:28:25,756 - DEBUG - https://8b434254zg.execute-api.ap-northeast-2.amazonaws.com:443 "POST /dev/ioc HTTP/1.1" 200 175
2023-03-27 13:28:25,777 - DEBUG - < TEXT '[2, "2574f1cd-6e6f-4674-872b-7cb8d74cc4b2", "Ch...ct", "value": "false"}]' [130 bytes]
2023-03-27 13:28:25,799 - DEBUG - > TEXT '[3, "2574f1cd-6e6f-4674-872b-7cb8d74cc4b2", {"status": "Accepted"}]' [67 bytes]
2023-03-27 13:28:25,977 - DEBUG - < TEXT '{}' [2 bytes]
2023-03-27 13:28:26,011 - DEBUG - > TEXT '[2, "432bc7b6-958f-4249-8a3b-7c6388957cb0", "St..."status": "Preparing"}]' [132 bytes]
2023-03-27 13:28:26,271 - DEBUG - < TEXT '[3, "432bc7b6-958f-4249-8a3b-7c6388957cb0", {}]' [47 bytes]
2023-03-27 13:28:26,328 - DEBUG - Starting new HTTPS connection (1): 8b434254zg.execute-api.ap-northeast-2.amazonaws.com:443
2023-03-27 13:28:26,739 - DEBUG - https://8b434254zg.execute-api.ap-northeast-2.amazonaws.com:443 "POST /dev/ioc HTTP/1.1" 200 437
2023-03-27 13:28:26,758 - DEBUG - < TEXT '[2, "9ce4a04d-3910-45c1-bf39-270ec6ec5e1a", "Re...0, "limit": 11000}]}}}]' [392 bytes]
2023-03-27 13:28:26,823 - DEBUG - = connection is CLOSING
2023-03-27 13:28:26,823 - DEBUG - > CLOSE 1000 (OK) [2 bytes]
2023-03-27 13:28:26,830 - DEBUG - < CLOSE 1000 (OK) [2 bytes]
2023-03-27 13:28:26,833 - DEBUG - = connection is CLOSED
2023-03-27 13:28:26,841 - DEBUG - = connection is CONNECTING
2023-03-27 13:28:26,871 - DEBUG - > GET /ocpp16/ELA007C01/EVSCA070007 HTTP/1.1
2023-03-27 13:28:26,871 - DEBUG - > Host: ws.devevspcharger.uplus.co.kr
2023-03-27 13:28:26,872 - DEBUG - > Upgrade: websocket
2023-03-27 13:28:26,872 - DEBUG - > Connection: Upgrade
2023-03-27 13:28:26,872 - DEBUG - > Sec-WebSocket-Key: V2P+v8rIXD2Jq+jWmYQmRA==
2023-03-27 13:28:26,872 - DEBUG - > Sec-WebSocket-Version: 13
2023-03-27 13:28:26,872 - DEBUG - > Sec-WebSocket-Extensions: permessage-deflate; client_max_window_bits
2023-03-27 13:28:26,873 - DEBUG - > Sec-WebSocket-Protocol: ocpp1.6
2023-03-27 13:28:26,874 - DEBUG - > Authorization: Basic RVZBUjpFVkFSTEdV
2023-03-27 13:28:26,875 - DEBUG - > User-Agent: Python/3.11 websockets/10.4
2023-03-27 13:28:27,080 - DEBUG - < HTTP/1.1 101 Switching Protocols
2023-03-27 13:28:27,080 - DEBUG - < Connection: upgrade
2023-03-27 13:28:27,081 - DEBUG - < Date: Mon, 27 Mar 2023 04:28:26 GMT
2023-03-27 13:28:27,081 - DEBUG - < sec-websocket-protocol: ocpp1.6
2023-03-27 13:28:27,081 - DEBUG - < upgrade: websocket
2023-03-27 13:28:27,081 - DEBUG - < sec-websocket-accept: I1VWv4wjeG+tBVDH/Eia0FoCrY0=
2023-03-27 13:28:27,081 - DEBUG - < sec-websocket-extensions: permessage-deflate
2023-03-27 13:28:27,081 - DEBUG - < X-Cache: Miss from cloudfront
2023-03-27 13:28:27,082 - DEBUG - < Via: 1.1 516246c62af452cb1f8d77c8f3af9faa.cloudfront.net (CloudFront)
2023-03-27 13:28:27,082 - DEBUG - < X-Amz-Cf-Pop: ICN57-P2
2023-03-27 13:28:27,082 - DEBUG - < X-Amz-Cf-Id: oxhzVUI8RBFLfA8P0jwjaqxltpxl9JfzKpA4QaBHkux-lHRAsPAAMA==
2023-03-27 13:28:27,082 - DEBUG - = connection is OPEN
2023-03-27 13:28:27,164 - DEBUG - > TEXT '[2, "12f33176-19d6-419e-9fec-7fb6e1bc0652", "Bo...umber": "EVSCA070007"}]' [169 bytes]
2023-03-27 13:28:27,405 - DEBUG - < TEXT '[3, "12f33176-19d6-419e-9fec-7fb6e1bc0652", {"s...26Z", "interval": 300}]' [123 bytes]
2023-03-27 13:28:27,471 - DEBUG - Starting new HTTPS connection (1): 8b434254zg.execute-api.ap-northeast-2.amazonaws.com:443
2023-03-27 13:28:27,858 - DEBUG - https://8b434254zg.execute-api.ap-northeast-2.amazonaws.com:443 "POST /dev/ioc HTTP/1.1" 200 115
2023-03-27 13:28:27,874 - DEBUG - < TEXT '[2, "2395a4d1-5368-43d7-ad2c-0132dcb14994", "Reset", {"type": "Hard"}]' [70 bytes]
2023-03-27 13:28:27,903 - DEBUG - > TEXT '[3, "2395a4d1-5368-43d7-ad2c-0132dcb14994", {"status": "Accepted"}]' [67 bytes]
2023-03-27 13:28:28,079 - DEBUG - < TEXT '{}' [2 bytes]
2023-03-27 13:28:28,093 - DEBUG - = connection is CLOSING
2023-03-27 13:28:28,093 - DEBUG - > CLOSE 1000 (OK) [2 bytes]
2023-03-27 13:28:28,101 - DEBUG - < CLOSE 1000 (OK) [2 bytes]
2023-03-27 13:28:28,107 - DEBUG - = connection is CLOSED
2023-03-27 13:28:28,116 - DEBUG - = connection is CONNECTING
2023-03-27 13:28:28,151 - DEBUG - > GET /ocpp16/ELA007C01/EVSCA070007 HTTP/1.1
2023-03-27 13:28:28,151 - DEBUG - > Host: ws.devevspcharger.uplus.co.kr
2023-03-27 13:28:28,151 - DEBUG - > Upgrade: websocket
2023-03-27 13:28:28,151 - DEBUG - > Connection: Upgrade
2023-03-27 13:28:28,152 - DEBUG - > Sec-WebSocket-Key: NGuzKuAqxmmHROIliGLmdQ==
2023-03-27 13:28:28,152 - DEBUG - > Sec-WebSocket-Version: 13
2023-03-27 13:28:28,152 - DEBUG - > Sec-WebSocket-Extensions: permessage-deflate; client_max_window_bits
2023-03-27 13:28:28,152 - DEBUG - > Sec-WebSocket-Protocol: ocpp1.6
2023-03-27 13:28:28,152 - DEBUG - > Authorization: Basic RVZBUjpFVkFSTEdV
2023-03-27 13:28:28,152 - DEBUG - > User-Agent: Python/3.11 websockets/10.4
2023-03-27 13:28:28,473 - DEBUG - < HTTP/1.1 101 Switching Protocols
2023-03-27 13:28:28,473 - DEBUG - < Connection: upgrade
2023-03-27 13:28:28,473 - DEBUG - < Date: Mon, 27 Mar 2023 04:28:28 GMT
2023-03-27 13:28:28,473 - DEBUG - < sec-websocket-protocol: ocpp1.6
2023-03-27 13:28:28,473 - DEBUG - < upgrade: websocket
2023-03-27 13:28:28,473 - DEBUG - < sec-websocket-accept: n3J+3NMuDkjmXEbBdsDuNX3kSbs=
2023-03-27 13:28:28,473 - DEBUG - < sec-websocket-extensions: permessage-deflate
2023-03-27 13:28:28,473 - DEBUG - < X-Cache: Miss from cloudfront
2023-03-27 13:28:28,474 - DEBUG - < Via: 1.1 9ae7abacc9e2c811909db23dbe603ad4.cloudfront.net (CloudFront)
2023-03-27 13:28:28,474 - DEBUG - < X-Amz-Cf-Pop: ICN57-P2
2023-03-27 13:28:28,474 - DEBUG - < X-Amz-Cf-Id: Dbzh5E8S6XpE2CCBkaZi9lqlrmxVZnkHvPR8J-s-odApEGcSQzT7Vw==
2023-03-27 13:28:28,474 - DEBUG - = connection is OPEN
2023-03-27 13:28:28,524 - DEBUG - > TEXT '[2, "ba8d2f44-9ea0-4361-a0c7-16d79692f8eb", "Bo...umber": "EVSCA070007"}]' [169 bytes]
2023-03-27 13:28:28,722 - DEBUG - < TEXT '[3, "ba8d2f44-9ea0-4361-a0c7-16d79692f8eb", {"s...28Z", "interval": 300}]' [123 bytes]
2023-03-27 13:28:28,782 - DEBUG - Starting new HTTPS connection (1): 8b434254zg.execute-api.ap-northeast-2.amazonaws.com:443
2023-03-27 13:28:29,197 - DEBUG - https://8b434254zg.execute-api.ap-northeast-2.amazonaws.com:443 "POST /dev/ioc HTTP/1.1" 200 148
2023-03-27 13:28:29,218 - DEBUG - < TEXT '[2, "626ef32a-e041-43ec-8fe5-1452f0cf7c6f", "Ge...izeRemoteTxRequests"]}]' [103 bytes]
2023-03-27 13:28:29,237 - DEBUG - > TEXT '[3, "626ef32a-e041-43ec-8fe5-1452f0cf7c6f", {"c... "status": "Accepted"}]' [139 bytes]
2023-03-27 13:28:29,414 - DEBUG - < TEXT '{}' [2 bytes]
2023-03-27 13:28:29,445 - DEBUG - > TEXT '[2, "3ac27b41-d004-4b6f-8fed-366b85a50855", "St..."status": "Preparing"}]' [132 bytes]
2023-03-27 13:28:29,616 - DEBUG - < TEXT '[3, "3ac27b41-d004-4b6f-8fed-366b85a50855", {}]' [47 bytes]
2023-03-27 13:28:29,693 - DEBUG - Starting new HTTPS connection (1): 8b434254zg.execute-api.ap-northeast-2.amazonaws.com:443
2023-03-27 13:28:30,101 - DEBUG - https://8b434254zg.execute-api.ap-northeast-2.amazonaws.com:443 "POST /dev/ioc HTTP/1.1" 200 437
2023-03-27 13:28:30,119 - DEBUG - < TEXT '[2, "05d9ec12-cadf-4560-ae96-62dcccfb89f6", "Re...0, "limit": 11000}]}}}]' [392 bytes]
2023-03-27 13:28:30,175 - DEBUG - = connection is CLOSING
2023-03-27 13:28:30,176 - DEBUG - > CLOSE 1000 (OK) [2 bytes]
2023-03-27 13:28:30,189 - DEBUG - < CLOSE 1000 (OK) [2 bytes]
2023-03-27 13:28:30,196 - DEBUG - = connection is CLOSED
2023-03-27 13:28:30,204 - DEBUG - = connection is CONNECTING
2023-03-27 13:28:30,234 - DEBUG - > GET /ocpp16/ELA007C01/EVSCA070007 HTTP/1.1
2023-03-27 13:28:30,235 - DEBUG - > Host: ws.devevspcharger.uplus.co.kr
2023-03-27 13:28:30,235 - DEBUG - > Upgrade: websocket
2023-03-27 13:28:30,235 - DEBUG - > Connection: Upgrade
2023-03-27 13:28:30,235 - DEBUG - > Sec-WebSocket-Key: wkqTWt0KsUCc+Xo3ZCTKsQ==
2023-03-27 13:28:30,235 - DEBUG - > Sec-WebSocket-Version: 13
2023-03-27 13:28:30,235 - DEBUG - > Sec-WebSocket-Extensions: permessage-deflate; client_max_window_bits
2023-03-27 13:28:30,235 - DEBUG - > Sec-WebSocket-Protocol: ocpp1.6
2023-03-27 13:28:30,235 - DEBUG - > Authorization: Basic RVZBUjpFVkFSTEdV
2023-03-27 13:28:30,236 - DEBUG - > User-Agent: Python/3.11 websockets/10.4
2023-03-27 13:28:30,496 - DEBUG - < HTTP/1.1 101 Switching Protocols
2023-03-27 13:28:30,496 - DEBUG - < Connection: upgrade
2023-03-27 13:28:30,497 - DEBUG - < Date: Mon, 27 Mar 2023 04:28:30 GMT
2023-03-27 13:28:30,497 - DEBUG - < sec-websocket-protocol: ocpp1.6
2023-03-27 13:28:30,497 - DEBUG - < upgrade: websocket
2023-03-27 13:28:30,497 - DEBUG - < sec-websocket-accept: FgsAgsoSpQyAQiWXIzWhQx0wfGA=
2023-03-27 13:28:30,497 - DEBUG - < sec-websocket-extensions: permessage-deflate
2023-03-27 13:28:30,497 - DEBUG - < X-Cache: Miss from cloudfront
2023-03-27 13:28:30,497 - DEBUG - < Via: 1.1 d21d7f64d4ce2d8fcbb5fbee217cca5a.cloudfront.net (CloudFront)
2023-03-27 13:28:30,497 - DEBUG - < X-Amz-Cf-Pop: ICN57-P2
2023-03-27 13:28:30,498 - DEBUG - < X-Amz-Cf-Id: dxm_WkSv3noOGV8xLCUaMUsVXfuiNJCBDQh3R22px0i0vcnMBP6Q0g==
2023-03-27 13:28:30,498 - DEBUG - = connection is OPEN
2023-03-27 13:28:30,581 - DEBUG - > TEXT '[2, "73704ea3-77e4-490b-945f-e23618f5ef7f", "Bo...umber": "EVSCA070007"}]' [169 bytes]
2023-03-27 13:28:30,783 - DEBUG - < TEXT '[3, "73704ea3-77e4-490b-945f-e23618f5ef7f", {"s...30Z", "interval": 300}]' [123 bytes]
2023-03-27 13:28:30,853 - DEBUG - Starting new HTTPS connection (1): 8b434254zg.execute-api.ap-northeast-2.amazonaws.com:443
2023-03-27 13:28:31,278 - DEBUG - https://8b434254zg.execute-api.ap-northeast-2.amazonaws.com:443 "POST /dev/ioc HTTP/1.1" 200 437
2023-03-27 13:28:31,296 - DEBUG - < TEXT '[2, "92e154d9-43f7-4dc6-9928-7a87a4218c27", "Re...0, "limit": 11000}]}}}]' [392 bytes]
2023-03-27 13:28:31,353 - DEBUG - = connection is CLOSING
2023-03-27 13:28:31,353 - DEBUG - > CLOSE 1000 (OK) [2 bytes]
2023-03-27 13:28:31,363 - DEBUG - < CLOSE 1000 (OK) [2 bytes]
2023-03-27 13:28:31,366 - DEBUG - = connection is CLOSED
2023-03-27 13:28:31,373 - DEBUG - = connection is CONNECTING
2023-03-27 13:28:31,404 - DEBUG - > GET /ocpp16/ELA007C01/EVSCA070007 HTTP/1.1
2023-03-27 13:28:31,405 - DEBUG - > Host: ws.devevspcharger.uplus.co.kr
2023-03-27 13:28:31,405 - DEBUG - > Upgrade: websocket
2023-03-27 13:28:31,405 - DEBUG - > Connection: Upgrade
2023-03-27 13:28:31,405 - DEBUG - > Sec-WebSocket-Key: Aps9GjhS2fav7GC9jvhp6g==
2023-03-27 13:28:31,405 - DEBUG - > Sec-WebSocket-Version: 13
2023-03-27 13:28:31,405 - DEBUG - > Sec-WebSocket-Extensions: permessage-deflate; client_max_window_bits
2023-03-27 13:28:31,405 - DEBUG - > Sec-WebSocket-Protocol: ocpp1.6
2023-03-27 13:28:31,405 - DEBUG - > Authorization: Basic RVZBUjpFVkFSTEdV
2023-03-27 13:28:31,405 - DEBUG - > User-Agent: Python/3.11 websockets/10.4
2023-03-27 13:28:31,596 - DEBUG - < HTTP/1.1 101 Switching Protocols
2023-03-27 13:28:31,597 - DEBUG - < Connection: upgrade
2023-03-27 13:28:31,597 - DEBUG - < Date: Mon, 27 Mar 2023 04:28:31 GMT
2023-03-27 13:28:31,597 - DEBUG - < sec-websocket-protocol: ocpp1.6
2023-03-27 13:28:31,597 - DEBUG - < upgrade: websocket
2023-03-27 13:28:31,597 - DEBUG - < sec-websocket-accept: msGDd/wFxgwEWbPnsTrOBbvEA0w=
2023-03-27 13:28:31,597 - DEBUG - < sec-websocket-extensions: permessage-deflate
2023-03-27 13:28:31,597 - DEBUG - < X-Cache: Miss from cloudfront
2023-03-27 13:28:31,597 - DEBUG - < Via: 1.1 1c31b550dc04cf34ff9053b76a7eecc4.cloudfront.net (CloudFront)
2023-03-27 13:28:31,597 - DEBUG - < X-Amz-Cf-Pop: ICN57-P2
2023-03-27 13:28:31,597 - DEBUG - < X-Amz-Cf-Id: 1335mVLZYP6pRcB6KDXS1zCq4aBPkkZw7qXcp32YjiE5ec0N-olFrA==
2023-03-27 13:28:31,598 - DEBUG - = connection is OPEN
2023-03-27 13:28:31,692 - DEBUG - > TEXT '[2, "075859e2-289d-4cb6-9b27-ab9a6aae0374", "Bo...umber": "EVSCA070007"}]' [169 bytes]
2023-03-27 13:28:31,969 - DEBUG - < TEXT '[3, "075859e2-289d-4cb6-9b27-ab9a6aae0374", {"s...31Z", "interval": 300}]' [123 bytes]
2023-03-27 13:28:32,035 - DEBUG - Starting new HTTPS connection (1): 8b434254zg.execute-api.ap-northeast-2.amazonaws.com:443
2023-03-27 13:28:32,460 - DEBUG - https://8b434254zg.execute-api.ap-northeast-2.amazonaws.com:443 "POST /dev/ioc HTTP/1.1" 200 437
2023-03-27 13:28:32,476 - DEBUG - < TEXT '[2, "8fec7a10-f967-4f60-8a12-3ee6cdb08a30", "Re...0, "limit": 11000}]}}}]' [392 bytes]
2023-03-27 13:28:32,537 - DEBUG - = connection is CLOSING
2023-03-27 13:28:32,538 - DEBUG - > CLOSE 1000 (OK) [2 bytes]
2023-03-27 13:28:32,544 - DEBUG - < CLOSE 1000 (OK) [2 bytes]
2023-03-27 13:28:32,551 - DEBUG - = connection is CLOSED
2023-03-27 13:28:32,559 - DEBUG - = connection is CONNECTING
2023-03-27 13:28:32,596 - DEBUG - > GET /ocpp16/ELA007C01/EVSCA070007 HTTP/1.1
2023-03-27 13:28:32,596 - DEBUG - > Host: ws.devevspcharger.uplus.co.kr
2023-03-27 13:28:32,596 - DEBUG - > Upgrade: websocket
2023-03-27 13:28:32,596 - DEBUG - > Connection: Upgrade
2023-03-27 13:28:32,596 - DEBUG - > Sec-WebSocket-Key: x0F2bExJr+0fNdcDtsn1bw==
2023-03-27 13:28:32,596 - DEBUG - > Sec-WebSocket-Version: 13
2023-03-27 13:28:32,597 - DEBUG - > Sec-WebSocket-Extensions: permessage-deflate; client_max_window_bits
2023-03-27 13:28:32,597 - DEBUG - > Sec-WebSocket-Protocol: ocpp1.6
2023-03-27 13:28:32,597 - DEBUG - > Authorization: Basic RVZBUjpFVkFSTEdV
2023-03-27 13:28:32,597 - DEBUG - > User-Agent: Python/3.11 websockets/10.4
2023-03-27 13:28:32,887 - DEBUG - < HTTP/1.1 101 Switching Protocols
2023-03-27 13:28:32,887 - DEBUG - < Connection: upgrade
2023-03-27 13:28:32,887 - DEBUG - < Date: Mon, 27 Mar 2023 04:28:32 GMT
2023-03-27 13:28:32,887 - DEBUG - < sec-websocket-protocol: ocpp1.6
2023-03-27 13:28:32,887 - DEBUG - < upgrade: websocket
2023-03-27 13:28:32,887 - DEBUG - < sec-websocket-accept: 0l8uQeqPvzs6REIq8a4sNWrO7f4=
2023-03-27 13:28:32,887 - DEBUG - < sec-websocket-extensions: permessage-deflate
2023-03-27 13:28:32,887 - DEBUG - < X-Cache: Miss from cloudfront
2023-03-27 13:28:32,888 - DEBUG - < Via: 1.1 702d274aeab676890c1a399c8e170886.cloudfront.net (CloudFront)
2023-03-27 13:28:32,888 - DEBUG - < X-Amz-Cf-Pop: ICN57-P2
2023-03-27 13:28:32,888 - DEBUG - < X-Amz-Cf-Id: vRpa-fyoahLf8pWYiiP--hDqclVrEPXxsR78Fg9l2iR6I9Dah67RBg==
2023-03-27 13:28:32,888 - DEBUG - = connection is OPEN
2023-03-27 13:28:32,981 - DEBUG - > TEXT '[2, "02188b0b-8065-4d07-ab6e-90f3f688f601", "Bo...umber": "EVSCA070007"}]' [169 bytes]
2023-03-27 13:28:33,177 - DEBUG - < TEXT '[3, "02188b0b-8065-4d07-ab6e-90f3f688f601", {"s...32Z", "interval": 300}]' [123 bytes]
2023-03-27 13:28:33,253 - DEBUG - Starting new HTTPS connection (1): 8b434254zg.execute-api.ap-northeast-2.amazonaws.com:443
2023-03-27 13:28:33,678 - DEBUG - https://8b434254zg.execute-api.ap-northeast-2.amazonaws.com:443 "POST /dev/ioc HTTP/1.1" 200 148
2023-03-27 13:28:33,695 - DEBUG - < TEXT '[2, "2126c219-0604-428a-8ff4-8889d58f0aa8", "Ge...izeRemoteTxRequests"]}]' [103 bytes]
2023-03-27 13:28:33,724 - DEBUG - > TEXT '[3, "2126c219-0604-428a-8ff4-8889d58f0aa8", {"c... "status": "Accepted"}]' [139 bytes]
2023-03-27 13:28:33,928 - DEBUG - < TEXT '{}' [2 bytes]
2023-03-27 13:28:33,958 - DEBUG - > TEXT '[2, "a783e2dc-2a8a-4403-99a4-e79ad7041da3", "St..."status": "Preparing"}]' [132 bytes]
2023-03-27 13:28:34,156 - DEBUG - < TEXT '[3, "a783e2dc-2a8a-4403-99a4-e79ad7041da3", {}]' [47 bytes]
2023-03-27 13:28:34,218 - DEBUG - Starting new HTTPS connection (1): 8b434254zg.execute-api.ap-northeast-2.amazonaws.com:443
2023-03-27 13:28:34,619 - DEBUG - https://8b434254zg.execute-api.ap-northeast-2.amazonaws.com:443 "POST /dev/ioc HTTP/1.1" 200 437
2023-03-27 13:28:34,639 - DEBUG - < TEXT '[2, "ec55ec80-de7f-4173-888d-a2af5a81817d", "Re...0, "limit": 11000}]}}}]' [392 bytes]
2023-03-27 13:28:34,701 - DEBUG - = connection is CLOSING
2023-03-27 13:28:34,701 - DEBUG - > CLOSE 1000 (OK) [2 bytes]
2023-03-27 13:28:34,711 - DEBUG - < CLOSE 1000 (OK) [2 bytes]
2023-03-27 13:28:34,714 - DEBUG - = connection is CLOSED
2023-03-27 13:28:34,721 - DEBUG - = connection is CONNECTING
2023-03-27 13:28:34,749 - DEBUG - > GET /ocpp16/ELA007C01/EVSCA070007 HTTP/1.1
2023-03-27 13:28:34,749 - DEBUG - > Host: ws.devevspcharger.uplus.co.kr
2023-03-27 13:28:34,750 - DEBUG - > Upgrade: websocket
2023-03-27 13:28:34,750 - DEBUG - > Connection: Upgrade
2023-03-27 13:28:34,750 - DEBUG - > Sec-WebSocket-Key: yGijRyAY6KKtKQVkUsjpaA==
2023-03-27 13:28:34,750 - DEBUG - > Sec-WebSocket-Version: 13
2023-03-27 13:28:34,750 - DEBUG - > Sec-WebSocket-Extensions: permessage-deflate; client_max_window_bits
2023-03-27 13:28:34,750 - DEBUG - > Sec-WebSocket-Protocol: ocpp1.6
2023-03-27 13:28:34,750 - DEBUG - > Authorization: Basic RVZBUjpFVkFSTEdV
2023-03-27 13:28:34,750 - DEBUG - > User-Agent: Python/3.11 websockets/10.4
2023-03-27 13:28:34,938 - DEBUG - < HTTP/1.1 101 Switching Protocols
2023-03-27 13:28:34,938 - DEBUG - < Connection: upgrade
2023-03-27 13:28:34,938 - DEBUG - < Date: Mon, 27 Mar 2023 04:28:34 GMT
2023-03-27 13:28:34,938 - DEBUG - < sec-websocket-protocol: ocpp1.6
2023-03-27 13:28:34,938 - DEBUG - < upgrade: websocket
2023-03-27 13:28:34,938 - DEBUG - < sec-websocket-accept: MfIc4cx1xoTg7PjmWwqRXSRcwDw=
2023-03-27 13:28:34,938 - DEBUG - < sec-websocket-extensions: permessage-deflate
2023-03-27 13:28:34,938 - DEBUG - < X-Cache: Miss from cloudfront
2023-03-27 13:28:34,939 - DEBUG - < Via: 1.1 9ce5dfe6a640bb6a762b3c2889e2317e.cloudfront.net (CloudFront)
2023-03-27 13:28:34,939 - DEBUG - < X-Amz-Cf-Pop: ICN57-P2
2023-03-27 13:28:34,939 - DEBUG - < X-Amz-Cf-Id: LYLfxT_AgWzUIx3Vv3U8AtDiQGbitGKYtti4ew0o6aguV0RTGwF_Lg==
2023-03-27 13:28:34,939 - DEBUG - = connection is OPEN
2023-03-27 13:28:35,030 - DEBUG - > TEXT '[2, "39cc504d-0186-4c23-b325-78af97b553df", "Bo...umber": "EVSCA070007"}]' [169 bytes]
2023-03-27 13:28:35,236 - DEBUG - < TEXT '[3, "39cc504d-0186-4c23-b325-78af97b553df", {"s...34Z", "interval": 300}]' [123 bytes]
2023-03-27 13:28:35,313 - DEBUG - Starting new HTTPS connection (1): 8b434254zg.execute-api.ap-northeast-2.amazonaws.com:443
2023-03-27 13:28:35,719 - DEBUG - https://8b434254zg.execute-api.ap-northeast-2.amazonaws.com:443 "POST /dev/ioc HTTP/1.1" 200 153
2023-03-27 13:28:35,737 - DEBUG - < TEXT '[2, "43f5201f-050f-49c1-9c0e-b342d967df64", "Ch...ve", "connectorId": 1}]' [108 bytes]
2023-03-27 13:28:35,767 - DEBUG - > TEXT '[2, "43f5201f-050f-49c1-9c0e-b342d967df64", {"status": "Accepted"}]' [67 bytes]
2023-03-27 13:28:35,816 - DEBUG - < TEXT '{"message": "Internal server error", "connectio...Id":"CbE6FGJ4oE0FTiw="}' [103 bytes]
2023-03-27 13:28:35,858 - DEBUG - > TEXT '[2, "77493174-353a-4d74-a5b7-c59b3ad7395f", "St...tatus": "Unavailable"}]' [134 bytes]
2023-03-27 13:28:36,059 - DEBUG - < TEXT '[3, "77493174-353a-4d74-a5b7-c59b3ad7395f", {}]' [47 bytes]
2023-03-27 13:28:36,125 - DEBUG - Starting new HTTPS connection (1): 8b434254zg.execute-api.ap-northeast-2.amazonaws.com:443
2023-03-27 13:28:36,518 - DEBUG - https://8b434254zg.execute-api.ap-northeast-2.amazonaws.com:443 "POST /dev/ioc HTTP/1.1" 200 115
2023-03-27 13:28:36,537 - DEBUG - < TEXT '[2, "ddfcb308-f92c-4307-b094-7fdc19c7c2d8", "Reset", {"type": "Hard"}]' [70 bytes]
2023-03-27 13:28:36,561 - DEBUG - > TEXT '[3, "ddfcb308-f92c-4307-b094-7fdc19c7c2d8", {"status": "Accepted"}]' [67 bytes]
2023-03-27 13:28:36,754 - DEBUG - < TEXT '{}' [2 bytes]
2023-03-27 13:28:36,780 - DEBUG - > TEXT '[2, "eb8639ea-819e-4d31-b079-5ebdb02cc741", "Bo...umber": "EVSCA070007"}]' [169 bytes]
2023-03-27 13:28:36,995 - DEBUG - < TEXT '[3, "eb8639ea-819e-4d31-b079-5ebdb02cc741", {"s...36Z", "interval": 300}]' [123 bytes]
2023-03-27 13:28:37,027 - DEBUG - > TEXT '[2, "0b795604-5dcf-4345-ab67-d51c5dc5cd2a", "St...tatus": "Unavailable"}]' [134 bytes]
2023-03-27 13:28:37,217 - DEBUG - < TEXT '[3, "0b795604-5dcf-4345-ab67-d51c5dc5cd2a", {}]' [47 bytes]
2023-03-27 13:28:37,245 - DEBUG - > TEXT '[2, "c1dbafad-e5fd-4dfb-9a9b-20346c047df5", "St..."status": "Available"}]' [132 bytes]
2023-03-27 13:28:37,416 - DEBUG - < TEXT '[3, "c1dbafad-e5fd-4dfb-9a9b-20346c047df5", {}]' [47 bytes]
2023-03-27 13:28:37,473 - DEBUG - Starting new HTTPS connection (1): 8b434254zg.execute-api.ap-northeast-2.amazonaws.com:443
2023-03-27 13:28:37,900 - DEBUG - https://8b434254zg.execute-api.ap-northeast-2.amazonaws.com:443 "POST /dev/ioc HTTP/1.1" 200 151
2023-03-27 13:28:37,927 - DEBUG - < TEXT '[2, "a558c7c0-e5e3-4dca-bbcb-80185644d188", "Ch...ve", "connectorId": 1}]' [106 bytes]
2023-03-27 13:28:37,957 - DEBUG - > TEXT '[2, "a558c7c0-e5e3-4dca-bbcb-80185644d188", {"status": "Accepted"}]' [67 bytes]
2023-03-27 13:28:37,998 - DEBUG - < TEXT '{"message": "Internal server error", "connectio...Id":"CbE6bERQIE0Fd4Q="}' [103 bytes]
2023-03-27 13:28:38,031 - DEBUG - > TEXT '[2, "0a5a1ec2-e951-4c58-a4c5-211b35ffc635", "St..."status": "Available"}]' [132 bytes]
2023-03-27 13:28:38,216 - DEBUG - < TEXT '[3, "0a5a1ec2-e951-4c58-a4c5-211b35ffc635", {}]' [47 bytes]
2023-03-27 13:28:38,242 - DEBUG - = connection is CLOSING
2023-03-27 13:28:38,242 - DEBUG - > CLOSE 1000 (OK) [2 bytes]
2023-03-27 13:28:38,251 - DEBUG - < CLOSE 1000 (OK) [2 bytes]
2023-03-27 13:28:38,256 - DEBUG - = connection is CLOSED
2023-03-27 13:28:38,263 - DEBUG - = connection is CONNECTING
2023-03-27 13:28:38,296 - DEBUG - > GET /ocpp16/ELA007C01/EVSCA070007 HTTP/1.1
2023-03-27 13:28:38,298 - DEBUG - > Host: ws.devevspcharger.uplus.co.kr
2023-03-27 13:28:38,298 - DEBUG - > Upgrade: websocket
2023-03-27 13:28:38,298 - DEBUG - > Connection: Upgrade
2023-03-27 13:28:38,298 - DEBUG - > Sec-WebSocket-Key: RrJjYuIS9cJsU4WnFLpy1g==
2023-03-27 13:28:38,298 - DEBUG - > Sec-WebSocket-Version: 13
2023-03-27 13:28:38,298 - DEBUG - > Sec-WebSocket-Extensions: permessage-deflate; client_max_window_bits
2023-03-27 13:28:38,299 - DEBUG - > Sec-WebSocket-Protocol: ocpp1.6
2023-03-27 13:28:38,299 - DEBUG - > Authorization: Basic RVZBUjpFVkFSTEdV
2023-03-27 13:28:38,299 - DEBUG - > User-Agent: Python/3.11 websockets/10.4
2023-03-27 13:28:38,498 - DEBUG - < HTTP/1.1 101 Switching Protocols
2023-03-27 13:28:38,498 - DEBUG - < Connection: upgrade
2023-03-27 13:28:38,498 - DEBUG - < Date: Mon, 27 Mar 2023 04:28:38 GMT
2023-03-27 13:28:38,499 - DEBUG - < sec-websocket-protocol: ocpp1.6
2023-03-27 13:28:38,499 - DEBUG - < upgrade: websocket
2023-03-27 13:28:38,499 - DEBUG - < sec-websocket-accept: +K81kFCAEAm37lc0y6CWyqfiVeA=
2023-03-27 13:28:38,499 - DEBUG - < sec-websocket-extensions: permessage-deflate
2023-03-27 13:28:38,499 - DEBUG - < X-Cache: Miss from cloudfront
2023-03-27 13:28:38,499 - DEBUG - < Via: 1.1 c6882e0acaa56682be4bf45c4b8fd99a.cloudfront.net (CloudFront)
2023-03-27 13:28:38,499 - DEBUG - < X-Amz-Cf-Pop: ICN57-P2
2023-03-27 13:28:38,499 - DEBUG - < X-Amz-Cf-Id: N4UPXXHU025rRx1s0fKMC9Oxv7czuLwhK9HFsugfdg522iJ_NF4Plg==
2023-03-27 13:28:38,500 - DEBUG - = connection is OPEN
2023-03-27 13:28:38,561 - DEBUG - > TEXT '[2, "cc88cecb-e339-4c03-a312-9875c5844362", "Bo...umber": "EVSCA070007"}]' [169 bytes]
2023-03-27 13:28:38,779 - DEBUG - < TEXT '[3, "cc88cecb-e339-4c03-a312-9875c5844362", {"s...38Z", "interval": 300}]' [123 bytes]
2023-03-27 13:28:38,836 - DEBUG - Starting new HTTPS connection (1): 8b434254zg.execute-api.ap-northeast-2.amazonaws.com:443
2023-03-27 13:28:39,259 - DEBUG - https://8b434254zg.execute-api.ap-northeast-2.amazonaws.com:443 "POST /dev/ioc HTTP/1.1" 200 153
2023-03-27 13:28:39,276 - DEBUG - < TEXT '[2, "45d07bfa-cd6a-453f-9a9c-74818fb1ea6c", "Ch...ve", "connectorId": 1}]' [108 bytes]
2023-03-27 13:28:39,298 - DEBUG - > TEXT '[2, "45d07bfa-cd6a-453f-9a9c-74818fb1ea6c", {"status": "Accepted"}]' [67 bytes]
2023-03-27 13:28:39,331 - DEBUG - < TEXT '{"message": "Internal server error", "connectio...Id":"CbE6oHcxoE0Fggg="}' [103 bytes]
2023-03-27 13:28:39,369 - DEBUG - > TEXT '[2, "809320ac-5053-4b55-8c35-b03451aa3eea", "St...tatus": "Unavailable"}]' [134 bytes]
2023-03-27 13:28:39,673 - DEBUG - < TEXT '[3, "809320ac-5053-4b55-8c35-b03451aa3eea", {}]' [47 bytes]
2023-03-27 13:28:39,745 - DEBUG - Starting new HTTPS connection (1): 8b434254zg.execute-api.ap-northeast-2.amazonaws.com:443
2023-03-27 13:28:40,137 - DEBUG - https://8b434254zg.execute-api.ap-northeast-2.amazonaws.com:443 "POST /dev/ioc HTTP/1.1" 200 115
2023-03-27 13:28:40,155 - DEBUG - < TEXT '[2, "dcd7e839-2723-4a18-afe7-aeefb4a94c0b", "Reset", {"type": "Hard"}]' [70 bytes]
2023-03-27 13:28:40,175 - DEBUG - > TEXT '[3, "dcd7e839-2723-4a18-afe7-aeefb4a94c0b", {"status": "Accepted"}]' [67 bytes]
2023-03-27 13:28:40,369 - DEBUG - < TEXT '{}' [2 bytes]
2023-03-27 13:28:40,392 - DEBUG - > TEXT '[2, "8367dc78-1bff-49a0-a59a-f95c58a5fa63", "Bo...umber": "EVSCA070007"}]' [169 bytes]
2023-03-27 13:28:40,635 - DEBUG - < TEXT '[3, "8367dc78-1bff-49a0-a59a-f95c58a5fa63", {"s...40Z", "interval": 300}]' [123 bytes]
2023-03-27 13:28:40,671 - DEBUG - > TEXT '[2, "b3ebb1dd-2989-4e70-94f1-6464f85f302e", "St...tatus": "Unavailable"}]' [134 bytes]
2023-03-27 13:28:40,865 - DEBUG - < TEXT '[3, "b3ebb1dd-2989-4e70-94f1-6464f85f302e", {}]' [47 bytes]
2023-03-27 13:28:40,891 - DEBUG - > TEXT '[2, "ceb2ddc1-073e-47e6-a4ad-e179446af20e", "St..."status": "Available"}]' [132 bytes]
2023-03-27 13:28:41,057 - DEBUG - < TEXT '[3, "ceb2ddc1-073e-47e6-a4ad-e179446af20e", {}]' [47 bytes]
2023-03-27 13:28:41,127 - DEBUG - Starting new HTTPS connection (1): 8b434254zg.execute-api.ap-northeast-2.amazonaws.com:443
2023-03-27 13:28:41,519 - DEBUG - https://8b434254zg.execute-api.ap-northeast-2.amazonaws.com:443 "POST /dev/ioc HTTP/1.1" 200 151
2023-03-27 13:28:41,536 - DEBUG - < TEXT '[2, "26904fb9-8473-4df8-a89e-b74993593e7a", "Ch...ve", "connectorId": 1}]' [106 bytes]
2023-03-27 13:28:41,567 - DEBUG - > TEXT '[2, "26904fb9-8473-4df8-a89e-b74993593e7a", {"status": "Accepted"}]' [67 bytes]
2023-03-27 13:28:41,618 - DEBUG - < TEXT '{"message": "Internal server error", "connectio...Id":"CbE6_EhGIE0Fb6A="}' [103 bytes]
2023-03-27 13:28:41,654 - DEBUG - > TEXT '[2, "51bc332d-bf67-4865-b856-4f622f240608", "St..."status": "Available"}]' [132 bytes]
2023-03-27 13:28:41,836 - DEBUG - < TEXT '[3, "51bc332d-bf67-4865-b856-4f622f240608", {}]' [47 bytes]
2023-03-27 13:28:41,862 - DEBUG - = connection is CLOSING
2023-03-27 13:28:41,862 - DEBUG - > CLOSE 1000 (OK) [2 bytes]
2023-03-27 13:28:41,871 - DEBUG - < CLOSE 1000 (OK) [2 bytes]
2023-03-27 13:28:41,874 - DEBUG - = connection is CLOSED
2023-03-27 13:28:41,881 - DEBUG - = connection is CONNECTING
2023-03-27 13:28:41,912 - DEBUG - > GET /ocpp16/ELA007C01/EVSCA070007 HTTP/1.1
2023-03-27 13:28:41,912 - DEBUG - > Host: ws.devevspcharger.uplus.co.kr
2023-03-27 13:28:41,912 - DEBUG - > Upgrade: websocket
2023-03-27 13:28:41,912 - DEBUG - > Connection: Upgrade
2023-03-27 13:28:41,912 - DEBUG - > Sec-WebSocket-Key: 3hz2wVRHoehKPaHa5AesjA==
2023-03-27 13:28:41,913 - DEBUG - > Sec-WebSocket-Version: 13
2023-03-27 13:28:41,913 - DEBUG - > Sec-WebSocket-Extensions: permessage-deflate; client_max_window_bits
2023-03-27 13:28:41,913 - DEBUG - > Sec-WebSocket-Protocol: ocpp1.6
2023-03-27 13:28:41,913 - DEBUG - > Authorization: Basic RVZBUjpFVkFSTEdV
2023-03-27 13:28:41,913 - DEBUG - > User-Agent: Python/3.11 websockets/10.4
2023-03-27 13:28:42,167 - DEBUG - < HTTP/1.1 101 Switching Protocols
2023-03-27 13:28:42,167 - DEBUG - < Connection: upgrade
2023-03-27 13:28:42,168 - DEBUG - < Date: Mon, 27 Mar 2023 04:28:41 GMT
2023-03-27 13:28:42,168 - DEBUG - < sec-websocket-protocol: ocpp1.6
2023-03-27 13:28:42,168 - DEBUG - < upgrade: websocket
2023-03-27 13:28:42,168 - DEBUG - < sec-websocket-accept: NR4IGyQQE4NrXj0W0JQ+nGmj+uE=
2023-03-27 13:28:42,168 - DEBUG - < sec-websocket-extensions: permessage-deflate
2023-03-27 13:28:42,168 - DEBUG - < X-Cache: Miss from cloudfront
2023-03-27 13:28:42,168 - DEBUG - < Via: 1.1 623f9f4dd2fef338f4704e13bada95c8.cloudfront.net (CloudFront)
2023-03-27 13:28:42,168 - DEBUG - < X-Amz-Cf-Pop: ICN57-P2
2023-03-27 13:28:42,168 - DEBUG - < X-Amz-Cf-Id: 0kj3IdVNhrd7xdezVP8oo2CLwsyeOTA-G7MVndbG9AMHuLCR3g5XNg==
2023-03-27 13:28:42,169 - DEBUG - = connection is OPEN
2023-03-27 13:28:42,251 - DEBUG - Starting new HTTPS connection (1): 8b434254zg.execute-api.ap-northeast-2.amazonaws.com:443
2023-03-27 13:28:42,660 - DEBUG - https://8b434254zg.execute-api.ap-northeast-2.amazonaws.com:443 "POST /dev/ioc HTTP/1.1" 200 127
2023-03-27 13:28:42,678 - DEBUG - < TEXT '[2, "cc2f1388-b95c-4cf6-a7a7-ebae7effb847", "Un...r", {"connectorId": 1}]' [82 bytes]
2023-03-27 13:28:42,696 - DEBUG - > TEXT '[3, "cc2f1388-b95c-4cf6-a7a7-ebae7effb847", {"status": "Unlocked"}]' [67 bytes]
2023-03-27 13:28:42,879 - DEBUG - < TEXT '{}' [2 bytes]
2023-03-27 13:28:42,891 - DEBUG - = connection is CLOSING
2023-03-27 13:28:42,892 - DEBUG - > CLOSE 1000 (OK) [2 bytes]
2023-03-27 13:28:42,901 - DEBUG - < CLOSE 1000 (OK) [2 bytes]
2023-03-27 13:28:42,904 - DEBUG - = connection is CLOSED
2023-03-27 13:28:42,915 - DEBUG - = connection is CONNECTING
2023-03-27 13:28:42,949 - DEBUG - > GET /ocpp16/ELA007C01/EVSCA070007 HTTP/1.1
2023-03-27 13:28:42,949 - DEBUG - > Host: ws.devevspcharger.uplus.co.kr
2023-03-27 13:28:42,949 - DEBUG - > Upgrade: websocket
2023-03-27 13:28:42,949 - DEBUG - > Connection: Upgrade
2023-03-27 13:28:42,949 - DEBUG - > Sec-WebSocket-Key: aVJv75XKDBnOE6fi3sWW8w==
2023-03-27 13:28:42,949 - DEBUG - > Sec-WebSocket-Version: 13
2023-03-27 13:28:42,949 - DEBUG - > Sec-WebSocket-Extensions: permessage-deflate; client_max_window_bits
2023-03-27 13:28:42,949 - DEBUG - > Sec-WebSocket-Protocol: ocpp1.6
2023-03-27 13:28:42,949 - DEBUG - > Authorization: Basic RVZBUjpFVkFSTEdV
2023-03-27 13:28:42,949 - DEBUG - > User-Agent: Python/3.11 websockets/10.4
2023-03-27 13:28:43,196 - DEBUG - < HTTP/1.1 101 Switching Protocols
2023-03-27 13:28:43,196 - DEBUG - < Connection: upgrade
2023-03-27 13:28:43,196 - DEBUG - < Date: Mon, 27 Mar 2023 04:28:42 GMT
2023-03-27 13:28:43,196 - DEBUG - < sec-websocket-protocol: ocpp1.6
2023-03-27 13:28:43,196 - DEBUG - < upgrade: websocket
2023-03-27 13:28:43,196 - DEBUG - < sec-websocket-accept: f8y7BklM0o0obS8UdFQl9xl3Nic=
2023-03-27 13:28:43,197 - DEBUG - < sec-websocket-extensions: permessage-deflate
2023-03-27 13:28:43,197 - DEBUG - < X-Cache: Miss from cloudfront
2023-03-27 13:28:43,197 - DEBUG - < Via: 1.1 e649e91ecb78f4d44c5fc28ed185c6e0.cloudfront.net (CloudFront)
2023-03-27 13:28:43,197 - DEBUG - < X-Amz-Cf-Pop: ICN57-P2
2023-03-27 13:28:43,197 - DEBUG - < X-Amz-Cf-Id: eseZKisrLQlsbIY-FmrtT9bRj6chYXComDz3sgJxP74b3Fc-N_nmgw==
2023-03-27 13:28:43,198 - DEBUG - = connection is OPEN
2023-03-27 13:28:43,250 - DEBUG - > TEXT '[2, "dbcd20dc-5266-45bb-a5aa-848ef6fb9f11", "Bo...umber": "EVSCA070007"}]' [169 bytes]
2023-03-27 13:28:43,474 - DEBUG - < TEXT '[3, "dbcd20dc-5266-45bb-a5aa-848ef6fb9f11", {"s...43Z", "interval": 300}]' [123 bytes]
2023-03-27 13:28:43,531 - DEBUG - Starting new HTTPS connection (1): 8b434254zg.execute-api.ap-northeast-2.amazonaws.com:443
2023-03-27 13:28:43,919 - DEBUG - https://8b434254zg.execute-api.ap-northeast-2.amazonaws.com:443 "POST /dev/ioc HTTP/1.1" 200 148
2023-03-27 13:28:43,937 - DEBUG - < TEXT '[2, "5725ab0a-de7b-4521-95d9-88f62e30fae1", "Ge...izeRemoteTxRequests"]}]' [103 bytes]
2023-03-27 13:28:43,963 - DEBUG - > TEXT '[3, "5725ab0a-de7b-4521-95d9-88f62e30fae1", {"c... "status": "Accepted"}]' [147 bytes]
2023-03-27 13:28:44,168 - DEBUG - < TEXT '{}' [2 bytes]
2023-03-27 13:28:44,195 - DEBUG - > TEXT '[2, "2d79f389-2729-4f0a-a322-a6438e7a8467", "St..."status": "Preparing"}]' [132 bytes]
2023-03-27 13:28:44,471 - DEBUG - < TEXT '[3, "2d79f389-2729-4f0a-a322-a6438e7a8467", {}]' [47 bytes]
2023-03-27 13:28:44,537 - DEBUG - Starting new HTTPS connection (1): 8b434254zg.execute-api.ap-northeast-2.amazonaws.com:443
2023-03-27 13:28:44,958 - DEBUG - https://8b434254zg.execute-api.ap-northeast-2.amazonaws.com:443 "POST /dev/ioc HTTP/1.1" 200 437
2023-03-27 13:28:44,982 - DEBUG - < TEXT '[2, "b53e5f87-b767-46e6-bbdc-383a2f3814f2", "Re...0, "limit": 11000}]}}}]' [392 bytes]
2023-03-27 13:28:45,057 - DEBUG - = connection is CLOSING
2023-03-27 13:28:45,057 - DEBUG - > CLOSE 1000 (OK) [2 bytes]
2023-03-27 13:28:45,064 - DEBUG - < CLOSE 1000 (OK) [2 bytes]
2023-03-27 13:28:45,070 - DEBUG - = connection is CLOSED
2023-03-27 13:28:45,077 - DEBUG - = connection is CONNECTING
2023-03-27 13:28:45,114 - DEBUG - > GET /ocpp16/ELA007C01/EVSCA070007 HTTP/1.1
2023-03-27 13:28:45,114 - DEBUG - > Host: ws.devevspcharger.uplus.co.kr
2023-03-27 13:28:45,114 - DEBUG - > Upgrade: websocket
2023-03-27 13:28:45,114 - DEBUG - > Connection: Upgrade
2023-03-27 13:28:45,114 - DEBUG - > Sec-WebSocket-Key: gqFXEwgxvVXcZoYHf5AGGA==
2023-03-27 13:28:45,114 - DEBUG - > Sec-WebSocket-Version: 13
2023-03-27 13:28:45,115 - DEBUG - > Sec-WebSocket-Extensions: permessage-deflate; client_max_window_bits
2023-03-27 13:28:45,115 - DEBUG - > Sec-WebSocket-Protocol: ocpp1.6
2023-03-27 13:28:45,115 - DEBUG - > Authorization: Basic RVZBUjpFVkFSTEdV
2023-03-27 13:28:45,115 - DEBUG - > User-Agent: Python/3.11 websockets/10.4
2023-03-27 13:28:45,339 - DEBUG - < HTTP/1.1 101 Switching Protocols
2023-03-27 13:28:45,339 - DEBUG - < Connection: upgrade
2023-03-27 13:28:45,339 - DEBUG - < Date: Mon, 27 Mar 2023 04:28:45 GMT
2023-03-27 13:28:45,339 - DEBUG - < sec-websocket-protocol: ocpp1.6
2023-03-27 13:28:45,339 - DEBUG - < upgrade: websocket
2023-03-27 13:28:45,339 - DEBUG - < sec-websocket-accept: jiHnc2JDxLt9C0pqMnYHy9c9o50=
2023-03-27 13:28:45,340 - DEBUG - < sec-websocket-extensions: permessage-deflate
2023-03-27 13:28:45,340 - DEBUG - < X-Cache: Miss from cloudfront
2023-03-27 13:28:45,340 - DEBUG - < Via: 1.1 82b32d3cf0884f8ba64486d5e981bdb8.cloudfront.net (CloudFront)
2023-03-27 13:28:45,340 - DEBUG - < X-Amz-Cf-Pop: ICN57-P2
2023-03-27 13:28:45,340 - DEBUG - < X-Amz-Cf-Id: 7cTrl_8hZxOHZLhCX3ga8ua9TIsw_Mk3mgoMxlrPZnFsOjqxWwYFaA==
2023-03-27 13:28:45,340 - DEBUG - = connection is OPEN
2023-03-27 13:28:45,462 - DEBUG - Starting new HTTPS connection (1): 8b434254zg.execute-api.ap-northeast-2.amazonaws.com:443
2023-03-27 13:28:45,878 - DEBUG - https://8b434254zg.execute-api.ap-northeast-2.amazonaws.com:443 "POST /dev/ioc HTTP/1.1" 200 147
2023-03-27 13:28:45,894 - DEBUG - < TEXT '[2, "79086d1c-eb56-4aac-aab2-67c484f65e91", "Ge...rtedFeatureProfiles"]}]' [102 bytes]
2023-03-27 13:28:45,922 - DEBUG - > TEXT '[3, "79086d1c-eb56-4aac-aab2-67c484f65e91", {"c...ed", "unknownKey": {}}]' [164 bytes]
2023-03-27 13:28:46,118 - DEBUG - < TEXT '{}' [2 bytes]
2023-03-27 13:28:46,191 - DEBUG - Starting new HTTPS connection (1): 8b434254zg.execute-api.ap-northeast-2.amazonaws.com:443
2023-03-27 13:28:46,621 - DEBUG - https://8b434254zg.execute-api.ap-northeast-2.amazonaws.com:443 "POST /dev/ioc HTTP/1.1" 200 121
2023-03-27 13:28:46,640 - DEBUG - < TEXT '[2, "f7cdd610-0be2-43b0-ab41-2d3832731c54", "Ge...guration", {"key": []}]' [76 bytes]
2023-03-27 13:28:46,661 - DEBUG - > TEXT '[3, "f7cdd610-0be2-43b0-ab41-2d3832731c54", {"c...ed", "unknownKey": {}}]' [272 bytes]
2023-03-27 13:28:46,855 - DEBUG - < TEXT '{}' [2 bytes]
2023-03-27 13:28:46,892 - DEBUG - > TEXT '[2, "17157f5c-24f1-427e-8a6b-7dbcc7fcbc38", "St..."status": "Available"}]' [132 bytes]
2023-03-27 13:28:47,055 - DEBUG - < TEXT '[3, "17157f5c-24f1-427e-8a6b-7dbcc7fcbc38", {}]' [47 bytes]
2023-03-27 13:28:47,095 - DEBUG - = connection is CLOSING
2023-03-27 13:28:47,095 - DEBUG - > CLOSE 1000 (OK) [2 bytes]
2023-03-27 13:28:47,102 - DEBUG - < CLOSE 1000 (OK) [2 bytes]
2023-03-27 13:28:47,107 - DEBUG - = connection is CLOSED
2023-03-27 13:28:47,118 - DEBUG - = connection is CONNECTING
2023-03-27 13:28:47,148 - DEBUG - > GET /ocpp16/ELA007C01/EVSCA070007 HTTP/1.1
2023-03-27 13:28:47,149 - DEBUG - > Host: ws.devevspcharger.uplus.co.kr
2023-03-27 13:28:47,149 - DEBUG - > Upgrade: websocket
2023-03-27 13:28:47,149 - DEBUG - > Connection: Upgrade
2023-03-27 13:28:47,149 - DEBUG - > Sec-WebSocket-Key: tm0p6GHWbfRi7ia3qOb3Ug==
2023-03-27 13:28:47,149 - DEBUG - > Sec-WebSocket-Version: 13
2023-03-27 13:28:47,149 - DEBUG - > Sec-WebSocket-Extensions: permessage-deflate; client_max_window_bits
2023-03-27 13:28:47,149 - DEBUG - > Sec-WebSocket-Protocol: ocpp1.6
2023-03-27 13:28:47,149 - DEBUG - > Authorization: Basic RVZBUjpFVkFSTEdV
2023-03-27 13:28:47,149 - DEBUG - > User-Agent: Python/3.11 websockets/10.4
2023-03-27 13:28:47,377 - DEBUG - < HTTP/1.1 101 Switching Protocols
2023-03-27 13:28:47,377 - DEBUG - < Connection: upgrade
2023-03-27 13:28:47,378 - DEBUG - < Date: Mon, 27 Mar 2023 04:28:47 GMT
2023-03-27 13:28:47,379 - DEBUG - < sec-websocket-protocol: ocpp1.6
2023-03-27 13:28:47,380 - DEBUG - < upgrade: websocket
2023-03-27 13:28:47,380 - DEBUG - < sec-websocket-accept: B5UybqA4VvKKIs+7JkisngZpjNM=
2023-03-27 13:28:47,380 - DEBUG - < sec-websocket-extensions: permessage-deflate
2023-03-27 13:28:47,380 - DEBUG - < X-Cache: Miss from cloudfront
2023-03-27 13:28:47,380 - DEBUG - < Via: 1.1 ec48eafa1d18635bc3f389669b28a5b8.cloudfront.net (CloudFront)
2023-03-27 13:28:47,380 - DEBUG - < X-Amz-Cf-Pop: ICN57-P2
2023-03-27 13:28:47,380 - DEBUG - < X-Amz-Cf-Id: hEiVbw6FEu-ejvObwHXjhl67Tmr1GWGlxN3D9pFl3nBHrWKsFzuG6Q==
2023-03-27 13:28:47,380 - DEBUG - = connection is OPEN
2023-03-27 13:28:47,440 - DEBUG - > TEXT '[2, "252c8aa4-e831-4d86-9b52-558d9ef3f67b", "Bo...umber": "EVSCA070007"}]' [169 bytes]
2023-03-27 13:28:47,777 - DEBUG - < TEXT '[3, "252c8aa4-e831-4d86-9b52-558d9ef3f67b", {"s...47Z", "interval": 300}]' [123 bytes]
2023-03-27 13:28:47,850 - DEBUG - Starting new HTTPS connection (1): 8b434254zg.execute-api.ap-northeast-2.amazonaws.com:443
2023-03-27 13:28:48,259 - DEBUG - https://8b434254zg.execute-api.ap-northeast-2.amazonaws.com:443 "POST /dev/ioc HTTP/1.1" 200 164
2023-03-27 13:28:48,277 - DEBUG - < TEXT '[2, "670ed89c-ac9d-4334-9cc2-652436590fac", "Ch...rval", "value": "300"}]' [119 bytes]
2023-03-27 13:28:48,315 - DEBUG - > TEXT '[3, "670ed89c-ac9d-4334-9cc2-652436590fac", {"status": "Accepted"}]' [67 bytes]
2023-03-27 13:28:48,496 - DEBUG - < TEXT '{}' [2 bytes]
2023-03-27 13:28:48,565 - DEBUG - Starting new HTTPS connection (1): 8b434254zg.execute-api.ap-northeast-2.amazonaws.com:443
2023-03-27 13:28:48,979 - DEBUG - https://8b434254zg.execute-api.ap-northeast-2.amazonaws.com:443 "POST /dev/ioc HTTP/1.1" 200 147
2023-03-27 13:28:48,999 - DEBUG - < TEXT '[2, "46b494cd-60a4-44c9-a566-01c806773c97", "Ge...ValueSampleInterval"]}]' [102 bytes]
2023-03-27 13:28:49,030 - DEBUG - > TEXT '[3, "46b494cd-60a4-44c9-a566-01c806773c97", {"c...ed", "unknownKey": {}}]' [180 bytes]
2023-03-27 13:28:49,218 - DEBUG - < TEXT '{}' [2 bytes]
2023-03-27 13:28:49,243 - DEBUG - = connection is CLOSING
2023-03-27 13:28:49,243 - DEBUG - > CLOSE 1000 (OK) [2 bytes]
2023-03-27 13:28:49,254 - DEBUG - < CLOSE 1000 (OK) [2 bytes]
2023-03-27 13:28:49,259 - DEBUG - = connection is CLOSED
2023-03-27 13:28:49,268 - DEBUG - = connection is CONNECTING
2023-03-27 13:28:49,304 - DEBUG - > GET /ocpp16/ELA007C01/EVSCA070007 HTTP/1.1
2023-03-27 13:28:49,304 - DEBUG - > Host: ws.devevspcharger.uplus.co.kr
2023-03-27 13:28:49,305 - DEBUG - > Upgrade: websocket
2023-03-27 13:28:49,305 - DEBUG - > Connection: Upgrade
2023-03-27 13:28:49,305 - DEBUG - > Sec-WebSocket-Key: 7QSeffdA1f4L3tFZxhCddg==
2023-03-27 13:28:49,305 - DEBUG - > Sec-WebSocket-Version: 13
2023-03-27 13:28:49,305 - DEBUG - > Sec-WebSocket-Extensions: permessage-deflate; client_max_window_bits
2023-03-27 13:28:49,305 - DEBUG - > Sec-WebSocket-Protocol: ocpp1.6
2023-03-27 13:28:49,305 - DEBUG - > Authorization: Basic RVZBUjpFVkFSTEdV
2023-03-27 13:28:49,305 - DEBUG - > User-Agent: Python/3.11 websockets/10.4
2023-03-27 13:28:49,560 - DEBUG - < HTTP/1.1 101 Switching Protocols
2023-03-27 13:28:49,560 - DEBUG - < Connection: upgrade
2023-03-27 13:28:49,560 - DEBUG - < Date: Mon, 27 Mar 2023 04:28:49 GMT
2023-03-27 13:28:49,561 - DEBUG - < sec-websocket-protocol: ocpp1.6
2023-03-27 13:28:49,561 - DEBUG - < upgrade: websocket
2023-03-27 13:28:49,561 - DEBUG - < sec-websocket-accept: y2goEOG0HWk4mKHAkyk/EcJSQto=
2023-03-27 13:28:49,561 - DEBUG - < sec-websocket-extensions: permessage-deflate
2023-03-27 13:28:49,561 - DEBUG - < X-Cache: Miss from cloudfront
2023-03-27 13:28:49,561 - DEBUG - < Via: 1.1 9ae7abacc9e2c811909db23dbe603ad4.cloudfront.net (CloudFront)
2023-03-27 13:28:49,562 - DEBUG - < X-Amz-Cf-Pop: ICN57-P2
2023-03-27 13:28:49,562 - DEBUG - < X-Amz-Cf-Id: jAu9L5RVHeCcqUiBuLm-o_KTSY2eRv1fYgvN9cyUYRTUkeIMbKW-jA==
2023-03-27 13:28:49,562 - DEBUG - = connection is OPEN
2023-03-27 13:28:49,641 - DEBUG - > TEXT '[2, "50fc03aa-5a99-4df9-a4f6-3f2c946674e9", "Bo...umber": "EVSCA070007"}]' [169 bytes]
2023-03-27 13:28:49,859 - DEBUG - < TEXT '[3, "50fc03aa-5a99-4df9-a4f6-3f2c946674e9", {"s...49Z", "interval": 300}]' [123 bytes]
2023-03-27 13:28:49,928 - DEBUG - Starting new HTTPS connection (1): 8b434254zg.execute-api.ap-northeast-2.amazonaws.com:443
2023-03-27 13:28:50,320 - DEBUG - https://8b434254zg.execute-api.ap-northeast-2.amazonaws.com:443 "POST /dev/ioc HTTP/1.1" 200 161
2023-03-27 13:28:50,341 - DEBUG - < TEXT '[2, "d8adeef7-e1dc-472e-9e67-b07281805e43", "Ch...tion", "value": "300"}]' [116 bytes]
2023-03-27 13:28:50,369 - DEBUG - > TEXT '[3, "d8adeef7-e1dc-472e-9e67-b07281805e43", {"status": "Accepted"}]' [67 bytes]
2023-03-27 13:28:50,573 - DEBUG - < TEXT '{}' [2 bytes]
2023-03-27 13:28:50,643 - DEBUG - Starting new HTTPS connection (1): 8b434254zg.execute-api.ap-northeast-2.amazonaws.com:443
2023-03-27 13:28:51,039 - DEBUG - https://8b434254zg.execute-api.ap-northeast-2.amazonaws.com:443 "POST /dev/ioc HTTP/1.1" 200 158
2023-03-27 13:28:51,060 - DEBUG - < TEXT '[2, "2391373f-a819-4374-bfd6-ff149d7fdb85", "Ch...ize", "value": "true"}]' [113 bytes]
2023-03-27 13:28:51,084 - DEBUG - > TEXT '[3, "2391373f-a819-4374-bfd6-ff149d7fdb85", {"status": "Accepted"}]' [67 bytes]
2023-03-27 13:28:51,257 - DEBUG - < TEXT '{}' [2 bytes]
2023-03-27 13:28:51,287 - DEBUG - > TEXT '[2, "7af1c678-8c5f-46e5-9190-3f1220bcad9d", "St..."status": "Preparing"}]' [132 bytes]
2023-03-27 13:28:51,476 - DEBUG - < TEXT '[3, "7af1c678-8c5f-46e5-9190-3f1220bcad9d", {}]' [47 bytes]
2023-03-27 13:28:51,504 - DEBUG - > TEXT '[2, "921500d5-c764-4bb8-ab60-f6cafd38f9a4", "Au...": "1031040000069642"}]' [87 bytes]
2023-03-27 13:28:51,737 - DEBUG - < TEXT '[3, "921500d5-c764-4bb8-ab60-f6cafd38f9a4", {"i...023-03-27T13:28:51Z"}}]' [119 bytes]
2023-03-27 13:28:51,771 - DEBUG - = connection is CLOSING
2023-03-27 13:28:51,771 - DEBUG - > CLOSE 1000 (OK) [2 bytes]
2023-03-27 13:28:51,778 - DEBUG - < CLOSE 1000 (OK) [2 bytes]
2023-03-27 13:28:51,785 - DEBUG - = connection is CLOSED
2023-03-27 13:28:51,793 - DEBUG - = connection is CONNECTING
2023-03-27 13:28:51,827 - DEBUG - > GET /ocpp16/ELA007C01/EVSCA070007 HTTP/1.1
2023-03-27 13:28:51,827 - DEBUG - > Host: ws.devevspcharger.uplus.co.kr
2023-03-27 13:28:51,827 - DEBUG - > Upgrade: websocket
2023-03-27 13:28:51,827 - DEBUG - > Connection: Upgrade
2023-03-27 13:28:51,827 - DEBUG - > Sec-WebSocket-Key: ECkfQsvH12zJtpmKQDaDTw==
2023-03-27 13:28:51,827 - DEBUG - > Sec-WebSocket-Version: 13
2023-03-27 13:28:51,827 - DEBUG - > Sec-WebSocket-Extensions: permessage-deflate; client_max_window_bits
2023-03-27 13:28:51,827 - DEBUG - > Sec-WebSocket-Protocol: ocpp1.6
2023-03-27 13:28:51,828 - DEBUG - > Authorization: Basic RVZBUjpFVkFSTEdV
2023-03-27 13:28:51,828 - DEBUG - > User-Agent: Python/3.11 websockets/10.4
2023-03-27 13:28:52,039 - DEBUG - < HTTP/1.1 101 Switching Protocols
2023-03-27 13:28:52,039 - DEBUG - < Connection: upgrade
2023-03-27 13:28:52,039 - DEBUG - < Date: Mon, 27 Mar 2023 04:28:51 GMT
2023-03-27 13:28:52,039 - DEBUG - < sec-websocket-protocol: ocpp1.6
2023-03-27 13:28:52,039 - DEBUG - < upgrade: websocket
2023-03-27 13:28:52,039 - DEBUG - < sec-websocket-accept: hp+SqZ8kuv8nY6EL0g71vXwe3oE=
2023-03-27 13:28:52,040 - DEBUG - < sec-websocket-extensions: permessage-deflate
2023-03-27 13:28:52,040 - DEBUG - < X-Cache: Miss from cloudfront
2023-03-27 13:28:52,040 - DEBUG - < Via: 1.1 599ddd31480edfa35dadcdd2b13e5b12.cloudfront.net (CloudFront)
2023-03-27 13:28:52,040 - DEBUG - < X-Amz-Cf-Pop: ICN57-P2
2023-03-27 13:28:52,040 - DEBUG - < X-Amz-Cf-Id: aDHqUzXtuFUJv8GrReCXsnRDAvJU5TlCcfMESUUZ70oAJxZEnxCo0A==
2023-03-27 13:28:52,040 - DEBUG - = connection is OPEN
2023-03-27 13:28:52,093 - DEBUG - > TEXT '[2, "696a79cf-d041-4fd1-b330-f2243a8b22fc", "Bo...umber": "EVSCA070007"}]' [169 bytes]
2023-03-27 13:28:52,318 - DEBUG - < TEXT '[3, "696a79cf-d041-4fd1-b330-f2243a8b22fc", {"s...51Z", "interval": 300}]' [123 bytes]
2023-03-27 13:28:52,379 - DEBUG - Starting new HTTPS connection (1): 8b434254zg.execute-api.ap-northeast-2.amazonaws.com:443
2023-03-27 13:28:52,820 - DEBUG - https://8b434254zg.execute-api.ap-northeast-2.amazonaws.com:443 "POST /dev/ioc HTTP/1.1" 200 148
2023-03-27 13:28:52,837 - DEBUG - < TEXT '[2, "0326350c-b8bd-4223-bc04-813b4fe2fc1d", "Ge...izeRemoteTxRequests"]}]' [103 bytes]
2023-03-27 13:28:52,862 - DEBUG - > TEXT '[3, "0326350c-b8bd-4223-bc04-813b4fe2fc1d", {"c...ed", "unknownKey": {}}]' [181 bytes]
2023-03-27 13:28:53,038 - DEBUG - < TEXT '{}' [2 bytes]
2023-03-27 13:28:53,108 - DEBUG - Starting new HTTPS connection (1): 8b434254zg.execute-api.ap-northeast-2.amazonaws.com:443
2023-03-27 13:28:53,539 - DEBUG - https://8b434254zg.execute-api.ap-northeast-2.amazonaws.com:443 "POST /dev/ioc HTTP/1.1" 200 437
2023-03-27 13:28:53,560 - DEBUG - < TEXT '[2, "ed3d8fe7-c590-40bc-9228-7577baf66ea3", "Re...0, "limit": 11000}]}}}]' [392 bytes]
2023-03-27 13:28:53,633 - DEBUG - = connection is CLOSING
2023-03-27 13:28:53,633 - DEBUG - > CLOSE 1000 (OK) [2 bytes]
2023-03-27 13:28:53,641 - DEBUG - < CLOSE 1000 (OK) [2 bytes]
2023-03-27 13:28:53,645 - DEBUG - = connection is CLOSED
2023-03-27 13:28:53,652 - DEBUG - = connection is CONNECTING
2023-03-27 13:28:53,683 - DEBUG - > GET /ocpp16/ELA007C01/EVSCA070007 HTTP/1.1
2023-03-27 13:28:53,683 - DEBUG - > Host: ws.devevspcharger.uplus.co.kr
2023-03-27 13:28:53,684 - DEBUG - > Upgrade: websocket
2023-03-27 13:28:53,684 - DEBUG - > Connection: Upgrade
2023-03-27 13:28:53,684 - DEBUG - > Sec-WebSocket-Key: i1pnuRKz9YWrUk3AMx0K9w==
2023-03-27 13:28:53,684 - DEBUG - > Sec-WebSocket-Version: 13
2023-03-27 13:28:53,684 - DEBUG - > Sec-WebSocket-Extensions: permessage-deflate; client_max_window_bits
2023-03-27 13:28:53,684 - DEBUG - > Sec-WebSocket-Protocol: ocpp1.6
2023-03-27 13:28:53,684 - DEBUG - > Authorization: Basic RVZBUjpFVkFSTEdV
2023-03-27 13:28:53,685 - DEBUG - > User-Agent: Python/3.11 websockets/10.4
2023-03-27 13:28:53,919 - DEBUG - < HTTP/1.1 101 Switching Protocols
2023-03-27 13:28:53,919 - DEBUG - < Connection: upgrade
2023-03-27 13:28:53,920 - DEBUG - < Date: Mon, 27 Mar 2023 04:28:53 GMT
2023-03-27 13:28:53,920 - DEBUG - < sec-websocket-protocol: ocpp1.6
2023-03-27 13:28:53,920 - DEBUG - < upgrade: websocket
2023-03-27 13:28:53,920 - DEBUG - < sec-websocket-accept: FPN5Kaa79XGBgJ+E4IGeQ/93F0E=
2023-03-27 13:28:53,920 - DEBUG - < sec-websocket-extensions: permessage-deflate
2023-03-27 13:28:53,921 - DEBUG - < X-Cache: Miss from cloudfront
2023-03-27 13:28:53,921 - DEBUG - < Via: 1.1 8cd680512056914f119efae770348786.cloudfront.net (CloudFront)
2023-03-27 13:28:53,921 - DEBUG - < X-Amz-Cf-Pop: ICN57-P2
2023-03-27 13:28:53,921 - DEBUG - < X-Amz-Cf-Id: xTYsvFxkqIRT8MpOXEHJdmVULpucuoVpCk6eRt5LQc7f2Y9bIqZSbw==
2023-03-27 13:28:53,921 - DEBUG - = connection is OPEN
2023-03-27 13:28:54,013 - DEBUG - > TEXT '[2, "05c4d0e7-40cd-4177-9191-4aea9287e0d3", "Bo...umber": "EVSCA070007"}]' [169 bytes]
2023-03-27 13:28:54,196 - DEBUG - < TEXT '[3, "05c4d0e7-40cd-4177-9191-4aea9287e0d3", {"s...53Z", "interval": 300}]' [123 bytes]
2023-03-27 13:28:54,279 - DEBUG - Starting new HTTPS connection (1): 8b434254zg.execute-api.ap-northeast-2.amazonaws.com:443
2023-03-27 13:28:54,941 - DEBUG - https://8b434254zg.execute-api.ap-northeast-2.amazonaws.com:443 "POST /dev/ioc HTTP/1.1" 200 159
2023-03-27 13:28:54,958 - DEBUG - < TEXT '[2, "3fa71230-481e-48a0-8bbc-e0b4f3246e8b", "Ch...ze", "value": "false"}]' [114 bytes]
2023-03-27 13:28:54,993 - DEBUG - > TEXT '[3, "3fa71230-481e-48a0-8bbc-e0b4f3246e8b", {"status": "Accepted"}]' [67 bytes]
2023-03-27 13:28:55,174 - DEBUG - < TEXT '{}' [2 bytes]
2023-03-27 13:28:55,237 - DEBUG - Starting new HTTPS connection (1): 8b434254zg.execute-api.ap-northeast-2.amazonaws.com:443
2023-03-27 13:28:55,638 - DEBUG - https://8b434254zg.execute-api.ap-northeast-2.amazonaws.com:443 "POST /dev/ioc HTTP/1.1" 200 148
2023-03-27 13:28:55,657 - DEBUG - < TEXT '[2, "7e958129-84a7-453a-b9f1-5ed021fd35d7", "Ge...izeRemoteTxRequests"]}]' [103 bytes]
2023-03-27 13:28:55,683 - DEBUG - > TEXT '[3, "7e958129-84a7-453a-b9f1-5ed021fd35d7", {"c...ed", "unknownKey": {}}]' [181 bytes]
2023-03-27 13:28:55,857 - DEBUG - < TEXT '{}' [2 bytes]
2023-03-27 13:28:55,888 - DEBUG - > TEXT '[2, "a72e95e5-e601-4ea7-a76a-68751a8e52c7", "St..."status": "Preparing"}]' [132 bytes]
2023-03-27 13:28:56,077 - DEBUG - < TEXT '[3, "a72e95e5-e601-4ea7-a76a-68751a8e52c7", {}]' [47 bytes]
2023-03-27 13:28:56,142 - DEBUG - Starting new HTTPS connection (1): 8b434254zg.execute-api.ap-northeast-2.amazonaws.com:443
2023-03-27 13:28:56,558 - DEBUG - https://8b434254zg.execute-api.ap-northeast-2.amazonaws.com:443 "POST /dev/ioc HTTP/1.1" 200 437
2023-03-27 13:28:56,576 - DEBUG - < TEXT '[2, "3d648430-fad5-4b60-abb3-832ce63990a3", "Re...0, "limit": 11000}]}}}]' [392 bytes]
2023-03-27 13:28:56,646 - DEBUG - = connection is CLOSING
2023-03-27 13:28:56,646 - DEBUG - > CLOSE 1000 (OK) [2 bytes]
2023-03-27 13:28:56,653 - DEBUG - < CLOSE 1000 (OK) [2 bytes]
2023-03-27 13:28:56,656 - DEBUG - = connection is CLOSED
2023-03-27 13:28:56,667 - DEBUG - = connection is CONNECTING
2023-03-27 13:28:56,701 - DEBUG - > GET /ocpp16/ELA007C01/EVSCA070007 HTTP/1.1
2023-03-27 13:28:56,702 - DEBUG - > Host: ws.devevspcharger.uplus.co.kr
2023-03-27 13:28:56,702 - DEBUG - > Upgrade: websocket
2023-03-27 13:28:56,702 - DEBUG - > Connection: Upgrade
2023-03-27 13:28:56,702 - DEBUG - > Sec-WebSocket-Key: IPQMcjoxqM8Gm4AUA1XUFw==
2023-03-27 13:28:56,702 - DEBUG - > Sec-WebSocket-Version: 13
2023-03-27 13:28:56,702 - DEBUG - > Sec-WebSocket-Extensions: permessage-deflate; client_max_window_bits
2023-03-27 13:28:56,702 - DEBUG - > Sec-WebSocket-Protocol: ocpp1.6
2023-03-27 13:28:56,703 - DEBUG - > Authorization: Basic RVZBUjpFVkFSTEdV
2023-03-27 13:28:56,704 - DEBUG - > User-Agent: Python/3.11 websockets/10.4
2023-03-27 13:28:56,969 - DEBUG - < HTTP/1.1 101 Switching Protocols
2023-03-27 13:28:56,969 - DEBUG - < Connection: upgrade
2023-03-27 13:28:56,970 - DEBUG - < Date: Mon, 27 Mar 2023 04:28:56 GMT
2023-03-27 13:28:56,970 - DEBUG - < sec-websocket-protocol: ocpp1.6
2023-03-27 13:28:56,970 - DEBUG - < upgrade: websocket
2023-03-27 13:28:56,970 - DEBUG - < sec-websocket-accept: JrgcvOSD+0Q2Hnl/bJ9yT6aRGNc=
2023-03-27 13:28:56,970 - DEBUG - < sec-websocket-extensions: permessage-deflate
2023-03-27 13:28:56,970 - DEBUG - < X-Cache: Miss from cloudfront
2023-03-27 13:28:56,970 - DEBUG - < Via: 1.1 c6ed8cd25e4ec3b0d1a9c72155758a62.cloudfront.net (CloudFront)
2023-03-27 13:28:56,970 - DEBUG - < X-Amz-Cf-Pop: ICN57-P2
2023-03-27 13:28:56,970 - DEBUG - < X-Amz-Cf-Id: ENMmwyVU9nD3XgEHVlhKZh1ToJFeOhfJDgj9vyeIXox_tI6wM4AAWA==
2023-03-27 13:28:56,970 - DEBUG - = connection is OPEN
2023-03-27 13:28:57,068 - DEBUG - > TEXT '[2, "08cd7636-97c8-4b02-9ac1-d6b372bbe967", "Bo...umber": "EVSCA070007"}]' [169 bytes]
2023-03-27 13:28:57,696 - DEBUG - < TEXT '[3, "08cd7636-97c8-4b02-9ac1-d6b372bbe967", {"s...57Z", "interval": 300}]' [123 bytes]
2023-03-27 13:28:57,773 - DEBUG - Starting new HTTPS connection (1): 8b434254zg.execute-api.ap-northeast-2.amazonaws.com:443
2023-03-27 13:28:58,180 - DEBUG - https://8b434254zg.execute-api.ap-northeast-2.amazonaws.com:443 "POST /dev/ioc HTTP/1.1" 200 148
2023-03-27 13:28:58,197 - DEBUG - < TEXT '[2, "9d58c919-6381-42d7-8f61-36edcfdee648", "Ge...izeRemoteTxRequests"]}]' [103 bytes]
2023-03-27 13:28:58,229 - DEBUG - > TEXT '[3, "9d58c919-6381-42d7-8f61-36edcfdee648", {"c...ed", "unknownKey": {}}]' [181 bytes]
2023-03-27 13:28:58,397 - DEBUG - < TEXT '{}' [2 bytes]
2023-03-27 13:28:58,433 - DEBUG - > TEXT '[2, "c368af42-2f5b-4cc7-8be2-141475e8def2", "St..."status": "Preparing"}]' [132 bytes]
2023-03-27 13:28:58,598 - DEBUG - < TEXT '[3, "c368af42-2f5b-4cc7-8be2-141475e8def2", {}]' [47 bytes]
2023-03-27 13:28:58,676 - DEBUG - Starting new HTTPS connection (1): 8b434254zg.execute-api.ap-northeast-2.amazonaws.com:443
2023-03-27 13:28:59,078 - DEBUG - https://8b434254zg.execute-api.ap-northeast-2.amazonaws.com:443 "POST /dev/ioc HTTP/1.1" 200 143
2023-03-27 13:28:59,095 - DEBUG - < TEXT '[2, "b2209790-4d4a-4455-9333-d61c9e235615", "Re...sactionId": 120533451}]' [98 bytes]
2023-03-27 13:28:59,124 - DEBUG - > TEXT '[3, "b2209790-4d4a-4455-9333-d61c9e235615", {"status": "Accepted"}]' [67 bytes]
2023-03-27 13:28:59,275 - DEBUG - < TEXT '{}' [2 bytes]
2023-03-27 13:28:59,313 - DEBUG - > TEXT '[2, "406a4c08-f109-438d-9426-036b4af2429e", "Au...": "1031040000069641"}]' [87 bytes]
2023-03-27 13:28:59,535 - DEBUG - < TEXT '[3, "406a4c08-f109-438d-9426-036b4af2429e", {"i..."status": "Accepted"}}]' [82 bytes]
2023-03-27 13:28:59,590 - DEBUG - > TEXT '[2, "afaa4bb3-c1cc-440c-a06a-3d99e98eed83", "St...2023-03-27T13:28:08Z"}]' [170 bytes]
2023-03-27 13:28:59,956 - DEBUG - < TEXT '[3, "afaa4bb3-c1cc-440c-a06a-3d99e98eed83", {"t..."status": "Accepted"}}]' [110 bytes]
2023-03-27 13:28:59,994 - DEBUG - > TEXT '[2, "9c031737-acd2-4d98-b534-d731386121e7", "St... "status": "Charging"}]' [131 bytes]
2023-03-27 13:29:00,196 - DEBUG - < TEXT '[3, "9c031737-acd2-4d98-b534-d731386121e7", {}]' [47 bytes]
2023-03-27 13:29:00,278 - DEBUG - Starting new HTTPS connection (1): 8b434254zg.execute-api.ap-northeast-2.amazonaws.com:443
2023-03-27 13:29:00,698 - DEBUG - https://8b434254zg.execute-api.ap-northeast-2.amazonaws.com:443 "POST /dev/ioc HTTP/1.1" 200 143
2023-03-27 13:29:00,723 - DEBUG - < TEXT '[2, "30e6f277-bcd4-4b77-a60f-54a470690539", "Re...sactionId": 120533454}]' [98 bytes]
2023-03-27 13:29:00,756 - DEBUG - > TEXT '[3, "30e6f277-bcd4-4b77-a60f-54a470690539", {"status": "Rejected"}]' [67 bytes]
2023-03-27 13:29:00,938 - DEBUG - < TEXT '{}' [2 bytes]
2023-03-27 13:29:00,964 - DEBUG - = connection is CLOSING
2023-03-27 13:29:00,964 - DEBUG - > CLOSE 1000 (OK) [2 bytes]
2023-03-27 13:29:00,984 - DEBUG - < CLOSE 1000 (OK) [2 bytes]
2023-03-27 13:29:00,989 - DEBUG - = connection is CLOSED
2023-03-27 13:29:00,997 - DEBUG - = connection is CONNECTING
2023-03-27 13:29:01,037 - DEBUG - > GET /ocpp16/ELA007C01/EVSCA070007 HTTP/1.1
2023-03-27 13:29:01,038 - DEBUG - > Host: ws.devevspcharger.uplus.co.kr
2023-03-27 13:29:01,038 - DEBUG - > Upgrade: websocket
2023-03-27 13:29:01,038 - DEBUG - > Connection: Upgrade
2023-03-27 13:29:01,038 - DEBUG - > Sec-WebSocket-Key: AV9IiDg9gd+FS1lzlLTk/A==
2023-03-27 13:29:01,038 - DEBUG - > Sec-WebSocket-Version: 13
2023-03-27 13:29:01,038 - DEBUG - > Sec-WebSocket-Extensions: permessage-deflate; client_max_window_bits
2023-03-27 13:29:01,039 - DEBUG - > Sec-WebSocket-Protocol: ocpp1.6
2023-03-27 13:29:01,039 - DEBUG - > Authorization: Basic RVZBUjpFVkFSTEdV
2023-03-27 13:29:01,039 - DEBUG - > User-Agent: Python/3.11 websockets/10.4
2023-03-27 13:29:01,260 - DEBUG - < HTTP/1.1 101 Switching Protocols
2023-03-27 13:29:01,260 - DEBUG - < Connection: upgrade
2023-03-27 13:29:01,260 - DEBUG - < Date: Mon, 27 Mar 2023 04:29:00 GMT
2023-03-27 13:29:01,261 - DEBUG - < sec-websocket-protocol: ocpp1.6
2023-03-27 13:29:01,261 - DEBUG - < upgrade: websocket
2023-03-27 13:29:01,261 - DEBUG - < sec-websocket-accept: gxzt8DgTfrKyc3lxgVnv4IghUXY=
2023-03-27 13:29:01,261 - DEBUG - < sec-websocket-extensions: permessage-deflate
2023-03-27 13:29:01,261 - DEBUG - < X-Cache: Miss from cloudfront
2023-03-27 13:29:01,261 - DEBUG - < Via: 1.1 b92faae7242f31be9bfc0ec3d134dfce.cloudfront.net (CloudFront)
2023-03-27 13:29:01,261 - DEBUG - < X-Amz-Cf-Pop: ICN57-P2
2023-03-27 13:29:01,261 - DEBUG - < X-Amz-Cf-Id: n16XoYTSttxcN5H1BL48cZxqdkkPrxbAtR6kPkMV8P4tU5dbok_x0w==
2023-03-27 13:29:01,262 - DEBUG - = connection is OPEN
2023-03-27 13:29:01,337 - DEBUG - > TEXT '[2, "317c0cf1-0654-4c18-89dd-751db2215239", "Bo...umber": "EVSCA070007"}]' [169 bytes]
2023-03-27 13:29:01,559 - DEBUG - < TEXT '[3, "317c0cf1-0654-4c18-89dd-751db2215239", {"s...01Z", "interval": 300}]' [123 bytes]
2023-03-27 13:29:01,637 - DEBUG - Starting new HTTPS connection (1): 8b434254zg.execute-api.ap-northeast-2.amazonaws.com:443
2023-03-27 13:29:02,041 - DEBUG - https://8b434254zg.execute-api.ap-northeast-2.amazonaws.com:443 "POST /dev/ioc HTTP/1.1" 200 127
2023-03-27 13:29:02,063 - DEBUG - < TEXT '[2, "7f82db93-b4d6-4bfd-8484-0696614f7341", "Un...r", {"connectorId": 1}]' [82 bytes]
2023-03-27 13:29:02,094 - DEBUG - > TEXT '[3, "7f82db93-b4d6-4bfd-8484-0696614f7341", {"status": "UnlockFailed"}]' [71 bytes]
2023-03-27 13:29:02,256 - DEBUG - < TEXT '{}' [2 bytes]
2023-03-27 13:29:02,271 - DEBUG - = connection is CLOSING
2023-03-27 13:29:02,271 - DEBUG - > CLOSE 1000 (OK) [2 bytes]
2023-03-27 13:29:02,279 - DEBUG - < CLOSE 1000 (OK) [2 bytes]
2023-03-27 13:29:02,282 - DEBUG - = connection is CLOSED
2023-03-27 13:29:02,290 - DEBUG - = connection is CONNECTING
2023-03-27 13:29:02,328 - DEBUG - > GET /ocpp16/ELA007C01/EVSCA070007 HTTP/1.1
2023-03-27 13:29:02,328 - DEBUG - > Host: ws.devevspcharger.uplus.co.kr
2023-03-27 13:29:02,328 - DEBUG - > Upgrade: websocket
2023-03-27 13:29:02,329 - DEBUG - > Connection: Upgrade
2023-03-27 13:29:02,329 - DEBUG - > Sec-WebSocket-Key: X0wOwfkIS9wPNhBHH/OU9A==
2023-03-27 13:29:02,329 - DEBUG - > Sec-WebSocket-Version: 13
2023-03-27 13:29:02,329 - DEBUG - > Sec-WebSocket-Extensions: permessage-deflate; client_max_window_bits
2023-03-27 13:29:02,329 - DEBUG - > Sec-WebSocket-Protocol: ocpp1.6
2023-03-27 13:29:02,329 - DEBUG - > Authorization: Basic RVZBUjpFVkFSTEdV
2023-03-27 13:29:02,329 - DEBUG - > User-Agent: Python/3.11 websockets/10.4
2023-03-27 13:29:02,559 - DEBUG - < HTTP/1.1 101 Switching Protocols
2023-03-27 13:29:02,559 - DEBUG - < Connection: upgrade
2023-03-27 13:29:02,559 - DEBUG - < Date: Mon, 27 Mar 2023 04:29:02 GMT
2023-03-27 13:29:02,559 - DEBUG - < sec-websocket-protocol: ocpp1.6
2023-03-27 13:29:02,560 - DEBUG - < upgrade: websocket
2023-03-27 13:29:02,560 - DEBUG - < sec-websocket-accept: fBX3r9aqtARv0fxO69Kg0Cp/LJE=
2023-03-27 13:29:02,560 - DEBUG - < sec-websocket-extensions: permessage-deflate
2023-03-27 13:29:02,560 - DEBUG - < X-Cache: Miss from cloudfront
2023-03-27 13:29:02,560 - DEBUG - < Via: 1.1 516246c62af452cb1f8d77c8f3af9faa.cloudfront.net (CloudFront)
2023-03-27 13:29:02,561 - DEBUG - < X-Amz-Cf-Pop: ICN57-P2
2023-03-27 13:29:02,561 - DEBUG - < X-Amz-Cf-Id: xurlQPcrnwV_GI9-66ABwfVBTxg9dE901yDmvMQCGV7H-pfKJILNfw==
2023-03-27 13:29:02,562 - DEBUG - = connection is OPEN
2023-03-27 13:29:02,621 - DEBUG - > TEXT '[2, "5da765b9-1ec4-4ec2-ad04-55b284d3aac3", "Bo...umber": "EVSCA070007"}]' [169 bytes]
2023-03-27 13:29:02,856 - DEBUG - < TEXT '[3, "5da765b9-1ec4-4ec2-ad04-55b284d3aac3", {"s...02Z", "interval": 300}]' [123 bytes]
2023-03-27 13:29:02,891 - DEBUG - > TEXT '[2, "fffc2531-4522-4005-8774-23d2e88a2edb", "St..."status": "Preparing"}]' [132 bytes]
2023-03-27 13:29:03,106 - DEBUG - < TEXT '[3, "fffc2531-4522-4005-8774-23d2e88a2edb", {}]' [47 bytes]
2023-03-27 13:29:03,170 - DEBUG - Starting new HTTPS connection (1): 8b434254zg.execute-api.ap-northeast-2.amazonaws.com:443
2023-03-27 13:29:03,580 - DEBUG - https://8b434254zg.execute-api.ap-northeast-2.amazonaws.com:443 "POST /dev/ioc HTTP/1.1" 200 437
2023-03-27 13:29:03,599 - DEBUG - < TEXT '[2, "df12d615-222d-49df-a54f-c1bfd390da80", "Re...0, "limit": 11000}]}}}]' [392 bytes]
2023-03-27 13:29:03,676 - DEBUG - = connection is CLOSING
2023-03-27 13:29:03,676 - DEBUG - > CLOSE 1000 (OK) [2 bytes]
2023-03-27 13:29:03,685 - DEBUG - < CLOSE 1000 (OK) [2 bytes]
2023-03-27 13:29:03,692 - DEBUG - = connection is CLOSED
2023-03-27 13:29:03,701 - DEBUG - = connection is CONNECTING
2023-03-27 13:29:03,740 - DEBUG - > GET /ocpp16/ELA007C01/EVSCA070007 HTTP/1.1
2023-03-27 13:29:03,740 - DEBUG - > Host: ws.devevspcharger.uplus.co.kr
2023-03-27 13:29:03,740 - DEBUG - > Upgrade: websocket
2023-03-27 13:29:03,741 - DEBUG - > Connection: Upgrade
2023-03-27 13:29:03,742 - DEBUG - > Sec-WebSocket-Key: QVX/e4VZ1wFqFN70gmPcqw==
2023-03-27 13:29:03,742 - DEBUG - > Sec-WebSocket-Version: 13
2023-03-27 13:29:03,742 - DEBUG - > Sec-WebSocket-Extensions: permessage-deflate; client_max_window_bits
2023-03-27 13:29:03,742 - DEBUG - > Sec-WebSocket-Protocol: ocpp1.6
2023-03-27 13:29:03,742 - DEBUG - > Authorization: Basic RVZBUjpFVkFSTEdV
2023-03-27 13:29:03,742 - DEBUG - > User-Agent: Python/3.11 websockets/10.4
2023-03-27 13:29:03,958 - DEBUG - < HTTP/1.1 101 Switching Protocols
2023-03-27 13:29:03,959 - DEBUG - < Connection: upgrade
2023-03-27 13:29:03,959 - DEBUG - < Date: Mon, 27 Mar 2023 04:29:03 GMT
2023-03-27 13:29:03,959 - DEBUG - < sec-websocket-protocol: ocpp1.6
2023-03-27 13:29:03,959 - DEBUG - < upgrade: websocket
2023-03-27 13:29:03,960 - DEBUG - < sec-websocket-accept: 4MFn0t4MT2OSOdBtQ5zj5istfes=
2023-03-27 13:29:03,960 - DEBUG - < sec-websocket-extensions: permessage-deflate
2023-03-27 13:29:03,960 - DEBUG - < X-Cache: Miss from cloudfront
2023-03-27 13:29:03,960 - DEBUG - < Via: 1.1 ba725da875f43fb311efeb484e55ed1a.cloudfront.net (CloudFront)
2023-03-27 13:29:03,960 - DEBUG - < X-Amz-Cf-Pop: ICN57-P2
2023-03-27 13:29:03,960 - DEBUG - < X-Amz-Cf-Id: REwqe3jVvytprFGAquKEm2TJsGqAUljlISyad11HBoFdUrP45OdgqA==
2023-03-27 13:29:03,960 - DEBUG - = connection is OPEN
2023-03-27 13:29:04,069 - DEBUG - > TEXT '[2, "479947e0-b81f-43e8-93a1-d1f79d955087", "Bo...umber": "EVSCA070007"}]' [169 bytes]
2023-03-27 13:29:04,337 - DEBUG - < TEXT '[3, "479947e0-b81f-43e8-93a1-d1f79d955087", {"s...03Z", "interval": 300}]' [123 bytes]
2023-03-27 13:29:04,420 - DEBUG - Starting new HTTPS connection (1): 8b434254zg.execute-api.ap-northeast-2.amazonaws.com:443
2023-03-27 13:29:04,800 - DEBUG - https://8b434254zg.execute-api.ap-northeast-2.amazonaws.com:443 "POST /dev/ioc HTTP/1.1" 200 167
2023-03-27 13:29:04,820 - DEBUG - < TEXT '[2, "c9991468-7ee7-4c9e-96c9-32af8798fbfd", "Ch...nId", "value": "true"}]' [122 bytes]
2023-03-27 13:29:04,860 - DEBUG - > TEXT '[3, "c9991468-7ee7-4c9e-96c9-32af8798fbfd", {"status": "Accepted"}]' [67 bytes]
2023-03-27 13:29:05,018 - DEBUG - < TEXT '{}' [2 bytes]
2023-03-27 13:29:05,083 - DEBUG - Starting new HTTPS connection (1): 8b434254zg.execute-api.ap-northeast-2.amazonaws.com:443
2023-03-27 13:29:05,537 - DEBUG - https://8b434254zg.execute-api.ap-northeast-2.amazonaws.com:443 "POST /dev/ioc HTTP/1.1" 200 162
2023-03-27 13:29:05,557 - DEBUG - < TEXT '[2, "e56ece49-0289-4797-8dce-969da54c540a", "Ch...ine", "value": "true"}]' [117 bytes]
2023-03-27 13:29:05,587 - DEBUG - > TEXT '[3, "e56ece49-0289-4797-8dce-969da54c540a", {"status": "Accepted"}]' [67 bytes]
2023-03-27 13:29:05,769 - DEBUG - < TEXT '{}' [2 bytes]
2023-03-27 13:29:05,842 - DEBUG - Starting new HTTPS connection (1): 8b434254zg.execute-api.ap-northeast-2.amazonaws.com:443
2023-03-27 13:29:06,240 - DEBUG - https://8b434254zg.execute-api.ap-northeast-2.amazonaws.com:443 "POST /dev/ioc HTTP/1.1" 200 106
2023-03-27 13:29:06,260 - DEBUG - < TEXT '[2, "10fd68e0-d828-40ca-8874-e7e41f249f34", "ClearCache", {}]' [61 bytes]
2023-03-27 13:29:06,281 - DEBUG - > TEXT '[3, "10fd68e0-d828-40ca-8874-e7e41f249f34", {"status": "Accepted"}]' [67 bytes]
2023-03-27 13:29:06,436 - DEBUG - < TEXT '{}' [2 bytes]
2023-03-27 13:29:06,463 - DEBUG - > TEXT '[2, "cdac278d-6d04-4272-9a0c-b257306c6061", "St...2023-03-27T13:28:08Z"}]' [170 bytes]
2023-03-27 13:29:06,800 - DEBUG - < TEXT '[3, "cdac278d-6d04-4272-9a0c-b257306c6061", {"t..."status": "Accepted"}}]' [110 bytes]
2023-03-27 13:29:06,832 - DEBUG - > TEXT '[2, "21dbf53a-e7b4-4ef8-888a-d3dd5e2f34c1", "St... "status": "Charging"}]' [131 bytes]
2023-03-27 13:29:07,038 - DEBUG - < TEXT '[3, "21dbf53a-e7b4-4ef8-888a-d3dd5e2f34c1", {}]' [47 bytes]
2023-03-27 13:29:07,073 - DEBUG - > TEXT '[2, "55c3164d-4589-40f9-9462-20ce47053491", "St...54, "reason": "Local"}]' [168 bytes]
2023-03-27 13:29:07,480 - DEBUG - < TEXT '[3, "55c3164d-4589-40f9-9462-20ce47053491", {"i..."status": "Accepted"}}]' [82 bytes]
2023-03-27 13:29:07,523 - DEBUG - > TEXT '[2, "55e2631f-4ffb-40bb-880e-0e5e888415be", "St..."status": "Finishing"}]' [132 bytes]
2023-03-27 13:29:07,735 - DEBUG - < TEXT '[3, "55e2631f-4ffb-40bb-880e-0e5e888415be", {}]' [47 bytes]
2023-03-27 13:29:07,778 - DEBUG - > TEXT '[2, "fa2754a0-e69d-4ff3-ad62-9b2bbb694025", "St..."status": "Available"}]' [132 bytes]
2023-03-27 13:29:07,975 - DEBUG - < TEXT '[3, "fa2754a0-e69d-4ff3-ad62-9b2bbb694025", {}]' [47 bytes]
2023-03-27 13:29:08,016 - DEBUG - = connection is CLOSING
2023-03-27 13:29:08,016 - DEBUG - > CLOSE 1000 (OK) [2 bytes]
2023-03-27 13:29:08,023 - DEBUG - < CLOSE 1000 (OK) [2 bytes]
2023-03-27 13:29:08,028 - DEBUG - = connection is CLOSED
2023-03-27 13:29:08,037 - DEBUG - = connection is CONNECTING
2023-03-27 13:29:08,070 - DEBUG - > GET /ocpp16/ELA007C01/EVSCA070007 HTTP/1.1
2023-03-27 13:29:08,070 - DEBUG - > Host: ws.devevspcharger.uplus.co.kr
2023-03-27 13:29:08,071 - DEBUG - > Upgrade: websocket
2023-03-27 13:29:08,071 - DEBUG - > Connection: Upgrade
2023-03-27 13:29:08,071 - DEBUG - > Sec-WebSocket-Key: 7dISKDoACHUezbF14j1BEg==
2023-03-27 13:29:08,071 - DEBUG - > Sec-WebSocket-Version: 13
2023-03-27 13:29:08,071 - DEBUG - > Sec-WebSocket-Extensions: permessage-deflate; client_max_window_bits
2023-03-27 13:29:08,071 - DEBUG - > Sec-WebSocket-Protocol: ocpp1.6
2023-03-27 13:29:08,071 - DEBUG - > Authorization: Basic RVZBUjpFVkFSTEdV
2023-03-27 13:29:08,071 - DEBUG - > User-Agent: Python/3.11 websockets/10.4
2023-03-27 13:29:08,281 - DEBUG - < HTTP/1.1 101 Switching Protocols
2023-03-27 13:29:08,281 - DEBUG - < Connection: upgrade
2023-03-27 13:29:08,281 - DEBUG - < Date: Mon, 27 Mar 2023 04:29:07 GMT
2023-03-27 13:29:08,282 - DEBUG - < sec-websocket-protocol: ocpp1.6
2023-03-27 13:29:08,282 - DEBUG - < upgrade: websocket
2023-03-27 13:29:08,282 - DEBUG - < sec-websocket-accept: x2blmyUA+TH/LBwUhQEpHXy4rqM=
2023-03-27 13:29:08,282 - DEBUG - < sec-websocket-extensions: permessage-deflate
2023-03-27 13:29:08,282 - DEBUG - < X-Cache: Miss from cloudfront
2023-03-27 13:29:08,282 - DEBUG - < Via: 1.1 5a0f884e3a21756e824f803c83d7f3d0.cloudfront.net (CloudFront)
2023-03-27 13:29:08,282 - DEBUG - < X-Amz-Cf-Pop: ICN57-P2
2023-03-27 13:29:08,282 - DEBUG - < X-Amz-Cf-Id: iJcVy14x1vCzRdwrqlem5jH5i_gjSvvLKjkBNtAlFxdbosRJSDXD_g==
2023-03-27 13:29:08,283 - DEBUG - = connection is OPEN
2023-03-27 13:29:08,338 - DEBUG - > TEXT '[2, "cb14f6bf-cb31-40b4-832d-7af13511629d", "Bo...umber": "EVSCA070007"}]' [169 bytes]
2023-03-27 13:29:08,555 - DEBUG - < TEXT '[3, "cb14f6bf-cb31-40b4-832d-7af13511629d", {"s...08Z", "interval": 300}]' [123 bytes]
2023-03-27 13:29:08,621 - DEBUG - Starting new HTTPS connection (1): 8b434254zg.execute-api.ap-northeast-2.amazonaws.com:443
2023-03-27 13:29:09,039 - DEBUG - https://8b434254zg.execute-api.ap-northeast-2.amazonaws.com:443 "POST /dev/ioc HTTP/1.1" 200 167
2023-03-27 13:29:09,063 - DEBUG - < TEXT '[2, "646a153f-638b-4004-a65b-763091b6f4f2", "Ch...nId", "value": "true"}]' [122 bytes]
2023-03-27 13:29:09,096 - DEBUG - > TEXT '[3, "646a153f-638b-4004-a65b-763091b6f4f2", {"status": "Accepted"}]' [67 bytes]
2023-03-27 13:29:09,280 - DEBUG - < TEXT '{}' [2 bytes]
2023-03-27 13:29:09,350 - DEBUG - Starting new HTTPS connection (1): 8b434254zg.execute-api.ap-northeast-2.amazonaws.com:443
2023-03-27 13:29:09,780 - DEBUG - https://8b434254zg.execute-api.ap-northeast-2.amazonaws.com:443 "POST /dev/ioc HTTP/1.1" 200 162
2023-03-27 13:29:09,800 - DEBUG - < TEXT '[2, "4dacefce-8a05-4611-9685-3f7ef2f5a977", "Ch...ine", "value": "true"}]' [117 bytes]
2023-03-27 13:29:09,828 - DEBUG - > TEXT '[3, "4dacefce-8a05-4611-9685-3f7ef2f5a977", {"status": "Accepted"}]' [67 bytes]
2023-03-27 13:29:10,015 - DEBUG - < TEXT '{}' [2 bytes]
2023-03-27 13:29:10,088 - DEBUG - Starting new HTTPS connection (1): 8b434254zg.execute-api.ap-northeast-2.amazonaws.com:443
2023-03-27 13:29:10,499 - DEBUG - https://8b434254zg.execute-api.ap-northeast-2.amazonaws.com:443 "POST /dev/ioc HTTP/1.1" 200 106
2023-03-27 13:29:10,521 - DEBUG - < TEXT '[2, "27c0d969-6c36-440c-b87c-34ac37506e46", "ClearCache", {}]' [61 bytes]
2023-03-27 13:29:10,543 - DEBUG - > TEXT '[3, "27c0d969-6c36-440c-b87c-34ac37506e46", {"status": "Accepted"}]' [67 bytes]
2023-03-27 13:29:10,710 - DEBUG - < TEXT '{}' [2 bytes]
2023-03-27 13:29:10,740 - DEBUG - > TEXT '[2, "0fa27298-edf2-4846-b1c5-f2472bd4eae0", "St...2023-03-27T13:28:08Z"}]' [154 bytes]
2023-03-27 13:29:10,917 - DEBUG - < TEXT '[4, "0fa27298-edf2-4846-b1c5-f2472bd4eae0", {"e...ccurence constraints"}]' [219 bytes]
2023-03-27 13:29:10,969 - DEBUG - = connection is CLOSING
2023-03-27 13:29:10,969 - DEBUG - > CLOSE 1000 (OK) [2 bytes]
2023-03-27 13:29:10,977 - DEBUG - < CLOSE 1000 (OK) [2 bytes]
2023-03-27 13:29:10,984 - DEBUG - = connection is CLOSED
2023-03-27 13:29:10,999 - DEBUG - = connection is CONNECTING
2023-03-27 13:29:11,033 - DEBUG - > GET /ocpp16/ELA007C01/EVSCA070007 HTTP/1.1
2023-03-27 13:29:11,034 - DEBUG - > Host: ws.devevspcharger.uplus.co.kr
2023-03-27 13:29:11,034 - DEBUG - > Upgrade: websocket
2023-03-27 13:29:11,035 - DEBUG - > Connection: Upgrade
2023-03-27 13:29:11,035 - DEBUG - > Sec-WebSocket-Key: O2bHBQJNesYqXpJGcjQSRw==
2023-03-27 13:29:11,035 - DEBUG - > Sec-WebSocket-Version: 13
2023-03-27 13:29:11,035 - DEBUG - > Sec-WebSocket-Extensions: permessage-deflate; client_max_window_bits
2023-03-27 13:29:11,035 - DEBUG - > Sec-WebSocket-Protocol: ocpp1.6
2023-03-27 13:29:11,035 - DEBUG - > Authorization: Basic RVZBUjpFVkFSTEdV
2023-03-27 13:29:11,036 - DEBUG - > User-Agent: Python/3.11 websockets/10.4
2023-03-27 13:29:11,239 - DEBUG - < HTTP/1.1 101 Switching Protocols
2023-03-27 13:29:11,239 - DEBUG - < Connection: upgrade
2023-03-27 13:29:11,240 - DEBUG - < Date: Mon, 27 Mar 2023 04:29:10 GMT
2023-03-27 13:29:11,240 - DEBUG - < sec-websocket-protocol: ocpp1.6
2023-03-27 13:29:11,240 - DEBUG - < upgrade: websocket
2023-03-27 13:29:11,240 - DEBUG - < sec-websocket-accept: hydwOiIQm/7G2AcRHJx9Z6XAVwg=
2023-03-27 13:29:11,240 - DEBUG - < sec-websocket-extensions: permessage-deflate
2023-03-27 13:29:11,240 - DEBUG - < X-Cache: Miss from cloudfront
2023-03-27 13:29:11,240 - DEBUG - < Via: 1.1 ba725da875f43fb311efeb484e55ed1a.cloudfront.net (CloudFront)
2023-03-27 13:29:11,241 - DEBUG - < X-Amz-Cf-Pop: ICN57-P2
2023-03-27 13:29:11,241 - DEBUG - < X-Amz-Cf-Id: 8yluhsW2fIwjygtxNG9Mwzo8lXDdmG6BFllDqlkZ2tmu4KWbMe3YHg==
2023-03-27 13:29:11,241 - DEBUG - = connection is OPEN
2023-03-27 13:29:11,307 - DEBUG - > TEXT '[2, "51d43787-4c11-4f33-89c9-2ad4705d30a4", "Bo...umber": "EVSCA070007"}]' [169 bytes]
2023-03-27 13:29:11,539 - DEBUG - < TEXT '[3, "51d43787-4c11-4f33-89c9-2ad4705d30a4", {"s...11Z", "interval": 300}]' [123 bytes]
2023-03-27 13:29:11,577 - DEBUG - > TEXT '[2, "1f2f463a-eff0-4660-bcd2-75dcd6d22218", "St..."status": "Preparing"}]' [132 bytes]
2023-03-27 13:29:11,758 - DEBUG - < TEXT '[3, "1f2f463a-eff0-4660-bcd2-75dcd6d22218", {}]' [47 bytes]
2023-03-27 13:29:11,800 - DEBUG - > TEXT '[2, "c3cee8f8-80bd-4077-9454-361b2fb023d0", "St...-02-24T07:26:57.512Z"}]' [170 bytes]
2023-03-27 13:29:12,158 - DEBUG - < TEXT '[3, "c3cee8f8-80bd-4077-9454-361b2fb023d0", {"t..."status": "Accepted"}}]' [110 bytes]
2023-03-27 13:29:12,205 - DEBUG - > TEXT '[2, "451c4207-ad98-4df7-a7e8-507bb3d9556e", "St... "status": "Charging"}]' [131 bytes]
2023-03-27 13:29:12,418 - DEBUG - < TEXT '[4, "451c4207-ad98-4df7-a7e8-507bb3d9556e", {"e... system availability"}]' [161 bytes]
2023-03-27 13:29:12,507 - DEBUG - = connection is CLOSING
2023-03-27 13:29:12,507 - DEBUG - > CLOSE 1000 (OK) [2 bytes]
2023-03-27 13:29:12,515 - DEBUG - < CLOSE 1000 (OK) [2 bytes]
2023-03-27 13:29:12,519 - DEBUG - = connection is CLOSED
2023-03-27 13:29:12,528 - DEBUG - = connection is CONNECTING
2023-03-27 13:29:12,566 - DEBUG - > GET /ocpp16/ELA007C01/EVSCA070007 HTTP/1.1
2023-03-27 13:29:12,566 - DEBUG - > Host: ws.devevspcharger.uplus.co.kr
2023-03-27 13:29:12,566 - DEBUG - > Upgrade: websocket
2023-03-27 13:29:12,566 - DEBUG - > Connection: Upgrade
2023-03-27 13:29:12,566 - DEBUG - > Sec-WebSocket-Key: ivgcXkboS48jRdo/Y930ww==
2023-03-27 13:29:12,566 - DEBUG - > Sec-WebSocket-Version: 13
2023-03-27 13:29:12,567 - DEBUG - > Sec-WebSocket-Extensions: permessage-deflate; client_max_window_bits
2023-03-27 13:29:12,567 - DEBUG - > Sec-WebSocket-Protocol: ocpp1.6
2023-03-27 13:29:12,567 - DEBUG - > Authorization: Basic RVZBUjpFVkFSTEdV
2023-03-27 13:29:12,567 - DEBUG - > User-Agent: Python/3.11 websockets/10.4
2023-03-27 13:29:12,759 - DEBUG - < HTTP/1.1 502 Bad Gateway
2023-03-27 13:29:12,759 - DEBUG - < Content-Type: application/json; charset=UTF-8
2023-03-27 13:29:12,759 - DEBUG - < Content-Length: 103
2023-03-27 13:29:12,759 - DEBUG - < Connection: close
2023-03-27 13:29:12,759 - DEBUG - < Date: Mon, 27 Mar 2023 04:29:12 GMT
2023-03-27 13:29:12,759 - DEBUG - < x-amz-apigw-id: CbE_2GIFIE0FmCg=
2023-03-27 13:29:12,759 - DEBUG - < X-Cache: Error from cloudfront
2023-03-27 13:29:12,759 - DEBUG - < Via: 1.1 98cc70c99d4e07b8cd37265dc48c5a54.cloudfront.net (CloudFront)
2023-03-27 13:29:12,759 - DEBUG - < X-Amz-Cf-Pop: ICN57-P2
2023-03-27 13:29:12,759 - DEBUG - < X-Amz-Cf-Id: CuLNlcrfvnz5T1ZIzcUzymLP0juwkptE0aQEpi61oT3aCzjDh2Xp0Q==
2023-03-27 13:29:12,759 - DEBUG - ! failing connection with code 1006
2023-03-27 13:29:12,770 - DEBUG - x closing TCP connection
2023-03-27 13:29:12,774 - DEBUG - = connection is CLOSED
2023-03-27 13:29:12,976 - ERROR - Task exception was never retrieved
future: <Task finished name='Task-2' coro=<ChargerSim.startEvent() done, defined at D:\workspace\wss\main.py:126> exception=ConnectionClosedOK(Close(code=1000, reason=''), Close(code=1000, reason=''), False)>
Traceback (most recent call last):
  File "D:\workspace\wss\main.py", line 146, in startEvent
    await self.charger.runcase(self.TC_selected if len(self.TC_selected.keys())>0 else self.TC)
  File "D:\workspace\wss\Charger.py", line 387, in runcase
    recv = await self.sendDocs(doc)
           ^^^^^^^^^^^^^^^^^^^^^^^^
  File "D:\workspace\wss\Charger.py", line 262, in sendDocs
    await self.ws.send(json.dumps(doc))
  File "D:\workspace\wss\venv\Lib\site-packages\websockets\legacy\protocol.py", line 635, in send
    await self.ensure_open()
  File "D:\workspace\wss\venv\Lib\site-packages\websockets\legacy\protocol.py", line 944, in ensure_open
    raise self.connection_closed_exc()
websockets.exceptions.ConnectionClosedOK: sent 1000 (OK); then received 1000 (OK)
2023-03-27 13:33:06,070 - DEBUG - = connection is CONNECTING
2023-03-27 13:33:06,105 - DEBUG - > GET /ocpp16/ELA007C01/EVSCA070007 HTTP/1.1
2023-03-27 13:33:06,105 - DEBUG - > Host: ws.devevspcharger.uplus.co.kr
2023-03-27 13:33:06,106 - DEBUG - > Upgrade: websocket
2023-03-27 13:33:06,106 - DEBUG - > Connection: Upgrade
2023-03-27 13:33:06,107 - DEBUG - > Sec-WebSocket-Key: LX/9Ue844GO+V1UGDw0uiQ==
2023-03-27 13:33:06,107 - DEBUG - > Sec-WebSocket-Version: 13
2023-03-27 13:33:06,108 - DEBUG - > Sec-WebSocket-Extensions: permessage-deflate; client_max_window_bits
2023-03-27 13:33:06,108 - DEBUG - > Sec-WebSocket-Protocol: ocpp1.6
2023-03-27 13:33:06,108 - DEBUG - > Authorization: Basic RVZBUjpFVkFSTEdV
2023-03-27 13:33:06,108 - DEBUG - > User-Agent: Python/3.11 websockets/10.4
2023-03-27 13:33:06,874 - DEBUG - < HTTP/1.1 101 Switching Protocols
2023-03-27 13:33:06,874 - DEBUG - < Connection: upgrade
2023-03-27 13:33:06,874 - DEBUG - < Date: Mon, 27 Mar 2023 04:33:06 GMT
2023-03-27 13:33:06,874 - DEBUG - < sec-websocket-protocol: ocpp1.6
2023-03-27 13:33:06,874 - DEBUG - < upgrade: websocket
2023-03-27 13:33:06,874 - DEBUG - < sec-websocket-accept: C5Kvn4Eiehw+0JUwrOItCww/S8Y=
2023-03-27 13:33:06,874 - DEBUG - < sec-websocket-extensions: permessage-deflate
2023-03-27 13:33:06,875 - DEBUG - < X-Cache: Miss from cloudfront
2023-03-27 13:33:06,875 - DEBUG - < Via: 1.1 4e16085986bd3a978979f670daedf234.cloudfront.net (CloudFront)
2023-03-27 13:33:06,875 - DEBUG - < X-Amz-Cf-Pop: ICN51-C1
2023-03-27 13:33:06,875 - DEBUG - < X-Amz-Cf-Id: _0qCd-DM6i2amXViFGacB--Kb8lq3vQZVaCbhbNgwYy3_kztrbcjhg==
2023-03-27 13:33:06,875 - DEBUG - = connection is OPEN
2023-03-27 13:33:06,915 - DEBUG - > TEXT '[2, "218c9f5b-1bcd-4b56-a33e-f9f72b73c3a8", "Bo...umber": "EVSCA070007"}]' [169 bytes]
2023-03-27 13:33:07,573 - DEBUG - < TEXT '[3, "218c9f5b-1bcd-4b56-a33e-f9f72b73c3a8", {"s...07Z", "interval": 300}]' [123 bytes]
2023-03-27 13:33:07,626 - DEBUG - Starting new HTTPS connection (1): 8b434254zg.execute-api.ap-northeast-2.amazonaws.com:443
2023-03-27 13:33:08,263 - DEBUG - https://8b434254zg.execute-api.ap-northeast-2.amazonaws.com:443 "POST /dev/ioc HTTP/1.1" 200 167
2023-03-27 13:33:08,280 - DEBUG - < TEXT '[2, "95d4d9e9-e9ac-4a61-a45b-753f6d208dbd", "Ch...nId", "value": "true"}]' [122 bytes]
2023-03-27 13:33:08,303 - DEBUG - > TEXT '[3, "95d4d9e9-e9ac-4a61-a45b-753f6d208dbd", {"status": "Accepted"}]' [67 bytes]
2023-03-27 13:33:08,878 - DEBUG - < TEXT '{}' [2 bytes]
2023-03-27 13:33:08,939 - DEBUG - Starting new HTTPS connection (1): 8b434254zg.execute-api.ap-northeast-2.amazonaws.com:443
2023-03-27 13:33:09,357 - DEBUG - https://8b434254zg.execute-api.ap-northeast-2.amazonaws.com:443 "POST /dev/ioc HTTP/1.1" 200 162
2023-03-27 13:33:09,374 - DEBUG - < TEXT '[2, "09dc4813-2a5f-4366-9e88-fa6be6559ed1", "Ch...ine", "value": "true"}]' [117 bytes]
2023-03-27 13:33:09,398 - DEBUG - > TEXT '[3, "09dc4813-2a5f-4366-9e88-fa6be6559ed1", {"status": "Accepted"}]' [67 bytes]
2023-03-27 13:33:09,585 - DEBUG - < TEXT '{}' [2 bytes]
2023-03-27 13:33:09,648 - DEBUG - Starting new HTTPS connection (1): 8b434254zg.execute-api.ap-northeast-2.amazonaws.com:443
2023-03-27 13:33:10,074 - DEBUG - https://8b434254zg.execute-api.ap-northeast-2.amazonaws.com:443 "POST /dev/ioc HTTP/1.1" 200 106
2023-03-27 13:33:10,092 - DEBUG - < TEXT '[2, "0a1f8bc8-e077-423c-821f-81d4a4bcb2aa", "ClearCache", {}]' [61 bytes]
2023-03-27 13:33:10,112 - DEBUG - > TEXT '[3, "0a1f8bc8-e077-423c-821f-81d4a4bcb2aa", {"status": "Accepted"}]' [67 bytes]
2023-03-27 13:33:10,373 - DEBUG - < TEXT '{}' [2 bytes]
2023-03-27 13:33:10,396 - DEBUG - > TEXT '[2, "f8b11e2c-bda9-410a-8332-cef8040fbb3e", "St...-02-24T07:26:57.512Z"}]' [154 bytes]
2023-03-27 13:33:10,756 - DEBUG - < TEXT '[4, "f8b11e2c-bda9-410a-8332-cef8040fbb3e", {"e...ccurence constraints"}]' [219 bytes]
2023-03-27 13:33:10,802 - DEBUG - = connection is CLOSING
2023-03-27 13:33:10,802 - DEBUG - > CLOSE 1000 (OK) [2 bytes]
2023-03-27 13:33:10,809 - DEBUG - < CLOSE 1000 (OK) [2 bytes]
2023-03-27 13:33:10,814 - DEBUG - = connection is CLOSED
2023-03-27 13:33:51,137 - DEBUG - = connection is CONNECTING
2023-03-27 13:33:51,171 - DEBUG - > GET /ocpp16/ELA007C01/EVSCA070007 HTTP/1.1
2023-03-27 13:33:51,172 - DEBUG - > Host: ws.devevspcharger.uplus.co.kr
2023-03-27 13:33:51,174 - DEBUG - > Upgrade: websocket
2023-03-27 13:33:51,174 - DEBUG - > Connection: Upgrade
2023-03-27 13:33:51,175 - DEBUG - > Sec-WebSocket-Key: II5qZ2AI9pIdF4Fksjl6cQ==
2023-03-27 13:33:51,175 - DEBUG - > Sec-WebSocket-Version: 13
2023-03-27 13:33:51,175 - DEBUG - > Sec-WebSocket-Extensions: permessage-deflate; client_max_window_bits
2023-03-27 13:33:51,175 - DEBUG - > Sec-WebSocket-Protocol: ocpp1.6
2023-03-27 13:33:51,175 - DEBUG - > Authorization: Basic RVZBUjpFVkFSTEdV
2023-03-27 13:33:51,175 - DEBUG - > User-Agent: Python/3.11 websockets/10.4
2023-03-27 13:33:51,455 - DEBUG - < HTTP/1.1 101 Switching Protocols
2023-03-27 13:33:51,455 - DEBUG - < Connection: upgrade
2023-03-27 13:33:51,455 - DEBUG - < Date: Mon, 27 Mar 2023 04:33:51 GMT
2023-03-27 13:33:51,455 - DEBUG - < sec-websocket-protocol: ocpp1.6
2023-03-27 13:33:51,455 - DEBUG - < upgrade: websocket
2023-03-27 13:33:51,455 - DEBUG - < sec-websocket-accept: fR2UbzyAsF7kGaQk0MzTF3YkK1s=
2023-03-27 13:33:51,456 - DEBUG - < sec-websocket-extensions: permessage-deflate
2023-03-27 13:33:51,456 - DEBUG - < X-Cache: Miss from cloudfront
2023-03-27 13:33:51,456 - DEBUG - < Via: 1.1 1503302651a9967757dc1dc6aab63d68.cloudfront.net (CloudFront)
2023-03-27 13:33:51,456 - DEBUG - < X-Amz-Cf-Pop: ICN51-C1
2023-03-27 13:33:51,456 - DEBUG - < X-Amz-Cf-Id: a6QkssZ2ubDEAFD6dC8Ip7BYwfkyMlpJK16gqTA9ZNwzzf-1cPLtxg==
2023-03-27 13:33:51,456 - DEBUG - = connection is OPEN
2023-03-27 13:33:51,484 - DEBUG - > TEXT '[2, "6054176c-650c-49bc-88f1-21a92a51939f", "Bo...umber": "EVSCA070007"}]' [169 bytes]
2023-03-27 13:33:51,843 - DEBUG - < TEXT '[3, "6054176c-650c-49bc-88f1-21a92a51939f", {"s...51Z", "interval": 300}]' [123 bytes]
2023-03-27 13:33:51,873 - DEBUG - Starting new HTTPS connection (1): 8b434254zg.execute-api.ap-northeast-2.amazonaws.com:443
2023-03-27 13:33:52,301 - DEBUG - https://8b434254zg.execute-api.ap-northeast-2.amazonaws.com:443 "POST /dev/ioc HTTP/1.1" 200 167
2023-03-27 13:33:52,328 - DEBUG - < TEXT '[2, "c57351a1-b804-4bc0-b464-9e9e94d3aa7c", "Ch...nId", "value": "true"}]' [122 bytes]
2023-03-27 13:33:52,337 - DEBUG - > TEXT '[3, "c57351a1-b804-4bc0-b464-9e9e94d3aa7c", {"status": "Accepted"}]' [67 bytes]
2023-03-27 13:33:52,523 - DEBUG - < TEXT '{}' [2 bytes]
2023-03-27 13:33:52,618 - DEBUG - Starting new HTTPS connection (1): 8b434254zg.execute-api.ap-northeast-2.amazonaws.com:443
2023-03-27 13:33:53,022 - DEBUG - https://8b434254zg.execute-api.ap-northeast-2.amazonaws.com:443 "POST /dev/ioc HTTP/1.1" 200 162
2023-03-27 13:33:53,049 - DEBUG - < TEXT '[2, "a7fecc25-7779-49a0-ab0d-b7cb2c4e4fc5", "Ch...ine", "value": "true"}]' [117 bytes]
2023-03-27 13:33:53,062 - DEBUG - > TEXT '[3, "a7fecc25-7779-49a0-ab0d-b7cb2c4e4fc5", {"status": "Accepted"}]' [67 bytes]
2023-03-27 13:33:53,265 - DEBUG - < TEXT '{}' [2 bytes]
2023-03-27 13:33:53,333 - DEBUG - Starting new HTTPS connection (1): 8b434254zg.execute-api.ap-northeast-2.amazonaws.com:443
2023-03-27 13:33:53,752 - DEBUG - https://8b434254zg.execute-api.ap-northeast-2.amazonaws.com:443 "POST /dev/ioc HTTP/1.1" 200 106
2023-03-27 13:33:53,777 - DEBUG - < TEXT '[2, "5dc1bb00-1c1e-4204-9e93-cb4ec3994f41", "ClearCache", {}]' [61 bytes]
2023-03-27 13:33:53,790 - DEBUG - > TEXT '[3, "5dc1bb00-1c1e-4204-9e93-cb4ec3994f41", {"status": "Accepted"}]' [67 bytes]
2023-03-27 13:33:53,985 - DEBUG - < TEXT '{}' [2 bytes]
2023-03-27 13:33:54,023 - DEBUG - > TEXT '[2, "d5ed5734-f27b-4ff0-9fb4-06d424296f49", "St...-02-24T07:26:57.512Z"}]' [154 bytes]
2023-03-27 13:33:54,260 - DEBUG - < TEXT '[4, "d5ed5734-f27b-4ff0-9fb4-06d424296f49", {"e...ccurence constraints"}]' [219 bytes]
2023-03-27 13:33:54,289 - DEBUG - = connection is CLOSING
2023-03-27 13:33:54,290 - DEBUG - > CLOSE 1000 (OK) [2 bytes]
2023-03-27 13:33:54,298 - DEBUG - < CLOSE 1000 (OK) [2 bytes]
2023-03-27 13:33:54,302 - DEBUG - = connection is CLOSED
2023-03-27 13:35:23,892 - DEBUG - = connection is CONNECTING
2023-03-27 13:35:23,929 - DEBUG - > GET /ocpp16/ELA007C01/EVSCA070007 HTTP/1.1
2023-03-27 13:35:23,929 - DEBUG - > Host: ws.devevspcharger.uplus.co.kr
2023-03-27 13:35:23,929 - DEBUG - > Upgrade: websocket
2023-03-27 13:35:23,929 - DEBUG - > Connection: Upgrade
2023-03-27 13:35:23,930 - DEBUG - > Sec-WebSocket-Key: M+KL+QrozkwQRK7m334rOw==
2023-03-27 13:35:23,930 - DEBUG - > Sec-WebSocket-Version: 13
2023-03-27 13:35:23,931 - DEBUG - > Sec-WebSocket-Extensions: permessage-deflate; client_max_window_bits
2023-03-27 13:35:23,931 - DEBUG - > Sec-WebSocket-Protocol: ocpp1.6
2023-03-27 13:35:23,931 - DEBUG - > Authorization: Basic RVZBUjpFVkFSTEdV
2023-03-27 13:35:23,931 - DEBUG - > User-Agent: Python/3.11 websockets/10.4
2023-03-27 13:35:24,453 - DEBUG - < HTTP/1.1 101 Switching Protocols
2023-03-27 13:35:24,453 - DEBUG - < Connection: upgrade
2023-03-27 13:35:24,454 - DEBUG - < Date: Mon, 27 Mar 2023 04:35:24 GMT
2023-03-27 13:35:24,454 - DEBUG - < sec-websocket-protocol: ocpp1.6
2023-03-27 13:35:24,454 - DEBUG - < upgrade: websocket
2023-03-27 13:35:24,454 - DEBUG - < sec-websocket-accept: 6dGECzcmg3wAUQbJxMnOBUaRhoM=
2023-03-27 13:35:24,455 - DEBUG - < sec-websocket-extensions: permessage-deflate
2023-03-27 13:35:24,455 - DEBUG - < X-Cache: Miss from cloudfront
2023-03-27 13:35:24,455 - DEBUG - < Via: 1.1 5a0f884e3a21756e824f803c83d7f3d0.cloudfront.net (CloudFront)
2023-03-27 13:35:24,456 - DEBUG - < X-Amz-Cf-Pop: ICN57-P2
2023-03-27 13:35:24,456 - DEBUG - < X-Amz-Cf-Id: tTqRxQzwbHsjQGYPXZV2-EbEU9RVOT2XoBVXRCjMZnXHhpwCSi6dbw==
2023-03-27 13:35:24,456 - DEBUG - = connection is OPEN
2023-03-27 13:35:24,509 - DEBUG - > TEXT '[2, "21ec52d8-54b6-46b9-876b-58ef574fdd5f", "Bo...umber": "EVSCA070007"}]' [169 bytes]
2023-03-27 13:35:24,973 - DEBUG - < TEXT '[3, "21ec52d8-54b6-46b9-876b-58ef574fdd5f", {"s...24Z", "interval": 300}]' [123 bytes]
2023-03-27 13:35:24,999 - DEBUG - Starting new HTTPS connection (1): 8b434254zg.execute-api.ap-northeast-2.amazonaws.com:443
2023-03-27 13:35:25,571 - DEBUG - https://8b434254zg.execute-api.ap-northeast-2.amazonaws.com:443 "POST /dev/ioc HTTP/1.1" 200 167
2023-03-27 13:35:25,597 - DEBUG - < TEXT '[2, "a865ea0a-e7e1-4554-a356-f52f85224186", "Ch...nId", "value": "true"}]' [122 bytes]
2023-03-27 13:35:25,607 - DEBUG - > TEXT '[3, "a865ea0a-e7e1-4554-a356-f52f85224186", {"status": "Accepted"}]' [67 bytes]
2023-03-27 13:35:25,879 - DEBUG - < TEXT '{}' [2 bytes]
2023-03-27 13:35:25,902 - DEBUG - Starting new HTTPS connection (1): 8b434254zg.execute-api.ap-northeast-2.amazonaws.com:443
2023-03-27 13:35:26,302 - DEBUG - https://8b434254zg.execute-api.ap-northeast-2.amazonaws.com:443 "POST /dev/ioc HTTP/1.1" 200 162
2023-03-27 13:35:26,328 - DEBUG - < TEXT '[2, "4afd4a91-06d7-498e-9928-d3f817a11bde", "Ch...ine", "value": "true"}]' [117 bytes]
2023-03-27 13:35:26,338 - DEBUG - > TEXT '[3, "4afd4a91-06d7-498e-9928-d3f817a11bde", {"status": "Accepted"}]' [67 bytes]
2023-03-27 13:35:26,526 - DEBUG - < TEXT '{}' [2 bytes]
2023-03-27 13:35:26,553 - DEBUG - Starting new HTTPS connection (1): 8b434254zg.execute-api.ap-northeast-2.amazonaws.com:443
2023-03-27 13:35:26,981 - DEBUG - https://8b434254zg.execute-api.ap-northeast-2.amazonaws.com:443 "POST /dev/ioc HTTP/1.1" 200 106
2023-03-27 13:35:27,005 - DEBUG - < TEXT '[2, "4755ec95-cc9c-4fd9-8e0d-9e52ce3a10a5", "ClearCache", {}]' [61 bytes]
2023-03-27 13:35:27,019 - DEBUG - > TEXT '[3, "4755ec95-cc9c-4fd9-8e0d-9e52ce3a10a5", {"status": "Accepted"}]' [67 bytes]
2023-03-27 13:35:27,204 - DEBUG - < TEXT '{}' [2 bytes]
2023-03-27 13:35:27,224 - DEBUG - > TEXT '[2, "fb1a6654-4906-40be-9e70-e2db63d84eb4", "St...-02-24T07:26:57.512Z"}]' [154 bytes]
2023-03-27 13:35:27,461 - DEBUG - < TEXT '[4, "fb1a6654-4906-40be-9e70-e2db63d84eb4", {"e...ccurence constraints"}]' [219 bytes]
2023-03-27 13:35:27,483 - DEBUG - = connection is CLOSING
2023-03-27 13:35:27,484 - DEBUG - > CLOSE 1000 (OK) [2 bytes]
2023-03-27 13:35:27,492 - DEBUG - < CLOSE 1000 (OK) [2 bytes]
2023-03-27 13:35:27,500 - DEBUG - = connection is CLOSED
2023-03-27 13:35:49,837 - DEBUG - = connection is CONNECTING
2023-03-27 13:35:49,871 - DEBUG - > GET /ocpp16/ELA007C01/EVSCA070007 HTTP/1.1
2023-03-27 13:35:49,871 - DEBUG - > Host: ws.devevspcharger.uplus.co.kr
2023-03-27 13:35:49,872 - DEBUG - > Upgrade: websocket
2023-03-27 13:35:49,872 - DEBUG - > Connection: Upgrade
2023-03-27 13:35:49,872 - DEBUG - > Sec-WebSocket-Key: q4cmb7y/ljNVCApy5DnZGA==
2023-03-27 13:35:49,872 - DEBUG - > Sec-WebSocket-Version: 13
2023-03-27 13:35:49,872 - DEBUG - > Sec-WebSocket-Extensions: permessage-deflate; client_max_window_bits
2023-03-27 13:35:49,872 - DEBUG - > Sec-WebSocket-Protocol: ocpp1.6
2023-03-27 13:35:49,872 - DEBUG - > Authorization: Basic RVZBUjpFVkFSTEdV
2023-03-27 13:35:49,872 - DEBUG - > User-Agent: Python/3.11 websockets/10.4
2023-03-27 13:35:50,142 - DEBUG - < HTTP/1.1 101 Switching Protocols
2023-03-27 13:35:50,143 - DEBUG - < Connection: upgrade
2023-03-27 13:35:50,143 - DEBUG - < Date: Mon, 27 Mar 2023 04:35:49 GMT
2023-03-27 13:35:50,143 - DEBUG - < sec-websocket-protocol: ocpp1.6
2023-03-27 13:35:50,143 - DEBUG - < upgrade: websocket
2023-03-27 13:35:50,143 - DEBUG - < sec-websocket-accept: f56AsaHMUIgWKhgaJd13m97oYuY=
2023-03-27 13:35:50,143 - DEBUG - < sec-websocket-extensions: permessage-deflate
2023-03-27 13:35:50,143 - DEBUG - < X-Cache: Miss from cloudfront
2023-03-27 13:35:50,144 - DEBUG - < Via: 1.1 41a89bdb610eb303e698e5cb65ce5b76.cloudfront.net (CloudFront)
2023-03-27 13:35:50,144 - DEBUG - < X-Amz-Cf-Pop: ICN57-P2
2023-03-27 13:35:50,144 - DEBUG - < X-Amz-Cf-Id: HkP85-mjp4SX2-MEDtIZSPTwbUOLjkKPn2kK-KUMdOlniDvKvAlRaQ==
2023-03-27 13:35:50,145 - DEBUG - = connection is OPEN
2023-03-27 13:35:50,207 - DEBUG - > TEXT '[2, "3b66dbb6-1f89-45e8-b4fc-ad5add9d904d", "Bo...umber": "EVSCA070007"}]' [169 bytes]
2023-03-27 13:35:50,487 - DEBUG - < TEXT '[3, "3b66dbb6-1f89-45e8-b4fc-ad5add9d904d", {"s...50Z", "interval": 300}]' [123 bytes]
2023-03-27 13:35:50,510 - DEBUG - Starting new HTTPS connection (1): 8b434254zg.execute-api.ap-northeast-2.amazonaws.com:443
2023-03-27 13:35:50,901 - DEBUG - https://8b434254zg.execute-api.ap-northeast-2.amazonaws.com:443 "POST /dev/ioc HTTP/1.1" 200 167
2023-03-27 13:35:50,927 - DEBUG - < TEXT '[2, "ace3b80e-050c-4001-be74-1911a80407e4", "Ch...nId", "value": "true"}]' [122 bytes]
2023-03-27 13:35:50,936 - DEBUG - > TEXT '[3, "ace3b80e-050c-4001-be74-1911a80407e4", {"status": "Accepted"}]' [67 bytes]
2023-03-27 13:35:51,137 - DEBUG - < TEXT '{}' [2 bytes]
2023-03-27 13:35:51,152 - DEBUG - Starting new HTTPS connection (1): 8b434254zg.execute-api.ap-northeast-2.amazonaws.com:443
2023-03-27 13:35:51,601 - DEBUG - https://8b434254zg.execute-api.ap-northeast-2.amazonaws.com:443 "POST /dev/ioc HTTP/1.1" 200 162
2023-03-27 13:35:51,627 - DEBUG - < TEXT '[2, "902c66f9-3d9f-482c-90d2-efbc365bf7f8", "Ch...ine", "value": "true"}]' [117 bytes]
2023-03-27 13:35:51,640 - DEBUG - > TEXT '[3, "902c66f9-3d9f-482c-90d2-efbc365bf7f8", {"status": "Accepted"}]' [67 bytes]
2023-03-27 13:35:51,838 - DEBUG - < TEXT '{}' [2 bytes]
2023-03-27 13:35:51,868 - DEBUG - Starting new HTTPS connection (1): 8b434254zg.execute-api.ap-northeast-2.amazonaws.com:443
2023-03-27 13:35:52,271 - DEBUG - https://8b434254zg.execute-api.ap-northeast-2.amazonaws.com:443 "POST /dev/ioc HTTP/1.1" 200 106
2023-03-27 13:35:52,302 - DEBUG - < TEXT '[2, "26f2beb7-34a0-40db-a6b4-cb2265e24c2d", "ClearCache", {}]' [61 bytes]
2023-03-27 13:35:52,313 - DEBUG - > TEXT '[3, "26f2beb7-34a0-40db-a6b4-cb2265e24c2d", {"status": "Accepted"}]' [67 bytes]
2023-03-27 13:35:52,526 - DEBUG - < TEXT '{}' [2 bytes]
2023-03-27 13:35:52,549 - DEBUG - > TEXT '[2, "67813567-1e9f-4297-a5db-a238affaa48c", "St...-02-24T07:26:57.512Z"}]' [154 bytes]
2023-03-27 13:35:52,726 - DEBUG - < TEXT '[4, "67813567-1e9f-4297-a5db-a238affaa48c", {"e...ccurence constraints"}]' [219 bytes]
2023-03-27 13:35:52,749 - DEBUG - = connection is CLOSING
2023-03-27 13:35:52,749 - DEBUG - > CLOSE 1000 (OK) [2 bytes]
2023-03-27 13:35:52,756 - DEBUG - < CLOSE 1000 (OK) [2 bytes]
2023-03-27 13:35:52,760 - DEBUG - = connection is CLOSED
2023-03-27 13:36:35,343 - DEBUG - = connection is CONNECTING
2023-03-27 13:36:35,375 - DEBUG - > GET /ocpp16/ELA007C01/EVSCA070007 HTTP/1.1
2023-03-27 13:36:35,375 - DEBUG - > Host: ws.devevspcharger.uplus.co.kr
2023-03-27 13:36:35,375 - DEBUG - > Upgrade: websocket
2023-03-27 13:36:35,376 - DEBUG - > Connection: Upgrade
2023-03-27 13:36:35,376 - DEBUG - > Sec-WebSocket-Key: +XeMNSLcX1HWOSZuKtFePA==
2023-03-27 13:36:35,376 - DEBUG - > Sec-WebSocket-Version: 13
2023-03-27 13:36:35,376 - DEBUG - > Sec-WebSocket-Extensions: permessage-deflate; client_max_window_bits
2023-03-27 13:36:35,376 - DEBUG - > Sec-WebSocket-Protocol: ocpp1.6
2023-03-27 13:36:35,376 - DEBUG - > Authorization: Basic RVZBUjpFVkFSTEdV
2023-03-27 13:36:35,376 - DEBUG - > User-Agent: Python/3.11 websockets/10.4
2023-03-27 13:36:35,603 - DEBUG - < HTTP/1.1 101 Switching Protocols
2023-03-27 13:36:35,605 - DEBUG - < Connection: upgrade
2023-03-27 13:36:35,605 - DEBUG - < Date: Mon, 27 Mar 2023 04:36:35 GMT
2023-03-27 13:36:35,605 - DEBUG - < sec-websocket-protocol: ocpp1.6
2023-03-27 13:36:35,605 - DEBUG - < upgrade: websocket
2023-03-27 13:36:35,607 - DEBUG - < sec-websocket-accept: 49LCqsFzPaRHw1ZUeK3P2q0h6No=
2023-03-27 13:36:35,607 - DEBUG - < sec-websocket-extensions: permessage-deflate
2023-03-27 13:36:35,607 - DEBUG - < X-Cache: Miss from cloudfront
2023-03-27 13:36:35,607 - DEBUG - < Via: 1.1 398e2e4101ed255d172b5d628fa36f5c.cloudfront.net (CloudFront)
2023-03-27 13:36:35,607 - DEBUG - < X-Amz-Cf-Pop: ICN57-P2
2023-03-27 13:36:35,607 - DEBUG - < X-Amz-Cf-Id: 0dCtLb9yq9ji139Twid9mexixscIcXX1_GM2F7mJm-KZfnjjibBuWg==
2023-03-27 13:36:35,608 - DEBUG - = connection is OPEN
2023-03-27 13:36:35,662 - DEBUG - > TEXT '[2, "f91301b4-1901-4d9b-9711-108e76554744", "Bo...umber": "EVSCA070007"}]' [169 bytes]
2023-03-27 13:36:35,963 - DEBUG - < TEXT '[3, "f91301b4-1901-4d9b-9711-108e76554744", {"s...35Z", "interval": 300}]' [123 bytes]
2023-03-27 13:36:35,990 - DEBUG - Starting new HTTPS connection (1): 8b434254zg.execute-api.ap-northeast-2.amazonaws.com:443
2023-03-27 13:36:36,424 - DEBUG - https://8b434254zg.execute-api.ap-northeast-2.amazonaws.com:443 "POST /dev/ioc HTTP/1.1" 200 167
2023-03-27 13:36:36,476 - DEBUG - < TEXT '[2, "b86aa46e-7529-4935-af3e-e48e4c13363c", "Ch...nId", "value": "true"}]' [122 bytes]
2023-03-27 13:36:36,487 - DEBUG - > TEXT '[3, "b86aa46e-7529-4935-af3e-e48e4c13363c", {"status": "Accepted"}]' [67 bytes]
2023-03-27 13:36:36,678 - DEBUG - < TEXT '{}' [2 bytes]
2023-03-27 13:36:36,699 - DEBUG - Starting new HTTPS connection (1): 8b434254zg.execute-api.ap-northeast-2.amazonaws.com:443
2023-03-27 13:36:37,109 - DEBUG - https://8b434254zg.execute-api.ap-northeast-2.amazonaws.com:443 "POST /dev/ioc HTTP/1.1" 200 162
2023-03-27 13:36:37,129 - DEBUG - < TEXT '[2, "45d7ac76-6453-455d-b044-d49ce7d452ea", "Ch...ine", "value": "true"}]' [117 bytes]
2023-03-27 13:36:37,140 - DEBUG - > TEXT '[3, "45d7ac76-6453-455d-b044-d49ce7d452ea", {"status": "Accepted"}]' [67 bytes]
2023-03-27 13:36:37,374 - DEBUG - < TEXT '{}' [2 bytes]
2023-03-27 13:36:37,399 - DEBUG - Starting new HTTPS connection (1): 8b434254zg.execute-api.ap-northeast-2.amazonaws.com:443
2023-03-27 13:36:37,790 - DEBUG - https://8b434254zg.execute-api.ap-northeast-2.amazonaws.com:443 "POST /dev/ioc HTTP/1.1" 200 106
2023-03-27 13:36:37,825 - DEBUG - < TEXT '[2, "adb92c13-7d78-4831-ab5c-a8671b1ff386", "ClearCache", {}]' [61 bytes]
2023-03-27 13:36:37,833 - DEBUG - > TEXT '[3, "adb92c13-7d78-4831-ab5c-a8671b1ff386", {"status": "Accepted"}]' [67 bytes]
2023-03-27 13:36:38,026 - DEBUG - < TEXT '{}' [2 bytes]
2023-03-27 13:36:38,048 - DEBUG - > TEXT '[2, "d5f6b27d-b419-4465-8896-f67325f8f933", "St...-02-24T07:26:57.512Z"}]' [154 bytes]
2023-03-27 13:36:38,244 - DEBUG - < TEXT '[4, "d5f6b27d-b419-4465-8896-f67325f8f933", {"e...ccurence constraints"}]' [219 bytes]
2023-03-27 13:36:38,281 - DEBUG - = connection is CLOSING
2023-03-27 13:36:38,282 - DEBUG - > CLOSE 1000 (OK) [2 bytes]
2023-03-27 13:36:38,291 - DEBUG - < CLOSE 1000 (OK) [2 bytes]
2023-03-27 13:36:38,296 - DEBUG - = connection is CLOSED
2023-03-27 13:38:14,851 - DEBUG - = connection is CONNECTING
2023-03-27 13:38:14,886 - DEBUG - > GET /ocpp16/ELA007C01/EVSCA070007 HTTP/1.1
2023-03-27 13:38:14,887 - DEBUG - > Host: ws.devevspcharger.uplus.co.kr
2023-03-27 13:38:14,887 - DEBUG - > Upgrade: websocket
2023-03-27 13:38:14,888 - DEBUG - > Connection: Upgrade
2023-03-27 13:38:14,888 - DEBUG - > Sec-WebSocket-Key: MmpjubK6njdke5l8Kpxg1g==
2023-03-27 13:38:14,888 - DEBUG - > Sec-WebSocket-Version: 13
2023-03-27 13:38:14,888 - DEBUG - > Sec-WebSocket-Extensions: permessage-deflate; client_max_window_bits
2023-03-27 13:38:14,888 - DEBUG - > Sec-WebSocket-Protocol: ocpp1.6
2023-03-27 13:38:14,889 - DEBUG - > Authorization: Basic RVZBUjpFVkFSTEdV
2023-03-27 13:38:14,889 - DEBUG - > User-Agent: Python/3.11 websockets/10.4
2023-03-27 13:38:15,146 - DEBUG - < HTTP/1.1 101 Switching Protocols
2023-03-27 13:38:15,146 - DEBUG - < Connection: upgrade
2023-03-27 13:38:15,146 - DEBUG - < Date: Mon, 27 Mar 2023 04:38:14 GMT
2023-03-27 13:38:15,148 - DEBUG - < sec-websocket-protocol: ocpp1.6
2023-03-27 13:38:15,150 - DEBUG - < upgrade: websocket
2023-03-27 13:38:15,150 - DEBUG - < sec-websocket-accept: Az0JLhtRRjwCuuatWibPJKd9WYk=
2023-03-27 13:38:15,150 - DEBUG - < sec-websocket-extensions: permessage-deflate
2023-03-27 13:38:15,150 - DEBUG - < X-Cache: Miss from cloudfront
2023-03-27 13:38:15,150 - DEBUG - < Via: 1.1 0deed69f96030eea747cb7bfcfd21562.cloudfront.net (CloudFront)
2023-03-27 13:38:15,151 - DEBUG - < X-Amz-Cf-Pop: ICN57-P2
2023-03-27 13:38:15,151 - DEBUG - < X-Amz-Cf-Id: NtRy4GMiI4wbc_JB-ThLnzbtPfmGx9g6Qk5AU9vzwSn2Zdx8IHFwBg==
2023-03-27 13:38:15,152 - DEBUG - = connection is OPEN
2023-03-27 13:38:15,203 - DEBUG - > TEXT '[2, "009136ec-fc9a-4d4f-abc3-b81ed0cb8721", "Bo...umber": "EVSCA070007"}]' [169 bytes]
2023-03-27 13:38:15,481 - DEBUG - < TEXT '[3, "009136ec-fc9a-4d4f-abc3-b81ed0cb8721", {"s...15Z", "interval": 300}]' [123 bytes]
2023-03-27 13:38:15,504 - DEBUG - Starting new HTTPS connection (1): 8b434254zg.execute-api.ap-northeast-2.amazonaws.com:443
2023-03-27 13:38:16,107 - DEBUG - https://8b434254zg.execute-api.ap-northeast-2.amazonaws.com:443 "POST /dev/ioc HTTP/1.1" 200 167
2023-03-27 13:38:16,130 - DEBUG - < TEXT '[2, "07b19936-0e84-44bf-8415-31727c542fce", "Ch...nId", "value": "true"}]' [122 bytes]
2023-03-27 13:38:16,140 - DEBUG - > TEXT '[3, "07b19936-0e84-44bf-8415-31727c542fce", {"status": "Accepted"}]' [67 bytes]
2023-03-27 13:38:16,325 - DEBUG - < TEXT '{}' [2 bytes]
2023-03-27 13:38:16,347 - DEBUG - Starting new HTTPS connection (1): 8b434254zg.execute-api.ap-northeast-2.amazonaws.com:443
2023-03-27 13:38:16,728 - DEBUG - https://8b434254zg.execute-api.ap-northeast-2.amazonaws.com:443 "POST /dev/ioc HTTP/1.1" 200 162
2023-03-27 13:38:16,750 - DEBUG - < TEXT '[2, "4534c2f8-2667-488a-a028-334033ac7303", "Ch...ine", "value": "true"}]' [117 bytes]
2023-03-27 13:38:16,760 - DEBUG - > TEXT '[3, "4534c2f8-2667-488a-a028-334033ac7303", {"status": "Accepted"}]' [67 bytes]
2023-03-27 13:38:16,956 - DEBUG - < TEXT '{}' [2 bytes]
2023-03-27 13:38:16,976 - DEBUG - Starting new HTTPS connection (1): 8b434254zg.execute-api.ap-northeast-2.amazonaws.com:443
2023-03-27 13:38:17,404 - DEBUG - https://8b434254zg.execute-api.ap-northeast-2.amazonaws.com:443 "POST /dev/ioc HTTP/1.1" 200 106
2023-03-27 13:38:17,426 - DEBUG - < TEXT '[2, "29653fa8-35d2-4f7c-adde-c4175a963133", "ClearCache", {}]' [61 bytes]
2023-03-27 13:38:17,437 - DEBUG - > TEXT '[3, "29653fa8-35d2-4f7c-adde-c4175a963133", {"status": "Accepted"}]' [67 bytes]
2023-03-27 13:38:17,624 - DEBUG - < TEXT '{}' [2 bytes]
2023-03-27 13:38:17,647 - DEBUG - > TEXT '[2, "bab3441c-a745-454c-9678-8fbe07863a5e", "St...-02-24T07:26:57.512Z"}]' [154 bytes]
2023-03-27 13:38:17,950 - DEBUG - < TEXT '[4, "bab3441c-a745-454c-9678-8fbe07863a5e", {"e...ccurence constraints"}]' [219 bytes]
2023-03-27 13:38:17,979 - DEBUG - = connection is CLOSING
2023-03-27 13:38:17,979 - DEBUG - > CLOSE 1000 (OK) [2 bytes]
2023-03-27 13:38:17,997 - DEBUG - < CLOSE 1000 (OK) [2 bytes]
2023-03-27 13:38:18,004 - DEBUG - = connection is CLOSED
2023-03-27 13:38:35,968 - DEBUG - = connection is CONNECTING
2023-03-27 13:38:36,001 - DEBUG - > GET /ocpp16/ELA007C01/EVSCA070007 HTTP/1.1
2023-03-27 13:38:36,001 - DEBUG - > Host: ws.devevspcharger.uplus.co.kr
2023-03-27 13:38:36,001 - DEBUG - > Upgrade: websocket
2023-03-27 13:38:36,001 - DEBUG - > Connection: Upgrade
2023-03-27 13:38:36,001 - DEBUG - > Sec-WebSocket-Key: 4n2LXtSHS1n6uMgYhyoamA==
2023-03-27 13:38:36,001 - DEBUG - > Sec-WebSocket-Version: 13
2023-03-27 13:38:36,001 - DEBUG - > Sec-WebSocket-Extensions: permessage-deflate; client_max_window_bits
2023-03-27 13:38:36,001 - DEBUG - > Sec-WebSocket-Protocol: ocpp1.6
2023-03-27 13:38:36,002 - DEBUG - > Authorization: Basic RVZBUjpFVkFSTEdV
2023-03-27 13:38:36,002 - DEBUG - > User-Agent: Python/3.11 websockets/10.4
2023-03-27 13:38:36,292 - DEBUG - < HTTP/1.1 101 Switching Protocols
2023-03-27 13:38:36,292 - DEBUG - < Connection: upgrade
2023-03-27 13:38:36,293 - DEBUG - < Date: Mon, 27 Mar 2023 04:38:35 GMT
2023-03-27 13:38:36,293 - DEBUG - < sec-websocket-protocol: ocpp1.6
2023-03-27 13:38:36,294 - DEBUG - < upgrade: websocket
2023-03-27 13:38:36,294 - DEBUG - < sec-websocket-accept: XIlolNtMzb7DWyGRi0JjGots0rA=
2023-03-27 13:38:36,294 - DEBUG - < sec-websocket-extensions: permessage-deflate
2023-03-27 13:38:36,294 - DEBUG - < X-Cache: Miss from cloudfront
2023-03-27 13:38:36,294 - DEBUG - < Via: 1.1 1c2dddf38b53f960ce106f4047c232e4.cloudfront.net (CloudFront)
2023-03-27 13:38:36,294 - DEBUG - < X-Amz-Cf-Pop: ICN57-P2
2023-03-27 13:38:36,294 - DEBUG - < X-Amz-Cf-Id: MCcS8KuTkjzFWvXYhjxuBt2bn5On3qw7AEmfwXzlwAGhhmmj0g8Nnw==
2023-03-27 13:38:36,294 - DEBUG - = connection is OPEN
2023-03-27 13:38:36,337 - DEBUG - > TEXT '[2, "1144b49e-387e-4c4d-b6f4-b93a7fac7ab8", "Bo...umber": "EVSCA070007"}]' [169 bytes]
2023-03-27 13:38:36,579 - DEBUG - < TEXT '[3, "1144b49e-387e-4c4d-b6f4-b93a7fac7ab8", {"s...36Z", "interval": 300}]' [123 bytes]
2023-03-27 13:38:36,606 - DEBUG - Starting new HTTPS connection (1): 8b434254zg.execute-api.ap-northeast-2.amazonaws.com:443
2023-03-27 13:38:37,009 - DEBUG - https://8b434254zg.execute-api.ap-northeast-2.amazonaws.com:443 "POST /dev/ioc HTTP/1.1" 200 167
2023-03-27 13:38:37,037 - DEBUG - < TEXT '[2, "2ea74b7c-9aac-418c-bd8f-3521f3d4a0a3", "Ch...nId", "value": "true"}]' [122 bytes]
2023-03-27 13:38:37,045 - DEBUG - > TEXT '[3, "2ea74b7c-9aac-418c-bd8f-3521f3d4a0a3", {"status": "Accepted"}]' [67 bytes]
2023-03-27 13:38:37,278 - DEBUG - < TEXT '{}' [2 bytes]
2023-03-27 13:38:37,298 - DEBUG - Starting new HTTPS connection (1): 8b434254zg.execute-api.ap-northeast-2.amazonaws.com:443
2023-03-27 13:38:37,688 - DEBUG - https://8b434254zg.execute-api.ap-northeast-2.amazonaws.com:443 "POST /dev/ioc HTTP/1.1" 200 162
2023-03-27 13:38:37,711 - DEBUG - < TEXT '[2, "a40d4299-fb09-4e95-bd05-30b1f87170d7", "Ch...ine", "value": "true"}]' [117 bytes]
2023-03-27 13:38:37,723 - DEBUG - > TEXT '[3, "a40d4299-fb09-4e95-bd05-30b1f87170d7", {"status": "Accepted"}]' [67 bytes]
2023-03-27 13:38:37,910 - DEBUG - < TEXT '{}' [2 bytes]
2023-03-27 13:38:37,926 - DEBUG - Starting new HTTPS connection (1): 8b434254zg.execute-api.ap-northeast-2.amazonaws.com:443
2023-03-27 13:38:38,330 - DEBUG - https://8b434254zg.execute-api.ap-northeast-2.amazonaws.com:443 "POST /dev/ioc HTTP/1.1" 200 106
2023-03-27 13:38:38,352 - DEBUG - < TEXT '[2, "b59f9c55-ec61-45f4-a032-00a591922019", "ClearCache", {}]' [61 bytes]
2023-03-27 13:38:38,363 - DEBUG - > TEXT '[3, "b59f9c55-ec61-45f4-a032-00a591922019", {"status": "Accepted"}]' [67 bytes]
2023-03-27 13:38:38,561 - DEBUG - < TEXT '{}' [2 bytes]
2023-03-27 13:38:38,589 - DEBUG - > TEXT '[2, "90ec0adf-6591-4af6-9b40-0aed27deb012", "St...-02-24T07:26:57.512Z"}]' [154 bytes]
2023-03-27 13:38:38,787 - DEBUG - < TEXT '[4, "90ec0adf-6591-4af6-9b40-0aed27deb012", {"e...ccurence constraints"}]' [219 bytes]
2023-03-27 13:38:38,840 - DEBUG - = connection is CLOSING
2023-03-27 13:38:38,840 - DEBUG - > CLOSE 1000 (OK) [2 bytes]
2023-03-27 13:38:38,848 - DEBUG - < CLOSE 1000 (OK) [2 bytes]
2023-03-27 13:38:38,859 - DEBUG - = connection is CLOSED
2023-03-27 13:39:19,349 - DEBUG - = connection is CONNECTING
2023-03-27 13:39:19,380 - DEBUG - > GET /ocpp16/ELA007C01/EVSCA070007 HTTP/1.1
2023-03-27 13:39:19,381 - DEBUG - > Host: ws.devevspcharger.uplus.co.kr
2023-03-27 13:39:19,381 - DEBUG - > Upgrade: websocket
2023-03-27 13:39:19,381 - DEBUG - > Connection: Upgrade
2023-03-27 13:39:19,381 - DEBUG - > Sec-WebSocket-Key: WdxJR1/kAYzZmOOfi8+1VA==
2023-03-27 13:39:19,381 - DEBUG - > Sec-WebSocket-Version: 13
2023-03-27 13:39:19,381 - DEBUG - > Sec-WebSocket-Extensions: permessage-deflate; client_max_window_bits
2023-03-27 13:39:19,381 - DEBUG - > Sec-WebSocket-Protocol: ocpp1.6
2023-03-27 13:39:19,381 - DEBUG - > Authorization: Basic RVZBUjpFVkFSTEdV
2023-03-27 13:39:19,382 - DEBUG - > User-Agent: Python/3.11 websockets/10.4
2023-03-27 13:39:19,665 - DEBUG - < HTTP/1.1 101 Switching Protocols
2023-03-27 13:39:19,665 - DEBUG - < Connection: upgrade
2023-03-27 13:39:19,665 - DEBUG - < Date: Mon, 27 Mar 2023 04:39:19 GMT
2023-03-27 13:39:19,665 - DEBUG - < sec-websocket-protocol: ocpp1.6
2023-03-27 13:39:19,666 - DEBUG - < upgrade: websocket
2023-03-27 13:39:19,666 - DEBUG - < sec-websocket-accept: C3jgl8ezfPnL8xaNr7wQFWqNHqk=
2023-03-27 13:39:19,666 - DEBUG - < sec-websocket-extensions: permessage-deflate
2023-03-27 13:39:19,666 - DEBUG - < X-Cache: Miss from cloudfront
2023-03-27 13:39:19,666 - DEBUG - < Via: 1.1 702d274aeab676890c1a399c8e170886.cloudfront.net (CloudFront)
2023-03-27 13:39:19,666 - DEBUG - < X-Amz-Cf-Pop: ICN57-P2
2023-03-27 13:39:19,666 - DEBUG - < X-Amz-Cf-Id: EKhm1tqFJXYatefkTvnRxS10Hb2jAydor1UyF1lkDxywmxsD6wjSFw==
2023-03-27 13:39:19,667 - DEBUG - = connection is OPEN
2023-03-27 13:39:19,684 - DEBUG - > TEXT '[2, "e2cc06de-7594-4211-a03d-84feb6664081", "Bo...umber": "EVSCA070007"}]' [169 bytes]
2023-03-27 13:39:19,961 - DEBUG - < TEXT '[3, "e2cc06de-7594-4211-a03d-84feb6664081", {"s...19Z", "interval": 300}]' [123 bytes]
2023-03-27 13:39:20,043 - DEBUG - Starting new HTTPS connection (1): 8b434254zg.execute-api.ap-northeast-2.amazonaws.com:443
2023-03-27 13:39:20,448 - DEBUG - https://8b434254zg.execute-api.ap-northeast-2.amazonaws.com:443 "POST /dev/ioc HTTP/1.1" 200 167
2023-03-27 13:39:20,474 - DEBUG - < TEXT '[2, "8ad9a151-cd35-4146-ac4e-1929ecf9e05b", "Ch...nId", "value": "true"}]' [122 bytes]
2023-03-27 13:39:20,482 - DEBUG - > TEXT '[3, "8ad9a151-cd35-4146-ac4e-1929ecf9e05b", {"status": "Accepted"}]' [67 bytes]
2023-03-27 13:39:20,682 - DEBUG - < TEXT '{}' [2 bytes]
2023-03-27 13:39:20,723 - DEBUG - Starting new HTTPS connection (1): 8b434254zg.execute-api.ap-northeast-2.amazonaws.com:443
2023-03-27 13:39:21,164 - DEBUG - https://8b434254zg.execute-api.ap-northeast-2.amazonaws.com:443 "POST /dev/ioc HTTP/1.1" 200 162
2023-03-27 13:39:21,191 - DEBUG - < TEXT '[2, "3171c271-6196-4866-b5cc-31f58cfe8cac", "Ch...ine", "value": "true"}]' [117 bytes]
2023-03-27 13:39:21,218 - DEBUG - > TEXT '[3, "3171c271-6196-4866-b5cc-31f58cfe8cac", {"status": "Accepted"}]' [67 bytes]
2023-03-27 13:39:21,404 - DEBUG - < TEXT '{}' [2 bytes]
2023-03-27 13:39:21,468 - DEBUG - Starting new HTTPS connection (1): 8b434254zg.execute-api.ap-northeast-2.amazonaws.com:443
2023-03-27 13:39:21,864 - DEBUG - https://8b434254zg.execute-api.ap-northeast-2.amazonaws.com:443 "POST /dev/ioc HTTP/1.1" 200 106
2023-03-27 13:39:21,894 - DEBUG - < TEXT '[2, "bb6323ef-5b61-4b4d-bb89-c18b64765e4d", "ClearCache", {}]' [61 bytes]
2023-03-27 13:39:21,915 - DEBUG - > TEXT '[3, "bb6323ef-5b61-4b4d-bb89-c18b64765e4d", {"status": "Accepted"}]' [67 bytes]
2023-03-27 13:39:22,162 - DEBUG - < TEXT '{}' [2 bytes]
2023-03-27 13:39:22,193 - DEBUG - > TEXT '[2, "155d4477-65d3-4ee7-9db4-4f1994f65fea", "St...2023-03-27T13:39:19Z"}]' [170 bytes]
2023-03-27 13:39:22,548 - DEBUG - < TEXT '[3, "155d4477-65d3-4ee7-9db4-4f1994f65fea", {"i...{"status": "Invalid"}}]' [81 bytes]
2023-03-27 13:39:22,566 - ERROR - Task exception was never retrieved
future: <Task finished name='Task-2' coro=<ChargerSim.startEvent() done, defined at D:\workspace\wss\main.py:126> exception=KeyError('transactionId')>
Traceback (most recent call last):
  File "D:\workspace\wss\main.py", line 146, in startEvent
    await self.charger.runcase(self.TC_selected if len(self.TC_selected.keys())>0 else self.TC)
  File "D:\workspace\wss\Charger.py", line 387, in runcase
    recv = await self.sendDocs(doc)
           ^^^^^^^^^^^^^^^^^^^^^^^^
  File "D:\workspace\wss\Charger.py", line 270, in sendDocs
    self._transactionId = recv[2]["transactionId"]
                          ~~~~~~~^^^^^^^^^^^^^^^^^
KeyError: 'transactionId'
2023-03-27 13:39:39,681 - DEBUG - % sending keepalive ping
2023-03-27 13:39:39,682 - DEBUG - > PING 21 bd c1 f2 [binary, 4 bytes]
2023-03-27 13:39:39,690 - DEBUG - < PONG 21 bd c1 f2 [binary, 4 bytes]
2023-03-27 13:39:39,694 - DEBUG - % received keepalive pong
2023-03-27 13:39:59,697 - DEBUG - % sending keepalive ping
2023-03-27 13:39:59,697 - DEBUG - > PING dd a4 8b 7a [binary, 4 bytes]
2023-03-27 13:39:59,705 - DEBUG - < PONG dd a4 8b 7a [binary, 4 bytes]
2023-03-27 13:39:59,710 - DEBUG - % received keepalive pong
2023-03-27 13:40:19,695 - DEBUG - % sending keepalive ping
2023-03-27 13:40:19,696 - DEBUG - > PING dc d6 86 9d [binary, 4 bytes]
2023-03-27 13:40:19,704 - DEBUG - < PONG dc d6 86 9d [binary, 4 bytes]
2023-03-27 13:40:19,710 - DEBUG - % received keepalive pong
2023-03-27 13:40:39,696 - DEBUG - % sending keepalive ping
2023-03-27 13:40:39,696 - DEBUG - > PING 9d 77 68 7c [binary, 4 bytes]
2023-03-27 13:40:39,704 - DEBUG - < PONG 9d 77 68 7c [binary, 4 bytes]
2023-03-27 13:40:39,707 - DEBUG - % received keepalive pong
2023-03-27 13:40:59,688 - DEBUG - % sending keepalive ping
2023-03-27 13:40:59,688 - DEBUG - > PING 82 6b ba e2 [binary, 4 bytes]
2023-03-27 13:40:59,699 - DEBUG - < PONG 82 6b ba e2 [binary, 4 bytes]
2023-03-27 13:40:59,706 - DEBUG - % received keepalive pong
2023-03-27 13:41:19,697 - DEBUG - % sending keepalive ping
2023-03-27 13:41:19,697 - DEBUG - > PING 51 f0 44 0a [binary, 4 bytes]
2023-03-27 13:41:19,704 - DEBUG - < PONG 51 f0 44 0a [binary, 4 bytes]
2023-03-27 13:41:19,711 - DEBUG - % received keepalive pong
2023-03-27 13:41:33,202 - DEBUG - = connection is CONNECTING
2023-03-27 13:41:33,244 - DEBUG - > GET /ocpp16/ELA007C01/EVSCA070007 HTTP/1.1
2023-03-27 13:41:33,245 - DEBUG - > Host: ws.devevspcharger.uplus.co.kr
2023-03-27 13:41:33,245 - DEBUG - > Upgrade: websocket
2023-03-27 13:41:33,245 - DEBUG - > Connection: Upgrade
2023-03-27 13:41:33,245 - DEBUG - > Sec-WebSocket-Key: cK432UOHyefCKiqx2b5oqw==
2023-03-27 13:41:33,245 - DEBUG - > Sec-WebSocket-Version: 13
2023-03-27 13:41:33,246 - DEBUG - > Sec-WebSocket-Extensions: permessage-deflate; client_max_window_bits
2023-03-27 13:41:33,246 - DEBUG - > Sec-WebSocket-Protocol: ocpp1.6
2023-03-27 13:41:33,246 - DEBUG - > Authorization: Basic RVZBUjpFVkFSTEdV
2023-03-27 13:41:33,246 - DEBUG - > User-Agent: Python/3.11 websockets/10.4
2023-03-27 13:41:33,769 - DEBUG - < HTTP/1.1 101 Switching Protocols
2023-03-27 13:41:33,770 - DEBUG - < Connection: upgrade
2023-03-27 13:41:33,770 - DEBUG - < Date: Mon, 27 Mar 2023 04:41:33 GMT
2023-03-27 13:41:33,770 - DEBUG - < sec-websocket-protocol: ocpp1.6
2023-03-27 13:41:33,770 - DEBUG - < upgrade: websocket
2023-03-27 13:41:33,770 - DEBUG - < sec-websocket-accept: gRz28R8FTns6N5HQilH4W3Ful2I=
2023-03-27 13:41:33,770 - DEBUG - < sec-websocket-extensions: permessage-deflate
2023-03-27 13:41:33,770 - DEBUG - < X-Cache: Miss from cloudfront
2023-03-27 13:41:33,770 - DEBUG - < Via: 1.1 a252aeda8ec1e2b582ae9a32f7c8d544.cloudfront.net (CloudFront)
2023-03-27 13:41:33,771 - DEBUG - < X-Amz-Cf-Pop: ICN57-P2
2023-03-27 13:41:33,771 - DEBUG - < X-Amz-Cf-Id: tJ_A7EpsoRUuOEPjIMpVmUK20Nz6qkzs0nsqoBbN2Cdj9cOMI7KZUg==
2023-03-27 13:41:33,771 - DEBUG - = connection is OPEN
2023-03-27 13:41:33,819 - DEBUG - > TEXT '[2, "3a87e037-d172-435b-8609-5edbb4a91e16", "Bo...umber": "EVSCA070007"}]' [169 bytes]
2023-03-27 13:41:34,045 - DEBUG - < TEXT '[3, "3a87e037-d172-435b-8609-5edbb4a91e16", {"s...33Z", "interval": 300}]' [123 bytes]
2023-03-27 13:41:34,101 - DEBUG - Starting new HTTPS connection (1): 8b434254zg.execute-api.ap-northeast-2.amazonaws.com:443
2023-03-27 13:41:34,711 - DEBUG - https://8b434254zg.execute-api.ap-northeast-2.amazonaws.com:443 "POST /dev/ioc HTTP/1.1" 200 167
2023-03-27 13:41:34,731 - DEBUG - < TEXT '[2, "5878b656-60f7-4419-98ad-30fae4d2b3f8", "Ch...nId", "value": "true"}]' [122 bytes]
2023-03-27 13:41:34,759 - DEBUG - > TEXT '[3, "5878b656-60f7-4419-98ad-30fae4d2b3f8", {"status": "Accepted"}]' [67 bytes]
2023-03-27 13:41:34,955 - DEBUG - < TEXT '{}' [2 bytes]
2023-03-27 13:41:35,010 - DEBUG - Starting new HTTPS connection (1): 8b434254zg.execute-api.ap-northeast-2.amazonaws.com:443
2023-03-27 13:41:35,466 - DEBUG - https://8b434254zg.execute-api.ap-northeast-2.amazonaws.com:443 "POST /dev/ioc HTTP/1.1" 200 162
2023-03-27 13:41:35,485 - DEBUG - < TEXT '[2, "6ff0610f-1638-48c1-93de-0096db24aa21", "Ch...ine", "value": "true"}]' [117 bytes]
2023-03-27 13:41:35,508 - DEBUG - > TEXT '[3, "6ff0610f-1638-48c1-93de-0096db24aa21", {"status": "Accepted"}]' [67 bytes]
2023-03-27 13:41:35,684 - DEBUG - < TEXT '{}' [2 bytes]
2023-03-27 13:41:35,746 - DEBUG - Starting new HTTPS connection (1): 8b434254zg.execute-api.ap-northeast-2.amazonaws.com:443
2023-03-27 13:41:36,147 - DEBUG - https://8b434254zg.execute-api.ap-northeast-2.amazonaws.com:443 "POST /dev/ioc HTTP/1.1" 200 106
2023-03-27 13:41:36,176 - DEBUG - < TEXT '[2, "e7375500-bd3a-4ae4-9d3b-72e65dddcf89", "ClearCache", {}]' [61 bytes]
2023-03-27 13:41:36,193 - DEBUG - > TEXT '[3, "e7375500-bd3a-4ae4-9d3b-72e65dddcf89", {"status": "Accepted"}]' [67 bytes]
2023-03-27 13:41:36,363 - DEBUG - < TEXT '{}' [2 bytes]
2023-03-27 13:41:36,392 - DEBUG - > TEXT '[2, "6bb6e191-dfff-4ef6-b6ed-d92d29e4cfa3", "St...2023-03-27T13:41:33Z"}]' [170 bytes]
2023-03-27 13:41:36,777 - DEBUG - < TEXT '[3, "6bb6e191-dfff-4ef6-b6ed-d92d29e4cfa3", {"i...{"status": "Invalid"}}]' [81 bytes]
2023-03-27 13:41:36,796 - ERROR - Task exception was never retrieved
future: <Task finished name='Task-10' coro=<ChargerSim.startEvent() done, defined at D:\workspace\wss\main.py:126> exception=KeyError('transactionId')>
Traceback (most recent call last):
  File "D:\workspace\wss\main.py", line 146, in startEvent
    await self.charger.runcase(self.TC_selected if len(self.TC_selected.keys())>0 else self.TC)
  File "D:\workspace\wss\Charger.py", line 387, in runcase
    recv = await self.sendDocs(doc)
           ^^^^^^^^^^^^^^^^^^^^^^^^
  File "D:\workspace\wss\Charger.py", line 270, in sendDocs
    self._transactionId = recv[2]["transactionId"]
                          ~~~~~~~^^^^^^^^^^^^^^^^^
KeyError: 'transactionId'
2023-03-27 13:41:39,697 - DEBUG - % sending keepalive ping
2023-03-27 13:41:39,697 - DEBUG - > PING ea 49 8f 56 [binary, 4 bytes]
2023-03-27 13:41:39,704 - DEBUG - < PONG ea 49 8f 56 [binary, 4 bytes]
2023-03-27 13:41:39,712 - DEBUG - % received keepalive pong
2023-03-27 13:41:53,769 - DEBUG - % sending keepalive ping
2023-03-27 13:41:53,769 - DEBUG - > PING f8 a3 0d 53 [binary, 4 bytes]
2023-03-27 13:41:53,778 - DEBUG - < PONG f8 a3 0d 53 [binary, 4 bytes]
2023-03-27 13:41:53,784 - DEBUG - % received keepalive pong
2023-03-27 13:41:59,696 - DEBUG - % sending keepalive ping
2023-03-27 13:41:59,697 - DEBUG - > PING bf 7d 59 0c [binary, 4 bytes]
2023-03-27 13:41:59,705 - DEBUG - < PONG bf 7d 59 0c [binary, 4 bytes]
2023-03-27 13:41:59,707 - DEBUG - % received keepalive pong
2023-03-27 13:42:13,775 - DEBUG - % sending keepalive ping
2023-03-27 13:42:13,775 - DEBUG - > PING 9c 1f 50 d6 [binary, 4 bytes]
2023-03-27 13:42:13,782 - DEBUG - < PONG 9c 1f 50 d6 [binary, 4 bytes]
2023-03-27 13:42:13,785 - DEBUG - % received keepalive pong
2023-03-27 13:42:19,688 - DEBUG - % sending keepalive ping
2023-03-27 13:42:19,689 - DEBUG - > PING '?\u016b\x1e' [text, 4 bytes]
2023-03-27 13:42:19,712 - DEBUG - < PONG '?\u016b\x1e' [text, 4 bytes]
2023-03-27 13:42:19,720 - DEBUG - % received keepalive pong
2023-03-27 13:42:33,767 - DEBUG - % sending keepalive ping
2023-03-27 13:42:33,767 - DEBUG - > PING e9 19 52 a8 [binary, 4 bytes]
2023-03-27 13:42:33,775 - DEBUG - < PONG e9 19 52 a8 [binary, 4 bytes]
2023-03-27 13:42:33,777 - DEBUG - % received keepalive pong
2023-03-27 13:42:39,726 - DEBUG - % sending keepalive ping
2023-03-27 13:42:39,726 - DEBUG - > PING fa 96 cd de [binary, 4 bytes]
2023-03-27 13:42:39,734 - DEBUG - < PONG fa 96 cd de [binary, 4 bytes]
2023-03-27 13:42:39,737 - DEBUG - % received keepalive pong
2023-03-27 13:42:53,772 - DEBUG - % sending keepalive ping
2023-03-27 13:42:53,773 - DEBUG - > PING '\u05aaRv' [text, 4 bytes]
2023-03-27 13:42:53,839 - DEBUG - < PONG '\u05aaRv' [text, 4 bytes]
2023-03-27 13:42:53,843 - DEBUG - % received keepalive pong
2023-03-27 13:42:59,729 - DEBUG - % sending keepalive ping
2023-03-27 13:42:59,729 - DEBUG - > PING df 08 35 89 [binary, 4 bytes]
2023-03-27 13:42:59,746 - DEBUG - < PONG df 08 35 89 [binary, 4 bytes]
2023-03-27 13:42:59,750 - DEBUG - % received keepalive pong
2023-03-27 13:43:13,850 - DEBUG - % sending keepalive ping
2023-03-27 13:43:13,850 - DEBUG - > PING f7 36 52 10 [binary, 4 bytes]
2023-03-27 13:43:13,857 - DEBUG - < PONG f7 36 52 10 [binary, 4 bytes]
2023-03-27 13:43:13,861 - DEBUG - % received keepalive pong
2023-03-27 13:43:19,758 - DEBUG - % sending keepalive ping
2023-03-27 13:43:19,758 - DEBUG - > PING b4 0f a6 a6 [binary, 4 bytes]
2023-03-27 13:43:19,768 - DEBUG - < PONG b4 0f a6 a6 [binary, 4 bytes]
2023-03-27 13:43:19,774 - DEBUG - % received keepalive pong
2023-03-27 13:43:33,845 - DEBUG - % sending keepalive ping
2023-03-27 13:43:33,845 - DEBUG - > PING 'a\x01\x1ae' [text, 4 bytes]
2023-03-27 13:43:33,854 - DEBUG - < PONG 'a\x01\x1ae' [text, 4 bytes]
2023-03-27 13:43:33,861 - DEBUG - % received keepalive pong
2023-03-27 13:43:39,772 - DEBUG - % sending keepalive ping
2023-03-27 13:43:39,772 - DEBUG - > PING c4 52 10 68 [binary, 4 bytes]
2023-03-27 13:43:39,780 - DEBUG - < PONG c4 52 10 68 [binary, 4 bytes]
2023-03-27 13:43:39,782 - DEBUG - % received keepalive pong
2023-03-27 13:43:53,846 - DEBUG - % sending keepalive ping
2023-03-27 13:43:53,847 - DEBUG - > PING ff dd ae 67 [binary, 4 bytes]
2023-03-27 13:43:53,854 - DEBUG - < PONG ff dd ae 67 [binary, 4 bytes]
2023-03-27 13:43:53,858 - DEBUG - % received keepalive pong
2023-03-27 13:43:59,773 - DEBUG - % sending keepalive ping
2023-03-27 13:43:59,774 - DEBUG - > PING f6 36 c0 5c [binary, 4 bytes]
2023-03-27 13:43:59,781 - DEBUG - < PONG f6 36 c0 5c [binary, 4 bytes]
2023-03-27 13:43:59,784 - DEBUG - % received keepalive pong
2023-03-27 13:44:41,201 - DEBUG - = connection is CONNECTING
2023-03-27 13:44:41,240 - DEBUG - > GET /ocpp16/ELA007C01/EVSCA070007 HTTP/1.1
2023-03-27 13:44:41,240 - DEBUG - > Host: ws.devevspcharger.uplus.co.kr
2023-03-27 13:44:41,240 - DEBUG - > Upgrade: websocket
2023-03-27 13:44:41,240 - DEBUG - > Connection: Upgrade
2023-03-27 13:44:41,240 - DEBUG - > Sec-WebSocket-Key: 6EymnISKt4dH7K3kGNV6gA==
2023-03-27 13:44:41,241 - DEBUG - > Sec-WebSocket-Version: 13
2023-03-27 13:44:41,241 - DEBUG - > Sec-WebSocket-Extensions: permessage-deflate; client_max_window_bits
2023-03-27 13:44:41,241 - DEBUG - > Sec-WebSocket-Protocol: ocpp1.6
2023-03-27 13:44:41,241 - DEBUG - > Authorization: Basic RVZBUjpFVkFSTEdV
2023-03-27 13:44:41,241 - DEBUG - > User-Agent: Python/3.11 websockets/10.4
2023-03-27 13:44:41,731 - DEBUG - < HTTP/1.1 101 Switching Protocols
2023-03-27 13:44:41,731 - DEBUG - < Connection: upgrade
2023-03-27 13:44:41,731 - DEBUG - < Date: Mon, 27 Mar 2023 04:44:41 GMT
2023-03-27 13:44:41,731 - DEBUG - < sec-websocket-protocol: ocpp1.6
2023-03-27 13:44:41,731 - DEBUG - < upgrade: websocket
2023-03-27 13:44:41,731 - DEBUG - < sec-websocket-accept: 6IrC4c3h//yBd7b5wiPUFpk2w+w=
2023-03-27 13:44:41,731 - DEBUG - < sec-websocket-extensions: permessage-deflate
2023-03-27 13:44:41,732 - DEBUG - < X-Cache: Miss from cloudfront
2023-03-27 13:44:41,732 - DEBUG - < Via: 1.1 9ce5dfe6a640bb6a762b3c2889e2317e.cloudfront.net (CloudFront)
2023-03-27 13:44:41,732 - DEBUG - < X-Amz-Cf-Pop: ICN57-P2
2023-03-27 13:44:41,732 - DEBUG - < X-Amz-Cf-Id: _s02pbBYH8x54VZyBJ-aRyplrclmoPsFPM6yxMKEoorlb_LrN3ujOQ==
2023-03-27 13:44:41,732 - DEBUG - = connection is OPEN
2023-03-27 13:44:41,757 - DEBUG - > TEXT '[2, "371191a5-6541-420e-b726-cd604c485c3a", "Bo...umber": "EVSCA070007"}]' [169 bytes]
2023-03-27 13:44:42,265 - DEBUG - < TEXT '[3, "371191a5-6541-420e-b726-cd604c485c3a", {"s...41Z", "interval": 300}]' [123 bytes]
2023-03-27 13:44:42,380 - DEBUG - Starting new HTTPS connection (1): 8b434254zg.execute-api.ap-northeast-2.amazonaws.com:443
2023-03-27 13:44:43,028 - DEBUG - https://8b434254zg.execute-api.ap-northeast-2.amazonaws.com:443 "POST /dev/ioc HTTP/1.1" 200 167
2023-03-27 13:44:43,047 - DEBUG - < TEXT '[2, "69fcddbf-b865-4cc1-802e-bc30c167b4d7", "Ch...nId", "value": "true"}]' [122 bytes]
2023-03-27 13:44:43,060 - DEBUG - > TEXT '[3, "69fcddbf-b865-4cc1-802e-bc30c167b4d7", {"status": "Accepted"}]' [67 bytes]
2023-03-27 13:44:43,280 - DEBUG - < TEXT '{}' [2 bytes]
2023-03-27 13:44:43,326 - DEBUG - Starting new HTTPS connection (1): 8b434254zg.execute-api.ap-northeast-2.amazonaws.com:443
2023-03-27 13:44:43,728 - DEBUG - https://8b434254zg.execute-api.ap-northeast-2.amazonaws.com:443 "POST /dev/ioc HTTP/1.1" 200 162
2023-03-27 13:44:43,749 - DEBUG - < TEXT '[2, "6d1e6161-3e23-43ed-9489-bc6880967b01", "Ch...ine", "value": "true"}]' [117 bytes]
2023-03-27 13:44:43,774 - DEBUG - > TEXT '[3, "6d1e6161-3e23-43ed-9489-bc6880967b01", {"status": "Accepted"}]' [67 bytes]
2023-03-27 13:44:43,973 - DEBUG - < TEXT '{}' [2 bytes]
2023-03-27 13:44:44,049 - DEBUG - Starting new HTTPS connection (1): 8b434254zg.execute-api.ap-northeast-2.amazonaws.com:443
2023-03-27 13:44:44,448 - DEBUG - https://8b434254zg.execute-api.ap-northeast-2.amazonaws.com:443 "POST /dev/ioc HTTP/1.1" 200 106
2023-03-27 13:44:44,471 - DEBUG - < TEXT '[2, "0c0d86b5-1685-43a4-83c1-f460dc0575f3", "ClearCache", {}]' [61 bytes]
2023-03-27 13:44:44,496 - DEBUG - > TEXT '[3, "0c0d86b5-1685-43a4-83c1-f460dc0575f3", {"status": "Accepted"}]' [67 bytes]
2023-03-27 13:44:44,712 - DEBUG - < TEXT '{}' [2 bytes]
2023-03-27 13:44:44,740 - DEBUG - > TEXT '[2, "01d8daa6-2b49-4916-998f-33520bc5e999", "St...2023-03-27T13:44:41Z"}]' [170 bytes]
2023-03-27 13:44:45,082 - DEBUG - < TEXT '[3, "01d8daa6-2b49-4916-998f-33520bc5e999", {"i...{"status": "Invalid"}}]' [81 bytes]
2023-03-27 13:44:45,114 - DEBUG - = connection is CLOSING
2023-03-27 13:44:45,114 - DEBUG - > CLOSE 1000 (OK) [2 bytes]
2023-03-27 13:44:45,122 - DEBUG - < CLOSE 1000 (OK) [2 bytes]
2023-03-27 13:44:45,127 - DEBUG - = connection is CLOSED
2023-03-27 13:57:50,737 - DEBUG - = connection is CONNECTING
2023-03-27 13:57:50,764 - DEBUG - > GET /ocpp16/ELA007C01/EVSCA070007 HTTP/1.1
2023-03-27 13:57:50,764 - DEBUG - > Host: ws.devevspcharger.uplus.co.kr
2023-03-27 13:57:50,765 - DEBUG - > Upgrade: websocket
2023-03-27 13:57:50,765 - DEBUG - > Connection: Upgrade
2023-03-27 13:57:50,765 - DEBUG - > Sec-WebSocket-Key: m5HtVnBot3xYBgM0IcHgyw==
2023-03-27 13:57:50,765 - DEBUG - > Sec-WebSocket-Version: 13
2023-03-27 13:57:50,765 - DEBUG - > Sec-WebSocket-Extensions: permessage-deflate; client_max_window_bits
2023-03-27 13:57:50,765 - DEBUG - > Sec-WebSocket-Protocol: ocpp1.6
2023-03-27 13:57:50,765 - DEBUG - > Authorization: Basic RVZBUjpFVkFSTEdV
2023-03-27 13:57:50,765 - DEBUG - > User-Agent: Python/3.11 websockets/10.4
2023-03-27 13:57:52,227 - DEBUG - < HTTP/1.1 101 Switching Protocols
2023-03-27 13:57:52,228 - DEBUG - < Connection: upgrade
2023-03-27 13:57:52,228 - DEBUG - < Date: Mon, 27 Mar 2023 04:57:51 GMT
2023-03-27 13:57:52,228 - DEBUG - < sec-websocket-protocol: ocpp1.6
2023-03-27 13:57:52,228 - DEBUG - < upgrade: websocket
2023-03-27 13:57:52,228 - DEBUG - < sec-websocket-accept: mXPiD97v6S9FREHVwuphtpKj384=
2023-03-27 13:57:52,228 - DEBUG - < sec-websocket-extensions: permessage-deflate
2023-03-27 13:57:52,228 - DEBUG - < X-Cache: Miss from cloudfront
2023-03-27 13:57:52,228 - DEBUG - < Via: 1.1 516246c62af452cb1f8d77c8f3af9faa.cloudfront.net (CloudFront)
2023-03-27 13:57:52,228 - DEBUG - < X-Amz-Cf-Pop: ICN57-P2
2023-03-27 13:57:52,228 - DEBUG - < X-Amz-Cf-Id: W4jIPZWnalTx2dMo4rcSYTcmjjBu_SQQ6cToPVdUMN5i8I8PMJcI6w==
2023-03-27 13:57:52,229 - DEBUG - = connection is OPEN
2023-03-27 13:57:52,277 - DEBUG - > TEXT '[2, "31e231ad-bd5c-4152-a920-687385334b6b", "Bo...umber": "EVSCA070007"}]' [169 bytes]
2023-03-27 13:57:52,677 - DEBUG - < TEXT '[3, "31e231ad-bd5c-4152-a920-687385334b6b", {"s...52Z", "interval": 300}]' [123 bytes]
2023-03-27 13:57:52,727 - DEBUG - Starting new HTTPS connection (1): 8b434254zg.execute-api.ap-northeast-2.amazonaws.com:443
2023-03-27 13:57:54,152 - DEBUG - https://8b434254zg.execute-api.ap-northeast-2.amazonaws.com:443 "POST /dev/ioc HTTP/1.1" 200 437
2023-03-27 13:57:54,172 - DEBUG - < TEXT '[2, "23fb7aba-4b43-454f-a8bf-b441cd98317a", "Re...0, "limit": 11000}]}}}]' [392 bytes]
2023-03-27 13:57:54,233 - DEBUG - = connection is CLOSING
2023-03-27 13:57:54,233 - DEBUG - > CLOSE 1000 (OK) [2 bytes]
2023-03-27 13:57:54,243 - DEBUG - < CLOSE 1000 (OK) [2 bytes]
2023-03-27 13:57:54,248 - DEBUG - = connection is CLOSED
2023-03-27 13:58:37,413 - DEBUG - = connection is CONNECTING
2023-03-27 13:58:37,444 - DEBUG - > GET /ocpp16/ELA007C01/EVSCA070007 HTTP/1.1
2023-03-27 13:58:37,444 - DEBUG - > Host: ws.devevspcharger.uplus.co.kr
2023-03-27 13:58:37,444 - DEBUG - > Upgrade: websocket
2023-03-27 13:58:37,444 - DEBUG - > Connection: Upgrade
2023-03-27 13:58:37,445 - DEBUG - > Sec-WebSocket-Key: 0ONGdiqymCBO24sC8HqqLg==
2023-03-27 13:58:37,445 - DEBUG - > Sec-WebSocket-Version: 13
2023-03-27 13:58:37,445 - DEBUG - > Sec-WebSocket-Extensions: permessage-deflate; client_max_window_bits
2023-03-27 13:58:37,445 - DEBUG - > Sec-WebSocket-Protocol: ocpp1.6
2023-03-27 13:58:37,445 - DEBUG - > Authorization: Basic RVZBUjpFVkFSTEdV
2023-03-27 13:58:37,445 - DEBUG - > User-Agent: Python/3.11 websockets/10.4
2023-03-27 13:58:37,690 - DEBUG - < HTTP/1.1 101 Switching Protocols
2023-03-27 13:58:37,690 - DEBUG - < Connection: upgrade
2023-03-27 13:58:37,690 - DEBUG - < Date: Mon, 27 Mar 2023 04:58:37 GMT
2023-03-27 13:58:37,691 - DEBUG - < sec-websocket-protocol: ocpp1.6
2023-03-27 13:58:37,691 - DEBUG - < upgrade: websocket
2023-03-27 13:58:37,691 - DEBUG - < sec-websocket-accept: izMBN20m5bKumgPge0O+aoCUj4k=
2023-03-27 13:58:37,691 - DEBUG - < sec-websocket-extensions: permessage-deflate
2023-03-27 13:58:37,691 - DEBUG - < X-Cache: Miss from cloudfront
2023-03-27 13:58:37,691 - DEBUG - < Via: 1.1 9ae7abacc9e2c811909db23dbe603ad4.cloudfront.net (CloudFront)
2023-03-27 13:58:37,691 - DEBUG - < X-Amz-Cf-Pop: ICN57-P2
2023-03-27 13:58:37,691 - DEBUG - < X-Amz-Cf-Id: js7-Voooz0fTBA2l81hObAVnjlSMKRG6JXsuaq0kt8SaXrkesX1BpQ==
2023-03-27 13:58:37,691 - DEBUG - = connection is OPEN
2023-03-27 13:58:37,754 - DEBUG - > TEXT '[2, "993ed034-e7ae-4ba6-b3df-3a7343f9eccf", "Bo...umber": "EVSCA070007"}]' [169 bytes]
2023-03-27 13:58:37,983 - DEBUG - < TEXT '[3, "993ed034-e7ae-4ba6-b3df-3a7343f9eccf", {"s...37Z", "interval": 300}]' [123 bytes]
2023-03-27 13:58:57,693 - DEBUG - % sending keepalive ping
2023-03-27 13:58:57,699 - DEBUG - > PING 1f de 9c a2 [binary, 4 bytes]
2023-03-27 13:58:57,706 - DEBUG - < PONG 1f de 9c a2 [binary, 4 bytes]
2023-03-27 13:58:57,709 - DEBUG - % received keepalive pong
2023-03-27 13:59:05,168 - DEBUG - = connection is CLOSING
2023-03-27 13:59:05,169 - DEBUG - > CLOSE 1000 (OK) [2 bytes]
2023-03-27 13:59:05,178 - DEBUG - < CLOSE 1000 (OK) [2 bytes]
2023-03-27 13:59:05,191 - DEBUG - = connection is CLOSED
2023-03-27 13:59:46,039 - DEBUG - = connection is CONNECTING
2023-03-27 13:59:46,069 - DEBUG - > GET /ocpp16/ELA007C01/EVSCA070007 HTTP/1.1
2023-03-27 13:59:46,069 - DEBUG - > Host: ws.devevspcharger.uplus.co.kr
2023-03-27 13:59:46,069 - DEBUG - > Upgrade: websocket
2023-03-27 13:59:46,070 - DEBUG - > Connection: Upgrade
2023-03-27 13:59:46,070 - DEBUG - > Sec-WebSocket-Key: sYy6KmDWDFDpmL6cjRZPUA==
2023-03-27 13:59:46,070 - DEBUG - > Sec-WebSocket-Version: 13
2023-03-27 13:59:46,070 - DEBUG - > Sec-WebSocket-Extensions: permessage-deflate; client_max_window_bits
2023-03-27 13:59:46,070 - DEBUG - > Sec-WebSocket-Protocol: ocpp1.6
2023-03-27 13:59:46,070 - DEBUG - > Authorization: Basic RVZBUjpFVkFSTEdV
2023-03-27 13:59:46,070 - DEBUG - > User-Agent: Python/3.11 websockets/10.4
2023-03-27 13:59:46,631 - DEBUG - < HTTP/1.1 101 Switching Protocols
2023-03-27 13:59:46,633 - DEBUG - < Connection: upgrade
2023-03-27 13:59:46,634 - DEBUG - < Date: Mon, 27 Mar 2023 04:59:46 GMT
2023-03-27 13:59:46,634 - DEBUG - < sec-websocket-protocol: ocpp1.6
2023-03-27 13:59:46,635 - DEBUG - < upgrade: websocket
2023-03-27 13:59:46,635 - DEBUG - < sec-websocket-accept: 94fAPQh6WAq8qEiMhcG5xGATOMw=
2023-03-27 13:59:46,636 - DEBUG - < sec-websocket-extensions: permessage-deflate
2023-03-27 13:59:46,636 - DEBUG - < X-Cache: Miss from cloudfront
2023-03-27 13:59:46,636 - DEBUG - < Via: 1.1 bab1895e0b0b8d2cc8c02eee5d24db78.cloudfront.net (CloudFront)
2023-03-27 13:59:46,636 - DEBUG - < X-Amz-Cf-Pop: ICN57-P2
2023-03-27 13:59:46,636 - DEBUG - < X-Amz-Cf-Id: PY7jioUMhVmPCX50seYXe20sOEeZSLxrhwXApt2x92bf2248Q8Dkkg==
2023-03-27 13:59:46,637 - DEBUG - = connection is OPEN
2023-03-27 13:59:46,675 - DEBUG - > TEXT '[2, "6e9ecef1-b81f-48d9-9f6c-cb830755bdbc", "Bo...umber": "EVSCA070007"}]' [169 bytes]
2023-03-27 13:59:47,070 - DEBUG - < TEXT '[3, "6e9ecef1-b81f-48d9-9f6c-cb830755bdbc", {"s...46Z", "interval": 300}]' [123 bytes]
2023-03-27 13:59:47,101 - DEBUG - > TEXT '[2, "c4045551-ad6b-4ab6-8f9a-c8e4ff513cf7", "St..."status": "Available"}]' [132 bytes]
2023-03-27 13:59:47,469 - DEBUG - < TEXT '[3, "c4045551-ad6b-4ab6-8f9a-c8e4ff513cf7", {}]' [47 bytes]
2023-03-27 13:59:47,497 - DEBUG - > TEXT '[2, "c4045551-ad6b-4ab6-8f9a-c8e4ff513cf7", "Au...": "1031040000069641"}]' [87 bytes]
2023-03-27 13:59:47,878 - DEBUG - < TEXT '[3, "c4045551-ad6b-4ab6-8f9a-c8e4ff513cf7", {"i..."status": "Accepted"}}]' [82 bytes]
2023-03-27 13:59:47,912 - DEBUG - = connection is CLOSING
2023-03-27 13:59:47,912 - DEBUG - > CLOSE 1000 (OK) [2 bytes]
2023-03-27 13:59:47,920 - DEBUG - < CLOSE 1000 (OK) [2 bytes]
2023-03-27 13:59:47,928 - DEBUG - = connection is CLOSED
2023-03-27 13:59:58,595 - DEBUG - = connection is CONNECTING
2023-03-27 13:59:58,625 - DEBUG - > GET /ocpp16/ELA007C01/EVSCA070007 HTTP/1.1
2023-03-27 13:59:58,625 - DEBUG - > Host: ws.devevspcharger.uplus.co.kr
2023-03-27 13:59:58,626 - DEBUG - > Upgrade: websocket
2023-03-27 13:59:58,626 - DEBUG - > Connection: Upgrade
2023-03-27 13:59:58,626 - DEBUG - > Sec-WebSocket-Key: 3FjwKRFNAMYQLPJBvhJnwg==
2023-03-27 13:59:58,627 - DEBUG - > Sec-WebSocket-Version: 13
2023-03-27 13:59:58,627 - DEBUG - > Sec-WebSocket-Extensions: permessage-deflate; client_max_window_bits
2023-03-27 13:59:58,627 - DEBUG - > Sec-WebSocket-Protocol: ocpp1.6
2023-03-27 13:59:58,627 - DEBUG - > Authorization: Basic RVZBUjpFVkFSTEdV
2023-03-27 13:59:58,627 - DEBUG - > User-Agent: Python/3.11 websockets/10.4
2023-03-27 13:59:58,850 - DEBUG - < HTTP/1.1 101 Switching Protocols
2023-03-27 13:59:58,850 - DEBUG - < Connection: upgrade
2023-03-27 13:59:58,850 - DEBUG - < Date: Mon, 27 Mar 2023 04:59:58 GMT
2023-03-27 13:59:58,850 - DEBUG - < sec-websocket-protocol: ocpp1.6
2023-03-27 13:59:58,850 - DEBUG - < upgrade: websocket
2023-03-27 13:59:58,850 - DEBUG - < sec-websocket-accept: AmEXs987hgEa1aPdWvFichuA54M=
2023-03-27 13:59:58,850 - DEBUG - < sec-websocket-extensions: permessage-deflate
2023-03-27 13:59:58,850 - DEBUG - < X-Cache: Miss from cloudfront
2023-03-27 13:59:58,850 - DEBUG - < Via: 1.1 a252aeda8ec1e2b582ae9a32f7c8d544.cloudfront.net (CloudFront)
2023-03-27 13:59:58,850 - DEBUG - < X-Amz-Cf-Pop: ICN57-P2
2023-03-27 13:59:58,851 - DEBUG - < X-Amz-Cf-Id: uTu7fFMaCM38rAKIaTK-MulSoQ8CUDAfRTvCx0ymBq_xslIpFpXSkA==
2023-03-27 13:59:58,851 - DEBUG - = connection is OPEN
2023-03-27 13:59:58,896 - DEBUG - > TEXT '[2, "558f1447-c9b6-4451-b708-fc1b0c929980", "Bo...umber": "EVSCA070007"}]' [169 bytes]
2023-03-27 13:59:59,177 - DEBUG - < TEXT '[3, "558f1447-c9b6-4451-b708-fc1b0c929980", {"s...58Z", "interval": 300}]' [123 bytes]
2023-03-27 14:00:09,858 - DEBUG - < TEXT '[2, "20230327140009035", "RemoteStartTransactio...": "1031040000069641"}]' [398 bytes]
2023-03-27 14:00:09,906 - DEBUG - = connection is CLOSING
2023-03-27 14:00:09,907 - DEBUG - > CLOSE 1000 (OK) [2 bytes]
2023-03-27 14:00:09,916 - DEBUG - < CLOSE 1000 (OK) [2 bytes]
2023-03-27 14:00:09,921 - DEBUG - = connection is CLOSED
2023-03-27 14:06:18,183 - DEBUG - = connection is CONNECTING
2023-03-27 14:06:18,214 - DEBUG - > GET /ocpp16/ELA007C01/EVSCA070007 HTTP/1.1
2023-03-27 14:06:18,214 - DEBUG - > Host: ws.devevspcharger.uplus.co.kr
2023-03-27 14:06:18,215 - DEBUG - > Upgrade: websocket
2023-03-27 14:06:18,215 - DEBUG - > Connection: Upgrade
2023-03-27 14:06:18,215 - DEBUG - > Sec-WebSocket-Key: 0FNwa6ZV2kOqv3NNrrRLPQ==
2023-03-27 14:06:18,216 - DEBUG - > Sec-WebSocket-Version: 13
2023-03-27 14:06:18,216 - DEBUG - > Sec-WebSocket-Extensions: permessage-deflate; client_max_window_bits
2023-03-27 14:06:18,216 - DEBUG - > Sec-WebSocket-Protocol: ocpp1.6
2023-03-27 14:06:18,216 - DEBUG - > Authorization: Basic RVZBUjpFVkFSTEdV
2023-03-27 14:06:18,216 - DEBUG - > User-Agent: Python/3.11 websockets/10.4
2023-03-27 14:06:19,553 - DEBUG - < HTTP/1.1 101 Switching Protocols
2023-03-27 14:06:19,554 - DEBUG - < Connection: upgrade
2023-03-27 14:06:19,554 - DEBUG - < Date: Mon, 27 Mar 2023 05:06:19 GMT
2023-03-27 14:06:19,554 - DEBUG - < sec-websocket-protocol: ocpp1.6
2023-03-27 14:06:19,554 - DEBUG - < upgrade: websocket
2023-03-27 14:06:19,554 - DEBUG - < sec-websocket-accept: 0EgnrwzoLtIYqvupvaYvQPGkM4Y=
2023-03-27 14:06:19,554 - DEBUG - < sec-websocket-extensions: permessage-deflate
2023-03-27 14:06:19,554 - DEBUG - < X-Cache: Miss from cloudfront
2023-03-27 14:06:19,554 - DEBUG - < Via: 1.1 3c5e765ef2333ef04ef6f44a2b66ec12.cloudfront.net (CloudFront)
2023-03-27 14:06:19,554 - DEBUG - < X-Amz-Cf-Pop: ICN57-P2
2023-03-27 14:06:19,554 - DEBUG - < X-Amz-Cf-Id: I8jNHd9am3_HFMw56TUamx-kLJJ75o_5S_bLyZwW-jo-xAv1yim7LQ==
2023-03-27 14:06:19,555 - DEBUG - = connection is OPEN
2023-03-27 14:06:19,582 - DEBUG - > TEXT '[2, "56978fad-7a04-4440-8657-456759f57428", "Bo...umber": "EVSCA070007"}]' [169 bytes]
2023-03-27 14:06:19,824 - DEBUG - < TEXT '[3, "56978fad-7a04-4440-8657-456759f57428", {"s...19Z", "interval": 300}]' [123 bytes]
2023-03-27 14:06:19,857 - DEBUG - > TEXT '[2, "463f90ee-8f5b-4efb-9634-1273eb1f3e3e", "St..."status": "Available"}]' [132 bytes]
2023-03-27 14:06:20,041 - DEBUG - < TEXT '[3, "463f90ee-8f5b-4efb-9634-1273eb1f3e3e", {}]' [47 bytes]
2023-03-27 14:06:20,063 - DEBUG - > TEXT '[2, "9c42ca28-e007-4466-bc70-8cddce4c7646", "Au...": "1031040000069641"}]' [87 bytes]
2023-03-27 14:06:20,385 - DEBUG - < TEXT '[3, "9c42ca28-e007-4466-bc70-8cddce4c7646", {"i..."status": "Accepted"}}]' [82 bytes]
2023-03-27 14:06:20,403 - DEBUG - = connection is CLOSING
2023-03-27 14:06:20,404 - DEBUG - > CLOSE 1000 (OK) [2 bytes]
2023-03-27 14:06:20,411 - DEBUG - < CLOSE 1000 (OK) [2 bytes]
2023-03-27 14:06:20,420 - DEBUG - = connection is CLOSED
2023-03-27 14:09:47,359 - DEBUG - = connection is CONNECTING
2023-03-27 14:09:47,392 - DEBUG - > GET /ocpp16/ELA007C01/EVSCA070007 HTTP/1.1
2023-03-27 14:09:47,392 - DEBUG - > Host: ws.devevspcharger.uplus.co.kr
2023-03-27 14:09:47,393 - DEBUG - > Upgrade: websocket
2023-03-27 14:09:47,393 - DEBUG - > Connection: Upgrade
2023-03-27 14:09:47,393 - DEBUG - > Sec-WebSocket-Key: 4/VCD9vxatIAH0wJkyKxZw==
2023-03-27 14:09:47,393 - DEBUG - > Sec-WebSocket-Version: 13
2023-03-27 14:09:47,393 - DEBUG - > Sec-WebSocket-Extensions: permessage-deflate; client_max_window_bits
2023-03-27 14:09:47,393 - DEBUG - > Sec-WebSocket-Protocol: ocpp1.6
2023-03-27 14:09:47,393 - DEBUG - > Authorization: Basic RVZBUjpFVkFSTEdV
2023-03-27 14:09:47,393 - DEBUG - > User-Agent: Python/3.11 websockets/10.4
2023-03-27 14:09:48,787 - DEBUG - < HTTP/1.1 101 Switching Protocols
2023-03-27 14:09:48,787 - DEBUG - < Connection: upgrade
2023-03-27 14:09:48,787 - DEBUG - < Date: Mon, 27 Mar 2023 05:09:48 GMT
2023-03-27 14:09:48,787 - DEBUG - < sec-websocket-protocol: ocpp1.6
2023-03-27 14:09:48,787 - DEBUG - < upgrade: websocket
2023-03-27 14:09:48,788 - DEBUG - < sec-websocket-accept: qLSjY4YrTnF0mpcXncRhZGQiBIE=
2023-03-27 14:09:48,788 - DEBUG - < sec-websocket-extensions: permessage-deflate
2023-03-27 14:09:48,788 - DEBUG - < X-Cache: Miss from cloudfront
2023-03-27 14:09:48,788 - DEBUG - < Via: 1.1 3c5e765ef2333ef04ef6f44a2b66ec12.cloudfront.net (CloudFront)
2023-03-27 14:09:48,788 - DEBUG - < X-Amz-Cf-Pop: ICN57-P2
2023-03-27 14:09:48,788 - DEBUG - < X-Amz-Cf-Id: 2GD8f5MNIXFnEKIgPcrvxXA2smooOx9dN5SuX9XeyaM4wwxXcaD1gA==
2023-03-27 14:09:48,788 - DEBUG - = connection is OPEN
2023-03-27 14:09:48,828 - DEBUG - > TEXT '[2, "f55ea2d4-28a8-4ab2-9569-25002062d297", "Bo...umber": "EVSCA070007"}]' [169 bytes]
2023-03-27 14:09:49,227 - DEBUG - < TEXT '[3, "f55ea2d4-28a8-4ab2-9569-25002062d297", {"s...48Z", "interval": 300}]' [123 bytes]
2023-03-27 14:10:08,802 - DEBUG - % sending keepalive ping
2023-03-27 14:10:08,802 - DEBUG - > PING a9 0a f7 b0 [binary, 4 bytes]
2023-03-27 14:10:08,810 - DEBUG - < PONG a9 0a f7 b0 [binary, 4 bytes]
2023-03-27 14:10:08,817 - DEBUG - % received keepalive pong
2023-03-27 14:10:22,035 - DEBUG - < TEXT '[2, "20230327141020683", "RemoteStartTransactio...": "1031040000069641"}]' [398 bytes]
2023-03-27 14:10:22,097 - DEBUG - = connection is CLOSING
2023-03-27 14:10:22,097 - DEBUG - > CLOSE 1000 (OK) [2 bytes]
2023-03-27 14:10:22,108 - DEBUG - < CLOSE 1000 (OK) [2 bytes]
2023-03-27 14:10:22,113 - DEBUG - = connection is CLOSED
2023-03-27 14:11:45,057 - DEBUG - = connection is CONNECTING
2023-03-27 14:11:45,089 - DEBUG - > GET /ocpp16/ELA007C01/EVSCA070007 HTTP/1.1
2023-03-27 14:11:45,089 - DEBUG - > Host: ws.devevspcharger.uplus.co.kr
2023-03-27 14:11:45,090 - DEBUG - > Upgrade: websocket
2023-03-27 14:11:45,090 - DEBUG - > Connection: Upgrade
2023-03-27 14:11:45,090 - DEBUG - > Sec-WebSocket-Key: kwjARDLxMGjacgRQkhB+6w==
2023-03-27 14:11:45,090 - DEBUG - > Sec-WebSocket-Version: 13
2023-03-27 14:11:45,090 - DEBUG - > Sec-WebSocket-Extensions: permessage-deflate; client_max_window_bits
2023-03-27 14:11:45,091 - DEBUG - > Sec-WebSocket-Protocol: ocpp1.6
2023-03-27 14:11:45,091 - DEBUG - > Authorization: Basic RVZBUjpFVkFSTEdV
2023-03-27 14:11:45,092 - DEBUG - > User-Agent: Python/3.11 websockets/10.4
2023-03-27 14:11:45,650 - DEBUG - < HTTP/1.1 101 Switching Protocols
2023-03-27 14:11:45,650 - DEBUG - < Connection: upgrade
2023-03-27 14:11:45,651 - DEBUG - < Date: Mon, 27 Mar 2023 05:11:45 GMT
2023-03-27 14:11:45,651 - DEBUG - < sec-websocket-protocol: ocpp1.6
2023-03-27 14:11:45,651 - DEBUG - < upgrade: websocket
2023-03-27 14:11:45,651 - DEBUG - < sec-websocket-accept: Ub5cslLLJ9MczL46AWOq0/fq2oo=
2023-03-27 14:11:45,651 - DEBUG - < sec-websocket-extensions: permessage-deflate
2023-03-27 14:11:45,651 - DEBUG - < X-Cache: Miss from cloudfront
2023-03-27 14:11:45,651 - DEBUG - < Via: 1.1 d21d7f64d4ce2d8fcbb5fbee217cca5a.cloudfront.net (CloudFront)
2023-03-27 14:11:45,651 - DEBUG - < X-Amz-Cf-Pop: ICN57-P2
2023-03-27 14:11:45,651 - DEBUG - < X-Amz-Cf-Id: kt1Cp719NAUpV_IttRgR1_08pK6Ju2AY_1rRtFe8iFdas9k_XrkFbw==
2023-03-27 14:11:45,652 - DEBUG - = connection is OPEN
2023-03-27 14:11:45,711 - DEBUG - > TEXT '[2, "c65668b7-6119-4ae0-b7ee-9c83dabfd20d", "Bo...umber": "EVSCA070007"}]' [169 bytes]
2023-03-27 14:11:45,951 - DEBUG - < TEXT '[3, "c65668b7-6119-4ae0-b7ee-9c83dabfd20d", {"s...45Z", "interval": 300}]' [123 bytes]
2023-03-27 14:11:45,979 - DEBUG - > TEXT '[2, "4cca8b16-466d-4ee7-8453-e348148728dc", "St..."status": "Available"}]' [132 bytes]
2023-03-27 14:11:46,173 - DEBUG - < TEXT '[3, "4cca8b16-466d-4ee7-8453-e348148728dc", {}]' [47 bytes]
2023-03-27 14:11:46,198 - DEBUG - > TEXT '[2, "63b4e585-31cf-4d58-afae-6467430f8133", "Au...": "1031040000069641"}]' [87 bytes]
2023-03-27 14:11:46,453 - DEBUG - < TEXT '[3, "63b4e585-31cf-4d58-afae-6467430f8133", {"i..."status": "Accepted"}}]' [82 bytes]
2023-03-27 14:11:46,473 - DEBUG - = connection is CLOSING
2023-03-27 14:11:46,473 - DEBUG - > CLOSE 1000 (OK) [2 bytes]
2023-03-27 14:11:46,481 - DEBUG - < CLOSE 1000 (OK) [2 bytes]
2023-03-27 14:11:46,486 - DEBUG - = connection is CLOSED
2023-03-27 14:11:50,010 - DEBUG - = connection is CONNECTING
2023-03-27 14:11:50,046 - DEBUG - > GET /ocpp16/ELA007C01/EVSCA070007 HTTP/1.1
2023-03-27 14:11:50,046 - DEBUG - > Host: ws.devevspcharger.uplus.co.kr
2023-03-27 14:11:50,046 - DEBUG - > Upgrade: websocket
2023-03-27 14:11:50,047 - DEBUG - > Connection: Upgrade
2023-03-27 14:11:50,047 - DEBUG - > Sec-WebSocket-Key: A26cBkie1r/B5xBykq8udg==
2023-03-27 14:11:50,047 - DEBUG - > Sec-WebSocket-Version: 13
2023-03-27 14:11:50,047 - DEBUG - > Sec-WebSocket-Extensions: permessage-deflate; client_max_window_bits
2023-03-27 14:11:50,047 - DEBUG - > Sec-WebSocket-Protocol: ocpp1.6
2023-03-27 14:11:50,047 - DEBUG - > Authorization: Basic RVZBUjpFVkFSTEdV
2023-03-27 14:11:50,047 - DEBUG - > User-Agent: Python/3.11 websockets/10.4
2023-03-27 14:11:50,269 - DEBUG - < HTTP/1.1 101 Switching Protocols
2023-03-27 14:11:50,269 - DEBUG - < Connection: upgrade
2023-03-27 14:11:50,269 - DEBUG - < Date: Mon, 27 Mar 2023 05:11:49 GMT
2023-03-27 14:11:50,269 - DEBUG - < sec-websocket-protocol: ocpp1.6
2023-03-27 14:11:50,269 - DEBUG - < upgrade: websocket
2023-03-27 14:11:50,269 - DEBUG - < sec-websocket-accept: RSZwWeYFbPrwyroHGs12y3QOkQI=
2023-03-27 14:11:50,270 - DEBUG - < sec-websocket-extensions: permessage-deflate
2023-03-27 14:11:50,270 - DEBUG - < X-Cache: Miss from cloudfront
2023-03-27 14:11:50,270 - DEBUG - < Via: 1.1 398e2e4101ed255d172b5d628fa36f5c.cloudfront.net (CloudFront)
2023-03-27 14:11:50,270 - DEBUG - < X-Amz-Cf-Pop: ICN57-P2
2023-03-27 14:11:50,270 - DEBUG - < X-Amz-Cf-Id: Sj3421QdGLfHzb1c5FGCpB4JjnKjCa77U4VhpTXUPDU6nXIdlqQ3cA==
2023-03-27 14:11:50,270 - DEBUG - = connection is OPEN
2023-03-27 14:11:50,330 - DEBUG - > TEXT '[2, "7081ccc2-feae-449a-88e7-0859d2ca6792", "Bo...umber": "EVSCA070007"}]' [169 bytes]
2023-03-27 14:11:50,547 - DEBUG - < TEXT '[3, "7081ccc2-feae-449a-88e7-0859d2ca6792", {"s...50Z", "interval": 300}]' [123 bytes]
2023-03-27 14:12:09,561 - DEBUG - < TEXT '[2, "20230327141208915", "RemoteStartTransactio...": "1031040000069641"}]' [391 bytes]
2023-03-27 14:12:09,598 - DEBUG - > TEXT '[3, "20230327141208915", {"status": "Accepted"}]' [48 bytes]
2023-03-27 14:12:09,883 - DEBUG - < TEXT '{"reqUrl": "RemoteStartTransaction"}' [36 bytes]
2023-03-27 14:12:09,903 - DEBUG - > TEXT '[2, "8950d52c-7559-4163-b38d-9b732a18f930", "Au...": "1031040000069641"}]' [87 bytes]
2023-03-27 14:12:10,171 - DEBUG - < TEXT '[3, "8950d52c-7559-4163-b38d-9b732a18f930", {"i..."status": "Accepted"}}]' [82 bytes]
2023-03-27 14:12:10,197 - DEBUG - > TEXT '[2, "248c1135-a21b-47d6-9198-68ac230cae36", "St..."status": "Preparing"}]' [132 bytes]
2023-03-27 14:12:10,266 - DEBUG - % sending keepalive ping
2023-03-27 14:12:10,267 - DEBUG - > PING 99 f3 ea ea [binary, 4 bytes]
2023-03-27 14:12:10,274 - DEBUG - < PONG 99 f3 ea ea [binary, 4 bytes]
2023-03-27 14:12:10,278 - DEBUG - % received keepalive pong
2023-03-27 14:12:10,436 - DEBUG - < TEXT '[3, "248c1135-a21b-47d6-9198-68ac230cae36", {}]' [47 bytes]
2023-03-27 14:12:10,456 - DEBUG - > TEXT '[2, "cfdcc259-d5d6-44a6-9c5b-16f9c75efba8", "St...2023-03-27T13:44:41Z"}]' [170 bytes]
2023-03-27 14:12:10,828 - DEBUG - < TEXT '[3, "cfdcc259-d5d6-44a6-9c5b-16f9c75efba8", {"t..."status": "Accepted"}}]' [110 bytes]
2023-03-27 14:12:10,848 - DEBUG - > TEXT '[2, "546ceaca-bacd-4981-82a2-dff861dcd760", "St... "status": "Charging"}]' [131 bytes]
2023-03-27 14:12:11,050 - DEBUG - < TEXT '[3, "546ceaca-bacd-4981-82a2-dff861dcd760", {}]' [47 bytes]
2023-03-27 14:12:30,272 - DEBUG - % sending keepalive ping
2023-03-27 14:12:30,273 - DEBUG - > PING a9 b7 0c e4 [binary, 4 bytes]
2023-03-27 14:12:30,280 - DEBUG - < PONG a9 b7 0c e4 [binary, 4 bytes]
2023-03-27 14:12:30,283 - DEBUG - % received keepalive pong
2023-03-27 14:12:50,275 - DEBUG - % sending keepalive ping
2023-03-27 14:12:50,275 - DEBUG - > PING '<\u065b+' [text, 4 bytes]
2023-03-27 14:12:50,321 - DEBUG - < PONG '<\u065b+' [text, 4 bytes]
2023-03-27 14:12:50,324 - DEBUG - % received keepalive pong
2023-03-27 14:13:10,318 - DEBUG - % sending keepalive ping
2023-03-27 14:13:10,318 - DEBUG - > PING 76 ab 96 aa [binary, 4 bytes]
2023-03-27 14:13:10,326 - DEBUG - < PONG 76 ab 96 aa [binary, 4 bytes]
2023-03-27 14:13:10,329 - DEBUG - % received keepalive pong
2023-03-27 14:13:30,319 - DEBUG - % sending keepalive ping
2023-03-27 14:13:30,319 - DEBUG - > PING 54 da 13 1c [binary, 4 bytes]
2023-03-27 14:13:30,327 - DEBUG - < PONG 54 da 13 1c [binary, 4 bytes]
2023-03-27 14:13:30,329 - DEBUG - % received keepalive pong
2023-03-27 14:13:50,317 - DEBUG - % sending keepalive ping
2023-03-27 14:13:50,318 - DEBUG - > PING e0 fe 9e 2c [binary, 4 bytes]
2023-03-27 14:13:50,325 - DEBUG - < PONG e0 fe 9e 2c [binary, 4 bytes]
2023-03-27 14:13:50,329 - DEBUG - % received keepalive pong
2023-03-27 14:14:10,318 - DEBUG - % sending keepalive ping
2023-03-27 14:14:10,318 - DEBUG - > PING a1 5b c2 d2 [binary, 4 bytes]
2023-03-27 14:14:10,326 - DEBUG - < PONG a1 5b c2 d2 [binary, 4 bytes]
2023-03-27 14:14:10,329 - DEBUG - % received keepalive pong
2023-03-27 14:14:30,309 - DEBUG - % sending keepalive ping
2023-03-27 14:14:30,309 - DEBUG - > PING 76 89 79 da [binary, 4 bytes]
2023-03-27 14:14:30,317 - DEBUG - < PONG 76 89 79 da [binary, 4 bytes]
2023-03-27 14:14:30,319 - DEBUG - % received keepalive pong
2023-03-27 14:14:50,313 - DEBUG - % sending keepalive ping
2023-03-27 14:14:50,313 - DEBUG - > PING 01 7e ee ad [binary, 4 bytes]
2023-03-27 14:14:50,320 - DEBUG - < PONG 01 7e ee ad [binary, 4 bytes]
2023-03-27 14:14:50,325 - DEBUG - % received keepalive pong
2023-03-27 14:15:10,313 - DEBUG - % sending keepalive ping
2023-03-27 14:15:10,314 - DEBUG - > PING af 35 2a 15 [binary, 4 bytes]
2023-03-27 14:15:10,323 - DEBUG - < PONG af 35 2a 15 [binary, 4 bytes]
2023-03-27 14:15:10,329 - DEBUG - % received keepalive pong
2023-03-27 14:15:30,312 - DEBUG - % sending keepalive ping
2023-03-27 14:15:30,313 - DEBUG - > PING 63 c6 55 74 [binary, 4 bytes]
2023-03-27 14:15:30,320 - DEBUG - < PONG 63 c6 55 74 [binary, 4 bytes]
2023-03-27 14:15:30,323 - DEBUG - % received keepalive pong
2023-03-27 14:15:50,315 - DEBUG - % sending keepalive ping
2023-03-27 14:15:50,315 - DEBUG - > PING d4 2e 25 de [binary, 4 bytes]
2023-03-27 14:15:50,322 - DEBUG - < PONG d4 2e 25 de [binary, 4 bytes]
2023-03-27 14:15:50,326 - DEBUG - % received keepalive pong
2023-03-27 14:16:10,313 - DEBUG - % sending keepalive ping
2023-03-27 14:16:10,313 - DEBUG - > PING a0 7e 22 9b [binary, 4 bytes]
2023-03-27 14:16:10,321 - DEBUG - < PONG a0 7e 22 9b [binary, 4 bytes]
2023-03-27 14:16:10,324 - DEBUG - % received keepalive pong
2023-03-27 14:16:30,310 - DEBUG - % sending keepalive ping
2023-03-27 14:16:30,310 - DEBUG - > PING fb 44 d8 e2 [binary, 4 bytes]
2023-03-27 14:16:30,319 - DEBUG - < PONG fb 44 d8 e2 [binary, 4 bytes]
2023-03-27 14:16:30,325 - DEBUG - % received keepalive pong
2023-03-27 14:16:50,309 - DEBUG - % sending keepalive ping
2023-03-27 14:16:50,309 - DEBUG - > PING 5f 2a ee f6 [binary, 4 bytes]
2023-03-27 14:16:50,317 - DEBUG - < PONG 5f 2a ee f6 [binary, 4 bytes]
2023-03-27 14:16:50,321 - DEBUG - % received keepalive pong
2023-03-27 14:42:00,310 - DEBUG - = connection is CONNECTING
2023-03-27 14:42:00,371 - DEBUG - > GET /ocpp16/ELA007C01/EVSCA070007 HTTP/1.1
2023-03-27 14:42:00,372 - DEBUG - > Host: ws.devevspcharger.uplus.co.kr
2023-03-27 14:42:00,372 - DEBUG - > Upgrade: websocket
2023-03-27 14:42:00,372 - DEBUG - > Connection: Upgrade
2023-03-27 14:42:00,372 - DEBUG - > Sec-WebSocket-Key: 5lNLaBwG9IX9cW0Q1OQa+A==
2023-03-27 14:42:00,372 - DEBUG - > Sec-WebSocket-Version: 13
2023-03-27 14:42:00,372 - DEBUG - > Sec-WebSocket-Extensions: permessage-deflate; client_max_window_bits
2023-03-27 14:42:00,372 - DEBUG - > Sec-WebSocket-Protocol: ocpp1.6
2023-03-27 14:42:00,372 - DEBUG - > Authorization: Basic RVZBUjpFVkFSTEdV
2023-03-27 14:42:00,372 - DEBUG - > User-Agent: Python/3.11 websockets/10.4
2023-03-27 14:42:00,984 - DEBUG - < HTTP/1.1 101 Switching Protocols
2023-03-27 14:42:00,984 - DEBUG - < Connection: upgrade
2023-03-27 14:42:00,985 - DEBUG - < Date: Mon, 27 Mar 2023 05:42:00 GMT
2023-03-27 14:42:00,985 - DEBUG - < sec-websocket-protocol: ocpp1.6
2023-03-27 14:42:00,985 - DEBUG - < upgrade: websocket
2023-03-27 14:42:00,985 - DEBUG - < sec-websocket-accept: h3E1UzTMuJWJtp2mX0+OhcJ7AMg=
2023-03-27 14:42:00,985 - DEBUG - < sec-websocket-extensions: permessage-deflate
2023-03-27 14:42:00,985 - DEBUG - < X-Cache: Miss from cloudfront
2023-03-27 14:42:00,985 - DEBUG - < Via: 1.1 3ced0108f56d0634c19ad34e6b299e80.cloudfront.net (CloudFront)
2023-03-27 14:42:00,985 - DEBUG - < X-Amz-Cf-Pop: ICN57-P2
2023-03-27 14:42:00,985 - DEBUG - < X-Amz-Cf-Id: lFuSuh1262llydtdSM_XEQZ8LLyzDDXIklwH46eri8eIPhjvFDaMaA==
2023-03-27 14:42:00,986 - DEBUG - = connection is OPEN
2023-03-27 14:42:01,016 - DEBUG - > TEXT '[2, "12f71169-1d26-4647-ac99-31d915ea3df5", "Bo...umber": "EVSCA070007"}]' [169 bytes]
2023-03-27 14:42:01,292 - DEBUG - < TEXT '[3, "12f71169-1d26-4647-ac99-31d915ea3df5", {"s...00Z", "interval": 300}]' [123 bytes]
2023-03-27 14:42:01,393 - DEBUG - Starting new HTTPS connection (1): 8b434254zg.execute-api.ap-northeast-2.amazonaws.com:443
2023-03-27 14:42:02,771 - DEBUG - https://8b434254zg.execute-api.ap-northeast-2.amazonaws.com:443 "POST /dev/ioc HTTP/1.1" 200 167
2023-03-27 14:42:02,791 - DEBUG - < TEXT '[2, "30e9d0f1-53e1-428b-b94f-56653002c0be", "Ch...nId", "value": "true"}]' [122 bytes]
2023-03-27 14:42:02,802 - DEBUG - > TEXT '[3, "30e9d0f1-53e1-428b-b94f-56653002c0be", {"status": "Accepted"}]' [67 bytes]
2023-03-27 14:42:03,281 - DEBUG - < TEXT '{}' [2 bytes]
2023-03-27 14:42:03,335 - DEBUG - Starting new HTTPS connection (1): 8b434254zg.execute-api.ap-northeast-2.amazonaws.com:443
2023-03-27 14:42:03,727 - DEBUG - https://8b434254zg.execute-api.ap-northeast-2.amazonaws.com:443 "POST /dev/ioc HTTP/1.1" 200 162
2023-03-27 14:42:03,753 - DEBUG - < TEXT '[2, "cfb97fe8-6865-4c2c-890d-6a5b789d0c56", "Ch...ine", "value": "true"}]' [117 bytes]
2023-03-27 14:42:03,792 - DEBUG - > TEXT '[3, "cfb97fe8-6865-4c2c-890d-6a5b789d0c56", {"status": "Accepted"}]' [67 bytes]
2023-03-27 14:42:03,970 - DEBUG - < TEXT '{}' [2 bytes]
2023-03-27 14:42:04,025 - DEBUG - Starting new HTTPS connection (1): 8b434254zg.execute-api.ap-northeast-2.amazonaws.com:443
2023-03-27 14:42:04,397 - DEBUG - https://8b434254zg.execute-api.ap-northeast-2.amazonaws.com:443 "POST /dev/ioc HTTP/1.1" 200 106
2023-03-27 14:42:04,416 - DEBUG - < TEXT '[2, "b5746c45-f917-4c7c-8a42-5d2de21fb662", "ClearCache", {}]' [61 bytes]
2023-03-27 14:42:04,440 - DEBUG - > TEXT '[3, "b5746c45-f917-4c7c-8a42-5d2de21fb662", {"status": "Accepted"}]' [67 bytes]
2023-03-27 14:42:04,636 - DEBUG - < TEXT '{}' [2 bytes]
2023-03-27 14:42:04,659 - DEBUG - > TEXT '[2, "6e3bcd4e-767b-41ed-a937-06f65d8c6082", "St...2023-03-27T14:42:00Z"}]' [154 bytes]
2023-03-27 14:42:04,901 - DEBUG - < TEXT '[4, "6e3bcd4e-767b-41ed-a937-06f65d8c6082", {"e...ccurence constraints"}]' [219 bytes]
2023-03-27 14:42:04,946 - DEBUG - = connection is CLOSING
2023-03-27 14:42:04,947 - DEBUG - > CLOSE 1000 (OK) [2 bytes]
2023-03-27 14:42:04,953 - DEBUG - < CLOSE 1000 (OK) [2 bytes]
2023-03-27 14:42:04,956 - DEBUG - = connection is CLOSED
2023-03-27 14:42:27,382 - DEBUG - = connection is CONNECTING
2023-03-27 14:42:27,411 - DEBUG - > GET /ocpp16/ELA007C01/EVSCA070007 HTTP/1.1
2023-03-27 14:42:27,412 - DEBUG - > Host: ws.devevspcharger.uplus.co.kr
2023-03-27 14:42:27,412 - DEBUG - > Upgrade: websocket
2023-03-27 14:42:27,412 - DEBUG - > Connection: Upgrade
2023-03-27 14:42:27,412 - DEBUG - > Sec-WebSocket-Key: JBZXYiA2N0CO6pj5K363Yw==
2023-03-27 14:42:27,412 - DEBUG - > Sec-WebSocket-Version: 13
2023-03-27 14:42:27,412 - DEBUG - > Sec-WebSocket-Extensions: permessage-deflate; client_max_window_bits
2023-03-27 14:42:27,412 - DEBUG - > Sec-WebSocket-Protocol: ocpp1.6
2023-03-27 14:42:27,412 - DEBUG - > Authorization: Basic RVZBUjpFVkFSTEdV
2023-03-27 14:42:27,412 - DEBUG - > User-Agent: Python/3.11 websockets/10.4
2023-03-27 14:42:27,705 - DEBUG - < HTTP/1.1 101 Switching Protocols
2023-03-27 14:42:27,705 - DEBUG - < Connection: upgrade
2023-03-27 14:42:27,705 - DEBUG - < Date: Mon, 27 Mar 2023 05:42:27 GMT
2023-03-27 14:42:27,705 - DEBUG - < sec-websocket-protocol: ocpp1.6
2023-03-27 14:42:27,705 - DEBUG - < upgrade: websocket
2023-03-27 14:42:27,706 - DEBUG - < sec-websocket-accept: 7A9zRskQgUlZTN6BgHPNxQJv1dU=
2023-03-27 14:42:27,706 - DEBUG - < sec-websocket-extensions: permessage-deflate
2023-03-27 14:42:27,706 - DEBUG - < X-Cache: Miss from cloudfront
2023-03-27 14:42:27,706 - DEBUG - < Via: 1.1 1c31b550dc04cf34ff9053b76a7eecc4.cloudfront.net (CloudFront)
2023-03-27 14:42:27,706 - DEBUG - < X-Amz-Cf-Pop: ICN57-P2
2023-03-27 14:42:27,706 - DEBUG - < X-Amz-Cf-Id: OPPe7rZAWcAYMXc7VjaP_ma-idHBJjY2EE8rriKiiuMD4wReij3Whw==
2023-03-27 14:42:27,706 - DEBUG - = connection is OPEN
2023-03-27 14:42:27,742 - DEBUG - > TEXT '[2, "761cc84a-bc47-43a4-999b-b063b395c4bb", "Bo...umber": "EVSCA070007"}]' [169 bytes]
2023-03-27 14:42:27,972 - DEBUG - < TEXT '[3, "761cc84a-bc47-43a4-999b-b063b395c4bb", {"s...27Z", "interval": 300}]' [123 bytes]
2023-03-27 14:42:28,030 - DEBUG - Starting new HTTPS connection (1): 8b434254zg.execute-api.ap-northeast-2.amazonaws.com:443
2023-03-27 14:42:28,411 - DEBUG - https://8b434254zg.execute-api.ap-northeast-2.amazonaws.com:443 "POST /dev/ioc HTTP/1.1" 200 167
2023-03-27 14:42:28,431 - DEBUG - < TEXT '[2, "23ed67b3-fdb1-465c-873b-c3d81052b9d9", "Ch...nId", "value": "true"}]' [122 bytes]
2023-03-27 14:42:28,450 - DEBUG - > TEXT '[3, "23ed67b3-fdb1-465c-873b-c3d81052b9d9", {"status": "Accepted"}]' [67 bytes]
2023-03-27 14:42:28,650 - DEBUG - < TEXT '{}' [2 bytes]
2023-03-27 14:42:28,703 - DEBUG - Starting new HTTPS connection (1): 8b434254zg.execute-api.ap-northeast-2.amazonaws.com:443
2023-03-27 14:42:29,069 - DEBUG - https://8b434254zg.execute-api.ap-northeast-2.amazonaws.com:443 "POST /dev/ioc HTTP/1.1" 200 162
2023-03-27 14:42:29,089 - DEBUG - < TEXT '[2, "18967325-a254-41d8-896b-ddb3dedb04da", "Ch...ine", "value": "true"}]' [117 bytes]
2023-03-27 14:42:29,110 - DEBUG - > TEXT '[3, "18967325-a254-41d8-896b-ddb3dedb04da", {"status": "Accepted"}]' [67 bytes]
2023-03-27 14:42:29,306 - DEBUG - < TEXT '{}' [2 bytes]
2023-03-27 14:42:29,380 - DEBUG - Starting new HTTPS connection (1): 8b434254zg.execute-api.ap-northeast-2.amazonaws.com:443
2023-03-27 14:42:29,808 - DEBUG - https://8b434254zg.execute-api.ap-northeast-2.amazonaws.com:443 "POST /dev/ioc HTTP/1.1" 200 106
2023-03-27 14:42:29,827 - DEBUG - < TEXT '[2, "fe6e5105-7a3b-4063-8eec-1b615830d65d", "ClearCache", {}]' [61 bytes]
2023-03-27 14:42:29,846 - DEBUG - > TEXT '[3, "fe6e5105-7a3b-4063-8eec-1b615830d65d", {"status": "Accepted"}]' [67 bytes]
2023-03-27 14:42:30,035 - DEBUG - < TEXT '{}' [2 bytes]
2023-03-27 14:42:30,064 - DEBUG - > TEXT '[2, "6e27b7de-e115-4510-810e-4ed5715ae25d", "St...2023-03-27T14:42:00Z"}]' [154 bytes]
2023-03-27 14:42:30,304 - DEBUG - < TEXT '[4, "6e27b7de-e115-4510-810e-4ed5715ae25d", {"e...ccurence constraints"}]' [219 bytes]
2023-03-27 14:42:30,351 - DEBUG - = connection is CLOSING
2023-03-27 14:42:30,351 - DEBUG - > CLOSE 1000 (OK) [2 bytes]
2023-03-27 14:42:30,361 - DEBUG - < CLOSE 1000 (OK) [2 bytes]
2023-03-27 14:42:30,364 - DEBUG - = connection is CLOSED
2023-03-27 14:43:42,083 - DEBUG - = connection is CONNECTING
2023-03-27 14:43:42,111 - DEBUG - > GET /ocpp16/ELA007C01/EVSCA070007 HTTP/1.1
2023-03-27 14:43:42,111 - DEBUG - > Host: ws.devevspcharger.uplus.co.kr
2023-03-27 14:43:42,111 - DEBUG - > Upgrade: websocket
2023-03-27 14:43:42,111 - DEBUG - > Connection: Upgrade
2023-03-27 14:43:42,111 - DEBUG - > Sec-WebSocket-Key: lHmVspPwlIbpQuikdPRc6w==
2023-03-27 14:43:42,111 - DEBUG - > Sec-WebSocket-Version: 13
2023-03-27 14:43:42,113 - DEBUG - > Sec-WebSocket-Extensions: permessage-deflate; client_max_window_bits
2023-03-27 14:43:42,113 - DEBUG - > Sec-WebSocket-Protocol: ocpp1.6
2023-03-27 14:43:42,113 - DEBUG - > Authorization: Basic RVZBUjpFVkFSTEdV
2023-03-27 14:43:42,113 - DEBUG - > User-Agent: Python/3.11 websockets/10.4
2023-03-27 14:43:42,606 - DEBUG - < HTTP/1.1 101 Switching Protocols
2023-03-27 14:43:42,606 - DEBUG - < Connection: upgrade
2023-03-27 14:43:42,607 - DEBUG - < Date: Mon, 27 Mar 2023 05:43:42 GMT
2023-03-27 14:43:42,607 - DEBUG - < sec-websocket-protocol: ocpp1.6
2023-03-27 14:43:42,607 - DEBUG - < upgrade: websocket
2023-03-27 14:43:42,607 - DEBUG - < sec-websocket-accept: ScCBBTbfHxU1MlqwnPRP199+FZc=
2023-03-27 14:43:42,607 - DEBUG - < sec-websocket-extensions: permessage-deflate
2023-03-27 14:43:42,607 - DEBUG - < X-Cache: Miss from cloudfront
2023-03-27 14:43:42,607 - DEBUG - < Via: 1.1 8cd680512056914f119efae770348786.cloudfront.net (CloudFront)
2023-03-27 14:43:42,607 - DEBUG - < X-Amz-Cf-Pop: ICN57-P2
2023-03-27 14:43:42,607 - DEBUG - < X-Amz-Cf-Id: Za-jDoROPC3SbhCIiJnVAlhPhhyzBPSzLJ71WqKpPyNUTQbcqVNorQ==
2023-03-27 14:43:42,607 - DEBUG - = connection is OPEN
2023-03-27 14:43:42,649 - DEBUG - > TEXT '[2, "88583807-e12d-4be2-8ec3-4e3a8a551d15", "Bo...umber": "EVSCA070007"}]' [169 bytes]
2023-03-27 14:43:43,089 - DEBUG - < TEXT '[3, "88583807-e12d-4be2-8ec3-4e3a8a551d15", {"s...42Z", "interval": 300}]' [123 bytes]
2023-03-27 14:43:43,124 - DEBUG - > TEXT '[2, "e7227a7d-5dfd-41cb-8c7a-c1e834aec879", "St..."status": "Available"}]' [132 bytes]
2023-03-27 14:43:43,394 - DEBUG - < TEXT '[3, "e7227a7d-5dfd-41cb-8c7a-c1e834aec879", {}]' [47 bytes]
2023-03-27 14:43:43,424 - DEBUG - > TEXT '[2, "e7227a7d-5dfd-41cb-8c7a-c1e834aec879", "Au...": "1031040000069641"}]' [87 bytes]
2023-03-27 14:43:43,759 - DEBUG - < TEXT '[3, "e7227a7d-5dfd-41cb-8c7a-c1e834aec879", {"i..."status": "Accepted"}}]' [82 bytes]
2023-03-27 14:43:43,784 - DEBUG - = connection is CLOSING
2023-03-27 14:43:43,784 - DEBUG - > CLOSE 1000 (OK) [2 bytes]
2023-03-27 14:43:43,793 - DEBUG - < CLOSE 1000 (OK) [2 bytes]
2023-03-27 14:43:43,796 - DEBUG - = connection is CLOSED
2023-03-27 14:43:49,046 - DEBUG - = connection is CONNECTING
2023-03-27 14:43:49,082 - DEBUG - > GET /ocpp16/ELA007C01/EVSCA070007 HTTP/1.1
2023-03-27 14:43:49,083 - DEBUG - > Host: ws.devevspcharger.uplus.co.kr
2023-03-27 14:43:49,084 - DEBUG - > Upgrade: websocket
2023-03-27 14:43:49,084 - DEBUG - > Connection: Upgrade
2023-03-27 14:43:49,084 - DEBUG - > Sec-WebSocket-Key: LjaxQBgjrMNXfbMhd7ydFQ==
2023-03-27 14:43:49,084 - DEBUG - > Sec-WebSocket-Version: 13
2023-03-27 14:43:49,084 - DEBUG - > Sec-WebSocket-Extensions: permessage-deflate; client_max_window_bits
2023-03-27 14:43:49,084 - DEBUG - > Sec-WebSocket-Protocol: ocpp1.6
2023-03-27 14:43:49,085 - DEBUG - > Authorization: Basic RVZBUjpFVkFSTEdV
2023-03-27 14:43:49,085 - DEBUG - > User-Agent: Python/3.11 websockets/10.4
2023-03-27 14:43:49,344 - DEBUG - < HTTP/1.1 101 Switching Protocols
2023-03-27 14:43:49,344 - DEBUG - < Connection: upgrade
2023-03-27 14:43:49,344 - DEBUG - < Date: Mon, 27 Mar 2023 05:43:48 GMT
2023-03-27 14:43:49,345 - DEBUG - < sec-websocket-protocol: ocpp1.6
2023-03-27 14:43:49,345 - DEBUG - < upgrade: websocket
2023-03-27 14:43:49,345 - DEBUG - < sec-websocket-accept: yl91mWfHHf9QJKZxFHyufzuCd+w=
2023-03-27 14:43:49,345 - DEBUG - < sec-websocket-extensions: permessage-deflate
2023-03-27 14:43:49,345 - DEBUG - < X-Cache: Miss from cloudfront
2023-03-27 14:43:49,345 - DEBUG - < Via: 1.1 3509c763b14d58840ad09e1097a1e54c.cloudfront.net (CloudFront)
2023-03-27 14:43:49,345 - DEBUG - < X-Amz-Cf-Pop: ICN57-P2
2023-03-27 14:43:49,345 - DEBUG - < X-Amz-Cf-Id: VEnXkLjekhhZZXXUO2AjxSRQzjL4qfvXVHXYz8snLY9J2jxOJ1Taaw==
2023-03-27 14:43:49,346 - DEBUG - = connection is OPEN
2023-03-27 14:43:49,419 - DEBUG - > TEXT '[2, "009fbf2c-624e-43d6-9cf6-bf44897c1e07", "Bo...umber": "EVSCA070007"}]' [169 bytes]
2023-03-27 14:43:49,695 - DEBUG - < TEXT '[3, "009fbf2c-624e-43d6-9cf6-bf44897c1e07", {"s...49Z", "interval": 300}]' [123 bytes]
2023-03-27 14:43:49,747 - DEBUG - Starting new HTTPS connection (1): 8b434254zg.execute-api.ap-northeast-2.amazonaws.com:443
2023-03-27 14:43:50,355 - DEBUG - https://8b434254zg.execute-api.ap-northeast-2.amazonaws.com:443 "POST /dev/ioc HTTP/1.1" 200 167
2023-03-27 14:43:50,375 - DEBUG - < TEXT '[2, "bc7c1cf3-72a5-452b-b999-622b7057d882", "Ch...nId", "value": "true"}]' [122 bytes]
2023-03-27 14:43:50,402 - DEBUG - > TEXT '[3, "bc7c1cf3-72a5-452b-b999-622b7057d882", {"status": "Accepted"}]' [67 bytes]
2023-03-27 14:43:50,610 - DEBUG - < TEXT '{}' [2 bytes]
2023-03-27 14:43:50,672 - DEBUG - Starting new HTTPS connection (1): 8b434254zg.execute-api.ap-northeast-2.amazonaws.com:443
2023-03-27 14:43:51,088 - DEBUG - https://8b434254zg.execute-api.ap-northeast-2.amazonaws.com:443 "POST /dev/ioc HTTP/1.1" 200 162
2023-03-27 14:43:51,105 - DEBUG - < TEXT '[2, "09e88298-7723-4727-b7a0-51eebda661d8", "Ch...ine", "value": "true"}]' [117 bytes]
2023-03-27 14:43:51,130 - DEBUG - > TEXT '[3, "09e88298-7723-4727-b7a0-51eebda661d8", {"status": "Accepted"}]' [67 bytes]
2023-03-27 14:43:51,336 - DEBUG - < TEXT '{}' [2 bytes]
2023-03-27 14:43:51,413 - DEBUG - Starting new HTTPS connection (1): 8b434254zg.execute-api.ap-northeast-2.amazonaws.com:443
2023-03-27 14:43:51,897 - DEBUG - https://8b434254zg.execute-api.ap-northeast-2.amazonaws.com:443 "POST /dev/ioc HTTP/1.1" 200 106
2023-03-27 14:43:51,915 - DEBUG - < TEXT '[2, "8c07c312-a488-4428-b118-dbfdf7cb26d3", "ClearCache", {}]' [61 bytes]
2023-03-27 14:43:51,939 - DEBUG - > TEXT '[3, "8c07c312-a488-4428-b118-dbfdf7cb26d3", {"status": "Accepted"}]' [67 bytes]
2023-03-27 14:43:52,115 - DEBUG - < TEXT '{}' [2 bytes]
2023-03-27 14:43:52,139 - DEBUG - > TEXT '[2, "d60477da-06d4-4e78-b2fd-21cf5f77f383", "St...2023-03-27T14:42:00Z"}]' [154 bytes]
2023-03-27 14:43:52,336 - DEBUG - < TEXT '[4, "d60477da-06d4-4e78-b2fd-21cf5f77f383", {"e...ccurence constraints"}]' [219 bytes]
2023-03-27 14:43:52,380 - DEBUG - = connection is CLOSING
2023-03-27 14:43:52,380 - DEBUG - > CLOSE 1000 (OK) [2 bytes]
2023-03-27 14:43:52,388 - DEBUG - < CLOSE 1000 (OK) [2 bytes]
2023-03-27 14:43:52,391 - DEBUG - = connection is CLOSED
2023-03-27 14:45:39,806 - DEBUG - = connection is CONNECTING
2023-03-27 14:45:39,838 - DEBUG - > GET /ocpp16/ELA007C01/EVSCA070007 HTTP/1.1
2023-03-27 14:45:39,838 - DEBUG - > Host: ws.devevspcharger.uplus.co.kr
2023-03-27 14:45:39,839 - DEBUG - > Upgrade: websocket
2023-03-27 14:45:39,839 - DEBUG - > Connection: Upgrade
2023-03-27 14:45:39,839 - DEBUG - > Sec-WebSocket-Key: 87A748MC64yA8utkXTAGnw==
2023-03-27 14:45:39,839 - DEBUG - > Sec-WebSocket-Version: 13
2023-03-27 14:45:39,839 - DEBUG - > Sec-WebSocket-Extensions: permessage-deflate; client_max_window_bits
2023-03-27 14:45:39,840 - DEBUG - > Sec-WebSocket-Protocol: ocpp1.6
2023-03-27 14:45:39,840 - DEBUG - > Authorization: Basic RVZBUjpFVkFSTEdV
2023-03-27 14:45:39,840 - DEBUG - > User-Agent: Python/3.11 websockets/10.4
2023-03-27 14:45:40,342 - DEBUG - < HTTP/1.1 101 Switching Protocols
2023-03-27 14:45:40,342 - DEBUG - < Connection: upgrade
2023-03-27 14:45:40,342 - DEBUG - < Date: Mon, 27 Mar 2023 05:45:39 GMT
2023-03-27 14:45:40,342 - DEBUG - < sec-websocket-protocol: ocpp1.6
2023-03-27 14:45:40,343 - DEBUG - < upgrade: websocket
2023-03-27 14:45:40,343 - DEBUG - < sec-websocket-accept: FXd/gATUsaW9axMp9txSr8yo2vA=
2023-03-27 14:45:40,343 - DEBUG - < sec-websocket-extensions: permessage-deflate
2023-03-27 14:45:40,343 - DEBUG - < X-Cache: Miss from cloudfront
2023-03-27 14:45:40,343 - DEBUG - < Via: 1.1 599ddd31480edfa35dadcdd2b13e5b12.cloudfront.net (CloudFront)
2023-03-27 14:45:40,343 - DEBUG - < X-Amz-Cf-Pop: ICN57-P2
2023-03-27 14:45:40,343 - DEBUG - < X-Amz-Cf-Id: -hzqmI1lbvAJfdG1gk5d0EDmFUUG_S0ORq6tqgxDt3IJJ0LZhnOIZw==
2023-03-27 14:45:40,343 - DEBUG - = connection is OPEN
2023-03-27 14:45:40,364 - DEBUG - > TEXT '[2, "c6299740-3a0e-43e1-8c84-5447bc6e1ec7", "Bo...umber": "EVSCA070007"}]' [169 bytes]
2023-03-27 14:45:40,788 - DEBUG - < TEXT '[3, "c6299740-3a0e-43e1-8c84-5447bc6e1ec7", {"s...40Z", "interval": 300}]' [123 bytes]
2023-03-27 14:45:40,811 - DEBUG - Starting new HTTPS connection (1): 8b434254zg.execute-api.ap-northeast-2.amazonaws.com:443
2023-03-27 14:45:41,414 - DEBUG - https://8b434254zg.execute-api.ap-northeast-2.amazonaws.com:443 "POST /dev/ioc HTTP/1.1" 200 167
2023-03-27 14:45:41,438 - DEBUG - < TEXT '[2, "df8bd749-928e-40fc-9bec-04bb778a2622", "Ch...nId", "value": "true"}]' [122 bytes]
2023-03-27 14:45:41,443 - DEBUG - > TEXT '[3, "df8bd749-928e-40fc-9bec-04bb778a2622", {"status": "Accepted"}]' [67 bytes]
2023-03-27 14:45:41,635 - DEBUG - < TEXT '{}' [2 bytes]
2023-03-27 14:45:41,653 - DEBUG - Starting new HTTPS connection (1): 8b434254zg.execute-api.ap-northeast-2.amazonaws.com:443
2023-03-27 14:45:42,050 - DEBUG - https://8b434254zg.execute-api.ap-northeast-2.amazonaws.com:443 "POST /dev/ioc HTTP/1.1" 200 162
2023-03-27 14:45:42,069 - DEBUG - < TEXT '[2, "27631aa7-32c3-472c-aa26-3ffa953d01be", "Ch...ine", "value": "true"}]' [117 bytes]
2023-03-27 14:45:42,077 - DEBUG - > TEXT '[3, "27631aa7-32c3-472c-aa26-3ffa953d01be", {"status": "Accepted"}]' [67 bytes]
2023-03-27 14:45:42,272 - DEBUG - < TEXT '{}' [2 bytes]
2023-03-27 14:45:42,292 - DEBUG - Starting new HTTPS connection (1): 8b434254zg.execute-api.ap-northeast-2.amazonaws.com:443
2023-03-27 14:45:42,690 - DEBUG - https://8b434254zg.execute-api.ap-northeast-2.amazonaws.com:443 "POST /dev/ioc HTTP/1.1" 200 106
2023-03-27 14:45:42,715 - DEBUG - < TEXT '[2, "75b6adf6-3953-47e5-8c7e-357d56fe361e", "ClearCache", {}]' [61 bytes]
2023-03-27 14:45:42,722 - DEBUG - > TEXT '[3, "75b6adf6-3953-47e5-8c7e-357d56fe361e", {"status": "Accepted"}]' [67 bytes]
2023-03-27 14:45:42,913 - DEBUG - < TEXT '{}' [2 bytes]
2023-03-27 14:45:42,930 - DEBUG - > TEXT '[2, "83a46a8c-51c3-420b-ad5e-f6e0bbddacab", "St...2023-03-27T14:42:00Z"}]' [154 bytes]
2023-03-27 14:45:43,131 - DEBUG - < TEXT '[4, "83a46a8c-51c3-420b-ad5e-f6e0bbddacab", {"e...ccurence constraints"}]' [219 bytes]
2023-03-27 14:45:43,152 - DEBUG - = connection is CLOSING
2023-03-27 14:45:43,152 - DEBUG - > CLOSE 1000 (OK) [2 bytes]
2023-03-27 14:45:43,160 - DEBUG - < CLOSE 1000 (OK) [2 bytes]
2023-03-27 14:45:43,164 - DEBUG - = connection is CLOSED
2023-03-27 14:59:01,403 - DEBUG - = connection is CONNECTING
2023-03-27 14:59:01,438 - DEBUG - > GET /ocpp16/ELA007C01/EVSCA070007 HTTP/1.1
2023-03-27 14:59:01,438 - DEBUG - > Host: ws.devevspcharger.uplus.co.kr
2023-03-27 14:59:01,439 - DEBUG - > Upgrade: websocket
2023-03-27 14:59:01,439 - DEBUG - > Connection: Upgrade
2023-03-27 14:59:01,439 - DEBUG - > Sec-WebSocket-Key: xBp7UIiB+foaxAHV9Aws8g==
2023-03-27 14:59:01,439 - DEBUG - > Sec-WebSocket-Version: 13
2023-03-27 14:59:01,439 - DEBUG - > Sec-WebSocket-Extensions: permessage-deflate; client_max_window_bits
2023-03-27 14:59:01,439 - DEBUG - > Sec-WebSocket-Protocol: ocpp1.6
2023-03-27 14:59:01,439 - DEBUG - > Authorization: Basic RVZBUjpFVkFSTEdV
2023-03-27 14:59:01,439 - DEBUG - > User-Agent: Python/3.11 websockets/10.4
2023-03-27 14:59:02,753 - DEBUG - < HTTP/1.1 101 Switching Protocols
2023-03-27 14:59:02,753 - DEBUG - < Connection: upgrade
2023-03-27 14:59:02,753 - DEBUG - < Date: Mon, 27 Mar 2023 05:59:02 GMT
2023-03-27 14:59:02,753 - DEBUG - < sec-websocket-protocol: ocpp1.6
2023-03-27 14:59:02,753 - DEBUG - < upgrade: websocket
2023-03-27 14:59:02,753 - DEBUG - < sec-websocket-accept: M+gpX6+xz7ZZ1eXxTBPf4Ken27g=
2023-03-27 14:59:02,754 - DEBUG - < sec-websocket-extensions: permessage-deflate
2023-03-27 14:59:02,754 - DEBUG - < X-Cache: Miss from cloudfront
2023-03-27 14:59:02,754 - DEBUG - < Via: 1.1 b4d3f424b1e6960b9f71e8cf3b9e1a56.cloudfront.net (CloudFront)
2023-03-27 14:59:02,754 - DEBUG - < X-Amz-Cf-Pop: ICN51-C1
2023-03-27 14:59:02,754 - DEBUG - < X-Amz-Cf-Id: r72kpjVHxDk3PZdk0P98WuQQfhmm4loABa1zdb3PMLdCp09xb1EN9A==
2023-03-27 14:59:02,754 - DEBUG - = connection is OPEN
2023-03-27 14:59:02,795 - DEBUG - > TEXT '[2, "3a089f12-abdb-4805-9464-fc418af0961d", "Bo...umber": "EVSCA070007"}]' [169 bytes]
2023-03-27 14:59:03,195 - DEBUG - < TEXT '[3, "3a089f12-abdb-4805-9464-fc418af0961d", {"s...02Z", "interval": 300}]' [123 bytes]
2023-03-27 14:59:03,219 - DEBUG - Starting new HTTPS connection (1): 8b434254zg.execute-api.ap-northeast-2.amazonaws.com:443
2023-03-27 14:59:04,664 - DEBUG - https://8b434254zg.execute-api.ap-northeast-2.amazonaws.com:443 "POST /dev/ioc HTTP/1.1" 200 167
2023-03-27 14:59:04,717 - DEBUG - < TEXT '[2, "fc657c08-7449-446c-9aa0-1ae0bd6ba0b0", "Ch...nId", "value": "true"}]' [122 bytes]
2023-03-27 14:59:04,727 - DEBUG - > TEXT '[3, "fc657c08-7449-446c-9aa0-1ae0bd6ba0b0", {"status": "Accepted"}]' [67 bytes]
2023-03-27 14:59:04,924 - DEBUG - < TEXT '{}' [2 bytes]
2023-03-27 14:59:04,947 - DEBUG - Starting new HTTPS connection (1): 8b434254zg.execute-api.ap-northeast-2.amazonaws.com:443
2023-03-27 14:59:05,384 - DEBUG - https://8b434254zg.execute-api.ap-northeast-2.amazonaws.com:443 "POST /dev/ioc HTTP/1.1" 200 162
2023-03-27 14:59:05,407 - DEBUG - < TEXT '[2, "9968045f-32e9-41a9-8292-bd98dae9bf2e", "Ch...ine", "value": "true"}]' [117 bytes]
2023-03-27 14:59:05,416 - DEBUG - > TEXT '[3, "9968045f-32e9-41a9-8292-bd98dae9bf2e", {"status": "Accepted"}]' [67 bytes]
2023-03-27 14:59:05,603 - DEBUG - < TEXT '{}' [2 bytes]
2023-03-27 14:59:05,619 - DEBUG - Starting new HTTPS connection (1): 8b434254zg.execute-api.ap-northeast-2.amazonaws.com:443
2023-03-27 14:59:06,004 - DEBUG - https://8b434254zg.execute-api.ap-northeast-2.amazonaws.com:443 "POST /dev/ioc HTTP/1.1" 200 106
2023-03-27 14:59:06,025 - DEBUG - < TEXT '[2, "13598a51-ba11-466f-86e9-25edfed05491", "ClearCache", {}]' [61 bytes]
2023-03-27 14:59:06,035 - DEBUG - > TEXT '[3, "13598a51-ba11-466f-86e9-25edfed05491", {"status": "Accepted"}]' [67 bytes]
2023-03-27 14:59:06,229 - DEBUG - < TEXT '{}' [2 bytes]
2023-03-27 14:59:06,240 - DEBUG - > TEXT '[2, "bb0e04a6-9af2-4e0f-8d4f-b85f6b6bb84e", "St...2023-03-27T14:42:00Z"}]' [154 bytes]
2023-03-27 14:59:06,425 - DEBUG - < TEXT '[4, "bb0e04a6-9af2-4e0f-8d4f-b85f6b6bb84e", {"e...ccurence constraints"}]' [219 bytes]
2023-03-27 14:59:06,447 - DEBUG - = connection is CLOSING
2023-03-27 14:59:06,447 - DEBUG - > CLOSE 1000 (OK) [2 bytes]
2023-03-27 14:59:06,459 - DEBUG - < CLOSE 1000 (OK) [2 bytes]
2023-03-27 14:59:06,462 - DEBUG - = connection is CLOSED
2023-03-27 14:59:40,761 - DEBUG - = connection is CONNECTING
2023-03-27 14:59:40,796 - DEBUG - > GET /ocpp16/ELA007C01/EVSCA070007 HTTP/1.1
2023-03-27 14:59:40,796 - DEBUG - > Host: ws.devevspcharger.uplus.co.kr
2023-03-27 14:59:40,796 - DEBUG - > Upgrade: websocket
2023-03-27 14:59:40,797 - DEBUG - > Connection: Upgrade
2023-03-27 14:59:40,797 - DEBUG - > Sec-WebSocket-Key: jBJFACICv8KVkvtMXnAKpQ==
2023-03-27 14:59:40,797 - DEBUG - > Sec-WebSocket-Version: 13
2023-03-27 14:59:40,798 - DEBUG - > Sec-WebSocket-Extensions: permessage-deflate; client_max_window_bits
2023-03-27 14:59:40,798 - DEBUG - > Sec-WebSocket-Protocol: ocpp1.6
2023-03-27 14:59:40,798 - DEBUG - > Authorization: Basic RVZBUjpFVkFSTEdV
2023-03-27 14:59:40,798 - DEBUG - > User-Agent: Python/3.11 websockets/10.4
2023-03-27 14:59:41,034 - DEBUG - < HTTP/1.1 101 Switching Protocols
2023-03-27 14:59:41,034 - DEBUG - < Connection: upgrade
2023-03-27 14:59:41,034 - DEBUG - < Date: Mon, 27 Mar 2023 05:59:40 GMT
2023-03-27 14:59:41,034 - DEBUG - < sec-websocket-protocol: ocpp1.6
2023-03-27 14:59:41,034 - DEBUG - < upgrade: websocket
2023-03-27 14:59:41,034 - DEBUG - < sec-websocket-accept: BTvovTruSP7MjNGA2opPslVUu/Y=
2023-03-27 14:59:41,035 - DEBUG - < sec-websocket-extensions: permessage-deflate
2023-03-27 14:59:41,035 - DEBUG - < X-Cache: Miss from cloudfront
2023-03-27 14:59:41,035 - DEBUG - < Via: 1.1 8a8c4497d67be19bc853d07ee6aefac2.cloudfront.net (CloudFront)
2023-03-27 14:59:41,035 - DEBUG - < X-Amz-Cf-Pop: ICN51-C1
2023-03-27 14:59:41,035 - DEBUG - < X-Amz-Cf-Id: s5TIn2XkM-FIsiqA-s2S3rP65pW0FDR2oCxQCHbMneHjo4eNxmbyjQ==
2023-03-27 14:59:41,035 - DEBUG - = connection is OPEN
2023-03-27 14:59:41,055 - DEBUG - > TEXT '[2, "4f784abd-eca1-4426-8b1b-3f755e8bd667", "Bo...umber": "EVSCA070007"}]' [169 bytes]
2023-03-27 14:59:41,288 - DEBUG - < TEXT '[3, "4f784abd-eca1-4426-8b1b-3f755e8bd667", {"s...40Z", "interval": 300}]' [123 bytes]
2023-03-27 14:59:41,370 - DEBUG - Starting new HTTPS connection (1): 8b434254zg.execute-api.ap-northeast-2.amazonaws.com:443
2023-03-27 14:59:41,804 - DEBUG - https://8b434254zg.execute-api.ap-northeast-2.amazonaws.com:443 "POST /dev/ioc HTTP/1.1" 200 167
2023-03-27 14:59:41,830 - DEBUG - < TEXT '[2, "83ee2449-d03c-4437-9c8a-cb9f4f759433", "Ch...nId", "value": "true"}]' [122 bytes]
2023-03-27 14:59:41,843 - DEBUG - > TEXT '[3, "83ee2449-d03c-4437-9c8a-cb9f4f759433", {"status": "Accepted"}]' [67 bytes]
2023-03-27 14:59:42,005 - DEBUG - < TEXT '{}' [2 bytes]
2023-03-27 14:59:42,056 - DEBUG - Starting new HTTPS connection (1): 8b434254zg.execute-api.ap-northeast-2.amazonaws.com:443
2023-03-27 14:59:42,482 - DEBUG - https://8b434254zg.execute-api.ap-northeast-2.amazonaws.com:443 "POST /dev/ioc HTTP/1.1" 200 162
2023-03-27 14:59:42,506 - DEBUG - < TEXT '[2, "f38eff63-a725-4ce8-8fe9-85d7509172c8", "Ch...ine", "value": "true"}]' [117 bytes]
2023-03-27 14:59:42,528 - DEBUG - > TEXT '[3, "f38eff63-a725-4ce8-8fe9-85d7509172c8", {"status": "Accepted"}]' [67 bytes]
2023-03-27 14:59:42,702 - DEBUG - < TEXT '{}' [2 bytes]
2023-03-27 14:59:42,762 - DEBUG - Starting new HTTPS connection (1): 8b434254zg.execute-api.ap-northeast-2.amazonaws.com:443
2023-03-27 14:59:43,145 - DEBUG - https://8b434254zg.execute-api.ap-northeast-2.amazonaws.com:443 "POST /dev/ioc HTTP/1.1" 200 106
2023-03-27 14:59:43,163 - DEBUG - < TEXT '[2, "e85fbd5e-c3cd-4c68-a63a-99c38b96cc07", "ClearCache", {}]' [61 bytes]
2023-03-27 14:59:43,182 - DEBUG - > TEXT '[3, "e85fbd5e-c3cd-4c68-a63a-99c38b96cc07", {"status": "Accepted"}]' [67 bytes]
2023-03-27 14:59:43,344 - DEBUG - < TEXT '{}' [2 bytes]
2023-03-27 14:59:43,366 - DEBUG - > TEXT '[2, "1f7224b1-7b40-4f01-b3f9-a1b390e1e552", "St...2023-03-27T14:59:40Z"}]' [170 bytes]
2023-03-27 14:59:43,670 - DEBUG - < TEXT '[3, "1f7224b1-7b40-4f01-b3f9-a1b390e1e552", {"t...{"status": "Invalid"}}]' [102 bytes]
2023-03-27 14:59:43,695 - DEBUG - > TEXT '[2, "4f784abd-eca1-4426-8b1b-3f755e8bd667", "St... "status": "Charging"}]' [131 bytes]
2023-03-27 14:59:43,885 - DEBUG - < TEXT '[3, "4f784abd-eca1-4426-8b1b-3f755e8bd667", {}]' [47 bytes]
2023-03-27 14:59:43,920 - DEBUG - > TEXT '[2, "c50e676d-b333-4bc8-b67e-4e891c07ad65", "St...ason": "DeAuthorized"}]' [168 bytes]
2023-03-27 14:59:44,301 - DEBUG - < TEXT '[4, "c50e676d-b333-4bc8-b67e-4e891c07ad65", {"e...the requested Action"}]' [187 bytes]
2023-03-27 14:59:44,353 - DEBUG - = connection is CLOSING
2023-03-27 14:59:44,354 - DEBUG - > CLOSE 1000 (OK) [2 bytes]
2023-03-27 14:59:44,363 - DEBUG - < CLOSE 1000 (OK) [2 bytes]
2023-03-27 14:59:44,366 - DEBUG - = connection is CLOSED
2023-03-27 15:15:08,176 - DEBUG - = connection is CONNECTING
2023-03-27 15:15:08,212 - DEBUG - > GET /ocpp16/ELA007C01/EVSCA070007 HTTP/1.1
2023-03-27 15:15:08,212 - DEBUG - > Host: ws.devevspcharger.uplus.co.kr
2023-03-27 15:15:08,212 - DEBUG - > Upgrade: websocket
2023-03-27 15:15:08,212 - DEBUG - > Connection: Upgrade
2023-03-27 15:15:08,213 - DEBUG - > Sec-WebSocket-Key: u5Cuj+02sD0ctrix76Lkng==
2023-03-27 15:15:08,213 - DEBUG - > Sec-WebSocket-Version: 13
2023-03-27 15:15:08,214 - DEBUG - > Sec-WebSocket-Extensions: permessage-deflate; client_max_window_bits
2023-03-27 15:15:08,214 - DEBUG - > Sec-WebSocket-Protocol: ocpp1.6
2023-03-27 15:15:08,214 - DEBUG - > Authorization: Basic RVZBUjpFVkFSTEdV
2023-03-27 15:15:08,214 - DEBUG - > User-Agent: Python/3.11 websockets/10.4
2023-03-27 15:15:09,628 - DEBUG - < HTTP/1.1 101 Switching Protocols
2023-03-27 15:15:09,628 - DEBUG - < Connection: upgrade
2023-03-27 15:15:09,629 - DEBUG - < Date: Mon, 27 Mar 2023 06:15:09 GMT
2023-03-27 15:15:09,629 - DEBUG - < sec-websocket-protocol: ocpp1.6
2023-03-27 15:15:09,629 - DEBUG - < upgrade: websocket
2023-03-27 15:15:09,629 - DEBUG - < sec-websocket-accept: TIWm16dv6STiz2dnIBLX1qzvvAo=
2023-03-27 15:15:09,629 - DEBUG - < sec-websocket-extensions: permessage-deflate
2023-03-27 15:15:09,629 - DEBUG - < X-Cache: Miss from cloudfront
2023-03-27 15:15:09,629 - DEBUG - < Via: 1.1 3ced0108f56d0634c19ad34e6b299e80.cloudfront.net (CloudFront)
2023-03-27 15:15:09,629 - DEBUG - < X-Amz-Cf-Pop: ICN57-P2
2023-03-27 15:15:09,629 - DEBUG - < X-Amz-Cf-Id: 99l59y_tnSi38C5rWJ3DcGM6gHhZE67aKl6_7XjUh2avKLvS5Pjkkw==
2023-03-27 15:15:09,630 - DEBUG - = connection is OPEN
2023-03-27 15:15:09,647 - DEBUG - > TEXT '[2, "b8df4a4f-fbbc-460c-9f8f-ac7e02059903", "Bo...umber": "EVSCA070007"}]' [169 bytes]
2023-03-27 15:15:10,087 - DEBUG - < TEXT '[3, "b8df4a4f-fbbc-460c-9f8f-ac7e02059903", {"s...09Z", "interval": 300}]' [123 bytes]
2023-03-27 15:15:10,111 - DEBUG - Starting new HTTPS connection (1): 8b434254zg.execute-api.ap-northeast-2.amazonaws.com:443
2023-03-27 15:15:11,495 - DEBUG - https://8b434254zg.execute-api.ap-northeast-2.amazonaws.com:443 "POST /dev/ioc HTTP/1.1" 200 167
2023-03-27 15:15:11,520 - DEBUG - < TEXT '[2, "7e6e8965-92f1-4fc5-8086-ca94720ec649", "Ch...nId", "value": "true"}]' [122 bytes]
2023-03-27 15:15:11,532 - DEBUG - > TEXT '[3, "7e6e8965-92f1-4fc5-8086-ca94720ec649", {"status": "Accepted"}]' [67 bytes]
2023-03-27 15:15:11,721 - DEBUG - < TEXT '{}' [2 bytes]
2023-03-27 15:15:11,738 - DEBUG - Starting new HTTPS connection (1): 8b434254zg.execute-api.ap-northeast-2.amazonaws.com:443
2023-03-27 15:15:12,150 - DEBUG - https://8b434254zg.execute-api.ap-northeast-2.amazonaws.com:443 "POST /dev/ioc HTTP/1.1" 200 162
2023-03-27 15:15:12,176 - DEBUG - < TEXT '[2, "9939cc00-e07b-4fec-9e79-2c3fb82dcd98", "Ch...ine", "value": "true"}]' [117 bytes]
2023-03-27 15:15:12,188 - DEBUG - > TEXT '[3, "9939cc00-e07b-4fec-9e79-2c3fb82dcd98", {"status": "Accepted"}]' [67 bytes]
2023-03-27 15:15:12,375 - DEBUG - < TEXT '{}' [2 bytes]
2023-03-27 15:15:12,395 - DEBUG - Starting new HTTPS connection (1): 8b434254zg.execute-api.ap-northeast-2.amazonaws.com:443
2023-03-27 15:15:12,809 - DEBUG - https://8b434254zg.execute-api.ap-northeast-2.amazonaws.com:443 "POST /dev/ioc HTTP/1.1" 200 106
2023-03-27 15:15:12,837 - DEBUG - < TEXT '[2, "c4a6db34-9dca-4442-9132-8eb367d0242f", "ClearCache", {}]' [61 bytes]
2023-03-27 15:15:12,857 - DEBUG - > TEXT '[3, "c4a6db34-9dca-4442-9132-8eb367d0242f", {"status": "Accepted"}]' [67 bytes]
2023-03-27 15:15:13,035 - DEBUG - < TEXT '{}' [2 bytes]
2023-03-27 15:15:13,063 - DEBUG - > TEXT '[2, "2070ddfb-9072-4425-80fc-6fc7a4b47537", "St...2023-03-27T14:59:40Z"}]' [170 bytes]
2023-03-27 15:15:13,337 - DEBUG - < TEXT '[3, "2070ddfb-9072-4425-80fc-6fc7a4b47537", {"t...{"status": "Invalid"}}]' [102 bytes]
2023-03-27 15:15:13,364 - DEBUG - > TEXT '[2, "8800eabe-a878-42c2-ae01-d6664c61aa0a", "St... "status": "Charging"}]' [131 bytes]
2023-03-27 15:15:13,568 - DEBUG - < TEXT '[3, "8800eabe-a878-42c2-ae01-d6664c61aa0a", {}]' [47 bytes]
2023-03-27 15:15:13,592 - DEBUG - > TEXT '[2, "e915f1f2-c6c0-40c0-9529-475b6745c9c0", "St...ason": "DeAuthorized"}]' [168 bytes]
2023-03-27 15:15:13,779 - DEBUG - < TEXT '[4, "e915f1f2-c6c0-40c0-9529-475b6745c9c0", {"e...the requested Action"}]' [187 bytes]
2023-03-27 15:15:13,833 - DEBUG - = connection is CLOSING
2023-03-27 15:15:13,833 - DEBUG - > CLOSE 1000 (OK) [2 bytes]
2023-03-27 15:15:13,843 - DEBUG - < CLOSE 1000 (OK) [2 bytes]
2023-03-27 15:15:13,850 - DEBUG - = connection is CLOSED
2023-03-27 15:16:49,297 - DEBUG - = connection is CONNECTING
2023-03-27 15:16:49,326 - DEBUG - > GET /ocpp16/ELA007C01/EVSCA070007 HTTP/1.1
2023-03-27 15:16:49,326 - DEBUG - > Host: ws.devevspcharger.uplus.co.kr
2023-03-27 15:16:49,326 - DEBUG - > Upgrade: websocket
2023-03-27 15:16:49,326 - DEBUG - > Connection: Upgrade
2023-03-27 15:16:49,327 - DEBUG - > Sec-WebSocket-Key: CoJkueGPL4pJN93xqK/4cg==
2023-03-27 15:16:49,327 - DEBUG - > Sec-WebSocket-Version: 13
2023-03-27 15:16:49,327 - DEBUG - > Sec-WebSocket-Extensions: permessage-deflate; client_max_window_bits
2023-03-27 15:16:49,327 - DEBUG - > Sec-WebSocket-Protocol: ocpp1.6
2023-03-27 15:16:49,327 - DEBUG - > Authorization: Basic RVZBUjpFVkFSTEdV
2023-03-27 15:16:49,327 - DEBUG - > User-Agent: Python/3.11 websockets/10.4
2023-03-27 15:16:49,906 - DEBUG - < HTTP/1.1 101 Switching Protocols
2023-03-27 15:16:49,907 - DEBUG - < Connection: upgrade
2023-03-27 15:16:49,907 - DEBUG - < Date: Mon, 27 Mar 2023 06:16:49 GMT
2023-03-27 15:16:49,907 - DEBUG - < sec-websocket-protocol: ocpp1.6
2023-03-27 15:16:49,907 - DEBUG - < upgrade: websocket
2023-03-27 15:16:49,907 - DEBUG - < sec-websocket-accept: elzrjNoaBGe6FGwpCAmbQWR/rGE=
2023-03-27 15:16:49,908 - DEBUG - < sec-websocket-extensions: permessage-deflate
2023-03-27 15:16:49,908 - DEBUG - < X-Cache: Miss from cloudfront
2023-03-27 15:16:49,908 - DEBUG - < Via: 1.1 3544dee363e510a888d5171c071b297e.cloudfront.net (CloudFront)
2023-03-27 15:16:49,908 - DEBUG - < X-Amz-Cf-Pop: ICN57-P2
2023-03-27 15:16:49,908 - DEBUG - < X-Amz-Cf-Id: dm-A75r5fWrapHDZwiTjE7zPa6hXGJRDg806pS7Hx5fBuuz7_gYRsQ==
2023-03-27 15:16:49,908 - DEBUG - = connection is OPEN
2023-03-27 15:16:49,946 - DEBUG - > TEXT '[2, "c5d09ee4-2eee-4acb-a7fb-0b91242ce0ca", "Bo...umber": "EVSCA070007"}]' [169 bytes]
2023-03-27 15:16:50,180 - DEBUG - < TEXT '[3, "c5d09ee4-2eee-4acb-a7fb-0b91242ce0ca", {"s...49Z", "interval": 300}]' [123 bytes]
2023-03-27 15:16:50,214 - DEBUG - Starting new HTTPS connection (1): 8b434254zg.execute-api.ap-northeast-2.amazonaws.com:443
2023-03-27 15:16:51,647 - DEBUG - https://8b434254zg.execute-api.ap-northeast-2.amazonaws.com:443 "POST /dev/ioc HTTP/1.1" 200 167
2023-03-27 15:16:51,668 - DEBUG - < TEXT '[2, "c2613fa0-e047-4437-a115-e9354e0a8df2", "Ch...nId", "value": "true"}]' [122 bytes]
2023-03-27 15:16:51,681 - DEBUG - > TEXT '[3, "c2613fa0-e047-4437-a115-e9354e0a8df2", {"status": "Accepted"}]' [67 bytes]
2023-03-27 15:16:51,860 - DEBUG - < TEXT '{}' [2 bytes]
2023-03-27 15:16:51,882 - DEBUG - Starting new HTTPS connection (1): 8b434254zg.execute-api.ap-northeast-2.amazonaws.com:443
2023-03-27 15:16:52,259 - DEBUG - https://8b434254zg.execute-api.ap-northeast-2.amazonaws.com:443 "POST /dev/ioc HTTP/1.1" 200 162
2023-03-27 15:16:52,290 - DEBUG - < TEXT '[2, "05b0302e-bcb6-4976-a82c-eac1326df083", "Ch...ine", "value": "true"}]' [117 bytes]
2023-03-27 15:16:52,305 - DEBUG - > TEXT '[3, "05b0302e-bcb6-4976-a82c-eac1326df083", {"status": "Accepted"}]' [67 bytes]
2023-03-27 15:16:52,499 - DEBUG - < TEXT '{}' [2 bytes]
2023-03-27 15:16:52,522 - DEBUG - Starting new HTTPS connection (1): 8b434254zg.execute-api.ap-northeast-2.amazonaws.com:443
2023-03-27 15:16:52,939 - DEBUG - https://8b434254zg.execute-api.ap-northeast-2.amazonaws.com:443 "POST /dev/ioc HTTP/1.1" 200 106
2023-03-27 15:16:52,959 - DEBUG - < TEXT '[2, "37426665-afb5-4eb4-b799-3d06eac1bb0c", "ClearCache", {}]' [61 bytes]
2023-03-27 15:16:52,969 - DEBUG - > TEXT '[3, "37426665-afb5-4eb4-b799-3d06eac1bb0c", {"status": "Accepted"}]' [67 bytes]
2023-03-27 15:16:53,156 - DEBUG - < TEXT '{}' [2 bytes]
2023-03-27 15:16:53,175 - DEBUG - > TEXT '[2, "9315e2b5-dcc7-48f6-b8dd-ad02f0485804", "St...2023-03-27T14:59:40Z"}]' [170 bytes]
2023-03-27 15:16:53,437 - DEBUG - < TEXT '[3, "9315e2b5-dcc7-48f6-b8dd-ad02f0485804", {"t...{"status": "Invalid"}}]' [102 bytes]
2023-03-27 15:16:53,457 - DEBUG - > TEXT '[2, "44a6c704-2551-4920-a986-753bf6532139", "St... "status": "Charging"}]' [131 bytes]
2023-03-27 15:16:53,638 - DEBUG - < TEXT '[3, "44a6c704-2551-4920-a986-753bf6532139", {}]' [47 bytes]
2023-03-27 15:16:53,662 - DEBUG - > TEXT '[2, "5904beb5-e9c8-445d-9c22-483e13237b71", "St...ason": "DeAuthorized"}]' [168 bytes]
2023-03-27 15:16:53,896 - DEBUG - < TEXT '[4, "5904beb5-e9c8-445d-9c22-483e13237b71", {"e...the requested Action"}]' [187 bytes]
2023-03-27 15:16:53,921 - DEBUG - = connection is CLOSING
2023-03-27 15:16:53,921 - DEBUG - > CLOSE 1000 (OK) [2 bytes]
2023-03-27 15:16:53,929 - DEBUG - < CLOSE 1000 (OK) [2 bytes]
2023-03-27 15:16:53,935 - DEBUG - = connection is CLOSED
2023-03-27 15:17:44,702 - DEBUG - = connection is CONNECTING
2023-03-27 15:17:44,737 - DEBUG - > GET /ocpp16/ELA007C01/EVSCA070007 HTTP/1.1
2023-03-27 15:17:44,737 - DEBUG - > Host: ws.devevspcharger.uplus.co.kr
2023-03-27 15:17:44,737 - DEBUG - > Upgrade: websocket
2023-03-27 15:17:44,738 - DEBUG - > Connection: Upgrade
2023-03-27 15:17:44,738 - DEBUG - > Sec-WebSocket-Key: SRhXgzfadCksjNmvfArBUA==
2023-03-27 15:17:44,738 - DEBUG - > Sec-WebSocket-Version: 13
2023-03-27 15:17:44,738 - DEBUG - > Sec-WebSocket-Extensions: permessage-deflate; client_max_window_bits
2023-03-27 15:17:44,738 - DEBUG - > Sec-WebSocket-Protocol: ocpp1.6
2023-03-27 15:17:44,738 - DEBUG - > Authorization: Basic RVZBUjpFVkFSTEdV
2023-03-27 15:17:44,738 - DEBUG - > User-Agent: Python/3.11 websockets/10.4
2023-03-27 15:17:45,225 - DEBUG - < HTTP/1.1 101 Switching Protocols
2023-03-27 15:17:45,226 - DEBUG - < Connection: upgrade
2023-03-27 15:17:45,226 - DEBUG - < Date: Mon, 27 Mar 2023 06:17:44 GMT
2023-03-27 15:17:45,226 - DEBUG - < sec-websocket-protocol: ocpp1.6
2023-03-27 15:17:45,226 - DEBUG - < upgrade: websocket
2023-03-27 15:17:45,226 - DEBUG - < sec-websocket-accept: XchC0nzsy0iE8aI/PpIyh0ucFGw=
2023-03-27 15:17:45,227 - DEBUG - < sec-websocket-extensions: permessage-deflate
2023-03-27 15:17:45,227 - DEBUG - < X-Cache: Miss from cloudfront
2023-03-27 15:17:45,227 - DEBUG - < Via: 1.1 3ced0108f56d0634c19ad34e6b299e80.cloudfront.net (CloudFront)
2023-03-27 15:17:45,227 - DEBUG - < X-Amz-Cf-Pop: ICN57-P2
2023-03-27 15:17:45,227 - DEBUG - < X-Amz-Cf-Id: myRYaJRZnnQh8f2qgOy2zDAnDh5Fd2ETF3F_Wo7ldP19awtTBdpTYA==
2023-03-27 15:17:45,228 - DEBUG - = connection is OPEN
2023-03-27 15:17:45,256 - DEBUG - > TEXT '[2, "71c55655-2f09-4acd-9162-417799cf11c4", "Bo...umber": "EVSCA070007"}]' [169 bytes]
2023-03-27 15:17:45,478 - DEBUG - < TEXT '[3, "71c55655-2f09-4acd-9162-417799cf11c4", {"s...45Z", "interval": 300}]' [123 bytes]
2023-03-27 15:17:45,568 - DEBUG - Starting new HTTPS connection (1): 8b434254zg.execute-api.ap-northeast-2.amazonaws.com:443
2023-03-27 15:17:45,975 - DEBUG - https://8b434254zg.execute-api.ap-northeast-2.amazonaws.com:443 "POST /dev/ioc HTTP/1.1" 200 167
2023-03-27 15:17:45,992 - DEBUG - < TEXT '[2, "1db90763-d7a8-4435-bbc5-abb393843466", "Ch...nId", "value": "true"}]' [122 bytes]
2023-03-27 15:17:46,002 - DEBUG - > TEXT '[3, "1db90763-d7a8-4435-bbc5-abb393843466", {"status": "Accepted"}]' [67 bytes]
2023-03-27 15:17:46,178 - DEBUG - < TEXT '{}' [2 bytes]
2023-03-27 15:17:46,225 - DEBUG - Starting new HTTPS connection (1): 8b434254zg.execute-api.ap-northeast-2.amazonaws.com:443
2023-03-27 15:17:46,597 - DEBUG - https://8b434254zg.execute-api.ap-northeast-2.amazonaws.com:443 "POST /dev/ioc HTTP/1.1" 200 162
2023-03-27 15:17:46,623 - DEBUG - < TEXT '[2, "30fbd443-d4eb-4595-b0a3-25ef38d3758c", "Ch...ine", "value": "true"}]' [117 bytes]
2023-03-27 15:17:46,651 - DEBUG - > TEXT '[3, "30fbd443-d4eb-4595-b0a3-25ef38d3758c", {"status": "Accepted"}]' [67 bytes]
2023-03-27 15:17:46,836 - DEBUG - < TEXT '{}' [2 bytes]
2023-03-27 15:17:46,893 - DEBUG - Starting new HTTPS connection (1): 8b434254zg.execute-api.ap-northeast-2.amazonaws.com:443
2023-03-27 15:17:47,342 - DEBUG - https://8b434254zg.execute-api.ap-northeast-2.amazonaws.com:443 "POST /dev/ioc HTTP/1.1" 200 106
2023-03-27 15:17:47,360 - DEBUG - < TEXT '[2, "1a24d6f0-274c-40e9-a319-0b82854d5b88", "ClearCache", {}]' [61 bytes]
2023-03-27 15:17:47,379 - DEBUG - > TEXT '[3, "1a24d6f0-274c-40e9-a319-0b82854d5b88", {"status": "Accepted"}]' [67 bytes]
2023-03-27 15:17:47,557 - DEBUG - < TEXT '{}' [2 bytes]
2023-03-27 15:17:47,583 - DEBUG - > TEXT '[2, "18f25adc-44a4-49cc-bf8d-551c9d89d4e1", "St...2023-03-27T15:17:44Z"}]' [154 bytes]
2023-03-27 15:17:47,760 - DEBUG - < TEXT '[4, "18f25adc-44a4-49cc-bf8d-551c9d89d4e1", {"e...ccurence constraints"}]' [219 bytes]
2023-03-27 15:17:47,811 - DEBUG - = connection is CLOSING
2023-03-27 15:17:47,811 - DEBUG - > CLOSE 1000 (OK) [2 bytes]
2023-03-27 15:17:47,821 - DEBUG - < CLOSE 1000 (OK) [2 bytes]
2023-03-27 15:17:47,826 - DEBUG - = connection is CLOSED
2023-03-27 15:17:52,142 - DEBUG - = connection is CONNECTING
2023-03-27 15:17:52,174 - DEBUG - > GET /ocpp16/ELA007C01/EVSCA070007 HTTP/1.1
2023-03-27 15:17:52,174 - DEBUG - > Host: ws.devevspcharger.uplus.co.kr
2023-03-27 15:17:52,174 - DEBUG - > Upgrade: websocket
2023-03-27 15:17:52,174 - DEBUG - > Connection: Upgrade
2023-03-27 15:17:52,174 - DEBUG - > Sec-WebSocket-Key: irxFPv0LQBZL92bkQXiRnw==
2023-03-27 15:17:52,174 - DEBUG - > Sec-WebSocket-Version: 13
2023-03-27 15:17:52,175 - DEBUG - > Sec-WebSocket-Extensions: permessage-deflate; client_max_window_bits
2023-03-27 15:17:52,175 - DEBUG - > Sec-WebSocket-Protocol: ocpp1.6
2023-03-27 15:17:52,175 - DEBUG - > Authorization: Basic RVZBUjpFVkFSTEdV
2023-03-27 15:17:52,175 - DEBUG - > User-Agent: Python/3.11 websockets/10.4
2023-03-27 15:17:52,426 - DEBUG - < HTTP/1.1 101 Switching Protocols
2023-03-27 15:17:52,427 - DEBUG - < Connection: upgrade
2023-03-27 15:17:52,427 - DEBUG - < Date: Mon, 27 Mar 2023 06:17:52 GMT
2023-03-27 15:17:52,427 - DEBUG - < sec-websocket-protocol: ocpp1.6
2023-03-27 15:17:52,427 - DEBUG - < upgrade: websocket
2023-03-27 15:17:52,427 - DEBUG - < sec-websocket-accept: kqI+shUPacm16m5DsAPxcDkmrSs=
2023-03-27 15:17:52,427 - DEBUG - < sec-websocket-extensions: permessage-deflate
2023-03-27 15:17:52,427 - DEBUG - < X-Cache: Miss from cloudfront
2023-03-27 15:17:52,427 - DEBUG - < Via: 1.1 3c5e765ef2333ef04ef6f44a2b66ec12.cloudfront.net (CloudFront)
2023-03-27 15:17:52,428 - DEBUG - < X-Amz-Cf-Pop: ICN57-P2
2023-03-27 15:17:52,428 - DEBUG - < X-Amz-Cf-Id: lDZDXfiVAMQGH1ueh52UqWgY8ur_lLHert5dFzsGERJrLL8BzvIpmw==
2023-03-27 15:17:52,428 - DEBUG - = connection is OPEN
2023-03-27 15:17:52,481 - DEBUG - > TEXT '[2, "41916d2b-b26a-4c0b-998e-40e572ff5a9a", "Bo...umber": "EVSCA070007"}]' [169 bytes]
2023-03-27 15:17:52,818 - DEBUG - < TEXT '[3, "41916d2b-b26a-4c0b-998e-40e572ff5a9a", {"s...52Z", "interval": 300}]' [123 bytes]
2023-03-27 15:17:52,848 - DEBUG - > TEXT '[2, "7dd6af8f-55aa-4a2f-b2f0-4e763a8d70a0", "St..."status": "Available"}]' [132 bytes]
2023-03-27 15:17:53,040 - DEBUG - < TEXT '[3, "7dd6af8f-55aa-4a2f-b2f0-4e763a8d70a0", {}]' [47 bytes]
2023-03-27 15:17:53,066 - DEBUG - > TEXT '[2, "7dd6af8f-55aa-4a2f-b2f0-4e763a8d70a0", "Au...": "1031040000069641"}]' [87 bytes]
2023-03-27 15:17:53,340 - DEBUG - < TEXT '[3, "7dd6af8f-55aa-4a2f-b2f0-4e763a8d70a0", {"i..."status": "Accepted"}}]' [82 bytes]
2023-03-27 15:17:53,363 - DEBUG - = connection is CLOSING
2023-03-27 15:17:53,363 - DEBUG - > CLOSE 1000 (OK) [2 bytes]
2023-03-27 15:17:53,374 - DEBUG - < CLOSE 1000 (OK) [2 bytes]
2023-03-27 15:17:53,378 - DEBUG - = connection is CLOSED
2023-03-27 15:18:01,130 - DEBUG - = connection is CONNECTING
2023-03-27 15:18:01,161 - DEBUG - > GET /ocpp16/ELA007C01/EVSCA070007 HTTP/1.1
2023-03-27 15:18:01,161 - DEBUG - > Host: ws.devevspcharger.uplus.co.kr
2023-03-27 15:18:01,161 - DEBUG - > Upgrade: websocket
2023-03-27 15:18:01,162 - DEBUG - > Connection: Upgrade
2023-03-27 15:18:01,162 - DEBUG - > Sec-WebSocket-Key: B17wAMfhBYewbjsx8Tyhew==
2023-03-27 15:18:01,162 - DEBUG - > Sec-WebSocket-Version: 13
2023-03-27 15:18:01,162 - DEBUG - > Sec-WebSocket-Extensions: permessage-deflate; client_max_window_bits
2023-03-27 15:18:01,162 - DEBUG - > Sec-WebSocket-Protocol: ocpp1.6
2023-03-27 15:18:01,162 - DEBUG - > Authorization: Basic RVZBUjpFVkFSTEdV
2023-03-27 15:18:01,162 - DEBUG - > User-Agent: Python/3.11 websockets/10.4
2023-03-27 15:18:01,409 - DEBUG - < HTTP/1.1 101 Switching Protocols
2023-03-27 15:18:01,409 - DEBUG - < Connection: upgrade
2023-03-27 15:18:01,409 - DEBUG - < Date: Mon, 27 Mar 2023 06:18:01 GMT
2023-03-27 15:18:01,409 - DEBUG - < sec-websocket-protocol: ocpp1.6
2023-03-27 15:18:01,409 - DEBUG - < upgrade: websocket
2023-03-27 15:18:01,409 - DEBUG - < sec-websocket-accept: chHYZOInec99ynAkIUD3a/Rz+4k=
2023-03-27 15:18:01,409 - DEBUG - < sec-websocket-extensions: permessage-deflate
2023-03-27 15:18:01,409 - DEBUG - < X-Cache: Miss from cloudfront
2023-03-27 15:18:01,409 - DEBUG - < Via: 1.1 9ce5dfe6a640bb6a762b3c2889e2317e.cloudfront.net (CloudFront)
2023-03-27 15:18:01,410 - DEBUG - < X-Amz-Cf-Pop: ICN57-P2
2023-03-27 15:18:01,410 - DEBUG - < X-Amz-Cf-Id: -_gNZuaZb5O13BsEk7dqvv4BemQ5ntTjlIo_mK7U7fJ0KwOQF4NNbw==
2023-03-27 15:18:01,410 - DEBUG - = connection is OPEN
2023-03-27 15:18:01,458 - DEBUG - > TEXT '[2, "5745f997-4257-4f51-8638-85aafa4215cb", "Bo...umber": "EVSCA070007"}]' [169 bytes]
2023-03-27 15:18:01,658 - DEBUG - < TEXT '[3, "5745f997-4257-4f51-8638-85aafa4215cb", {"s...01Z", "interval": 300}]' [123 bytes]
2023-03-27 15:18:01,716 - DEBUG - Starting new HTTPS connection (1): 8b434254zg.execute-api.ap-northeast-2.amazonaws.com:443
2023-03-27 15:18:02,135 - DEBUG - https://8b434254zg.execute-api.ap-northeast-2.amazonaws.com:443 "POST /dev/ioc HTTP/1.1" 200 167
2023-03-27 15:18:02,193 - DEBUG - < TEXT '[2, "4e178b8b-7a26-41e2-ad32-5deb9becd49a", "Ch...nId", "value": "true"}]' [122 bytes]
2023-03-27 15:18:02,222 - DEBUG - > TEXT '[3, "4e178b8b-7a26-41e2-ad32-5deb9becd49a", {"status": "Accepted"}]' [67 bytes]
2023-03-27 15:18:02,403 - DEBUG - < TEXT '{}' [2 bytes]
2023-03-27 15:18:02,462 - DEBUG - Starting new HTTPS connection (1): 8b434254zg.execute-api.ap-northeast-2.amazonaws.com:443
2023-03-27 15:18:02,877 - DEBUG - https://8b434254zg.execute-api.ap-northeast-2.amazonaws.com:443 "POST /dev/ioc HTTP/1.1" 200 162
2023-03-27 15:18:02,931 - DEBUG - < TEXT '[2, "34d10443-d7a2-4961-ac6b-b5664570c97e", "Ch...ine", "value": "true"}]' [117 bytes]
2023-03-27 15:18:02,957 - DEBUG - > TEXT '[3, "34d10443-d7a2-4961-ac6b-b5664570c97e", {"status": "Accepted"}]' [67 bytes]
2023-03-27 15:18:03,142 - DEBUG - < TEXT '{}' [2 bytes]
2023-03-27 15:18:03,214 - DEBUG - Starting new HTTPS connection (1): 8b434254zg.execute-api.ap-northeast-2.amazonaws.com:443
2023-03-27 15:18:03,616 - DEBUG - https://8b434254zg.execute-api.ap-northeast-2.amazonaws.com:443 "POST /dev/ioc HTTP/1.1" 200 106
2023-03-27 15:18:03,660 - DEBUG - < TEXT '[2, "4b07bf1d-6943-43f3-97ad-9aa050b9b247", "ClearCache", {}]' [61 bytes]
2023-03-27 15:18:03,685 - DEBUG - > TEXT '[3, "4b07bf1d-6943-43f3-97ad-9aa050b9b247", {"status": "Accepted"}]' [67 bytes]
2023-03-27 15:18:03,861 - DEBUG - < TEXT '{}' [2 bytes]
2023-03-27 15:18:03,892 - DEBUG - > TEXT '[2, "15ddddc0-7154-4883-88ba-0c769ab13017", "St...2023-03-27T15:17:44Z"}]' [154 bytes]
2023-03-27 15:18:04,078 - DEBUG - < TEXT '[4, "15ddddc0-7154-4883-88ba-0c769ab13017", {"e...ccurence constraints"}]' [219 bytes]
2023-03-27 15:18:04,104 - DEBUG - = connection is CLOSING
2023-03-27 15:18:04,104 - DEBUG - > CLOSE 1000 (OK) [2 bytes]
2023-03-27 15:18:04,112 - DEBUG - < CLOSE 1000 (OK) [2 bytes]
2023-03-27 15:18:04,118 - DEBUG - = connection is CLOSED
2023-03-27 15:18:10,148 - DEBUG - = connection is CONNECTING
2023-03-27 15:18:10,181 - DEBUG - > GET /ocpp16/ELA007C01/EVSCA070007 HTTP/1.1
2023-03-27 15:18:10,181 - DEBUG - > Host: ws.devevspcharger.uplus.co.kr
2023-03-27 15:18:10,181 - DEBUG - > Upgrade: websocket
2023-03-27 15:18:10,181 - DEBUG - > Connection: Upgrade
2023-03-27 15:18:10,181 - DEBUG - > Sec-WebSocket-Key: pxhwmCYGRlBjpjmi6+xIMg==
2023-03-27 15:18:10,181 - DEBUG - > Sec-WebSocket-Version: 13
2023-03-27 15:18:10,181 - DEBUG - > Sec-WebSocket-Extensions: permessage-deflate; client_max_window_bits
2023-03-27 15:18:10,181 - DEBUG - > Sec-WebSocket-Protocol: ocpp1.6
2023-03-27 15:18:10,181 - DEBUG - > Authorization: Basic RVZBUjpFVkFSTEdV
2023-03-27 15:18:10,182 - DEBUG - > User-Agent: Python/3.11 websockets/10.4
2023-03-27 15:18:10,405 - DEBUG - < HTTP/1.1 101 Switching Protocols
2023-03-27 15:18:10,405 - DEBUG - < Connection: upgrade
2023-03-27 15:18:10,405 - DEBUG - < Date: Mon, 27 Mar 2023 06:18:10 GMT
2023-03-27 15:18:10,405 - DEBUG - < sec-websocket-protocol: ocpp1.6
2023-03-27 15:18:10,405 - DEBUG - < upgrade: websocket
2023-03-27 15:18:10,406 - DEBUG - < sec-websocket-accept: EN5vSwgjcysEnfiZYRkez1JsBhg=
2023-03-27 15:18:10,406 - DEBUG - < sec-websocket-extensions: permessage-deflate
2023-03-27 15:18:10,406 - DEBUG - < X-Cache: Miss from cloudfront
2023-03-27 15:18:10,406 - DEBUG - < Via: 1.1 e649e91ecb78f4d44c5fc28ed185c6e0.cloudfront.net (CloudFront)
2023-03-27 15:18:10,406 - DEBUG - < X-Amz-Cf-Pop: ICN57-P2
2023-03-27 15:18:10,406 - DEBUG - < X-Amz-Cf-Id: D2pjKK5AHMOvcOFUDByJPbQec0pVX_yyScnDR4MDEOIQQwyt9w3cKg==
2023-03-27 15:18:10,406 - DEBUG - = connection is OPEN
2023-03-27 15:18:10,441 - DEBUG - > TEXT '[2, "6d47dc82-270a-45a0-b775-f3d4024f0384", "Bo...umber": "EVSCA070007"}]' [169 bytes]
2023-03-27 15:18:10,647 - DEBUG - < TEXT '[3, "6d47dc82-270a-45a0-b775-f3d4024f0384", {"s...10Z", "interval": 300}]' [123 bytes]
2023-03-27 15:18:10,715 - DEBUG - Starting new HTTPS connection (1): 8b434254zg.execute-api.ap-northeast-2.amazonaws.com:443
2023-03-27 15:18:11,118 - DEBUG - https://8b434254zg.execute-api.ap-northeast-2.amazonaws.com:443 "POST /dev/ioc HTTP/1.1" 200 167
2023-03-27 15:18:11,158 - DEBUG - < TEXT '[2, "7664ebfe-ad95-4722-b15d-4c83bbddf085", "Ch...nId", "value": "true"}]' [122 bytes]
2023-03-27 15:18:11,184 - DEBUG - > TEXT '[3, "7664ebfe-ad95-4722-b15d-4c83bbddf085", {"status": "Accepted"}]' [67 bytes]
2023-03-27 15:18:11,398 - DEBUG - < TEXT '{}' [2 bytes]
2023-03-27 15:18:11,452 - DEBUG - Starting new HTTPS connection (1): 8b434254zg.execute-api.ap-northeast-2.amazonaws.com:443
2023-03-27 15:18:11,858 - DEBUG - https://8b434254zg.execute-api.ap-northeast-2.amazonaws.com:443 "POST /dev/ioc HTTP/1.1" 200 162
2023-03-27 15:18:11,908 - DEBUG - < TEXT '[2, "11536b63-e88e-492f-b735-d0540db18580", "Ch...ine", "value": "true"}]' [117 bytes]
2023-03-27 15:18:11,935 - DEBUG - > TEXT '[3, "11536b63-e88e-492f-b735-d0540db18580", {"status": "Accepted"}]' [67 bytes]
2023-03-27 15:18:12,117 - DEBUG - < TEXT '{}' [2 bytes]
2023-03-27 15:18:12,175 - DEBUG - Starting new HTTPS connection (1): 8b434254zg.execute-api.ap-northeast-2.amazonaws.com:443
2023-03-27 15:18:12,578 - DEBUG - https://8b434254zg.execute-api.ap-northeast-2.amazonaws.com:443 "POST /dev/ioc HTTP/1.1" 200 106
2023-03-27 15:18:12,628 - DEBUG - < TEXT '[2, "881e2d67-5709-4344-bfbc-29b4fdb9dfb6", "ClearCache", {}]' [61 bytes]
2023-03-27 15:18:12,657 - DEBUG - > TEXT '[3, "881e2d67-5709-4344-bfbc-29b4fdb9dfb6", {"status": "Accepted"}]' [67 bytes]
2023-03-27 15:18:12,839 - DEBUG - < TEXT '{}' [2 bytes]
2023-03-27 15:18:12,870 - DEBUG - > TEXT '[2, "8c76d384-7358-4fe8-9dce-02529bad79bf", "St...2023-03-27T15:17:44Z"}]' [154 bytes]
2023-03-27 15:18:13,069 - DEBUG - < TEXT '[4, "8c76d384-7358-4fe8-9dce-02529bad79bf", {"e...ccurence constraints"}]' [219 bytes]
2023-03-27 15:18:13,093 - DEBUG - = connection is CLOSING
2023-03-27 15:18:13,093 - DEBUG - > CLOSE 1000 (OK) [2 bytes]
2023-03-27 15:18:13,103 - DEBUG - < CLOSE 1000 (OK) [2 bytes]
2023-03-27 15:18:13,108 - DEBUG - = connection is CLOSED
2023-03-27 15:19:26,338 - DEBUG - = connection is CONNECTING
2023-03-27 15:19:26,375 - DEBUG - > GET /ocpp16/ELA007C01/EVSCA070007 HTTP/1.1
2023-03-27 15:19:26,376 - DEBUG - > Host: ws.devevspcharger.uplus.co.kr
2023-03-27 15:19:26,376 - DEBUG - > Upgrade: websocket
2023-03-27 15:19:26,376 - DEBUG - > Connection: Upgrade
2023-03-27 15:19:26,376 - DEBUG - > Sec-WebSocket-Key: 2uKkMi+58q7LrZ19lr2+/Q==
2023-03-27 15:19:26,376 - DEBUG - > Sec-WebSocket-Version: 13
2023-03-27 15:19:26,376 - DEBUG - > Sec-WebSocket-Extensions: permessage-deflate; client_max_window_bits
2023-03-27 15:19:26,376 - DEBUG - > Sec-WebSocket-Protocol: ocpp1.6
2023-03-27 15:19:26,377 - DEBUG - > Authorization: Basic RVZBUjpFVkFSTEdV
2023-03-27 15:19:26,377 - DEBUG - > User-Agent: Python/3.11 websockets/10.4
2023-03-27 15:19:26,886 - DEBUG - < HTTP/1.1 101 Switching Protocols
2023-03-27 15:19:26,886 - DEBUG - < Connection: upgrade
2023-03-27 15:19:26,886 - DEBUG - < Date: Mon, 27 Mar 2023 06:19:26 GMT
2023-03-27 15:19:26,887 - DEBUG - < sec-websocket-protocol: ocpp1.6
2023-03-27 15:19:26,887 - DEBUG - < upgrade: websocket
2023-03-27 15:19:26,888 - DEBUG - < sec-websocket-accept: vA5hW5FqqP/zRtGWjgBOsAiMZPk=
2023-03-27 15:19:26,888 - DEBUG - < sec-websocket-extensions: permessage-deflate
2023-03-27 15:19:26,888 - DEBUG - < X-Cache: Miss from cloudfront
2023-03-27 15:19:26,888 - DEBUG - < Via: 1.1 f192ae96aecb34ea7c9905f8f9f23272.cloudfront.net (CloudFront)
2023-03-27 15:19:26,888 - DEBUG - < X-Amz-Cf-Pop: ICN51-C1
2023-03-27 15:19:26,888 - DEBUG - < X-Amz-Cf-Id: 0P5NVVTTBxt47bZNZr5oW16Zju2b7LcFce_zgcZXfUDJtvJKGkTfuA==
2023-03-27 15:19:26,888 - DEBUG - = connection is OPEN
2023-03-27 15:19:26,917 - DEBUG - > TEXT '[2, "07dd7261-4009-4482-b48c-d792efa32561", "Bo...umber": "EVSCA070007"}]' [169 bytes]
2023-03-27 15:19:27,301 - DEBUG - < TEXT '[3, "07dd7261-4009-4482-b48c-d792efa32561", {"s...26Z", "interval": 300}]' [123 bytes]
2023-03-27 15:19:27,383 - DEBUG - Starting new HTTPS connection (1): 8b434254zg.execute-api.ap-northeast-2.amazonaws.com:443
2023-03-27 15:19:27,957 - DEBUG - https://8b434254zg.execute-api.ap-northeast-2.amazonaws.com:443 "POST /dev/ioc HTTP/1.1" 200 167
2023-03-27 15:19:27,981 - DEBUG - < TEXT '[2, "edd05721-cb69-4e00-8eba-1636888bfaae", "Ch...nId", "value": "true"}]' [122 bytes]
2023-03-27 15:19:27,986 - DEBUG - > TEXT '[3, "edd05721-cb69-4e00-8eba-1636888bfaae", {"status": "Accepted"}]' [67 bytes]
2023-03-27 15:19:28,159 - DEBUG - < TEXT '{}' [2 bytes]
2023-03-27 15:19:28,179 - DEBUG - Starting new HTTPS connection (1): 8b434254zg.execute-api.ap-northeast-2.amazonaws.com:443
2023-03-27 15:19:28,557 - DEBUG - https://8b434254zg.execute-api.ap-northeast-2.amazonaws.com:443 "POST /dev/ioc HTTP/1.1" 200 162
2023-03-27 15:19:28,600 - DEBUG - < TEXT '[2, "c396079f-bec1-434b-b9cd-a9a85e1c8911", "Ch...ine", "value": "true"}]' [117 bytes]
2023-03-27 15:19:28,608 - DEBUG - > TEXT '[3, "c396079f-bec1-434b-b9cd-a9a85e1c8911", {"status": "Accepted"}]' [67 bytes]
2023-03-27 15:19:28,893 - DEBUG - < TEXT '{}' [2 bytes]
2023-03-27 15:19:28,922 - DEBUG - Starting new HTTPS connection (1): 8b434254zg.execute-api.ap-northeast-2.amazonaws.com:443
2023-03-27 15:19:29,318 - DEBUG - https://8b434254zg.execute-api.ap-northeast-2.amazonaws.com:443 "POST /dev/ioc HTTP/1.1" 200 106
2023-03-27 15:19:29,367 - DEBUG - < TEXT '[2, "595725bc-8eeb-43ac-82eb-10e83db6df46", "ClearCache", {}]' [61 bytes]
2023-03-27 15:19:29,376 - DEBUG - > TEXT '[3, "595725bc-8eeb-43ac-82eb-10e83db6df46", {"status": "Accepted"}]' [67 bytes]
2023-03-27 15:19:29,560 - DEBUG - < TEXT '{}' [2 bytes]
2023-03-27 15:19:29,588 - DEBUG - > TEXT '[2, "b15648fd-94ee-48c7-85c6-5e01523d4d8c", "St...2023-03-27T15:19:26Z"}]' [154 bytes]
2023-03-27 15:19:29,783 - DEBUG - < TEXT '[4, "b15648fd-94ee-48c7-85c6-5e01523d4d8c", {"e...ccurence constraints"}]' [219 bytes]
2023-03-27 15:19:29,800 - DEBUG - = connection is CLOSING
2023-03-27 15:19:29,800 - DEBUG - > CLOSE 1000 (OK) [2 bytes]
2023-03-27 15:19:29,807 - DEBUG - < CLOSE 1000 (OK) [2 bytes]
2023-03-27 15:19:29,813 - DEBUG - = connection is CLOSED
2023-03-27 15:19:33,556 - DEBUG - = connection is CONNECTING
2023-03-27 15:19:33,593 - DEBUG - > GET /ocpp16/ELA007C01/EVSCA070007 HTTP/1.1
2023-03-27 15:19:33,594 - DEBUG - > Host: ws.devevspcharger.uplus.co.kr
2023-03-27 15:19:33,594 - DEBUG - > Upgrade: websocket
2023-03-27 15:19:33,594 - DEBUG - > Connection: Upgrade
2023-03-27 15:19:33,594 - DEBUG - > Sec-WebSocket-Key: bw8dJ8zs21ba0vTmZPrgyg==
2023-03-27 15:19:33,594 - DEBUG - > Sec-WebSocket-Version: 13
2023-03-27 15:19:33,595 - DEBUG - > Sec-WebSocket-Extensions: permessage-deflate; client_max_window_bits
2023-03-27 15:19:33,595 - DEBUG - > Sec-WebSocket-Protocol: ocpp1.6
2023-03-27 15:19:33,595 - DEBUG - > Authorization: Basic RVZBUjpFVkFSTEdV
2023-03-27 15:19:33,595 - DEBUG - > User-Agent: Python/3.11 websockets/10.4
2023-03-27 15:19:33,807 - DEBUG - < HTTP/1.1 101 Switching Protocols
2023-03-27 15:19:33,807 - DEBUG - < Connection: upgrade
2023-03-27 15:19:33,807 - DEBUG - < Date: Mon, 27 Mar 2023 06:19:33 GMT
2023-03-27 15:19:33,807 - DEBUG - < sec-websocket-protocol: ocpp1.6
2023-03-27 15:19:33,808 - DEBUG - < upgrade: websocket
2023-03-27 15:19:33,808 - DEBUG - < sec-websocket-accept: uCFovjpDP4ve4cWUtvlwsLxz7gs=
2023-03-27 15:19:33,808 - DEBUG - < sec-websocket-extensions: permessage-deflate
2023-03-27 15:19:33,808 - DEBUG - < X-Cache: Miss from cloudfront
2023-03-27 15:19:33,808 - DEBUG - < Via: 1.1 f192ae96aecb34ea7c9905f8f9f23272.cloudfront.net (CloudFront)
2023-03-27 15:19:33,808 - DEBUG - < X-Amz-Cf-Pop: ICN51-C1
2023-03-27 15:19:33,808 - DEBUG - < X-Amz-Cf-Id: v5ZYX4SfECqiattJCfinr55SAOeqWqItzB18g56EyAy7N87LWxUdsQ==
2023-03-27 15:19:33,809 - DEBUG - = connection is OPEN
2023-03-27 15:19:33,836 - DEBUG - > TEXT '[2, "5a0dd009-d9bc-4420-b0b3-7bfd3fb34afb", "Bo...umber": "EVSCA070007"}]' [169 bytes]
2023-03-27 15:19:34,060 - DEBUG - < TEXT '[3, "5a0dd009-d9bc-4420-b0b3-7bfd3fb34afb", {"s...33Z", "interval": 300}]' [123 bytes]
2023-03-27 15:19:34,097 - DEBUG - Starting new HTTPS connection (1): 8b434254zg.execute-api.ap-northeast-2.amazonaws.com:443
2023-03-27 15:19:34,479 - DEBUG - https://8b434254zg.execute-api.ap-northeast-2.amazonaws.com:443 "POST /dev/ioc HTTP/1.1" 200 167
2023-03-27 15:19:34,516 - DEBUG - < TEXT '[2, "eec8936a-e172-4a04-bcbf-8dfc64389e5a", "Ch...nId", "value": "true"}]' [122 bytes]
2023-03-27 15:19:34,520 - DEBUG - > TEXT '[3, "eec8936a-e172-4a04-bcbf-8dfc64389e5a", {"status": "Accepted"}]' [67 bytes]
2023-03-27 15:19:34,699 - DEBUG - < TEXT '{}' [2 bytes]
2023-03-27 15:19:34,730 - DEBUG - Starting new HTTPS connection (1): 8b434254zg.execute-api.ap-northeast-2.amazonaws.com:443
2023-03-27 15:19:35,158 - DEBUG - https://8b434254zg.execute-api.ap-northeast-2.amazonaws.com:443 "POST /dev/ioc HTTP/1.1" 200 162
2023-03-27 15:19:35,195 - DEBUG - < TEXT '[2, "b0f8b83d-a982-4197-9194-9eeabcdc878b", "Ch...ine", "value": "true"}]' [117 bytes]
2023-03-27 15:19:35,202 - DEBUG - > TEXT '[3, "b0f8b83d-a982-4197-9194-9eeabcdc878b", {"status": "Accepted"}]' [67 bytes]
2023-03-27 15:19:35,381 - DEBUG - < TEXT '{}' [2 bytes]
2023-03-27 15:19:35,413 - DEBUG - Starting new HTTPS connection (1): 8b434254zg.execute-api.ap-northeast-2.amazonaws.com:443
2023-03-27 15:19:35,798 - DEBUG - https://8b434254zg.execute-api.ap-northeast-2.amazonaws.com:443 "POST /dev/ioc HTTP/1.1" 200 106
2023-03-27 15:19:35,839 - DEBUG - < TEXT '[2, "5295bca0-dc9f-4c32-96d6-d5988ffa9025", "ClearCache", {}]' [61 bytes]
2023-03-27 15:19:35,842 - DEBUG - > TEXT '[3, "5295bca0-dc9f-4c32-96d6-d5988ffa9025", {"status": "Accepted"}]' [67 bytes]
2023-03-27 15:19:36,042 - DEBUG - < TEXT '{}' [2 bytes]
2023-03-27 15:19:36,071 - DEBUG - > TEXT '[2, "0d5cdf22-8614-4b7d-8ee4-fe5ff315ad61", "St...2023-03-27T15:19:26Z"}]' [154 bytes]
2023-03-27 15:19:36,298 - DEBUG - < TEXT '[4, "0d5cdf22-8614-4b7d-8ee4-fe5ff315ad61", {"e...ccurence constraints"}]' [219 bytes]
2023-03-27 15:19:36,319 - DEBUG - = connection is CLOSING
2023-03-27 15:19:36,319 - DEBUG - > CLOSE 1000 (OK) [2 bytes]
2023-03-27 15:19:36,327 - DEBUG - < CLOSE 1000 (OK) [2 bytes]
2023-03-27 15:19:36,331 - DEBUG - = connection is CLOSED
2023-03-27 15:19:38,434 - DEBUG - = connection is CONNECTING
2023-03-27 15:19:38,469 - DEBUG - > GET /ocpp16/ELA007C01/EVSCA070007 HTTP/1.1
2023-03-27 15:19:38,471 - DEBUG - > Host: ws.devevspcharger.uplus.co.kr
2023-03-27 15:19:38,471 - DEBUG - > Upgrade: websocket
2023-03-27 15:19:38,472 - DEBUG - > Connection: Upgrade
2023-03-27 15:19:38,472 - DEBUG - > Sec-WebSocket-Key: xoCkzAaDl6u7ZnbDb8gV5w==
2023-03-27 15:19:38,472 - DEBUG - > Sec-WebSocket-Version: 13
2023-03-27 15:19:38,472 - DEBUG - > Sec-WebSocket-Extensions: permessage-deflate; client_max_window_bits
2023-03-27 15:19:38,472 - DEBUG - > Sec-WebSocket-Protocol: ocpp1.6
2023-03-27 15:19:38,472 - DEBUG - > Authorization: Basic RVZBUjpFVkFSTEdV
2023-03-27 15:19:38,472 - DEBUG - > User-Agent: Python/3.11 websockets/10.4
2023-03-27 15:19:38,698 - DEBUG - < HTTP/1.1 101 Switching Protocols
2023-03-27 15:19:38,698 - DEBUG - < Connection: upgrade
2023-03-27 15:19:38,698 - DEBUG - < Date: Mon, 27 Mar 2023 06:19:38 GMT
2023-03-27 15:19:38,698 - DEBUG - < sec-websocket-protocol: ocpp1.6
2023-03-27 15:19:38,699 - DEBUG - < upgrade: websocket
2023-03-27 15:19:38,699 - DEBUG - < sec-websocket-accept: cmCpd9Oaev9Al3GPCPDQR11sVpI=
2023-03-27 15:19:38,699 - DEBUG - < sec-websocket-extensions: permessage-deflate
2023-03-27 15:19:38,699 - DEBUG - < X-Cache: Miss from cloudfront
2023-03-27 15:19:38,699 - DEBUG - < Via: 1.1 0616486ad46b5cc759e6c1f2f456347a.cloudfront.net (CloudFront)
2023-03-27 15:19:38,699 - DEBUG - < X-Amz-Cf-Pop: ICN51-C1
2023-03-27 15:19:38,699 - DEBUG - < X-Amz-Cf-Id: CZ5s0oIkUy7kWjGAMMMALZWisxJAciMVLh51dvFEDW1kIabUe_qqUg==
2023-03-27 15:19:38,699 - DEBUG - = connection is OPEN
2023-03-27 15:19:38,732 - DEBUG - > TEXT '[2, "33c1e108-e6af-4de0-b2db-40d4799589f2", "Bo...umber": "EVSCA070007"}]' [169 bytes]
2023-03-27 15:19:39,003 - DEBUG - < TEXT '[3, "33c1e108-e6af-4de0-b2db-40d4799589f2", {"s...38Z", "interval": 300}]' [123 bytes]
2023-03-27 15:19:39,037 - DEBUG - Starting new HTTPS connection (1): 8b434254zg.execute-api.ap-northeast-2.amazonaws.com:443
2023-03-27 15:19:39,417 - DEBUG - https://8b434254zg.execute-api.ap-northeast-2.amazonaws.com:443 "POST /dev/ioc HTTP/1.1" 200 167
2023-03-27 15:19:39,456 - DEBUG - < TEXT '[2, "16ad665c-b654-4f5d-be22-fdd03a221108", "Ch...nId", "value": "true"}]' [122 bytes]
2023-03-27 15:19:39,459 - DEBUG - > TEXT '[3, "16ad665c-b654-4f5d-be22-fdd03a221108", {"status": "Accepted"}]' [67 bytes]
2023-03-27 15:19:39,661 - DEBUG - < TEXT '{}' [2 bytes]
2023-03-27 15:19:39,692 - DEBUG - Starting new HTTPS connection (1): 8b434254zg.execute-api.ap-northeast-2.amazonaws.com:443
2023-03-27 15:19:40,098 - DEBUG - https://8b434254zg.execute-api.ap-northeast-2.amazonaws.com:443 "POST /dev/ioc HTTP/1.1" 200 162
2023-03-27 15:19:40,132 - DEBUG - < TEXT '[2, "471d08cb-d4c6-4650-a4b8-e8b738d78b8d", "Ch...ine", "value": "true"}]' [117 bytes]
2023-03-27 15:19:40,138 - DEBUG - > TEXT '[3, "471d08cb-d4c6-4650-a4b8-e8b738d78b8d", {"status": "Accepted"}]' [67 bytes]
2023-03-27 15:19:40,323 - DEBUG - < TEXT '{}' [2 bytes]
2023-03-27 15:19:40,355 - DEBUG - Starting new HTTPS connection (1): 8b434254zg.execute-api.ap-northeast-2.amazonaws.com:443
2023-03-27 15:19:41,763 - DEBUG - https://8b434254zg.execute-api.ap-northeast-2.amazonaws.com:443 "POST /dev/ioc HTTP/1.1" 200 106
2023-03-27 15:19:41,805 - DEBUG - < TEXT '[2, "04b48652-ef80-4694-aed5-8ab5b5a4605d", "ClearCache", {}]' [61 bytes]
2023-03-27 15:19:41,815 - DEBUG - > TEXT '[3, "04b48652-ef80-4694-aed5-8ab5b5a4605d", {"status": "Accepted"}]' [67 bytes]
2023-03-27 15:19:42,005 - DEBUG - < TEXT '{}' [2 bytes]
2023-03-27 15:19:42,038 - DEBUG - > TEXT '[2, "0c5eaa9f-22ef-49bf-9f6a-3284448dca12", "St...2023-03-27T15:19:26Z"}]' [154 bytes]
2023-03-27 15:19:42,221 - DEBUG - < TEXT '[4, "0c5eaa9f-22ef-49bf-9f6a-3284448dca12", {"e...ccurence constraints"}]' [219 bytes]
2023-03-27 15:19:42,235 - DEBUG - = connection is CLOSING
2023-03-27 15:19:42,236 - DEBUG - > CLOSE 1000 (OK) [2 bytes]
2023-03-27 15:19:42,246 - DEBUG - < CLOSE 1000 (OK) [2 bytes]
2023-03-27 15:19:42,249 - DEBUG - = connection is CLOSED
2023-03-27 15:19:45,661 - DEBUG - = connection is CONNECTING
2023-03-27 15:19:45,708 - DEBUG - > GET /ocpp16/ELA007C01/EVSCA070007 HTTP/1.1
2023-03-27 15:19:45,708 - DEBUG - > Host: ws.devevspcharger.uplus.co.kr
2023-03-27 15:19:45,709 - DEBUG - > Upgrade: websocket
2023-03-27 15:19:45,709 - DEBUG - > Connection: Upgrade
2023-03-27 15:19:45,709 - DEBUG - > Sec-WebSocket-Key: Z3hdliVV0aHNZfxPZzPxCw==
2023-03-27 15:19:45,709 - DEBUG - > Sec-WebSocket-Version: 13
2023-03-27 15:19:45,709 - DEBUG - > Sec-WebSocket-Extensions: permessage-deflate; client_max_window_bits
2023-03-27 15:19:45,709 - DEBUG - > Sec-WebSocket-Protocol: ocpp1.6
2023-03-27 15:19:45,709 - DEBUG - > Authorization: Basic RVZBUjpFVkFSTEdV
2023-03-27 15:19:45,709 - DEBUG - > User-Agent: Python/3.11 websockets/10.4
2023-03-27 15:19:45,928 - DEBUG - < HTTP/1.1 101 Switching Protocols
2023-03-27 15:19:45,928 - DEBUG - < Connection: upgrade
2023-03-27 15:19:45,928 - DEBUG - < Date: Mon, 27 Mar 2023 06:19:45 GMT
2023-03-27 15:19:45,928 - DEBUG - < sec-websocket-protocol: ocpp1.6
2023-03-27 15:19:45,928 - DEBUG - < upgrade: websocket
2023-03-27 15:19:45,929 - DEBUG - < sec-websocket-accept: i31QMxbNPgnvcJrtTqymCSW0JCc=
2023-03-27 15:19:45,929 - DEBUG - < sec-websocket-extensions: permessage-deflate
2023-03-27 15:19:45,929 - DEBUG - < X-Cache: Miss from cloudfront
2023-03-27 15:19:45,929 - DEBUG - < Via: 1.1 9fc95092bba06532109a035215d01250.cloudfront.net (CloudFront)
2023-03-27 15:19:45,929 - DEBUG - < X-Amz-Cf-Pop: ICN51-C1
2023-03-27 15:19:45,929 - DEBUG - < X-Amz-Cf-Id: IFAsq1kyfVM0IPOoKcIU3hs317hhcbS0YPe4QuxrYcj0bP2vDeLvBA==
2023-03-27 15:19:45,929 - DEBUG - = connection is OPEN
2023-03-27 15:19:45,956 - DEBUG - > TEXT '[2, "5d33c70d-3d83-47cd-8c6c-bf9574399505", "Bo...umber": "EVSCA070007"}]' [169 bytes]
2023-03-27 15:19:46,179 - DEBUG - < TEXT '[3, "5d33c70d-3d83-47cd-8c6c-bf9574399505", {"s...45Z", "interval": 300}]' [123 bytes]
2023-03-27 15:19:46,210 - DEBUG - Starting new HTTPS connection (1): 8b434254zg.execute-api.ap-northeast-2.amazonaws.com:443
2023-03-27 15:19:46,617 - DEBUG - https://8b434254zg.execute-api.ap-northeast-2.amazonaws.com:443 "POST /dev/ioc HTTP/1.1" 200 167
2023-03-27 15:19:46,664 - DEBUG - < TEXT '[2, "093b3e93-bd98-4366-b0f1-ab9a82b4e29d", "Ch...nId", "value": "true"}]' [122 bytes]
2023-03-27 15:19:46,669 - DEBUG - > TEXT '[3, "093b3e93-bd98-4366-b0f1-ab9a82b4e29d", {"status": "Accepted"}]' [67 bytes]
2023-03-27 15:19:46,897 - DEBUG - < TEXT '{}' [2 bytes]
2023-03-27 15:19:46,935 - DEBUG - Starting new HTTPS connection (1): 8b434254zg.execute-api.ap-northeast-2.amazonaws.com:443
2023-03-27 15:19:47,357 - DEBUG - https://8b434254zg.execute-api.ap-northeast-2.amazonaws.com:443 "POST /dev/ioc HTTP/1.1" 200 162
2023-03-27 15:19:47,393 - DEBUG - < TEXT '[2, "3e4eced0-da2a-426a-84d4-22b7f1aefd7a", "Ch...ine", "value": "true"}]' [117 bytes]
2023-03-27 15:19:47,400 - DEBUG - > TEXT '[3, "3e4eced0-da2a-426a-84d4-22b7f1aefd7a", {"status": "Accepted"}]' [67 bytes]
2023-03-27 15:19:47,579 - DEBUG - < TEXT '{}' [2 bytes]
2023-03-27 15:19:47,608 - DEBUG - Starting new HTTPS connection (1): 8b434254zg.execute-api.ap-northeast-2.amazonaws.com:443
2023-03-27 15:19:48,018 - DEBUG - https://8b434254zg.execute-api.ap-northeast-2.amazonaws.com:443 "POST /dev/ioc HTTP/1.1" 200 106
2023-03-27 15:19:48,060 - DEBUG - < TEXT '[2, "d2dd0ff7-a4e1-4c47-85cb-90ec44aca03f", "ClearCache", {}]' [61 bytes]
2023-03-27 15:19:48,063 - DEBUG - > TEXT '[3, "d2dd0ff7-a4e1-4c47-85cb-90ec44aca03f", {"status": "Accepted"}]' [67 bytes]
2023-03-27 15:19:48,239 - DEBUG - < TEXT '{}' [2 bytes]
2023-03-27 15:19:48,268 - DEBUG - > TEXT '[2, "2b38bec5-bf68-45f2-8a93-345d54981598", "St...2023-03-27T15:19:26Z"}]' [154 bytes]
2023-03-27 15:19:48,493 - DEBUG - < TEXT '[4, "2b38bec5-bf68-45f2-8a93-345d54981598", {"e...ccurence constraints"}]' [219 bytes]
2023-03-27 15:19:48,512 - DEBUG - = connection is CLOSING
2023-03-27 15:19:48,512 - DEBUG - > CLOSE 1000 (OK) [2 bytes]
2023-03-27 15:19:48,520 - DEBUG - < CLOSE 1000 (OK) [2 bytes]
2023-03-27 15:19:48,526 - DEBUG - = connection is CLOSED
2023-03-27 15:20:05,940 - DEBUG - = connection is CONNECTING
2023-03-27 15:20:05,975 - DEBUG - > GET /ocpp16/ELA007C01/EVSCA070007 HTTP/1.1
2023-03-27 15:20:05,977 - DEBUG - > Host: ws.devevspcharger.uplus.co.kr
2023-03-27 15:20:05,977 - DEBUG - > Upgrade: websocket
2023-03-27 15:20:05,977 - DEBUG - > Connection: Upgrade
2023-03-27 15:20:05,977 - DEBUG - > Sec-WebSocket-Key: pvieOMiXxeVWKixJWoIBlg==
2023-03-27 15:20:05,978 - DEBUG - > Sec-WebSocket-Version: 13
2023-03-27 15:20:05,978 - DEBUG - > Sec-WebSocket-Extensions: permessage-deflate; client_max_window_bits
2023-03-27 15:20:05,978 - DEBUG - > Sec-WebSocket-Protocol: ocpp1.6
2023-03-27 15:20:05,978 - DEBUG - > Authorization: Basic RVZBUjpFVkFSTEdV
2023-03-27 15:20:05,978 - DEBUG - > User-Agent: Python/3.11 websockets/10.4
2023-03-27 15:20:06,210 - DEBUG - < HTTP/1.1 101 Switching Protocols
2023-03-27 15:20:06,210 - DEBUG - < Connection: upgrade
2023-03-27 15:20:06,210 - DEBUG - < Date: Mon, 27 Mar 2023 06:20:05 GMT
2023-03-27 15:20:06,210 - DEBUG - < sec-websocket-protocol: ocpp1.6
2023-03-27 15:20:06,211 - DEBUG - < upgrade: websocket
2023-03-27 15:20:06,211 - DEBUG - < sec-websocket-accept: XjELKS7HJMUwm1hw0ldLcAsBZUI=
2023-03-27 15:20:06,211 - DEBUG - < sec-websocket-extensions: permessage-deflate
2023-03-27 15:20:06,211 - DEBUG - < X-Cache: Miss from cloudfront
2023-03-27 15:20:06,211 - DEBUG - < Via: 1.1 bbf342ea1d6b5f036762d065c95e4210.cloudfront.net (CloudFront)
2023-03-27 15:20:06,211 - DEBUG - < X-Amz-Cf-Pop: ICN51-C1
2023-03-27 15:20:06,211 - DEBUG - < X-Amz-Cf-Id: mkaCCaqPHdnWEhbHEoFDTB0c4uhYKW1sitScdS1kW4ET5hnldxUppw==
2023-03-27 15:20:06,211 - DEBUG - = connection is OPEN
2023-03-27 15:20:06,238 - DEBUG - > TEXT '[2, "9cdbf763-e432-451c-9c02-349b0bf2ae7f", "Bo...umber": "EVSCA070007"}]' [169 bytes]
2023-03-27 15:20:06,459 - DEBUG - < TEXT '[3, "9cdbf763-e432-451c-9c02-349b0bf2ae7f", {"s...06Z", "interval": 300}]' [123 bytes]
2023-03-27 15:20:06,490 - DEBUG - Starting new HTTPS connection (1): 8b434254zg.execute-api.ap-northeast-2.amazonaws.com:443
2023-03-27 15:20:06,903 - DEBUG - https://8b434254zg.execute-api.ap-northeast-2.amazonaws.com:443 "POST /dev/ioc HTTP/1.1" 200 167
2023-03-27 15:20:06,955 - DEBUG - < TEXT '[2, "fe8d9708-b071-44d7-bb4d-8f2f7b719385", "Ch...nId", "value": "true"}]' [122 bytes]
2023-03-27 15:20:06,961 - DEBUG - > TEXT '[3, "fe8d9708-b071-44d7-bb4d-8f2f7b719385", {"status": "Accepted"}]' [67 bytes]
2023-03-27 15:20:07,138 - DEBUG - < TEXT '{}' [2 bytes]
2023-03-27 15:20:07,172 - DEBUG - Starting new HTTPS connection (1): 8b434254zg.execute-api.ap-northeast-2.amazonaws.com:443
2023-03-27 15:20:07,578 - DEBUG - https://8b434254zg.execute-api.ap-northeast-2.amazonaws.com:443 "POST /dev/ioc HTTP/1.1" 200 162
2023-03-27 15:20:07,623 - DEBUG - < TEXT '[2, "d53f84e8-4dbb-4972-b71c-85b06db5b2d4", "Ch...ine", "value": "true"}]' [117 bytes]
2023-03-27 15:20:07,631 - DEBUG - > TEXT '[3, "d53f84e8-4dbb-4972-b71c-85b06db5b2d4", {"status": "Accepted"}]' [67 bytes]
2023-03-27 15:20:07,825 - DEBUG - < TEXT '{}' [2 bytes]
2023-03-27 15:20:07,860 - DEBUG - Starting new HTTPS connection (1): 8b434254zg.execute-api.ap-northeast-2.amazonaws.com:443
2023-03-27 15:20:08,243 - DEBUG - https://8b434254zg.execute-api.ap-northeast-2.amazonaws.com:443 "POST /dev/ioc HTTP/1.1" 200 106
2023-03-27 15:20:08,284 - DEBUG - < TEXT '[2, "e46243e9-4a54-4bdf-aede-a040f40f4c61", "ClearCache", {}]' [61 bytes]
2023-03-27 15:20:08,292 - DEBUG - > TEXT '[3, "e46243e9-4a54-4bdf-aede-a040f40f4c61", {"status": "Accepted"}]' [67 bytes]
2023-03-27 15:20:08,488 - DEBUG - < TEXT '{}' [2 bytes]
2023-03-27 15:20:08,517 - DEBUG - > TEXT '[2, "5d025662-6de1-4e3b-93e4-8d4510874ae0", "St...2023-03-27T15:19:26Z"}]' [154 bytes]
2023-03-27 15:20:08,719 - DEBUG - < TEXT '[4, "5d025662-6de1-4e3b-93e4-8d4510874ae0", {"e...ccurence constraints"}]' [219 bytes]
2023-03-27 15:20:08,742 - DEBUG - = connection is CLOSING
2023-03-27 15:20:08,742 - DEBUG - > CLOSE 1000 (OK) [2 bytes]
2023-03-27 15:20:08,750 - DEBUG - < CLOSE 1000 (OK) [2 bytes]
2023-03-27 15:20:08,756 - DEBUG - = connection is CLOSED
2023-03-27 15:20:18,928 - DEBUG - = connection is CONNECTING
2023-03-27 15:20:18,963 - DEBUG - > GET /ocpp16/ELA007C01/EVSCA070007 HTTP/1.1
2023-03-27 15:20:18,963 - DEBUG - > Host: ws.devevspcharger.uplus.co.kr
2023-03-27 15:20:18,964 - DEBUG - > Upgrade: websocket
2023-03-27 15:20:18,964 - DEBUG - > Connection: Upgrade
2023-03-27 15:20:18,964 - DEBUG - > Sec-WebSocket-Key: 9D9avFNNzaZ240O2V0iSQQ==
2023-03-27 15:20:18,964 - DEBUG - > Sec-WebSocket-Version: 13
2023-03-27 15:20:18,964 - DEBUG - > Sec-WebSocket-Extensions: permessage-deflate; client_max_window_bits
2023-03-27 15:20:18,964 - DEBUG - > Sec-WebSocket-Protocol: ocpp1.6
2023-03-27 15:20:18,964 - DEBUG - > Authorization: Basic RVZBUjpFVkFSTEdV
2023-03-27 15:20:18,964 - DEBUG - > User-Agent: Python/3.11 websockets/10.4
2023-03-27 15:20:19,188 - DEBUG - < HTTP/1.1 101 Switching Protocols
2023-03-27 15:20:19,189 - DEBUG - < Connection: upgrade
2023-03-27 15:20:19,189 - DEBUG - < Date: Mon, 27 Mar 2023 06:20:18 GMT
2023-03-27 15:20:19,189 - DEBUG - < sec-websocket-protocol: ocpp1.6
2023-03-27 15:20:19,189 - DEBUG - < upgrade: websocket
2023-03-27 15:20:19,189 - DEBUG - < sec-websocket-accept: oaspVz3HWMuD4XKKC9YxlSugWnA=
2023-03-27 15:20:19,189 - DEBUG - < sec-websocket-extensions: permessage-deflate
2023-03-27 15:20:19,189 - DEBUG - < X-Cache: Miss from cloudfront
2023-03-27 15:20:19,190 - DEBUG - < Via: 1.1 9fc95092bba06532109a035215d01250.cloudfront.net (CloudFront)
2023-03-27 15:20:19,190 - DEBUG - < X-Amz-Cf-Pop: ICN51-C1
2023-03-27 15:20:19,190 - DEBUG - < X-Amz-Cf-Id: zs2YT3JFpdlazQ6YcUQBHVhvOBk_xZcDVgq7UfW3h9QhvRiF6f1NJQ==
2023-03-27 15:20:19,190 - DEBUG - = connection is OPEN
2023-03-27 15:20:19,243 - DEBUG - > TEXT '[2, "e03564e2-022a-4dc6-a42b-e81128b768be", "Bo...umber": "EVSCA070007"}]' [169 bytes]
2023-03-27 15:20:19,461 - DEBUG - < TEXT '[3, "e03564e2-022a-4dc6-a42b-e81128b768be", {"s...19Z", "interval": 300}]' [123 bytes]
2023-03-27 15:20:19,497 - DEBUG - Starting new HTTPS connection (1): 8b434254zg.execute-api.ap-northeast-2.amazonaws.com:443
2023-03-27 15:20:19,877 - DEBUG - https://8b434254zg.execute-api.ap-northeast-2.amazonaws.com:443 "POST /dev/ioc HTTP/1.1" 200 167
2023-03-27 15:20:19,925 - DEBUG - < TEXT '[2, "c6a218fe-0025-46bb-a642-79dc039a778f", "Ch...nId", "value": "true"}]' [122 bytes]
2023-03-27 15:20:19,929 - DEBUG - > TEXT '[3, "c6a218fe-0025-46bb-a642-79dc039a778f", {"status": "Accepted"}]' [67 bytes]
2023-03-27 15:20:20,078 - DEBUG - < TEXT '{}' [2 bytes]
2023-03-27 15:20:20,113 - DEBUG - Starting new HTTPS connection (1): 8b434254zg.execute-api.ap-northeast-2.amazonaws.com:443
2023-03-27 15:20:20,500 - DEBUG - https://8b434254zg.execute-api.ap-northeast-2.amazonaws.com:443 "POST /dev/ioc HTTP/1.1" 200 162
2023-03-27 15:20:20,546 - DEBUG - < TEXT '[2, "a45ff406-f6cf-4388-a257-9975bb8a468f", "Ch...ine", "value": "true"}]' [117 bytes]
2023-03-27 15:20:20,551 - DEBUG - > TEXT '[3, "a45ff406-f6cf-4388-a257-9975bb8a468f", {"status": "Accepted"}]' [67 bytes]
2023-03-27 15:20:20,759 - DEBUG - < TEXT '{}' [2 bytes]
2023-03-27 15:20:20,791 - DEBUG - Starting new HTTPS connection (1): 8b434254zg.execute-api.ap-northeast-2.amazonaws.com:443
2023-03-27 15:20:21,157 - DEBUG - https://8b434254zg.execute-api.ap-northeast-2.amazonaws.com:443 "POST /dev/ioc HTTP/1.1" 200 106
2023-03-27 15:20:21,210 - DEBUG - < TEXT '[2, "ec9ab55c-787a-40cb-8c03-8825936d522d", "ClearCache", {}]' [61 bytes]
2023-03-27 15:20:21,216 - DEBUG - > TEXT '[3, "ec9ab55c-787a-40cb-8c03-8825936d522d", {"status": "Accepted"}]' [67 bytes]
2023-03-27 15:20:21,405 - DEBUG - < TEXT '{}' [2 bytes]
2023-03-27 15:20:21,431 - DEBUG - > TEXT '[2, "7f45b53f-7ce7-40aa-afe9-df1dbe892cbd", "St...2023-03-27T15:19:26Z"}]' [154 bytes]
2023-03-27 15:20:21,643 - DEBUG - < TEXT '[4, "7f45b53f-7ce7-40aa-afe9-df1dbe892cbd", {"e...ccurence constraints"}]' [219 bytes]
2023-03-27 15:20:21,661 - DEBUG - = connection is CLOSING
2023-03-27 15:20:21,661 - DEBUG - > CLOSE 1000 (OK) [2 bytes]
2023-03-27 15:20:21,669 - DEBUG - < CLOSE 1000 (OK) [2 bytes]
2023-03-27 15:20:21,672 - DEBUG - = connection is CLOSED
2023-03-27 15:20:35,583 - DEBUG - = connection is CONNECTING
2023-03-27 15:20:35,621 - DEBUG - > GET /ocpp16/ELA007C01/EVSCA070007 HTTP/1.1
2023-03-27 15:20:35,622 - DEBUG - > Host: ws.devevspcharger.uplus.co.kr
2023-03-27 15:20:35,622 - DEBUG - > Upgrade: websocket
2023-03-27 15:20:35,622 - DEBUG - > Connection: Upgrade
2023-03-27 15:20:35,622 - DEBUG - > Sec-WebSocket-Key: 63gLva3pjPS79atdHtAOeg==
2023-03-27 15:20:35,622 - DEBUG - > Sec-WebSocket-Version: 13
2023-03-27 15:20:35,622 - DEBUG - > Sec-WebSocket-Extensions: permessage-deflate; client_max_window_bits
2023-03-27 15:20:35,622 - DEBUG - > Sec-WebSocket-Protocol: ocpp1.6
2023-03-27 15:20:35,623 - DEBUG - > Authorization: Basic RVZBUjpFVkFSTEdV
2023-03-27 15:20:35,623 - DEBUG - > User-Agent: Python/3.11 websockets/10.4
2023-03-27 15:20:35,888 - DEBUG - < HTTP/1.1 101 Switching Protocols
2023-03-27 15:20:35,888 - DEBUG - < Connection: upgrade
2023-03-27 15:20:35,889 - DEBUG - < Date: Mon, 27 Mar 2023 06:20:35 GMT
2023-03-27 15:20:35,889 - DEBUG - < sec-websocket-protocol: ocpp1.6
2023-03-27 15:20:35,890 - DEBUG - < upgrade: websocket
2023-03-27 15:20:35,891 - DEBUG - < sec-websocket-accept: npkwT6k8/pIrX9frvApg3WqUtNg=
2023-03-27 15:20:35,891 - DEBUG - < sec-websocket-extensions: permessage-deflate
2023-03-27 15:20:35,891 - DEBUG - < X-Cache: Miss from cloudfront
2023-03-27 15:20:35,891 - DEBUG - < Via: 1.1 88978ba000ab6fbb0841a728290a8442.cloudfront.net (CloudFront)
2023-03-27 15:20:35,892 - DEBUG - < X-Amz-Cf-Pop: ICN57-P2
2023-03-27 15:20:35,892 - DEBUG - < X-Amz-Cf-Id: C3W1-UipkoNKcBncliDt4qtF_XN60zm8PJPGwmOxR2spUq6mENvtFA==
2023-03-27 15:20:35,892 - DEBUG - = connection is OPEN
2023-03-27 15:20:35,924 - DEBUG - > TEXT '[2, "60e813a6-f4ca-4080-b28a-be01ea1ddeb4", "Bo...umber": "EVSCA070007"}]' [169 bytes]
2023-03-27 15:20:36,200 - DEBUG - < TEXT '[3, "60e813a6-f4ca-4080-b28a-be01ea1ddeb4", {"s...35Z", "interval": 300}]' [123 bytes]
2023-03-27 15:20:36,239 - DEBUG - Starting new HTTPS connection (1): 8b434254zg.execute-api.ap-northeast-2.amazonaws.com:443
2023-03-27 15:20:36,657 - DEBUG - https://8b434254zg.execute-api.ap-northeast-2.amazonaws.com:443 "POST /dev/ioc HTTP/1.1" 200 167
2023-03-27 15:20:36,706 - DEBUG - < TEXT '[2, "90595873-344b-4647-aecc-26ede14ae3b1", "Ch...nId", "value": "true"}]' [122 bytes]
2023-03-27 15:20:36,712 - DEBUG - > TEXT '[3, "90595873-344b-4647-aecc-26ede14ae3b1", {"status": "Accepted"}]' [67 bytes]
2023-03-27 15:20:36,963 - DEBUG - < TEXT '{}' [2 bytes]
2023-03-27 15:20:37,006 - DEBUG - Starting new HTTPS connection (1): 8b434254zg.execute-api.ap-northeast-2.amazonaws.com:443
2023-03-27 15:20:37,376 - DEBUG - https://8b434254zg.execute-api.ap-northeast-2.amazonaws.com:443 "POST /dev/ioc HTTP/1.1" 200 162
2023-03-27 15:20:37,422 - DEBUG - < TEXT '[2, "37a5dae4-2a15-451a-b4c3-2b8a3eb23bb6", "Ch...ine", "value": "true"}]' [117 bytes]
2023-03-27 15:20:37,430 - DEBUG - > TEXT '[3, "37a5dae4-2a15-451a-b4c3-2b8a3eb23bb6", {"status": "Accepted"}]' [67 bytes]
2023-03-27 15:20:37,627 - DEBUG - < TEXT '{}' [2 bytes]
2023-03-27 15:20:37,665 - DEBUG - Starting new HTTPS connection (1): 8b434254zg.execute-api.ap-northeast-2.amazonaws.com:443
2023-03-27 15:20:38,062 - DEBUG - https://8b434254zg.execute-api.ap-northeast-2.amazonaws.com:443 "POST /dev/ioc HTTP/1.1" 200 106
2023-03-27 15:20:38,102 - DEBUG - < TEXT '[2, "2c791927-2493-4b19-b232-8bf13c95fea9", "ClearCache", {}]' [61 bytes]
2023-03-27 15:20:38,107 - DEBUG - > TEXT '[3, "2c791927-2493-4b19-b232-8bf13c95fea9", {"status": "Accepted"}]' [67 bytes]
2023-03-27 15:20:38,304 - DEBUG - < TEXT '{}' [2 bytes]
2023-03-27 15:20:38,330 - DEBUG - > TEXT '[2, "fb6f1d20-d811-48b0-8f86-2dab69e19d2b", "St...2023-03-27T15:19:26Z"}]' [154 bytes]
2023-03-27 15:20:38,611 - DEBUG - < TEXT '[4, "fb6f1d20-d811-48b0-8f86-2dab69e19d2b", {"e...ccurence constraints"}]' [219 bytes]
2023-03-27 15:20:38,633 - DEBUG - = connection is CLOSING
2023-03-27 15:20:38,633 - DEBUG - > CLOSE 1000 (OK) [2 bytes]
2023-03-27 15:20:38,653 - DEBUG - < CLOSE 1000 (OK) [2 bytes]
2023-03-27 15:20:38,657 - DEBUG - = connection is CLOSED
2023-03-27 15:21:02,006 - DEBUG - = connection is CONNECTING
2023-03-27 15:21:02,037 - DEBUG - > GET /ocpp16/ELA007C01/EVSCA070007 HTTP/1.1
2023-03-27 15:21:02,038 - DEBUG - > Host: ws.devevspcharger.uplus.co.kr
2023-03-27 15:21:02,038 - DEBUG - > Upgrade: websocket
2023-03-27 15:21:02,038 - DEBUG - > Connection: Upgrade
2023-03-27 15:21:02,038 - DEBUG - > Sec-WebSocket-Key: 8Cqh/18dDxNaOjZLBa8mJw==
2023-03-27 15:21:02,038 - DEBUG - > Sec-WebSocket-Version: 13
2023-03-27 15:21:02,038 - DEBUG - > Sec-WebSocket-Extensions: permessage-deflate; client_max_window_bits
2023-03-27 15:21:02,038 - DEBUG - > Sec-WebSocket-Protocol: ocpp1.6
2023-03-27 15:21:02,038 - DEBUG - > Authorization: Basic RVZBUjpFVkFSTEdV
2023-03-27 15:21:02,039 - DEBUG - > User-Agent: Python/3.11 websockets/10.4
2023-03-27 15:21:02,288 - DEBUG - < HTTP/1.1 101 Switching Protocols
2023-03-27 15:21:02,288 - DEBUG - < Connection: upgrade
2023-03-27 15:21:02,288 - DEBUG - < Date: Mon, 27 Mar 2023 06:21:01 GMT
2023-03-27 15:21:02,288 - DEBUG - < sec-websocket-protocol: ocpp1.6
2023-03-27 15:21:02,289 - DEBUG - < upgrade: websocket
2023-03-27 15:21:02,289 - DEBUG - < sec-websocket-accept: dHMvS1k8a1T7nyQEfYHhAdtLmrw=
2023-03-27 15:21:02,289 - DEBUG - < sec-websocket-extensions: permessage-deflate
2023-03-27 15:21:02,289 - DEBUG - < X-Cache: Miss from cloudfront
2023-03-27 15:21:02,289 - DEBUG - < Via: 1.1 9ce5dfe6a640bb6a762b3c2889e2317e.cloudfront.net (CloudFront)
2023-03-27 15:21:02,289 - DEBUG - < X-Amz-Cf-Pop: ICN57-P2
2023-03-27 15:21:02,289 - DEBUG - < X-Amz-Cf-Id: nS-JKabtmovIB3PjNJmJ0dxTXumMztaGGmlrKGiPHVp6s5-0ZZ0GOg==
2023-03-27 15:21:02,289 - DEBUG - = connection is OPEN
2023-03-27 15:21:02,315 - DEBUG - > TEXT '[2, "f7763099-b65b-4f28-b0c8-b91cfc8fc3a7", "Bo...umber": "EVSCA070007"}]' [169 bytes]
2023-03-27 15:21:02,559 - DEBUG - < TEXT '[3, "f7763099-b65b-4f28-b0c8-b91cfc8fc3a7", {"s...02Z", "interval": 300}]' [123 bytes]
2023-03-27 15:21:02,593 - DEBUG - > TEXT '[2, "81fe79ae-eb8a-4480-9836-4c6d692b3931", "St..."status": "Available"}]' [132 bytes]
2023-03-27 15:21:02,782 - DEBUG - < TEXT '[3, "81fe79ae-eb8a-4480-9836-4c6d692b3931", {}]' [47 bytes]
2023-03-27 15:21:02,815 - DEBUG - > TEXT '[2, "81fe79ae-eb8a-4480-9836-4c6d692b3931", "Au...": "1031040000069641"}]' [87 bytes]
2023-03-27 15:21:03,100 - DEBUG - < TEXT '[3, "81fe79ae-eb8a-4480-9836-4c6d692b3931", {"i..."status": "Accepted"}}]' [82 bytes]
2023-03-27 15:21:03,126 - DEBUG - = connection is CLOSING
2023-03-27 15:21:03,127 - DEBUG - > CLOSE 1000 (OK) [2 bytes]
2023-03-27 15:21:03,135 - DEBUG - < CLOSE 1000 (OK) [2 bytes]
2023-03-27 15:21:03,143 - DEBUG - = connection is CLOSED
2023-03-27 15:21:08,253 - DEBUG - = connection is CONNECTING
2023-03-27 15:21:08,288 - DEBUG - > GET /ocpp16/ELA007C01/EVSCA070007 HTTP/1.1
2023-03-27 15:21:08,288 - DEBUG - > Host: ws.devevspcharger.uplus.co.kr
2023-03-27 15:21:08,288 - DEBUG - > Upgrade: websocket
2023-03-27 15:21:08,289 - DEBUG - > Connection: Upgrade
2023-03-27 15:21:08,289 - DEBUG - > Sec-WebSocket-Key: 8wQ+9/27uWQFE4CdjJc/bA==
2023-03-27 15:21:08,289 - DEBUG - > Sec-WebSocket-Version: 13
2023-03-27 15:21:08,289 - DEBUG - > Sec-WebSocket-Extensions: permessage-deflate; client_max_window_bits
2023-03-27 15:21:08,289 - DEBUG - > Sec-WebSocket-Protocol: ocpp1.6
2023-03-27 15:21:08,289 - DEBUG - > Authorization: Basic RVZBUjpFVkFSTEdV
2023-03-27 15:21:08,289 - DEBUG - > User-Agent: Python/3.11 websockets/10.4
2023-03-27 15:21:08,488 - DEBUG - < HTTP/1.1 101 Switching Protocols
2023-03-27 15:21:08,489 - DEBUG - < Connection: upgrade
2023-03-27 15:21:08,489 - DEBUG - < Date: Mon, 27 Mar 2023 06:21:08 GMT
2023-03-27 15:21:08,489 - DEBUG - < sec-websocket-protocol: ocpp1.6
2023-03-27 15:21:08,489 - DEBUG - < upgrade: websocket
2023-03-27 15:21:08,489 - DEBUG - < sec-websocket-accept: IXhdFHSe8k0CpRwL0H/RclMXE5Q=
2023-03-27 15:21:08,489 - DEBUG - < sec-websocket-extensions: permessage-deflate
2023-03-27 15:21:08,489 - DEBUG - < X-Cache: Miss from cloudfront
2023-03-27 15:21:08,489 - DEBUG - < Via: 1.1 8cd680512056914f119efae770348786.cloudfront.net (CloudFront)
2023-03-27 15:21:08,490 - DEBUG - < X-Amz-Cf-Pop: ICN57-P2
2023-03-27 15:21:08,490 - DEBUG - < X-Amz-Cf-Id: 9cVPH7yt71hPduwezL437b4xtWSt1kvFz7VR61L9eMHW_6mAqFA1lg==
2023-03-27 15:21:08,490 - DEBUG - = connection is OPEN
2023-03-27 15:21:08,522 - DEBUG - > TEXT '[2, "e1a7ebe7-3304-48b7-bdd5-ad5b9cb819e4", "Bo...umber": "EVSCA070007"}]' [169 bytes]
2023-03-27 15:21:08,739 - DEBUG - < TEXT '[3, "e1a7ebe7-3304-48b7-bdd5-ad5b9cb819e4", {"s...08Z", "interval": 300}]' [123 bytes]
2023-03-27 15:21:08,773 - DEBUG - Starting new HTTPS connection (1): 8b434254zg.execute-api.ap-northeast-2.amazonaws.com:443
2023-03-27 15:21:09,438 - DEBUG - https://8b434254zg.execute-api.ap-northeast-2.amazonaws.com:443 "POST /dev/ioc HTTP/1.1" 200 167
2023-03-27 15:21:09,469 - DEBUG - < TEXT '[2, "b5eb75e5-5839-487c-8fe6-ffb45be487bd", "Ch...nId", "value": "true"}]' [122 bytes]
2023-03-27 15:21:09,477 - DEBUG - > TEXT '[3, "b5eb75e5-5839-487c-8fe6-ffb45be487bd", {"status": "Accepted"}]' [67 bytes]
2023-03-27 15:21:09,659 - DEBUG - < TEXT '{}' [2 bytes]
2023-03-27 15:21:09,689 - DEBUG - Starting new HTTPS connection (1): 8b434254zg.execute-api.ap-northeast-2.amazonaws.com:443
2023-03-27 15:21:10,077 - DEBUG - https://8b434254zg.execute-api.ap-northeast-2.amazonaws.com:443 "POST /dev/ioc HTTP/1.1" 200 162
2023-03-27 15:21:10,116 - DEBUG - < TEXT '[2, "d0e147c1-f88c-4db3-8a92-9d8466443329", "Ch...ine", "value": "true"}]' [117 bytes]
2023-03-27 15:21:10,124 - DEBUG - > TEXT '[3, "d0e147c1-f88c-4db3-8a92-9d8466443329", {"status": "Accepted"}]' [67 bytes]
2023-03-27 15:21:10,303 - DEBUG - < TEXT '{}' [2 bytes]
2023-03-27 15:21:10,351 - DEBUG - Starting new HTTPS connection (1): 8b434254zg.execute-api.ap-northeast-2.amazonaws.com:443
2023-03-27 15:21:10,776 - DEBUG - https://8b434254zg.execute-api.ap-northeast-2.amazonaws.com:443 "POST /dev/ioc HTTP/1.1" 200 106
2023-03-27 15:21:10,827 - DEBUG - < TEXT '[2, "272091be-e529-4287-a845-1e634fb29c7e", "ClearCache", {}]' [61 bytes]
2023-03-27 15:21:10,830 - DEBUG - > TEXT '[3, "272091be-e529-4287-a845-1e634fb29c7e", {"status": "Accepted"}]' [67 bytes]
2023-03-27 15:21:11,022 - DEBUG - < TEXT '{}' [2 bytes]
2023-03-27 15:21:11,049 - DEBUG - > TEXT '[2, "d88ec640-c74b-4411-a0a5-cf2febc01e9e", "St...2023-03-27T15:19:26Z"}]' [154 bytes]
2023-03-27 15:21:11,242 - DEBUG - < TEXT '[4, "d88ec640-c74b-4411-a0a5-cf2febc01e9e", {"e...ccurence constraints"}]' [219 bytes]
2023-03-27 15:21:11,266 - DEBUG - = connection is CLOSING
2023-03-27 15:21:11,266 - DEBUG - > CLOSE 1000 (OK) [2 bytes]
2023-03-27 15:21:11,274 - DEBUG - < CLOSE 1000 (OK) [2 bytes]
2023-03-27 15:21:11,279 - DEBUG - = connection is CLOSED
2023-03-27 15:21:21,345 - DEBUG - = connection is CONNECTING
2023-03-27 15:21:21,384 - DEBUG - > GET /ocpp16/ELA007C01/EVSCA070007 HTTP/1.1
2023-03-27 15:21:21,384 - DEBUG - > Host: ws.devevspcharger.uplus.co.kr
2023-03-27 15:21:21,385 - DEBUG - > Upgrade: websocket
2023-03-27 15:21:21,385 - DEBUG - > Connection: Upgrade
2023-03-27 15:21:21,385 - DEBUG - > Sec-WebSocket-Key: e8V0+2ZoNRXabZ2IlWwJwQ==
2023-03-27 15:21:21,385 - DEBUG - > Sec-WebSocket-Version: 13
2023-03-27 15:21:21,385 - DEBUG - > Sec-WebSocket-Extensions: permessage-deflate; client_max_window_bits
2023-03-27 15:21:21,385 - DEBUG - > Sec-WebSocket-Protocol: ocpp1.6
2023-03-27 15:21:21,386 - DEBUG - > Authorization: Basic RVZBUjpFVkFSTEdV
2023-03-27 15:21:21,386 - DEBUG - > User-Agent: Python/3.11 websockets/10.4
2023-03-27 15:21:21,589 - DEBUG - < HTTP/1.1 101 Switching Protocols
2023-03-27 15:21:21,590 - DEBUG - < Connection: upgrade
2023-03-27 15:21:21,590 - DEBUG - < Date: Mon, 27 Mar 2023 06:21:21 GMT
2023-03-27 15:21:21,591 - DEBUG - < sec-websocket-protocol: ocpp1.6
2023-03-27 15:21:21,592 - DEBUG - < upgrade: websocket
2023-03-27 15:21:21,592 - DEBUG - < sec-websocket-accept: b6Q56gqZXQlqtTugMfLitlFvY6k=
2023-03-27 15:21:21,592 - DEBUG - < sec-websocket-extensions: permessage-deflate
2023-03-27 15:21:21,592 - DEBUG - < X-Cache: Miss from cloudfront
2023-03-27 15:21:21,592 - DEBUG - < Via: 1.1 3ced0108f56d0634c19ad34e6b299e80.cloudfront.net (CloudFront)
2023-03-27 15:21:21,592 - DEBUG - < X-Amz-Cf-Pop: ICN57-P2
2023-03-27 15:21:21,592 - DEBUG - < X-Amz-Cf-Id: JODW-bM3miGxJY4l2Cx13udLaywudWFew7tknHX588TStatc5QxWTg==
2023-03-27 15:21:21,592 - DEBUG - = connection is OPEN
2023-03-27 15:21:21,624 - DEBUG - > TEXT '[2, "995852da-653d-4359-89c7-3ea55191c380", "Bo...umber": "EVSCA070007"}]' [169 bytes]
2023-03-27 15:21:21,841 - DEBUG - < TEXT '[3, "995852da-653d-4359-89c7-3ea55191c380", {"s...21Z", "interval": 300}]' [123 bytes]
2023-03-27 15:21:21,877 - DEBUG - Starting new HTTPS connection (1): 8b434254zg.execute-api.ap-northeast-2.amazonaws.com:443
2023-03-27 15:21:22,317 - DEBUG - https://8b434254zg.execute-api.ap-northeast-2.amazonaws.com:443 "POST /dev/ioc HTTP/1.1" 200 167
2023-03-27 15:21:22,360 - DEBUG - < TEXT '[2, "759eb3db-0bd7-4dbe-9408-beb328b8f303", "Ch...nId", "value": "true"}]' [122 bytes]
2023-03-27 15:21:22,363 - DEBUG - > TEXT '[3, "759eb3db-0bd7-4dbe-9408-beb328b8f303", {"status": "Accepted"}]' [67 bytes]
2023-03-27 15:21:22,540 - DEBUG - < TEXT '{}' [2 bytes]
2023-03-27 15:21:22,577 - DEBUG - Starting new HTTPS connection (1): 8b434254zg.execute-api.ap-northeast-2.amazonaws.com:443
2023-03-27 15:21:22,978 - DEBUG - https://8b434254zg.execute-api.ap-northeast-2.amazonaws.com:443 "POST /dev/ioc HTTP/1.1" 200 162
2023-03-27 15:21:23,016 - DEBUG - < TEXT '[2, "9cf40baf-7a56-409e-92d2-c93bc20dfc87", "Ch...ine", "value": "true"}]' [117 bytes]
2023-03-27 15:21:23,020 - DEBUG - > TEXT '[3, "9cf40baf-7a56-409e-92d2-c93bc20dfc87", {"status": "Accepted"}]' [67 bytes]
2023-03-27 15:21:23,202 - DEBUG - < TEXT '{}' [2 bytes]
2023-03-27 15:21:23,236 - DEBUG - Starting new HTTPS connection (1): 8b434254zg.execute-api.ap-northeast-2.amazonaws.com:443
2023-03-27 15:21:23,638 - DEBUG - https://8b434254zg.execute-api.ap-northeast-2.amazonaws.com:443 "POST /dev/ioc HTTP/1.1" 200 106
2023-03-27 15:21:23,679 - DEBUG - < TEXT '[2, "69abf3f0-7007-4c4d-80c2-0115c90797f2", "ClearCache", {}]' [61 bytes]
2023-03-27 15:21:23,684 - DEBUG - > TEXT '[3, "69abf3f0-7007-4c4d-80c2-0115c90797f2", {"status": "Accepted"}]' [67 bytes]
2023-03-27 15:21:23,875 - DEBUG - < TEXT '{}' [2 bytes]
2023-03-27 15:21:23,902 - DEBUG - > TEXT '[2, "dc042a8f-003d-4c50-8851-c4aea538297e", "St...2023-03-27T15:19:26Z"}]' [154 bytes]
2023-03-27 15:21:24,102 - DEBUG - < TEXT '[4, "dc042a8f-003d-4c50-8851-c4aea538297e", {"e...ccurence constraints"}]' [219 bytes]
2023-03-27 15:21:24,131 - DEBUG - = connection is CLOSING
2023-03-27 15:21:24,131 - DEBUG - > CLOSE 1000 (OK) [2 bytes]
2023-03-27 15:21:24,145 - DEBUG - < CLOSE 1000 (OK) [2 bytes]
2023-03-27 15:21:24,147 - DEBUG - = connection is CLOSED
2023-03-27 15:23:07,994 - DEBUG - = connection is CONNECTING
2023-03-27 15:23:08,040 - DEBUG - > GET /ocpp16/ELA007C01/EVSCA070007 HTTP/1.1
2023-03-27 15:23:08,041 - DEBUG - > Host: ws.devevspcharger.uplus.co.kr
2023-03-27 15:23:08,041 - DEBUG - > Upgrade: websocket
2023-03-27 15:23:08,041 - DEBUG - > Connection: Upgrade
2023-03-27 15:23:08,041 - DEBUG - > Sec-WebSocket-Key: FGaItGTzc+Nz4JUbWk9qnA==
2023-03-27 15:23:08,041 - DEBUG - > Sec-WebSocket-Version: 13
2023-03-27 15:23:08,042 - DEBUG - > Sec-WebSocket-Extensions: permessage-deflate; client_max_window_bits
2023-03-27 15:23:08,042 - DEBUG - > Sec-WebSocket-Protocol: ocpp1.6
2023-03-27 15:23:08,042 - DEBUG - > Authorization: Basic RVZBUjpFVkFSTEdV
2023-03-27 15:23:08,042 - DEBUG - > User-Agent: Python/3.11 websockets/10.4
2023-03-27 15:23:08,555 - DEBUG - < HTTP/1.1 101 Switching Protocols
2023-03-27 15:23:08,555 - DEBUG - < Connection: upgrade
2023-03-27 15:23:08,555 - DEBUG - < Date: Mon, 27 Mar 2023 06:23:08 GMT
2023-03-27 15:23:08,555 - DEBUG - < sec-websocket-protocol: ocpp1.6
2023-03-27 15:23:08,555 - DEBUG - < upgrade: websocket
2023-03-27 15:23:08,555 - DEBUG - < sec-websocket-accept: mLAerD/mUBb++VhWPiKb0/Gk2M8=
2023-03-27 15:23:08,556 - DEBUG - < sec-websocket-extensions: permessage-deflate
2023-03-27 15:23:08,556 - DEBUG - < X-Cache: Miss from cloudfront
2023-03-27 15:23:08,556 - DEBUG - < Via: 1.1 3544dee363e510a888d5171c071b297e.cloudfront.net (CloudFront)
2023-03-27 15:23:08,556 - DEBUG - < X-Amz-Cf-Pop: ICN57-P2
2023-03-27 15:23:08,556 - DEBUG - < X-Amz-Cf-Id: 3FpELceJ0T9iQcvQI90Se4_iYUZUbLywOfdleo6cm3L5_vRSKUnzyw==
2023-03-27 15:23:08,556 - DEBUG - = connection is OPEN
2023-03-27 15:23:08,582 - DEBUG - > TEXT '[2, "771bb3ee-98bb-4978-9292-d2ffe001b223", "Bo...umber": "EVSCA070007"}]' [169 bytes]
2023-03-27 15:23:08,944 - DEBUG - < TEXT '[3, "771bb3ee-98bb-4978-9292-d2ffe001b223", {"s...08Z", "interval": 300}]' [123 bytes]
2023-03-27 15:23:09,034 - DEBUG - Starting new HTTPS connection (1): 8b434254zg.execute-api.ap-northeast-2.amazonaws.com:443
2023-03-27 15:23:09,639 - DEBUG - https://8b434254zg.execute-api.ap-northeast-2.amazonaws.com:443 "POST /dev/ioc HTTP/1.1" 200 167
2023-03-27 15:23:09,666 - DEBUG - < TEXT '[2, "67eb7387-1aab-4387-a8ab-0df64c007505", "Ch...nId", "value": "true"}]' [122 bytes]
2023-03-27 15:23:09,671 - DEBUG - > TEXT '[3, "67eb7387-1aab-4387-a8ab-0df64c007505", {"status": "Accepted"}]' [67 bytes]
2023-03-27 15:23:09,862 - DEBUG - < TEXT '{}' [2 bytes]
2023-03-27 15:23:09,881 - DEBUG - Starting new HTTPS connection (1): 8b434254zg.execute-api.ap-northeast-2.amazonaws.com:443
2023-03-27 15:23:10,259 - DEBUG - https://8b434254zg.execute-api.ap-northeast-2.amazonaws.com:443 "POST /dev/ioc HTTP/1.1" 200 162
2023-03-27 15:23:10,307 - DEBUG - < TEXT '[2, "229e284e-87cc-474d-bb9b-675d4a185b95", "Ch...ine", "value": "true"}]' [117 bytes]
2023-03-27 15:23:10,312 - DEBUG - > TEXT '[3, "229e284e-87cc-474d-bb9b-675d4a185b95", {"status": "Accepted"}]' [67 bytes]
2023-03-27 15:23:10,481 - DEBUG - < TEXT '{}' [2 bytes]
2023-03-27 15:23:10,513 - DEBUG - Starting new HTTPS connection (1): 8b434254zg.execute-api.ap-northeast-2.amazonaws.com:443
2023-03-27 15:23:10,920 - DEBUG - https://8b434254zg.execute-api.ap-northeast-2.amazonaws.com:443 "POST /dev/ioc HTTP/1.1" 200 106
2023-03-27 15:23:10,961 - DEBUG - < TEXT '[2, "c29e9592-7cc8-4a57-ab19-e67778e58300", "ClearCache", {}]' [61 bytes]
2023-03-27 15:23:10,969 - DEBUG - > TEXT '[3, "c29e9592-7cc8-4a57-ab19-e67778e58300", {"status": "Accepted"}]' [67 bytes]
2023-03-27 15:23:11,162 - DEBUG - < TEXT '{}' [2 bytes]
2023-03-27 15:23:11,189 - DEBUG - > TEXT '[2, "86279467-156c-4af3-8acc-6e53e9e9ea97", "St...2023-03-27T15:23:07Z"}]' [170 bytes]
2023-03-27 15:23:11,463 - DEBUG - < TEXT '[3, "86279467-156c-4af3-8acc-6e53e9e9ea97", {"t...{"status": "Invalid"}}]' [102 bytes]
2023-03-27 15:23:11,496 - DEBUG - > TEXT '[2, "771bb3ee-98bb-4978-9292-d2ffe001b223", "St... "status": "Charging"}]' [131 bytes]
2023-03-27 15:23:11,720 - DEBUG - < TEXT '[3, "771bb3ee-98bb-4978-9292-d2ffe001b223", {}]' [47 bytes]
2023-03-27 15:23:11,754 - DEBUG - > TEXT '[2, "e4acfaaf-ea39-40b4-b709-ba30aa87951c", "St...ason": "DeAuthorized"}]' [168 bytes]
2023-03-27 15:23:12,003 - DEBUG - < TEXT '[4, "e4acfaaf-ea39-40b4-b709-ba30aa87951c", {"e...the requested Action"}]' [187 bytes]
2023-03-27 15:23:12,029 - DEBUG - = connection is CLOSING
2023-03-27 15:23:12,029 - DEBUG - > CLOSE 1000 (OK) [2 bytes]
2023-03-27 15:23:12,038 - DEBUG - < CLOSE 1000 (OK) [2 bytes]
2023-03-27 15:23:12,043 - DEBUG - = connection is CLOSED
2023-03-27 15:23:18,634 - DEBUG - = connection is CONNECTING
2023-03-27 15:23:18,664 - DEBUG - > GET /ocpp16/ELA007C01/EVSCA070007 HTTP/1.1
2023-03-27 15:23:18,664 - DEBUG - > Host: ws.devevspcharger.uplus.co.kr
2023-03-27 15:23:18,664 - DEBUG - > Upgrade: websocket
2023-03-27 15:23:18,664 - DEBUG - > Connection: Upgrade
2023-03-27 15:23:18,664 - DEBUG - > Sec-WebSocket-Key: Wui5MZj5XEG8khqJxxwm5Q==
2023-03-27 15:23:18,664 - DEBUG - > Sec-WebSocket-Version: 13
2023-03-27 15:23:18,664 - DEBUG - > Sec-WebSocket-Extensions: permessage-deflate; client_max_window_bits
2023-03-27 15:23:18,664 - DEBUG - > Sec-WebSocket-Protocol: ocpp1.6
2023-03-27 15:23:18,664 - DEBUG - > Authorization: Basic RVZBUjpFVkFSTEdV
2023-03-27 15:23:18,665 - DEBUG - > User-Agent: Python/3.11 websockets/10.4
2023-03-27 15:23:18,911 - DEBUG - < HTTP/1.1 101 Switching Protocols
2023-03-27 15:23:18,911 - DEBUG - < Connection: upgrade
2023-03-27 15:23:18,911 - DEBUG - < Date: Mon, 27 Mar 2023 06:23:18 GMT
2023-03-27 15:23:18,911 - DEBUG - < sec-websocket-protocol: ocpp1.6
2023-03-27 15:23:18,911 - DEBUG - < upgrade: websocket
2023-03-27 15:23:18,912 - DEBUG - < sec-websocket-accept: 0/TXaIW0x+55bH1lhm9Ezzo3q5o=
2023-03-27 15:23:18,912 - DEBUG - < sec-websocket-extensions: permessage-deflate
2023-03-27 15:23:18,912 - DEBUG - < X-Cache: Miss from cloudfront
2023-03-27 15:23:18,912 - DEBUG - < Via: 1.1 b92faae7242f31be9bfc0ec3d134dfce.cloudfront.net (CloudFront)
2023-03-27 15:23:18,912 - DEBUG - < X-Amz-Cf-Pop: ICN57-P2
2023-03-27 15:23:18,912 - DEBUG - < X-Amz-Cf-Id: yHczLWcYcyq3i8rVcE4W-tUpt-eMRsfGXN_OKTwl4n-9ks5sTGpY4g==
2023-03-27 15:23:18,912 - DEBUG - = connection is OPEN
2023-03-27 15:23:18,940 - DEBUG - > TEXT '[2, "1c07220c-318b-4f82-9889-1221451bc7ea", "Bo...umber": "EVSCA070007"}]' [169 bytes]
2023-03-27 15:23:19,165 - DEBUG - < TEXT '[3, "1c07220c-318b-4f82-9889-1221451bc7ea", {"s...18Z", "interval": 300}]' [123 bytes]
2023-03-27 15:23:19,197 - DEBUG - Starting new HTTPS connection (1): 8b434254zg.execute-api.ap-northeast-2.amazonaws.com:443
2023-03-27 15:23:19,579 - DEBUG - https://8b434254zg.execute-api.ap-northeast-2.amazonaws.com:443 "POST /dev/ioc HTTP/1.1" 200 167
2023-03-27 15:23:19,645 - DEBUG - < TEXT '[2, "a8de80fb-74d0-4af6-ae88-255d1225074e", "Ch...nId", "value": "true"}]' [122 bytes]
2023-03-27 15:23:19,648 - DEBUG - > TEXT '[3, "a8de80fb-74d0-4af6-ae88-255d1225074e", {"status": "Accepted"}]' [67 bytes]
2023-03-27 15:23:19,843 - DEBUG - < TEXT '{}' [2 bytes]
2023-03-27 15:23:19,883 - DEBUG - Starting new HTTPS connection (1): 8b434254zg.execute-api.ap-northeast-2.amazonaws.com:443
2023-03-27 15:23:20,260 - DEBUG - https://8b434254zg.execute-api.ap-northeast-2.amazonaws.com:443 "POST /dev/ioc HTTP/1.1" 200 162
2023-03-27 15:23:20,299 - DEBUG - < TEXT '[2, "8f5badb0-3122-49c5-8033-31ca9acce891", "Ch...ine", "value": "true"}]' [117 bytes]
2023-03-27 15:23:20,306 - DEBUG - > TEXT '[3, "8f5badb0-3122-49c5-8033-31ca9acce891", {"status": "Accepted"}]' [67 bytes]
2023-03-27 15:23:20,485 - DEBUG - < TEXT '{}' [2 bytes]
2023-03-27 15:23:20,515 - DEBUG - Starting new HTTPS connection (1): 8b434254zg.execute-api.ap-northeast-2.amazonaws.com:443
2023-03-27 15:23:20,939 - DEBUG - https://8b434254zg.execute-api.ap-northeast-2.amazonaws.com:443 "POST /dev/ioc HTTP/1.1" 200 106
2023-03-27 15:23:20,982 - DEBUG - < TEXT '[2, "0c83d949-9b25-4d46-b74f-be0821d572a5", "ClearCache", {}]' [61 bytes]
2023-03-27 15:23:20,986 - DEBUG - > TEXT '[3, "0c83d949-9b25-4d46-b74f-be0821d572a5", {"status": "Accepted"}]' [67 bytes]
2023-03-27 15:23:21,170 - DEBUG - < TEXT '{}' [2 bytes]
2023-03-27 15:23:21,199 - DEBUG - > TEXT '[2, "e79263dc-20f5-4f32-8e4a-5ba5f2d55270", "St...2023-03-27T15:23:07Z"}]' [170 bytes]
2023-03-27 15:23:21,505 - DEBUG - < TEXT '[3, "e79263dc-20f5-4f32-8e4a-5ba5f2d55270", {"t...{"status": "Invalid"}}]' [102 bytes]
2023-03-27 15:23:21,539 - DEBUG - > TEXT '[2, "60ed1959-6cce-4dd5-8213-7c3adc7b80e4", "St... "status": "Charging"}]' [131 bytes]
2023-03-27 15:23:21,742 - DEBUG - < TEXT '[3, "60ed1959-6cce-4dd5-8213-7c3adc7b80e4", {}]' [47 bytes]
2023-03-27 15:23:21,778 - DEBUG - > TEXT '[2, "3115dd39-006d-488e-bfc8-d7c5d8b84cf9", "St...ason": "DeAuthorized"}]' [168 bytes]
2023-03-27 15:23:21,985 - DEBUG - < TEXT '[4, "3115dd39-006d-488e-bfc8-d7c5d8b84cf9", {"e...the requested Action"}]' [187 bytes]
2023-03-27 15:23:22,009 - DEBUG - = connection is CLOSING
2023-03-27 15:23:22,009 - DEBUG - > CLOSE 1000 (OK) [2 bytes]
2023-03-27 15:23:22,022 - DEBUG - < CLOSE 1000 (OK) [2 bytes]
2023-03-27 15:23:22,025 - DEBUG - = connection is CLOSED
2023-03-27 15:23:26,948 - DEBUG - = connection is CONNECTING
2023-03-27 15:23:26,981 - DEBUG - > GET /ocpp16/ELA007C01/EVSCA070007 HTTP/1.1
2023-03-27 15:23:26,983 - DEBUG - > Host: ws.devevspcharger.uplus.co.kr
2023-03-27 15:23:26,983 - DEBUG - > Upgrade: websocket
2023-03-27 15:23:26,983 - DEBUG - > Connection: Upgrade
2023-03-27 15:23:26,983 - DEBUG - > Sec-WebSocket-Key: Fzd6B8x20J23ZASQWp3VdQ==
2023-03-27 15:23:26,983 - DEBUG - > Sec-WebSocket-Version: 13
2023-03-27 15:23:26,983 - DEBUG - > Sec-WebSocket-Extensions: permessage-deflate; client_max_window_bits
2023-03-27 15:23:26,983 - DEBUG - > Sec-WebSocket-Protocol: ocpp1.6
2023-03-27 15:23:26,983 - DEBUG - > Authorization: Basic RVZBUjpFVkFSTEdV
2023-03-27 15:23:26,983 - DEBUG - > User-Agent: Python/3.11 websockets/10.4
2023-03-27 15:23:27,210 - DEBUG - < HTTP/1.1 101 Switching Protocols
2023-03-27 15:23:27,210 - DEBUG - < Connection: upgrade
2023-03-27 15:23:27,210 - DEBUG - < Date: Mon, 27 Mar 2023 06:23:26 GMT
2023-03-27 15:23:27,210 - DEBUG - < sec-websocket-protocol: ocpp1.6
2023-03-27 15:23:27,211 - DEBUG - < upgrade: websocket
2023-03-27 15:23:27,211 - DEBUG - < sec-websocket-accept: uau0ZcfAcWmasy0aWh7SaaltrwU=
2023-03-27 15:23:27,211 - DEBUG - < sec-websocket-extensions: permessage-deflate
2023-03-27 15:23:27,211 - DEBUG - < X-Cache: Miss from cloudfront
2023-03-27 15:23:27,211 - DEBUG - < Via: 1.1 ec48eafa1d18635bc3f389669b28a5b8.cloudfront.net (CloudFront)
2023-03-27 15:23:27,211 - DEBUG - < X-Amz-Cf-Pop: ICN57-P2
2023-03-27 15:23:27,211 - DEBUG - < X-Amz-Cf-Id: -OI59zXrqLmwKcn1DS_HKMVO0TWEhnM_ToLTQMpPSOIOSbvmXnsScg==
2023-03-27 15:23:27,211 - DEBUG - = connection is OPEN
2023-03-27 15:23:27,247 - DEBUG - > TEXT '[2, "55da5f98-f4ff-4677-ab1f-ad9519bef6c2", "Bo...umber": "EVSCA070007"}]' [169 bytes]
2023-03-27 15:23:27,481 - DEBUG - < TEXT '[3, "55da5f98-f4ff-4677-ab1f-ad9519bef6c2", {"s...27Z", "interval": 300}]' [123 bytes]
2023-03-27 15:23:27,524 - DEBUG - > TEXT '[2, "94f845c3-c2f6-4c13-ac46-43b232e67728", "St..."status": "Available"}]' [132 bytes]
2023-03-27 15:23:27,722 - DEBUG - < TEXT '[3, "94f845c3-c2f6-4c13-ac46-43b232e67728", {}]' [47 bytes]
2023-03-27 15:23:27,751 - DEBUG - > TEXT '[2, "a28c3d36-c6d8-446e-869b-e3ebd41e6425", "Au...": "1031040000069641"}]' [87 bytes]
2023-03-27 15:23:28,005 - DEBUG - < TEXT '[3, "a28c3d36-c6d8-446e-869b-e3ebd41e6425", {"i..."status": "Accepted"}}]' [82 bytes]
2023-03-27 15:23:28,021 - DEBUG - = connection is CLOSING
2023-03-27 15:23:28,021 - DEBUG - > CLOSE 1000 (OK) [2 bytes]
2023-03-27 15:23:28,027 - DEBUG - < CLOSE 1000 (OK) [2 bytes]
2023-03-27 15:23:28,037 - DEBUG - = connection is CLOSED
2023-03-27 15:23:31,909 - DEBUG - = connection is CONNECTING
2023-03-27 15:23:31,947 - DEBUG - > GET /ocpp16/ELA007C01/EVSCA070007 HTTP/1.1
2023-03-27 15:23:31,947 - DEBUG - > Host: ws.devevspcharger.uplus.co.kr
2023-03-27 15:23:31,948 - DEBUG - > Upgrade: websocket
2023-03-27 15:23:31,948 - DEBUG - > Connection: Upgrade
2023-03-27 15:23:31,948 - DEBUG - > Sec-WebSocket-Key: eoDWNtcn0kLDzx0+PPR2jw==
2023-03-27 15:23:31,948 - DEBUG - > Sec-WebSocket-Version: 13
2023-03-27 15:23:31,948 - DEBUG - > Sec-WebSocket-Extensions: permessage-deflate; client_max_window_bits
2023-03-27 15:23:31,948 - DEBUG - > Sec-WebSocket-Protocol: ocpp1.6
2023-03-27 15:23:31,948 - DEBUG - > Authorization: Basic RVZBUjpFVkFSTEdV
2023-03-27 15:23:31,948 - DEBUG - > User-Agent: Python/3.11 websockets/10.4
2023-03-27 15:23:32,191 - DEBUG - < HTTP/1.1 101 Switching Protocols
2023-03-27 15:23:32,192 - DEBUG - < Connection: upgrade
2023-03-27 15:23:32,192 - DEBUG - < Date: Mon, 27 Mar 2023 06:23:31 GMT
2023-03-27 15:23:32,192 - DEBUG - < sec-websocket-protocol: ocpp1.6
2023-03-27 15:23:32,193 - DEBUG - < upgrade: websocket
2023-03-27 15:23:32,193 - DEBUG - < sec-websocket-accept: 62NcT0Atd7LpA0c99V8G81DpeZM=
2023-03-27 15:23:32,193 - DEBUG - < sec-websocket-extensions: permessage-deflate
2023-03-27 15:23:32,193 - DEBUG - < X-Cache: Miss from cloudfront
2023-03-27 15:23:32,193 - DEBUG - < Via: 1.1 967cab954a1c41e7f76f472d706ab3a0.cloudfront.net (CloudFront)
2023-03-27 15:23:32,193 - DEBUG - < X-Amz-Cf-Pop: ICN57-P2
2023-03-27 15:23:32,193 - DEBUG - < X-Amz-Cf-Id: S4rX_60JptxrjjnR5aMFXpTK_z6N2bZeRO7uorTZkNq40poM8cXjyw==
2023-03-27 15:23:32,193 - DEBUG - = connection is OPEN
2023-03-27 15:23:32,232 - DEBUG - > TEXT '[2, "9b8f47c4-e5dd-4151-9e7c-8bba2f6628f8", "Bo...umber": "EVSCA070007"}]' [169 bytes]
2023-03-27 15:23:32,465 - DEBUG - < TEXT '[3, "9b8f47c4-e5dd-4151-9e7c-8bba2f6628f8", {"s...32Z", "interval": 300}]' [123 bytes]
2023-03-27 15:23:32,506 - DEBUG - Starting new HTTPS connection (1): 8b434254zg.execute-api.ap-northeast-2.amazonaws.com:443
2023-03-27 15:23:32,900 - DEBUG - https://8b434254zg.execute-api.ap-northeast-2.amazonaws.com:443 "POST /dev/ioc HTTP/1.1" 200 167
2023-03-27 15:23:32,939 - DEBUG - < TEXT '[2, "ae9eaef9-128d-4175-af84-9dda30cd4eb0", "Ch...nId", "value": "true"}]' [122 bytes]
2023-03-27 15:23:32,944 - DEBUG - > TEXT '[3, "ae9eaef9-128d-4175-af84-9dda30cd4eb0", {"status": "Accepted"}]' [67 bytes]
2023-03-27 15:23:33,101 - DEBUG - < TEXT '{}' [2 bytes]
2023-03-27 15:23:33,134 - DEBUG - Starting new HTTPS connection (1): 8b434254zg.execute-api.ap-northeast-2.amazonaws.com:443
2023-03-27 15:23:33,521 - DEBUG - https://8b434254zg.execute-api.ap-northeast-2.amazonaws.com:443 "POST /dev/ioc HTTP/1.1" 200 162
2023-03-27 15:23:33,570 - DEBUG - < TEXT '[2, "89f1bc59-0000-4b77-a143-0188c9a28a39", "Ch...ine", "value": "true"}]' [117 bytes]
2023-03-27 15:23:33,575 - DEBUG - > TEXT '[3, "89f1bc59-0000-4b77-a143-0188c9a28a39", {"status": "Accepted"}]' [67 bytes]
2023-03-27 15:23:33,808 - DEBUG - < TEXT '{}' [2 bytes]
2023-03-27 15:23:33,841 - DEBUG - Starting new HTTPS connection (1): 8b434254zg.execute-api.ap-northeast-2.amazonaws.com:443
2023-03-27 15:23:34,238 - DEBUG - https://8b434254zg.execute-api.ap-northeast-2.amazonaws.com:443 "POST /dev/ioc HTTP/1.1" 200 106
2023-03-27 15:23:34,297 - DEBUG - < TEXT '[2, "1b015712-99a3-4d0d-96be-8b5a99bc9284", "ClearCache", {}]' [61 bytes]
2023-03-27 15:23:34,303 - DEBUG - > TEXT '[3, "1b015712-99a3-4d0d-96be-8b5a99bc9284", {"status": "Accepted"}]' [67 bytes]
2023-03-27 15:23:34,490 - DEBUG - < TEXT '{}' [2 bytes]
2023-03-27 15:23:34,518 - DEBUG - > TEXT '[2, "4357e64e-a0fa-48e5-b30e-426b19123212", "St...2023-03-27T15:23:07Z"}]' [170 bytes]
2023-03-27 15:23:34,787 - DEBUG - < TEXT '[3, "4357e64e-a0fa-48e5-b30e-426b19123212", {"t...{"status": "Invalid"}}]' [102 bytes]
2023-03-27 15:23:34,822 - DEBUG - > TEXT '[2, "c4076c63-d091-4d9d-8ae9-e19889fe83d6", "St... "status": "Charging"}]' [131 bytes]
2023-03-27 15:23:35,022 - DEBUG - < TEXT '[3, "c4076c63-d091-4d9d-8ae9-e19889fe83d6", {}]' [47 bytes]
2023-03-27 15:23:35,057 - DEBUG - > TEXT '[2, "4912dbbd-0dbf-46a2-9789-12fbac97b485", "St...ason": "DeAuthorized"}]' [168 bytes]
2023-03-27 15:23:35,283 - DEBUG - < TEXT '[4, "4912dbbd-0dbf-46a2-9789-12fbac97b485", {"e...the requested Action"}]' [187 bytes]
2023-03-27 15:23:35,323 - DEBUG - = connection is CLOSING
2023-03-27 15:23:35,323 - DEBUG - > CLOSE 1000 (OK) [2 bytes]
2023-03-27 15:23:35,332 - DEBUG - < CLOSE 1000 (OK) [2 bytes]
2023-03-27 15:23:35,338 - DEBUG - = connection is CLOSED
2023-03-27 15:26:32,048 - DEBUG - = connection is CONNECTING
2023-03-27 15:26:32,079 - DEBUG - > GET /ocpp16/ELA007C01/EVSCA070007 HTTP/1.1
2023-03-27 15:26:32,079 - DEBUG - > Host: ws.devevspcharger.uplus.co.kr
2023-03-27 15:26:32,079 - DEBUG - > Upgrade: websocket
2023-03-27 15:26:32,079 - DEBUG - > Connection: Upgrade
2023-03-27 15:26:32,079 - DEBUG - > Sec-WebSocket-Key: THVqUOmNC3c6ieC7aGeZlw==
2023-03-27 15:26:32,079 - DEBUG - > Sec-WebSocket-Version: 13
2023-03-27 15:26:32,079 - DEBUG - > Sec-WebSocket-Extensions: permessage-deflate; client_max_window_bits
2023-03-27 15:26:32,080 - DEBUG - > Sec-WebSocket-Protocol: ocpp1.6
2023-03-27 15:26:32,080 - DEBUG - > Authorization: Basic RVZBUjpFVkFSTEdV
2023-03-27 15:26:32,080 - DEBUG - > User-Agent: Python/3.11 websockets/10.4
2023-03-27 15:26:32,595 - DEBUG - < HTTP/1.1 101 Switching Protocols
2023-03-27 15:26:32,595 - DEBUG - < Connection: upgrade
2023-03-27 15:26:32,595 - DEBUG - < Date: Mon, 27 Mar 2023 06:26:32 GMT
2023-03-27 15:26:32,596 - DEBUG - < sec-websocket-protocol: ocpp1.6
2023-03-27 15:26:32,596 - DEBUG - < upgrade: websocket
2023-03-27 15:26:32,596 - DEBUG - < sec-websocket-accept: KiIYMOowb3rdgzflvUDT17/NY68=
2023-03-27 15:26:32,596 - DEBUG - < sec-websocket-extensions: permessage-deflate
2023-03-27 15:26:32,596 - DEBUG - < X-Cache: Miss from cloudfront
2023-03-27 15:26:32,596 - DEBUG - < Via: 1.1 013a9ec825a751410eced78024a9ae1a.cloudfront.net (CloudFront)
2023-03-27 15:26:32,597 - DEBUG - < X-Amz-Cf-Pop: ICN57-P2
2023-03-27 15:26:32,597 - DEBUG - < X-Amz-Cf-Id: BcwrWBayxKuGYwWPsAQnQEYTzifWPg0t7Ie6bcSVF3Pkl_toTU7csA==
2023-03-27 15:26:32,597 - DEBUG - = connection is OPEN
2023-03-27 15:26:32,626 - DEBUG - > TEXT '[2, "694911c1-2d9a-4278-9f8c-1db815a1257f", "Bo...umber": "EVSCA070007"}]' [169 bytes]
2023-03-27 15:26:32,844 - DEBUG - < TEXT '[3, "694911c1-2d9a-4278-9f8c-1db815a1257f", {"s...32Z", "interval": 300}]' [123 bytes]
2023-03-27 15:26:32,876 - DEBUG - > TEXT '[2, "8482180d-6d77-40c5-8c2d-a0ae2aacdc67", "St..."status": "Available"}]' [132 bytes]
2023-03-27 15:26:33,091 - DEBUG - < TEXT '[3, "8482180d-6d77-40c5-8c2d-a0ae2aacdc67", {}]' [47 bytes]
2023-03-27 15:26:33,132 - DEBUG - > TEXT '[2, "ca203240-1142-48d1-a72f-feca797bfd43", "Au...": "1031040000069641"}]' [87 bytes]
2023-03-27 15:26:33,504 - DEBUG - < TEXT '[3, "ca203240-1142-48d1-a72f-feca797bfd43", {"i..."status": "Accepted"}}]' [82 bytes]
2023-03-27 15:26:33,529 - DEBUG - > TEXT '[2, "b4e30f47-b2f8-47f9-858b-58003d08fd06", "St...2023-03-27T15:23:07Z"}]' [170 bytes]
2023-03-27 15:26:33,868 - DEBUG - < TEXT '[3, "b4e30f47-b2f8-47f9-858b-58003d08fd06", {"t..."status": "Accepted"}}]' [110 bytes]
2023-03-27 15:26:33,905 - DEBUG - > TEXT '[2, "f44cd12f-ed8e-4058-9cad-031ed0255203", "St... "status": "Charging"}]' [131 bytes]
2023-03-27 15:26:34,086 - DEBUG - < TEXT '[3, "f44cd12f-ed8e-4058-9cad-031ed0255203", {}]' [47 bytes]
2023-03-27 15:26:34,128 - DEBUG - > TEXT '[2, "37798764-92e5-445b-9623-dd60d761390d", "Me...er", "unit": "Wh"}]}]}]' [259 bytes]
2023-03-27 15:26:34,401 - DEBUG - < TEXT '[3, "37798764-92e5-445b-9623-dd60d761390d", {}]' [47 bytes]
2023-03-27 15:26:34,444 - DEBUG - > TEXT '[2, "f9d7b4b3-4da4-44b4-a3ce-8dee037603ec", "St...ason": "DeAuthorized"}]' [175 bytes]
2023-03-27 15:26:34,745 - DEBUG - < TEXT '[3, "f9d7b4b3-4da4-44b4-a3ce-8dee037603ec", {"i..."status": "Accepted"}}]' [82 bytes]
2023-03-27 15:26:34,791 - DEBUG - > TEXT '[2, "429daf71-f851-40a8-afdd-59a9521e8047", "St..."status": "Finishing"}]' [132 bytes]
2023-03-27 15:26:34,977 - DEBUG - < TEXT '[3, "429daf71-f851-40a8-afdd-59a9521e8047", {}]' [47 bytes]
2023-03-27 15:26:35,023 - DEBUG - > TEXT '[2, "6fcdce3b-085c-41c5-a6e1-a5d55ba9a7c1", "St..."status": "Available"}]' [132 bytes]
2023-03-27 15:26:35,248 - DEBUG - < TEXT '[3, "6fcdce3b-085c-41c5-a6e1-a5d55ba9a7c1", {}]' [47 bytes]
2023-03-27 15:26:35,271 - DEBUG - = connection is CLOSING
2023-03-27 15:26:35,271 - DEBUG - > CLOSE 1000 (OK) [2 bytes]
2023-03-27 15:26:35,281 - DEBUG - < CLOSE 1000 (OK) [2 bytes]
2023-03-27 15:26:35,286 - DEBUG - = connection is CLOSED
2023-03-27 15:26:44,123 - DEBUG - = connection is CONNECTING
2023-03-27 15:26:44,154 - DEBUG - > GET /ocpp16/ELA007C01/EVSCA070007 HTTP/1.1
2023-03-27 15:26:44,155 - DEBUG - > Host: ws.devevspcharger.uplus.co.kr
2023-03-27 15:26:44,155 - DEBUG - > Upgrade: websocket
2023-03-27 15:26:44,156 - DEBUG - > Connection: Upgrade
2023-03-27 15:26:44,156 - DEBUG - > Sec-WebSocket-Key: pQtiJRtBj6+oyw+k2KzZ6A==
2023-03-27 15:26:44,156 - DEBUG - > Sec-WebSocket-Version: 13
2023-03-27 15:26:44,157 - DEBUG - > Sec-WebSocket-Extensions: permessage-deflate; client_max_window_bits
2023-03-27 15:26:44,157 - DEBUG - > Sec-WebSocket-Protocol: ocpp1.6
2023-03-27 15:26:44,157 - DEBUG - > Authorization: Basic RVZBUjpFVkFSTEdV
2023-03-27 15:26:44,157 - DEBUG - > User-Agent: Python/3.11 websockets/10.4
2023-03-27 15:26:44,375 - DEBUG - < HTTP/1.1 101 Switching Protocols
2023-03-27 15:26:44,375 - DEBUG - < Connection: upgrade
2023-03-27 15:26:44,375 - DEBUG - < Date: Mon, 27 Mar 2023 06:26:44 GMT
2023-03-27 15:26:44,376 - DEBUG - < sec-websocket-protocol: ocpp1.6
2023-03-27 15:26:44,376 - DEBUG - < upgrade: websocket
2023-03-27 15:26:44,377 - DEBUG - < sec-websocket-accept: clwVbMbQ6JptywLDqOyQhGPdPUw=
2023-03-27 15:26:44,377 - DEBUG - < sec-websocket-extensions: permessage-deflate
2023-03-27 15:26:44,377 - DEBUG - < X-Cache: Miss from cloudfront
2023-03-27 15:26:44,377 - DEBUG - < Via: 1.1 5a0f884e3a21756e824f803c83d7f3d0.cloudfront.net (CloudFront)
2023-03-27 15:26:44,377 - DEBUG - < X-Amz-Cf-Pop: ICN57-P2
2023-03-27 15:26:44,377 - DEBUG - < X-Amz-Cf-Id: rLzP8lDsb_nPAk1_Zfq4urjtaGlZZTC6edcm5OP1ArxcTABlFj1MAg==
2023-03-27 15:26:44,377 - DEBUG - = connection is OPEN
2023-03-27 15:26:44,406 - DEBUG - > TEXT '[2, "1b35fed0-ed2e-499a-bf87-03388ae08d99", "Bo...umber": "EVSCA070007"}]' [169 bytes]
2023-03-27 15:26:44,627 - DEBUG - < TEXT '[3, "1b35fed0-ed2e-499a-bf87-03388ae08d99", {"s...44Z", "interval": 300}]' [123 bytes]
2023-03-27 15:26:44,665 - DEBUG - > TEXT '[2, "13eafb5f-59be-41d6-ba70-cc11666daf78", "Au...": "1031040000069641"}]' [87 bytes]
2023-03-27 15:26:44,912 - DEBUG - < TEXT '[3, "13eafb5f-59be-41d6-ba70-cc11666daf78", {"i..."status": "Accepted"}}]' [82 bytes]
2023-03-27 15:26:44,944 - DEBUG - > TEXT '[2, "98eeb0d4-0046-4919-a8ec-06158889a323", "St..."status": "Preparing"}]' [132 bytes]
2023-03-27 15:26:45,136 - DEBUG - < TEXT '[3, "98eeb0d4-0046-4919-a8ec-06158889a323", {}]' [47 bytes]
2023-03-27 15:26:45,164 - DEBUG - > TEXT '[2, "bcb4f026-2de9-43d1-a52d-71f51acf47f9", "St...2023-03-27T15:23:07Z"}]' [170 bytes]
2023-03-27 15:26:45,593 - DEBUG - < TEXT '[3, "bcb4f026-2de9-43d1-a52d-71f51acf47f9", {"t..."status": "Accepted"}}]' [110 bytes]
2023-03-27 15:26:45,635 - DEBUG - > TEXT '[2, "c2ec5eb9-01f2-42c2-a1ae-3f75b981ff11", "St... "status": "Charging"}]' [131 bytes]
2023-03-27 15:26:45,826 - DEBUG - < TEXT '[3, "c2ec5eb9-01f2-42c2-a1ae-3f75b981ff11", {}]' [47 bytes]
2023-03-27 15:26:45,861 - DEBUG - > TEXT '[2, "b1082ee2-6eb6-4919-b1c7-71b8d081b6a5", "Me...er", "unit": "Wh"}]}]}]' [259 bytes]
2023-03-27 15:26:46,104 - DEBUG - < TEXT '[3, "b1082ee2-6eb6-4919-b1c7-71b8d081b6a5", {}]' [47 bytes]
2023-03-27 15:26:46,153 - DEBUG - > TEXT '[2, "98aa92df-d011-4540-abb5-fda47667dbf4", "St...ason": "DeAuthorized"}]' [175 bytes]
2023-03-27 15:26:46,501 - DEBUG - < TEXT '[3, "98aa92df-d011-4540-abb5-fda47667dbf4", {"i..."status": "Accepted"}}]' [82 bytes]
2023-03-27 15:26:46,543 - DEBUG - > TEXT '[2, "09404712-4675-4e56-bf66-e270e0868a35", "St..."status": "Finishing"}]' [132 bytes]
2023-03-27 15:26:46,748 - DEBUG - < TEXT '[3, "09404712-4675-4e56-bf66-e270e0868a35", {}]' [47 bytes]
2023-03-27 15:26:46,806 - DEBUG - > TEXT '[2, "4ed4a610-33c3-4366-aa69-7e0e00a0c3d6", "St..."status": "Available"}]' [132 bytes]
2023-03-27 15:26:46,984 - DEBUG - < TEXT '[3, "4ed4a610-33c3-4366-aa69-7e0e00a0c3d6", {}]' [47 bytes]
2023-03-27 15:26:47,008 - DEBUG - = connection is CLOSING
2023-03-27 15:26:47,009 - DEBUG - > CLOSE 1000 (OK) [2 bytes]
2023-03-27 15:26:47,018 - DEBUG - < CLOSE 1000 (OK) [2 bytes]
2023-03-27 15:26:47,021 - DEBUG - = connection is CLOSED
2023-03-27 15:26:47,029 - DEBUG - = connection is CONNECTING
2023-03-27 15:26:47,062 - DEBUG - > GET /ocpp16/ELA007C01/EVSCA070007 HTTP/1.1
2023-03-27 15:26:47,062 - DEBUG - > Host: ws.devevspcharger.uplus.co.kr
2023-03-27 15:26:47,063 - DEBUG - > Upgrade: websocket
2023-03-27 15:26:47,063 - DEBUG - > Connection: Upgrade
2023-03-27 15:26:47,063 - DEBUG - > Sec-WebSocket-Key: XPZO/OLsNKqcNfu/iAm9tQ==
2023-03-27 15:26:47,063 - DEBUG - > Sec-WebSocket-Version: 13
2023-03-27 15:26:47,063 - DEBUG - > Sec-WebSocket-Extensions: permessage-deflate; client_max_window_bits
2023-03-27 15:26:47,063 - DEBUG - > Sec-WebSocket-Protocol: ocpp1.6
2023-03-27 15:26:47,063 - DEBUG - > Authorization: Basic RVZBUjpFVkFSTEdV
2023-03-27 15:26:47,063 - DEBUG - > User-Agent: Python/3.11 websockets/10.4
2023-03-27 15:26:47,274 - DEBUG - < HTTP/1.1 101 Switching Protocols
2023-03-27 15:26:47,275 - DEBUG - < Connection: upgrade
2023-03-27 15:26:47,275 - DEBUG - < Date: Mon, 27 Mar 2023 06:26:46 GMT
2023-03-27 15:26:47,276 - DEBUG - < sec-websocket-protocol: ocpp1.6
2023-03-27 15:26:47,276 - DEBUG - < upgrade: websocket
2023-03-27 15:26:47,276 - DEBUG - < sec-websocket-accept: SV5+glbTwN8REYdSCqtWwnTSTH0=
2023-03-27 15:26:47,276 - DEBUG - < sec-websocket-extensions: permessage-deflate
2023-03-27 15:26:47,277 - DEBUG - < X-Cache: Miss from cloudfront
2023-03-27 15:26:47,277 - DEBUG - < Via: 1.1 3c5e765ef2333ef04ef6f44a2b66ec12.cloudfront.net (CloudFront)
2023-03-27 15:26:47,277 - DEBUG - < X-Amz-Cf-Pop: ICN57-P2
2023-03-27 15:26:47,277 - DEBUG - < X-Amz-Cf-Id: AXWdXJ_tHkY2TtZkmcgu5v-5xxTOqdVvrAWV6oXfYgu1iNKg9vYF_Q==
2023-03-27 15:26:47,277 - DEBUG - = connection is OPEN
2023-03-27 15:26:47,312 - DEBUG - > TEXT '[2, "ef45f810-8695-4074-accb-85d9bbbd2097", "Bo...umber": "EVSCA070007"}]' [169 bytes]
2023-03-27 15:26:47,565 - DEBUG - < TEXT '[3, "ef45f810-8695-4074-accb-85d9bbbd2097", {"s...47Z", "interval": 300}]' [123 bytes]
2023-03-27 15:26:47,605 - DEBUG - Starting new HTTPS connection (1): 8b434254zg.execute-api.ap-northeast-2.amazonaws.com:443
2023-03-27 15:26:48,210 - DEBUG - https://8b434254zg.execute-api.ap-northeast-2.amazonaws.com:443 "POST /dev/ioc HTTP/1.1" 200 162
2023-03-27 15:26:48,251 - DEBUG - < TEXT '[2, "ecf963ee-525c-40d5-b8bc-1d0c620396ee", "Ch...ine", "value": "true"}]' [117 bytes]
2023-03-27 15:26:48,255 - DEBUG - > TEXT '[3, "ecf963ee-525c-40d5-b8bc-1d0c620396ee", {"status": "Accepted"}]' [67 bytes]
2023-03-27 15:26:48,444 - DEBUG - < TEXT '{}' [2 bytes]
2023-03-27 15:26:48,474 - DEBUG - Starting new HTTPS connection (1): 8b434254zg.execute-api.ap-northeast-2.amazonaws.com:443
2023-03-27 15:26:48,882 - DEBUG - https://8b434254zg.execute-api.ap-northeast-2.amazonaws.com:443 "POST /dev/ioc HTTP/1.1" 200 106
2023-03-27 15:26:48,916 - DEBUG - < TEXT '[2, "fb7b663c-4d79-4f26-8091-e99d8809ee46", "ClearCache", {}]' [61 bytes]
2023-03-27 15:26:48,924 - DEBUG - > TEXT '[3, "fb7b663c-4d79-4f26-8091-e99d8809ee46", {"status": "Accepted"}]' [67 bytes]
2023-03-27 15:26:49,104 - DEBUG - < TEXT '{}' [2 bytes]
2023-03-27 15:26:49,133 - DEBUG - > TEXT '[2, "1715edab-2c76-4f99-a926-ebc67feb1e4a", "Au...": "1031040000069641"}]' [87 bytes]
2023-03-27 15:26:49,386 - DEBUG - < TEXT '[3, "1715edab-2c76-4f99-a926-ebc67feb1e4a", {"i..."status": "Accepted"}}]' [82 bytes]
2023-03-27 15:26:49,409 - DEBUG - > TEXT '[2, "e9018612-1ac6-44b3-9f60-bbae9746a03f", "St..."status": "Preparing"}]' [132 bytes]
2023-03-27 15:26:49,605 - DEBUG - < TEXT '[3, "e9018612-1ac6-44b3-9f60-bbae9746a03f", {}]' [47 bytes]
2023-03-27 15:26:49,631 - DEBUG - > TEXT '[2, "a3c2188a-2423-4115-a57f-12a0780ae16d", "St..."status": "Available"}]' [132 bytes]
2023-03-27 15:26:49,806 - DEBUG - < TEXT '[3, "a3c2188a-2423-4115-a57f-12a0780ae16d", {}]' [47 bytes]
2023-03-27 15:26:49,822 - DEBUG - = connection is CLOSING
2023-03-27 15:26:49,823 - DEBUG - > CLOSE 1000 (OK) [2 bytes]
2023-03-27 15:26:49,830 - DEBUG - < CLOSE 1000 (OK) [2 bytes]
2023-03-27 15:26:49,833 - DEBUG - = connection is CLOSED
2023-03-27 15:26:49,849 - DEBUG - = connection is CONNECTING
2023-03-27 15:26:49,898 - DEBUG - > GET /ocpp16/ELA007C01/EVSCA070007 HTTP/1.1
2023-03-27 15:26:49,898 - DEBUG - > Host: ws.devevspcharger.uplus.co.kr
2023-03-27 15:26:49,898 - DEBUG - > Upgrade: websocket
2023-03-27 15:26:49,898 - DEBUG - > Connection: Upgrade
2023-03-27 15:26:49,898 - DEBUG - > Sec-WebSocket-Key: m5oTJA2kgjUJmka0fx4kwA==
2023-03-27 15:26:49,898 - DEBUG - > Sec-WebSocket-Version: 13
2023-03-27 15:26:49,899 - DEBUG - > Sec-WebSocket-Extensions: permessage-deflate; client_max_window_bits
2023-03-27 15:26:49,899 - DEBUG - > Sec-WebSocket-Protocol: ocpp1.6
2023-03-27 15:26:49,899 - DEBUG - > Authorization: Basic RVZBUjpFVkFSTEdV
2023-03-27 15:26:49,899 - DEBUG - > User-Agent: Python/3.11 websockets/10.4
2023-03-27 15:26:50,095 - DEBUG - < HTTP/1.1 101 Switching Protocols
2023-03-27 15:26:50,095 - DEBUG - < Connection: upgrade
2023-03-27 15:26:50,095 - DEBUG - < Date: Mon, 27 Mar 2023 06:26:49 GMT
2023-03-27 15:26:50,096 - DEBUG - < sec-websocket-protocol: ocpp1.6
2023-03-27 15:26:50,096 - DEBUG - < upgrade: websocket
2023-03-27 15:26:50,096 - DEBUG - < sec-websocket-accept: NPP429G+/q+fnCZfMVMrR5DNbrg=
2023-03-27 15:26:50,096 - DEBUG - < sec-websocket-extensions: permessage-deflate
2023-03-27 15:26:50,096 - DEBUG - < X-Cache: Miss from cloudfront
2023-03-27 15:26:50,096 - DEBUG - < Via: 1.1 0c9ac74e4533d4cd2c0dd7de136ec086.cloudfront.net (CloudFront)
2023-03-27 15:26:50,096 - DEBUG - < X-Amz-Cf-Pop: ICN57-P2
2023-03-27 15:26:50,096 - DEBUG - < X-Amz-Cf-Id: x_J3zqj54YtNpGRS-kqZE9ycocwvgc1OtSSxXQpzfZwnry1wW0g7EA==
2023-03-27 15:26:50,096 - DEBUG - = connection is OPEN
2023-03-27 15:26:50,123 - DEBUG - > TEXT '[2, "6a5eee89-f2fd-4138-97eb-b5f6653e9674", "Bo...umber": "EVSCA070007"}]' [169 bytes]
2023-03-27 15:26:50,323 - DEBUG - < TEXT '[3, "6a5eee89-f2fd-4138-97eb-b5f6653e9674", {"s...49Z", "interval": 300}]' [123 bytes]
2023-03-27 15:26:50,354 - DEBUG - > TEXT '[2, "99bf2e6b-2135-4028-8689-ad81462a7b15", "St..."status": "Preparing"}]' [132 bytes]
2023-03-27 15:26:50,544 - DEBUG - < TEXT '[3, "99bf2e6b-2135-4028-8689-ad81462a7b15", {}]' [47 bytes]
2023-03-27 15:26:50,577 - DEBUG - > TEXT '[2, "fcd22f02-4840-4aae-9ffc-3754ecd39db7", "Au...": "1031040000069641"}]' [87 bytes]
2023-03-27 15:26:50,907 - DEBUG - < TEXT '[3, "fcd22f02-4840-4aae-9ffc-3754ecd39db7", {"i..."status": "Accepted"}}]' [82 bytes]
2023-03-27 15:26:50,940 - DEBUG - > TEXT '[2, "3f8654a7-7f37-4729-b34a-72618c71359a", "St...2023-03-27T15:23:07Z"}]' [170 bytes]
2023-03-27 15:26:51,289 - DEBUG - < TEXT '[3, "3f8654a7-7f37-4729-b34a-72618c71359a", {"t..."status": "Accepted"}}]' [110 bytes]
2023-03-27 15:26:51,329 - DEBUG - > TEXT '[2, "431ea7cd-d382-49f3-a59b-8cb47260b5a1", "St... "status": "Charging"}]' [131 bytes]
2023-03-27 15:26:51,514 - DEBUG - < TEXT '[3, "431ea7cd-d382-49f3-a59b-8cb47260b5a1", {}]' [47 bytes]
2023-03-27 15:26:51,557 - DEBUG - > TEXT '[2, "082c193d-d3c9-45ed-8bb1-3407f58d8ebe", "Me...er", "unit": "Wh"}]}]}]' [259 bytes]
2023-03-27 15:26:51,786 - DEBUG - < TEXT '[3, "082c193d-d3c9-45ed-8bb1-3407f58d8ebe", {}]' [47 bytes]
2023-03-27 15:26:51,830 - DEBUG - > TEXT '[2, "6463e74b-7f2a-4aae-a2cb-f73c53fbd492", "St...tatus": "SuspendedEV"}]' [134 bytes]
2023-03-27 15:26:52,003 - DEBUG - < TEXT '[3, "6463e74b-7f2a-4aae-a2cb-f73c53fbd492", {}]' [47 bytes]
2023-03-27 15:26:52,052 - DEBUG - > TEXT '[2, "bd996d26-f124-4929-923a-267c58ebaf65", "St...ason": "DeAuthorized"}]' [175 bytes]
2023-03-27 15:26:52,344 - DEBUG - < TEXT '[3, "bd996d26-f124-4929-923a-267c58ebaf65", {"i..."status": "Accepted"}}]' [82 bytes]
2023-03-27 15:26:52,387 - DEBUG - > TEXT '[2, "3b31a0ce-db74-4616-94bc-1e3645b72a8c", "St..."status": "Finishing"}]' [132 bytes]
2023-03-27 15:26:52,564 - DEBUG - < TEXT '[3, "3b31a0ce-db74-4616-94bc-1e3645b72a8c", {}]' [47 bytes]
2023-03-27 15:26:52,609 - DEBUG - > TEXT '[2, "0e3a7af2-bd8d-41e2-b362-1366f299cb5a", "St..."status": "Available"}]' [132 bytes]
2023-03-27 15:26:52,789 - DEBUG - < TEXT '[3, "0e3a7af2-bd8d-41e2-b362-1366f299cb5a", {}]' [47 bytes]
2023-03-27 15:26:52,816 - DEBUG - = connection is CLOSING
2023-03-27 15:26:52,816 - DEBUG - > CLOSE 1000 (OK) [2 bytes]
2023-03-27 15:26:52,823 - DEBUG - < CLOSE 1000 (OK) [2 bytes]
2023-03-27 15:26:52,827 - DEBUG - = connection is CLOSED
2023-03-27 15:26:52,838 - DEBUG - = connection is CONNECTING
2023-03-27 15:26:52,877 - DEBUG - > GET /ocpp16/ELA007C01/EVSCA070007 HTTP/1.1
2023-03-27 15:26:52,877 - DEBUG - > Host: ws.devevspcharger.uplus.co.kr
2023-03-27 15:26:52,877 - DEBUG - > Upgrade: websocket
2023-03-27 15:26:52,878 - DEBUG - > Connection: Upgrade
2023-03-27 15:26:52,878 - DEBUG - > Sec-WebSocket-Key: 710IRPk6QBVzNZ6URuvtQw==
2023-03-27 15:26:52,878 - DEBUG - > Sec-WebSocket-Version: 13
2023-03-27 15:26:52,878 - DEBUG - > Sec-WebSocket-Extensions: permessage-deflate; client_max_window_bits
2023-03-27 15:26:52,878 - DEBUG - > Sec-WebSocket-Protocol: ocpp1.6
2023-03-27 15:26:52,878 - DEBUG - > Authorization: Basic RVZBUjpFVkFSTEdV
2023-03-27 15:26:52,878 - DEBUG - > User-Agent: Python/3.11 websockets/10.4
2023-03-27 15:26:53,097 - DEBUG - < HTTP/1.1 101 Switching Protocols
2023-03-27 15:26:53,097 - DEBUG - < Connection: upgrade
2023-03-27 15:26:53,097 - DEBUG - < Date: Mon, 27 Mar 2023 06:26:52 GMT
2023-03-27 15:26:53,097 - DEBUG - < sec-websocket-protocol: ocpp1.6
2023-03-27 15:26:53,097 - DEBUG - < upgrade: websocket
2023-03-27 15:26:53,098 - DEBUG - < sec-websocket-accept: TArft7phumKTl18zefZ840Du6j4=
2023-03-27 15:26:53,098 - DEBUG - < sec-websocket-extensions: permessage-deflate
2023-03-27 15:26:53,098 - DEBUG - < X-Cache: Miss from cloudfront
2023-03-27 15:26:53,098 - DEBUG - < Via: 1.1 599ddd31480edfa35dadcdd2b13e5b12.cloudfront.net (CloudFront)
2023-03-27 15:26:53,099 - DEBUG - < X-Amz-Cf-Pop: ICN57-P2
2023-03-27 15:26:53,099 - DEBUG - < X-Amz-Cf-Id: 66Wg08I4BtjbHNsWzkSHA8JZvDlSoy0o1Hsg3w6hGPwGbC1vG6WLaA==
2023-03-27 15:26:53,099 - DEBUG - = connection is OPEN
2023-03-27 15:26:53,129 - DEBUG - > TEXT '[2, "ab404795-9496-4b6a-bda7-e91c6ef0a15d", "Bo...umber": "EVSCA070007"}]' [169 bytes]
2023-03-27 15:26:53,344 - DEBUG - < TEXT '[3, "ab404795-9496-4b6a-bda7-e91c6ef0a15d", {"s...52Z", "interval": 300}]' [123 bytes]
2023-03-27 15:26:53,390 - DEBUG - Starting new HTTPS connection (1): 8b434254zg.execute-api.ap-northeast-2.amazonaws.com:443
2023-03-27 15:26:53,764 - DEBUG - https://8b434254zg.execute-api.ap-northeast-2.amazonaws.com:443 "POST /dev/ioc HTTP/1.1" 200 159
2023-03-27 15:26:53,811 - DEBUG - < TEXT '[2, "163b8e38-6b67-4201-93b4-7b516ab89d0e", "Ch...ration", "value": "0"}]' [114 bytes]
2023-03-27 15:26:53,818 - DEBUG - > TEXT '[3, "163b8e38-6b67-4201-93b4-7b516ab89d0e", {"status": "Accepted"}]' [67 bytes]
2023-03-27 15:26:53,987 - DEBUG - < TEXT '{}' [2 bytes]
2023-03-27 15:26:54,021 - DEBUG - Starting new HTTPS connection (1): 8b434254zg.execute-api.ap-northeast-2.amazonaws.com:443
2023-03-27 15:26:54,422 - DEBUG - https://8b434254zg.execute-api.ap-northeast-2.amazonaws.com:443 "POST /dev/ioc HTTP/1.1" 200 174
2023-03-27 15:26:54,462 - DEBUG - < TEXT '[2, "d8c202ba-a70d-41a9-97d0-a1fd36c1e387", "Ch...ect", "value": "true"}]' [129 bytes]
2023-03-27 15:26:54,468 - DEBUG - > TEXT '[3, "d8c202ba-a70d-41a9-97d0-a1fd36c1e387", {"status": "Accepted"}]' [67 bytes]
2023-03-27 15:26:54,666 - DEBUG - < TEXT '{}' [2 bytes]
2023-03-27 15:26:54,695 - DEBUG - Starting new HTTPS connection (1): 8b434254zg.execute-api.ap-northeast-2.amazonaws.com:443
2023-03-27 15:26:55,102 - DEBUG - https://8b434254zg.execute-api.ap-northeast-2.amazonaws.com:443 "POST /dev/ioc HTTP/1.1" 200 175
2023-03-27 15:26:55,143 - DEBUG - < TEXT '[2, "75f69b2c-a832-49b8-bd64-ef2b259114a5", "Ch...ct", "value": "false"}]' [130 bytes]
2023-03-27 15:26:55,146 - DEBUG - > TEXT '[3, "75f69b2c-a832-49b8-bd64-ef2b259114a5", {"status": "Accepted"}]' [67 bytes]
2023-03-27 15:26:55,325 - DEBUG - < TEXT '{}' [2 bytes]
2023-03-27 15:26:55,354 - DEBUG - > TEXT '[2, "07f7480a-b85d-488b-911d-8d147f25dc79", "St..."status": "Preparing"}]' [132 bytes]
2023-03-27 15:26:55,592 - DEBUG - < TEXT '[3, "07f7480a-b85d-488b-911d-8d147f25dc79", {}]' [47 bytes]
2023-03-27 15:26:55,619 - DEBUG - Starting new HTTPS connection (1): 8b434254zg.execute-api.ap-northeast-2.amazonaws.com:443
2023-03-27 15:26:56,023 - DEBUG - https://8b434254zg.execute-api.ap-northeast-2.amazonaws.com:443 "POST /dev/ioc HTTP/1.1" 200 430
2023-03-27 15:26:56,082 - DEBUG - < TEXT '[2, "088258c4-d400-40d0-bb74-8ba4ff4ae15c", "Re...0, "limit": 11000}]}}}]' [385 bytes]
2023-03-27 15:26:56,113 - DEBUG - = connection is CLOSING
2023-03-27 15:26:56,113 - DEBUG - > CLOSE 1000 (OK) [2 bytes]
2023-03-27 15:26:56,121 - DEBUG - < CLOSE 1000 (OK) [2 bytes]
2023-03-27 15:26:56,127 - DEBUG - = connection is CLOSED
2023-03-27 15:27:01,168 - DEBUG - = connection is CONNECTING
2023-03-27 15:27:01,199 - DEBUG - > GET /ocpp16/ELA007C01/EVSCA070007 HTTP/1.1
2023-03-27 15:27:01,200 - DEBUG - > Host: ws.devevspcharger.uplus.co.kr
2023-03-27 15:27:01,200 - DEBUG - > Upgrade: websocket
2023-03-27 15:27:01,200 - DEBUG - > Connection: Upgrade
2023-03-27 15:27:01,200 - DEBUG - > Sec-WebSocket-Key: 1XfcdiEsrPapaQs3TOnEGw==
2023-03-27 15:27:01,200 - DEBUG - > Sec-WebSocket-Version: 13
2023-03-27 15:27:01,200 - DEBUG - > Sec-WebSocket-Extensions: permessage-deflate; client_max_window_bits
2023-03-27 15:27:01,200 - DEBUG - > Sec-WebSocket-Protocol: ocpp1.6
2023-03-27 15:27:01,200 - DEBUG - > Authorization: Basic RVZBUjpFVkFSTEdV
2023-03-27 15:27:01,200 - DEBUG - > User-Agent: Python/3.11 websockets/10.4
2023-03-27 15:27:01,656 - DEBUG - < HTTP/1.1 101 Switching Protocols
2023-03-27 15:27:01,657 - DEBUG - < Connection: upgrade
2023-03-27 15:27:01,657 - DEBUG - < Date: Mon, 27 Mar 2023 06:27:01 GMT
2023-03-27 15:27:01,657 - DEBUG - < sec-websocket-protocol: ocpp1.6
2023-03-27 15:27:01,657 - DEBUG - < upgrade: websocket
2023-03-27 15:27:01,657 - DEBUG - < sec-websocket-accept: MALcrkgsrAT9rpm5oEx9Xk6mrCs=
2023-03-27 15:27:01,657 - DEBUG - < sec-websocket-extensions: permessage-deflate
2023-03-27 15:27:01,657 - DEBUG - < X-Cache: Miss from cloudfront
2023-03-27 15:27:01,657 - DEBUG - < Via: 1.1 8e619a006d3eebbe44543457c797a4f0.cloudfront.net (CloudFront)
2023-03-27 15:27:01,657 - DEBUG - < X-Amz-Cf-Pop: ICN57-P2
2023-03-27 15:27:01,657 - DEBUG - < X-Amz-Cf-Id: KJaxrhQIm9cwURYfnB6RwvqvAHtclEbJbG1GrKN1po14kl_ad69h0w==
2023-03-27 15:27:01,658 - DEBUG - = connection is OPEN
2023-03-27 15:27:01,718 - DEBUG - > TEXT '[2, "073d71bb-30e3-47f3-8d57-fbc59d3b4bb7", "Bo...umber": "EVSCA070007"}]' [169 bytes]
2023-03-27 15:27:01,946 - DEBUG - < TEXT '[3, "073d71bb-30e3-47f3-8d57-fbc59d3b4bb7", {"s...01Z", "interval": 300}]' [123 bytes]
2023-03-27 15:27:01,988 - DEBUG - Starting new HTTPS connection (1): 8b434254zg.execute-api.ap-northeast-2.amazonaws.com:443
2023-03-27 15:27:02,384 - DEBUG - https://8b434254zg.execute-api.ap-northeast-2.amazonaws.com:443 "POST /dev/ioc HTTP/1.1" 200 159
2023-03-27 15:27:02,418 - DEBUG - < TEXT '[2, "7b696c63-4936-43e7-a39f-d6fc842e85a5", "Ch...ration", "value": "0"}]' [114 bytes]
2023-03-27 15:27:02,425 - DEBUG - > TEXT '[3, "7b696c63-4936-43e7-a39f-d6fc842e85a5", {"status": "Accepted"}]' [67 bytes]
2023-03-27 15:27:02,603 - DEBUG - < TEXT '{}' [2 bytes]
2023-03-27 15:27:02,633 - DEBUG - Starting new HTTPS connection (1): 8b434254zg.execute-api.ap-northeast-2.amazonaws.com:443
2023-03-27 15:27:03,007 - DEBUG - https://8b434254zg.execute-api.ap-northeast-2.amazonaws.com:443 "POST /dev/ioc HTTP/1.1" 200 174
2023-03-27 15:27:03,045 - DEBUG - < TEXT '[2, "382a17dc-bd2b-4a59-8a7c-c0829d3186b1", "Ch...ect", "value": "true"}]' [129 bytes]
2023-03-27 15:27:03,049 - DEBUG - > TEXT '[3, "382a17dc-bd2b-4a59-8a7c-c0829d3186b1", {"status": "Accepted"}]' [67 bytes]
2023-03-27 15:27:03,206 - DEBUG - < TEXT '{}' [2 bytes]
2023-03-27 15:27:03,241 - DEBUG - Starting new HTTPS connection (1): 8b434254zg.execute-api.ap-northeast-2.amazonaws.com:443
2023-03-27 15:27:03,707 - DEBUG - https://8b434254zg.execute-api.ap-northeast-2.amazonaws.com:443 "POST /dev/ioc HTTP/1.1" 200 175
2023-03-27 15:27:03,748 - DEBUG - < TEXT '[2, "38a01b1d-4068-4c43-9908-7c4eeacce636", "Ch...ct", "value": "false"}]' [130 bytes]
2023-03-27 15:27:03,752 - DEBUG - > TEXT '[3, "38a01b1d-4068-4c43-9908-7c4eeacce636", {"status": "Accepted"}]' [67 bytes]
2023-03-27 15:27:03,925 - DEBUG - < TEXT '{}' [2 bytes]
2023-03-27 15:27:03,957 - DEBUG - > TEXT '[2, "65e2478f-d254-499d-ae96-e28cd43692ec", "St..."status": "Preparing"}]' [132 bytes]
2023-03-27 15:27:04,125 - DEBUG - < TEXT '[3, "65e2478f-d254-499d-ae96-e28cd43692ec", {}]' [47 bytes]
2023-03-27 15:27:04,156 - DEBUG - Starting new HTTPS connection (1): 8b434254zg.execute-api.ap-northeast-2.amazonaws.com:443
2023-03-27 15:27:04,563 - DEBUG - https://8b434254zg.execute-api.ap-northeast-2.amazonaws.com:443 "POST /dev/ioc HTTP/1.1" 200 430
2023-03-27 15:27:04,610 - DEBUG - < TEXT '[2, "d1405b41-82e5-42df-b140-da598fbe89d4", "Re...0, "limit": 11000}]}}}]' [385 bytes]
2023-03-27 15:27:04,639 - DEBUG - = connection is CLOSING
2023-03-27 15:27:04,639 - DEBUG - > CLOSE 1000 (OK) [2 bytes]
2023-03-27 15:27:04,647 - DEBUG - < CLOSE 1000 (OK) [2 bytes]
2023-03-27 15:27:04,651 - DEBUG - = connection is CLOSED
2023-03-27 15:30:12,435 - DEBUG - = connection is CONNECTING
2023-03-27 15:30:12,469 - DEBUG - > GET /ocpp16/ELA007C01/EVSCA070007 HTTP/1.1
2023-03-27 15:30:12,470 - DEBUG - > Host: ws.devevspcharger.uplus.co.kr
2023-03-27 15:30:12,470 - DEBUG - > Upgrade: websocket
2023-03-27 15:30:12,470 - DEBUG - > Connection: Upgrade
2023-03-27 15:30:12,471 - DEBUG - > Sec-WebSocket-Key: nj1KGaXO3iLgo5qPhjUCzA==
2023-03-27 15:30:12,471 - DEBUG - > Sec-WebSocket-Version: 13
2023-03-27 15:30:12,471 - DEBUG - > Sec-WebSocket-Extensions: permessage-deflate; client_max_window_bits
2023-03-27 15:30:12,471 - DEBUG - > Sec-WebSocket-Protocol: ocpp1.6
2023-03-27 15:30:12,471 - DEBUG - > Authorization: Basic RVZBUjpFVkFSTEdV
2023-03-27 15:30:12,471 - DEBUG - > User-Agent: Python/3.11 websockets/10.4
2023-03-27 15:30:12,989 - DEBUG - < HTTP/1.1 101 Switching Protocols
2023-03-27 15:30:12,989 - DEBUG - < Connection: upgrade
2023-03-27 15:30:12,989 - DEBUG - < Date: Mon, 27 Mar 2023 06:30:12 GMT
2023-03-27 15:30:12,989 - DEBUG - < sec-websocket-protocol: ocpp1.6
2023-03-27 15:30:12,989 - DEBUG - < upgrade: websocket
2023-03-27 15:30:12,990 - DEBUG - < sec-websocket-accept: aGs66psNhtw+ypwOlom07VJgCOU=
2023-03-27 15:30:12,990 - DEBUG - < sec-websocket-extensions: permessage-deflate
2023-03-27 15:30:12,990 - DEBUG - < X-Cache: Miss from cloudfront
2023-03-27 15:30:12,990 - DEBUG - < Via: 1.1 398e2e4101ed255d172b5d628fa36f5c.cloudfront.net (CloudFront)
2023-03-27 15:30:12,990 - DEBUG - < X-Amz-Cf-Pop: ICN57-P2
2023-03-27 15:30:12,990 - DEBUG - < X-Amz-Cf-Id: AAfdnLQ2_cTGj9GoqWf_BdoqJpxubc_hzJaae0Kf8LrQ5bekjz43-Q==
2023-03-27 15:30:12,990 - DEBUG - = connection is OPEN
2023-03-27 15:30:13,030 - DEBUG - > TEXT '[2, "87aa8a8e-fa91-436e-87f6-adbc3524e6a2", "Bo...umber": "EVSCA070007"}]' [169 bytes]
2023-03-27 15:30:13,449 - DEBUG - < TEXT '[3, "87aa8a8e-fa91-436e-87f6-adbc3524e6a2", {"s...12Z", "interval": 300}]' [123 bytes]
2023-03-27 15:30:20,853 - DEBUG - Starting new HTTPS connection (1): 8b434254zg.execute-api.ap-northeast-2.amazonaws.com:443
2023-03-27 15:30:21,448 - DEBUG - https://8b434254zg.execute-api.ap-northeast-2.amazonaws.com:443 "POST /dev/ioc HTTP/1.1" 200 185
2023-03-27 15:30:21,461 - DEBUG - < TEXT '[2, "e41d8dfb-7cee-4908-82d2-2a266db56d06", "Ch... "status": "Accepted"}]' [140 bytes]
2023-03-27 15:30:21,487 - DEBUG - = connection is CLOSING
2023-03-27 15:30:21,487 - DEBUG - > CLOSE 1000 (OK) [2 bytes]
2023-03-27 15:30:21,494 - DEBUG - < CLOSE 1000 (OK) [2 bytes]
2023-03-27 15:30:21,500 - DEBUG - = connection is CLOSED
2023-03-27 15:33:34,232 - DEBUG - = connection is CONNECTING
2023-03-27 15:33:34,272 - DEBUG - > GET /ocpp16/ELA007C01/EVSCA070007 HTTP/1.1
2023-03-27 15:33:34,273 - DEBUG - > Host: ws.devevspcharger.uplus.co.kr
2023-03-27 15:33:34,273 - DEBUG - > Upgrade: websocket
2023-03-27 15:33:34,273 - DEBUG - > Connection: Upgrade
2023-03-27 15:33:34,273 - DEBUG - > Sec-WebSocket-Key: HQg7d1myYqZHa8Ayq0lLqg==
2023-03-27 15:33:34,273 - DEBUG - > Sec-WebSocket-Version: 13
2023-03-27 15:33:34,273 - DEBUG - > Sec-WebSocket-Extensions: permessage-deflate; client_max_window_bits
2023-03-27 15:33:34,273 - DEBUG - > Sec-WebSocket-Protocol: ocpp1.6
2023-03-27 15:33:34,274 - DEBUG - > Authorization: Basic RVZBUjpFVkFSTEdV
2023-03-27 15:33:34,274 - DEBUG - > User-Agent: Python/3.11 websockets/10.4
2023-03-27 15:33:34,744 - DEBUG - < HTTP/1.1 101 Switching Protocols
2023-03-27 15:33:34,744 - DEBUG - < Connection: upgrade
2023-03-27 15:33:34,744 - DEBUG - < Date: Mon, 27 Mar 2023 06:33:34 GMT
2023-03-27 15:33:34,744 - DEBUG - < sec-websocket-protocol: ocpp1.6
2023-03-27 15:33:34,745 - DEBUG - < upgrade: websocket
2023-03-27 15:33:34,745 - DEBUG - < sec-websocket-accept: CPD5xxYUlSKZSqPNIh7Aa4Q4P/M=
2023-03-27 15:33:34,745 - DEBUG - < sec-websocket-extensions: permessage-deflate
2023-03-27 15:33:34,745 - DEBUG - < X-Cache: Miss from cloudfront
2023-03-27 15:33:34,746 - DEBUG - < Via: 1.1 82b32d3cf0884f8ba64486d5e981bdb8.cloudfront.net (CloudFront)
2023-03-27 15:33:34,746 - DEBUG - < X-Amz-Cf-Pop: ICN57-P2
2023-03-27 15:33:34,746 - DEBUG - < X-Amz-Cf-Id: Jvuec9rvryUWu1GoEDWCQ1UIQ7QW-1o4eqcEfA2gvJxD4wtdWhrKRA==
2023-03-27 15:33:34,747 - DEBUG - = connection is OPEN
2023-03-27 15:33:34,768 - DEBUG - > TEXT '[2, "3b13a2b8-4d28-443f-94d8-25d6ca54d51f", "Bo...umber": "EVSCA070007"}]' [169 bytes]
2023-03-27 15:33:35,170 - DEBUG - < TEXT '[3, "3b13a2b8-4d28-443f-94d8-25d6ca54d51f", {"s...34Z", "interval": 300}]' [123 bytes]
2023-03-27 15:33:35,255 - DEBUG - Starting new HTTPS connection (1): 8b434254zg.execute-api.ap-northeast-2.amazonaws.com:443
2023-03-27 15:33:35,864 - DEBUG - https://8b434254zg.execute-api.ap-northeast-2.amazonaws.com:443 "POST /dev/ioc HTTP/1.1" 200 159
2023-03-27 15:33:35,884 - DEBUG - < TEXT '[2, "5cc11d4f-17b7-4a3a-9562-841a6f4c9d8a", "Ch...ration", "value": "0"}]' [114 bytes]
2023-03-27 15:33:35,893 - DEBUG - > TEXT '[3, "5cc11d4f-17b7-4a3a-9562-841a6f4c9d8a", {"status": "Accepted"}]' [67 bytes]
2023-03-27 15:33:36,089 - DEBUG - < TEXT '{}' [2 bytes]
2023-03-27 15:33:36,108 - DEBUG - Starting new HTTPS connection (1): 8b434254zg.execute-api.ap-northeast-2.amazonaws.com:443
2023-03-27 15:33:36,507 - DEBUG - https://8b434254zg.execute-api.ap-northeast-2.amazonaws.com:443 "POST /dev/ioc HTTP/1.1" 200 174
2023-03-27 15:33:36,556 - DEBUG - < TEXT '[2, "66dc8981-370d-4db6-8e76-5ea13ecd113b", "Ch...ect", "value": "true"}]' [129 bytes]
2023-03-27 15:33:36,561 - DEBUG - > TEXT '[3, "66dc8981-370d-4db6-8e76-5ea13ecd113b", {"status": "Accepted"}]' [67 bytes]
2023-03-27 15:33:36,754 - DEBUG - < TEXT '{}' [2 bytes]
2023-03-27 15:33:36,786 - DEBUG - Starting new HTTPS connection (1): 8b434254zg.execute-api.ap-northeast-2.amazonaws.com:443
2023-03-27 15:33:37,225 - DEBUG - https://8b434254zg.execute-api.ap-northeast-2.amazonaws.com:443 "POST /dev/ioc HTTP/1.1" 200 175
2023-03-27 15:33:37,270 - DEBUG - < TEXT '[2, "f6c4869d-4132-4fc2-ae80-0d77eab6992d", "Ch...ct", "value": "false"}]' [130 bytes]
2023-03-27 15:33:37,276 - DEBUG - > TEXT '[3, "f6c4869d-4132-4fc2-ae80-0d77eab6992d", {"status": "Accepted"}]' [67 bytes]
2023-03-27 15:33:37,450 - DEBUG - < TEXT '{}' [2 bytes]
2023-03-27 15:33:37,483 - DEBUG - > TEXT '[2, "3b13a2b8-4d28-443f-94d8-25d6ca54d51f", "St..."status": "Preparing"}]' [132 bytes]
2023-03-27 15:33:37,711 - DEBUG - < TEXT '[3, "3b13a2b8-4d28-443f-94d8-25d6ca54d51f", {}]' [47 bytes]
2023-03-27 15:33:37,745 - DEBUG - Starting new HTTPS connection (1): 8b434254zg.execute-api.ap-northeast-2.amazonaws.com:443
2023-03-27 15:33:38,165 - DEBUG - https://8b434254zg.execute-api.ap-northeast-2.amazonaws.com:443 "POST /dev/ioc HTTP/1.1" 200 430
2023-03-27 15:33:38,218 - DEBUG - < TEXT '[2, "1ff4eb34-676e-4846-b65f-f3c4e3cbe2a6", "Re...0, "limit": 11000}]}}}]' [385 bytes]
2023-03-27 15:33:38,244 - DEBUG - = connection is CLOSING
2023-03-27 15:33:38,245 - DEBUG - > CLOSE 1000 (OK) [2 bytes]
2023-03-27 15:33:38,255 - DEBUG - < CLOSE 1000 (OK) [2 bytes]
2023-03-27 15:33:38,260 - DEBUG - = connection is CLOSED
2023-03-27 15:33:58,008 - DEBUG - = connection is CONNECTING
2023-03-27 15:33:58,039 - DEBUG - > GET /ocpp16/ELA007C01/EVSCA070007 HTTP/1.1
2023-03-27 15:33:58,039 - DEBUG - > Host: ws.devevspcharger.uplus.co.kr
2023-03-27 15:33:58,039 - DEBUG - > Upgrade: websocket
2023-03-27 15:33:58,039 - DEBUG - > Connection: Upgrade
2023-03-27 15:33:58,040 - DEBUG - > Sec-WebSocket-Key: B3VaxMX8Svjrmb86v7pYfw==
2023-03-27 15:33:58,040 - DEBUG - > Sec-WebSocket-Version: 13
2023-03-27 15:33:58,040 - DEBUG - > Sec-WebSocket-Extensions: permessage-deflate; client_max_window_bits
2023-03-27 15:33:58,040 - DEBUG - > Sec-WebSocket-Protocol: ocpp1.6
2023-03-27 15:33:58,040 - DEBUG - > Authorization: Basic RVZBUjpFVkFSTEdV
2023-03-27 15:33:58,040 - DEBUG - > User-Agent: Python/3.11 websockets/10.4
2023-03-27 15:33:58,284 - DEBUG - < HTTP/1.1 101 Switching Protocols
2023-03-27 15:33:58,284 - DEBUG - < Connection: upgrade
2023-03-27 15:33:58,285 - DEBUG - < Date: Mon, 27 Mar 2023 06:33:57 GMT
2023-03-27 15:33:58,285 - DEBUG - < sec-websocket-protocol: ocpp1.6
2023-03-27 15:33:58,285 - DEBUG - < upgrade: websocket
2023-03-27 15:33:58,285 - DEBUG - < sec-websocket-accept: dbwKvCLWCaEtY6yD26ARG7d+p6I=
2023-03-27 15:33:58,286 - DEBUG - < sec-websocket-extensions: permessage-deflate
2023-03-27 15:33:58,286 - DEBUG - < X-Cache: Miss from cloudfront
2023-03-27 15:33:58,286 - DEBUG - < Via: 1.1 96d5e926418becbc899e1a730ab37236.cloudfront.net (CloudFront)
2023-03-27 15:33:58,286 - DEBUG - < X-Amz-Cf-Pop: ICN57-P2
2023-03-27 15:33:58,286 - DEBUG - < X-Amz-Cf-Id: -D1fkHWYwg8aKsnOI5lsSJLsiquzXyrO2n4ZHRLpNGDsPdjdaoVCSQ==
2023-03-27 15:33:58,286 - DEBUG - = connection is OPEN
2023-03-27 15:33:58,333 - DEBUG - > TEXT '[2, "001c6c7e-558c-4d3e-b570-b110a1f2702a", "Bo...umber": "EVSCA070007"}]' [169 bytes]
2023-03-27 15:33:58,550 - DEBUG - < TEXT '[3, "001c6c7e-558c-4d3e-b570-b110a1f2702a", {"s...58Z", "interval": 300}]' [123 bytes]
2023-03-27 15:33:58,591 - DEBUG - Starting new HTTPS connection (1): 8b434254zg.execute-api.ap-northeast-2.amazonaws.com:443
2023-03-27 15:33:59,008 - DEBUG - https://8b434254zg.execute-api.ap-northeast-2.amazonaws.com:443 "POST /dev/ioc HTTP/1.1" 200 159
2023-03-27 15:33:59,046 - DEBUG - < TEXT '[2, "b1a861c5-bac7-4e37-aca3-160d719be6ac", "Ch...ration", "value": "0"}]' [114 bytes]
2023-03-27 15:33:59,057 - DEBUG - > TEXT '[3, "b1a861c5-bac7-4e37-aca3-160d719be6ac", {"status": "Accepted"}]' [67 bytes]
2023-03-27 15:33:59,252 - DEBUG - < TEXT '{}' [2 bytes]
2023-03-27 15:33:59,284 - DEBUG - Starting new HTTPS connection (1): 8b434254zg.execute-api.ap-northeast-2.amazonaws.com:443
2023-03-27 15:33:59,687 - DEBUG - https://8b434254zg.execute-api.ap-northeast-2.amazonaws.com:443 "POST /dev/ioc HTTP/1.1" 200 174
2023-03-27 15:33:59,732 - DEBUG - < TEXT '[2, "c1a2aa1c-ec2d-4e34-8ec6-95ec019b2d70", "Ch...ect", "value": "true"}]' [129 bytes]
2023-03-27 15:33:59,737 - DEBUG - > TEXT '[3, "c1a2aa1c-ec2d-4e34-8ec6-95ec019b2d70", {"status": "Accepted"}]' [67 bytes]
2023-03-27 15:33:59,914 - DEBUG - < TEXT '{}' [2 bytes]
2023-03-27 15:33:59,946 - DEBUG - Starting new HTTPS connection (1): 8b434254zg.execute-api.ap-northeast-2.amazonaws.com:443
2023-03-27 15:34:00,347 - DEBUG - https://8b434254zg.execute-api.ap-northeast-2.amazonaws.com:443 "POST /dev/ioc HTTP/1.1" 200 175
2023-03-27 15:34:00,398 - DEBUG - < TEXT '[2, "fab29aad-d164-4849-a4b4-e71f6789b618", "Ch...ct", "value": "false"}]' [130 bytes]
2023-03-27 15:34:00,404 - DEBUG - > TEXT '[3, "fab29aad-d164-4849-a4b4-e71f6789b618", {"status": "Accepted"}]' [67 bytes]
2023-03-27 15:34:00,591 - DEBUG - < TEXT '{}' [2 bytes]
2023-03-27 15:34:00,626 - DEBUG - > TEXT '[2, "82996427-bc08-473c-8f98-a0c073f20709", "St..."status": "Preparing"}]' [132 bytes]
2023-03-27 15:34:00,811 - DEBUG - < TEXT '[3, "82996427-bc08-473c-8f98-a0c073f20709", {}]' [47 bytes]
2023-03-27 15:34:00,842 - DEBUG - Starting new HTTPS connection (1): 8b434254zg.execute-api.ap-northeast-2.amazonaws.com:443
2023-03-27 15:34:01,248 - DEBUG - https://8b434254zg.execute-api.ap-northeast-2.amazonaws.com:443 "POST /dev/ioc HTTP/1.1" 200 430
2023-03-27 15:34:01,298 - DEBUG - < TEXT '[2, "70ade685-24c9-4350-9453-196fe7d4769e", "Re...0, "limit": 11000}]}}}]' [385 bytes]
2023-03-27 15:34:01,326 - DEBUG - = connection is CLOSING
2023-03-27 15:34:01,327 - DEBUG - > CLOSE 1000 (OK) [2 bytes]
2023-03-27 15:34:01,341 - DEBUG - < CLOSE 1000 (OK) [2 bytes]
2023-03-27 15:34:01,346 - DEBUG - = connection is CLOSED
2023-03-27 15:34:22,413 - DEBUG - = connection is CONNECTING
2023-03-27 15:34:22,443 - DEBUG - > GET /ocpp16/ELA007C01/EVSCA070007 HTTP/1.1
2023-03-27 15:34:22,443 - DEBUG - > Host: ws.devevspcharger.uplus.co.kr
2023-03-27 15:34:22,443 - DEBUG - > Upgrade: websocket
2023-03-27 15:34:22,443 - DEBUG - > Connection: Upgrade
2023-03-27 15:34:22,444 - DEBUG - > Sec-WebSocket-Key: YC/DqxDL0+LnoRVAzVlrKw==
2023-03-27 15:34:22,444 - DEBUG - > Sec-WebSocket-Version: 13
2023-03-27 15:34:22,444 - DEBUG - > Sec-WebSocket-Extensions: permessage-deflate; client_max_window_bits
2023-03-27 15:34:22,444 - DEBUG - > Sec-WebSocket-Protocol: ocpp1.6
2023-03-27 15:34:22,444 - DEBUG - > Authorization: Basic RVZBUjpFVkFSTEdV
2023-03-27 15:34:22,444 - DEBUG - > User-Agent: Python/3.11 websockets/10.4
2023-03-27 15:34:22,660 - DEBUG - < HTTP/1.1 101 Switching Protocols
2023-03-27 15:34:22,660 - DEBUG - < Connection: upgrade
2023-03-27 15:34:22,660 - DEBUG - < Date: Mon, 27 Mar 2023 06:34:22 GMT
2023-03-27 15:34:22,660 - DEBUG - < sec-websocket-protocol: ocpp1.6
2023-03-27 15:34:22,660 - DEBUG - < upgrade: websocket
2023-03-27 15:34:22,660 - DEBUG - < sec-websocket-accept: 42cQlRg0jP7Exk+VRUjPwkQLF8g=
2023-03-27 15:34:22,660 - DEBUG - < sec-websocket-extensions: permessage-deflate
2023-03-27 15:34:22,661 - DEBUG - < X-Cache: Miss from cloudfront
2023-03-27 15:34:22,661 - DEBUG - < Via: 1.1 967cab954a1c41e7f76f472d706ab3a0.cloudfront.net (CloudFront)
2023-03-27 15:34:22,661 - DEBUG - < X-Amz-Cf-Pop: ICN57-P2
2023-03-27 15:34:22,661 - DEBUG - < X-Amz-Cf-Id: KsmYPxzUqwoZzkQy1yeWPFKiWZWNbPjq2EMN70hKWvzl33dMRl0A4w==
2023-03-27 15:34:22,661 - DEBUG - = connection is OPEN
2023-03-27 15:34:22,694 - DEBUG - > TEXT '[2, "187bd2cd-1a4a-4f29-bca1-51bc0bed99ee", "Bo...umber": "EVSCA070007"}]' [169 bytes]
2023-03-27 15:34:22,910 - DEBUG - < TEXT '[3, "187bd2cd-1a4a-4f29-bca1-51bc0bed99ee", {"s...22Z", "interval": 300}]' [123 bytes]
2023-03-27 15:34:39,286 - DEBUG - = connection is CLOSING
2023-03-27 15:34:39,286 - DEBUG - > CLOSE 1000 (OK) [2 bytes]
2023-03-27 15:34:39,302 - DEBUG - < CLOSE 1000 (OK) [2 bytes]
2023-03-27 15:34:39,306 - DEBUG - = connection is CLOSED
2023-03-27 15:35:37,195 - DEBUG - = connection is CONNECTING
2023-03-27 15:35:37,237 - DEBUG - > GET /ocpp16/ELA007C01/EVSCA070007 HTTP/1.1
2023-03-27 15:35:37,237 - DEBUG - > Host: ws.devevspcharger.uplus.co.kr
2023-03-27 15:35:37,237 - DEBUG - > Upgrade: websocket
2023-03-27 15:35:37,237 - DEBUG - > Connection: Upgrade
2023-03-27 15:35:37,237 - DEBUG - > Sec-WebSocket-Key: hs/YTknuw59NMnjroIfNHA==
2023-03-27 15:35:37,238 - DEBUG - > Sec-WebSocket-Version: 13
2023-03-27 15:35:37,238 - DEBUG - > Sec-WebSocket-Extensions: permessage-deflate; client_max_window_bits
2023-03-27 15:35:37,238 - DEBUG - > Sec-WebSocket-Protocol: ocpp1.6
2023-03-27 15:35:37,238 - DEBUG - > Authorization: Basic RVZBUjpFVkFSTEdV
2023-03-27 15:35:37,238 - DEBUG - > User-Agent: Python/3.11 websockets/10.4
2023-03-27 15:35:37,729 - DEBUG - < HTTP/1.1 101 Switching Protocols
2023-03-27 15:35:37,729 - DEBUG - < Connection: upgrade
2023-03-27 15:35:37,729 - DEBUG - < Date: Mon, 27 Mar 2023 06:35:37 GMT
2023-03-27 15:35:37,729 - DEBUG - < sec-websocket-protocol: ocpp1.6
2023-03-27 15:35:37,729 - DEBUG - < upgrade: websocket
2023-03-27 15:35:37,729 - DEBUG - < sec-websocket-accept: lQ9HFXVwLG6We8CWfOfn7R3faSg=
2023-03-27 15:35:37,730 - DEBUG - < sec-websocket-extensions: permessage-deflate
2023-03-27 15:35:37,730 - DEBUG - < X-Cache: Miss from cloudfront
2023-03-27 15:35:37,730 - DEBUG - < Via: 1.1 0deed69f96030eea747cb7bfcfd21562.cloudfront.net (CloudFront)
2023-03-27 15:35:37,730 - DEBUG - < X-Amz-Cf-Pop: ICN57-P2
2023-03-27 15:35:37,730 - DEBUG - < X-Amz-Cf-Id: ZwRlFcONKK8YmG7LJJ4SHSdBHMRJ-_IgyWTWds6zow6FRHW3bV5HYQ==
2023-03-27 15:35:37,730 - DEBUG - = connection is OPEN
2023-03-27 15:35:37,753 - DEBUG - > TEXT '[2, "803fd592-289f-4ccf-a55d-4a9fe31e9708", "Bo...umber": "EVSCA070007"}]' [169 bytes]
2023-03-27 15:35:38,134 - DEBUG - < TEXT '[3, "803fd592-289f-4ccf-a55d-4a9fe31e9708", {"s...37Z", "interval": 300}]' [123 bytes]
2023-03-27 15:35:57,729 - DEBUG - % sending keepalive ping
2023-03-27 15:35:57,729 - DEBUG - > PING 12 47 ac 3c [binary, 4 bytes]
2023-03-27 15:35:57,738 - DEBUG - < PONG 12 47 ac 3c [binary, 4 bytes]
2023-03-27 15:35:57,740 - DEBUG - % received keepalive pong
2023-03-27 15:36:17,723 - DEBUG - % sending keepalive ping
2023-03-27 15:36:17,723 - DEBUG - > PING 24 49 e0 4a [binary, 4 bytes]
2023-03-27 15:36:17,739 - DEBUG - < PONG 24 49 e0 4a [binary, 4 bytes]
2023-03-27 15:36:17,743 - DEBUG - % received keepalive pong
2023-03-27 15:36:37,727 - DEBUG - % sending keepalive ping
2023-03-27 15:36:37,728 - DEBUG - > PING 03 89 f1 2c [binary, 4 bytes]
2023-03-27 15:36:37,741 - DEBUG - < PONG 03 89 f1 2c [binary, 4 bytes]
2023-03-27 15:36:37,747 - DEBUG - % received keepalive pong
2023-03-27 15:36:57,749 - DEBUG - % sending keepalive ping
2023-03-27 15:36:57,749 - DEBUG - > PING d4 6b 2e 03 [binary, 4 bytes]
2023-03-27 15:36:57,759 - DEBUG - < PONG d4 6b 2e 03 [binary, 4 bytes]
2023-03-27 15:36:57,767 - DEBUG - % received keepalive pong
2023-03-27 15:37:17,773 - DEBUG - % sending keepalive ping
2023-03-27 15:37:17,773 - DEBUG - > PING ef e3 39 dc [binary, 4 bytes]
2023-03-27 15:37:17,782 - DEBUG - < PONG ef e3 39 dc [binary, 4 bytes]
2023-03-27 15:37:17,789 - DEBUG - % received keepalive pong
2023-03-27 15:37:37,768 - DEBUG - % sending keepalive ping
2023-03-27 15:37:37,768 - DEBUG - > PING 'D\x18iC' [text, 4 bytes]
2023-03-27 15:37:37,777 - DEBUG - < PONG 'D\x18iC' [text, 4 bytes]
2023-03-27 15:37:37,784 - DEBUG - % received keepalive pong
2023-03-27 15:37:57,764 - DEBUG - % sending keepalive ping
2023-03-27 15:37:57,764 - DEBUG - > PING fa af 20 5a [binary, 4 bytes]
2023-03-27 15:37:57,808 - DEBUG - < PONG fa af 20 5a [binary, 4 bytes]
2023-03-27 15:37:57,812 - DEBUG - % received keepalive pong
2023-03-27 15:38:17,819 - DEBUG - % sending keepalive ping
2023-03-27 15:38:17,819 - DEBUG - > PING c8 00 12 45 [binary, 4 bytes]
2023-03-27 15:38:17,829 - DEBUG - < PONG c8 00 12 45 [binary, 4 bytes]
2023-03-27 15:38:17,836 - DEBUG - % received keepalive pong
2023-03-27 15:38:33,634 - DEBUG - = connection is CONNECTING
2023-03-27 15:38:33,678 - DEBUG - > GET /ocpp16/ELA007C01/EVSCA070007 HTTP/1.1
2023-03-27 15:38:33,678 - DEBUG - > Host: ws.devevspcharger.uplus.co.kr
2023-03-27 15:38:33,678 - DEBUG - > Upgrade: websocket
2023-03-27 15:38:33,678 - DEBUG - > Connection: Upgrade
2023-03-27 15:38:33,679 - DEBUG - > Sec-WebSocket-Key: aXtRNj2OrXfROWQK/Bbo4A==
2023-03-27 15:38:33,679 - DEBUG - > Sec-WebSocket-Version: 13
2023-03-27 15:38:33,679 - DEBUG - > Sec-WebSocket-Extensions: permessage-deflate; client_max_window_bits
2023-03-27 15:38:33,679 - DEBUG - > Sec-WebSocket-Protocol: ocpp1.6
2023-03-27 15:38:33,680 - DEBUG - > Authorization: Basic RVZBUjpFVkFSTEdV
2023-03-27 15:38:33,680 - DEBUG - > User-Agent: Python/3.11 websockets/10.4
2023-03-27 15:38:34,166 - DEBUG - < HTTP/1.1 101 Switching Protocols
2023-03-27 15:38:34,167 - DEBUG - < Connection: upgrade
2023-03-27 15:38:34,167 - DEBUG - < Date: Mon, 27 Mar 2023 06:38:33 GMT
2023-03-27 15:38:34,167 - DEBUG - < sec-websocket-protocol: ocpp1.6
2023-03-27 15:38:34,168 - DEBUG - < upgrade: websocket
2023-03-27 15:38:34,168 - DEBUG - < sec-websocket-accept: IrsgBMinhKy60EclmUmombJTdW4=
2023-03-27 15:38:34,168 - DEBUG - < sec-websocket-extensions: permessage-deflate
2023-03-27 15:38:34,169 - DEBUG - < X-Cache: Miss from cloudfront
2023-03-27 15:38:34,169 - DEBUG - < Via: 1.1 ae5fbf7e945dfb8ed9076b63d7d070f4.cloudfront.net (CloudFront)
2023-03-27 15:38:34,169 - DEBUG - < X-Amz-Cf-Pop: ICN51-C1
2023-03-27 15:38:34,169 - DEBUG - < X-Amz-Cf-Id: C4qcAK4EBTxDnEAt38nfcdnngsxB1poS1ndlaF4DQoxk3LcJhFEq4A==
2023-03-27 15:38:34,169 - DEBUG - = connection is OPEN
2023-03-27 15:38:34,190 - DEBUG - > TEXT '[2, "43ff1901-8f61-4bc4-b909-7a716dfec2fb", "Bo...umber": "EVSCA070007"}]' [169 bytes]
2023-03-27 15:38:34,575 - DEBUG - < TEXT '[3, "43ff1901-8f61-4bc4-b909-7a716dfec2fb", {"s...34Z", "interval": 300}]' [123 bytes]
2023-03-27 15:38:36,145 - DEBUG - Starting new HTTPS connection (1): 8b434254zg.execute-api.ap-northeast-2.amazonaws.com:443
2023-03-27 15:38:36,749 - DEBUG - https://8b434254zg.execute-api.ap-northeast-2.amazonaws.com:443 "POST /dev/ioc HTTP/1.1" 200 163
2023-03-27 15:38:36,762 - DEBUG - < TEXT '[2, "cb056937-d806-471b-81d3-a05bf7b4908b", "Ch...nKey", "value": "300"}]' [118 bytes]
2023-03-27 15:38:36,765 - DEBUG - > TEXT '[3, "cb056937-d806-471b-81d3-a05bf7b4908b", {"status": "Accepted"}]' [67 bytes]
2023-03-27 15:38:36,955 - DEBUG - < TEXT '{}' [2 bytes]
2023-03-27 15:38:45,293 - DEBUG - Starting new HTTPS connection (1): 8b434254zg.execute-api.ap-northeast-2.amazonaws.com:443
2023-03-27 15:38:45,729 - DEBUG - https://8b434254zg.execute-api.ap-northeast-2.amazonaws.com:443 "POST /dev/ioc HTTP/1.1" 200 163
2023-03-27 15:38:45,743 - DEBUG - < TEXT '[2, "1554599b-4a27-448c-8271-8ae076946fa8", "Ch...nKey", "value": "300"}]' [118 bytes]
2023-03-27 15:38:45,749 - DEBUG - > TEXT '[3, "1554599b-4a27-448c-8271-8ae076946fa8", {"status": "Accepted"}]' [67 bytes]
2023-03-27 15:38:45,938 - DEBUG - < TEXT '{}' [2 bytes]
2023-03-27 15:38:48,385 - DEBUG - Starting new HTTPS connection (1): 8b434254zg.execute-api.ap-northeast-2.amazonaws.com:443
2023-03-27 15:38:48,810 - DEBUG - https://8b434254zg.execute-api.ap-northeast-2.amazonaws.com:443 "POST /dev/ioc HTTP/1.1" 200 163
2023-03-27 15:38:48,821 - DEBUG - < TEXT '[2, "4eb26876-32ae-4b02-a168-f3c0b3cb0ff5", "Ch...nKey", "value": "300"}]' [118 bytes]
2023-03-27 15:38:48,826 - DEBUG - > TEXT '[3, "4eb26876-32ae-4b02-a168-f3c0b3cb0ff5", {"status": "Accepted"}]' [67 bytes]
2023-03-27 15:38:49,030 - DEBUG - < TEXT '{}' [2 bytes]
2023-03-27 15:38:49,063 - DEBUG - > TEXT '[2, "43ff1901-8f61-4bc4-b909-7a716dfec2fb", "St..."status": "Preparing"}]' [132 bytes]
2023-03-27 15:38:49,255 - DEBUG - < TEXT '[3, "43ff1901-8f61-4bc4-b909-7a716dfec2fb", {}]' [47 bytes]
2023-03-27 15:38:54,173 - DEBUG - % sending keepalive ping
2023-03-27 15:38:54,173 - DEBUG - > PING ed 42 33 65 [binary, 4 bytes]
2023-03-27 15:38:54,181 - DEBUG - < PONG ed 42 33 65 [binary, 4 bytes]
2023-03-27 15:38:54,184 - DEBUG - % received keepalive pong
2023-03-27 15:39:14,191 - DEBUG - % sending keepalive ping
2023-03-27 15:39:14,191 - DEBUG - > PING fe f4 27 29 [binary, 4 bytes]
2023-03-27 15:39:14,199 - DEBUG - < PONG fe f4 27 29 [binary, 4 bytes]
2023-03-27 15:39:14,205 - DEBUG - % received keepalive pong
2023-03-27 15:39:35,968 - DEBUG - = connection is CONNECTING
2023-03-27 15:39:36,037 - DEBUG - > GET /ocpp16/ELA007C01/EVSCA070007 HTTP/1.1
2023-03-27 15:39:36,038 - DEBUG - > Host: ws.devevspcharger.uplus.co.kr
2023-03-27 15:39:36,038 - DEBUG - > Upgrade: websocket
2023-03-27 15:39:36,039 - DEBUG - > Connection: Upgrade
2023-03-27 15:39:36,039 - DEBUG - > Sec-WebSocket-Key: jpqeQXV8ROsleaqU16M0xg==
2023-03-27 15:39:36,039 - DEBUG - > Sec-WebSocket-Version: 13
2023-03-27 15:39:36,039 - DEBUG - > Sec-WebSocket-Extensions: permessage-deflate; client_max_window_bits
2023-03-27 15:39:36,040 - DEBUG - > Sec-WebSocket-Protocol: ocpp1.6
2023-03-27 15:39:36,041 - DEBUG - > Authorization: Basic RVZBUjpFVkFSTEdV
2023-03-27 15:39:36,041 - DEBUG - > User-Agent: Python/3.11 websockets/10.4
2023-03-27 15:39:36,246 - DEBUG - < HTTP/1.1 101 Switching Protocols
2023-03-27 15:39:36,247 - DEBUG - < Connection: upgrade
2023-03-27 15:39:36,247 - DEBUG - < Date: Mon, 27 Mar 2023 06:39:35 GMT
2023-03-27 15:39:36,247 - DEBUG - < sec-websocket-protocol: ocpp1.6
2023-03-27 15:39:36,248 - DEBUG - < upgrade: websocket
2023-03-27 15:39:36,248 - DEBUG - < sec-websocket-accept: luc6Jj8YuwbQeZx/nxl1o0forPQ=
2023-03-27 15:39:36,248 - DEBUG - < sec-websocket-extensions: permessage-deflate
2023-03-27 15:39:36,248 - DEBUG - < X-Cache: Miss from cloudfront
2023-03-27 15:39:36,249 - DEBUG - < Via: 1.1 3509c763b14d58840ad09e1097a1e54c.cloudfront.net (CloudFront)
2023-03-27 15:39:36,249 - DEBUG - < X-Amz-Cf-Pop: ICN57-P2
2023-03-27 15:39:36,249 - DEBUG - < X-Amz-Cf-Id: vota1GzieuR_LMQDKWXNH1uOLRMcy-GVF7--sYZIC891bDaZu355BA==
2023-03-27 15:39:36,250 - DEBUG - = connection is OPEN
2023-03-27 15:39:36,298 - DEBUG - > TEXT '[2, "c8b87e29-8390-4734-9b33-cfe2b044c725", "Bo...umber": "EVSCA070007"}]' [169 bytes]
2023-03-27 15:39:36,497 - DEBUG - < TEXT '[3, "c8b87e29-8390-4734-9b33-cfe2b044c725", {"s...36Z", "interval": 300}]' [123 bytes]
2023-03-27 15:39:36,519 - DEBUG - > TEXT '[2, "c8b87e29-8390-4734-9b33-cfe2b044c725", "St..."status": "Available"}]' [132 bytes]
2023-03-27 15:39:36,714 - DEBUG - < TEXT '[3, "c8b87e29-8390-4734-9b33-cfe2b044c725", {}]' [47 bytes]
2023-03-27 15:39:36,742 - DEBUG - > TEXT '[2, "c8b87e29-8390-4734-9b33-cfe2b044c725", "Au...": "1031040000069641"}]' [87 bytes]
2023-03-27 15:39:36,975 - DEBUG - < TEXT '[3, "c8b87e29-8390-4734-9b33-cfe2b044c725", {"i..."status": "Accepted"}}]' [82 bytes]
2023-03-27 15:39:36,998 - DEBUG - = connection is CLOSING
2023-03-27 15:39:36,998 - DEBUG - > CLOSE 1000 (OK) [2 bytes]
2023-03-27 15:39:37,007 - DEBUG - < CLOSE 1000 (OK) [2 bytes]
2023-03-27 15:39:37,013 - DEBUG - = connection is CLOSED
2023-03-27 15:39:42,113 - DEBUG - = connection is CONNECTING
2023-03-27 15:39:42,144 - DEBUG - > GET /ocpp16/ELA007C01/EVSCA070007 HTTP/1.1
2023-03-27 15:39:42,145 - DEBUG - > Host: ws.devevspcharger.uplus.co.kr
2023-03-27 15:39:42,145 - DEBUG - > Upgrade: websocket
2023-03-27 15:39:42,145 - DEBUG - > Connection: Upgrade
2023-03-27 15:39:42,145 - DEBUG - > Sec-WebSocket-Key: jASrZNuQ9cyiLPEP6aDfYw==
2023-03-27 15:39:42,145 - DEBUG - > Sec-WebSocket-Version: 13
2023-03-27 15:39:42,145 - DEBUG - > Sec-WebSocket-Extensions: permessage-deflate; client_max_window_bits
2023-03-27 15:39:42,145 - DEBUG - > Sec-WebSocket-Protocol: ocpp1.6
2023-03-27 15:39:42,145 - DEBUG - > Authorization: Basic RVZBUjpFVkFSTEdV
2023-03-27 15:39:42,145 - DEBUG - > User-Agent: Python/3.11 websockets/10.4
2023-03-27 15:39:42,412 - DEBUG - < HTTP/1.1 101 Switching Protocols
2023-03-27 15:39:42,412 - DEBUG - < Connection: upgrade
2023-03-27 15:39:42,412 - DEBUG - < Date: Mon, 27 Mar 2023 06:39:42 GMT
2023-03-27 15:39:42,412 - DEBUG - < sec-websocket-protocol: ocpp1.6
2023-03-27 15:39:42,413 - DEBUG - < upgrade: websocket
2023-03-27 15:39:42,413 - DEBUG - < sec-websocket-accept: Kb1aRrqzsVkMY4UDlhtooL9h470=
2023-03-27 15:39:42,413 - DEBUG - < sec-websocket-extensions: permessage-deflate
2023-03-27 15:39:42,413 - DEBUG - < X-Cache: Miss from cloudfront
2023-03-27 15:39:42,413 - DEBUG - < Via: 1.1 55a59d7976b41c233ff2e682cdd3901e.cloudfront.net (CloudFront)
2023-03-27 15:39:42,413 - DEBUG - < X-Amz-Cf-Pop: ICN57-P2
2023-03-27 15:39:42,413 - DEBUG - < X-Amz-Cf-Id: fDqSBpRo2sm4OGPbsNKWOdNJP8h9iSDSNby9ePKD_nTPqZcksDjl0A==
2023-03-27 15:39:42,414 - DEBUG - = connection is OPEN
2023-03-27 15:39:42,445 - DEBUG - > TEXT '[2, "df24a6af-18d6-4c71-9471-93e384a2491e", "Bo...umber": "EVSCA070007"}]' [169 bytes]
2023-03-27 15:39:42,676 - DEBUG - < TEXT '[3, "df24a6af-18d6-4c71-9471-93e384a2491e", {"s...42Z", "interval": 300}]' [123 bytes]
2023-03-27 15:39:50,439 - DEBUG - Starting new HTTPS connection (1): 8b434254zg.execute-api.ap-northeast-2.amazonaws.com:443
2023-03-27 15:39:50,891 - DEBUG - https://8b434254zg.execute-api.ap-northeast-2.amazonaws.com:443 "POST /dev/ioc HTTP/1.1" 200 163
2023-03-27 15:39:50,906 - DEBUG - < TEXT '[2, "71c54e19-e810-4547-b44f-eb843a61d3bd", "Ch...nKey", "value": "300"}]' [118 bytes]
2023-03-27 15:39:50,912 - DEBUG - > TEXT '[3, "71c54e19-e810-4547-b44f-eb843a61d3bd", {"status": "Accepted"}]' [67 bytes]
2023-03-27 15:39:51,095 - DEBUG - < TEXT '{}' [2 bytes]
2023-03-27 15:39:51,815 - DEBUG - Starting new HTTPS connection (1): 8b434254zg.execute-api.ap-northeast-2.amazonaws.com:443
2023-03-27 15:39:52,230 - DEBUG - https://8b434254zg.execute-api.ap-northeast-2.amazonaws.com:443 "POST /dev/ioc HTTP/1.1" 200 163
2023-03-27 15:39:52,242 - DEBUG - < TEXT '[2, "a7cba875-960f-4e67-b7d6-643b9cc7a369", "Ch...nKey", "value": "300"}]' [118 bytes]
2023-03-27 15:39:52,248 - DEBUG - > TEXT '[3, "a7cba875-960f-4e67-b7d6-643b9cc7a369", {"status": "Accepted"}]' [67 bytes]
2023-03-27 15:39:52,453 - DEBUG - < TEXT '{}' [2 bytes]
2023-03-27 15:39:53,074 - DEBUG - Starting new HTTPS connection (1): 8b434254zg.execute-api.ap-northeast-2.amazonaws.com:443
2023-03-27 15:39:53,492 - DEBUG - https://8b434254zg.execute-api.ap-northeast-2.amazonaws.com:443 "POST /dev/ioc HTTP/1.1" 200 163
2023-03-27 15:39:53,503 - DEBUG - < TEXT '[2, "21a41ca3-4a9a-4b7b-9d59-991eb214ffe9", "Ch...nKey", "value": "300"}]' [118 bytes]
2023-03-27 15:39:53,510 - DEBUG - > TEXT '[3, "21a41ca3-4a9a-4b7b-9d59-991eb214ffe9", {"status": "Accepted"}]' [67 bytes]
2023-03-27 15:39:53,695 - DEBUG - < TEXT '{}' [2 bytes]
2023-03-27 15:39:53,725 - DEBUG - > TEXT '[2, "cff69f09-df68-41b1-8046-53175dc651a6", "St..."status": "Preparing"}]' [132 bytes]
2023-03-27 15:39:53,895 - DEBUG - < TEXT '[3, "cff69f09-df68-41b1-8046-53175dc651a6", {}]' [47 bytes]
2023-03-27 15:40:02,419 - DEBUG - % sending keepalive ping
2023-03-27 15:40:02,420 - DEBUG - > PING 1d f5 0f f0 [binary, 4 bytes]
2023-03-27 15:40:02,429 - DEBUG - < PONG 1d f5 0f f0 [binary, 4 bytes]
2023-03-27 15:40:02,435 - DEBUG - % received keepalive pong
2023-03-27 15:40:03,339 - DEBUG - < TEXT '[2, "20230327154002636", "RemoteStartTransactio...": "1031040000069641"}]' [391 bytes]
2023-03-27 15:40:03,347 - DEBUG - > TEXT '[3, "20230327154002636", {"status": "Accepted"}]' [48 bytes]
2023-03-27 15:40:03,554 - DEBUG - < TEXT '{}' [2 bytes]
2023-03-27 15:40:03,596 - DEBUG - > TEXT '[2, "9c89a3c8-696e-4f5d-a0a1-30cddb3272c4", "Au...": "1031040000069641"}]' [87 bytes]
2023-03-27 15:40:03,855 - DEBUG - < TEXT '[3, "9c89a3c8-696e-4f5d-a0a1-30cddb3272c4", {"i..."status": "Accepted"}}]' [82 bytes]
2023-03-27 15:40:03,897 - DEBUG - > TEXT '[2, "2f186bb0-5ce5-4359-a728-b7d7a3433a3d", "St...2023-03-27T15:39:42Z"}]' [170 bytes]
2023-03-27 15:40:04,215 - DEBUG - < TEXT '[3, "2f186bb0-5ce5-4359-a728-b7d7a3433a3d", {"t..."status": "Accepted"}}]' [110 bytes]
2023-03-27 15:40:04,259 - DEBUG - > TEXT '[2, "1005af6b-0b38-4912-b5fe-ea5ef426dac9", "St... "status": "Charging"}]' [131 bytes]
2023-03-27 15:40:04,451 - DEBUG - < TEXT '[3, "1005af6b-0b38-4912-b5fe-ea5ef426dac9", {}]' [47 bytes]
2023-03-27 15:40:04,492 - DEBUG - > TEXT '[2, "926918ca-a88a-47e1-a5be-618ff1adf813", "Me...er", "unit": "Wh"}]}]}]' [259 bytes]
2023-03-27 15:40:04,722 - DEBUG - < TEXT '[3, "926918ca-a88a-47e1-a5be-618ff1adf813", {}]' [47 bytes]
2023-03-27 15:40:22,436 - DEBUG - % sending keepalive ping
2023-03-27 15:40:22,437 - DEBUG - > PING 'g\x001(' [text, 4 bytes]
2023-03-27 15:40:22,445 - DEBUG - < PONG 'g\x001(' [text, 4 bytes]
2023-03-27 15:40:22,451 - DEBUG - % received keepalive pong
2023-03-27 15:40:42,447 - DEBUG - % sending keepalive ping
2023-03-27 15:40:42,447 - DEBUG - > PING 56 b4 c4 6b [binary, 4 bytes]
2023-03-27 15:40:42,456 - DEBUG - < PONG 56 b4 c4 6b [binary, 4 bytes]
2023-03-27 15:40:42,459 - DEBUG - % received keepalive pong
2023-03-27 15:41:02,434 - DEBUG - % sending keepalive ping
2023-03-27 15:41:02,435 - DEBUG - > PING 61 c9 c7 87 [binary, 4 bytes]
2023-03-27 15:41:02,445 - DEBUG - < PONG 61 c9 c7 87 [binary, 4 bytes]
2023-03-27 15:41:02,450 - DEBUG - % received keepalive pong
2023-03-27 15:41:22,435 - DEBUG - % sending keepalive ping
2023-03-27 15:41:22,436 - DEBUG - > PING d6 f1 31 18 [binary, 4 bytes]
2023-03-27 15:41:22,444 - DEBUG - < PONG d6 f1 31 18 [binary, 4 bytes]
2023-03-27 15:41:22,452 - DEBUG - % received keepalive pong
2023-03-27 15:41:28,904 - DEBUG - Starting new HTTPS connection (1): 8b434254zg.execute-api.ap-northeast-2.amazonaws.com:443
2023-03-27 15:41:29,331 - DEBUG - https://8b434254zg.execute-api.ap-northeast-2.amazonaws.com:443 "POST /dev/ioc HTTP/1.1" 200 143
2023-03-27 15:41:29,345 - DEBUG - < TEXT '[2, "b831512b-ee91-4fd4-a307-0a0ece090aad", "Re...sactionId": 120533476}]' [98 bytes]
2023-03-27 15:41:29,350 - DEBUG - > TEXT '[3, "b831512b-ee91-4fd4-a307-0a0ece090aad", {"status": "Accepted"}]' [67 bytes]
2023-03-27 15:41:29,535 - DEBUG - < TEXT '{}' [2 bytes]
2023-03-27 15:41:29,572 - DEBUG - > TEXT '[2, "093d7d11-b44d-4aad-b748-91ea646911ff", "St...tatus": "SuspendedEV"}]' [134 bytes]
2023-03-27 15:41:29,775 - DEBUG - < TEXT '[3, "093d7d11-b44d-4aad-b748-91ea646911ff", {}]' [47 bytes]
2023-03-27 15:41:29,811 - DEBUG - > TEXT '[2, "1cff3d76-94ec-4f59-a583-a8cd538aa995", "St..."status": "Finishing"}]' [132 bytes]
2023-03-27 15:41:29,975 - DEBUG - < TEXT '[3, "1cff3d76-94ec-4f59-a583-a8cd538aa995", {}]' [47 bytes]
2023-03-27 15:41:30,030 - DEBUG - > TEXT '[2, "e7acc5c1-1ed3-48ca-840f-6f0b506ff7a3", "St...6, "reason": "Remote"}]' [169 bytes]
2023-03-27 15:41:30,375 - DEBUG - < TEXT '[3, "e7acc5c1-1ed3-48ca-840f-6f0b506ff7a3", {"i..."status": "Accepted"}}]' [82 bytes]
2023-03-27 15:41:30,409 - DEBUG - > TEXT '[2, "d91fd529-a464-4144-b5df-4ab6593ba922", "St..."status": "Available"}]' [132 bytes]
2023-03-27 15:41:30,600 - DEBUG - < TEXT '[3, "d91fd529-a464-4144-b5df-4ab6593ba922", {}]' [47 bytes]
2023-03-27 15:41:30,618 - DEBUG - = connection is CLOSING
2023-03-27 15:41:30,619 - DEBUG - > CLOSE 1000 (OK) [2 bytes]
2023-03-27 15:41:30,628 - DEBUG - < CLOSE 1000 (OK) [2 bytes]
2023-03-27 15:41:30,631 - DEBUG - = connection is CLOSED
2023-03-27 15:42:04,706 - DEBUG - = connection is CONNECTING
2023-03-27 15:42:04,736 - DEBUG - > GET /ocpp16/ELA007C01/EVSCA070007 HTTP/1.1
2023-03-27 15:42:04,736 - DEBUG - > Host: ws.devevspcharger.uplus.co.kr
2023-03-27 15:42:04,736 - DEBUG - > Upgrade: websocket
2023-03-27 15:42:04,736 - DEBUG - > Connection: Upgrade
2023-03-27 15:42:04,736 - DEBUG - > Sec-WebSocket-Key: 74flCVsZEZ/YT+YRnyBJaw==
2023-03-27 15:42:04,737 - DEBUG - > Sec-WebSocket-Version: 13
2023-03-27 15:42:04,737 - DEBUG - > Sec-WebSocket-Extensions: permessage-deflate; client_max_window_bits
2023-03-27 15:42:04,737 - DEBUG - > Sec-WebSocket-Protocol: ocpp1.6
2023-03-27 15:42:04,737 - DEBUG - > Authorization: Basic RVZBUjpFVkFSTEdV
2023-03-27 15:42:04,737 - DEBUG - > User-Agent: Python/3.11 websockets/10.4
2023-03-27 15:42:04,979 - DEBUG - < HTTP/1.1 101 Switching Protocols
2023-03-27 15:42:04,979 - DEBUG - < Connection: upgrade
2023-03-27 15:42:04,979 - DEBUG - < Date: Mon, 27 Mar 2023 06:42:04 GMT
2023-03-27 15:42:04,979 - DEBUG - < sec-websocket-protocol: ocpp1.6
2023-03-27 15:42:04,979 - DEBUG - < upgrade: websocket
2023-03-27 15:42:04,979 - DEBUG - < sec-websocket-accept: 6qWvehdIPEdHyWS/nrBDj028UrY=
2023-03-27 15:42:04,980 - DEBUG - < sec-websocket-extensions: permessage-deflate
2023-03-27 15:42:04,980 - DEBUG - < X-Cache: Miss from cloudfront
2023-03-27 15:42:04,980 - DEBUG - < Via: 1.1 0deed69f96030eea747cb7bfcfd21562.cloudfront.net (CloudFront)
2023-03-27 15:42:04,980 - DEBUG - < X-Amz-Cf-Pop: ICN57-P2
2023-03-27 15:42:04,980 - DEBUG - < X-Amz-Cf-Id: 66WbzpqqWmU18Y4MzMoFkLZDkrd6l_LJqzBEn1tTsWmQfy3uEhDyrA==
2023-03-27 15:42:04,980 - DEBUG - = connection is OPEN
2023-03-27 15:42:05,011 - DEBUG - > TEXT '[2, "3d32e13c-198c-4823-8064-7e978c9af8c5", "Bo...umber": "EVSCA070007"}]' [169 bytes]
2023-03-27 15:42:05,218 - DEBUG - < TEXT '[3, "3d32e13c-198c-4823-8064-7e978c9af8c5", {"s...04Z", "interval": 300}]' [123 bytes]
2023-03-27 15:42:05,260 - DEBUG - Starting new HTTPS connection (1): 8b434254zg.execute-api.ap-northeast-2.amazonaws.com:443
2023-03-27 15:42:05,652 - DEBUG - https://8b434254zg.execute-api.ap-northeast-2.amazonaws.com:443 "POST /dev/ioc HTTP/1.1" 200 159
2023-03-27 15:42:05,709 - DEBUG - < TEXT '[2, "7631ed26-be71-48c7-a722-040145feae0e", "Ch...ration", "value": "0"}]' [114 bytes]
2023-03-27 15:42:05,713 - DEBUG - > TEXT '[3, "7631ed26-be71-48c7-a722-040145feae0e", {"status": "Accepted"}]' [67 bytes]
2023-03-27 15:42:05,915 - DEBUG - < TEXT '{}' [2 bytes]
2023-03-27 15:42:05,954 - DEBUG - Starting new HTTPS connection (1): 8b434254zg.execute-api.ap-northeast-2.amazonaws.com:443
2023-03-27 15:42:06,353 - DEBUG - https://8b434254zg.execute-api.ap-northeast-2.amazonaws.com:443 "POST /dev/ioc HTTP/1.1" 200 174
2023-03-27 15:42:06,392 - DEBUG - < TEXT '[2, "fbeb08d8-4ff6-4f54-a6d9-781bd45e4c0f", "Ch...ect", "value": "true"}]' [129 bytes]
2023-03-27 15:42:06,395 - DEBUG - > TEXT '[3, "fbeb08d8-4ff6-4f54-a6d9-781bd45e4c0f", {"status": "Accepted"}]' [67 bytes]
2023-03-27 15:42:06,579 - DEBUG - < TEXT '{}' [2 bytes]
2023-03-27 15:42:06,607 - DEBUG - Starting new HTTPS connection (1): 8b434254zg.execute-api.ap-northeast-2.amazonaws.com:443
2023-03-27 15:42:07,033 - DEBUG - https://8b434254zg.execute-api.ap-northeast-2.amazonaws.com:443 "POST /dev/ioc HTTP/1.1" 200 175
2023-03-27 15:42:07,074 - DEBUG - < TEXT '[2, "516d0aea-b133-42e0-bfa5-6089fdd979c5", "Ch...ct", "value": "false"}]' [130 bytes]
2023-03-27 15:42:07,078 - DEBUG - > TEXT '[3, "516d0aea-b133-42e0-bfa5-6089fdd979c5", {"status": "Accepted"}]' [67 bytes]
2023-03-27 15:42:07,238 - DEBUG - < TEXT '{}' [2 bytes]
2023-03-27 15:42:07,271 - DEBUG - > TEXT '[2, "56e09a64-5e3a-427c-a976-b30f8b647c1b", "St..."status": "Preparing"}]' [132 bytes]
2023-03-27 15:42:07,456 - DEBUG - < TEXT '[3, "56e09a64-5e3a-427c-a976-b30f8b647c1b", {}]' [47 bytes]
2023-03-27 15:42:07,482 - DEBUG - Starting new HTTPS connection (1): 8b434254zg.execute-api.ap-northeast-2.amazonaws.com:443
2023-03-27 15:42:07,893 - DEBUG - https://8b434254zg.execute-api.ap-northeast-2.amazonaws.com:443 "POST /dev/ioc HTTP/1.1" 200 430
2023-03-27 15:42:07,948 - DEBUG - < TEXT '[2, "51f39470-ae92-48e4-b59d-0f7afe570998", "Re...0, "limit": 11000}]}}}]' [385 bytes]
2023-03-27 15:42:07,975 - DEBUG - = connection is CLOSING
2023-03-27 15:42:07,976 - DEBUG - > CLOSE 1000 (OK) [2 bytes]
2023-03-27 15:42:07,982 - DEBUG - < CLOSE 1000 (OK) [2 bytes]
2023-03-27 15:42:07,986 - DEBUG - = connection is CLOSED
2023-03-27 15:42:58,766 - DEBUG - = connection is CONNECTING
2023-03-27 15:42:58,802 - DEBUG - > GET /ocpp16/ELA007C01/EVSCA070007 HTTP/1.1
2023-03-27 15:42:58,803 - DEBUG - > Host: ws.devevspcharger.uplus.co.kr
2023-03-27 15:42:58,803 - DEBUG - > Upgrade: websocket
2023-03-27 15:42:58,803 - DEBUG - > Connection: Upgrade
2023-03-27 15:42:58,803 - DEBUG - > Sec-WebSocket-Key: ppI206nkvSz40IoAvBjpZQ==
2023-03-27 15:42:58,803 - DEBUG - > Sec-WebSocket-Version: 13
2023-03-27 15:42:58,803 - DEBUG - > Sec-WebSocket-Extensions: permessage-deflate; client_max_window_bits
2023-03-27 15:42:58,803 - DEBUG - > Sec-WebSocket-Protocol: ocpp1.6
2023-03-27 15:42:58,804 - DEBUG - > Authorization: Basic RVZBUjpFVkFSTEdV
2023-03-27 15:42:58,804 - DEBUG - > User-Agent: Python/3.11 websockets/10.4
2023-03-27 15:42:59,015 - DEBUG - < HTTP/1.1 101 Switching Protocols
2023-03-27 15:42:59,015 - DEBUG - < Connection: upgrade
2023-03-27 15:42:59,015 - DEBUG - < Date: Mon, 27 Mar 2023 06:42:58 GMT
2023-03-27 15:42:59,015 - DEBUG - < sec-websocket-protocol: ocpp1.6
2023-03-27 15:42:59,016 - DEBUG - < upgrade: websocket
2023-03-27 15:42:59,016 - DEBUG - < sec-websocket-accept: us2+q1tuzNN3aUslt6JE1giJR58=
2023-03-27 15:42:59,016 - DEBUG - < sec-websocket-extensions: permessage-deflate
2023-03-27 15:42:59,016 - DEBUG - < X-Cache: Miss from cloudfront
2023-03-27 15:42:59,016 - DEBUG - < Via: 1.1 5b6f80c06c5584561e15bd2fd58882ee.cloudfront.net (CloudFront)
2023-03-27 15:42:59,016 - DEBUG - < X-Amz-Cf-Pop: ICN57-P2
2023-03-27 15:42:59,016 - DEBUG - < X-Amz-Cf-Id: nCT-Ccikve28Jl2Y4q8FdeyOaOwgCSnWcklfciLo6KR90DkVL4x0GQ==
2023-03-27 15:42:59,016 - DEBUG - = connection is OPEN
2023-03-27 15:42:59,056 - DEBUG - > TEXT '[2, "73268411-1be3-451a-abf2-58bcd2a3ca56", "Bo...umber": "EVSCA070007"}]' [169 bytes]
2023-03-27 15:42:59,277 - DEBUG - < TEXT '[3, "73268411-1be3-451a-abf2-58bcd2a3ca56", {"s...58Z", "interval": 300}]' [123 bytes]
2023-03-27 15:42:59,330 - DEBUG - > TEXT '[2, "af379c11-0cce-40bc-8df0-67e11183ac94", "St..."status": "Available"}]' [132 bytes]
2023-03-27 15:42:59,517 - DEBUG - < TEXT '[3, "af379c11-0cce-40bc-8df0-67e11183ac94", {}]' [47 bytes]
2023-03-27 15:42:59,557 - DEBUG - > TEXT '[2, "2852d6a5-e720-4b5c-9f7e-446caf0f3f82", "Au...": "1031040000069641"}]' [87 bytes]
2023-03-27 15:42:59,796 - DEBUG - < TEXT '[3, "2852d6a5-e720-4b5c-9f7e-446caf0f3f82", {"i..."status": "Accepted"}}]' [82 bytes]
2023-03-27 15:42:59,815 - DEBUG - = connection is CLOSING
2023-03-27 15:42:59,816 - DEBUG - > CLOSE 1000 (OK) [2 bytes]
2023-03-27 15:42:59,825 - DEBUG - < CLOSE 1000 (OK) [2 bytes]
2023-03-27 15:42:59,831 - DEBUG - = connection is CLOSED
2023-03-27 15:44:48,853 - DEBUG - = connection is CONNECTING
2023-03-27 15:44:48,889 - DEBUG - > GET /ocpp16/ELA007C01/EVSCA070007 HTTP/1.1
2023-03-27 15:44:48,889 - DEBUG - > Host: ws.devevspcharger.uplus.co.kr
2023-03-27 15:44:48,889 - DEBUG - > Upgrade: websocket
2023-03-27 15:44:48,890 - DEBUG - > Connection: Upgrade
2023-03-27 15:44:48,891 - DEBUG - > Sec-WebSocket-Key: oaQKoTfcaZh28JojmoX1cQ==
2023-03-27 15:44:48,891 - DEBUG - > Sec-WebSocket-Version: 13
2023-03-27 15:44:48,891 - DEBUG - > Sec-WebSocket-Extensions: permessage-deflate; client_max_window_bits
2023-03-27 15:44:48,892 - DEBUG - > Sec-WebSocket-Protocol: ocpp1.6
2023-03-27 15:44:48,892 - DEBUG - > Authorization: Basic RVZBUjpFVkFSTEdV
2023-03-27 15:44:48,892 - DEBUG - > User-Agent: Python/3.11 websockets/10.4
2023-03-27 15:44:49,392 - DEBUG - < HTTP/1.1 101 Switching Protocols
2023-03-27 15:44:49,392 - DEBUG - < Connection: upgrade
2023-03-27 15:44:49,393 - DEBUG - < Date: Mon, 27 Mar 2023 06:44:49 GMT
2023-03-27 15:44:49,393 - DEBUG - < sec-websocket-protocol: ocpp1.6
2023-03-27 15:44:49,393 - DEBUG - < upgrade: websocket
2023-03-27 15:44:49,393 - DEBUG - < sec-websocket-accept: WjMdjcY+PNoEUlWzNhYIw5fNjK0=
2023-03-27 15:44:49,393 - DEBUG - < sec-websocket-extensions: permessage-deflate
2023-03-27 15:44:49,393 - DEBUG - < X-Cache: Miss from cloudfront
2023-03-27 15:44:49,394 - DEBUG - < Via: 1.1 e649e91ecb78f4d44c5fc28ed185c6e0.cloudfront.net (CloudFront)
2023-03-27 15:44:49,394 - DEBUG - < X-Amz-Cf-Pop: ICN57-P2
2023-03-27 15:44:49,394 - DEBUG - < X-Amz-Cf-Id: CiYe3AGoTMny8HMOwQPed2lJcQTpJ2DzwU930cEtFX0FGXWiUUuKPw==
2023-03-27 15:44:49,395 - DEBUG - = connection is OPEN
2023-03-27 15:44:49,425 - DEBUG - > TEXT '[2, "eceb14b6-e20f-4042-afb7-98855c06dcc0", "Bo...umber": "EVSCA070007"}]' [169 bytes]
2023-03-27 15:44:49,798 - DEBUG - < TEXT '[3, "eceb14b6-e20f-4042-afb7-98855c06dcc0", {"s...49Z", "interval": 300}]' [123 bytes]
2023-03-27 15:44:49,834 - DEBUG - > TEXT '[2, "4718aae3-cd69-4278-a771-28c7dccde221", "St..."status": "Preparing"}]' [132 bytes]
2023-03-27 15:44:50,019 - DEBUG - < TEXT '[3, "4718aae3-cd69-4278-a771-28c7dccde221", {}]' [47 bytes]
2023-03-27 15:44:50,049 - DEBUG - > TEXT '[2, "88d3ebd0-7ddb-48f5-b53e-bc7cbacb3910", "Au...": "1031040000069641"}]' [87 bytes]
2023-03-27 15:44:50,361 - DEBUG - < TEXT '[3, "88d3ebd0-7ddb-48f5-b53e-bc7cbacb3910", {"i..."status": "Accepted"}}]' [82 bytes]
2023-03-27 15:44:50,388 - DEBUG - > TEXT '[2, "edf6697c-80cd-4df9-85f0-78be2dfd80a5", "St...2023-03-27T15:39:42Z"}]' [170 bytes]
2023-03-27 15:44:50,699 - DEBUG - < TEXT '[3, "edf6697c-80cd-4df9-85f0-78be2dfd80a5", {"t..."status": "Accepted"}}]' [110 bytes]
2023-03-27 15:44:50,745 - DEBUG - > TEXT '[2, "c3410acf-631c-442e-b8c9-d904facb8632", "St... "status": "Charging"}]' [131 bytes]
2023-03-27 15:44:50,948 - DEBUG - < TEXT '[3, "c3410acf-631c-442e-b8c9-d904facb8632", {}]' [47 bytes]
2023-03-27 15:44:50,990 - DEBUG - > TEXT '[2, "1f76d841-cfb5-4373-bbdc-fc0f1bdeb2e4", "Me...er", "unit": "Wh"}]}]}]' [259 bytes]
2023-03-27 15:44:51,220 - DEBUG - < TEXT '[3, "1f76d841-cfb5-4373-bbdc-fc0f1bdeb2e4", {}]' [47 bytes]
2023-03-27 15:44:51,254 - DEBUG - > TEXT '[2, "aaee91fd-8e4f-425d-81c7-83f07dfac90e", "St...tatus": "SuspendedEV"}]' [134 bytes]
2023-03-27 15:44:52,304 - DEBUG - < TEXT '[3, "aaee91fd-8e4f-425d-81c7-83f07dfac90e", {}]' [47 bytes]
2023-03-27 15:44:52,349 - DEBUG - > TEXT '[2, "213d093e-2612-4271-bc81-a0f7d0fc3bfd", "St...8, "reason": "Remote"}]' [169 bytes]
2023-03-27 15:44:52,722 - DEBUG - < TEXT '[3, "213d093e-2612-4271-bc81-a0f7d0fc3bfd", {"i..."status": "Accepted"}}]' [82 bytes]
2023-03-27 15:44:52,776 - DEBUG - > TEXT '[2, "a6ca957d-c978-4a4a-919f-1b6dd7f7d3bd", "St..."status": "Finishing"}]' [132 bytes]
2023-03-27 15:44:52,962 - DEBUG - < TEXT '[3, "a6ca957d-c978-4a4a-919f-1b6dd7f7d3bd", {}]' [47 bytes]
2023-03-27 15:44:53,001 - DEBUG - > TEXT '[2, "e8c1fe1e-2568-4f15-9da7-46439498874e", "St..."status": "Available"}]' [132 bytes]
2023-03-27 15:44:53,205 - DEBUG - < TEXT '[3, "e8c1fe1e-2568-4f15-9da7-46439498874e", {}]' [47 bytes]
2023-03-27 15:44:53,225 - DEBUG - = connection is CLOSING
2023-03-27 15:44:53,225 - DEBUG - > CLOSE 1000 (OK) [2 bytes]
2023-03-27 15:44:53,231 - DEBUG - < CLOSE 1000 (OK) [2 bytes]
2023-03-27 15:44:53,236 - DEBUG - = connection is CLOSED
2023-03-27 15:48:12,674 - DEBUG - Starting new HTTPS connection (1): 8b434254zg.execute-api.ap-northeast-2.amazonaws.com:443
2023-03-27 15:48:14,065 - DEBUG - https://8b434254zg.execute-api.ap-northeast-2.amazonaws.com:443 "POST /dev/ioc HTTP/1.1" 200 77
2023-03-27 15:48:36,400 - DEBUG - Starting new HTTPS connection (1): 8b434254zg.execute-api.ap-northeast-2.amazonaws.com:443
2023-03-27 15:48:36,754 - DEBUG - https://8b434254zg.execute-api.ap-northeast-2.amazonaws.com:443 "POST /dev/ioc HTTP/1.1" 200 77
2023-03-27 15:49:28,811 - DEBUG - = connection is CONNECTING
2023-03-27 15:49:28,840 - DEBUG - > GET /ocpp16/ELA007C01/EVSCA070007 HTTP/1.1
2023-03-27 15:49:28,840 - DEBUG - > Host: ws.devevspcharger.uplus.co.kr
2023-03-27 15:49:28,841 - DEBUG - > Upgrade: websocket
2023-03-27 15:49:28,841 - DEBUG - > Connection: Upgrade
2023-03-27 15:49:28,841 - DEBUG - > Sec-WebSocket-Key: LPdrmYkgS1sU5jXzfke8fA==
2023-03-27 15:49:28,841 - DEBUG - > Sec-WebSocket-Version: 13
2023-03-27 15:49:28,841 - DEBUG - > Sec-WebSocket-Extensions: permessage-deflate; client_max_window_bits
2023-03-27 15:49:28,841 - DEBUG - > Sec-WebSocket-Protocol: ocpp1.6
2023-03-27 15:49:28,841 - DEBUG - > Authorization: Basic RVZBUjpFVkFSTEdV
2023-03-27 15:49:28,841 - DEBUG - > User-Agent: Python/3.11 websockets/10.4
2023-03-27 15:49:29,036 - DEBUG - < HTTP/1.1 101 Switching Protocols
2023-03-27 15:49:29,037 - DEBUG - < Connection: upgrade
2023-03-27 15:49:29,037 - DEBUG - < Date: Mon, 27 Mar 2023 06:49:28 GMT
2023-03-27 15:49:29,037 - DEBUG - < sec-websocket-protocol: ocpp1.6
2023-03-27 15:49:29,037 - DEBUG - < upgrade: websocket
2023-03-27 15:49:29,037 - DEBUG - < sec-websocket-accept: j8gXaiteyjgNiG/gzZzSRsXmTt0=
2023-03-27 15:49:29,037 - DEBUG - < sec-websocket-extensions: permessage-deflate
2023-03-27 15:49:29,037 - DEBUG - < X-Cache: Miss from cloudfront
2023-03-27 15:49:29,037 - DEBUG - < Via: 1.1 41a89bdb610eb303e698e5cb65ce5b76.cloudfront.net (CloudFront)
2023-03-27 15:49:29,037 - DEBUG - < X-Amz-Cf-Pop: ICN57-P2
2023-03-27 15:49:29,037 - DEBUG - < X-Amz-Cf-Id: X9rIbhn_TEP6Bgyp4Dn6Y0j9cmEyW5naWVQfaDrwPVbg6d1Al8G4dw==
2023-03-27 15:49:29,038 - DEBUG - = connection is OPEN
2023-03-27 15:49:29,071 - DEBUG - > TEXT '[2, "3f7f6a25-b382-4025-999e-c6c6bc89558a", "Bo...umber": "EVSCA070007"}]' [169 bytes]
2023-03-27 15:49:29,507 - DEBUG - < TEXT '[3, "3f7f6a25-b382-4025-999e-c6c6bc89558a", {"s...29Z", "interval": 300}]' [123 bytes]
2023-03-27 15:49:29,541 - DEBUG - Starting new HTTPS connection (1): 8b434254zg.execute-api.ap-northeast-2.amazonaws.com:443
2023-03-27 15:49:29,973 - DEBUG - https://8b434254zg.execute-api.ap-northeast-2.amazonaws.com:443 "POST /dev/ioc HTTP/1.1" 200 115
2023-03-27 15:49:30,016 - DEBUG - < TEXT '[2, "4686ece6-2172-4ae4-8f7d-c1734b7f092a", "Reset", {"type": "Hard"}]' [70 bytes]
2023-03-27 15:49:30,023 - DEBUG - > TEXT '[3, "4686ece6-2172-4ae4-8f7d-c1734b7f092a", {"status": "Accepted"}]' [67 bytes]
2023-03-27 15:49:30,227 - DEBUG - < TEXT '{}' [2 bytes]
2023-03-27 15:49:30,234 - DEBUG - = connection is CLOSING
2023-03-27 15:49:30,234 - DEBUG - > CLOSE 1000 (OK) [2 bytes]
2023-03-27 15:49:30,241 - DEBUG - < CLOSE 1000 (OK) [2 bytes]
2023-03-27 15:49:30,249 - DEBUG - = connection is CLOSED
2023-03-27 15:50:14,248 - DEBUG - = connection is CONNECTING
2023-03-27 15:50:14,280 - DEBUG - > GET /ocpp16/ELA007C01/EVSCA070007 HTTP/1.1
2023-03-27 15:50:14,280 - DEBUG - > Host: ws.devevspcharger.uplus.co.kr
2023-03-27 15:50:14,281 - DEBUG - > Upgrade: websocket
2023-03-27 15:50:14,281 - DEBUG - > Connection: Upgrade
2023-03-27 15:50:14,281 - DEBUG - > Sec-WebSocket-Key: n8mJTMiWcUVKv94J7UDR2A==
2023-03-27 15:50:14,281 - DEBUG - > Sec-WebSocket-Version: 13
2023-03-27 15:50:14,281 - DEBUG - > Sec-WebSocket-Extensions: permessage-deflate; client_max_window_bits
2023-03-27 15:50:14,281 - DEBUG - > Sec-WebSocket-Protocol: ocpp1.6
2023-03-27 15:50:14,281 - DEBUG - > Authorization: Basic RVZBUjpFVkFSTEdV
2023-03-27 15:50:14,281 - DEBUG - > User-Agent: Python/3.11 websockets/10.4
2023-03-27 15:50:14,555 - DEBUG - < HTTP/1.1 101 Switching Protocols
2023-03-27 15:50:14,555 - DEBUG - < Connection: upgrade
2023-03-27 15:50:14,555 - DEBUG - < Date: Mon, 27 Mar 2023 06:50:14 GMT
2023-03-27 15:50:14,555 - DEBUG - < sec-websocket-protocol: ocpp1.6
2023-03-27 15:50:14,556 - DEBUG - < upgrade: websocket
2023-03-27 15:50:14,556 - DEBUG - < sec-websocket-accept: 59s6HtHJOcc/IYIIOX9kRI/cjdQ=
2023-03-27 15:50:14,556 - DEBUG - < sec-websocket-extensions: permessage-deflate
2023-03-27 15:50:14,556 - DEBUG - < X-Cache: Miss from cloudfront
2023-03-27 15:50:14,556 - DEBUG - < Via: 1.1 1c2dddf38b53f960ce106f4047c232e4.cloudfront.net (CloudFront)
2023-03-27 15:50:14,556 - DEBUG - < X-Amz-Cf-Pop: ICN57-P2
2023-03-27 15:50:14,557 - DEBUG - < X-Amz-Cf-Id: 87NLZfuFQZyxtgQNkUdePIGUnYzXSyrV6ak8OTRDaQXFioprvHi_wQ==
2023-03-27 15:50:14,557 - DEBUG - = connection is OPEN
2023-03-27 15:50:14,633 - DEBUG - > TEXT '[2, "e9549f71-3920-41bf-b690-92b30ddd922a", "Bo...umber": "EVSCA070007"}]' [169 bytes]
2023-03-27 15:50:14,847 - DEBUG - < TEXT '[3, "e9549f71-3920-41bf-b690-92b30ddd922a", {"s...14Z", "interval": 300}]' [123 bytes]
2023-03-27 15:50:14,884 - DEBUG - > TEXT '[2, "a3f1256c-0e11-4303-a0a4-5b131c5dffe8", "St..."status": "Available"}]' [132 bytes]
2023-03-27 15:50:15,105 - DEBUG - < TEXT '[3, "a3f1256c-0e11-4303-a0a4-5b131c5dffe8", {}]' [47 bytes]
2023-03-27 15:50:15,140 - DEBUG - > TEXT '[2, "756a14ec-9801-4733-bcb3-ef9b86e62275", "Au...": "1031040000069641"}]' [87 bytes]
2023-03-27 15:50:15,406 - DEBUG - < TEXT '[3, "756a14ec-9801-4733-bcb3-ef9b86e62275", {"i..."status": "Accepted"}}]' [82 bytes]
2023-03-27 15:50:15,421 - DEBUG - = connection is CLOSING
2023-03-27 15:50:15,421 - DEBUG - > CLOSE 1000 (OK) [2 bytes]
2023-03-27 15:50:15,429 - DEBUG - < CLOSE 1000 (OK) [2 bytes]
2023-03-27 15:50:15,434 - DEBUG - = connection is CLOSED
2023-03-27 15:56:36,380 - DEBUG - = connection is CONNECTING
2023-03-27 15:56:36,424 - DEBUG - > GET /ocpp16/ELA007C01/EVSCA070007 HTTP/1.1
2023-03-27 15:56:36,425 - DEBUG - > Host: ws.devevspcharger.uplus.co.kr
2023-03-27 15:56:36,425 - DEBUG - > Upgrade: websocket
2023-03-27 15:56:36,425 - DEBUG - > Connection: Upgrade
2023-03-27 15:56:36,425 - DEBUG - > Sec-WebSocket-Key: 3EiArZ0hXANDHxcA20cnsg==
2023-03-27 15:56:36,425 - DEBUG - > Sec-WebSocket-Version: 13
2023-03-27 15:56:36,425 - DEBUG - > Sec-WebSocket-Extensions: permessage-deflate; client_max_window_bits
2023-03-27 15:56:36,426 - DEBUG - > Sec-WebSocket-Protocol: ocpp1.6
2023-03-27 15:56:36,426 - DEBUG - > Authorization: Basic RVZBUjpFVkFSTEdV
2023-03-27 15:56:36,427 - DEBUG - > User-Agent: Python/3.11 websockets/10.4
2023-03-27 15:56:37,767 - DEBUG - < HTTP/1.1 101 Switching Protocols
2023-03-27 15:56:37,767 - DEBUG - < Connection: upgrade
2023-03-27 15:56:37,767 - DEBUG - < Date: Mon, 27 Mar 2023 06:56:37 GMT
2023-03-27 15:56:37,768 - DEBUG - < sec-websocket-protocol: ocpp1.6
2023-03-27 15:56:37,768 - DEBUG - < upgrade: websocket
2023-03-27 15:56:37,768 - DEBUG - < sec-websocket-accept: 83rLJGHHevCC9gBwE8EEAvNinos=
2023-03-27 15:56:37,768 - DEBUG - < sec-websocket-extensions: permessage-deflate
2023-03-27 15:56:37,768 - DEBUG - < X-Cache: Miss from cloudfront
2023-03-27 15:56:37,768 - DEBUG - < Via: 1.1 ec48eafa1d18635bc3f389669b28a5b8.cloudfront.net (CloudFront)
2023-03-27 15:56:37,768 - DEBUG - < X-Amz-Cf-Pop: ICN57-P2
2023-03-27 15:56:37,768 - DEBUG - < X-Amz-Cf-Id: I-jr1tB8hLoIr5Xw3JSpvi2rk8XhuAbtcKgC-H1TFZAKPTJC8ftFPg==
2023-03-27 15:56:37,769 - DEBUG - = connection is OPEN
2023-03-27 15:56:37,792 - DEBUG - > TEXT '[2, "978fd8e2-ba19-4bd7-8e1e-784ceaac3bbb", "Bo...umber": "EVSCA070007"}]' [169 bytes]
2023-03-27 15:56:38,025 - DEBUG - < TEXT '[3, "978fd8e2-ba19-4bd7-8e1e-784ceaac3bbb", {"s...37Z", "interval": 300}]' [123 bytes]
2023-03-27 15:56:38,063 - DEBUG - > TEXT '[2, "a89b8871-8085-488c-a8f4-bffe8900fa8a", "St..."status": "Available"}]' [132 bytes]
2023-03-27 15:56:38,267 - DEBUG - < TEXT '[3, "a89b8871-8085-488c-a8f4-bffe8900fa8a", {}]' [47 bytes]
2023-03-27 15:56:38,298 - DEBUG - > TEXT '[2, "b6555c10-67a2-4065-98d3-d6a5eb8586f7", "Au...": "1031040000069641"}]' [87 bytes]
2023-03-27 15:56:38,545 - DEBUG - < TEXT '[3, "b6555c10-67a2-4065-98d3-d6a5eb8586f7", {"i..."status": "Accepted"}}]' [82 bytes]
2023-03-27 15:56:38,575 - DEBUG - > TEXT '[2, "b41eb28b-9a7a-4cbf-95bd-0ffb117de2a3", "St...2023-03-27T15:39:42Z"}]' [170 bytes]
2023-03-27 15:56:38,946 - DEBUG - < TEXT '[3, "b41eb28b-9a7a-4cbf-95bd-0ffb117de2a3", {"t..."status": "Accepted"}}]' [110 bytes]
2023-03-27 15:56:38,993 - DEBUG - > TEXT '[2, "5ccc9b81-073b-4667-833b-5d448aee4ef4", "St... "status": "Charging"}]' [131 bytes]
2023-03-27 15:56:39,206 - DEBUG - < TEXT '[3, "5ccc9b81-073b-4667-833b-5d448aee4ef4", {}]' [47 bytes]
2023-03-27 15:56:39,244 - DEBUG - > TEXT '[2, "70abdd51-1f05-4e1a-9e5f-db38f7dbb359", "Me...er", "unit": "Wh"}]}]}]' [259 bytes]
2023-03-27 15:56:39,506 - DEBUG - < TEXT '[3, "70abdd51-1f05-4e1a-9e5f-db38f7dbb359", {}]' [47 bytes]
2023-03-27 15:56:39,547 - DEBUG - > TEXT '[2, "3ea46d03-88a9-45d0-80dc-b4fa02c6fa2e", "St...0, "reason": "Remote"}]' [169 bytes]
2023-03-27 15:56:39,826 - DEBUG - < TEXT '[3, "3ea46d03-88a9-45d0-80dc-b4fa02c6fa2e", {"i..."status": "Accepted"}}]' [82 bytes]
2023-03-27 15:56:39,873 - DEBUG - > TEXT '[2, "839fef79-535c-4867-b95a-af3be7c1d11a", "St..."status": "Finishing"}]' [132 bytes]
2023-03-27 15:56:40,106 - DEBUG - < TEXT '[3, "839fef79-535c-4867-b95a-af3be7c1d11a", {}]' [47 bytes]
2023-03-27 15:56:40,153 - DEBUG - > TEXT '[2, "e7c40078-a7b0-410f-9cc6-249f69ef2432", "St..."status": "Available"}]' [132 bytes]
2023-03-27 15:56:40,325 - DEBUG - < TEXT '[3, "e7c40078-a7b0-410f-9cc6-249f69ef2432", {}]' [47 bytes]
2023-03-27 15:56:40,351 - DEBUG - = connection is CLOSING
2023-03-27 15:56:40,352 - DEBUG - > CLOSE 1000 (OK) [2 bytes]
2023-03-27 15:56:40,360 - DEBUG - < CLOSE 1000 (OK) [2 bytes]
2023-03-27 15:56:40,364 - DEBUG - = connection is CLOSED
2023-03-27 15:56:42,784 - DEBUG - = connection is CONNECTING
2023-03-27 15:56:42,816 - DEBUG - > GET /ocpp16/ELA007C01/EVSCA070007 HTTP/1.1
2023-03-27 15:56:42,816 - DEBUG - > Host: ws.devevspcharger.uplus.co.kr
2023-03-27 15:56:42,817 - DEBUG - > Upgrade: websocket
2023-03-27 15:56:42,819 - DEBUG - > Connection: Upgrade
2023-03-27 15:56:42,819 - DEBUG - > Sec-WebSocket-Key: h8y+g5AvwovJxGRLtfIpJA==
2023-03-27 15:56:42,819 - DEBUG - > Sec-WebSocket-Version: 13
2023-03-27 15:56:42,819 - DEBUG - > Sec-WebSocket-Extensions: permessage-deflate; client_max_window_bits
2023-03-27 15:56:42,819 - DEBUG - > Sec-WebSocket-Protocol: ocpp1.6
2023-03-27 15:56:42,819 - DEBUG - > Authorization: Basic RVZBUjpFVkFSTEdV
2023-03-27 15:56:42,819 - DEBUG - > User-Agent: Python/3.11 websockets/10.4
2023-03-27 15:56:43,028 - DEBUG - < HTTP/1.1 101 Switching Protocols
2023-03-27 15:56:43,030 - DEBUG - < Connection: upgrade
2023-03-27 15:56:43,030 - DEBUG - < Date: Mon, 27 Mar 2023 06:56:42 GMT
2023-03-27 15:56:43,030 - DEBUG - < sec-websocket-protocol: ocpp1.6
2023-03-27 15:56:43,031 - DEBUG - < upgrade: websocket
2023-03-27 15:56:43,031 - DEBUG - < sec-websocket-accept: I8HaOMS4rm0bDd4iN7OAvzFtYOc=
2023-03-27 15:56:43,031 - DEBUG - < sec-websocket-extensions: permessage-deflate
2023-03-27 15:56:43,031 - DEBUG - < X-Cache: Miss from cloudfront
2023-03-27 15:56:43,031 - DEBUG - < Via: 1.1 0c9ac74e4533d4cd2c0dd7de136ec086.cloudfront.net (CloudFront)
2023-03-27 15:56:43,031 - DEBUG - < X-Amz-Cf-Pop: ICN57-P2
2023-03-27 15:56:43,031 - DEBUG - < X-Amz-Cf-Id: uj3x0NMnQ_TfPVexR32rU6RXF7o-6l8otzp6u8sxryXhG3nsq0mkRQ==
2023-03-27 15:56:43,032 - DEBUG - = connection is OPEN
2023-03-27 15:56:43,062 - DEBUG - > TEXT '[2, "978b9080-82dc-4c06-9911-6c1309dcb88d", "Bo...umber": "EVSCA070007"}]' [169 bytes]
2023-03-27 15:56:43,287 - DEBUG - < TEXT '[3, "978b9080-82dc-4c06-9911-6c1309dcb88d", {"s...42Z", "interval": 300}]' [123 bytes]
2023-03-27 15:56:43,327 - DEBUG - > TEXT '[2, "bc8b5369-34f1-4647-8ef7-16ef64e579ae", "Au...": "1031040000069641"}]' [87 bytes]
2023-03-27 15:56:43,565 - DEBUG - < TEXT '[3, "bc8b5369-34f1-4647-8ef7-16ef64e579ae", {"i..."status": "Accepted"}}]' [82 bytes]
2023-03-27 15:56:43,597 - DEBUG - > TEXT '[2, "004446b4-426b-4bb8-ba40-53bf1acfd654", "St..."status": "Preparing"}]' [132 bytes]
2023-03-27 15:56:43,768 - DEBUG - < TEXT '[3, "004446b4-426b-4bb8-ba40-53bf1acfd654", {}]' [47 bytes]
2023-03-27 15:56:43,798 - DEBUG - > TEXT '[2, "ac6dbc63-c1e2-4143-8cad-2fdbfa6699e1", "St...2023-03-27T15:39:42Z"}]' [170 bytes]
2023-03-27 15:56:44,164 - DEBUG - < TEXT '[3, "ac6dbc63-c1e2-4143-8cad-2fdbfa6699e1", {"t..."status": "Accepted"}}]' [110 bytes]
2023-03-27 15:56:44,208 - DEBUG - > TEXT '[2, "fa3432af-92cf-4d99-9bae-4ba5d4eec484", "St... "status": "Charging"}]' [131 bytes]
2023-03-27 15:56:44,385 - DEBUG - < TEXT '[3, "fa3432af-92cf-4d99-9bae-4ba5d4eec484", {}]' [47 bytes]
2023-03-27 15:56:44,432 - DEBUG - > TEXT '[2, "cb6eeec9-13cc-460a-8004-633552507834", "Me...er", "unit": "Wh"}]}]}]' [259 bytes]
2023-03-27 15:56:44,644 - DEBUG - < TEXT '[3, "cb6eeec9-13cc-460a-8004-633552507834", {}]' [47 bytes]
2023-03-27 15:56:44,690 - DEBUG - > TEXT '[2, "91e2a7b9-ec2e-45ab-911d-cb96f1834918", "St...1, "reason": "Remote"}]' [169 bytes]
2023-03-27 15:56:45,004 - DEBUG - < TEXT '[3, "91e2a7b9-ec2e-45ab-911d-cb96f1834918", {"i..."status": "Accepted"}}]' [82 bytes]
2023-03-27 15:56:45,051 - DEBUG - > TEXT '[2, "6a4db7ba-35c2-4535-a4af-d150616aecb6", "St..."status": "Finishing"}]' [132 bytes]
2023-03-27 15:56:45,255 - DEBUG - < TEXT '[3, "6a4db7ba-35c2-4535-a4af-d150616aecb6", {}]' [47 bytes]
2023-03-27 15:56:45,300 - DEBUG - > TEXT '[2, "709cd12d-67e1-45b2-8ab4-fad2f2b54e43", "St..."status": "Available"}]' [132 bytes]
2023-03-27 15:56:45,484 - DEBUG - < TEXT '[3, "709cd12d-67e1-45b2-8ab4-fad2f2b54e43", {}]' [47 bytes]
2023-03-27 15:56:45,503 - DEBUG - = connection is CLOSING
2023-03-27 15:56:45,503 - DEBUG - > CLOSE 1000 (OK) [2 bytes]
2023-03-27 15:56:45,510 - DEBUG - < CLOSE 1000 (OK) [2 bytes]
2023-03-27 15:56:45,514 - DEBUG - = connection is CLOSED
2023-03-27 15:56:48,176 - DEBUG - = connection is CONNECTING
2023-03-27 15:56:48,210 - DEBUG - > GET /ocpp16/ELA007C01/EVSCA070007 HTTP/1.1
2023-03-27 15:56:48,211 - DEBUG - > Host: ws.devevspcharger.uplus.co.kr
2023-03-27 15:56:48,211 - DEBUG - > Upgrade: websocket
2023-03-27 15:56:48,211 - DEBUG - > Connection: Upgrade
2023-03-27 15:56:48,211 - DEBUG - > Sec-WebSocket-Key: mU1RSc3wvQ0OD5w111lcew==
2023-03-27 15:56:48,211 - DEBUG - > Sec-WebSocket-Version: 13
2023-03-27 15:56:48,211 - DEBUG - > Sec-WebSocket-Extensions: permessage-deflate; client_max_window_bits
2023-03-27 15:56:48,211 - DEBUG - > Sec-WebSocket-Protocol: ocpp1.6
2023-03-27 15:56:48,211 - DEBUG - > Authorization: Basic RVZBUjpFVkFSTEdV
2023-03-27 15:56:48,211 - DEBUG - > User-Agent: Python/3.11 websockets/10.4
2023-03-27 15:56:49,518 - DEBUG - < HTTP/1.1 101 Switching Protocols
2023-03-27 15:56:49,518 - DEBUG - < Connection: upgrade
2023-03-27 15:56:49,518 - DEBUG - < Date: Mon, 27 Mar 2023 06:56:49 GMT
2023-03-27 15:56:49,518 - DEBUG - < sec-websocket-protocol: ocpp1.6
2023-03-27 15:56:49,518 - DEBUG - < upgrade: websocket
2023-03-27 15:56:49,518 - DEBUG - < sec-websocket-accept: jUv/G4KeJkgrB0SEYdnxPkr0uS8=
2023-03-27 15:56:49,518 - DEBUG - < sec-websocket-extensions: permessage-deflate
2023-03-27 15:56:49,518 - DEBUG - < X-Cache: Miss from cloudfront
2023-03-27 15:56:49,518 - DEBUG - < Via: 1.1 3544dee363e510a888d5171c071b297e.cloudfront.net (CloudFront)
2023-03-27 15:56:49,518 - DEBUG - < X-Amz-Cf-Pop: ICN57-P2
2023-03-27 15:56:49,518 - DEBUG - < X-Amz-Cf-Id: lwFc_HgW5Mt0JdqGW-Mx3ym2g8H8xhj5aCKCg8gfEa-XBxaOIHP-zA==
2023-03-27 15:56:49,519 - DEBUG - = connection is OPEN
2023-03-27 15:56:49,543 - DEBUG - > TEXT '[2, "819f419e-2c30-4887-9e25-ca1ad62f7cf3", "Bo...umber": "EVSCA070007"}]' [169 bytes]
2023-03-27 15:56:49,772 - DEBUG - < TEXT '[3, "819f419e-2c30-4887-9e25-ca1ad62f7cf3", {"s...49Z", "interval": 300}]' [123 bytes]
2023-03-27 15:56:49,810 - DEBUG - Starting new HTTPS connection (1): 8b434254zg.execute-api.ap-northeast-2.amazonaws.com:443
2023-03-27 15:56:50,391 - DEBUG - https://8b434254zg.execute-api.ap-northeast-2.amazonaws.com:443 "POST /dev/ioc HTTP/1.1" 200 175
2023-03-27 15:56:50,424 - DEBUG - < TEXT '[2, "e1eff90b-788f-4383-a359-8f7d7c1b2d01", "Ch...ct", "value": "false"}]' [130 bytes]
2023-03-27 15:56:50,428 - DEBUG - > TEXT '[3, "e1eff90b-788f-4383-a359-8f7d7c1b2d01", {"status": "Accepted"}]' [67 bytes]
2023-03-27 15:56:50,604 - DEBUG - < TEXT '{}' [2 bytes]
2023-03-27 15:56:50,633 - DEBUG - Starting new HTTPS connection (1): 8b434254zg.execute-api.ap-northeast-2.amazonaws.com:443
2023-03-27 15:56:51,050 - DEBUG - https://8b434254zg.execute-api.ap-northeast-2.amazonaws.com:443 "POST /dev/ioc HTTP/1.1" 200 106
2023-03-27 15:56:51,086 - DEBUG - < TEXT '[2, "daa243a6-83ba-42d8-b8e5-6f641e89ddb3", "ClearCache", {}]' [61 bytes]
2023-03-27 15:56:51,093 - DEBUG - > TEXT '[3, "daa243a6-83ba-42d8-b8e5-6f641e89ddb3", {"status": "Accepted"}]' [67 bytes]
2023-03-27 15:56:51,288 - DEBUG - < TEXT '{}' [2 bytes]
2023-03-27 15:56:51,316 - DEBUG - > TEXT '[2, "dd8f7ddf-2e27-4c10-be2e-739ae74d0f1b", "Au...": "1031040000069641"}]' [87 bytes]
2023-03-27 15:56:51,605 - DEBUG - < TEXT '[3, "dd8f7ddf-2e27-4c10-be2e-739ae74d0f1b", {"i..."status": "Accepted"}}]' [82 bytes]
2023-03-27 15:56:51,626 - DEBUG - > TEXT '[2, "555562af-8984-492a-9a9e-a41d974a6b38", "St..."status": "Preparing"}]' [132 bytes]
2023-03-27 15:56:51,805 - DEBUG - < TEXT '[3, "555562af-8984-492a-9a9e-a41d974a6b38", {}]' [47 bytes]
2023-03-27 15:56:51,830 - DEBUG - > TEXT '[2, "62ee5e00-afcb-4a85-9236-52ede4b2c1ac", "St..."status": "Available"}]' [132 bytes]
2023-03-27 15:56:52,026 - DEBUG - < TEXT '[3, "62ee5e00-afcb-4a85-9236-52ede4b2c1ac", {}]' [47 bytes]
2023-03-27 15:56:52,035 - DEBUG - = connection is CLOSING
2023-03-27 15:56:52,036 - DEBUG - > CLOSE 1000 (OK) [2 bytes]
2023-03-27 15:56:52,044 - DEBUG - < CLOSE 1000 (OK) [2 bytes]
2023-03-27 15:56:52,046 - DEBUG - = connection is CLOSED
2023-03-27 15:56:57,171 - DEBUG - = connection is CONNECTING
2023-03-27 15:56:57,201 - DEBUG - > GET /ocpp16/ELA007C01/EVSCA070007 HTTP/1.1
2023-03-27 15:56:57,201 - DEBUG - > Host: ws.devevspcharger.uplus.co.kr
2023-03-27 15:56:57,202 - DEBUG - > Upgrade: websocket
2023-03-27 15:56:57,202 - DEBUG - > Connection: Upgrade
2023-03-27 15:56:57,202 - DEBUG - > Sec-WebSocket-Key: 48sxGeeDyTwZ2/zBsnP/zg==
2023-03-27 15:56:57,202 - DEBUG - > Sec-WebSocket-Version: 13
2023-03-27 15:56:57,202 - DEBUG - > Sec-WebSocket-Extensions: permessage-deflate; client_max_window_bits
2023-03-27 15:56:57,202 - DEBUG - > Sec-WebSocket-Protocol: ocpp1.6
2023-03-27 15:56:57,203 - DEBUG - > Authorization: Basic RVZBUjpFVkFSTEdV
2023-03-27 15:56:57,203 - DEBUG - > User-Agent: Python/3.11 websockets/10.4
2023-03-27 15:56:57,416 - DEBUG - < HTTP/1.1 101 Switching Protocols
2023-03-27 15:56:57,417 - DEBUG - < Connection: upgrade
2023-03-27 15:56:57,418 - DEBUG - < Date: Mon, 27 Mar 2023 06:56:57 GMT
2023-03-27 15:56:57,418 - DEBUG - < sec-websocket-protocol: ocpp1.6
2023-03-27 15:56:57,418 - DEBUG - < upgrade: websocket
2023-03-27 15:56:57,418 - DEBUG - < sec-websocket-accept: oCQusNwtoSL5MAvyZxeCVAzZFH8=
2023-03-27 15:56:57,419 - DEBUG - < sec-websocket-extensions: permessage-deflate
2023-03-27 15:56:57,419 - DEBUG - < X-Cache: Miss from cloudfront
2023-03-27 15:56:57,419 - DEBUG - < Via: 1.1 5a0f884e3a21756e824f803c83d7f3d0.cloudfront.net (CloudFront)
2023-03-27 15:56:57,419 - DEBUG - < X-Amz-Cf-Pop: ICN57-P2
2023-03-27 15:56:57,419 - DEBUG - < X-Amz-Cf-Id: M6eYBS7pImvNrVXhwlJ6WfzRc6DKAcI7Czy8qRMXG2DSW5PM4h34wQ==
2023-03-27 15:56:57,420 - DEBUG - = connection is OPEN
2023-03-27 15:56:57,443 - DEBUG - > TEXT '[2, "438d7272-efe2-4b5e-955e-5d987d46139f", "Bo...umber": "EVSCA070007"}]' [169 bytes]
2023-03-27 15:56:57,686 - DEBUG - < TEXT '[3, "438d7272-efe2-4b5e-955e-5d987d46139f", {"s...57Z", "interval": 300}]' [123 bytes]
2023-03-27 15:56:57,722 - DEBUG - Starting new HTTPS connection (1): 8b434254zg.execute-api.ap-northeast-2.amazonaws.com:443
2023-03-27 15:56:58,110 - DEBUG - https://8b434254zg.execute-api.ap-northeast-2.amazonaws.com:443 "POST /dev/ioc HTTP/1.1" 200 148
2023-03-27 15:56:58,150 - DEBUG - < TEXT '[2, "e922b418-a857-4305-9493-2b3e8c18cb27", "Ge...izeRemoteTxRequests"]}]' [103 bytes]
2023-03-27 15:56:58,157 - DEBUG - > TEXT '[3, "e922b418-a857-4305-9493-2b3e8c18cb27", {"c... "status": "Accepted"}]' [139 bytes]
2023-03-27 15:56:58,345 - DEBUG - < TEXT '{}' [2 bytes]
2023-03-27 15:56:58,378 - DEBUG - > TEXT '[2, "89f1ecda-bfef-450b-857f-d6c5c20e49f9", "St..."status": "Preparing"}]' [132 bytes]
2023-03-27 15:56:58,565 - DEBUG - < TEXT '[3, "89f1ecda-bfef-450b-857f-d6c5c20e49f9", {}]' [47 bytes]
2023-03-27 15:56:58,603 - DEBUG - Starting new HTTPS connection (1): 8b434254zg.execute-api.ap-northeast-2.amazonaws.com:443
2023-03-27 15:56:59,011 - DEBUG - https://8b434254zg.execute-api.ap-northeast-2.amazonaws.com:443 "POST /dev/ioc HTTP/1.1" 200 430
2023-03-27 15:56:59,050 - DEBUG - < TEXT '[2, "418eef6e-e1d4-4ccc-8950-2c1fd0cfd738", "Re...0, "limit": 11000}]}}}]' [385 bytes]
2023-03-27 15:56:59,079 - DEBUG - = connection is CLOSING
2023-03-27 15:56:59,079 - DEBUG - > CLOSE 1000 (OK) [2 bytes]
2023-03-27 15:56:59,088 - DEBUG - < CLOSE 1000 (OK) [2 bytes]
2023-03-27 15:56:59,092 - DEBUG - = connection is CLOSED
2023-03-27 15:58:24,537 - DEBUG - = connection is CONNECTING
2023-03-27 15:58:24,569 - DEBUG - > GET /ocpp16/ELA007C01/EVSCA070007 HTTP/1.1
2023-03-27 15:58:24,570 - DEBUG - > Host: ws.devevspcharger.uplus.co.kr
2023-03-27 15:58:24,570 - DEBUG - > Upgrade: websocket
2023-03-27 15:58:24,570 - DEBUG - > Connection: Upgrade
2023-03-27 15:58:24,570 - DEBUG - > Sec-WebSocket-Key: BQwIJPrASZfJXpDA8buDFw==
2023-03-27 15:58:24,570 - DEBUG - > Sec-WebSocket-Version: 13
2023-03-27 15:58:24,570 - DEBUG - > Sec-WebSocket-Extensions: permessage-deflate; client_max_window_bits
2023-03-27 15:58:24,570 - DEBUG - > Sec-WebSocket-Protocol: ocpp1.6
2023-03-27 15:58:24,570 - DEBUG - > Authorization: Basic RVZBUjpFVkFSTEdV
2023-03-27 15:58:24,570 - DEBUG - > User-Agent: Python/3.11 websockets/10.4
2023-03-27 15:58:25,128 - DEBUG - < HTTP/1.1 101 Switching Protocols
2023-03-27 15:58:25,128 - DEBUG - < Connection: upgrade
2023-03-27 15:58:25,128 - DEBUG - < Date: Mon, 27 Mar 2023 06:58:24 GMT
2023-03-27 15:58:25,129 - DEBUG - < sec-websocket-protocol: ocpp1.6
2023-03-27 15:58:25,129 - DEBUG - < upgrade: websocket
2023-03-27 15:58:25,129 - DEBUG - < sec-websocket-accept: YB5FRhqBJ/JXgqWLANbby9zs16I=
2023-03-27 15:58:25,129 - DEBUG - < sec-websocket-extensions: permessage-deflate
2023-03-27 15:58:25,129 - DEBUG - < X-Cache: Miss from cloudfront
2023-03-27 15:58:25,129 - DEBUG - < Via: 1.1 3544dee363e510a888d5171c071b297e.cloudfront.net (CloudFront)
2023-03-27 15:58:25,129 - DEBUG - < X-Amz-Cf-Pop: ICN57-P2
2023-03-27 15:58:25,129 - DEBUG - < X-Amz-Cf-Id: G4A3hJChLHQEEujW8G3t_Jc8KMosoNULBdAncfPIH4SBvMce0fO_TQ==
2023-03-27 15:58:25,129 - DEBUG - = connection is OPEN
2023-03-27 15:58:25,167 - DEBUG - > TEXT '[2, "6d4e727e-0886-41cd-9f87-fb27ea3c3cca", "Bo...umber": "EVSCA070007"}]' [169 bytes]
2023-03-27 15:58:25,547 - DEBUG - < TEXT '[3, "6d4e727e-0886-41cd-9f87-fb27ea3c3cca", {"s...25Z", "interval": 300}]' [123 bytes]
2023-03-27 15:58:25,584 - DEBUG - Starting new HTTPS connection (1): 8b434254zg.execute-api.ap-northeast-2.amazonaws.com:443
2023-03-27 15:58:26,191 - DEBUG - https://8b434254zg.execute-api.ap-northeast-2.amazonaws.com:443 "POST /dev/ioc HTTP/1.1" 200 430
2023-03-27 15:58:26,232 - DEBUG - < TEXT '[2, "b269fac2-bcef-452d-b66b-f5709b4cea9d", "Re...0, "limit": 11000}]}}}]' [385 bytes]
2023-03-27 15:58:26,261 - DEBUG - = connection is CLOSING
2023-03-27 15:58:26,262 - DEBUG - > CLOSE 1000 (OK) [2 bytes]
2023-03-27 15:58:26,270 - DEBUG - < CLOSE 1000 (OK) [2 bytes]
2023-03-27 15:58:26,279 - DEBUG - = connection is CLOSED
2023-03-27 15:58:33,255 - DEBUG - = connection is CONNECTING
2023-03-27 15:58:33,288 - DEBUG - > GET /ocpp16/ELA007C01/EVSCA070007 HTTP/1.1
2023-03-27 15:58:33,288 - DEBUG - > Host: ws.devevspcharger.uplus.co.kr
2023-03-27 15:58:33,289 - DEBUG - > Upgrade: websocket
2023-03-27 15:58:33,289 - DEBUG - > Connection: Upgrade
2023-03-27 15:58:33,289 - DEBUG - > Sec-WebSocket-Key: 2ER5AfHiH+9Xgr3vCA5qyw==
2023-03-27 15:58:33,289 - DEBUG - > Sec-WebSocket-Version: 13
2023-03-27 15:58:33,290 - DEBUG - > Sec-WebSocket-Extensions: permessage-deflate; client_max_window_bits
2023-03-27 15:58:33,290 - DEBUG - > Sec-WebSocket-Protocol: ocpp1.6
2023-03-27 15:58:33,290 - DEBUG - > Authorization: Basic RVZBUjpFVkFSTEdV
2023-03-27 15:58:33,290 - DEBUG - > User-Agent: Python/3.11 websockets/10.4
2023-03-27 15:58:33,516 - DEBUG - < HTTP/1.1 101 Switching Protocols
2023-03-27 15:58:33,517 - DEBUG - < Connection: upgrade
2023-03-27 15:58:33,518 - DEBUG - < Date: Mon, 27 Mar 2023 06:58:33 GMT
2023-03-27 15:58:33,518 - DEBUG - < sec-websocket-protocol: ocpp1.6
2023-03-27 15:58:33,518 - DEBUG - < upgrade: websocket
2023-03-27 15:58:33,518 - DEBUG - < sec-websocket-accept: wcUrTtyn1COn9NXudh58nVAnh0Y=
2023-03-27 15:58:33,518 - DEBUG - < sec-websocket-extensions: permessage-deflate
2023-03-27 15:58:33,518 - DEBUG - < X-Cache: Miss from cloudfront
2023-03-27 15:58:33,518 - DEBUG - < Via: 1.1 398e2e4101ed255d172b5d628fa36f5c.cloudfront.net (CloudFront)
2023-03-27 15:58:33,518 - DEBUG - < X-Amz-Cf-Pop: ICN57-P2
2023-03-27 15:58:33,518 - DEBUG - < X-Amz-Cf-Id: 0793uz9dlSkeNw3STVSsjUVd5kAlmq09_5LuA3NJiBmQ51KHtODHTQ==
2023-03-27 15:58:33,518 - DEBUG - = connection is OPEN
2023-03-27 15:58:33,559 - DEBUG - > TEXT '[2, "7ae21acc-cd8d-4c5b-8e0b-f42e815bfeff", "Bo...umber": "EVSCA070007"}]' [169 bytes]
2023-03-27 15:58:33,797 - DEBUG - < TEXT '[3, "7ae21acc-cd8d-4c5b-8e0b-f42e815bfeff", {"s...33Z", "interval": 300}]' [123 bytes]
2023-03-27 15:58:33,845 - DEBUG - Starting new HTTPS connection (1): 8b434254zg.execute-api.ap-northeast-2.amazonaws.com:443
2023-03-27 15:58:34,233 - DEBUG - https://8b434254zg.execute-api.ap-northeast-2.amazonaws.com:443 "POST /dev/ioc HTTP/1.1" 200 430
2023-03-27 15:58:34,294 - DEBUG - < TEXT '[2, "39e30d63-2099-4a76-814a-ff80aa0a598c", "Re...0, "limit": 11000}]}}}]' [385 bytes]
2023-03-27 15:58:34,317 - DEBUG - = connection is CLOSING
2023-03-27 15:58:34,317 - DEBUG - > CLOSE 1000 (OK) [2 bytes]
2023-03-27 15:58:34,325 - DEBUG - < CLOSE 1000 (OK) [2 bytes]
2023-03-27 15:58:34,330 - DEBUG - = connection is CLOSED
2023-03-27 16:02:34,100 - DEBUG - = connection is CONNECTING
2023-03-27 16:02:34,134 - DEBUG - > GET /ocpp16/ELA007C01/EVSCA070007 HTTP/1.1
2023-03-27 16:02:34,135 - DEBUG - > Host: ws.devevspcharger.uplus.co.kr
2023-03-27 16:02:34,135 - DEBUG - > Upgrade: websocket
2023-03-27 16:02:34,135 - DEBUG - > Connection: Upgrade
2023-03-27 16:02:34,135 - DEBUG - > Sec-WebSocket-Key: EaHj1O3qnjbR6cCR6IpTHg==
2023-03-27 16:02:34,135 - DEBUG - > Sec-WebSocket-Version: 13
2023-03-27 16:02:34,135 - DEBUG - > Sec-WebSocket-Extensions: permessage-deflate; client_max_window_bits
2023-03-27 16:02:34,135 - DEBUG - > Sec-WebSocket-Protocol: ocpp1.6
2023-03-27 16:02:34,135 - DEBUG - > Authorization: Basic RVZBUjpFVkFSTEdV
2023-03-27 16:02:34,135 - DEBUG - > User-Agent: Python/3.11 websockets/10.4
2023-03-27 16:02:34,659 - DEBUG - < HTTP/1.1 101 Switching Protocols
2023-03-27 16:02:34,660 - DEBUG - < Connection: upgrade
2023-03-27 16:02:34,660 - DEBUG - < Date: Mon, 27 Mar 2023 07:02:34 GMT
2023-03-27 16:02:34,660 - DEBUG - < sec-websocket-protocol: ocpp1.6
2023-03-27 16:02:34,660 - DEBUG - < upgrade: websocket
2023-03-27 16:02:34,660 - DEBUG - < sec-websocket-accept: ERNZE87h7HN1rbuKAndpgXglONs=
2023-03-27 16:02:34,660 - DEBUG - < sec-websocket-extensions: permessage-deflate
2023-03-27 16:02:34,660 - DEBUG - < X-Cache: Miss from cloudfront
2023-03-27 16:02:34,660 - DEBUG - < Via: 1.1 ec48eafa1d18635bc3f389669b28a5b8.cloudfront.net (CloudFront)
2023-03-27 16:02:34,660 - DEBUG - < X-Amz-Cf-Pop: ICN57-P2
2023-03-27 16:02:34,661 - DEBUG - < X-Amz-Cf-Id: Sp-xaTjnC8FmKeo04H7I3Yucs8Dg0zfRcVpCeuiKRWQOuCDw5-n51g==
2023-03-27 16:02:34,661 - DEBUG - = connection is OPEN
2023-03-27 16:02:34,693 - DEBUG - > TEXT '[2, "b0cb2eeb-9156-4fa2-9f48-b7ee54823077", "Bo...umber": "EVSCA070007"}]' [169 bytes]
2023-03-27 16:02:35,068 - DEBUG - < TEXT '[3, "b0cb2eeb-9156-4fa2-9f48-b7ee54823077", {"s...34Z", "interval": 300}]' [123 bytes]
2023-03-27 16:02:35,108 - DEBUG - Starting new HTTPS connection (1): 8b434254zg.execute-api.ap-northeast-2.amazonaws.com:443
2023-03-27 16:02:35,717 - DEBUG - https://8b434254zg.execute-api.ap-northeast-2.amazonaws.com:443 "POST /dev/ioc HTTP/1.1" 200 148
2023-03-27 16:02:35,773 - DEBUG - < TEXT '[2, "ec1c049a-5d82-4c2a-a9e7-72764cf4d9b3", "Ge...izeRemoteTxRequests"]}]' [103 bytes]
2023-03-27 16:02:35,779 - DEBUG - > TEXT '[3, "ec1c049a-5d82-4c2a-a9e7-72764cf4d9b3", {"c... "status": "Accepted"}]' [139 bytes]
2023-03-27 16:02:36,016 - DEBUG - < TEXT '{}' [2 bytes]
2023-03-27 16:02:36,055 - DEBUG - > TEXT '[2, "a458bfa5-390e-41cf-b980-5e1bee306040", "St..."status": "Preparing"}]' [132 bytes]
2023-03-27 16:02:36,312 - DEBUG - < TEXT '[3, "a458bfa5-390e-41cf-b980-5e1bee306040", {}]' [47 bytes]
2023-03-27 16:02:36,353 - DEBUG - Starting new HTTPS connection (1): 8b434254zg.execute-api.ap-northeast-2.amazonaws.com:443
2023-03-27 16:02:36,756 - DEBUG - https://8b434254zg.execute-api.ap-northeast-2.amazonaws.com:443 "POST /dev/ioc HTTP/1.1" 200 430
2023-03-27 16:02:36,810 - DEBUG - < TEXT '[2, "55479866-657b-47dd-af56-db10645cda65", "Re...0, "limit": 11000}]}}}]' [385 bytes]
2023-03-27 16:02:36,837 - DEBUG - = connection is CLOSING
2023-03-27 16:02:36,837 - DEBUG - > CLOSE 1000 (OK) [2 bytes]
2023-03-27 16:02:36,844 - DEBUG - < CLOSE 1000 (OK) [2 bytes]
2023-03-27 16:02:36,847 - DEBUG - = connection is CLOSED
2023-03-27 16:11:47,665 - DEBUG - = connection is CONNECTING
2023-03-27 16:11:47,699 - DEBUG - > GET /ocpp16/ELA007C05/EVSCA050001 HTTP/1.1
2023-03-27 16:11:47,701 - DEBUG - > Host: ws.devevspcharger.uplus.co.kr
2023-03-27 16:11:47,702 - DEBUG - > Upgrade: websocket
2023-03-27 16:11:47,702 - DEBUG - > Connection: Upgrade
2023-03-27 16:11:47,702 - DEBUG - > Sec-WebSocket-Key: 4RzGBuEVoazPXzKw+WqcnA==
2023-03-27 16:11:47,702 - DEBUG - > Sec-WebSocket-Version: 13
2023-03-27 16:11:47,702 - DEBUG - > Sec-WebSocket-Extensions: permessage-deflate; client_max_window_bits
2023-03-27 16:11:47,702 - DEBUG - > Sec-WebSocket-Protocol: ocpp1.6
2023-03-27 16:11:47,702 - DEBUG - > Authorization: Basic RVZBUjpFVkFSTEdV
2023-03-27 16:11:47,703 - DEBUG - > User-Agent: Python/3.11 websockets/10.4
2023-03-27 16:11:47,955 - DEBUG - < HTTP/1.1 502 Bad Gateway
2023-03-27 16:11:47,957 - DEBUG - < Content-Type: application/json; charset=UTF-8
2023-03-27 16:11:47,957 - DEBUG - < Content-Length: 103
2023-03-27 16:11:47,957 - DEBUG - < Connection: close
2023-03-27 16:11:47,957 - DEBUG - < Date: Mon, 27 Mar 2023 07:11:47 GMT
2023-03-27 16:11:47,957 - DEBUG - < x-amz-apigw-id: Cbc0FHVXIE0Fuog=
2023-03-27 16:11:47,957 - DEBUG - < X-Cache: Error from cloudfront
2023-03-27 16:11:47,957 - DEBUG - < Via: 1.1 818e6836f2ca3e700a5577179db933d8.cloudfront.net (CloudFront)
2023-03-27 16:11:47,957 - DEBUG - < X-Amz-Cf-Pop: ICN57-P2
2023-03-27 16:11:47,957 - DEBUG - < X-Amz-Cf-Id: spjVJI5AnSpAtlUayxtPiLTUtma0v2lCbVFGAXH1IaDfPlL67lugNQ==
2023-03-27 16:11:47,957 - DEBUG - ! failing connection with code 1006
2023-03-27 16:11:47,964 - DEBUG - x closing TCP connection
2023-03-27 16:11:47,968 - DEBUG - = connection is CLOSED
2023-03-27 16:11:48,018 - ERROR - Task exception was never retrieved
future: <Task finished name='Task-2' coro=<ChargerSim.startEvent() done, defined at D:\workspace\wss\main.py:126> exception=AttributeError("'NoneType' object has no attribute 'send'")>
Traceback (most recent call last):
  File "D:\workspace\wss\main.py", line 146, in startEvent
    await self.charger.runcase(self.TC_selected if len(self.TC_selected.keys())>0 else self.TC)
  File "D:\workspace\wss\Charger.py", line 388, in runcase
    recv = await self.sendDocs(doc)
           ^^^^^^^^^^^^^^^^^^^^^^^^
  File "D:\workspace\wss\Charger.py", line 262, in sendDocs
    await self.ws.send(json.dumps(doc))
          ^^^^^^^^^^^^
AttributeError: 'NoneType' object has no attribute 'send'
2023-03-27 16:14:18,776 - DEBUG - = connection is CONNECTING
2023-03-27 16:14:18,830 - DEBUG - > GET /ocpp16/ELA007C05/EVSCA050001 HTTP/1.1
2023-03-27 16:14:18,830 - DEBUG - > Host: ws.devevspcharger.uplus.co.kr
2023-03-27 16:14:18,831 - DEBUG - > Upgrade: websocket
2023-03-27 16:14:18,831 - DEBUG - > Connection: Upgrade
2023-03-27 16:14:18,831 - DEBUG - > Sec-WebSocket-Key: MgyeV8jQztG2S2RCMxFUlA==
2023-03-27 16:14:18,831 - DEBUG - > Sec-WebSocket-Version: 13
2023-03-27 16:14:18,831 - DEBUG - > Sec-WebSocket-Extensions: permessage-deflate; client_max_window_bits
2023-03-27 16:14:18,832 - DEBUG - > Sec-WebSocket-Protocol: ocpp1.6
2023-03-27 16:14:18,832 - DEBUG - > Authorization: Basic RVZBUjpFVkFSTEdV
2023-03-27 16:14:18,832 - DEBUG - > User-Agent: Python/3.11 websockets/10.4
2023-03-27 16:14:19,381 - DEBUG - < HTTP/1.1 101 Switching Protocols
2023-03-27 16:14:19,382 - DEBUG - < Connection: upgrade
2023-03-27 16:14:19,382 - DEBUG - < Date: Mon, 27 Mar 2023 07:14:19 GMT
2023-03-27 16:14:19,383 - DEBUG - < sec-websocket-protocol: ocpp1.6
2023-03-27 16:14:19,383 - DEBUG - < upgrade: websocket
2023-03-27 16:14:19,383 - DEBUG - < sec-websocket-accept: fHY3FBBgc4D80gA1O6jxQpTqJEw=
2023-03-27 16:14:19,383 - DEBUG - < sec-websocket-extensions: permessage-deflate
2023-03-27 16:14:19,383 - DEBUG - < X-Cache: Miss from cloudfront
2023-03-27 16:14:19,384 - DEBUG - < Via: 1.1 55a59d7976b41c233ff2e682cdd3901e.cloudfront.net (CloudFront)
2023-03-27 16:14:19,384 - DEBUG - < X-Amz-Cf-Pop: ICN57-P2
2023-03-27 16:14:19,384 - DEBUG - < X-Amz-Cf-Id: dBLq84zYgaEoOMImE6TxoPxCjXo632Lz56UOTW4OgZLM7YVuCubltQ==
2023-03-27 16:14:19,384 - DEBUG - = connection is OPEN
2023-03-27 16:14:19,409 - DEBUG - > TEXT '[2, "5aaca8b6-3976-463c-8770-2d41f4701d8d", "Bo...umber": "EVSCA050001"}]' [169 bytes]
2023-03-27 16:14:19,782 - DEBUG - < TEXT '[3, "5aaca8b6-3976-463c-8770-2d41f4701d8d", {"s...19Z", "interval": 600}]' [123 bytes]
2023-03-27 16:14:19,802 - DEBUG - > TEXT '[2, "5aaca8b6-3976-463c-8770-2d41f4701d8d", "St..."status": "Available"}]' [132 bytes]
2023-03-27 16:14:20,002 - DEBUG - < TEXT '[3, "5aaca8b6-3976-463c-8770-2d41f4701d8d", {}]' [47 bytes]
2023-03-27 16:14:20,023 - DEBUG - > TEXT '[2, "5aaca8b6-3976-463c-8770-2d41f4701d8d", "Au...": "1031040000069641"}]' [87 bytes]
2023-03-27 16:14:20,282 - DEBUG - < TEXT '[3, "5aaca8b6-3976-463c-8770-2d41f4701d8d", {"i...tus": "ConcurrentTx"}}]' [86 bytes]
2023-03-27 16:14:20,308 - DEBUG - = connection is CLOSING
2023-03-27 16:14:20,308 - DEBUG - > CLOSE 1000 (OK) [2 bytes]
2023-03-27 16:14:20,315 - DEBUG - < CLOSE 1000 (OK) [2 bytes]
2023-03-27 16:14:20,319 - DEBUG - = connection is CLOSED
2023-03-27 16:15:34,437 - DEBUG - = connection is CONNECTING
2023-03-27 16:15:34,473 - DEBUG - > GET /ocpp16/ELA007C05/EVSCA050001 HTTP/1.1
2023-03-27 16:15:34,474 - DEBUG - > Host: ws.devevspcharger.uplus.co.kr
2023-03-27 16:15:34,474 - DEBUG - > Upgrade: websocket
2023-03-27 16:15:34,474 - DEBUG - > Connection: Upgrade
2023-03-27 16:15:34,474 - DEBUG - > Sec-WebSocket-Key: XQcuh82TKFMIEDC/e4jtzA==
2023-03-27 16:15:34,474 - DEBUG - > Sec-WebSocket-Version: 13
2023-03-27 16:15:34,474 - DEBUG - > Sec-WebSocket-Extensions: permessage-deflate; client_max_window_bits
2023-03-27 16:15:34,474 - DEBUG - > Sec-WebSocket-Protocol: ocpp1.6
2023-03-27 16:15:34,474 - DEBUG - > Authorization: Basic RVZBUjpFVkFSTEdV
2023-03-27 16:15:34,474 - DEBUG - > User-Agent: Python/3.11 websockets/10.4
2023-03-27 16:15:34,961 - DEBUG - < HTTP/1.1 101 Switching Protocols
2023-03-27 16:15:34,961 - DEBUG - < Connection: upgrade
2023-03-27 16:15:34,961 - DEBUG - < Date: Mon, 27 Mar 2023 07:15:34 GMT
2023-03-27 16:15:34,962 - DEBUG - < sec-websocket-protocol: ocpp1.6
2023-03-27 16:15:34,962 - DEBUG - < upgrade: websocket
2023-03-27 16:15:34,962 - DEBUG - < sec-websocket-accept: X/E3YG1uI+O+oOv+41flcxmnYKs=
2023-03-27 16:15:34,962 - DEBUG - < sec-websocket-extensions: permessage-deflate
2023-03-27 16:15:34,962 - DEBUG - < X-Cache: Miss from cloudfront
2023-03-27 16:15:34,962 - DEBUG - < Via: 1.1 55a59d7976b41c233ff2e682cdd3901e.cloudfront.net (CloudFront)
2023-03-27 16:15:34,962 - DEBUG - < X-Amz-Cf-Pop: ICN57-P2
2023-03-27 16:15:34,963 - DEBUG - < X-Amz-Cf-Id: n6GtwlOxwBlFYchJdUcxOhQIomN-kecNB0zVQiGR-uhnVyh4kITnsQ==
2023-03-27 16:15:34,963 - DEBUG - = connection is OPEN
2023-03-27 16:15:34,989 - DEBUG - > TEXT '[2, "59265ba0-e19f-4bd5-a843-1dcfd468f908", "Bo...umber": "EVSCA050001"}]' [169 bytes]
2023-03-27 16:15:35,210 - DEBUG - < TEXT '[3, "59265ba0-e19f-4bd5-a843-1dcfd468f908", {"s...34Z", "interval": 600}]' [123 bytes]
2023-03-27 16:15:35,241 - DEBUG - > TEXT '[2, "d0877816-1fb5-48c8-b090-3bd2b6805012", "St..."status": "Available"}]' [132 bytes]
2023-03-27 16:15:35,421 - DEBUG - < TEXT '[3, "d0877816-1fb5-48c8-b090-3bd2b6805012", {}]' [47 bytes]
2023-03-27 16:15:35,458 - DEBUG - > TEXT '[2, "a1492966-9869-4fbb-a2ba-fa74b0b819bc", "Au...": "1031040000069641"}]' [87 bytes]
2023-03-27 16:15:35,725 - DEBUG - < TEXT '[3, "a1492966-9869-4fbb-a2ba-fa74b0b819bc", {"i..."status": "Accepted"}}]' [82 bytes]
2023-03-27 16:15:35,741 - DEBUG - = connection is CLOSING
2023-03-27 16:15:35,741 - DEBUG - > CLOSE 1000 (OK) [2 bytes]
2023-03-27 16:15:35,748 - DEBUG - < CLOSE 1000 (OK) [2 bytes]
2023-03-27 16:15:35,752 - DEBUG - = connection is CLOSED
2023-03-27 16:16:43,533 - DEBUG - = connection is CONNECTING
2023-03-27 16:16:43,564 - DEBUG - > GET /ocpp16/ELA007C05/EVSCA050001 HTTP/1.1
2023-03-27 16:16:43,564 - DEBUG - > Host: ws.devevspcharger.uplus.co.kr
2023-03-27 16:16:43,564 - DEBUG - > Upgrade: websocket
2023-03-27 16:16:43,564 - DEBUG - > Connection: Upgrade
2023-03-27 16:16:43,564 - DEBUG - > Sec-WebSocket-Key: ZTAEYnZZWN05SL5zGM0dRg==
2023-03-27 16:16:43,564 - DEBUG - > Sec-WebSocket-Version: 13
2023-03-27 16:16:43,564 - DEBUG - > Sec-WebSocket-Extensions: permessage-deflate; client_max_window_bits
2023-03-27 16:16:43,564 - DEBUG - > Sec-WebSocket-Protocol: ocpp1.6
2023-03-27 16:16:43,564 - DEBUG - > Authorization: Basic RVZBUjpFVkFSTEdV
2023-03-27 16:16:43,564 - DEBUG - > User-Agent: Python/3.11 websockets/10.4
2023-03-27 16:16:44,103 - DEBUG - < HTTP/1.1 101 Switching Protocols
2023-03-27 16:16:44,103 - DEBUG - < Connection: upgrade
2023-03-27 16:16:44,103 - DEBUG - < Date: Mon, 27 Mar 2023 07:16:43 GMT
2023-03-27 16:16:44,103 - DEBUG - < sec-websocket-protocol: ocpp1.6
2023-03-27 16:16:44,104 - DEBUG - < upgrade: websocket
2023-03-27 16:16:44,104 - DEBUG - < sec-websocket-accept: XB9tcV72TL6SXU7HPdLPea9J76s=
2023-03-27 16:16:44,104 - DEBUG - < sec-websocket-extensions: permessage-deflate
2023-03-27 16:16:44,104 - DEBUG - < X-Cache: Miss from cloudfront
2023-03-27 16:16:44,104 - DEBUG - < Via: 1.1 5a0f884e3a21756e824f803c83d7f3d0.cloudfront.net (CloudFront)
2023-03-27 16:16:44,104 - DEBUG - < X-Amz-Cf-Pop: ICN57-P2
2023-03-27 16:16:44,105 - DEBUG - < X-Amz-Cf-Id: wXLKOfXITg9E9xp8B7jVJU6VlJNpRiwtD2eAER4Ik4cABR432VVZrA==
2023-03-27 16:16:44,105 - DEBUG - = connection is OPEN
2023-03-27 16:16:44,129 - DEBUG - > TEXT '[2, "ce80c2d1-63cc-42e2-9e00-e951dd4f9a6a", "Bo...umber": "EVSCA050001"}]' [169 bytes]
2023-03-27 16:16:44,344 - DEBUG - < TEXT '[3, "ce80c2d1-63cc-42e2-9e00-e951dd4f9a6a", {"s...43Z", "interval": 600}]' [123 bytes]
2023-03-27 16:16:44,377 - DEBUG - > TEXT '[2, "94ee0e5d-ad32-4987-af0c-7f9dd5ef3238", "St..."status": "Available"}]' [132 bytes]
2023-03-27 16:16:44,584 - DEBUG - < TEXT '[3, "94ee0e5d-ad32-4987-af0c-7f9dd5ef3238", {}]' [47 bytes]
2023-03-27 16:16:44,615 - DEBUG - > TEXT '[2, "c9c7160a-10be-4d08-8512-c1406edd6c5f", "Au...": "1031040000069641"}]' [87 bytes]
2023-03-27 16:16:44,861 - DEBUG - < TEXT '[3, "c9c7160a-10be-4d08-8512-c1406edd6c5f", {"i..."status": "Accepted"}}]' [82 bytes]
2023-03-27 16:16:44,877 - DEBUG - = connection is CLOSING
2023-03-27 16:16:44,877 - DEBUG - > CLOSE 1000 (OK) [2 bytes]
2023-03-27 16:16:44,884 - DEBUG - < CLOSE 1000 (OK) [2 bytes]
2023-03-27 16:16:44,889 - DEBUG - = connection is CLOSED
2023-03-27 16:18:38,851 - DEBUG - = connection is CONNECTING
2023-03-27 16:18:38,891 - DEBUG - > GET /ocpp16/ELA007C05/EVSCA050001 HTTP/1.1
2023-03-27 16:18:38,891 - DEBUG - > Host: ws.devevspcharger.uplus.co.kr
2023-03-27 16:18:38,892 - DEBUG - > Upgrade: websocket
2023-03-27 16:18:38,892 - DEBUG - > Connection: Upgrade
2023-03-27 16:18:38,892 - DEBUG - > Sec-WebSocket-Key: pP7Uwe++iZrYmtn3xGvVuQ==
2023-03-27 16:18:38,892 - DEBUG - > Sec-WebSocket-Version: 13
2023-03-27 16:18:38,892 - DEBUG - > Sec-WebSocket-Extensions: permessage-deflate; client_max_window_bits
2023-03-27 16:18:38,892 - DEBUG - > Sec-WebSocket-Protocol: ocpp1.6
2023-03-27 16:18:38,892 - DEBUG - > Authorization: Basic RVZBUjpFVkFSTEdV
2023-03-27 16:18:38,892 - DEBUG - > User-Agent: Python/3.11 websockets/10.4
2023-03-27 16:18:39,420 - DEBUG - < HTTP/1.1 101 Switching Protocols
2023-03-27 16:18:39,420 - DEBUG - < Connection: upgrade
2023-03-27 16:18:39,421 - DEBUG - < Date: Mon, 27 Mar 2023 07:18:39 GMT
2023-03-27 16:18:39,421 - DEBUG - < sec-websocket-protocol: ocpp1.6
2023-03-27 16:18:39,421 - DEBUG - < upgrade: websocket
2023-03-27 16:18:39,421 - DEBUG - < sec-websocket-accept: j2M07mgvlJy0MS8DA7G5W4quWfE=
2023-03-27 16:18:39,421 - DEBUG - < sec-websocket-extensions: permessage-deflate
2023-03-27 16:18:39,421 - DEBUG - < X-Cache: Miss from cloudfront
2023-03-27 16:18:39,421 - DEBUG - < Via: 1.1 a252aeda8ec1e2b582ae9a32f7c8d544.cloudfront.net (CloudFront)
2023-03-27 16:18:39,421 - DEBUG - < X-Amz-Cf-Pop: ICN57-P2
2023-03-27 16:18:39,421 - DEBUG - < X-Amz-Cf-Id: Jjfet-e5RykCeWxljoj2z_Le10KvFEH-EIkanKmuKfC6eV-f2rDiVA==
2023-03-27 16:18:39,422 - DEBUG - = connection is OPEN
2023-03-27 16:18:39,446 - DEBUG - > TEXT '[2, "edcab3e3-418a-4508-bb92-1f0d2eae9e4d", "Bo...umber": "EVSCA050001"}]' [169 bytes]
2023-03-27 16:18:39,825 - DEBUG - < TEXT '[3, "edcab3e3-418a-4508-bb92-1f0d2eae9e4d", {"s...39Z", "interval": 600}]' [123 bytes]
2023-03-27 16:18:39,859 - DEBUG - > TEXT '[2, "edcab3e3-418a-4508-bb92-1f0d2eae9e4d", "St..."status": "Available"}]' [132 bytes]
2023-03-27 16:18:40,084 - DEBUG - < TEXT '[3, "edcab3e3-418a-4508-bb92-1f0d2eae9e4d", {}]' [47 bytes]
2023-03-27 16:18:40,122 - DEBUG - > TEXT '[2, "edcab3e3-418a-4508-bb92-1f0d2eae9e4d", "Au...": "1031040000069641"}]' [87 bytes]
2023-03-27 16:18:40,383 - DEBUG - < TEXT '[3, "edcab3e3-418a-4508-bb92-1f0d2eae9e4d", {"i..."status": "Accepted"}}]' [82 bytes]
2023-03-27 16:18:40,400 - DEBUG - = connection is CLOSING
2023-03-27 16:18:40,400 - DEBUG - > CLOSE 1000 (OK) [2 bytes]
2023-03-27 16:18:40,411 - DEBUG - < CLOSE 1000 (OK) [2 bytes]
2023-03-27 16:18:40,415 - DEBUG - = connection is CLOSED
2023-03-27 16:29:45,835 - DEBUG - = connection is CONNECTING
2023-03-27 16:29:45,873 - DEBUG - > GET /ocpp16/ELA007C05/EVSCA050001 HTTP/1.1
2023-03-27 16:29:45,873 - DEBUG - > Host: ws.devevspcharger.uplus.co.kr
2023-03-27 16:29:45,874 - DEBUG - > Upgrade: websocket
2023-03-27 16:29:45,875 - DEBUG - > Connection: Upgrade
2023-03-27 16:29:45,875 - DEBUG - > Sec-WebSocket-Key: VZdJx8B4QbriuGk/QHcHwA==
2023-03-27 16:29:45,875 - DEBUG - > Sec-WebSocket-Version: 13
2023-03-27 16:29:45,876 - DEBUG - > Sec-WebSocket-Extensions: permessage-deflate; client_max_window_bits
2023-03-27 16:29:45,876 - DEBUG - > Sec-WebSocket-Protocol: ocpp1.6
2023-03-27 16:29:45,876 - DEBUG - > Authorization: Basic RVZBUjpFVkFSTEdV
2023-03-27 16:29:45,876 - DEBUG - > User-Agent: Python/3.11 websockets/10.4
2023-03-27 16:29:46,093 - DEBUG - < HTTP/1.1 101 Switching Protocols
2023-03-27 16:29:46,093 - DEBUG - < Connection: upgrade
2023-03-27 16:29:46,093 - DEBUG - < Date: Mon, 27 Mar 2023 07:29:45 GMT
2023-03-27 16:29:46,093 - DEBUG - < sec-websocket-protocol: ocpp1.6
2023-03-27 16:29:46,093 - DEBUG - < upgrade: websocket
2023-03-27 16:29:46,093 - DEBUG - < sec-websocket-accept: ctPPuHqxgrBvrHPUs0RRSlxl7F0=
2023-03-27 16:29:46,094 - DEBUG - < sec-websocket-extensions: permessage-deflate
2023-03-27 16:29:46,094 - DEBUG - < X-Cache: Miss from cloudfront
2023-03-27 16:29:46,094 - DEBUG - < Via: 1.1 47d972c0543b96b8ef5a6c3258e80bf0.cloudfront.net (CloudFront)
2023-03-27 16:29:46,094 - DEBUG - < X-Amz-Cf-Pop: ICN57-P2
2023-03-27 16:29:46,094 - DEBUG - < X-Amz-Cf-Id: npOAb3F-CZdZTaDa9d90zbyiMLn6I4IuFkw6A2kNTGfG31xPxKsVYA==
2023-03-27 16:29:46,094 - DEBUG - = connection is OPEN
2023-03-27 16:29:46,121 - DEBUG - > TEXT '[2, "118e5c2b-c576-4d4b-b31c-633ded10b796", "Bo...umber": "EVSCA050001"}]' [169 bytes]
2023-03-27 16:29:46,333 - DEBUG - < TEXT '[3, "118e5c2b-c576-4d4b-b31c-633ded10b796", {"s...45Z", "interval": 600}]' [123 bytes]
2023-03-27 16:29:46,381 - DEBUG - > TEXT '[2, "ab4966d2-7cd4-4bd9-ab7b-b7d84037b771", "St..."status": "Available"}]' [132 bytes]
2023-03-27 16:29:46,573 - DEBUG - < TEXT '[3, "ab4966d2-7cd4-4bd9-ab7b-b7d84037b771", {}]' [47 bytes]
2023-03-27 16:29:46,609 - DEBUG - > TEXT '[2, "99fcf668-85aa-4e1f-b990-5220584df34f", "Au...": "1031040000069641"}]' [87 bytes]
2023-03-27 16:29:46,873 - DEBUG - < TEXT '[3, "99fcf668-85aa-4e1f-b990-5220584df34f", {"i..."status": "Accepted"}}]' [82 bytes]
2023-03-27 16:29:46,914 - DEBUG - > TEXT '[2, "27e0f253-e425-4474-b418-0be9318d4d90", "St...2023-03-27T16:29:45Z"}]' [170 bytes]
2023-03-27 16:29:47,292 - DEBUG - < TEXT '[3, "27e0f253-e425-4474-b418-0be9318d4d90", {"t..."status": "Accepted"}}]' [110 bytes]
2023-03-27 16:29:47,345 - DEBUG - > TEXT '[2, "1e25aaa8-47aa-47c4-b880-4023829cc08b", "St... "status": "Charging"}]' [131 bytes]
2023-03-27 16:29:47,533 - DEBUG - < TEXT '[3, "1e25aaa8-47aa-47c4-b880-4023829cc08b", {}]' [47 bytes]
2023-03-27 16:29:47,574 - DEBUG - > TEXT '[2, "7c3b37db-f98c-48d4-9c84-00110ab51cbe", "Me...er", "unit": "Wh"}]}]}]' [259 bytes]
2023-03-27 16:29:47,791 - DEBUG - < TEXT '[3, "7c3b37db-f98c-48d4-9c84-00110ab51cbe", {}]' [47 bytes]
2023-03-27 16:29:47,836 - DEBUG - > TEXT '[2, "1a9542c4-22be-42b3-852a-84396e98ed0b", "St...sactionId": 120533489}]' [149 bytes]
2023-03-27 16:29:48,134 - DEBUG - < TEXT '[3, "1a9542c4-22be-42b3-852a-84396e98ed0b", {"i..."status": "Accepted"}}]' [82 bytes]
2023-03-27 16:29:48,194 - DEBUG - > TEXT '[2, "8d6b6823-89e7-40e6-9f0b-0c0cd13237df", "St..."status": "Finishing"}]' [132 bytes]
2023-03-27 16:29:48,374 - DEBUG - < TEXT '[3, "8d6b6823-89e7-40e6-9f0b-0c0cd13237df", {}]' [47 bytes]
2023-03-27 16:29:48,441 - DEBUG - > TEXT '[2, "5ca4416a-3dfe-4013-8558-ae580289ac6a", "St..."status": "Available"}]' [132 bytes]
2023-03-27 16:29:48,638 - DEBUG - < TEXT '[3, "5ca4416a-3dfe-4013-8558-ae580289ac6a", {}]' [47 bytes]
2023-03-27 16:29:48,665 - DEBUG - = connection is CLOSING
2023-03-27 16:29:48,666 - DEBUG - > CLOSE 1000 (OK) [2 bytes]
2023-03-27 16:29:48,677 - DEBUG - < CLOSE 1000 (OK) [2 bytes]
2023-03-27 16:29:48,680 - DEBUG - = connection is CLOSED
2023-03-27 16:35:33,102 - ERROR - Task exception was never retrieved
future: <Task finished name='Task-32' coro=<ChargerSim.on_closing() done, defined at D:\workspace\wss\main.py:330> exception=TclError('can\'t invoke "destroy" command: application has been destroyed')>
Traceback (most recent call last):
  File "D:\workspace\wss\main.py", line 337, in on_closing
    "Cache-Control": "no-cache",
    ^^^^^^^^^^^^^^^^^^^^^^^
  File "D:\workspace\wss\main.py", line 192, in closeEvent
    self.window.destroy()
  File "C:\Users\LGCNS\AppData\Local\Programs\Python\Python311\Lib\tkinter\__init__.py", line 2368, in destroy
    self.tk.call('destroy', self._w)
_tkinter.TclError: can't invoke "destroy" command: application has been destroyed
2023-03-27 16:36:12,040 - ERROR - Task exception was never retrieved
future: <Task finished name='Task-3' coro=<ChargerSim.on_closing() done, defined at D:\workspace\wss\main.py:307> exception=TclError('can\'t invoke "destroy" command: application has been destroyed')>
Traceback (most recent call last):
  File "D:\workspace\wss\main.py", line 314, in on_closing
    await self.closeEvent()
  File "D:\workspace\wss\main.py", line 192, in closeEvent
    self.window.destroy()
  File "C:\Users\LGCNS\AppData\Local\Programs\Python\Python311\Lib\tkinter\__init__.py", line 2368, in destroy
    self.tk.call('destroy', self._w)
_tkinter.TclError: can't invoke "destroy" command: application has been destroyed
2023-03-27 16:37:55,984 - DEBUG - = connection is CONNECTING
2023-03-27 16:37:56,033 - DEBUG - > GET /ocpp16/ELA007C05/EVSCA050001 HTTP/1.1
2023-03-27 16:37:56,033 - DEBUG - > Host: ws.devevspcharger.uplus.co.kr
2023-03-27 16:37:56,034 - DEBUG - > Upgrade: websocket
2023-03-27 16:37:56,034 - DEBUG - > Connection: Upgrade
2023-03-27 16:37:56,035 - DEBUG - > Sec-WebSocket-Key: Wu4FKeJsi0x/IAD/6nkl2w==
2023-03-27 16:37:56,035 - DEBUG - > Sec-WebSocket-Version: 13
2023-03-27 16:37:56,035 - DEBUG - > Sec-WebSocket-Extensions: permessage-deflate; client_max_window_bits
2023-03-27 16:37:56,035 - DEBUG - > Sec-WebSocket-Protocol: ocpp1.6
2023-03-27 16:37:56,036 - DEBUG - > Authorization: Basic RVZBUjpFVkFSTEdV
2023-03-27 16:37:56,036 - DEBUG - > User-Agent: Python/3.11 websockets/10.4
2023-03-27 16:37:57,322 - DEBUG - < HTTP/1.1 101 Switching Protocols
2023-03-27 16:37:57,322 - DEBUG - < Connection: upgrade
2023-03-27 16:37:57,323 - DEBUG - < Date: Mon, 27 Mar 2023 07:37:56 GMT
2023-03-27 16:37:57,323 - DEBUG - < sec-websocket-protocol: ocpp1.6
2023-03-27 16:37:57,323 - DEBUG - < upgrade: websocket
2023-03-27 16:37:57,323 - DEBUG - < sec-websocket-accept: 5ZW8I/dnd4TY/FBrrtlG9q2eYe0=
2023-03-27 16:37:57,323 - DEBUG - < sec-websocket-extensions: permessage-deflate
2023-03-27 16:37:57,323 - DEBUG - < X-Cache: Miss from cloudfront
2023-03-27 16:37:57,323 - DEBUG - < Via: 1.1 599ddd31480edfa35dadcdd2b13e5b12.cloudfront.net (CloudFront)
2023-03-27 16:37:57,323 - DEBUG - < X-Amz-Cf-Pop: ICN57-P2
2023-03-27 16:37:57,323 - DEBUG - < X-Amz-Cf-Id: rvqyU0rYYS9c8B8AT2T2cjvXhx_MncLVh_dId8BZgtCCXEpte4YVOw==
2023-03-27 16:37:57,324 - DEBUG - = connection is OPEN
2023-03-27 16:37:57,347 - DEBUG - > TEXT '[2, "86df119f-ed16-427f-b203-417fbff4a681", "Bo...umber": "EVSCA050001"}]' [169 bytes]
2023-03-27 16:37:57,719 - DEBUG - < TEXT '[3, "86df119f-ed16-427f-b203-417fbff4a681", {"s...57Z", "interval": 600}]' [123 bytes]
2023-03-27 16:37:57,825 - DEBUG - Starting new HTTPS connection (1): 8b434254zg.execute-api.ap-northeast-2.amazonaws.com:443
2023-03-27 16:37:59,256 - DEBUG - https://8b434254zg.execute-api.ap-northeast-2.amazonaws.com:443 "POST /dev/ioc HTTP/1.1" 200 167
2023-03-27 16:37:59,283 - DEBUG - < TEXT '[2, "8610ecde-3f74-419f-bf84-4ddca81f8902", "Ch...nId", "value": "true"}]' [122 bytes]
2023-03-27 16:37:59,288 - DEBUG - > TEXT '[3, "8610ecde-3f74-419f-bf84-4ddca81f8902", {"status": "Accepted"}]' [67 bytes]
2023-03-27 16:37:59,488 - DEBUG - < TEXT '{}' [2 bytes]
2023-03-27 16:37:59,514 - DEBUG - Starting new HTTPS connection (1): 8b434254zg.execute-api.ap-northeast-2.amazonaws.com:443
2023-03-27 16:37:59,933 - DEBUG - https://8b434254zg.execute-api.ap-northeast-2.amazonaws.com:443 "POST /dev/ioc HTTP/1.1" 200 162
2023-03-27 16:37:59,979 - DEBUG - < TEXT '[2, "0c902e4c-9b8a-4f6c-b4d4-ffb9b4f5d2be", "Ch...ine", "value": "true"}]' [117 bytes]
2023-03-27 16:37:59,986 - DEBUG - > TEXT '[3, "0c902e4c-9b8a-4f6c-b4d4-ffb9b4f5d2be", {"status": "Accepted"}]' [67 bytes]
2023-03-27 16:38:00,212 - DEBUG - < TEXT '{}' [2 bytes]
2023-03-27 16:38:00,244 - DEBUG - Starting new HTTPS connection (1): 8b434254zg.execute-api.ap-northeast-2.amazonaws.com:443
2023-03-27 16:38:00,652 - DEBUG - https://8b434254zg.execute-api.ap-northeast-2.amazonaws.com:443 "POST /dev/ioc HTTP/1.1" 200 106
2023-03-27 16:38:00,700 - DEBUG - < TEXT '[2, "db023212-3131-4865-9b70-4f2d531b9941", "ClearCache", {}]' [61 bytes]
2023-03-27 16:38:00,706 - DEBUG - > TEXT '[3, "db023212-3131-4865-9b70-4f2d531b9941", {"status": "Accepted"}]' [67 bytes]
2023-03-27 16:38:00,920 - DEBUG - < TEXT '{}' [2 bytes]
2023-03-27 16:38:00,947 - DEBUG - > TEXT '[2, "1997953c-c13c-472a-a286-5166b51e8161", "St...2023-03-27T16:37:55Z"}]' [154 bytes]
2023-03-27 16:38:01,139 - DEBUG - < TEXT '[4, "1997953c-c13c-472a-a286-5166b51e8161", {"e...ccurence constraints"}]' [219 bytes]
2023-03-27 16:38:01,162 - DEBUG - = connection is CLOSING
2023-03-27 16:38:01,162 - DEBUG - > CLOSE 1000 (OK) [2 bytes]
2023-03-27 16:38:01,171 - DEBUG - < CLOSE 1000 (OK) [2 bytes]
2023-03-27 16:38:01,175 - DEBUG - = connection is CLOSED
2023-03-27 16:39:18,218 - DEBUG - = connection is CONNECTING
2023-03-27 16:39:18,249 - DEBUG - > GET /ocpp16/ELA007C05/EVSCA050001 HTTP/1.1
2023-03-27 16:39:18,250 - DEBUG - > Host: ws.devevspcharger.uplus.co.kr
2023-03-27 16:39:18,250 - DEBUG - > Upgrade: websocket
2023-03-27 16:39:18,250 - DEBUG - > Connection: Upgrade
2023-03-27 16:39:18,251 - DEBUG - > Sec-WebSocket-Key: ff6DfnZ+HQ4aftr8anCM8Q==
2023-03-27 16:39:18,251 - DEBUG - > Sec-WebSocket-Version: 13
2023-03-27 16:39:18,251 - DEBUG - > Sec-WebSocket-Extensions: permessage-deflate; client_max_window_bits
2023-03-27 16:39:18,251 - DEBUG - > Sec-WebSocket-Protocol: ocpp1.6
2023-03-27 16:39:18,251 - DEBUG - > Authorization: Basic RVZBUjpFVkFSTEdV
2023-03-27 16:39:18,251 - DEBUG - > User-Agent: Python/3.11 websockets/10.4
2023-03-27 16:39:18,760 - DEBUG - < HTTP/1.1 101 Switching Protocols
2023-03-27 16:39:18,760 - DEBUG - < Connection: upgrade
2023-03-27 16:39:18,760 - DEBUG - < Date: Mon, 27 Mar 2023 07:39:18 GMT
2023-03-27 16:39:18,760 - DEBUG - < sec-websocket-protocol: ocpp1.6
2023-03-27 16:39:18,760 - DEBUG - < upgrade: websocket
2023-03-27 16:39:18,760 - DEBUG - < sec-websocket-accept: xxIi/oqVkeJF2LnQO1uBDHPr+yI=
2023-03-27 16:39:18,760 - DEBUG - < sec-websocket-extensions: permessage-deflate
2023-03-27 16:39:18,760 - DEBUG - < X-Cache: Miss from cloudfront
2023-03-27 16:39:18,760 - DEBUG - < Via: 1.1 a252aeda8ec1e2b582ae9a32f7c8d544.cloudfront.net (CloudFront)
2023-03-27 16:39:18,761 - DEBUG - < X-Amz-Cf-Pop: ICN57-P2
2023-03-27 16:39:18,761 - DEBUG - < X-Amz-Cf-Id: cqI5Q6ly91DjVHC7jukcZNSxWNdZLN0Pmiooq3TumFiHqUoknsUvVw==
2023-03-27 16:39:18,761 - DEBUG - = connection is OPEN
2023-03-27 16:39:18,792 - DEBUG - > TEXT '[2, "8f727481-8ef7-432c-b40d-e24b3cb41167", "Bo...umber": "EVSCA050001"}]' [169 bytes]
2023-03-27 16:39:19,160 - DEBUG - < TEXT '[3, "8f727481-8ef7-432c-b40d-e24b3cb41167", {"s...18Z", "interval": 600}]' [123 bytes]
2023-03-27 16:39:19,195 - DEBUG - Starting new HTTPS connection (1): 8b434254zg.execute-api.ap-northeast-2.amazonaws.com:443
2023-03-27 16:39:19,790 - DEBUG - https://8b434254zg.execute-api.ap-northeast-2.amazonaws.com:443 "POST /dev/ioc HTTP/1.1" 200 167
2023-03-27 16:39:19,836 - DEBUG - < TEXT '[2, "ec660d99-c32d-41cb-b4b3-f6480ca62545", "Ch...nId", "value": "true"}]' [122 bytes]
2023-03-27 16:39:19,842 - DEBUG - > TEXT '[3, "ec660d99-c32d-41cb-b4b3-f6480ca62545", {"status": "Accepted"}]' [67 bytes]
2023-03-27 16:39:20,032 - DEBUG - < TEXT '{}' [2 bytes]
2023-03-27 16:39:20,065 - DEBUG - Starting new HTTPS connection (1): 8b434254zg.execute-api.ap-northeast-2.amazonaws.com:443
2023-03-27 16:39:20,509 - DEBUG - https://8b434254zg.execute-api.ap-northeast-2.amazonaws.com:443 "POST /dev/ioc HTTP/1.1" 200 162
2023-03-27 16:39:20,549 - DEBUG - < TEXT '[2, "63974587-adc2-4419-834c-de51d3984224", "Ch...ine", "value": "true"}]' [117 bytes]
2023-03-27 16:39:20,556 - DEBUG - > TEXT '[3, "63974587-adc2-4419-834c-de51d3984224", {"status": "Accepted"}]' [67 bytes]
2023-03-27 16:39:20,739 - DEBUG - < TEXT '{}' [2 bytes]
2023-03-27 16:39:20,774 - DEBUG - Starting new HTTPS connection (1): 8b434254zg.execute-api.ap-northeast-2.amazonaws.com:443
2023-03-27 16:39:21,152 - DEBUG - https://8b434254zg.execute-api.ap-northeast-2.amazonaws.com:443 "POST /dev/ioc HTTP/1.1" 200 106
2023-03-27 16:39:21,210 - DEBUG - < TEXT '[2, "7e0e2295-e921-489b-82f6-493a0703c183", "ClearCache", {}]' [61 bytes]
2023-03-27 16:39:21,219 - DEBUG - > TEXT '[3, "7e0e2295-e921-489b-82f6-493a0703c183", {"status": "Accepted"}]' [67 bytes]
2023-03-27 16:39:21,418 - DEBUG - < TEXT '{}' [2 bytes]
2023-03-27 16:39:21,445 - DEBUG - > TEXT '[2, "fa8e3bed-ed0f-4fcc-9c8d-d3d1ace6f025", "St...2023-03-27T16:37:55Z"}]' [154 bytes]
2023-03-27 16:39:21,621 - DEBUG - < TEXT '[4, "fa8e3bed-ed0f-4fcc-9c8d-d3d1ace6f025", {"e...ccurence constraints"}]' [219 bytes]
2023-03-27 16:39:21,652 - DEBUG - = connection is CLOSING
2023-03-27 16:39:21,652 - DEBUG - > CLOSE 1000 (OK) [2 bytes]
2023-03-27 16:39:21,661 - DEBUG - < CLOSE 1000 (OK) [2 bytes]
2023-03-27 16:39:21,671 - DEBUG - = connection is CLOSED
2023-03-27 16:41:29,644 - DEBUG - = connection is CONNECTING
2023-03-27 16:41:29,683 - DEBUG - > GET /ocpp16/ELA007C05/EVSCA050001 HTTP/1.1
2023-03-27 16:41:29,683 - DEBUG - > Host: ws.devevspcharger.uplus.co.kr
2023-03-27 16:41:29,684 - DEBUG - > Upgrade: websocket
2023-03-27 16:41:29,684 - DEBUG - > Connection: Upgrade
2023-03-27 16:41:29,684 - DEBUG - > Sec-WebSocket-Key: /acY/JjwIB4zUmlp7dP/1A==
2023-03-27 16:41:29,684 - DEBUG - > Sec-WebSocket-Version: 13
2023-03-27 16:41:29,684 - DEBUG - > Sec-WebSocket-Extensions: permessage-deflate; client_max_window_bits
2023-03-27 16:41:29,684 - DEBUG - > Sec-WebSocket-Protocol: ocpp1.6
2023-03-27 16:41:29,684 - DEBUG - > Authorization: Basic RVZBUjpFVkFSTEdV
2023-03-27 16:41:29,684 - DEBUG - > User-Agent: Python/3.11 websockets/10.4
2023-03-27 16:41:30,178 - DEBUG - < HTTP/1.1 101 Switching Protocols
2023-03-27 16:41:30,178 - DEBUG - < Connection: upgrade
2023-03-27 16:41:30,178 - DEBUG - < Date: Mon, 27 Mar 2023 07:41:29 GMT
2023-03-27 16:41:30,179 - DEBUG - < sec-websocket-protocol: ocpp1.6
2023-03-27 16:41:30,179 - DEBUG - < upgrade: websocket
2023-03-27 16:41:30,179 - DEBUG - < sec-websocket-accept: kbW+SgcQeWYfhMuI/FLBGb/wUZs=
2023-03-27 16:41:30,179 - DEBUG - < sec-websocket-extensions: permessage-deflate
2023-03-27 16:41:30,179 - DEBUG - < X-Cache: Miss from cloudfront
2023-03-27 16:41:30,179 - DEBUG - < Via: 1.1 41a89bdb610eb303e698e5cb65ce5b76.cloudfront.net (CloudFront)
2023-03-27 16:41:30,179 - DEBUG - < X-Amz-Cf-Pop: ICN57-P2
2023-03-27 16:41:30,179 - DEBUG - < X-Amz-Cf-Id: Bd7me_nnNc8QzkYnqzJLnhdPN8_LxNVyi9iJ5z9hdhCc68sT9MBA7A==
2023-03-27 16:41:30,180 - DEBUG - = connection is OPEN
2023-03-27 16:41:30,202 - DEBUG - > TEXT '[2, "79fcad1c-770e-4c08-9c81-fef0d081072b", "Bo...umber": "EVSCA050001"}]' [169 bytes]
2023-03-27 16:41:30,402 - DEBUG - < TEXT '[3, "79fcad1c-770e-4c08-9c81-fef0d081072b", {"s...29Z", "interval": 600}]' [123 bytes]
2023-03-27 16:41:30,484 - DEBUG - Starting new HTTPS connection (1): 8b434254zg.execute-api.ap-northeast-2.amazonaws.com:443
2023-03-27 16:41:31,133 - DEBUG - https://8b434254zg.execute-api.ap-northeast-2.amazonaws.com:443 "POST /dev/ioc HTTP/1.1" 200 167
2023-03-27 16:41:31,155 - DEBUG - < TEXT '[2, "787cad71-caa6-4ca6-8259-2e92abbe35cf", "Ch...nId", "value": "true"}]' [122 bytes]
2023-03-27 16:41:31,161 - DEBUG - > TEXT '[3, "787cad71-caa6-4ca6-8259-2e92abbe35cf", {"status": "Accepted"}]' [67 bytes]
2023-03-27 16:41:31,365 - DEBUG - < TEXT '{}' [2 bytes]
2023-03-27 16:41:31,385 - DEBUG - Starting new HTTPS connection (1): 8b434254zg.execute-api.ap-northeast-2.amazonaws.com:443
2023-03-27 16:41:31,813 - DEBUG - https://8b434254zg.execute-api.ap-northeast-2.amazonaws.com:443 "POST /dev/ioc HTTP/1.1" 200 162
2023-03-27 16:41:31,853 - DEBUG - < TEXT '[2, "0abd659b-4f77-41da-bef3-6e3c7813ace3", "Ch...ine", "value": "true"}]' [117 bytes]
2023-03-27 16:41:31,877 - DEBUG - > TEXT '[3, "0abd659b-4f77-41da-bef3-6e3c7813ace3", {"status": "Accepted"}]' [67 bytes]
2023-03-27 16:41:32,061 - DEBUG - < TEXT '{}' [2 bytes]
2023-03-27 16:41:32,101 - DEBUG - Starting new HTTPS connection (1): 8b434254zg.execute-api.ap-northeast-2.amazonaws.com:443
2023-03-27 16:41:32,514 - DEBUG - https://8b434254zg.execute-api.ap-northeast-2.amazonaws.com:443 "POST /dev/ioc HTTP/1.1" 200 106
2023-03-27 16:41:32,564 - DEBUG - < TEXT '[2, "52036572-ae69-4ecb-b7ff-8fd23e7575d2", "ClearCache", {}]' [61 bytes]
2023-03-27 16:41:32,569 - DEBUG - > TEXT '[3, "52036572-ae69-4ecb-b7ff-8fd23e7575d2", {"status": "Accepted"}]' [67 bytes]
2023-03-27 16:41:32,760 - DEBUG - < TEXT '{}' [2 bytes]
2023-03-27 16:41:32,790 - DEBUG - > TEXT '[2, "214d3e81-dc8c-4ad4-9410-3320030ce2aa", "St...2023-03-27T16:41:29Z"}]' [154 bytes]
2023-03-27 16:41:32,985 - DEBUG - < TEXT '[4, "214d3e81-dc8c-4ad4-9410-3320030ce2aa", {"e...ccurence constraints"}]' [219 bytes]
2023-03-27 16:41:33,017 - DEBUG - = connection is CLOSING
2023-03-27 16:41:33,017 - DEBUG - > CLOSE 1000 (OK) [2 bytes]
2023-03-27 16:41:33,026 - DEBUG - < CLOSE 1000 (OK) [2 bytes]
2023-03-27 16:41:33,033 - DEBUG - = connection is CLOSED
2023-03-27 16:42:01,238 - DEBUG - = connection is CONNECTING
2023-03-27 16:42:01,275 - DEBUG - > GET /ocpp16/ELA007C05/EVSCA050001 HTTP/1.1
2023-03-27 16:42:01,276 - DEBUG - > Host: ws.devevspcharger.uplus.co.kr
2023-03-27 16:42:01,277 - DEBUG - > Upgrade: websocket
2023-03-27 16:42:01,278 - DEBUG - > Connection: Upgrade
2023-03-27 16:42:01,278 - DEBUG - > Sec-WebSocket-Key: Zn190oWnyTh+5fJUBvlUeg==
2023-03-27 16:42:01,278 - DEBUG - > Sec-WebSocket-Version: 13
2023-03-27 16:42:01,278 - DEBUG - > Sec-WebSocket-Extensions: permessage-deflate; client_max_window_bits
2023-03-27 16:42:01,278 - DEBUG - > Sec-WebSocket-Protocol: ocpp1.6
2023-03-27 16:42:01,278 - DEBUG - > Authorization: Basic RVZBUjpFVkFSTEdV
2023-03-27 16:42:01,279 - DEBUG - > User-Agent: Python/3.11 websockets/10.4
2023-03-27 16:42:01,536 - DEBUG - < HTTP/1.1 101 Switching Protocols
2023-03-27 16:42:01,537 - DEBUG - < Connection: upgrade
2023-03-27 16:42:01,537 - DEBUG - < Date: Mon, 27 Mar 2023 07:42:01 GMT
2023-03-27 16:42:01,537 - DEBUG - < sec-websocket-protocol: ocpp1.6
2023-03-27 16:42:01,537 - DEBUG - < upgrade: websocket
2023-03-27 16:42:01,537 - DEBUG - < sec-websocket-accept: aTxc/ppR55nA1D3CtqTj47Nlhqc=
2023-03-27 16:42:01,537 - DEBUG - < sec-websocket-extensions: permessage-deflate
2023-03-27 16:42:01,537 - DEBUG - < X-Cache: Miss from cloudfront
2023-03-27 16:42:01,537 - DEBUG - < Via: 1.1 516246c62af452cb1f8d77c8f3af9faa.cloudfront.net (CloudFront)
2023-03-27 16:42:01,537 - DEBUG - < X-Amz-Cf-Pop: ICN57-P2
2023-03-27 16:42:01,537 - DEBUG - < X-Amz-Cf-Id: WXOI_a4xM979mgF_dpmF2Y6WcKkqZNrvgqrmAgpFnvHzmAJGC2Wi6w==
2023-03-27 16:42:01,538 - DEBUG - = connection is OPEN
2023-03-27 16:42:01,562 - DEBUG - > TEXT '[2, "7b67b22f-ae9a-49c4-9614-7da03948905a", "Bo...umber": "EVSCA050001"}]' [169 bytes]
2023-03-27 16:42:01,781 - DEBUG - < TEXT '[3, "7b67b22f-ae9a-49c4-9614-7da03948905a", {"s...01Z", "interval": 600}]' [123 bytes]
2023-03-27 16:42:01,797 - DEBUG - > TEXT '[2, "7b67b22f-ae9a-49c4-9614-7da03948905a", "St..."status": "Available"}]' [132 bytes]
2023-03-27 16:42:02,028 - DEBUG - < TEXT '[3, "7b67b22f-ae9a-49c4-9614-7da03948905a", {}]' [47 bytes]
2023-03-27 16:42:02,049 - DEBUG - > TEXT '[2, "7b67b22f-ae9a-49c4-9614-7da03948905a", "Au...": "1031040000069641"}]' [87 bytes]
2023-03-27 16:42:02,301 - DEBUG - < TEXT '[3, "7b67b22f-ae9a-49c4-9614-7da03948905a", {"i..."status": "Accepted"}}]' [82 bytes]
2023-03-27 16:42:02,319 - DEBUG - = connection is CLOSING
2023-03-27 16:42:02,319 - DEBUG - > CLOSE 1000 (OK) [2 bytes]
2023-03-27 16:42:02,326 - DEBUG - < CLOSE 1000 (OK) [2 bytes]
2023-03-27 16:42:02,331 - DEBUG - = connection is CLOSED
2023-03-27 16:42:06,630 - DEBUG - = connection is CONNECTING
2023-03-27 16:42:06,667 - DEBUG - > GET /ocpp16/ELA007C05/EVSCA050001 HTTP/1.1
2023-03-27 16:42:06,668 - DEBUG - > Host: ws.devevspcharger.uplus.co.kr
2023-03-27 16:42:06,668 - DEBUG - > Upgrade: websocket
2023-03-27 16:42:06,668 - DEBUG - > Connection: Upgrade
2023-03-27 16:42:06,668 - DEBUG - > Sec-WebSocket-Key: bCIXAvsL40l4BYkAD0DdlA==
2023-03-27 16:42:06,668 - DEBUG - > Sec-WebSocket-Version: 13
2023-03-27 16:42:06,668 - DEBUG - > Sec-WebSocket-Extensions: permessage-deflate; client_max_window_bits
2023-03-27 16:42:06,668 - DEBUG - > Sec-WebSocket-Protocol: ocpp1.6
2023-03-27 16:42:06,669 - DEBUG - > Authorization: Basic RVZBUjpFVkFSTEdV
2023-03-27 16:42:06,669 - DEBUG - > User-Agent: Python/3.11 websockets/10.4
2023-03-27 16:42:06,881 - DEBUG - < HTTP/1.1 101 Switching Protocols
2023-03-27 16:42:06,881 - DEBUG - < Connection: upgrade
2023-03-27 16:42:06,882 - DEBUG - < Date: Mon, 27 Mar 2023 07:42:06 GMT
2023-03-27 16:42:06,882 - DEBUG - < sec-websocket-protocol: ocpp1.6
2023-03-27 16:42:06,882 - DEBUG - < upgrade: websocket
2023-03-27 16:42:06,882 - DEBUG - < sec-websocket-accept: Q7kW122R6NMrzl8WiIuYtk9K9bc=
2023-03-27 16:42:06,882 - DEBUG - < sec-websocket-extensions: permessage-deflate
2023-03-27 16:42:06,882 - DEBUG - < X-Cache: Miss from cloudfront
2023-03-27 16:42:06,882 - DEBUG - < Via: 1.1 ec48eafa1d18635bc3f389669b28a5b8.cloudfront.net (CloudFront)
2023-03-27 16:42:06,882 - DEBUG - < X-Amz-Cf-Pop: ICN57-P2
2023-03-27 16:42:06,882 - DEBUG - < X-Amz-Cf-Id: Q1bxDOm8yohX5g75Th69fnXpRXdPI1Gh5ckYkJmbYvql31mExKH2YQ==
2023-03-27 16:42:06,883 - DEBUG - = connection is OPEN
2023-03-27 16:42:06,917 - DEBUG - > TEXT '[2, "56c1f2ff-633c-4c1b-90f6-878eb06a5846", "Bo...umber": "EVSCA050001"}]' [169 bytes]
2023-03-27 16:42:07,154 - DEBUG - < TEXT '[3, "56c1f2ff-633c-4c1b-90f6-878eb06a5846", {"s...06Z", "interval": 600}]' [123 bytes]
2023-03-27 16:42:07,267 - DEBUG - Starting new HTTPS connection (1): 8b434254zg.execute-api.ap-northeast-2.amazonaws.com:443
2023-03-27 16:42:07,733 - DEBUG - https://8b434254zg.execute-api.ap-northeast-2.amazonaws.com:443 "POST /dev/ioc HTTP/1.1" 200 167
2023-03-27 16:42:07,770 - DEBUG - < TEXT '[2, "2043194f-8a45-4582-935a-5c4905ba69d7", "Ch...nId", "value": "true"}]' [122 bytes]
2023-03-27 16:42:07,775 - DEBUG - > TEXT '[3, "2043194f-8a45-4582-935a-5c4905ba69d7", {"status": "Accepted"}]' [67 bytes]
2023-03-27 16:42:07,960 - DEBUG - < TEXT '{}' [2 bytes]
2023-03-27 16:42:07,994 - DEBUG - Starting new HTTPS connection (1): 8b434254zg.execute-api.ap-northeast-2.amazonaws.com:443
2023-03-27 16:42:08,431 - DEBUG - https://8b434254zg.execute-api.ap-northeast-2.amazonaws.com:443 "POST /dev/ioc HTTP/1.1" 200 162
2023-03-27 16:42:08,484 - DEBUG - < TEXT '[2, "b77555d6-1297-4ff4-b2f1-f943438bcda8", "Ch...ine", "value": "true"}]' [117 bytes]
2023-03-27 16:42:08,488 - DEBUG - > TEXT '[3, "b77555d6-1297-4ff4-b2f1-f943438bcda8", {"status": "Accepted"}]' [67 bytes]
2023-03-27 16:42:08,670 - DEBUG - < TEXT '{}' [2 bytes]
2023-03-27 16:42:08,702 - DEBUG - Starting new HTTPS connection (1): 8b434254zg.execute-api.ap-northeast-2.amazonaws.com:443
2023-03-27 16:42:09,114 - DEBUG - https://8b434254zg.execute-api.ap-northeast-2.amazonaws.com:443 "POST /dev/ioc HTTP/1.1" 200 106
2023-03-27 16:42:09,167 - DEBUG - < TEXT '[2, "b2db1029-de39-4cf1-8d5d-9efac162893f", "ClearCache", {}]' [61 bytes]
2023-03-27 16:42:09,171 - DEBUG - > TEXT '[3, "b2db1029-de39-4cf1-8d5d-9efac162893f", {"status": "Accepted"}]' [67 bytes]
2023-03-27 16:42:09,341 - DEBUG - < TEXT '{}' [2 bytes]
2023-03-27 16:42:09,373 - DEBUG - > TEXT '[2, "5eb9b5d8-ac6f-4dfa-b807-6bf60b7aca6e", "St...2023-03-27T16:42:06Z"}]' [170 bytes]
2023-03-27 16:42:09,661 - DEBUG - < TEXT '[3, "5eb9b5d8-ac6f-4dfa-b807-6bf60b7aca6e", {"t...{"status": "Invalid"}}]' [102 bytes]
2023-03-27 16:42:09,690 - DEBUG - > TEXT '[2, "70c60627-5ec3-4f56-a3ca-f34400378479", "St... "status": "Charging"}]' [131 bytes]
2023-03-27 16:42:09,903 - DEBUG - < TEXT '[3, "70c60627-5ec3-4f56-a3ca-f34400378479", {}]' [47 bytes]
2023-03-27 16:42:09,936 - DEBUG - > TEXT '[2, "c54a60d3-ef2c-4590-a07c-bd4414883af6", "St...ason": "DeAuthorized"}]' [168 bytes]
2023-03-27 16:42:10,141 - DEBUG - < TEXT '[4, "c54a60d3-ef2c-4590-a07c-bd4414883af6", {"e...the requested Action"}]' [187 bytes]
2023-03-27 16:42:10,160 - DEBUG - = connection is CLOSING
2023-03-27 16:42:10,160 - DEBUG - > CLOSE 1000 (OK) [2 bytes]
2023-03-27 16:42:10,178 - DEBUG - < CLOSE 1000 (OK) [2 bytes]
2023-03-27 16:42:10,181 - DEBUG - = connection is CLOSED
2023-03-27 16:42:51,107 - DEBUG - = connection is CONNECTING
2023-03-27 16:42:51,145 - DEBUG - > GET /ocpp16/ELA007C05/EVSCA050001 HTTP/1.1
2023-03-27 16:42:51,145 - DEBUG - > Host: ws.devevspcharger.uplus.co.kr
2023-03-27 16:42:51,145 - DEBUG - > Upgrade: websocket
2023-03-27 16:42:51,145 - DEBUG - > Connection: Upgrade
2023-03-27 16:42:51,145 - DEBUG - > Sec-WebSocket-Key: CKBLxKXaxbIivS2YOALw6w==
2023-03-27 16:42:51,145 - DEBUG - > Sec-WebSocket-Version: 13
2023-03-27 16:42:51,146 - DEBUG - > Sec-WebSocket-Extensions: permessage-deflate; client_max_window_bits
2023-03-27 16:42:51,146 - DEBUG - > Sec-WebSocket-Protocol: ocpp1.6
2023-03-27 16:42:51,146 - DEBUG - > Authorization: Basic RVZBUjpFVkFSTEdV
2023-03-27 16:42:51,146 - DEBUG - > User-Agent: Python/3.11 websockets/10.4
2023-03-27 16:42:51,339 - DEBUG - < HTTP/1.1 101 Switching Protocols
2023-03-27 16:42:51,339 - DEBUG - < Connection: upgrade
2023-03-27 16:42:51,339 - DEBUG - < Date: Mon, 27 Mar 2023 07:42:50 GMT
2023-03-27 16:42:51,340 - DEBUG - < sec-websocket-protocol: ocpp1.6
2023-03-27 16:42:51,340 - DEBUG - < upgrade: websocket
2023-03-27 16:42:51,341 - DEBUG - < sec-websocket-accept: 7ozy7sc1p0VTFul7DwCgIiJCe2I=
2023-03-27 16:42:51,341 - DEBUG - < sec-websocket-extensions: permessage-deflate
2023-03-27 16:42:51,341 - DEBUG - < X-Cache: Miss from cloudfront
2023-03-27 16:42:51,342 - DEBUG - < Via: 1.1 516246c62af452cb1f8d77c8f3af9faa.cloudfront.net (CloudFront)
2023-03-27 16:42:51,342 - DEBUG - < X-Amz-Cf-Pop: ICN57-P2
2023-03-27 16:42:51,342 - DEBUG - < X-Amz-Cf-Id: 0oFyRQ8o9HA3kAxVRd12ZnVG_GGLrxnM7HJqBT0uYUhFxiwX5-N1yQ==
2023-03-27 16:42:51,342 - DEBUG - = connection is OPEN
2023-03-27 16:42:51,366 - DEBUG - > TEXT '[2, "358431f6-f935-439c-9e28-6f60c59e505f", "Bo...umber": "EVSCA050001"}]' [169 bytes]
2023-03-27 16:42:51,563 - DEBUG - < TEXT '[3, "358431f6-f935-439c-9e28-6f60c59e505f", {"s...51Z", "interval": 600}]' [123 bytes]
2023-03-27 16:42:51,650 - DEBUG - Starting new HTTPS connection (1): 8b434254zg.execute-api.ap-northeast-2.amazonaws.com:443
2023-03-27 16:42:52,056 - DEBUG - https://8b434254zg.execute-api.ap-northeast-2.amazonaws.com:443 "POST /dev/ioc HTTP/1.1" 200 167
2023-03-27 16:42:52,081 - DEBUG - < TEXT '[2, "b958a217-992d-41f8-8233-edc5eb7d8e4d", "Ch...nId", "value": "true"}]' [122 bytes]
2023-03-27 16:42:52,088 - DEBUG - > TEXT '[3, "b958a217-992d-41f8-8233-edc5eb7d8e4d", {"status": "Accepted"}]' [67 bytes]
2023-03-27 16:42:52,265 - DEBUG - < TEXT '{}' [2 bytes]
2023-03-27 16:42:52,287 - DEBUG - Starting new HTTPS connection (1): 8b434254zg.execute-api.ap-northeast-2.amazonaws.com:443
2023-03-27 16:42:52,734 - DEBUG - https://8b434254zg.execute-api.ap-northeast-2.amazonaws.com:443 "POST /dev/ioc HTTP/1.1" 200 162
2023-03-27 16:42:52,786 - DEBUG - < TEXT '[2, "d37f6d93-b6ee-44c9-b7d1-b3c5151c5e1d", "Ch...ine", "value": "true"}]' [117 bytes]
2023-03-27 16:42:52,794 - DEBUG - > TEXT '[3, "d37f6d93-b6ee-44c9-b7d1-b3c5151c5e1d", {"status": "Accepted"}]' [67 bytes]
2023-03-27 16:42:53,002 - DEBUG - < TEXT '{}' [2 bytes]
2023-03-27 16:42:53,050 - DEBUG - Starting new HTTPS connection (1): 8b434254zg.execute-api.ap-northeast-2.amazonaws.com:443
2023-03-27 16:42:53,475 - DEBUG - https://8b434254zg.execute-api.ap-northeast-2.amazonaws.com:443 "POST /dev/ioc HTTP/1.1" 200 106
2023-03-27 16:42:53,522 - DEBUG - < TEXT '[2, "8f99646b-695b-48c0-975c-4462601714d1", "ClearCache", {}]' [61 bytes]
2023-03-27 16:42:53,530 - DEBUG - > TEXT '[3, "8f99646b-695b-48c0-975c-4462601714d1", {"status": "Accepted"}]' [67 bytes]
2023-03-27 16:42:53,702 - DEBUG - < TEXT '{}' [2 bytes]
2023-03-27 16:42:53,731 - DEBUG - > TEXT '[2, "20df24d2-e6eb-47f0-8845-1ab101f7c879", "St...2023-03-27T16:42:51Z"}]' [170 bytes]
2023-03-27 16:42:53,982 - DEBUG - < TEXT '[3, "20df24d2-e6eb-47f0-8845-1ab101f7c879", {"t...{"status": "Invalid"}}]' [102 bytes]
2023-03-27 16:42:54,020 - DEBUG - > TEXT '[2, "358431f6-f935-439c-9e28-6f60c59e505f", "St... "status": "Charging"}]' [131 bytes]
2023-03-27 16:42:54,203 - DEBUG - < TEXT '[3, "358431f6-f935-439c-9e28-6f60c59e505f", {}]' [47 bytes]
2023-03-27 16:42:54,243 - DEBUG - > TEXT '[2, "fde8d613-a75b-495f-9ff1-a3e0e4d45420", "St...ason": "DeAuthorized"}]' [168 bytes]
2023-03-27 16:42:54,461 - DEBUG - < TEXT '[4, "fde8d613-a75b-495f-9ff1-a3e0e4d45420", {"e...the requested Action"}]' [187 bytes]
2023-03-27 16:42:54,488 - DEBUG - = connection is CLOSING
2023-03-27 16:42:54,488 - DEBUG - > CLOSE 1000 (OK) [2 bytes]
2023-03-27 16:42:54,496 - DEBUG - < CLOSE 1000 (OK) [2 bytes]
2023-03-27 16:42:54,501 - DEBUG - = connection is CLOSED
2023-03-27 16:48:52,732 - DEBUG - = connection is CONNECTING
2023-03-27 16:48:52,766 - DEBUG - > GET /ocpp16/ELA007C05/EVSCA050001 HTTP/1.1
2023-03-27 16:48:52,766 - DEBUG - > Host: ws.devevspcharger.uplus.co.kr
2023-03-27 16:48:52,766 - DEBUG - > Upgrade: websocket
2023-03-27 16:48:52,767 - DEBUG - > Connection: Upgrade
2023-03-27 16:48:52,767 - DEBUG - > Sec-WebSocket-Key: Nx9/DJeof/d1HeY045AHpw==
2023-03-27 16:48:52,767 - DEBUG - > Sec-WebSocket-Version: 13
2023-03-27 16:48:52,767 - DEBUG - > Sec-WebSocket-Extensions: permessage-deflate; client_max_window_bits
2023-03-27 16:48:52,767 - DEBUG - > Sec-WebSocket-Protocol: ocpp1.6
2023-03-27 16:48:52,767 - DEBUG - > Authorization: Basic RVZBUjpFVkFSTEdV
2023-03-27 16:48:52,767 - DEBUG - > User-Agent: Python/3.11 websockets/10.4
2023-03-27 16:48:54,141 - DEBUG - < HTTP/1.1 101 Switching Protocols
2023-03-27 16:48:54,141 - DEBUG - < Connection: upgrade
2023-03-27 16:48:54,141 - DEBUG - < Date: Mon, 27 Mar 2023 07:48:53 GMT
2023-03-27 16:48:54,142 - DEBUG - < sec-websocket-protocol: ocpp1.6
2023-03-27 16:48:54,142 - DEBUG - < upgrade: websocket
2023-03-27 16:48:54,142 - DEBUG - < sec-websocket-accept: YhI5HRskpuHrDgVEjrZ/G06lnYM=
2023-03-27 16:48:54,142 - DEBUG - < sec-websocket-extensions: permessage-deflate
2023-03-27 16:48:54,142 - DEBUG - < X-Cache: Miss from cloudfront
2023-03-27 16:48:54,142 - DEBUG - < Via: 1.1 398e2e4101ed255d172b5d628fa36f5c.cloudfront.net (CloudFront)
2023-03-27 16:48:54,142 - DEBUG - < X-Amz-Cf-Pop: ICN57-P2
2023-03-27 16:48:54,142 - DEBUG - < X-Amz-Cf-Id: U7D6274VESvX5AyJmrAUlDZAPEgH2PrU8CqmcDKDwE8vWs5BcR4PFw==
2023-03-27 16:48:54,142 - DEBUG - = connection is OPEN
2023-03-27 16:48:54,182 - DEBUG - > TEXT '[2, "d7877d51-625b-436c-8ac3-fcf554f6bc98", "Bo...umber": "EVSCA050001"}]' [169 bytes]
2023-03-27 16:48:54,589 - DEBUG - < TEXT '[3, "d7877d51-625b-436c-8ac3-fcf554f6bc98", {"s...54Z", "interval": 600}]' [123 bytes]
2023-03-27 16:48:54,625 - DEBUG - Starting new HTTPS connection (1): 8b434254zg.execute-api.ap-northeast-2.amazonaws.com:443
2023-03-27 16:48:56,045 - DEBUG - https://8b434254zg.execute-api.ap-northeast-2.amazonaws.com:443 "POST /dev/ioc HTTP/1.1" 200 146
2023-03-27 16:48:56,089 - DEBUG - < TEXT '[2, "422501f9-d687-4e75-9d68-0123deb02a3c", "Ch...sting", "value": "-1"}]' [101 bytes]
2023-03-27 16:48:56,093 - DEBUG - > TEXT '[3, "422501f9-d687-4e75-9d68-0123deb02a3c", {"status": "NotSupported"}]' [71 bytes]
2023-03-27 16:48:56,271 - DEBUG - < TEXT '{}' [2 bytes]
2023-03-27 16:48:56,277 - DEBUG - = connection is CLOSING
2023-03-27 16:48:56,277 - DEBUG - > CLOSE 1000 (OK) [2 bytes]
2023-03-27 16:48:56,325 - DEBUG - < CLOSE 1000 (OK) [2 bytes]
2023-03-27 16:48:56,332 - DEBUG - = connection is CLOSED
2023-03-27 16:49:04,361 - DEBUG - = connection is CONNECTING
2023-03-27 16:49:04,390 - DEBUG - > GET /ocpp16/ELA007C05/EVSCA050001 HTTP/1.1
2023-03-27 16:49:04,391 - DEBUG - > Host: ws.devevspcharger.uplus.co.kr
2023-03-27 16:49:04,392 - DEBUG - > Upgrade: websocket
2023-03-27 16:49:04,392 - DEBUG - > Connection: Upgrade
2023-03-27 16:49:04,392 - DEBUG - > Sec-WebSocket-Key: 8P7a1Joihp8pHFfSckUy+A==
2023-03-27 16:49:04,392 - DEBUG - > Sec-WebSocket-Version: 13
2023-03-27 16:49:04,392 - DEBUG - > Sec-WebSocket-Extensions: permessage-deflate; client_max_window_bits
2023-03-27 16:49:04,392 - DEBUG - > Sec-WebSocket-Protocol: ocpp1.6
2023-03-27 16:49:04,392 - DEBUG - > Authorization: Basic RVZBUjpFVkFSTEdV
2023-03-27 16:49:04,392 - DEBUG - > User-Agent: Python/3.11 websockets/10.4
2023-03-27 16:49:04,640 - DEBUG - < HTTP/1.1 101 Switching Protocols
2023-03-27 16:49:04,640 - DEBUG - < Connection: upgrade
2023-03-27 16:49:04,640 - DEBUG - < Date: Mon, 27 Mar 2023 07:49:04 GMT
2023-03-27 16:49:04,640 - DEBUG - < sec-websocket-protocol: ocpp1.6
2023-03-27 16:49:04,640 - DEBUG - < upgrade: websocket
2023-03-27 16:49:04,640 - DEBUG - < sec-websocket-accept: D293AnuY6fJfBBb1lJvAW5NYbvk=
2023-03-27 16:49:04,640 - DEBUG - < sec-websocket-extensions: permessage-deflate
2023-03-27 16:49:04,640 - DEBUG - < X-Cache: Miss from cloudfront
2023-03-27 16:49:04,640 - DEBUG - < Via: 1.1 9ae7abacc9e2c811909db23dbe603ad4.cloudfront.net (CloudFront)
2023-03-27 16:49:04,641 - DEBUG - < X-Amz-Cf-Pop: ICN57-P2
2023-03-27 16:49:04,641 - DEBUG - < X-Amz-Cf-Id: mtJ_7f7oM1GJxeB9Y66vOYumfcB8bJ1hQoGOI_AmzmdIJYjfOnLG4Q==
2023-03-27 16:49:04,641 - DEBUG - = connection is OPEN
2023-03-27 16:49:04,677 - DEBUG - > TEXT '[2, "af72207c-61ed-4b3e-80a8-65e431947f48", "Bo...umber": "EVSCA050001"}]' [169 bytes]
2023-03-27 16:49:04,887 - DEBUG - < TEXT '[3, "af72207c-61ed-4b3e-80a8-65e431947f48", {"s...04Z", "interval": 600}]' [123 bytes]
2023-03-27 16:49:04,924 - DEBUG - Starting new HTTPS connection (1): 8b434254zg.execute-api.ap-northeast-2.amazonaws.com:443
2023-03-27 16:49:05,347 - DEBUG - https://8b434254zg.execute-api.ap-northeast-2.amazonaws.com:443 "POST /dev/ioc HTTP/1.1" 200 163
2023-03-27 16:49:05,380 - DEBUG - < TEXT '[2, "ef7a4180-872d-48ae-a9c1-c82fa3608972", "Ch...erval", "value": "-1"}]' [118 bytes]
2023-03-27 16:49:05,383 - DEBUG - > TEXT '[3, "ef7a4180-872d-48ae-a9c1-c82fa3608972", {"status": "Rejected"}]' [67 bytes]
2023-03-27 16:49:05,568 - DEBUG - < TEXT '{}' [2 bytes]
2023-03-27 16:49:05,573 - DEBUG - = connection is CLOSING
2023-03-27 16:49:05,573 - DEBUG - > CLOSE 1000 (OK) [2 bytes]
2023-03-27 16:49:05,579 - DEBUG - < CLOSE 1000 (OK) [2 bytes]
2023-03-27 16:49:05,587 - DEBUG - = connection is CLOSED
2023-03-27 16:55:18,123 - DEBUG - = connection is CONNECTING
2023-03-27 16:55:18,153 - DEBUG - > GET /ocpp16/ELA007C05/EVSCA050001 HTTP/1.1
2023-03-27 16:55:18,154 - DEBUG - > Host: ws.devevspcharger.uplus.co.kr
2023-03-27 16:55:18,154 - DEBUG - > Upgrade: websocket
2023-03-27 16:55:18,154 - DEBUG - > Connection: Upgrade
2023-03-27 16:55:18,154 - DEBUG - > Sec-WebSocket-Key: cLRTh86khEtVlVQ7L1VMFg==
2023-03-27 16:55:18,154 - DEBUG - > Sec-WebSocket-Version: 13
2023-03-27 16:55:18,154 - DEBUG - > Sec-WebSocket-Extensions: permessage-deflate; client_max_window_bits
2023-03-27 16:55:18,154 - DEBUG - > Sec-WebSocket-Protocol: ocpp1.6
2023-03-27 16:55:18,154 - DEBUG - > Authorization: Basic RVZBUjpFVkFSTEdV
2023-03-27 16:55:18,154 - DEBUG - > User-Agent: Python/3.11 websockets/10.4
2023-03-27 16:55:20,613 - DEBUG - < HTTP/1.1 101 Switching Protocols
2023-03-27 16:55:20,613 - DEBUG - < Connection: upgrade
2023-03-27 16:55:20,613 - DEBUG - < Date: Mon, 27 Mar 2023 07:55:20 GMT
2023-03-27 16:55:20,613 - DEBUG - < sec-websocket-protocol: ocpp1.6
2023-03-27 16:55:20,613 - DEBUG - < upgrade: websocket
2023-03-27 16:55:20,613 - DEBUG - < sec-websocket-accept: CFp/aaPOzuYE2gPv03NiXyi7vOQ=
2023-03-27 16:55:20,613 - DEBUG - < sec-websocket-extensions: permessage-deflate
2023-03-27 16:55:20,614 - DEBUG - < X-Cache: Miss from cloudfront
2023-03-27 16:55:20,614 - DEBUG - < Via: 1.1 398e2e4101ed255d172b5d628fa36f5c.cloudfront.net (CloudFront)
2023-03-27 16:55:20,614 - DEBUG - < X-Amz-Cf-Pop: ICN57-P2
2023-03-27 16:55:20,614 - DEBUG - < X-Amz-Cf-Id: O9CzN-t9oqgYYg9RSzUIDx5jjRbKJZf56JcA_7S_4nOQ34t9xLELFA==
2023-03-27 16:55:20,614 - DEBUG - = connection is OPEN
2023-03-27 16:55:20,648 - DEBUG - > TEXT '[2, "19354c42-24ea-451f-9258-1a080320ccec", "Bo...umber": "EVSCA050001"}]' [169 bytes]
2023-03-27 16:55:21,437 - DEBUG - < TEXT '[3, "19354c42-24ea-451f-9258-1a080320ccec", {"s...20Z", "interval": 600}]' [123 bytes]
2023-03-27 16:55:21,473 - DEBUG - Starting new HTTPS connection (1): 8b434254zg.execute-api.ap-northeast-2.amazonaws.com:443
2023-03-27 16:55:22,917 - DEBUG - https://8b434254zg.execute-api.ap-northeast-2.amazonaws.com:443 "POST /dev/ioc HTTP/1.1" 200 162
2023-03-27 16:55:22,950 - DEBUG - < TEXT '[2, "73edb294-4fec-4149-8e5e-e78f91f55ce8", "Ch...ed", "value": "false"}]' [117 bytes]
2023-03-27 16:55:22,957 - DEBUG - > TEXT '[3, "73edb294-4fec-4149-8e5e-e78f91f55ce8", {"status": "Accepted"}]' [67 bytes]
2023-03-27 16:55:23,615 - DEBUG - < TEXT '{}' [2 bytes]
2023-03-27 16:55:23,647 - DEBUG - Starting new HTTPS connection (1): 8b434254zg.execute-api.ap-northeast-2.amazonaws.com:443
2023-03-27 16:55:24,136 - DEBUG - https://8b434254zg.execute-api.ap-northeast-2.amazonaws.com:443 "POST /dev/ioc HTTP/1.1" 200 162
2023-03-27 16:55:24,173 - DEBUG - < TEXT '[2, "9f5132ca-868a-433f-a825-2f1327110563", "Ge...ed", "value": "false"}]' [117 bytes]
2023-03-27 16:55:24,203 - DEBUG - = connection is CLOSING
2023-03-27 16:55:24,203 - DEBUG - > CLOSE 1000 (OK) [2 bytes]
2023-03-27 16:55:24,212 - DEBUG - < CLOSE 1000 (OK) [2 bytes]
2023-03-27 16:55:24,216 - DEBUG - = connection is CLOSED
2023-03-27 16:56:06,544 - DEBUG - = connection is CONNECTING
2023-03-27 16:56:06,581 - DEBUG - > GET /ocpp16/ELA007C05/EVSCA050001 HTTP/1.1
2023-03-27 16:56:06,581 - DEBUG - > Host: ws.devevspcharger.uplus.co.kr
2023-03-27 16:56:06,581 - DEBUG - > Upgrade: websocket
2023-03-27 16:56:06,582 - DEBUG - > Connection: Upgrade
2023-03-27 16:56:06,582 - DEBUG - > Sec-WebSocket-Key: RySPxPzjN/QJF8bu0yZCCw==
2023-03-27 16:56:06,582 - DEBUG - > Sec-WebSocket-Version: 13
2023-03-27 16:56:06,582 - DEBUG - > Sec-WebSocket-Extensions: permessage-deflate; client_max_window_bits
2023-03-27 16:56:06,582 - DEBUG - > Sec-WebSocket-Protocol: ocpp1.6
2023-03-27 16:56:06,583 - DEBUG - > Authorization: Basic RVZBUjpFVkFSTEdV
2023-03-27 16:56:06,583 - DEBUG - > User-Agent: Python/3.11 websockets/10.4
2023-03-27 16:56:06,889 - DEBUG - < HTTP/1.1 101 Switching Protocols
2023-03-27 16:56:06,889 - DEBUG - < Connection: upgrade
2023-03-27 16:56:06,889 - DEBUG - < Date: Mon, 27 Mar 2023 07:56:06 GMT
2023-03-27 16:56:06,889 - DEBUG - < sec-websocket-protocol: ocpp1.6
2023-03-27 16:56:06,889 - DEBUG - < upgrade: websocket
2023-03-27 16:56:06,889 - DEBUG - < sec-websocket-accept: EjaKfiZLnsq5VGzTyVCrkdhwy2E=
2023-03-27 16:56:06,889 - DEBUG - < sec-websocket-extensions: permessage-deflate
2023-03-27 16:56:06,890 - DEBUG - < X-Cache: Miss from cloudfront
2023-03-27 16:56:06,890 - DEBUG - < Via: 1.1 c6882e0acaa56682be4bf45c4b8fd99a.cloudfront.net (CloudFront)
2023-03-27 16:56:06,890 - DEBUG - < X-Amz-Cf-Pop: ICN57-P2
2023-03-27 16:56:06,890 - DEBUG - < X-Amz-Cf-Id: azuYPID9jvU0HnBMN_Leh-4RVi3lbjGowkQcbT-IsStvHq8SgDA4CQ==
2023-03-27 16:56:06,890 - DEBUG - = connection is OPEN
2023-03-27 16:56:06,936 - DEBUG - > TEXT '[2, "af30fc14-063e-43fa-950a-7d9c40d9bca1", "Bo...umber": "EVSCA050001"}]' [169 bytes]
2023-03-27 16:56:07,232 - DEBUG - < TEXT '[3, "af30fc14-063e-43fa-950a-7d9c40d9bca1", {"s...06Z", "interval": 600}]' [123 bytes]
2023-03-27 16:56:07,259 - DEBUG - Starting new HTTPS connection (1): 8b434254zg.execute-api.ap-northeast-2.amazonaws.com:443
2023-03-27 16:56:07,684 - DEBUG - https://8b434254zg.execute-api.ap-northeast-2.amazonaws.com:443 "POST /dev/ioc HTTP/1.1" 200 162
2023-03-27 16:56:07,724 - DEBUG - < TEXT '[2, "6f2d4443-4d4a-4859-a3b5-1f156c84b6c0", "Ch...ed", "value": "false"}]' [117 bytes]
2023-03-27 16:56:07,728 - DEBUG - > TEXT '[3, "6f2d4443-4d4a-4859-a3b5-1f156c84b6c0", {"status": "Accepted"}]' [67 bytes]
2023-03-27 16:56:07,944 - DEBUG - < TEXT '{}' [2 bytes]
2023-03-27 16:56:07,975 - DEBUG - Starting new HTTPS connection (1): 8b434254zg.execute-api.ap-northeast-2.amazonaws.com:443
2023-03-27 16:56:08,365 - DEBUG - https://8b434254zg.execute-api.ap-northeast-2.amazonaws.com:443 "POST /dev/ioc HTTP/1.1" 200 115
2023-03-27 16:56:08,406 - DEBUG - < TEXT '[2, "7ffb6107-5b6b-4445-888d-ff9c1d829205", "GetLocalListVersion", {}]' [70 bytes]
2023-03-27 16:56:08,413 - DEBUG - > TEXT '[3, "7ffb6107-5b6b-4445-888d-ff9c1d829205", {"listVersion": -1}]' [64 bytes]
2023-03-27 16:56:08,629 - DEBUG - < TEXT '{}' [2 bytes]
2023-03-27 16:56:08,639 - DEBUG - = connection is CLOSING
2023-03-27 16:56:08,639 - DEBUG - > CLOSE 1000 (OK) [2 bytes]
2023-03-27 16:56:08,649 - DEBUG - < CLOSE 1000 (OK) [2 bytes]
2023-03-27 16:56:08,669 - DEBUG - = connection is CLOSED
2023-03-27 17:05:14,311 - DEBUG - = connection is CONNECTING
2023-03-27 17:05:14,345 - DEBUG - > GET /ocpp16/ELA007C05/EVSCA050001 HTTP/1.1
2023-03-27 17:05:14,345 - DEBUG - > Host: ws.devevspcharger.uplus.co.kr
2023-03-27 17:05:14,345 - DEBUG - > Upgrade: websocket
2023-03-27 17:05:14,345 - DEBUG - > Connection: Upgrade
2023-03-27 17:05:14,345 - DEBUG - > Sec-WebSocket-Key: N3DOTUi1mnQYburGwdSo+w==
2023-03-27 17:05:14,345 - DEBUG - > Sec-WebSocket-Version: 13
2023-03-27 17:05:14,345 - DEBUG - > Sec-WebSocket-Extensions: permessage-deflate; client_max_window_bits
2023-03-27 17:05:14,345 - DEBUG - > Sec-WebSocket-Protocol: ocpp1.6
2023-03-27 17:05:14,345 - DEBUG - > Authorization: Basic RVZBUjpFVkFSTEdV
2023-03-27 17:05:14,346 - DEBUG - > User-Agent: Python/3.11 websockets/10.4
2023-03-27 17:05:15,722 - DEBUG - < HTTP/1.1 101 Switching Protocols
2023-03-27 17:05:15,722 - DEBUG - < Connection: upgrade
2023-03-27 17:05:15,722 - DEBUG - < Date: Mon, 27 Mar 2023 08:05:15 GMT
2023-03-27 17:05:15,722 - DEBUG - < sec-websocket-protocol: ocpp1.6
2023-03-27 17:05:15,722 - DEBUG - < upgrade: websocket
2023-03-27 17:05:15,722 - DEBUG - < sec-websocket-accept: 82WU4eq7xfXDo1sa/yNZbc4ot7c=
2023-03-27 17:05:15,722 - DEBUG - < sec-websocket-extensions: permessage-deflate
2023-03-27 17:05:15,722 - DEBUG - < X-Cache: Miss from cloudfront
2023-03-27 17:05:15,722 - DEBUG - < Via: 1.1 c6ed8cd25e4ec3b0d1a9c72155758a62.cloudfront.net (CloudFront)
2023-03-27 17:05:15,722 - DEBUG - < X-Amz-Cf-Pop: ICN57-P2
2023-03-27 17:05:15,723 - DEBUG - < X-Amz-Cf-Id: uKwckJNg5iEy-0pEvuwDH29MueuPnOG8yT-kyKl2ziJzHXqqEb80RQ==
2023-03-27 17:05:15,723 - DEBUG - = connection is OPEN
2023-03-27 17:05:15,755 - DEBUG - > TEXT '[2, "309658c0-8858-4043-817b-a514df3c6de5", "Bo...umber": "EVSCA050001"}]' [169 bytes]
2023-03-27 17:05:16,230 - DEBUG - < TEXT '[3, "309658c0-8858-4043-817b-a514df3c6de5", {"s...15Z", "interval": 600}]' [123 bytes]
2023-03-27 17:05:16,264 - DEBUG - Starting new HTTPS connection (1): 8b434254zg.execute-api.ap-northeast-2.amazonaws.com:443
2023-03-27 17:05:17,706 - DEBUG - https://8b434254zg.execute-api.ap-northeast-2.amazonaws.com:443 "POST /dev/ioc HTTP/1.1" 200 162
2023-03-27 17:05:17,752 - DEBUG - < TEXT '[2, "084a6f70-2476-4d43-b33a-17a478b75693", "Ch...ed", "value": "false"}]' [117 bytes]
2023-03-27 17:05:17,757 - DEBUG - > TEXT '[3, "084a6f70-2476-4d43-b33a-17a478b75693", {"status": "Accepted"}]' [67 bytes]
2023-03-27 17:05:17,940 - DEBUG - < TEXT '{}' [2 bytes]
2023-03-27 17:05:17,979 - DEBUG - Starting new HTTPS connection (1): 8b434254zg.execute-api.ap-northeast-2.amazonaws.com:443
2023-03-27 17:05:18,427 - DEBUG - https://8b434254zg.execute-api.ap-northeast-2.amazonaws.com:443 "POST /dev/ioc HTTP/1.1" 200 115
2023-03-27 17:05:18,473 - DEBUG - < TEXT '[2, "7e125801-9a99-4469-b684-01daf568e8bb", "GetLocalListVersion", {}]' [70 bytes]
2023-03-27 17:05:18,480 - DEBUG - > TEXT '[3, "7e125801-9a99-4469-b684-01daf568e8bb", {"listVersion": -1}]' [64 bytes]
2023-03-27 17:05:18,659 - DEBUG - < TEXT '{}' [2 bytes]
2023-03-27 17:05:18,664 - DEBUG - = connection is CLOSING
2023-03-27 17:05:18,664 - DEBUG - > CLOSE 1000 (OK) [2 bytes]
2023-03-27 17:05:18,672 - DEBUG - < CLOSE 1000 (OK) [2 bytes]
2023-03-27 17:05:18,675 - DEBUG - = connection is CLOSED
2023-03-27 17:05:25,361 - DEBUG - = connection is CONNECTING
2023-03-27 17:05:25,413 - DEBUG - > GET /ocpp16/ELA007C05/EVSCA050001 HTTP/1.1
2023-03-27 17:05:25,414 - DEBUG - > Host: ws.devevspcharger.uplus.co.kr
2023-03-27 17:05:25,414 - DEBUG - > Upgrade: websocket
2023-03-27 17:05:25,414 - DEBUG - > Connection: Upgrade
2023-03-27 17:05:25,414 - DEBUG - > Sec-WebSocket-Key: AFTAZyZzYe8fGhCliVNaPQ==
2023-03-27 17:05:25,414 - DEBUG - > Sec-WebSocket-Version: 13
2023-03-27 17:05:25,414 - DEBUG - > Sec-WebSocket-Extensions: permessage-deflate; client_max_window_bits
2023-03-27 17:05:25,414 - DEBUG - > Sec-WebSocket-Protocol: ocpp1.6
2023-03-27 17:05:25,414 - DEBUG - > Authorization: Basic RVZBUjpFVkFSTEdV
2023-03-27 17:05:25,414 - DEBUG - > User-Agent: Python/3.11 websockets/10.4
2023-03-27 17:05:25,742 - DEBUG - < HTTP/1.1 101 Switching Protocols
2023-03-27 17:05:25,743 - DEBUG - < Connection: upgrade
2023-03-27 17:05:25,743 - DEBUG - < Date: Mon, 27 Mar 2023 08:05:25 GMT
2023-03-27 17:05:25,743 - DEBUG - < sec-websocket-protocol: ocpp1.6
2023-03-27 17:05:25,743 - DEBUG - < upgrade: websocket
2023-03-27 17:05:25,743 - DEBUG - < sec-websocket-accept: FUorzMv6e18DPudSQYzgK0uRUUs=
2023-03-27 17:05:25,743 - DEBUG - < sec-websocket-extensions: permessage-deflate
2023-03-27 17:05:25,743 - DEBUG - < X-Cache: Miss from cloudfront
2023-03-27 17:05:25,743 - DEBUG - < Via: 1.1 3544dee363e510a888d5171c071b297e.cloudfront.net (CloudFront)
2023-03-27 17:05:25,743 - DEBUG - < X-Amz-Cf-Pop: ICN57-P2
2023-03-27 17:05:25,743 - DEBUG - < X-Amz-Cf-Id: rsw0rs8Oz_o2KD_HOeThf3tqjw7_BZogHij4u2fWKLIYopvo_FR11g==
2023-03-27 17:05:25,744 - DEBUG - = connection is OPEN
2023-03-27 17:05:25,778 - DEBUG - > TEXT '[2, "f81514b2-2655-4c6e-83ec-1ac071c84a9b", "Bo...umber": "EVSCA050001"}]' [169 bytes]
2023-03-27 17:05:26,136 - DEBUG - < TEXT '[3, "f81514b2-2655-4c6e-83ec-1ac071c84a9b", {"s...25Z", "interval": 600}]' [123 bytes]
2023-03-27 17:05:26,170 - DEBUG - Starting new HTTPS connection (1): 8b434254zg.execute-api.ap-northeast-2.amazonaws.com:443
2023-03-27 17:05:26,588 - DEBUG - https://8b434254zg.execute-api.ap-northeast-2.amazonaws.com:443 "POST /dev/ioc HTTP/1.1" 200 161
2023-03-27 17:05:26,638 - DEBUG - < TEXT '[2, "e47b2726-fa9c-4f6c-abcd-ce67f95487ed", "Ch...led", "value": "true"}]' [116 bytes]
2023-03-27 17:05:26,646 - DEBUG - > TEXT '[3, "e47b2726-fa9c-4f6c-abcd-ce67f95487ed", {"status": "Accepted"}]' [67 bytes]
2023-03-27 17:05:26,825 - DEBUG - < TEXT '{}' [2 bytes]
2023-03-27 17:05:26,863 - DEBUG - Starting new HTTPS connection (1): 8b434254zg.execute-api.ap-northeast-2.amazonaws.com:443
2023-03-27 17:05:27,269 - DEBUG - https://8b434254zg.execute-api.ap-northeast-2.amazonaws.com:443 "POST /dev/ioc HTTP/1.1" 200 147
2023-03-27 17:05:27,330 - DEBUG - < TEXT '[2, "e96ff012-a19f-4457-a4cb-3c1cea003751", "Se... "updateType": "Full"}]' [102 bytes]
2023-03-27 17:05:27,340 - DEBUG - > TEXT '[3, "e96ff012-a19f-4457-a4cb-3c1cea003751", {"s... "", "listVersion": 0}]' [77 bytes]
2023-03-27 17:05:27,536 - DEBUG - < TEXT '{}' [2 bytes]
2023-03-27 17:05:27,545 - DEBUG - = connection is CLOSING
2023-03-27 17:05:27,545 - DEBUG - > CLOSE 1000 (OK) [2 bytes]
2023-03-27 17:05:27,552 - DEBUG - < CLOSE 1000 (OK) [2 bytes]
2023-03-27 17:05:27,555 - DEBUG - = connection is CLOSED
2023-03-27 17:05:32,646 - DEBUG - = connection is CONNECTING
2023-03-27 17:05:32,683 - DEBUG - > GET /ocpp16/ELA007C05/EVSCA050001 HTTP/1.1
2023-03-27 17:05:32,683 - DEBUG - > Host: ws.devevspcharger.uplus.co.kr
2023-03-27 17:05:32,684 - DEBUG - > Upgrade: websocket
2023-03-27 17:05:32,684 - DEBUG - > Connection: Upgrade
2023-03-27 17:05:32,684 - DEBUG - > Sec-WebSocket-Key: We0UKRrDap3TpoRqkwZl1A==
2023-03-27 17:05:32,684 - DEBUG - > Sec-WebSocket-Version: 13
2023-03-27 17:05:32,684 - DEBUG - > Sec-WebSocket-Extensions: permessage-deflate; client_max_window_bits
2023-03-27 17:05:32,684 - DEBUG - > Sec-WebSocket-Protocol: ocpp1.6
2023-03-27 17:05:32,684 - DEBUG - > Authorization: Basic RVZBUjpFVkFSTEdV
2023-03-27 17:05:32,684 - DEBUG - > User-Agent: Python/3.11 websockets/10.4
2023-03-27 17:05:32,883 - DEBUG - < HTTP/1.1 101 Switching Protocols
2023-03-27 17:05:32,883 - DEBUG - < Connection: upgrade
2023-03-27 17:05:32,883 - DEBUG - < Date: Mon, 27 Mar 2023 08:05:32 GMT
2023-03-27 17:05:32,883 - DEBUG - < sec-websocket-protocol: ocpp1.6
2023-03-27 17:05:32,883 - DEBUG - < upgrade: websocket
2023-03-27 17:05:32,883 - DEBUG - < sec-websocket-accept: Lz9cnzuIiT6PNejxHlpuqJfBsWk=
2023-03-27 17:05:32,883 - DEBUG - < sec-websocket-extensions: permessage-deflate
2023-03-27 17:05:32,884 - DEBUG - < X-Cache: Miss from cloudfront
2023-03-27 17:05:32,884 - DEBUG - < Via: 1.1 3c5e765ef2333ef04ef6f44a2b66ec12.cloudfront.net (CloudFront)
2023-03-27 17:05:32,884 - DEBUG - < X-Amz-Cf-Pop: ICN57-P2
2023-03-27 17:05:32,884 - DEBUG - < X-Amz-Cf-Id: 74NZKnwrhfW65gWs_hR1aqSTdU2wOuimbMfie-R-cixarhTSyz06aw==
2023-03-27 17:05:32,884 - DEBUG - = connection is OPEN
2023-03-27 17:05:32,932 - DEBUG - > TEXT '[2, "04b9c439-8f83-45fa-b8ba-3969d4dc0e79", "Bo...umber": "EVSCA050001"}]' [169 bytes]
2023-03-27 17:05:33,218 - DEBUG - < TEXT '[3, "04b9c439-8f83-45fa-b8ba-3969d4dc0e79", {"s...32Z", "interval": 600}]' [123 bytes]
2023-03-27 17:05:33,258 - DEBUG - Starting new HTTPS connection (1): 8b434254zg.execute-api.ap-northeast-2.amazonaws.com:443
2023-03-27 17:05:33,671 - DEBUG - https://8b434254zg.execute-api.ap-northeast-2.amazonaws.com:443 "POST /dev/ioc HTTP/1.1" 200 147
2023-03-27 17:05:33,736 - DEBUG - < TEXT '[2, "8e5fcc4a-5b7d-4c67-b827-4b3fd404d1f2", "Se... "updateType": "Full"}]' [102 bytes]
2023-03-27 17:05:33,742 - DEBUG - > TEXT '[3, "8e5fcc4a-5b7d-4c67-b827-4b3fd404d1f2", {"s...ed", "listVersion": 0}]' [89 bytes]
2023-03-27 17:05:33,918 - DEBUG - < TEXT '{}' [2 bytes]
2023-03-27 17:05:33,932 - DEBUG - = connection is CLOSING
2023-03-27 17:05:33,933 - DEBUG - > CLOSE 1000 (OK) [2 bytes]
2023-03-27 17:05:33,939 - DEBUG - < CLOSE 1000 (OK) [2 bytes]
2023-03-27 17:05:33,944 - DEBUG - = connection is CLOSED
2023-03-27 17:05:38,577 - DEBUG - = connection is CONNECTING
2023-03-27 17:05:38,606 - DEBUG - > GET /ocpp16/ELA007C05/EVSCA050001 HTTP/1.1
2023-03-27 17:05:38,606 - DEBUG - > Host: ws.devevspcharger.uplus.co.kr
2023-03-27 17:05:38,606 - DEBUG - > Upgrade: websocket
2023-03-27 17:05:38,606 - DEBUG - > Connection: Upgrade
2023-03-27 17:05:38,606 - DEBUG - > Sec-WebSocket-Key: x04yg+bn99mhb/I4qwVIQA==
2023-03-27 17:05:38,606 - DEBUG - > Sec-WebSocket-Version: 13
2023-03-27 17:05:38,607 - DEBUG - > Sec-WebSocket-Extensions: permessage-deflate; client_max_window_bits
2023-03-27 17:05:38,607 - DEBUG - > Sec-WebSocket-Protocol: ocpp1.6
2023-03-27 17:05:38,607 - DEBUG - > Authorization: Basic RVZBUjpFVkFSTEdV
2023-03-27 17:05:38,607 - DEBUG - > User-Agent: Python/3.11 websockets/10.4
2023-03-27 17:05:38,825 - DEBUG - < HTTP/1.1 101 Switching Protocols
2023-03-27 17:05:38,825 - DEBUG - < Connection: upgrade
2023-03-27 17:05:38,825 - DEBUG - < Date: Mon, 27 Mar 2023 08:05:38 GMT
2023-03-27 17:05:38,825 - DEBUG - < sec-websocket-protocol: ocpp1.6
2023-03-27 17:05:38,825 - DEBUG - < upgrade: websocket
2023-03-27 17:05:38,825 - DEBUG - < sec-websocket-accept: lAm+9K0DsWIId1YFQoRV9iJ+kKo=
2023-03-27 17:05:38,826 - DEBUG - < sec-websocket-extensions: permessage-deflate
2023-03-27 17:05:38,826 - DEBUG - < X-Cache: Miss from cloudfront
2023-03-27 17:05:38,826 - DEBUG - < Via: 1.1 5b6f80c06c5584561e15bd2fd58882ee.cloudfront.net (CloudFront)
2023-03-27 17:05:38,826 - DEBUG - < X-Amz-Cf-Pop: ICN57-P2
2023-03-27 17:05:38,826 - DEBUG - < X-Amz-Cf-Id: 05X9VCQ5bPtBrCxw2qLhc1YtORV44auWM806womTpRmiuGiXlXdUHg==
2023-03-27 17:05:38,826 - DEBUG - = connection is OPEN
2023-03-27 17:05:38,867 - DEBUG - > TEXT '[2, "4a6e029b-9d73-442d-87d1-954c7eb2f180", "Bo...umber": "EVSCA050001"}]' [169 bytes]
2023-03-27 17:05:39,131 - DEBUG - < TEXT '[3, "4a6e029b-9d73-442d-87d1-954c7eb2f180", {"s...38Z", "interval": 600}]' [123 bytes]
2023-03-27 17:05:39,160 - DEBUG - Starting new HTTPS connection (1): 8b434254zg.execute-api.ap-northeast-2.amazonaws.com:443
2023-03-27 17:05:39,569 - DEBUG - https://8b434254zg.execute-api.ap-northeast-2.amazonaws.com:443 "POST /dev/ioc HTTP/1.1" 200 147
2023-03-27 17:05:39,630 - DEBUG - < TEXT '[2, "6384b188-c6e3-4c38-b953-cd7b65fcd2eb", "Se... "updateType": "Full"}]' [102 bytes]
2023-03-27 17:05:39,639 - DEBUG - > TEXT '[3, "6384b188-c6e3-4c38-b953-cd7b65fcd2eb", {"s...ed", "listVersion": 0}]' [83 bytes]
2023-03-27 17:05:39,821 - DEBUG - < TEXT '{}' [2 bytes]
2023-03-27 17:05:39,830 - DEBUG - = connection is CLOSING
2023-03-27 17:05:39,831 - DEBUG - > CLOSE 1000 (OK) [2 bytes]
2023-03-27 17:05:39,838 - DEBUG - < CLOSE 1000 (OK) [2 bytes]
2023-03-27 17:05:39,844 - DEBUG - = connection is CLOSED
2023-03-27 17:05:51,835 - DEBUG - = connection is CONNECTING
2023-03-27 17:05:51,869 - DEBUG - > GET /ocpp16/ELA007C05/EVSCA050001 HTTP/1.1
2023-03-27 17:05:51,872 - DEBUG - > Host: ws.devevspcharger.uplus.co.kr
2023-03-27 17:05:51,873 - DEBUG - > Upgrade: websocket
2023-03-27 17:05:51,874 - DEBUG - > Connection: Upgrade
2023-03-27 17:05:51,874 - DEBUG - > Sec-WebSocket-Key: Cj0IA0lMoKDufHlYvUkrcw==
2023-03-27 17:05:51,874 - DEBUG - > Sec-WebSocket-Version: 13
2023-03-27 17:05:51,874 - DEBUG - > Sec-WebSocket-Extensions: permessage-deflate; client_max_window_bits
2023-03-27 17:05:51,874 - DEBUG - > Sec-WebSocket-Protocol: ocpp1.6
2023-03-27 17:05:51,874 - DEBUG - > Authorization: Basic RVZBUjpFVkFSTEdV
2023-03-27 17:05:51,874 - DEBUG - > User-Agent: Python/3.11 websockets/10.4
2023-03-27 17:05:53,171 - DEBUG - < HTTP/1.1 101 Switching Protocols
2023-03-27 17:05:53,172 - DEBUG - < Connection: upgrade
2023-03-27 17:05:53,172 - DEBUG - < Date: Mon, 27 Mar 2023 08:05:52 GMT
2023-03-27 17:05:53,172 - DEBUG - < sec-websocket-protocol: ocpp1.6
2023-03-27 17:05:53,172 - DEBUG - < upgrade: websocket
2023-03-27 17:05:53,173 - DEBUG - < sec-websocket-accept: ja1ktwN7RNCB6UO1NI6leAylKQQ=
2023-03-27 17:05:53,173 - DEBUG - < sec-websocket-extensions: permessage-deflate
2023-03-27 17:05:53,173 - DEBUG - < X-Cache: Miss from cloudfront
2023-03-27 17:05:53,173 - DEBUG - < Via: 1.1 0a9548baf65e130ce12c4d90cb22d962.cloudfront.net (CloudFront)
2023-03-27 17:05:53,173 - DEBUG - < X-Amz-Cf-Pop: ICN57-P2
2023-03-27 17:05:53,173 - DEBUG - < X-Amz-Cf-Id: 6KOtHOU2Bjh1advycahFrEHg6yQavQXyC3_19gqVPK9zjDsArZi_qQ==
2023-03-27 17:05:53,173 - DEBUG - = connection is OPEN
2023-03-27 17:05:53,210 - DEBUG - > TEXT '[2, "5f101dc0-bc19-490c-8b9b-b1426cadef17", "Bo...umber": "EVSCA050001"}]' [169 bytes]
2023-03-27 17:05:53,441 - DEBUG - < TEXT '[3, "5f101dc0-bc19-490c-8b9b-b1426cadef17", {"s...52Z", "interval": 600}]' [123 bytes]
2023-03-27 17:05:53,483 - DEBUG - Starting new HTTPS connection (1): 8b434254zg.execute-api.ap-northeast-2.amazonaws.com:443
2023-03-27 17:05:53,888 - DEBUG - https://8b434254zg.execute-api.ap-northeast-2.amazonaws.com:443 "POST /dev/ioc HTTP/1.1" 200 163
2023-03-27 17:05:53,930 - DEBUG - < TEXT '[2, "63f742e4-f921-4b9c-afe2-a8113d6be550", "Ch...erval", "value": "-1"}]' [118 bytes]
2023-03-27 17:05:53,937 - DEBUG - > TEXT '[3, "63f742e4-f921-4b9c-afe2-a8113d6be550", {"status": "Rejected"}]' [67 bytes]
2023-03-27 17:05:54,122 - DEBUG - < TEXT '{}' [2 bytes]
2023-03-27 17:05:54,126 - DEBUG - = connection is CLOSING
2023-03-27 17:05:54,127 - DEBUG - > CLOSE 1000 (OK) [2 bytes]
2023-03-27 17:05:54,138 - DEBUG - < CLOSE 1000 (OK) [2 bytes]
2023-03-27 17:05:54,142 - DEBUG - = connection is CLOSED
2023-03-27 17:05:58,337 - DEBUG - = connection is CONNECTING
2023-03-27 17:05:58,367 - DEBUG - > GET /ocpp16/ELA007C05/EVSCA050001 HTTP/1.1
2023-03-27 17:05:58,367 - DEBUG - > Host: ws.devevspcharger.uplus.co.kr
2023-03-27 17:05:58,367 - DEBUG - > Upgrade: websocket
2023-03-27 17:05:58,367 - DEBUG - > Connection: Upgrade
2023-03-27 17:05:58,367 - DEBUG - > Sec-WebSocket-Key: D3m1jxacaI/YDAKv8eMVBg==
2023-03-27 17:05:58,367 - DEBUG - > Sec-WebSocket-Version: 13
2023-03-27 17:05:58,367 - DEBUG - > Sec-WebSocket-Extensions: permessage-deflate; client_max_window_bits
2023-03-27 17:05:58,368 - DEBUG - > Sec-WebSocket-Protocol: ocpp1.6
2023-03-27 17:05:58,368 - DEBUG - > Authorization: Basic RVZBUjpFVkFSTEdV
2023-03-27 17:05:58,368 - DEBUG - > User-Agent: Python/3.11 websockets/10.4
2023-03-27 17:05:58,618 - DEBUG - < HTTP/1.1 101 Switching Protocols
2023-03-27 17:05:58,618 - DEBUG - < Connection: upgrade
2023-03-27 17:05:58,619 - DEBUG - < Date: Mon, 27 Mar 2023 08:05:58 GMT
2023-03-27 17:05:58,619 - DEBUG - < sec-websocket-protocol: ocpp1.6
2023-03-27 17:05:58,619 - DEBUG - < upgrade: websocket
2023-03-27 17:05:58,620 - DEBUG - < sec-websocket-accept: i4tf7C7DQ2t+8o8ZMlzhFHKBCR8=
2023-03-27 17:05:58,620 - DEBUG - < sec-websocket-extensions: permessage-deflate
2023-03-27 17:05:58,620 - DEBUG - < X-Cache: Miss from cloudfront
2023-03-27 17:05:58,620 - DEBUG - < Via: 1.1 3ced0108f56d0634c19ad34e6b299e80.cloudfront.net (CloudFront)
2023-03-27 17:05:58,621 - DEBUG - < X-Amz-Cf-Pop: ICN57-P2
2023-03-27 17:05:58,621 - DEBUG - < X-Amz-Cf-Id: UZxXmiDwniWal-upwbM0W7v3qK8zrvXksQWW_hbT1kNeArvVpbXAPg==
2023-03-27 17:05:58,621 - DEBUG - = connection is OPEN
2023-03-27 17:05:58,660 - DEBUG - > TEXT '[2, "23bee4ac-c1a0-4f65-9144-bf1e80dd6af0", "Bo...umber": "EVSCA050001"}]' [169 bytes]
2023-03-27 17:05:58,900 - DEBUG - < TEXT '[3, "23bee4ac-c1a0-4f65-9144-bf1e80dd6af0", {"s...58Z", "interval": 600}]' [123 bytes]
2023-03-27 17:05:58,941 - DEBUG - Starting new HTTPS connection (1): 8b434254zg.execute-api.ap-northeast-2.amazonaws.com:443
2023-03-27 17:05:59,368 - DEBUG - https://8b434254zg.execute-api.ap-northeast-2.amazonaws.com:443 "POST /dev/ioc HTTP/1.1" 200 146
2023-03-27 17:05:59,414 - DEBUG - < TEXT '[2, "33231e33-e404-44fe-9d78-6afcd153f602", "Ch...sting", "value": "-1"}]' [101 bytes]
2023-03-27 17:05:59,420 - DEBUG - > TEXT '[3, "33231e33-e404-44fe-9d78-6afcd153f602", {"status": "NotSupported"}]' [71 bytes]
2023-03-27 17:05:59,605 - DEBUG - < TEXT '{}' [2 bytes]
2023-03-27 17:05:59,611 - DEBUG - = connection is CLOSING
2023-03-27 17:05:59,611 - DEBUG - > CLOSE 1000 (OK) [2 bytes]
2023-03-27 17:05:59,619 - DEBUG - < CLOSE 1000 (OK) [2 bytes]
2023-03-27 17:05:59,626 - DEBUG - = connection is CLOSED
2023-03-27 17:12:47,588 - DEBUG - = connection is CONNECTING
2023-03-27 17:12:47,619 - DEBUG - > GET /ocpp16/ELA007C05/EVSCA050001 HTTP/1.1
2023-03-27 17:12:47,619 - DEBUG - > Host: ws.devevspcharger.uplus.co.kr
2023-03-27 17:12:47,620 - DEBUG - > Upgrade: websocket
2023-03-27 17:12:47,620 - DEBUG - > Connection: Upgrade
2023-03-27 17:12:47,621 - DEBUG - > Sec-WebSocket-Key: 2xZMhnzpXrJYBxU/SYulZw==
2023-03-27 17:12:47,621 - DEBUG - > Sec-WebSocket-Version: 13
2023-03-27 17:12:47,621 - DEBUG - > Sec-WebSocket-Extensions: permessage-deflate; client_max_window_bits
2023-03-27 17:12:47,622 - DEBUG - > Sec-WebSocket-Protocol: ocpp1.6
2023-03-27 17:12:47,625 - DEBUG - > Authorization: Basic RVZBUjpFVkFSTEdV
2023-03-27 17:12:47,625 - DEBUG - > User-Agent: Python/3.11 websockets/10.4
2023-03-27 17:12:48,860 - DEBUG - < HTTP/1.1 101 Switching Protocols
2023-03-27 17:12:48,860 - DEBUG - < Connection: upgrade
2023-03-27 17:12:48,860 - DEBUG - < Date: Mon, 27 Mar 2023 08:12:48 GMT
2023-03-27 17:12:48,861 - DEBUG - < sec-websocket-protocol: ocpp1.6
2023-03-27 17:12:48,861 - DEBUG - < upgrade: websocket
2023-03-27 17:12:48,861 - DEBUG - < sec-websocket-accept: 2ePy1K+9YqFyejR8uvpYlGFWfHE=
2023-03-27 17:12:48,861 - DEBUG - < sec-websocket-extensions: permessage-deflate
2023-03-27 17:12:48,861 - DEBUG - < X-Cache: Miss from cloudfront
2023-03-27 17:12:48,861 - DEBUG - < Via: 1.1 3ced0108f56d0634c19ad34e6b299e80.cloudfront.net (CloudFront)
2023-03-27 17:12:48,861 - DEBUG - < X-Amz-Cf-Pop: ICN57-P2
2023-03-27 17:12:48,861 - DEBUG - < X-Amz-Cf-Id: OgsNRfKRNXeiDVknzrlJ_5cp436iZv1dULdfh_GFhl7h0IIK0mEFlg==
2023-03-27 17:12:48,861 - DEBUG - = connection is OPEN
2023-03-27 17:12:48,907 - DEBUG - > TEXT '[2, "f99c16ff-e1c3-4c5d-bf33-4fbbd4f1d0f8", "Bo...umber": "EVSCA050001"}]' [169 bytes]
2023-03-27 17:12:49,359 - DEBUG - < TEXT '[3, "f99c16ff-e1c3-4c5d-bf33-4fbbd4f1d0f8", {"s...48Z", "interval": 600}]' [123 bytes]
2023-03-27 17:12:49,400 - DEBUG - Starting new HTTPS connection (1): 8b434254zg.execute-api.ap-northeast-2.amazonaws.com:443
2023-03-27 17:12:50,725 - DEBUG - https://8b434254zg.execute-api.ap-northeast-2.amazonaws.com:443 "POST /dev/ioc HTTP/1.1" 200 155
2023-03-27 17:12:50,759 - DEBUG - < TEXT '[2, "6eeb48ae-0c89-4989-9908-9b0105a9a88d", "Se...Type": "Differential"}]' [110 bytes]
2023-03-27 17:12:50,771 - DEBUG - > TEXT '[3, "6eeb48ae-0c89-4989-9908-9b0105a9a88d", {"status": "Accepted"}]' [67 bytes]
2023-03-27 17:12:50,945 - DEBUG - < TEXT '{}' [2 bytes]
2023-03-27 17:12:50,952 - DEBUG - = connection is CLOSING
2023-03-27 17:12:50,952 - DEBUG - > CLOSE 1000 (OK) [2 bytes]
2023-03-27 17:12:50,959 - DEBUG - < CLOSE 1000 (OK) [2 bytes]
2023-03-27 17:12:50,961 - DEBUG - = connection is CLOSED
2023-03-27 17:12:56,738 - DEBUG - = connection is CONNECTING
2023-03-27 17:12:56,767 - DEBUG - > GET /ocpp16/ELA007C05/EVSCA050001 HTTP/1.1
2023-03-27 17:12:56,768 - DEBUG - > Host: ws.devevspcharger.uplus.co.kr
2023-03-27 17:12:56,768 - DEBUG - > Upgrade: websocket
2023-03-27 17:12:56,768 - DEBUG - > Connection: Upgrade
2023-03-27 17:12:56,768 - DEBUG - > Sec-WebSocket-Key: S2DhRZXyTXlLcmgxclnIoQ==
2023-03-27 17:12:56,768 - DEBUG - > Sec-WebSocket-Version: 13
2023-03-27 17:12:56,769 - DEBUG - > Sec-WebSocket-Extensions: permessage-deflate; client_max_window_bits
2023-03-27 17:12:56,769 - DEBUG - > Sec-WebSocket-Protocol: ocpp1.6
2023-03-27 17:12:56,769 - DEBUG - > Authorization: Basic RVZBUjpFVkFSTEdV
2023-03-27 17:12:56,769 - DEBUG - > User-Agent: Python/3.11 websockets/10.4
2023-03-27 17:12:57,002 - DEBUG - < HTTP/1.1 101 Switching Protocols
2023-03-27 17:12:57,002 - DEBUG - < Connection: upgrade
2023-03-27 17:12:57,002 - DEBUG - < Date: Mon, 27 Mar 2023 08:12:56 GMT
2023-03-27 17:12:57,002 - DEBUG - < sec-websocket-protocol: ocpp1.6
2023-03-27 17:12:57,002 - DEBUG - < upgrade: websocket
2023-03-27 17:12:57,002 - DEBUG - < sec-websocket-accept: WJN5N77MpuxwSMujqNnlutxnTf0=
2023-03-27 17:12:57,002 - DEBUG - < sec-websocket-extensions: permessage-deflate
2023-03-27 17:12:57,003 - DEBUG - < X-Cache: Miss from cloudfront
2023-03-27 17:12:57,003 - DEBUG - < Via: 1.1 8cd680512056914f119efae770348786.cloudfront.net (CloudFront)
2023-03-27 17:12:57,003 - DEBUG - < X-Amz-Cf-Pop: ICN57-P2
2023-03-27 17:12:57,003 - DEBUG - < X-Amz-Cf-Id: X9gDrxX-dx3sHHqef1CM3z65NCRtOKS45iw3aolgyEV8ewlIailSBg==
2023-03-27 17:12:57,003 - DEBUG - = connection is OPEN
2023-03-27 17:12:57,056 - DEBUG - > TEXT '[2, "3a5c5675-68fd-42b8-a136-0a75d2cee3e3", "Bo...umber": "EVSCA050001"}]' [169 bytes]
2023-03-27 17:12:57,287 - DEBUG - < TEXT '[3, "3a5c5675-68fd-42b8-a136-0a75d2cee3e3", {"s...56Z", "interval": 600}]' [123 bytes]
2023-03-27 17:12:57,388 - DEBUG - Starting new HTTPS connection (1): 8b434254zg.execute-api.ap-northeast-2.amazonaws.com:443
2023-03-27 17:12:57,766 - DEBUG - https://8b434254zg.execute-api.ap-northeast-2.amazonaws.com:443 "POST /dev/ioc HTTP/1.1" 200 178
2023-03-27 17:12:57,800 - DEBUG - < TEXT '[2, "d1c25530-aaa4-43ed-a8df-5286d5e9c309", "Up...2023-04-15T10:15:00Z"}]' [133 bytes]
2023-03-27 17:12:57,806 - DEBUG - > TEXT '[3, "d1c25530-aaa4-43ed-a8df-5286d5e9c309", {}]' [47 bytes]
2023-03-27 17:12:58,035 - DEBUG - < TEXT '{}' [2 bytes]
2023-03-27 17:12:58,083 - DEBUG - > TEXT '[2, "3103f476-8953-4f24-ad25-f78064b017e2", "St...tatus": "Unavailable"}]' [134 bytes]
2023-03-27 17:12:58,638 - DEBUG - < TEXT '[3, "3103f476-8953-4f24-ad25-f78064b017e2", {}]' [47 bytes]
2023-03-27 17:12:58,670 - DEBUG - > TEXT '[2, "841d8d4f-785a-4b91-a8b0-c1b9e28d2ef6", "Fi...tatus": "Downloading"}]' [100 bytes]
2023-03-27 17:12:58,937 - DEBUG - < TEXT '[3, "841d8d4f-785a-4b91-a8b0-c1b9e28d2ef6", {}]' [47 bytes]
2023-03-27 17:12:58,983 - DEBUG - > TEXT '[2, "c9dcf84b-7f7b-49ec-8558-719516fdd236", "Fi...status": "Downloaded"}]' [99 bytes]
2023-03-27 17:12:59,306 - DEBUG - < TEXT '[3, "c9dcf84b-7f7b-49ec-8558-719516fdd236", {}]' [47 bytes]
2023-03-27 17:12:59,345 - DEBUG - > TEXT '[2, "b4662e2e-3f36-4601-aded-0b13646751e2", "Fi...status": "Installing"}]' [99 bytes]
2023-03-27 17:12:59,545 - DEBUG - < TEXT '[3, "b4662e2e-3f36-4601-aded-0b13646751e2", {}]' [47 bytes]
2023-03-27 17:12:59,590 - DEBUG - > TEXT '[2, "5e88b9f1-cddd-43d9-9b5f-2c8c164190ba", "St...tatus": "Unavailable"}]' [134 bytes]
2023-03-27 17:12:59,847 - DEBUG - < TEXT '[3, "5e88b9f1-cddd-43d9-9b5f-2c8c164190ba", {}]' [47 bytes]
2023-03-27 17:12:59,893 - DEBUG - > TEXT '[2, "831e2464-7138-4138-a97b-b08683cb2245", "Fi..."status": "Installed"}]' [98 bytes]
2023-03-27 17:13:00,137 - DEBUG - < TEXT '[3, "831e2464-7138-4138-a97b-b08683cb2245", {}]' [47 bytes]
2023-03-27 17:13:00,194 - DEBUG - > TEXT '[2, "70213cd5-bf82-49f1-90ea-150a0633955a", "Bo...umber": "EVSCA050001"}]' [169 bytes]
2023-03-27 17:13:00,455 - DEBUG - < TEXT '[3, "70213cd5-bf82-49f1-90ea-150a0633955a", {"s...59Z", "interval": 600}]' [123 bytes]
2023-03-27 17:13:00,501 - DEBUG - > TEXT '[2, "c43ccaa4-fd6a-4f60-a5cf-1683ae55a1f8", "St..."status": "Available"}]' [132 bytes]
2023-03-27 17:13:00,727 - DEBUG - < TEXT '[3, "c43ccaa4-fd6a-4f60-a5cf-1683ae55a1f8", {}]' [47 bytes]
2023-03-27 17:13:00,748 - DEBUG - = connection is CLOSING
2023-03-27 17:13:00,748 - DEBUG - > CLOSE 1000 (OK) [2 bytes]
2023-03-27 17:13:00,764 - DEBUG - < CLOSE 1000 (OK) [2 bytes]
2023-03-27 17:13:00,772 - DEBUG - = connection is CLOSED
2023-03-27 17:13:06,438 - DEBUG - = connection is CONNECTING
2023-03-27 17:13:06,466 - DEBUG - > GET /ocpp16/ELA007C05/EVSCA050001 HTTP/1.1
2023-03-27 17:13:06,466 - DEBUG - > Host: ws.devevspcharger.uplus.co.kr
2023-03-27 17:13:06,466 - DEBUG - > Upgrade: websocket
2023-03-27 17:13:06,467 - DEBUG - > Connection: Upgrade
2023-03-27 17:13:06,467 - DEBUG - > Sec-WebSocket-Key: jnE68snaWSrw4wZ+cxHSJg==
2023-03-27 17:13:06,467 - DEBUG - > Sec-WebSocket-Version: 13
2023-03-27 17:13:06,467 - DEBUG - > Sec-WebSocket-Extensions: permessage-deflate; client_max_window_bits
2023-03-27 17:13:06,467 - DEBUG - > Sec-WebSocket-Protocol: ocpp1.6
2023-03-27 17:13:06,467 - DEBUG - > Authorization: Basic RVZBUjpFVkFSTEdV
2023-03-27 17:13:06,467 - DEBUG - > User-Agent: Python/3.11 websockets/10.4
2023-03-27 17:13:06,753 - DEBUG - < HTTP/1.1 101 Switching Protocols
2023-03-27 17:13:06,754 - DEBUG - < Connection: upgrade
2023-03-27 17:13:06,754 - DEBUG - < Date: Mon, 27 Mar 2023 08:13:06 GMT
2023-03-27 17:13:06,755 - DEBUG - < sec-websocket-protocol: ocpp1.6
2023-03-27 17:13:06,755 - DEBUG - < upgrade: websocket
2023-03-27 17:13:06,755 - DEBUG - < sec-websocket-accept: fq8RHTHFJNmkkiaokpZltEzAuEc=
2023-03-27 17:13:06,756 - DEBUG - < sec-websocket-extensions: permessage-deflate
2023-03-27 17:13:06,756 - DEBUG - < X-Cache: Miss from cloudfront
2023-03-27 17:13:06,756 - DEBUG - < Via: 1.1 9ce5dfe6a640bb6a762b3c2889e2317e.cloudfront.net (CloudFront)
2023-03-27 17:13:06,756 - DEBUG - < X-Amz-Cf-Pop: ICN57-P2
2023-03-27 17:13:06,756 - DEBUG - < X-Amz-Cf-Id: AC8GeJ3XXXyuOxP-_IUN-ngsn_0hDTITHQflmFtWX1mbFZBMVn9wJw==
2023-03-27 17:13:06,756 - DEBUG - = connection is OPEN
2023-03-27 17:13:06,783 - DEBUG - > TEXT '[2, "890255a1-e0b8-46ab-a09a-f69e90d73022", "Bo...umber": "EVSCA050001"}]' [169 bytes]
2023-03-27 17:13:07,024 - DEBUG - < TEXT '[3, "890255a1-e0b8-46ab-a09a-f69e90d73022", {"s...06Z", "interval": 600}]' [123 bytes]
2023-03-27 17:13:07,064 - DEBUG - Starting new HTTPS connection (1): 8b434254zg.execute-api.ap-northeast-2.amazonaws.com:443
2023-03-27 17:13:07,468 - DEBUG - https://8b434254zg.execute-api.ap-northeast-2.amazonaws.com:443 "POST /dev/ioc HTTP/1.1" 200 180
2023-03-27 17:13:07,513 - DEBUG - < TEXT '[2, "2662fdd2-fcc3-4c29-b9b9-3970b50d5524", "Up...2023-04-15T10:15:00Z"}]' [135 bytes]
2023-03-27 17:13:07,517 - DEBUG - > TEXT '[3, "2662fdd2-fcc3-4c29-b9b9-3970b50d5524", {}]' [47 bytes]
2023-03-27 17:13:07,706 - DEBUG - < TEXT '{}' [2 bytes]
2023-03-27 17:13:07,738 - DEBUG - > TEXT '[2, "36e73b3b-72cf-41dd-a9ae-51d13b4878ee", "St...tatus": "Unavailable"}]' [134 bytes]
2023-03-27 17:13:07,932 - DEBUG - < TEXT '[3, "36e73b3b-72cf-41dd-a9ae-51d13b4878ee", {}]' [47 bytes]
2023-03-27 17:13:07,963 - DEBUG - > TEXT '[2, "2f2b4b6a-754b-4607-8776-05e821dc18e4", "Fi...tatus": "Downloading"}]' [100 bytes]
2023-03-27 17:13:08,145 - DEBUG - < TEXT '[3, "2f2b4b6a-754b-4607-8776-05e821dc18e4", {}]' [47 bytes]
2023-03-27 17:13:08,179 - DEBUG - > TEXT '[2, "2c8439c1-b2f6-4813-b2b6-ce5ffcc980ad", "Fi...status": "Downloaded"}]' [99 bytes]
2023-03-27 17:13:08,431 - DEBUG - < TEXT '[3, "2c8439c1-b2f6-4813-b2b6-ce5ffcc980ad", {}]' [47 bytes]
2023-03-27 17:13:08,466 - DEBUG - > TEXT '[2, "2f5e511b-d231-4557-b8e4-181275e2649c", "Fi...status": "Installing"}]' [99 bytes]
2023-03-27 17:13:08,644 - DEBUG - < TEXT '[3, "2f5e511b-d231-4557-b8e4-181275e2649c", {}]' [47 bytes]
2023-03-27 17:13:08,678 - DEBUG - > TEXT '[2, "f5829a1c-1552-4962-993f-f6864ae4fd50", "St...tatus": "Unavailable"}]' [134 bytes]
2023-03-27 17:13:08,932 - DEBUG - < TEXT '[3, "f5829a1c-1552-4962-993f-f6864ae4fd50", {}]' [47 bytes]
2023-03-27 17:13:08,986 - DEBUG - > TEXT '[2, "2d2ea77f-1bd6-42e8-af43-221b85641cc5", "Fi..."status": "Installed"}]' [98 bytes]
2023-03-27 17:13:09,234 - DEBUG - < TEXT '[3, "2d2ea77f-1bd6-42e8-af43-221b85641cc5", {}]' [47 bytes]
2023-03-27 17:13:09,286 - DEBUG - > TEXT '[2, "ac87315d-fbfa-4924-b951-edd29ac8c6ed", "Bo...umber": "EVSCA050001"}]' [169 bytes]
2023-03-27 17:13:09,506 - DEBUG - < TEXT '[3, "ac87315d-fbfa-4924-b951-edd29ac8c6ed", {"s...09Z", "interval": 600}]' [123 bytes]
2023-03-27 17:13:09,557 - DEBUG - > TEXT '[2, "2c73dbe6-f0b8-4a99-acaf-c83c721392b3", "St..."status": "Available"}]' [132 bytes]
2023-03-27 17:13:09,746 - DEBUG - < TEXT '[3, "2c73dbe6-f0b8-4a99-acaf-c83c721392b3", {}]' [47 bytes]
2023-03-27 17:13:09,767 - DEBUG - = connection is CLOSING
2023-03-27 17:13:09,768 - DEBUG - > CLOSE 1000 (OK) [2 bytes]
2023-03-27 17:13:09,783 - DEBUG - < CLOSE 1000 (OK) [2 bytes]
2023-03-27 17:13:09,787 - DEBUG - = connection is CLOSED
2023-03-27 17:13:09,798 - DEBUG - = connection is CONNECTING
2023-03-27 17:13:09,838 - DEBUG - > GET /ocpp16/ELA007C05/EVSCA050001 HTTP/1.1
2023-03-27 17:13:09,839 - DEBUG - > Host: ws.devevspcharger.uplus.co.kr
2023-03-27 17:13:09,839 - DEBUG - > Upgrade: websocket
2023-03-27 17:13:09,839 - DEBUG - > Connection: Upgrade
2023-03-27 17:13:09,840 - DEBUG - > Sec-WebSocket-Key: BBI57RAlDua0yKSzYdNqfQ==
2023-03-27 17:13:09,840 - DEBUG - > Sec-WebSocket-Version: 13
2023-03-27 17:13:09,840 - DEBUG - > Sec-WebSocket-Extensions: permessage-deflate; client_max_window_bits
2023-03-27 17:13:09,840 - DEBUG - > Sec-WebSocket-Protocol: ocpp1.6
2023-03-27 17:13:09,840 - DEBUG - > Authorization: Basic RVZBUjpFVkFSTEdV
2023-03-27 17:13:09,840 - DEBUG - > User-Agent: Python/3.11 websockets/10.4
2023-03-27 17:13:10,041 - DEBUG - < HTTP/1.1 101 Switching Protocols
2023-03-27 17:13:10,041 - DEBUG - < Connection: upgrade
2023-03-27 17:13:10,042 - DEBUG - < Date: Mon, 27 Mar 2023 08:13:09 GMT
2023-03-27 17:13:10,042 - DEBUG - < sec-websocket-protocol: ocpp1.6
2023-03-27 17:13:10,042 - DEBUG - < upgrade: websocket
2023-03-27 17:13:10,042 - DEBUG - < sec-websocket-accept: iHwFL9AbKJRHsdQQuZJjGyXLdf8=
2023-03-27 17:13:10,042 - DEBUG - < sec-websocket-extensions: permessage-deflate
2023-03-27 17:13:10,042 - DEBUG - < X-Cache: Miss from cloudfront
2023-03-27 17:13:10,042 - DEBUG - < Via: 1.1 96d5e926418becbc899e1a730ab37236.cloudfront.net (CloudFront)
2023-03-27 17:13:10,042 - DEBUG - < X-Amz-Cf-Pop: ICN57-P2
2023-03-27 17:13:10,042 - DEBUG - < X-Amz-Cf-Id: cIQmNHsRpKsbfxPTIG-K_wZV4R5dcIkcdEoLVRX-VorHttiSQGMfiQ==
2023-03-27 17:13:10,042 - DEBUG - = connection is OPEN
2023-03-27 17:13:10,070 - DEBUG - > TEXT '[2, "37f101b3-6730-42be-aa5b-26033b9649ec", "Bo...umber": "EVSCA050001"}]' [169 bytes]
2023-03-27 17:13:10,284 - DEBUG - < TEXT '[3, "37f101b3-6730-42be-aa5b-26033b9649ec", {"s...09Z", "interval": 600}]' [123 bytes]
2023-03-27 17:13:10,340 - DEBUG - Starting new HTTPS connection (1): 8b434254zg.execute-api.ap-northeast-2.amazonaws.com:443
2023-03-27 17:13:10,744 - DEBUG - https://8b434254zg.execute-api.ap-northeast-2.amazonaws.com:443 "POST /dev/ioc HTTP/1.1" 200 181
2023-03-27 17:13:10,791 - DEBUG - < TEXT '[2, "6c44484c-c543-4c09-9fc5-82fcb42c5c23", "Up...2023-04-15T10:15:00Z"}]' [136 bytes]
2023-03-27 17:13:10,797 - DEBUG - > TEXT '[3, "6c44484c-c543-4c09-9fc5-82fcb42c5c23", {}]' [47 bytes]
2023-03-27 17:13:10,985 - DEBUG - < TEXT '{}' [2 bytes]
2023-03-27 17:13:11,018 - DEBUG - > TEXT '[2, "31a5e23c-ad63-44af-8bce-b038adcc1642", "St...tatus": "Unavailable"}]' [134 bytes]
2023-03-27 17:13:11,224 - DEBUG - < TEXT '[3, "31a5e23c-ad63-44af-8bce-b038adcc1642", {}]' [47 bytes]
2023-03-27 17:13:11,260 - DEBUG - > TEXT '[2, "bba7405d-e964-41d3-bbe8-2225c5270d01", "Fi...tatus": "Downloading"}]' [100 bytes]
2023-03-27 17:13:11,463 - DEBUG - < TEXT '[3, "bba7405d-e964-41d3-bbe8-2225c5270d01", {}]' [47 bytes]
2023-03-27 17:13:11,507 - DEBUG - > TEXT '[2, "ecb2b434-28ad-41e6-b396-a313d66a5447", "Fi...status": "Downloaded"}]' [99 bytes]
2023-03-27 17:13:11,841 - DEBUG - < TEXT '[3, "ecb2b434-28ad-41e6-b396-a313d66a5447", {}]' [47 bytes]
2023-03-27 17:13:11,885 - DEBUG - > TEXT '[2, "3966bb73-b1f5-45c3-96f4-dd1ce8bbb2d6", "Fi...status": "Installing"}]' [99 bytes]
2023-03-27 17:13:12,132 - DEBUG - < TEXT '[3, "3966bb73-b1f5-45c3-96f4-dd1ce8bbb2d6", {}]' [47 bytes]
2023-03-27 17:13:12,173 - DEBUG - > TEXT '[2, "2134ad83-4c2a-44b1-b259-28471e56fffb", "St...tatus": "Unavailable"}]' [134 bytes]
2023-03-27 17:13:12,423 - DEBUG - < TEXT '[3, "2134ad83-4c2a-44b1-b259-28471e56fffb", {}]' [47 bytes]
2023-03-27 17:13:12,476 - DEBUG - > TEXT '[2, "3970e80c-1a89-4741-a200-9315c98c2651", "Fi... "InstallationFailed"}]' [107 bytes]
2023-03-27 17:13:12,720 - DEBUG - < TEXT '[3, "3970e80c-1a89-4741-a200-9315c98c2651", {}]' [47 bytes]
2023-03-27 17:13:12,771 - DEBUG - > TEXT '[2, "de59c45f-f136-47d1-81d3-acb497dc93e2", "Bo...umber": "EVSCA050001"}]' [169 bytes]
2023-03-27 17:13:12,996 - DEBUG - < TEXT '[3, "de59c45f-f136-47d1-81d3-acb497dc93e2", {"s...12Z", "interval": 600}]' [123 bytes]
2023-03-27 17:13:13,042 - DEBUG - > TEXT '[2, "be2a8d65-bd6b-43d1-92fe-97124514c7df", "St..."status": "Available"}]' [132 bytes]
2023-03-27 17:13:13,224 - DEBUG - < TEXT '[3, "be2a8d65-bd6b-43d1-92fe-97124514c7df", {}]' [47 bytes]
2023-03-27 17:13:13,247 - DEBUG - = connection is CLOSING
2023-03-27 17:13:13,248 - DEBUG - > CLOSE 1000 (OK) [2 bytes]
2023-03-27 17:13:13,254 - DEBUG - < CLOSE 1000 (OK) [2 bytes]
2023-03-27 17:13:13,272 - DEBUG - = connection is CLOSED
2023-03-27 17:27:32,161 - DEBUG - = connection is CONNECTING
2023-03-27 17:27:32,197 - DEBUG - > GET /ocpp16/ELA007C05/EVSCA050001 HTTP/1.1
2023-03-27 17:27:32,197 - DEBUG - > Host: ws.devevspcharger.uplus.co.kr
2023-03-27 17:27:32,197 - DEBUG - > Upgrade: websocket
2023-03-27 17:27:32,197 - DEBUG - > Connection: Upgrade
2023-03-27 17:27:32,197 - DEBUG - > Sec-WebSocket-Key: lwNlYTmzBVnb2wVnQhdGKA==
2023-03-27 17:27:32,198 - DEBUG - > Sec-WebSocket-Version: 13
2023-03-27 17:27:32,200 - DEBUG - > Sec-WebSocket-Extensions: permessage-deflate; client_max_window_bits
2023-03-27 17:27:32,200 - DEBUG - > Sec-WebSocket-Protocol: ocpp1.6
2023-03-27 17:27:32,201 - DEBUG - > Authorization: Basic RVZBUjpFVkFSTEdV
2023-03-27 17:27:32,201 - DEBUG - > User-Agent: Python/3.11 websockets/10.4
2023-03-27 17:27:33,464 - DEBUG - < HTTP/1.1 101 Switching Protocols
2023-03-27 17:27:33,464 - DEBUG - < Connection: upgrade
2023-03-27 17:27:33,465 - DEBUG - < Date: Mon, 27 Mar 2023 08:27:33 GMT
2023-03-27 17:27:33,465 - DEBUG - < sec-websocket-protocol: ocpp1.6
2023-03-27 17:27:33,465 - DEBUG - < upgrade: websocket
2023-03-27 17:27:33,465 - DEBUG - < sec-websocket-accept: ssOGrnoXMG5M2LEiySrdMvz2BHA=
2023-03-27 17:27:33,465 - DEBUG - < sec-websocket-extensions: permessage-deflate
2023-03-27 17:27:33,465 - DEBUG - < X-Cache: Miss from cloudfront
2023-03-27 17:27:33,465 - DEBUG - < Via: 1.1 addf940186af6aa7dc864a17e45130c6.cloudfront.net (CloudFront)
2023-03-27 17:27:33,465 - DEBUG - < X-Amz-Cf-Pop: ICN57-P2
2023-03-27 17:27:33,465 - DEBUG - < X-Amz-Cf-Id: BHFUAfbu9-Mh2roHM7blYaP02E7na-eGQctRzDABjoRc-uwUFyrPuQ==
2023-03-27 17:27:33,465 - DEBUG - = connection is OPEN
2023-03-27 17:27:33,491 - DEBUG - > TEXT '[2, "51548208-6f64-4878-940d-0b24a4e4dd91", "Bo...umber": "EVSCA050001"}]' [169 bytes]
2023-03-27 17:27:33,874 - DEBUG - < TEXT '[4, "51548208-6f64-4878-940d-0b24a4e4dd91", {"e...the requested Action"}]' [187 bytes]
2023-03-27 17:27:33,902 - DEBUG - = connection is CLOSING
2023-03-27 17:27:33,902 - DEBUG - > CLOSE 1000 (OK) [2 bytes]
2023-03-27 17:27:33,914 - DEBUG - < CLOSE 1000 (OK) [2 bytes]
2023-03-27 17:27:33,919 - DEBUG - = connection is CLOSED
2023-03-27 17:35:14,382 - DEBUG - = connection is CONNECTING
2023-03-27 17:35:14,413 - DEBUG - > GET /ocpp16/ELA007C05/EVSCA050001 HTTP/1.1
2023-03-27 17:35:14,413 - DEBUG - > Host: ws.devevspcharger.uplus.co.kr
2023-03-27 17:35:14,413 - DEBUG - > Upgrade: websocket
2023-03-27 17:35:14,414 - DEBUG - > Connection: Upgrade
2023-03-27 17:35:14,414 - DEBUG - > Sec-WebSocket-Key: vYrwbGaSXiRNRmUSxrS4iA==
2023-03-27 17:35:14,414 - DEBUG - > Sec-WebSocket-Version: 13
2023-03-27 17:35:14,414 - DEBUG - > Sec-WebSocket-Extensions: permessage-deflate; client_max_window_bits
2023-03-27 17:35:14,414 - DEBUG - > Sec-WebSocket-Protocol: ocpp1.6
2023-03-27 17:35:14,414 - DEBUG - > Authorization: Basic RVZBUjpFVkFSTEdV
2023-03-27 17:35:14,414 - DEBUG - > User-Agent: Python/3.11 websockets/10.4
2023-03-27 17:35:15,735 - DEBUG - < HTTP/1.1 101 Switching Protocols
2023-03-27 17:35:15,735 - DEBUG - < Connection: upgrade
2023-03-27 17:35:15,736 - DEBUG - < Date: Mon, 27 Mar 2023 08:35:15 GMT
2023-03-27 17:35:15,736 - DEBUG - < sec-websocket-protocol: ocpp1.6
2023-03-27 17:35:15,736 - DEBUG - < upgrade: websocket
2023-03-27 17:35:15,736 - DEBUG - < sec-websocket-accept: jbFOk/Bi6vXoBBcI8DTx2OS4EQs=
2023-03-27 17:35:15,737 - DEBUG - < sec-websocket-extensions: permessage-deflate
2023-03-27 17:35:15,737 - DEBUG - < X-Cache: Miss from cloudfront
2023-03-27 17:35:15,737 - DEBUG - < Via: 1.1 9ce5dfe6a640bb6a762b3c2889e2317e.cloudfront.net (CloudFront)
2023-03-27 17:35:15,737 - DEBUG - < X-Amz-Cf-Pop: ICN57-P2
2023-03-27 17:35:15,737 - DEBUG - < X-Amz-Cf-Id: 4ifIBrlk1qReOFTQBByBWT0NLUEkWFrt3eV9KuJdrAwdKbNp3p_6ag==
2023-03-27 17:35:15,737 - DEBUG - = connection is OPEN
2023-03-27 17:35:15,771 - DEBUG - > TEXT '[2, "f735cb29-5a21-4f67-ac5e-b01023ada7a9", "Bo...umber": "EVSCA050001"}]' [169 bytes]
2023-03-27 17:35:16,998 - DEBUG - < TEXT '[4, "f735cb29-5a21-4f67-ac5e-b01023ada7a9", {"e...the requested Action"}]' [187 bytes]
2023-03-27 17:35:17,024 - DEBUG - = connection is CLOSING
2023-03-27 17:35:17,025 - DEBUG - > CLOSE 1000 (OK) [2 bytes]
2023-03-27 17:35:17,032 - DEBUG - < CLOSE 1000 (OK) [2 bytes]
2023-03-27 17:35:17,035 - DEBUG - = connection is CLOSED
2023-03-27 17:35:48,536 - DEBUG - = connection is CONNECTING
2023-03-27 17:35:48,570 - DEBUG - > GET /ocpp16/ELA007C05/EVSCA050001 HTTP/1.1
2023-03-27 17:35:48,571 - DEBUG - > Host: ws.devevspcharger.uplus.co.kr
2023-03-27 17:35:48,571 - DEBUG - > Upgrade: websocket
2023-03-27 17:35:48,571 - DEBUG - > Connection: Upgrade
2023-03-27 17:35:48,571 - DEBUG - > Sec-WebSocket-Key: jIgjxYOtn0r6S2kKLlT4pQ==
2023-03-27 17:35:48,571 - DEBUG - > Sec-WebSocket-Version: 13
2023-03-27 17:35:48,571 - DEBUG - > Sec-WebSocket-Extensions: permessage-deflate; client_max_window_bits
2023-03-27 17:35:48,571 - DEBUG - > Sec-WebSocket-Protocol: ocpp1.6
2023-03-27 17:35:48,571 - DEBUG - > Authorization: Basic RVZBUjpFVkFSTEdV
2023-03-27 17:35:48,571 - DEBUG - > User-Agent: Python/3.11 websockets/10.4
2023-03-27 17:35:48,755 - DEBUG - < HTTP/1.1 101 Switching Protocols
2023-03-27 17:35:48,756 - DEBUG - < Connection: upgrade
2023-03-27 17:35:48,756 - DEBUG - < Date: Mon, 27 Mar 2023 08:35:48 GMT
2023-03-27 17:35:48,756 - DEBUG - < sec-websocket-protocol: ocpp1.6
2023-03-27 17:35:48,756 - DEBUG - < upgrade: websocket
2023-03-27 17:35:48,756 - DEBUG - < sec-websocket-accept: vzlXkNMabt+L8il+Jdtp1tbpiFU=
2023-03-27 17:35:48,756 - DEBUG - < sec-websocket-extensions: permessage-deflate
2023-03-27 17:35:48,756 - DEBUG - < X-Cache: Miss from cloudfront
2023-03-27 17:35:48,756 - DEBUG - < Via: 1.1 8e619a006d3eebbe44543457c797a4f0.cloudfront.net (CloudFront)
2023-03-27 17:35:48,756 - DEBUG - < X-Amz-Cf-Pop: ICN57-P2
2023-03-27 17:35:48,756 - DEBUG - < X-Amz-Cf-Id: B2h8KuSxjbqC4HzwKky4Mqcx8oG3aKpS6hRH1ZpSAc7OUTTKt3NChg==
2023-03-27 17:35:48,757 - DEBUG - = connection is OPEN
2023-03-27 17:35:48,781 - DEBUG - > TEXT '[2, "37e16d41-c2e9-4dce-9fee-ad89bb71a688", "Bo...umber": "EVSCA050001"}]' [169 bytes]
2023-03-27 17:35:49,019 - DEBUG - < TEXT '[4, "37e16d41-c2e9-4dce-9fee-ad89bb71a688", {"e...the requested Action"}]' [187 bytes]
2023-03-27 17:35:49,050 - DEBUG - = connection is CLOSING
2023-03-27 17:35:49,050 - DEBUG - > CLOSE 1000 (OK) [2 bytes]
2023-03-27 17:35:49,063 - DEBUG - < CLOSE 1000 (OK) [2 bytes]
2023-03-27 17:35:49,067 - DEBUG - = connection is CLOSED
2023-03-27 17:55:17,789 - DEBUG - = connection is CONNECTING
2023-03-27 17:55:17,828 - DEBUG - > GET /ocpp16/ELA007C05/EVSCA050001 HTTP/1.1
2023-03-27 17:55:17,829 - DEBUG - > Host: ws.devevspcharger.uplus.co.kr
2023-03-27 17:55:17,829 - DEBUG - > Upgrade: websocket
2023-03-27 17:55:17,829 - DEBUG - > Connection: Upgrade
2023-03-27 17:55:17,829 - DEBUG - > Sec-WebSocket-Key: inChAwr9UaBnbeZHHqyyTg==
2023-03-27 17:55:17,829 - DEBUG - > Sec-WebSocket-Version: 13
2023-03-27 17:55:17,829 - DEBUG - > Sec-WebSocket-Extensions: permessage-deflate; client_max_window_bits
2023-03-27 17:55:17,829 - DEBUG - > Sec-WebSocket-Protocol: ocpp1.6
2023-03-27 17:55:17,829 - DEBUG - > Authorization: Basic RVZBUjpFVkFSTEdV
2023-03-27 17:55:17,829 - DEBUG - > User-Agent: Python/3.11 websockets/10.4
2023-03-27 17:55:18,395 - DEBUG - < HTTP/1.1 101 Switching Protocols
2023-03-27 17:55:18,395 - DEBUG - < Connection: upgrade
2023-03-27 17:55:18,396 - DEBUG - < Date: Mon, 27 Mar 2023 08:55:17 GMT
2023-03-27 17:55:18,396 - DEBUG - < sec-websocket-protocol: ocpp1.6
2023-03-27 17:55:18,396 - DEBUG - < upgrade: websocket
2023-03-27 17:55:18,396 - DEBUG - < sec-websocket-accept: dcXtqyiW2x6wTBJ1O83nGWolbWs=
2023-03-27 17:55:18,396 - DEBUG - < sec-websocket-extensions: permessage-deflate
2023-03-27 17:55:18,396 - DEBUG - < X-Cache: Miss from cloudfront
2023-03-27 17:55:18,396 - DEBUG - < Via: 1.1 3ced0108f56d0634c19ad34e6b299e80.cloudfront.net (CloudFront)
2023-03-27 17:55:18,396 - DEBUG - < X-Amz-Cf-Pop: ICN57-P2
2023-03-27 17:55:18,396 - DEBUG - < X-Amz-Cf-Id: K7fJr2uZFQfYoSgnNaUeD3-nUVkfa6supHQT9aFvX2rONTXMH20IIg==
2023-03-27 17:55:18,397 - DEBUG - = connection is OPEN
2023-03-27 17:55:18,421 - DEBUG - > TEXT '[2, "98c3ad19-3b8d-450f-a31f-bec37609614d", "Bo...umber": "EVSCA050001"}]' [169 bytes]
2023-03-27 17:55:18,849 - DEBUG - < TEXT '[3, "98c3ad19-3b8d-450f-a31f-bec37609614d", {"s...18Z", "interval": 600}]' [123 bytes]
2023-03-27 17:55:18,891 - DEBUG - Starting new HTTPS connection (1): 8b434254zg.execute-api.ap-northeast-2.amazonaws.com:443
2023-03-27 17:55:20,430 - DEBUG - https://8b434254zg.execute-api.ap-northeast-2.amazonaws.com:443 "POST /dev/ioc HTTP/1.1" 200 125
2023-03-27 17:55:20,483 - DEBUG - < TEXT '[2, "345f1af0-0366-4362-a879-317094539882", "Cl...gProfile", {"id": 100}]' [80 bytes]
2023-03-27 17:55:20,495 - DEBUG - > TEXT '[3, "345f1af0-0366-4362-a879-317094539882", {"status": "Accepted"}]' [67 bytes]
2023-03-27 17:55:20,669 - DEBUG - < TEXT '{}' [2 bytes]
2023-03-27 17:55:20,690 - DEBUG - Starting new HTTPS connection (1): 8b434254zg.execute-api.ap-northeast-2.amazonaws.com:443
2023-03-27 17:55:21,070 - DEBUG - https://8b434254zg.execute-api.ap-northeast-2.amazonaws.com:443 "POST /dev/ioc HTTP/1.1" 200 171
2023-03-27 17:55:21,090 - DEBUG - = connection is CLOSING
2023-03-27 17:55:21,091 - DEBUG - > CLOSE 1000 (OK) [2 bytes]
2023-03-27 17:55:21,091 - DEBUG - < TEXT '[2, "0745ceed-5992-4abe-b259-98a9714b7fca", "Ge... "status": "Accepted"}]' [126 bytes]
2023-03-27 17:55:21,100 - DEBUG - < CLOSE 1000 (OK) [2 bytes]
2023-03-27 17:55:21,103 - DEBUG - = connection is CLOSED
2023-03-27 17:55:35,431 - DEBUG - = connection is CONNECTING
2023-03-27 17:55:35,465 - DEBUG - > GET /ocpp16/ELA007C05/EVSCA050001 HTTP/1.1
2023-03-27 17:55:35,465 - DEBUG - > Host: ws.devevspcharger.uplus.co.kr
2023-03-27 17:55:35,466 - DEBUG - > Upgrade: websocket
2023-03-27 17:55:35,466 - DEBUG - > Connection: Upgrade
2023-03-27 17:55:35,466 - DEBUG - > Sec-WebSocket-Key: kwCLHHrgUE3cBS0raxO2lw==
2023-03-27 17:55:35,467 - DEBUG - > Sec-WebSocket-Version: 13
2023-03-27 17:55:35,467 - DEBUG - > Sec-WebSocket-Extensions: permessage-deflate; client_max_window_bits
2023-03-27 17:55:35,467 - DEBUG - > Sec-WebSocket-Protocol: ocpp1.6
2023-03-27 17:55:35,467 - DEBUG - > Authorization: Basic RVZBUjpFVkFSTEdV
2023-03-27 17:55:35,467 - DEBUG - > User-Agent: Python/3.11 websockets/10.4
2023-03-27 17:55:35,732 - DEBUG - < HTTP/1.1 101 Switching Protocols
2023-03-27 17:55:35,732 - DEBUG - < Connection: upgrade
2023-03-27 17:55:35,732 - DEBUG - < Date: Mon, 27 Mar 2023 08:55:35 GMT
2023-03-27 17:55:35,732 - DEBUG - < sec-websocket-protocol: ocpp1.6
2023-03-27 17:55:35,732 - DEBUG - < upgrade: websocket
2023-03-27 17:55:35,733 - DEBUG - < sec-websocket-accept: oXI89X4UKkpMknjRmd97aCIWkXU=
2023-03-27 17:55:35,733 - DEBUG - < sec-websocket-extensions: permessage-deflate
2023-03-27 17:55:35,733 - DEBUG - < X-Cache: Miss from cloudfront
2023-03-27 17:55:35,733 - DEBUG - < Via: 1.1 c6882e0acaa56682be4bf45c4b8fd99a.cloudfront.net (CloudFront)
2023-03-27 17:55:35,733 - DEBUG - < X-Amz-Cf-Pop: ICN57-P2
2023-03-27 17:55:35,733 - DEBUG - < X-Amz-Cf-Id: iW8JnlCIKcJ0N5l3UdTkb9TEHbeqo1Xdzw5JJh9sDlIBP784-ZFZSw==
2023-03-27 17:55:35,733 - DEBUG - = connection is OPEN
2023-03-27 17:55:35,765 - DEBUG - > TEXT '[2, "a689b45f-e63a-4687-bb67-4c42aa274310", "Bo...umber": "EVSCA050001"}]' [169 bytes]
2023-03-27 17:55:35,988 - DEBUG - < TEXT '[3, "a689b45f-e63a-4687-bb67-4c42aa274310", {"s...35Z", "interval": 600}]' [123 bytes]
2023-03-27 17:55:36,024 - DEBUG - Starting new HTTPS connection (1): 8b434254zg.execute-api.ap-northeast-2.amazonaws.com:443
2023-03-27 17:55:36,449 - DEBUG - https://8b434254zg.execute-api.ap-northeast-2.amazonaws.com:443 "POST /dev/ioc HTTP/1.1" 200 408
2023-03-27 17:55:36,496 - DEBUG - < TEXT '[2, "557fbf12-b62f-49c3-a4ef-c2c519b8612a", "Se... "limit": 11000.0}]}}}]' [363 bytes]
2023-03-27 17:55:36,510 - DEBUG - > TEXT '[3, "557fbf12-b62f-49c3-a4ef-c2c519b8612a", {"status": "Accepted"}]' [67 bytes]
2023-03-27 17:55:36,692 - DEBUG - < TEXT '{}' [2 bytes]
2023-03-27 17:55:36,739 - DEBUG - Starting new HTTPS connection (1): 8b434254zg.execute-api.ap-northeast-2.amazonaws.com:443
2023-03-27 17:55:37,129 - DEBUG - https://8b434254zg.execute-api.ap-northeast-2.amazonaws.com:443 "POST /dev/ioc HTTP/1.1" 200 171
2023-03-27 17:55:37,180 - DEBUG - < TEXT '[2, "e50efddb-a573-4f27-b513-3f307d08f842", "Ge... "status": "Accepted"}]' [126 bytes]
2023-03-27 17:55:37,199 - DEBUG - = connection is CLOSING
2023-03-27 17:55:37,199 - DEBUG - > CLOSE 1000 (OK) [2 bytes]
2023-03-27 17:55:37,207 - DEBUG - < CLOSE 1000 (OK) [2 bytes]
2023-03-27 17:55:37,213 - DEBUG - = connection is CLOSED
2023-03-27 18:12:27,912 - DEBUG - = connection is CONNECTING
2023-03-27 18:12:27,946 - DEBUG - > GET /ocpp16/ELA007C05/EVSCA050001 HTTP/1.1
2023-03-27 18:12:27,946 - DEBUG - > Host: ws.devevspcharger.uplus.co.kr
2023-03-27 18:12:27,946 - DEBUG - > Upgrade: websocket
2023-03-27 18:12:27,946 - DEBUG - > Connection: Upgrade
2023-03-27 18:12:27,946 - DEBUG - > Sec-WebSocket-Key: MWP+pV09JiA5zmMv3uEcAA==
2023-03-27 18:12:27,946 - DEBUG - > Sec-WebSocket-Version: 13
2023-03-27 18:12:27,947 - DEBUG - > Sec-WebSocket-Extensions: permessage-deflate; client_max_window_bits
2023-03-27 18:12:27,948 - DEBUG - > Sec-WebSocket-Protocol: ocpp1.6
2023-03-27 18:12:27,948 - DEBUG - > Authorization: Basic RVZBUjpFVkFSTEdV
2023-03-27 18:12:27,948 - DEBUG - > User-Agent: Python/3.11 websockets/10.4
2023-03-27 18:12:29,347 - DEBUG - < HTTP/1.1 101 Switching Protocols
2023-03-27 18:12:29,347 - DEBUG - < Connection: upgrade
2023-03-27 18:12:29,347 - DEBUG - < Date: Mon, 27 Mar 2023 09:12:28 GMT
2023-03-27 18:12:29,347 - DEBUG - < sec-websocket-protocol: ocpp1.6
2023-03-27 18:12:29,347 - DEBUG - < upgrade: websocket
2023-03-27 18:12:29,347 - DEBUG - < sec-websocket-accept: E5LTYj1df9FxNIyhiPegW01mIFM=
2023-03-27 18:12:29,347 - DEBUG - < sec-websocket-extensions: permessage-deflate
2023-03-27 18:12:29,347 - DEBUG - < X-Cache: Miss from cloudfront
2023-03-27 18:12:29,348 - DEBUG - < Via: 1.1 a252aeda8ec1e2b582ae9a32f7c8d544.cloudfront.net (CloudFront)
2023-03-27 18:12:29,348 - DEBUG - < X-Amz-Cf-Pop: ICN57-P2
2023-03-27 18:12:29,348 - DEBUG - < X-Amz-Cf-Id: 8gwZ6C_GuawwekZ5Y7rDxlN2p8jMg71wr5fu22G2jk2ErYTl5_oCLA==
2023-03-27 18:12:29,348 - DEBUG - = connection is OPEN
2023-03-27 18:12:29,383 - DEBUG - > TEXT '[2, "12736dd7-b3ad-4ca3-91db-41937aa77b84", "Bo...umber": "EVSCA050001"}]' [169 bytes]
2023-03-27 18:12:30,617 - DEBUG - < TEXT '[3, "12736dd7-b3ad-4ca3-91db-41937aa77b84", {"s...30Z", "interval": 600}]' [123 bytes]
2023-03-27 18:12:30,644 - DEBUG - > TEXT '[2, "12736dd7-b3ad-4ca3-91db-41937aa77b84", "St..."status": "Available"}]' [132 bytes]
2023-03-27 18:12:30,859 - DEBUG - < TEXT '[3, "12736dd7-b3ad-4ca3-91db-41937aa77b84", {}]' [47 bytes]
2023-03-27 18:12:30,889 - DEBUG - > TEXT '[2, "12736dd7-b3ad-4ca3-91db-41937aa77b84", "Au...": "1031040000069641"}]' [87 bytes]
2023-03-27 18:12:31,253 - DEBUG - < TEXT '[3, "12736dd7-b3ad-4ca3-91db-41937aa77b84", {"i..."status": "Accepted"}}]' [82 bytes]
2023-03-27 18:12:31,273 - DEBUG - = connection is CLOSING
2023-03-27 18:12:31,273 - DEBUG - > CLOSE 1000 (OK) [2 bytes]
2023-03-27 18:12:31,286 - DEBUG - < CLOSE 1000 (OK) [2 bytes]
2023-03-27 18:12:31,291 - DEBUG - = connection is CLOSED
2023-03-27 18:12:31,300 - DEBUG - = connection is CONNECTING
2023-03-27 18:12:31,329 - DEBUG - > GET /ocpp16/ELA007C05/EVSCA050001 HTTP/1.1
2023-03-27 18:12:31,329 - DEBUG - > Host: ws.devevspcharger.uplus.co.kr
2023-03-27 18:12:31,329 - DEBUG - > Upgrade: websocket
2023-03-27 18:12:31,329 - DEBUG - > Connection: Upgrade
2023-03-27 18:12:31,329 - DEBUG - > Sec-WebSocket-Key: wiHJr0CmQYv/3wboqPzMoQ==
2023-03-27 18:12:31,330 - DEBUG - > Sec-WebSocket-Version: 13
2023-03-27 18:12:31,330 - DEBUG - > Sec-WebSocket-Extensions: permessage-deflate; client_max_window_bits
2023-03-27 18:12:31,330 - DEBUG - > Sec-WebSocket-Protocol: ocpp1.6
2023-03-27 18:12:31,330 - DEBUG - > Authorization: Basic RVZBUjpFVkFSTEdV
2023-03-27 18:12:31,330 - DEBUG - > User-Agent: Python/3.11 websockets/10.4
2023-03-27 18:12:31,723 - DEBUG - < HTTP/1.1 101 Switching Protocols
2023-03-27 18:12:31,723 - DEBUG - < Connection: upgrade
2023-03-27 18:12:31,723 - DEBUG - < Date: Mon, 27 Mar 2023 09:12:31 GMT
2023-03-27 18:12:31,723 - DEBUG - < sec-websocket-protocol: ocpp1.6
2023-03-27 18:12:31,723 - DEBUG - < upgrade: websocket
2023-03-27 18:12:31,723 - DEBUG - < sec-websocket-accept: a0BMghzn5s6hBd+saDYNjaw9Yys=
2023-03-27 18:12:31,724 - DEBUG - < sec-websocket-extensions: permessage-deflate
2023-03-27 18:12:31,724 - DEBUG - < X-Cache: Miss from cloudfront
2023-03-27 18:12:31,725 - DEBUG - < Via: 1.1 82b32d3cf0884f8ba64486d5e981bdb8.cloudfront.net (CloudFront)
2023-03-27 18:12:31,725 - DEBUG - < X-Amz-Cf-Pop: ICN57-P2
2023-03-27 18:12:31,726 - DEBUG - < X-Amz-Cf-Id: 96s4vzA2UhbixQxLprlQ5LYIaxXjbt7ynhayFuw0osaPsUV7qkqiXA==
2023-03-27 18:12:31,726 - DEBUG - = connection is OPEN
2023-03-27 18:12:31,744 - DEBUG - > TEXT '[2, "2e5b26d2-0cbf-406c-a153-93afed02371b", "Bo...umber": "EVSCA050001"}]' [169 bytes]
2023-03-27 18:12:31,976 - DEBUG - < TEXT '[3, "2e5b26d2-0cbf-406c-a153-93afed02371b", {"s...31Z", "interval": 600}]' [123 bytes]
2023-03-27 18:12:32,013 - DEBUG - > TEXT '[2, "9cceb8c9-1dab-4a1c-8c14-8e9a6ba99f1a", "St..."status": "Available"}]' [132 bytes]
2023-03-27 18:12:32,195 - DEBUG - < TEXT '[3, "9cceb8c9-1dab-4a1c-8c14-8e9a6ba99f1a", {}]' [47 bytes]
2023-03-27 18:12:32,232 - DEBUG - > TEXT '[2, "bea54a95-95ba-453c-b302-906971e8dd09", "Au...": "1031040000069641"}]' [87 bytes]
2023-03-27 18:12:32,551 - DEBUG - < TEXT '[3, "bea54a95-95ba-453c-b302-906971e8dd09", {"i..."status": "Accepted"}}]' [82 bytes]
2023-03-27 18:12:32,582 - DEBUG - > TEXT '[2, "0570fe69-641a-458b-b61c-343a6a511e92", "St...2023-03-27T18:12:27Z"}]' [170 bytes]
2023-03-27 18:12:33,035 - DEBUG - < TEXT '[3, "0570fe69-641a-458b-b61c-343a6a511e92", {"t..."status": "Accepted"}}]' [110 bytes]
2023-03-27 18:12:33,082 - DEBUG - > TEXT '[2, "c82aca9e-ed3f-4b39-9777-0021a5c69554", "St... "status": "Charging"}]' [131 bytes]
2023-03-27 18:12:33,255 - DEBUG - < TEXT '[3, "c82aca9e-ed3f-4b39-9777-0021a5c69554", {}]' [47 bytes]
2023-03-27 18:12:33,307 - DEBUG - > TEXT '[2, "3dce655a-4f2d-4f00-8ca4-e9621937f100", "Me...er", "unit": "Wh"}]}]}]' [259 bytes]
2023-03-27 18:12:33,648 - DEBUG - < TEXT '[3, "3dce655a-4f2d-4f00-8ca4-e9621937f100", {}]' [47 bytes]
2023-03-27 18:12:33,691 - DEBUG - > TEXT '[2, "1c1721af-59be-48d4-821a-36b85388fca4", "St...sactionId": 120533493}]' [149 bytes]
2023-03-27 18:12:34,015 - DEBUG - < TEXT '[3, "1c1721af-59be-48d4-821a-36b85388fca4", {"i..."status": "Accepted"}}]' [82 bytes]
2023-03-27 18:12:34,070 - DEBUG - > TEXT '[2, "38f3868f-d2a8-4c04-9531-7d501b1b9255", "St..."status": "Finishing"}]' [132 bytes]
2023-03-27 18:12:34,266 - DEBUG - < TEXT '[3, "38f3868f-d2a8-4c04-9531-7d501b1b9255", {}]' [47 bytes]
2023-03-27 18:12:34,307 - DEBUG - > TEXT '[2, "70f1f1e2-88a9-4923-807b-71c1a48f8b72", "St..."status": "Available"}]' [132 bytes]
2023-03-27 18:12:34,498 - DEBUG - < TEXT '[3, "70f1f1e2-88a9-4923-807b-71c1a48f8b72", {}]' [47 bytes]
2023-03-27 18:12:34,522 - DEBUG - = connection is CLOSING
2023-03-27 18:12:34,522 - DEBUG - > CLOSE 1000 (OK) [2 bytes]
2023-03-27 18:12:34,534 - DEBUG - < CLOSE 1000 (OK) [2 bytes]
2023-03-27 18:12:34,546 - DEBUG - = connection is CLOSED
2023-03-27 18:12:34,556 - DEBUG - = connection is CONNECTING
2023-03-27 18:12:34,610 - DEBUG - > GET /ocpp16/ELA007C05/EVSCA050001 HTTP/1.1
2023-03-27 18:12:34,611 - DEBUG - > Host: ws.devevspcharger.uplus.co.kr
2023-03-27 18:12:34,611 - DEBUG - > Upgrade: websocket
2023-03-27 18:12:34,611 - DEBUG - > Connection: Upgrade
2023-03-27 18:12:34,611 - DEBUG - > Sec-WebSocket-Key: fN/fDECNPFNyFbX5R0BqyQ==
2023-03-27 18:12:34,611 - DEBUG - > Sec-WebSocket-Version: 13
2023-03-27 18:12:34,611 - DEBUG - > Sec-WebSocket-Extensions: permessage-deflate; client_max_window_bits
2023-03-27 18:12:34,611 - DEBUG - > Sec-WebSocket-Protocol: ocpp1.6
2023-03-27 18:12:34,612 - DEBUG - > Authorization: Basic RVZBUjpFVkFSTEdV
2023-03-27 18:12:34,612 - DEBUG - > User-Agent: Python/3.11 websockets/10.4
2023-03-27 18:12:34,866 - DEBUG - < HTTP/1.1 101 Switching Protocols
2023-03-27 18:12:34,866 - DEBUG - < Connection: upgrade
2023-03-27 18:12:34,866 - DEBUG - < Date: Mon, 27 Mar 2023 09:12:34 GMT
2023-03-27 18:12:34,867 - DEBUG - < sec-websocket-protocol: ocpp1.6
2023-03-27 18:12:34,867 - DEBUG - < upgrade: websocket
2023-03-27 18:12:34,867 - DEBUG - < sec-websocket-accept: OlpXTAhsMsmmdifg2S9b25wcZh4=
2023-03-27 18:12:34,867 - DEBUG - < sec-websocket-extensions: permessage-deflate
2023-03-27 18:12:34,867 - DEBUG - < X-Cache: Miss from cloudfront
2023-03-27 18:12:34,867 - DEBUG - < Via: 1.1 3509c763b14d58840ad09e1097a1e54c.cloudfront.net (CloudFront)
2023-03-27 18:12:34,867 - DEBUG - < X-Amz-Cf-Pop: ICN57-P2
2023-03-27 18:12:34,867 - DEBUG - < X-Amz-Cf-Id: KoYCheFT6NZn_M5dN22-pN_5Vg3uYAk-fSgPMzLDy4J4D0fe2ipCkg==
2023-03-27 18:12:34,867 - DEBUG - = connection is OPEN
2023-03-27 18:12:34,898 - DEBUG - > TEXT '[2, "574d5560-758c-4cc1-88a1-23ed4aed6bb3", "Bo...umber": "EVSCA050001"}]' [169 bytes]
2023-03-27 18:12:35,145 - DEBUG - < TEXT '[3, "574d5560-758c-4cc1-88a1-23ed4aed6bb3", {"s...34Z", "interval": 600}]' [123 bytes]
2023-03-27 18:12:35,192 - DEBUG - > TEXT '[2, "3d11a3e7-766c-4d02-ad22-4430b4dc580b", "Au...": "1031040000069641"}]' [87 bytes]
2023-03-27 18:12:35,455 - DEBUG - < TEXT '[3, "3d11a3e7-766c-4d02-ad22-4430b4dc580b", {"i..."status": "Accepted"}}]' [82 bytes]
2023-03-27 18:12:35,501 - DEBUG - > TEXT '[2, "b5870ef1-8d38-44aa-ae60-023a1e5432c9", "St..."status": "Preparing"}]' [132 bytes]
2023-03-27 18:12:35,773 - DEBUG - < TEXT '[3, "b5870ef1-8d38-44aa-ae60-023a1e5432c9", {}]' [47 bytes]
2023-03-27 18:12:35,808 - DEBUG - > TEXT '[2, "a59db5b4-fd0f-44f4-903b-f12a4bde3589", "St...2023-03-27T18:12:27Z"}]' [170 bytes]
2023-03-27 18:12:36,176 - DEBUG - < TEXT '[3, "a59db5b4-fd0f-44f4-903b-f12a4bde3589", {"t..."status": "Accepted"}}]' [110 bytes]
2023-03-27 18:12:36,211 - DEBUG - > TEXT '[2, "1a8d00b6-e5da-4b0e-95e8-b5d8b375e1c7", "St... "status": "Charging"}]' [131 bytes]
2023-03-27 18:12:36,395 - DEBUG - < TEXT '[3, "1a8d00b6-e5da-4b0e-95e8-b5d8b375e1c7", {}]' [47 bytes]
2023-03-27 18:12:36,449 - DEBUG - > TEXT '[2, "27c1f494-2433-41f3-97d9-3a16308a4442", "Me...er", "unit": "Wh"}]}]}]' [259 bytes]
2023-03-27 18:12:36,675 - DEBUG - < TEXT '[3, "27c1f494-2433-41f3-97d9-3a16308a4442", {}]' [47 bytes]
2023-03-27 18:12:36,720 - DEBUG - > TEXT '[2, "47536a69-8e40-4f88-9873-614b862d65fc", "St...sactionId": 120533494}]' [149 bytes]
2023-03-27 18:12:37,014 - DEBUG - < TEXT '[3, "47536a69-8e40-4f88-9873-614b862d65fc", {"i..."status": "Accepted"}}]' [82 bytes]
2023-03-27 18:12:37,061 - DEBUG - > TEXT '[2, "e9498408-c80d-4e18-9915-08774362d68c", "St..."status": "Finishing"}]' [132 bytes]
2023-03-27 18:12:37,233 - DEBUG - < TEXT '[3, "e9498408-c80d-4e18-9915-08774362d68c", {}]' [47 bytes]
2023-03-27 18:12:37,283 - DEBUG - > TEXT '[2, "090c4997-e873-4898-91f3-d3fd74a1d693", "St..."status": "Available"}]' [132 bytes]
2023-03-27 18:12:37,474 - DEBUG - < TEXT '[3, "090c4997-e873-4898-91f3-d3fd74a1d693", {}]' [47 bytes]
2023-03-27 18:12:37,502 - DEBUG - = connection is CLOSING
2023-03-27 18:12:37,503 - DEBUG - > CLOSE 1000 (OK) [2 bytes]
2023-03-27 18:12:37,511 - DEBUG - < CLOSE 1000 (OK) [2 bytes]
2023-03-27 18:12:37,517 - DEBUG - = connection is CLOSED
2023-03-27 18:12:37,527 - DEBUG - = connection is CONNECTING
2023-03-27 18:12:37,561 - DEBUG - > GET /ocpp16/ELA007C05/EVSCA050001 HTTP/1.1
2023-03-27 18:12:37,561 - DEBUG - > Host: ws.devevspcharger.uplus.co.kr
2023-03-27 18:12:37,561 - DEBUG - > Upgrade: websocket
2023-03-27 18:12:37,561 - DEBUG - > Connection: Upgrade
2023-03-27 18:12:37,562 - DEBUG - > Sec-WebSocket-Key: Ewjh9Zlyd/lsEzhP/AOkog==
2023-03-27 18:12:37,562 - DEBUG - > Sec-WebSocket-Version: 13
2023-03-27 18:12:37,562 - DEBUG - > Sec-WebSocket-Extensions: permessage-deflate; client_max_window_bits
2023-03-27 18:12:37,562 - DEBUG - > Sec-WebSocket-Protocol: ocpp1.6
2023-03-27 18:12:37,562 - DEBUG - > Authorization: Basic RVZBUjpFVkFSTEdV
2023-03-27 18:12:37,562 - DEBUG - > User-Agent: Python/3.11 websockets/10.4
2023-03-27 18:12:37,805 - DEBUG - < HTTP/1.1 101 Switching Protocols
2023-03-27 18:12:37,806 - DEBUG - < Connection: upgrade
2023-03-27 18:12:37,806 - DEBUG - < Date: Mon, 27 Mar 2023 09:12:37 GMT
2023-03-27 18:12:37,806 - DEBUG - < sec-websocket-protocol: ocpp1.6
2023-03-27 18:12:37,806 - DEBUG - < upgrade: websocket
2023-03-27 18:12:37,806 - DEBUG - < sec-websocket-accept: 9ejou2K9wlx2Omgr1uVcvBMZuHI=
2023-03-27 18:12:37,806 - DEBUG - < sec-websocket-extensions: permessage-deflate
2023-03-27 18:12:37,807 - DEBUG - < X-Cache: Miss from cloudfront
2023-03-27 18:12:37,807 - DEBUG - < Via: 1.1 88978ba000ab6fbb0841a728290a8442.cloudfront.net (CloudFront)
2023-03-27 18:12:37,807 - DEBUG - < X-Amz-Cf-Pop: ICN57-P2
2023-03-27 18:12:37,807 - DEBUG - < X-Amz-Cf-Id: WsnCvqaBpG1zS3ApZxAIIpjwcalAL6VDKRpeu3WQMVw_5rdczeZndg==
2023-03-27 18:12:37,809 - DEBUG - = connection is OPEN
2023-03-27 18:12:37,846 - DEBUG - > TEXT '[2, "86d8bb64-70d0-4eeb-b588-dad10e64bcaf", "Bo...umber": "EVSCA050001"}]' [169 bytes]
2023-03-27 18:12:38,076 - DEBUG - < TEXT '[3, "86d8bb64-70d0-4eeb-b588-dad10e64bcaf", {"s...37Z", "interval": 600}]' [123 bytes]
2023-03-27 18:12:38,119 - DEBUG - Starting new HTTPS connection (1): 8b434254zg.execute-api.ap-northeast-2.amazonaws.com:443
2023-03-27 18:12:39,517 - DEBUG - https://8b434254zg.execute-api.ap-northeast-2.amazonaws.com:443 "POST /dev/ioc HTTP/1.1" 200 163
2023-03-27 18:12:39,555 - DEBUG - < TEXT '[2, "23217413-2432-45df-8115-23c9136d0808", "Ch...nKey", "value": "300"}]' [118 bytes]
2023-03-27 18:12:39,561 - DEBUG - > TEXT '[3, "23217413-2432-45df-8115-23c9136d0808", {"status": "Accepted"}]' [67 bytes]
2023-03-27 18:12:39,749 - DEBUG - < TEXT '{}' [2 bytes]
2023-03-27 18:12:39,780 - DEBUG - Starting new HTTPS connection (1): 8b434254zg.execute-api.ap-northeast-2.amazonaws.com:443
2023-03-27 18:12:40,175 - DEBUG - https://8b434254zg.execute-api.ap-northeast-2.amazonaws.com:443 "POST /dev/ioc HTTP/1.1" 200 106
2023-03-27 18:12:40,213 - DEBUG - < TEXT '[2, "05568779-d036-4db4-beee-7b76358fbd43", "ClearCache", {}]' [61 bytes]
2023-03-27 18:12:40,217 - DEBUG - > TEXT '[3, "05568779-d036-4db4-beee-7b76358fbd43", {"status": "Accepted"}]' [67 bytes]
2023-03-27 18:12:40,396 - DEBUG - < TEXT '{}' [2 bytes]
2023-03-27 18:12:40,429 - DEBUG - > TEXT '[2, "6d10f024-9656-490a-b7f5-a333ff3039fd", "Au...": "1031040000069641"}]' [87 bytes]
2023-03-27 18:12:40,714 - DEBUG - < TEXT '[3, "6d10f024-9656-490a-b7f5-a333ff3039fd", {"i..."status": "Accepted"}}]' [82 bytes]
2023-03-27 18:12:40,736 - DEBUG - > TEXT '[2, "3c34513d-a6df-474e-8c79-db342649af2d", "St..."status": "Preparing"}]' [132 bytes]
2023-03-27 18:12:40,946 - DEBUG - < TEXT '[3, "3c34513d-a6df-474e-8c79-db342649af2d", {}]' [47 bytes]
2023-03-27 18:12:40,973 - DEBUG - > TEXT '[2, "679c434f-0feb-4c49-b950-2eab409210c8", "St..."status": "Available"}]' [132 bytes]
2023-03-27 18:12:41,177 - DEBUG - < TEXT '[3, "679c434f-0feb-4c49-b950-2eab409210c8", {}]' [47 bytes]
2023-03-27 18:12:41,190 - DEBUG - = connection is CLOSING
2023-03-27 18:12:41,191 - DEBUG - > CLOSE 1000 (OK) [2 bytes]
2023-03-27 18:12:41,202 - DEBUG - < CLOSE 1000 (OK) [2 bytes]
2023-03-27 18:12:41,206 - DEBUG - = connection is CLOSED
2023-03-28 08:33:09,407 - DEBUG - = connection is CONNECTING
2023-03-28 08:33:09,443 - DEBUG - > GET /ocpp16/ELA007C05/EVSCA050001 HTTP/1.1
2023-03-28 08:33:09,443 - DEBUG - > Host: ws.devevspcharger.uplus.co.kr
2023-03-28 08:33:09,444 - DEBUG - > Upgrade: websocket
2023-03-28 08:33:09,444 - DEBUG - > Connection: Upgrade
2023-03-28 08:33:09,444 - DEBUG - > Sec-WebSocket-Key: 4DqEGo3yNoSYIPSyBz5NHw==
2023-03-28 08:33:09,444 - DEBUG - > Sec-WebSocket-Version: 13
2023-03-28 08:33:09,444 - DEBUG - > Sec-WebSocket-Extensions: permessage-deflate; client_max_window_bits
2023-03-28 08:33:09,444 - DEBUG - > Sec-WebSocket-Protocol: ocpp1.6
2023-03-28 08:33:09,444 - DEBUG - > Authorization: Basic RVZBUjpFVkFSTEdV
2023-03-28 08:33:09,444 - DEBUG - > User-Agent: Python/3.11 websockets/10.4
2023-03-28 08:33:10,796 - DEBUG - < HTTP/1.1 101 Switching Protocols
2023-03-28 08:33:10,796 - DEBUG - < Connection: upgrade
2023-03-28 08:33:10,796 - DEBUG - < Date: Mon, 27 Mar 2023 23:33:09 GMT
2023-03-28 08:33:10,796 - DEBUG - < sec-websocket-protocol: ocpp1.6
2023-03-28 08:33:10,796 - DEBUG - < upgrade: websocket
2023-03-28 08:33:10,796 - DEBUG - < sec-websocket-accept: DPRfutdTpnQf7/OahfvpY6OntqM=
2023-03-28 08:33:10,796 - DEBUG - < sec-websocket-extensions: permessage-deflate
2023-03-28 08:33:10,796 - DEBUG - < X-Cache: Miss from cloudfront
2023-03-28 08:33:10,796 - DEBUG - < Via: 1.1 9ce5dfe6a640bb6a762b3c2889e2317e.cloudfront.net (CloudFront)
2023-03-28 08:33:10,796 - DEBUG - < X-Amz-Cf-Pop: ICN57-P2
2023-03-28 08:33:10,797 - DEBUG - < X-Amz-Cf-Id: avt3XNpxhBSjijoBLXqdqC7qgfCwND57-eSNMr_lKkdcD50a-p18ZQ==
2023-03-28 08:33:10,797 - DEBUG - = connection is OPEN
2023-03-28 08:33:10,821 - DEBUG - > TEXT '[2, "2d4ef0ad-bef7-4591-ab4f-493751a34232", "Bo...umber": "EVSCA050001"}]' [169 bytes]
2023-03-28 08:33:12,451 - DEBUG - < TEXT '[3, "2d4ef0ad-bef7-4591-ab4f-493751a34232", {"s...10Z", "interval": 600}]' [123 bytes]
2023-03-28 08:33:12,491 - DEBUG - > TEXT '[2, "57d67135-4d7e-4ee7-a8e9-f626a314b40f", "St..."status": "Preparing"}]' [132 bytes]
2023-03-28 08:33:12,690 - DEBUG - < TEXT '[3, "57d67135-4d7e-4ee7-a8e9-f626a314b40f", {}]' [47 bytes]
2023-03-28 08:33:12,718 - DEBUG - > TEXT '[2, "cc1a1107-33ed-4674-9a79-e94ab91abe39", "Au...": "1031040000069641"}]' [87 bytes]
2023-03-28 08:33:13,290 - DEBUG - < TEXT '[3, "cc1a1107-33ed-4674-9a79-e94ab91abe39", {"i..."status": "Accepted"}}]' [82 bytes]
2023-03-28 08:33:13,318 - DEBUG - > TEXT '[2, "9e661647-7372-4b52-a631-b5b8de52fd0c", "St...2023-03-27T18:12:27Z"}]' [170 bytes]
2023-03-28 08:33:13,950 - DEBUG - < TEXT '[3, "9e661647-7372-4b52-a631-b5b8de52fd0c", {"t..."status": "Accepted"}}]' [110 bytes]
2023-03-28 08:33:13,990 - DEBUG - > TEXT '[2, "3f57cfd0-50f7-4014-9ea7-3a86f1120b6c", "St... "status": "Charging"}]' [131 bytes]
2023-03-28 08:33:14,180 - DEBUG - < TEXT '[3, "3f57cfd0-50f7-4014-9ea7-3a86f1120b6c", {}]' [47 bytes]
2023-03-28 08:33:14,228 - DEBUG - > TEXT '[2, "dbadd522-9f22-46be-bb12-ff8f29e04475", "Me...er", "unit": "Wh"}]}]}]' [259 bytes]
2023-03-28 08:33:14,490 - DEBUG - < TEXT '[3, "dbadd522-9f22-46be-bb12-ff8f29e04475", {}]' [47 bytes]
2023-03-28 08:33:14,523 - DEBUG - > TEXT '[2, "3066654a-455c-4a5d-806c-591edd4e158c", "St...tatus": "SuspendedEV"}]' [134 bytes]
2023-03-28 08:33:14,712 - DEBUG - < TEXT '[3, "3066654a-455c-4a5d-806c-591edd4e158c", {}]' [47 bytes]
2023-03-28 08:33:14,751 - DEBUG - > TEXT '[2, "b51ce945-2167-47a2-b884-c84b6d05abf6", "St...sactionId": 120533496}]' [149 bytes]
2023-03-28 08:33:15,050 - DEBUG - < TEXT '[3, "b51ce945-2167-47a2-b884-c84b6d05abf6", {"i..."status": "Accepted"}}]' [82 bytes]
2023-03-28 08:33:15,098 - DEBUG - > TEXT '[2, "6cb2a9a0-9bc7-4ad5-9c9b-135bad7c3afa", "St..."status": "Finishing"}]' [132 bytes]
2023-03-28 08:33:15,291 - DEBUG - < TEXT '[3, "6cb2a9a0-9bc7-4ad5-9c9b-135bad7c3afa", {}]' [47 bytes]
2023-03-28 08:33:15,330 - DEBUG - > TEXT '[2, "3bfb9457-d3bf-449c-bda1-84d2191fdd5d", "St..."status": "Available"}]' [132 bytes]
2023-03-28 08:33:15,567 - DEBUG - < TEXT '[3, "3bfb9457-d3bf-449c-bda1-84d2191fdd5d", {}]' [47 bytes]
2023-03-28 08:33:15,586 - DEBUG - = connection is CLOSING
2023-03-28 08:33:15,586 - DEBUG - > CLOSE 1000 (OK) [2 bytes]
2023-03-28 08:33:15,594 - DEBUG - < CLOSE 1000 (OK) [2 bytes]
2023-03-28 08:33:15,606 - DEBUG - = connection is CLOSED
2023-03-28 08:38:52,006 - DEBUG - = connection is CONNECTING
2023-03-28 08:38:52,038 - DEBUG - > GET /ocpp16/ELA007C05/EVSCA050001 HTTP/1.1
2023-03-28 08:38:52,038 - DEBUG - > Host: ws.devevspcharger.uplus.co.kr
2023-03-28 08:38:52,039 - DEBUG - > Upgrade: websocket
2023-03-28 08:38:52,039 - DEBUG - > Connection: Upgrade
2023-03-28 08:38:52,039 - DEBUG - > Sec-WebSocket-Key: zYCTNcmlEkF5zYFjSbfO3A==
2023-03-28 08:38:52,039 - DEBUG - > Sec-WebSocket-Version: 13
2023-03-28 08:38:52,039 - DEBUG - > Sec-WebSocket-Extensions: permessage-deflate; client_max_window_bits
2023-03-28 08:38:52,039 - DEBUG - > Sec-WebSocket-Protocol: ocpp1.6
2023-03-28 08:38:52,039 - DEBUG - > Authorization: Basic RVZBUjpFVkFSTEdV
2023-03-28 08:38:52,039 - DEBUG - > User-Agent: Python/3.11 websockets/10.4
2023-03-28 08:38:52,520 - DEBUG - < HTTP/1.1 101 Switching Protocols
2023-03-28 08:38:52,520 - DEBUG - < Connection: upgrade
2023-03-28 08:38:52,520 - DEBUG - < Date: Mon, 27 Mar 2023 23:38:51 GMT
2023-03-28 08:38:52,520 - DEBUG - < sec-websocket-protocol: ocpp1.6
2023-03-28 08:38:52,520 - DEBUG - < upgrade: websocket
2023-03-28 08:38:52,521 - DEBUG - < sec-websocket-accept: vDpOm8u/Ato5Hc6iWIXkpER0eOE=
2023-03-28 08:38:52,521 - DEBUG - < sec-websocket-extensions: permessage-deflate
2023-03-28 08:38:52,521 - DEBUG - < X-Cache: Miss from cloudfront
2023-03-28 08:38:52,521 - DEBUG - < Via: 1.1 ec48eafa1d18635bc3f389669b28a5b8.cloudfront.net (CloudFront)
2023-03-28 08:38:52,522 - DEBUG - < X-Amz-Cf-Pop: ICN57-P2
2023-03-28 08:38:52,522 - DEBUG - < X-Amz-Cf-Id: 3KkuYHVAVXRULfRXmhus2AUgVfuiF2Ts9uMg2Cg1rKCU4UBP9STFdA==
2023-03-28 08:38:52,522 - DEBUG - = connection is OPEN
2023-03-28 08:38:52,560 - DEBUG - > TEXT '[2, "1ce7817c-9c95-42b2-a6a4-e10bfe3d1fcc", "Bo...umber": "EVSCA050001"}]' [169 bytes]
2023-03-28 08:38:53,014 - DEBUG - < TEXT '[3, "1ce7817c-9c95-42b2-a6a4-e10bfe3d1fcc", {"s...51Z", "interval": 600}]' [123 bytes]
2023-03-28 08:38:53,110 - DEBUG - Starting new HTTPS connection (1): 8b434254zg.execute-api.ap-northeast-2.amazonaws.com:443
2023-03-28 08:38:54,544 - DEBUG - https://8b434254zg.execute-api.ap-northeast-2.amazonaws.com:443 "POST /dev/ioc HTTP/1.1" 200 115
2023-03-28 08:38:54,564 - DEBUG - < TEXT '[2, "8d4c9d34-6485-4b72-ab86-2b41bbe9d5cd", "Reset", {"type": "Hard"}]' [70 bytes]
2023-03-28 08:38:54,568 - DEBUG - > TEXT '[3, "8d4c9d34-6485-4b72-ab86-2b41bbe9d5cd", {"status": "Accepted"}]' [67 bytes]
2023-03-28 08:38:54,763 - DEBUG - < TEXT '{}' [2 bytes]
2023-03-28 08:38:54,769 - DEBUG - = connection is CLOSING
2023-03-28 08:38:54,770 - DEBUG - > CLOSE 1000 (OK) [2 bytes]
2023-03-28 08:38:54,776 - DEBUG - < CLOSE 1000 (OK) [2 bytes]
2023-03-28 08:38:54,781 - DEBUG - = connection is CLOSED
2023-03-28 08:41:04,258 - DEBUG - = connection is CONNECTING
2023-03-28 08:41:04,288 - DEBUG - > GET /ocpp16/ELA007C05/EVSCA050001 HTTP/1.1
2023-03-28 08:41:04,288 - DEBUG - > Host: ws.devevspcharger.uplus.co.kr
2023-03-28 08:41:04,288 - DEBUG - > Upgrade: websocket
2023-03-28 08:41:04,288 - DEBUG - > Connection: Upgrade
2023-03-28 08:41:04,288 - DEBUG - > Sec-WebSocket-Key: xO5pd+0wjTxZhSOo7CUhyg==
2023-03-28 08:41:04,288 - DEBUG - > Sec-WebSocket-Version: 13
2023-03-28 08:41:04,288 - DEBUG - > Sec-WebSocket-Extensions: permessage-deflate; client_max_window_bits
2023-03-28 08:41:04,289 - DEBUG - > Sec-WebSocket-Protocol: ocpp1.6
2023-03-28 08:41:04,289 - DEBUG - > Authorization: Basic RVZBUjpFVkFSTEdV
2023-03-28 08:41:04,289 - DEBUG - > User-Agent: Python/3.11 websockets/10.4
2023-03-28 08:41:04,810 - DEBUG - < HTTP/1.1 101 Switching Protocols
2023-03-28 08:41:04,810 - DEBUG - < Connection: upgrade
2023-03-28 08:41:04,810 - DEBUG - < Date: Mon, 27 Mar 2023 23:41:03 GMT
2023-03-28 08:41:04,810 - DEBUG - < sec-websocket-protocol: ocpp1.6
2023-03-28 08:41:04,811 - DEBUG - < upgrade: websocket
2023-03-28 08:41:04,811 - DEBUG - < sec-websocket-accept: syvmhq/5oaxgvqNpt0oouBXrD0M=
2023-03-28 08:41:04,811 - DEBUG - < sec-websocket-extensions: permessage-deflate
2023-03-28 08:41:04,811 - DEBUG - < X-Cache: Miss from cloudfront
2023-03-28 08:41:04,811 - DEBUG - < Via: 1.1 5a0f884e3a21756e824f803c83d7f3d0.cloudfront.net (CloudFront)
2023-03-28 08:41:04,811 - DEBUG - < X-Amz-Cf-Pop: ICN57-P2
2023-03-28 08:41:04,811 - DEBUG - < X-Amz-Cf-Id: QU-mkYkPubGd_m9oqYoJ8p7KSqCiviQUwzvJnbbS_UBY1G2q9Z_C7w==
2023-03-28 08:41:04,812 - DEBUG - = connection is OPEN
2023-03-28 08:41:04,839 - DEBUG - > TEXT '[2, "1a23b0cf-cc5b-43f0-b32c-c48750680d21", "Bo...umber": "EVSCA050001"}]' [169 bytes]
2023-03-28 08:41:05,218 - DEBUG - < TEXT '[3, "1a23b0cf-cc5b-43f0-b32c-c48750680d21", {"s...03Z", "interval": 600}]' [123 bytes]
2023-03-28 08:41:05,243 - DEBUG - > TEXT '[2, "c9f13224-51c3-42ba-a381-4bbfc68eed2e", "St..."status": "Available"}]' [132 bytes]
2023-03-28 08:41:05,455 - DEBUG - < TEXT '[3, "c9f13224-51c3-42ba-a381-4bbfc68eed2e", {}]' [47 bytes]
2023-03-28 08:41:05,489 - DEBUG - > TEXT '[2, "c9f13224-51c3-42ba-a381-4bbfc68eed2e", "Au...": "1031040000069641"}]' [87 bytes]
2023-03-28 08:41:05,774 - DEBUG - < TEXT '[3, "c9f13224-51c3-42ba-a381-4bbfc68eed2e", {"i..."status": "Accepted"}}]' [82 bytes]
2023-03-28 08:41:05,797 - DEBUG - = connection is CLOSING
2023-03-28 08:41:05,797 - DEBUG - > CLOSE 1000 (OK) [2 bytes]
2023-03-28 08:41:05,803 - DEBUG - < CLOSE 1000 (OK) [2 bytes]
2023-03-28 08:41:05,806 - DEBUG - = connection is CLOSED
2023-03-28 08:41:26,060 - DEBUG - = connection is CONNECTING
2023-03-28 08:41:26,090 - DEBUG - > GET /ocpp16/ELA007C05/EVSCA050001 HTTP/1.1
2023-03-28 08:41:26,090 - DEBUG - > Host: ws.devevspcharger.uplus.co.kr
2023-03-28 08:41:26,091 - DEBUG - > Upgrade: websocket
2023-03-28 08:41:26,091 - DEBUG - > Connection: Upgrade
2023-03-28 08:41:26,091 - DEBUG - > Sec-WebSocket-Key: QtFKiqYSh08mlZCbW4rlqw==
2023-03-28 08:41:26,091 - DEBUG - > Sec-WebSocket-Version: 13
2023-03-28 08:41:26,091 - DEBUG - > Sec-WebSocket-Extensions: permessage-deflate; client_max_window_bits
2023-03-28 08:41:26,091 - DEBUG - > Sec-WebSocket-Protocol: ocpp1.6
2023-03-28 08:41:26,091 - DEBUG - > Authorization: Basic RVZBUjpFVkFSTEdV
2023-03-28 08:41:26,091 - DEBUG - > User-Agent: Python/3.11 websockets/10.4
2023-03-28 08:41:26,301 - DEBUG - < HTTP/1.1 101 Switching Protocols
2023-03-28 08:41:26,301 - DEBUG - < Connection: upgrade
2023-03-28 08:41:26,302 - DEBUG - < Date: Mon, 27 Mar 2023 23:41:25 GMT
2023-03-28 08:41:26,302 - DEBUG - < sec-websocket-protocol: ocpp1.6
2023-03-28 08:41:26,302 - DEBUG - < upgrade: websocket
2023-03-28 08:41:26,302 - DEBUG - < sec-websocket-accept: 0xAivTjHRPpkUDGEAvntLn1mv94=
2023-03-28 08:41:26,302 - DEBUG - < sec-websocket-extensions: permessage-deflate
2023-03-28 08:41:26,302 - DEBUG - < X-Cache: Miss from cloudfront
2023-03-28 08:41:26,302 - DEBUG - < Via: 1.1 d21d7f64d4ce2d8fcbb5fbee217cca5a.cloudfront.net (CloudFront)
2023-03-28 08:41:26,302 - DEBUG - < X-Amz-Cf-Pop: ICN57-P2
2023-03-28 08:41:26,302 - DEBUG - < X-Amz-Cf-Id: 1JMeSCJ51VEMR2u77MVZtwylHADN01KHNaUXTTup9NpOFSASUjpvwA==
2023-03-28 08:41:26,302 - DEBUG - = connection is OPEN
2023-03-28 08:41:26,330 - DEBUG - > TEXT '[2, "3731c48d-e3bf-4335-807c-15e4f3f5bf35", "Bo...umber": "EVSCA050001"}]' [169 bytes]
2023-03-28 08:41:26,555 - DEBUG - < TEXT '[3, "3731c48d-e3bf-4335-807c-15e4f3f5bf35", {"s...25Z", "interval": 600}]' [123 bytes]
2023-03-28 08:41:46,310 - DEBUG - % sending keepalive ping
2023-03-28 08:41:46,310 - DEBUG - > PING 08 94 d7 c2 [binary, 4 bytes]
2023-03-28 08:41:46,320 - DEBUG - < PONG 08 94 d7 c2 [binary, 4 bytes]
2023-03-28 08:41:46,322 - DEBUG - % received keepalive pong
2023-03-28 08:42:06,315 - DEBUG - % sending keepalive ping
2023-03-28 08:42:06,315 - DEBUG - > PING f3 15 8b 24 [binary, 4 bytes]
2023-03-28 08:42:06,325 - DEBUG - < PONG f3 15 8b 24 [binary, 4 bytes]
2023-03-28 08:42:06,327 - DEBUG - % received keepalive pong
2023-03-28 08:42:26,312 - DEBUG - % sending keepalive ping
2023-03-28 08:42:26,313 - DEBUG - > PING cf 16 be c7 [binary, 4 bytes]
2023-03-28 08:42:26,322 - DEBUG - < PONG cf 16 be c7 [binary, 4 bytes]
2023-03-28 08:42:26,326 - DEBUG - % received keepalive pong
2023-03-28 08:42:46,316 - DEBUG - % sending keepalive ping
2023-03-28 08:42:46,316 - DEBUG - > PING 'y\u0309M' [text, 4 bytes]
2023-03-28 08:42:46,344 - DEBUG - < PONG 'y\u0309M' [text, 4 bytes]
2023-03-28 08:42:46,347 - DEBUG - % received keepalive pong
2023-03-28 08:43:06,346 - DEBUG - % sending keepalive ping
2023-03-28 08:43:06,346 - DEBUG - > PING 2d f0 b9 23 [binary, 4 bytes]
2023-03-28 08:43:06,355 - DEBUG - < PONG 2d f0 b9 23 [binary, 4 bytes]
2023-03-28 08:43:06,358 - DEBUG - % received keepalive pong
2023-03-28 08:43:16,866 - DEBUG - Starting new HTTPS connection (1): 8b434254zg.execute-api.ap-northeast-2.amazonaws.com:443
2023-03-28 08:43:17,446 - DEBUG - https://8b434254zg.execute-api.ap-northeast-2.amazonaws.com:443 "POST /dev/ioc HTTP/1.1" 200 148
2023-03-28 08:43:17,456 - DEBUG - < TEXT '[2, "598ffc95-9fb6-43f0-8406-60f487c73e5d", "Ge...izeRemoteTxRequests"]}]' [103 bytes]
2023-03-28 08:43:17,460 - DEBUG - > TEXT '[3, "598ffc95-9fb6-43f0-8406-60f487c73e5d", {"c... "status": "Accepted"}]' [139 bytes]
2023-03-28 08:43:17,816 - DEBUG - < TEXT '{}' [2 bytes]
2023-03-28 08:43:17,870 - DEBUG - > TEXT '[2, "b1697894-c883-4a4c-a423-425c45e3073e", "St..."status": "Preparing"}]' [132 bytes]
2023-03-28 08:43:18,074 - DEBUG - < TEXT '[3, "b1697894-c883-4a4c-a423-425c45e3073e", {}]' [47 bytes]
2023-03-28 08:43:25,106 - DEBUG - < TEXT '[2, "20230328084323522", "RemoteStartTransactio...": "1031040000069641"}]' [148 bytes]
2023-03-28 08:43:25,134 - DEBUG - = connection is CLOSING
2023-03-28 08:43:25,134 - DEBUG - > CLOSE 1000 (OK) [2 bytes]
2023-03-28 08:43:25,143 - DEBUG - < CLOSE 1000 (OK) [2 bytes]
2023-03-28 08:43:25,145 - DEBUG - = connection is CLOSED
2023-03-28 08:44:28,762 - DEBUG - = connection is CONNECTING
2023-03-28 08:44:28,806 - DEBUG - > GET /ocpp16/ELA007C05/EVSCA050001 HTTP/1.1
2023-03-28 08:44:28,808 - DEBUG - > Host: ws.devevspcharger.uplus.co.kr
2023-03-28 08:44:28,808 - DEBUG - > Upgrade: websocket
2023-03-28 08:44:28,808 - DEBUG - > Connection: Upgrade
2023-03-28 08:44:28,808 - DEBUG - > Sec-WebSocket-Key: X32MSPjhLCQNUQzzGpHbJQ==
2023-03-28 08:44:28,808 - DEBUG - > Sec-WebSocket-Version: 13
2023-03-28 08:44:28,808 - DEBUG - > Sec-WebSocket-Extensions: permessage-deflate; client_max_window_bits
2023-03-28 08:44:28,808 - DEBUG - > Sec-WebSocket-Protocol: ocpp1.6
2023-03-28 08:44:28,808 - DEBUG - > Authorization: Basic RVZBUjpFVkFSTEdV
2023-03-28 08:44:28,808 - DEBUG - > User-Agent: Python/3.11 websockets/10.4
2023-03-28 08:44:29,023 - DEBUG - < HTTP/1.1 101 Switching Protocols
2023-03-28 08:44:29,023 - DEBUG - < Connection: upgrade
2023-03-28 08:44:29,023 - DEBUG - < Date: Mon, 27 Mar 2023 23:44:27 GMT
2023-03-28 08:44:29,023 - DEBUG - < sec-websocket-protocol: ocpp1.6
2023-03-28 08:44:29,023 - DEBUG - < upgrade: websocket
2023-03-28 08:44:29,024 - DEBUG - < sec-websocket-accept: 6mIZSlzn1RXX38d8dVAlorfZk9o=
2023-03-28 08:44:29,024 - DEBUG - < sec-websocket-extensions: permessage-deflate
2023-03-28 08:44:29,024 - DEBUG - < X-Cache: Miss from cloudfront
2023-03-28 08:44:29,024 - DEBUG - < Via: 1.1 d21d7f64d4ce2d8fcbb5fbee217cca5a.cloudfront.net (CloudFront)
2023-03-28 08:44:29,024 - DEBUG - < X-Amz-Cf-Pop: ICN57-P2
2023-03-28 08:44:29,024 - DEBUG - < X-Amz-Cf-Id: X84ZRmL1nKeSbiCzE8AYVGFn-m0RURxouMYb6DTMVolX9E0B7JR3Ug==
2023-03-28 08:44:29,024 - DEBUG - = connection is OPEN
2023-03-28 08:44:29,052 - DEBUG - > TEXT '[2, "44af0b73-bff8-4f29-afb4-2483aa40b183", "Bo...umber": "EVSCA050001"}]' [169 bytes]
2023-03-28 08:44:29,436 - DEBUG - < TEXT '[3, "44af0b73-bff8-4f29-afb4-2483aa40b183", {"s...28Z", "interval": 600}]' [123 bytes]
2023-03-28 08:44:29,500 - DEBUG - > TEXT '[2, "ce88378a-14f1-4c08-a734-286fffe76d73", "St..."status": "Available"}]' [132 bytes]
2023-03-28 08:44:29,696 - DEBUG - < TEXT '[3, "ce88378a-14f1-4c08-a734-286fffe76d73", {}]' [47 bytes]
2023-03-28 08:44:29,762 - DEBUG - > TEXT '[2, "c52b8b50-2e74-4e3c-82c8-e29ecb94770e", "Au...": "1031040000069641"}]' [87 bytes]
2023-03-28 08:44:30,115 - DEBUG - < TEXT '[3, "c52b8b50-2e74-4e3c-82c8-e29ecb94770e", {"i..."status": "Accepted"}}]' [82 bytes]
2023-03-28 08:44:30,145 - DEBUG - = connection is CLOSING
2023-03-28 08:44:30,145 - DEBUG - > CLOSE 1000 (OK) [2 bytes]
2023-03-28 08:44:30,151 - DEBUG - < CLOSE 1000 (OK) [2 bytes]
2023-03-28 08:44:30,161 - DEBUG - = connection is CLOSED
2023-03-28 08:53:15,730 - DEBUG - = connection is CONNECTING
2023-03-28 08:53:15,767 - DEBUG - > GET /ocpp16/ELA007C05/EVSCA050001 HTTP/1.1
2023-03-28 08:53:15,767 - DEBUG - > Host: ws.devevspcharger.uplus.co.kr
2023-03-28 08:53:15,767 - DEBUG - > Upgrade: websocket
2023-03-28 08:53:15,767 - DEBUG - > Connection: Upgrade
2023-03-28 08:53:15,767 - DEBUG - > Sec-WebSocket-Key: podwx/EorrnM8lzDQQAkzA==
2023-03-28 08:53:15,767 - DEBUG - > Sec-WebSocket-Version: 13
2023-03-28 08:53:15,767 - DEBUG - > Sec-WebSocket-Extensions: permessage-deflate; client_max_window_bits
2023-03-28 08:53:15,768 - DEBUG - > Sec-WebSocket-Protocol: ocpp1.6
2023-03-28 08:53:15,768 - DEBUG - > Authorization: Basic RVZBUjpFVkFSTEdV
2023-03-28 08:53:15,768 - DEBUG - > User-Agent: Python/3.11 websockets/10.4
2023-03-28 08:53:17,095 - DEBUG - < HTTP/1.1 101 Switching Protocols
2023-03-28 08:53:17,095 - DEBUG - < Connection: upgrade
2023-03-28 08:53:17,096 - DEBUG - < Date: Mon, 27 Mar 2023 23:53:15 GMT
2023-03-28 08:53:17,096 - DEBUG - < sec-websocket-protocol: ocpp1.6
2023-03-28 08:53:17,096 - DEBUG - < upgrade: websocket
2023-03-28 08:53:17,096 - DEBUG - < sec-websocket-accept: /ytWtVHEOlRn2xjUTpUTtgmIYdc=
2023-03-28 08:53:17,096 - DEBUG - < sec-websocket-extensions: permessage-deflate
2023-03-28 08:53:17,097 - DEBUG - < X-Cache: Miss from cloudfront
2023-03-28 08:53:17,097 - DEBUG - < Via: 1.1 5a0f884e3a21756e824f803c83d7f3d0.cloudfront.net (CloudFront)
2023-03-28 08:53:17,097 - DEBUG - < X-Amz-Cf-Pop: ICN57-P2
2023-03-28 08:53:17,097 - DEBUG - < X-Amz-Cf-Id: FxTiPQWO2SxKHN3ldPmnoLJx_MaMGysM7LhaGZ5S9rus-dfpizrcwg==
2023-03-28 08:53:17,098 - DEBUG - = connection is OPEN
2023-03-28 08:53:17,254 - DEBUG - > TEXT '[2, "ac5f4f81-3976-4329-bae1-d7f5133077dc", "Bo...umber": "EVSCA050001"}]' [169 bytes]
2023-03-28 08:53:18,391 - DEBUG - < TEXT '[3, "ac5f4f81-3976-4329-bae1-d7f5133077dc", {"s...17Z", "interval": 600}]' [123 bytes]
2023-03-28 08:53:18,514 - DEBUG - Starting new HTTPS connection (1): 8b434254zg.execute-api.ap-northeast-2.amazonaws.com:443
2023-03-28 08:53:19,921 - DEBUG - https://8b434254zg.execute-api.ap-northeast-2.amazonaws.com:443 "POST /dev/ioc HTTP/1.1" 200 148
2023-03-28 08:53:19,946 - DEBUG - < TEXT '[2, "b9d11965-031a-4ad6-9eb4-6fa8850a4d59", "Ge...izeRemoteTxRequests"]}]' [103 bytes]
2023-03-28 08:53:19,958 - DEBUG - > TEXT '[3, "b9d11965-031a-4ad6-9eb4-6fa8850a4d59", {"c... "status": "Accepted"}]' [139 bytes]
2023-03-28 08:53:20,150 - DEBUG - < TEXT '{}' [2 bytes]
2023-03-28 08:53:20,208 - DEBUG - > TEXT '[2, "ac5f4f81-3976-4329-bae1-d7f5133077dc", "St..."status": "Preparing"}]' [132 bytes]
2023-03-28 08:53:20,388 - DEBUG - < TEXT '[3, "ac5f4f81-3976-4329-bae1-d7f5133077dc", {}]' [47 bytes]
2023-03-28 08:53:20,425 - DEBUG - Starting new HTTPS connection (1): 8b434254zg.execute-api.ap-northeast-2.amazonaws.com:443
2023-03-28 08:53:20,823 - DEBUG - https://8b434254zg.execute-api.ap-northeast-2.amazonaws.com:443 "POST /dev/ioc HTTP/1.1" 200 145
2023-03-28 08:53:20,861 - DEBUG - < TEXT '[2, "a02dd288-c3fb-49e4-a830-2aa1e63f46db", "Re...": "1031040000069641"}]' [100 bytes]
2023-03-28 08:53:20,883 - DEBUG - > TEXT '[3, "a02dd288-c3fb-49e4-a830-2aa1e63f46db", {"status": "Accepted"}]' [67 bytes]
2023-03-28 08:53:21,069 - DEBUG - < TEXT '{}' [2 bytes]
2023-03-28 08:53:21,104 - DEBUG - > TEXT '[2, "ac5f4f81-3976-4329-bae1-d7f5133077dc", "Au...": "1031040000069641"}]' [87 bytes]
2023-03-28 08:53:21,350 - DEBUG - < TEXT '[3, "ac5f4f81-3976-4329-bae1-d7f5133077dc", {"i..."status": "Accepted"}}]' [82 bytes]
2023-03-28 08:53:21,391 - DEBUG - > TEXT '[2, "f17a482a-38a2-4733-82a4-e067907488a7", "St...2023-03-28T08:53:15Z"}]' [170 bytes]
2023-03-28 08:53:21,828 - DEBUG - < TEXT '[3, "f17a482a-38a2-4733-82a4-e067907488a7", {"t..."status": "Accepted"}}]' [110 bytes]
2023-03-28 08:53:21,878 - DEBUG - > TEXT '[2, "e98b1ac7-bc4a-4369-a4e0-ef253f45cadb", "St... "status": "Charging"}]' [131 bytes]
2023-03-28 08:53:22,130 - DEBUG - < TEXT '[3, "e98b1ac7-bc4a-4369-a4e0-ef253f45cadb", {}]' [47 bytes]
2023-03-28 08:53:22,164 - DEBUG - > TEXT '[2, "c39c844f-0fef-4c67-aa0a-51c80f13861a", "St...sactionId": 120533500}]' [149 bytes]
2023-03-28 08:53:22,469 - DEBUG - < TEXT '[3, "c39c844f-0fef-4c67-aa0a-51c80f13861a", {"i..."status": "Accepted"}}]' [82 bytes]
2023-03-28 08:53:22,505 - DEBUG - > TEXT '[2, "54531042-bddd-4d0a-ba53-f53bc0c4f5ba", "St..."status": "Finishing"}]' [132 bytes]
2023-03-28 08:53:22,732 - DEBUG - < TEXT '[3, "54531042-bddd-4d0a-ba53-f53bc0c4f5ba", {}]' [47 bytes]
2023-03-28 08:53:22,774 - DEBUG - > TEXT '[2, "4c3d37e3-a145-4c22-b5f5-117c9a766729", "St..."status": "Available"}]' [132 bytes]
2023-03-28 08:53:22,952 - DEBUG - < TEXT '[3, "4c3d37e3-a145-4c22-b5f5-117c9a766729", {}]' [47 bytes]
2023-03-28 08:53:22,971 - DEBUG - = connection is CLOSING
2023-03-28 08:53:22,971 - DEBUG - > CLOSE 1000 (OK) [2 bytes]
2023-03-28 08:53:22,982 - DEBUG - < CLOSE 1000 (OK) [2 bytes]
2023-03-28 08:53:22,985 - DEBUG - = connection is CLOSED
2023-03-28 08:53:33,259 - DEBUG - = connection is CONNECTING
2023-03-28 08:53:33,290 - DEBUG - > GET /ocpp16/ELA007C05/EVSCA050001 HTTP/1.1
2023-03-28 08:53:33,290 - DEBUG - > Host: ws.devevspcharger.uplus.co.kr
2023-03-28 08:53:33,290 - DEBUG - > Upgrade: websocket
2023-03-28 08:53:33,290 - DEBUG - > Connection: Upgrade
2023-03-28 08:53:33,290 - DEBUG - > Sec-WebSocket-Key: 9pMm/55VijrQyAWj+rpzAA==
2023-03-28 08:53:33,290 - DEBUG - > Sec-WebSocket-Version: 13
2023-03-28 08:53:33,290 - DEBUG - > Sec-WebSocket-Extensions: permessage-deflate; client_max_window_bits
2023-03-28 08:53:33,290 - DEBUG - > Sec-WebSocket-Protocol: ocpp1.6
2023-03-28 08:53:33,290 - DEBUG - > Authorization: Basic RVZBUjpFVkFSTEdV
2023-03-28 08:53:33,290 - DEBUG - > User-Agent: Python/3.11 websockets/10.4
2023-03-28 08:53:33,514 - DEBUG - < HTTP/1.1 101 Switching Protocols
2023-03-28 08:53:33,515 - DEBUG - < Connection: upgrade
2023-03-28 08:53:33,515 - DEBUG - < Date: Mon, 27 Mar 2023 23:53:32 GMT
2023-03-28 08:53:33,515 - DEBUG - < sec-websocket-protocol: ocpp1.6
2023-03-28 08:53:33,515 - DEBUG - < upgrade: websocket
2023-03-28 08:53:33,516 - DEBUG - < sec-websocket-accept: J1kqzh97dYqkeekkDq28iu9IHY0=
2023-03-28 08:53:33,516 - DEBUG - < sec-websocket-extensions: permessage-deflate
2023-03-28 08:53:33,516 - DEBUG - < X-Cache: Miss from cloudfront
2023-03-28 08:53:33,516 - DEBUG - < Via: 1.1 3c5e765ef2333ef04ef6f44a2b66ec12.cloudfront.net (CloudFront)
2023-03-28 08:53:33,516 - DEBUG - < X-Amz-Cf-Pop: ICN57-P2
2023-03-28 08:53:33,516 - DEBUG - < X-Amz-Cf-Id: NKZxzFrANLrfeZlmj0met2bz0NWUkO_bUA8Dyy-67LBdlW5VKfOdGQ==
2023-03-28 08:53:33,517 - DEBUG - = connection is OPEN
2023-03-28 08:53:33,541 - DEBUG - > TEXT '[2, "72b37ee5-8648-4fa0-8620-465eeb36371d", "Bo...umber": "EVSCA050001"}]' [169 bytes]
2023-03-28 08:53:33,774 - DEBUG - < TEXT '[3, "72b37ee5-8648-4fa0-8620-465eeb36371d", {"s...32Z", "interval": 600}]' [123 bytes]
2023-03-28 08:53:37,110 - DEBUG - Starting new HTTPS connection (1): 8b434254zg.execute-api.ap-northeast-2.amazonaws.com:443
2023-03-28 08:53:37,502 - DEBUG - https://8b434254zg.execute-api.ap-northeast-2.amazonaws.com:443 "POST /dev/ioc HTTP/1.1" 200 145
2023-03-28 08:53:37,519 - DEBUG - < TEXT '[2, "ceac46cf-5848-4f54-930c-c4978b679aa0", "Ge... "status": "Accepted"}]' [100 bytes]
2023-03-28 08:53:37,551 - DEBUG - = connection is CLOSING
2023-03-28 08:53:37,551 - DEBUG - > CLOSE 1000 (OK) [2 bytes]
2023-03-28 08:53:37,557 - DEBUG - < CLOSE 1000 (OK) [2 bytes]
2023-03-28 08:53:37,564 - DEBUG - = connection is CLOSED
2023-03-28 08:54:35,493 - DEBUG - Starting new HTTPS connection (1): 8b434254zg.execute-api.ap-northeast-2.amazonaws.com:443
2023-03-28 08:54:35,886 - DEBUG - https://8b434254zg.execute-api.ap-northeast-2.amazonaws.com:443 "POST /dev/ioc HTTP/1.1" 200 77
2023-03-28 08:56:36,366 - DEBUG - = connection is CONNECTING
2023-03-28 08:56:36,407 - DEBUG - > GET /ocpp16/ELA007C05/EVSCA050001 HTTP/1.1
2023-03-28 08:56:36,407 - DEBUG - > Host: ws.devevspcharger.uplus.co.kr
2023-03-28 08:56:36,408 - DEBUG - > Upgrade: websocket
2023-03-28 08:56:36,408 - DEBUG - > Connection: Upgrade
2023-03-28 08:56:36,408 - DEBUG - > Sec-WebSocket-Key: i3Vq0bzGd6X++Fy2N+/22Q==
2023-03-28 08:56:36,408 - DEBUG - > Sec-WebSocket-Version: 13
2023-03-28 08:56:36,408 - DEBUG - > Sec-WebSocket-Extensions: permessage-deflate; client_max_window_bits
2023-03-28 08:56:36,408 - DEBUG - > Sec-WebSocket-Protocol: ocpp1.6
2023-03-28 08:56:36,409 - DEBUG - > Authorization: Basic RVZBUjpFVkFSTEdV
2023-03-28 08:56:36,409 - DEBUG - > User-Agent: Python/3.11 websockets/10.4
2023-03-28 08:56:36,979 - DEBUG - < HTTP/1.1 101 Switching Protocols
2023-03-28 08:56:36,979 - DEBUG - < Connection: upgrade
2023-03-28 08:56:36,980 - DEBUG - < Date: Mon, 27 Mar 2023 23:56:35 GMT
2023-03-28 08:56:36,980 - DEBUG - < sec-websocket-protocol: ocpp1.6
2023-03-28 08:56:36,980 - DEBUG - < upgrade: websocket
2023-03-28 08:56:36,980 - DEBUG - < sec-websocket-accept: WBqIEKEZJDlO9yubDQF3yqqi4DU=
2023-03-28 08:56:36,980 - DEBUG - < sec-websocket-extensions: permessage-deflate
2023-03-28 08:56:36,980 - DEBUG - < X-Cache: Miss from cloudfront
2023-03-28 08:56:36,980 - DEBUG - < Via: 1.1 d21d7f64d4ce2d8fcbb5fbee217cca5a.cloudfront.net (CloudFront)
2023-03-28 08:56:36,980 - DEBUG - < X-Amz-Cf-Pop: ICN57-P2
2023-03-28 08:56:36,981 - DEBUG - < X-Amz-Cf-Id: iqxey0cnSKB4bdHAJXaVfBi_zgJByVWVfYGFVAUuJ2QRtvFtG3i6Yg==
2023-03-28 08:56:36,981 - DEBUG - = connection is OPEN
2023-03-28 08:56:37,009 - DEBUG - > TEXT '[2, "174e66dc-c3e9-4f78-abe3-a67cd96f86a5", "Bo...umber": "EVSCA050001"}]' [169 bytes]
2023-03-28 08:56:37,413 - DEBUG - < TEXT '[3, "174e66dc-c3e9-4f78-abe3-a67cd96f86a5", {"s...36Z", "interval": 600}]' [123 bytes]
2023-03-28 08:56:39,505 - DEBUG - Starting new HTTPS connection (1): 8b434254zg.execute-api.ap-northeast-2.amazonaws.com:443
2023-03-28 08:56:40,067 - DEBUG - https://8b434254zg.execute-api.ap-northeast-2.amazonaws.com:443 "POST /dev/ioc HTTP/1.1" 200 145
2023-03-28 08:56:40,078 - DEBUG - < TEXT '[2, "6f368133-d508-4aae-9c3c-ada25d3f67fe", "Ge... "status": "Accepted"}]' [100 bytes]
2023-03-28 08:56:40,106 - DEBUG - = connection is CLOSING
2023-03-28 08:56:40,106 - DEBUG - > CLOSE 1000 (OK) [2 bytes]
2023-03-28 08:56:40,118 - DEBUG - < CLOSE 1000 (OK) [2 bytes]
2023-03-28 08:56:40,123 - DEBUG - = connection is CLOSED
2023-03-28 09:04:28,772 - DEBUG - Starting new HTTPS connection (1): 8b434254zg.execute-api.ap-northeast-2.amazonaws.com:443
2023-03-28 09:04:30,181 - DEBUG - https://8b434254zg.execute-api.ap-northeast-2.amazonaws.com:443 "POST /dev/ioc HTTP/1.1" 200 77
2023-03-28 09:05:13,414 - DEBUG - = connection is CONNECTING
2023-03-28 09:05:13,445 - DEBUG - > GET /ocpp16/ELA007C05/EVSCA050001 HTTP/1.1
2023-03-28 09:05:13,445 - DEBUG - > Host: ws.devevspcharger.uplus.co.kr
2023-03-28 09:05:13,445 - DEBUG - > Upgrade: websocket
2023-03-28 09:05:13,445 - DEBUG - > Connection: Upgrade
2023-03-28 09:05:13,445 - DEBUG - > Sec-WebSocket-Key: UhgRqLoH83yzAxNfy11ZaQ==
2023-03-28 09:05:13,445 - DEBUG - > Sec-WebSocket-Version: 13
2023-03-28 09:05:13,445 - DEBUG - > Sec-WebSocket-Extensions: permessage-deflate; client_max_window_bits
2023-03-28 09:05:13,445 - DEBUG - > Sec-WebSocket-Protocol: ocpp1.6
2023-03-28 09:05:13,446 - DEBUG - > Authorization: Basic RVZBUjpFVkFSTEdV
2023-03-28 09:05:13,446 - DEBUG - > User-Agent: Python/3.11 websockets/10.4
2023-03-28 09:05:14,767 - DEBUG - < HTTP/1.1 101 Switching Protocols
2023-03-28 09:05:14,767 - DEBUG - < Connection: upgrade
2023-03-28 09:05:14,768 - DEBUG - < Date: Tue, 28 Mar 2023 00:05:13 GMT
2023-03-28 09:05:14,768 - DEBUG - < sec-websocket-protocol: ocpp1.6
2023-03-28 09:05:14,768 - DEBUG - < upgrade: websocket
2023-03-28 09:05:14,768 - DEBUG - < sec-websocket-accept: hPReZ6dLnTr4iyhjeJQo64GTXAI=
2023-03-28 09:05:14,768 - DEBUG - < sec-websocket-extensions: permessage-deflate
2023-03-28 09:05:14,768 - DEBUG - < X-Cache: Miss from cloudfront
2023-03-28 09:05:14,768 - DEBUG - < Via: 1.1 9ce5dfe6a640bb6a762b3c2889e2317e.cloudfront.net (CloudFront)
2023-03-28 09:05:14,768 - DEBUG - < X-Amz-Cf-Pop: ICN57-P2
2023-03-28 09:05:14,768 - DEBUG - < X-Amz-Cf-Id: 69Wm1xErOikqYJDWix_8FKkE_gs5oG0YJD96f1FRZ_4IcVmKxUFi7Q==
2023-03-28 09:05:14,769 - DEBUG - = connection is OPEN
2023-03-28 09:05:14,803 - DEBUG - > TEXT '[2, "bf8ba292-ee22-4c8d-8650-26a14e1a2b0c", "Bo...umber": "EVSCA050001"}]' [169 bytes]
2023-03-28 09:05:15,988 - DEBUG - < TEXT '[3, "bf8ba292-ee22-4c8d-8650-26a14e1a2b0c", {"s...14Z", "interval": 600}]' [123 bytes]
2023-03-28 09:05:16,003 - DEBUG - Starting new HTTPS connection (1): 8b434254zg.execute-api.ap-northeast-2.amazonaws.com:443
2023-03-28 09:05:16,427 - DEBUG - https://8b434254zg.execute-api.ap-northeast-2.amazonaws.com:443 "POST /dev/ioc HTTP/1.1" 200 148
2023-03-28 09:05:16,450 - DEBUG - < TEXT '[2, "9820921d-5d95-41cd-bd3e-f1f9bb7687d9", "Ge...izeRemoteTxRequests"]}]' [103 bytes]
2023-03-28 09:05:16,455 - DEBUG - > TEXT '[3, "9820921d-5d95-41cd-bd3e-f1f9bb7687d9", {"c... "status": "Accepted"}]' [139 bytes]
2023-03-28 09:05:16,634 - DEBUG - < TEXT '{}' [2 bytes]
2023-03-28 09:05:16,666 - DEBUG - > TEXT '[2, "bf8ba292-ee22-4c8d-8650-26a14e1a2b0c", "St..."status": "Preparing"}]' [132 bytes]
2023-03-28 09:05:16,848 - DEBUG - < TEXT '[3, "bf8ba292-ee22-4c8d-8650-26a14e1a2b0c", {}]' [47 bytes]
2023-03-28 09:05:16,881 - DEBUG - Starting new HTTPS connection (1): 8b434254zg.execute-api.ap-northeast-2.amazonaws.com:443
2023-03-28 09:05:17,286 - DEBUG - https://8b434254zg.execute-api.ap-northeast-2.amazonaws.com:443 "POST /dev/ioc HTTP/1.1" 200 145
2023-03-28 09:05:17,335 - DEBUG - < TEXT '[2, "9c306061-9996-4182-b2b7-07dd001ed459", "Re...": "1031040000069641"}]' [100 bytes]
2023-03-28 09:05:17,365 - DEBUG - > TEXT '[3, "9c306061-9996-4182-b2b7-07dd001ed459", {"status": "Accepted"}]' [67 bytes]
2023-03-28 09:05:17,548 - DEBUG - < TEXT '{}' [2 bytes]
2023-03-28 09:05:17,584 - DEBUG - > TEXT '[2, "bf8ba292-ee22-4c8d-8650-26a14e1a2b0c", "Au...": "1031040000069641"}]' [87 bytes]
2023-03-28 09:05:17,844 - DEBUG - < TEXT '[3, "bf8ba292-ee22-4c8d-8650-26a14e1a2b0c", {"i..."status": "Accepted"}}]' [82 bytes]
2023-03-28 09:05:17,888 - DEBUG - > TEXT '[2, "93a2c368-1434-46fc-94a8-a046c012cb8a", "St...2023-03-28T09:05:13Z"}]' [170 bytes]
2023-03-28 09:05:18,209 - DEBUG - < TEXT '[3, "93a2c368-1434-46fc-94a8-a046c012cb8a", {"t..."status": "Accepted"}}]' [110 bytes]
2023-03-28 09:05:18,247 - DEBUG - > TEXT '[2, "81197138-e916-4fcb-b164-5fd70728adf5", "St... "status": "Charging"}]' [131 bytes]
2023-03-28 09:05:18,487 - DEBUG - < TEXT '[3, "81197138-e916-4fcb-b164-5fd70728adf5", {}]' [47 bytes]
2023-03-28 09:05:18,532 - DEBUG - > TEXT '[2, "a20771fb-7660-46f8-a9f5-8d0154f380f0", "St...sactionId": 120533501}]' [149 bytes]
2023-03-28 09:05:18,836 - DEBUG - < TEXT '[3, "a20771fb-7660-46f8-a9f5-8d0154f380f0", {"i..."status": "Accepted"}}]' [82 bytes]
2023-03-28 09:05:18,874 - DEBUG - > TEXT '[2, "0aa1241a-300e-4f46-a518-35e21d6f8c11", "St..."status": "Finishing"}]' [132 bytes]
2023-03-28 09:05:19,069 - DEBUG - < TEXT '[3, "0aa1241a-300e-4f46-a518-35e21d6f8c11", {}]' [47 bytes]
2023-03-28 09:05:19,108 - DEBUG - > TEXT '[2, "ea2762a9-dcc9-4abe-a07f-9678ed44c053", "St..."status": "Available"}]' [132 bytes]
2023-03-28 09:05:19,347 - DEBUG - < TEXT '[3, "ea2762a9-dcc9-4abe-a07f-9678ed44c053", {}]' [47 bytes]
2023-03-28 09:05:19,378 - DEBUG - = connection is CLOSING
2023-03-28 09:05:19,379 - DEBUG - > CLOSE 1000 (OK) [2 bytes]
2023-03-28 09:05:19,393 - DEBUG - < CLOSE 1000 (OK) [2 bytes]
2023-03-28 09:05:19,399 - DEBUG - = connection is CLOSED
2023-03-28 09:05:23,609 - DEBUG - = connection is CONNECTING
2023-03-28 09:05:23,645 - DEBUG - > GET /ocpp16/ELA007C05/EVSCA050001 HTTP/1.1
2023-03-28 09:05:23,645 - DEBUG - > Host: ws.devevspcharger.uplus.co.kr
2023-03-28 09:05:23,645 - DEBUG - > Upgrade: websocket
2023-03-28 09:05:23,646 - DEBUG - > Connection: Upgrade
2023-03-28 09:05:23,646 - DEBUG - > Sec-WebSocket-Key: yPzmK/aeeYsQiN0md4lWrg==
2023-03-28 09:05:23,646 - DEBUG - > Sec-WebSocket-Version: 13
2023-03-28 09:05:23,646 - DEBUG - > Sec-WebSocket-Extensions: permessage-deflate; client_max_window_bits
2023-03-28 09:05:23,646 - DEBUG - > Sec-WebSocket-Protocol: ocpp1.6
2023-03-28 09:05:23,646 - DEBUG - > Authorization: Basic RVZBUjpFVkFSTEdV
2023-03-28 09:05:23,646 - DEBUG - > User-Agent: Python/3.11 websockets/10.4
2023-03-28 09:05:23,886 - DEBUG - < HTTP/1.1 101 Switching Protocols
2023-03-28 09:05:23,886 - DEBUG - < Connection: upgrade
2023-03-28 09:05:23,886 - DEBUG - < Date: Tue, 28 Mar 2023 00:05:22 GMT
2023-03-28 09:05:23,886 - DEBUG - < sec-websocket-protocol: ocpp1.6
2023-03-28 09:05:23,886 - DEBUG - < upgrade: websocket
2023-03-28 09:05:23,887 - DEBUG - < sec-websocket-accept: uTKGW2HOyFfM28tulLuTH2U4Wps=
2023-03-28 09:05:23,887 - DEBUG - < sec-websocket-extensions: permessage-deflate
2023-03-28 09:05:23,887 - DEBUG - < X-Cache: Miss from cloudfront
2023-03-28 09:05:23,887 - DEBUG - < Via: 1.1 3ced0108f56d0634c19ad34e6b299e80.cloudfront.net (CloudFront)
2023-03-28 09:05:23,887 - DEBUG - < X-Amz-Cf-Pop: ICN57-P2
2023-03-28 09:05:23,887 - DEBUG - < X-Amz-Cf-Id: djlvGFBF4-ikwExHNALLOBHUCK7LW85owwgum80lnmGU3f8A3KrcQQ==
2023-03-28 09:05:23,887 - DEBUG - = connection is OPEN
2023-03-28 09:05:23,907 - DEBUG - > TEXT '[2, "e87b1cec-cd59-40c3-9954-df0188649d9e", "Bo...umber": "EVSCA050001"}]' [169 bytes]
2023-03-28 09:05:24,128 - DEBUG - < TEXT '[3, "e87b1cec-cd59-40c3-9954-df0188649d9e", {"s...22Z", "interval": 600}]' [123 bytes]
2023-03-28 09:05:35,847 - DEBUG - Starting new HTTPS connection (1): 8b434254zg.execute-api.ap-northeast-2.amazonaws.com:443
2023-03-28 09:05:36,249 - DEBUG - https://8b434254zg.execute-api.ap-northeast-2.amazonaws.com:443 "POST /dev/ioc HTTP/1.1" 200 148
2023-03-28 09:05:36,258 - DEBUG - < TEXT '[2, "d553838c-c427-48d9-b31e-86138a892329", "Ge...izeRemoteTxRequests"]}]' [103 bytes]
2023-03-28 09:05:36,263 - DEBUG - > TEXT '[3, "d553838c-c427-48d9-b31e-86138a892329", {"c... "status": "Accepted"}]' [139 bytes]
2023-03-28 09:05:36,483 - DEBUG - < TEXT '{}' [2 bytes]
2023-03-28 09:05:36,526 - DEBUG - > TEXT '[2, "5c55ec15-6efe-4754-8e4f-02e41ee44b38", "St..."status": "Preparing"}]' [132 bytes]
2023-03-28 09:05:36,707 - DEBUG - < TEXT '[3, "5c55ec15-6efe-4754-8e4f-02e41ee44b38", {}]' [47 bytes]
2023-03-28 09:05:43,899 - DEBUG - % sending keepalive ping
2023-03-28 09:05:43,899 - DEBUG - > PING 23 10 0d d7 [binary, 4 bytes]
2023-03-28 09:05:43,906 - DEBUG - < PONG 23 10 0d d7 [binary, 4 bytes]
2023-03-28 09:05:43,909 - DEBUG - % received keepalive pong
2023-03-28 09:06:03,890 - DEBUG - % sending keepalive ping
2023-03-28 09:06:03,891 - DEBUG - > PING f9 69 7d 54 [binary, 4 bytes]
2023-03-28 09:06:03,897 - DEBUG - < PONG f9 69 7d 54 [binary, 4 bytes]
2023-03-28 09:06:03,901 - DEBUG - % received keepalive pong
2023-03-28 09:06:23,892 - DEBUG - % sending keepalive ping
2023-03-28 09:06:23,893 - DEBUG - > PING 3a f6 55 f8 [binary, 4 bytes]
2023-03-28 09:06:23,901 - DEBUG - < PONG 3a f6 55 f8 [binary, 4 bytes]
2023-03-28 09:06:23,904 - DEBUG - % received keepalive pong
2023-03-28 09:06:43,892 - DEBUG - % sending keepalive ping
2023-03-28 09:06:43,893 - DEBUG - > PING 3d 94 cd 35 [binary, 4 bytes]
2023-03-28 09:06:43,899 - DEBUG - < PONG 3d 94 cd 35 [binary, 4 bytes]
2023-03-28 09:06:43,904 - DEBUG - % received keepalive pong
2023-03-28 09:06:44,531 - DEBUG - = connection is CONNECTING
2023-03-28 09:06:44,563 - DEBUG - > GET /ocpp16/ELA007C05/EVSCA050001 HTTP/1.1
2023-03-28 09:06:44,563 - DEBUG - > Host: ws.devevspcharger.uplus.co.kr
2023-03-28 09:06:44,563 - DEBUG - > Upgrade: websocket
2023-03-28 09:06:44,563 - DEBUG - > Connection: Upgrade
2023-03-28 09:06:44,564 - DEBUG - > Sec-WebSocket-Key: UUQwCC+40phB8BXt50/TRw==
2023-03-28 09:06:44,564 - DEBUG - > Sec-WebSocket-Version: 13
2023-03-28 09:06:44,564 - DEBUG - > Sec-WebSocket-Extensions: permessage-deflate; client_max_window_bits
2023-03-28 09:06:44,564 - DEBUG - > Sec-WebSocket-Protocol: ocpp1.6
2023-03-28 09:06:44,564 - DEBUG - > Authorization: Basic RVZBUjpFVkFSTEdV
2023-03-28 09:06:44,564 - DEBUG - > User-Agent: Python/3.11 websockets/10.4
2023-03-28 09:06:45,189 - DEBUG - < HTTP/1.1 101 Switching Protocols
2023-03-28 09:06:45,189 - DEBUG - < Connection: upgrade
2023-03-28 09:06:45,189 - DEBUG - < Date: Tue, 28 Mar 2023 00:06:43 GMT
2023-03-28 09:06:45,189 - DEBUG - < sec-websocket-protocol: ocpp1.6
2023-03-28 09:06:45,189 - DEBUG - < upgrade: websocket
2023-03-28 09:06:45,189 - DEBUG - < sec-websocket-accept: 4jzo1m9PvkEh4XJv5ZCJTpCdCo4=
2023-03-28 09:06:45,189 - DEBUG - < sec-websocket-extensions: permessage-deflate
2023-03-28 09:06:45,189 - DEBUG - < X-Cache: Miss from cloudfront
2023-03-28 09:06:45,190 - DEBUG - < Via: 1.1 3509c763b14d58840ad09e1097a1e54c.cloudfront.net (CloudFront)
2023-03-28 09:06:45,190 - DEBUG - < X-Amz-Cf-Pop: ICN57-P2
2023-03-28 09:06:45,190 - DEBUG - < X-Amz-Cf-Id: TmiSPqeXy2cJufzZNR7H7mpvIgx61JWpDJACjWfDMGKFc7gfn8VnSA==
2023-03-28 09:06:45,190 - DEBUG - = connection is OPEN
2023-03-28 09:06:45,218 - DEBUG - > TEXT '[2, "59bd6d7f-42b1-4c07-a7a3-6810a635cd38", "Bo...umber": "EVSCA050001"}]' [169 bytes]
2023-03-28 09:06:45,645 - DEBUG - < TEXT '[3, "59bd6d7f-42b1-4c07-a7a3-6810a635cd38", {"s...44Z", "interval": 600}]' [123 bytes]
2023-03-28 09:06:45,682 - DEBUG - > TEXT '[2, "ba867c49-1b49-4a2a-9ac2-d20fd13e831e", "St..."status": "Available"}]' [132 bytes]
2023-03-28 09:06:45,871 - DEBUG - < TEXT '[3, "ba867c49-1b49-4a2a-9ac2-d20fd13e831e", {}]' [47 bytes]
2023-03-28 09:06:45,907 - DEBUG - > TEXT '[2, "696a8f85-0143-4306-ba5b-b32ab3e326a2", "Au...": "1031040000069641"}]' [87 bytes]
2023-03-28 09:06:46,131 - DEBUG - < TEXT '[3, "696a8f85-0143-4306-ba5b-b32ab3e326a2", {"i..."status": "Accepted"}}]' [82 bytes]
2023-03-28 09:06:46,148 - DEBUG - = connection is CLOSING
2023-03-28 09:06:46,148 - DEBUG - > CLOSE 1000 (OK) [2 bytes]
2023-03-28 09:06:46,157 - DEBUG - < CLOSE 1000 (OK) [2 bytes]
2023-03-28 09:06:46,161 - DEBUG - = connection is CLOSED
2023-03-28 09:06:50,341 - DEBUG - = connection is CONNECTING
2023-03-28 09:06:50,372 - DEBUG - > GET /ocpp16/ELA007C05/EVSCA050001 HTTP/1.1
2023-03-28 09:06:50,372 - DEBUG - > Host: ws.devevspcharger.uplus.co.kr
2023-03-28 09:06:50,372 - DEBUG - > Upgrade: websocket
2023-03-28 09:06:50,373 - DEBUG - > Connection: Upgrade
2023-03-28 09:06:50,373 - DEBUG - > Sec-WebSocket-Key: FhQQhTbQqs3k64poAW/zag==
2023-03-28 09:06:50,373 - DEBUG - > Sec-WebSocket-Version: 13
2023-03-28 09:06:50,373 - DEBUG - > Sec-WebSocket-Extensions: permessage-deflate; client_max_window_bits
2023-03-28 09:06:50,373 - DEBUG - > Sec-WebSocket-Protocol: ocpp1.6
2023-03-28 09:06:50,373 - DEBUG - > Authorization: Basic RVZBUjpFVkFSTEdV
2023-03-28 09:06:50,373 - DEBUG - > User-Agent: Python/3.11 websockets/10.4
2023-03-28 09:06:50,648 - DEBUG - < HTTP/1.1 101 Switching Protocols
2023-03-28 09:06:50,649 - DEBUG - < Connection: upgrade
2023-03-28 09:06:50,649 - DEBUG - < Date: Tue, 28 Mar 2023 00:06:49 GMT
2023-03-28 09:06:50,649 - DEBUG - < sec-websocket-protocol: ocpp1.6
2023-03-28 09:06:50,649 - DEBUG - < upgrade: websocket
2023-03-28 09:06:50,649 - DEBUG - < sec-websocket-accept: BnabZCOvHfnpXxqMSarqlFsVtGA=
2023-03-28 09:06:50,649 - DEBUG - < sec-websocket-extensions: permessage-deflate
2023-03-28 09:06:50,649 - DEBUG - < X-Cache: Miss from cloudfront
2023-03-28 09:06:50,649 - DEBUG - < Via: 1.1 3c5e765ef2333ef04ef6f44a2b66ec12.cloudfront.net (CloudFront)
2023-03-28 09:06:50,650 - DEBUG - < X-Amz-Cf-Pop: ICN57-P2
2023-03-28 09:06:50,650 - DEBUG - < X-Amz-Cf-Id: FKEp8KE90APClhjIo6pht96rmbtiYz0xn_JxFDg76Fhv2b-Is9NCxQ==
2023-03-28 09:06:50,650 - DEBUG - = connection is OPEN
2023-03-28 09:06:50,667 - DEBUG - > TEXT '[2, "593e1472-6053-4549-a525-3af6e946e2d5", "Bo...umber": "EVSCA050001"}]' [169 bytes]
2023-03-28 09:06:50,890 - DEBUG - < TEXT '[3, "593e1472-6053-4549-a525-3af6e946e2d5", {"s...49Z", "interval": 600}]' [123 bytes]
2023-03-28 09:06:52,513 - DEBUG - Starting new HTTPS connection (1): 8b434254zg.execute-api.ap-northeast-2.amazonaws.com:443
2023-03-28 09:06:53,129 - DEBUG - https://8b434254zg.execute-api.ap-northeast-2.amazonaws.com:443 "POST /dev/ioc HTTP/1.1" 200 145
2023-03-28 09:06:53,148 - DEBUG - < TEXT '[2, "3c81fd9f-69cb-4814-909d-69685b5c2394", "Ge... "status": "Accepted"}]' [100 bytes]
2023-03-28 09:06:53,172 - DEBUG - = connection is CLOSING
2023-03-28 09:06:53,172 - DEBUG - > CLOSE 1000 (OK) [2 bytes]
2023-03-28 09:06:53,181 - DEBUG - < CLOSE 1000 (OK) [2 bytes]
2023-03-28 09:06:53,188 - DEBUG - = connection is CLOSED
2023-03-28 09:07:03,887 - DEBUG - % sending keepalive ping
2023-03-28 09:07:03,887 - DEBUG - > PING 'm\x04\x7f\x13' [text, 4 bytes]
2023-03-28 09:07:03,897 - DEBUG - < PONG 'm\x04\x7f\x13' [text, 4 bytes]
2023-03-28 09:07:03,900 - DEBUG - % received keepalive pong
2023-03-28 09:07:12,436 - DEBUG - = connection is CONNECTING
2023-03-28 09:07:12,465 - DEBUG - > GET /ocpp16/ELA007C05/EVSCA050001 HTTP/1.1
2023-03-28 09:07:12,466 - DEBUG - > Host: ws.devevspcharger.uplus.co.kr
2023-03-28 09:07:12,467 - DEBUG - > Upgrade: websocket
2023-03-28 09:07:12,467 - DEBUG - > Connection: Upgrade
2023-03-28 09:07:12,467 - DEBUG - > Sec-WebSocket-Key: OdnmsNPRGfcMb0qszYwHFA==
2023-03-28 09:07:12,467 - DEBUG - > Sec-WebSocket-Version: 13
2023-03-28 09:07:12,467 - DEBUG - > Sec-WebSocket-Extensions: permessage-deflate; client_max_window_bits
2023-03-28 09:07:12,467 - DEBUG - > Sec-WebSocket-Protocol: ocpp1.6
2023-03-28 09:07:12,467 - DEBUG - > Authorization: Basic RVZBUjpFVkFSTEdV
2023-03-28 09:07:12,467 - DEBUG - > User-Agent: Python/3.11 websockets/10.4
2023-03-28 09:07:12,687 - DEBUG - < HTTP/1.1 101 Switching Protocols
2023-03-28 09:07:12,688 - DEBUG - < Connection: upgrade
2023-03-28 09:07:12,688 - DEBUG - < Date: Tue, 28 Mar 2023 00:07:11 GMT
2023-03-28 09:07:12,688 - DEBUG - < sec-websocket-protocol: ocpp1.6
2023-03-28 09:07:12,688 - DEBUG - < upgrade: websocket
2023-03-28 09:07:12,688 - DEBUG - < sec-websocket-accept: Tpm4xdcn7DfXhkd68US9VXOM5Oc=
2023-03-28 09:07:12,688 - DEBUG - < sec-websocket-extensions: permessage-deflate
2023-03-28 09:07:12,688 - DEBUG - < X-Cache: Miss from cloudfront
2023-03-28 09:07:12,688 - DEBUG - < Via: 1.1 d21d7f64d4ce2d8fcbb5fbee217cca5a.cloudfront.net (CloudFront)
2023-03-28 09:07:12,688 - DEBUG - < X-Amz-Cf-Pop: ICN57-P2
2023-03-28 09:07:12,688 - DEBUG - < X-Amz-Cf-Id: 5DJkrbZTRlhqIonofXvX6ZOErTWIBFijiDT_MykckRMEH9YjOQEzDw==
2023-03-28 09:07:12,688 - DEBUG - = connection is OPEN
2023-03-28 09:07:12,721 - DEBUG - > TEXT '[2, "59f12af1-f782-4aa6-8bb1-b30f01359818", "Bo...umber": "EVSCA050001"}]' [169 bytes]
2023-03-28 09:07:12,951 - DEBUG - < TEXT '[3, "59f12af1-f782-4aa6-8bb1-b30f01359818", {"s...11Z", "interval": 600}]' [123 bytes]
2023-03-28 09:07:15,315 - DEBUG - Starting new HTTPS connection (1): 8b434254zg.execute-api.ap-northeast-2.amazonaws.com:443
2023-03-28 09:07:15,669 - DEBUG - https://8b434254zg.execute-api.ap-northeast-2.amazonaws.com:443 "POST /dev/ioc HTTP/1.1" 200 145
2023-03-28 09:07:15,681 - DEBUG - < TEXT '[2, "a40636e6-d404-4a83-891c-1b9ff10fc1e7", "Ge... "status": "Accepted"}]' [100 bytes]
2023-03-28 09:07:15,703 - DEBUG - = connection is CLOSING
2023-03-28 09:07:15,703 - DEBUG - > CLOSE 1000 (OK) [2 bytes]
2023-03-28 09:07:15,713 - DEBUG - < CLOSE 1000 (OK) [2 bytes]
2023-03-28 09:07:15,720 - DEBUG - = connection is CLOSED
2023-03-28 09:07:23,897 - DEBUG - % sending keepalive ping
2023-03-28 09:07:23,898 - DEBUG - > PING 23 e7 72 e1 [binary, 4 bytes]
2023-03-28 09:07:23,905 - DEBUG - < PONG 23 e7 72 e1 [binary, 4 bytes]
2023-03-28 09:07:23,907 - DEBUG - % received keepalive pong
2023-03-28 09:07:35,701 - DEBUG - = connection is CONNECTING
2023-03-28 09:07:35,735 - DEBUG - > GET /ocpp16/ELA007C05/EVSCA050001 HTTP/1.1
2023-03-28 09:07:35,735 - DEBUG - > Host: ws.devevspcharger.uplus.co.kr
2023-03-28 09:07:35,737 - DEBUG - > Upgrade: websocket
2023-03-28 09:07:35,737 - DEBUG - > Connection: Upgrade
2023-03-28 09:07:35,737 - DEBUG - > Sec-WebSocket-Key: tZ3oUy/IcaAGiLviQ9C1kQ==
2023-03-28 09:07:35,737 - DEBUG - > Sec-WebSocket-Version: 13
2023-03-28 09:07:35,738 - DEBUG - > Sec-WebSocket-Extensions: permessage-deflate; client_max_window_bits
2023-03-28 09:07:35,738 - DEBUG - > Sec-WebSocket-Protocol: ocpp1.6
2023-03-28 09:07:35,738 - DEBUG - > Authorization: Basic RVZBUjpFVkFSTEdV
2023-03-28 09:07:35,738 - DEBUG - > User-Agent: Python/3.11 websockets/10.4
2023-03-28 09:07:35,923 - DEBUG - < HTTP/1.1 101 Switching Protocols
2023-03-28 09:07:35,923 - DEBUG - < Connection: upgrade
2023-03-28 09:07:35,923 - DEBUG - < Date: Tue, 28 Mar 2023 00:07:34 GMT
2023-03-28 09:07:35,923 - DEBUG - < sec-websocket-protocol: ocpp1.6
2023-03-28 09:07:35,924 - DEBUG - < upgrade: websocket
2023-03-28 09:07:35,924 - DEBUG - < sec-websocket-accept: BZMpdkenLThamSVxc9l2+yESYjE=
2023-03-28 09:07:35,924 - DEBUG - < sec-websocket-extensions: permessage-deflate
2023-03-28 09:07:35,924 - DEBUG - < X-Cache: Miss from cloudfront
2023-03-28 09:07:35,924 - DEBUG - < Via: 1.1 3ced0108f56d0634c19ad34e6b299e80.cloudfront.net (CloudFront)
2023-03-28 09:07:35,924 - DEBUG - < X-Amz-Cf-Pop: ICN57-P2
2023-03-28 09:07:35,924 - DEBUG - < X-Amz-Cf-Id: oboQnt6nMzld_eAnvKjtesif7r1DYgBb4oUJ4wOmekBSCLYKYTFYpw==
2023-03-28 09:07:35,925 - DEBUG - = connection is OPEN
2023-03-28 09:07:35,958 - DEBUG - > TEXT '[2, "60b73d05-5fdb-4cdf-8fbe-6e98c0bb83bb", "Bo...umber": "EVSCA050001"}]' [169 bytes]
2023-03-28 09:07:36,191 - DEBUG - < TEXT '[3, "60b73d05-5fdb-4cdf-8fbe-6e98c0bb83bb", {"s...34Z", "interval": 600}]' [123 bytes]
2023-03-28 09:07:43,887 - DEBUG - % sending keepalive ping
2023-03-28 09:07:43,887 - DEBUG - > PING 96 ac 4d f3 [binary, 4 bytes]
2023-03-28 09:07:43,894 - DEBUG - < PONG 96 ac 4d f3 [binary, 4 bytes]
2023-03-28 09:07:43,896 - DEBUG - % received keepalive pong
2023-03-28 09:07:55,921 - DEBUG - % sending keepalive ping
2023-03-28 09:07:55,921 - DEBUG - > PING '\\`Z:' [text, 4 bytes]
2023-03-28 09:07:55,931 - DEBUG - < PONG '\\`Z:' [text, 4 bytes]
2023-03-28 09:07:55,939 - DEBUG - % received keepalive pong
2023-03-28 09:08:03,886 - DEBUG - % sending keepalive ping
2023-03-28 09:08:03,886 - DEBUG - > PING e8 1f 66 20 [binary, 4 bytes]
2023-03-28 09:08:03,893 - DEBUG - < PONG e8 1f 66 20 [binary, 4 bytes]
2023-03-28 09:08:03,895 - DEBUG - % received keepalive pong
2023-03-28 09:08:15,936 - DEBUG - % sending keepalive ping
2023-03-28 09:08:15,936 - DEBUG - > PING 5a a7 3c 5c [binary, 4 bytes]
2023-03-28 09:08:15,943 - DEBUG - < PONG 5a a7 3c 5c [binary, 4 bytes]
2023-03-28 09:08:15,946 - DEBUG - % received keepalive pong
2023-03-28 09:08:15,968 - DEBUG - Starting new HTTPS connection (1): 8b434254zg.execute-api.ap-northeast-2.amazonaws.com:443
2023-03-28 09:08:16,394 - DEBUG - https://8b434254zg.execute-api.ap-northeast-2.amazonaws.com:443 "POST /dev/ioc HTTP/1.1" 200 148
2023-03-28 09:08:16,405 - DEBUG - < TEXT '[2, "969a96bb-c54a-4584-be80-d9718ce00025", "Ge...izeRemoteTxRequests"]}]' [103 bytes]
2023-03-28 09:08:16,408 - DEBUG - > TEXT '[3, "969a96bb-c54a-4584-be80-d9718ce00025", {"c... "status": "Accepted"}]' [139 bytes]
2023-03-28 09:08:16,600 - DEBUG - < TEXT '{}' [2 bytes]
2023-03-28 09:08:16,646 - DEBUG - > TEXT '[2, "da07098b-694c-4fe3-a0da-34fbc24ecd80", "St..."status": "Preparing"}]' [132 bytes]
2023-03-28 09:08:16,812 - DEBUG - < TEXT '[3, "da07098b-694c-4fe3-a0da-34fbc24ecd80", {}]' [47 bytes]
2023-03-28 09:08:23,892 - DEBUG - % sending keepalive ping
2023-03-28 09:08:23,892 - DEBUG - > PING 0c 61 0e ca [binary, 4 bytes]
2023-03-28 09:08:23,899 - DEBUG - < PONG 0c 61 0e ca [binary, 4 bytes]
2023-03-28 09:08:23,902 - DEBUG - % received keepalive pong
2023-03-28 09:08:35,937 - DEBUG - % sending keepalive ping
2023-03-28 09:08:35,937 - DEBUG - > PING db 4b 37 85 [binary, 4 bytes]
2023-03-28 09:08:35,944 - DEBUG - < PONG db 4b 37 85 [binary, 4 bytes]
2023-03-28 09:08:35,947 - DEBUG - % received keepalive pong
2023-03-28 09:08:43,891 - DEBUG - % sending keepalive ping
2023-03-28 09:08:43,891 - DEBUG - > PING 1f 96 52 16 [binary, 4 bytes]
2023-03-28 09:08:43,901 - DEBUG - < PONG 1f 96 52 16 [binary, 4 bytes]
2023-03-28 09:08:43,908 - DEBUG - % received keepalive pong
2023-03-28 09:08:55,941 - DEBUG - % sending keepalive ping
2023-03-28 09:08:55,941 - DEBUG - > PING ea 07 bb e7 [binary, 4 bytes]
2023-03-28 09:08:55,950 - DEBUG - < PONG ea 07 bb e7 [binary, 4 bytes]
2023-03-28 09:08:55,957 - DEBUG - % received keepalive pong
2023-03-28 09:09:03,890 - DEBUG - % sending keepalive ping
2023-03-28 09:09:03,890 - DEBUG - > PING 35 78 61 ea [binary, 4 bytes]
2023-03-28 09:09:03,897 - DEBUG - < PONG 35 78 61 ea [binary, 4 bytes]
2023-03-28 09:09:03,900 - DEBUG - % received keepalive pong
2023-03-28 09:09:15,946 - DEBUG - % sending keepalive ping
2023-03-28 09:09:15,947 - DEBUG - > PING 3c bb c8 03 [binary, 4 bytes]
2023-03-28 09:09:15,960 - DEBUG - < PONG 3c bb c8 03 [binary, 4 bytes]
2023-03-28 09:09:15,973 - DEBUG - % received keepalive pong
2023-03-28 09:09:23,897 - DEBUG - % sending keepalive ping
2023-03-28 09:09:23,898 - DEBUG - > PING 99 cb fb e1 [binary, 4 bytes]
2023-03-28 09:09:24,027 - DEBUG - < PONG 99 cb fb e1 [binary, 4 bytes]
2023-03-28 09:09:24,033 - DEBUG - % received keepalive pong
2023-03-28 09:09:35,977 - DEBUG - % sending keepalive ping
2023-03-28 09:09:35,978 - DEBUG - > PING 7b da 54 1b [binary, 4 bytes]
2023-03-28 09:09:35,988 - DEBUG - < PONG 7b da 54 1b [binary, 4 bytes]
2023-03-28 09:09:35,992 - DEBUG - % received keepalive pong
2023-03-28 09:09:44,022 - DEBUG - % sending keepalive ping
2023-03-28 09:09:44,022 - DEBUG - > PING ef 08 a0 51 [binary, 4 bytes]
2023-03-28 09:09:44,029 - DEBUG - < PONG ef 08 a0 51 [binary, 4 bytes]
2023-03-28 09:09:44,032 - DEBUG - % received keepalive pong
2023-03-28 09:09:55,968 - DEBUG - % sending keepalive ping
2023-03-28 09:09:55,969 - DEBUG - > PING d6 25 56 4d [binary, 4 bytes]
2023-03-28 09:09:55,979 - DEBUG - < PONG d6 25 56 4d [binary, 4 bytes]
2023-03-28 09:09:55,984 - DEBUG - % received keepalive pong
2023-03-28 09:10:04,025 - DEBUG - % sending keepalive ping
2023-03-28 09:10:04,025 - DEBUG - > PING 9a bd 90 6b [binary, 4 bytes]
2023-03-28 09:10:04,032 - DEBUG - < PONG 9a bd 90 6b [binary, 4 bytes]
2023-03-28 09:10:04,036 - DEBUG - % received keepalive pong
2023-03-28 09:10:15,968 - DEBUG - % sending keepalive ping
2023-03-28 09:10:15,968 - DEBUG - > PING 3b 46 e7 1c [binary, 4 bytes]
2023-03-28 09:10:15,975 - DEBUG - < PONG 3b 46 e7 1c [binary, 4 bytes]
2023-03-28 09:10:15,979 - DEBUG - % received keepalive pong
2023-03-28 09:10:24,025 - DEBUG - % sending keepalive ping
2023-03-28 09:10:24,025 - DEBUG - > PING eb fd 80 9c [binary, 4 bytes]
2023-03-28 09:10:24,034 - DEBUG - < PONG eb fd 80 9c [binary, 4 bytes]
2023-03-28 09:10:24,039 - DEBUG - % received keepalive pong
2023-03-28 09:10:35,976 - DEBUG - % sending keepalive ping
2023-03-28 09:10:35,976 - DEBUG - > PING d3 7c 50 57 [binary, 4 bytes]
2023-03-28 09:10:35,984 - DEBUG - < PONG d3 7c 50 57 [binary, 4 bytes]
2023-03-28 09:10:35,986 - DEBUG - % received keepalive pong
2023-03-28 09:10:44,016 - DEBUG - % sending keepalive ping
2023-03-28 09:10:44,017 - DEBUG - > PING 14 56 7d c4 [binary, 4 bytes]
2023-03-28 09:10:44,026 - DEBUG - < PONG 14 56 7d c4 [binary, 4 bytes]
2023-03-28 09:10:44,028 - DEBUG - % received keepalive pong
2023-03-28 09:10:55,976 - DEBUG - % sending keepalive ping
2023-03-28 09:10:55,976 - DEBUG - > PING 2c 40 15 cc [binary, 4 bytes]
2023-03-28 09:10:55,984 - DEBUG - < PONG 2c 40 15 cc [binary, 4 bytes]
2023-03-28 09:10:55,987 - DEBUG - % received keepalive pong
2023-03-28 09:11:04,016 - DEBUG - % sending keepalive ping
2023-03-28 09:11:04,016 - DEBUG - > PING 4c e0 0a 8f [binary, 4 bytes]
2023-03-28 09:11:04,022 - DEBUG - < PONG 4c e0 0a 8f [binary, 4 bytes]
2023-03-28 09:11:04,025 - DEBUG - % received keepalive pong
2023-03-28 09:11:15,976 - DEBUG - % sending keepalive ping
2023-03-28 09:11:15,977 - DEBUG - > PING 0c c4 d2 72 [binary, 4 bytes]
2023-03-28 09:11:15,985 - DEBUG - < PONG 0c c4 d2 72 [binary, 4 bytes]
2023-03-28 09:11:15,987 - DEBUG - % received keepalive pong
2023-03-28 09:11:24,015 - DEBUG - % sending keepalive ping
2023-03-28 09:11:24,015 - DEBUG - > PING db 28 5b b2 [binary, 4 bytes]
2023-03-28 09:11:24,022 - DEBUG - < PONG db 28 5b b2 [binary, 4 bytes]
2023-03-28 09:11:24,025 - DEBUG - % received keepalive pong
2023-03-28 09:11:35,972 - DEBUG - % sending keepalive ping
2023-03-28 09:11:35,972 - DEBUG - > PING "S'P!" [text, 4 bytes]
2023-03-28 09:11:35,980 - DEBUG - < PONG "S'P!" [text, 4 bytes]
2023-03-28 09:11:35,982 - DEBUG - % received keepalive pong
2023-03-28 09:11:44,014 - DEBUG - % sending keepalive ping
2023-03-28 09:11:44,014 - DEBUG - > PING 29 2d da 77 [binary, 4 bytes]
2023-03-28 09:11:44,021 - DEBUG - < PONG 29 2d da 77 [binary, 4 bytes]
2023-03-28 09:11:44,023 - DEBUG - % received keepalive pong
2023-03-28 09:11:55,974 - DEBUG - % sending keepalive ping
2023-03-28 09:11:55,974 - DEBUG - > PING 36 08 0d b2 [binary, 4 bytes]
2023-03-28 09:11:55,982 - DEBUG - < PONG 36 08 0d b2 [binary, 4 bytes]
2023-03-28 09:11:55,985 - DEBUG - % received keepalive pong
2023-03-28 09:12:04,014 - DEBUG - % sending keepalive ping
2023-03-28 09:12:04,014 - DEBUG - > PING f8 37 89 22 [binary, 4 bytes]
2023-03-28 09:12:04,021 - DEBUG - < PONG f8 37 89 22 [binary, 4 bytes]
2023-03-28 09:12:04,023 - DEBUG - % received keepalive pong
2023-03-28 09:12:15,968 - DEBUG - % sending keepalive ping
2023-03-28 09:12:15,968 - DEBUG - > PING b0 75 d2 20 [binary, 4 bytes]
2023-03-28 09:12:15,975 - DEBUG - < PONG b0 75 d2 20 [binary, 4 bytes]
2023-03-28 09:12:15,979 - DEBUG - % received keepalive pong
2023-03-28 09:12:24,012 - DEBUG - % sending keepalive ping
2023-03-28 09:12:24,012 - DEBUG - > PING 1a bc 7c 1d [binary, 4 bytes]
2023-03-28 09:12:24,019 - DEBUG - < PONG 1a bc 7c 1d [binary, 4 bytes]
2023-03-28 09:12:24,021 - DEBUG - % received keepalive pong
2023-03-28 09:12:35,978 - DEBUG - % sending keepalive ping
2023-03-28 09:12:35,979 - DEBUG - > PING a8 67 44 1b [binary, 4 bytes]
2023-03-28 09:12:35,987 - DEBUG - < PONG a8 67 44 1b [binary, 4 bytes]
2023-03-28 09:12:35,990 - DEBUG - % received keepalive pong
2023-03-28 09:12:44,014 - DEBUG - % sending keepalive ping
2023-03-28 09:12:44,014 - DEBUG - > PING cf 74 56 9b [binary, 4 bytes]
2023-03-28 09:12:44,021 - DEBUG - < PONG cf 74 56 9b [binary, 4 bytes]
2023-03-28 09:12:44,024 - DEBUG - % received keepalive pong
2023-03-28 09:12:55,973 - DEBUG - % sending keepalive ping
2023-03-28 09:12:55,973 - DEBUG - > PING 32 cc 5b bc [binary, 4 bytes]
2023-03-28 09:12:55,984 - DEBUG - < PONG 32 cc 5b bc [binary, 4 bytes]
2023-03-28 09:12:55,989 - DEBUG - % received keepalive pong
2023-03-28 09:13:04,013 - DEBUG - % sending keepalive ping
2023-03-28 09:13:04,014 - DEBUG - > PING 'p\x04\u021b' [text, 4 bytes]
2023-03-28 09:13:04,038 - DEBUG - < PONG 'p\x04\u021b' [text, 4 bytes]
2023-03-28 09:13:04,040 - DEBUG - % received keepalive pong
2023-03-28 09:13:15,972 - DEBUG - % sending keepalive ping
2023-03-28 09:13:15,972 - DEBUG - > PING 18 53 ae 5b [binary, 4 bytes]
2023-03-28 09:13:15,979 - DEBUG - < PONG 18 53 ae 5b [binary, 4 bytes]
2023-03-28 09:13:15,982 - DEBUG - % received keepalive pong
2023-03-28 09:13:24,013 - DEBUG - % sending keepalive ping
2023-03-28 09:13:24,013 - DEBUG - > PING c6 2f 1a f5 [binary, 4 bytes]
2023-03-28 09:13:24,022 - DEBUG - < PONG c6 2f 1a f5 [binary, 4 bytes]
2023-03-28 09:13:24,025 - DEBUG - % received keepalive pong
2023-03-28 09:13:35,972 - DEBUG - % sending keepalive ping
2023-03-28 09:13:35,972 - DEBUG - > PING 1c 7a 4c bf [binary, 4 bytes]
2023-03-28 09:13:35,982 - DEBUG - < PONG 1c 7a 4c bf [binary, 4 bytes]
2023-03-28 09:13:35,987 - DEBUG - % received keepalive pong
2023-03-28 09:13:44,012 - DEBUG - % sending keepalive ping
2023-03-28 09:13:44,012 - DEBUG - > PING 25 1e e3 bf [binary, 4 bytes]
2023-03-28 09:13:44,020 - DEBUG - < PONG 25 1e e3 bf [binary, 4 bytes]
2023-03-28 09:13:44,023 - DEBUG - % received keepalive pong
2023-03-28 09:13:55,969 - DEBUG - % sending keepalive ping
2023-03-28 09:13:55,970 - DEBUG - > PING 68 f0 2a 0c [binary, 4 bytes]
2023-03-28 09:13:55,978 - DEBUG - < PONG 68 f0 2a 0c [binary, 4 bytes]
2023-03-28 09:13:55,980 - DEBUG - % received keepalive pong
2023-03-28 09:14:04,012 - DEBUG - % sending keepalive ping
2023-03-28 09:14:04,012 - DEBUG - > PING 3b 07 2b 98 [binary, 4 bytes]
2023-03-28 09:14:04,019 - DEBUG - < PONG 3b 07 2b 98 [binary, 4 bytes]
2023-03-28 09:14:04,022 - DEBUG - % received keepalive pong
2023-03-28 09:14:15,970 - DEBUG - % sending keepalive ping
2023-03-28 09:14:15,970 - DEBUG - > PING 'D1[^' [text, 4 bytes]
2023-03-28 09:14:15,979 - DEBUG - < PONG 'D1[^' [text, 4 bytes]
2023-03-28 09:14:15,982 - DEBUG - % received keepalive pong
2023-03-28 09:14:24,013 - DEBUG - % sending keepalive ping
2023-03-28 09:14:24,013 - DEBUG - > PING 3b ab 7f 6c [binary, 4 bytes]
2023-03-28 09:14:24,021 - DEBUG - < PONG 3b ab 7f 6c [binary, 4 bytes]
2023-03-28 09:14:24,024 - DEBUG - % received keepalive pong
2023-03-28 09:14:35,970 - DEBUG - % sending keepalive ping
2023-03-28 09:14:35,970 - DEBUG - > PING 3b 64 e3 50 [binary, 4 bytes]
2023-03-28 09:14:35,979 - DEBUG - < PONG 3b 64 e3 50 [binary, 4 bytes]
2023-03-28 09:14:35,982 - DEBUG - % received keepalive pong
2023-03-28 09:14:44,011 - DEBUG - % sending keepalive ping
2023-03-28 09:14:44,012 - DEBUG - > PING 30 05 b2 d1 [binary, 4 bytes]
2023-03-28 09:14:44,019 - DEBUG - < PONG 30 05 b2 d1 [binary, 4 bytes]
2023-03-28 09:14:44,023 - DEBUG - % received keepalive pong
2023-03-28 09:14:55,975 - DEBUG - % sending keepalive ping
2023-03-28 09:14:55,975 - DEBUG - > PING 8c e7 e1 ba [binary, 4 bytes]
2023-03-28 09:14:55,982 - DEBUG - < PONG 8c e7 e1 ba [binary, 4 bytes]
2023-03-28 09:14:55,986 - DEBUG - % received keepalive pong
2023-03-28 09:15:04,015 - DEBUG - % sending keepalive ping
2023-03-28 09:15:04,016 - DEBUG - > PING 27 fe 6b 70 [binary, 4 bytes]
2023-03-28 09:15:04,032 - DEBUG - < PONG 27 fe 6b 70 [binary, 4 bytes]
2023-03-28 09:15:04,035 - DEBUG - % received keepalive pong
2023-03-28 09:15:15,972 - DEBUG - % sending keepalive ping
2023-03-28 09:15:15,972 - DEBUG - > PING f9 d6 57 87 [binary, 4 bytes]
2023-03-28 09:15:15,981 - DEBUG - < PONG f9 d6 57 87 [binary, 4 bytes]
2023-03-28 09:15:15,985 - DEBUG - % received keepalive pong
2023-03-28 09:15:24,014 - DEBUG - % sending keepalive ping
2023-03-28 09:15:24,014 - DEBUG - > PING 33 ca 96 85 [binary, 4 bytes]
2023-03-28 09:15:24,024 - DEBUG - < PONG 33 ca 96 85 [binary, 4 bytes]
2023-03-28 09:15:24,029 - DEBUG - % received keepalive pong
2023-03-28 09:15:35,973 - DEBUG - % sending keepalive ping
2023-03-28 09:15:35,974 - DEBUG - > PING 0b f7 c7 2b [binary, 4 bytes]
2023-03-28 09:15:35,983 - DEBUG - < PONG 0b f7 c7 2b [binary, 4 bytes]
2023-03-28 09:15:35,985 - DEBUG - % received keepalive pong
2023-03-28 09:15:36,770 - DEBUG - = connection is CLOSING
2023-03-28 09:15:36,770 - DEBUG - > CLOSE 1000 (OK) [2 bytes]
2023-03-28 09:15:36,783 - DEBUG - < CLOSE 1000 (OK) [2 bytes]
2023-03-28 09:15:36,787 - DEBUG - = connection is CLOSED
2023-03-28 09:15:55,980 - DEBUG - % sending keepalive ping
2023-03-28 09:15:55,980 - DEBUG - > PING 5e 01 e8 26 [binary, 4 bytes]
2023-03-28 09:15:55,989 - DEBUG - < PONG 5e 01 e8 26 [binary, 4 bytes]
2023-03-28 09:15:55,993 - DEBUG - % received keepalive pong
2023-03-28 09:16:15,965 - DEBUG - % sending keepalive ping
2023-03-28 09:16:15,966 - DEBUG - > PING 39 4f c0 df [binary, 4 bytes]
2023-03-28 09:16:15,979 - DEBUG - < PONG 39 4f c0 df [binary, 4 bytes]
2023-03-28 09:16:15,984 - DEBUG - % received keepalive pong
2023-03-28 09:16:35,970 - DEBUG - % sending keepalive ping
2023-03-28 09:16:35,970 - DEBUG - > PING e3 fa a3 de [binary, 4 bytes]
2023-03-28 09:16:35,978 - DEBUG - < PONG e3 fa a3 de [binary, 4 bytes]
2023-03-28 09:16:35,980 - DEBUG - % received keepalive pong
2023-03-28 09:16:55,975 - DEBUG - % sending keepalive ping
2023-03-28 09:16:55,975 - DEBUG - > PING b4 37 57 1a [binary, 4 bytes]
2023-03-28 09:16:55,985 - DEBUG - < PONG b4 37 57 1a [binary, 4 bytes]
2023-03-28 09:16:55,998 - DEBUG - % received keepalive pong
2023-03-28 09:17:15,999 - DEBUG - % sending keepalive ping
2023-03-28 09:17:15,999 - DEBUG - > PING c8 c9 91 e1 [binary, 4 bytes]
2023-03-28 09:17:16,009 - DEBUG - < PONG c8 c9 91 e1 [binary, 4 bytes]
2023-03-28 09:17:16,014 - DEBUG - % received keepalive pong
2023-03-28 09:17:36,023 - DEBUG - % sending keepalive ping
2023-03-28 09:17:36,023 - DEBUG - > PING e3 d8 a4 3f [binary, 4 bytes]
2023-03-28 09:17:36,031 - DEBUG - < PONG e3 d8 a4 3f [binary, 4 bytes]
2023-03-28 09:17:36,035 - DEBUG - % received keepalive pong
2023-03-28 09:17:56,024 - DEBUG - % sending keepalive ping
2023-03-28 09:17:56,024 - DEBUG - > PING eb e3 d7 8b [binary, 4 bytes]
2023-03-28 09:17:56,032 - DEBUG - < PONG eb e3 d7 8b [binary, 4 bytes]
2023-03-28 09:17:56,036 - DEBUG - % received keepalive pong
2023-03-28 09:18:16,011 - DEBUG - % sending keepalive ping
2023-03-28 09:18:16,012 - DEBUG - > PING a3 fc b2 ea [binary, 4 bytes]
2023-03-28 09:18:16,020 - DEBUG - < PONG a3 fc b2 ea [binary, 4 bytes]
2023-03-28 09:18:16,024 - DEBUG - % received keepalive pong
2023-03-28 09:18:16,891 - DEBUG - = connection is CLOSING
2023-03-28 09:18:16,891 - DEBUG - > CLOSE 1000 (OK) [2 bytes]
2023-03-28 09:18:16,901 - DEBUG - < CLOSE 1000 (OK) [2 bytes]
2023-03-28 09:18:16,907 - DEBUG - = connection is CLOSED
2023-03-28 09:29:23,711 - DEBUG - = connection is CONNECTING
2023-03-28 09:29:23,754 - DEBUG - > GET /ocpp16/ELA007C05/EVSCA050001 HTTP/1.1
2023-03-28 09:29:23,754 - DEBUG - > Host: ws.devevspcharger.uplus.co.kr
2023-03-28 09:29:23,754 - DEBUG - > Upgrade: websocket
2023-03-28 09:29:23,755 - DEBUG - > Connection: Upgrade
2023-03-28 09:29:23,755 - DEBUG - > Sec-WebSocket-Key: OrVf4gzXOYLzSEBM0ELnjw==
2023-03-28 09:29:23,755 - DEBUG - > Sec-WebSocket-Version: 13
2023-03-28 09:29:23,755 - DEBUG - > Sec-WebSocket-Extensions: permessage-deflate; client_max_window_bits
2023-03-28 09:29:23,755 - DEBUG - > Sec-WebSocket-Protocol: ocpp1.6
2023-03-28 09:29:23,755 - DEBUG - > Authorization: Basic RVZBUjpFVkFSTEdV
2023-03-28 09:29:23,755 - DEBUG - > User-Agent: Python/3.11 websockets/10.4
2023-03-28 09:29:24,038 - DEBUG - < HTTP/1.1 101 Switching Protocols
2023-03-28 09:29:24,039 - DEBUG - < Connection: upgrade
2023-03-28 09:29:24,039 - DEBUG - < Date: Tue, 28 Mar 2023 00:29:22 GMT
2023-03-28 09:29:24,040 - DEBUG - < sec-websocket-protocol: ocpp1.6
2023-03-28 09:29:24,040 - DEBUG - < upgrade: websocket
2023-03-28 09:29:24,040 - DEBUG - < sec-websocket-accept: aH0es7dQn7JGrZxSdbE9SLnQ3sg=
2023-03-28 09:29:24,041 - DEBUG - < sec-websocket-extensions: permessage-deflate
2023-03-28 09:29:24,041 - DEBUG - < X-Cache: Miss from cloudfront
2023-03-28 09:29:24,041 - DEBUG - < Via: 1.1 9ce5dfe6a640bb6a762b3c2889e2317e.cloudfront.net (CloudFront)
2023-03-28 09:29:24,042 - DEBUG - < X-Amz-Cf-Pop: ICN57-P2
2023-03-28 09:29:24,042 - DEBUG - < X-Amz-Cf-Id: _plGsJYMQb1yLg_Qoc8SaCzKEhS7x8EhgN-WfI_1yv4CNyncqnfpWg==
2023-03-28 09:29:24,042 - DEBUG - = connection is OPEN
2023-03-28 09:29:24,072 - DEBUG - > TEXT '[2, "c27f322d-a147-42b8-9ff5-776f6191bfc3", "Bo...umber": "EVSCA050001"}]' [169 bytes]
2023-03-28 09:29:25,456 - DEBUG - < TEXT '[3, "c27f322d-a147-42b8-9ff5-776f6191bfc3", {"s...24Z", "interval": 600}]' [123 bytes]
2023-03-28 09:29:30,242 - DEBUG - Starting new HTTPS connection (1): 8b434254zg.execute-api.ap-northeast-2.amazonaws.com:443
2023-03-28 09:29:30,785 - DEBUG - https://8b434254zg.execute-api.ap-northeast-2.amazonaws.com:443 "POST /dev/ioc HTTP/1.1" 200 148
2023-03-28 09:29:30,798 - DEBUG - < TEXT '[2, "6f8e9427-3ab4-443e-977c-a8cb489e5276", "Ge...izeRemoteTxRequests"]}]' [103 bytes]
2023-03-28 09:29:30,802 - DEBUG - > TEXT '[3, "6f8e9427-3ab4-443e-977c-a8cb489e5276", {"c... "status": "Accepted"}]' [139 bytes]
2023-03-28 09:29:31,299 - DEBUG - < TEXT '{}' [2 bytes]
2023-03-28 09:29:31,347 - DEBUG - > TEXT '[2, "3b717535-b31a-4591-92c2-b17edf9644a0", "St..."status": "Preparing"}]' [132 bytes]
2023-03-28 09:29:31,670 - DEBUG - < TEXT '[3, "3b717535-b31a-4591-92c2-b17edf9644a0", {}]' [47 bytes]
2023-03-28 09:29:44,041 - DEBUG - % sending keepalive ping
2023-03-28 09:29:44,042 - DEBUG - > PING 42 12 34 84 [binary, 4 bytes]
2023-03-28 09:29:44,049 - DEBUG - < PONG 42 12 34 84 [binary, 4 bytes]
2023-03-28 09:29:44,051 - DEBUG - % received keepalive pong
2023-03-28 09:29:52,348 - DEBUG - = connection is CONNECTING
2023-03-28 09:29:52,382 - DEBUG - > GET /ocpp16/ELA007C05/EVSCA050001 HTTP/1.1
2023-03-28 09:29:52,383 - DEBUG - > Host: ws.devevspcharger.uplus.co.kr
2023-03-28 09:29:52,383 - DEBUG - > Upgrade: websocket
2023-03-28 09:29:52,383 - DEBUG - > Connection: Upgrade
2023-03-28 09:29:52,383 - DEBUG - > Sec-WebSocket-Key: yMtOfIz4UHOPY2/Zdp2pXw==
2023-03-28 09:29:52,383 - DEBUG - > Sec-WebSocket-Version: 13
2023-03-28 09:29:52,384 - DEBUG - > Sec-WebSocket-Extensions: permessage-deflate; client_max_window_bits
2023-03-28 09:29:52,384 - DEBUG - > Sec-WebSocket-Protocol: ocpp1.6
2023-03-28 09:29:52,384 - DEBUG - > Authorization: Basic RVZBUjpFVkFSTEdV
2023-03-28 09:29:52,384 - DEBUG - > User-Agent: Python/3.11 websockets/10.4
2023-03-28 09:29:53,823 - DEBUG - < HTTP/1.1 101 Switching Protocols
2023-03-28 09:29:53,824 - DEBUG - < Connection: upgrade
2023-03-28 09:29:53,825 - DEBUG - < Date: Tue, 28 Mar 2023 00:29:52 GMT
2023-03-28 09:29:53,825 - DEBUG - < sec-websocket-protocol: ocpp1.6
2023-03-28 09:29:53,825 - DEBUG - < upgrade: websocket
2023-03-28 09:29:53,825 - DEBUG - < sec-websocket-accept: WQZ1QhmpS0bTCoYvdaeq1hPHoRw=
2023-03-28 09:29:53,825 - DEBUG - < sec-websocket-extensions: permessage-deflate
2023-03-28 09:29:53,825 - DEBUG - < X-Cache: Miss from cloudfront
2023-03-28 09:29:53,825 - DEBUG - < Via: 1.1 addf940186af6aa7dc864a17e45130c6.cloudfront.net (CloudFront)
2023-03-28 09:29:53,825 - DEBUG - < X-Amz-Cf-Pop: ICN57-P2
2023-03-28 09:29:53,825 - DEBUG - < X-Amz-Cf-Id: jYnmIt0O9ttmoIVGlNSRo3QU6H95WgXhjU0_Ccllw0VQaZUvnTgJvQ==
2023-03-28 09:29:53,826 - DEBUG - = connection is OPEN
2023-03-28 09:29:53,855 - DEBUG - > TEXT '[2, "56cce0bc-c88c-42cb-b875-7c623edaeaa9", "Bo...umber": "EVSCA050001"}]' [169 bytes]
2023-03-28 09:29:54,240 - DEBUG - < TEXT '[3, "56cce0bc-c88c-42cb-b875-7c623edaeaa9", {"s...52Z", "interval": 600}]' [123 bytes]
2023-03-28 09:29:54,272 - DEBUG - > TEXT '[2, "9be28a9d-93a9-456f-b68b-63175581178c", "St..."status": "Available"}]' [132 bytes]
2023-03-28 09:29:54,539 - DEBUG - < TEXT '[3, "9be28a9d-93a9-456f-b68b-63175581178c", {}]' [47 bytes]
2023-03-28 09:29:54,598 - DEBUG - > TEXT '[2, "0a2986ce-3bf6-4550-812f-86b30e4bb40e", "Au...": "1031040000069641"}]' [87 bytes]
2023-03-28 09:29:54,951 - DEBUG - < TEXT '[3, "0a2986ce-3bf6-4550-812f-86b30e4bb40e", {"i..."status": "Accepted"}}]' [82 bytes]
2023-03-28 09:29:54,985 - DEBUG - = connection is CLOSING
2023-03-28 09:29:54,986 - DEBUG - > CLOSE 1000 (OK) [2 bytes]
2023-03-28 09:29:54,994 - DEBUG - < CLOSE 1000 (OK) [2 bytes]
2023-03-28 09:29:55,003 - DEBUG - = connection is CLOSED
2023-03-28 09:29:57,944 - DEBUG - = connection is CONNECTING
2023-03-28 09:29:57,978 - DEBUG - > GET /ocpp16/ELA007C05/EVSCA050001 HTTP/1.1
2023-03-28 09:29:57,979 - DEBUG - > Host: ws.devevspcharger.uplus.co.kr
2023-03-28 09:29:57,979 - DEBUG - > Upgrade: websocket
2023-03-28 09:29:57,979 - DEBUG - > Connection: Upgrade
2023-03-28 09:29:57,980 - DEBUG - > Sec-WebSocket-Key: MOO9USjKPtxmJFWPOOq1dg==
2023-03-28 09:29:57,980 - DEBUG - > Sec-WebSocket-Version: 13
2023-03-28 09:29:57,980 - DEBUG - > Sec-WebSocket-Extensions: permessage-deflate; client_max_window_bits
2023-03-28 09:29:57,980 - DEBUG - > Sec-WebSocket-Protocol: ocpp1.6
2023-03-28 09:29:57,980 - DEBUG - > Authorization: Basic RVZBUjpFVkFSTEdV
2023-03-28 09:29:57,980 - DEBUG - > User-Agent: Python/3.11 websockets/10.4
2023-03-28 09:29:58,222 - DEBUG - < HTTP/1.1 101 Switching Protocols
2023-03-28 09:29:58,222 - DEBUG - < Connection: upgrade
2023-03-28 09:29:58,222 - DEBUG - < Date: Tue, 28 Mar 2023 00:29:57 GMT
2023-03-28 09:29:58,222 - DEBUG - < sec-websocket-protocol: ocpp1.6
2023-03-28 09:29:58,222 - DEBUG - < upgrade: websocket
2023-03-28 09:29:58,223 - DEBUG - < sec-websocket-accept: CyG4Xta+/8AllYkREUZ7pBA/3UQ=
2023-03-28 09:29:58,223 - DEBUG - < sec-websocket-extensions: permessage-deflate
2023-03-28 09:29:58,223 - DEBUG - < X-Cache: Miss from cloudfront
2023-03-28 09:29:58,223 - DEBUG - < Via: 1.1 88978ba000ab6fbb0841a728290a8442.cloudfront.net (CloudFront)
2023-03-28 09:29:58,223 - DEBUG - < X-Amz-Cf-Pop: ICN57-P2
2023-03-28 09:29:58,230 - DEBUG - < X-Amz-Cf-Id: K2zX3UPzcTwA3mkIrlZEtO7oz9gG2Ga7nlEjdB_dEKS7nURB8EujQw==
2023-03-28 09:29:58,230 - DEBUG - = connection is OPEN
2023-03-28 09:29:58,253 - DEBUG - > TEXT '[2, "92565ade-e44a-49f9-b59d-405f9022ae68", "Bo...umber": "EVSCA050001"}]' [169 bytes]
2023-03-28 09:29:58,553 - DEBUG - < TEXT '[3, "92565ade-e44a-49f9-b59d-405f9022ae68", {"s...57Z", "interval": 600}]' [123 bytes]
2023-03-28 09:30:04,050 - DEBUG - % sending keepalive ping
2023-03-28 09:30:04,050 - DEBUG - > PING ef 58 e6 12 [binary, 4 bytes]
2023-03-28 09:30:04,057 - DEBUG - < PONG ef 58 e6 12 [binary, 4 bytes]
2023-03-28 09:30:04,060 - DEBUG - % received keepalive pong
2023-03-28 09:30:05,045 - DEBUG - Starting new HTTPS connection (1): 8b434254zg.execute-api.ap-northeast-2.amazonaws.com:443
2023-03-28 09:30:05,568 - DEBUG - https://8b434254zg.execute-api.ap-northeast-2.amazonaws.com:443 "POST /dev/ioc HTTP/1.1" 200 148
2023-03-28 09:30:05,579 - DEBUG - < TEXT '[2, "70d3865e-e939-45a5-b5d1-4236d4177e03", "Ge...izeRemoteTxRequests"]}]' [103 bytes]
2023-03-28 09:30:05,586 - DEBUG - > TEXT '[3, "70d3865e-e939-45a5-b5d1-4236d4177e03", {"c... "status": "Accepted"}]' [139 bytes]
2023-03-28 09:30:05,762 - DEBUG - < TEXT '{}' [2 bytes]
2023-03-28 09:30:05,812 - DEBUG - > TEXT '[2, "9cda1f2e-7ad0-4be7-a07e-b68ac0372f69", "St..."status": "Preparing"}]' [132 bytes]
2023-03-28 09:30:06,054 - DEBUG - < TEXT '[3, "9cda1f2e-7ad0-4be7-a07e-b68ac0372f69", {}]' [47 bytes]
2023-03-28 09:30:18,220 - DEBUG - % sending keepalive ping
2023-03-28 09:30:18,220 - DEBUG - > PING 93 1a 37 ad [binary, 4 bytes]
2023-03-28 09:30:18,229 - DEBUG - < PONG 93 1a 37 ad [binary, 4 bytes]
2023-03-28 09:30:18,234 - DEBUG - % received keepalive pong
2023-03-28 09:30:22,403 - DEBUG - < TEXT '[2, "20230328093020833", "RemoteStartTransactio...": "1031040000069641"}]' [148 bytes]
2023-03-28 09:30:22,426 - DEBUG - = connection is CLOSING
2023-03-28 09:30:22,426 - DEBUG - > CLOSE 1000 (OK) [2 bytes]
2023-03-28 09:30:22,434 - DEBUG - < CLOSE 1000 (OK) [2 bytes]
2023-03-28 09:30:22,437 - DEBUG - = connection is CLOSED
2023-03-28 09:30:26,672 - DEBUG - % sending keepalive ping
2023-03-28 09:30:26,672 - DEBUG - > PING 2d 79 7c cf [binary, 4 bytes]
2023-03-28 09:30:26,680 - DEBUG - < PONG 2d 79 7c cf [binary, 4 bytes]
2023-03-28 09:30:26,695 - DEBUG - % received keepalive pong
2023-03-28 09:30:46,687 - DEBUG - % sending keepalive ping
2023-03-28 09:30:46,687 - DEBUG - > PING ce 88 ba 54 [binary, 4 bytes]
2023-03-28 09:30:46,693 - DEBUG - < PONG ce 88 ba 54 [binary, 4 bytes]
2023-03-28 09:30:46,697 - DEBUG - % received keepalive pong
2023-03-28 09:31:06,686 - DEBUG - % sending keepalive ping
2023-03-28 09:31:06,686 - DEBUG - > PING f7 a9 b0 53 [binary, 4 bytes]
2023-03-28 09:31:06,696 - DEBUG - < PONG f7 a9 b0 53 [binary, 4 bytes]
2023-03-28 09:31:06,703 - DEBUG - % received keepalive pong
2023-03-28 09:31:26,686 - DEBUG - % sending keepalive ping
2023-03-28 09:31:26,687 - DEBUG - > PING 75 ba c5 1c [binary, 4 bytes]
2023-03-28 09:31:26,694 - DEBUG - < PONG 75 ba c5 1c [binary, 4 bytes]
2023-03-28 09:31:26,697 - DEBUG - % received keepalive pong
2023-03-28 09:31:46,690 - DEBUG - % sending keepalive ping
2023-03-28 09:31:46,690 - DEBUG - > PING b9 dc 3f 3e [binary, 4 bytes]
2023-03-28 09:31:46,697 - DEBUG - < PONG b9 dc 3f 3e [binary, 4 bytes]
2023-03-28 09:31:46,702 - DEBUG - % received keepalive pong
2023-03-28 09:32:06,689 - DEBUG - % sending keepalive ping
2023-03-28 09:32:06,689 - DEBUG - > PING '\x08y>\x05' [text, 4 bytes]
2023-03-28 09:32:06,695 - DEBUG - < PONG '\x08y>\x05' [text, 4 bytes]
2023-03-28 09:32:06,699 - DEBUG - % received keepalive pong
2023-03-28 09:32:26,691 - DEBUG - % sending keepalive ping
2023-03-28 09:32:26,691 - DEBUG - > PING 1a d2 e4 09 [binary, 4 bytes]
2023-03-28 09:32:26,702 - DEBUG - < PONG 1a d2 e4 09 [binary, 4 bytes]
2023-03-28 09:32:26,707 - DEBUG - % received keepalive pong
2023-03-28 09:32:46,694 - DEBUG - % sending keepalive ping
2023-03-28 09:32:46,694 - DEBUG - > PING 72 dc 7e a5 [binary, 4 bytes]
2023-03-28 09:32:46,701 - DEBUG - < PONG 72 dc 7e a5 [binary, 4 bytes]
2023-03-28 09:32:46,704 - DEBUG - % received keepalive pong
2023-03-28 09:33:06,682 - DEBUG - % sending keepalive ping
2023-03-28 09:33:06,682 - DEBUG - > PING 35 75 74 af [binary, 4 bytes]
2023-03-28 09:33:06,689 - DEBUG - < PONG 35 75 74 af [binary, 4 bytes]
2023-03-28 09:33:06,692 - DEBUG - % received keepalive pong
2023-03-28 09:33:26,687 - DEBUG - % sending keepalive ping
2023-03-28 09:33:26,687 - DEBUG - > PING 9a a8 8f 73 [binary, 4 bytes]
2023-03-28 09:33:26,694 - DEBUG - < PONG 9a a8 8f 73 [binary, 4 bytes]
2023-03-28 09:33:26,698 - DEBUG - % received keepalive pong
2023-03-28 09:33:46,691 - DEBUG - % sending keepalive ping
2023-03-28 09:33:46,691 - DEBUG - > PING a9 15 e4 df [binary, 4 bytes]
2023-03-28 09:33:46,698 - DEBUG - < PONG a9 15 e4 df [binary, 4 bytes]
2023-03-28 09:33:46,705 - DEBUG - % received keepalive pong
2023-03-28 09:34:06,692 - DEBUG - % sending keepalive ping
2023-03-28 09:34:06,692 - DEBUG - > PING f6 38 c4 db [binary, 4 bytes]
2023-03-28 09:34:06,699 - DEBUG - < PONG f6 38 c4 db [binary, 4 bytes]
2023-03-28 09:34:06,704 - DEBUG - % received keepalive pong
2023-03-28 09:34:26,692 - DEBUG - % sending keepalive ping
2023-03-28 09:34:26,693 - DEBUG - > PING 8f 02 7f ee [binary, 4 bytes]
2023-03-28 09:34:26,701 - DEBUG - < PONG 8f 02 7f ee [binary, 4 bytes]
2023-03-28 09:34:26,707 - DEBUG - % received keepalive pong
2023-03-28 09:34:46,692 - DEBUG - % sending keepalive ping
2023-03-28 09:34:46,693 - DEBUG - > PING 4a 3e e3 06 [binary, 4 bytes]
2023-03-28 09:34:46,699 - DEBUG - < PONG 4a 3e e3 06 [binary, 4 bytes]
2023-03-28 09:34:46,706 - DEBUG - % received keepalive pong
2023-03-28 09:35:06,697 - DEBUG - % sending keepalive ping
2023-03-28 09:35:06,697 - DEBUG - > PING 3f f0 05 13 [binary, 4 bytes]
2023-03-28 09:35:06,704 - DEBUG - < PONG 3f f0 05 13 [binary, 4 bytes]
2023-03-28 09:35:06,709 - DEBUG - % received keepalive pong
2023-03-28 09:35:26,682 - DEBUG - % sending keepalive ping
2023-03-28 09:35:26,682 - DEBUG - > PING b7 7f c5 45 [binary, 4 bytes]
2023-03-28 09:35:26,688 - DEBUG - < PONG b7 7f c5 45 [binary, 4 bytes]
2023-03-28 09:35:26,692 - DEBUG - % received keepalive pong
2023-03-28 09:35:46,688 - DEBUG - % sending keepalive ping
2023-03-28 09:35:46,688 - DEBUG - > PING 00 c3 95 b8 [binary, 4 bytes]
2023-03-28 09:35:46,733 - DEBUG - < PONG 00 c3 95 b8 [binary, 4 bytes]
2023-03-28 09:35:46,737 - DEBUG - % received keepalive pong
2023-03-28 09:36:06,723 - DEBUG - % sending keepalive ping
2023-03-28 09:36:06,723 - DEBUG - > PING 67 de 7d e3 [binary, 4 bytes]
2023-03-28 09:36:06,730 - DEBUG - < PONG 67 de 7d e3 [binary, 4 bytes]
2023-03-28 09:36:06,732 - DEBUG - % received keepalive pong
2023-03-28 09:36:26,724 - DEBUG - % sending keepalive ping
2023-03-28 09:36:26,724 - DEBUG - > PING 3f 09 3f 80 [binary, 4 bytes]
2023-03-28 09:36:26,739 - DEBUG - < PONG 3f 09 3f 80 [binary, 4 bytes]
2023-03-28 09:36:26,742 - DEBUG - % received keepalive pong
2023-03-28 09:36:46,726 - DEBUG - % sending keepalive ping
2023-03-28 09:36:46,726 - DEBUG - > PING 37 79 b6 85 [binary, 4 bytes]
2023-03-28 09:36:46,733 - DEBUG - < PONG 37 79 b6 85 [binary, 4 bytes]
2023-03-28 09:36:46,737 - DEBUG - % received keepalive pong
2023-03-28 09:37:06,720 - DEBUG - % sending keepalive ping
2023-03-28 09:37:06,720 - DEBUG - > PING 5b b6 c8 f9 [binary, 4 bytes]
2023-03-28 09:37:06,727 - DEBUG - < PONG 5b b6 c8 f9 [binary, 4 bytes]
2023-03-28 09:37:06,730 - DEBUG - % received keepalive pong
2023-03-28 09:37:26,722 - DEBUG - % sending keepalive ping
2023-03-28 09:37:26,722 - DEBUG - > PING 64 f1 81 8e [binary, 4 bytes]
2023-03-28 09:37:26,728 - DEBUG - < PONG 64 f1 81 8e [binary, 4 bytes]
2023-03-28 09:37:26,733 - DEBUG - % received keepalive pong
2023-03-28 09:37:46,721 - DEBUG - % sending keepalive ping
2023-03-28 09:37:46,721 - DEBUG - > PING 7e c2 f6 a7 [binary, 4 bytes]
2023-03-28 09:37:46,727 - DEBUG - < PONG 7e c2 f6 a7 [binary, 4 bytes]
2023-03-28 09:37:46,732 - DEBUG - % received keepalive pong
2023-03-28 09:38:06,726 - DEBUG - % sending keepalive ping
2023-03-28 09:38:06,726 - DEBUG - > PING 46 36 e1 aa [binary, 4 bytes]
2023-03-28 09:38:06,732 - DEBUG - < PONG 46 36 e1 aa [binary, 4 bytes]
2023-03-28 09:38:06,736 - DEBUG - % received keepalive pong
2023-03-28 09:38:26,715 - DEBUG - % sending keepalive ping
2023-03-28 09:38:26,715 - DEBUG - > PING 47 ab 2f 5f [binary, 4 bytes]
2023-03-28 09:38:26,722 - DEBUG - < PONG 47 ab 2f 5f [binary, 4 bytes]
2023-03-28 09:38:26,727 - DEBUG - % received keepalive pong
2023-03-28 09:38:46,721 - DEBUG - % sending keepalive ping
2023-03-28 09:38:46,721 - DEBUG - > PING 8d 00 fd 53 [binary, 4 bytes]
2023-03-28 09:38:46,727 - DEBUG - < PONG 8d 00 fd 53 [binary, 4 bytes]
2023-03-28 09:38:46,730 - DEBUG - % received keepalive pong
2023-03-28 09:39:06,722 - DEBUG - % sending keepalive ping
2023-03-28 09:39:06,722 - DEBUG - > PING a9 f3 d5 e2 [binary, 4 bytes]
2023-03-28 09:39:06,730 - DEBUG - < PONG a9 f3 d5 e2 [binary, 4 bytes]
2023-03-28 09:39:06,733 - DEBUG - % received keepalive pong
2023-03-28 09:39:26,726 - DEBUG - % sending keepalive ping
2023-03-28 09:39:26,726 - DEBUG - > PING f5 fc 80 74 [binary, 4 bytes]
2023-03-28 09:39:26,732 - DEBUG - < PONG f5 fc 80 74 [binary, 4 bytes]
2023-03-28 09:39:26,735 - DEBUG - % received keepalive pong
2023-03-28 09:39:31,725 - DEBUG - = connection is CLOSING
2023-03-28 09:39:31,725 - DEBUG - > CLOSE 1000 (OK) [2 bytes]
2023-03-28 09:39:31,732 - DEBUG - < CLOSE 1000 (OK) [2 bytes]
2023-03-28 09:39:31,746 - DEBUG - = connection is CLOSED
2023-03-28 10:04:29,668 - DEBUG - = connection is CONNECTING
2023-03-28 10:04:29,708 - DEBUG - > GET /ocpp16/ELA007C01/EVSCA070007 HTTP/1.1
2023-03-28 10:04:29,708 - DEBUG - > Host: ws.devevspcharger.uplus.co.kr
2023-03-28 10:04:29,708 - DEBUG - > Upgrade: websocket
2023-03-28 10:04:29,709 - DEBUG - > Connection: Upgrade
2023-03-28 10:04:29,709 - DEBUG - > Sec-WebSocket-Key: 82B94Ew6y0075E7Y0uVypw==
2023-03-28 10:04:29,709 - DEBUG - > Sec-WebSocket-Version: 13
2023-03-28 10:04:29,709 - DEBUG - > Sec-WebSocket-Extensions: permessage-deflate; client_max_window_bits
2023-03-28 10:04:29,709 - DEBUG - > Sec-WebSocket-Protocol: ocpp1.6
2023-03-28 10:04:29,709 - DEBUG - > Authorization: Basic RVZBUjpFVkFSTEdV
2023-03-28 10:04:29,709 - DEBUG - > User-Agent: Python/3.11 websockets/10.4
2023-03-28 10:04:30,977 - DEBUG - < HTTP/1.1 101 Switching Protocols
2023-03-28 10:04:30,978 - DEBUG - < Connection: upgrade
2023-03-28 10:04:30,979 - DEBUG - < Date: Tue, 28 Mar 2023 01:04:29 GMT
2023-03-28 10:04:30,979 - DEBUG - < sec-websocket-protocol: ocpp1.6
2023-03-28 10:04:30,979 - DEBUG - < upgrade: websocket
2023-03-28 10:04:30,979 - DEBUG - < sec-websocket-accept: 7BYcT94feqR5v0lrFsnN/KFwwyk=
2023-03-28 10:04:30,979 - DEBUG - < sec-websocket-extensions: permessage-deflate
2023-03-28 10:04:30,979 - DEBUG - < X-Cache: Miss from cloudfront
2023-03-28 10:04:30,979 - DEBUG - < Via: 1.1 47d972c0543b96b8ef5a6c3258e80bf0.cloudfront.net (CloudFront)
2023-03-28 10:04:30,979 - DEBUG - < X-Amz-Cf-Pop: ICN57-P2
2023-03-28 10:04:30,979 - DEBUG - < X-Amz-Cf-Id: ajMWXeuT7Rtg0tqRn1eSxAPIvzrc88d5R8GCBhg7XBBRMVIgAlUSqA==
2023-03-28 10:04:30,979 - DEBUG - = connection is OPEN
2023-03-28 10:04:31,004 - DEBUG - > TEXT '[2, "73776705-a785-481e-a55c-23a9ce973ed2", "Bo...umber": "EVSCA050001"}]' [169 bytes]
2023-03-28 10:04:32,047 - DEBUG - < TEXT '[4, "73776705-a785-481e-a55c-23a9ce973ed2", {"e... system availability"}]' [161 bytes]
2023-03-28 10:04:32,070 - DEBUG - = connection is CLOSING
2023-03-28 10:04:32,070 - DEBUG - > CLOSE 1000 (OK) [2 bytes]
2023-03-28 10:04:32,082 - DEBUG - < CLOSE 1000 (OK) [2 bytes]
2023-03-28 10:04:32,084 - DEBUG - = connection is CLOSED
2023-03-28 10:04:40,469 - DEBUG - = connection is CONNECTING
2023-03-28 10:04:40,500 - DEBUG - > GET /ocpp16/ELA007C01/EVSCA070007 HTTP/1.1
2023-03-28 10:04:40,500 - DEBUG - > Host: ws.devevspcharger.uplus.co.kr
2023-03-28 10:04:40,500 - DEBUG - > Upgrade: websocket
2023-03-28 10:04:40,500 - DEBUG - > Connection: Upgrade
2023-03-28 10:04:40,500 - DEBUG - > Sec-WebSocket-Key: PfrdeSpp5P3Hjc6IYwGoiA==
2023-03-28 10:04:40,500 - DEBUG - > Sec-WebSocket-Version: 13
2023-03-28 10:04:40,500 - DEBUG - > Sec-WebSocket-Extensions: permessage-deflate; client_max_window_bits
2023-03-28 10:04:40,500 - DEBUG - > Sec-WebSocket-Protocol: ocpp1.6
2023-03-28 10:04:40,500 - DEBUG - > Authorization: Basic RVZBUjpFVkFSTEdV
2023-03-28 10:04:40,501 - DEBUG - > User-Agent: Python/3.11 websockets/10.4
2023-03-28 10:04:40,755 - DEBUG - < HTTP/1.1 101 Switching Protocols
2023-03-28 10:04:40,756 - DEBUG - < Connection: upgrade
2023-03-28 10:04:40,756 - DEBUG - < Date: Tue, 28 Mar 2023 01:04:39 GMT
2023-03-28 10:04:40,757 - DEBUG - < sec-websocket-protocol: ocpp1.6
2023-03-28 10:04:40,757 - DEBUG - < upgrade: websocket
2023-03-28 10:04:40,758 - DEBUG - < sec-websocket-accept: Dv5MtZHzMdAXCPw7YTBvCCpQ+Zk=
2023-03-28 10:04:40,759 - DEBUG - < sec-websocket-extensions: permessage-deflate
2023-03-28 10:04:40,760 - DEBUG - < X-Cache: Miss from cloudfront
2023-03-28 10:04:40,760 - DEBUG - < Via: 1.1 88978ba000ab6fbb0841a728290a8442.cloudfront.net (CloudFront)
2023-03-28 10:04:40,761 - DEBUG - < X-Amz-Cf-Pop: ICN57-P2
2023-03-28 10:04:40,761 - DEBUG - < X-Amz-Cf-Id: 4b4Nre1AX1z2vzXaoyyoncPoSCz09G0nY8G1E8aUKeOrITdGDMI0aA==
2023-03-28 10:04:40,761 - DEBUG - = connection is OPEN
2023-03-28 10:04:40,783 - DEBUG - > TEXT '[2, "60abc388-2b3d-4237-b51e-d92adf90ee6e", "Bo...umber": "EVSCA050001"}]' [169 bytes]
2023-03-28 10:04:40,922 - DEBUG - < TEXT '[4, "60abc388-2b3d-4237-b51e-d92adf90ee6e", {"e... system availability"}]' [161 bytes]
2023-03-28 10:04:40,950 - DEBUG - = connection is CLOSING
2023-03-28 10:04:40,950 - DEBUG - > CLOSE 1000 (OK) [2 bytes]
2023-03-28 10:04:40,961 - DEBUG - < CLOSE 1000 (OK) [2 bytes]
2023-03-28 10:04:40,975 - DEBUG - = connection is CLOSED
2023-03-28 10:05:37,732 - DEBUG - = connection is CONNECTING
2023-03-28 10:05:37,765 - DEBUG - > GET /ocpp16/ELA007C01/EVSCA070007 HTTP/1.1
2023-03-28 10:05:37,765 - DEBUG - > Host: ws.devevspcharger.uplus.co.kr
2023-03-28 10:05:37,766 - DEBUG - > Upgrade: websocket
2023-03-28 10:05:37,766 - DEBUG - > Connection: Upgrade
2023-03-28 10:05:37,766 - DEBUG - > Sec-WebSocket-Key: Rkk6neYV7s/MOmVyFKmeWA==
2023-03-28 10:05:37,767 - DEBUG - > Sec-WebSocket-Version: 13
2023-03-28 10:05:37,767 - DEBUG - > Sec-WebSocket-Extensions: permessage-deflate; client_max_window_bits
2023-03-28 10:05:37,768 - DEBUG - > Sec-WebSocket-Protocol: ocpp1.6
2023-03-28 10:05:37,769 - DEBUG - > Authorization: Basic RVZBUjpFVkFSTEdV
2023-03-28 10:05:37,770 - DEBUG - > User-Agent: Python/3.11 websockets/10.4
2023-03-28 10:05:37,979 - DEBUG - < HTTP/1.1 101 Switching Protocols
2023-03-28 10:05:37,980 - DEBUG - < Connection: upgrade
2023-03-28 10:05:37,980 - DEBUG - < Date: Tue, 28 Mar 2023 01:05:36 GMT
2023-03-28 10:05:37,980 - DEBUG - < sec-websocket-protocol: ocpp1.6
2023-03-28 10:05:37,980 - DEBUG - < upgrade: websocket
2023-03-28 10:05:37,980 - DEBUG - < sec-websocket-accept: FHbDmDbZxlTbAIM0X+1/8I85F6I=
2023-03-28 10:05:37,981 - DEBUG - < sec-websocket-extensions: permessage-deflate
2023-03-28 10:05:37,981 - DEBUG - < X-Cache: Miss from cloudfront
2023-03-28 10:05:37,981 - DEBUG - < Via: 1.1 5a0f884e3a21756e824f803c83d7f3d0.cloudfront.net (CloudFront)
2023-03-28 10:05:37,981 - DEBUG - < X-Amz-Cf-Pop: ICN57-P2
2023-03-28 10:05:37,981 - DEBUG - < X-Amz-Cf-Id: FFR7-Iy30ESI85BPdIVGC9gTvbxt797OEXCnRMvKlNaEH9bJPPzLPw==
2023-03-28 10:05:37,981 - DEBUG - = connection is OPEN
2023-03-28 10:05:38,003 - DEBUG - > TEXT '[2, "05c57896-622f-4220-904c-a92a87fa92e1", "Bo...umber": "EVSCA070007"}]' [169 bytes]
2023-03-28 10:05:38,267 - DEBUG - < TEXT '[3, "05c57896-622f-4220-904c-a92a87fa92e1", {"s...36Z", "interval": 300}]' [123 bytes]
2023-03-28 10:05:57,965 - DEBUG - % sending keepalive ping
2023-03-28 10:05:57,965 - DEBUG - > PING '|\x05?4' [text, 4 bytes]
2023-03-28 10:05:57,972 - DEBUG - < PONG '|\x05?4' [text, 4 bytes]
2023-03-28 10:05:57,976 - DEBUG - % received keepalive pong
2023-03-28 10:06:05,828 - DEBUG - Starting new HTTPS connection (1): 8b434254zg.execute-api.ap-northeast-2.amazonaws.com:443
2023-03-28 10:06:08,079 - DEBUG - https://8b434254zg.execute-api.ap-northeast-2.amazonaws.com:443 "POST /dev/ioc HTTP/1.1" 200 148
2023-03-28 10:06:08,098 - DEBUG - < TEXT '[2, "e61828ab-f6ab-46ba-9c6e-7ba02a5e677f", "Ge...izeRemoteTxRequests"]}]' [103 bytes]
2023-03-28 10:06:08,102 - DEBUG - > TEXT '[3, "e61828ab-f6ab-46ba-9c6e-7ba02a5e677f", {"c... "status": "Accepted"}]' [139 bytes]
2023-03-28 10:06:08,962 - DEBUG - < TEXT '{}' [2 bytes]
2023-03-28 10:06:09,002 - DEBUG - > TEXT '[2, "05c57896-622f-4220-904c-a92a87fa92e1", "St..."status": "Preparing"}]' [132 bytes]
2023-03-28 10:06:09,675 - DEBUG - < TEXT '[3, "05c57896-622f-4220-904c-a92a87fa92e1", {}]' [47 bytes]
2023-03-28 10:06:17,963 - DEBUG - % sending keepalive ping
2023-03-28 10:06:17,964 - DEBUG - > PING '2x%u' [text, 4 bytes]
2023-03-28 10:06:17,972 - DEBUG - < PONG '2x%u' [text, 4 bytes]
2023-03-28 10:06:17,975 - DEBUG - % received keepalive pong
2023-03-28 10:06:37,967 - DEBUG - % sending keepalive ping
2023-03-28 10:06:37,967 - DEBUG - > PING e8 bc ce 32 [binary, 4 bytes]
2023-03-28 10:06:37,974 - DEBUG - < PONG e8 bc ce 32 [binary, 4 bytes]
2023-03-28 10:06:37,976 - DEBUG - % received keepalive pong
2023-03-28 10:06:44,934 - DEBUG - = connection is CONNECTING
2023-03-28 10:06:44,965 - DEBUG - > GET /ocpp16/ELA007C01/EVSCA070007 HTTP/1.1
2023-03-28 10:06:44,965 - DEBUG - > Host: ws.devevspcharger.uplus.co.kr
2023-03-28 10:06:44,966 - DEBUG - > Upgrade: websocket
2023-03-28 10:06:44,966 - DEBUG - > Connection: Upgrade
2023-03-28 10:06:44,966 - DEBUG - > Sec-WebSocket-Key: V0dxjX5TnJRRRUl0boDUTA==
2023-03-28 10:06:44,967 - DEBUG - > Sec-WebSocket-Version: 13
2023-03-28 10:06:44,967 - DEBUG - > Sec-WebSocket-Extensions: permessage-deflate; client_max_window_bits
2023-03-28 10:06:44,967 - DEBUG - > Sec-WebSocket-Protocol: ocpp1.6
2023-03-28 10:06:44,967 - DEBUG - > Authorization: Basic RVZBUjpFVkFSTEdV
2023-03-28 10:06:44,968 - DEBUG - > User-Agent: Python/3.11 websockets/10.4
2023-03-28 10:06:45,457 - DEBUG - < HTTP/1.1 101 Switching Protocols
2023-03-28 10:06:45,457 - DEBUG - < Connection: upgrade
2023-03-28 10:06:45,457 - DEBUG - < Date: Tue, 28 Mar 2023 01:06:44 GMT
2023-03-28 10:06:45,457 - DEBUG - < sec-websocket-protocol: ocpp1.6
2023-03-28 10:06:45,457 - DEBUG - < upgrade: websocket
2023-03-28 10:06:45,457 - DEBUG - < sec-websocket-accept: bJCb59KiJcS99XFtYY94Odc+g2k=
2023-03-28 10:06:45,457 - DEBUG - < sec-websocket-extensions: permessage-deflate
2023-03-28 10:06:45,457 - DEBUG - < X-Cache: Miss from cloudfront
2023-03-28 10:06:45,458 - DEBUG - < Via: 1.1 addf940186af6aa7dc864a17e45130c6.cloudfront.net (CloudFront)
2023-03-28 10:06:45,458 - DEBUG - < X-Amz-Cf-Pop: ICN57-P2
2023-03-28 10:06:45,458 - DEBUG - < X-Amz-Cf-Id: xY9e75ga6iwY3krXsSbz1Y5Fn5ZuAQP7LR4GY9MGj-wP_2sdOLiQ9A==
2023-03-28 10:06:45,458 - DEBUG - = connection is OPEN
2023-03-28 10:06:45,496 - DEBUG - > TEXT '[2, "35326c8f-c55c-4c75-b225-7ed5a8c63153", "Bo...umber": "EVSCA070007"}]' [169 bytes]
2023-03-28 10:06:45,874 - DEBUG - < TEXT '[3, "35326c8f-c55c-4c75-b225-7ed5a8c63153", {"s...44Z", "interval": 300}]' [123 bytes]
2023-03-28 10:06:54,091 - DEBUG - = connection is CONNECTING
2023-03-28 10:06:54,124 - DEBUG - > GET /ocpp16/ELA007C01/EVSCA070007 HTTP/1.1
2023-03-28 10:06:54,124 - DEBUG - > Host: ws.devevspcharger.uplus.co.kr
2023-03-28 10:06:54,124 - DEBUG - > Upgrade: websocket
2023-03-28 10:06:54,125 - DEBUG - > Connection: Upgrade
2023-03-28 10:06:54,125 - DEBUG - > Sec-WebSocket-Key: XCVG1eeb3rL2mpjphtjANw==
2023-03-28 10:06:54,125 - DEBUG - > Sec-WebSocket-Version: 13
2023-03-28 10:06:54,125 - DEBUG - > Sec-WebSocket-Extensions: permessage-deflate; client_max_window_bits
2023-03-28 10:06:54,125 - DEBUG - > Sec-WebSocket-Protocol: ocpp1.6
2023-03-28 10:06:54,125 - DEBUG - > Authorization: Basic RVZBUjpFVkFSTEdV
2023-03-28 10:06:54,125 - DEBUG - > User-Agent: Python/3.11 websockets/10.4
2023-03-28 10:06:54,406 - DEBUG - < HTTP/1.1 101 Switching Protocols
2023-03-28 10:06:54,406 - DEBUG - < Connection: upgrade
2023-03-28 10:06:54,406 - DEBUG - < Date: Tue, 28 Mar 2023 01:06:53 GMT
2023-03-28 10:06:54,406 - DEBUG - < sec-websocket-protocol: ocpp1.6
2023-03-28 10:06:54,406 - DEBUG - < upgrade: websocket
2023-03-28 10:06:54,406 - DEBUG - < sec-websocket-accept: /e8w8dy3OXFiZ/52z3deMqgqSm8=
2023-03-28 10:06:54,406 - DEBUG - < sec-websocket-extensions: permessage-deflate
2023-03-28 10:06:54,406 - DEBUG - < X-Cache: Miss from cloudfront
2023-03-28 10:06:54,406 - DEBUG - < Via: 1.1 1c31b550dc04cf34ff9053b76a7eecc4.cloudfront.net (CloudFront)
2023-03-28 10:06:54,406 - DEBUG - < X-Amz-Cf-Pop: ICN57-P2
2023-03-28 10:06:54,406 - DEBUG - < X-Amz-Cf-Id: VxwW9E3b9ttpY2ziYMhQ0Z8v4ux_r5IKLmf6MnYAti_i3ahUEwSYjA==
2023-03-28 10:06:54,406 - DEBUG - = connection is OPEN
2023-03-28 10:06:54,450 - DEBUG - > TEXT '[2, "c52b4170-355f-4982-bb71-276760407846", "Bo...umber": "EVSCA070007"}]' [169 bytes]
2023-03-28 10:06:54,863 - DEBUG - < TEXT '[3, "c52b4170-355f-4982-bb71-276760407846", {"s...53Z", "interval": 300}]' [123 bytes]
2023-03-28 10:06:54,899 - DEBUG - > TEXT '[2, "ca359392-8944-483d-b28a-ddee95de4a31", "St..."status": "Available"}]' [132 bytes]
2023-03-28 10:06:55,150 - DEBUG - < TEXT '[3, "ca359392-8944-483d-b28a-ddee95de4a31", {}]' [47 bytes]
2023-03-28 10:06:55,189 - DEBUG - > TEXT '[2, "ec4f97ac-8cfa-40aa-8082-f38c0d913d91", "Au...": "1031040000069641"}]' [87 bytes]
2023-03-28 10:06:55,652 - DEBUG - < TEXT '[3, "ec4f97ac-8cfa-40aa-8082-f38c0d913d91", {"i..."status": "Accepted"}}]' [82 bytes]
2023-03-28 10:06:55,676 - DEBUG - = connection is CLOSING
2023-03-28 10:06:55,676 - DEBUG - > CLOSE 1000 (OK) [2 bytes]
2023-03-28 10:06:55,683 - DEBUG - < CLOSE 1000 (OK) [2 bytes]
2023-03-28 10:06:55,698 - DEBUG - = connection is CLOSED
2023-03-28 10:06:59,282 - DEBUG - % sending keepalive ping
2023-03-28 10:06:59,282 - DEBUG - > PING 9b a4 04 34 [binary, 4 bytes]
2023-03-28 10:06:59,290 - DEBUG - < PONG 9b a4 04 34 [binary, 4 bytes]
2023-03-28 10:06:59,298 - DEBUG - % received keepalive pong
2023-03-28 10:07:05,470 - DEBUG - % sending keepalive ping
2023-03-28 10:07:05,471 - DEBUG - > PING 36 d5 cb 28 [binary, 4 bytes]
2023-03-28 10:07:05,477 - DEBUG - < PONG 36 d5 cb 28 [binary, 4 bytes]
2023-03-28 10:07:05,487 - DEBUG - % received keepalive pong
2023-03-28 10:07:06,855 - DEBUG - = connection is CONNECTING
2023-03-28 10:07:06,889 - DEBUG - > GET /ocpp16/ELA007C01/EVSCA070007 HTTP/1.1
2023-03-28 10:07:06,889 - DEBUG - > Host: ws.devevspcharger.uplus.co.kr
2023-03-28 10:07:06,889 - DEBUG - > Upgrade: websocket
2023-03-28 10:07:06,889 - DEBUG - > Connection: Upgrade
2023-03-28 10:07:06,889 - DEBUG - > Sec-WebSocket-Key: QWuE9NrH7M8/jOh665e8aw==
2023-03-28 10:07:06,889 - DEBUG - > Sec-WebSocket-Version: 13
2023-03-28 10:07:06,889 - DEBUG - > Sec-WebSocket-Extensions: permessage-deflate; client_max_window_bits
2023-03-28 10:07:06,889 - DEBUG - > Sec-WebSocket-Protocol: ocpp1.6
2023-03-28 10:07:06,889 - DEBUG - > Authorization: Basic RVZBUjpFVkFSTEdV
2023-03-28 10:07:06,890 - DEBUG - > User-Agent: Python/3.11 websockets/10.4
2023-03-28 10:07:07,165 - DEBUG - < HTTP/1.1 101 Switching Protocols
2023-03-28 10:07:07,165 - DEBUG - < Connection: upgrade
2023-03-28 10:07:07,165 - DEBUG - < Date: Tue, 28 Mar 2023 01:07:05 GMT
2023-03-28 10:07:07,166 - DEBUG - < sec-websocket-protocol: ocpp1.6
2023-03-28 10:07:07,166 - DEBUG - < upgrade: websocket
2023-03-28 10:07:07,166 - DEBUG - < sec-websocket-accept: TjEpFuCE13wB+esN27uwj+Rw/2M=
2023-03-28 10:07:07,166 - DEBUG - < sec-websocket-extensions: permessage-deflate
2023-03-28 10:07:07,166 - DEBUG - < X-Cache: Miss from cloudfront
2023-03-28 10:07:07,166 - DEBUG - < Via: 1.1 3ced0108f56d0634c19ad34e6b299e80.cloudfront.net (CloudFront)
2023-03-28 10:07:07,166 - DEBUG - < X-Amz-Cf-Pop: ICN57-P2
2023-03-28 10:07:07,167 - DEBUG - < X-Amz-Cf-Id: Zcy_CHrvkvEcsNTKd2AHm642P4_Ut9uUrLaox_fISZJLZG_zobqW8g==
2023-03-28 10:07:07,167 - DEBUG - = connection is OPEN
2023-03-28 10:07:07,204 - DEBUG - > TEXT '[2, "f5342f10-bbd5-4e24-b386-aebf44ecd4f0", "Bo...umber": "EVSCA070007"}]' [169 bytes]
2023-03-28 10:07:07,650 - DEBUG - < TEXT '[3, "f5342f10-bbd5-4e24-b386-aebf44ecd4f0", {"s...06Z", "interval": 300}]' [123 bytes]
2023-03-28 10:07:10,619 - DEBUG - Starting new HTTPS connection (1): 8b434254zg.execute-api.ap-northeast-2.amazonaws.com:443
2023-03-28 10:07:11,295 - DEBUG - https://8b434254zg.execute-api.ap-northeast-2.amazonaws.com:443 "POST /dev/ioc HTTP/1.1" 200 148
2023-03-28 10:07:11,317 - DEBUG - < TEXT '[2, "e5de5c34-c66e-4d29-942f-cb09fe69aa98", "Ge...izeRemoteTxRequests"]}]' [103 bytes]
2023-03-28 10:07:11,330 - DEBUG - > TEXT '[3, "e5de5c34-c66e-4d29-942f-cb09fe69aa98", {"c... "status": "Accepted"}]' [139 bytes]
2023-03-28 10:07:11,651 - DEBUG - < TEXT '{}' [2 bytes]
2023-03-28 10:07:11,690 - DEBUG - > TEXT '[2, "b20b5398-dd87-4378-b058-3bad78c95a7d", "St..."status": "Preparing"}]' [132 bytes]
2023-03-28 10:07:11,955 - DEBUG - < TEXT '[3, "b20b5398-dd87-4378-b058-3bad78c95a7d", {}]' [47 bytes]
2023-03-28 10:07:19,307 - DEBUG - % sending keepalive ping
2023-03-28 10:07:19,307 - DEBUG - > PING 'U?L/' [text, 4 bytes]
2023-03-28 10:07:19,315 - DEBUG - < PONG 'U?L/' [text, 4 bytes]
2023-03-28 10:07:19,318 - DEBUG - % received keepalive pong
2023-03-28 10:07:21,928 - DEBUG - < TEXT '[2, "20230328100720290", "RemoteStartTransactio...": "1031040000069641"}]' [391 bytes]
2023-03-28 10:07:21,937 - DEBUG - > TEXT '[3, "20230328100720290", {"status": "Accepted"}]' [48 bytes]
2023-03-28 10:07:22,163 - DEBUG - < TEXT '{}' [2 bytes]
2023-03-28 10:07:22,218 - DEBUG - > TEXT '[2, "de824e31-142a-4d32-aec8-5e0135dfb9f3", "Au...": "1031040000069641"}]' [87 bytes]
2023-03-28 10:07:22,508 - DEBUG - < TEXT '[3, "de824e31-142a-4d32-aec8-5e0135dfb9f3", {"i..."status": "Accepted"}}]' [82 bytes]
2023-03-28 10:07:22,556 - DEBUG - > TEXT '[2, "ec333ee0-7e34-4fa5-9ac2-997d7ddb6274", "St...2023-03-28T10:07:06Z"}]' [170 bytes]
2023-03-28 10:07:23,156 - DEBUG - < TEXT '[3, "ec333ee0-7e34-4fa5-9ac2-997d7ddb6274", {"t..."status": "Accepted"}}]' [110 bytes]
2023-03-28 10:07:23,213 - DEBUG - > TEXT '[2, "03f31333-aa68-427d-8c8b-d9fccfd5a978", "St... "status": "Charging"}]' [131 bytes]
2023-03-28 10:07:23,427 - DEBUG - < TEXT '[3, "03f31333-aa68-427d-8c8b-d9fccfd5a978", {}]' [47 bytes]
2023-03-28 10:07:23,487 - DEBUG - > TEXT '[2, "9f32f5c6-b986-47f4-a500-5c75cbf80cba", "St...sactionId": 120533519}]' [149 bytes]
2023-03-28 10:07:23,876 - DEBUG - < TEXT '[3, "9f32f5c6-b986-47f4-a500-5c75cbf80cba", {"i..."status": "Accepted"}}]' [82 bytes]
2023-03-28 10:07:23,915 - DEBUG - > TEXT '[2, "6aea3fbf-4798-47c7-b4a7-084ef669da00", "St..."status": "Finishing"}]' [132 bytes]
2023-03-28 10:07:24,166 - DEBUG - < TEXT '[3, "6aea3fbf-4798-47c7-b4a7-084ef669da00", {}]' [47 bytes]
2023-03-28 10:07:24,218 - DEBUG - > TEXT '[2, "047ee28a-bbda-4086-ba4e-9b75702271bd", "St..."status": "Available"}]' [132 bytes]
2023-03-28 10:07:24,463 - DEBUG - < TEXT '[3, "047ee28a-bbda-4086-ba4e-9b75702271bd", {}]' [47 bytes]
2023-03-28 10:07:24,489 - DEBUG - = connection is CLOSING
2023-03-28 10:07:24,489 - DEBUG - > CLOSE 1000 (OK) [2 bytes]
2023-03-28 10:07:24,496 - DEBUG - < CLOSE 1000 (OK) [2 bytes]
2023-03-28 10:07:24,509 - DEBUG - = connection is CLOSED
2023-03-28 10:07:26,859 - DEBUG - % sending keepalive ping
2023-03-28 10:07:26,859 - DEBUG - > PING 18 2c 12 f6 [binary, 4 bytes]
2023-03-28 10:07:26,894 - DEBUG - < PONG 18 2c 12 f6 [binary, 4 bytes]
2023-03-28 10:07:26,900 - DEBUG - % received keepalive pong
2023-03-28 10:07:39,313 - DEBUG - % sending keepalive ping
2023-03-28 10:07:39,313 - DEBUG - > PING bb 84 6a eb [binary, 4 bytes]
2023-03-28 10:07:39,393 - DEBUG - < PONG bb 84 6a eb [binary, 4 bytes]
2023-03-28 10:07:39,395 - DEBUG - % received keepalive pong
2023-03-28 10:07:46,891 - DEBUG - % sending keepalive ping
2023-03-28 10:07:46,891 - DEBUG - > PING d6 ac e3 78 [binary, 4 bytes]
2023-03-28 10:07:46,898 - DEBUG - < PONG d6 ac e3 78 [binary, 4 bytes]
2023-03-28 10:07:46,900 - DEBUG - % received keepalive pong
2023-03-28 10:07:59,392 - DEBUG - % sending keepalive ping
2023-03-28 10:07:59,392 - DEBUG - > PING 48 de fd 7e [binary, 4 bytes]
2023-03-28 10:07:59,398 - DEBUG - < PONG 48 de fd 7e [binary, 4 bytes]
2023-03-28 10:07:59,401 - DEBUG - % received keepalive pong
2023-03-28 10:08:06,894 - DEBUG - % sending keepalive ping
2023-03-28 10:08:06,894 - DEBUG - > PING e0 ef 29 19 [binary, 4 bytes]
2023-03-28 10:08:06,900 - DEBUG - < PONG e0 ef 29 19 [binary, 4 bytes]
2023-03-28 10:08:06,904 - DEBUG - % received keepalive pong
2023-03-28 10:08:19,395 - DEBUG - % sending keepalive ping
2023-03-28 10:08:19,395 - DEBUG - > PING 81 67 f0 cc [binary, 4 bytes]
2023-03-28 10:08:19,403 - DEBUG - < PONG 81 67 f0 cc [binary, 4 bytes]
2023-03-28 10:08:19,406 - DEBUG - % received keepalive pong
2023-03-28 10:08:26,897 - DEBUG - % sending keepalive ping
2023-03-28 10:08:26,898 - DEBUG - > PING cc a6 f5 ab [binary, 4 bytes]
2023-03-28 10:08:26,906 - DEBUG - < PONG cc a6 f5 ab [binary, 4 bytes]
2023-03-28 10:08:26,911 - DEBUG - % received keepalive pong
2023-03-28 10:08:39,394 - DEBUG - % sending keepalive ping
2023-03-28 10:08:39,394 - DEBUG - > PING 1d d8 f8 ed [binary, 4 bytes]
2023-03-28 10:08:39,401 - DEBUG - < PONG 1d d8 f8 ed [binary, 4 bytes]
2023-03-28 10:08:39,404 - DEBUG - % received keepalive pong
2023-03-28 10:08:46,899 - DEBUG - % sending keepalive ping
2023-03-28 10:08:46,899 - DEBUG - > PING dd d1 01 cb [binary, 4 bytes]
2023-03-28 10:08:46,905 - DEBUG - < PONG dd d1 01 cb [binary, 4 bytes]
2023-03-28 10:08:46,908 - DEBUG - % received keepalive pong
2023-03-28 10:08:59,397 - DEBUG - % sending keepalive ping
2023-03-28 10:08:59,397 - DEBUG - > PING bf 69 27 3c [binary, 4 bytes]
2023-03-28 10:08:59,404 - DEBUG - < PONG bf 69 27 3c [binary, 4 bytes]
2023-03-28 10:08:59,408 - DEBUG - % received keepalive pong
2023-03-28 10:09:06,898 - DEBUG - % sending keepalive ping
2023-03-28 10:09:06,898 - DEBUG - > PING 4e be a4 03 [binary, 4 bytes]
2023-03-28 10:09:06,904 - DEBUG - < PONG 4e be a4 03 [binary, 4 bytes]
2023-03-28 10:09:06,907 - DEBUG - % received keepalive pong
2023-03-28 10:09:19,401 - DEBUG - % sending keepalive ping
2023-03-28 10:09:19,402 - DEBUG - > PING b2 48 5e 14 [binary, 4 bytes]
2023-03-28 10:09:19,409 - DEBUG - < PONG b2 48 5e 14 [binary, 4 bytes]
2023-03-28 10:09:19,412 - DEBUG - % received keepalive pong
2023-03-28 10:09:26,888 - DEBUG - % sending keepalive ping
2023-03-28 10:09:26,888 - DEBUG - > PING f2 ec 90 64 [binary, 4 bytes]
2023-03-28 10:09:26,920 - DEBUG - < PONG f2 ec 90 64 [binary, 4 bytes]
2023-03-28 10:09:26,923 - DEBUG - % received keepalive pong
2023-03-28 10:09:39,399 - DEBUG - % sending keepalive ping
2023-03-28 10:09:39,406 - DEBUG - > PING 8c 2a c7 52 [binary, 4 bytes]
2023-03-28 10:09:39,419 - DEBUG - < PONG 8c 2a c7 52 [binary, 4 bytes]
2023-03-28 10:09:39,424 - DEBUG - % received keepalive pong
2023-03-28 10:09:46,931 - DEBUG - % sending keepalive ping
2023-03-28 10:09:46,931 - DEBUG - > PING 'VB\u0324' [text, 4 bytes]
2023-03-28 10:09:46,961 - DEBUG - < PONG 'VB\u0324' [text, 4 bytes]
2023-03-28 10:09:46,971 - DEBUG - % received keepalive pong
2023-03-28 10:09:59,431 - DEBUG - % sending keepalive ping
2023-03-28 10:09:59,431 - DEBUG - > PING 1c b7 31 0d [binary, 4 bytes]
2023-03-28 10:09:59,438 - DEBUG - < PONG 1c b7 31 0d [binary, 4 bytes]
2023-03-28 10:09:59,441 - DEBUG - % received keepalive pong
2023-03-28 10:10:06,976 - DEBUG - % sending keepalive ping
2023-03-28 10:10:06,977 - DEBUG - > PING ac 68 10 d6 [binary, 4 bytes]
2023-03-28 10:10:06,985 - DEBUG - < PONG ac 68 10 d6 [binary, 4 bytes]
2023-03-28 10:10:06,990 - DEBUG - % received keepalive pong
2023-03-28 10:10:19,432 - DEBUG - % sending keepalive ping
2023-03-28 10:10:19,432 - DEBUG - > PING 73 18 fa a6 [binary, 4 bytes]
2023-03-28 10:10:19,439 - DEBUG - < PONG 73 18 fa a6 [binary, 4 bytes]
2023-03-28 10:10:19,442 - DEBUG - % received keepalive pong
2023-03-28 10:10:26,968 - DEBUG - % sending keepalive ping
2023-03-28 10:10:26,968 - DEBUG - > PING 0a 37 9d f4 [binary, 4 bytes]
2023-03-28 10:10:26,978 - DEBUG - < PONG 0a 37 9d f4 [binary, 4 bytes]
2023-03-28 10:10:26,985 - DEBUG - % received keepalive pong
2023-03-28 10:10:39,434 - DEBUG - % sending keepalive ping
2023-03-28 10:10:39,434 - DEBUG - > PING c3 78 39 f6 [binary, 4 bytes]
2023-03-28 10:10:39,443 - DEBUG - < PONG c3 78 39 f6 [binary, 4 bytes]
2023-03-28 10:10:39,453 - DEBUG - % received keepalive pong
2023-03-28 10:10:46,969 - DEBUG - % sending keepalive ping
2023-03-28 10:10:46,969 - DEBUG - > PING 85 4f f2 16 [binary, 4 bytes]
2023-03-28 10:10:46,975 - DEBUG - < PONG 85 4f f2 16 [binary, 4 bytes]
2023-03-28 10:10:46,978 - DEBUG - % received keepalive pong
2023-03-28 10:10:59,440 - DEBUG - % sending keepalive ping
2023-03-28 10:10:59,440 - DEBUG - > PING 64 f1 f7 53 [binary, 4 bytes]
2023-03-28 10:10:59,449 - DEBUG - < PONG 64 f1 f7 53 [binary, 4 bytes]
2023-03-28 10:10:59,454 - DEBUG - % received keepalive pong
2023-03-28 10:11:06,971 - DEBUG - % sending keepalive ping
2023-03-28 10:11:06,971 - DEBUG - > PING a1 a6 c0 f3 [binary, 4 bytes]
2023-03-28 10:11:06,978 - DEBUG - < PONG a1 a6 c0 f3 [binary, 4 bytes]
2023-03-28 10:11:06,981 - DEBUG - % received keepalive pong
2023-03-28 10:11:19,443 - DEBUG - % sending keepalive ping
2023-03-28 10:11:19,443 - DEBUG - > PING 'WU¥ë' [text, 4 bytes]
2023-03-28 10:11:19,482 - DEBUG - < PONG 'WU¥ë' [text, 4 bytes]
2023-03-28 10:11:19,486 - DEBUG - % received keepalive pong
2023-03-28 10:11:26,976 - DEBUG - % sending keepalive ping
2023-03-28 10:11:26,976 - DEBUG - > PING b4 3f ef c0 [binary, 4 bytes]
2023-03-28 10:11:26,981 - DEBUG - < PONG b4 3f ef c0 [binary, 4 bytes]
2023-03-28 10:11:26,984 - DEBUG - % received keepalive pong
2023-03-28 10:11:39,476 - DEBUG - % sending keepalive ping
2023-03-28 10:11:39,476 - DEBUG - > PING 42 10 cc 6e [binary, 4 bytes]
2023-03-28 10:11:39,483 - DEBUG - < PONG 42 10 cc 6e [binary, 4 bytes]
2023-03-28 10:11:39,485 - DEBUG - % received keepalive pong
2023-03-28 10:11:46,975 - DEBUG - % sending keepalive ping
2023-03-28 10:11:46,975 - DEBUG - > PING 12 5b cd f6 [binary, 4 bytes]
2023-03-28 10:11:46,992 - DEBUG - < PONG 12 5b cd f6 [binary, 4 bytes]
2023-03-28 10:11:47,006 - DEBUG - % received keepalive pong
2023-03-28 10:11:59,473 - DEBUG - % sending keepalive ping
2023-03-28 10:11:59,474 - DEBUG - > PING c2 ba 49 b2 [binary, 4 bytes]
2023-03-28 10:11:59,481 - DEBUG - < PONG c2 ba 49 b2 [binary, 4 bytes]
2023-03-28 10:11:59,483 - DEBUG - % received keepalive pong
2023-03-28 10:12:07,003 - DEBUG - % sending keepalive ping
2023-03-28 10:12:07,003 - DEBUG - > PING c8 d1 99 a6 [binary, 4 bytes]
2023-03-28 10:12:07,012 - DEBUG - < PONG c8 d1 99 a6 [binary, 4 bytes]
2023-03-28 10:12:07,015 - DEBUG - % received keepalive pong
2023-03-28 10:12:19,474 - DEBUG - % sending keepalive ping
2023-03-28 10:12:19,474 - DEBUG - > PING 85 bd 11 80 [binary, 4 bytes]
2023-03-28 10:12:19,483 - DEBUG - < PONG 85 bd 11 80 [binary, 4 bytes]
2023-03-28 10:12:19,489 - DEBUG - % received keepalive pong
2023-03-28 10:12:27,020 - DEBUG - % sending keepalive ping
2023-03-28 10:12:27,021 - DEBUG - > PING 79 79 fd 95 [binary, 4 bytes]
2023-03-28 10:12:27,027 - DEBUG - < PONG 79 79 fd 95 [binary, 4 bytes]
2023-03-28 10:12:27,030 - DEBUG - % received keepalive pong
2023-03-28 10:12:39,475 - DEBUG - % sending keepalive ping
2023-03-28 10:12:39,476 - DEBUG - > PING ea 27 d4 e4 [binary, 4 bytes]
2023-03-28 10:12:39,488 - DEBUG - < PONG ea 27 d4 e4 [binary, 4 bytes]
2023-03-28 10:12:39,492 - DEBUG - % received keepalive pong
2023-03-28 10:12:47,023 - DEBUG - % sending keepalive ping
2023-03-28 10:12:47,023 - DEBUG - > PING 66 b6 41 1f [binary, 4 bytes]
2023-03-28 10:12:47,030 - DEBUG - < PONG 66 b6 41 1f [binary, 4 bytes]
2023-03-28 10:12:47,034 - DEBUG - % received keepalive pong
2023-03-28 10:12:59,476 - DEBUG - % sending keepalive ping
2023-03-28 10:12:59,476 - DEBUG - > PING ':\x1cJ\x1d' [text, 4 bytes]
2023-03-28 10:12:59,484 - DEBUG - < PONG ':\x1cJ\x1d' [text, 4 bytes]
2023-03-28 10:12:59,486 - DEBUG - % received keepalive pong
2023-03-28 10:13:07,023 - DEBUG - % sending keepalive ping
2023-03-28 10:13:07,023 - DEBUG - > PING 63 d2 29 0b [binary, 4 bytes]
2023-03-28 10:13:07,029 - DEBUG - < PONG 63 d2 29 0b [binary, 4 bytes]
2023-03-28 10:13:07,031 - DEBUG - % received keepalive pong
2023-03-28 10:13:19,466 - DEBUG - % sending keepalive ping
2023-03-28 10:13:19,466 - DEBUG - > PING 99 81 b1 d0 [binary, 4 bytes]
2023-03-28 10:13:19,473 - DEBUG - < PONG 99 81 b1 d0 [binary, 4 bytes]
2023-03-28 10:13:19,477 - DEBUG - % received keepalive pong
2023-03-28 10:13:27,012 - DEBUG - % sending keepalive ping
2023-03-28 10:13:27,012 - DEBUG - > PING 9e 5a dc b3 [binary, 4 bytes]
2023-03-28 10:13:27,019 - DEBUG - < PONG 9e 5a dc b3 [binary, 4 bytes]
2023-03-28 10:13:27,021 - DEBUG - % received keepalive pong
2023-03-28 10:13:39,468 - DEBUG - % sending keepalive ping
2023-03-28 10:13:39,468 - DEBUG - > PING 42 b6 aa ec [binary, 4 bytes]
2023-03-28 10:13:39,477 - DEBUG - < PONG 42 b6 aa ec [binary, 4 bytes]
2023-03-28 10:13:39,487 - DEBUG - % received keepalive pong
2023-03-28 10:13:47,018 - DEBUG - % sending keepalive ping
2023-03-28 10:13:47,018 - DEBUG - > PING 81 aa ac 2c [binary, 4 bytes]
2023-03-28 10:13:47,026 - DEBUG - < PONG 81 aa ac 2c [binary, 4 bytes]
2023-03-28 10:13:47,028 - DEBUG - % received keepalive pong
2023-03-28 10:13:59,470 - DEBUG - % sending keepalive ping
2023-03-28 10:13:59,470 - DEBUG - > PING af a6 0b a1 [binary, 4 bytes]
2023-03-28 10:13:59,477 - DEBUG - < PONG af a6 0b a1 [binary, 4 bytes]
2023-03-28 10:13:59,481 - DEBUG - % received keepalive pong
2023-03-28 10:14:07,056 - DEBUG - % sending keepalive ping
2023-03-28 10:14:07,057 - DEBUG - > PING b0 00 bb 06 [binary, 4 bytes]
2023-03-28 10:14:07,064 - DEBUG - < PONG b0 00 bb 06 [binary, 4 bytes]
2023-03-28 10:14:07,069 - DEBUG - % received keepalive pong
2023-03-28 10:14:19,466 - DEBUG - % sending keepalive ping
2023-03-28 10:14:19,466 - DEBUG - > PING ' 2¬ç' [text, 4 bytes]
2023-03-28 10:14:19,473 - DEBUG - < PONG ' 2¬ç' [text, 4 bytes]
2023-03-28 10:14:19,476 - DEBUG - % received keepalive pong
2023-03-28 10:14:27,065 - DEBUG - % sending keepalive ping
2023-03-28 10:14:27,065 - DEBUG - > PING bb 82 ea d3 [binary, 4 bytes]
2023-03-28 10:14:27,076 - DEBUG - < PONG bb 82 ea d3 [binary, 4 bytes]
2023-03-28 10:14:27,084 - DEBUG - % received keepalive pong
2023-03-28 10:14:29,299 - DEBUG - = connection is CONNECTING
2023-03-28 10:14:29,329 - DEBUG - > GET /ocpp16/ELA007C01/EVSCA070007 HTTP/1.1
2023-03-28 10:14:29,329 - DEBUG - > Host: ws.devevspcharger.uplus.co.kr
2023-03-28 10:14:29,330 - DEBUG - > Upgrade: websocket
2023-03-28 10:14:29,330 - DEBUG - > Connection: Upgrade
2023-03-28 10:14:29,330 - DEBUG - > Sec-WebSocket-Key: nFV/xB3iywmTnBgwSbnzHg==
2023-03-28 10:14:29,330 - DEBUG - > Sec-WebSocket-Version: 13
2023-03-28 10:14:29,330 - DEBUG - > Sec-WebSocket-Extensions: permessage-deflate; client_max_window_bits
2023-03-28 10:14:29,331 - DEBUG - > Sec-WebSocket-Protocol: ocpp1.6
2023-03-28 10:14:29,331 - DEBUG - > Authorization: Basic RVZBUjpFVkFSTEdV
2023-03-28 10:14:29,331 - DEBUG - > User-Agent: Python/3.11 websockets/10.4
2023-03-28 10:14:30,683 - DEBUG - < HTTP/1.1 101 Switching Protocols
2023-03-28 10:14:30,684 - DEBUG - < Connection: upgrade
2023-03-28 10:14:30,684 - DEBUG - < Date: Tue, 28 Mar 2023 01:14:29 GMT
2023-03-28 10:14:30,684 - DEBUG - < sec-websocket-protocol: ocpp1.6
2023-03-28 10:14:30,684 - DEBUG - < upgrade: websocket
2023-03-28 10:14:30,685 - DEBUG - < sec-websocket-accept: Pu7ass23pEnIxUdaGPSMS2sjnF0=
2023-03-28 10:14:30,685 - DEBUG - < sec-websocket-extensions: permessage-deflate
2023-03-28 10:14:30,685 - DEBUG - < X-Cache: Miss from cloudfront
2023-03-28 10:14:30,685 - DEBUG - < Via: 1.1 9ae7abacc9e2c811909db23dbe603ad4.cloudfront.net (CloudFront)
2023-03-28 10:14:30,685 - DEBUG - < X-Amz-Cf-Pop: ICN57-P2
2023-03-28 10:14:30,685 - DEBUG - < X-Amz-Cf-Id: a9GF9owkRlqYsHzAkK94F-z6HjjdT_vzmbCEbq4F6218D6TO-f8TMQ==
2023-03-28 10:14:30,685 - DEBUG - = connection is OPEN
2023-03-28 10:14:30,709 - DEBUG - > TEXT '[2, "558f1295-c046-4a6d-b77a-dffc32c68589", "Bo...umber": "EVSCA070007"}]' [169 bytes]
2023-03-28 10:14:31,968 - DEBUG - < TEXT '[3, "558f1295-c046-4a6d-b77a-dffc32c68589", {"s...30Z", "interval": 300}]' [123 bytes]
2023-03-28 10:14:39,470 - DEBUG - % sending keepalive ping
2023-03-28 10:14:39,471 - DEBUG - > PING 97 19 f0 20 [binary, 4 bytes]
2023-03-28 10:14:39,479 - DEBUG - < PONG 97 19 f0 20 [binary, 4 bytes]
2023-03-28 10:14:39,484 - DEBUG - % received keepalive pong
2023-03-28 10:14:42,532 - DEBUG - < TEXT '[2, "20230328101440264", "RemoteStartTransactio...": "1031040000069641"}]' [391 bytes]
2023-03-28 10:14:42,537 - DEBUG - > TEXT '[3, "20230328101440264", {"status": "Accepted"}]' [48 bytes]
2023-03-28 10:14:42,732 - DEBUG - < TEXT '{}' [2 bytes]
2023-03-28 10:14:42,774 - DEBUG - > TEXT '[2, "dcc18f5c-d0b2-40dd-86df-a8eeaa60e837", "Au...": "1031040000069641"}]' [87 bytes]
2023-03-28 10:14:43,076 - DEBUG - < TEXT '[3, "dcc18f5c-d0b2-40dd-86df-a8eeaa60e837", {"i..."status": "Accepted"}}]' [82 bytes]
2023-03-28 10:14:43,124 - DEBUG - > TEXT '[2, "e01bd580-bcaf-4480-b5d4-48d09f123a32", "St..."status": "Preparing"}]' [132 bytes]
2023-03-28 10:14:43,335 - DEBUG - < TEXT '[3, "e01bd580-bcaf-4480-b5d4-48d09f123a32", {}]' [47 bytes]
2023-03-28 10:14:43,377 - DEBUG - > TEXT '[2, "2a7bf28e-d8df-4143-939d-beb4d6baa088", "St...2023-03-28T10:07:06Z"}]' [170 bytes]
2023-03-28 10:14:43,878 - DEBUG - < TEXT '[3, "2a7bf28e-d8df-4143-939d-beb4d6baa088", {"t..."status": "Accepted"}}]' [110 bytes]
2023-03-28 10:14:43,939 - DEBUG - > TEXT '[2, "a142b0bf-0c07-4499-b8bc-656a7f55f9f4", "St... "status": "Charging"}]' [131 bytes]
2023-03-28 10:14:44,177 - DEBUG - < TEXT '[3, "a142b0bf-0c07-4499-b8bc-656a7f55f9f4", {}]' [47 bytes]
2023-03-28 10:14:47,060 - DEBUG - % sending keepalive ping
2023-03-28 10:14:47,060 - DEBUG - > PING af 94 47 f8 [binary, 4 bytes]
2023-03-28 10:14:47,066 - DEBUG - < PONG af 94 47 f8 [binary, 4 bytes]
2023-03-28 10:14:47,071 - DEBUG - % received keepalive pong
2023-03-28 10:14:50,692 - DEBUG - % sending keepalive ping
2023-03-28 10:14:50,692 - DEBUG - > PING a1 d3 d8 e4 [binary, 4 bytes]
2023-03-28 10:14:50,704 - DEBUG - < PONG a1 d3 d8 e4 [binary, 4 bytes]
2023-03-28 10:14:50,715 - DEBUG - % received keepalive pong
2023-03-28 10:14:59,468 - DEBUG - % sending keepalive ping
2023-03-28 10:14:59,468 - DEBUG - > PING f2 97 9a da [binary, 4 bytes]
2023-03-28 10:14:59,477 - DEBUG - < PONG f2 97 9a da [binary, 4 bytes]
2023-03-28 10:14:59,480 - DEBUG - % received keepalive pong
2023-03-28 10:15:00,099 - DEBUG - < TEXT '[2, "20230328101440264", "RemoteStopTransaction...sactionId": 120533520}]' [79 bytes]
2023-03-28 10:15:00,109 - DEBUG - > TEXT '[3, "20230328101440264", {"status": "Accepted"}]' [48 bytes]
2023-03-28 10:15:00,367 - DEBUG - < TEXT '{"reqUrl": "RemoteStopTransaction"}' [35 bytes]
2023-03-28 10:15:00,401 - DEBUG - > TEXT '[2, "006c6d38-0aff-45c9-8bef-64682f51d729", "St...sactionId": 120533520}]' [149 bytes]
2023-03-28 10:15:00,878 - DEBUG - < TEXT '[3, "006c6d38-0aff-45c9-8bef-64682f51d729", {"i..."status": "Accepted"}}]' [82 bytes]
2023-03-28 10:15:00,918 - DEBUG - > TEXT '[2, "3037bfc1-b7ca-4bea-86ca-15bede96531f", "St..."status": "Finishing"}]' [132 bytes]
2023-03-28 10:15:01,167 - DEBUG - < TEXT '[3, "3037bfc1-b7ca-4bea-86ca-15bede96531f", {}]' [47 bytes]
2023-03-28 10:15:01,206 - DEBUG - > TEXT '[2, "a1cac002-80fc-470b-9c9a-7392e194aca8", "St..."status": "Available"}]' [132 bytes]
2023-03-28 10:15:01,583 - DEBUG - < TEXT '[3, "a1cac002-80fc-470b-9c9a-7392e194aca8", {}]' [47 bytes]
2023-03-28 10:15:01,603 - DEBUG - = connection is CLOSING
2023-03-28 10:15:01,603 - DEBUG - > CLOSE 1000 (OK) [2 bytes]
2023-03-28 10:15:01,611 - DEBUG - < CLOSE 1000 (OK) [2 bytes]
2023-03-28 10:15:01,616 - DEBUG - = connection is CLOSED
2023-03-28 10:15:07,061 - DEBUG - % sending keepalive ping
2023-03-28 10:15:07,062 - DEBUG - > PING 51 f3 bf ca [binary, 4 bytes]
2023-03-28 10:15:07,067 - DEBUG - < PONG 51 f3 bf ca [binary, 4 bytes]
2023-03-28 10:15:07,070 - DEBUG - % received keepalive pong
2023-03-28 10:15:19,469 - DEBUG - % sending keepalive ping
2023-03-28 10:15:19,470 - DEBUG - > PING ca 80 69 96 [binary, 4 bytes]
2023-03-28 10:15:19,476 - DEBUG - < PONG ca 80 69 96 [binary, 4 bytes]
2023-03-28 10:15:19,479 - DEBUG - % received keepalive pong
2023-03-28 10:15:27,059 - DEBUG - % sending keepalive ping
2023-03-28 10:15:27,060 - DEBUG - > PING 0b 84 b5 2b [binary, 4 bytes]
2023-03-28 10:15:27,068 - DEBUG - < PONG 0b 84 b5 2b [binary, 4 bytes]
2023-03-28 10:15:27,071 - DEBUG - % received keepalive pong
2023-03-28 10:15:39,467 - DEBUG - % sending keepalive ping
2023-03-28 10:15:39,468 - DEBUG - > PING 92 8b 72 60 [binary, 4 bytes]
2023-03-28 10:15:39,481 - DEBUG - < PONG 92 8b 72 60 [binary, 4 bytes]
2023-03-28 10:15:39,484 - DEBUG - % received keepalive pong
2023-03-28 10:15:47,061 - DEBUG - % sending keepalive ping
2023-03-28 10:15:47,062 - DEBUG - > PING 1a d2 84 a7 [binary, 4 bytes]
2023-03-28 10:15:47,068 - DEBUG - < PONG 1a d2 84 a7 [binary, 4 bytes]
2023-03-28 10:15:47,070 - DEBUG - % received keepalive pong
2023-03-28 10:15:59,479 - DEBUG - % sending keepalive ping
2023-03-28 10:15:59,479 - DEBUG - > PING 15 e3 18 29 [binary, 4 bytes]
2023-03-28 10:15:59,490 - DEBUG - < PONG 15 e3 18 29 [binary, 4 bytes]
2023-03-28 10:15:59,496 - DEBUG - % received keepalive pong
2023-03-28 10:16:07,070 - DEBUG - % sending keepalive ping
2023-03-28 10:16:07,070 - DEBUG - > PING 31 d3 90 91 [binary, 4 bytes]
2023-03-28 10:16:07,075 - DEBUG - < PONG 31 d3 90 91 [binary, 4 bytes]
2023-03-28 10:16:07,078 - DEBUG - % received keepalive pong
2023-03-28 10:16:09,757 - DEBUG - = connection is CLOSING
2023-03-28 10:16:09,757 - DEBUG - > CLOSE 1000 (OK) [2 bytes]
2023-03-28 10:16:09,764 - DEBUG - < CLOSE 1000 (OK) [2 bytes]
2023-03-28 10:16:09,766 - DEBUG - = connection is CLOSED
2023-03-28 10:16:27,072 - DEBUG - % sending keepalive ping
2023-03-28 10:16:27,072 - DEBUG - > PING 03 78 27 f9 [binary, 4 bytes]
2023-03-28 10:16:27,082 - DEBUG - < PONG 03 78 27 f9 [binary, 4 bytes]
2023-03-28 10:16:27,087 - DEBUG - % received keepalive pong
2023-03-28 10:16:45,924 - DEBUG - = connection is CLOSING
2023-03-28 10:16:45,924 - DEBUG - > CLOSE 1000 (OK) [2 bytes]
2023-03-28 10:16:45,935 - DEBUG - < CLOSE 1000 (OK) [2 bytes]
2023-03-28 10:16:45,938 - DEBUG - = connection is CLOSED
2023-03-28 10:16:53,592 - DEBUG - = connection is CONNECTING
2023-03-28 10:16:53,622 - DEBUG - > GET /ocpp16/ELA007C01/EVSCA070007 HTTP/1.1
2023-03-28 10:16:53,623 - DEBUG - > Host: ws.devevspcharger.uplus.co.kr
2023-03-28 10:16:53,623 - DEBUG - > Upgrade: websocket
2023-03-28 10:16:53,624 - DEBUG - > Connection: Upgrade
2023-03-28 10:16:53,624 - DEBUG - > Sec-WebSocket-Key: 9PpmfBRRsW0W2CpW9gEFcQ==
2023-03-28 10:16:53,624 - DEBUG - > Sec-WebSocket-Version: 13
2023-03-28 10:16:53,624 - DEBUG - > Sec-WebSocket-Extensions: permessage-deflate; client_max_window_bits
2023-03-28 10:16:53,624 - DEBUG - > Sec-WebSocket-Protocol: ocpp1.6
2023-03-28 10:16:53,625 - DEBUG - > Authorization: Basic RVZBUjpFVkFSTEdV
2023-03-28 10:16:53,625 - DEBUG - > User-Agent: Python/3.11 websockets/10.4
2023-03-28 10:16:53,914 - DEBUG - < HTTP/1.1 101 Switching Protocols
2023-03-28 10:16:53,914 - DEBUG - < Connection: upgrade
2023-03-28 10:16:53,915 - DEBUG - < Date: Tue, 28 Mar 2023 01:16:52 GMT
2023-03-28 10:16:53,915 - DEBUG - < sec-websocket-protocol: ocpp1.6
2023-03-28 10:16:53,915 - DEBUG - < upgrade: websocket
2023-03-28 10:16:53,915 - DEBUG - < sec-websocket-accept: I6gTCHCq74dQ98Fb5J8CfbCPLpE=
2023-03-28 10:16:53,915 - DEBUG - < sec-websocket-extensions: permessage-deflate
2023-03-28 10:16:53,915 - DEBUG - < X-Cache: Miss from cloudfront
2023-03-28 10:16:53,915 - DEBUG - < Via: 1.1 516246c62af452cb1f8d77c8f3af9faa.cloudfront.net (CloudFront)
2023-03-28 10:16:53,915 - DEBUG - < X-Amz-Cf-Pop: ICN57-P2
2023-03-28 10:16:53,916 - DEBUG - < X-Amz-Cf-Id: fSHNttBI0RLy_U94xbfgT7cg6_gJh1-IDgBjoZGnwqaifuvmYXfq7g==
2023-03-28 10:16:53,916 - DEBUG - = connection is OPEN
2023-03-28 10:16:53,940 - DEBUG - > TEXT '[2, "7c371e98-30c7-41d8-9405-ff4e10a943b9", "Bo...umber": "EVSCA070007"}]' [169 bytes]
2023-03-28 10:16:54,363 - DEBUG - < TEXT '[3, "7c371e98-30c7-41d8-9405-ff4e10a943b9", {"s...52Z", "interval": 300}]' [123 bytes]
2023-03-28 10:17:09,981 - DEBUG - Starting new HTTPS connection (1): 8b434254zg.execute-api.ap-northeast-2.amazonaws.com:443
2023-03-28 10:17:10,607 - DEBUG - https://8b434254zg.execute-api.ap-northeast-2.amazonaws.com:443 "POST /dev/ioc HTTP/1.1" 200 408
2023-03-28 10:17:10,626 - DEBUG - < TEXT '[2, "9211060f-65bd-4c06-9325-2be3f6919c64", "Se... "limit": 11000.0}]}}}]' [363 bytes]
2023-03-28 10:17:10,632 - DEBUG - > TEXT '[3, "9211060f-65bd-4c06-9325-2be3f6919c64", {"status": "Accepted"}]' [67 bytes]
2023-03-28 10:17:11,375 - DEBUG - < TEXT '{}' [2 bytes]
2023-03-28 10:17:11,382 - DEBUG - = connection is CLOSING
2023-03-28 10:17:11,382 - DEBUG - > CLOSE 1000 (OK) [2 bytes]
2023-03-28 10:17:11,395 - DEBUG - < CLOSE 1000 (OK) [2 bytes]
2023-03-28 10:17:11,399 - DEBUG - = connection is CLOSED
2023-03-28 10:23:08,082 - DEBUG - = connection is CONNECTING
2023-03-28 10:23:08,117 - DEBUG - > GET /ocpp16/ELA007C05/EVSCA050001 HTTP/1.1
2023-03-28 10:23:08,117 - DEBUG - > Host: ws.devevspcharger.uplus.co.kr
2023-03-28 10:23:08,118 - DEBUG - > Upgrade: websocket
2023-03-28 10:23:08,118 - DEBUG - > Connection: Upgrade
2023-03-28 10:23:08,118 - DEBUG - > Sec-WebSocket-Key: AjiOCq/41Cn1kCATxJdLAQ==
2023-03-28 10:23:08,118 - DEBUG - > Sec-WebSocket-Version: 13
2023-03-28 10:23:08,118 - DEBUG - > Sec-WebSocket-Extensions: permessage-deflate; client_max_window_bits
2023-03-28 10:23:08,118 - DEBUG - > Sec-WebSocket-Protocol: ocpp1.6
2023-03-28 10:23:08,119 - DEBUG - > Authorization: Basic RVZBUjpFVkFSTEdV
2023-03-28 10:23:08,119 - DEBUG - > User-Agent: Python/3.11 websockets/10.4
2023-03-28 10:23:08,652 - DEBUG - < HTTP/1.1 101 Switching Protocols
2023-03-28 10:23:08,652 - DEBUG - < Connection: upgrade
2023-03-28 10:23:08,652 - DEBUG - < Date: Tue, 28 Mar 2023 01:23:07 GMT
2023-03-28 10:23:08,652 - DEBUG - < sec-websocket-protocol: ocpp1.6
2023-03-28 10:23:08,652 - DEBUG - < upgrade: websocket
2023-03-28 10:23:08,652 - DEBUG - < sec-websocket-accept: P8loUvVQPZeItRHxQjqpaA9NY+I=
2023-03-28 10:23:08,652 - DEBUG - < sec-websocket-extensions: permessage-deflate
2023-03-28 10:23:08,652 - DEBUG - < X-Cache: Miss from cloudfront
2023-03-28 10:23:08,654 - DEBUG - < Via: 1.1 41a89bdb610eb303e698e5cb65ce5b76.cloudfront.net (CloudFront)
2023-03-28 10:23:08,654 - DEBUG - < X-Amz-Cf-Pop: ICN57-P2
2023-03-28 10:23:08,654 - DEBUG - < X-Amz-Cf-Id: aGItHGJf8dAnHyxNBBK75LqbJMlfzKylWlZ5w1rOHhv79Q960G00Gw==
2023-03-28 10:23:08,654 - DEBUG - = connection is OPEN
2023-03-28 10:23:08,691 - DEBUG - > TEXT '[2, "1f82cb48-c307-43a3-b0d4-22a1073d2b0e", "Bo...umber": "EVSCA050001"}]' [169 bytes]
2023-03-28 10:23:09,169 - DEBUG - < TEXT '[3, "1f82cb48-c307-43a3-b0d4-22a1073d2b0e", {"s...07Z", "interval": 600}]' [123 bytes]
2023-03-28 10:23:13,578 - DEBUG - Starting new HTTPS connection (1): 8b434254zg.execute-api.ap-northeast-2.amazonaws.com:443
2023-03-28 10:23:14,202 - DEBUG - https://8b434254zg.execute-api.ap-northeast-2.amazonaws.com:443 "POST /dev/ioc HTTP/1.1" 200 167
2023-03-28 10:23:14,215 - DEBUG - < TEXT '[2, "1d491309-fc32-4226-80bf-9f5577c8c1b1", "Ch...nId", "value": "true"}]' [122 bytes]
2023-03-28 10:23:14,219 - DEBUG - > TEXT '[3, "1d491309-fc32-4226-80bf-9f5577c8c1b1", {"status": "Accepted"}]' [67 bytes]
2023-03-28 10:23:14,418 - DEBUG - < TEXT '{}' [2 bytes]
2023-03-28 10:23:18,394 - DEBUG - Starting new HTTPS connection (1): 8b434254zg.execute-api.ap-northeast-2.amazonaws.com:443
2023-03-28 10:23:18,860 - DEBUG - https://8b434254zg.execute-api.ap-northeast-2.amazonaws.com:443 "POST /dev/ioc HTTP/1.1" 200 162
2023-03-28 10:23:18,873 - DEBUG - < TEXT '[2, "56a8ee5b-f142-438f-aed3-9845141c215f", "Ch...ine", "value": "true"}]' [117 bytes]
2023-03-28 10:23:18,877 - DEBUG - > TEXT '[3, "56a8ee5b-f142-438f-aed3-9845141c215f", {"status": "Accepted"}]' [67 bytes]
2023-03-28 10:23:19,080 - DEBUG - < TEXT '{}' [2 bytes]
2023-03-28 10:23:21,906 - DEBUG - Starting new HTTPS connection (1): 8b434254zg.execute-api.ap-northeast-2.amazonaws.com:443
2023-03-28 10:23:22,344 - DEBUG - https://8b434254zg.execute-api.ap-northeast-2.amazonaws.com:443 "POST /dev/ioc HTTP/1.1" 200 106
2023-03-28 10:23:22,353 - DEBUG - < TEXT '[2, "bb5bacba-2c42-420e-a662-3cba00b4a82e", "ClearCache", {}]' [61 bytes]
2023-03-28 10:23:22,357 - DEBUG - > TEXT '[3, "bb5bacba-2c42-420e-a662-3cba00b4a82e", {"status": "Accepted"}]' [67 bytes]
2023-03-28 10:23:22,569 - DEBUG - < TEXT '{}' [2 bytes]
2023-03-28 10:23:22,603 - DEBUG - > TEXT '[2, "0bb63e23-f371-4b42-8e66-3c345282f9ee", "St...2023-03-28T10:23:07Z"}]' [170 bytes]
2023-03-28 10:23:23,062 - DEBUG - < TEXT '[3, "0bb63e23-f371-4b42-8e66-3c345282f9ee", {"t..."status": "Accepted"}}]' [110 bytes]
2023-03-28 10:23:23,094 - DEBUG - > TEXT '[2, "1f82cb48-c307-43a3-b0d4-22a1073d2b0e", "St... "status": "Charging"}]' [131 bytes]
2023-03-28 10:23:23,367 - DEBUG - < TEXT '[3, "1f82cb48-c307-43a3-b0d4-22a1073d2b0e", {}]' [47 bytes]
2023-03-28 10:23:23,397 - DEBUG - > TEXT '[2, "1616e750-71ed-4381-a131-3107e926510d", "St...23, "reason": "Local"}]' [168 bytes]
2023-03-28 10:23:23,960 - DEBUG - < TEXT '[3, "1616e750-71ed-4381-a131-3107e926510d", {"i..."status": "Accepted"}}]' [82 bytes]
2023-03-28 10:23:23,994 - DEBUG - > TEXT '[2, "38711096-e44f-43d2-9180-8ffa5dafea94", "St..."status": "Finishing"}]' [132 bytes]
2023-03-28 10:23:24,239 - DEBUG - < TEXT '[3, "38711096-e44f-43d2-9180-8ffa5dafea94", {}]' [47 bytes]
2023-03-28 10:23:24,290 - DEBUG - > TEXT '[2, "32fbd7de-8ea4-452b-8e9e-bd8878ca4bb4", "St..."status": "Available"}]' [132 bytes]
2023-03-28 10:23:24,498 - DEBUG - < TEXT '[3, "32fbd7de-8ea4-452b-8e9e-bd8878ca4bb4", {}]' [47 bytes]
2023-03-28 10:23:24,519 - DEBUG - = connection is CLOSING
2023-03-28 10:23:24,519 - DEBUG - > CLOSE 1000 (OK) [2 bytes]
2023-03-28 10:23:24,525 - DEBUG - < CLOSE 1000 (OK) [2 bytes]
2023-03-28 10:23:24,529 - DEBUG - = connection is CLOSED
2023-03-28 10:38:40,486 - DEBUG - = connection is CONNECTING
2023-03-28 10:38:40,519 - DEBUG - > GET /ocpp16/ELA007C05/EVSCA050001 HTTP/1.1
2023-03-28 10:38:40,519 - DEBUG - > Host: ws.devevspcharger.uplus.co.kr
2023-03-28 10:38:40,519 - DEBUG - > Upgrade: websocket
2023-03-28 10:38:40,519 - DEBUG - > Connection: Upgrade
2023-03-28 10:38:40,519 - DEBUG - > Sec-WebSocket-Key: BbN69K7N3nf7Pe4HcLB9Xw==
2023-03-28 10:38:40,519 - DEBUG - > Sec-WebSocket-Version: 13
2023-03-28 10:38:40,519 - DEBUG - > Sec-WebSocket-Extensions: permessage-deflate; client_max_window_bits
2023-03-28 10:38:40,519 - DEBUG - > Sec-WebSocket-Protocol: ocpp1.6
2023-03-28 10:38:40,519 - DEBUG - > Authorization: Basic RVZBUjpFVkFSTEdV
2023-03-28 10:38:40,520 - DEBUG - > User-Agent: Python/3.11 websockets/10.4
2023-03-28 10:38:41,029 - DEBUG - < HTTP/1.1 101 Switching Protocols
2023-03-28 10:38:41,030 - DEBUG - < Connection: upgrade
2023-03-28 10:38:41,030 - DEBUG - < Date: Tue, 28 Mar 2023 01:38:39 GMT
2023-03-28 10:38:41,030 - DEBUG - < sec-websocket-protocol: ocpp1.6
2023-03-28 10:38:41,030 - DEBUG - < upgrade: websocket
2023-03-28 10:38:41,030 - DEBUG - < sec-websocket-accept: DF17W3WL/A4hhKWYEjfwjYQC7Q4=
2023-03-28 10:38:41,030 - DEBUG - < sec-websocket-extensions: permessage-deflate
2023-03-28 10:38:41,030 - DEBUG - < X-Cache: Miss from cloudfront
2023-03-28 10:38:41,031 - DEBUG - < Via: 1.1 0c9ac74e4533d4cd2c0dd7de136ec086.cloudfront.net (CloudFront)
2023-03-28 10:38:41,031 - DEBUG - < X-Amz-Cf-Pop: ICN57-P2
2023-03-28 10:38:41,031 - DEBUG - < X-Amz-Cf-Id: 5CwKV2pMc7zg8ik1CQHm_VyWdnoHKjsZf06XDlPQw1JlRa8j5J9-Hw==
2023-03-28 10:38:41,031 - DEBUG - = connection is OPEN
2023-03-28 10:38:41,056 - DEBUG - > TEXT '[2, "1ca5b575-3de6-4128-90ac-62947342c647", "Bo...umber": "EVSCA050001"}]' [169 bytes]
2023-03-28 10:38:41,486 - DEBUG - < TEXT '[3, "1ca5b575-3de6-4128-90ac-62947342c647", {"s...40Z", "interval": 600}]' [123 bytes]
2023-03-28 10:38:45,615 - DEBUG - Starting new HTTPS connection (1): 8b434254zg.execute-api.ap-northeast-2.amazonaws.com:443
2023-03-28 10:38:46,965 - DEBUG - https://8b434254zg.execute-api.ap-northeast-2.amazonaws.com:443 "POST /dev/ioc HTTP/1.1" 200 167
2023-03-28 10:38:46,982 - DEBUG - < TEXT '[2, "6d51de91-cc49-4308-b25b-1cdc74d0705c", "Ch...nId", "value": "true"}]' [122 bytes]
2023-03-28 10:38:46,994 - DEBUG - > TEXT '[3, "6d51de91-cc49-4308-b25b-1cdc74d0705c", {"status": "Accepted"}]' [67 bytes]
2023-03-28 10:38:47,167 - DEBUG - < TEXT '{}' [2 bytes]
2023-03-28 10:38:50,309 - DEBUG - Starting new HTTPS connection (1): 8b434254zg.execute-api.ap-northeast-2.amazonaws.com:443
2023-03-28 10:38:50,681 - DEBUG - https://8b434254zg.execute-api.ap-northeast-2.amazonaws.com:443 "POST /dev/ioc HTTP/1.1" 200 162
2023-03-28 10:38:50,693 - DEBUG - < TEXT '[2, "448a82e5-1796-4f3d-82c9-17c8dc532e09", "Ch...ine", "value": "true"}]' [117 bytes]
2023-03-28 10:38:50,701 - DEBUG - > TEXT '[3, "448a82e5-1796-4f3d-82c9-17c8dc532e09", {"status": "Accepted"}]' [67 bytes]
2023-03-28 10:38:50,885 - DEBUG - < TEXT '{}' [2 bytes]
2023-03-28 10:38:53,720 - DEBUG - Starting new HTTPS connection (1): 8b434254zg.execute-api.ap-northeast-2.amazonaws.com:443
2023-03-28 10:38:54,157 - DEBUG - https://8b434254zg.execute-api.ap-northeast-2.amazonaws.com:443 "POST /dev/ioc HTTP/1.1" 200 106
2023-03-28 10:38:54,169 - DEBUG - < TEXT '[2, "b40a8bd8-c22a-4f64-9638-605f4bc3a349", "ClearCache", {}]' [61 bytes]
2023-03-28 10:38:54,173 - DEBUG - > TEXT '[3, "b40a8bd8-c22a-4f64-9638-605f4bc3a349", {"status": "Accepted"}]' [67 bytes]
2023-03-28 10:38:54,347 - DEBUG - < TEXT '{}' [2 bytes]
2023-03-28 10:38:54,372 - DEBUG - > TEXT '[2, "5dce006e-03d7-4026-8eae-5c73c5b5419c", "St...2023-03-28T10:23:07Z"}]' [170 bytes]
2023-03-28 10:38:54,774 - DEBUG - < TEXT '[3, "5dce006e-03d7-4026-8eae-5c73c5b5419c", {"t..."status": "Accepted"}}]' [110 bytes]
2023-03-28 10:38:54,804 - DEBUG - > TEXT '[2, "f2063d89-365f-438f-9210-ffc67cd96be3", "St... "status": "Charging"}]' [131 bytes]
2023-03-28 10:38:55,066 - DEBUG - < TEXT '[3, "f2063d89-365f-438f-9210-ffc67cd96be3", {}]' [47 bytes]
2023-03-28 10:38:55,104 - DEBUG - > TEXT '[2, "f5f1c7a8-d0a3-4083-8c5b-0526ff3aa9e0", "St...23, "reason": "Local"}]' [168 bytes]
2023-03-28 10:38:55,405 - DEBUG - < TEXT '[3, "f5f1c7a8-d0a3-4083-8c5b-0526ff3aa9e0", {"i..."status": "Accepted"}}]' [82 bytes]
2023-03-28 10:38:55,439 - DEBUG - > TEXT '[2, "9df3ec45-b875-4810-8dc7-a644283f949e", "St..."status": "Finishing"}]' [132 bytes]
2023-03-28 10:38:55,674 - DEBUG - < TEXT '[3, "9df3ec45-b875-4810-8dc7-a644283f949e", {}]' [47 bytes]
2023-03-28 10:38:55,713 - DEBUG - > TEXT '[2, "64800be4-f14d-49d6-abf4-1c1eea94b495", "St..."status": "Available"}]' [132 bytes]
2023-03-28 10:38:55,885 - DEBUG - < TEXT '[3, "64800be4-f14d-49d6-abf4-1c1eea94b495", {}]' [47 bytes]
2023-03-28 10:38:55,913 - DEBUG - = connection is CLOSING
2023-03-28 10:38:55,913 - DEBUG - > CLOSE 1000 (OK) [2 bytes]
2023-03-28 10:38:55,921 - DEBUG - < CLOSE 1000 (OK) [2 bytes]
2023-03-28 10:38:55,924 - DEBUG - = connection is CLOSED
2023-03-28 11:06:09,571 - DEBUG - = connection is CONNECTING
2023-03-28 11:06:09,606 - DEBUG - > GET /ocpp16/ELA007C05/EVSCA050001 HTTP/1.1
2023-03-28 11:06:09,606 - DEBUG - > Host: ws.devevspcharger.uplus.co.kr
2023-03-28 11:06:09,606 - DEBUG - > Upgrade: websocket
2023-03-28 11:06:09,607 - DEBUG - > Connection: Upgrade
2023-03-28 11:06:09,607 - DEBUG - > Sec-WebSocket-Key: wtTvSUgDRBZjcV22RXJ6Yg==
2023-03-28 11:06:09,607 - DEBUG - > Sec-WebSocket-Version: 13
2023-03-28 11:06:09,608 - DEBUG - > Sec-WebSocket-Extensions: permessage-deflate; client_max_window_bits
2023-03-28 11:06:09,608 - DEBUG - > Sec-WebSocket-Protocol: ocpp1.6
2023-03-28 11:06:09,608 - DEBUG - > Authorization: Basic RVZBUjpFVkFSTEdV
2023-03-28 11:06:09,608 - DEBUG - > User-Agent: Python/3.11 websockets/10.4
2023-03-28 11:06:10,871 - DEBUG - < HTTP/1.1 101 Switching Protocols
2023-03-28 11:06:10,872 - DEBUG - < Connection: upgrade
2023-03-28 11:06:10,872 - DEBUG - < Date: Tue, 28 Mar 2023 02:06:09 GMT
2023-03-28 11:06:10,872 - DEBUG - < sec-websocket-protocol: ocpp1.6
2023-03-28 11:06:10,872 - DEBUG - < upgrade: websocket
2023-03-28 11:06:10,872 - DEBUG - < sec-websocket-accept: d0mp+tPtLF2si+8PN10VKuOQAic=
2023-03-28 11:06:10,872 - DEBUG - < sec-websocket-extensions: permessage-deflate
2023-03-28 11:06:10,872 - DEBUG - < X-Cache: Miss from cloudfront
2023-03-28 11:06:10,873 - DEBUG - < Via: 1.1 818e6836f2ca3e700a5577179db933d8.cloudfront.net (CloudFront)
2023-03-28 11:06:10,873 - DEBUG - < X-Amz-Cf-Pop: ICN57-P2
2023-03-28 11:06:10,873 - DEBUG - < X-Amz-Cf-Id: iJkCL8cvQOujyFiSKJUvLmHzAUE0gb0umMqzGbkExBviSWmk2--Uzg==
2023-03-28 11:06:10,873 - DEBUG - = connection is OPEN
2023-03-28 11:06:10,903 - DEBUG - > TEXT '[2, "9f6d134d-b782-4708-a751-369b63d61411", "Bo...umber": "EVSCA050001"}]' [169 bytes]
2023-03-28 11:06:12,100 - DEBUG - < TEXT '[3, "9f6d134d-b782-4708-a751-369b63d61411", {"s...10Z", "interval": 600}]' [123 bytes]
2023-03-28 11:06:12,121 - DEBUG - > TEXT '[2, "9f6d134d-b782-4708-a751-369b63d61411", "St..."status": "Available"}]' [132 bytes]
2023-03-28 11:06:12,340 - DEBUG - < TEXT '[3, "9f6d134d-b782-4708-a751-369b63d61411", {}]' [47 bytes]
2023-03-28 11:06:12,358 - DEBUG - > TEXT '[2, "9f6d134d-b782-4708-a751-369b63d61411", "Au...": "1031040000069641"}]' [87 bytes]
2023-03-28 11:06:12,639 - DEBUG - < TEXT '[3, "9f6d134d-b782-4708-a751-369b63d61411", {"i..."status": "Accepted"}}]' [82 bytes]
2023-03-28 11:06:12,661 - DEBUG - = connection is CLOSING
2023-03-28 11:06:12,662 - DEBUG - > CLOSE 1000 (OK) [2 bytes]
2023-03-28 11:06:12,675 - DEBUG - < CLOSE 1000 (OK) [2 bytes]
2023-03-28 11:06:12,680 - DEBUG - = connection is CLOSED
2023-03-28 11:13:40,022 - DEBUG - = connection is CONNECTING
2023-03-28 11:13:40,059 - DEBUG - > GET /ocpp16/ELA007C05/EVSCA050001 HTTP/1.1
2023-03-28 11:13:40,059 - DEBUG - > Host: ws.devevspcharger.uplus.co.kr
2023-03-28 11:13:40,059 - DEBUG - > Upgrade: websocket
2023-03-28 11:13:40,059 - DEBUG - > Connection: Upgrade
2023-03-28 11:13:40,059 - DEBUG - > Sec-WebSocket-Key: YZcPVp9I87coD2uMsQzStA==
2023-03-28 11:13:40,060 - DEBUG - > Sec-WebSocket-Version: 13
2023-03-28 11:13:40,060 - DEBUG - > Sec-WebSocket-Extensions: permessage-deflate; client_max_window_bits
2023-03-28 11:13:40,060 - DEBUG - > Sec-WebSocket-Protocol: ocpp1.6
2023-03-28 11:13:40,060 - DEBUG - > Authorization: Basic RVZBUjpFVkFSTEdV
2023-03-28 11:13:40,060 - DEBUG - > User-Agent: Python/3.11 websockets/10.4
2023-03-28 11:13:40,821 - DEBUG - < HTTP/1.1 101 Switching Protocols
2023-03-28 11:13:40,821 - DEBUG - < Connection: upgrade
2023-03-28 11:13:40,821 - DEBUG - < Date: Tue, 28 Mar 2023 02:13:39 GMT
2023-03-28 11:13:40,822 - DEBUG - < sec-websocket-protocol: ocpp1.6
2023-03-28 11:13:40,822 - DEBUG - < upgrade: websocket
2023-03-28 11:13:40,822 - DEBUG - < sec-websocket-accept: roqnmKcbQp64KVBXMBKkwQfRXbY=
2023-03-28 11:13:40,822 - DEBUG - < sec-websocket-extensions: permessage-deflate
2023-03-28 11:13:40,822 - DEBUG - < X-Cache: Miss from cloudfront
2023-03-28 11:13:40,822 - DEBUG - < Via: 1.1 8cd680512056914f119efae770348786.cloudfront.net (CloudFront)
2023-03-28 11:13:40,823 - DEBUG - < X-Amz-Cf-Pop: ICN57-P2
2023-03-28 11:13:40,823 - DEBUG - < X-Amz-Cf-Id: GYN7dRmOBJ5VZ8FpuZC47mqJM3UPm6QC6xHZXBh0WpySmsvaO2i7Zg==
2023-03-28 11:13:40,823 - DEBUG - = connection is OPEN
2023-03-28 11:13:40,852 - DEBUG - > TEXT '[2, "d2e87c89-b247-4030-a014-e2406311a96a", "Bo...umber": "EVSCA050001"}]' [169 bytes]
2023-03-28 11:13:41,112 - DEBUG - < TEXT '[3, "d2e87c89-b247-4030-a014-e2406311a96a", {"s...39Z", "interval": 600}]' [123 bytes]
2023-03-28 11:13:41,242 - DEBUG - Starting new HTTPS connection (1): 8b434254zg.execute-api.ap-northeast-2.amazonaws.com:443
2023-03-28 11:13:42,753 - DEBUG - https://8b434254zg.execute-api.ap-northeast-2.amazonaws.com:443 "POST /dev/ioc HTTP/1.1" 200 161
2023-03-28 11:13:42,795 - DEBUG - < TEXT '[2, "e5eaebff-9937-460b-a598-e243dbab1c78", "Ch...tion", "value": "300"}]' [116 bytes]
2023-03-28 11:13:42,801 - DEBUG - > TEXT '[3, "e5eaebff-9937-460b-a598-e243dbab1c78", {"status": "Accepted"}]' [67 bytes]
2023-03-28 11:13:43,006 - DEBUG - < TEXT '{}' [2 bytes]
2023-03-28 11:13:43,038 - DEBUG - Starting new HTTPS connection (1): 8b434254zg.execute-api.ap-northeast-2.amazonaws.com:443
2023-03-28 11:13:43,452 - DEBUG - https://8b434254zg.execute-api.ap-northeast-2.amazonaws.com:443 "POST /dev/ioc HTTP/1.1" 200 158
2023-03-28 11:13:43,490 - DEBUG - < TEXT '[2, "254aa6b9-f456-4983-b89b-c432b35a44d1", "Ch...ize", "value": "true"}]' [113 bytes]
2023-03-28 11:13:43,494 - DEBUG - > TEXT '[3, "254aa6b9-f456-4983-b89b-c432b35a44d1", {"status": "Accepted"}]' [67 bytes]
2023-03-28 11:13:43,706 - DEBUG - < TEXT '{}' [2 bytes]
2023-03-28 11:13:43,743 - DEBUG - > TEXT '[2, "d2e87c89-b247-4030-a014-e2406311a96a", "St..."status": "Preparing"}]' [132 bytes]
2023-03-28 11:13:43,950 - DEBUG - < TEXT '[3, "d2e87c89-b247-4030-a014-e2406311a96a", {}]' [47 bytes]
2023-03-28 11:13:43,979 - DEBUG - > TEXT '[2, "d2e87c89-b247-4030-a014-e2406311a96a", "Au...": "1031040000069642"}]' [87 bytes]
2023-03-28 11:13:44,267 - DEBUG - < TEXT '[3, "d2e87c89-b247-4030-a014-e2406311a96a", {"i...023-03-28T11:13:42Z"}}]' [119 bytes]
2023-03-28 11:13:44,285 - DEBUG - = connection is CLOSING
2023-03-28 11:13:44,286 - DEBUG - > CLOSE 1000 (OK) [2 bytes]
2023-03-28 11:13:44,292 - DEBUG - < CLOSE 1000 (OK) [2 bytes]
2023-03-28 11:13:44,298 - DEBUG - = connection is CLOSED
2023-03-28 11:16:59,788 - DEBUG - = connection is CONNECTING
2023-03-28 11:16:59,825 - DEBUG - > GET /ocpp16/ELA007C05/EVSCA050001 HTTP/1.1
2023-03-28 11:16:59,825 - DEBUG - > Host: ws.devevspcharger.uplus.co.kr
2023-03-28 11:16:59,825 - DEBUG - > Upgrade: websocket
2023-03-28 11:16:59,825 - DEBUG - > Connection: Upgrade
2023-03-28 11:16:59,825 - DEBUG - > Sec-WebSocket-Key: gDEAPzWPDN9X3Ohth0bIgA==
2023-03-28 11:16:59,825 - DEBUG - > Sec-WebSocket-Version: 13
2023-03-28 11:16:59,825 - DEBUG - > Sec-WebSocket-Extensions: permessage-deflate; client_max_window_bits
2023-03-28 11:16:59,825 - DEBUG - > Sec-WebSocket-Protocol: ocpp1.6
2023-03-28 11:16:59,825 - DEBUG - > Authorization: Basic RVZBUjpFVkFSTEdV
2023-03-28 11:16:59,825 - DEBUG - > User-Agent: Python/3.11 websockets/10.4
2023-03-28 11:17:00,306 - DEBUG - < HTTP/1.1 101 Switching Protocols
2023-03-28 11:17:00,306 - DEBUG - < Connection: upgrade
2023-03-28 11:17:00,307 - DEBUG - < Date: Tue, 28 Mar 2023 02:16:59 GMT
2023-03-28 11:17:00,307 - DEBUG - < sec-websocket-protocol: ocpp1.6
2023-03-28 11:17:00,307 - DEBUG - < upgrade: websocket
2023-03-28 11:17:00,307 - DEBUG - < sec-websocket-accept: LAAyakn/C50swX5OQF+EoSkGTBg=
2023-03-28 11:17:00,307 - DEBUG - < sec-websocket-extensions: permessage-deflate
2023-03-28 11:17:00,307 - DEBUG - < X-Cache: Miss from cloudfront
2023-03-28 11:17:00,307 - DEBUG - < Via: 1.1 398e2e4101ed255d172b5d628fa36f5c.cloudfront.net (CloudFront)
2023-03-28 11:17:00,307 - DEBUG - < X-Amz-Cf-Pop: ICN57-P2
2023-03-28 11:17:00,307 - DEBUG - < X-Amz-Cf-Id: JEsoUumSCiBXlay8jKz_Oz2gV2ZSnYr9ZWpDY3JMzPKH0xzOpIo79Q==
2023-03-28 11:17:00,308 - DEBUG - = connection is OPEN
2023-03-28 11:17:00,329 - DEBUG - > TEXT '[2, "a75f8ffa-7cb8-44ad-a652-8832150af6c9", "Bo...umber": "EVSCA050001"}]' [169 bytes]
2023-03-28 11:17:00,575 - DEBUG - < TEXT '[3, "a75f8ffa-7cb8-44ad-a652-8832150af6c9", {"s...59Z", "interval": 600}]' [123 bytes]
2023-03-28 11:17:00,611 - DEBUG - Starting new HTTPS connection (1): 8b434254zg.execute-api.ap-northeast-2.amazonaws.com:443
2023-03-28 11:17:01,215 - DEBUG - https://8b434254zg.execute-api.ap-northeast-2.amazonaws.com:443 "POST /dev/ioc HTTP/1.1" 200 161
2023-03-28 11:17:01,246 - DEBUG - < TEXT '[2, "82b7693c-f714-4004-832b-0e60550338e3", "Ch...tion", "value": "300"}]' [116 bytes]
2023-03-28 11:17:01,253 - DEBUG - > TEXT '[3, "82b7693c-f714-4004-832b-0e60550338e3", {"status": "Accepted"}]' [67 bytes]
2023-03-28 11:17:01,453 - DEBUG - < TEXT '{}' [2 bytes]
2023-03-28 11:17:01,489 - DEBUG - Starting new HTTPS connection (1): 8b434254zg.execute-api.ap-northeast-2.amazonaws.com:443
2023-03-28 11:17:01,975 - DEBUG - https://8b434254zg.execute-api.ap-northeast-2.amazonaws.com:443 "POST /dev/ioc HTTP/1.1" 200 158
2023-03-28 11:17:02,010 - DEBUG - < TEXT '[2, "309b129a-1b25-4c71-8be4-443d4a94579f", "Ch...ize", "value": "true"}]' [113 bytes]
2023-03-28 11:17:02,016 - DEBUG - > TEXT '[3, "309b129a-1b25-4c71-8be4-443d4a94579f", {"status": "Accepted"}]' [67 bytes]
2023-03-28 11:17:02,193 - DEBUG - < TEXT '{}' [2 bytes]
2023-03-28 11:17:02,229 - DEBUG - > TEXT '[2, "a75f8ffa-7cb8-44ad-a652-8832150af6c9", "St..."status": "Preparing"}]' [132 bytes]
2023-03-28 11:17:02,414 - DEBUG - < TEXT '[3, "a75f8ffa-7cb8-44ad-a652-8832150af6c9", {}]' [47 bytes]
2023-03-28 11:17:02,440 - DEBUG - > TEXT '[2, "a75f8ffa-7cb8-44ad-a652-8832150af6c9", "Au...": "4688452679863511"}]' [87 bytes]
2023-03-28 11:17:02,653 - DEBUG - < TEXT '[3, "a75f8ffa-7cb8-44ad-a652-8832150af6c9", {"i...{"status": "Expired"}}]' [81 bytes]
2023-03-28 11:17:02,670 - DEBUG - = connection is CLOSING
2023-03-28 11:17:02,670 - DEBUG - > CLOSE 1000 (OK) [2 bytes]
2023-03-28 11:17:02,682 - DEBUG - < CLOSE 1000 (OK) [2 bytes]
2023-03-28 11:17:02,686 - DEBUG - = connection is CLOSED
2023-03-28 11:19:44,756 - DEBUG - = connection is CONNECTING
2023-03-28 11:19:44,789 - DEBUG - > GET /ocpp16/ELA007C05/EVSCA050002 HTTP/1.1
2023-03-28 11:19:44,789 - DEBUG - > Host: ws.devevspcharger.uplus.co.kr
2023-03-28 11:19:44,789 - DEBUG - > Upgrade: websocket
2023-03-28 11:19:44,789 - DEBUG - > Connection: Upgrade
2023-03-28 11:19:44,789 - DEBUG - > Sec-WebSocket-Key: wKxERlWbfQFgO4IO43oJvw==
2023-03-28 11:19:44,790 - DEBUG - > Sec-WebSocket-Version: 13
2023-03-28 11:19:44,790 - DEBUG - > Sec-WebSocket-Extensions: permessage-deflate; client_max_window_bits
2023-03-28 11:19:44,790 - DEBUG - > Sec-WebSocket-Protocol: ocpp1.6
2023-03-28 11:19:44,790 - DEBUG - > Authorization: Basic RVZBUjpFVkFSTEdV
2023-03-28 11:19:44,790 - DEBUG - > User-Agent: Python/3.11 websockets/10.4
2023-03-28 11:19:46,094 - DEBUG - < HTTP/1.1 101 Switching Protocols
2023-03-28 11:19:46,094 - DEBUG - < Connection: upgrade
2023-03-28 11:19:46,095 - DEBUG - < Date: Tue, 28 Mar 2023 02:19:44 GMT
2023-03-28 11:19:46,095 - DEBUG - < sec-websocket-protocol: ocpp1.6
2023-03-28 11:19:46,095 - DEBUG - < upgrade: websocket
2023-03-28 11:19:46,095 - DEBUG - < sec-websocket-accept: u7ah8xSxXCzCjTqOe2HuGdS1Oe0=
2023-03-28 11:19:46,095 - DEBUG - < sec-websocket-extensions: permessage-deflate
2023-03-28 11:19:46,095 - DEBUG - < X-Cache: Miss from cloudfront
2023-03-28 11:19:46,095 - DEBUG - < Via: 1.1 1c2dddf38b53f960ce106f4047c232e4.cloudfront.net (CloudFront)
2023-03-28 11:19:46,095 - DEBUG - < X-Amz-Cf-Pop: ICN57-P2
2023-03-28 11:19:46,095 - DEBUG - < X-Amz-Cf-Id: UGsGJalmB6BXcm5l4ynf4uFarytLGOGxQeItw7Bnl-zLdtNzGfrkmQ==
2023-03-28 11:19:46,096 - DEBUG - = connection is OPEN
2023-03-28 11:19:46,125 - DEBUG - > TEXT '[2, "680e0f81-d9df-47bd-a95a-85bb0097dab1", "Bo...umber": "EVSCA050001"}]' [169 bytes]
2023-03-28 11:19:46,477 - DEBUG - < TEXT '[4, "680e0f81-d9df-47bd-a95a-85bb0097dab1", {"e... system availability"}]' [161 bytes]
2023-03-28 11:19:46,493 - DEBUG - = connection is CLOSING
2023-03-28 11:19:46,493 - DEBUG - > CLOSE 1000 (OK) [2 bytes]
2023-03-28 11:19:46,500 - DEBUG - < CLOSE 1000 (OK) [2 bytes]
2023-03-28 11:19:46,507 - DEBUG - = connection is CLOSED
2023-03-29 08:48:38,970 - DEBUG - = connection is CONNECTING
2023-03-29 08:48:39,043 - DEBUG - > GET /ocpp16/ELA007C05/EVSCA050001 HTTP/1.1
2023-03-29 08:48:39,044 - DEBUG - > Host: ws.devevspcharger.uplus.co.kr
2023-03-29 08:48:39,044 - DEBUG - > Upgrade: websocket
2023-03-29 08:48:39,044 - DEBUG - > Connection: Upgrade
2023-03-29 08:48:39,045 - DEBUG - > Sec-WebSocket-Key: iRsspf1y6af2vv+5tlc4yg==
2023-03-29 08:48:39,045 - DEBUG - > Sec-WebSocket-Version: 13
2023-03-29 08:48:39,045 - DEBUG - > Sec-WebSocket-Extensions: permessage-deflate; client_max_window_bits
2023-03-29 08:48:39,045 - DEBUG - > Sec-WebSocket-Protocol: ocpp1.6
2023-03-29 08:48:39,045 - DEBUG - > Authorization: Basic RVZBUjpFVkFSTEdV
2023-03-29 08:48:39,045 - DEBUG - > User-Agent: Python/3.11 websockets/10.4
2023-03-29 08:48:40,512 - DEBUG - < HTTP/1.1 101 Switching Protocols
2023-03-29 08:48:40,512 - DEBUG - < Connection: upgrade
2023-03-29 08:48:40,512 - DEBUG - < Date: Tue, 28 Mar 2023 23:48:36 GMT
2023-03-29 08:48:40,513 - DEBUG - < sec-websocket-protocol: ocpp1.6
2023-03-29 08:48:40,513 - DEBUG - < upgrade: websocket
2023-03-29 08:48:40,513 - DEBUG - < sec-websocket-accept: CVxaVIcuW4nxP73eRujp9jL/AuA=
2023-03-29 08:48:40,513 - DEBUG - < sec-websocket-extensions: permessage-deflate
2023-03-29 08:48:40,514 - DEBUG - < X-Cache: Miss from cloudfront
2023-03-29 08:48:40,514 - DEBUG - < Via: 1.1 3c5e765ef2333ef04ef6f44a2b66ec12.cloudfront.net (CloudFront)
2023-03-29 08:48:40,514 - DEBUG - < X-Amz-Cf-Pop: ICN57-P2
2023-03-29 08:48:40,515 - DEBUG - < X-Amz-Cf-Id: fDLRANDbjcFiXru51EvUd9wOF59mQ3uYkggp2F-xH7IMr0cHZ-dFLQ==
2023-03-29 08:48:40,523 - DEBUG - = connection is OPEN
2023-03-29 08:48:40,581 - DEBUG - > TEXT '[2, "026c093a-b2d3-41ab-a5e9-a709ad1b2d28", "Bo...umber": "EVSCA050001"}]' [169 bytes]
2023-03-29 08:48:40,986 - DEBUG - < TEXT '[3, "026c093a-b2d3-41ab-a5e9-a709ad1b2d28", {"s...37Z", "interval": 600}]' [123 bytes]
2023-03-29 08:48:41,025 - DEBUG - > TEXT '[2, "8cddfe51-ce27-427c-95a5-6a7e76a60290", "St..."status": "Available"}]' [132 bytes]
2023-03-29 08:48:41,197 - DEBUG - < TEXT '[3, "8cddfe51-ce27-427c-95a5-6a7e76a60290", {}]' [47 bytes]
2023-03-29 08:48:41,232 - DEBUG - > TEXT '[2, "f4c69f80-cd3e-4138-b21f-fe462b9f8a2b", "Au...": "1031040000069641"}]' [87 bytes]
2023-03-29 08:48:41,621 - DEBUG - < TEXT '[3, "f4c69f80-cd3e-4138-b21f-fe462b9f8a2b", {"i..."status": "Accepted"}}]' [82 bytes]
2023-03-29 08:48:41,694 - DEBUG - = connection is CLOSING
2023-03-29 08:48:41,695 - DEBUG - > CLOSE 1000 (OK) [2 bytes]
2023-03-29 08:48:41,702 - DEBUG - < CLOSE 1000 (OK) [2 bytes]
2023-03-29 08:48:41,706 - DEBUG - = connection is CLOSED
2023-03-29 08:48:44,721 - DEBUG - = connection is CONNECTING
2023-03-29 08:48:44,766 - DEBUG - > GET /ocpp16/ELA007C05/EVSCA050001 HTTP/1.1
2023-03-29 08:48:44,768 - DEBUG - > Host: ws.devevspcharger.uplus.co.kr
2023-03-29 08:48:44,768 - DEBUG - > Upgrade: websocket
2023-03-29 08:48:44,769 - DEBUG - > Connection: Upgrade
2023-03-29 08:48:44,769 - DEBUG - > Sec-WebSocket-Key: ZBVyWzEVLk41z0Q1cciVyA==
2023-03-29 08:48:44,770 - DEBUG - > Sec-WebSocket-Version: 13
2023-03-29 08:48:44,770 - DEBUG - > Sec-WebSocket-Extensions: permessage-deflate; client_max_window_bits
2023-03-29 08:48:44,771 - DEBUG - > Sec-WebSocket-Protocol: ocpp1.6
2023-03-29 08:48:44,771 - DEBUG - > Authorization: Basic RVZBUjpFVkFSTEdV
2023-03-29 08:48:44,772 - DEBUG - > User-Agent: Python/3.11 websockets/10.4
2023-03-29 08:48:45,001 - DEBUG - < HTTP/1.1 101 Switching Protocols
2023-03-29 08:48:45,001 - DEBUG - < Connection: upgrade
2023-03-29 08:48:45,001 - DEBUG - < Date: Tue, 28 Mar 2023 23:48:41 GMT
2023-03-29 08:48:45,001 - DEBUG - < sec-websocket-protocol: ocpp1.6
2023-03-29 08:48:45,002 - DEBUG - < upgrade: websocket
2023-03-29 08:48:45,002 - DEBUG - < sec-websocket-accept: /YbYwRTD1tgLWKJedYy//nXxBss=
2023-03-29 08:48:45,002 - DEBUG - < sec-websocket-extensions: permessage-deflate
2023-03-29 08:48:45,002 - DEBUG - < X-Cache: Miss from cloudfront
2023-03-29 08:48:45,002 - DEBUG - < Via: 1.1 bab1895e0b0b8d2cc8c02eee5d24db78.cloudfront.net (CloudFront)
2023-03-29 08:48:45,002 - DEBUG - < X-Amz-Cf-Pop: ICN57-P2
2023-03-29 08:48:45,007 - DEBUG - < X-Amz-Cf-Id: 3rAmHExAQd4MF3wO_yrKKE2trfHWgnevN62kTluYrLXhvX2T0ZE0xg==
2023-03-29 08:48:45,008 - DEBUG - = connection is OPEN
2023-03-29 08:48:45,035 - DEBUG - > TEXT '[2, "3632e58e-86be-4e9a-b26b-c0923639962e", "Bo...umber": "EVSCA050001"}]' [169 bytes]
2023-03-29 08:48:45,256 - DEBUG - < TEXT '[3, "3632e58e-86be-4e9a-b26b-c0923639962e", {"s...41Z", "interval": 600}]' [123 bytes]
2023-03-29 08:48:45,292 - DEBUG - > TEXT '[2, "c40cf0ec-ed5a-4e40-9836-f4efb2929e90", "St..."status": "Available"}]' [132 bytes]
2023-03-29 08:48:45,478 - DEBUG - < TEXT '[3, "c40cf0ec-ed5a-4e40-9836-f4efb2929e90", {}]' [47 bytes]
2023-03-29 08:48:45,511 - DEBUG - > TEXT '[2, "6f990ca5-922e-4405-9b73-3a6bc331a87e", "Au...": "1031040000069641"}]' [87 bytes]
2023-03-29 08:48:45,854 - DEBUG - < TEXT '[3, "6f990ca5-922e-4405-9b73-3a6bc331a87e", {"i..."status": "Accepted"}}]' [82 bytes]
2023-03-29 08:48:45,878 - DEBUG - = connection is CLOSING
2023-03-29 08:48:45,878 - DEBUG - > CLOSE 1000 (OK) [2 bytes]
2023-03-29 08:48:45,886 - DEBUG - < CLOSE 1000 (OK) [2 bytes]
2023-03-29 08:48:45,892 - DEBUG - = connection is CLOSED
2023-03-29 08:48:49,962 - DEBUG - = connection is CONNECTING
2023-03-29 08:48:49,994 - DEBUG - > GET /ocpp16/ELA007C05/EVSCA050001 HTTP/1.1
2023-03-29 08:48:49,994 - DEBUG - > Host: ws.devevspcharger.uplus.co.kr
2023-03-29 08:48:49,995 - DEBUG - > Upgrade: websocket
2023-03-29 08:48:49,995 - DEBUG - > Connection: Upgrade
2023-03-29 08:48:49,995 - DEBUG - > Sec-WebSocket-Key: Wc4ZDeZpq8WFGj1Ho9ubrw==
2023-03-29 08:48:49,995 - DEBUG - > Sec-WebSocket-Version: 13
2023-03-29 08:48:49,995 - DEBUG - > Sec-WebSocket-Extensions: permessage-deflate; client_max_window_bits
2023-03-29 08:48:49,995 - DEBUG - > Sec-WebSocket-Protocol: ocpp1.6
2023-03-29 08:48:49,995 - DEBUG - > Authorization: Basic RVZBUjpFVkFSTEdV
2023-03-29 08:48:49,995 - DEBUG - > User-Agent: Python/3.11 websockets/10.4
2023-03-29 08:48:50,209 - DEBUG - < HTTP/1.1 101 Switching Protocols
2023-03-29 08:48:50,210 - DEBUG - < Connection: upgrade
2023-03-29 08:48:50,210 - DEBUG - < Date: Tue, 28 Mar 2023 23:48:46 GMT
2023-03-29 08:48:50,210 - DEBUG - < sec-websocket-protocol: ocpp1.6
2023-03-29 08:48:50,210 - DEBUG - < upgrade: websocket
2023-03-29 08:48:50,210 - DEBUG - < sec-websocket-accept: q+SXuAmyf7xloZPCXtMGgbmo8r4=
2023-03-29 08:48:50,210 - DEBUG - < sec-websocket-extensions: permessage-deflate
2023-03-29 08:48:50,210 - DEBUG - < X-Cache: Miss from cloudfront
2023-03-29 08:48:50,210 - DEBUG - < Via: 1.1 d21d7f64d4ce2d8fcbb5fbee217cca5a.cloudfront.net (CloudFront)
2023-03-29 08:48:50,210 - DEBUG - < X-Amz-Cf-Pop: ICN57-P2
2023-03-29 08:48:50,210 - DEBUG - < X-Amz-Cf-Id: PJoXTY1cxtOQ7BJ0yEKFE5tvMhvAV2tLvaVruciGUjjtqqNacGvu1Q==
2023-03-29 08:48:50,216 - DEBUG - = connection is OPEN
2023-03-29 08:48:50,247 - DEBUG - > TEXT '[2, "ee1aff47-d921-4b6d-902b-380144418ae9", "Bo...umber": "EVSCA050001"}]' [169 bytes]
2023-03-29 08:48:50,457 - DEBUG - < TEXT '[3, "ee1aff47-d921-4b6d-902b-380144418ae9", {"s...46Z", "interval": 600}]' [123 bytes]
2023-03-29 08:48:50,497 - DEBUG - > TEXT '[2, "41f37ca2-7c5f-409e-8fbd-79d2cef32838", "St..."status": "Available"}]' [132 bytes]
2023-03-29 08:48:50,698 - DEBUG - < TEXT '[3, "41f37ca2-7c5f-409e-8fbd-79d2cef32838", {}]' [47 bytes]
2023-03-29 08:48:50,729 - DEBUG - > TEXT '[2, "fd376a33-8f6a-48da-8d67-171aa252343c", "Au...": "1031040000069641"}]' [87 bytes]
2023-03-29 08:48:50,977 - DEBUG - < TEXT '[3, "fd376a33-8f6a-48da-8d67-171aa252343c", {"i..."status": "Accepted"}}]' [82 bytes]
2023-03-29 08:48:50,998 - DEBUG - = connection is CLOSING
2023-03-29 08:48:50,998 - DEBUG - > CLOSE 1000 (OK) [2 bytes]
2023-03-29 08:48:51,005 - DEBUG - < CLOSE 1000 (OK) [2 bytes]
2023-03-29 08:48:51,008 - DEBUG - = connection is CLOSED
2023-03-29 08:48:51,019 - DEBUG - = connection is CONNECTING
2023-03-29 08:48:51,053 - DEBUG - > GET /ocpp16/ELA007C05/EVSCA050001 HTTP/1.1
2023-03-29 08:48:51,053 - DEBUG - > Host: ws.devevspcharger.uplus.co.kr
2023-03-29 08:48:51,053 - DEBUG - > Upgrade: websocket
2023-03-29 08:48:51,053 - DEBUG - > Connection: Upgrade
2023-03-29 08:48:51,053 - DEBUG - > Sec-WebSocket-Key: QwNY1BV1u2rCroKWH/ixrA==
2023-03-29 08:48:51,054 - DEBUG - > Sec-WebSocket-Version: 13
2023-03-29 08:48:51,054 - DEBUG - > Sec-WebSocket-Extensions: permessage-deflate; client_max_window_bits
2023-03-29 08:48:51,054 - DEBUG - > Sec-WebSocket-Protocol: ocpp1.6
2023-03-29 08:48:51,054 - DEBUG - > Authorization: Basic RVZBUjpFVkFSTEdV
2023-03-29 08:48:51,054 - DEBUG - > User-Agent: Python/3.11 websockets/10.4
2023-03-29 08:48:51,397 - DEBUG - < HTTP/1.1 101 Switching Protocols
2023-03-29 08:48:51,398 - DEBUG - < Connection: upgrade
2023-03-29 08:48:51,398 - DEBUG - < Date: Tue, 28 Mar 2023 23:48:47 GMT
2023-03-29 08:48:51,398 - DEBUG - < sec-websocket-protocol: ocpp1.6
2023-03-29 08:48:51,399 - DEBUG - < upgrade: websocket
2023-03-29 08:48:51,399 - DEBUG - < sec-websocket-accept: mApcm4ishfc0vw5eN21ojVKvSow=
2023-03-29 08:48:51,399 - DEBUG - < sec-websocket-extensions: permessage-deflate
2023-03-29 08:48:51,399 - DEBUG - < X-Cache: Miss from cloudfront
2023-03-29 08:48:51,400 - DEBUG - < Via: 1.1 ba725da875f43fb311efeb484e55ed1a.cloudfront.net (CloudFront)
2023-03-29 08:48:51,400 - DEBUG - < X-Amz-Cf-Pop: ICN57-P2
2023-03-29 08:48:51,400 - DEBUG - < X-Amz-Cf-Id: vRckISyqNrSouTqniewJW4nG9opkRwkcupqvYy3ATU51JuAqhPNm3w==
2023-03-29 08:48:51,401 - DEBUG - = connection is OPEN
2023-03-29 08:48:51,452 - DEBUG - > TEXT '[2, "e929be9a-682b-4d6f-8e37-b3715bd08abc", "Bo...umber": "EVSCA050001"}]' [169 bytes]
2023-03-29 08:48:51,679 - DEBUG - < TEXT '[3, "e929be9a-682b-4d6f-8e37-b3715bd08abc", {"s...47Z", "interval": 600}]' [123 bytes]
2023-03-29 08:48:51,713 - DEBUG - > TEXT '[2, "e6a461dd-72e9-4d77-8ba2-e0732f25daad", "St..."status": "Available"}]' [132 bytes]
2023-03-29 08:48:51,897 - DEBUG - < TEXT '[3, "e6a461dd-72e9-4d77-8ba2-e0732f25daad", {}]' [47 bytes]
2023-03-29 08:48:51,933 - DEBUG - > TEXT '[2, "d2304c7a-4b91-458c-9340-333ba8b9ab9d", "Au...": "1031040000069641"}]' [87 bytes]
2023-03-29 08:48:52,157 - DEBUG - < TEXT '[3, "d2304c7a-4b91-458c-9340-333ba8b9ab9d", {"i..."status": "Accepted"}}]' [82 bytes]
2023-03-29 08:48:52,194 - DEBUG - > TEXT '[2, "84159830-d1d0-48af-a942-d37dae2219e5", "St...2023-03-29T08:48:49Z"}]' [170 bytes]
2023-03-29 08:48:52,577 - DEBUG - < TEXT '[3, "84159830-d1d0-48af-a942-d37dae2219e5", {"t..."status": "Accepted"}}]' [110 bytes]
2023-03-29 08:48:52,626 - DEBUG - > TEXT '[2, "8b65af7b-a9db-4c5e-9e9a-db4c284b3778", "St... "status": "Charging"}]' [131 bytes]
2023-03-29 08:48:52,819 - DEBUG - < TEXT '[3, "8b65af7b-a9db-4c5e-9e9a-db4c284b3778", {}]' [47 bytes]
2023-03-29 08:48:52,865 - DEBUG - > TEXT '[2, "f39d2316-f057-4f57-81a5-fb313b64e13a", "Me...er", "unit": "Wh"}]}]}]' [259 bytes]
2023-03-29 08:48:53,077 - DEBUG - < TEXT '[3, "f39d2316-f057-4f57-81a5-fb313b64e13a", {}]' [47 bytes]
2023-03-29 08:48:53,120 - DEBUG - > TEXT '[2, "87918d62-d9d0-4613-8aee-2abd9a9810bb", "St...sactionId": 120533541}]' [149 bytes]
2023-03-29 08:48:53,436 - DEBUG - < TEXT '[3, "87918d62-d9d0-4613-8aee-2abd9a9810bb", {"i..."status": "Accepted"}}]' [82 bytes]
2023-03-29 08:48:53,484 - DEBUG - > TEXT '[2, "117c54e7-303c-478c-a389-54210a8cc774", "St..."status": "Finishing"}]' [132 bytes]
2023-03-29 08:48:53,721 - DEBUG - < TEXT '[3, "117c54e7-303c-478c-a389-54210a8cc774", {}]' [47 bytes]
2023-03-29 08:48:53,763 - DEBUG - > TEXT '[2, "cbf2c646-988c-4f90-9ede-bef7d5d31520", "St..."status": "Available"}]' [132 bytes]
2023-03-29 08:48:53,957 - DEBUG - < TEXT '[3, "cbf2c646-988c-4f90-9ede-bef7d5d31520", {}]' [47 bytes]
2023-03-29 08:48:53,981 - DEBUG - = connection is CLOSING
2023-03-29 08:48:53,981 - DEBUG - > CLOSE 1000 (OK) [2 bytes]
2023-03-29 08:48:53,990 - DEBUG - < CLOSE 1000 (OK) [2 bytes]
2023-03-29 08:48:53,997 - DEBUG - = connection is CLOSED
2023-03-29 08:48:54,013 - DEBUG - = connection is CONNECTING
2023-03-29 08:48:54,053 - DEBUG - > GET /ocpp16/ELA007C05/EVSCA050001 HTTP/1.1
2023-03-29 08:48:54,054 - DEBUG - > Host: ws.devevspcharger.uplus.co.kr
2023-03-29 08:48:54,054 - DEBUG - > Upgrade: websocket
2023-03-29 08:48:54,054 - DEBUG - > Connection: Upgrade
2023-03-29 08:48:54,054 - DEBUG - > Sec-WebSocket-Key: eEi3qg5HobNQu0sEDqqI6A==
2023-03-29 08:48:54,054 - DEBUG - > Sec-WebSocket-Version: 13
2023-03-29 08:48:54,054 - DEBUG - > Sec-WebSocket-Extensions: permessage-deflate; client_max_window_bits
2023-03-29 08:48:54,054 - DEBUG - > Sec-WebSocket-Protocol: ocpp1.6
2023-03-29 08:48:54,054 - DEBUG - > Authorization: Basic RVZBUjpFVkFSTEdV
2023-03-29 08:48:54,054 - DEBUG - > User-Agent: Python/3.11 websockets/10.4
2023-03-29 08:48:54,269 - DEBUG - < HTTP/1.1 101 Switching Protocols
2023-03-29 08:48:54,269 - DEBUG - < Connection: upgrade
2023-03-29 08:48:54,269 - DEBUG - < Date: Tue, 28 Mar 2023 23:48:50 GMT
2023-03-29 08:48:54,270 - DEBUG - < sec-websocket-protocol: ocpp1.6
2023-03-29 08:48:54,270 - DEBUG - < upgrade: websocket
2023-03-29 08:48:54,270 - DEBUG - < sec-websocket-accept: uuJMasYi/TAHtKUDB66wCyG1+9Y=
2023-03-29 08:48:54,270 - DEBUG - < sec-websocket-extensions: permessage-deflate
2023-03-29 08:48:54,270 - DEBUG - < X-Cache: Miss from cloudfront
2023-03-29 08:48:54,270 - DEBUG - < Via: 1.1 1c31b550dc04cf34ff9053b76a7eecc4.cloudfront.net (CloudFront)
2023-03-29 08:48:54,270 - DEBUG - < X-Amz-Cf-Pop: ICN57-P2
2023-03-29 08:48:54,270 - DEBUG - < X-Amz-Cf-Id: N6Ltiw3IvpxDupPQ9Afr_Ai4jmBa0S_3GVN-G-Elw7m3mjy1OsNEEg==
2023-03-29 08:48:54,271 - DEBUG - = connection is OPEN
2023-03-29 08:48:54,302 - DEBUG - > TEXT '[2, "bdc3e219-b93d-48fe-9199-1500a82ddd19", "Bo...umber": "EVSCA050001"}]' [169 bytes]
2023-03-29 08:48:54,519 - DEBUG - < TEXT '[3, "bdc3e219-b93d-48fe-9199-1500a82ddd19", {"s...50Z", "interval": 600}]' [123 bytes]
2023-03-29 08:48:54,558 - DEBUG - > TEXT '[2, "5c6cb90e-ce5b-4e58-b2ac-72ca8f87c0cf", "Au...": "1031040000069641"}]' [87 bytes]
2023-03-29 08:48:54,778 - DEBUG - < TEXT '[3, "5c6cb90e-ce5b-4e58-b2ac-72ca8f87c0cf", {"i..."status": "Accepted"}}]' [82 bytes]
2023-03-29 08:48:54,814 - DEBUG - > TEXT '[2, "c1c5b3fa-6aeb-45c3-80c2-db235b768c34", "St..."status": "Preparing"}]' [132 bytes]
2023-03-29 08:48:54,998 - DEBUG - < TEXT '[3, "c1c5b3fa-6aeb-45c3-80c2-db235b768c34", {}]' [47 bytes]
2023-03-29 08:48:55,030 - DEBUG - > TEXT '[2, "62ee1d0d-a41f-4e8d-9234-c5e50e7aa00a", "St...2023-03-29T08:48:49Z"}]' [170 bytes]
2023-03-29 08:48:55,359 - DEBUG - < TEXT '[3, "62ee1d0d-a41f-4e8d-9234-c5e50e7aa00a", {"t..."status": "Accepted"}}]' [110 bytes]
2023-03-29 08:48:55,396 - DEBUG - > TEXT '[2, "5421a61f-4ad7-45c5-9661-6adbe95d165d", "St... "status": "Charging"}]' [131 bytes]
2023-03-29 08:48:55,576 - DEBUG - < TEXT '[3, "5421a61f-4ad7-45c5-9661-6adbe95d165d", {}]' [47 bytes]
2023-03-29 08:48:55,613 - DEBUG - > TEXT '[2, "49d309b1-7ac4-4cd7-9d5b-86001a1e22c9", "Me...er", "unit": "Wh"}]}]}]' [259 bytes]
2023-03-29 08:48:55,838 - DEBUG - < TEXT '[3, "49d309b1-7ac4-4cd7-9d5b-86001a1e22c9", {}]' [47 bytes]
2023-03-29 08:48:55,877 - DEBUG - > TEXT '[2, "379b847f-abcc-44f4-a5c4-cb9faa78d8da", "St...sactionId": 120533542}]' [149 bytes]
2023-03-29 08:48:56,137 - DEBUG - < TEXT '[3, "379b847f-abcc-44f4-a5c4-cb9faa78d8da", {"i..."status": "Accepted"}}]' [82 bytes]
2023-03-29 08:48:56,179 - DEBUG - > TEXT '[2, "747fc349-c268-495e-8135-dd975d196276", "St..."status": "Finishing"}]' [132 bytes]
2023-03-29 08:48:56,370 - DEBUG - < TEXT '[3, "747fc349-c268-495e-8135-dd975d196276", {}]' [47 bytes]
2023-03-29 08:48:56,407 - DEBUG - > TEXT '[2, "8e73a8f5-62da-46a3-ac91-03b91bd8dddb", "St..."status": "Available"}]' [132 bytes]
2023-03-29 08:48:56,599 - DEBUG - < TEXT '[3, "8e73a8f5-62da-46a3-ac91-03b91bd8dddb", {}]' [47 bytes]
2023-03-29 08:48:56,617 - DEBUG - = connection is CLOSING
2023-03-29 08:48:56,617 - DEBUG - > CLOSE 1000 (OK) [2 bytes]
2023-03-29 08:48:56,626 - DEBUG - < CLOSE 1000 (OK) [2 bytes]
2023-03-29 08:48:56,629 - DEBUG - = connection is CLOSED
2023-03-29 08:48:56,638 - DEBUG - = connection is CONNECTING
2023-03-29 08:48:56,680 - DEBUG - > GET /ocpp16/ELA007C05/EVSCA050001 HTTP/1.1
2023-03-29 08:48:56,681 - DEBUG - > Host: ws.devevspcharger.uplus.co.kr
2023-03-29 08:48:56,681 - DEBUG - > Upgrade: websocket
2023-03-29 08:48:56,682 - DEBUG - > Connection: Upgrade
2023-03-29 08:48:56,682 - DEBUG - > Sec-WebSocket-Key: Q349hRrAtQrGdEwtv+RmOA==
2023-03-29 08:48:56,682 - DEBUG - > Sec-WebSocket-Version: 13
2023-03-29 08:48:56,683 - DEBUG - > Sec-WebSocket-Extensions: permessage-deflate; client_max_window_bits
2023-03-29 08:48:56,683 - DEBUG - > Sec-WebSocket-Protocol: ocpp1.6
2023-03-29 08:48:56,683 - DEBUG - > Authorization: Basic RVZBUjpFVkFSTEdV
2023-03-29 08:48:56,683 - DEBUG - > User-Agent: Python/3.11 websockets/10.4
2023-03-29 08:48:56,908 - DEBUG - < HTTP/1.1 101 Switching Protocols
2023-03-29 08:48:56,908 - DEBUG - < Connection: upgrade
2023-03-29 08:48:56,908 - DEBUG - < Date: Tue, 28 Mar 2023 23:48:53 GMT
2023-03-29 08:48:56,909 - DEBUG - < sec-websocket-protocol: ocpp1.6
2023-03-29 08:48:56,909 - DEBUG - < upgrade: websocket
2023-03-29 08:48:56,909 - DEBUG - < sec-websocket-accept: e2muRyuKyKOHjc2FoHLSjEbs5YI=
2023-03-29 08:48:56,909 - DEBUG - < sec-websocket-extensions: permessage-deflate
2023-03-29 08:48:56,909 - DEBUG - < X-Cache: Miss from cloudfront
2023-03-29 08:48:56,909 - DEBUG - < Via: 1.1 623f9f4dd2fef338f4704e13bada95c8.cloudfront.net (CloudFront)
2023-03-29 08:48:56,909 - DEBUG - < X-Amz-Cf-Pop: ICN57-P2
2023-03-29 08:48:56,909 - DEBUG - < X-Amz-Cf-Id: Iz3K6URuR7vOd0fZjPsed5ODngANWGYeFZnAEyBDe79Lai2WDF0lUA==
2023-03-29 08:48:56,909 - DEBUG - = connection is OPEN
2023-03-29 08:48:56,934 - DEBUG - > TEXT '[2, "a48de4ad-cbeb-4737-9c6d-475db9858645", "Bo...umber": "EVSCA050001"}]' [169 bytes]
2023-03-29 08:48:57,155 - DEBUG - < TEXT '[3, "a48de4ad-cbeb-4737-9c6d-475db9858645", {"s...53Z", "interval": 600}]' [123 bytes]
2023-03-29 08:48:57,225 - DEBUG - Starting new HTTPS connection (1): 8b434254zg.execute-api.ap-northeast-2.amazonaws.com:443
2023-03-29 08:48:58,741 - DEBUG - https://8b434254zg.execute-api.ap-northeast-2.amazonaws.com:443 "POST /dev/ioc HTTP/1.1" 200 158
2023-03-29 08:48:58,799 - DEBUG - < TEXT '[2, "988a3823-f806-4284-88ee-1dbad6bb0178", "Ch...ize", "value": "true"}]' [113 bytes]
2023-03-29 08:48:58,805 - DEBUG - > TEXT '[3, "988a3823-f806-4284-88ee-1dbad6bb0178", {"status": "Accepted"}]' [67 bytes]
2023-03-29 08:48:58,978 - DEBUG - < TEXT '' [0 bytes]
2023-03-29 08:48:59,013 - DEBUG - Starting new HTTPS connection (1): 8b434254zg.execute-api.ap-northeast-2.amazonaws.com:443
2023-03-29 08:48:59,383 - DEBUG - https://8b434254zg.execute-api.ap-northeast-2.amazonaws.com:443 "POST /dev/ioc HTTP/1.1" 200 106
2023-03-29 08:48:59,440 - DEBUG - < TEXT '[2, "984e6ef0-ee83-4da3-a902-57f75705a686", "ClearCache", {}]' [61 bytes]
2023-03-29 08:48:59,447 - DEBUG - > TEXT '[3, "984e6ef0-ee83-4da3-a902-57f75705a686", {"status": "Accepted"}]' [67 bytes]
2023-03-29 08:48:59,632 - DEBUG - < TEXT '' [0 bytes]
2023-03-29 08:48:59,668 - DEBUG - > TEXT '[2, "51f799c6-b8b5-4bc8-a00a-009f1c1dcce5", "Au...": "1031040000069641"}]' [87 bytes]
2023-03-29 08:48:59,875 - DEBUG - < TEXT '[3, "51f799c6-b8b5-4bc8-a00a-009f1c1dcce5", {"i..."status": "Accepted"}}]' [82 bytes]
2023-03-29 08:48:59,900 - DEBUG - > TEXT '[2, "6467b7e1-ac7a-4330-8db6-b61a0f6f930f", "St..."status": "Preparing"}]' [132 bytes]
2023-03-29 08:49:00,076 - DEBUG - < TEXT '[3, "6467b7e1-ac7a-4330-8db6-b61a0f6f930f", {}]' [47 bytes]
2023-03-29 08:49:00,103 - DEBUG - > TEXT '[2, "5034e1e8-4843-4df8-99ba-3b9eead662ba", "St..."status": "Available"}]' [132 bytes]
2023-03-29 08:49:00,276 - DEBUG - < TEXT '[3, "5034e1e8-4843-4df8-99ba-3b9eead662ba", {}]' [47 bytes]
2023-03-29 08:49:00,289 - DEBUG - = connection is CLOSING
2023-03-29 08:49:00,289 - DEBUG - > CLOSE 1000 (OK) [2 bytes]
2023-03-29 08:49:00,296 - DEBUG - < CLOSE 1000 (OK) [2 bytes]
2023-03-29 08:49:00,301 - DEBUG - = connection is CLOSED
2023-03-29 08:49:00,316 - DEBUG - = connection is CONNECTING
2023-03-29 08:49:00,353 - DEBUG - > GET /ocpp16/ELA007C05/EVSCA050001 HTTP/1.1
2023-03-29 08:49:00,354 - DEBUG - > Host: ws.devevspcharger.uplus.co.kr
2023-03-29 08:49:00,354 - DEBUG - > Upgrade: websocket
2023-03-29 08:49:00,354 - DEBUG - > Connection: Upgrade
2023-03-29 08:49:00,355 - DEBUG - > Sec-WebSocket-Key: 2ehDu+QKUylsycmfsJv/Lw==
2023-03-29 08:49:00,355 - DEBUG - > Sec-WebSocket-Version: 13
2023-03-29 08:49:00,355 - DEBUG - > Sec-WebSocket-Extensions: permessage-deflate; client_max_window_bits
2023-03-29 08:49:00,355 - DEBUG - > Sec-WebSocket-Protocol: ocpp1.6
2023-03-29 08:49:00,355 - DEBUG - > Authorization: Basic RVZBUjpFVkFSTEdV
2023-03-29 08:49:00,355 - DEBUG - > User-Agent: Python/3.11 websockets/10.4
2023-03-29 08:49:00,569 - DEBUG - < HTTP/1.1 101 Switching Protocols
2023-03-29 08:49:00,569 - DEBUG - < Connection: upgrade
2023-03-29 08:49:00,569 - DEBUG - < Date: Tue, 28 Mar 2023 23:48:56 GMT
2023-03-29 08:49:00,569 - DEBUG - < sec-websocket-protocol: ocpp1.6
2023-03-29 08:49:00,570 - DEBUG - < upgrade: websocket
2023-03-29 08:49:00,571 - DEBUG - < sec-websocket-accept: RctIMC3vrvgg3cFxBaTxmtQFbas=
2023-03-29 08:49:00,572 - DEBUG - < sec-websocket-extensions: permessage-deflate
2023-03-29 08:49:00,572 - DEBUG - < X-Cache: Miss from cloudfront
2023-03-29 08:49:00,572 - DEBUG - < Via: 1.1 8cd680512056914f119efae770348786.cloudfront.net (CloudFront)
2023-03-29 08:49:00,572 - DEBUG - < X-Amz-Cf-Pop: ICN57-P2
2023-03-29 08:49:00,572 - DEBUG - < X-Amz-Cf-Id: 4bUMad7bj2avjqolPfcupMpS5C25NzZkTSN0hfcST-PvZiPLP4z1Ow==
2023-03-29 08:49:00,572 - DEBUG - = connection is OPEN
2023-03-29 08:49:00,592 - DEBUG - > TEXT '[2, "53391f0a-a304-481e-8804-ada4283b0f5a", "Bo...umber": "EVSCA050001"}]' [169 bytes]
2023-03-29 08:49:00,815 - DEBUG - < TEXT '[3, "53391f0a-a304-481e-8804-ada4283b0f5a", {"s...57Z", "interval": 600}]' [123 bytes]
2023-03-29 08:49:00,846 - DEBUG - > TEXT '[2, "ccb3d3dc-1a08-4f94-9f09-66c4a9a0735e", "St..."status": "Preparing"}]' [132 bytes]
2023-03-29 08:49:01,017 - DEBUG - < TEXT '[3, "ccb3d3dc-1a08-4f94-9f09-66c4a9a0735e", {}]' [47 bytes]
2023-03-29 08:49:01,046 - DEBUG - > TEXT '[2, "96101948-5dd1-4f89-8c35-5e8ce8071688", "Au...": "1031040000069641"}]' [87 bytes]
2023-03-29 08:49:01,258 - DEBUG - < TEXT '[3, "96101948-5dd1-4f89-8c35-5e8ce8071688", {"i..."status": "Accepted"}}]' [82 bytes]
2023-03-29 08:49:01,303 - DEBUG - > TEXT '[2, "e160461e-5c63-40cd-b8ad-1c239380f7c2", "St...2023-03-29T08:48:49Z"}]' [170 bytes]
2023-03-29 08:49:01,596 - DEBUG - < TEXT '[3, "e160461e-5c63-40cd-b8ad-1c239380f7c2", {"t..."status": "Accepted"}}]' [110 bytes]
2023-03-29 08:49:01,630 - DEBUG - > TEXT '[2, "d6ae8424-18d9-4b34-b8e9-413e1edbb2cd", "St... "status": "Charging"}]' [131 bytes]
2023-03-29 08:49:01,817 - DEBUG - < TEXT '[3, "d6ae8424-18d9-4b34-b8e9-413e1edbb2cd", {}]' [47 bytes]
2023-03-29 08:49:01,856 - DEBUG - > TEXT '[2, "e18b2faf-ddee-407c-9b9c-255e13b55ba6", "Me...er", "unit": "Wh"}]}]}]' [259 bytes]
2023-03-29 08:49:02,066 - DEBUG - < TEXT '[3, "e18b2faf-ddee-407c-9b9c-255e13b55ba6", {}]' [47 bytes]
2023-03-29 08:49:02,101 - DEBUG - > TEXT '[2, "b21ec6b6-7c92-4fd8-aece-43b1e78692ff", "St...tatus": "SuspendedEV"}]' [134 bytes]
2023-03-29 08:49:02,277 - DEBUG - < TEXT '[3, "b21ec6b6-7c92-4fd8-aece-43b1e78692ff", {}]' [47 bytes]
2023-03-29 08:49:02,335 - DEBUG - > TEXT '[2, "5a734baa-8cb3-423c-a933-d7af8324fad8", "St...sactionId": 120533544}]' [149 bytes]
2023-03-29 08:49:02,626 - DEBUG - < TEXT '[3, "5a734baa-8cb3-423c-a933-d7af8324fad8", {"i..."status": "Accepted"}}]' [82 bytes]
2023-03-29 08:49:02,676 - DEBUG - > TEXT '[2, "9a5d18f5-c292-48e4-b43d-d1811aceb418", "St..."status": "Finishing"}]' [132 bytes]
2023-03-29 08:49:02,858 - DEBUG - < TEXT '[3, "9a5d18f5-c292-48e4-b43d-d1811aceb418", {}]' [47 bytes]
2023-03-29 08:49:02,899 - DEBUG - > TEXT '[2, "ac6070ce-8306-4b49-a977-3ff172bd1291", "St..."status": "Available"}]' [132 bytes]
2023-03-29 08:49:03,079 - DEBUG - < TEXT '[3, "ac6070ce-8306-4b49-a977-3ff172bd1291", {}]' [47 bytes]
2023-03-29 08:49:03,102 - DEBUG - = connection is CLOSING
2023-03-29 08:49:03,102 - DEBUG - > CLOSE 1000 (OK) [2 bytes]
2023-03-29 08:49:03,111 - DEBUG - < CLOSE 1000 (OK) [2 bytes]
2023-03-29 08:49:03,114 - DEBUG - = connection is CLOSED
2023-03-29 08:49:03,121 - DEBUG - = connection is CONNECTING
2023-03-29 08:49:03,155 - DEBUG - > GET /ocpp16/ELA007C05/EVSCA050001 HTTP/1.1
2023-03-29 08:49:03,156 - DEBUG - > Host: ws.devevspcharger.uplus.co.kr
2023-03-29 08:49:03,156 - DEBUG - > Upgrade: websocket
2023-03-29 08:49:03,156 - DEBUG - > Connection: Upgrade
2023-03-29 08:49:03,156 - DEBUG - > Sec-WebSocket-Key: zEWHykq5XdcZE+Blk7Wynw==
2023-03-29 08:49:03,156 - DEBUG - > Sec-WebSocket-Version: 13
2023-03-29 08:49:03,156 - DEBUG - > Sec-WebSocket-Extensions: permessage-deflate; client_max_window_bits
2023-03-29 08:49:03,156 - DEBUG - > Sec-WebSocket-Protocol: ocpp1.6
2023-03-29 08:49:03,156 - DEBUG - > Authorization: Basic RVZBUjpFVkFSTEdV
2023-03-29 08:49:03,156 - DEBUG - > User-Agent: Python/3.11 websockets/10.4
2023-03-29 08:49:03,416 - DEBUG - < HTTP/1.1 101 Switching Protocols
2023-03-29 08:49:03,424 - DEBUG - < Connection: upgrade
2023-03-29 08:49:03,424 - DEBUG - < Date: Tue, 28 Mar 2023 23:48:59 GMT
2023-03-29 08:49:03,424 - DEBUG - < sec-websocket-protocol: ocpp1.6
2023-03-29 08:49:03,425 - DEBUG - < upgrade: websocket
2023-03-29 08:49:03,425 - DEBUG - < sec-websocket-accept: SNIZJlZYFfeBTskNT2Tg+C8+D8w=
2023-03-29 08:49:03,425 - DEBUG - < sec-websocket-extensions: permessage-deflate
2023-03-29 08:49:03,425 - DEBUG - < X-Cache: Miss from cloudfront
2023-03-29 08:49:03,425 - DEBUG - < Via: 1.1 96d5e926418becbc899e1a730ab37236.cloudfront.net (CloudFront)
2023-03-29 08:49:03,425 - DEBUG - < X-Amz-Cf-Pop: ICN57-P2
2023-03-29 08:49:03,425 - DEBUG - < X-Amz-Cf-Id: 8eZCuinK0g0HmqVv-4U_4X9JG8GSlG_Be_cP2YVCvyqnYp8L31zhvw==
2023-03-29 08:49:03,425 - DEBUG - = connection is OPEN
2023-03-29 08:49:03,449 - DEBUG - > TEXT '[2, "a173a847-e76c-4aa1-a5ab-ff39abeafb4b", "Bo...umber": "EVSCA050001"}]' [169 bytes]
2023-03-29 08:49:03,688 - DEBUG - < TEXT '[3, "a173a847-e76c-4aa1-a5ab-ff39abeafb4b", {"s...59Z", "interval": 600}]' [123 bytes]
2023-03-29 08:49:03,731 - DEBUG - Starting new HTTPS connection (1): 8b434254zg.execute-api.ap-northeast-2.amazonaws.com:443
2023-03-29 08:49:04,145 - DEBUG - https://8b434254zg.execute-api.ap-northeast-2.amazonaws.com:443 "POST /dev/ioc HTTP/1.1" 200 115
2023-03-29 08:49:04,182 - DEBUG - < TEXT '[2, "034551c8-6f3b-40a1-a873-465ac1f53253", "Reset", {"type": "Hard"}]' [70 bytes]
2023-03-29 08:49:04,199 - DEBUG - > TEXT '[3, "034551c8-6f3b-40a1-a873-465ac1f53253", {"status": "Accepted"}]' [67 bytes]
2023-03-29 08:49:04,376 - DEBUG - < TEXT '' [0 bytes]
2023-03-29 08:49:04,389 - DEBUG - = connection is CLOSING
2023-03-29 08:49:04,389 - DEBUG - > CLOSE 1000 (OK) [2 bytes]
2023-03-29 08:49:04,397 - DEBUG - < CLOSE 1000 (OK) [2 bytes]
2023-03-29 08:49:04,407 - DEBUG - = connection is CLOSED
2023-03-29 08:49:04,417 - DEBUG - = connection is CONNECTING
2023-03-29 08:49:04,450 - DEBUG - > GET /ocpp16/ELA007C05/EVSCA050001 HTTP/1.1
2023-03-29 08:49:04,450 - DEBUG - > Host: ws.devevspcharger.uplus.co.kr
2023-03-29 08:49:04,451 - DEBUG - > Upgrade: websocket
2023-03-29 08:49:04,451 - DEBUG - > Connection: Upgrade
2023-03-29 08:49:04,451 - DEBUG - > Sec-WebSocket-Key: MYRlPxF42Tfghrm6M3SsBA==
2023-03-29 08:49:04,451 - DEBUG - > Sec-WebSocket-Version: 13
2023-03-29 08:49:04,451 - DEBUG - > Sec-WebSocket-Extensions: permessage-deflate; client_max_window_bits
2023-03-29 08:49:04,451 - DEBUG - > Sec-WebSocket-Protocol: ocpp1.6
2023-03-29 08:49:04,451 - DEBUG - > Authorization: Basic RVZBUjpFVkFSTEdV
2023-03-29 08:49:04,451 - DEBUG - > User-Agent: Python/3.11 websockets/10.4
2023-03-29 08:49:04,671 - DEBUG - < HTTP/1.1 101 Switching Protocols
2023-03-29 08:49:04,671 - DEBUG - < Connection: upgrade
2023-03-29 08:49:04,671 - DEBUG - < Date: Tue, 28 Mar 2023 23:49:00 GMT
2023-03-29 08:49:04,671 - DEBUG - < sec-websocket-protocol: ocpp1.6
2023-03-29 08:49:04,671 - DEBUG - < upgrade: websocket
2023-03-29 08:49:04,671 - DEBUG - < sec-websocket-accept: ZyW9l/ksUuMETO4iLsSpFzHC+Xo=
2023-03-29 08:49:04,673 - DEBUG - < sec-websocket-extensions: permessage-deflate
2023-03-29 08:49:04,673 - DEBUG - < X-Cache: Miss from cloudfront
2023-03-29 08:49:04,673 - DEBUG - < Via: 1.1 1c31b550dc04cf34ff9053b76a7eecc4.cloudfront.net (CloudFront)
2023-03-29 08:49:04,673 - DEBUG - < X-Amz-Cf-Pop: ICN57-P2
2023-03-29 08:49:04,673 - DEBUG - < X-Amz-Cf-Id: aEnC56k70Ntu34q2ZzIMiUcgPaZa_y5L2d719vsW2Y_HMjgr-ZBmAQ==
2023-03-29 08:49:04,673 - DEBUG - = connection is OPEN
2023-03-29 08:49:04,705 - DEBUG - > TEXT '[2, "71ca43f5-7195-45ee-aaea-59005781230f", "Bo...umber": "EVSCA050001"}]' [169 bytes]
2023-03-29 08:49:04,916 - DEBUG - < TEXT '[3, "71ca43f5-7195-45ee-aaea-59005781230f", {"s...01Z", "interval": 600}]' [123 bytes]
2023-03-29 08:49:04,947 - DEBUG - Starting new HTTPS connection (1): 8b434254zg.execute-api.ap-northeast-2.amazonaws.com:443
2023-03-29 08:49:05,341 - DEBUG - https://8b434254zg.execute-api.ap-northeast-2.amazonaws.com:443 "POST /dev/ioc HTTP/1.1" 200 148
2023-03-29 08:49:05,413 - DEBUG - < TEXT '[2, "2d1c5e5f-a16e-4af5-aac5-10865307d772", "Ge...izeRemoteTxRequests"]}]' [103 bytes]
2023-03-29 08:49:05,424 - DEBUG - > TEXT '[3, "2d1c5e5f-a16e-4af5-aac5-10865307d772", {"c... "status": "Accepted"}]' [139 bytes]
2023-03-29 08:49:05,597 - DEBUG - < TEXT '' [0 bytes]
2023-03-29 08:49:05,675 - DEBUG - > TEXT '[2, "3dc6acc6-b46e-488b-bfea-534947312fe0", "St..."status": "Preparing"}]' [132 bytes]
2023-03-29 08:49:05,856 - DEBUG - < TEXT '[3, "3dc6acc6-b46e-488b-bfea-534947312fe0", {}]' [47 bytes]
2023-03-29 08:49:05,892 - DEBUG - Starting new HTTPS connection (1): 8b434254zg.execute-api.ap-northeast-2.amazonaws.com:443
2023-03-29 08:49:06,282 - DEBUG - https://8b434254zg.execute-api.ap-northeast-2.amazonaws.com:443 "POST /dev/ioc HTTP/1.1" 200 145
2023-03-29 08:49:06,329 - DEBUG - < TEXT '[2, "11dddb7e-e50f-4c2f-924f-fb5d12ad403d", "Re...": "1031040000069641"}]' [100 bytes]
2023-03-29 08:49:06,344 - DEBUG - > TEXT '[3, "11dddb7e-e50f-4c2f-924f-fb5d12ad403d", {"status": "Accepted"}]' [67 bytes]
2023-03-29 08:49:06,515 - DEBUG - < TEXT '' [0 bytes]
2023-03-29 08:49:06,546 - DEBUG - > TEXT '[2, "4126d5b5-9d1a-4868-a938-8b2523dbd3e6", "Au...": "1031040000069641"}]' [87 bytes]
2023-03-29 08:49:06,776 - DEBUG - < TEXT '[3, "4126d5b5-9d1a-4868-a938-8b2523dbd3e6", {"i..."status": "Accepted"}}]' [82 bytes]
2023-03-29 08:49:06,809 - DEBUG - > TEXT '[2, "beb4d352-9db8-4c95-86f0-66a3271a93e1", "St...2023-03-29T08:48:49Z"}]' [170 bytes]
2023-03-29 08:49:07,096 - DEBUG - < TEXT '[3, "beb4d352-9db8-4c95-86f0-66a3271a93e1", {"t..."status": "Accepted"}}]' [110 bytes]
2023-03-29 08:49:07,126 - DEBUG - > TEXT '[2, "ca5cbdc4-3f7c-4173-8572-0235ffafaacb", "St... "status": "Charging"}]' [131 bytes]
2023-03-29 08:49:07,299 - DEBUG - < TEXT '[3, "ca5cbdc4-3f7c-4173-8572-0235ffafaacb", {}]' [47 bytes]
2023-03-29 08:49:07,329 - DEBUG - > TEXT '[2, "241e83a1-7938-4ff8-9b9f-7d6d5c0be599", "St...sactionId": 120533544}]' [149 bytes]
2023-03-29 08:49:07,599 - DEBUG - < TEXT '[3, "241e83a1-7938-4ff8-9b9f-7d6d5c0be599", {"i..."status": "Accepted"}}]' [82 bytes]
2023-03-29 08:49:07,634 - DEBUG - > TEXT '[2, "beb4f4cc-9839-4e17-86c5-ac96c7a2004a", "St..."status": "Finishing"}]' [132 bytes]
2023-03-29 08:49:07,816 - DEBUG - < TEXT '[3, "beb4f4cc-9839-4e17-86c5-ac96c7a2004a", {}]' [47 bytes]
2023-03-29 08:49:07,848 - DEBUG - > TEXT '[2, "0c81adde-3605-42da-9c1c-624878bef58a", "St..."status": "Available"}]' [132 bytes]
2023-03-29 08:49:08,018 - DEBUG - < TEXT '[3, "0c81adde-3605-42da-9c1c-624878bef58a", {}]' [47 bytes]
2023-03-29 08:49:08,040 - DEBUG - = connection is CLOSING
2023-03-29 08:49:08,040 - DEBUG - > CLOSE 1000 (OK) [2 bytes]
2023-03-29 08:49:08,049 - DEBUG - < CLOSE 1000 (OK) [2 bytes]
2023-03-29 08:49:08,053 - DEBUG - = connection is CLOSED
2023-03-29 08:49:08,061 - DEBUG - = connection is CONNECTING
2023-03-29 08:49:08,096 - DEBUG - > GET /ocpp16/ELA007C05/EVSCA050001 HTTP/1.1
2023-03-29 08:49:08,097 - DEBUG - > Host: ws.devevspcharger.uplus.co.kr
2023-03-29 08:49:08,097 - DEBUG - > Upgrade: websocket
2023-03-29 08:49:08,097 - DEBUG - > Connection: Upgrade
2023-03-29 08:49:08,097 - DEBUG - > Sec-WebSocket-Key: YrvwACSyNCyWeLZoWYUe0g==
2023-03-29 08:49:08,097 - DEBUG - > Sec-WebSocket-Version: 13
2023-03-29 08:49:08,097 - DEBUG - > Sec-WebSocket-Extensions: permessage-deflate; client_max_window_bits
2023-03-29 08:49:08,097 - DEBUG - > Sec-WebSocket-Protocol: ocpp1.6
2023-03-29 08:49:08,097 - DEBUG - > Authorization: Basic RVZBUjpFVkFSTEdV
2023-03-29 08:49:08,097 - DEBUG - > User-Agent: Python/3.11 websockets/10.4
2023-03-29 08:49:08,333 - DEBUG - < HTTP/1.1 101 Switching Protocols
2023-03-29 08:49:08,333 - DEBUG - < Connection: upgrade
2023-03-29 08:49:08,333 - DEBUG - < Date: Tue, 28 Mar 2023 23:49:04 GMT
2023-03-29 08:49:08,333 - DEBUG - < sec-websocket-protocol: ocpp1.6
2023-03-29 08:49:08,333 - DEBUG - < upgrade: websocket
2023-03-29 08:49:08,334 - DEBUG - < sec-websocket-accept: bLmoyIIyrcG65WOlDs1kRhfyUnw=
2023-03-29 08:49:08,334 - DEBUG - < sec-websocket-extensions: permessage-deflate
2023-03-29 08:49:08,334 - DEBUG - < X-Cache: Miss from cloudfront
2023-03-29 08:49:08,335 - DEBUG - < Via: 1.1 d21d7f64d4ce2d8fcbb5fbee217cca5a.cloudfront.net (CloudFront)
2023-03-29 08:49:08,335 - DEBUG - < X-Amz-Cf-Pop: ICN57-P2
2023-03-29 08:49:08,335 - DEBUG - < X-Amz-Cf-Id: igk00Kd5juZ2i7HMkA8uGxv7Wc_Lfqkp7Xv2URpYlXCFMhdANbcfVg==
2023-03-29 08:49:08,335 - DEBUG - = connection is OPEN
2023-03-29 08:49:08,362 - DEBUG - > TEXT '[2, "2d6a28ec-de79-4b19-a018-86b6950b4525", "Bo...umber": "EVSCA050001"}]' [169 bytes]
2023-03-29 08:49:08,592 - DEBUG - < TEXT '[3, "2d6a28ec-de79-4b19-a018-86b6950b4525", {"s...04Z", "interval": 600}]' [123 bytes]
2023-03-29 08:49:08,621 - DEBUG - Starting new HTTPS connection (1): 8b434254zg.execute-api.ap-northeast-2.amazonaws.com:443
2023-03-29 08:49:09,042 - DEBUG - https://8b434254zg.execute-api.ap-northeast-2.amazonaws.com:443 "POST /dev/ioc HTTP/1.1" 200 145
2023-03-29 08:49:09,083 - DEBUG - < TEXT '[2, "f4f2cca0-751d-4709-91c3-596ea64e0e8d", "Re...": "1031040000069641"}]' [100 bytes]
2023-03-29 08:49:09,089 - DEBUG - > TEXT '[3, "f4f2cca0-751d-4709-91c3-596ea64e0e8d", {"status": "Accepted"}]' [67 bytes]
2023-03-29 08:49:09,279 - DEBUG - < TEXT '' [0 bytes]
2023-03-29 08:49:09,313 - DEBUG - > TEXT '[2, "a09f6fa7-5f95-4bda-a9b7-ca4253cdeae1", "Au...": "1031040000069641"}]' [87 bytes]
2023-03-29 08:49:09,547 - DEBUG - < TEXT '[3, "a09f6fa7-5f95-4bda-a9b7-ca4253cdeae1", {"i..."status": "Accepted"}}]' [82 bytes]
2023-03-29 08:49:09,581 - DEBUG - > TEXT '[2, "adac2a1b-ed88-43c3-bf51-3790a363ea2b", "St..."status": "Preparing"}]' [132 bytes]
2023-03-29 08:49:09,758 - DEBUG - < TEXT '[3, "adac2a1b-ed88-43c3-bf51-3790a363ea2b", {}]' [47 bytes]
2023-03-29 08:49:09,786 - DEBUG - > TEXT '[2, "cca3e291-397c-4e91-99c0-a1e783b20b0c", "St...2023-03-29T08:48:49Z"}]' [170 bytes]
2023-03-29 08:49:10,081 - DEBUG - < TEXT '[3, "cca3e291-397c-4e91-99c0-a1e783b20b0c", {"t..."status": "Accepted"}}]' [110 bytes]
2023-03-29 08:49:10,116 - DEBUG - > TEXT '[2, "aca9358c-ee6f-4483-a843-90f4c8407a5c", "St... "status": "Charging"}]' [131 bytes]
2023-03-29 08:49:10,294 - DEBUG - < TEXT '[3, "aca9358c-ee6f-4483-a843-90f4c8407a5c", {}]' [47 bytes]
2023-03-29 08:49:10,331 - DEBUG - Starting new HTTPS connection (1): 8b434254zg.execute-api.ap-northeast-2.amazonaws.com:443
2023-03-29 08:49:10,721 - DEBUG - https://8b434254zg.execute-api.ap-northeast-2.amazonaws.com:443 "POST /dev/ioc HTTP/1.1" 200 143
2023-03-29 08:49:10,758 - DEBUG - < TEXT '[2, "a4b43d04-34c1-45d1-bc49-9e7f93e0c64d", "Re...sactionId": 120533546}]' [98 bytes]
2023-03-29 08:49:10,765 - DEBUG - > TEXT '[3, "a4b43d04-34c1-45d1-bc49-9e7f93e0c64d", {"status": "Accepted"}]' [67 bytes]
2023-03-29 08:49:10,957 - DEBUG - < TEXT '' [0 bytes]
2023-03-29 08:49:10,993 - DEBUG - > TEXT '[2, "bf216c42-fa84-455a-8ac9-139723515031", "St...sactionId": 120533546}]' [149 bytes]
2023-03-29 08:49:11,297 - DEBUG - < TEXT '[3, "bf216c42-fa84-455a-8ac9-139723515031", {"i..."status": "Accepted"}}]' [82 bytes]
2023-03-29 08:49:11,326 - DEBUG - > TEXT '[2, "511e1963-e370-4d6a-ad43-fb2371c17cf9", "St..."status": "Finishing"}]' [132 bytes]
2023-03-29 08:49:11,518 - DEBUG - < TEXT '[3, "511e1963-e370-4d6a-ad43-fb2371c17cf9", {}]' [47 bytes]
2023-03-29 08:49:11,567 - DEBUG - > TEXT '[2, "527531a0-fc9c-4bc1-9996-04861723f3a9", "St..."status": "Available"}]' [132 bytes]
2023-03-29 08:49:11,759 - DEBUG - < TEXT '[3, "527531a0-fc9c-4bc1-9996-04861723f3a9", {}]' [47 bytes]
2023-03-29 08:49:11,779 - DEBUG - = connection is CLOSING
2023-03-29 08:49:11,780 - DEBUG - > CLOSE 1000 (OK) [2 bytes]
2023-03-29 08:49:11,788 - DEBUG - < CLOSE 1000 (OK) [2 bytes]
2023-03-29 08:49:11,795 - DEBUG - = connection is CLOSED
2023-03-29 08:49:11,802 - DEBUG - = connection is CONNECTING
2023-03-29 08:49:11,836 - DEBUG - > GET /ocpp16/ELA007C05/EVSCA050001 HTTP/1.1
2023-03-29 08:49:11,836 - DEBUG - > Host: ws.devevspcharger.uplus.co.kr
2023-03-29 08:49:11,836 - DEBUG - > Upgrade: websocket
2023-03-29 08:49:11,836 - DEBUG - > Connection: Upgrade
2023-03-29 08:49:11,836 - DEBUG - > Sec-WebSocket-Key: NKX4ae+wNsOa6uFue7LSaQ==
2023-03-29 08:49:11,836 - DEBUG - > Sec-WebSocket-Version: 13
2023-03-29 08:49:11,836 - DEBUG - > Sec-WebSocket-Extensions: permessage-deflate; client_max_window_bits
2023-03-29 08:49:11,836 - DEBUG - > Sec-WebSocket-Protocol: ocpp1.6
2023-03-29 08:49:11,836 - DEBUG - > Authorization: Basic RVZBUjpFVkFSTEdV
2023-03-29 08:49:11,837 - DEBUG - > User-Agent: Python/3.11 websockets/10.4
2023-03-29 08:49:12,050 - DEBUG - < HTTP/1.1 101 Switching Protocols
2023-03-29 08:49:12,051 - DEBUG - < Connection: upgrade
2023-03-29 08:49:12,051 - DEBUG - < Date: Tue, 28 Mar 2023 23:49:08 GMT
2023-03-29 08:49:12,051 - DEBUG - < sec-websocket-protocol: ocpp1.6
2023-03-29 08:49:12,051 - DEBUG - < upgrade: websocket
2023-03-29 08:49:12,051 - DEBUG - < sec-websocket-accept: kebX+OXrvJjbZnjqkwF9ieaBu0Y=
2023-03-29 08:49:12,051 - DEBUG - < sec-websocket-extensions: permessage-deflate
2023-03-29 08:49:12,051 - DEBUG - < X-Cache: Miss from cloudfront
2023-03-29 08:49:12,051 - DEBUG - < Via: 1.1 3c5e765ef2333ef04ef6f44a2b66ec12.cloudfront.net (CloudFront)
2023-03-29 08:49:12,051 - DEBUG - < X-Amz-Cf-Pop: ICN57-P2
2023-03-29 08:49:12,051 - DEBUG - < X-Amz-Cf-Id: WvceyYAeprpzUcM1ZArKf2FcbbRt-YT0A9OLiCPm4WwVCY5ct71O3A==
2023-03-29 08:49:12,052 - DEBUG - = connection is OPEN
2023-03-29 08:49:12,082 - DEBUG - > TEXT '[2, "03c0b9c6-3c3c-4af4-a765-3c782f839ef8", "Bo...umber": "EVSCA050001"}]' [169 bytes]
2023-03-29 08:49:12,278 - DEBUG - < TEXT '[3, "03c0b9c6-3c3c-4af4-a765-3c782f839ef8", {"s...08Z", "interval": 600}]' [123 bytes]
2023-03-29 08:49:12,314 - DEBUG - Starting new HTTPS connection (1): 8b434254zg.execute-api.ap-northeast-2.amazonaws.com:443
2023-03-29 08:49:12,762 - DEBUG - https://8b434254zg.execute-api.ap-northeast-2.amazonaws.com:443 "POST /dev/ioc HTTP/1.1" 200 145
2023-03-29 08:49:12,798 - DEBUG - < TEXT '[2, "cab1781d-bc99-430d-bc39-87bf1fa9a057", "Re...": "1031040000069641"}]' [100 bytes]
2023-03-29 08:49:12,803 - DEBUG - > TEXT '[3, "cab1781d-bc99-430d-bc39-87bf1fa9a057", {"status": "Accepted"}]' [67 bytes]
2023-03-29 08:49:12,977 - DEBUG - < TEXT '' [0 bytes]
2023-03-29 08:49:13,012 - DEBUG - > TEXT '[2, "afe3d72c-f5d7-4f7f-927c-0a0b40eed7ef", "Au...": "1031040000069641"}]' [87 bytes]
2023-03-29 08:49:13,238 - DEBUG - < TEXT '[3, "afe3d72c-f5d7-4f7f-927c-0a0b40eed7ef", {"i..."status": "Accepted"}}]' [82 bytes]
2023-03-29 08:49:13,269 - DEBUG - > TEXT '[2, "1c4d641d-f897-49a6-a66b-92bcf5ee175f", "St..."status": "Preparing"}]' [132 bytes]
2023-03-29 08:49:13,438 - DEBUG - < TEXT '[3, "1c4d641d-f897-49a6-a66b-92bcf5ee175f", {}]' [47 bytes]
2023-03-29 08:49:13,467 - DEBUG - > TEXT '[2, "ec3b4546-1113-45cb-a3f1-32752e950d53", "St..."status": "Available"}]' [132 bytes]
2023-03-29 08:49:13,658 - DEBUG - < TEXT '[3, "ec3b4546-1113-45cb-a3f1-32752e950d53", {}]' [47 bytes]
2023-03-29 08:49:13,677 - DEBUG - = connection is CLOSING
2023-03-29 08:49:13,677 - DEBUG - > CLOSE 1000 (OK) [2 bytes]
2023-03-29 08:49:13,686 - DEBUG - < CLOSE 1000 (OK) [2 bytes]
2023-03-29 08:49:13,689 - DEBUG - = connection is CLOSED
2023-03-29 08:49:13,703 - DEBUG - = connection is CONNECTING
2023-03-29 08:49:13,738 - DEBUG - > GET /ocpp16/ELA007C05/EVSCA050001 HTTP/1.1
2023-03-29 08:49:13,738 - DEBUG - > Host: ws.devevspcharger.uplus.co.kr
2023-03-29 08:49:13,738 - DEBUG - > Upgrade: websocket
2023-03-29 08:49:13,738 - DEBUG - > Connection: Upgrade
2023-03-29 08:49:13,738 - DEBUG - > Sec-WebSocket-Key: NY77Q7UKsrPjGn/0m8T0fA==
2023-03-29 08:49:13,738 - DEBUG - > Sec-WebSocket-Version: 13
2023-03-29 08:49:13,739 - DEBUG - > Sec-WebSocket-Extensions: permessage-deflate; client_max_window_bits
2023-03-29 08:49:13,741 - DEBUG - > Sec-WebSocket-Protocol: ocpp1.6
2023-03-29 08:49:13,742 - DEBUG - > Authorization: Basic RVZBUjpFVkFSTEdV
2023-03-29 08:49:13,743 - DEBUG - > User-Agent: Python/3.11 websockets/10.4
2023-03-29 08:49:13,973 - DEBUG - < HTTP/1.1 101 Switching Protocols
2023-03-29 08:49:13,974 - DEBUG - < Connection: upgrade
2023-03-29 08:49:13,975 - DEBUG - < Date: Tue, 28 Mar 2023 23:49:10 GMT
2023-03-29 08:49:13,975 - DEBUG - < sec-websocket-protocol: ocpp1.6
2023-03-29 08:49:13,975 - DEBUG - < upgrade: websocket
2023-03-29 08:49:13,975 - DEBUG - < sec-websocket-accept: azGXprH3BPxfMmeq+WO9z8fEtPI=
2023-03-29 08:49:13,975 - DEBUG - < sec-websocket-extensions: permessage-deflate
2023-03-29 08:49:13,976 - DEBUG - < X-Cache: Miss from cloudfront
2023-03-29 08:49:13,976 - DEBUG - < Via: 1.1 0deed69f96030eea747cb7bfcfd21562.cloudfront.net (CloudFront)
2023-03-29 08:49:13,976 - DEBUG - < X-Amz-Cf-Pop: ICN57-P2
2023-03-29 08:49:13,976 - DEBUG - < X-Amz-Cf-Id: CbltCvwCUvb1FJqVMVSjCxufP42LT6Dl1WqFuju3MqjWA_49qu_kXA==
2023-03-29 08:49:13,977 - DEBUG - = connection is OPEN
2023-03-29 08:49:14,017 - DEBUG - > TEXT '[2, "18047534-e6ec-40dd-b37b-f20851150f9e", "Bo...umber": "EVSCA050001"}]' [169 bytes]
2023-03-29 08:49:14,238 - DEBUG - < TEXT '[3, "18047534-e6ec-40dd-b37b-f20851150f9e", {"s...10Z", "interval": 600}]' [123 bytes]
2023-03-29 08:49:14,270 - DEBUG - Starting new HTTPS connection (1): 8b434254zg.execute-api.ap-northeast-2.amazonaws.com:443
2023-03-29 08:49:14,582 - DEBUG - https://8b434254zg.execute-api.ap-northeast-2.amazonaws.com:443 "POST /dev/ioc HTTP/1.1" 200 148
2023-03-29 08:49:14,622 - DEBUG - < TEXT '[2, "b44244e3-7a1d-467b-829c-5915b6c33e33", "Ge...izeRemoteTxRequests"]}]' [103 bytes]
2023-03-29 08:49:14,631 - DEBUG - > TEXT '[3, "b44244e3-7a1d-467b-829c-5915b6c33e33", {"c... "status": "Accepted"}]' [139 bytes]
2023-03-29 08:49:14,824 - DEBUG - < TEXT '' [0 bytes]
2023-03-29 08:49:14,851 - DEBUG - > TEXT '[2, "788f8e5f-525c-42c9-ae6d-99e9c09c5a60", "St..."status": "Preparing"}]' [132 bytes]
2023-03-29 08:49:15,038 - DEBUG - < TEXT '[3, "788f8e5f-525c-42c9-ae6d-99e9c09c5a60", {}]' [47 bytes]
2023-03-29 08:49:15,070 - DEBUG - Starting new HTTPS connection (1): 8b434254zg.execute-api.ap-northeast-2.amazonaws.com:443
2023-03-29 08:49:15,461 - DEBUG - https://8b434254zg.execute-api.ap-northeast-2.amazonaws.com:443 "POST /dev/ioc HTTP/1.1" 200 145
2023-03-29 08:49:15,515 - DEBUG - < TEXT '[2, "95dbdf8b-c106-42f6-9c33-5f3d7d430fa9", "Re...": "1031040000069641"}]' [100 bytes]
2023-03-29 08:49:15,519 - DEBUG - > TEXT '[3, "95dbdf8b-c106-42f6-9c33-5f3d7d430fa9", {"status": "Accepted"}]' [67 bytes]
2023-03-29 08:49:15,697 - DEBUG - < TEXT '' [0 bytes]
2023-03-29 08:49:15,741 - DEBUG - > TEXT '[2, "0990f048-1c3a-4bab-a601-a3978a9a3733", "Au...": "1031040000069641"}]' [87 bytes]
2023-03-29 08:49:15,967 - DEBUG - < TEXT '[3, "0990f048-1c3a-4bab-a601-a3978a9a3733", {"i..."status": "Accepted"}}]' [82 bytes]
2023-03-29 08:49:16,008 - DEBUG - > TEXT '[2, "79f0c460-75bf-4c4f-9ad4-df0e16b91ecb", "St...2023-03-29T08:48:49Z"}]' [170 bytes]
2023-03-29 08:49:16,299 - DEBUG - < TEXT '[3, "79f0c460-75bf-4c4f-9ad4-df0e16b91ecb", {"t..."status": "Accepted"}}]' [110 bytes]
2023-03-29 08:49:16,328 - DEBUG - > TEXT '[2, "e6b8c2b8-0e56-4887-9043-8c6f5e0d3640", "St... "status": "Charging"}]' [131 bytes]
2023-03-29 08:49:16,499 - DEBUG - < TEXT '[3, "e6b8c2b8-0e56-4887-9043-8c6f5e0d3640", {}]' [47 bytes]
2023-03-29 08:49:16,531 - DEBUG - Starting new HTTPS connection (1): 8b434254zg.execute-api.ap-northeast-2.amazonaws.com:443
2023-03-29 08:49:16,962 - DEBUG - https://8b434254zg.execute-api.ap-northeast-2.amazonaws.com:443 "POST /dev/ioc HTTP/1.1" 200 143
2023-03-29 08:49:17,010 - DEBUG - < TEXT '[2, "1670d3e6-a547-4d8a-9afb-b2dd9f6ac0cd", "Re...sactionId": 120533548}]' [98 bytes]
2023-03-29 08:49:17,018 - DEBUG - > TEXT '[3, "1670d3e6-a547-4d8a-9afb-b2dd9f6ac0cd", {"status": "Accepted"}]' [67 bytes]
2023-03-29 08:49:17,198 - DEBUG - < TEXT '' [0 bytes]
2023-03-29 08:49:17,251 - DEBUG - > TEXT '[2, "14bc592f-725f-49c1-8879-80c70a075e6b", "St...sactionId": 120533548}]' [149 bytes]
2023-03-29 08:49:17,585 - DEBUG - < TEXT '[3, "14bc592f-725f-49c1-8879-80c70a075e6b", {"i..."status": "Accepted"}}]' [82 bytes]
2023-03-29 08:49:17,639 - DEBUG - > TEXT '[2, "8035f592-3915-47ad-8341-9012ffe3bb49", "St..."status": "Finishing"}]' [132 bytes]
2023-03-29 08:49:17,820 - DEBUG - < TEXT '[3, "8035f592-3915-47ad-8341-9012ffe3bb49", {}]' [47 bytes]
2023-03-29 08:49:17,863 - DEBUG - > TEXT '[2, "0a46ae3e-2102-4c06-b0ef-571587bc3920", "St..."status": "Available"}]' [132 bytes]
2023-03-29 08:49:18,039 - DEBUG - < TEXT '[3, "0a46ae3e-2102-4c06-b0ef-571587bc3920", {}]' [47 bytes]
2023-03-29 08:49:18,056 - DEBUG - = connection is CLOSING
2023-03-29 08:49:18,056 - DEBUG - > CLOSE 1000 (OK) [2 bytes]
2023-03-29 08:49:18,065 - DEBUG - < CLOSE 1000 (OK) [2 bytes]
2023-03-29 08:49:18,072 - DEBUG - = connection is CLOSED
2023-03-29 08:49:18,081 - DEBUG - = connection is CONNECTING
2023-03-29 08:49:18,112 - DEBUG - > GET /ocpp16/ELA007C05/EVSCA050001 HTTP/1.1
2023-03-29 08:49:18,113 - DEBUG - > Host: ws.devevspcharger.uplus.co.kr
2023-03-29 08:49:18,113 - DEBUG - > Upgrade: websocket
2023-03-29 08:49:18,113 - DEBUG - > Connection: Upgrade
2023-03-29 08:49:18,113 - DEBUG - > Sec-WebSocket-Key: 28W6HfiCvpm6SjQT0Irn7A==
2023-03-29 08:49:18,113 - DEBUG - > Sec-WebSocket-Version: 13
2023-03-29 08:49:18,113 - DEBUG - > Sec-WebSocket-Extensions: permessage-deflate; client_max_window_bits
2023-03-29 08:49:18,113 - DEBUG - > Sec-WebSocket-Protocol: ocpp1.6
2023-03-29 08:49:18,113 - DEBUG - > Authorization: Basic RVZBUjpFVkFSTEdV
2023-03-29 08:49:18,113 - DEBUG - > User-Agent: Python/3.11 websockets/10.4
2023-03-29 08:49:18,350 - DEBUG - < HTTP/1.1 101 Switching Protocols
2023-03-29 08:49:18,350 - DEBUG - < Connection: upgrade
2023-03-29 08:49:18,351 - DEBUG - < Date: Tue, 28 Mar 2023 23:49:14 GMT
2023-03-29 08:49:18,351 - DEBUG - < sec-websocket-protocol: ocpp1.6
2023-03-29 08:49:18,351 - DEBUG - < upgrade: websocket
2023-03-29 08:49:18,351 - DEBUG - < sec-websocket-accept: OYJVj6W7ZNd4kF5xefBDYUEL2kE=
2023-03-29 08:49:18,351 - DEBUG - < sec-websocket-extensions: permessage-deflate
2023-03-29 08:49:18,351 - DEBUG - < X-Cache: Miss from cloudfront
2023-03-29 08:49:18,351 - DEBUG - < Via: 1.1 ec48eafa1d18635bc3f389669b28a5b8.cloudfront.net (CloudFront)
2023-03-29 08:49:18,351 - DEBUG - < X-Amz-Cf-Pop: ICN57-P2
2023-03-29 08:49:18,351 - DEBUG - < X-Amz-Cf-Id: 9K7jzZU0qez4zHzrxACFKFEx4pp7xbiMa0wziNdF0AMAaDBYFRZLOg==
2023-03-29 08:49:18,351 - DEBUG - = connection is OPEN
2023-03-29 08:49:18,382 - DEBUG - > TEXT '[2, "5e122fef-8302-44ed-853c-2b9e345c96b1", "Bo...umber": "EVSCA050001"}]' [169 bytes]
2023-03-29 08:49:18,578 - DEBUG - < TEXT '[3, "5e122fef-8302-44ed-853c-2b9e345c96b1", {"s...14Z", "interval": 600}]' [123 bytes]
2023-03-29 08:49:18,609 - DEBUG - Starting new HTTPS connection (1): 8b434254zg.execute-api.ap-northeast-2.amazonaws.com:443
2023-03-29 08:49:19,039 - DEBUG - https://8b434254zg.execute-api.ap-northeast-2.amazonaws.com:443 "POST /dev/ioc HTTP/1.1" 200 153
2023-03-29 08:49:19,081 - DEBUG - < TEXT '[2, "3ea6d26b-ce8a-49c1-83dc-5c91606a7317", "Ch...ve", "connectorId": 1}]' [108 bytes]
2023-03-29 08:49:19,097 - DEBUG - > TEXT '[2, "3ea6d26b-ce8a-49c1-83dc-5c91606a7317", {"status": "Accepted"}]' [67 bytes]
2023-03-29 08:49:19,141 - DEBUG - < TEXT '{"message": "Internal server error", "connectio...Id":"ChB3UHHCoE0FfiA="}' [103 bytes]
2023-03-29 08:49:19,171 - DEBUG - > TEXT '[2, "2a4bebac-e954-4723-b415-6e4956517feb", "St...tatus": "Unavailable"}]' [134 bytes]
2023-03-29 08:49:19,357 - DEBUG - < TEXT '[3, "2a4bebac-e954-4723-b415-6e4956517feb", {}]' [47 bytes]
2023-03-29 08:49:19,390 - DEBUG - Starting new HTTPS connection (1): 8b434254zg.execute-api.ap-northeast-2.amazonaws.com:443
2023-03-29 08:49:19,803 - DEBUG - https://8b434254zg.execute-api.ap-northeast-2.amazonaws.com:443 "POST /dev/ioc HTTP/1.1" 200 115
2023-03-29 08:49:19,857 - DEBUG - < TEXT '[2, "0c45afdc-7136-4976-bbac-a15235ee0501", "Reset", {"type": "Hard"}]' [70 bytes]
2023-03-29 08:49:19,863 - DEBUG - > TEXT '[3, "0c45afdc-7136-4976-bbac-a15235ee0501", {"status": "Accepted"}]' [67 bytes]
2023-03-29 08:49:20,040 - DEBUG - < TEXT '' [0 bytes]
2023-03-29 08:49:20,068 - DEBUG - > TEXT '[2, "a472a730-33a9-4764-84cc-b24f4528f05f", "Bo...umber": "EVSCA050001"}]' [169 bytes]
2023-03-29 08:49:20,297 - DEBUG - < TEXT '[3, "a472a730-33a9-4764-84cc-b24f4528f05f", {"s...16Z", "interval": 600}]' [123 bytes]
2023-03-29 08:49:20,331 - DEBUG - > TEXT '[2, "76100079-9928-445e-b325-e92833dcddd8", "St...tatus": "Unavailable"}]' [134 bytes]
2023-03-29 08:49:20,517 - DEBUG - < TEXT '[3, "76100079-9928-445e-b325-e92833dcddd8", {}]' [47 bytes]
2023-03-29 08:49:20,541 - DEBUG - > TEXT '[2, "40fe8ded-1269-495c-84c7-59d9bed51775", "St..."status": "Available"}]' [132 bytes]
2023-03-29 08:49:20,718 - DEBUG - < TEXT '[3, "40fe8ded-1269-495c-84c7-59d9bed51775", {}]' [47 bytes]
2023-03-29 08:49:20,756 - DEBUG - Starting new HTTPS connection (1): 8b434254zg.execute-api.ap-northeast-2.amazonaws.com:443
2023-03-29 08:49:21,179 - DEBUG - https://8b434254zg.execute-api.ap-northeast-2.amazonaws.com:443 "POST /dev/ioc HTTP/1.1" 200 151
2023-03-29 08:49:21,237 - DEBUG - < TEXT '[2, "ddffd7c8-8920-40c6-8257-3371515618d7", "Ch...ve", "connectorId": 1}]' [106 bytes]
2023-03-29 08:49:21,247 - DEBUG - > TEXT '[2, "ddffd7c8-8920-40c6-8257-3371515618d7", {"status": "Accepted"}]' [67 bytes]
2023-03-29 08:49:21,298 - DEBUG - < TEXT '{"message": "Internal server error", "connectio...Id":"ChB3qGN2oE0FvaQ="}' [103 bytes]
2023-03-29 08:49:21,342 - DEBUG - > TEXT '[2, "41a7d6b6-db41-4865-9feb-cca5ea2266c5", "St..."status": "Available"}]' [132 bytes]
2023-03-29 08:49:21,498 - DEBUG - < TEXT '[3, "41a7d6b6-db41-4865-9feb-cca5ea2266c5", {}]' [47 bytes]
2023-03-29 08:49:21,520 - DEBUG - = connection is CLOSING
2023-03-29 08:49:21,521 - DEBUG - > CLOSE 1000 (OK) [2 bytes]
2023-03-29 08:49:21,529 - DEBUG - < CLOSE 1000 (OK) [2 bytes]
2023-03-29 08:49:21,536 - DEBUG - = connection is CLOSED
2023-03-29 08:49:21,545 - DEBUG - = connection is CONNECTING
2023-03-29 08:49:21,581 - DEBUG - > GET /ocpp16/ELA007C05/EVSCA050001 HTTP/1.1
2023-03-29 08:49:21,582 - DEBUG - > Host: ws.devevspcharger.uplus.co.kr
2023-03-29 08:49:21,582 - DEBUG - > Upgrade: websocket
2023-03-29 08:49:21,582 - DEBUG - > Connection: Upgrade
2023-03-29 08:49:21,582 - DEBUG - > Sec-WebSocket-Key: NWJgQafyu6W8zYNvZwGCsA==
2023-03-29 08:49:21,582 - DEBUG - > Sec-WebSocket-Version: 13
2023-03-29 08:49:21,582 - DEBUG - > Sec-WebSocket-Extensions: permessage-deflate; client_max_window_bits
2023-03-29 08:49:21,582 - DEBUG - > Sec-WebSocket-Protocol: ocpp1.6
2023-03-29 08:49:21,582 - DEBUG - > Authorization: Basic RVZBUjpFVkFSTEdV
2023-03-29 08:49:21,582 - DEBUG - > User-Agent: Python/3.11 websockets/10.4
2023-03-29 08:49:21,851 - DEBUG - < HTTP/1.1 101 Switching Protocols
2023-03-29 08:49:21,851 - DEBUG - < Connection: upgrade
2023-03-29 08:49:21,851 - DEBUG - < Date: Tue, 28 Mar 2023 23:49:18 GMT
2023-03-29 08:49:21,851 - DEBUG - < sec-websocket-protocol: ocpp1.6
2023-03-29 08:49:21,852 - DEBUG - < upgrade: websocket
2023-03-29 08:49:21,852 - DEBUG - < sec-websocket-accept: jwxZYhT9rPGIU7G9qe8saUVAmsY=
2023-03-29 08:49:21,852 - DEBUG - < sec-websocket-extensions: permessage-deflate
2023-03-29 08:49:21,852 - DEBUG - < X-Cache: Miss from cloudfront
2023-03-29 08:49:21,852 - DEBUG - < Via: 1.1 e649e91ecb78f4d44c5fc28ed185c6e0.cloudfront.net (CloudFront)
2023-03-29 08:49:21,852 - DEBUG - < X-Amz-Cf-Pop: ICN57-P2
2023-03-29 08:49:21,852 - DEBUG - < X-Amz-Cf-Id: gyKgBysyGE3dyqWH3iZGCMiUhg4UVvLUwisIw9aMKWKzX40_dzzGPg==
2023-03-29 08:49:21,852 - DEBUG - = connection is OPEN
2023-03-29 08:49:21,879 - DEBUG - > TEXT '[2, "d349b589-c838-4429-b637-143138a050b4", "Bo...umber": "EVSCA050001"}]' [169 bytes]
2023-03-29 08:49:22,096 - DEBUG - < TEXT '[3, "d349b589-c838-4429-b637-143138a050b4", {"s...18Z", "interval": 600}]' [123 bytes]
2023-03-29 08:49:22,130 - DEBUG - Starting new HTTPS connection (1): 8b434254zg.execute-api.ap-northeast-2.amazonaws.com:443
2023-03-29 08:49:22,542 - DEBUG - https://8b434254zg.execute-api.ap-northeast-2.amazonaws.com:443 "POST /dev/ioc HTTP/1.1" 200 153
2023-03-29 08:49:22,587 - DEBUG - < TEXT '[2, "97a73d0b-b5a9-434c-8046-5403a1215c8f", "Ch...ve", "connectorId": 1}]' [108 bytes]
2023-03-29 08:49:22,591 - DEBUG - > TEXT '[2, "97a73d0b-b5a9-434c-8046-5403a1215c8f", {"status": "Accepted"}]' [67 bytes]
2023-03-29 08:49:22,620 - DEBUG - < TEXT '{"message": "Internal server error", "connectio...Id":"ChB33FPeoE0FYSg="}' [103 bytes]
2023-03-29 08:49:22,653 - DEBUG - > TEXT '[2, "e7cd4a56-fc15-4807-8cc1-5d62b04646af", "St...tatus": "Unavailable"}]' [134 bytes]
2023-03-29 08:49:22,857 - DEBUG - < TEXT '[3, "e7cd4a56-fc15-4807-8cc1-5d62b04646af", {}]' [47 bytes]
2023-03-29 08:49:22,907 - DEBUG - Starting new HTTPS connection (1): 8b434254zg.execute-api.ap-northeast-2.amazonaws.com:443
2023-03-29 08:49:23,302 - DEBUG - https://8b434254zg.execute-api.ap-northeast-2.amazonaws.com:443 "POST /dev/ioc HTTP/1.1" 200 115
2023-03-29 08:49:23,347 - DEBUG - < TEXT '[2, "e667a423-11a6-4f38-8092-3fde72771446", "Reset", {"type": "Hard"}]' [70 bytes]
2023-03-29 08:49:23,353 - DEBUG - > TEXT '[3, "e667a423-11a6-4f38-8092-3fde72771446", {"status": "Accepted"}]' [67 bytes]
2023-03-29 08:49:23,538 - DEBUG - < TEXT '' [0 bytes]
2023-03-29 08:49:23,566 - DEBUG - > TEXT '[2, "c533cc5c-5c90-4264-94d0-53aa6d853d8f", "Bo...umber": "EVSCA050001"}]' [169 bytes]
2023-03-29 08:49:23,782 - DEBUG - < TEXT '[3, "c533cc5c-5c90-4264-94d0-53aa6d853d8f", {"s...19Z", "interval": 600}]' [123 bytes]
2023-03-29 08:49:23,836 - DEBUG - > TEXT '[2, "a4d2444a-e449-4fb5-9e02-c652e2737756", "St...tatus": "Unavailable"}]' [134 bytes]
2023-03-29 08:49:24,018 - DEBUG - < TEXT '[3, "a4d2444a-e449-4fb5-9e02-c652e2737756", {}]' [47 bytes]
2023-03-29 08:49:24,046 - DEBUG - > TEXT '[2, "c8a755a6-5e65-4299-a255-fea9df6a0409", "St..."status": "Available"}]' [132 bytes]
2023-03-29 08:49:24,253 - DEBUG - < TEXT '[3, "c8a755a6-5e65-4299-a255-fea9df6a0409", {}]' [47 bytes]
2023-03-29 08:49:24,285 - DEBUG - Starting new HTTPS connection (1): 8b434254zg.execute-api.ap-northeast-2.amazonaws.com:443
2023-03-29 08:49:24,706 - DEBUG - https://8b434254zg.execute-api.ap-northeast-2.amazonaws.com:443 "POST /dev/ioc HTTP/1.1" 200 151
2023-03-29 08:49:24,759 - DEBUG - < TEXT '[2, "86c72023-26d9-4668-b3fa-316e0fd0193a", "Ch...ve", "connectorId": 1}]' [106 bytes]
2023-03-29 08:49:24,786 - DEBUG - > TEXT '[2, "86c72023-26d9-4668-b3fa-316e0fd0193a", {"status": "Accepted"}]' [67 bytes]
2023-03-29 08:49:24,839 - DEBUG - < TEXT '{"message": "Internal server error", "connectio...Id":"ChB4NHP0IE0FnxA="}' [103 bytes]
2023-03-29 08:49:24,876 - DEBUG - > TEXT '[2, "b63f72bf-03fb-4ab8-b4a3-45f71800626e", "St..."status": "Available"}]' [132 bytes]
2023-03-29 08:49:25,057 - DEBUG - < TEXT '[3, "b63f72bf-03fb-4ab8-b4a3-45f71800626e", {}]' [47 bytes]
2023-03-29 08:49:25,075 - DEBUG - = connection is CLOSING
2023-03-29 08:49:25,076 - DEBUG - > CLOSE 1000 (OK) [2 bytes]
2023-03-29 08:49:25,088 - DEBUG - < CLOSE 1000 (OK) [2 bytes]
2023-03-29 08:49:25,094 - DEBUG - = connection is CLOSED
2023-03-29 08:49:25,113 - DEBUG - = connection is CONNECTING
2023-03-29 08:49:25,143 - DEBUG - > GET /ocpp16/ELA007C05/EVSCA050001 HTTP/1.1
2023-03-29 08:49:25,143 - DEBUG - > Host: ws.devevspcharger.uplus.co.kr
2023-03-29 08:49:25,144 - DEBUG - > Upgrade: websocket
2023-03-29 08:49:25,144 - DEBUG - > Connection: Upgrade
2023-03-29 08:49:25,144 - DEBUG - > Sec-WebSocket-Key: dbF1ekgrSam/vFkk9mfD7Q==
2023-03-29 08:49:25,144 - DEBUG - > Sec-WebSocket-Version: 13
2023-03-29 08:49:25,144 - DEBUG - > Sec-WebSocket-Extensions: permessage-deflate; client_max_window_bits
2023-03-29 08:49:25,144 - DEBUG - > Sec-WebSocket-Protocol: ocpp1.6
2023-03-29 08:49:25,144 - DEBUG - > Authorization: Basic RVZBUjpFVkFSTEdV
2023-03-29 08:49:25,145 - DEBUG - > User-Agent: Python/3.11 websockets/10.4
2023-03-29 08:49:25,412 - DEBUG - < HTTP/1.1 101 Switching Protocols
2023-03-29 08:49:25,412 - DEBUG - < Connection: upgrade
2023-03-29 08:49:25,412 - DEBUG - < Date: Tue, 28 Mar 2023 23:49:21 GMT
2023-03-29 08:49:25,412 - DEBUG - < sec-websocket-protocol: ocpp1.6
2023-03-29 08:49:25,412 - DEBUG - < upgrade: websocket
2023-03-29 08:49:25,412 - DEBUG - < sec-websocket-accept: CHSwe3cQWPgx79og6q3hkcUVWSU=
2023-03-29 08:49:25,413 - DEBUG - < sec-websocket-extensions: permessage-deflate
2023-03-29 08:49:25,413 - DEBUG - < X-Cache: Miss from cloudfront
2023-03-29 08:49:25,413 - DEBUG - < Via: 1.1 ba725da875f43fb311efeb484e55ed1a.cloudfront.net (CloudFront)
2023-03-29 08:49:25,413 - DEBUG - < X-Amz-Cf-Pop: ICN57-P2
2023-03-29 08:49:25,413 - DEBUG - < X-Amz-Cf-Id: 4XEq_5JsnE7nzrKCmVn3zaCGd3hT1m9arx6cDtVnG4setJN_PGhDBA==
2023-03-29 08:49:25,413 - DEBUG - = connection is OPEN
2023-03-29 08:49:25,440 - DEBUG - Starting new HTTPS connection (1): 8b434254zg.execute-api.ap-northeast-2.amazonaws.com:443
2023-03-29 08:49:25,842 - DEBUG - https://8b434254zg.execute-api.ap-northeast-2.amazonaws.com:443 "POST /dev/ioc HTTP/1.1" 200 127
2023-03-29 08:49:25,880 - DEBUG - < TEXT '[2, "ea6fcf3c-c359-4bac-9e68-b01a0b9184af", "Un...r", {"connectorId": 1}]' [82 bytes]
2023-03-29 08:49:25,891 - DEBUG - > TEXT '[3, "ea6fcf3c-c359-4bac-9e68-b01a0b9184af", {"status": "Unlocked"}]' [67 bytes]
2023-03-29 08:49:26,077 - DEBUG - < TEXT '' [0 bytes]
2023-03-29 08:49:26,087 - DEBUG - = connection is CLOSING
2023-03-29 08:49:26,087 - DEBUG - > CLOSE 1000 (OK) [2 bytes]
2023-03-29 08:49:26,093 - DEBUG - < CLOSE 1000 (OK) [2 bytes]
2023-03-29 08:49:26,097 - DEBUG - = connection is CLOSED
2023-03-29 08:49:26,107 - DEBUG - = connection is CONNECTING
2023-03-29 08:49:26,140 - DEBUG - > GET /ocpp16/ELA007C05/EVSCA050001 HTTP/1.1
2023-03-29 08:49:26,140 - DEBUG - > Host: ws.devevspcharger.uplus.co.kr
2023-03-29 08:49:26,140 - DEBUG - > Upgrade: websocket
2023-03-29 08:49:26,140 - DEBUG - > Connection: Upgrade
2023-03-29 08:49:26,140 - DEBUG - > Sec-WebSocket-Key: aHvTfAwZMHvrNaL+5+4M3w==
2023-03-29 08:49:26,140 - DEBUG - > Sec-WebSocket-Version: 13
2023-03-29 08:49:26,140 - DEBUG - > Sec-WebSocket-Extensions: permessage-deflate; client_max_window_bits
2023-03-29 08:49:26,140 - DEBUG - > Sec-WebSocket-Protocol: ocpp1.6
2023-03-29 08:49:26,140 - DEBUG - > Authorization: Basic RVZBUjpFVkFSTEdV
2023-03-29 08:49:26,140 - DEBUG - > User-Agent: Python/3.11 websockets/10.4
2023-03-29 08:49:26,396 - DEBUG - < HTTP/1.1 101 Switching Protocols
2023-03-29 08:49:26,396 - DEBUG - < Connection: upgrade
2023-03-29 08:49:26,396 - DEBUG - < Date: Tue, 28 Mar 2023 23:49:22 GMT
2023-03-29 08:49:26,396 - DEBUG - < sec-websocket-protocol: ocpp1.6
2023-03-29 08:49:26,397 - DEBUG - < upgrade: websocket
2023-03-29 08:49:26,397 - DEBUG - < sec-websocket-accept: tsqpI84yuA801e6SOqRKIQe38CY=
2023-03-29 08:49:26,397 - DEBUG - < sec-websocket-extensions: permessage-deflate
2023-03-29 08:49:26,397 - DEBUG - < X-Cache: Miss from cloudfront
2023-03-29 08:49:26,397 - DEBUG - < Via: 1.1 88978ba000ab6fbb0841a728290a8442.cloudfront.net (CloudFront)
2023-03-29 08:49:26,397 - DEBUG - < X-Amz-Cf-Pop: ICN57-P2
2023-03-29 08:49:26,397 - DEBUG - < X-Amz-Cf-Id: lYS0JK8oGQVolGnqMqZNJQ8nU4mALKkNN96UGDqt0aAf1SzDAgtG7g==
2023-03-29 08:49:26,397 - DEBUG - = connection is OPEN
2023-03-29 08:49:26,435 - DEBUG - Starting new HTTPS connection (1): 8b434254zg.execute-api.ap-northeast-2.amazonaws.com:443
2023-03-29 08:49:26,842 - DEBUG - https://8b434254zg.execute-api.ap-northeast-2.amazonaws.com:443 "POST /dev/ioc HTTP/1.1" 200 127
2023-03-29 08:49:26,889 - DEBUG - < TEXT '[2, "421c0167-ee6a-4411-9e77-14772d3e6298", "Un...r", {"connectorId": 1}]' [82 bytes]
2023-03-29 08:49:26,901 - DEBUG - > TEXT '[3, "421c0167-ee6a-4411-9e77-14772d3e6298", {"status": "NotSupported"}]' [71 bytes]
2023-03-29 08:49:27,077 - DEBUG - < TEXT '' [0 bytes]
2023-03-29 08:49:27,083 - DEBUG - = connection is CLOSING
2023-03-29 08:49:27,083 - DEBUG - > CLOSE 1000 (OK) [2 bytes]
2023-03-29 08:49:27,091 - DEBUG - < CLOSE 1000 (OK) [2 bytes]
2023-03-29 08:49:27,101 - DEBUG - = connection is CLOSED
2023-03-29 08:49:27,112 - DEBUG - = connection is CONNECTING
2023-03-29 08:49:27,142 - DEBUG - > GET /ocpp16/ELA007C05/EVSCA050001 HTTP/1.1
2023-03-29 08:49:27,142 - DEBUG - > Host: ws.devevspcharger.uplus.co.kr
2023-03-29 08:49:27,142 - DEBUG - > Upgrade: websocket
2023-03-29 08:49:27,142 - DEBUG - > Connection: Upgrade
2023-03-29 08:49:27,143 - DEBUG - > Sec-WebSocket-Key: yIrRDNSPUurRvl1bbZ2ozQ==
2023-03-29 08:49:27,143 - DEBUG - > Sec-WebSocket-Version: 13
2023-03-29 08:49:27,143 - DEBUG - > Sec-WebSocket-Extensions: permessage-deflate; client_max_window_bits
2023-03-29 08:49:27,143 - DEBUG - > Sec-WebSocket-Protocol: ocpp1.6
2023-03-29 08:49:27,143 - DEBUG - > Authorization: Basic RVZBUjpFVkFSTEdV
2023-03-29 08:49:27,143 - DEBUG - > User-Agent: Python/3.11 websockets/10.4
2023-03-29 08:49:27,374 - DEBUG - < HTTP/1.1 101 Switching Protocols
2023-03-29 08:49:27,376 - DEBUG - < Connection: upgrade
2023-03-29 08:49:27,376 - DEBUG - < Date: Tue, 28 Mar 2023 23:49:23 GMT
2023-03-29 08:49:27,376 - DEBUG - < sec-websocket-protocol: ocpp1.6
2023-03-29 08:49:27,377 - DEBUG - < upgrade: websocket
2023-03-29 08:49:27,377 - DEBUG - < sec-websocket-accept: fiqsU3K+lfnJDlVf4IHqsFBCI7M=
2023-03-29 08:49:27,377 - DEBUG - < sec-websocket-extensions: permessage-deflate
2023-03-29 08:49:27,377 - DEBUG - < X-Cache: Miss from cloudfront
2023-03-29 08:49:27,377 - DEBUG - < Via: 1.1 addf940186af6aa7dc864a17e45130c6.cloudfront.net (CloudFront)
2023-03-29 08:49:27,377 - DEBUG - < X-Amz-Cf-Pop: ICN57-P2
2023-03-29 08:49:27,377 - DEBUG - < X-Amz-Cf-Id: DKbn23fyVLtoQr1HSK2fyJcUdEyzWDohYV4PqlHOWByOmMtRNPwBqw==
2023-03-29 08:49:27,378 - DEBUG - = connection is OPEN
2023-03-29 08:49:27,409 - DEBUG - Starting new HTTPS connection (1): 8b434254zg.execute-api.ap-northeast-2.amazonaws.com:443
2023-03-29 08:49:27,802 - DEBUG - https://8b434254zg.execute-api.ap-northeast-2.amazonaws.com:443 "POST /dev/ioc HTTP/1.1" 200 147
2023-03-29 08:49:27,844 - DEBUG - < TEXT '[2, "aafed307-8155-449c-86a1-ad7529ecaed9", "Ge...rtedFeatureProfiles"]}]' [102 bytes]
2023-03-29 08:49:27,850 - DEBUG - > TEXT '[3, "aafed307-8155-449c-86a1-ad7529ecaed9", {"c...ed", "unknownKey": {}}]' [164 bytes]
2023-03-29 08:49:28,065 - DEBUG - < TEXT '' [0 bytes]
2023-03-29 08:49:28,094 - DEBUG - Starting new HTTPS connection (1): 8b434254zg.execute-api.ap-northeast-2.amazonaws.com:443
2023-03-29 08:49:28,503 - DEBUG - https://8b434254zg.execute-api.ap-northeast-2.amazonaws.com:443 "POST /dev/ioc HTTP/1.1" 200 121
2023-03-29 08:49:28,554 - DEBUG - < TEXT '[2, "72ca82ee-eea0-4b30-8b70-3fa553bd7787", "Ge...guration", {"key": []}]' [76 bytes]
2023-03-29 08:49:28,559 - DEBUG - > TEXT '[3, "72ca82ee-eea0-4b30-8b70-3fa553bd7787", {"c...ed", "unknownKey": {}}]' [272 bytes]
2023-03-29 08:49:28,737 - DEBUG - < TEXT '' [0 bytes]
2023-03-29 08:49:28,782 - DEBUG - > TEXT '[2, "4fafdd15-2dd8-4768-b6e8-c26eecb01846", "St..."status": "Available"}]' [132 bytes]
2023-03-29 08:49:28,960 - DEBUG - < TEXT '[3, "4fafdd15-2dd8-4768-b6e8-c26eecb01846", {}]' [47 bytes]
2023-03-29 08:49:28,993 - DEBUG - = connection is CLOSING
2023-03-29 08:49:28,994 - DEBUG - > CLOSE 1000 (OK) [2 bytes]
2023-03-29 08:49:29,003 - DEBUG - < CLOSE 1000 (OK) [2 bytes]
2023-03-29 08:49:29,005 - DEBUG - = connection is CLOSED
2023-03-29 08:49:29,013 - DEBUG - = connection is CONNECTING
2023-03-29 08:49:29,057 - DEBUG - > GET /ocpp16/ELA007C05/EVSCA050001 HTTP/1.1
2023-03-29 08:49:29,058 - DEBUG - > Host: ws.devevspcharger.uplus.co.kr
2023-03-29 08:49:29,058 - DEBUG - > Upgrade: websocket
2023-03-29 08:49:29,059 - DEBUG - > Connection: Upgrade
2023-03-29 08:49:29,059 - DEBUG - > Sec-WebSocket-Key: 9MvQO94webI79tS5EIEbaA==
2023-03-29 08:49:29,059 - DEBUG - > Sec-WebSocket-Version: 13
2023-03-29 08:49:29,059 - DEBUG - > Sec-WebSocket-Extensions: permessage-deflate; client_max_window_bits
2023-03-29 08:49:29,059 - DEBUG - > Sec-WebSocket-Protocol: ocpp1.6
2023-03-29 08:49:29,059 - DEBUG - > Authorization: Basic RVZBUjpFVkFSTEdV
2023-03-29 08:49:29,059 - DEBUG - > User-Agent: Python/3.11 websockets/10.4
2023-03-29 08:49:29,275 - DEBUG - < HTTP/1.1 101 Switching Protocols
2023-03-29 08:49:29,275 - DEBUG - < Connection: upgrade
2023-03-29 08:49:29,276 - DEBUG - < Date: Tue, 28 Mar 2023 23:49:25 GMT
2023-03-29 08:49:29,276 - DEBUG - < sec-websocket-protocol: ocpp1.6
2023-03-29 08:49:29,276 - DEBUG - < upgrade: websocket
2023-03-29 08:49:29,276 - DEBUG - < sec-websocket-accept: u/RRlBI0ATCpX3wDm8NjSTqDph0=
2023-03-29 08:49:29,276 - DEBUG - < sec-websocket-extensions: permessage-deflate
2023-03-29 08:49:29,276 - DEBUG - < X-Cache: Miss from cloudfront
2023-03-29 08:49:29,276 - DEBUG - < Via: 1.1 55a59d7976b41c233ff2e682cdd3901e.cloudfront.net (CloudFront)
2023-03-29 08:49:29,276 - DEBUG - < X-Amz-Cf-Pop: ICN57-P2
2023-03-29 08:49:29,276 - DEBUG - < X-Amz-Cf-Id: okBwqjs8oyeBnen1fNXo0UxMq7tMSwb-EE9ZqfP0UbxrBB2nOgl_Ew==
2023-03-29 08:49:29,276 - DEBUG - = connection is OPEN
2023-03-29 08:49:29,311 - DEBUG - Starting new HTTPS connection (1): 8b434254zg.execute-api.ap-northeast-2.amazonaws.com:443
2023-03-29 08:49:29,682 - DEBUG - https://8b434254zg.execute-api.ap-northeast-2.amazonaws.com:443 "POST /dev/ioc HTTP/1.1" 200 147
2023-03-29 08:49:29,736 - DEBUG - < TEXT '[2, "0d8d6f33-1a5f-4485-bc44-ff58ba96f1cc", "Ge...rtedFeatureProfiles"]}]' [102 bytes]
2023-03-29 08:49:29,740 - DEBUG - > TEXT '[3, "0d8d6f33-1a5f-4485-bc44-ff58ba96f1cc", {"c...ed", "unknownKey": {}}]' [164 bytes]
2023-03-29 08:49:29,916 - DEBUG - < TEXT '' [0 bytes]
2023-03-29 08:49:29,952 - DEBUG - > TEXT '[2, "a2088a78-2c73-4c90-8590-e89de853ed1a", "St..."status": "Available"}]' [132 bytes]
2023-03-29 08:49:30,137 - DEBUG - < TEXT '[3, "a2088a78-2c73-4c90-8590-e89de853ed1a", {}]' [47 bytes]
2023-03-29 08:49:30,159 - DEBUG - = connection is CLOSING
2023-03-29 08:49:30,159 - DEBUG - > CLOSE 1000 (OK) [2 bytes]
2023-03-29 08:49:30,168 - DEBUG - < CLOSE 1000 (OK) [2 bytes]
2023-03-29 08:49:30,173 - DEBUG - = connection is CLOSED
2023-03-29 08:49:30,183 - DEBUG - = connection is CONNECTING
2023-03-29 08:49:30,225 - DEBUG - > GET /ocpp16/ELA007C05/EVSCA050001 HTTP/1.1
2023-03-29 08:49:30,225 - DEBUG - > Host: ws.devevspcharger.uplus.co.kr
2023-03-29 08:49:30,226 - DEBUG - > Upgrade: websocket
2023-03-29 08:49:30,226 - DEBUG - > Connection: Upgrade
2023-03-29 08:49:30,226 - DEBUG - > Sec-WebSocket-Key: GIi6xOjhv088AJjehnu2OQ==
2023-03-29 08:49:30,226 - DEBUG - > Sec-WebSocket-Version: 13
2023-03-29 08:49:30,226 - DEBUG - > Sec-WebSocket-Extensions: permessage-deflate; client_max_window_bits
2023-03-29 08:49:30,226 - DEBUG - > Sec-WebSocket-Protocol: ocpp1.6
2023-03-29 08:49:30,226 - DEBUG - > Authorization: Basic RVZBUjpFVkFSTEdV
2023-03-29 08:49:30,226 - DEBUG - > User-Agent: Python/3.11 websockets/10.4
2023-03-29 08:49:30,450 - DEBUG - < HTTP/1.1 101 Switching Protocols
2023-03-29 08:49:30,450 - DEBUG - < Connection: upgrade
2023-03-29 08:49:30,451 - DEBUG - < Date: Tue, 28 Mar 2023 23:49:26 GMT
2023-03-29 08:49:30,451 - DEBUG - < sec-websocket-protocol: ocpp1.6
2023-03-29 08:49:30,451 - DEBUG - < upgrade: websocket
2023-03-29 08:49:30,451 - DEBUG - < sec-websocket-accept: +6sb9wKiWMj1VngcQ6trslydoXY=
2023-03-29 08:49:30,451 - DEBUG - < sec-websocket-extensions: permessage-deflate
2023-03-29 08:49:30,451 - DEBUG - < X-Cache: Miss from cloudfront
2023-03-29 08:49:30,451 - DEBUG - < Via: 1.1 1c2dddf38b53f960ce106f4047c232e4.cloudfront.net (CloudFront)
2023-03-29 08:49:30,451 - DEBUG - < X-Amz-Cf-Pop: ICN57-P2
2023-03-29 08:49:30,451 - DEBUG - < X-Amz-Cf-Id: Dy5KrdR_YEDtPAGx2tVNB7uUoaMYOzOHhlYaXRdB8JKM9vGReIVOPg==
2023-03-29 08:49:30,452 - DEBUG - = connection is OPEN
2023-03-29 08:49:30,489 - DEBUG - > TEXT '[2, "2b1a0c6e-89b6-4b1d-9e61-a3df967b2a99", "Bo...umber": "EVSCA050001"}]' [169 bytes]
2023-03-29 08:49:30,678 - DEBUG - < TEXT '[3, "2b1a0c6e-89b6-4b1d-9e61-a3df967b2a99", {"s...26Z", "interval": 600}]' [123 bytes]
2023-03-29 08:49:30,716 - DEBUG - Starting new HTTPS connection (1): 8b434254zg.execute-api.ap-northeast-2.amazonaws.com:443
2023-03-29 08:49:31,122 - DEBUG - https://8b434254zg.execute-api.ap-northeast-2.amazonaws.com:443 "POST /dev/ioc HTTP/1.1" 200 164
2023-03-29 08:49:31,172 - DEBUG - < TEXT '[2, "1dd9b916-0bde-4d0e-91b0-f1d0f4858350", "Ch...rval", "value": "300"}]' [119 bytes]
2023-03-29 08:49:31,178 - DEBUG - > TEXT '[3, "1dd9b916-0bde-4d0e-91b0-f1d0f4858350", {"status": "Accepted"}]' [67 bytes]
2023-03-29 08:49:31,357 - DEBUG - < TEXT '' [0 bytes]
2023-03-29 08:49:31,389 - DEBUG - Starting new HTTPS connection (1): 8b434254zg.execute-api.ap-northeast-2.amazonaws.com:443
2023-03-29 08:49:31,803 - DEBUG - https://8b434254zg.execute-api.ap-northeast-2.amazonaws.com:443 "POST /dev/ioc HTTP/1.1" 200 147
2023-03-29 08:49:31,854 - DEBUG - < TEXT '[2, "086e0c83-9002-4e0f-888d-05f243a75412", "Ge...ValueSampleInterval"]}]' [102 bytes]
2023-03-29 08:49:31,860 - DEBUG - > TEXT '[3, "086e0c83-9002-4e0f-888d-05f243a75412", {"c...ed", "unknownKey": {}}]' [180 bytes]
2023-03-29 08:49:32,039 - DEBUG - < TEXT '' [0 bytes]
2023-03-29 08:49:32,049 - DEBUG - = connection is CLOSING
2023-03-29 08:49:32,049 - DEBUG - > CLOSE 1000 (OK) [2 bytes]
2023-03-29 08:49:32,058 - DEBUG - < CLOSE 1000 (OK) [2 bytes]
2023-03-29 08:49:32,075 - DEBUG - = connection is CLOSED
2023-03-29 08:49:32,084 - DEBUG - = connection is CONNECTING
2023-03-29 08:49:32,114 - DEBUG - > GET /ocpp16/ELA007C05/EVSCA050001 HTTP/1.1
2023-03-29 08:49:32,114 - DEBUG - > Host: ws.devevspcharger.uplus.co.kr
2023-03-29 08:49:32,114 - DEBUG - > Upgrade: websocket
2023-03-29 08:49:32,115 - DEBUG - > Connection: Upgrade
2023-03-29 08:49:32,115 - DEBUG - > Sec-WebSocket-Key: h8hMXSR8vOUCE5AmBD1ZPg==
2023-03-29 08:49:32,115 - DEBUG - > Sec-WebSocket-Version: 13
2023-03-29 08:49:32,126 - DEBUG - > Sec-WebSocket-Extensions: permessage-deflate; client_max_window_bits
2023-03-29 08:49:32,126 - DEBUG - > Sec-WebSocket-Protocol: ocpp1.6
2023-03-29 08:49:32,126 - DEBUG - > Authorization: Basic RVZBUjpFVkFSTEdV
2023-03-29 08:49:32,126 - DEBUG - > User-Agent: Python/3.11 websockets/10.4
2023-03-29 08:49:32,333 - DEBUG - < HTTP/1.1 101 Switching Protocols
2023-03-29 08:49:32,333 - DEBUG - < Connection: upgrade
2023-03-29 08:49:32,333 - DEBUG - < Date: Tue, 28 Mar 2023 23:49:28 GMT
2023-03-29 08:49:32,333 - DEBUG - < sec-websocket-protocol: ocpp1.6
2023-03-29 08:49:32,333 - DEBUG - < upgrade: websocket
2023-03-29 08:49:32,333 - DEBUG - < sec-websocket-accept: tC17srhwIfMbDl8M3vlLDBy6kWA=
2023-03-29 08:49:32,333 - DEBUG - < sec-websocket-extensions: permessage-deflate
2023-03-29 08:49:32,333 - DEBUG - < X-Cache: Miss from cloudfront
2023-03-29 08:49:32,334 - DEBUG - < Via: 1.1 addf940186af6aa7dc864a17e45130c6.cloudfront.net (CloudFront)
2023-03-29 08:49:32,334 - DEBUG - < X-Amz-Cf-Pop: ICN57-P2
2023-03-29 08:49:32,334 - DEBUG - < X-Amz-Cf-Id: mGJ9QGHthy39hkHQTGfXIR57vmNGBoXGQVzxEeashm2c0BWO9Mj2ug==
2023-03-29 08:49:32,334 - DEBUG - = connection is OPEN
2023-03-29 08:49:32,397 - DEBUG - > TEXT '[2, "7beb09a8-b6e7-48be-959e-9c163095018b", "Bo...umber": "EVSCA050001"}]' [169 bytes]
2023-03-29 08:49:32,638 - DEBUG - < TEXT '[3, "7beb09a8-b6e7-48be-959e-9c163095018b", {"s...28Z", "interval": 600}]' [123 bytes]
2023-03-29 08:49:32,670 - DEBUG - Starting new HTTPS connection (1): 8b434254zg.execute-api.ap-northeast-2.amazonaws.com:443
2023-03-29 08:49:33,062 - DEBUG - https://8b434254zg.execute-api.ap-northeast-2.amazonaws.com:443 "POST /dev/ioc HTTP/1.1" 200 161
2023-03-29 08:49:33,114 - DEBUG - < TEXT '[2, "f0198a43-98b7-4e1c-8be9-347a81b2ec0e", "Ch...tion", "value": "300"}]' [116 bytes]
2023-03-29 08:49:33,119 - DEBUG - > TEXT '[3, "f0198a43-98b7-4e1c-8be9-347a81b2ec0e", {"status": "Accepted"}]' [67 bytes]
2023-03-29 08:49:33,297 - DEBUG - < TEXT '' [0 bytes]
2023-03-29 08:49:33,329 - DEBUG - Starting new HTTPS connection (1): 8b434254zg.execute-api.ap-northeast-2.amazonaws.com:443
2023-03-29 08:49:33,703 - DEBUG - https://8b434254zg.execute-api.ap-northeast-2.amazonaws.com:443 "POST /dev/ioc HTTP/1.1" 200 158
2023-03-29 08:49:33,751 - DEBUG - < TEXT '[2, "1cdd1524-069b-4648-a486-d54d0482f3c1", "Ch...ize", "value": "true"}]' [113 bytes]
2023-03-29 08:49:33,758 - DEBUG - > TEXT '[3, "1cdd1524-069b-4648-a486-d54d0482f3c1", {"status": "Accepted"}]' [67 bytes]
2023-03-29 08:49:33,937 - DEBUG - < TEXT '' [0 bytes]
2023-03-29 08:49:33,962 - DEBUG - > TEXT '[2, "b94265aa-3f1a-485c-960a-98aee2845ba5", "St..."status": "Preparing"}]' [132 bytes]
2023-03-29 08:49:34,139 - DEBUG - < TEXT '[3, "b94265aa-3f1a-485c-960a-98aee2845ba5", {}]' [47 bytes]
2023-03-29 08:49:34,163 - DEBUG - > TEXT '[2, "8b3ab4eb-3c22-4aec-b29b-ec5b2eccb606", "Au...": "1031040000069642"}]' [87 bytes]
2023-03-29 08:49:34,355 - DEBUG - < TEXT '[3, "8b3ab4eb-3c22-4aec-b29b-ec5b2eccb606", {"i...023-03-29T08:49:30Z"}}]' [119 bytes]
2023-03-29 08:49:34,377 - DEBUG - = connection is CLOSING
2023-03-29 08:49:34,377 - DEBUG - > CLOSE 1000 (OK) [2 bytes]
2023-03-29 08:49:34,385 - DEBUG - < CLOSE 1000 (OK) [2 bytes]
2023-03-29 08:49:34,390 - DEBUG - = connection is CLOSED
2023-03-29 08:49:34,400 - DEBUG - = connection is CONNECTING
2023-03-29 08:49:34,439 - DEBUG - > GET /ocpp16/ELA007C05/EVSCA050001 HTTP/1.1
2023-03-29 08:49:34,439 - DEBUG - > Host: ws.devevspcharger.uplus.co.kr
2023-03-29 08:49:34,440 - DEBUG - > Upgrade: websocket
2023-03-29 08:49:34,440 - DEBUG - > Connection: Upgrade
2023-03-29 08:49:34,440 - DEBUG - > Sec-WebSocket-Key: /LbaI72m+dNikARgLzPEAw==
2023-03-29 08:49:34,440 - DEBUG - > Sec-WebSocket-Version: 13
2023-03-29 08:49:34,440 - DEBUG - > Sec-WebSocket-Extensions: permessage-deflate; client_max_window_bits
2023-03-29 08:49:34,440 - DEBUG - > Sec-WebSocket-Protocol: ocpp1.6
2023-03-29 08:49:34,440 - DEBUG - > Authorization: Basic RVZBUjpFVkFSTEdV
2023-03-29 08:49:34,440 - DEBUG - > User-Agent: Python/3.11 websockets/10.4
2023-03-29 08:49:34,649 - DEBUG - < HTTP/1.1 101 Switching Protocols
2023-03-29 08:49:34,649 - DEBUG - < Connection: upgrade
2023-03-29 08:49:34,649 - DEBUG - < Date: Tue, 28 Mar 2023 23:49:30 GMT
2023-03-29 08:49:34,649 - DEBUG - < sec-websocket-protocol: ocpp1.6
2023-03-29 08:49:34,650 - DEBUG - < upgrade: websocket
2023-03-29 08:49:34,650 - DEBUG - < sec-websocket-accept: 7jd83FB5VcQmS6mVhoBUFhNCkdE=
2023-03-29 08:49:34,651 - DEBUG - < sec-websocket-extensions: permessage-deflate
2023-03-29 08:49:34,651 - DEBUG - < X-Cache: Miss from cloudfront
2023-03-29 08:49:34,651 - DEBUG - < Via: 1.1 9ae7abacc9e2c811909db23dbe603ad4.cloudfront.net (CloudFront)
2023-03-29 08:49:34,651 - DEBUG - < X-Amz-Cf-Pop: ICN57-P2
2023-03-29 08:49:34,651 - DEBUG - < X-Amz-Cf-Id: rdWLdrzfR2UjIcpcw60MwDOvOzLrT25LMJ4r3CVJp6DU7CfN5rUsxA==
2023-03-29 08:49:34,651 - DEBUG - = connection is OPEN
2023-03-29 08:49:34,690 - DEBUG - > TEXT '[2, "04e0dbd2-0840-4b91-8721-9a19459ead26", "Bo...umber": "EVSCA050001"}]' [169 bytes]
2023-03-29 08:49:34,922 - DEBUG - < TEXT '[3, "04e0dbd2-0840-4b91-8721-9a19459ead26", {"s...31Z", "interval": 600}]' [123 bytes]
2023-03-29 08:49:35,187 - DEBUG - Starting new HTTPS connection (1): 8b434254zg.execute-api.ap-northeast-2.amazonaws.com:443
2023-03-29 08:49:35,602 - DEBUG - https://8b434254zg.execute-api.ap-northeast-2.amazonaws.com:443 "POST /dev/ioc HTTP/1.1" 200 161
2023-03-29 08:49:35,657 - DEBUG - < TEXT '[2, "bab27781-b5e5-4959-80be-0c5d671c654f", "Ch...tion", "value": "300"}]' [116 bytes]
2023-03-29 08:49:35,663 - DEBUG - > TEXT '[3, "bab27781-b5e5-4959-80be-0c5d671c654f", {"status": "Accepted"}]' [67 bytes]
2023-03-29 08:49:35,857 - DEBUG - < TEXT '' [0 bytes]
2023-03-29 08:49:35,891 - DEBUG - Starting new HTTPS connection (1): 8b434254zg.execute-api.ap-northeast-2.amazonaws.com:443
2023-03-29 08:49:36,283 - DEBUG - https://8b434254zg.execute-api.ap-northeast-2.amazonaws.com:443 "POST /dev/ioc HTTP/1.1" 200 158
2023-03-29 08:49:36,348 - DEBUG - < TEXT '[2, "f3885ac8-bf8d-4413-8efb-9f0d89eeb8d6", "Ch...ize", "value": "true"}]' [113 bytes]
2023-03-29 08:49:36,361 - DEBUG - > TEXT '[3, "f3885ac8-bf8d-4413-8efb-9f0d89eeb8d6", {"status": "Accepted"}]' [67 bytes]
2023-03-29 08:49:36,537 - DEBUG - < TEXT '' [0 bytes]
2023-03-29 08:49:36,571 - DEBUG - > TEXT '[2, "baa26a2f-ba5e-41ff-8ef7-98a5b79eb263", "St..."status": "Preparing"}]' [132 bytes]
2023-03-29 08:49:36,763 - DEBUG - < TEXT '[3, "baa26a2f-ba5e-41ff-8ef7-98a5b79eb263", {}]' [47 bytes]
2023-03-29 08:49:36,785 - DEBUG - > TEXT '[2, "4970cdee-53a5-4a76-952c-c692aac46434", "Au...": "4688452679863511"}]' [87 bytes]
2023-03-29 08:49:36,999 - DEBUG - < TEXT '[3, "4970cdee-53a5-4a76-952c-c692aac46434", {"i...{"status": "Expired"}}]' [81 bytes]
2023-03-29 08:49:37,018 - DEBUG - = connection is CLOSING
2023-03-29 08:49:37,018 - DEBUG - > CLOSE 1000 (OK) [2 bytes]
2023-03-29 08:49:37,029 - DEBUG - < CLOSE 1000 (OK) [2 bytes]
2023-03-29 08:49:37,034 - DEBUG - = connection is CLOSED
2023-03-29 08:49:37,042 - DEBUG - = connection is CONNECTING
2023-03-29 08:49:37,074 - DEBUG - > GET /ocpp16/ELA007C05/EVSCA050001 HTTP/1.1
2023-03-29 08:49:37,074 - DEBUG - > Host: ws.devevspcharger.uplus.co.kr
2023-03-29 08:49:37,075 - DEBUG - > Upgrade: websocket
2023-03-29 08:49:37,075 - DEBUG - > Connection: Upgrade
2023-03-29 08:49:37,075 - DEBUG - > Sec-WebSocket-Key: RAbCLlItMGNQNEhHZGGTFg==
2023-03-29 08:49:37,075 - DEBUG - > Sec-WebSocket-Version: 13
2023-03-29 08:49:37,076 - DEBUG - > Sec-WebSocket-Extensions: permessage-deflate; client_max_window_bits
2023-03-29 08:49:37,076 - DEBUG - > Sec-WebSocket-Protocol: ocpp1.6
2023-03-29 08:49:37,076 - DEBUG - > Authorization: Basic RVZBUjpFVkFSTEdV
2023-03-29 08:49:37,077 - DEBUG - > User-Agent: Python/3.11 websockets/10.4
2023-03-29 08:49:37,289 - DEBUG - < HTTP/1.1 101 Switching Protocols
2023-03-29 08:49:37,289 - DEBUG - < Connection: upgrade
2023-03-29 08:49:37,289 - DEBUG - < Date: Tue, 28 Mar 2023 23:49:33 GMT
2023-03-29 08:49:37,289 - DEBUG - < sec-websocket-protocol: ocpp1.6
2023-03-29 08:49:37,289 - DEBUG - < upgrade: websocket
2023-03-29 08:49:37,289 - DEBUG - < sec-websocket-accept: UUnOkGzWyjFnHzMyTWUOXzONELs=
2023-03-29 08:49:37,290 - DEBUG - < sec-websocket-extensions: permessage-deflate
2023-03-29 08:49:37,290 - DEBUG - < X-Cache: Miss from cloudfront
2023-03-29 08:49:37,290 - DEBUG - < Via: 1.1 ec48eafa1d18635bc3f389669b28a5b8.cloudfront.net (CloudFront)
2023-03-29 08:49:37,290 - DEBUG - < X-Amz-Cf-Pop: ICN57-P2
2023-03-29 08:49:37,290 - DEBUG - < X-Amz-Cf-Id: JRcvRFhaNX_6wiIXfDUXwX5z6FL0-7LEWxph937ippMrkmTylXiq3Q==
2023-03-29 08:49:37,290 - DEBUG - = connection is OPEN
2023-03-29 08:49:37,323 - DEBUG - > TEXT '[2, "71527765-13ed-4500-b72b-ac4fde34cd61", "Bo...umber": "EVSCA050001"}]' [169 bytes]
2023-03-29 08:49:37,516 - DEBUG - < TEXT '[3, "71527765-13ed-4500-b72b-ac4fde34cd61", {"s...33Z", "interval": 600}]' [123 bytes]
2023-03-29 08:49:37,545 - DEBUG - Starting new HTTPS connection (1): 8b434254zg.execute-api.ap-northeast-2.amazonaws.com:443
2023-03-29 08:49:37,942 - DEBUG - https://8b434254zg.execute-api.ap-northeast-2.amazonaws.com:443 "POST /dev/ioc HTTP/1.1" 200 161
2023-03-29 08:49:37,980 - DEBUG - < TEXT '[2, "dcaaeff4-d6a4-4dca-9aa6-cae1637a02f2", "Ch...tion", "value": "300"}]' [116 bytes]
2023-03-29 08:49:37,983 - DEBUG - > TEXT '[3, "dcaaeff4-d6a4-4dca-9aa6-cae1637a02f2", {"status": "Accepted"}]' [67 bytes]
2023-03-29 08:49:38,180 - DEBUG - < TEXT '' [0 bytes]
2023-03-29 08:49:38,213 - DEBUG - Starting new HTTPS connection (1): 8b434254zg.execute-api.ap-northeast-2.amazonaws.com:443
2023-03-29 08:49:38,663 - DEBUG - https://8b434254zg.execute-api.ap-northeast-2.amazonaws.com:443 "POST /dev/ioc HTTP/1.1" 200 158
2023-03-29 08:49:38,705 - DEBUG - < TEXT '[2, "ebfcf7c3-c5a6-4abb-8d1e-5dc3b3093914", "Ch...ize", "value": "true"}]' [113 bytes]
2023-03-29 08:49:38,713 - DEBUG - > TEXT '[3, "ebfcf7c3-c5a6-4abb-8d1e-5dc3b3093914", {"status": "Accepted"}]' [67 bytes]
2023-03-29 08:49:38,897 - DEBUG - < TEXT '' [0 bytes]
2023-03-29 08:49:38,929 - DEBUG - > TEXT '[2, "0ef1fc0b-0e88-4fd0-841d-ce814173a613", "St..."status": "Preparing"}]' [132 bytes]
2023-03-29 08:49:39,117 - DEBUG - < TEXT '[3, "0ef1fc0b-0e88-4fd0-841d-ce814173a613", {}]' [47 bytes]
2023-03-29 08:49:39,141 - DEBUG - > TEXT '[2, "8cab6da7-e505-4f58-bc24-2c73582c1e48", "Au...": "1031040000069642"}]' [87 bytes]
2023-03-29 08:49:39,357 - DEBUG - < TEXT '[3, "8cab6da7-e505-4f58-bc24-2c73582c1e48", {"i...023-03-29T08:49:35Z"}}]' [119 bytes]
2023-03-29 08:49:39,380 - DEBUG - = connection is CLOSING
2023-03-29 08:49:39,380 - DEBUG - > CLOSE 1000 (OK) [2 bytes]
2023-03-29 08:49:39,388 - DEBUG - < CLOSE 1000 (OK) [2 bytes]
2023-03-29 08:49:39,391 - DEBUG - = connection is CLOSED
2023-03-29 08:49:39,444 - DEBUG - = connection is CONNECTING
2023-03-29 08:49:39,476 - DEBUG - > GET /ocpp16/ELA007C05/EVSCA050001 HTTP/1.1
2023-03-29 08:49:39,477 - DEBUG - > Host: ws.devevspcharger.uplus.co.kr
2023-03-29 08:49:39,477 - DEBUG - > Upgrade: websocket
2023-03-29 08:49:39,477 - DEBUG - > Connection: Upgrade
2023-03-29 08:49:39,477 - DEBUG - > Sec-WebSocket-Key: VDKkViEnUhzmGG6WO4GIbw==
2023-03-29 08:49:39,477 - DEBUG - > Sec-WebSocket-Version: 13
2023-03-29 08:49:39,477 - DEBUG - > Sec-WebSocket-Extensions: permessage-deflate; client_max_window_bits
2023-03-29 08:49:39,477 - DEBUG - > Sec-WebSocket-Protocol: ocpp1.6
2023-03-29 08:49:39,477 - DEBUG - > Authorization: Basic RVZBUjpFVkFSTEdV
2023-03-29 08:49:39,478 - DEBUG - > User-Agent: Python/3.11 websockets/10.4
2023-03-29 08:49:39,689 - DEBUG - < HTTP/1.1 101 Switching Protocols
2023-03-29 08:49:39,690 - DEBUG - < Connection: upgrade
2023-03-29 08:49:39,690 - DEBUG - < Date: Tue, 28 Mar 2023 23:49:35 GMT
2023-03-29 08:49:39,690 - DEBUG - < sec-websocket-protocol: ocpp1.6
2023-03-29 08:49:39,690 - DEBUG - < upgrade: websocket
2023-03-29 08:49:39,690 - DEBUG - < sec-websocket-accept: iSM0ZRt5sAcJ2Cu1QVGLiWseBKI=
2023-03-29 08:49:39,690 - DEBUG - < sec-websocket-extensions: permessage-deflate
2023-03-29 08:49:39,690 - DEBUG - < X-Cache: Miss from cloudfront
2023-03-29 08:49:39,690 - DEBUG - < Via: 1.1 702d274aeab676890c1a399c8e170886.cloudfront.net (CloudFront)
2023-03-29 08:49:39,691 - DEBUG - < X-Amz-Cf-Pop: ICN57-P2
2023-03-29 08:49:39,691 - DEBUG - < X-Amz-Cf-Id: -e8HKp27JcBX51z2mCc_3NRV3ktgymPFSpvmtv2CbTAh9cRx-dOGWw==
2023-03-29 08:49:39,691 - DEBUG - = connection is OPEN
2023-03-29 08:49:39,733 - DEBUG - > TEXT '[2, "6186a722-81a8-4376-94af-feed0685a985", "Bo...umber": "EVSCA050001"}]' [169 bytes]
2023-03-29 08:49:39,938 - DEBUG - < TEXT '[3, "6186a722-81a8-4376-94af-feed0685a985", {"s...36Z", "interval": 600}]' [123 bytes]
2023-03-29 08:49:39,976 - DEBUG - Starting new HTTPS connection (1): 8b434254zg.execute-api.ap-northeast-2.amazonaws.com:443
2023-03-29 08:49:40,382 - DEBUG - https://8b434254zg.execute-api.ap-northeast-2.amazonaws.com:443 "POST /dev/ioc HTTP/1.1" 200 148
2023-03-29 08:49:40,428 - DEBUG - < TEXT '[2, "849bab9a-cff1-446e-886b-2f1c7ed1afca", "Ge...izeRemoteTxRequests"]}]' [103 bytes]
2023-03-29 08:49:40,432 - DEBUG - > TEXT '[3, "849bab9a-cff1-446e-886b-2f1c7ed1afca", {"c...ed", "unknownKey": {}}]' [181 bytes]
2023-03-29 08:49:40,674 - DEBUG - < TEXT '' [0 bytes]
2023-03-29 08:49:40,709 - DEBUG - Starting new HTTPS connection (1): 8b434254zg.execute-api.ap-northeast-2.amazonaws.com:443
2023-03-29 08:49:41,122 - DEBUG - https://8b434254zg.execute-api.ap-northeast-2.amazonaws.com:443 "POST /dev/ioc HTTP/1.1" 200 145
2023-03-29 08:49:41,170 - DEBUG - < TEXT '[2, "46a96d57-a382-4e9d-974c-bc989f8cc54f", "Re...": "1031040000069641"}]' [100 bytes]
2023-03-29 08:49:41,177 - DEBUG - > TEXT '[3, "46a96d57-a382-4e9d-974c-bc989f8cc54f", {"status": "Accepted"}]' [67 bytes]
2023-03-29 08:49:41,368 - DEBUG - < TEXT '' [0 bytes]
2023-03-29 08:49:41,407 - DEBUG - > TEXT '[2, "59c32087-b6c6-40d6-a0f2-3a143868a894", "Au...": "1031040000069641"}]' [87 bytes]
2023-03-29 08:49:41,657 - DEBUG - < TEXT '[3, "59c32087-b6c6-40d6-a0f2-3a143868a894", {"i..."status": "Accepted"}}]' [82 bytes]
2023-03-29 08:49:41,690 - DEBUG - > TEXT '[2, "206352ac-4282-471e-8c96-99b99b6a9511", "St..."status": "Preparing"}]' [132 bytes]
2023-03-29 08:49:41,879 - DEBUG - < TEXT '[3, "206352ac-4282-471e-8c96-99b99b6a9511", {}]' [47 bytes]
2023-03-29 08:49:41,907 - DEBUG - > TEXT '[2, "545f5ac4-91c3-46cf-b83a-59931c6e8195", "St..., "status": "Faulted"}]' [143 bytes]
2023-03-29 08:49:42,097 - DEBUG - < TEXT '[3, "545f5ac4-91c3-46cf-b83a-59931c6e8195", {}]' [47 bytes]
2023-03-29 08:49:42,112 - DEBUG - = connection is CLOSING
2023-03-29 08:49:42,112 - DEBUG - > CLOSE 1000 (OK) [2 bytes]
2023-03-29 08:49:42,120 - DEBUG - < CLOSE 1000 (OK) [2 bytes]
2023-03-29 08:49:42,126 - DEBUG - = connection is CLOSED
2023-03-29 08:49:42,134 - DEBUG - = connection is CONNECTING
2023-03-29 08:49:42,175 - DEBUG - > GET /ocpp16/ELA007C05/EVSCA050001 HTTP/1.1
2023-03-29 08:49:42,175 - DEBUG - > Host: ws.devevspcharger.uplus.co.kr
2023-03-29 08:49:42,176 - DEBUG - > Upgrade: websocket
2023-03-29 08:49:42,178 - DEBUG - > Connection: Upgrade
2023-03-29 08:49:42,179 - DEBUG - > Sec-WebSocket-Key: QG9UdU4N5Nun9pFjL1f+Aw==
2023-03-29 08:49:42,179 - DEBUG - > Sec-WebSocket-Version: 13
2023-03-29 08:49:42,179 - DEBUG - > Sec-WebSocket-Extensions: permessage-deflate; client_max_window_bits
2023-03-29 08:49:42,179 - DEBUG - > Sec-WebSocket-Protocol: ocpp1.6
2023-03-29 08:49:42,179 - DEBUG - > Authorization: Basic RVZBUjpFVkFSTEdV
2023-03-29 08:49:42,179 - DEBUG - > User-Agent: Python/3.11 websockets/10.4
2023-03-29 08:49:42,414 - DEBUG - < HTTP/1.1 101 Switching Protocols
2023-03-29 08:49:42,414 - DEBUG - < Connection: upgrade
2023-03-29 08:49:42,414 - DEBUG - < Date: Tue, 28 Mar 2023 23:49:38 GMT
2023-03-29 08:49:42,414 - DEBUG - < sec-websocket-protocol: ocpp1.6
2023-03-29 08:49:42,414 - DEBUG - < upgrade: websocket
2023-03-29 08:49:42,414 - DEBUG - < sec-websocket-accept: Biy8Cuf5RlLndlhDoypJWMXRWpo=
2023-03-29 08:49:42,414 - DEBUG - < sec-websocket-extensions: permessage-deflate
2023-03-29 08:49:42,415 - DEBUG - < X-Cache: Miss from cloudfront
2023-03-29 08:49:42,415 - DEBUG - < Via: 1.1 0c9ac74e4533d4cd2c0dd7de136ec086.cloudfront.net (CloudFront)
2023-03-29 08:49:42,415 - DEBUG - < X-Amz-Cf-Pop: ICN57-P2
2023-03-29 08:49:42,415 - DEBUG - < X-Amz-Cf-Id: u89N-hPXYgexhZF-NJoBOX62jmYeMQwLNrrjzUWGb8GPLnvs845tDQ==
2023-03-29 08:49:42,415 - DEBUG - = connection is OPEN
2023-03-29 08:49:42,453 - DEBUG - > TEXT '[2, "d4764e59-f7bb-4868-8ca3-d80c89e2272a", "Bo...umber": "EVSCA050001"}]' [169 bytes]
2023-03-29 08:49:42,678 - DEBUG - < TEXT '[3, "d4764e59-f7bb-4868-8ca3-d80c89e2272a", {"s...38Z", "interval": 600}]' [123 bytes]
2023-03-29 08:49:42,705 - DEBUG - Starting new HTTPS connection (1): 8b434254zg.execute-api.ap-northeast-2.amazonaws.com:443
2023-03-29 08:49:43,123 - DEBUG - https://8b434254zg.execute-api.ap-northeast-2.amazonaws.com:443 "POST /dev/ioc HTTP/1.1" 200 159
2023-03-29 08:49:43,175 - DEBUG - < TEXT '[2, "7a271b39-ad3b-431a-bd02-f9803ebe0803", "Ch...ze", "value": "false"}]' [114 bytes]
2023-03-29 08:49:43,180 - DEBUG - > TEXT '[3, "7a271b39-ad3b-431a-bd02-f9803ebe0803", {"status": "Accepted"}]' [67 bytes]
2023-03-29 08:49:43,358 - DEBUG - < TEXT '' [0 bytes]
2023-03-29 08:49:43,397 - DEBUG - Starting new HTTPS connection (1): 8b434254zg.execute-api.ap-northeast-2.amazonaws.com:443
2023-03-29 08:49:44,063 - DEBUG - https://8b434254zg.execute-api.ap-northeast-2.amazonaws.com:443 "POST /dev/ioc HTTP/1.1" 200 148
2023-03-29 08:49:44,100 - DEBUG - < TEXT '[2, "08d5dca7-8ec6-47cd-a2fe-6755057b5c22", "Ge...izeRemoteTxRequests"]}]' [103 bytes]
2023-03-29 08:49:44,108 - DEBUG - > TEXT '[3, "08d5dca7-8ec6-47cd-a2fe-6755057b5c22", {"c...ed", "unknownKey": {}}]' [181 bytes]
2023-03-29 08:49:44,277 - DEBUG - < TEXT '' [0 bytes]
2023-03-29 08:49:44,313 - DEBUG - > TEXT '[2, "e25239d5-0848-40e7-8efe-b54f6fa8e44c", "St..."status": "Preparing"}]' [145 bytes]
2023-03-29 08:49:44,499 - DEBUG - < TEXT '[3, "e25239d5-0848-40e7-8efe-b54f6fa8e44c", {}]' [47 bytes]
2023-03-29 08:49:44,550 - DEBUG - Starting new HTTPS connection (1): 8b434254zg.execute-api.ap-northeast-2.amazonaws.com:443
2023-03-29 08:49:44,922 - DEBUG - https://8b434254zg.execute-api.ap-northeast-2.amazonaws.com:443 "POST /dev/ioc HTTP/1.1" 200 145
2023-03-29 08:49:44,963 - DEBUG - < TEXT '[2, "ded35df9-74c0-4d30-a346-594c293a6ed8", "Re...": "1031040000069641"}]' [100 bytes]
2023-03-29 08:49:44,975 - DEBUG - > TEXT '[3, "ded35df9-74c0-4d30-a346-594c293a6ed8", {"status": "Accepted"}]' [67 bytes]
2023-03-29 08:49:45,158 - DEBUG - < TEXT '' [0 bytes]
2023-03-29 08:49:45,190 - DEBUG - > TEXT '[2, "21af8aed-5190-4440-aebb-14eadbf51f92", "St...2023-03-29T08:48:49Z"}]' [170 bytes]
2023-03-29 08:49:45,498 - DEBUG - < TEXT '[3, "21af8aed-5190-4440-aebb-14eadbf51f92", {"t..."status": "Accepted"}}]' [110 bytes]
2023-03-29 08:49:45,532 - DEBUG - > TEXT '[2, "8d48f091-8364-4f13-9050-4aa7717176a7", "St... "status": "Charging"}]' [144 bytes]
2023-03-29 08:49:45,717 - DEBUG - < TEXT '[3, "8d48f091-8364-4f13-9050-4aa7717176a7", {}]' [47 bytes]
2023-03-29 08:49:45,754 - DEBUG - Starting new HTTPS connection (1): 8b434254zg.execute-api.ap-northeast-2.amazonaws.com:443
2023-03-29 08:49:46,142 - DEBUG - https://8b434254zg.execute-api.ap-northeast-2.amazonaws.com:443 "POST /dev/ioc HTTP/1.1" 200 145
2023-03-29 08:49:46,178 - DEBUG - < TEXT '[2, "9b1dfbd3-c5ab-43b0-ba2b-b564ce2607ee", "Re...": "1031040000069641"}]' [100 bytes]
2023-03-29 08:49:46,182 - DEBUG - > TEXT '[3, "9b1dfbd3-c5ab-43b0-ba2b-b564ce2607ee", {"status": "Rejected"}]' [67 bytes]
2023-03-29 08:49:46,398 - DEBUG - < TEXT '' [0 bytes]
2023-03-29 08:49:46,405 - DEBUG - = connection is CLOSING
2023-03-29 08:49:46,405 - DEBUG - > CLOSE 1000 (OK) [2 bytes]
2023-03-29 08:49:46,415 - DEBUG - < CLOSE 1000 (OK) [2 bytes]
2023-03-29 08:49:46,421 - DEBUG - = connection is CLOSED
2023-03-29 08:49:46,432 - DEBUG - = connection is CONNECTING
2023-03-29 08:49:46,466 - DEBUG - > GET /ocpp16/ELA007C05/EVSCA050001 HTTP/1.1
2023-03-29 08:49:46,466 - DEBUG - > Host: ws.devevspcharger.uplus.co.kr
2023-03-29 08:49:46,466 - DEBUG - > Upgrade: websocket
2023-03-29 08:49:46,467 - DEBUG - > Connection: Upgrade
2023-03-29 08:49:46,467 - DEBUG - > Sec-WebSocket-Key: S3yikTa1stj6RIxQAKELvA==
2023-03-29 08:49:46,467 - DEBUG - > Sec-WebSocket-Version: 13
2023-03-29 08:49:46,467 - DEBUG - > Sec-WebSocket-Extensions: permessage-deflate; client_max_window_bits
2023-03-29 08:49:46,467 - DEBUG - > Sec-WebSocket-Protocol: ocpp1.6
2023-03-29 08:49:46,467 - DEBUG - > Authorization: Basic RVZBUjpFVkFSTEdV
2023-03-29 08:49:46,467 - DEBUG - > User-Agent: Python/3.11 websockets/10.4
2023-03-29 08:49:46,689 - DEBUG - < HTTP/1.1 101 Switching Protocols
2023-03-29 08:49:46,690 - DEBUG - < Connection: upgrade
2023-03-29 08:49:46,690 - DEBUG - < Date: Tue, 28 Mar 2023 23:49:42 GMT
2023-03-29 08:49:46,690 - DEBUG - < sec-websocket-protocol: ocpp1.6
2023-03-29 08:49:46,690 - DEBUG - < upgrade: websocket
2023-03-29 08:49:46,690 - DEBUG - < sec-websocket-accept: s5Tj4Tt9XbhDoOzCDlttHjKY3is=
2023-03-29 08:49:46,690 - DEBUG - < sec-websocket-extensions: permessage-deflate
2023-03-29 08:49:46,690 - DEBUG - < X-Cache: Miss from cloudfront
2023-03-29 08:49:46,690 - DEBUG - < Via: 1.1 55a59d7976b41c233ff2e682cdd3901e.cloudfront.net (CloudFront)
2023-03-29 08:49:46,690 - DEBUG - < X-Amz-Cf-Pop: ICN57-P2
2023-03-29 08:49:46,690 - DEBUG - < X-Amz-Cf-Id: 86iNXk9xxowDrA72q2aCqxwdqu8H5Z_Q8eHscejg62HNVV-iW_180g==
2023-03-29 08:49:46,691 - DEBUG - = connection is OPEN
2023-03-29 08:49:46,733 - DEBUG - > TEXT '[2, "cd1575db-274c-47b6-98e3-d9d5b4c1dc3e", "Bo...umber": "EVSCA050001"}]' [169 bytes]
2023-03-29 08:49:46,958 - DEBUG - < TEXT '[3, "cd1575db-274c-47b6-98e3-d9d5b4c1dc3e", {"s...43Z", "interval": 600}]' [123 bytes]
2023-03-29 08:49:46,985 - DEBUG - Starting new HTTPS connection (1): 8b434254zg.execute-api.ap-northeast-2.amazonaws.com:443
2023-03-29 08:49:47,383 - DEBUG - https://8b434254zg.execute-api.ap-northeast-2.amazonaws.com:443 "POST /dev/ioc HTTP/1.1" 200 148
2023-03-29 08:49:47,440 - DEBUG - < TEXT '[2, "ffe549df-a4f0-4abb-9f9c-6c6b8c236a58", "Ge...izeRemoteTxRequests"]}]' [103 bytes]
2023-03-29 08:49:47,443 - DEBUG - > TEXT '[3, "ffe549df-a4f0-4abb-9f9c-6c6b8c236a58", {"c...ed", "unknownKey": {}}]' [181 bytes]
2023-03-29 08:49:47,638 - DEBUG - < TEXT '' [0 bytes]
2023-03-29 08:49:47,689 - DEBUG - > TEXT '[2, "ff466b5d-a931-40ed-90c7-0906492e5d30", "St..."status": "Preparing"}]' [145 bytes]
2023-03-29 08:49:47,878 - DEBUG - < TEXT '[3, "ff466b5d-a931-40ed-90c7-0906492e5d30", {}]' [47 bytes]
2023-03-29 08:49:47,914 - DEBUG - Starting new HTTPS connection (1): 8b434254zg.execute-api.ap-northeast-2.amazonaws.com:443
2023-03-29 08:49:48,283 - DEBUG - https://8b434254zg.execute-api.ap-northeast-2.amazonaws.com:443 "POST /dev/ioc HTTP/1.1" 200 143
2023-03-29 08:49:48,327 - DEBUG - < TEXT '[2, "ed145b72-a07c-4aa8-9209-445e985d9851", "Re...sactionId": 120533552}]' [98 bytes]
2023-03-29 08:49:48,334 - DEBUG - > TEXT '[3, "ed145b72-a07c-4aa8-9209-445e985d9851", {"status": "Accepted"}]' [67 bytes]
2023-03-29 08:49:48,526 - DEBUG - < TEXT '' [0 bytes]
2023-03-29 08:49:48,563 - DEBUG - > TEXT '[2, "3815b868-936c-496e-a681-fcbf575b624d", "Au...": "1031040000069641"}]' [87 bytes]
2023-03-29 08:49:48,781 - DEBUG - < TEXT '[3, "3815b868-936c-496e-a681-fcbf575b624d", {"i..."status": "Accepted"}}]' [82 bytes]
2023-03-29 08:49:48,813 - DEBUG - > TEXT '[2, "9ea7b804-6fa3-4f35-a654-b63d13f0e367", "St...2023-03-29T08:48:49Z"}]' [170 bytes]
2023-03-29 08:49:49,119 - DEBUG - < TEXT '[3, "9ea7b804-6fa3-4f35-a654-b63d13f0e367", {"t..."status": "Accepted"}}]' [110 bytes]
2023-03-29 08:49:49,151 - DEBUG - > TEXT '[2, "67649c32-7132-4ab1-bbcb-20dfe402b43a", "St... "status": "Charging"}]' [144 bytes]
2023-03-29 08:49:49,338 - DEBUG - < TEXT '[3, "67649c32-7132-4ab1-bbcb-20dfe402b43a", {}]' [47 bytes]
2023-03-29 08:49:49,373 - DEBUG - Starting new HTTPS connection (1): 8b434254zg.execute-api.ap-northeast-2.amazonaws.com:443
2023-03-29 08:49:49,742 - DEBUG - https://8b434254zg.execute-api.ap-northeast-2.amazonaws.com:443 "POST /dev/ioc HTTP/1.1" 200 143
2023-03-29 08:49:49,781 - DEBUG - < TEXT '[2, "8570835f-ddcf-46db-8d31-e1505f6b0e0c", "Re...sactionId": 120533552}]' [98 bytes]
2023-03-29 08:49:49,790 - DEBUG - > TEXT '[3, "8570835f-ddcf-46db-8d31-e1505f6b0e0c", {"status": "Rejected"}]' [67 bytes]
2023-03-29 08:49:49,986 - DEBUG - < TEXT '' [0 bytes]
2023-03-29 08:49:49,992 - DEBUG - = connection is CLOSING
2023-03-29 08:49:49,992 - DEBUG - > CLOSE 1000 (OK) [2 bytes]
2023-03-29 08:49:50,000 - DEBUG - < CLOSE 1000 (OK) [2 bytes]
2023-03-29 08:49:50,002 - DEBUG - = connection is CLOSED
2023-03-29 08:49:50,012 - DEBUG - = connection is CONNECTING
2023-03-29 08:49:50,353 - DEBUG - > GET /ocpp16/ELA007C05/EVSCA050001 HTTP/1.1
2023-03-29 08:49:50,354 - DEBUG - > Host: ws.devevspcharger.uplus.co.kr
2023-03-29 08:49:50,355 - DEBUG - > Upgrade: websocket
2023-03-29 08:49:50,355 - DEBUG - > Connection: Upgrade
2023-03-29 08:49:50,355 - DEBUG - > Sec-WebSocket-Key: VApxJ50kL411IO53n2SzQg==
2023-03-29 08:49:50,356 - DEBUG - > Sec-WebSocket-Version: 13
2023-03-29 08:49:50,356 - DEBUG - > Sec-WebSocket-Extensions: permessage-deflate; client_max_window_bits
2023-03-29 08:49:50,356 - DEBUG - > Sec-WebSocket-Protocol: ocpp1.6
2023-03-29 08:49:50,356 - DEBUG - > Authorization: Basic RVZBUjpFVkFSTEdV
2023-03-29 08:49:50,356 - DEBUG - > User-Agent: Python/3.11 websockets/10.4
2023-03-29 08:49:50,570 - DEBUG - < HTTP/1.1 101 Switching Protocols
2023-03-29 08:49:50,570 - DEBUG - < Connection: upgrade
2023-03-29 08:49:50,570 - DEBUG - < Date: Tue, 28 Mar 2023 23:49:46 GMT
2023-03-29 08:49:50,570 - DEBUG - < sec-websocket-protocol: ocpp1.6
2023-03-29 08:49:50,570 - DEBUG - < upgrade: websocket
2023-03-29 08:49:50,570 - DEBUG - < sec-websocket-accept: eBI2/U2SPo5wp8cNgLmIUfdqRX4=
2023-03-29 08:49:50,571 - DEBUG - < sec-websocket-extensions: permessage-deflate
2023-03-29 08:49:50,571 - DEBUG - < X-Cache: Miss from cloudfront
2023-03-29 08:49:50,571 - DEBUG - < Via: 1.1 9ce5dfe6a640bb6a762b3c2889e2317e.cloudfront.net (CloudFront)
2023-03-29 08:49:50,571 - DEBUG - < X-Amz-Cf-Pop: ICN57-P2
2023-03-29 08:49:50,571 - DEBUG - < X-Amz-Cf-Id: QG2wPHy9401Ur0sGFrDGIEZssFEbUhL-eTAqnAarHrp5YWBQDva77Q==
2023-03-29 08:49:50,571 - DEBUG - = connection is OPEN
2023-03-29 08:49:50,623 - DEBUG - > TEXT '[2, "5abf0ffd-5edc-48a6-a602-e32cff807435", "Bo...umber": "EVSCA050001"}]' [169 bytes]
2023-03-29 08:49:50,818 - DEBUG - < TEXT '[3, "5abf0ffd-5edc-48a6-a602-e32cff807435", {"s...46Z", "interval": 600}]' [123 bytes]
2023-03-29 08:49:50,857 - DEBUG - Starting new HTTPS connection (1): 8b434254zg.execute-api.ap-northeast-2.amazonaws.com:443
2023-03-29 08:49:51,282 - DEBUG - https://8b434254zg.execute-api.ap-northeast-2.amazonaws.com:443 "POST /dev/ioc HTTP/1.1" 200 127
2023-03-29 08:49:51,328 - DEBUG - < TEXT '[2, "8f34aefc-9e09-48f9-930c-3f6098422d00", "Un...r", {"connectorId": 1}]' [82 bytes]
2023-03-29 08:49:51,339 - DEBUG - > TEXT '[3, "8f34aefc-9e09-48f9-930c-3f6098422d00", {"status": "UnlockFailed"}]' [71 bytes]
2023-03-29 08:49:51,517 - DEBUG - < TEXT '' [0 bytes]
2023-03-29 08:49:51,528 - DEBUG - = connection is CLOSING
2023-03-29 08:49:51,528 - DEBUG - > CLOSE 1000 (OK) [2 bytes]
2023-03-29 08:49:51,534 - DEBUG - < CLOSE 1000 (OK) [2 bytes]
2023-03-29 08:49:51,537 - DEBUG - = connection is CLOSED
2023-03-29 08:49:51,553 - DEBUG - = connection is CONNECTING
2023-03-29 08:49:51,585 - DEBUG - > GET /ocpp16/ELA007C05/EVSCA050001 HTTP/1.1
2023-03-29 08:49:51,586 - DEBUG - > Host: ws.devevspcharger.uplus.co.kr
2023-03-29 08:49:51,586 - DEBUG - > Upgrade: websocket
2023-03-29 08:49:51,586 - DEBUG - > Connection: Upgrade
2023-03-29 08:49:51,586 - DEBUG - > Sec-WebSocket-Key: aVIkrTu9s7+dfwhceoqdWA==
2023-03-29 08:49:51,586 - DEBUG - > Sec-WebSocket-Version: 13
2023-03-29 08:49:51,586 - DEBUG - > Sec-WebSocket-Extensions: permessage-deflate; client_max_window_bits
2023-03-29 08:49:51,586 - DEBUG - > Sec-WebSocket-Protocol: ocpp1.6
2023-03-29 08:49:51,586 - DEBUG - > Authorization: Basic RVZBUjpFVkFSTEdV
2023-03-29 08:49:51,586 - DEBUG - > User-Agent: Python/3.11 websockets/10.4
2023-03-29 08:49:51,789 - DEBUG - < HTTP/1.1 101 Switching Protocols
2023-03-29 08:49:51,790 - DEBUG - < Connection: upgrade
2023-03-29 08:49:51,790 - DEBUG - < Date: Tue, 28 Mar 2023 23:49:48 GMT
2023-03-29 08:49:51,790 - DEBUG - < sec-websocket-protocol: ocpp1.6
2023-03-29 08:49:51,790 - DEBUG - < upgrade: websocket
2023-03-29 08:49:51,790 - DEBUG - < sec-websocket-accept: u+Y1kR1yPUF/WIJEPMVaJ6kRr94=
2023-03-29 08:49:51,790 - DEBUG - < sec-websocket-extensions: permessage-deflate
2023-03-29 08:49:51,790 - DEBUG - < X-Cache: Miss from cloudfront
2023-03-29 08:49:51,790 - DEBUG - < Via: 1.1 98cc70c99d4e07b8cd37265dc48c5a54.cloudfront.net (CloudFront)
2023-03-29 08:49:51,790 - DEBUG - < X-Amz-Cf-Pop: ICN57-P2
2023-03-29 08:49:51,790 - DEBUG - < X-Amz-Cf-Id: hv6q7ZBo3AwplITKSVrelJGCfyWvkKRHO_DMg-WGFQyA39kFqlH7Gg==
2023-03-29 08:49:51,791 - DEBUG - = connection is OPEN
2023-03-29 08:49:51,828 - DEBUG - > TEXT '[2, "7d250aad-18bb-4250-9129-07f718574f44", "Bo...umber": "EVSCA050001"}]' [169 bytes]
2023-03-29 08:49:52,037 - DEBUG - < TEXT '[3, "7d250aad-18bb-4250-9129-07f718574f44", {"s...48Z", "interval": 600}]' [123 bytes]
2023-03-29 08:49:52,074 - DEBUG - > TEXT '[2, "15b8b25f-2648-4580-9459-bd07f6c65f38", "St..."status": "Preparing"}]' [145 bytes]
2023-03-29 08:49:52,256 - DEBUG - < TEXT '[3, "15b8b25f-2648-4580-9459-bd07f6c65f38", {}]' [47 bytes]
2023-03-29 08:49:52,284 - DEBUG - Starting new HTTPS connection (1): 8b434254zg.execute-api.ap-northeast-2.amazonaws.com:443
2023-03-29 08:49:52,682 - DEBUG - https://8b434254zg.execute-api.ap-northeast-2.amazonaws.com:443 "POST /dev/ioc HTTP/1.1" 200 145
2023-03-29 08:49:52,726 - DEBUG - < TEXT '[2, "8b34bc26-4978-4afe-ae30-91caea4e2f8c", "Re...": "1031040000069641"}]' [100 bytes]
2023-03-29 08:49:52,732 - DEBUG - > TEXT '[3, "8b34bc26-4978-4afe-ae30-91caea4e2f8c", {"status": "Rejected"}]' [67 bytes]
2023-03-29 08:49:52,911 - DEBUG - < TEXT '' [0 bytes]
2023-03-29 08:49:52,957 - DEBUG - > TEXT '[2, "7da5b81b-2142-4388-9d2f-2ce371c36827", "Au...": "1031040000069641"}]' [87 bytes]
2023-03-29 08:49:53,177 - DEBUG - < TEXT '[3, "7da5b81b-2142-4388-9d2f-2ce371c36827", {"i..."status": "Accepted"}}]' [82 bytes]
2023-03-29 08:49:53,212 - DEBUG - > TEXT '[2, "f97269b5-b24e-40b0-86d9-6397010da71d", "St...2023-03-29T08:48:49Z"}]' [170 bytes]
2023-03-29 08:49:53,526 - DEBUG - < TEXT '[3, "f97269b5-b24e-40b0-86d9-6397010da71d", {"t..."status": "Accepted"}}]' [110 bytes]
2023-03-29 08:49:53,563 - DEBUG - > TEXT '[2, "13425213-3364-4f03-af00-fea484da37ac", "St... "status": "Charging"}]' [144 bytes]
2023-03-29 08:49:53,737 - DEBUG - < TEXT '[3, "13425213-3364-4f03-af00-fea484da37ac", {}]' [47 bytes]
2023-03-29 08:49:53,765 - DEBUG - > TEXT '[2, "7c621b8e-5168-407f-b443-b055c0added7", "Bo...umber": "EVSCA050001"}]' [169 bytes]
2023-03-29 08:49:53,978 - DEBUG - < TEXT '[3, "7c621b8e-5168-407f-b443-b055c0added7", {"s...50Z", "interval": 600}]' [123 bytes]
2023-03-29 08:49:54,021 - DEBUG - > TEXT '[2, "5e9f2d72-a783-44c1-a156-c6ce421cb30f", "St...tatus": "Unavailable"}]' [147 bytes]
2023-03-29 08:49:54,237 - DEBUG - < TEXT '[3, "5e9f2d72-a783-44c1-a156-c6ce421cb30f", {}]' [47 bytes]
2023-03-29 08:49:54,292 - DEBUG - > TEXT '[2, "9c05355e-81f9-4435-84ab-3dcc69accf6a", "St...23-03-29T08:48:49Z"}]}]' [359 bytes]
2023-03-29 08:49:54,578 - DEBUG - < TEXT '[3, "9c05355e-81f9-4435-84ab-3dcc69accf6a", {"i..."status": "Accepted"}}]' [82 bytes]
2023-03-29 08:49:54,633 - DEBUG - > TEXT '[2, "ba12d870-a12b-4cfb-b9bd-c42b558d04cc", "St..."status": "Finishing"}]' [145 bytes]
2023-03-29 08:49:54,818 - DEBUG - < TEXT '[3, "ba12d870-a12b-4cfb-b9bd-c42b558d04cc", {}]' [47 bytes]
2023-03-29 08:49:54,860 - DEBUG - = connection is CLOSING
2023-03-29 08:49:54,861 - DEBUG - > CLOSE 1000 (OK) [2 bytes]
2023-03-29 08:49:54,867 - DEBUG - < CLOSE 1000 (OK) [2 bytes]
2023-03-29 08:49:54,882 - DEBUG - = connection is CLOSED
2023-03-29 08:49:54,901 - DEBUG - = connection is CONNECTING
2023-03-29 08:49:54,932 - DEBUG - > GET /ocpp16/ELA007C05/EVSCA050001 HTTP/1.1
2023-03-29 08:49:54,932 - DEBUG - > Host: ws.devevspcharger.uplus.co.kr
2023-03-29 08:49:54,932 - DEBUG - > Upgrade: websocket
2023-03-29 08:49:54,933 - DEBUG - > Connection: Upgrade
2023-03-29 08:49:54,933 - DEBUG - > Sec-WebSocket-Key: vvE5bBCkCKSNp1SKW2SDCQ==
2023-03-29 08:49:54,933 - DEBUG - > Sec-WebSocket-Version: 13
2023-03-29 08:49:54,933 - DEBUG - > Sec-WebSocket-Extensions: permessage-deflate; client_max_window_bits
2023-03-29 08:49:54,933 - DEBUG - > Sec-WebSocket-Protocol: ocpp1.6
2023-03-29 08:49:54,933 - DEBUG - > Authorization: Basic RVZBUjpFVkFSTEdV
2023-03-29 08:49:54,933 - DEBUG - > User-Agent: Python/3.11 websockets/10.4
2023-03-29 08:49:55,149 - DEBUG - < HTTP/1.1 101 Switching Protocols
2023-03-29 08:49:55,150 - DEBUG - < Connection: upgrade
2023-03-29 08:49:55,150 - DEBUG - < Date: Tue, 28 Mar 2023 23:49:51 GMT
2023-03-29 08:49:55,150 - DEBUG - < sec-websocket-protocol: ocpp1.6
2023-03-29 08:49:55,150 - DEBUG - < upgrade: websocket
2023-03-29 08:49:55,150 - DEBUG - < sec-websocket-accept: X4d2i8YJvtmjGt2dIUtEl/Q76IU=
2023-03-29 08:49:55,150 - DEBUG - < sec-websocket-extensions: permessage-deflate
2023-03-29 08:49:55,150 - DEBUG - < X-Cache: Miss from cloudfront
2023-03-29 08:49:55,150 - DEBUG - < Via: 1.1 0a9548baf65e130ce12c4d90cb22d962.cloudfront.net (CloudFront)
2023-03-29 08:49:55,150 - DEBUG - < X-Amz-Cf-Pop: ICN57-P2
2023-03-29 08:49:55,151 - DEBUG - < X-Amz-Cf-Id: 5-KZLuDKKZV2K-q2K5ewu5AZrHTDee4NVpbmWrXAX5j5OkAIu_m1Gg==
2023-03-29 08:49:55,151 - DEBUG - = connection is OPEN
2023-03-29 08:49:55,181 - DEBUG - > TEXT '[2, "0e5c828d-572b-4728-aabe-4902fb67c6be", "Bo...umber": "EVSCA050001"}]' [169 bytes]
2023-03-29 08:49:55,399 - DEBUG - < TEXT '[3, "0e5c828d-572b-4728-aabe-4902fb67c6be", {"s...51Z", "interval": 600}]' [123 bytes]
2023-03-29 08:49:55,434 - DEBUG - Starting new HTTPS connection (1): 8b434254zg.execute-api.ap-northeast-2.amazonaws.com:443
2023-03-29 08:49:55,842 - DEBUG - https://8b434254zg.execute-api.ap-northeast-2.amazonaws.com:443 "POST /dev/ioc HTTP/1.1" 200 167
2023-03-29 08:49:55,882 - DEBUG - < TEXT '[2, "cfd978ab-da89-41fb-b157-403285c462c0", "Ch...nId", "value": "true"}]' [122 bytes]
2023-03-29 08:49:55,887 - DEBUG - > TEXT '[3, "cfd978ab-da89-41fb-b157-403285c462c0", {"status": "Accepted"}]' [67 bytes]
2023-03-29 08:49:56,060 - DEBUG - < TEXT '' [0 bytes]
2023-03-29 08:49:56,097 - DEBUG - Starting new HTTPS connection (1): 8b434254zg.execute-api.ap-northeast-2.amazonaws.com:443
2023-03-29 08:49:56,483 - DEBUG - https://8b434254zg.execute-api.ap-northeast-2.amazonaws.com:443 "POST /dev/ioc HTTP/1.1" 200 162
2023-03-29 08:49:56,535 - DEBUG - < TEXT '[2, "673b0c1c-0d01-4e42-9662-af7b8790751d", "Ch...ine", "value": "true"}]' [117 bytes]
2023-03-29 08:49:56,545 - DEBUG - > TEXT '[3, "673b0c1c-0d01-4e42-9662-af7b8790751d", {"status": "Accepted"}]' [67 bytes]
2023-03-29 08:49:56,720 - DEBUG - < TEXT '' [0 bytes]
2023-03-29 08:49:56,751 - DEBUG - Starting new HTTPS connection (1): 8b434254zg.execute-api.ap-northeast-2.amazonaws.com:443
2023-03-29 08:49:57,144 - DEBUG - https://8b434254zg.execute-api.ap-northeast-2.amazonaws.com:443 "POST /dev/ioc HTTP/1.1" 200 106
2023-03-29 08:49:57,180 - DEBUG - < TEXT '[2, "77f5ff66-ba3c-405b-b0ff-921271475baa", "ClearCache", {}]' [61 bytes]
2023-03-29 08:49:57,188 - DEBUG - > TEXT '[3, "77f5ff66-ba3c-405b-b0ff-921271475baa", {"status": "Accepted"}]' [67 bytes]
2023-03-29 08:49:57,381 - DEBUG - < TEXT '' [0 bytes]
2023-03-29 08:49:57,405 - DEBUG - > TEXT '[2, "098f00ba-2067-4c45-b99b-81bca4f52276", "St...2023-03-29T08:48:49Z"}]' [170 bytes]
2023-03-29 08:49:57,717 - DEBUG - < TEXT '[3, "098f00ba-2067-4c45-b99b-81bca4f52276", {"t..."status": "Accepted"}}]' [110 bytes]
2023-03-29 08:49:57,747 - DEBUG - > TEXT '[2, "8385cf1a-6353-455a-8c17-3af24428f4f4", "St... "status": "Charging"}]' [144 bytes]
2023-03-29 08:49:57,921 - DEBUG - < TEXT '[3, "8385cf1a-6353-455a-8c17-3af24428f4f4", {}]' [47 bytes]
2023-03-29 08:49:57,956 - DEBUG - > TEXT '[2, "c134863c-ebab-4284-bb2b-8aedd3374f45", "St...23-03-29T08:48:49Z"}]}]' [355 bytes]
2023-03-29 08:49:58,234 - DEBUG - < TEXT '[3, "c134863c-ebab-4284-bb2b-8aedd3374f45", {"i..."status": "Accepted"}}]' [82 bytes]
2023-03-29 08:49:58,272 - DEBUG - > TEXT '[2, "9e073d03-5ab5-4775-80c7-3655199481a2", "St..."status": "Finishing"}]' [145 bytes]
2023-03-29 08:49:58,459 - DEBUG - < TEXT '[3, "9e073d03-5ab5-4775-80c7-3655199481a2", {}]' [47 bytes]
2023-03-29 08:49:58,509 - DEBUG - > TEXT '[2, "6cc02e7f-021b-43d0-a49e-d0a8fa61d45a", "St..."status": "Available"}]' [145 bytes]
2023-03-29 08:49:58,717 - DEBUG - < TEXT '[3, "6cc02e7f-021b-43d0-a49e-d0a8fa61d45a", {}]' [47 bytes]
2023-03-29 08:49:58,736 - DEBUG - = connection is CLOSING
2023-03-29 08:49:58,737 - DEBUG - > CLOSE 1000 (OK) [2 bytes]
2023-03-29 08:49:58,747 - DEBUG - < CLOSE 1000 (OK) [2 bytes]
2023-03-29 08:49:58,752 - DEBUG - = connection is CLOSED
2023-03-29 08:49:58,759 - DEBUG - = connection is CONNECTING
2023-03-29 08:49:58,793 - DEBUG - > GET /ocpp16/ELA007C05/EVSCA050001 HTTP/1.1
2023-03-29 08:49:58,793 - DEBUG - > Host: ws.devevspcharger.uplus.co.kr
2023-03-29 08:49:58,793 - DEBUG - > Upgrade: websocket
2023-03-29 08:49:58,794 - DEBUG - > Connection: Upgrade
2023-03-29 08:49:58,794 - DEBUG - > Sec-WebSocket-Key: ibn/Hyji3O0tLZNF252nOw==
2023-03-29 08:49:58,794 - DEBUG - > Sec-WebSocket-Version: 13
2023-03-29 08:49:58,795 - DEBUG - > Sec-WebSocket-Extensions: permessage-deflate; client_max_window_bits
2023-03-29 08:49:58,795 - DEBUG - > Sec-WebSocket-Protocol: ocpp1.6
2023-03-29 08:49:58,795 - DEBUG - > Authorization: Basic RVZBUjpFVkFSTEdV
2023-03-29 08:49:58,795 - DEBUG - > User-Agent: Python/3.11 websockets/10.4
2023-03-29 08:49:59,091 - DEBUG - < HTTP/1.1 101 Switching Protocols
2023-03-29 08:49:59,092 - DEBUG - < Connection: upgrade
2023-03-29 08:49:59,092 - DEBUG - < Date: Tue, 28 Mar 2023 23:49:55 GMT
2023-03-29 08:49:59,092 - DEBUG - < sec-websocket-protocol: ocpp1.6
2023-03-29 08:49:59,093 - DEBUG - < upgrade: websocket
2023-03-29 08:49:59,093 - DEBUG - < sec-websocket-accept: 0JMMBkHk1CxKiLHi0zH7Yn8PI/M=
2023-03-29 08:49:59,093 - DEBUG - < sec-websocket-extensions: permessage-deflate
2023-03-29 08:49:59,093 - DEBUG - < X-Cache: Miss from cloudfront
2023-03-29 08:49:59,094 - DEBUG - < Via: 1.1 516246c62af452cb1f8d77c8f3af9faa.cloudfront.net (CloudFront)
2023-03-29 08:49:59,094 - DEBUG - < X-Amz-Cf-Pop: ICN57-P2
2023-03-29 08:49:59,094 - DEBUG - < X-Amz-Cf-Id: mrFybUlU2xDnuzEAIGzOZvfHgl6IYj2L4VzwQdaTqDPEBqFuIgkKzg==
2023-03-29 08:49:59,094 - DEBUG - = connection is OPEN
2023-03-29 08:49:59,123 - DEBUG - > TEXT '[2, "1734d13c-e573-45f5-91ce-d05257acee8d", "Bo...umber": "EVSCA050001"}]' [169 bytes]
2023-03-29 08:49:59,347 - DEBUG - < TEXT '[3, "1734d13c-e573-45f5-91ce-d05257acee8d", {"s...55Z", "interval": 600}]' [123 bytes]
2023-03-29 08:49:59,385 - DEBUG - Starting new HTTPS connection (1): 8b434254zg.execute-api.ap-northeast-2.amazonaws.com:443
2023-03-29 08:49:59,790 - DEBUG - https://8b434254zg.execute-api.ap-northeast-2.amazonaws.com:443 "POST /dev/ioc HTTP/1.1" 200 167
2023-03-29 08:49:59,836 - DEBUG - < TEXT '[2, "acd93262-172a-4eb3-89c5-aa1fd2499b97", "Ch...nId", "value": "true"}]' [122 bytes]
2023-03-29 08:49:59,849 - DEBUG - > TEXT '[3, "acd93262-172a-4eb3-89c5-aa1fd2499b97", {"status": "Accepted"}]' [67 bytes]
2023-03-29 08:50:00,037 - DEBUG - < TEXT '' [0 bytes]
2023-03-29 08:50:00,082 - DEBUG - Starting new HTTPS connection (1): 8b434254zg.execute-api.ap-northeast-2.amazonaws.com:443
2023-03-29 08:50:00,503 - DEBUG - https://8b434254zg.execute-api.ap-northeast-2.amazonaws.com:443 "POST /dev/ioc HTTP/1.1" 200 162
2023-03-29 08:50:00,539 - DEBUG - < TEXT '[2, "377611d6-c01e-4600-8c0c-ff44f0da600b", "Ch...ine", "value": "true"}]' [117 bytes]
2023-03-29 08:50:00,548 - DEBUG - > TEXT '[3, "377611d6-c01e-4600-8c0c-ff44f0da600b", {"status": "Accepted"}]' [67 bytes]
2023-03-29 08:50:00,755 - DEBUG - < TEXT '' [0 bytes]
2023-03-29 08:50:00,790 - DEBUG - Starting new HTTPS connection (1): 8b434254zg.execute-api.ap-northeast-2.amazonaws.com:443
2023-03-29 08:50:01,183 - DEBUG - https://8b434254zg.execute-api.ap-northeast-2.amazonaws.com:443 "POST /dev/ioc HTTP/1.1" 200 106
2023-03-29 08:50:01,232 - DEBUG - < TEXT '[2, "e11a6dcd-9fdf-49fb-b1b4-c41ce7fa81c1", "ClearCache", {}]' [61 bytes]
2023-03-29 08:50:01,240 - DEBUG - > TEXT '[3, "e11a6dcd-9fdf-49fb-b1b4-c41ce7fa81c1", {"status": "Accepted"}]' [67 bytes]
2023-03-29 08:50:01,418 - DEBUG - < TEXT '' [0 bytes]
2023-03-29 08:50:01,451 - DEBUG - > TEXT '[2, "5bed23cc-f8ef-476d-8436-f9f2aaae17ef", "St...2023-03-29T08:48:49Z"}]' [170 bytes]
2023-03-29 08:50:01,719 - DEBUG - < TEXT '[3, "5bed23cc-f8ef-476d-8436-f9f2aaae17ef", {"t...{"status": "Invalid"}}]' [109 bytes]
2023-03-29 08:50:01,751 - DEBUG - > TEXT '[2, "0fa11d9f-0be9-4901-a394-6338f5a7179f", "St... "status": "Charging"}]' [144 bytes]
2023-03-29 08:50:01,938 - DEBUG - < TEXT '[3, "0fa11d9f-0be9-4901-a394-6338f5a7179f", {}]' [47 bytes]
2023-03-29 08:50:01,980 - DEBUG - > TEXT '[2, "c47b1401-aa76-4d65-a896-54ddc46812ee", "St...23-03-29T08:48:49Z"}]}]' [362 bytes]
2023-03-29 08:50:02,230 - DEBUG - < TEXT '[4, "c47b1401-aa76-4d65-a896-54ddc46812ee", {"e...the requested Action"}]' [187 bytes]
2023-03-29 08:50:02,264 - DEBUG - = connection is CLOSING
2023-03-29 08:50:02,265 - DEBUG - > CLOSE 1000 (OK) [2 bytes]
2023-03-29 08:50:02,273 - DEBUG - < CLOSE 1000 (OK) [2 bytes]
2023-03-29 08:50:02,278 - DEBUG - = connection is CLOSED
2023-03-29 08:50:02,286 - DEBUG - = connection is CONNECTING
2023-03-29 08:50:02,325 - DEBUG - > GET /ocpp16/ELA007C05/EVSCA050001 HTTP/1.1
2023-03-29 08:50:02,325 - DEBUG - > Host: ws.devevspcharger.uplus.co.kr
2023-03-29 08:50:02,325 - DEBUG - > Upgrade: websocket
2023-03-29 08:50:02,325 - DEBUG - > Connection: Upgrade
2023-03-29 08:50:02,326 - DEBUG - > Sec-WebSocket-Key: aa8jiVvPQJyfyfZpmC/phg==
2023-03-29 08:50:02,326 - DEBUG - > Sec-WebSocket-Version: 13
2023-03-29 08:50:02,326 - DEBUG - > Sec-WebSocket-Extensions: permessage-deflate; client_max_window_bits
2023-03-29 08:50:02,326 - DEBUG - > Sec-WebSocket-Protocol: ocpp1.6
2023-03-29 08:50:02,326 - DEBUG - > Authorization: Basic RVZBUjpFVkFSTEdV
2023-03-29 08:50:02,332 - DEBUG - > User-Agent: Python/3.11 websockets/10.4
2023-03-29 08:50:02,529 - DEBUG - < HTTP/1.1 101 Switching Protocols
2023-03-29 08:50:02,529 - DEBUG - < Connection: upgrade
2023-03-29 08:50:02,530 - DEBUG - < Date: Tue, 28 Mar 2023 23:49:58 GMT
2023-03-29 08:50:02,530 - DEBUG - < sec-websocket-protocol: ocpp1.6
2023-03-29 08:50:02,530 - DEBUG - < upgrade: websocket
2023-03-29 08:50:02,530 - DEBUG - < sec-websocket-accept: YVAEkAunhGPaE99n+jY1tEN9O5A=
2023-03-29 08:50:02,530 - DEBUG - < sec-websocket-extensions: permessage-deflate
2023-03-29 08:50:02,530 - DEBUG - < X-Cache: Miss from cloudfront
2023-03-29 08:50:02,530 - DEBUG - < Via: 1.1 55a59d7976b41c233ff2e682cdd3901e.cloudfront.net (CloudFront)
2023-03-29 08:50:02,530 - DEBUG - < X-Amz-Cf-Pop: ICN57-P2
2023-03-29 08:50:02,530 - DEBUG - < X-Amz-Cf-Id: pR1Yo33VdfTpFzNN3ndnlVfLyAuZNg9K5jIOWrlIkpUw1YNNc5Rj0Q==
2023-03-29 08:50:02,531 - DEBUG - = connection is OPEN
2023-03-29 08:50:02,566 - DEBUG - > TEXT '[2, "f2c7839d-e7b1-45d7-9f20-5be4575e94cd", "Bo...umber": "EVSCA050001"}]' [169 bytes]
2023-03-29 08:50:02,785 - DEBUG - < TEXT '[3, "f2c7839d-e7b1-45d7-9f20-5be4575e94cd", {"s...58Z", "interval": 600}]' [123 bytes]
2023-03-29 08:50:02,821 - DEBUG - > TEXT '[2, "2ca1eaf4-806d-4136-bf2b-38d2ecbbcfe3", "St..."status": "Preparing"}]' [145 bytes]
2023-03-29 08:50:03,022 - DEBUG - < TEXT '[3, "2ca1eaf4-806d-4136-bf2b-38d2ecbbcfe3", {}]' [47 bytes]
2023-03-29 08:50:03,067 - DEBUG - > TEXT '[2, "f614e742-e450-4630-9ab8-4ec05ad287aa", "St...2023-03-29T08:48:49Z"}]' [166 bytes]
2023-03-29 08:50:03,360 - DEBUG - < TEXT '[3, "f614e742-e450-4630-9ab8-4ec05ad287aa", {"t..."status": "Accepted"}}]' [110 bytes]
2023-03-29 08:50:03,399 - DEBUG - > TEXT '[2, "4a126f46-3993-49a7-ac64-169de0b3db6f", "St... "status": "Charging"}]' [144 bytes]
2023-03-29 08:50:03,578 - DEBUG - < TEXT '[3, "4a126f46-3993-49a7-ac64-169de0b3db6f", {}]' [47 bytes]
2023-03-29 08:50:03,612 - DEBUG - > TEXT '[2, "8cdbd521-6e04-4c8e-a2c6-db4df2f483d0", "St...23-03-29T08:48:49Z"}]}]' [359 bytes]
2023-03-29 08:50:04,109 - DEBUG - < TEXT '[4, "8cdbd521-6e04-4c8e-a2c6-db4df2f483d0", {"e...the requested Action"}]' [187 bytes]
2023-03-29 08:50:04,140 - DEBUG - = connection is CLOSING
2023-03-29 08:50:04,141 - DEBUG - > CLOSE 1000 (OK) [2 bytes]
2023-03-29 08:50:04,149 - DEBUG - < CLOSE 1000 (OK) [2 bytes]
2023-03-29 08:50:04,153 - DEBUG - = connection is CLOSED
2023-03-29 08:50:04,162 - DEBUG - = connection is CONNECTING
2023-03-29 08:50:04,194 - DEBUG - > GET /ocpp16/ELA007C05/EVSCA050001 HTTP/1.1
2023-03-29 08:50:04,195 - DEBUG - > Host: ws.devevspcharger.uplus.co.kr
2023-03-29 08:50:04,195 - DEBUG - > Upgrade: websocket
2023-03-29 08:50:04,196 - DEBUG - > Connection: Upgrade
2023-03-29 08:50:04,196 - DEBUG - > Sec-WebSocket-Key: KXsPlODFOcS4Z9G+baYKlQ==
2023-03-29 08:50:04,196 - DEBUG - > Sec-WebSocket-Version: 13
2023-03-29 08:50:04,197 - DEBUG - > Sec-WebSocket-Extensions: permessage-deflate; client_max_window_bits
2023-03-29 08:50:04,197 - DEBUG - > Sec-WebSocket-Protocol: ocpp1.6
2023-03-29 08:50:04,198 - DEBUG - > Authorization: Basic RVZBUjpFVkFSTEdV
2023-03-29 08:50:04,198 - DEBUG - > User-Agent: Python/3.11 websockets/10.4
2023-03-29 08:50:04,454 - DEBUG - < HTTP/1.1 101 Switching Protocols
2023-03-29 08:50:04,454 - DEBUG - < Connection: upgrade
2023-03-29 08:50:04,454 - DEBUG - < Date: Tue, 28 Mar 2023 23:50:00 GMT
2023-03-29 08:50:04,454 - DEBUG - < sec-websocket-protocol: ocpp1.6
2023-03-29 08:50:04,454 - DEBUG - < upgrade: websocket
2023-03-29 08:50:04,454 - DEBUG - < sec-websocket-accept: I30zlR4Rzkxn1TEqv3mKAe7FXLQ=
2023-03-29 08:50:04,454 - DEBUG - < sec-websocket-extensions: permessage-deflate
2023-03-29 08:50:04,455 - DEBUG - < X-Cache: Miss from cloudfront
2023-03-29 08:50:04,455 - DEBUG - < Via: 1.1 3544dee363e510a888d5171c071b297e.cloudfront.net (CloudFront)
2023-03-29 08:50:04,455 - DEBUG - < X-Amz-Cf-Pop: ICN57-P2
2023-03-29 08:50:04,455 - DEBUG - < X-Amz-Cf-Id: 9HdwRxYvhco08Cz-oFq4M51eq3vuEDLl80eqoQa6VXBKZFNWMhqv0g==
2023-03-29 08:50:04,455 - DEBUG - = connection is OPEN
2023-03-29 08:50:04,487 - DEBUG - > TEXT '[2, "77714cbf-8b0d-49a0-a482-3781940b7ef1", "Bo...umber": "EVSCA050001"}]' [169 bytes]
2023-03-29 08:50:04,698 - DEBUG - < TEXT '[3, "77714cbf-8b0d-49a0-a482-3781940b7ef1", {"s...00Z", "interval": 600}]' [123 bytes]
2023-03-29 08:50:04,741 - DEBUG - Starting new HTTPS connection (1): 8b434254zg.execute-api.ap-northeast-2.amazonaws.com:443
2023-03-29 08:50:05,142 - DEBUG - https://8b434254zg.execute-api.ap-northeast-2.amazonaws.com:443 "POST /dev/ioc HTTP/1.1" 200 146
2023-03-29 08:50:05,187 - DEBUG - < TEXT '[2, "01798e7d-d62c-4dbc-a543-d20e30a2d233", "Ch...sting", "value": "-1"}]' [101 bytes]
2023-03-29 08:50:05,192 - DEBUG - > TEXT '[3, "01798e7d-d62c-4dbc-a543-d20e30a2d233", {"status": "NotSupported"}]' [71 bytes]
2023-03-29 08:50:05,402 - DEBUG - < TEXT '' [0 bytes]
2023-03-29 08:50:05,409 - DEBUG - = connection is CLOSING
2023-03-29 08:50:05,410 - DEBUG - > CLOSE 1000 (OK) [2 bytes]
2023-03-29 08:50:05,421 - DEBUG - < CLOSE 1000 (OK) [2 bytes]
2023-03-29 08:50:05,427 - DEBUG - = connection is CLOSED
2023-03-29 08:50:05,436 - DEBUG - = connection is CONNECTING
2023-03-29 08:50:05,502 - DEBUG - > GET /ocpp16/ELA007C05/EVSCA050001 HTTP/1.1
2023-03-29 08:50:05,502 - DEBUG - > Host: ws.devevspcharger.uplus.co.kr
2023-03-29 08:50:05,502 - DEBUG - > Upgrade: websocket
2023-03-29 08:50:05,502 - DEBUG - > Connection: Upgrade
2023-03-29 08:50:05,502 - DEBUG - > Sec-WebSocket-Key: kk0IKy5JWXwZyN1LpQA5VA==
2023-03-29 08:50:05,503 - DEBUG - > Sec-WebSocket-Version: 13
2023-03-29 08:50:05,503 - DEBUG - > Sec-WebSocket-Extensions: permessage-deflate; client_max_window_bits
2023-03-29 08:50:05,503 - DEBUG - > Sec-WebSocket-Protocol: ocpp1.6
2023-03-29 08:50:05,503 - DEBUG - > Authorization: Basic RVZBUjpFVkFSTEdV
2023-03-29 08:50:05,503 - DEBUG - > User-Agent: Python/3.11 websockets/10.4
2023-03-29 08:50:05,744 - DEBUG - < HTTP/1.1 101 Switching Protocols
2023-03-29 08:50:05,744 - DEBUG - < Connection: upgrade
2023-03-29 08:50:05,744 - DEBUG - < Date: Tue, 28 Mar 2023 23:50:02 GMT
2023-03-29 08:50:05,744 - DEBUG - < sec-websocket-protocol: ocpp1.6
2023-03-29 08:50:05,745 - DEBUG - < upgrade: websocket
2023-03-29 08:50:05,745 - DEBUG - < sec-websocket-accept: ngBabLTyXrXrx8Ofbk161+Obe0M=
2023-03-29 08:50:05,745 - DEBUG - < sec-websocket-extensions: permessage-deflate
2023-03-29 08:50:05,745 - DEBUG - < X-Cache: Miss from cloudfront
2023-03-29 08:50:05,746 - DEBUG - < Via: 1.1 96d5e926418becbc899e1a730ab37236.cloudfront.net (CloudFront)
2023-03-29 08:50:05,746 - DEBUG - < X-Amz-Cf-Pop: ICN57-P2
2023-03-29 08:50:05,746 - DEBUG - < X-Amz-Cf-Id: dX9snDNCBfDZRppMtBx5zGVRZ7Et0VWWMdKSlwJVa-P4mhhR3WkDFA==
2023-03-29 08:50:05,746 - DEBUG - = connection is OPEN
2023-03-29 08:50:05,804 - DEBUG - > TEXT '[2, "f8a1cff4-50e3-4223-aeed-b1ae6b139170", "Bo...umber": "EVSCA050001"}]' [169 bytes]
2023-03-29 08:50:06,019 - DEBUG - < TEXT '[3, "f8a1cff4-50e3-4223-aeed-b1ae6b139170", {"s...02Z", "interval": 600}]' [123 bytes]
2023-03-29 08:50:06,059 - DEBUG - Starting new HTTPS connection (1): 8b434254zg.execute-api.ap-northeast-2.amazonaws.com:443
2023-03-29 08:50:06,462 - DEBUG - https://8b434254zg.execute-api.ap-northeast-2.amazonaws.com:443 "POST /dev/ioc HTTP/1.1" 200 163
2023-03-29 08:50:06,507 - DEBUG - < TEXT '[2, "9b41a32d-ba12-4240-9b0b-801dceb801ec", "Ch...erval", "value": "-1"}]' [118 bytes]
2023-03-29 08:50:06,516 - DEBUG - > TEXT '[3, "9b41a32d-ba12-4240-9b0b-801dceb801ec", {"status": "Rejected"}]' [67 bytes]
2023-03-29 08:50:06,718 - DEBUG - < TEXT '' [0 bytes]
2023-03-29 08:50:06,728 - DEBUG - = connection is CLOSING
2023-03-29 08:50:06,729 - DEBUG - > CLOSE 1000 (OK) [2 bytes]
2023-03-29 08:50:06,736 - DEBUG - < CLOSE 1000 (OK) [2 bytes]
2023-03-29 08:50:06,738 - DEBUG - = connection is CLOSED
2023-03-29 08:50:06,747 - DEBUG - = connection is CONNECTING
2023-03-29 08:50:06,778 - DEBUG - > GET /ocpp16/ELA007C05/EVSCA050001 HTTP/1.1
2023-03-29 08:50:06,778 - DEBUG - > Host: ws.devevspcharger.uplus.co.kr
2023-03-29 08:50:06,778 - DEBUG - > Upgrade: websocket
2023-03-29 08:50:06,778 - DEBUG - > Connection: Upgrade
2023-03-29 08:50:06,778 - DEBUG - > Sec-WebSocket-Key: X2BvQGCr7m0qFd5bGxp1Iw==
2023-03-29 08:50:06,779 - DEBUG - > Sec-WebSocket-Version: 13
2023-03-29 08:50:06,779 - DEBUG - > Sec-WebSocket-Extensions: permessage-deflate; client_max_window_bits
2023-03-29 08:50:06,779 - DEBUG - > Sec-WebSocket-Protocol: ocpp1.6
2023-03-29 08:50:06,779 - DEBUG - > Authorization: Basic RVZBUjpFVkFSTEdV
2023-03-29 08:50:06,779 - DEBUG - > User-Agent: Python/3.11 websockets/10.4
2023-03-29 08:50:07,011 - DEBUG - < HTTP/1.1 101 Switching Protocols
2023-03-29 08:50:07,011 - DEBUG - < Connection: upgrade
2023-03-29 08:50:07,011 - DEBUG - < Date: Tue, 28 Mar 2023 23:50:03 GMT
2023-03-29 08:50:07,011 - DEBUG - < sec-websocket-protocol: ocpp1.6
2023-03-29 08:50:07,011 - DEBUG - < upgrade: websocket
2023-03-29 08:50:07,012 - DEBUG - < sec-websocket-accept: qBLI8imGJu0Fw00drs0TVT7zsGc=
2023-03-29 08:50:07,012 - DEBUG - < sec-websocket-extensions: permessage-deflate
2023-03-29 08:50:07,012 - DEBUG - < X-Cache: Miss from cloudfront
2023-03-29 08:50:07,012 - DEBUG - < Via: 1.1 3c5e765ef2333ef04ef6f44a2b66ec12.cloudfront.net (CloudFront)
2023-03-29 08:50:07,012 - DEBUG - < X-Amz-Cf-Pop: ICN57-P2
2023-03-29 08:50:07,012 - DEBUG - < X-Amz-Cf-Id: lWemYu3PkKPDwjNvisLPnU2zY4F20EniDdvfFpV3whQtum_Qeuj9yg==
2023-03-29 08:50:07,012 - DEBUG - = connection is OPEN
2023-03-29 08:50:07,058 - DEBUG - > TEXT '[2, "86330853-6009-418f-9953-1cb8fe4bcc57", "Bo...umber": "EVSCA050001"}]' [169 bytes]
2023-03-29 08:50:07,280 - DEBUG - < TEXT '[3, "86330853-6009-418f-9953-1cb8fe4bcc57", {"s...03Z", "interval": 600}]' [123 bytes]
2023-03-29 08:50:07,313 - DEBUG - Starting new HTTPS connection (1): 8b434254zg.execute-api.ap-northeast-2.amazonaws.com:443
2023-03-29 08:50:07,723 - DEBUG - https://8b434254zg.execute-api.ap-northeast-2.amazonaws.com:443 "POST /dev/ioc HTTP/1.1" 200 162
2023-03-29 08:50:07,769 - DEBUG - < TEXT '[2, "cc8b1e29-0e0e-433e-bfce-97a2494b536b", "Ch...ed", "value": "false"}]' [117 bytes]
2023-03-29 08:50:07,786 - DEBUG - > TEXT '[3, "cc8b1e29-0e0e-433e-bfce-97a2494b536b", {"status": "Accepted"}]' [67 bytes]
2023-03-29 08:50:07,958 - DEBUG - < TEXT '' [0 bytes]
2023-03-29 08:50:07,990 - DEBUG - Starting new HTTPS connection (1): 8b434254zg.execute-api.ap-northeast-2.amazonaws.com:443
2023-03-29 08:50:08,383 - DEBUG - https://8b434254zg.execute-api.ap-northeast-2.amazonaws.com:443 "POST /dev/ioc HTTP/1.1" 200 115
2023-03-29 08:50:08,437 - DEBUG - < TEXT '[2, "1c5008f5-bd18-415a-837a-0d192f00c87c", "GetLocalListVersion", {}]' [70 bytes]
2023-03-29 08:50:08,450 - DEBUG - > TEXT '[3, "1c5008f5-bd18-415a-837a-0d192f00c87c", {"listVersion": -1}]' [64 bytes]
2023-03-29 08:50:08,638 - DEBUG - < TEXT '' [0 bytes]
2023-03-29 08:50:08,643 - DEBUG - = connection is CLOSING
2023-03-29 08:50:08,643 - DEBUG - > CLOSE 1000 (OK) [2 bytes]
2023-03-29 08:50:08,652 - DEBUG - < CLOSE 1000 (OK) [2 bytes]
2023-03-29 08:50:08,657 - DEBUG - = connection is CLOSED
2023-03-29 08:50:08,665 - DEBUG - = connection is CONNECTING
2023-03-29 08:50:08,697 - DEBUG - > GET /ocpp16/ELA007C05/EVSCA050001 HTTP/1.1
2023-03-29 08:50:08,698 - DEBUG - > Host: ws.devevspcharger.uplus.co.kr
2023-03-29 08:50:08,699 - DEBUG - > Upgrade: websocket
2023-03-29 08:50:08,699 - DEBUG - > Connection: Upgrade
2023-03-29 08:50:08,699 - DEBUG - > Sec-WebSocket-Key: 8/n9rmkKih0ZxvsuQKXysw==
2023-03-29 08:50:08,699 - DEBUG - > Sec-WebSocket-Version: 13
2023-03-29 08:50:08,699 - DEBUG - > Sec-WebSocket-Extensions: permessage-deflate; client_max_window_bits
2023-03-29 08:50:08,699 - DEBUG - > Sec-WebSocket-Protocol: ocpp1.6
2023-03-29 08:50:08,699 - DEBUG - > Authorization: Basic RVZBUjpFVkFSTEdV
2023-03-29 08:50:08,699 - DEBUG - > User-Agent: Python/3.11 websockets/10.4
2023-03-29 08:50:08,945 - DEBUG - < HTTP/1.1 101 Switching Protocols
2023-03-29 08:50:08,946 - DEBUG - < Connection: upgrade
2023-03-29 08:50:08,946 - DEBUG - < Date: Tue, 28 Mar 2023 23:50:05 GMT
2023-03-29 08:50:08,946 - DEBUG - < sec-websocket-protocol: ocpp1.6
2023-03-29 08:50:08,946 - DEBUG - < upgrade: websocket
2023-03-29 08:50:08,946 - DEBUG - < sec-websocket-accept: EhlcIWSF0g+Hhim3+weIVzAj0uY=
2023-03-29 08:50:08,946 - DEBUG - < sec-websocket-extensions: permessage-deflate
2023-03-29 08:50:08,946 - DEBUG - < X-Cache: Miss from cloudfront
2023-03-29 08:50:08,946 - DEBUG - < Via: 1.1 3544dee363e510a888d5171c071b297e.cloudfront.net (CloudFront)
2023-03-29 08:50:08,946 - DEBUG - < X-Amz-Cf-Pop: ICN57-P2
2023-03-29 08:50:08,946 - DEBUG - < X-Amz-Cf-Id: 0MqtosZRyDCDSaUF1-ltQIXUS_oyWymjn_WH-jNVbxrvPqdehzi2ig==
2023-03-29 08:50:08,946 - DEBUG - = connection is OPEN
2023-03-29 08:50:08,979 - DEBUG - > TEXT '[2, "a553c023-e9db-4fb9-aa47-d08ed6d179cf", "Bo...umber": "EVSCA050001"}]' [169 bytes]
2023-03-29 08:50:09,200 - DEBUG - < TEXT '[3, "a553c023-e9db-4fb9-aa47-d08ed6d179cf", {"s...05Z", "interval": 600}]' [123 bytes]
2023-03-29 08:50:09,239 - DEBUG - Starting new HTTPS connection (1): 8b434254zg.execute-api.ap-northeast-2.amazonaws.com:443
2023-03-29 08:50:09,663 - DEBUG - https://8b434254zg.execute-api.ap-northeast-2.amazonaws.com:443 "POST /dev/ioc HTTP/1.1" 200 161
2023-03-29 08:50:09,730 - DEBUG - < TEXT '[2, "27abce1b-5d90-41cf-a2d6-6869a246123f", "Ch...led", "value": "true"}]' [116 bytes]
2023-03-29 08:50:09,739 - DEBUG - > TEXT '[3, "27abce1b-5d90-41cf-a2d6-6869a246123f", {"status": "Accepted"}]' [67 bytes]
2023-03-29 08:50:09,916 - DEBUG - < TEXT '' [0 bytes]
2023-03-29 08:50:09,945 - DEBUG - Starting new HTTPS connection (1): 8b434254zg.execute-api.ap-northeast-2.amazonaws.com:443
2023-03-29 08:50:10,363 - DEBUG - https://8b434254zg.execute-api.ap-northeast-2.amazonaws.com:443 "POST /dev/ioc HTTP/1.1" 200 147
2023-03-29 08:50:10,410 - DEBUG - < TEXT '[2, "697b42a1-1274-4b35-923d-f44c91ffed50", "Se... "updateType": "Full"}]' [102 bytes]
2023-03-29 08:50:10,428 - DEBUG - > TEXT '[3, "697b42a1-1274-4b35-923d-f44c91ffed50", {"s... "", "listVersion": 0}]' [77 bytes]
2023-03-29 08:50:10,637 - DEBUG - < TEXT '' [0 bytes]
2023-03-29 08:50:10,642 - DEBUG - = connection is CLOSING
2023-03-29 08:50:10,642 - DEBUG - > CLOSE 1000 (OK) [2 bytes]
2023-03-29 08:50:10,651 - DEBUG - < CLOSE 1000 (OK) [2 bytes]
2023-03-29 08:50:10,655 - DEBUG - = connection is CLOSED
2023-03-29 08:50:10,664 - DEBUG - = connection is CONNECTING
2023-03-29 08:50:10,696 - DEBUG - > GET /ocpp16/ELA007C05/EVSCA050001 HTTP/1.1
2023-03-29 08:50:10,696 - DEBUG - > Host: ws.devevspcharger.uplus.co.kr
2023-03-29 08:50:10,697 - DEBUG - > Upgrade: websocket
2023-03-29 08:50:10,697 - DEBUG - > Connection: Upgrade
2023-03-29 08:50:10,697 - DEBUG - > Sec-WebSocket-Key: nf3E/WYcloQL2Iv/AgoI1g==
2023-03-29 08:50:10,697 - DEBUG - > Sec-WebSocket-Version: 13
2023-03-29 08:50:10,697 - DEBUG - > Sec-WebSocket-Extensions: permessage-deflate; client_max_window_bits
2023-03-29 08:50:10,697 - DEBUG - > Sec-WebSocket-Protocol: ocpp1.6
2023-03-29 08:50:10,697 - DEBUG - > Authorization: Basic RVZBUjpFVkFSTEdV
2023-03-29 08:50:10,697 - DEBUG - > User-Agent: Python/3.11 websockets/10.4
2023-03-29 08:50:10,909 - DEBUG - < HTTP/1.1 101 Switching Protocols
2023-03-29 08:50:10,909 - DEBUG - < Connection: upgrade
2023-03-29 08:50:10,909 - DEBUG - < Date: Tue, 28 Mar 2023 23:50:07 GMT
2023-03-29 08:50:10,910 - DEBUG - < sec-websocket-protocol: ocpp1.6
2023-03-29 08:50:10,910 - DEBUG - < upgrade: websocket
2023-03-29 08:50:10,910 - DEBUG - < sec-websocket-accept: DZPc7EqJGVcXeN1K3eRy6DKqMYM=
2023-03-29 08:50:10,910 - DEBUG - < sec-websocket-extensions: permessage-deflate
2023-03-29 08:50:10,910 - DEBUG - < X-Cache: Miss from cloudfront
2023-03-29 08:50:10,910 - DEBUG - < Via: 1.1 013a9ec825a751410eced78024a9ae1a.cloudfront.net (CloudFront)
2023-03-29 08:50:10,910 - DEBUG - < X-Amz-Cf-Pop: ICN57-P2
2023-03-29 08:50:10,910 - DEBUG - < X-Amz-Cf-Id: o2LeE2S9QMNdWjJjq86YjU5xDGPw7PiFQLq0RaULHkvdmPqywKLl9Q==
2023-03-29 08:50:10,910 - DEBUG - = connection is OPEN
2023-03-29 08:50:10,953 - DEBUG - > TEXT '[2, "f6672df7-fa90-4dcc-b1a4-96446f7802e0", "Bo...umber": "EVSCA050001"}]' [169 bytes]
2023-03-29 08:50:11,184 - DEBUG - < TEXT '[3, "f6672df7-fa90-4dcc-b1a4-96446f7802e0", {"s...07Z", "interval": 600}]' [123 bytes]
2023-03-29 08:50:11,216 - DEBUG - Starting new HTTPS connection (1): 8b434254zg.execute-api.ap-northeast-2.amazonaws.com:443
2023-03-29 08:50:11,624 - DEBUG - https://8b434254zg.execute-api.ap-northeast-2.amazonaws.com:443 "POST /dev/ioc HTTP/1.1" 200 147
2023-03-29 08:50:11,687 - DEBUG - < TEXT '[2, "1e0d8f90-d322-4ec0-8ef4-7c674a99da2b", "Se... "updateType": "Full"}]' [102 bytes]
2023-03-29 08:50:11,691 - DEBUG - > TEXT '[3, "1e0d8f90-d322-4ec0-8ef4-7c674a99da2b", {"s...ed", "listVersion": 0}]' [89 bytes]
2023-03-29 08:50:11,876 - DEBUG - < TEXT '' [0 bytes]
2023-03-29 08:50:11,888 - DEBUG - = connection is CLOSING
2023-03-29 08:50:11,888 - DEBUG - > CLOSE 1000 (OK) [2 bytes]
2023-03-29 08:50:11,896 - DEBUG - < CLOSE 1000 (OK) [2 bytes]
2023-03-29 08:50:11,900 - DEBUG - = connection is CLOSED
2023-03-29 08:50:11,910 - DEBUG - = connection is CONNECTING
2023-03-29 08:50:11,943 - DEBUG - > GET /ocpp16/ELA007C05/EVSCA050001 HTTP/1.1
2023-03-29 08:50:11,943 - DEBUG - > Host: ws.devevspcharger.uplus.co.kr
2023-03-29 08:50:11,943 - DEBUG - > Upgrade: websocket
2023-03-29 08:50:11,943 - DEBUG - > Connection: Upgrade
2023-03-29 08:50:11,943 - DEBUG - > Sec-WebSocket-Key: LYhLyijRS01PQeoug1LeUw==
2023-03-29 08:50:11,943 - DEBUG - > Sec-WebSocket-Version: 13
2023-03-29 08:50:11,943 - DEBUG - > Sec-WebSocket-Extensions: permessage-deflate; client_max_window_bits
2023-03-29 08:50:11,943 - DEBUG - > Sec-WebSocket-Protocol: ocpp1.6
2023-03-29 08:50:11,943 - DEBUG - > Authorization: Basic RVZBUjpFVkFSTEdV
2023-03-29 08:50:11,944 - DEBUG - > User-Agent: Python/3.11 websockets/10.4
2023-03-29 08:50:12,176 - DEBUG - < HTTP/1.1 101 Switching Protocols
2023-03-29 08:50:12,176 - DEBUG - < Connection: upgrade
2023-03-29 08:50:12,176 - DEBUG - < Date: Tue, 28 Mar 2023 23:50:08 GMT
2023-03-29 08:50:12,176 - DEBUG - < sec-websocket-protocol: ocpp1.6
2023-03-29 08:50:12,176 - DEBUG - < upgrade: websocket
2023-03-29 08:50:12,177 - DEBUG - < sec-websocket-accept: DZXH6w+pHesU6wtteVwClt7YSl8=
2023-03-29 08:50:12,177 - DEBUG - < sec-websocket-extensions: permessage-deflate
2023-03-29 08:50:12,177 - DEBUG - < X-Cache: Miss from cloudfront
2023-03-29 08:50:12,177 - DEBUG - < Via: 1.1 98cc70c99d4e07b8cd37265dc48c5a54.cloudfront.net (CloudFront)
2023-03-29 08:50:12,177 - DEBUG - < X-Amz-Cf-Pop: ICN57-P2
2023-03-29 08:50:12,177 - DEBUG - < X-Amz-Cf-Id: o3H-UlMA4feBWygOZ_b6L4tHLOCls2pE0A1P0hK2BeqrWsClc-UgMQ==
2023-03-29 08:50:12,177 - DEBUG - = connection is OPEN
2023-03-29 08:50:12,218 - DEBUG - > TEXT '[2, "1b9bf730-0fda-4a7a-a2c5-dd5503a301c8", "Bo...umber": "EVSCA050001"}]' [169 bytes]
2023-03-29 08:50:12,439 - DEBUG - < TEXT '[3, "1b9bf730-0fda-4a7a-a2c5-dd5503a301c8", {"s...08Z", "interval": 600}]' [123 bytes]
2023-03-29 08:50:12,469 - DEBUG - Starting new HTTPS connection (1): 8b434254zg.execute-api.ap-northeast-2.amazonaws.com:443
2023-03-29 08:50:12,884 - DEBUG - https://8b434254zg.execute-api.ap-northeast-2.amazonaws.com:443 "POST /dev/ioc HTTP/1.1" 200 147
2023-03-29 08:50:12,928 - DEBUG - < TEXT '[2, "cb35a2d6-3273-400b-bc61-0e26930cc935", "Se... "updateType": "Full"}]' [102 bytes]
2023-03-29 08:50:12,946 - DEBUG - > TEXT '[3, "cb35a2d6-3273-400b-bc61-0e26930cc935", {"s...ed", "listVersion": 0}]' [83 bytes]
2023-03-29 08:50:13,150 - DEBUG - < TEXT '' [0 bytes]
2023-03-29 08:50:13,166 - DEBUG - = connection is CLOSING
2023-03-29 08:50:13,166 - DEBUG - > CLOSE 1000 (OK) [2 bytes]
2023-03-29 08:50:13,176 - DEBUG - < CLOSE 1000 (OK) [2 bytes]
2023-03-29 08:50:13,178 - DEBUG - = connection is CLOSED
2023-03-29 08:50:13,198 - DEBUG - = connection is CONNECTING
2023-03-29 08:50:13,234 - DEBUG - > GET /ocpp16/ELA007C05/EVSCA050001 HTTP/1.1
2023-03-29 08:50:13,234 - DEBUG - > Host: ws.devevspcharger.uplus.co.kr
2023-03-29 08:50:13,234 - DEBUG - > Upgrade: websocket
2023-03-29 08:50:13,235 - DEBUG - > Connection: Upgrade
2023-03-29 08:50:13,235 - DEBUG - > Sec-WebSocket-Key: yReDWNhbmLKzRlQhU9YdPw==
2023-03-29 08:50:13,235 - DEBUG - > Sec-WebSocket-Version: 13
2023-03-29 08:50:13,236 - DEBUG - > Sec-WebSocket-Extensions: permessage-deflate; client_max_window_bits
2023-03-29 08:50:13,236 - DEBUG - > Sec-WebSocket-Protocol: ocpp1.6
2023-03-29 08:50:13,237 - DEBUG - > Authorization: Basic RVZBUjpFVkFSTEdV
2023-03-29 08:50:13,237 - DEBUG - > User-Agent: Python/3.11 websockets/10.4
2023-03-29 08:50:13,470 - DEBUG - < HTTP/1.1 101 Switching Protocols
2023-03-29 08:50:13,471 - DEBUG - < Connection: upgrade
2023-03-29 08:50:13,472 - DEBUG - < Date: Tue, 28 Mar 2023 23:50:09 GMT
2023-03-29 08:50:13,472 - DEBUG - < sec-websocket-protocol: ocpp1.6
2023-03-29 08:50:13,472 - DEBUG - < upgrade: websocket
2023-03-29 08:50:13,472 - DEBUG - < sec-websocket-accept: 48sXoWFcROYixb8wk9ohOFgOeiA=
2023-03-29 08:50:13,473 - DEBUG - < sec-websocket-extensions: permessage-deflate
2023-03-29 08:50:13,473 - DEBUG - < X-Cache: Miss from cloudfront
2023-03-29 08:50:13,473 - DEBUG - < Via: 1.1 702d274aeab676890c1a399c8e170886.cloudfront.net (CloudFront)
2023-03-29 08:50:13,473 - DEBUG - < X-Amz-Cf-Pop: ICN57-P2
2023-03-29 08:50:13,473 - DEBUG - < X-Amz-Cf-Id: ozPvwN-cOY3aXGJvDT7AhIVHd3aNl98WSsoks7oT6HB6yKlfKsCgPQ==
2023-03-29 08:50:13,474 - DEBUG - = connection is OPEN
2023-03-29 08:50:13,538 - DEBUG - > TEXT '[2, "712fb44c-3255-4567-9cdf-a20120b14715", "Bo...umber": "EVSCA050001"}]' [169 bytes]
2023-03-29 08:50:13,758 - DEBUG - < TEXT '[3, "712fb44c-3255-4567-9cdf-a20120b14715", {"s...09Z", "interval": 600}]' [123 bytes]
2023-03-29 08:50:13,790 - DEBUG - Starting new HTTPS connection (1): 8b434254zg.execute-api.ap-northeast-2.amazonaws.com:443
2023-03-29 08:50:14,183 - DEBUG - https://8b434254zg.execute-api.ap-northeast-2.amazonaws.com:443 "POST /dev/ioc HTTP/1.1" 200 147
2023-03-29 08:50:14,228 - DEBUG - < TEXT '[2, "6ee9081a-5257-4d99-892f-aafb88b12d3a", "Se... "updateType": "Full"}]' [102 bytes]
2023-03-29 08:50:14,233 - DEBUG - > TEXT '[3, "6ee9081a-5257-4d99-892f-aafb88b12d3a", {"s...ed", "listVersion": 0}]' [85 bytes]
2023-03-29 08:50:14,419 - DEBUG - < TEXT '' [0 bytes]
2023-03-29 08:50:14,429 - DEBUG - = connection is CLOSING
2023-03-29 08:50:14,430 - DEBUG - > CLOSE 1000 (OK) [2 bytes]
2023-03-29 08:50:14,439 - DEBUG - < CLOSE 1000 (OK) [2 bytes]
2023-03-29 08:50:14,441 - DEBUG - = connection is CLOSED
2023-03-29 08:50:14,450 - DEBUG - = connection is CONNECTING
2023-03-29 08:50:14,481 - DEBUG - > GET /ocpp16/ELA007C05/EVSCA050001 HTTP/1.1
2023-03-29 08:50:14,481 - DEBUG - > Host: ws.devevspcharger.uplus.co.kr
2023-03-29 08:50:14,482 - DEBUG - > Upgrade: websocket
2023-03-29 08:50:14,482 - DEBUG - > Connection: Upgrade
2023-03-29 08:50:14,482 - DEBUG - > Sec-WebSocket-Key: F08ALc9Ru7gMfa0EfN9dSQ==
2023-03-29 08:50:14,482 - DEBUG - > Sec-WebSocket-Version: 13
2023-03-29 08:50:14,482 - DEBUG - > Sec-WebSocket-Extensions: permessage-deflate; client_max_window_bits
2023-03-29 08:50:14,482 - DEBUG - > Sec-WebSocket-Protocol: ocpp1.6
2023-03-29 08:50:14,482 - DEBUG - > Authorization: Basic RVZBUjpFVkFSTEdV
2023-03-29 08:50:14,482 - DEBUG - > User-Agent: Python/3.11 websockets/10.4
2023-03-29 08:50:14,694 - DEBUG - < HTTP/1.1 101 Switching Protocols
2023-03-29 08:50:14,694 - DEBUG - < Connection: upgrade
2023-03-29 08:50:14,694 - DEBUG - < Date: Tue, 28 Mar 2023 23:50:10 GMT
2023-03-29 08:50:14,694 - DEBUG - < sec-websocket-protocol: ocpp1.6
2023-03-29 08:50:14,694 - DEBUG - < upgrade: websocket
2023-03-29 08:50:14,694 - DEBUG - < sec-websocket-accept: RmNK6Vh72r+Jbp/dqLoLOXFyimA=
2023-03-29 08:50:14,694 - DEBUG - < sec-websocket-extensions: permessage-deflate
2023-03-29 08:50:14,695 - DEBUG - < X-Cache: Miss from cloudfront
2023-03-29 08:50:14,695 - DEBUG - < Via: 1.1 a252aeda8ec1e2b582ae9a32f7c8d544.cloudfront.net (CloudFront)
2023-03-29 08:50:14,695 - DEBUG - < X-Amz-Cf-Pop: ICN57-P2
2023-03-29 08:50:14,695 - DEBUG - < X-Amz-Cf-Id: GgWlOdfL8yw-5wmyO9fckeVQT77iSOZ4KZx38vyFJukKZ7uawsRUCg==
2023-03-29 08:50:14,695 - DEBUG - = connection is OPEN
2023-03-29 08:50:14,742 - DEBUG - > TEXT '[2, "e3d61483-6c9f-418b-9ab2-ecfee7a6a12a", "Bo...umber": "EVSCA050001"}]' [169 bytes]
2023-03-29 08:50:14,961 - DEBUG - < TEXT '[3, "e3d61483-6c9f-418b-9ab2-ecfee7a6a12a", {"s...11Z", "interval": 600}]' [123 bytes]
2023-03-29 08:50:14,993 - DEBUG - Starting new HTTPS connection (1): 8b434254zg.execute-api.ap-northeast-2.amazonaws.com:443
2023-03-29 08:50:15,405 - DEBUG - https://8b434254zg.execute-api.ap-northeast-2.amazonaws.com:443 "POST /dev/ioc HTTP/1.1" 200 155
2023-03-29 08:50:15,462 - DEBUG - < TEXT '[2, "3f09a14e-1b56-40e1-92d6-d81ac7d575d0", "Se...Type": "Differential"}]' [110 bytes]
2023-03-29 08:50:15,472 - DEBUG - > TEXT '[3, "3f09a14e-1b56-40e1-92d6-d81ac7d575d0", {"s...ed", "listVersion": 0}]' [85 bytes]
2023-03-29 08:50:15,657 - DEBUG - < TEXT '' [0 bytes]
2023-03-29 08:50:15,664 - DEBUG - = connection is CLOSING
2023-03-29 08:50:15,665 - DEBUG - > CLOSE 1000 (OK) [2 bytes]
2023-03-29 08:50:15,672 - DEBUG - < CLOSE 1000 (OK) [2 bytes]
2023-03-29 08:50:15,675 - DEBUG - = connection is CLOSED
2023-03-29 08:50:15,685 - DEBUG - = connection is CONNECTING
2023-03-29 08:50:15,718 - DEBUG - > GET /ocpp16/ELA007C05/EVSCA050001 HTTP/1.1
2023-03-29 08:50:15,718 - DEBUG - > Host: ws.devevspcharger.uplus.co.kr
2023-03-29 08:50:15,718 - DEBUG - > Upgrade: websocket
2023-03-29 08:50:15,718 - DEBUG - > Connection: Upgrade
2023-03-29 08:50:15,719 - DEBUG - > Sec-WebSocket-Key: WilDhIPR3FqJqJ6i8NDaNA==
2023-03-29 08:50:15,719 - DEBUG - > Sec-WebSocket-Version: 13
2023-03-29 08:50:15,719 - DEBUG - > Sec-WebSocket-Extensions: permessage-deflate; client_max_window_bits
2023-03-29 08:50:15,719 - DEBUG - > Sec-WebSocket-Protocol: ocpp1.6
2023-03-29 08:50:15,719 - DEBUG - > Authorization: Basic RVZBUjpFVkFSTEdV
2023-03-29 08:50:15,719 - DEBUG - > User-Agent: Python/3.11 websockets/10.4
2023-03-29 08:50:15,929 - DEBUG - < HTTP/1.1 101 Switching Protocols
2023-03-29 08:50:15,929 - DEBUG - < Connection: upgrade
2023-03-29 08:50:15,929 - DEBUG - < Date: Tue, 28 Mar 2023 23:50:12 GMT
2023-03-29 08:50:15,930 - DEBUG - < sec-websocket-protocol: ocpp1.6
2023-03-29 08:50:15,930 - DEBUG - < upgrade: websocket
2023-03-29 08:50:15,930 - DEBUG - < sec-websocket-accept: e2nJ4Wv+bNIKwt/AiUJAG7Atie8=
2023-03-29 08:50:15,930 - DEBUG - < sec-websocket-extensions: permessage-deflate
2023-03-29 08:50:15,930 - DEBUG - < X-Cache: Miss from cloudfront
2023-03-29 08:50:15,930 - DEBUG - < Via: 1.1 5b6f80c06c5584561e15bd2fd58882ee.cloudfront.net (CloudFront)
2023-03-29 08:50:15,930 - DEBUG - < X-Amz-Cf-Pop: ICN57-P2
2023-03-29 08:50:15,931 - DEBUG - < X-Amz-Cf-Id: Rs2cT0s-2eXUHLwMKVdHDufLM37FMvzIc5iyIj0E1Tsr1RCJTRHOVQ==
2023-03-29 08:50:15,931 - DEBUG - = connection is OPEN
2023-03-29 08:50:15,969 - DEBUG - > TEXT '[2, "0bb71605-5ec3-4674-ad57-0c12c3140f90", "Bo...umber": "EVSCA050001"}]' [169 bytes]
2023-03-29 08:50:16,157 - DEBUG - < TEXT '[3, "0bb71605-5ec3-4674-ad57-0c12c3140f90", {"s...12Z", "interval": 600}]' [123 bytes]
2023-03-29 08:50:16,190 - DEBUG - Starting new HTTPS connection (1): 8b434254zg.execute-api.ap-northeast-2.amazonaws.com:443
2023-03-29 08:50:16,584 - DEBUG - https://8b434254zg.execute-api.ap-northeast-2.amazonaws.com:443 "POST /dev/ioc HTTP/1.1" 200 178
2023-03-29 08:50:16,638 - DEBUG - < TEXT '[2, "6acfc128-a4f0-4472-9c8c-91f392bbaca0", "Up...2023-04-15T10:15:00Z"}]' [133 bytes]
2023-03-29 08:50:16,655 - DEBUG - > TEXT '[3, "6acfc128-a4f0-4472-9c8c-91f392bbaca0", {}]' [47 bytes]
2023-03-29 08:50:16,848 - DEBUG - < TEXT '' [0 bytes]
2023-03-29 08:50:16,891 - DEBUG - > TEXT '[2, "8045da09-d5f3-4199-ac3a-67921e18152e", "St...tatus": "Unavailable"}]' [147 bytes]
2023-03-29 08:50:17,078 - DEBUG - < TEXT '[3, "8045da09-d5f3-4199-ac3a-67921e18152e", {}]' [47 bytes]
2023-03-29 08:50:17,114 - DEBUG - > TEXT '[2, "a237a22e-2c74-47cc-9a85-aca35f839fb1", "Fi...tatus": "Downloading"}]' [100 bytes]
2023-03-29 08:50:17,349 - DEBUG - < TEXT '[3, "a237a22e-2c74-47cc-9a85-aca35f839fb1", {}]' [47 bytes]
2023-03-29 08:50:17,401 - DEBUG - > TEXT '[2, "620b81b0-0623-4f6c-9eaf-acac7b9b036b", "Fi...status": "Downloaded"}]' [99 bytes]
2023-03-29 08:50:17,587 - DEBUG - < TEXT '[3, "620b81b0-0623-4f6c-9eaf-acac7b9b036b", {}]' [47 bytes]
2023-03-29 08:50:17,627 - DEBUG - > TEXT '[2, "f64a5a67-af1f-4a30-a3d9-2208498e5ced", "Fi...status": "Installing"}]' [99 bytes]
2023-03-29 08:50:17,808 - DEBUG - < TEXT '[3, "f64a5a67-af1f-4a30-a3d9-2208498e5ced", {}]' [47 bytes]
2023-03-29 08:50:17,845 - DEBUG - > TEXT '[2, "53c093db-4d40-49bf-90f0-447bd1d37d8e", "St...tatus": "Unavailable"}]' [147 bytes]
2023-03-29 08:50:18,058 - DEBUG - < TEXT '[3, "53c093db-4d40-49bf-90f0-447bd1d37d8e", {}]' [47 bytes]
2023-03-29 08:50:18,093 - DEBUG - > TEXT '[2, "4e577fc7-ef7d-480d-ad6e-a34e2debb488", "Fi..."status": "Installed"}]' [98 bytes]
2023-03-29 08:50:18,278 - DEBUG - < TEXT '[3, "4e577fc7-ef7d-480d-ad6e-a34e2debb488", {}]' [47 bytes]
2023-03-29 08:50:18,322 - DEBUG - > TEXT '[2, "78c46125-d26d-4e54-8c66-d676f6b3b958", "Bo...umber": "EVSCA050001"}]' [169 bytes]
2023-03-29 08:50:18,579 - DEBUG - < TEXT '[3, "78c46125-d26d-4e54-8c66-d676f6b3b958", {"s...14Z", "interval": 600}]' [123 bytes]
2023-03-29 08:50:18,613 - DEBUG - > TEXT '[2, "f9a5f001-97ac-466c-b98a-fe151d50faa3", "St..."status": "Available"}]' [145 bytes]
2023-03-29 08:50:18,803 - DEBUG - < TEXT '[3, "f9a5f001-97ac-466c-b98a-fe151d50faa3", {}]' [47 bytes]
2023-03-29 08:50:18,825 - DEBUG - = connection is CLOSING
2023-03-29 08:50:18,825 - DEBUG - > CLOSE 1000 (OK) [2 bytes]
2023-03-29 08:50:18,834 - DEBUG - < CLOSE 1000 (OK) [2 bytes]
2023-03-29 08:50:18,847 - DEBUG - = connection is CLOSED
2023-03-29 08:50:18,856 - DEBUG - = connection is CONNECTING
2023-03-29 08:50:18,888 - DEBUG - > GET /ocpp16/ELA007C05/EVSCA050001 HTTP/1.1
2023-03-29 08:50:18,889 - DEBUG - > Host: ws.devevspcharger.uplus.co.kr
2023-03-29 08:50:18,889 - DEBUG - > Upgrade: websocket
2023-03-29 08:50:18,889 - DEBUG - > Connection: Upgrade
2023-03-29 08:50:18,889 - DEBUG - > Sec-WebSocket-Key: l1nDwi69/Es0z4aM19/6lg==
2023-03-29 08:50:18,889 - DEBUG - > Sec-WebSocket-Version: 13
2023-03-29 08:50:18,889 - DEBUG - > Sec-WebSocket-Extensions: permessage-deflate; client_max_window_bits
2023-03-29 08:50:18,890 - DEBUG - > Sec-WebSocket-Protocol: ocpp1.6
2023-03-29 08:50:18,891 - DEBUG - > Authorization: Basic RVZBUjpFVkFSTEdV
2023-03-29 08:50:18,893 - DEBUG - > User-Agent: Python/3.11 websockets/10.4
2023-03-29 08:50:19,098 - DEBUG - < HTTP/1.1 101 Switching Protocols
2023-03-29 08:50:19,098 - DEBUG - < Connection: upgrade
2023-03-29 08:50:19,099 - DEBUG - < Date: Tue, 28 Mar 2023 23:50:15 GMT
2023-03-29 08:50:19,099 - DEBUG - < sec-websocket-protocol: ocpp1.6
2023-03-29 08:50:19,099 - DEBUG - < upgrade: websocket
2023-03-29 08:50:19,099 - DEBUG - < sec-websocket-accept: l8zfLCGlb0VYFdxkdORibCYyEiA=
2023-03-29 08:50:19,099 - DEBUG - < sec-websocket-extensions: permessage-deflate
2023-03-29 08:50:19,099 - DEBUG - < X-Cache: Miss from cloudfront
2023-03-29 08:50:19,099 - DEBUG - < Via: 1.1 0deed69f96030eea747cb7bfcfd21562.cloudfront.net (CloudFront)
2023-03-29 08:50:19,100 - DEBUG - < X-Amz-Cf-Pop: ICN57-P2
2023-03-29 08:50:19,101 - DEBUG - < X-Amz-Cf-Id: 3Rqijr9nErEQIIMJkYXSLvANQPwX-wzH-wRMRol7y9iRpuAds5fZVg==
2023-03-29 08:50:19,102 - DEBUG - = connection is OPEN
2023-03-29 08:50:19,126 - DEBUG - > TEXT '[2, "b7d48dbb-5a58-4249-b087-df9f048739f0", "Bo...umber": "EVSCA050001"}]' [169 bytes]
2023-03-29 08:50:19,364 - DEBUG - < TEXT '[3, "b7d48dbb-5a58-4249-b087-df9f048739f0", {"s...15Z", "interval": 600}]' [123 bytes]
2023-03-29 08:50:19,400 - DEBUG - Starting new HTTPS connection (1): 8b434254zg.execute-api.ap-northeast-2.amazonaws.com:443
2023-03-29 08:50:19,783 - DEBUG - https://8b434254zg.execute-api.ap-northeast-2.amazonaws.com:443 "POST /dev/ioc HTTP/1.1" 200 180
2023-03-29 08:50:19,826 - DEBUG - < TEXT '[2, "c2b9068c-c0d3-4dfa-bff4-826d58b73568", "Up...2023-04-15T10:15:00Z"}]' [135 bytes]
2023-03-29 08:50:19,829 - DEBUG - > TEXT '[3, "c2b9068c-c0d3-4dfa-bff4-826d58b73568", {}]' [47 bytes]
2023-03-29 08:50:20,021 - DEBUG - < TEXT '' [0 bytes]
2023-03-29 08:50:20,053 - DEBUG - > TEXT '[2, "a52b9d06-d993-4a39-9d32-044cac575374", "St...tatus": "Unavailable"}]' [147 bytes]
2023-03-29 08:50:20,245 - DEBUG - < TEXT '[3, "a52b9d06-d993-4a39-9d32-044cac575374", {}]' [47 bytes]
2023-03-29 08:50:20,276 - DEBUG - > TEXT '[2, "d6b0741f-7c71-4f46-9b28-3556cbfeedd9", "Fi...tatus": "Downloading"}]' [100 bytes]
2023-03-29 08:50:20,458 - DEBUG - < TEXT '[3, "d6b0741f-7c71-4f46-9b28-3556cbfeedd9", {}]' [47 bytes]
2023-03-29 08:50:20,493 - DEBUG - > TEXT '[2, "36f64028-9f7f-4772-a661-17ae803e51e3", "Fi...status": "Downloaded"}]' [99 bytes]
2023-03-29 08:50:20,679 - DEBUG - < TEXT '[3, "36f64028-9f7f-4772-a661-17ae803e51e3", {}]' [47 bytes]
2023-03-29 08:50:20,716 - DEBUG - > TEXT '[2, "cd637c5f-4489-4258-974d-fa0426b73de3", "Fi...status": "Installing"}]' [99 bytes]
2023-03-29 08:50:20,900 - DEBUG - < TEXT '[3, "cd637c5f-4489-4258-974d-fa0426b73de3", {}]' [47 bytes]
2023-03-29 08:50:20,939 - DEBUG - > TEXT '[2, "289ac802-0dcb-4249-923a-45b42f8f21ed", "St...tatus": "Unavailable"}]' [147 bytes]
2023-03-29 08:50:21,139 - DEBUG - < TEXT '[3, "289ac802-0dcb-4249-923a-45b42f8f21ed", {}]' [47 bytes]
2023-03-29 08:50:21,176 - DEBUG - > TEXT '[2, "bc516837-7a57-40e4-b1b1-41dd645bbfeb", "Fi..."status": "Installed"}]' [98 bytes]
2023-03-29 08:50:21,360 - DEBUG - < TEXT '[3, "bc516837-7a57-40e4-b1b1-41dd645bbfeb", {}]' [47 bytes]
2023-03-29 08:50:21,394 - DEBUG - > TEXT '[2, "486e7155-9db3-4f77-ae63-be06c805af08", "Bo...umber": "EVSCA050001"}]' [169 bytes]
2023-03-29 08:50:21,618 - DEBUG - < TEXT '[3, "486e7155-9db3-4f77-ae63-be06c805af08", {"s...17Z", "interval": 600}]' [123 bytes]
2023-03-29 08:50:21,661 - DEBUG - > TEXT '[2, "c77180bc-716a-4319-8103-2fbc16ffdac5", "St..."status": "Available"}]' [145 bytes]
2023-03-29 08:50:21,839 - DEBUG - < TEXT '[3, "c77180bc-716a-4319-8103-2fbc16ffdac5", {}]' [47 bytes]
2023-03-29 08:50:21,860 - DEBUG - = connection is CLOSING
2023-03-29 08:50:21,861 - DEBUG - > CLOSE 1000 (OK) [2 bytes]
2023-03-29 08:50:21,869 - DEBUG - < CLOSE 1000 (OK) [2 bytes]
2023-03-29 08:50:21,873 - DEBUG - = connection is CLOSED
2023-03-29 08:50:21,882 - DEBUG - = connection is CONNECTING
2023-03-29 08:50:21,920 - DEBUG - > GET /ocpp16/ELA007C05/EVSCA050001 HTTP/1.1
2023-03-29 08:50:21,920 - DEBUG - > Host: ws.devevspcharger.uplus.co.kr
2023-03-29 08:50:21,920 - DEBUG - > Upgrade: websocket
2023-03-29 08:50:21,920 - DEBUG - > Connection: Upgrade
2023-03-29 08:50:21,920 - DEBUG - > Sec-WebSocket-Key: 3v+3LGwV2x6AnY0LGnSaYQ==
2023-03-29 08:50:21,920 - DEBUG - > Sec-WebSocket-Version: 13
2023-03-29 08:50:21,920 - DEBUG - > Sec-WebSocket-Extensions: permessage-deflate; client_max_window_bits
2023-03-29 08:50:21,921 - DEBUG - > Sec-WebSocket-Protocol: ocpp1.6
2023-03-29 08:50:21,921 - DEBUG - > Authorization: Basic RVZBUjpFVkFSTEdV
2023-03-29 08:50:21,921 - DEBUG - > User-Agent: Python/3.11 websockets/10.4
2023-03-29 08:50:22,151 - DEBUG - < HTTP/1.1 101 Switching Protocols
2023-03-29 08:50:22,152 - DEBUG - < Connection: upgrade
2023-03-29 08:50:22,152 - DEBUG - < Date: Tue, 28 Mar 2023 23:50:18 GMT
2023-03-29 08:50:22,153 - DEBUG - < sec-websocket-protocol: ocpp1.6
2023-03-29 08:50:22,153 - DEBUG - < upgrade: websocket
2023-03-29 08:50:22,153 - DEBUG - < sec-websocket-accept: 5xisjq8rUvXtJMLwd8gXpaEl9vs=
2023-03-29 08:50:22,153 - DEBUG - < sec-websocket-extensions: permessage-deflate
2023-03-29 08:50:22,153 - DEBUG - < X-Cache: Miss from cloudfront
2023-03-29 08:50:22,153 - DEBUG - < Via: 1.1 967cab954a1c41e7f76f472d706ab3a0.cloudfront.net (CloudFront)
2023-03-29 08:50:22,153 - DEBUG - < X-Amz-Cf-Pop: ICN57-P2
2023-03-29 08:50:22,153 - DEBUG - < X-Amz-Cf-Id: LrQzfy7N_7ausI_3rxqXRHe_NM9eHX0S65eRGkyP6IBz6ZIPVUH94Q==
2023-03-29 08:50:22,154 - DEBUG - = connection is OPEN
2023-03-29 08:50:22,175 - DEBUG - > TEXT '[2, "d09b9f30-f7ed-455e-b92c-be94690676b4", "Bo...umber": "EVSCA050001"}]' [169 bytes]
2023-03-29 08:50:22,398 - DEBUG - < TEXT '[3, "d09b9f30-f7ed-455e-b92c-be94690676b4", {"s...18Z", "interval": 600}]' [123 bytes]
2023-03-29 08:50:22,438 - DEBUG - Starting new HTTPS connection (1): 8b434254zg.execute-api.ap-northeast-2.amazonaws.com:443
2023-03-29 08:50:22,844 - DEBUG - https://8b434254zg.execute-api.ap-northeast-2.amazonaws.com:443 "POST /dev/ioc HTTP/1.1" 200 181
2023-03-29 08:50:22,895 - DEBUG - < TEXT '[2, "f8f5cff2-d65b-445a-a31e-25289fa73d59", "Up...2023-04-15T10:15:00Z"}]' [136 bytes]
2023-03-29 08:50:22,898 - DEBUG - > TEXT '[3, "f8f5cff2-d65b-445a-a31e-25289fa73d59", {}]' [47 bytes]
2023-03-29 08:50:23,089 - DEBUG - < TEXT '' [0 bytes]
2023-03-29 08:50:23,119 - DEBUG - > TEXT '[2, "6f67e514-411d-4952-b97c-b694a556e050", "St...tatus": "Unavailable"}]' [147 bytes]
2023-03-29 08:50:23,300 - DEBUG - < TEXT '[3, "6f67e514-411d-4952-b97c-b694a556e050", {}]' [47 bytes]
2023-03-29 08:50:23,329 - DEBUG - > TEXT '[2, "5face144-e242-4caa-8ae9-5067298647bf", "Fi...tatus": "Downloading"}]' [100 bytes]
2023-03-29 08:50:23,498 - DEBUG - < TEXT '[3, "5face144-e242-4caa-8ae9-5067298647bf", {}]' [47 bytes]
2023-03-29 08:50:23,543 - DEBUG - > TEXT '[2, "609299d0-a575-455d-ad4a-21252c927ccb", "Fi...status": "Downloaded"}]' [99 bytes]
2023-03-29 08:50:23,722 - DEBUG - < TEXT '[3, "609299d0-a575-455d-ad4a-21252c927ccb", {}]' [47 bytes]
2023-03-29 08:50:23,774 - DEBUG - > TEXT '[2, "47bf916f-34eb-4c1c-9379-92825dc8b177", "Fi...status": "Installing"}]' [99 bytes]
2023-03-29 08:50:23,958 - DEBUG - < TEXT '[3, "47bf916f-34eb-4c1c-9379-92825dc8b177", {}]' [47 bytes]
2023-03-29 08:50:23,986 - DEBUG - > TEXT '[2, "90cab594-26d9-47ea-851b-476c0a283eae", "St...tatus": "Unavailable"}]' [147 bytes]
2023-03-29 08:50:24,158 - DEBUG - < TEXT '[3, "90cab594-26d9-47ea-851b-476c0a283eae", {}]' [47 bytes]
2023-03-29 08:50:24,213 - DEBUG - > TEXT '[2, "6900ad7f-14b5-48c3-bff1-9d02367b2044", "Fi... "InstallationFailed"}]' [107 bytes]
2023-03-29 08:50:24,399 - DEBUG - < TEXT '[3, "6900ad7f-14b5-48c3-bff1-9d02367b2044", {}]' [47 bytes]
2023-03-29 08:50:24,454 - DEBUG - > TEXT '[2, "c7dedc24-0e11-4c58-a5ff-391214f0e5e8", "Bo...umber": "EVSCA050001"}]' [169 bytes]
2023-03-29 08:50:24,658 - DEBUG - < TEXT '[3, "c7dedc24-0e11-4c58-a5ff-391214f0e5e8", {"s...20Z", "interval": 600}]' [123 bytes]
2023-03-29 08:50:24,699 - DEBUG - > TEXT '[2, "7e984f98-76cc-4234-bfbe-dc8b4f0369b6", "St..."status": "Available"}]' [145 bytes]
2023-03-29 08:50:24,878 - DEBUG - < TEXT '[3, "7e984f98-76cc-4234-bfbe-dc8b4f0369b6", {}]' [47 bytes]
2023-03-29 08:50:24,897 - DEBUG - = connection is CLOSING
2023-03-29 08:50:24,898 - DEBUG - > CLOSE 1000 (OK) [2 bytes]
2023-03-29 08:50:24,907 - DEBUG - < CLOSE 1000 (OK) [2 bytes]
2023-03-29 08:50:24,911 - DEBUG - = connection is CLOSED
2023-03-29 08:50:24,920 - DEBUG - = connection is CONNECTING
2023-03-29 08:50:24,953 - DEBUG - > GET /ocpp16/ELA007C05/EVSCA050001 HTTP/1.1
2023-03-29 08:50:24,953 - DEBUG - > Host: ws.devevspcharger.uplus.co.kr
2023-03-29 08:50:24,953 - DEBUG - > Upgrade: websocket
2023-03-29 08:50:24,953 - DEBUG - > Connection: Upgrade
2023-03-29 08:50:24,953 - DEBUG - > Sec-WebSocket-Key: 4BSQJDOSindv4+ik4C9QRg==
2023-03-29 08:50:24,953 - DEBUG - > Sec-WebSocket-Version: 13
2023-03-29 08:50:24,954 - DEBUG - > Sec-WebSocket-Extensions: permessage-deflate; client_max_window_bits
2023-03-29 08:50:24,954 - DEBUG - > Sec-WebSocket-Protocol: ocpp1.6
2023-03-29 08:50:24,954 - DEBUG - > Authorization: Basic RVZBUjpFVkFSTEdV
2023-03-29 08:50:24,954 - DEBUG - > User-Agent: Python/3.11 websockets/10.4
2023-03-29 08:50:25,173 - DEBUG - < HTTP/1.1 101 Switching Protocols
2023-03-29 08:50:25,173 - DEBUG - < Connection: upgrade
2023-03-29 08:50:25,173 - DEBUG - < Date: Tue, 28 Mar 2023 23:50:21 GMT
2023-03-29 08:50:25,173 - DEBUG - < sec-websocket-protocol: ocpp1.6
2023-03-29 08:50:25,173 - DEBUG - < upgrade: websocket
2023-03-29 08:50:25,174 - DEBUG - < sec-websocket-accept: S302hvW3PEpmek3SSbtdc6zYFlY=
2023-03-29 08:50:25,174 - DEBUG - < sec-websocket-extensions: permessage-deflate
2023-03-29 08:50:25,174 - DEBUG - < X-Cache: Miss from cloudfront
2023-03-29 08:50:25,175 - DEBUG - < Via: 1.1 41a89bdb610eb303e698e5cb65ce5b76.cloudfront.net (CloudFront)
2023-03-29 08:50:25,175 - DEBUG - < X-Amz-Cf-Pop: ICN57-P2
2023-03-29 08:50:25,175 - DEBUG - < X-Amz-Cf-Id: _M_cglwyZ_YU22LWbO1bbQbHKXEkCoaWkt435aVI_C-tTRuMJQOROw==
2023-03-29 08:50:25,176 - DEBUG - = connection is OPEN
2023-03-29 08:50:25,199 - DEBUG - > TEXT '[2, "8d54c665-adf9-4b80-a081-8d8392fb2069", "Bo...umber": "EVSCA050001"}]' [169 bytes]
2023-03-29 08:50:25,417 - DEBUG - < TEXT '[3, "8d54c665-adf9-4b80-a081-8d8392fb2069", {"s...21Z", "interval": 600}]' [123 bytes]
2023-03-29 08:50:25,449 - DEBUG - Starting new HTTPS connection (1): 8b434254zg.execute-api.ap-northeast-2.amazonaws.com:443
2023-03-29 08:50:25,864 - DEBUG - https://8b434254zg.execute-api.ap-northeast-2.amazonaws.com:443 "POST /dev/ioc HTTP/1.1" 200 204
2023-03-29 08:50:25,913 - DEBUG - < TEXT '[2, "f4117fdb-ba5a-41c6-ac16-4dc798bdfe43", "Ge...2023-03-29T08:48:49Z"}]' [159 bytes]
2023-03-29 08:50:25,926 - DEBUG - > TEXT '[3, "f4117fdb-ba5a-41c6-ac16-4dc798bdfe43", {"f...filename_diagnostics"}]' [81 bytes]
2023-03-29 08:50:26,097 - DEBUG - < TEXT '' [0 bytes]
2023-03-29 08:50:26,137 - DEBUG - > TEXT '[2, "4386d6cf-6aba-4d21-a093-dab8710a94ed", "Di..."status": "Uploading"}]' [101 bytes]
2023-03-29 08:50:26,319 - DEBUG - < TEXT '[3, "4386d6cf-6aba-4d21-a093-dab8710a94ed", {}]' [47 bytes]
2023-03-29 08:50:26,353 - DEBUG - > TEXT '[2, "10da7efa-4615-4955-bda7-9e08725b38b5", "Di...{"status": "Uploaded"}]' [100 bytes]
2023-03-29 08:50:26,539 - DEBUG - < TEXT '[3, "10da7efa-4615-4955-bda7-9e08725b38b5", {}]' [47 bytes]
2023-03-29 08:50:26,563 - DEBUG - = connection is CLOSING
2023-03-29 08:50:26,564 - DEBUG - > CLOSE 1000 (OK) [2 bytes]
2023-03-29 08:50:26,580 - DEBUG - < CLOSE 1000 (OK) [2 bytes]
2023-03-29 08:50:26,587 - DEBUG - = connection is CLOSED
2023-03-29 08:50:26,597 - DEBUG - = connection is CONNECTING
2023-03-29 08:50:26,636 - DEBUG - > GET /ocpp16/ELA007C05/EVSCA050001 HTTP/1.1
2023-03-29 08:50:26,636 - DEBUG - > Host: ws.devevspcharger.uplus.co.kr
2023-03-29 08:50:26,637 - DEBUG - > Upgrade: websocket
2023-03-29 08:50:26,637 - DEBUG - > Connection: Upgrade
2023-03-29 08:50:26,637 - DEBUG - > Sec-WebSocket-Key: daW5/KH+vCfiYmHntcOxBA==
2023-03-29 08:50:26,637 - DEBUG - > Sec-WebSocket-Version: 13
2023-03-29 08:50:26,637 - DEBUG - > Sec-WebSocket-Extensions: permessage-deflate; client_max_window_bits
2023-03-29 08:50:26,637 - DEBUG - > Sec-WebSocket-Protocol: ocpp1.6
2023-03-29 08:50:26,638 - DEBUG - > Authorization: Basic RVZBUjpFVkFSTEdV
2023-03-29 08:50:26,638 - DEBUG - > User-Agent: Python/3.11 websockets/10.4
2023-03-29 08:50:26,850 - DEBUG - < HTTP/1.1 101 Switching Protocols
2023-03-29 08:50:26,850 - DEBUG - < Connection: upgrade
2023-03-29 08:50:26,850 - DEBUG - < Date: Tue, 28 Mar 2023 23:50:23 GMT
2023-03-29 08:50:26,850 - DEBUG - < sec-websocket-protocol: ocpp1.6
2023-03-29 08:50:26,850 - DEBUG - < upgrade: websocket
2023-03-29 08:50:26,851 - DEBUG - < sec-websocket-accept: v9fDzlkj+e/4UlFT5QZVT5f2+Uk=
2023-03-29 08:50:26,852 - DEBUG - < sec-websocket-extensions: permessage-deflate
2023-03-29 08:50:26,854 - DEBUG - < X-Cache: Miss from cloudfront
2023-03-29 08:50:26,854 - DEBUG - < Via: 1.1 0a9548baf65e130ce12c4d90cb22d962.cloudfront.net (CloudFront)
2023-03-29 08:50:26,854 - DEBUG - < X-Amz-Cf-Pop: ICN57-P2
2023-03-29 08:50:26,854 - DEBUG - < X-Amz-Cf-Id: _Xu_EkrigWfJ8KN3zyivGF0WS2S_7jGouxwTdu-7egdypG2j70RaxA==
2023-03-29 08:50:26,855 - DEBUG - = connection is OPEN
2023-03-29 08:50:26,895 - DEBUG - > TEXT '[2, "edb1b270-3740-47bb-90d5-beeb2185abe5", "Bo...umber": "EVSCA050001"}]' [169 bytes]
2023-03-29 08:50:27,098 - DEBUG - < TEXT '[3, "edb1b270-3740-47bb-90d5-beeb2185abe5", {"s...23Z", "interval": 600}]' [123 bytes]
2023-03-29 08:50:27,128 - DEBUG - Starting new HTTPS connection (1): 8b434254zg.execute-api.ap-northeast-2.amazonaws.com:443
2023-03-29 08:50:27,525 - DEBUG - https://8b434254zg.execute-api.ap-northeast-2.amazonaws.com:443 "POST /dev/ioc HTTP/1.1" 200 197
2023-03-29 08:50:27,563 - DEBUG - < TEXT '[2, "a6252e17-6849-4d2b-8e88-2a68ce1fcc27", "Ge...2023-03-29T08:48:49Z"}]' [152 bytes]
2023-03-29 08:50:27,567 - DEBUG - > TEXT '[3, "a6252e17-6849-4d2b-8e88-2a68ce1fcc27", {"f...filename_diagnostics"}]' [81 bytes]
2023-03-29 08:50:27,795 - DEBUG - < TEXT '' [0 bytes]
2023-03-29 08:50:27,847 - DEBUG - > TEXT '[2, "a9adc099-f2be-406a-8a83-0396409721e1", "Di..."status": "Uploading"}]' [101 bytes]
2023-03-29 08:50:28,038 - DEBUG - < TEXT '[3, "a9adc099-f2be-406a-8a83-0396409721e1", {}]' [47 bytes]
2023-03-29 08:50:28,069 - DEBUG - > TEXT '[2, "3a4ca91e-e416-4d84-8004-53c9a27b7ea0", "Di...atus": "UploadFailed"}]' [104 bytes]
2023-03-29 08:50:28,240 - DEBUG - < TEXT '[3, "3a4ca91e-e416-4d84-8004-53c9a27b7ea0", {}]' [47 bytes]
2023-03-29 08:50:28,267 - DEBUG - = connection is CLOSING
2023-03-29 08:50:28,267 - DEBUG - > CLOSE 1000 (OK) [2 bytes]
2023-03-29 08:50:28,275 - DEBUG - < CLOSE 1000 (OK) [2 bytes]
2023-03-29 08:50:28,283 - DEBUG - = connection is CLOSED
2023-03-29 08:50:28,290 - DEBUG - = connection is CONNECTING
2023-03-29 08:50:28,333 - DEBUG - > GET /ocpp16/ELA007C05/EVSCA050002 HTTP/1.1
2023-03-29 08:50:28,333 - DEBUG - > Host: ws.devevspcharger.uplus.co.kr
2023-03-29 08:50:28,334 - DEBUG - > Upgrade: websocket
2023-03-29 08:50:28,334 - DEBUG - > Connection: Upgrade
2023-03-29 08:50:28,334 - DEBUG - > Sec-WebSocket-Key: 9ByJnkBUbbFVLtGUpSOf7Q==
2023-03-29 08:50:28,334 - DEBUG - > Sec-WebSocket-Version: 13
2023-03-29 08:50:28,336 - DEBUG - > Sec-WebSocket-Extensions: permessage-deflate; client_max_window_bits
2023-03-29 08:50:28,338 - DEBUG - > Sec-WebSocket-Protocol: ocpp1.6
2023-03-29 08:50:28,339 - DEBUG - > Authorization: Basic RVZBUjpFVkFSTEdV
2023-03-29 08:50:28,340 - DEBUG - > User-Agent: Python/3.11 websockets/10.4
2023-03-29 08:50:28,550 - DEBUG - < HTTP/1.1 101 Switching Protocols
2023-03-29 08:50:28,551 - DEBUG - < Connection: upgrade
2023-03-29 08:50:28,551 - DEBUG - < Date: Tue, 28 Mar 2023 23:50:24 GMT
2023-03-29 08:50:28,551 - DEBUG - < sec-websocket-protocol: ocpp1.6
2023-03-29 08:50:28,551 - DEBUG - < upgrade: websocket
2023-03-29 08:50:28,551 - DEBUG - < sec-websocket-accept: 7E9d5UGGFK2YUAyJztwAke2t1B4=
2023-03-29 08:50:28,552 - DEBUG - < sec-websocket-extensions: permessage-deflate
2023-03-29 08:50:28,552 - DEBUG - < X-Cache: Miss from cloudfront
2023-03-29 08:50:28,552 - DEBUG - < Via: 1.1 9ae7abacc9e2c811909db23dbe603ad4.cloudfront.net (CloudFront)
2023-03-29 08:50:28,552 - DEBUG - < X-Amz-Cf-Pop: ICN57-P2
2023-03-29 08:50:28,553 - DEBUG - < X-Amz-Cf-Id: ViBxnBa-UqE5VSUdED_MeWW0Qq3WFP1N1ClGDNhl01c08j4gypPLBQ==
2023-03-29 08:50:28,553 - DEBUG - = connection is OPEN
2023-03-29 08:50:28,583 - DEBUG - > TEXT '[2, "2355f922-352f-4985-9636-9d95f5eed4b6", "Bo...umber": "EVSCA070008"}]' [169 bytes]
2023-03-29 08:50:28,718 - DEBUG - < TEXT '[4, "2355f922-352f-4985-9636-9d95f5eed4b6", {"e... system availability"}]' [161 bytes]
2023-03-29 08:50:28,738 - DEBUG - = connection is CLOSING
2023-03-29 08:50:28,738 - DEBUG - > CLOSE 1000 (OK) [2 bytes]
2023-03-29 08:50:28,746 - DEBUG - < CLOSE 1000 (OK) [2 bytes]
2023-03-29 08:50:28,749 - DEBUG - = connection is CLOSED
2023-03-29 08:50:28,759 - DEBUG - = connection is CONNECTING
2023-03-29 08:50:28,792 - DEBUG - > GET /ocpp16/ELA007C05/EVSCA050002 HTTP/1.1
2023-03-29 08:50:28,792 - DEBUG - > Host: ws.devevspcharger.uplus.co.kr
2023-03-29 08:50:28,793 - DEBUG - > Upgrade: websocket
2023-03-29 08:50:28,793 - DEBUG - > Connection: Upgrade
2023-03-29 08:50:28,793 - DEBUG - > Sec-WebSocket-Key: HHsGQ+GwHZ0wkphJWkqe5Q==
2023-03-29 08:50:28,793 - DEBUG - > Sec-WebSocket-Version: 13
2023-03-29 08:50:28,793 - DEBUG - > Sec-WebSocket-Extensions: permessage-deflate; client_max_window_bits
2023-03-29 08:50:28,793 - DEBUG - > Sec-WebSocket-Protocol: ocpp1.6
2023-03-29 08:50:28,794 - DEBUG - > Authorization: Basic RVZBUjpFVkFSTEdV
2023-03-29 08:50:28,794 - DEBUG - > User-Agent: Python/3.11 websockets/10.4
2023-03-29 08:50:29,028 - DEBUG - < HTTP/1.1 101 Switching Protocols
2023-03-29 08:50:29,028 - DEBUG - < Connection: upgrade
2023-03-29 08:50:29,028 - DEBUG - < Date: Tue, 28 Mar 2023 23:50:25 GMT
2023-03-29 08:50:29,028 - DEBUG - < sec-websocket-protocol: ocpp1.6
2023-03-29 08:50:29,028 - DEBUG - < upgrade: websocket
2023-03-29 08:50:29,028 - DEBUG - < sec-websocket-accept: Syyw71wEDkbX8YCmVALqHsHAqcU=
2023-03-29 08:50:29,028 - DEBUG - < sec-websocket-extensions: permessage-deflate
2023-03-29 08:50:29,028 - DEBUG - < X-Cache: Miss from cloudfront
2023-03-29 08:50:29,028 - DEBUG - < Via: 1.1 013a9ec825a751410eced78024a9ae1a.cloudfront.net (CloudFront)
2023-03-29 08:50:29,029 - DEBUG - < X-Amz-Cf-Pop: ICN57-P2
2023-03-29 08:50:29,029 - DEBUG - < X-Amz-Cf-Id: 8dHhD_UYQIkLfdyyoD3CRmj4UwaIPj4n4m7f2tMl0lDROdMQ81NIqg==
2023-03-29 08:50:29,029 - DEBUG - = connection is OPEN
2023-03-29 08:50:29,059 - DEBUG - > TEXT '[2, "8bacb438-f47e-4f0c-a33b-08ee8de55055", "Bo...umber": "EVSCA070008"}]' [169 bytes]
2023-03-29 08:50:29,180 - DEBUG - < TEXT '[4, "8bacb438-f47e-4f0c-a33b-08ee8de55055", {"e... system availability"}]' [161 bytes]
2023-03-29 08:50:29,208 - DEBUG - = connection is CLOSING
2023-03-29 08:50:29,208 - DEBUG - > CLOSE 1000 (OK) [2 bytes]
2023-03-29 08:50:29,218 - DEBUG - < CLOSE 1000 (OK) [2 bytes]
2023-03-29 08:50:29,225 - DEBUG - = connection is CLOSED
2023-03-29 08:50:29,232 - DEBUG - = connection is CONNECTING
2023-03-29 08:50:29,270 - DEBUG - > GET /ocpp16/ELA007C05/EVSCA050002 HTTP/1.1
2023-03-29 08:50:29,270 - DEBUG - > Host: ws.devevspcharger.uplus.co.kr
2023-03-29 08:50:29,270 - DEBUG - > Upgrade: websocket
2023-03-29 08:50:29,270 - DEBUG - > Connection: Upgrade
2023-03-29 08:50:29,271 - DEBUG - > Sec-WebSocket-Key: eg4e+UTFqkYq0ozzzdz1gw==
2023-03-29 08:50:29,271 - DEBUG - > Sec-WebSocket-Version: 13
2023-03-29 08:50:29,271 - DEBUG - > Sec-WebSocket-Extensions: permessage-deflate; client_max_window_bits
2023-03-29 08:50:29,271 - DEBUG - > Sec-WebSocket-Protocol: ocpp1.6
2023-03-29 08:50:29,271 - DEBUG - > Authorization: Basic RVZBUjpFVkFSTEdV
2023-03-29 08:50:29,271 - DEBUG - > User-Agent: Python/3.11 websockets/10.4
2023-03-29 08:50:29,479 - DEBUG - < HTTP/1.1 101 Switching Protocols
2023-03-29 08:50:29,479 - DEBUG - < Connection: upgrade
2023-03-29 08:50:29,479 - DEBUG - < Date: Tue, 28 Mar 2023 23:50:25 GMT
2023-03-29 08:50:29,479 - DEBUG - < sec-websocket-protocol: ocpp1.6
2023-03-29 08:50:29,480 - DEBUG - < upgrade: websocket
2023-03-29 08:50:29,480 - DEBUG - < sec-websocket-accept: AbOkHYEqsVyh16bQaU1OtHpjv3A=
2023-03-29 08:50:29,480 - DEBUG - < sec-websocket-extensions: permessage-deflate
2023-03-29 08:50:29,480 - DEBUG - < X-Cache: Miss from cloudfront
2023-03-29 08:50:29,480 - DEBUG - < Via: 1.1 0a9548baf65e130ce12c4d90cb22d962.cloudfront.net (CloudFront)
2023-03-29 08:50:29,480 - DEBUG - < X-Amz-Cf-Pop: ICN57-P2
2023-03-29 08:50:29,480 - DEBUG - < X-Amz-Cf-Id: ToNGwTpPLXS-Cl6wcxtyQX1-wv69A5WDJdy_wHuuVXXGiaK2I-nOSQ==
2023-03-29 08:50:29,480 - DEBUG - = connection is OPEN
2023-03-29 08:50:29,522 - DEBUG - > TEXT '[2, "37d91373-19c9-42f0-8754-7bc26ea26388", "Bo...umber": "EVSCA070008"}]' [169 bytes]
2023-03-29 08:50:29,641 - DEBUG - < TEXT '[4, "37d91373-19c9-42f0-8754-7bc26ea26388", {"e... system availability"}]' [161 bytes]
2023-03-29 08:50:29,671 - DEBUG - = connection is CLOSING
2023-03-29 08:50:29,671 - DEBUG - > CLOSE 1000 (OK) [2 bytes]
2023-03-29 08:50:29,677 - DEBUG - < CLOSE 1000 (OK) [2 bytes]
2023-03-29 08:50:29,681 - DEBUG - = connection is CLOSED
2023-03-29 08:50:29,694 - DEBUG - = connection is CONNECTING
2023-03-29 08:50:29,736 - DEBUG - > GET /ocpp16/ELA007C05/EVSCA050002 HTTP/1.1
2023-03-29 08:50:29,736 - DEBUG - > Host: ws.devevspcharger.uplus.co.kr
2023-03-29 08:50:29,737 - DEBUG - > Upgrade: websocket
2023-03-29 08:50:29,737 - DEBUG - > Connection: Upgrade
2023-03-29 08:50:29,737 - DEBUG - > Sec-WebSocket-Key: p3KQ7xZe58nR8fM7cD2/5A==
2023-03-29 08:50:29,737 - DEBUG - > Sec-WebSocket-Version: 13
2023-03-29 08:50:29,737 - DEBUG - > Sec-WebSocket-Extensions: permessage-deflate; client_max_window_bits
2023-03-29 08:50:29,737 - DEBUG - > Sec-WebSocket-Protocol: ocpp1.6
2023-03-29 08:50:29,738 - DEBUG - > Authorization: Basic RVZBUjpFVkFSTEdV
2023-03-29 08:50:29,738 - DEBUG - > User-Agent: Python/3.11 websockets/10.4
2023-03-29 08:50:29,990 - DEBUG - < HTTP/1.1 101 Switching Protocols
2023-03-29 08:50:29,990 - DEBUG - < Connection: upgrade
2023-03-29 08:50:29,990 - DEBUG - < Date: Tue, 28 Mar 2023 23:50:26 GMT
2023-03-29 08:50:29,991 - DEBUG - < sec-websocket-protocol: ocpp1.6
2023-03-29 08:50:29,991 - DEBUG - < upgrade: websocket
2023-03-29 08:50:29,991 - DEBUG - < sec-websocket-accept: 9/M1ZlvtonL8JXNRdWLPlxK6J7M=
2023-03-29 08:50:29,991 - DEBUG - < sec-websocket-extensions: permessage-deflate
2023-03-29 08:50:29,991 - DEBUG - < X-Cache: Miss from cloudfront
2023-03-29 08:50:29,991 - DEBUG - < Via: 1.1 b92faae7242f31be9bfc0ec3d134dfce.cloudfront.net (CloudFront)
2023-03-29 08:50:29,991 - DEBUG - < X-Amz-Cf-Pop: ICN57-P2
2023-03-29 08:50:29,992 - DEBUG - < X-Amz-Cf-Id: 1SzMWcwjp9FgrL5ll2f-8lBa-ZdcfmY7-9z-109OO_FhUunmmPA8wA==
2023-03-29 08:50:29,992 - DEBUG - = connection is OPEN
2023-03-29 08:50:30,029 - DEBUG - > TEXT '[2, "9003bb5e-c7b4-4f4e-9e71-58ad04e63b19", "Bo...umber": "EVSCA070008"}]' [169 bytes]
2023-03-29 08:50:30,159 - DEBUG - < TEXT '[4, "9003bb5e-c7b4-4f4e-9e71-58ad04e63b19", {"e... system availability"}]' [161 bytes]
2023-03-29 08:50:30,180 - DEBUG - = connection is CLOSING
2023-03-29 08:50:30,180 - DEBUG - > CLOSE 1000 (OK) [2 bytes]
2023-03-29 08:50:30,188 - DEBUG - < CLOSE 1000 (OK) [2 bytes]
2023-03-29 08:50:30,192 - DEBUG - = connection is CLOSED
2023-03-29 08:50:30,201 - DEBUG - = connection is CONNECTING
2023-03-29 08:50:30,237 - DEBUG - > GET /ocpp16/ELA007C05/EVSCA050002 HTTP/1.1
2023-03-29 08:50:30,237 - DEBUG - > Host: ws.devevspcharger.uplus.co.kr
2023-03-29 08:50:30,237 - DEBUG - > Upgrade: websocket
2023-03-29 08:50:30,237 - DEBUG - > Connection: Upgrade
2023-03-29 08:50:30,237 - DEBUG - > Sec-WebSocket-Key: upBPXELHvYuQy3jXSr/rkA==
2023-03-29 08:50:30,237 - DEBUG - > Sec-WebSocket-Version: 13
2023-03-29 08:50:30,238 - DEBUG - > Sec-WebSocket-Extensions: permessage-deflate; client_max_window_bits
2023-03-29 08:50:30,238 - DEBUG - > Sec-WebSocket-Protocol: ocpp1.6
2023-03-29 08:50:30,238 - DEBUG - > Authorization: Basic RVZBUjpFVkFSTEdV
2023-03-29 08:50:30,238 - DEBUG - > User-Agent: Python/3.11 websockets/10.4
2023-03-29 08:50:30,462 - DEBUG - < HTTP/1.1 101 Switching Protocols
2023-03-29 08:50:30,462 - DEBUG - < Connection: upgrade
2023-03-29 08:50:30,463 - DEBUG - < Date: Tue, 28 Mar 2023 23:50:26 GMT
2023-03-29 08:50:30,464 - DEBUG - < sec-websocket-protocol: ocpp1.6
2023-03-29 08:50:30,464 - DEBUG - < upgrade: websocket
2023-03-29 08:50:30,464 - DEBUG - < sec-websocket-accept: vi7oRmfS2PKYpcSDXJ+yGePBezg=
2023-03-29 08:50:30,464 - DEBUG - < sec-websocket-extensions: permessage-deflate
2023-03-29 08:50:30,464 - DEBUG - < X-Cache: Miss from cloudfront
2023-03-29 08:50:30,464 - DEBUG - < Via: 1.1 41a89bdb610eb303e698e5cb65ce5b76.cloudfront.net (CloudFront)
2023-03-29 08:50:30,464 - DEBUG - < X-Amz-Cf-Pop: ICN57-P2
2023-03-29 08:50:30,464 - DEBUG - < X-Amz-Cf-Id: oB3LIsXZbsICkNElo-ktDmwo8-f-RExb_SLab6v00i7Hq4i2zUFrwg==
2023-03-29 08:50:30,464 - DEBUG - = connection is OPEN
2023-03-29 08:50:30,493 - DEBUG - > TEXT '[2, "fbc1aa0a-14c4-4775-8550-5db922f4cfe1", "Bo...umber": "EVSCA070008"}]' [169 bytes]
2023-03-29 08:50:30,651 - DEBUG - < TEXT '[4, "fbc1aa0a-14c4-4775-8550-5db922f4cfe1", {"e... system availability"}]' [161 bytes]
2023-03-29 08:50:30,677 - DEBUG - = connection is CLOSING
2023-03-29 08:50:30,677 - DEBUG - > CLOSE 1000 (OK) [2 bytes]
2023-03-29 08:50:30,685 - DEBUG - < CLOSE 1000 (OK) [2 bytes]
2023-03-29 08:50:30,689 - DEBUG - = connection is CLOSED
2023-03-29 08:50:30,697 - DEBUG - = connection is CONNECTING
2023-03-29 08:50:30,728 - DEBUG - > GET /ocpp16/ELA007C05/EVSCA050002 HTTP/1.1
2023-03-29 08:50:30,728 - DEBUG - > Host: ws.devevspcharger.uplus.co.kr
2023-03-29 08:50:30,728 - DEBUG - > Upgrade: websocket
2023-03-29 08:50:30,728 - DEBUG - > Connection: Upgrade
2023-03-29 08:50:30,728 - DEBUG - > Sec-WebSocket-Key: yhoZiDY4BmH+rTu66cK+lw==
2023-03-29 08:50:30,729 - DEBUG - > Sec-WebSocket-Version: 13
2023-03-29 08:50:30,729 - DEBUG - > Sec-WebSocket-Extensions: permessage-deflate; client_max_window_bits
2023-03-29 08:50:30,729 - DEBUG - > Sec-WebSocket-Protocol: ocpp1.6
2023-03-29 08:50:30,729 - DEBUG - > Authorization: Basic RVZBUjpFVkFSTEdV
2023-03-29 08:50:30,729 - DEBUG - > User-Agent: Python/3.11 websockets/10.4
2023-03-29 08:50:30,933 - DEBUG - < HTTP/1.1 101 Switching Protocols
2023-03-29 08:50:30,933 - DEBUG - < Connection: upgrade
2023-03-29 08:50:30,934 - DEBUG - < Date: Tue, 28 Mar 2023 23:50:27 GMT
2023-03-29 08:50:30,934 - DEBUG - < sec-websocket-protocol: ocpp1.6
2023-03-29 08:50:30,934 - DEBUG - < upgrade: websocket
2023-03-29 08:50:30,935 - DEBUG - < sec-websocket-accept: 5kXIWnQhQGznsNjTf4m3dbzeqRA=
2023-03-29 08:50:30,935 - DEBUG - < sec-websocket-extensions: permessage-deflate
2023-03-29 08:50:30,935 - DEBUG - < X-Cache: Miss from cloudfront
2023-03-29 08:50:30,935 - DEBUG - < Via: 1.1 b92faae7242f31be9bfc0ec3d134dfce.cloudfront.net (CloudFront)
2023-03-29 08:50:30,936 - DEBUG - < X-Amz-Cf-Pop: ICN57-P2
2023-03-29 08:50:30,936 - DEBUG - < X-Amz-Cf-Id: DcSu0WF1BUgvqVHMj8HS3mQL3BORs9NDRUIT19ZPlwv_0iWmxKq_hA==
2023-03-29 08:50:30,936 - DEBUG - = connection is OPEN
2023-03-29 08:50:30,978 - DEBUG - > TEXT '[2, "d0cd02f4-195c-49ea-acb6-ca5985c59969", "Bo...umber": "EVSCA070008"}]' [169 bytes]
2023-03-29 08:50:31,099 - DEBUG - < TEXT '[4, "d0cd02f4-195c-49ea-acb6-ca5985c59969", {"e... system availability"}]' [161 bytes]
2023-03-29 08:50:31,127 - DEBUG - = connection is CLOSING
2023-03-29 08:50:31,127 - DEBUG - > CLOSE 1000 (OK) [2 bytes]
2023-03-29 08:50:31,134 - DEBUG - < CLOSE 1000 (OK) [2 bytes]
2023-03-29 08:50:31,139 - DEBUG - = connection is CLOSED
2023-03-29 08:50:31,146 - DEBUG - = connection is CONNECTING
2023-03-29 08:50:31,174 - DEBUG - > GET /ocpp16/ELA007C05/EVSCA050002 HTTP/1.1
2023-03-29 08:50:31,174 - DEBUG - > Host: ws.devevspcharger.uplus.co.kr
2023-03-29 08:50:31,174 - DEBUG - > Upgrade: websocket
2023-03-29 08:50:31,174 - DEBUG - > Connection: Upgrade
2023-03-29 08:50:31,174 - DEBUG - > Sec-WebSocket-Key: uXNsUVG0TedsaGTTVfqUnA==
2023-03-29 08:50:31,174 - DEBUG - > Sec-WebSocket-Version: 13
2023-03-29 08:50:31,174 - DEBUG - > Sec-WebSocket-Extensions: permessage-deflate; client_max_window_bits
2023-03-29 08:50:31,175 - DEBUG - > Sec-WebSocket-Protocol: ocpp1.6
2023-03-29 08:50:31,176 - DEBUG - > Authorization: Basic RVZBUjpFVkFSTEdV
2023-03-29 08:50:31,177 - DEBUG - > User-Agent: Python/3.11 websockets/10.4
2023-03-29 08:50:31,370 - DEBUG - < HTTP/1.1 101 Switching Protocols
2023-03-29 08:50:31,370 - DEBUG - < Connection: upgrade
2023-03-29 08:50:31,370 - DEBUG - < Date: Tue, 28 Mar 2023 23:50:27 GMT
2023-03-29 08:50:31,371 - DEBUG - < sec-websocket-protocol: ocpp1.6
2023-03-29 08:50:31,373 - DEBUG - < upgrade: websocket
2023-03-29 08:50:31,373 - DEBUG - < sec-websocket-accept: 7628mNKLQJ32nAxWDRxc/517bwk=
2023-03-29 08:50:31,373 - DEBUG - < sec-websocket-extensions: permessage-deflate
2023-03-29 08:50:31,373 - DEBUG - < X-Cache: Miss from cloudfront
2023-03-29 08:50:31,373 - DEBUG - < Via: 1.1 55a59d7976b41c233ff2e682cdd3901e.cloudfront.net (CloudFront)
2023-03-29 08:50:31,373 - DEBUG - < X-Amz-Cf-Pop: ICN57-P2
2023-03-29 08:50:31,373 - DEBUG - < X-Amz-Cf-Id: bY9ogLI_cVGO4cvhHl13AEtMY9VQdfpNvWNbpWW0-IMichD0T_UIpw==
2023-03-29 08:50:31,373 - DEBUG - = connection is OPEN
2023-03-29 08:50:31,405 - DEBUG - > TEXT '[2, "fbda35a6-c750-4d27-9afc-060a165f0d7a", "Bo...umber": "EVSCA070008"}]' [169 bytes]
2023-03-29 08:50:31,525 - DEBUG - < TEXT '[4, "fbda35a6-c750-4d27-9afc-060a165f0d7a", {"e... system availability"}]' [161 bytes]
2023-03-29 08:50:31,548 - DEBUG - = connection is CLOSING
2023-03-29 08:50:31,549 - DEBUG - > CLOSE 1000 (OK) [2 bytes]
2023-03-29 08:50:31,559 - DEBUG - < CLOSE 1000 (OK) [2 bytes]
2023-03-29 08:50:31,562 - DEBUG - = connection is CLOSED
2023-03-29 08:50:31,570 - DEBUG - = connection is CONNECTING
2023-03-29 08:50:31,622 - DEBUG - > GET /ocpp16/ELA007C05/EVSCA050002 HTTP/1.1
2023-03-29 08:50:31,622 - DEBUG - > Host: ws.devevspcharger.uplus.co.kr
2023-03-29 08:50:31,622 - DEBUG - > Upgrade: websocket
2023-03-29 08:50:31,622 - DEBUG - > Connection: Upgrade
2023-03-29 08:50:31,623 - DEBUG - > Sec-WebSocket-Key: qq9fKWYQaxG+W+y3lrsUxA==
2023-03-29 08:50:31,624 - DEBUG - > Sec-WebSocket-Version: 13
2023-03-29 08:50:31,624 - DEBUG - > Sec-WebSocket-Extensions: permessage-deflate; client_max_window_bits
2023-03-29 08:50:31,624 - DEBUG - > Sec-WebSocket-Protocol: ocpp1.6
2023-03-29 08:50:31,625 - DEBUG - > Authorization: Basic RVZBUjpFVkFSTEdV
2023-03-29 08:50:31,625 - DEBUG - > User-Agent: Python/3.11 websockets/10.4
2023-03-29 08:50:31,816 - DEBUG - < HTTP/1.1 101 Switching Protocols
2023-03-29 08:50:31,816 - DEBUG - < Connection: upgrade
2023-03-29 08:50:31,816 - DEBUG - < Date: Tue, 28 Mar 2023 23:50:28 GMT
2023-03-29 08:50:31,816 - DEBUG - < sec-websocket-protocol: ocpp1.6
2023-03-29 08:50:31,817 - DEBUG - < upgrade: websocket
2023-03-29 08:50:31,817 - DEBUG - < sec-websocket-accept: QMWUZBdDFdW6GaTsoEJIffde0Fo=
2023-03-29 08:50:31,817 - DEBUG - < sec-websocket-extensions: permessage-deflate
2023-03-29 08:50:31,817 - DEBUG - < X-Cache: Miss from cloudfront
2023-03-29 08:50:31,817 - DEBUG - < Via: 1.1 702d274aeab676890c1a399c8e170886.cloudfront.net (CloudFront)
2023-03-29 08:50:31,817 - DEBUG - < X-Amz-Cf-Pop: ICN57-P2
2023-03-29 08:50:31,817 - DEBUG - < X-Amz-Cf-Id: Yhtz5bBm4jFNfhdLHN5lVQ8ZnnPJeydp7-ZOTIT0wdSJPKwLHp-ixQ==
2023-03-29 08:50:31,817 - DEBUG - = connection is OPEN
2023-03-29 08:50:31,848 - DEBUG - > TEXT '[2, "7e43c456-f110-41e3-aba2-0c95f3e3b2ff", "Bo...umber": "EVSCA070008"}]' [169 bytes]
2023-03-29 08:50:31,957 - DEBUG - < TEXT '[4, "7e43c456-f110-41e3-aba2-0c95f3e3b2ff", {"e... system availability"}]' [161 bytes]
2023-03-29 08:50:32,007 - DEBUG - = connection is CLOSING
2023-03-29 08:50:32,007 - DEBUG - > CLOSE 1000 (OK) [2 bytes]
2023-03-29 08:50:32,016 - DEBUG - < CLOSE 1000 (OK) [2 bytes]
2023-03-29 08:50:32,031 - DEBUG - = connection is CLOSED
2023-03-29 08:50:32,043 - DEBUG - = connection is CONNECTING
2023-03-29 08:50:32,072 - DEBUG - > GET /ocpp16/ELA007C05/EVSCA050002 HTTP/1.1
2023-03-29 08:50:32,072 - DEBUG - > Host: ws.devevspcharger.uplus.co.kr
2023-03-29 08:50:32,073 - DEBUG - > Upgrade: websocket
2023-03-29 08:50:32,073 - DEBUG - > Connection: Upgrade
2023-03-29 08:50:32,073 - DEBUG - > Sec-WebSocket-Key: 3sAPtKfIZNKyuvcHJ8VtOA==
2023-03-29 08:50:32,073 - DEBUG - > Sec-WebSocket-Version: 13
2023-03-29 08:50:32,073 - DEBUG - > Sec-WebSocket-Extensions: permessage-deflate; client_max_window_bits
2023-03-29 08:50:32,073 - DEBUG - > Sec-WebSocket-Protocol: ocpp1.6
2023-03-29 08:50:32,073 - DEBUG - > Authorization: Basic RVZBUjpFVkFSTEdV
2023-03-29 08:50:32,073 - DEBUG - > User-Agent: Python/3.11 websockets/10.4
2023-03-29 08:50:32,290 - DEBUG - < HTTP/1.1 101 Switching Protocols
2023-03-29 08:50:32,291 - DEBUG - < Connection: upgrade
2023-03-29 08:50:32,291 - DEBUG - < Date: Tue, 28 Mar 2023 23:50:28 GMT
2023-03-29 08:50:32,291 - DEBUG - < sec-websocket-protocol: ocpp1.6
2023-03-29 08:50:32,291 - DEBUG - < upgrade: websocket
2023-03-29 08:50:32,291 - DEBUG - < sec-websocket-accept: r96C16IL0wJaqVFV7BeVeVoFD3s=
2023-03-29 08:50:32,291 - DEBUG - < sec-websocket-extensions: permessage-deflate
2023-03-29 08:50:32,291 - DEBUG - < X-Cache: Miss from cloudfront
2023-03-29 08:50:32,291 - DEBUG - < Via: 1.1 398e2e4101ed255d172b5d628fa36f5c.cloudfront.net (CloudFront)
2023-03-29 08:50:32,292 - DEBUG - < X-Amz-Cf-Pop: ICN57-P2
2023-03-29 08:50:32,292 - DEBUG - < X-Amz-Cf-Id: vMkqN0EY4JXzCATnbxpU7TL3cVhEyeUlapxbAz2VONWp8RhH4WgqqQ==
2023-03-29 08:50:32,292 - DEBUG - = connection is OPEN
2023-03-29 08:50:32,316 - DEBUG - > TEXT '[2, "b2ab01d2-285a-4b2f-bd32-de816b3db697", "Bo...umber": "EVSCA070008"}]' [169 bytes]
2023-03-29 08:50:32,439 - DEBUG - < TEXT '[4, "b2ab01d2-285a-4b2f-bd32-de816b3db697", {"e... system availability"}]' [161 bytes]
2023-03-29 08:50:32,472 - DEBUG - = connection is CLOSING
2023-03-29 08:50:32,472 - DEBUG - > CLOSE 1000 (OK) [2 bytes]
2023-03-29 08:50:32,481 - DEBUG - < CLOSE 1000 (OK) [2 bytes]
2023-03-29 08:50:32,488 - DEBUG - = connection is CLOSED
2023-03-29 08:50:32,496 - DEBUG - = connection is CONNECTING
2023-03-29 08:50:32,540 - DEBUG - > GET /ocpp16/ELA007C05/EVSCA050001 HTTP/1.1
2023-03-29 08:50:32,540 - DEBUG - > Host: ws.devevspcharger.uplus.co.kr
2023-03-29 08:50:32,540 - DEBUG - > Upgrade: websocket
2023-03-29 08:50:32,540 - DEBUG - > Connection: Upgrade
2023-03-29 08:50:32,541 - DEBUG - > Sec-WebSocket-Key: RmIRprJP49uDWNYhn/z26w==
2023-03-29 08:50:32,541 - DEBUG - > Sec-WebSocket-Version: 13
2023-03-29 08:50:32,541 - DEBUG - > Sec-WebSocket-Extensions: permessage-deflate; client_max_window_bits
2023-03-29 08:50:32,541 - DEBUG - > Sec-WebSocket-Protocol: ocpp1.6
2023-03-29 08:50:32,541 - DEBUG - > Authorization: Basic RVZBUjpFVkFSTEdV
2023-03-29 08:50:32,542 - DEBUG - > User-Agent: Python/3.11 websockets/10.4
2023-03-29 08:50:32,750 - DEBUG - < HTTP/1.1 101 Switching Protocols
2023-03-29 08:50:32,751 - DEBUG - < Connection: upgrade
2023-03-29 08:50:32,751 - DEBUG - < Date: Tue, 28 Mar 2023 23:50:29 GMT
2023-03-29 08:50:32,751 - DEBUG - < sec-websocket-protocol: ocpp1.6
2023-03-29 08:50:32,752 - DEBUG - < upgrade: websocket
2023-03-29 08:50:32,752 - DEBUG - < sec-websocket-accept: Y6DWME7QH1o++e4OnuV5EDs1M1U=
2023-03-29 08:50:32,752 - DEBUG - < sec-websocket-extensions: permessage-deflate
2023-03-29 08:50:32,752 - DEBUG - < X-Cache: Miss from cloudfront
2023-03-29 08:50:32,752 - DEBUG - < Via: 1.1 9ae7abacc9e2c811909db23dbe603ad4.cloudfront.net (CloudFront)
2023-03-29 08:50:32,752 - DEBUG - < X-Amz-Cf-Pop: ICN57-P2
2023-03-29 08:50:32,752 - DEBUG - < X-Amz-Cf-Id: ET-ca3nZ8keBtF5SBnqu1scC8MOymozYFsIamwA1uT9OGi0_JoGjQA==
2023-03-29 08:50:32,752 - DEBUG - = connection is OPEN
2023-03-29 08:50:32,791 - DEBUG - > TEXT '[2, "71296553-b4f7-42f9-aac8-0d11247f3ecc", "Bo...umber": "EVSCA070008"}]' [169 bytes]
2023-03-29 08:50:32,917 - DEBUG - < TEXT '[4, "71296553-b4f7-42f9-aac8-0d11247f3ecc", {"e... system availability"}]' [161 bytes]
2023-03-29 08:50:32,944 - DEBUG - = connection is CLOSING
2023-03-29 08:50:32,944 - DEBUG - > CLOSE 1000 (OK) [2 bytes]
2023-03-29 08:50:32,950 - DEBUG - < CLOSE 1000 (OK) [2 bytes]
2023-03-29 08:50:32,956 - DEBUG - = connection is CLOSED
2023-03-29 08:50:32,963 - DEBUG - = connection is CONNECTING
2023-03-29 08:50:33,012 - DEBUG - > GET /ocpp16/ELA007C05/EVSCA050001 HTTP/1.1
2023-03-29 08:50:33,012 - DEBUG - > Host: ws.devevspcharger.uplus.co.kr
2023-03-29 08:50:33,012 - DEBUG - > Upgrade: websocket
2023-03-29 08:50:33,012 - DEBUG - > Connection: Upgrade
2023-03-29 08:50:33,012 - DEBUG - > Sec-WebSocket-Key: CnxrDf1URY2QZOvxt3kdew==
2023-03-29 08:50:33,013 - DEBUG - > Sec-WebSocket-Version: 13
2023-03-29 08:50:33,013 - DEBUG - > Sec-WebSocket-Extensions: permessage-deflate; client_max_window_bits
2023-03-29 08:50:33,013 - DEBUG - > Sec-WebSocket-Protocol: ocpp1.6
2023-03-29 08:50:33,013 - DEBUG - > Authorization: Basic RVZBUjpFVkFSTEdV
2023-03-29 08:50:33,014 - DEBUG - > User-Agent: Python/3.11 websockets/10.4
2023-03-29 08:50:33,231 - DEBUG - < HTTP/1.1 101 Switching Protocols
2023-03-29 08:50:33,231 - DEBUG - < Connection: upgrade
2023-03-29 08:50:33,232 - DEBUG - < Date: Tue, 28 Mar 2023 23:50:29 GMT
2023-03-29 08:50:33,232 - DEBUG - < sec-websocket-protocol: ocpp1.6
2023-03-29 08:50:33,232 - DEBUG - < upgrade: websocket
2023-03-29 08:50:33,232 - DEBUG - < sec-websocket-accept: 5Efc9MvngLWvl0k2gl5is13ixOc=
2023-03-29 08:50:33,232 - DEBUG - < sec-websocket-extensions: permessage-deflate
2023-03-29 08:50:33,232 - DEBUG - < X-Cache: Miss from cloudfront
2023-03-29 08:50:33,232 - DEBUG - < Via: 1.1 e649e91ecb78f4d44c5fc28ed185c6e0.cloudfront.net (CloudFront)
2023-03-29 08:50:33,232 - DEBUG - < X-Amz-Cf-Pop: ICN57-P2
2023-03-29 08:50:33,232 - DEBUG - < X-Amz-Cf-Id: bLWbVBCMyssMTCp5j7RqXnRRPMXVFnFVSpKmcRtkTXckONE6rNSa9g==
2023-03-29 08:50:33,232 - DEBUG - = connection is OPEN
2023-03-29 08:50:33,266 - DEBUG - > TEXT '[2, "6398f876-247e-4709-9874-bb1ecb19ce76", "Bo...umber": "EVSCA070008"}]' [169 bytes]
2023-03-29 08:50:33,378 - DEBUG - < TEXT '[4, "6398f876-247e-4709-9874-bb1ecb19ce76", {"e... system availability"}]' [161 bytes]
2023-03-29 08:50:33,399 - DEBUG - = connection is CLOSING
2023-03-29 08:50:33,399 - DEBUG - > CLOSE 1000 (OK) [2 bytes]
2023-03-29 08:50:33,411 - DEBUG - < CLOSE 1000 (OK) [2 bytes]
2023-03-29 08:50:33,413 - DEBUG - = connection is CLOSED
2023-03-29 08:50:33,427 - DEBUG - = connection is CONNECTING
2023-03-29 08:50:33,461 - DEBUG - > GET /ocpp16/ELA007C05/EVSCA050001 HTTP/1.1
2023-03-29 08:50:33,463 - DEBUG - > Host: ws.devevspcharger.uplus.co.kr
2023-03-29 08:50:33,463 - DEBUG - > Upgrade: websocket
2023-03-29 08:50:33,463 - DEBUG - > Connection: Upgrade
2023-03-29 08:50:33,464 - DEBUG - > Sec-WebSocket-Key: /fFpyabBZW4j7kNG88J/gg==
2023-03-29 08:50:33,464 - DEBUG - > Sec-WebSocket-Version: 13
2023-03-29 08:50:33,464 - DEBUG - > Sec-WebSocket-Extensions: permessage-deflate; client_max_window_bits
2023-03-29 08:50:33,465 - DEBUG - > Sec-WebSocket-Protocol: ocpp1.6
2023-03-29 08:50:33,465 - DEBUG - > Authorization: Basic RVZBUjpFVkFSTEdV
2023-03-29 08:50:33,465 - DEBUG - > User-Agent: Python/3.11 websockets/10.4
2023-03-29 08:50:33,711 - DEBUG - < HTTP/1.1 101 Switching Protocols
2023-03-29 08:50:33,711 - DEBUG - < Connection: upgrade
2023-03-29 08:50:33,711 - DEBUG - < Date: Tue, 28 Mar 2023 23:50:29 GMT
2023-03-29 08:50:33,711 - DEBUG - < sec-websocket-protocol: ocpp1.6
2023-03-29 08:50:33,711 - DEBUG - < upgrade: websocket
2023-03-29 08:50:33,711 - DEBUG - < sec-websocket-accept: sYfZ3ZWPrkTlsrd+i7856qZKLtM=
2023-03-29 08:50:33,711 - DEBUG - < sec-websocket-extensions: permessage-deflate
2023-03-29 08:50:33,712 - DEBUG - < X-Cache: Miss from cloudfront
2023-03-29 08:50:33,712 - DEBUG - < Via: 1.1 702d274aeab676890c1a399c8e170886.cloudfront.net (CloudFront)
2023-03-29 08:50:33,712 - DEBUG - < X-Amz-Cf-Pop: ICN57-P2
2023-03-29 08:50:33,712 - DEBUG - < X-Amz-Cf-Id: tuHEo0ld3WCFe9aIFHgmmFKjR71HGtp8nnrjc8ou9zNyTPZooFfgcg==
2023-03-29 08:50:33,712 - DEBUG - = connection is OPEN
2023-03-29 08:50:33,741 - DEBUG - > TEXT '[2, "aa5e8708-5bda-455a-a47b-0a7820e35643", "Bo...umber": "EVSCA070008"}]' [169 bytes]
2023-03-29 08:50:33,858 - DEBUG - < TEXT '[4, "aa5e8708-5bda-455a-a47b-0a7820e35643", {"e... system availability"}]' [161 bytes]
2023-03-29 08:50:33,880 - DEBUG - = connection is CLOSING
2023-03-29 08:50:33,880 - DEBUG - > CLOSE 1000 (OK) [2 bytes]
2023-03-29 08:50:33,892 - DEBUG - < CLOSE 1000 (OK) [2 bytes]
2023-03-29 08:50:33,895 - DEBUG - = connection is CLOSED
2023-03-29 08:50:33,903 - DEBUG - = connection is CONNECTING
2023-03-29 08:50:33,935 - DEBUG - > GET /ocpp16/ELA007C05/EVSCA050001 HTTP/1.1
2023-03-29 08:50:33,935 - DEBUG - > Host: ws.devevspcharger.uplus.co.kr
2023-03-29 08:50:33,936 - DEBUG - > Upgrade: websocket
2023-03-29 08:50:33,936 - DEBUG - > Connection: Upgrade
2023-03-29 08:50:33,936 - DEBUG - > Sec-WebSocket-Key: xSqNEnoshMuUUHKJJyPh2g==
2023-03-29 08:50:33,937 - DEBUG - > Sec-WebSocket-Version: 13
2023-03-29 08:50:33,937 - DEBUG - > Sec-WebSocket-Extensions: permessage-deflate; client_max_window_bits
2023-03-29 08:50:33,937 - DEBUG - > Sec-WebSocket-Protocol: ocpp1.6
2023-03-29 08:50:33,938 - DEBUG - > Authorization: Basic RVZBUjpFVkFSTEdV
2023-03-29 08:50:33,938 - DEBUG - > User-Agent: Python/3.11 websockets/10.4
2023-03-29 08:50:34,150 - DEBUG - < HTTP/1.1 101 Switching Protocols
2023-03-29 08:50:34,151 - DEBUG - < Connection: upgrade
2023-03-29 08:50:34,151 - DEBUG - < Date: Tue, 28 Mar 2023 23:50:30 GMT
2023-03-29 08:50:34,151 - DEBUG - < sec-websocket-protocol: ocpp1.6
2023-03-29 08:50:34,151 - DEBUG - < upgrade: websocket
2023-03-29 08:50:34,152 - DEBUG - < sec-websocket-accept: M0vs0sV7NoHNvSbXNMp8da9E/SI=
2023-03-29 08:50:34,152 - DEBUG - < sec-websocket-extensions: permessage-deflate
2023-03-29 08:50:34,152 - DEBUG - < X-Cache: Miss from cloudfront
2023-03-29 08:50:34,152 - DEBUG - < Via: 1.1 96d5e926418becbc899e1a730ab37236.cloudfront.net (CloudFront)
2023-03-29 08:50:34,152 - DEBUG - < X-Amz-Cf-Pop: ICN57-P2
2023-03-29 08:50:34,152 - DEBUG - < X-Amz-Cf-Id: 3zt2ncF0BUjI1WLqFIkrhZOVDFw1SYvl40RzV_1d4B8hixx-H2xAaA==
2023-03-29 08:50:34,153 - DEBUG - = connection is OPEN
2023-03-29 08:50:34,186 - DEBUG - > TEXT '[2, "8beb9867-77a2-4d39-92b3-3d78ed12ff5f", "Bo...umber": "EVSCA070008"}]' [169 bytes]
2023-03-29 08:50:34,320 - DEBUG - < TEXT '[4, "8beb9867-77a2-4d39-92b3-3d78ed12ff5f", {"e... system availability"}]' [161 bytes]
2023-03-29 08:50:34,354 - DEBUG - = connection is CLOSING
2023-03-29 08:50:34,354 - DEBUG - > CLOSE 1000 (OK) [2 bytes]
2023-03-29 08:50:34,375 - DEBUG - < CLOSE 1000 (OK) [2 bytes]
2023-03-29 08:50:34,383 - DEBUG - = connection is CLOSED
2023-03-29 08:50:34,391 - DEBUG - = connection is CONNECTING
2023-03-29 08:50:34,423 - DEBUG - > GET /ocpp16/ELA007C05/EVSCA050001 HTTP/1.1
2023-03-29 08:50:34,423 - DEBUG - > Host: ws.devevspcharger.uplus.co.kr
2023-03-29 08:50:34,423 - DEBUG - > Upgrade: websocket
2023-03-29 08:50:34,423 - DEBUG - > Connection: Upgrade
2023-03-29 08:50:34,424 - DEBUG - > Sec-WebSocket-Key: +iwtt7ygkshSTzhPr8/Cgg==
2023-03-29 08:50:34,424 - DEBUG - > Sec-WebSocket-Version: 13
2023-03-29 08:50:34,424 - DEBUG - > Sec-WebSocket-Extensions: permessage-deflate; client_max_window_bits
2023-03-29 08:50:34,424 - DEBUG - > Sec-WebSocket-Protocol: ocpp1.6
2023-03-29 08:50:34,424 - DEBUG - > Authorization: Basic RVZBUjpFVkFSTEdV
2023-03-29 08:50:34,424 - DEBUG - > User-Agent: Python/3.11 websockets/10.4
2023-03-29 08:50:34,653 - DEBUG - < HTTP/1.1 101 Switching Protocols
2023-03-29 08:50:34,653 - DEBUG - < Connection: upgrade
2023-03-29 08:50:34,653 - DEBUG - < Date: Tue, 28 Mar 2023 23:50:30 GMT
2023-03-29 08:50:34,654 - DEBUG - < sec-websocket-protocol: ocpp1.6
2023-03-29 08:50:34,654 - DEBUG - < upgrade: websocket
2023-03-29 08:50:34,654 - DEBUG - < sec-websocket-accept: rSvEl55jykLVLk3oZPqZMRa4NUs=
2023-03-29 08:50:34,654 - DEBUG - < sec-websocket-extensions: permessage-deflate
2023-03-29 08:50:34,655 - DEBUG - < X-Cache: Miss from cloudfront
2023-03-29 08:50:34,655 - DEBUG - < Via: 1.1 47d972c0543b96b8ef5a6c3258e80bf0.cloudfront.net (CloudFront)
2023-03-29 08:50:34,655 - DEBUG - < X-Amz-Cf-Pop: ICN57-P2
2023-03-29 08:50:34,655 - DEBUG - < X-Amz-Cf-Id: zZTYVLGkHESee43vIpJitI9WC6GJCzUN7DcSZ_a8BFJoMSozg3TXng==
2023-03-29 08:50:34,655 - DEBUG - = connection is OPEN
2023-03-29 08:50:34,683 - DEBUG - > TEXT '[2, "31ed5f07-aa95-4a36-b210-26e529733786", "Bo...umber": "EVSCA070008"}]' [169 bytes]
2023-03-29 08:50:34,818 - DEBUG - < TEXT '[4, "31ed5f07-aa95-4a36-b210-26e529733786", {"e... system availability"}]' [161 bytes]
2023-03-29 08:50:34,843 - DEBUG - = connection is CLOSING
2023-03-29 08:50:34,843 - DEBUG - > CLOSE 1000 (OK) [2 bytes]
2023-03-29 08:50:34,851 - DEBUG - < CLOSE 1000 (OK) [2 bytes]
2023-03-29 08:50:34,854 - DEBUG - = connection is CLOSED
2023-03-29 08:50:34,865 - DEBUG - = connection is CONNECTING
2023-03-29 08:50:34,896 - DEBUG - > GET /ocpp16/ELA007C05/EVSCA050001 HTTP/1.1
2023-03-29 08:50:34,896 - DEBUG - > Host: ws.devevspcharger.uplus.co.kr
2023-03-29 08:50:34,896 - DEBUG - > Upgrade: websocket
2023-03-29 08:50:34,896 - DEBUG - > Connection: Upgrade
2023-03-29 08:50:34,896 - DEBUG - > Sec-WebSocket-Key: vow2t3DoXLADpKl/q8paFw==
2023-03-29 08:50:34,897 - DEBUG - > Sec-WebSocket-Version: 13
2023-03-29 08:50:34,897 - DEBUG - > Sec-WebSocket-Extensions: permessage-deflate; client_max_window_bits
2023-03-29 08:50:34,897 - DEBUG - > Sec-WebSocket-Protocol: ocpp1.6
2023-03-29 08:50:34,897 - DEBUG - > Authorization: Basic RVZBUjpFVkFSTEdV
2023-03-29 08:50:34,897 - DEBUG - > User-Agent: Python/3.11 websockets/10.4
2023-03-29 08:50:35,111 - DEBUG - < HTTP/1.1 101 Switching Protocols
2023-03-29 08:50:35,112 - DEBUG - < Connection: upgrade
2023-03-29 08:50:35,112 - DEBUG - < Date: Tue, 28 Mar 2023 23:50:31 GMT
2023-03-29 08:50:35,112 - DEBUG - < sec-websocket-protocol: ocpp1.6
2023-03-29 08:50:35,112 - DEBUG - < upgrade: websocket
2023-03-29 08:50:35,112 - DEBUG - < sec-websocket-accept: gczWNrQx2lIAPNTqZj9aCD9AJBY=
2023-03-29 08:50:35,112 - DEBUG - < sec-websocket-extensions: permessage-deflate
2023-03-29 08:50:35,113 - DEBUG - < X-Cache: Miss from cloudfront
2023-03-29 08:50:35,113 - DEBUG - < Via: 1.1 ba725da875f43fb311efeb484e55ed1a.cloudfront.net (CloudFront)
2023-03-29 08:50:35,113 - DEBUG - < X-Amz-Cf-Pop: ICN57-P2
2023-03-29 08:50:35,113 - DEBUG - < X-Amz-Cf-Id: tZcrgE9EV_QJuaKD-h7QaA1IFCfB2IUatAHxYHwZ960WbMRmzHWUHA==
2023-03-29 08:50:35,113 - DEBUG - = connection is OPEN
2023-03-29 08:50:35,148 - DEBUG - > TEXT '[2, "7d9ed194-2a57-46eb-9a5c-127b273ce894", "Bo...umber": "EVSCA070008"}]' [169 bytes]
2023-03-29 08:50:35,279 - DEBUG - < TEXT '[4, "7d9ed194-2a57-46eb-9a5c-127b273ce894", {"e... system availability"}]' [161 bytes]
2023-03-29 08:50:35,318 - DEBUG - = connection is CLOSING
2023-03-29 08:50:35,318 - DEBUG - > CLOSE 1000 (OK) [2 bytes]
2023-03-29 08:50:35,327 - DEBUG - < CLOSE 1000 (OK) [2 bytes]
2023-03-29 08:50:35,332 - DEBUG - = connection is CLOSED
2023-03-29 08:50:35,340 - DEBUG - = connection is CONNECTING
2023-03-29 08:50:35,376 - DEBUG - > GET /ocpp16/ELA007C05/EVSCA050001 HTTP/1.1
2023-03-29 08:50:35,377 - DEBUG - > Host: ws.devevspcharger.uplus.co.kr
2023-03-29 08:50:35,377 - DEBUG - > Upgrade: websocket
2023-03-29 08:50:35,377 - DEBUG - > Connection: Upgrade
2023-03-29 08:50:35,377 - DEBUG - > Sec-WebSocket-Key: qNMTyUOsh8ThFDsu5XrcKQ==
2023-03-29 08:50:35,377 - DEBUG - > Sec-WebSocket-Version: 13
2023-03-29 08:50:35,377 - DEBUG - > Sec-WebSocket-Extensions: permessage-deflate; client_max_window_bits
2023-03-29 08:50:35,377 - DEBUG - > Sec-WebSocket-Protocol: ocpp1.6
2023-03-29 08:50:35,377 - DEBUG - > Authorization: Basic RVZBUjpFVkFSTEdV
2023-03-29 08:50:35,377 - DEBUG - > User-Agent: Python/3.11 websockets/10.4
2023-03-29 08:50:35,575 - DEBUG - < HTTP/1.1 101 Switching Protocols
2023-03-29 08:50:35,575 - DEBUG - < Connection: upgrade
2023-03-29 08:50:35,575 - DEBUG - < Date: Tue, 28 Mar 2023 23:50:31 GMT
2023-03-29 08:50:35,575 - DEBUG - < sec-websocket-protocol: ocpp1.6
2023-03-29 08:50:35,575 - DEBUG - < upgrade: websocket
2023-03-29 08:50:35,575 - DEBUG - < sec-websocket-accept: ejNMj04hskMmRKfWMDbadsCKXkM=
2023-03-29 08:50:35,575 - DEBUG - < sec-websocket-extensions: permessage-deflate
2023-03-29 08:50:35,575 - DEBUG - < X-Cache: Miss from cloudfront
2023-03-29 08:50:35,575 - DEBUG - < Via: 1.1 ec48eafa1d18635bc3f389669b28a5b8.cloudfront.net (CloudFront)
2023-03-29 08:50:35,576 - DEBUG - < X-Amz-Cf-Pop: ICN57-P2
2023-03-29 08:50:35,576 - DEBUG - < X-Amz-Cf-Id: VMC9VfepXA6ZWjHR1Wiroanks16A7Q-1I_kzvrWTdl690g0YGfS9lg==
2023-03-29 08:50:35,576 - DEBUG - = connection is OPEN
2023-03-29 08:50:35,609 - DEBUG - > TEXT '[2, "dcdd7c62-24a8-4561-aaef-b8212a70cf0b", "Bo...umber": "EVSCA070008"}]' [169 bytes]
2023-03-29 08:50:35,723 - DEBUG - < TEXT '[4, "dcdd7c62-24a8-4561-aaef-b8212a70cf0b", {"e... system availability"}]' [161 bytes]
2023-03-29 08:50:35,773 - DEBUG - = connection is CLOSING
2023-03-29 08:50:35,774 - DEBUG - > CLOSE 1000 (OK) [2 bytes]
2023-03-29 08:50:35,782 - DEBUG - < CLOSE 1000 (OK) [2 bytes]
2023-03-29 08:50:35,785 - DEBUG - = connection is CLOSED
2023-03-29 08:50:35,794 - DEBUG - = connection is CONNECTING
2023-03-29 08:50:35,826 - DEBUG - > GET /ocpp16/ELA007C05/EVSCA050001 HTTP/1.1
2023-03-29 08:50:35,827 - DEBUG - > Host: ws.devevspcharger.uplus.co.kr
2023-03-29 08:50:35,827 - DEBUG - > Upgrade: websocket
2023-03-29 08:50:35,827 - DEBUG - > Connection: Upgrade
2023-03-29 08:50:35,828 - DEBUG - > Sec-WebSocket-Key: tqI0EDcxhkOWYjMCJDSh1g==
2023-03-29 08:50:35,828 - DEBUG - > Sec-WebSocket-Version: 13
2023-03-29 08:50:35,829 - DEBUG - > Sec-WebSocket-Extensions: permessage-deflate; client_max_window_bits
2023-03-29 08:50:35,829 - DEBUG - > Sec-WebSocket-Protocol: ocpp1.6
2023-03-29 08:50:35,829 - DEBUG - > Authorization: Basic RVZBUjpFVkFSTEdV
2023-03-29 08:50:35,830 - DEBUG - > User-Agent: Python/3.11 websockets/10.4
2023-03-29 08:50:36,071 - DEBUG - < HTTP/1.1 101 Switching Protocols
2023-03-29 08:50:36,071 - DEBUG - < Connection: upgrade
2023-03-29 08:50:36,072 - DEBUG - < Date: Tue, 28 Mar 2023 23:50:32 GMT
2023-03-29 08:50:36,072 - DEBUG - < sec-websocket-protocol: ocpp1.6
2023-03-29 08:50:36,072 - DEBUG - < upgrade: websocket
2023-03-29 08:50:36,072 - DEBUG - < sec-websocket-accept: fUOnJXqwky/VMrH4z25NA1mY1Xc=
2023-03-29 08:50:36,072 - DEBUG - < sec-websocket-extensions: permessage-deflate
2023-03-29 08:50:36,072 - DEBUG - < X-Cache: Miss from cloudfront
2023-03-29 08:50:36,072 - DEBUG - < Via: 1.1 0deed69f96030eea747cb7bfcfd21562.cloudfront.net (CloudFront)
2023-03-29 08:50:36,072 - DEBUG - < X-Amz-Cf-Pop: ICN57-P2
2023-03-29 08:50:36,072 - DEBUG - < X-Amz-Cf-Id: uTtYZW-FWrmV20MiJLn0q3pefkzFv6EfUlXxhDcf88JJo33EmAKNbw==
2023-03-29 08:50:36,073 - DEBUG - = connection is OPEN
2023-03-29 08:50:36,112 - DEBUG - > TEXT '[2, "924eef40-afd1-4b61-8d3b-d1a2da6085fd", "Bo...umber": "EVSCA070008"}]' [169 bytes]
2023-03-29 08:50:36,274 - DEBUG - < TEXT '[4, "924eef40-afd1-4b61-8d3b-d1a2da6085fd", {"e... system availability"}]' [161 bytes]
2023-03-29 08:50:36,299 - DEBUG - = connection is CLOSING
2023-03-29 08:50:36,299 - DEBUG - > CLOSE 1000 (OK) [2 bytes]
2023-03-29 08:50:36,313 - DEBUG - < CLOSE 1000 (OK) [2 bytes]
2023-03-29 08:50:36,316 - DEBUG - = connection is CLOSED
2023-03-29 08:51:31,366 - DEBUG - = connection is CONNECTING
2023-03-29 08:51:31,404 - DEBUG - > GET /ocpp16/ELA007C05/EVSCA050002 HTTP/1.1
2023-03-29 08:51:31,405 - DEBUG - > Host: ws.devevspcharger.uplus.co.kr
2023-03-29 08:51:31,405 - DEBUG - > Upgrade: websocket
2023-03-29 08:51:31,405 - DEBUG - > Connection: Upgrade
2023-03-29 08:51:31,405 - DEBUG - > Sec-WebSocket-Key: owlz3wYsQBoBR3IU5gdwJQ==
2023-03-29 08:51:31,405 - DEBUG - > Sec-WebSocket-Version: 13
2023-03-29 08:51:31,405 - DEBUG - > Sec-WebSocket-Extensions: permessage-deflate; client_max_window_bits
2023-03-29 08:51:31,405 - DEBUG - > Sec-WebSocket-Protocol: ocpp1.6
2023-03-29 08:51:31,405 - DEBUG - > Authorization: Basic RVZBUjpFVkFSTEdV
2023-03-29 08:51:31,405 - DEBUG - > User-Agent: Python/3.11 websockets/10.4
2023-03-29 08:51:31,651 - DEBUG - < HTTP/1.1 101 Switching Protocols
2023-03-29 08:51:31,651 - DEBUG - < Connection: upgrade
2023-03-29 08:51:31,651 - DEBUG - < Date: Tue, 28 Mar 2023 23:51:27 GMT
2023-03-29 08:51:31,652 - DEBUG - < sec-websocket-protocol: ocpp1.6
2023-03-29 08:51:31,652 - DEBUG - < upgrade: websocket
2023-03-29 08:51:31,652 - DEBUG - < sec-websocket-accept: vQt4QyCVDVZAc+9iSf4fP1gbXVM=
2023-03-29 08:51:31,652 - DEBUG - < sec-websocket-extensions: permessage-deflate
2023-03-29 08:51:31,652 - DEBUG - < X-Cache: Miss from cloudfront
2023-03-29 08:51:31,652 - DEBUG - < Via: 1.1 3c5e765ef2333ef04ef6f44a2b66ec12.cloudfront.net (CloudFront)
2023-03-29 08:51:31,652 - DEBUG - < X-Amz-Cf-Pop: ICN57-P2
2023-03-29 08:51:31,652 - DEBUG - < X-Amz-Cf-Id: zNcGIAMSzY7dJ48P8gwbPezjeJlOX1FrEP4-8cHYgqPY94gxycmIrA==
2023-03-29 08:51:31,652 - DEBUG - = connection is OPEN
2023-03-29 08:51:31,670 - DEBUG - > TEXT '[2, "d2bf4493-2939-4e22-b8e4-e50018d5259c", "Bo...umber": "EVSCA070008"}]' [169 bytes]
2023-03-29 08:51:31,799 - DEBUG - < TEXT '[4, "d2bf4493-2939-4e22-b8e4-e50018d5259c", {"e... system availability"}]' [161 bytes]
2023-03-29 08:51:31,815 - DEBUG - = connection is CLOSING
2023-03-29 08:51:31,815 - DEBUG - > CLOSE 1000 (OK) [2 bytes]
2023-03-29 08:51:31,823 - DEBUG - < CLOSE 1000 (OK) [2 bytes]
2023-03-29 08:51:31,828 - DEBUG - = connection is CLOSED
2023-03-29 08:51:50,454 - DEBUG - = connection is CONNECTING
2023-03-29 08:51:50,490 - DEBUG - > GET /ocpp16/ELA007C05/EVSCA050002 HTTP/1.1
2023-03-29 08:51:50,490 - DEBUG - > Host: ws.devevspcharger.uplus.co.kr
2023-03-29 08:51:50,490 - DEBUG - > Upgrade: websocket
2023-03-29 08:51:50,490 - DEBUG - > Connection: Upgrade
2023-03-29 08:51:50,490 - DEBUG - > Sec-WebSocket-Key: LoniBQBpfnCCqlr4MkiKmg==
2023-03-29 08:51:50,491 - DEBUG - > Sec-WebSocket-Version: 13
2023-03-29 08:51:50,491 - DEBUG - > Sec-WebSocket-Extensions: permessage-deflate; client_max_window_bits
2023-03-29 08:51:50,491 - DEBUG - > Sec-WebSocket-Protocol: ocpp1.6
2023-03-29 08:51:50,491 - DEBUG - > Authorization: Basic RVZBUjpFVkFSTEdV
2023-03-29 08:51:50,491 - DEBUG - > User-Agent: Python/3.11 websockets/10.4
2023-03-29 08:51:50,753 - DEBUG - < HTTP/1.1 101 Switching Protocols
2023-03-29 08:51:50,754 - DEBUG - < Connection: upgrade
2023-03-29 08:51:50,754 - DEBUG - < Date: Tue, 28 Mar 2023 23:51:47 GMT
2023-03-29 08:51:50,754 - DEBUG - < sec-websocket-protocol: ocpp1.6
2023-03-29 08:51:50,754 - DEBUG - < upgrade: websocket
2023-03-29 08:51:50,755 - DEBUG - < sec-websocket-accept: AWBJihPkDEOCfyRll7O57gosAJY=
2023-03-29 08:51:50,755 - DEBUG - < sec-websocket-extensions: permessage-deflate
2023-03-29 08:51:50,755 - DEBUG - < X-Cache: Miss from cloudfront
2023-03-29 08:51:50,756 - DEBUG - < Via: 1.1 bab1895e0b0b8d2cc8c02eee5d24db78.cloudfront.net (CloudFront)
2023-03-29 08:51:50,756 - DEBUG - < X-Amz-Cf-Pop: ICN57-P2
2023-03-29 08:51:50,756 - DEBUG - < X-Amz-Cf-Id: afJRbvNl0UdJB00kp8y9YCkKULYpKvav6Z69Fvo2KOm6URnvH57vrA==
2023-03-29 08:51:50,756 - DEBUG - = connection is OPEN
2023-03-29 08:51:50,793 - DEBUG - > TEXT '[2, "ebefee99-4ea2-47f3-b0d8-3c0f19c1c7fa", "Bo...umber": "EVSCA070008"}]' [169 bytes]
2023-03-29 08:51:50,941 - DEBUG - < TEXT '[4, "ebefee99-4ea2-47f3-b0d8-3c0f19c1c7fa", {"e... system availability"}]' [161 bytes]
2023-03-29 08:51:50,963 - DEBUG - = connection is CLOSING
2023-03-29 08:51:50,964 - DEBUG - > CLOSE 1000 (OK) [2 bytes]
2023-03-29 08:51:50,972 - DEBUG - < CLOSE 1000 (OK) [2 bytes]
2023-03-29 08:51:50,976 - DEBUG - = connection is CLOSED
2023-03-29 08:52:08,796 - DEBUG - = connection is CONNECTING
2023-03-29 08:52:08,831 - DEBUG - > GET /ocpp16/ELA007C05/EVSCA050002 HTTP/1.1
2023-03-29 08:52:08,831 - DEBUG - > Host: ws.devevspcharger.uplus.co.kr
2023-03-29 08:52:08,831 - DEBUG - > Upgrade: websocket
2023-03-29 08:52:08,831 - DEBUG - > Connection: Upgrade
2023-03-29 08:52:08,832 - DEBUG - > Sec-WebSocket-Key: hBl2zd6mg8oZlD3TKbLt7A==
2023-03-29 08:52:08,832 - DEBUG - > Sec-WebSocket-Version: 13
2023-03-29 08:52:08,832 - DEBUG - > Sec-WebSocket-Extensions: permessage-deflate; client_max_window_bits
2023-03-29 08:52:08,832 - DEBUG - > Sec-WebSocket-Protocol: ocpp1.6
2023-03-29 08:52:08,832 - DEBUG - > Authorization: Basic RVZBUjpFVkFSTEdV
2023-03-29 08:52:08,832 - DEBUG - > User-Agent: Python/3.11 websockets/10.4
2023-03-29 08:52:09,113 - DEBUG - < HTTP/1.1 101 Switching Protocols
2023-03-29 08:52:09,115 - DEBUG - < Connection: upgrade
2023-03-29 08:52:09,115 - DEBUG - < Date: Tue, 28 Mar 2023 23:52:05 GMT
2023-03-29 08:52:09,115 - DEBUG - < sec-websocket-protocol: ocpp1.6
2023-03-29 08:52:09,115 - DEBUG - < upgrade: websocket
2023-03-29 08:52:09,115 - DEBUG - < sec-websocket-accept: YE15zdafVhFjpx8vqkjgBx0RcF0=
2023-03-29 08:52:09,116 - DEBUG - < sec-websocket-extensions: permessage-deflate
2023-03-29 08:52:09,116 - DEBUG - < X-Cache: Miss from cloudfront
2023-03-29 08:52:09,116 - DEBUG - < Via: 1.1 addf940186af6aa7dc864a17e45130c6.cloudfront.net (CloudFront)
2023-03-29 08:52:09,116 - DEBUG - < X-Amz-Cf-Pop: ICN57-P2
2023-03-29 08:52:09,116 - DEBUG - < X-Amz-Cf-Id: dV4HgRTJ_IimU9RZ3DOG0pCJhZd17SYSBaztsxE-3eS72woy5x59zA==
2023-03-29 08:52:09,116 - DEBUG - = connection is OPEN
2023-03-29 08:52:09,141 - DEBUG - > TEXT '[2, "8618bcb2-4612-4544-8140-f27197d20f42", "Bo...umber": "EVSCA070008"}]' [169 bytes]
2023-03-29 08:52:09,258 - DEBUG - < TEXT '[4, "8618bcb2-4612-4544-8140-f27197d20f42", {"e... system availability"}]' [161 bytes]
2023-03-29 08:52:09,282 - DEBUG - = connection is CLOSING
2023-03-29 08:52:09,282 - DEBUG - > CLOSE 1000 (OK) [2 bytes]
2023-03-29 08:52:09,289 - DEBUG - < CLOSE 1000 (OK) [2 bytes]
2023-03-29 08:52:09,298 - DEBUG - = connection is CLOSED
2023-03-29 08:52:31,410 - DEBUG - = connection is CONNECTING
2023-03-29 08:52:31,439 - DEBUG - > GET /ocpp16/ELA007C05/EVSCA050001 HTTP/1.1
2023-03-29 08:52:31,440 - DEBUG - > Host: ws.devevspcharger.uplus.co.kr
2023-03-29 08:52:31,440 - DEBUG - > Upgrade: websocket
2023-03-29 08:52:31,442 - DEBUG - > Connection: Upgrade
2023-03-29 08:52:31,442 - DEBUG - > Sec-WebSocket-Key: YUQ6vIhUxuUQPLkEeZPw0A==
2023-03-29 08:52:31,442 - DEBUG - > Sec-WebSocket-Version: 13
2023-03-29 08:52:31,442 - DEBUG - > Sec-WebSocket-Extensions: permessage-deflate; client_max_window_bits
2023-03-29 08:52:31,442 - DEBUG - > Sec-WebSocket-Protocol: ocpp1.6
2023-03-29 08:52:31,442 - DEBUG - > Authorization: Basic RVZBUjpFVkFSTEdV
2023-03-29 08:52:31,442 - DEBUG - > User-Agent: Python/3.11 websockets/10.4
2023-03-29 08:52:31,662 - DEBUG - < HTTP/1.1 101 Switching Protocols
2023-03-29 08:52:31,662 - DEBUG - < Connection: upgrade
2023-03-29 08:52:31,662 - DEBUG - < Date: Tue, 28 Mar 2023 23:52:27 GMT
2023-03-29 08:52:31,662 - DEBUG - < sec-websocket-protocol: ocpp1.6
2023-03-29 08:52:31,662 - DEBUG - < upgrade: websocket
2023-03-29 08:52:31,662 - DEBUG - < sec-websocket-accept: Ia+8Zn1C0upHqDvXnBaxFsGBwXs=
2023-03-29 08:52:31,662 - DEBUG - < sec-websocket-extensions: permessage-deflate
2023-03-29 08:52:31,662 - DEBUG - < X-Cache: Miss from cloudfront
2023-03-29 08:52:31,662 - DEBUG - < Via: 1.1 9ce5dfe6a640bb6a762b3c2889e2317e.cloudfront.net (CloudFront)
2023-03-29 08:52:31,662 - DEBUG - < X-Amz-Cf-Pop: ICN57-P2
2023-03-29 08:52:31,663 - DEBUG - < X-Amz-Cf-Id: BnkaGOpznZ2PSQNKrBrwPpQgmtvz4IaeRtaGyWmVVjjanp7iEkaUVA==
2023-03-29 08:52:31,663 - DEBUG - = connection is OPEN
2023-03-29 08:52:31,699 - DEBUG - > TEXT '[2, "007b6256-0d77-44d9-aa11-5c80590c5b17", "Bo...umber": "EVSCA070008"}]' [169 bytes]
2023-03-29 08:52:31,818 - DEBUG - < TEXT '[4, "007b6256-0d77-44d9-aa11-5c80590c5b17", {"e... system availability"}]' [161 bytes]
2023-03-29 08:52:31,841 - DEBUG - = connection is CLOSING
2023-03-29 08:52:31,842 - DEBUG - > CLOSE 1000 (OK) [2 bytes]
2023-03-29 08:52:31,851 - DEBUG - < CLOSE 1000 (OK) [2 bytes]
2023-03-29 08:52:31,856 - DEBUG - = connection is CLOSED
2023-03-29 08:54:36,598 - DEBUG - = connection is CONNECTING
2023-03-29 08:54:36,632 - DEBUG - > GET /ocpp16/ELA007C05/EVSCA050001 HTTP/1.1
2023-03-29 08:54:36,632 - DEBUG - > Host: ws.devevspcharger.uplus.co.kr
2023-03-29 08:54:36,632 - DEBUG - > Upgrade: websocket
2023-03-29 08:54:36,632 - DEBUG - > Connection: Upgrade
2023-03-29 08:54:36,633 - DEBUG - > Sec-WebSocket-Key: zu8y9qtPboMnFI5RESNiWw==
2023-03-29 08:54:36,633 - DEBUG - > Sec-WebSocket-Version: 13
2023-03-29 08:54:36,633 - DEBUG - > Sec-WebSocket-Extensions: permessage-deflate; client_max_window_bits
2023-03-29 08:54:36,633 - DEBUG - > Sec-WebSocket-Protocol: ocpp1.6
2023-03-29 08:54:36,633 - DEBUG - > Authorization: Basic RVZBUjpFVkFSTEdV
2023-03-29 08:54:36,634 - DEBUG - > User-Agent: Python/3.11 websockets/10.4
2023-03-29 08:54:37,155 - DEBUG - < HTTP/1.1 101 Switching Protocols
2023-03-29 08:54:37,155 - DEBUG - < Connection: upgrade
2023-03-29 08:54:37,156 - DEBUG - < Date: Tue, 28 Mar 2023 23:54:33 GMT
2023-03-29 08:54:37,156 - DEBUG - < sec-websocket-protocol: ocpp1.6
2023-03-29 08:54:37,156 - DEBUG - < upgrade: websocket
2023-03-29 08:54:37,156 - DEBUG - < sec-websocket-accept: qsHR5o+ZPgWjH5J/RxOhItbOZt4=
2023-03-29 08:54:37,156 - DEBUG - < sec-websocket-extensions: permessage-deflate
2023-03-29 08:54:37,156 - DEBUG - < X-Cache: Miss from cloudfront
2023-03-29 08:54:37,156 - DEBUG - < Via: 1.1 88978ba000ab6fbb0841a728290a8442.cloudfront.net (CloudFront)
2023-03-29 08:54:37,156 - DEBUG - < X-Amz-Cf-Pop: ICN57-P2
2023-03-29 08:54:37,156 - DEBUG - < X-Amz-Cf-Id: ja_5daRmSoy8uRlvYTZLg7I3FgwxGX1aIHrKeksA7Ow2M6WX1oGnvg==
2023-03-29 08:54:37,156 - DEBUG - = connection is OPEN
2023-03-29 08:54:37,178 - DEBUG - > TEXT '[2, "47023d42-edc7-4034-b1e1-9230c41add01", "Bo...umber": "EVSCA070008"}]' [169 bytes]
2023-03-29 08:54:37,480 - DEBUG - < TEXT '[4, "47023d42-edc7-4034-b1e1-9230c41add01", {"e... system availability"}]' [161 bytes]
2023-03-29 08:54:37,507 - DEBUG - = connection is CLOSING
2023-03-29 08:54:37,507 - DEBUG - > CLOSE 1000 (OK) [2 bytes]
2023-03-29 08:54:37,516 - DEBUG - < CLOSE 1000 (OK) [2 bytes]
2023-03-29 08:54:37,519 - DEBUG - = connection is CLOSED
2023-03-29 08:54:59,166 - DEBUG - = connection is CONNECTING
2023-03-29 08:54:59,196 - DEBUG - > GET /ocpp16/ELA007C05/EVSCA050001 HTTP/1.1
2023-03-29 08:54:59,197 - DEBUG - > Host: ws.devevspcharger.uplus.co.kr
2023-03-29 08:54:59,198 - DEBUG - > Upgrade: websocket
2023-03-29 08:54:59,198 - DEBUG - > Connection: Upgrade
2023-03-29 08:54:59,198 - DEBUG - > Sec-WebSocket-Key: zrSEZbqJKEsCHZTRaJ0ybg==
2023-03-29 08:54:59,198 - DEBUG - > Sec-WebSocket-Version: 13
2023-03-29 08:54:59,198 - DEBUG - > Sec-WebSocket-Extensions: permessage-deflate; client_max_window_bits
2023-03-29 08:54:59,198 - DEBUG - > Sec-WebSocket-Protocol: ocpp1.6
2023-03-29 08:54:59,198 - DEBUG - > Authorization: Basic RVZBUjpFVkFSTEdV
2023-03-29 08:54:59,198 - DEBUG - > User-Agent: Python/3.11 websockets/10.4
2023-03-29 08:54:59,437 - DEBUG - < HTTP/1.1 101 Switching Protocols
2023-03-29 08:54:59,437 - DEBUG - < Connection: upgrade
2023-03-29 08:54:59,437 - DEBUG - < Date: Tue, 28 Mar 2023 23:54:55 GMT
2023-03-29 08:54:59,437 - DEBUG - < sec-websocket-protocol: ocpp1.6
2023-03-29 08:54:59,437 - DEBUG - < upgrade: websocket
2023-03-29 08:54:59,438 - DEBUG - < sec-websocket-accept: UR/k8vRjUQK8ziBUo+z29CpGGrY=
2023-03-29 08:54:59,438 - DEBUG - < sec-websocket-extensions: permessage-deflate
2023-03-29 08:54:59,438 - DEBUG - < X-Cache: Miss from cloudfront
2023-03-29 08:54:59,438 - DEBUG - < Via: 1.1 3ced0108f56d0634c19ad34e6b299e80.cloudfront.net (CloudFront)
2023-03-29 08:54:59,438 - DEBUG - < X-Amz-Cf-Pop: ICN57-P2
2023-03-29 08:54:59,438 - DEBUG - < X-Amz-Cf-Id: rgUmzj-xdc_ydBh5huGQ0bF2XmVSLEDhrVPS6FyHyN96DRu9UhSlUg==
2023-03-29 08:54:59,438 - DEBUG - = connection is OPEN
2023-03-29 08:54:59,479 - DEBUG - > TEXT '[2, "398cb597-9784-4fe2-b9ff-2e2a95813dbc", "Bo...umber": "EVSCA070008"}]' [169 bytes]
2023-03-29 08:54:59,630 - DEBUG - < TEXT '[4, "398cb597-9784-4fe2-b9ff-2e2a95813dbc", {"e... system availability"}]' [161 bytes]
2023-03-29 08:54:59,675 - DEBUG - = connection is CLOSING
2023-03-29 08:54:59,676 - DEBUG - > CLOSE 1000 (OK) [2 bytes]
2023-03-29 08:54:59,705 - DEBUG - < CLOSE 1000 (OK) [2 bytes]
2023-03-29 08:54:59,717 - DEBUG - = connection is CLOSED
2023-03-29 08:55:31,719 - DEBUG - = connection is CONNECTING
2023-03-29 08:55:31,764 - DEBUG - > GET /ocpp16/ELA007C05/EVSCA050001 HTTP/1.1
2023-03-29 08:55:31,765 - DEBUG - > Host: ws.devevspcharger.uplus.co.kr
2023-03-29 08:55:31,765 - DEBUG - > Upgrade: websocket
2023-03-29 08:55:31,765 - DEBUG - > Connection: Upgrade
2023-03-29 08:55:31,765 - DEBUG - > Sec-WebSocket-Key: o1PN7L4IGA9muucY0L/5Eg==
2023-03-29 08:55:31,765 - DEBUG - > Sec-WebSocket-Version: 13
2023-03-29 08:55:31,765 - DEBUG - > Sec-WebSocket-Extensions: permessage-deflate; client_max_window_bits
2023-03-29 08:55:31,766 - DEBUG - > Sec-WebSocket-Protocol: ocpp1.6
2023-03-29 08:55:31,766 - DEBUG - > Authorization: Basic RVZBUjpFVkFSTEdV
2023-03-29 08:55:31,766 - DEBUG - > User-Agent: Python/3.11 websockets/10.4
2023-03-29 08:55:31,995 - DEBUG - < HTTP/1.1 101 Switching Protocols
2023-03-29 08:55:31,995 - DEBUG - < Connection: upgrade
2023-03-29 08:55:31,996 - DEBUG - < Date: Tue, 28 Mar 2023 23:55:28 GMT
2023-03-29 08:55:31,996 - DEBUG - < sec-websocket-protocol: ocpp1.6
2023-03-29 08:55:31,996 - DEBUG - < upgrade: websocket
2023-03-29 08:55:31,996 - DEBUG - < sec-websocket-accept: Et5EpyNyMKrE+MtiQkJEQDC4Ovw=
2023-03-29 08:55:31,996 - DEBUG - < sec-websocket-extensions: permessage-deflate
2023-03-29 08:55:31,996 - DEBUG - < X-Cache: Miss from cloudfront
2023-03-29 08:55:31,996 - DEBUG - < Via: 1.1 013a9ec825a751410eced78024a9ae1a.cloudfront.net (CloudFront)
2023-03-29 08:55:31,996 - DEBUG - < X-Amz-Cf-Pop: ICN57-P2
2023-03-29 08:55:31,996 - DEBUG - < X-Amz-Cf-Id: b2lozrqLviYiuFL30cD2trdXWBSh3P6lDdUfzg2V3hC2g1nyeYA4ZA==
2023-03-29 08:55:31,996 - DEBUG - = connection is OPEN
2023-03-29 08:55:32,023 - DEBUG - > TEXT '[2, "b7808f0c-ffe9-4943-acb5-27057d499106", "Bo...umber": "EVSCA070008"}]' [169 bytes]
2023-03-29 08:55:32,144 - DEBUG - < TEXT '[4, "b7808f0c-ffe9-4943-acb5-27057d499106", {"e... system availability"}]' [161 bytes]
2023-03-29 08:55:32,175 - DEBUG - = connection is CLOSING
2023-03-29 08:55:32,175 - DEBUG - > CLOSE 1000 (OK) [2 bytes]
2023-03-29 08:55:32,182 - DEBUG - < CLOSE 1000 (OK) [2 bytes]
2023-03-29 08:55:32,190 - DEBUG - = connection is CLOSED
2023-03-29 08:56:03,337 - DEBUG - = connection is CONNECTING
2023-03-29 08:56:03,379 - DEBUG - > GET /ocpp16/ELA007C05/EVSCA050001 HTTP/1.1
2023-03-29 08:56:03,379 - DEBUG - > Host: ws.devevspcharger.uplus.co.kr
2023-03-29 08:56:03,379 - DEBUG - > Upgrade: websocket
2023-03-29 08:56:03,380 - DEBUG - > Connection: Upgrade
2023-03-29 08:56:03,380 - DEBUG - > Sec-WebSocket-Key: S8ilX25Bxjuz1yg5hG+s4Q==
2023-03-29 08:56:03,380 - DEBUG - > Sec-WebSocket-Version: 13
2023-03-29 08:56:03,380 - DEBUG - > Sec-WebSocket-Extensions: permessage-deflate; client_max_window_bits
2023-03-29 08:56:03,380 - DEBUG - > Sec-WebSocket-Protocol: ocpp1.6
2023-03-29 08:56:03,380 - DEBUG - > Authorization: Basic RVZBUjpFVkFSTEdV
2023-03-29 08:56:03,380 - DEBUG - > User-Agent: Python/3.11 websockets/10.4
2023-03-29 08:56:03,575 - DEBUG - < HTTP/1.1 101 Switching Protocols
2023-03-29 08:56:03,575 - DEBUG - < Connection: upgrade
2023-03-29 08:56:03,575 - DEBUG - < Date: Tue, 28 Mar 2023 23:55:59 GMT
2023-03-29 08:56:03,576 - DEBUG - < sec-websocket-protocol: ocpp1.6
2023-03-29 08:56:03,576 - DEBUG - < upgrade: websocket
2023-03-29 08:56:03,576 - DEBUG - < sec-websocket-accept: FFKSVClpdUuSL7e6l7XIR7eO7GA=
2023-03-29 08:56:03,576 - DEBUG - < sec-websocket-extensions: permessage-deflate
2023-03-29 08:56:03,576 - DEBUG - < X-Cache: Miss from cloudfront
2023-03-29 08:56:03,576 - DEBUG - < Via: 1.1 e649e91ecb78f4d44c5fc28ed185c6e0.cloudfront.net (CloudFront)
2023-03-29 08:56:03,576 - DEBUG - < X-Amz-Cf-Pop: ICN57-P2
2023-03-29 08:56:03,576 - DEBUG - < X-Amz-Cf-Id: xa_faAmSQ76H7xkIMFLs3emOJce-9jTgcPmvlkcx7RXe-75c6EY8QA==
2023-03-29 08:56:03,576 - DEBUG - = connection is OPEN
2023-03-29 08:56:03,609 - DEBUG - > TEXT '[2, "b9a5f701-acf9-4f5f-ac1e-f75fcfe4e098", "Bo...umber": "EVSCA070008"}]' [169 bytes]
2023-03-29 08:56:03,722 - DEBUG - < TEXT '[4, "b9a5f701-acf9-4f5f-ac1e-f75fcfe4e098", {"e... system availability"}]' [161 bytes]
2023-03-29 08:56:03,748 - DEBUG - = connection is CLOSING
2023-03-29 08:56:03,748 - DEBUG - > CLOSE 1000 (OK) [2 bytes]
2023-03-29 08:56:03,756 - DEBUG - < CLOSE 1000 (OK) [2 bytes]
2023-03-29 08:56:03,759 - DEBUG - = connection is CLOSED
2023-03-29 08:56:26,275 - DEBUG - = connection is CONNECTING
2023-03-29 08:56:26,319 - DEBUG - > GET /ocpp16/ELA007C05/EVSCA050001 HTTP/1.1
2023-03-29 08:56:26,320 - DEBUG - > Host: ws.devevspcharger.uplus.co.kr
2023-03-29 08:56:26,320 - DEBUG - > Upgrade: websocket
2023-03-29 08:56:26,320 - DEBUG - > Connection: Upgrade
2023-03-29 08:56:26,320 - DEBUG - > Sec-WebSocket-Key: ELi062RclzoKwGcMZpHLfQ==
2023-03-29 08:56:26,320 - DEBUG - > Sec-WebSocket-Version: 13
2023-03-29 08:56:26,320 - DEBUG - > Sec-WebSocket-Extensions: permessage-deflate; client_max_window_bits
2023-03-29 08:56:26,320 - DEBUG - > Sec-WebSocket-Protocol: ocpp1.6
2023-03-29 08:56:26,320 - DEBUG - > Authorization: Basic RVZBUjpFVkFSTEdV
2023-03-29 08:56:26,321 - DEBUG - > User-Agent: Python/3.11 websockets/10.4
2023-03-29 08:56:26,559 - DEBUG - < HTTP/1.1 101 Switching Protocols
2023-03-29 08:56:26,559 - DEBUG - < Connection: upgrade
2023-03-29 08:56:26,559 - DEBUG - < Date: Tue, 28 Mar 2023 23:56:22 GMT
2023-03-29 08:56:26,560 - DEBUG - < sec-websocket-protocol: ocpp1.6
2023-03-29 08:56:26,560 - DEBUG - < upgrade: websocket
2023-03-29 08:56:26,560 - DEBUG - < sec-websocket-accept: 6UwRfyzVuqUZC9MOzcyPNLdJe1w=
2023-03-29 08:56:26,561 - DEBUG - < sec-websocket-extensions: permessage-deflate
2023-03-29 08:56:26,561 - DEBUG - < X-Cache: Miss from cloudfront
2023-03-29 08:56:26,562 - DEBUG - < Via: 1.1 3c5e765ef2333ef04ef6f44a2b66ec12.cloudfront.net (CloudFront)
2023-03-29 08:56:26,563 - DEBUG - < X-Amz-Cf-Pop: ICN57-P2
2023-03-29 08:56:26,563 - DEBUG - < X-Amz-Cf-Id: N5DZdwanDdGonM9fC5W5_tzN7VGB25EASYe_dbHOoMPTYMlCua2LAg==
2023-03-29 08:56:26,563 - DEBUG - = connection is OPEN
2023-03-29 08:56:26,588 - DEBUG - > TEXT '[2, "d9da0d5e-bf94-4eb8-9dfa-504eeb3615f3", "Bo...umber": "EVSCA070008"}]' [169 bytes]
2023-03-29 08:56:26,704 - DEBUG - < TEXT '[4, "d9da0d5e-bf94-4eb8-9dfa-504eeb3615f3", {"e... system availability"}]' [161 bytes]
2023-03-29 08:56:26,729 - DEBUG - = connection is CLOSING
2023-03-29 08:56:26,730 - DEBUG - > CLOSE 1000 (OK) [2 bytes]
2023-03-29 08:56:26,739 - DEBUG - < CLOSE 1000 (OK) [2 bytes]
2023-03-29 08:56:26,748 - DEBUG - = connection is CLOSED
2023-03-29 08:57:48,119 - DEBUG - = connection is CONNECTING
2023-03-29 08:57:48,149 - DEBUG - > GET /ocpp16/ELA007C05/EVSCA050001 HTTP/1.1
2023-03-29 08:57:48,150 - DEBUG - > Host: ws.devevspcharger.uplus.co.kr
2023-03-29 08:57:48,150 - DEBUG - > Upgrade: websocket
2023-03-29 08:57:48,151 - DEBUG - > Connection: Upgrade
2023-03-29 08:57:48,151 - DEBUG - > Sec-WebSocket-Key: I9x02YNOjx8fI/1q8ngDpg==
2023-03-29 08:57:48,151 - DEBUG - > Sec-WebSocket-Version: 13
2023-03-29 08:57:48,151 - DEBUG - > Sec-WebSocket-Extensions: permessage-deflate; client_max_window_bits
2023-03-29 08:57:48,151 - DEBUG - > Sec-WebSocket-Protocol: ocpp1.6
2023-03-29 08:57:48,151 - DEBUG - > Authorization: Basic RVZBUjpFVkFSTEdV
2023-03-29 08:57:48,151 - DEBUG - > User-Agent: Python/3.11 websockets/10.4
2023-03-29 08:57:48,677 - DEBUG - < HTTP/1.1 101 Switching Protocols
2023-03-29 08:57:48,677 - DEBUG - < Connection: upgrade
2023-03-29 08:57:48,677 - DEBUG - < Date: Tue, 28 Mar 2023 23:57:44 GMT
2023-03-29 08:57:48,677 - DEBUG - < sec-websocket-protocol: ocpp1.6
2023-03-29 08:57:48,677 - DEBUG - < upgrade: websocket
2023-03-29 08:57:48,677 - DEBUG - < sec-websocket-accept: XShnZvbo/ceImu0i2VmDfS40dqI=
2023-03-29 08:57:48,677 - DEBUG - < sec-websocket-extensions: permessage-deflate
2023-03-29 08:57:48,677 - DEBUG - < X-Cache: Miss from cloudfront
2023-03-29 08:57:48,677 - DEBUG - < Via: 1.1 5b6f80c06c5584561e15bd2fd58882ee.cloudfront.net (CloudFront)
2023-03-29 08:57:48,678 - DEBUG - < X-Amz-Cf-Pop: ICN57-P2
2023-03-29 08:57:48,678 - DEBUG - < X-Amz-Cf-Id: K0-VSi-dhKMXBLjRWHzQViL-HfrPwewN6gXRD1-u2pKVxFW6PajsSg==
2023-03-29 08:57:48,678 - DEBUG - = connection is OPEN
2023-03-29 08:57:48,709 - DEBUG - > TEXT '[2, "19cd4f51-1be2-4633-af52-ad706f4e26d0", "Bo...umber": "EVSCA070008"}]' [169 bytes]
2023-03-29 08:57:48,841 - DEBUG - < TEXT '[4, "19cd4f51-1be2-4633-af52-ad706f4e26d0", {"e... system availability"}]' [161 bytes]
2023-03-29 08:57:48,865 - DEBUG - = connection is CLOSING
2023-03-29 08:57:48,865 - DEBUG - > CLOSE 1000 (OK) [2 bytes]
2023-03-29 08:57:48,875 - DEBUG - < CLOSE 1000 (OK) [2 bytes]
2023-03-29 08:57:48,879 - DEBUG - = connection is CLOSED
2023-03-29 08:58:20,344 - DEBUG - = connection is CONNECTING
2023-03-29 08:58:20,387 - DEBUG - > GET /ocpp16/ELA007C05/EVSCA050001 HTTP/1.1
2023-03-29 08:58:20,387 - DEBUG - > Host: ws.devevspcharger.uplus.co.kr
2023-03-29 08:58:20,388 - DEBUG - > Upgrade: websocket
2023-03-29 08:58:20,389 - DEBUG - > Connection: Upgrade
2023-03-29 08:58:20,391 - DEBUG - > Sec-WebSocket-Key: e3EXTvvZXbmIJPoV/HKOmw==
2023-03-29 08:58:20,391 - DEBUG - > Sec-WebSocket-Version: 13
2023-03-29 08:58:20,391 - DEBUG - > Sec-WebSocket-Extensions: permessage-deflate; client_max_window_bits
2023-03-29 08:58:20,391 - DEBUG - > Sec-WebSocket-Protocol: ocpp1.6
2023-03-29 08:58:20,391 - DEBUG - > Authorization: Basic RVZBUjpFVkFSTEdV
2023-03-29 08:58:20,391 - DEBUG - > User-Agent: Python/3.11 websockets/10.4
2023-03-29 08:58:20,618 - DEBUG - < HTTP/1.1 101 Switching Protocols
2023-03-29 08:58:20,618 - DEBUG - < Connection: upgrade
2023-03-29 08:58:20,618 - DEBUG - < Date: Tue, 28 Mar 2023 23:58:16 GMT
2023-03-29 08:58:20,618 - DEBUG - < sec-websocket-protocol: ocpp1.6
2023-03-29 08:58:20,618 - DEBUG - < upgrade: websocket
2023-03-29 08:58:20,618 - DEBUG - < sec-websocket-accept: B4hatW/p4vNnzoIBPC/hqa1191M=
2023-03-29 08:58:20,618 - DEBUG - < sec-websocket-extensions: permessage-deflate
2023-03-29 08:58:20,619 - DEBUG - < X-Cache: Miss from cloudfront
2023-03-29 08:58:20,620 - DEBUG - < Via: 1.1 9ae7abacc9e2c811909db23dbe603ad4.cloudfront.net (CloudFront)
2023-03-29 08:58:20,620 - DEBUG - < X-Amz-Cf-Pop: ICN57-P2
2023-03-29 08:58:20,620 - DEBUG - < X-Amz-Cf-Id: fMx3DB9wfX3cJ6x8deIig2CwdrlxjqUD7dZ92nHBAGeqniDZtS21tA==
2023-03-29 08:58:20,620 - DEBUG - = connection is OPEN
2023-03-29 08:58:20,654 - DEBUG - > TEXT '[2, "1230e74f-b3cd-4445-a8a1-adf50a8fc193", "Bo...ePointVendor": "EVAR"}]' [127 bytes]
2023-03-29 08:58:20,857 - DEBUG - < TEXT '[3, "1230e74f-b3cd-4445-a8a1-adf50a8fc193", {"s...17Z", "interval": 600}]' [123 bytes]
2023-03-29 08:58:20,893 - DEBUG - Starting new HTTPS connection (1): 8b434254zg.execute-api.ap-northeast-2.amazonaws.com:443
2023-03-29 08:58:22,342 - DEBUG - https://8b434254zg.execute-api.ap-northeast-2.amazonaws.com:443 "POST /dev/ioc HTTP/1.1" 200 167
2023-03-29 08:58:22,391 - DEBUG - < TEXT '[2, "3f339cdd-6ef4-4eb1-b9ae-7973e2fb761d", "Ch...nId", "value": "true"}]' [122 bytes]
2023-03-29 08:58:22,395 - DEBUG - > TEXT '[3, "3f339cdd-6ef4-4eb1-b9ae-7973e2fb761d", {"status": "Accepted"}]' [67 bytes]
2023-03-29 08:58:22,561 - DEBUG - < TEXT '' [0 bytes]
2023-03-29 08:58:22,609 - DEBUG - Starting new HTTPS connection (1): 8b434254zg.execute-api.ap-northeast-2.amazonaws.com:443
2023-03-29 08:58:23,024 - DEBUG - https://8b434254zg.execute-api.ap-northeast-2.amazonaws.com:443 "POST /dev/ioc HTTP/1.1" 200 162
2023-03-29 08:58:23,081 - DEBUG - < TEXT '[2, "b05daf66-dfc3-48f3-9d6f-34eefc6a5381", "Ch...ine", "value": "true"}]' [117 bytes]
2023-03-29 08:58:23,086 - DEBUG - > TEXT '[3, "b05daf66-dfc3-48f3-9d6f-34eefc6a5381", {"status": "Accepted"}]' [67 bytes]
2023-03-29 08:58:23,263 - DEBUG - < TEXT '' [0 bytes]
2023-03-29 08:58:23,305 - DEBUG - Starting new HTTPS connection (1): 8b434254zg.execute-api.ap-northeast-2.amazonaws.com:443
2023-03-29 08:58:23,726 - DEBUG - https://8b434254zg.execute-api.ap-northeast-2.amazonaws.com:443 "POST /dev/ioc HTTP/1.1" 200 106
2023-03-29 08:58:23,820 - DEBUG - < TEXT '[2, "adb61184-933a-4782-abb4-948921f9ab04", "ClearCache", {}]' [61 bytes]
2023-03-29 08:58:23,836 - DEBUG - > TEXT '[3, "adb61184-933a-4782-abb4-948921f9ab04", {"status": "Accepted"}]' [67 bytes]
2023-03-29 08:58:24,002 - DEBUG - < TEXT '' [0 bytes]
2023-03-29 08:58:24,041 - DEBUG - > TEXT '[2, "9d8a096a-c1a6-4447-b0ce-5aa94f3da588", "St...2023-03-29T08:58:20Z"}]' [170 bytes]
2023-03-29 08:58:24,302 - DEBUG - < TEXT '[3, "9d8a096a-c1a6-4447-b0ce-5aa94f3da588", {"t...{"status": "Invalid"}}]' [109 bytes]
2023-03-29 08:58:24,362 - DEBUG - > TEXT '[2, "1230e74f-b3cd-4445-a8a1-adf50a8fc193", "St... "status": "Charging"}]' [131 bytes]
2023-03-29 08:58:24,542 - DEBUG - < TEXT '[3, "1230e74f-b3cd-4445-a8a1-adf50a8fc193", {}]' [47 bytes]
2023-03-29 08:58:24,591 - DEBUG - > TEXT '[2, "e02a81a4-6efc-405d-a456-7bde4d4ab18b", "St...ason": "DeAuthorized"}]' [175 bytes]
2023-03-29 08:58:24,802 - DEBUG - < TEXT '[3, "e02a81a4-6efc-405d-a456-7bde4d4ab18b", {"i...{"status": "Invalid"}}]' [81 bytes]
2023-03-29 08:58:24,847 - DEBUG - > TEXT '[2, "8686f704-0b5c-42ad-a1da-86544e6794cf", "St..."status": "Finishing"}]' [132 bytes]
2023-03-29 08:58:25,045 - DEBUG - < TEXT '[3, "8686f704-0b5c-42ad-a1da-86544e6794cf", {}]' [47 bytes]
2023-03-29 08:58:25,093 - DEBUG - > TEXT '[2, "9ca8ea4f-e70d-46b6-a9a4-a74cbb96943f", "St..."status": "Available"}]' [132 bytes]
2023-03-29 08:58:25,262 - DEBUG - < TEXT '[3, "9ca8ea4f-e70d-46b6-a9a4-a74cbb96943f", {}]' [47 bytes]
2023-03-29 08:58:25,293 - DEBUG - = connection is CLOSING
2023-03-29 08:58:25,294 - DEBUG - > CLOSE 1000 (OK) [2 bytes]
2023-03-29 08:58:25,309 - DEBUG - < CLOSE 1000 (OK) [2 bytes]
2023-03-29 08:58:25,311 - DEBUG - = connection is CLOSED
2023-03-29 08:58:31,048 - DEBUG - = connection is CONNECTING
2023-03-29 08:58:31,081 - DEBUG - > GET /ocpp16/ELA007C05/EVSCA050001 HTTP/1.1
2023-03-29 08:58:31,081 - DEBUG - > Host: ws.devevspcharger.uplus.co.kr
2023-03-29 08:58:31,081 - DEBUG - > Upgrade: websocket
2023-03-29 08:58:31,082 - DEBUG - > Connection: Upgrade
2023-03-29 08:58:31,082 - DEBUG - > Sec-WebSocket-Key: 8UdS95OrWO2SpV66g85CFg==
2023-03-29 08:58:31,082 - DEBUG - > Sec-WebSocket-Version: 13
2023-03-29 08:58:31,082 - DEBUG - > Sec-WebSocket-Extensions: permessage-deflate; client_max_window_bits
2023-03-29 08:58:31,082 - DEBUG - > Sec-WebSocket-Protocol: ocpp1.6
2023-03-29 08:58:31,082 - DEBUG - > Authorization: Basic RVZBUjpFVkFSTEdV
2023-03-29 08:58:31,082 - DEBUG - > User-Agent: Python/3.11 websockets/10.4
2023-03-29 08:58:31,280 - DEBUG - < HTTP/1.1 101 Switching Protocols
2023-03-29 08:58:31,280 - DEBUG - < Connection: upgrade
2023-03-29 08:58:31,281 - DEBUG - < Date: Tue, 28 Mar 2023 23:58:27 GMT
2023-03-29 08:58:31,281 - DEBUG - < sec-websocket-protocol: ocpp1.6
2023-03-29 08:58:31,281 - DEBUG - < upgrade: websocket
2023-03-29 08:58:31,282 - DEBUG - < sec-websocket-accept: FSAU5igDbc+8xETd3WIlqr6Xj94=
2023-03-29 08:58:31,282 - DEBUG - < sec-websocket-extensions: permessage-deflate
2023-03-29 08:58:31,282 - DEBUG - < X-Cache: Miss from cloudfront
2023-03-29 08:58:31,282 - DEBUG - < Via: 1.1 1c31b550dc04cf34ff9053b76a7eecc4.cloudfront.net (CloudFront)
2023-03-29 08:58:31,282 - DEBUG - < X-Amz-Cf-Pop: ICN57-P2
2023-03-29 08:58:31,283 - DEBUG - < X-Amz-Cf-Id: c_ByHdGFaO0nIHiYo2gBXnuuOzfzV-sftOaa-X9cszgFm9y5aRuVNA==
2023-03-29 08:58:31,283 - DEBUG - = connection is OPEN
2023-03-29 08:58:31,330 - DEBUG - > TEXT '[2, "351c093c-6e0f-41b8-9365-196f145e61c5", "Bo...ePointVendor": "EVAR"}]' [127 bytes]
2023-03-29 08:58:31,552 - DEBUG - < TEXT '[3, "351c093c-6e0f-41b8-9365-196f145e61c5", {"s...27Z", "interval": 600}]' [123 bytes]
2023-03-29 08:58:31,591 - DEBUG - Starting new HTTPS connection (1): 8b434254zg.execute-api.ap-northeast-2.amazonaws.com:443
2023-03-29 08:58:32,005 - DEBUG - https://8b434254zg.execute-api.ap-northeast-2.amazonaws.com:443 "POST /dev/ioc HTTP/1.1" 200 167
2023-03-29 08:58:32,056 - DEBUG - < TEXT '[2, "a68e1f34-ce58-4414-b7ea-04874ee24d9b", "Ch...nId", "value": "true"}]' [122 bytes]
2023-03-29 08:58:32,066 - DEBUG - > TEXT '[3, "a68e1f34-ce58-4414-b7ea-04874ee24d9b", {"status": "Accepted"}]' [67 bytes]
2023-03-29 08:58:32,244 - DEBUG - < TEXT '' [0 bytes]
2023-03-29 08:58:32,297 - DEBUG - Starting new HTTPS connection (1): 8b434254zg.execute-api.ap-northeast-2.amazonaws.com:443
2023-03-29 08:58:32,688 - DEBUG - https://8b434254zg.execute-api.ap-northeast-2.amazonaws.com:443 "POST /dev/ioc HTTP/1.1" 200 162
2023-03-29 08:58:32,749 - DEBUG - < TEXT '[2, "beecdb4d-d19d-44ae-89b1-d20f4e2a2348", "Ch...ine", "value": "true"}]' [117 bytes]
2023-03-29 08:58:32,760 - DEBUG - > TEXT '[3, "beecdb4d-d19d-44ae-89b1-d20f4e2a2348", {"status": "Accepted"}]' [67 bytes]
2023-03-29 08:58:32,943 - DEBUG - < TEXT '' [0 bytes]
2023-03-29 08:58:32,986 - DEBUG - Starting new HTTPS connection (1): 8b434254zg.execute-api.ap-northeast-2.amazonaws.com:443
2023-03-29 08:58:33,385 - DEBUG - https://8b434254zg.execute-api.ap-northeast-2.amazonaws.com:443 "POST /dev/ioc HTTP/1.1" 200 106
2023-03-29 08:58:33,434 - DEBUG - < TEXT '[2, "c424d93d-8910-4c14-a170-af2d4ac098de", "ClearCache", {}]' [61 bytes]
2023-03-29 08:58:33,444 - DEBUG - > TEXT '[3, "c424d93d-8910-4c14-a170-af2d4ac098de", {"status": "Accepted"}]' [67 bytes]
2023-03-29 08:58:33,625 - DEBUG - < TEXT '' [0 bytes]
2023-03-29 08:58:33,660 - DEBUG - > TEXT '[2, "fdbae193-bd75-4218-8725-72b4ebee4aff", "St...2023-03-29T08:58:20Z"}]' [170 bytes]
2023-03-29 08:58:33,904 - DEBUG - < TEXT '[3, "fdbae193-bd75-4218-8725-72b4ebee4aff", {"t...{"status": "Invalid"}}]' [109 bytes]
2023-03-29 08:58:33,939 - DEBUG - > TEXT '[2, "973b9441-7e51-47aa-a5f5-0f0b76ea65d8", "St... "status": "Charging"}]' [131 bytes]
2023-03-29 08:58:34,144 - DEBUG - < TEXT '[3, "973b9441-7e51-47aa-a5f5-0f0b76ea65d8", {}]' [47 bytes]
2023-03-29 08:58:34,186 - DEBUG - > TEXT '[2, "323b158c-ef41-49f9-ad80-6ef7491f8663", "St...ason": "DeAuthorized"}]' [175 bytes]
2023-03-29 08:58:34,423 - DEBUG - < TEXT '[3, "323b158c-ef41-49f9-ad80-6ef7491f8663", {"i...{"status": "Invalid"}}]' [81 bytes]
2023-03-29 08:58:34,462 - DEBUG - > TEXT '[2, "b50b9a95-50b5-4662-9ef2-0d83d260a8b0", "St..."status": "Finishing"}]' [132 bytes]
2023-03-29 08:58:34,645 - DEBUG - < TEXT '[3, "b50b9a95-50b5-4662-9ef2-0d83d260a8b0", {}]' [47 bytes]
2023-03-29 08:58:34,683 - DEBUG - > TEXT '[2, "4c166fb8-be94-49b6-b090-6119200c8a12", "St..."status": "Available"}]' [132 bytes]
2023-03-29 08:58:34,863 - DEBUG - < TEXT '[3, "4c166fb8-be94-49b6-b090-6119200c8a12", {}]' [47 bytes]
2023-03-29 08:58:34,888 - DEBUG - = connection is CLOSING
2023-03-29 08:58:34,890 - DEBUG - > CLOSE 1000 (OK) [2 bytes]
2023-03-29 08:58:34,897 - DEBUG - < CLOSE 1000 (OK) [2 bytes]
2023-03-29 08:58:34,915 - DEBUG - = connection is CLOSED
2023-03-29 08:58:52,688 - DEBUG - = connection is CONNECTING
2023-03-29 08:58:52,718 - DEBUG - > GET /ocpp16/ELA007C05/EVSCA050001 HTTP/1.1
2023-03-29 08:58:52,718 - DEBUG - > Host: ws.devevspcharger.uplus.co.kr
2023-03-29 08:58:52,719 - DEBUG - > Upgrade: websocket
2023-03-29 08:58:52,721 - DEBUG - > Connection: Upgrade
2023-03-29 08:58:52,722 - DEBUG - > Sec-WebSocket-Key: 3Zzjt23iR08EuNyVgHrMVA==
2023-03-29 08:58:52,722 - DEBUG - > Sec-WebSocket-Version: 13
2023-03-29 08:58:52,722 - DEBUG - > Sec-WebSocket-Extensions: permessage-deflate; client_max_window_bits
2023-03-29 08:58:52,722 - DEBUG - > Sec-WebSocket-Protocol: ocpp1.6
2023-03-29 08:58:52,722 - DEBUG - > Authorization: Basic RVZBUjpFVkFSTEdV
2023-03-29 08:58:52,722 - DEBUG - > User-Agent: Python/3.11 websockets/10.4
2023-03-29 08:58:52,937 - DEBUG - < HTTP/1.1 101 Switching Protocols
2023-03-29 08:58:52,937 - DEBUG - < Connection: upgrade
2023-03-29 08:58:52,937 - DEBUG - < Date: Tue, 28 Mar 2023 23:58:49 GMT
2023-03-29 08:58:52,938 - DEBUG - < sec-websocket-protocol: ocpp1.6
2023-03-29 08:58:52,938 - DEBUG - < upgrade: websocket
2023-03-29 08:58:52,938 - DEBUG - < sec-websocket-accept: WsoRvzIEOApZvqKyy45Z1+lfi8g=
2023-03-29 08:58:52,938 - DEBUG - < sec-websocket-extensions: permessage-deflate
2023-03-29 08:58:52,938 - DEBUG - < X-Cache: Miss from cloudfront
2023-03-29 08:58:52,938 - DEBUG - < Via: 1.1 0a9548baf65e130ce12c4d90cb22d962.cloudfront.net (CloudFront)
2023-03-29 08:58:52,938 - DEBUG - < X-Amz-Cf-Pop: ICN57-P2
2023-03-29 08:58:52,938 - DEBUG - < X-Amz-Cf-Id: _hyvVTmjTdRLlQBLOcIhlggYwUbnFat5YxV5sM7T37xG92lilHpDKA==
2023-03-29 08:58:52,938 - DEBUG - = connection is OPEN
2023-03-29 08:58:52,968 - DEBUG - > TEXT '[2, "a7396b40-f2de-4454-bd98-9690df756752", "Bo...ePointVendor": "EVAR"}]' [127 bytes]
2023-03-29 08:58:53,196 - DEBUG - < TEXT '[3, "a7396b40-f2de-4454-bd98-9690df756752", {"s...49Z", "interval": 600}]' [123 bytes]
2023-03-29 08:58:53,241 - DEBUG - Starting new HTTPS connection (1): 8b434254zg.execute-api.ap-northeast-2.amazonaws.com:443
2023-03-29 08:58:53,644 - DEBUG - https://8b434254zg.execute-api.ap-northeast-2.amazonaws.com:443 "POST /dev/ioc HTTP/1.1" 200 167
2023-03-29 08:58:53,701 - DEBUG - < TEXT '[2, "893d5692-c583-46cd-9f0c-5847800473eb", "Ch...nId", "value": "true"}]' [122 bytes]
2023-03-29 08:58:53,706 - DEBUG - > TEXT '[3, "893d5692-c583-46cd-9f0c-5847800473eb", {"status": "Accepted"}]' [67 bytes]
2023-03-29 08:58:53,884 - DEBUG - < TEXT '' [0 bytes]
2023-03-29 08:58:53,925 - DEBUG - Starting new HTTPS connection (1): 8b434254zg.execute-api.ap-northeast-2.amazonaws.com:443
2023-03-29 08:58:54,328 - DEBUG - https://8b434254zg.execute-api.ap-northeast-2.amazonaws.com:443 "POST /dev/ioc HTTP/1.1" 200 162
2023-03-29 08:58:54,398 - DEBUG - < TEXT '[2, "bd7ff857-d1d5-4aa0-b926-e342382753dd", "Ch...ine", "value": "true"}]' [117 bytes]
2023-03-29 08:58:54,401 - DEBUG - > TEXT '[3, "bd7ff857-d1d5-4aa0-b926-e342382753dd", {"status": "Accepted"}]' [67 bytes]
2023-03-29 08:58:54,582 - DEBUG - < TEXT '' [0 bytes]
2023-03-29 08:58:54,630 - DEBUG - Starting new HTTPS connection (1): 8b434254zg.execute-api.ap-northeast-2.amazonaws.com:443
2023-03-29 08:58:55,065 - DEBUG - https://8b434254zg.execute-api.ap-northeast-2.amazonaws.com:443 "POST /dev/ioc HTTP/1.1" 200 106
2023-03-29 08:58:55,115 - DEBUG - < TEXT '[2, "adfd3e9e-afe6-4191-9eec-50356a650734", "ClearCache", {}]' [61 bytes]
2023-03-29 08:58:55,120 - DEBUG - > TEXT '[3, "adfd3e9e-afe6-4191-9eec-50356a650734", {"status": "Accepted"}]' [67 bytes]
2023-03-29 08:58:55,305 - DEBUG - < TEXT '' [0 bytes]
2023-03-29 08:58:55,337 - DEBUG - > TEXT '[2, "679c5765-9066-4d65-92d2-4c7f3543a922", "St...2023-03-29T08:58:20Z"}]' [170 bytes]
2023-03-29 08:58:55,605 - DEBUG - < TEXT '[3, "679c5765-9066-4d65-92d2-4c7f3543a922", {"t...{"status": "Invalid"}}]' [109 bytes]
2023-03-29 08:58:55,654 - DEBUG - > TEXT '[2, "06767a51-e33a-4a51-bea2-9ff644e1137f", "St... "status": "Charging"}]' [131 bytes]
2023-03-29 08:58:55,822 - DEBUG - < TEXT '[3, "06767a51-e33a-4a51-bea2-9ff644e1137f", {}]' [47 bytes]
2023-03-29 08:58:55,865 - DEBUG - > TEXT '[2, "fde55fd8-9dc4-48db-8f64-bf01adb69837", "St...ason": "DeAuthorized"}]' [175 bytes]
2023-03-29 08:58:56,102 - DEBUG - < TEXT '[3, "fde55fd8-9dc4-48db-8f64-bf01adb69837", {"i...{"status": "Invalid"}}]' [81 bytes]
2023-03-29 08:58:56,142 - DEBUG - > TEXT '[2, "a473c5d1-b179-407a-8b34-8e9d2b48808e", "St..."status": "Finishing"}]' [132 bytes]
2023-03-29 08:58:56,323 - DEBUG - < TEXT '[3, "a473c5d1-b179-407a-8b34-8e9d2b48808e", {}]' [47 bytes]
2023-03-29 08:58:56,372 - DEBUG - > TEXT '[2, "2d7386d4-4624-4f69-8dfa-302dca8c5890", "St..."status": "Available"}]' [132 bytes]
2023-03-29 08:58:56,543 - DEBUG - < TEXT '[3, "2d7386d4-4624-4f69-8dfa-302dca8c5890", {}]' [47 bytes]
2023-03-29 08:58:56,572 - DEBUG - = connection is CLOSING
2023-03-29 08:58:56,572 - DEBUG - > CLOSE 1000 (OK) [2 bytes]
2023-03-29 08:58:56,582 - DEBUG - < CLOSE 1000 (OK) [2 bytes]
2023-03-29 08:58:56,586 - DEBUG - = connection is CLOSED
2023-03-29 08:59:03,657 - DEBUG - = connection is CONNECTING
2023-03-29 08:59:03,691 - DEBUG - > GET /ocpp16/ELA007C05/EVSCA050001 HTTP/1.1
2023-03-29 08:59:03,691 - DEBUG - > Host: ws.devevspcharger.uplus.co.kr
2023-03-29 08:59:03,691 - DEBUG - > Upgrade: websocket
2023-03-29 08:59:03,691 - DEBUG - > Connection: Upgrade
2023-03-29 08:59:03,691 - DEBUG - > Sec-WebSocket-Key: jmchzY8KI8BqtW897klUPQ==
2023-03-29 08:59:03,692 - DEBUG - > Sec-WebSocket-Version: 13
2023-03-29 08:59:03,692 - DEBUG - > Sec-WebSocket-Extensions: permessage-deflate; client_max_window_bits
2023-03-29 08:59:03,692 - DEBUG - > Sec-WebSocket-Protocol: ocpp1.6
2023-03-29 08:59:03,692 - DEBUG - > Authorization: Basic RVZBUjpFVkFSTEdV
2023-03-29 08:59:03,692 - DEBUG - > User-Agent: Python/3.11 websockets/10.4
2023-03-29 08:59:03,958 - DEBUG - < HTTP/1.1 101 Switching Protocols
2023-03-29 08:59:03,958 - DEBUG - < Connection: upgrade
2023-03-29 08:59:03,958 - DEBUG - < Date: Tue, 28 Mar 2023 23:59:00 GMT
2023-03-29 08:59:03,958 - DEBUG - < sec-websocket-protocol: ocpp1.6
2023-03-29 08:59:03,958 - DEBUG - < upgrade: websocket
2023-03-29 08:59:03,958 - DEBUG - < sec-websocket-accept: F+zcNzacKKMJQQdntn0zFcBy9so=
2023-03-29 08:59:03,958 - DEBUG - < sec-websocket-extensions: permessage-deflate
2023-03-29 08:59:03,958 - DEBUG - < X-Cache: Miss from cloudfront
2023-03-29 08:59:03,958 - DEBUG - < Via: 1.1 55a59d7976b41c233ff2e682cdd3901e.cloudfront.net (CloudFront)
2023-03-29 08:59:03,958 - DEBUG - < X-Amz-Cf-Pop: ICN57-P2
2023-03-29 08:59:03,958 - DEBUG - < X-Amz-Cf-Id: w92dcDaEz304bRCqHzvXomEjtxqYYoxBBmXyGs-ACYZjb7uurpFBCQ==
2023-03-29 08:59:03,959 - DEBUG - = connection is OPEN
2023-03-29 08:59:03,994 - DEBUG - > TEXT '[2, "bcd5bfd2-b370-4ed1-8eac-33c0ad0430f1", "Bo...ePointVendor": "EVAR"}]' [127 bytes]
2023-03-29 08:59:04,223 - DEBUG - < TEXT '[3, "bcd5bfd2-b370-4ed1-8eac-33c0ad0430f1", {"s...00Z", "interval": 600}]' [123 bytes]
2023-03-29 08:59:04,260 - DEBUG - Starting new HTTPS connection (1): 8b434254zg.execute-api.ap-northeast-2.amazonaws.com:443
2023-03-29 08:59:04,683 - DEBUG - https://8b434254zg.execute-api.ap-northeast-2.amazonaws.com:443 "POST /dev/ioc HTTP/1.1" 200 167
2023-03-29 08:59:04,729 - DEBUG - < TEXT '[2, "1581f2e9-a612-4f21-8690-b057465d7d5c", "Ch...nId", "value": "true"}]' [122 bytes]
2023-03-29 08:59:04,736 - DEBUG - > TEXT '[3, "1581f2e9-a612-4f21-8690-b057465d7d5c", {"status": "Accepted"}]' [67 bytes]
2023-03-29 08:59:04,922 - DEBUG - < TEXT '' [0 bytes]
2023-03-29 08:59:04,959 - DEBUG - Starting new HTTPS connection (1): 8b434254zg.execute-api.ap-northeast-2.amazonaws.com:443
2023-03-29 08:59:05,386 - DEBUG - https://8b434254zg.execute-api.ap-northeast-2.amazonaws.com:443 "POST /dev/ioc HTTP/1.1" 200 162
2023-03-29 08:59:05,428 - DEBUG - < TEXT '[2, "af7d0c5c-f8b0-4938-9912-ea88e45374b3", "Ch...ine", "value": "true"}]' [117 bytes]
2023-03-29 08:59:05,439 - DEBUG - > TEXT '[3, "af7d0c5c-f8b0-4938-9912-ea88e45374b3", {"status": "Accepted"}]' [67 bytes]
2023-03-29 08:59:05,623 - DEBUG - < TEXT '' [0 bytes]
2023-03-29 08:59:05,708 - DEBUG - Starting new HTTPS connection (1): 8b434254zg.execute-api.ap-northeast-2.amazonaws.com:443
2023-03-29 08:59:06,107 - DEBUG - https://8b434254zg.execute-api.ap-northeast-2.amazonaws.com:443 "POST /dev/ioc HTTP/1.1" 200 106
2023-03-29 08:59:06,157 - DEBUG - < TEXT '[2, "7240c36d-7b77-4845-a9d4-44b0f8b353a5", "ClearCache", {}]' [61 bytes]
2023-03-29 08:59:06,160 - DEBUG - > TEXT '[3, "7240c36d-7b77-4845-a9d4-44b0f8b353a5", {"status": "Accepted"}]' [67 bytes]
2023-03-29 08:59:06,343 - DEBUG - < TEXT '' [0 bytes]
2023-03-29 08:59:06,391 - DEBUG - > TEXT '[2, "ebd8931b-97aa-4f0e-af7a-662749b8643f", "St...2023-03-29T08:58:20Z"}]' [170 bytes]
2023-03-29 08:59:06,624 - DEBUG - < TEXT '[3, "ebd8931b-97aa-4f0e-af7a-662749b8643f", {"t...{"status": "Invalid"}}]' [109 bytes]
2023-03-29 08:59:06,657 - DEBUG - > TEXT '[2, "d32dd4cd-b8be-4e96-ba0b-d0152dae2464", "St... "status": "Charging"}]' [131 bytes]
2023-03-29 08:59:06,845 - DEBUG - < TEXT '[3, "d32dd4cd-b8be-4e96-ba0b-d0152dae2464", {}]' [47 bytes]
2023-03-29 08:59:06,892 - DEBUG - > TEXT '[2, "a1546568-5f94-48e1-97db-6853a85acfbd", "St...ason": "DeAuthorized"}]' [175 bytes]
2023-03-29 08:59:07,131 - DEBUG - < TEXT '[3, "a1546568-5f94-48e1-97db-6853a85acfbd", {"i...{"status": "Invalid"}}]' [81 bytes]
2023-03-29 08:59:07,176 - DEBUG - > TEXT '[2, "23b28974-b029-46e5-88bb-c967526fada3", "St..."status": "Finishing"}]' [132 bytes]
2023-03-29 08:59:07,366 - DEBUG - < TEXT '[3, "23b28974-b029-46e5-88bb-c967526fada3", {}]' [47 bytes]
2023-03-29 08:59:07,410 - DEBUG - > TEXT '[2, "007c0bc2-5fad-4985-be96-82f405a497ac", "St..."status": "Available"}]' [132 bytes]
2023-03-29 08:59:07,583 - DEBUG - < TEXT '[3, "007c0bc2-5fad-4985-be96-82f405a497ac", {}]' [47 bytes]
2023-03-29 08:59:07,606 - DEBUG - = connection is CLOSING
2023-03-29 08:59:07,607 - DEBUG - > CLOSE 1000 (OK) [2 bytes]
2023-03-29 08:59:07,619 - DEBUG - < CLOSE 1000 (OK) [2 bytes]
2023-03-29 08:59:07,627 - DEBUG - = connection is CLOSED
2023-03-29 09:05:52,243 - DEBUG - = connection is CONNECTING
2023-03-29 09:05:52,290 - DEBUG - > GET /ocpp16/ELA007C05/EVSCA050001 HTTP/1.1
2023-03-29 09:05:52,290 - DEBUG - > Host: ws.devevspcharger.uplus.co.kr
2023-03-29 09:05:52,290 - DEBUG - > Upgrade: websocket
2023-03-29 09:05:52,290 - DEBUG - > Connection: Upgrade
2023-03-29 09:05:52,290 - DEBUG - > Sec-WebSocket-Key: RvAn1XeBNtFlWdlvF7Fckg==
2023-03-29 09:05:52,290 - DEBUG - > Sec-WebSocket-Version: 13
2023-03-29 09:05:52,291 - DEBUG - > Sec-WebSocket-Extensions: permessage-deflate; client_max_window_bits
2023-03-29 09:05:52,291 - DEBUG - > Sec-WebSocket-Protocol: ocpp1.6
2023-03-29 09:05:52,291 - DEBUG - > Authorization: Basic RVZBUjpFVkFSTEdV
2023-03-29 09:05:52,292 - DEBUG - > User-Agent: Python/3.11 websockets/10.4
2023-03-29 09:05:53,622 - DEBUG - < HTTP/1.1 101 Switching Protocols
2023-03-29 09:05:53,622 - DEBUG - < Connection: upgrade
2023-03-29 09:05:53,622 - DEBUG - < Date: Wed, 29 Mar 2023 00:05:49 GMT
2023-03-29 09:05:53,623 - DEBUG - < sec-websocket-protocol: ocpp1.6
2023-03-29 09:05:53,623 - DEBUG - < upgrade: websocket
2023-03-29 09:05:53,623 - DEBUG - < sec-websocket-accept: Z1Se0r3qj3WOaxsSls/r3hEVHcQ=
2023-03-29 09:05:53,623 - DEBUG - < sec-websocket-extensions: permessage-deflate
2023-03-29 09:05:53,623 - DEBUG - < X-Cache: Miss from cloudfront
2023-03-29 09:05:53,623 - DEBUG - < Via: 1.1 5b6f80c06c5584561e15bd2fd58882ee.cloudfront.net (CloudFront)
2023-03-29 09:05:53,623 - DEBUG - < X-Amz-Cf-Pop: ICN57-P2
2023-03-29 09:05:53,624 - DEBUG - < X-Amz-Cf-Id: hI1G1Mb2bcuHIzOg1xdV1nKEg-j-aYB9VCL9paNdHE6PBv4-5Wj6-Q==
2023-03-29 09:05:53,624 - DEBUG - = connection is OPEN
2023-03-29 09:05:53,679 - DEBUG - > TEXT '[2, "7f96822f-4284-4d00-9cd4-4f02b9e800b9", "Bo...ePointVendor": "EVAR"}]' [127 bytes]
2023-03-29 09:05:54,047 - DEBUG - < TEXT '[3, "7f96822f-4284-4d00-9cd4-4f02b9e800b9", {"s...50Z", "interval": 600}]' [123 bytes]
2023-03-29 09:05:54,167 - DEBUG - Starting new HTTPS connection (1): 8b434254zg.execute-api.ap-northeast-2.amazonaws.com:443
2023-03-29 09:05:55,593 - DEBUG - https://8b434254zg.execute-api.ap-northeast-2.amazonaws.com:443 "POST /dev/ioc HTTP/1.1" 200 167
2023-03-29 09:05:55,619 - DEBUG - < TEXT '[2, "eb136c31-cebc-4f53-b09f-1dc3ef4bb7f9", "Ch...nId", "value": "true"}]' [122 bytes]
2023-03-29 09:05:55,628 - DEBUG - > TEXT '[3, "eb136c31-cebc-4f53-b09f-1dc3ef4bb7f9", {"status": "Accepted"}]' [67 bytes]
2023-03-29 09:05:55,808 - DEBUG - < TEXT '' [0 bytes]
2023-03-29 09:05:55,834 - DEBUG - Starting new HTTPS connection (1): 8b434254zg.execute-api.ap-northeast-2.amazonaws.com:443
2023-03-29 09:05:56,281 - DEBUG - https://8b434254zg.execute-api.ap-northeast-2.amazonaws.com:443 "POST /dev/ioc HTTP/1.1" 200 162
2023-03-29 09:05:56,329 - DEBUG - < TEXT '[2, "c4755dc5-78da-4a8c-a74e-3fd10895e13e", "Ch...ine", "value": "true"}]' [117 bytes]
2023-03-29 09:05:56,334 - DEBUG - > TEXT '[3, "c4755dc5-78da-4a8c-a74e-3fd10895e13e", {"status": "Accepted"}]' [67 bytes]
2023-03-29 09:05:56,527 - DEBUG - < TEXT '' [0 bytes]
2023-03-29 09:05:56,579 - DEBUG - Starting new HTTPS connection (1): 8b434254zg.execute-api.ap-northeast-2.amazonaws.com:443
2023-03-29 09:05:56,993 - DEBUG - https://8b434254zg.execute-api.ap-northeast-2.amazonaws.com:443 "POST /dev/ioc HTTP/1.1" 200 106
2023-03-29 09:05:57,052 - DEBUG - < TEXT '[2, "6a7c2a82-ae96-476c-8196-5ddc69ce3255", "ClearCache", {}]' [61 bytes]
2023-03-29 09:05:57,066 - DEBUG - > TEXT '[3, "6a7c2a82-ae96-476c-8196-5ddc69ce3255", {"status": "Accepted"}]' [67 bytes]
2023-03-29 09:05:57,266 - DEBUG - < TEXT '' [0 bytes]
2023-03-29 09:05:57,297 - DEBUG - > TEXT '[2, "cefa0faa-effd-44c2-be6e-573e85eba93d", "St...2023-03-29T09:05:52Z"}]' [154 bytes]
2023-03-29 09:05:57,478 - DEBUG - < TEXT '[4, "cefa0faa-effd-44c2-be6e-573e85eba93d", {"e...ccurence constraints"}]' [219 bytes]
2023-03-29 09:05:57,500 - DEBUG - = connection is CLOSING
2023-03-29 09:05:57,500 - DEBUG - > CLOSE 1000 (OK) [2 bytes]
2023-03-29 09:05:57,514 - DEBUG - < CLOSE 1000 (OK) [2 bytes]
2023-03-29 09:05:57,522 - DEBUG - = connection is CLOSED
2023-03-29 09:07:21,315 - DEBUG - = connection is CONNECTING
2023-03-29 09:07:21,355 - DEBUG - > GET /ocpp16/ELA007C05/EVSCA050001 HTTP/1.1
2023-03-29 09:07:21,356 - DEBUG - > Host: ws.devevspcharger.uplus.co.kr
2023-03-29 09:07:21,356 - DEBUG - > Upgrade: websocket
2023-03-29 09:07:21,356 - DEBUG - > Connection: Upgrade
2023-03-29 09:07:21,356 - DEBUG - > Sec-WebSocket-Key: LaDnocwcg/qvB9M67TAm6A==
2023-03-29 09:07:21,356 - DEBUG - > Sec-WebSocket-Version: 13
2023-03-29 09:07:21,356 - DEBUG - > Sec-WebSocket-Extensions: permessage-deflate; client_max_window_bits
2023-03-29 09:07:21,356 - DEBUG - > Sec-WebSocket-Protocol: ocpp1.6
2023-03-29 09:07:21,356 - DEBUG - > Authorization: Basic RVZBUjpFVkFSTEdV
2023-03-29 09:07:21,356 - DEBUG - > User-Agent: Python/3.11 websockets/10.4
2023-03-29 09:07:22,636 - DEBUG - < HTTP/1.1 101 Switching Protocols
2023-03-29 09:07:22,636 - DEBUG - < Connection: upgrade
2023-03-29 09:07:22,637 - DEBUG - < Date: Wed, 29 Mar 2023 00:07:18 GMT
2023-03-29 09:07:22,637 - DEBUG - < sec-websocket-protocol: ocpp1.6
2023-03-29 09:07:22,637 - DEBUG - < upgrade: websocket
2023-03-29 09:07:22,638 - DEBUG - < sec-websocket-accept: T4LeQLAJy2E6nVJulBxvIsh6HRk=
2023-03-29 09:07:22,638 - DEBUG - < sec-websocket-extensions: permessage-deflate
2023-03-29 09:07:22,639 - DEBUG - < X-Cache: Miss from cloudfront
2023-03-29 09:07:22,640 - DEBUG - < Via: 1.1 967cab954a1c41e7f76f472d706ab3a0.cloudfront.net (CloudFront)
2023-03-29 09:07:22,641 - DEBUG - < X-Amz-Cf-Pop: ICN57-P2
2023-03-29 09:07:22,642 - DEBUG - < X-Amz-Cf-Id: i5VsJdINpcuN4MPKvN-RGMKnJ_xKYQt71ApleyngT6XscXOY3VnEQA==
2023-03-29 09:07:22,644 - DEBUG - = connection is OPEN
2023-03-29 09:07:22,682 - DEBUG - > TEXT '[2, "97fb87c1-41e8-45cd-ba81-9a79170e1e67", "Bo...ePointVendor": "EVAR"}]' [127 bytes]
2023-03-29 09:07:22,914 - DEBUG - < TEXT '[3, "97fb87c1-41e8-45cd-ba81-9a79170e1e67", {"s...19Z", "interval": 600}]' [123 bytes]
2023-03-29 09:07:22,967 - DEBUG - Starting new HTTPS connection (1): 8b434254zg.execute-api.ap-northeast-2.amazonaws.com:443
2023-03-29 09:07:23,560 - DEBUG - https://8b434254zg.execute-api.ap-northeast-2.amazonaws.com:443 "POST /dev/ioc HTTP/1.1" 200 167
2023-03-29 09:07:23,628 - DEBUG - < TEXT '[2, "5fdb345a-452d-45ec-adc5-a26b0010684d", "Ch...nId", "value": "true"}]' [122 bytes]
2023-03-29 09:07:23,658 - DEBUG - > TEXT '[3, "5fdb345a-452d-45ec-adc5-a26b0010684d", {"status": "Accepted"}]' [67 bytes]
2023-03-29 09:07:23,849 - DEBUG - < TEXT '' [0 bytes]
2023-03-29 09:07:23,895 - DEBUG - Starting new HTTPS connection (1): 8b434254zg.execute-api.ap-northeast-2.amazonaws.com:443
2023-03-29 09:07:24,293 - DEBUG - https://8b434254zg.execute-api.ap-northeast-2.amazonaws.com:443 "POST /dev/ioc HTTP/1.1" 200 162
2023-03-29 09:07:24,343 - DEBUG - < TEXT '[2, "f6d6c38c-5669-43f1-a932-fc3f27e9bcf1", "Ch...ine", "value": "true"}]' [117 bytes]
2023-03-29 09:07:24,349 - DEBUG - > TEXT '[3, "f6d6c38c-5669-43f1-a932-fc3f27e9bcf1", {"status": "Accepted"}]' [67 bytes]
2023-03-29 09:07:24,526 - DEBUG - < TEXT '' [0 bytes]
2023-03-29 09:07:24,568 - DEBUG - Starting new HTTPS connection (1): 8b434254zg.execute-api.ap-northeast-2.amazonaws.com:443
2023-03-29 09:07:24,973 - DEBUG - https://8b434254zg.execute-api.ap-northeast-2.amazonaws.com:443 "POST /dev/ioc HTTP/1.1" 200 106
2023-03-29 09:07:25,048 - DEBUG - < TEXT '[2, "8779e70c-18ff-43fd-b28e-52470a69c24f", "ClearCache", {}]' [61 bytes]
2023-03-29 09:07:25,051 - DEBUG - > TEXT '[3, "8779e70c-18ff-43fd-b28e-52470a69c24f", {"status": "Accepted"}]' [67 bytes]
2023-03-29 09:07:25,229 - DEBUG - < TEXT '' [0 bytes]
2023-03-29 09:07:25,260 - DEBUG - > TEXT '[2, "560b6ff4-add0-4d55-989c-ccf1683bf499", "St...2023-03-29T09:07:21Z"}]' [170 bytes]
2023-03-29 09:07:25,527 - DEBUG - < TEXT '[3, "560b6ff4-add0-4d55-989c-ccf1683bf499", {"t...{"status": "Invalid"}}]' [109 bytes]
2023-03-29 09:07:25,565 - DEBUG - > TEXT '[2, "97fb87c1-41e8-45cd-ba81-9a79170e1e67", "St... "status": "Charging"}]' [131 bytes]
2023-03-29 09:07:25,754 - DEBUG - < TEXT '[3, "97fb87c1-41e8-45cd-ba81-9a79170e1e67", {}]' [47 bytes]
2023-03-29 09:07:25,794 - DEBUG - > TEXT '[2, "5aafc089-5d6a-4078-ac07-d2fe81788a2a", "St...ason": "DeAuthorized"}]' [175 bytes]
2023-03-29 09:07:26,029 - DEBUG - < TEXT '[3, "5aafc089-5d6a-4078-ac07-d2fe81788a2a", {"i...{"status": "Invalid"}}]' [81 bytes]
2023-03-29 09:07:26,103 - DEBUG - > TEXT '[2, "c14d19f6-ea7b-4eaf-b3cc-d545b1b4c11d", "St..."status": "Finishing"}]' [132 bytes]
2023-03-29 09:07:26,310 - DEBUG - < TEXT '[3, "c14d19f6-ea7b-4eaf-b3cc-d545b1b4c11d", {}]' [47 bytes]
2023-03-29 09:07:26,359 - DEBUG - > TEXT '[2, "3a4ac4c7-89bf-4646-9238-63eb313b37d4", "St..."status": "Available"}]' [132 bytes]
2023-03-29 09:07:26,552 - DEBUG - < TEXT '[3, "3a4ac4c7-89bf-4646-9238-63eb313b37d4", {}]' [47 bytes]
2023-03-29 09:07:26,573 - DEBUG - = connection is CLOSING
2023-03-29 09:07:26,573 - DEBUG - > CLOSE 1000 (OK) [2 bytes]
2023-03-29 09:07:26,601 - DEBUG - < CLOSE 1000 (OK) [2 bytes]
2023-03-29 09:07:26,606 - DEBUG - = connection is CLOSED
2023-03-29 09:07:41,865 - DEBUG - = connection is CONNECTING
2023-03-29 09:07:41,897 - DEBUG - > GET /ocpp16/ELA007C05/EVSCA050001 HTTP/1.1
2023-03-29 09:07:41,897 - DEBUG - > Host: ws.devevspcharger.uplus.co.kr
2023-03-29 09:07:41,897 - DEBUG - > Upgrade: websocket
2023-03-29 09:07:41,897 - DEBUG - > Connection: Upgrade
2023-03-29 09:07:41,897 - DEBUG - > Sec-WebSocket-Key: QfCe7yZo9b7Jg6MgLzl2DQ==
2023-03-29 09:07:41,897 - DEBUG - > Sec-WebSocket-Version: 13
2023-03-29 09:07:41,898 - DEBUG - > Sec-WebSocket-Extensions: permessage-deflate; client_max_window_bits
2023-03-29 09:07:41,898 - DEBUG - > Sec-WebSocket-Protocol: ocpp1.6
2023-03-29 09:07:41,898 - DEBUG - > Authorization: Basic RVZBUjpFVkFSTEdV
2023-03-29 09:07:41,898 - DEBUG - > User-Agent: Python/3.11 websockets/10.4
2023-03-29 09:07:42,198 - DEBUG - < HTTP/1.1 101 Switching Protocols
2023-03-29 09:07:42,199 - DEBUG - < Connection: upgrade
2023-03-29 09:07:42,199 - DEBUG - < Date: Wed, 29 Mar 2023 00:07:38 GMT
2023-03-29 09:07:42,199 - DEBUG - < sec-websocket-protocol: ocpp1.6
2023-03-29 09:07:42,199 - DEBUG - < upgrade: websocket
2023-03-29 09:07:42,199 - DEBUG - < sec-websocket-accept: YXMiysjzuQap8ZTHWj5zCrhOIYo=
2023-03-29 09:07:42,200 - DEBUG - < sec-websocket-extensions: permessage-deflate
2023-03-29 09:07:42,200 - DEBUG - < X-Cache: Miss from cloudfront
2023-03-29 09:07:42,200 - DEBUG - < Via: 1.1 702d274aeab676890c1a399c8e170886.cloudfront.net (CloudFront)
2023-03-29 09:07:42,200 - DEBUG - < X-Amz-Cf-Pop: ICN57-P2
2023-03-29 09:07:42,200 - DEBUG - < X-Amz-Cf-Id: eZqNSF9bujCV0bQ8KLIAzGd9VHM06fLRlMJgrZtL7W3iixFEPooG_Q==
2023-03-29 09:07:42,201 - DEBUG - = connection is OPEN
2023-03-29 09:07:42,231 - DEBUG - > TEXT '[2, "4057d80c-a55d-4abb-80ec-0fce09f372cd", "Bo...ePointVendor": "EVAR"}]' [127 bytes]
2023-03-29 09:07:42,448 - DEBUG - < TEXT '[3, "4057d80c-a55d-4abb-80ec-0fce09f372cd", {"s...38Z", "interval": 600}]' [123 bytes]
2023-03-29 09:07:42,491 - DEBUG - > TEXT '[2, "556e449f-df19-496d-a8ed-5a6ca9e3f7ba", "St..."status": "Preparing"}]' [132 bytes]
2023-03-29 09:07:42,677 - DEBUG - < TEXT '[3, "556e449f-df19-496d-a8ed-5a6ca9e3f7ba", {}]' [47 bytes]
2023-03-29 09:07:42,716 - DEBUG - > TEXT '[2, "37b2a677-f413-4a93-99fe-cecd48a281d8", "St...2023-03-29T09:07:41Z"}]' [166 bytes]
2023-03-29 09:07:43,069 - DEBUG - < TEXT '[3, "37b2a677-f413-4a93-99fe-cecd48a281d8", {"t..."status": "Accepted"}}]' [110 bytes]
2023-03-29 09:07:43,115 - DEBUG - > TEXT '[2, "634fb069-be8d-4d9b-a86f-20b5039e7d2c", "St... "status": "Charging"}]' [131 bytes]
2023-03-29 09:07:43,295 - DEBUG - < TEXT '[3, "634fb069-be8d-4d9b-a86f-20b5039e7d2c", {}]' [47 bytes]
2023-03-29 09:07:43,343 - DEBUG - > TEXT '[2, "d53c5d54-54ff-4204-ad69-94301463cad8", "St...58, "reason": "Local"}]' [172 bytes]
2023-03-29 09:07:43,608 - DEBUG - < TEXT '[4, "d53c5d54-54ff-4204-ad69-94301463cad8", {"e...the requested Action"}]' [187 bytes]
2023-03-29 09:07:43,656 - DEBUG - = connection is CLOSING
2023-03-29 09:07:43,657 - DEBUG - > CLOSE 1000 (OK) [2 bytes]
2023-03-29 09:07:43,665 - DEBUG - < CLOSE 1000 (OK) [2 bytes]
2023-03-29 09:07:43,672 - DEBUG - = connection is CLOSED
2023-03-29 09:08:34,725 - DEBUG - = connection is CONNECTING
2023-03-29 09:08:34,767 - DEBUG - > GET /ocpp16/ELA007C05/EVSCA050001 HTTP/1.1
2023-03-29 09:08:34,768 - DEBUG - > Host: ws.devevspcharger.uplus.co.kr
2023-03-29 09:08:34,768 - DEBUG - > Upgrade: websocket
2023-03-29 09:08:34,768 - DEBUG - > Connection: Upgrade
2023-03-29 09:08:34,768 - DEBUG - > Sec-WebSocket-Key: 4ZEwQQauXXso1BC0qB14nQ==
2023-03-29 09:08:34,769 - DEBUG - > Sec-WebSocket-Version: 13
2023-03-29 09:08:34,769 - DEBUG - > Sec-WebSocket-Extensions: permessage-deflate; client_max_window_bits
2023-03-29 09:08:34,769 - DEBUG - > Sec-WebSocket-Protocol: ocpp1.6
2023-03-29 09:08:34,769 - DEBUG - > Authorization: Basic RVZBUjpFVkFSTEdV
2023-03-29 09:08:34,769 - DEBUG - > User-Agent: Python/3.11 websockets/10.4
2023-03-29 09:08:34,974 - DEBUG - < HTTP/1.1 101 Switching Protocols
2023-03-29 09:08:34,975 - DEBUG - < Connection: upgrade
2023-03-29 09:08:34,975 - DEBUG - < Date: Wed, 29 Mar 2023 00:08:31 GMT
2023-03-29 09:08:34,975 - DEBUG - < sec-websocket-protocol: ocpp1.6
2023-03-29 09:08:34,975 - DEBUG - < upgrade: websocket
2023-03-29 09:08:34,975 - DEBUG - < sec-websocket-accept: gL0pldRwIt6bqbGr9gxAJu9X6cI=
2023-03-29 09:08:34,975 - DEBUG - < sec-websocket-extensions: permessage-deflate
2023-03-29 09:08:34,975 - DEBUG - < X-Cache: Miss from cloudfront
2023-03-29 09:08:34,975 - DEBUG - < Via: 1.1 addf940186af6aa7dc864a17e45130c6.cloudfront.net (CloudFront)
2023-03-29 09:08:34,975 - DEBUG - < X-Amz-Cf-Pop: ICN57-P2
2023-03-29 09:08:34,975 - DEBUG - < X-Amz-Cf-Id: -Cdywah6gv_Yz9KXxvTwYmgvLTRykyKKKDrxElwyDelizGQbGswXXA==
2023-03-29 09:08:34,976 - DEBUG - = connection is OPEN
2023-03-29 09:08:35,002 - DEBUG - > TEXT '[2, "cc365e0c-d3d6-44fe-881c-01334e416380", "Bo...ePointVendor": "EVAR"}]' [127 bytes]
2023-03-29 09:08:35,208 - DEBUG - < TEXT '[3, "cc365e0c-d3d6-44fe-881c-01334e416380", {"s...31Z", "interval": 600}]' [123 bytes]
2023-03-29 09:08:35,243 - DEBUG - > TEXT '[2, "785e4e30-636d-43ea-9b15-b6892b7a29e9", "St..."status": "Preparing"}]' [132 bytes]
2023-03-29 09:08:35,428 - DEBUG - < TEXT '[3, "785e4e30-636d-43ea-9b15-b6892b7a29e9", {}]' [47 bytes]
2023-03-29 09:08:35,460 - DEBUG - > TEXT '[2, "19f55603-abb6-498e-b3cc-f9f64825bf06", "St...2023-03-29T09:07:41Z"}]' [166 bytes]
2023-03-29 09:08:35,770 - DEBUG - < TEXT '[3, "19f55603-abb6-498e-b3cc-f9f64825bf06", {"t..."status": "Accepted"}}]' [110 bytes]
2023-03-29 09:08:35,810 - DEBUG - > TEXT '[2, "9dd57f4b-483b-4ca9-8d39-caab6e3c2140", "St... "status": "Charging"}]' [131 bytes]
2023-03-29 09:08:35,988 - DEBUG - < TEXT '[3, "9dd57f4b-483b-4ca9-8d39-caab6e3c2140", {}]' [47 bytes]
2023-03-29 09:08:36,031 - DEBUG - > TEXT '[2, "2ceef5dd-f13e-4a6b-8987-bc7c07fa6faa", "St...58, "reason": "Local"}]' [172 bytes]
2023-03-29 09:08:36,290 - DEBUG - < TEXT '[4, "2ceef5dd-f13e-4a6b-8987-bc7c07fa6faa", {"e...the requested Action"}]' [187 bytes]
2023-03-29 09:08:36,328 - DEBUG - = connection is CLOSING
2023-03-29 09:08:36,328 - DEBUG - > CLOSE 1000 (OK) [2 bytes]
2023-03-29 09:08:36,335 - DEBUG - < CLOSE 1000 (OK) [2 bytes]
2023-03-29 09:08:36,341 - DEBUG - = connection is CLOSED
2023-03-29 09:09:55,452 - DEBUG - = connection is CONNECTING
2023-03-29 09:09:55,485 - DEBUG - > GET /ocpp16/ELA007C05/EVSCA050001 HTTP/1.1
2023-03-29 09:09:55,485 - DEBUG - > Host: ws.devevspcharger.uplus.co.kr
2023-03-29 09:09:55,486 - DEBUG - > Upgrade: websocket
2023-03-29 09:09:55,486 - DEBUG - > Connection: Upgrade
2023-03-29 09:09:55,486 - DEBUG - > Sec-WebSocket-Key: EvWCz5IKiKAIwXbt1TjuYg==
2023-03-29 09:09:55,486 - DEBUG - > Sec-WebSocket-Version: 13
2023-03-29 09:09:55,486 - DEBUG - > Sec-WebSocket-Extensions: permessage-deflate; client_max_window_bits
2023-03-29 09:09:55,486 - DEBUG - > Sec-WebSocket-Protocol: ocpp1.6
2023-03-29 09:09:55,486 - DEBUG - > Authorization: Basic RVZBUjpFVkFSTEdV
2023-03-29 09:09:55,486 - DEBUG - > User-Agent: Python/3.11 websockets/10.4
2023-03-29 09:09:55,975 - DEBUG - < HTTP/1.1 101 Switching Protocols
2023-03-29 09:09:55,975 - DEBUG - < Connection: upgrade
2023-03-29 09:09:55,975 - DEBUG - < Date: Wed, 29 Mar 2023 00:09:52 GMT
2023-03-29 09:09:55,976 - DEBUG - < sec-websocket-protocol: ocpp1.6
2023-03-29 09:09:55,976 - DEBUG - < upgrade: websocket
2023-03-29 09:09:55,976 - DEBUG - < sec-websocket-accept: NwTsZc/FAmoWA0mL/Xw7QWBg4Js=
2023-03-29 09:09:55,976 - DEBUG - < sec-websocket-extensions: permessage-deflate
2023-03-29 09:09:55,976 - DEBUG - < X-Cache: Miss from cloudfront
2023-03-29 09:09:55,976 - DEBUG - < Via: 1.1 013a9ec825a751410eced78024a9ae1a.cloudfront.net (CloudFront)
2023-03-29 09:09:55,977 - DEBUG - < X-Amz-Cf-Pop: ICN57-P2
2023-03-29 09:09:55,977 - DEBUG - < X-Amz-Cf-Id: VGQo0QwmJdBrgy7FcHFhKUkSxxG7rFFDlhJEjb_AR1u7TSQGzeiYEg==
2023-03-29 09:09:55,977 - DEBUG - = connection is OPEN
2023-03-29 09:09:56,024 - DEBUG - > TEXT '[2, "f0e5c748-4f86-4ebe-8bca-c6364982142d", "Bo...ePointVendor": "EVAR"}]' [127 bytes]
2023-03-29 09:09:56,409 - DEBUG - < TEXT '[3, "f0e5c748-4f86-4ebe-8bca-c6364982142d", {"s...52Z", "interval": 600}]' [123 bytes]
2023-03-29 09:09:56,458 - DEBUG - > TEXT '[2, "f5cf7442-cda6-4247-95b6-b7cf9bd77409", "St..."status": "Available"}]' [132 bytes]
2023-03-29 09:09:56,675 - DEBUG - < TEXT '[3, "f5cf7442-cda6-4247-95b6-b7cf9bd77409", {}]' [47 bytes]
2023-03-29 09:09:56,715 - DEBUG - > TEXT '[2, "d32eec6b-46b9-4036-aebc-c2a72f517122", "Au...": "1031040000069641"}]' [87 bytes]
2023-03-29 09:09:56,941 - DEBUG - < TEXT '[3, "d32eec6b-46b9-4036-aebc-c2a72f517122", {"i..."status": "Accepted"}}]' [82 bytes]
2023-03-29 09:09:56,984 - DEBUG - > TEXT '[2, "f032a998-a49a-46a3-aab2-12bff7fb3242", "St...2023-03-29T09:07:41Z"}]' [166 bytes]
2023-03-29 09:09:57,450 - DEBUG - < TEXT '[3, "f032a998-a49a-46a3-aab2-12bff7fb3242", {"t..."status": "Accepted"}}]' [110 bytes]
2023-03-29 09:09:57,507 - DEBUG - > TEXT '[2, "5cfa9419-b38e-4c9e-a22e-3cde34966283", "St... "status": "Charging"}]' [131 bytes]
2023-03-29 09:09:57,709 - DEBUG - < TEXT '[3, "5cfa9419-b38e-4c9e-a22e-3cde34966283", {}]' [47 bytes]
2023-03-29 09:09:57,751 - DEBUG - > TEXT '[2, "f255895a-b95e-446d-a1d7-cc1a3d936dd4", "Me...er", "unit": "Wh"}]}]}]' [259 bytes]
2023-03-29 09:09:57,985 - DEBUG - < TEXT '[3, "f255895a-b95e-446d-a1d7-cc1a3d936dd4", {}]' [47 bytes]
2023-03-29 09:09:58,035 - DEBUG - > TEXT '[2, "d70b8ea8-c751-480c-be4e-cdbf970a8770", "St...59, "reason": "Local"}]' [172 bytes]
2023-03-29 09:09:58,292 - DEBUG - < TEXT '[4, "d70b8ea8-c751-480c-be4e-cdbf970a8770", {"e...the requested Action"}]' [187 bytes]
2023-03-29 09:09:58,331 - DEBUG - = connection is CLOSING
2023-03-29 09:09:58,331 - DEBUG - > CLOSE 1000 (OK) [2 bytes]
2023-03-29 09:09:58,346 - DEBUG - < CLOSE 1000 (OK) [2 bytes]
2023-03-29 09:09:58,350 - DEBUG - = connection is CLOSED
2023-03-29 09:10:14,009 - DEBUG - = connection is CONNECTING
2023-03-29 09:10:14,041 - DEBUG - > GET /ocpp16/ELA007C05/EVSCA050001 HTTP/1.1
2023-03-29 09:10:14,042 - DEBUG - > Host: ws.devevspcharger.uplus.co.kr
2023-03-29 09:10:14,042 - DEBUG - > Upgrade: websocket
2023-03-29 09:10:14,042 - DEBUG - > Connection: Upgrade
2023-03-29 09:10:14,043 - DEBUG - > Sec-WebSocket-Key: pCtm445KTYku3Yale+3T8A==
2023-03-29 09:10:14,043 - DEBUG - > Sec-WebSocket-Version: 13
2023-03-29 09:10:14,043 - DEBUG - > Sec-WebSocket-Extensions: permessage-deflate; client_max_window_bits
2023-03-29 09:10:14,043 - DEBUG - > Sec-WebSocket-Protocol: ocpp1.6
2023-03-29 09:10:14,043 - DEBUG - > Authorization: Basic RVZBUjpFVkFSTEdV
2023-03-29 09:10:14,043 - DEBUG - > User-Agent: Python/3.11 websockets/10.4
2023-03-29 09:10:14,278 - DEBUG - < HTTP/1.1 101 Switching Protocols
2023-03-29 09:10:14,278 - DEBUG - < Connection: upgrade
2023-03-29 09:10:14,278 - DEBUG - < Date: Wed, 29 Mar 2023 00:10:10 GMT
2023-03-29 09:10:14,278 - DEBUG - < sec-websocket-protocol: ocpp1.6
2023-03-29 09:10:14,278 - DEBUG - < upgrade: websocket
2023-03-29 09:10:14,278 - DEBUG - < sec-websocket-accept: 5bBvMbhocUR2LzOWAtmuvpl1uH8=
2023-03-29 09:10:14,279 - DEBUG - < sec-websocket-extensions: permessage-deflate
2023-03-29 09:10:14,279 - DEBUG - < X-Cache: Miss from cloudfront
2023-03-29 09:10:14,279 - DEBUG - < Via: 1.1 3ced0108f56d0634c19ad34e6b299e80.cloudfront.net (CloudFront)
2023-03-29 09:10:14,279 - DEBUG - < X-Amz-Cf-Pop: ICN57-P2
2023-03-29 09:10:14,279 - DEBUG - < X-Amz-Cf-Id: 5LcNojNukA0OYpWkLEYHXDOGYaKnnMlaswYHs3fG1vXqeNIL7z8qMA==
2023-03-29 09:10:14,279 - DEBUG - = connection is OPEN
2023-03-29 09:10:14,372 - DEBUG - > TEXT '[2, "3d33c219-5396-4625-9ae5-9f05c5e2b9cb", "Bo...ePointVendor": "EVAR"}]' [127 bytes]
2023-03-29 09:10:14,589 - DEBUG - < TEXT '[3, "3d33c219-5396-4625-9ae5-9f05c5e2b9cb", {"s...10Z", "interval": 600}]' [123 bytes]
2023-03-29 09:10:14,643 - DEBUG - > TEXT '[2, "3d33c219-5396-4625-9ae5-9f05c5e2b9cb", "St..."status": "Available"}]' [132 bytes]
2023-03-29 09:10:14,829 - DEBUG - < TEXT '[3, "3d33c219-5396-4625-9ae5-9f05c5e2b9cb", {}]' [47 bytes]
2023-03-29 09:10:14,881 - DEBUG - > TEXT '[2, "3d33c219-5396-4625-9ae5-9f05c5e2b9cb", "Au...": "1031040000069641"}]' [87 bytes]
2023-03-29 09:10:15,152 - DEBUG - < TEXT '[3, "3d33c219-5396-4625-9ae5-9f05c5e2b9cb", {"i..."status": "Accepted"}}]' [82 bytes]
2023-03-29 09:10:15,195 - DEBUG - > TEXT '[2, "620f4eb5-9a5f-4e70-bda4-d1d7e225c813", "St...2023-03-29T09:10:14Z"}]' [170 bytes]
2023-03-29 09:10:15,511 - DEBUG - < TEXT '[3, "620f4eb5-9a5f-4e70-bda4-d1d7e225c813", {"t..."status": "Accepted"}}]' [110 bytes]
2023-03-29 09:10:15,547 - DEBUG - > TEXT '[2, "cdd8cfcb-05c9-4a36-85f0-bf2e277144b9", "St... "status": "Charging"}]' [131 bytes]
2023-03-29 09:10:15,735 - DEBUG - < TEXT '[3, "cdd8cfcb-05c9-4a36-85f0-bf2e277144b9", {}]' [47 bytes]
2023-03-29 09:10:15,774 - DEBUG - > TEXT '[2, "ecfa6363-6efa-472b-b1dc-a6e9a0f821da", "Me...er", "unit": "Wh"}]}]}]' [259 bytes]
2023-03-29 09:10:15,976 - DEBUG - < TEXT '[3, "ecfa6363-6efa-472b-b1dc-a6e9a0f821da", {}]' [47 bytes]
2023-03-29 09:10:16,015 - DEBUG - > TEXT '[2, "4a0457cc-2eed-4318-9bcd-ecfdcde5198a", "St...sactionId": 120533560}]' [149 bytes]
2023-03-29 09:10:16,351 - DEBUG - < TEXT '[3, "4a0457cc-2eed-4318-9bcd-ecfdcde5198a", {"i..."status": "Accepted"}}]' [82 bytes]
2023-03-29 09:10:16,401 - DEBUG - > TEXT '[2, "f2288e2a-c7e4-4f67-bd90-83ef47f5cbc9", "St..."status": "Finishing"}]' [132 bytes]
2023-03-29 09:10:16,592 - DEBUG - < TEXT '[3, "f2288e2a-c7e4-4f67-bd90-83ef47f5cbc9", {}]' [47 bytes]
2023-03-29 09:10:16,636 - DEBUG - > TEXT '[2, "2cc097aa-638d-4d3b-b464-0df7343a1777", "St..."status": "Available"}]' [132 bytes]
2023-03-29 09:10:16,810 - DEBUG - < TEXT '[3, "2cc097aa-638d-4d3b-b464-0df7343a1777", {}]' [47 bytes]
2023-03-29 09:10:16,835 - DEBUG - = connection is CLOSING
2023-03-29 09:10:16,835 - DEBUG - > CLOSE 1000 (OK) [2 bytes]
2023-03-29 09:10:16,841 - DEBUG - < CLOSE 1000 (OK) [2 bytes]
2023-03-29 09:10:16,852 - DEBUG - = connection is CLOSED
2023-03-29 09:10:58,698 - DEBUG - = connection is CONNECTING
2023-03-29 09:10:58,737 - DEBUG - > GET /ocpp16/ELA007C05/EVSCA050001 HTTP/1.1
2023-03-29 09:10:58,737 - DEBUG - > Host: ws.devevspcharger.uplus.co.kr
2023-03-29 09:10:58,737 - DEBUG - > Upgrade: websocket
2023-03-29 09:10:58,737 - DEBUG - > Connection: Upgrade
2023-03-29 09:10:58,737 - DEBUG - > Sec-WebSocket-Key: BUxwp4oIkUrzsE4zRLUetg==
2023-03-29 09:10:58,737 - DEBUG - > Sec-WebSocket-Version: 13
2023-03-29 09:10:58,737 - DEBUG - > Sec-WebSocket-Extensions: permessage-deflate; client_max_window_bits
2023-03-29 09:10:58,737 - DEBUG - > Sec-WebSocket-Protocol: ocpp1.6
2023-03-29 09:10:58,737 - DEBUG - > Authorization: Basic RVZBUjpFVkFSTEdV
2023-03-29 09:10:58,737 - DEBUG - > User-Agent: Python/3.11 websockets/10.4
2023-03-29 09:10:58,975 - DEBUG - < HTTP/1.1 101 Switching Protocols
2023-03-29 09:10:58,975 - DEBUG - < Connection: upgrade
2023-03-29 09:10:58,976 - DEBUG - < Date: Wed, 29 Mar 2023 00:10:55 GMT
2023-03-29 09:10:58,976 - DEBUG - < sec-websocket-protocol: ocpp1.6
2023-03-29 09:10:58,976 - DEBUG - < upgrade: websocket
2023-03-29 09:10:58,976 - DEBUG - < sec-websocket-accept: CsgphTJtoaBdAmu8ZwkGmUHQpMA=
2023-03-29 09:10:58,976 - DEBUG - < sec-websocket-extensions: permessage-deflate
2023-03-29 09:10:58,976 - DEBUG - < X-Cache: Miss from cloudfront
2023-03-29 09:10:58,976 - DEBUG - < Via: 1.1 398e2e4101ed255d172b5d628fa36f5c.cloudfront.net (CloudFront)
2023-03-29 09:10:58,977 - DEBUG - < X-Amz-Cf-Pop: ICN57-P2
2023-03-29 09:10:58,977 - DEBUG - < X-Amz-Cf-Id: L3Xhdr5Sudlmb2kKQL2zGNgL6Y-p41jYofl2nK2kHN6otunC_OImDQ==
2023-03-29 09:10:58,977 - DEBUG - = connection is OPEN
2023-03-29 09:10:59,007 - DEBUG - > TEXT '[2, "036f0d8c-306e-4c2d-9bcb-f4f30996c579", "Bo...ePointVendor": "EVAR"}]' [127 bytes]
2023-03-29 09:10:59,210 - DEBUG - < TEXT '[3, "036f0d8c-306e-4c2d-9bcb-f4f30996c579", {"s...55Z", "interval": 600}]' [123 bytes]
2023-03-29 09:10:59,253 - DEBUG - > TEXT '[2, "ee3669e4-ea50-4563-8aab-e5ef56333c59", "St..."status": "Preparing"}]' [132 bytes]
2023-03-29 09:10:59,464 - DEBUG - < TEXT '[3, "ee3669e4-ea50-4563-8aab-e5ef56333c59", {}]' [47 bytes]
2023-03-29 09:10:59,506 - DEBUG - > TEXT '[2, "2daa66a0-dae4-477c-b976-9e705b7fb185", "St...2023-03-29T09:10:58Z"}]' [166 bytes]
2023-03-29 09:10:59,811 - DEBUG - < TEXT '[3, "2daa66a0-dae4-477c-b976-9e705b7fb185", {"t..."status": "Accepted"}}]' [110 bytes]
2023-03-29 09:10:59,854 - DEBUG - > TEXT '[2, "2b9b1209-33df-405f-8ea8-8fb1784c5922", "St... "status": "Charging"}]' [131 bytes]
2023-03-29 09:11:00,030 - DEBUG - < TEXT '[3, "2b9b1209-33df-405f-8ea8-8fb1784c5922", {}]' [47 bytes]
2023-03-29 09:11:00,080 - DEBUG - > TEXT '[2, "020c69c7-cfcb-4f53-b930-741754800b9c", "St...60, "reason": "Local"}]' [172 bytes]
2023-03-29 09:11:00,331 - DEBUG - < TEXT '[4, "020c69c7-cfcb-4f53-b930-741754800b9c", {"e...the requested Action"}]' [187 bytes]
2023-03-29 09:11:00,362 - DEBUG - = connection is CLOSING
2023-03-29 09:11:00,362 - DEBUG - > CLOSE 1000 (OK) [2 bytes]
2023-03-29 09:11:00,373 - DEBUG - < CLOSE 1000 (OK) [2 bytes]
2023-03-29 09:11:00,379 - DEBUG - = connection is CLOSED
2023-03-29 09:12:27,919 - DEBUG - = connection is CONNECTING
2023-03-29 09:12:27,952 - DEBUG - > GET /ocpp16/ELA007C05/EVSCA050001 HTTP/1.1
2023-03-29 09:12:27,952 - DEBUG - > Host: ws.devevspcharger.uplus.co.kr
2023-03-29 09:12:27,953 - DEBUG - > Upgrade: websocket
2023-03-29 09:12:27,953 - DEBUG - > Connection: Upgrade
2023-03-29 09:12:27,953 - DEBUG - > Sec-WebSocket-Key: 3n8bm6cilM9/B4nxrBWdWQ==
2023-03-29 09:12:27,953 - DEBUG - > Sec-WebSocket-Version: 13
2023-03-29 09:12:27,953 - DEBUG - > Sec-WebSocket-Extensions: permessage-deflate; client_max_window_bits
2023-03-29 09:12:27,953 - DEBUG - > Sec-WebSocket-Protocol: ocpp1.6
2023-03-29 09:12:27,953 - DEBUG - > Authorization: Basic RVZBUjpFVkFSTEdV
2023-03-29 09:12:27,953 - DEBUG - > User-Agent: Python/3.11 websockets/10.4
2023-03-29 09:12:28,468 - DEBUG - < HTTP/1.1 101 Switching Protocols
2023-03-29 09:12:28,469 - DEBUG - < Connection: upgrade
2023-03-29 09:12:28,469 - DEBUG - < Date: Wed, 29 Mar 2023 00:12:24 GMT
2023-03-29 09:12:28,469 - DEBUG - < sec-websocket-protocol: ocpp1.6
2023-03-29 09:12:28,469 - DEBUG - < upgrade: websocket
2023-03-29 09:12:28,469 - DEBUG - < sec-websocket-accept: DX4xsBhdVXOQKFTgl//PeNjdu8E=
2023-03-29 09:12:28,469 - DEBUG - < sec-websocket-extensions: permessage-deflate
2023-03-29 09:12:28,469 - DEBUG - < X-Cache: Miss from cloudfront
2023-03-29 09:12:28,469 - DEBUG - < Via: 1.1 3c5e765ef2333ef04ef6f44a2b66ec12.cloudfront.net (CloudFront)
2023-03-29 09:12:28,470 - DEBUG - < X-Amz-Cf-Pop: ICN57-P2
2023-03-29 09:12:28,470 - DEBUG - < X-Amz-Cf-Id: DeogamkJOKoUx0CGy2xrMe-j-ax52FHOG1Z2oL7mOveqt_lnY-T9cA==
2023-03-29 09:12:28,470 - DEBUG - = connection is OPEN
2023-03-29 09:12:28,510 - DEBUG - > TEXT '[2, "93e56af8-4943-4f18-b6ee-6a677d2b5da4", "Bo...ePointVendor": "EVAR"}]' [127 bytes]
2023-03-29 09:12:28,731 - DEBUG - < TEXT '[3, "93e56af8-4943-4f18-b6ee-6a677d2b5da4", {"s...24Z", "interval": 600}]' [123 bytes]
2023-03-29 09:12:28,766 - DEBUG - > TEXT '[2, "2e2818e0-f3a1-4678-a7ca-0f2ee6d0bb0a", "St..."status": "Preparing"}]' [132 bytes]
2023-03-29 09:12:28,951 - DEBUG - < TEXT '[3, "2e2818e0-f3a1-4678-a7ca-0f2ee6d0bb0a", {}]' [47 bytes]
2023-03-29 09:12:28,981 - DEBUG - > TEXT '[2, "23f86ab9-ca5b-4eda-92f7-b5bb32cd2f9b", "St...2023-03-29T09:10:58Z"}]' [166 bytes]
2023-03-29 09:12:29,461 - DEBUG - < TEXT '[3, "23f86ab9-ca5b-4eda-92f7-b5bb32cd2f9b", {"t..."status": "Accepted"}}]' [110 bytes]
2023-03-29 09:12:29,506 - DEBUG - > TEXT '[2, "3c19bf46-08f3-4ab7-b9fd-b09cbe009897", "St... "status": "Charging"}]' [131 bytes]
2023-03-29 09:12:29,691 - DEBUG - < TEXT '[3, "3c19bf46-08f3-4ab7-b9fd-b09cbe009897", {}]' [47 bytes]
2023-03-29 09:12:29,736 - DEBUG - > TEXT '[2, "9e875dde-6a07-48d4-a442-5bd487478c0d", "St...60, "reason": "Local"}]' [172 bytes]
2023-03-29 09:12:29,992 - DEBUG - < TEXT '[4, "9e875dde-6a07-48d4-a442-5bd487478c0d", {"e...the requested Action"}]' [187 bytes]
2023-03-29 09:12:30,025 - DEBUG - = connection is CLOSING
2023-03-29 09:12:30,026 - DEBUG - > CLOSE 1000 (OK) [2 bytes]
2023-03-29 09:12:30,034 - DEBUG - < CLOSE 1000 (OK) [2 bytes]
2023-03-29 09:12:30,039 - DEBUG - = connection is CLOSED
2023-03-29 09:13:34,420 - DEBUG - = connection is CONNECTING
2023-03-29 09:13:34,454 - DEBUG - > GET /ocpp16/ELA007C05/EVSCA050001 HTTP/1.1
2023-03-29 09:13:34,454 - DEBUG - > Host: ws.devevspcharger.uplus.co.kr
2023-03-29 09:13:34,455 - DEBUG - > Upgrade: websocket
2023-03-29 09:13:34,455 - DEBUG - > Connection: Upgrade
2023-03-29 09:13:34,455 - DEBUG - > Sec-WebSocket-Key: 0W7YWjUbA6EYdspM7vtZ+g==
2023-03-29 09:13:34,455 - DEBUG - > Sec-WebSocket-Version: 13
2023-03-29 09:13:34,455 - DEBUG - > Sec-WebSocket-Extensions: permessage-deflate; client_max_window_bits
2023-03-29 09:13:34,455 - DEBUG - > Sec-WebSocket-Protocol: ocpp1.6
2023-03-29 09:13:34,455 - DEBUG - > Authorization: Basic RVZBUjpFVkFSTEdV
2023-03-29 09:13:34,456 - DEBUG - > User-Agent: Python/3.11 websockets/10.4
2023-03-29 09:13:34,919 - DEBUG - < HTTP/1.1 101 Switching Protocols
2023-03-29 09:13:34,919 - DEBUG - < Connection: upgrade
2023-03-29 09:13:34,920 - DEBUG - < Date: Wed, 29 Mar 2023 00:13:31 GMT
2023-03-29 09:13:34,920 - DEBUG - < sec-websocket-protocol: ocpp1.6
2023-03-29 09:13:34,920 - DEBUG - < upgrade: websocket
2023-03-29 09:13:34,921 - DEBUG - < sec-websocket-accept: O2OeZ1TOvQcfz3fWEKc9QCKvneU=
2023-03-29 09:13:34,921 - DEBUG - < sec-websocket-extensions: permessage-deflate
2023-03-29 09:13:34,921 - DEBUG - < X-Cache: Miss from cloudfront
2023-03-29 09:13:34,922 - DEBUG - < Via: 1.1 0a9548baf65e130ce12c4d90cb22d962.cloudfront.net (CloudFront)
2023-03-29 09:13:34,922 - DEBUG - < X-Amz-Cf-Pop: ICN57-P2
2023-03-29 09:13:34,922 - DEBUG - < X-Amz-Cf-Id: Rc9bXcC3KUgpZBwE4Amqf1ccsBeVagq-LnE0iTejPL2ovD8MmTqneA==
2023-03-29 09:13:34,922 - DEBUG - = connection is OPEN
2023-03-29 09:13:34,952 - DEBUG - > TEXT '[2, "4f5a2c54-07a6-4bba-86f7-3813949e01af", "Bo...ePointVendor": "EVAR"}]' [127 bytes]
2023-03-29 09:13:35,191 - DEBUG - < TEXT '[3, "4f5a2c54-07a6-4bba-86f7-3813949e01af", {"s...31Z", "interval": 600}]' [123 bytes]
2023-03-29 09:13:35,206 - DEBUG - > TEXT '[2, "4f5a2c54-07a6-4bba-86f7-3813949e01af", "St..."status": "Preparing"}]' [132 bytes]
2023-03-29 09:13:35,391 - DEBUG - < TEXT '[3, "4f5a2c54-07a6-4bba-86f7-3813949e01af", {}]' [47 bytes]
2023-03-29 09:13:35,431 - DEBUG - > TEXT '[2, "47e4173f-8b1d-44bd-9b9d-425376da378d", "St...2023-03-29T09:13:34Z"}]' [166 bytes]
2023-03-29 09:13:35,751 - DEBUG - < TEXT '[3, "47e4173f-8b1d-44bd-9b9d-425376da378d", {"t..."status": "Accepted"}}]' [110 bytes]
2023-03-29 09:13:35,790 - DEBUG - > TEXT '[2, "637ad813-ca94-4628-bdf0-a786511ecf95", "St... "status": "Charging"}]' [131 bytes]
2023-03-29 09:13:35,972 - DEBUG - < TEXT '[3, "637ad813-ca94-4628-bdf0-a786511ecf95", {}]' [47 bytes]
2023-03-29 09:13:36,023 - DEBUG - > TEXT '[2, "934aa56c-3519-4e04-ab11-aaa5cde9134b", "St...60, "reason": "Local"}]' [172 bytes]
2023-03-29 09:13:36,281 - DEBUG - < TEXT '[4, "934aa56c-3519-4e04-ab11-aaa5cde9134b", {"e...the requested Action"}]' [187 bytes]
2023-03-29 09:13:36,325 - DEBUG - = connection is CLOSING
2023-03-29 09:13:36,325 - DEBUG - > CLOSE 1000 (OK) [2 bytes]
2023-03-29 09:13:36,332 - DEBUG - < CLOSE 1000 (OK) [2 bytes]
2023-03-29 09:13:36,339 - DEBUG - = connection is CLOSED
2023-03-29 09:14:39,938 - DEBUG - = connection is CONNECTING
2023-03-29 09:14:39,970 - DEBUG - > GET /ocpp16/ELA007C05/EVSCA050001 HTTP/1.1
2023-03-29 09:14:39,971 - DEBUG - > Host: ws.devevspcharger.uplus.co.kr
2023-03-29 09:14:39,971 - DEBUG - > Upgrade: websocket
2023-03-29 09:14:39,971 - DEBUG - > Connection: Upgrade
2023-03-29 09:14:39,973 - DEBUG - > Sec-WebSocket-Key: 8wvk96XG9CgeUlC312LHRQ==
2023-03-29 09:14:39,975 - DEBUG - > Sec-WebSocket-Version: 13
2023-03-29 09:14:39,976 - DEBUG - > Sec-WebSocket-Extensions: permessage-deflate; client_max_window_bits
2023-03-29 09:14:39,976 - DEBUG - > Sec-WebSocket-Protocol: ocpp1.6
2023-03-29 09:14:39,977 - DEBUG - > Authorization: Basic RVZBUjpFVkFSTEdV
2023-03-29 09:14:39,977 - DEBUG - > User-Agent: Python/3.11 websockets/10.4
2023-03-29 09:14:40,508 - DEBUG - < HTTP/1.1 101 Switching Protocols
2023-03-29 09:14:40,508 - DEBUG - < Connection: upgrade
2023-03-29 09:14:40,508 - DEBUG - < Date: Wed, 29 Mar 2023 00:14:36 GMT
2023-03-29 09:14:40,508 - DEBUG - < sec-websocket-protocol: ocpp1.6
2023-03-29 09:14:40,508 - DEBUG - < upgrade: websocket
2023-03-29 09:14:40,508 - DEBUG - < sec-websocket-accept: kHLnXPtwflbprXV05Au5Y3RR+a0=
2023-03-29 09:14:40,508 - DEBUG - < sec-websocket-extensions: permessage-deflate
2023-03-29 09:14:40,508 - DEBUG - < X-Cache: Miss from cloudfront
2023-03-29 09:14:40,508 - DEBUG - < Via: 1.1 0c9ac74e4533d4cd2c0dd7de136ec086.cloudfront.net (CloudFront)
2023-03-29 09:14:40,508 - DEBUG - < X-Amz-Cf-Pop: ICN57-P2
2023-03-29 09:14:40,509 - DEBUG - < X-Amz-Cf-Id: USBpI9QjO4hloGvRbO5oQW_6jdo5QfC7Or3O6PKn9zXmN-aTjfCLaQ==
2023-03-29 09:14:40,509 - DEBUG - = connection is OPEN
2023-03-29 09:14:40,549 - DEBUG - > TEXT '[2, "052f4063-ac7c-43f8-8e53-929ef0da9802", "Bo...ePointVendor": "EVAR"}]' [127 bytes]
2023-03-29 09:14:40,793 - DEBUG - < TEXT '[3, "052f4063-ac7c-43f8-8e53-929ef0da9802", {"s...36Z", "interval": 600}]' [123 bytes]
2023-03-29 09:14:40,868 - DEBUG - > TEXT '[2, "c91d57b0-661e-43e0-a3b6-04d31bd2b975", "St..."status": "Preparing"}]' [132 bytes]
2023-03-29 09:14:41,065 - DEBUG - < TEXT '[3, "c91d57b0-661e-43e0-a3b6-04d31bd2b975", {}]' [47 bytes]
2023-03-29 09:14:41,115 - DEBUG - > TEXT '[2, "7e8a9898-9017-4417-8bb9-4a4a87047c39", "St...2023-03-29T09:13:34Z"}]' [166 bytes]
2023-03-29 09:14:41,432 - DEBUG - < TEXT '[3, "7e8a9898-9017-4417-8bb9-4a4a87047c39", {"t..."status": "Accepted"}}]' [110 bytes]
2023-03-29 09:14:41,478 - DEBUG - > TEXT '[2, "f2e1e39a-f0f6-470f-a2cd-1705923dea18", "St... "status": "Charging"}]' [131 bytes]
2023-03-29 09:14:41,667 - DEBUG - < TEXT '[3, "f2e1e39a-f0f6-470f-a2cd-1705923dea18", {}]' [47 bytes]
2023-03-29 09:14:41,721 - DEBUG - > TEXT '[2, "5e25b3da-35e7-4da8-aeda-a61642c9f332", "St...60, "reason": "Local"}]' [172 bytes]
2023-03-29 09:14:41,973 - DEBUG - < TEXT '[4, "5e25b3da-35e7-4da8-aeda-a61642c9f332", {"e...the requested Action"}]' [187 bytes]
2023-03-29 09:14:42,007 - DEBUG - = connection is CLOSING
2023-03-29 09:14:42,007 - DEBUG - > CLOSE 1000 (OK) [2 bytes]
2023-03-29 09:14:42,017 - DEBUG - < CLOSE 1000 (OK) [2 bytes]
2023-03-29 09:14:42,019 - DEBUG - = connection is CLOSED
2023-03-29 09:20:43,955 - DEBUG - = connection is CONNECTING
2023-03-29 09:20:43,993 - DEBUG - > GET /ocpp16/ELA007C05/EVSCA050001 HTTP/1.1
2023-03-29 09:20:43,993 - DEBUG - > Host: ws.devevspcharger.uplus.co.kr
2023-03-29 09:20:43,993 - DEBUG - > Upgrade: websocket
2023-03-29 09:20:43,994 - DEBUG - > Connection: Upgrade
2023-03-29 09:20:43,994 - DEBUG - > Sec-WebSocket-Key: roUEkxFmTlkuD+S7isWkNw==
2023-03-29 09:20:43,994 - DEBUG - > Sec-WebSocket-Version: 13
2023-03-29 09:20:43,994 - DEBUG - > Sec-WebSocket-Extensions: permessage-deflate; client_max_window_bits
2023-03-29 09:20:43,994 - DEBUG - > Sec-WebSocket-Protocol: ocpp1.6
2023-03-29 09:20:43,994 - DEBUG - > Authorization: Basic RVZBUjpFVkFSTEdV
2023-03-29 09:20:43,994 - DEBUG - > User-Agent: Python/3.11 websockets/10.4
2023-03-29 09:20:45,245 - DEBUG - < HTTP/1.1 101 Switching Protocols
2023-03-29 09:20:45,245 - DEBUG - < Connection: upgrade
2023-03-29 09:20:45,246 - DEBUG - < Date: Wed, 29 Mar 2023 00:20:41 GMT
2023-03-29 09:20:45,246 - DEBUG - < sec-websocket-protocol: ocpp1.6
2023-03-29 09:20:45,246 - DEBUG - < upgrade: websocket
2023-03-29 09:20:45,246 - DEBUG - < sec-websocket-accept: z15BJe9hLfNL4efRp5n5L2h16OY=
2023-03-29 09:20:45,246 - DEBUG - < sec-websocket-extensions: permessage-deflate
2023-03-29 09:20:45,246 - DEBUG - < X-Cache: Miss from cloudfront
2023-03-29 09:20:45,246 - DEBUG - < Via: 1.1 5b6f80c06c5584561e15bd2fd58882ee.cloudfront.net (CloudFront)
2023-03-29 09:20:45,246 - DEBUG - < X-Amz-Cf-Pop: ICN57-P2
2023-03-29 09:20:45,246 - DEBUG - < X-Amz-Cf-Id: A6PLRkGK37WbRL8m5EyBOm14nqMzfxIVEKCQoHAERdOS3909iGGvEA==
2023-03-29 09:20:45,246 - DEBUG - = connection is OPEN
2023-03-29 09:20:45,271 - DEBUG - > TEXT '[2, "bb62381d-39c8-4dc3-bcb8-fb2a6674c9ef", "Bo...ePointVendor": "EVAR"}]' [127 bytes]
2023-03-29 09:20:45,635 - DEBUG - < TEXT '[3, "bb62381d-39c8-4dc3-bcb8-fb2a6674c9ef", {"s...41Z", "interval": 600}]' [123 bytes]
2023-03-29 09:20:45,667 - DEBUG - > TEXT '[2, "bb62381d-39c8-4dc3-bcb8-fb2a6674c9ef", "St..."status": "Preparing"}]' [132 bytes]
2023-03-29 09:20:45,892 - DEBUG - < TEXT '[3, "bb62381d-39c8-4dc3-bcb8-fb2a6674c9ef", {}]' [47 bytes]
2023-03-29 09:20:45,924 - DEBUG - > TEXT '[2, "813c3ce6-ccd3-4468-97d3-7b8f107b9981", "St...2023-03-29T09:20:43Z"}]' [166 bytes]
2023-03-29 09:20:46,335 - DEBUG - < TEXT '[3, "813c3ce6-ccd3-4468-97d3-7b8f107b9981", {"t..."status": "Accepted"}}]' [110 bytes]
2023-03-29 09:20:46,375 - DEBUG - > TEXT '[2, "358bf85f-7718-4bb9-a7ff-7a3987fd42d2", "St... "status": "Charging"}]' [131 bytes]
2023-03-29 09:20:46,555 - DEBUG - < TEXT '[3, "358bf85f-7718-4bb9-a7ff-7a3987fd42d2", {}]' [47 bytes]
2023-03-29 09:20:46,598 - DEBUG - > TEXT '[2, "073e351b-01e4-4c92-9e91-7903e02f0ef7", "St...60, "reason": "Local"}]' [172 bytes]
2023-03-29 09:20:46,856 - DEBUG - < TEXT '[4, "073e351b-01e4-4c92-9e91-7903e02f0ef7", {"e...the requested Action"}]' [187 bytes]
2023-03-29 09:20:46,888 - DEBUG - = connection is CLOSING
2023-03-29 09:20:46,888 - DEBUG - > CLOSE 1000 (OK) [2 bytes]
2023-03-29 09:20:46,902 - DEBUG - < CLOSE 1000 (OK) [2 bytes]
2023-03-29 09:20:46,905 - DEBUG - = connection is CLOSED
2023-03-29 09:33:18,014 - DEBUG - = connection is CONNECTING
2023-03-29 09:33:18,050 - DEBUG - > GET /ocpp16/ELA007C05/EVSCA050001 HTTP/1.1
2023-03-29 09:33:18,051 - DEBUG - > Host: ws.devevspcharger.uplus.co.kr
2023-03-29 09:33:18,052 - DEBUG - > Upgrade: websocket
2023-03-29 09:33:18,052 - DEBUG - > Connection: Upgrade
2023-03-29 09:33:18,052 - DEBUG - > Sec-WebSocket-Key: 13NgWjmEbdW2fzKicz8gnw==
2023-03-29 09:33:18,052 - DEBUG - > Sec-WebSocket-Version: 13
2023-03-29 09:33:18,052 - DEBUG - > Sec-WebSocket-Extensions: permessage-deflate; client_max_window_bits
2023-03-29 09:33:18,052 - DEBUG - > Sec-WebSocket-Protocol: ocpp1.6
2023-03-29 09:33:18,053 - DEBUG - > Authorization: Basic RVZBUjpFVkFSTEdV
2023-03-29 09:33:18,053 - DEBUG - > User-Agent: Python/3.11 websockets/10.4
2023-03-29 09:33:19,387 - DEBUG - < HTTP/1.1 101 Switching Protocols
2023-03-29 09:33:19,387 - DEBUG - < Connection: upgrade
2023-03-29 09:33:19,388 - DEBUG - < Date: Wed, 29 Mar 2023 00:33:15 GMT
2023-03-29 09:33:19,388 - DEBUG - < sec-websocket-protocol: ocpp1.6
2023-03-29 09:33:19,388 - DEBUG - < upgrade: websocket
2023-03-29 09:33:19,388 - DEBUG - < sec-websocket-accept: hdaetcqBWazyAdTLCEJJGYVR9Hk=
2023-03-29 09:33:19,388 - DEBUG - < sec-websocket-extensions: permessage-deflate
2023-03-29 09:33:19,388 - DEBUG - < X-Cache: Miss from cloudfront
2023-03-29 09:33:19,388 - DEBUG - < Via: 1.1 98cc70c99d4e07b8cd37265dc48c5a54.cloudfront.net (CloudFront)
2023-03-29 09:33:19,388 - DEBUG - < X-Amz-Cf-Pop: ICN57-P2
2023-03-29 09:33:19,388 - DEBUG - < X-Amz-Cf-Id: EE_UKBpxiaWDgW7CUmwP9TKnhD6bkfj1KBBFWGPesge4qHq_gTDAhg==
2023-03-29 09:33:19,389 - DEBUG - = connection is OPEN
2023-03-29 09:33:19,418 - DEBUG - > TEXT '[2, "00347724-c96e-48bd-be25-c8cdef3671c4", "Bo...ePointVendor": "EVAR"}]' [127 bytes]
2023-03-29 09:33:19,621 - DEBUG - < TEXT '[3, "00347724-c96e-48bd-be25-c8cdef3671c4", {"s...15Z", "interval": 600}]' [123 bytes]
2023-03-29 09:33:19,650 - DEBUG - > TEXT '[2, "00347724-c96e-48bd-be25-c8cdef3671c4", "St..."status": "Preparing"}]' [132 bytes]
2023-03-29 09:33:19,823 - DEBUG - < TEXT '[3, "00347724-c96e-48bd-be25-c8cdef3671c4", {}]' [47 bytes]
2023-03-29 09:33:19,851 - DEBUG - > TEXT '[2, "bfb02e12-78cc-4b7c-b4ff-dfd138b3bb41", "St...2023-03-29T09:33:17Z"}]' [166 bytes]
2023-03-29 09:33:20,183 - DEBUG - < TEXT '[3, "bfb02e12-78cc-4b7c-b4ff-dfd138b3bb41", {"t..."status": "Accepted"}}]' [110 bytes]
2023-03-29 09:33:20,207 - DEBUG - > TEXT '[2, "45b3c268-b3df-4a80-87b4-b5c865a32d36", "St... "status": "Charging"}]' [131 bytes]
2023-03-29 09:33:20,396 - DEBUG - < TEXT '[3, "45b3c268-b3df-4a80-87b4-b5c865a32d36", {}]' [47 bytes]
2023-03-29 09:33:20,452 - DEBUG - > TEXT '[2, "dca7afed-45c0-4f97-b1bf-0537e252b83e", "St...60, "reason": "Local"}]' [172 bytes]
2023-03-29 09:33:20,709 - DEBUG - < TEXT '[4, "dca7afed-45c0-4f97-b1bf-0537e252b83e", {"e...the requested Action"}]' [187 bytes]
2023-03-29 09:33:20,741 - DEBUG - = connection is CLOSING
2023-03-29 09:33:20,741 - DEBUG - > CLOSE 1000 (OK) [2 bytes]
2023-03-29 09:33:20,749 - DEBUG - < CLOSE 1000 (OK) [2 bytes]
2023-03-29 09:33:20,756 - DEBUG - = connection is CLOSED
2023-03-29 09:34:57,502 - DEBUG - = connection is CONNECTING
2023-03-29 09:34:57,536 - DEBUG - > GET /ocpp16/ELA007C05/EVSCA050001 HTTP/1.1
2023-03-29 09:34:57,537 - DEBUG - > Host: ws.devevspcharger.uplus.co.kr
2023-03-29 09:34:57,537 - DEBUG - > Upgrade: websocket
2023-03-29 09:34:57,538 - DEBUG - > Connection: Upgrade
2023-03-29 09:34:57,538 - DEBUG - > Sec-WebSocket-Key: SovBFbBR9Dij/2Pgc4XN3A==
2023-03-29 09:34:57,538 - DEBUG - > Sec-WebSocket-Version: 13
2023-03-29 09:34:57,538 - DEBUG - > Sec-WebSocket-Extensions: permessage-deflate; client_max_window_bits
2023-03-29 09:34:57,539 - DEBUG - > Sec-WebSocket-Protocol: ocpp1.6
2023-03-29 09:34:57,539 - DEBUG - > Authorization: Basic RVZBUjpFVkFSTEdV
2023-03-29 09:34:57,539 - DEBUG - > User-Agent: Python/3.11 websockets/10.4
2023-03-29 09:34:58,074 - DEBUG - < HTTP/1.1 101 Switching Protocols
2023-03-29 09:34:58,074 - DEBUG - < Connection: upgrade
2023-03-29 09:34:58,074 - DEBUG - < Date: Wed, 29 Mar 2023 00:34:54 GMT
2023-03-29 09:34:58,074 - DEBUG - < sec-websocket-protocol: ocpp1.6
2023-03-29 09:34:58,075 - DEBUG - < upgrade: websocket
2023-03-29 09:34:58,075 - DEBUG - < sec-websocket-accept: DfE8j1gG9Z/9MCUcn8LVbRkY8pc=
2023-03-29 09:34:58,075 - DEBUG - < sec-websocket-extensions: permessage-deflate
2023-03-29 09:34:58,075 - DEBUG - < X-Cache: Miss from cloudfront
2023-03-29 09:34:58,075 - DEBUG - < Via: 1.1 818e6836f2ca3e700a5577179db933d8.cloudfront.net (CloudFront)
2023-03-29 09:34:58,075 - DEBUG - < X-Amz-Cf-Pop: ICN57-P2
2023-03-29 09:34:58,075 - DEBUG - < X-Amz-Cf-Id: 5oBdt2Uu8L3nXHQIToFwOfJX0EL4jAXRbAjD8-rQH5dL3dSnhiqWZw==
2023-03-29 09:34:58,075 - DEBUG - = connection is OPEN
2023-03-29 09:34:58,105 - DEBUG - > TEXT '[2, "eb296b61-8ebb-4351-a323-2fc5ece7a984", "Bo...ePointVendor": "EVAR"}]' [127 bytes]
2023-03-29 09:34:58,502 - DEBUG - < TEXT '[3, "eb296b61-8ebb-4351-a323-2fc5ece7a984", {"s...54Z", "interval": 600}]' [123 bytes]
2023-03-29 09:34:58,542 - DEBUG - > TEXT '[2, "eb296b61-8ebb-4351-a323-2fc5ece7a984", "St..."status": "Preparing"}]' [132 bytes]
2023-03-29 09:34:58,724 - DEBUG - < TEXT '[3, "eb296b61-8ebb-4351-a323-2fc5ece7a984", {}]' [47 bytes]
2023-03-29 09:34:58,757 - DEBUG - > TEXT '[2, "a7bf443e-83ec-48a6-b975-709fa3173a81", "St...2023-03-29T09:34:57Z"}]' [166 bytes]
2023-03-29 09:34:59,086 - DEBUG - < TEXT '[3, "a7bf443e-83ec-48a6-b975-709fa3173a81", {"t..."status": "Accepted"}}]' [110 bytes]
2023-03-29 09:34:59,129 - DEBUG - > TEXT '[2, "6045d093-abd7-41e7-8156-67af3db976cb", "St... "status": "Charging"}]' [131 bytes]
2023-03-29 09:34:59,305 - DEBUG - < TEXT '[3, "6045d093-abd7-41e7-8156-67af3db976cb", {}]' [47 bytes]
2023-03-29 09:34:59,350 - DEBUG - > TEXT '[2, "edab619b-24c4-4e09-b9fe-51a7bf6c0e3b", "St...60, "reason": "Local"}]' [168 bytes]
2023-03-29 09:34:59,623 - DEBUG - < TEXT '[3, "edab619b-24c4-4e09-b9fe-51a7bf6c0e3b", {"i..."status": "Accepted"}}]' [82 bytes]
2023-03-29 09:34:59,683 - DEBUG - > TEXT '[2, "1fdf54fe-4ea9-4fdd-a320-ad3adfe207b8", "St..."status": "Finishing"}]' [132 bytes]
2023-03-29 09:34:59,863 - DEBUG - < TEXT '[3, "1fdf54fe-4ea9-4fdd-a320-ad3adfe207b8", {}]' [47 bytes]
2023-03-29 09:34:59,911 - DEBUG - > TEXT '[2, "0a35a4a1-a14e-4212-9433-9240bca7feb6", "St..."status": "Available"}]' [132 bytes]
2023-03-29 09:35:00,086 - DEBUG - < TEXT '[3, "0a35a4a1-a14e-4212-9433-9240bca7feb6", {}]' [47 bytes]
2023-03-29 09:35:00,108 - DEBUG - = connection is CLOSING
2023-03-29 09:35:00,109 - DEBUG - > CLOSE 1000 (OK) [2 bytes]
2023-03-29 09:35:00,116 - DEBUG - < CLOSE 1000 (OK) [2 bytes]
2023-03-29 09:35:00,121 - DEBUG - = connection is CLOSED
2023-03-29 09:35:23,210 - DEBUG - = connection is CONNECTING
2023-03-29 09:35:23,241 - DEBUG - > GET /ocpp16/ELA007C05/EVSCA050002 HTTP/1.1
2023-03-29 09:35:23,241 - DEBUG - > Host: ws.devevspcharger.uplus.co.kr
2023-03-29 09:35:23,241 - DEBUG - > Upgrade: websocket
2023-03-29 09:35:23,241 - DEBUG - > Connection: Upgrade
2023-03-29 09:35:23,241 - DEBUG - > Sec-WebSocket-Key: PM3Ozqd2Go6a9DAXE2WsdA==
2023-03-29 09:35:23,241 - DEBUG - > Sec-WebSocket-Version: 13
2023-03-29 09:35:23,241 - DEBUG - > Sec-WebSocket-Extensions: permessage-deflate; client_max_window_bits
2023-03-29 09:35:23,242 - DEBUG - > Sec-WebSocket-Protocol: ocpp1.6
2023-03-29 09:35:23,242 - DEBUG - > Authorization: Basic RVZBUjpFVkFSTEdV
2023-03-29 09:35:23,242 - DEBUG - > User-Agent: Python/3.11 websockets/10.4
2023-03-29 09:35:23,490 - DEBUG - < HTTP/1.1 101 Switching Protocols
2023-03-29 09:35:23,490 - DEBUG - < Connection: upgrade
2023-03-29 09:35:23,490 - DEBUG - < Date: Wed, 29 Mar 2023 00:35:19 GMT
2023-03-29 09:35:23,490 - DEBUG - < sec-websocket-protocol: ocpp1.6
2023-03-29 09:35:23,491 - DEBUG - < upgrade: websocket
2023-03-29 09:35:23,491 - DEBUG - < sec-websocket-accept: tzF2RfsMpwz60KeW73Vlr5dgU4o=
2023-03-29 09:35:23,491 - DEBUG - < sec-websocket-extensions: permessage-deflate
2023-03-29 09:35:23,492 - DEBUG - < X-Cache: Miss from cloudfront
2023-03-29 09:35:23,492 - DEBUG - < Via: 1.1 d21d7f64d4ce2d8fcbb5fbee217cca5a.cloudfront.net (CloudFront)
2023-03-29 09:35:23,492 - DEBUG - < X-Amz-Cf-Pop: ICN57-P2
2023-03-29 09:35:23,493 - DEBUG - < X-Amz-Cf-Id: a6y44aVNK_yigd2Q1CC7q1oZZUuHROiGyZhX_AIhUOaeS2LoTbU1Xg==
2023-03-29 09:35:23,493 - DEBUG - = connection is OPEN
2023-03-29 09:35:23,516 - DEBUG - > TEXT '[2, "80e2563d-b1ab-4f61-bf8f-45a54afa517e", "Bo...umber": "EVSCA070008"}]' [169 bytes]
2023-03-29 09:35:23,664 - DEBUG - < TEXT '[4, "80e2563d-b1ab-4f61-bf8f-45a54afa517e", {"e... system availability"}]' [161 bytes]
2023-03-29 09:35:23,692 - DEBUG - = connection is CLOSING
2023-03-29 09:35:23,692 - DEBUG - > CLOSE 1000 (OK) [2 bytes]
2023-03-29 09:35:23,699 - DEBUG - < CLOSE 1000 (OK) [2 bytes]
2023-03-29 09:35:23,706 - DEBUG - = connection is CLOSED
2023-03-29 09:35:39,863 - DEBUG - = connection is CONNECTING
2023-03-29 09:35:39,903 - DEBUG - > GET /ocpp16/ELA007C05/EVSCA050002 HTTP/1.1
2023-03-29 09:35:39,903 - DEBUG - > Host: ws.devevspcharger.uplus.co.kr
2023-03-29 09:35:39,903 - DEBUG - > Upgrade: websocket
2023-03-29 09:35:39,903 - DEBUG - > Connection: Upgrade
2023-03-29 09:35:39,904 - DEBUG - > Sec-WebSocket-Key: NVV/mcsgF9iMX+xszLIbyg==
2023-03-29 09:35:39,904 - DEBUG - > Sec-WebSocket-Version: 13
2023-03-29 09:35:39,904 - DEBUG - > Sec-WebSocket-Extensions: permessage-deflate; client_max_window_bits
2023-03-29 09:35:39,904 - DEBUG - > Sec-WebSocket-Protocol: ocpp1.6
2023-03-29 09:35:39,904 - DEBUG - > Authorization: Basic RVZBUjpFVkFSTEdV
2023-03-29 09:35:39,904 - DEBUG - > User-Agent: Python/3.11 websockets/10.4
2023-03-29 09:35:40,186 - DEBUG - < HTTP/1.1 101 Switching Protocols
2023-03-29 09:35:40,186 - DEBUG - < Connection: upgrade
2023-03-29 09:35:40,186 - DEBUG - < Date: Wed, 29 Mar 2023 00:35:36 GMT
2023-03-29 09:35:40,186 - DEBUG - < sec-websocket-protocol: ocpp1.6
2023-03-29 09:35:40,187 - DEBUG - < upgrade: websocket
2023-03-29 09:35:40,187 - DEBUG - < sec-websocket-accept: mejagXzFBLLsMAVbs+5de1F+ksc=
2023-03-29 09:35:40,187 - DEBUG - < sec-websocket-extensions: permessage-deflate
2023-03-29 09:35:40,187 - DEBUG - < X-Cache: Miss from cloudfront
2023-03-29 09:35:40,187 - DEBUG - < Via: 1.1 013a9ec825a751410eced78024a9ae1a.cloudfront.net (CloudFront)
2023-03-29 09:35:40,187 - DEBUG - < X-Amz-Cf-Pop: ICN57-P2
2023-03-29 09:35:40,187 - DEBUG - < X-Amz-Cf-Id: RAYNFslInSbW0FKw1EvzHYhYfwCFpTfL6JCjTjf8W-7eBeCrXlDmnw==
2023-03-29 09:35:40,188 - DEBUG - = connection is OPEN
2023-03-29 09:35:40,225 - DEBUG - > TEXT '[2, "6c234621-d046-44cd-932c-a71f6f3da72c", "Bo...umber": "EVSCA070008"}]' [169 bytes]
2023-03-29 09:35:40,366 - DEBUG - < TEXT '[4, "6c234621-d046-44cd-932c-a71f6f3da72c", {"e... system availability"}]' [161 bytes]
2023-03-29 09:35:40,399 - DEBUG - = connection is CLOSING
2023-03-29 09:35:40,399 - DEBUG - > CLOSE 1000 (OK) [2 bytes]
2023-03-29 09:35:40,408 - DEBUG - < CLOSE 1000 (OK) [2 bytes]
2023-03-29 09:35:40,421 - DEBUG - = connection is CLOSED
2023-03-29 09:44:54,793 - DEBUG - = connection is CONNECTING
2023-03-29 09:44:54,826 - DEBUG - > GET /ocpp16/ELA007C05/EVSCA050002 HTTP/1.1
2023-03-29 09:44:54,826 - DEBUG - > Host: ws.devevspcharger.uplus.co.kr
2023-03-29 09:44:54,826 - DEBUG - > Upgrade: websocket
2023-03-29 09:44:54,826 - DEBUG - > Connection: Upgrade
2023-03-29 09:44:54,826 - DEBUG - > Sec-WebSocket-Key: NYAC5mqbkOXsRaEPqz6rCg==
2023-03-29 09:44:54,826 - DEBUG - > Sec-WebSocket-Version: 13
2023-03-29 09:44:54,826 - DEBUG - > Sec-WebSocket-Extensions: permessage-deflate; client_max_window_bits
2023-03-29 09:44:54,826 - DEBUG - > Sec-WebSocket-Protocol: ocpp1.6
2023-03-29 09:44:54,826 - DEBUG - > Authorization: Basic RVZBUjpFVkFSTEdV
2023-03-29 09:44:54,826 - DEBUG - > User-Agent: Python/3.11 websockets/10.4
2023-03-29 09:44:56,133 - DEBUG - < HTTP/1.1 101 Switching Protocols
2023-03-29 09:44:56,133 - DEBUG - < Connection: upgrade
2023-03-29 09:44:56,133 - DEBUG - < Date: Wed, 29 Mar 2023 00:44:52 GMT
2023-03-29 09:44:56,133 - DEBUG - < sec-websocket-protocol: ocpp1.6
2023-03-29 09:44:56,134 - DEBUG - < upgrade: websocket
2023-03-29 09:44:56,135 - DEBUG - < sec-websocket-accept: 8Ph1z9Ngtfuw46AtGVFuz5JtoVo=
2023-03-29 09:44:56,135 - DEBUG - < sec-websocket-extensions: permessage-deflate
2023-03-29 09:44:56,135 - DEBUG - < X-Cache: Miss from cloudfront
2023-03-29 09:44:56,135 - DEBUG - < Via: 1.1 3544dee363e510a888d5171c071b297e.cloudfront.net (CloudFront)
2023-03-29 09:44:56,135 - DEBUG - < X-Amz-Cf-Pop: ICN57-P2
2023-03-29 09:44:56,136 - DEBUG - < X-Amz-Cf-Id: T10qtoqRQ-LJtom8Xn31HDn4zX9FsyDlUuL8aTYckGiV5XyEEvCKbQ==
2023-03-29 09:44:56,136 - DEBUG - = connection is OPEN
2023-03-29 09:44:56,175 - DEBUG - > TEXT '[2, "e0b741e4-2194-45e4-abf0-0ee84d664d0c", "Bo...umber": "EVSCA070008"}]' [169 bytes]
2023-03-29 09:44:56,466 - DEBUG - < TEXT '[4, "e0b741e4-2194-45e4-abf0-0ee84d664d0c", {"e... system availability"}]' [161 bytes]
2023-03-29 09:44:56,492 - DEBUG - = connection is CLOSING
2023-03-29 09:44:56,492 - DEBUG - > CLOSE 1000 (OK) [2 bytes]
2023-03-29 09:44:56,502 - DEBUG - < CLOSE 1000 (OK) [2 bytes]
2023-03-29 09:44:56,508 - DEBUG - = connection is CLOSED
2023-03-29 09:53:49,849 - DEBUG - = connection is CONNECTING
2023-03-29 09:53:49,919 - DEBUG - > GET /ocpp16/ELA007C05/EVSCA050002 HTTP/1.1
2023-03-29 09:53:49,920 - DEBUG - > Host: ws.devevspcharger.uplus.co.kr
2023-03-29 09:53:49,920 - DEBUG - > Upgrade: websocket
2023-03-29 09:53:49,920 - DEBUG - > Connection: Upgrade
2023-03-29 09:53:49,921 - DEBUG - > Sec-WebSocket-Key: yv90EACf30P90Z0JXAdsSg==
2023-03-29 09:53:49,921 - DEBUG - > Sec-WebSocket-Version: 13
2023-03-29 09:53:49,921 - DEBUG - > Sec-WebSocket-Extensions: permessage-deflate; client_max_window_bits
2023-03-29 09:53:49,923 - DEBUG - > Sec-WebSocket-Protocol: ocpp1.6
2023-03-29 09:53:49,923 - DEBUG - > Authorization: Basic RVZBUjpFVkFSTEdV
2023-03-29 09:53:49,923 - DEBUG - > User-Agent: Python/3.11 websockets/10.4
2023-03-29 09:53:51,285 - DEBUG - < HTTP/1.1 101 Switching Protocols
2023-03-29 09:53:51,285 - DEBUG - < Connection: upgrade
2023-03-29 09:53:51,285 - DEBUG - < Date: Wed, 29 Mar 2023 00:53:47 GMT
2023-03-29 09:53:51,285 - DEBUG - < sec-websocket-protocol: ocpp1.6
2023-03-29 09:53:51,285 - DEBUG - < upgrade: websocket
2023-03-29 09:53:51,285 - DEBUG - < sec-websocket-accept: bz1j3UXFJAIdLJli9vIkpLdp11Y=
2023-03-29 09:53:51,285 - DEBUG - < sec-websocket-extensions: permessage-deflate
2023-03-29 09:53:51,285 - DEBUG - < X-Cache: Miss from cloudfront
2023-03-29 09:53:51,286 - DEBUG - < Via: 1.1 ba725da875f43fb311efeb484e55ed1a.cloudfront.net (CloudFront)
2023-03-29 09:53:51,286 - DEBUG - < X-Amz-Cf-Pop: ICN57-P2
2023-03-29 09:53:51,286 - DEBUG - < X-Amz-Cf-Id: jKNiAN8Rpeg4rGF88JsOUCzizmp7O6V3K92-I5zPs2vMhfPtPGjx4A==
2023-03-29 09:53:51,286 - DEBUG - = connection is OPEN
2023-03-29 09:53:51,323 - DEBUG - > TEXT '[2, "efbc87f4-9007-43be-b98d-7a1b4693d111", "Bo...umber": "EVSCA050001"}]' [169 bytes]
2023-03-29 09:53:51,656 - DEBUG - < TEXT '[4, "efbc87f4-9007-43be-b98d-7a1b4693d111", {"e... system availability"}]' [161 bytes]
2023-03-29 09:53:51,685 - DEBUG - = connection is CLOSING
2023-03-29 09:53:51,685 - DEBUG - > CLOSE 1000 (OK) [2 bytes]
2023-03-29 09:53:51,694 - DEBUG - < CLOSE 1000 (OK) [2 bytes]
2023-03-29 09:53:51,700 - DEBUG - = connection is CLOSED
2023-03-29 09:56:07,131 - DEBUG - = connection is CONNECTING
2023-03-29 09:56:07,164 - DEBUG - > GET /ocpp16/ELA007C05/EVSCA050002 HTTP/1.1
2023-03-29 09:56:07,165 - DEBUG - > Host: ws.devevspcharger.uplus.co.kr
2023-03-29 09:56:07,165 - DEBUG - > Upgrade: websocket
2023-03-29 09:56:07,165 - DEBUG - > Connection: Upgrade
2023-03-29 09:56:07,166 - DEBUG - > Sec-WebSocket-Key: x74CxhFu9CrRwyOMXnhYxg==
2023-03-29 09:56:07,166 - DEBUG - > Sec-WebSocket-Version: 13
2023-03-29 09:56:07,167 - DEBUG - > Sec-WebSocket-Extensions: permessage-deflate; client_max_window_bits
2023-03-29 09:56:07,167 - DEBUG - > Sec-WebSocket-Protocol: ocpp1.6
2023-03-29 09:56:07,167 - DEBUG - > Authorization: Basic RVZBUjpFVkFSTEdV
2023-03-29 09:56:07,167 - DEBUG - > User-Agent: Python/3.11 websockets/10.4
2023-03-29 09:56:08,104 - DEBUG - < HTTP/1.1 101 Switching Protocols
2023-03-29 09:56:08,106 - DEBUG - < Connection: upgrade
2023-03-29 09:56:08,106 - DEBUG - < Date: Wed, 29 Mar 2023 00:56:04 GMT
2023-03-29 09:56:08,107 - DEBUG - < sec-websocket-protocol: ocpp1.6
2023-03-29 09:56:08,107 - DEBUG - < upgrade: websocket
2023-03-29 09:56:08,108 - DEBUG - < sec-websocket-accept: lp2u7LlmbaBayhusogWZS+PLDfE=
2023-03-29 09:56:08,108 - DEBUG - < sec-websocket-extensions: permessage-deflate
2023-03-29 09:56:08,109 - DEBUG - < X-Cache: Miss from cloudfront
2023-03-29 09:56:08,109 - DEBUG - < Via: 1.1 1c2dddf38b53f960ce106f4047c232e4.cloudfront.net (CloudFront)
2023-03-29 09:56:08,109 - DEBUG - < X-Amz-Cf-Pop: ICN57-P2
2023-03-29 09:56:08,110 - DEBUG - < X-Amz-Cf-Id: tXZJ9QpYh7LTO4c_cD9xZO3gdlwt2cn-V-DQ7NIPx7KwVtsPgJJ3kg==
2023-03-29 09:56:08,110 - DEBUG - = connection is OPEN
2023-03-29 09:56:08,137 - DEBUG - > TEXT '[2, "8bfdf3e0-64ca-4f5a-b0ac-6ab1b15607f3", "Bo...umber": "EVSCA050001"}]' [169 bytes]
2023-03-29 09:56:08,468 - DEBUG - < TEXT '[4, "8bfdf3e0-64ca-4f5a-b0ac-6ab1b15607f3", {"e... system availability"}]' [161 bytes]
2023-03-29 09:56:08,488 - DEBUG - = connection is CLOSING
2023-03-29 09:56:08,488 - DEBUG - > CLOSE 1000 (OK) [2 bytes]
2023-03-29 09:56:08,502 - DEBUG - < CLOSE 1000 (OK) [2 bytes]
2023-03-29 09:56:08,507 - DEBUG - = connection is CLOSED
2023-03-29 10:00:32,722 - ERROR - Task exception was never retrieved
future: <Task finished name='Task-2' coro=<ChargerSim.startEvent() done, defined at D:\workspace\wss\main.py:125> exception=IndexError('tuple index out of range')>
Traceback (most recent call last):
  File "D:\workspace\wss\main.py", line 145, in startEvent
    await self.charger.runcase(self.TC_selected if len(self.TC_selected.keys())>0 else self.TC)
  File "D:\workspace\wss\Charger.py", line 301, in runcase
    cur_idx = self.lst_tc.curselection()[0]
              ~~~~~~~~~~~~~~~~~~~~~~~~~~^^^
IndexError: tuple index out of range
2023-03-29 10:01:15,560 - ERROR - Task exception was never retrieved
future: <Task finished name='Task-2' coro=<ChargerSim.startEvent() done, defined at D:\workspace\wss\main.py:125> exception=IndexError('tuple index out of range')>
Traceback (most recent call last):
  File "D:\workspace\wss\main.py", line 145, in startEvent
    await self.charger.runcase(self.TC_selected if len(self.TC_selected.keys())>0 else self.TC)
  File "D:\workspace\wss\Charger.py", line 301, in runcase
    cur_idx = self.lst_tc.curselection()[0]
              ~~~~~~~~~~~~~~~~~~~~~~~~~~^^^
IndexError: tuple index out of range
2023-03-29 10:02:08,512 - DEBUG - = connection is CONNECTING
2023-03-29 10:02:08,552 - DEBUG - > GET /ocpp16/ELA007C05/EVSCA050002 HTTP/1.1
2023-03-29 10:02:08,552 - DEBUG - > Host: ws.devevspcharger.uplus.co.kr
2023-03-29 10:02:08,553 - DEBUG - > Upgrade: websocket
2023-03-29 10:02:08,553 - DEBUG - > Connection: Upgrade
2023-03-29 10:02:08,553 - DEBUG - > Sec-WebSocket-Key: Xqgyjr5ECc12mu9DzyUaMA==
2023-03-29 10:02:08,553 - DEBUG - > Sec-WebSocket-Version: 13
2023-03-29 10:02:08,553 - DEBUG - > Sec-WebSocket-Extensions: permessage-deflate; client_max_window_bits
2023-03-29 10:02:08,553 - DEBUG - > Sec-WebSocket-Protocol: ocpp1.6
2023-03-29 10:02:08,554 - DEBUG - > Authorization: Basic RVZBUjpFVkFSTEdV
2023-03-29 10:02:08,554 - DEBUG - > User-Agent: Python/3.11 websockets/10.4
2023-03-29 10:02:09,067 - DEBUG - < HTTP/1.1 101 Switching Protocols
2023-03-29 10:02:09,067 - DEBUG - < Connection: upgrade
2023-03-29 10:02:09,067 - DEBUG - < Date: Wed, 29 Mar 2023 01:02:05 GMT
2023-03-29 10:02:09,067 - DEBUG - < sec-websocket-protocol: ocpp1.6
2023-03-29 10:02:09,068 - DEBUG - < upgrade: websocket
2023-03-29 10:02:09,068 - DEBUG - < sec-websocket-accept: PYWF1zKZPQr8Ja3eHythiPoQnO4=
2023-03-29 10:02:09,068 - DEBUG - < sec-websocket-extensions: permessage-deflate
2023-03-29 10:02:09,068 - DEBUG - < X-Cache: Miss from cloudfront
2023-03-29 10:02:09,068 - DEBUG - < Via: 1.1 41a89bdb610eb303e698e5cb65ce5b76.cloudfront.net (CloudFront)
2023-03-29 10:02:09,068 - DEBUG - < X-Amz-Cf-Pop: ICN57-P2
2023-03-29 10:02:09,068 - DEBUG - < X-Amz-Cf-Id: SNa6yqxBaUyaQVk6zGdIS7ufC1mcdnEjBHN3Pitnf8vcsCsrJswZ9A==
2023-03-29 10:02:09,068 - DEBUG - = connection is OPEN
2023-03-29 10:02:09,091 - DEBUG - > TEXT '[2, "836c22d1-b51e-4053-9936-715d0c634d01", "Bo...umber": "EVSCA050001"}]' [169 bytes]
2023-03-29 10:02:09,396 - DEBUG - < TEXT '[4, "836c22d1-b51e-4053-9936-715d0c634d01", {"e... system availability"}]' [161 bytes]
2023-03-29 10:02:09,422 - DEBUG - = connection is CLOSING
2023-03-29 10:02:09,422 - DEBUG - > CLOSE 1000 (OK) [2 bytes]
2023-03-29 10:02:09,429 - DEBUG - < CLOSE 1000 (OK) [2 bytes]
2023-03-29 10:02:09,434 - DEBUG - = connection is CLOSED
2023-03-29 10:03:25,779 - DEBUG - = connection is CONNECTING
2023-03-29 10:03:25,819 - DEBUG - > GET /ocpp16/ELA007C05/EVSCA050002 HTTP/1.1
2023-03-29 10:03:25,819 - DEBUG - > Host: ws.devevspcharger.uplus.co.kr
2023-03-29 10:03:25,819 - DEBUG - > Upgrade: websocket
2023-03-29 10:03:25,819 - DEBUG - > Connection: Upgrade
2023-03-29 10:03:25,819 - DEBUG - > Sec-WebSocket-Key: hyYvhl+rqyjE32tWKpYcjw==
2023-03-29 10:03:25,820 - DEBUG - > Sec-WebSocket-Version: 13
2023-03-29 10:03:25,820 - DEBUG - > Sec-WebSocket-Extensions: permessage-deflate; client_max_window_bits
2023-03-29 10:03:25,820 - DEBUG - > Sec-WebSocket-Protocol: ocpp1.6
2023-03-29 10:03:25,820 - DEBUG - > Authorization: Basic RVZBUjpFVkFSTEdV
2023-03-29 10:03:25,820 - DEBUG - > User-Agent: Python/3.11 websockets/10.4
2023-03-29 10:03:26,029 - DEBUG - < HTTP/1.1 101 Switching Protocols
2023-03-29 10:03:26,030 - DEBUG - < Connection: upgrade
2023-03-29 10:03:26,030 - DEBUG - < Date: Wed, 29 Mar 2023 01:03:22 GMT
2023-03-29 10:03:26,030 - DEBUG - < sec-websocket-protocol: ocpp1.6
2023-03-29 10:03:26,030 - DEBUG - < upgrade: websocket
2023-03-29 10:03:26,030 - DEBUG - < sec-websocket-accept: jgr9kk2tmWP0zzLeS0ST4+ByG9g=
2023-03-29 10:03:26,030 - DEBUG - < sec-websocket-extensions: permessage-deflate
2023-03-29 10:03:26,030 - DEBUG - < X-Cache: Miss from cloudfront
2023-03-29 10:03:26,030 - DEBUG - < Via: 1.1 599ddd31480edfa35dadcdd2b13e5b12.cloudfront.net (CloudFront)
2023-03-29 10:03:26,030 - DEBUG - < X-Amz-Cf-Pop: ICN57-P2
2023-03-29 10:03:26,030 - DEBUG - < X-Amz-Cf-Id: 6HRsHWNczzRAI-G4dN0CrmKt73hfy1L4vJloll3L0DEkRA98LkJBTw==
2023-03-29 10:03:26,031 - DEBUG - = connection is OPEN
2023-03-29 10:03:26,055 - DEBUG - > TEXT '[2, "eade869b-665b-4f32-a08f-39ad9f13ca01", "Bo...umber": "EVSCA050001"}]' [169 bytes]
2023-03-29 10:03:26,234 - DEBUG - < TEXT '[4, "eade869b-665b-4f32-a08f-39ad9f13ca01", {"e... system availability"}]' [161 bytes]
2023-03-29 10:03:26,255 - DEBUG - = connection is CLOSING
2023-03-29 10:03:26,255 - DEBUG - > CLOSE 1000 (OK) [2 bytes]
2023-03-29 10:03:26,262 - DEBUG - < CLOSE 1000 (OK) [2 bytes]
2023-03-29 10:03:26,265 - DEBUG - = connection is CLOSED
2023-03-29 10:03:36,099 - DEBUG - = connection is CONNECTING
2023-03-29 10:03:36,131 - DEBUG - > GET /ocpp16/ELA007C05/EVSCA050002 HTTP/1.1
2023-03-29 10:03:36,131 - DEBUG - > Host: ws.devevspcharger.uplus.co.kr
2023-03-29 10:03:36,131 - DEBUG - > Upgrade: websocket
2023-03-29 10:03:36,131 - DEBUG - > Connection: Upgrade
2023-03-29 10:03:36,131 - DEBUG - > Sec-WebSocket-Key: FUZOUntgebP1MoJtc6/Jug==
2023-03-29 10:03:36,131 - DEBUG - > Sec-WebSocket-Version: 13
2023-03-29 10:03:36,131 - DEBUG - > Sec-WebSocket-Extensions: permessage-deflate; client_max_window_bits
2023-03-29 10:03:36,131 - DEBUG - > Sec-WebSocket-Protocol: ocpp1.6
2023-03-29 10:03:36,131 - DEBUG - > Authorization: Basic RVZBUjpFVkFSTEdV
2023-03-29 10:03:36,132 - DEBUG - > User-Agent: Python/3.11 websockets/10.4
2023-03-29 10:03:36,329 - DEBUG - < HTTP/1.1 101 Switching Protocols
2023-03-29 10:03:36,330 - DEBUG - < Connection: upgrade
2023-03-29 10:03:36,330 - DEBUG - < Date: Wed, 29 Mar 2023 01:03:32 GMT
2023-03-29 10:03:36,330 - DEBUG - < sec-websocket-protocol: ocpp1.6
2023-03-29 10:03:36,330 - DEBUG - < upgrade: websocket
2023-03-29 10:03:36,330 - DEBUG - < sec-websocket-accept: ASlBtrUFqPaZB2tXXrDjcWdyvnQ=
2023-03-29 10:03:36,330 - DEBUG - < sec-websocket-extensions: permessage-deflate
2023-03-29 10:03:36,330 - DEBUG - < X-Cache: Miss from cloudfront
2023-03-29 10:03:36,330 - DEBUG - < Via: 1.1 516246c62af452cb1f8d77c8f3af9faa.cloudfront.net (CloudFront)
2023-03-29 10:03:36,330 - DEBUG - < X-Amz-Cf-Pop: ICN57-P2
2023-03-29 10:03:36,331 - DEBUG - < X-Amz-Cf-Id: A8HyPONdmow6haCZ4Db7jpJhkvF-zGHFszZaY55nTXEdBZzqN_KmeA==
2023-03-29 10:03:36,331 - DEBUG - = connection is OPEN
2023-03-29 10:03:36,364 - DEBUG - > TEXT '[2, "2e8aaf1e-a0fd-467f-973c-2c1300e16891", "Bo...umber": "EVSCA050001"}]' [169 bytes]
2023-03-29 10:03:36,480 - DEBUG - < TEXT '[4, "2e8aaf1e-a0fd-467f-973c-2c1300e16891", {"e... system availability"}]' [161 bytes]
2023-03-29 10:03:36,503 - DEBUG - = connection is CLOSING
2023-03-29 10:03:36,503 - DEBUG - > CLOSE 1000 (OK) [2 bytes]
2023-03-29 10:03:36,510 - DEBUG - < CLOSE 1000 (OK) [2 bytes]
2023-03-29 10:03:36,514 - DEBUG - = connection is CLOSED
2023-03-29 10:03:53,736 - DEBUG - = connection is CONNECTING
2023-03-29 10:03:53,771 - DEBUG - > GET /ocpp16/ELA007C05/EVSCA050002 HTTP/1.1
2023-03-29 10:03:53,772 - DEBUG - > Host: ws.devevspcharger.uplus.co.kr
2023-03-29 10:03:53,772 - DEBUG - > Upgrade: websocket
2023-03-29 10:03:53,772 - DEBUG - > Connection: Upgrade
2023-03-29 10:03:53,772 - DEBUG - > Sec-WebSocket-Key: jLRU4P1l3iFTTBJSV0kkHg==
2023-03-29 10:03:53,772 - DEBUG - > Sec-WebSocket-Version: 13
2023-03-29 10:03:53,772 - DEBUG - > Sec-WebSocket-Extensions: permessage-deflate; client_max_window_bits
2023-03-29 10:03:53,773 - DEBUG - > Sec-WebSocket-Protocol: ocpp1.6
2023-03-29 10:03:53,773 - DEBUG - > Authorization: Basic RVZBUjpFVkFSTEdV
2023-03-29 10:03:53,773 - DEBUG - > User-Agent: Python/3.11 websockets/10.4
2023-03-29 10:03:53,974 - DEBUG - < HTTP/1.1 101 Switching Protocols
2023-03-29 10:03:53,974 - DEBUG - < Connection: upgrade
2023-03-29 10:03:53,974 - DEBUG - < Date: Wed, 29 Mar 2023 01:03:50 GMT
2023-03-29 10:03:53,974 - DEBUG - < sec-websocket-protocol: ocpp1.6
2023-03-29 10:03:53,974 - DEBUG - < upgrade: websocket
2023-03-29 10:03:53,974 - DEBUG - < sec-websocket-accept: bs/ht46LI01fxUrC+cDpOTQQVRk=
2023-03-29 10:03:53,974 - DEBUG - < sec-websocket-extensions: permessage-deflate
2023-03-29 10:03:53,974 - DEBUG - < X-Cache: Miss from cloudfront
2023-03-29 10:03:53,975 - DEBUG - < Via: 1.1 013a9ec825a751410eced78024a9ae1a.cloudfront.net (CloudFront)
2023-03-29 10:03:53,975 - DEBUG - < X-Amz-Cf-Pop: ICN57-P2
2023-03-29 10:03:53,975 - DEBUG - < X-Amz-Cf-Id: btPH4Qyi-reSxd_PDwxrMV_Anjg1Mk7f0SsYYnCBXHs2xTnoBkT9Jg==
2023-03-29 10:03:53,975 - DEBUG - = connection is OPEN
2023-03-29 10:03:54,016 - DEBUG - > TEXT '[2, "062f44d8-3435-4d84-9e22-de4fd32fa626", "Bo...umber": "EVSCA050001"}]' [169 bytes]
2023-03-29 10:03:54,140 - DEBUG - < TEXT '[4, "062f44d8-3435-4d84-9e22-de4fd32fa626", {"e... system availability"}]' [161 bytes]
2023-03-29 10:03:54,169 - DEBUG - = connection is CLOSING
2023-03-29 10:03:54,170 - DEBUG - > CLOSE 1000 (OK) [2 bytes]
2023-03-29 10:03:54,179 - DEBUG - < CLOSE 1000 (OK) [2 bytes]
2023-03-29 10:03:54,184 - DEBUG - = connection is CLOSED
2023-03-29 10:04:29,288 - DEBUG - = connection is CONNECTING
2023-03-29 10:04:29,317 - DEBUG - > GET /ocpp16/ELA007C05/EVSCA050002 HTTP/1.1
2023-03-29 10:04:29,317 - DEBUG - > Host: ws.devevspcharger.uplus.co.kr
2023-03-29 10:04:29,317 - DEBUG - > Upgrade: websocket
2023-03-29 10:04:29,318 - DEBUG - > Connection: Upgrade
2023-03-29 10:04:29,318 - DEBUG - > Sec-WebSocket-Key: NJYglKogdeXillCv9lAspA==
2023-03-29 10:04:29,318 - DEBUG - > Sec-WebSocket-Version: 13
2023-03-29 10:04:29,318 - DEBUG - > Sec-WebSocket-Extensions: permessage-deflate; client_max_window_bits
2023-03-29 10:04:29,318 - DEBUG - > Sec-WebSocket-Protocol: ocpp1.6
2023-03-29 10:04:29,318 - DEBUG - > Authorization: Basic RVZBUjpFVkFSTEdV
2023-03-29 10:04:29,318 - DEBUG - > User-Agent: Python/3.11 websockets/10.4
2023-03-29 10:04:29,529 - DEBUG - < HTTP/1.1 101 Switching Protocols
2023-03-29 10:04:29,529 - DEBUG - < Connection: upgrade
2023-03-29 10:04:29,530 - DEBUG - < Date: Wed, 29 Mar 2023 01:04:25 GMT
2023-03-29 10:04:29,530 - DEBUG - < sec-websocket-protocol: ocpp1.6
2023-03-29 10:04:29,530 - DEBUG - < upgrade: websocket
2023-03-29 10:04:29,530 - DEBUG - < sec-websocket-accept: UZVp3Cn9V36QGtTstkaTAi/ADSE=
2023-03-29 10:04:29,530 - DEBUG - < sec-websocket-extensions: permessage-deflate
2023-03-29 10:04:29,530 - DEBUG - < X-Cache: Miss from cloudfront
2023-03-29 10:04:29,530 - DEBUG - < Via: 1.1 b92faae7242f31be9bfc0ec3d134dfce.cloudfront.net (CloudFront)
2023-03-29 10:04:29,530 - DEBUG - < X-Amz-Cf-Pop: ICN57-P2
2023-03-29 10:04:29,530 - DEBUG - < X-Amz-Cf-Id: _RnDl5LX6mulo211YhehrEWHw-dSa2SUaHuAnfqDomFDD3hLQsgXag==
2023-03-29 10:04:29,530 - DEBUG - = connection is OPEN
2023-03-29 10:04:29,565 - DEBUG - > TEXT '[2, "a6dc7c2c-c460-44ed-a6b8-93b199656948", "Bo...umber": "EVSCA050001"}]' [169 bytes]
2023-03-29 10:04:29,684 - DEBUG - < TEXT '[4, "a6dc7c2c-c460-44ed-a6b8-93b199656948", {"e... system availability"}]' [161 bytes]
2023-03-29 10:04:29,744 - DEBUG - = connection is CLOSING
2023-03-29 10:04:29,744 - DEBUG - > CLOSE 1000 (OK) [2 bytes]
2023-03-29 10:04:29,768 - DEBUG - < CLOSE 1000 (OK) [2 bytes]
2023-03-29 10:04:29,771 - DEBUG - = connection is CLOSED
2023-03-29 10:06:18,214 - DEBUG - = connection is CONNECTING
2023-03-29 10:06:18,261 - DEBUG - > GET /ocpp16/ELA007C05/EVSCA050002 HTTP/1.1
2023-03-29 10:06:18,261 - DEBUG - > Host: ws.devevspcharger.uplus.co.kr
2023-03-29 10:06:18,262 - DEBUG - > Upgrade: websocket
2023-03-29 10:06:18,262 - DEBUG - > Connection: Upgrade
2023-03-29 10:06:18,262 - DEBUG - > Sec-WebSocket-Key: 61LPq8IOjQoKHjDyOLOzqw==
2023-03-29 10:06:18,262 - DEBUG - > Sec-WebSocket-Version: 13
2023-03-29 10:06:18,262 - DEBUG - > Sec-WebSocket-Extensions: permessage-deflate; client_max_window_bits
2023-03-29 10:06:18,262 - DEBUG - > Sec-WebSocket-Protocol: ocpp1.6
2023-03-29 10:06:18,262 - DEBUG - > Authorization: Basic RVZBUjpFVkFSTEdV
2023-03-29 10:06:18,262 - DEBUG - > User-Agent: Python/3.11 websockets/10.4
2023-03-29 10:06:18,490 - DEBUG - < HTTP/1.1 101 Switching Protocols
2023-03-29 10:06:18,490 - DEBUG - < Connection: upgrade
2023-03-29 10:06:18,490 - DEBUG - < Date: Wed, 29 Mar 2023 01:06:14 GMT
2023-03-29 10:06:18,490 - DEBUG - < sec-websocket-protocol: ocpp1.6
2023-03-29 10:06:18,491 - DEBUG - < upgrade: websocket
2023-03-29 10:06:18,491 - DEBUG - < sec-websocket-accept: tXHt5SAV1FUpVfOZNv5q7uZdnEU=
2023-03-29 10:06:18,491 - DEBUG - < sec-websocket-extensions: permessage-deflate
2023-03-29 10:06:18,491 - DEBUG - < X-Cache: Miss from cloudfront
2023-03-29 10:06:18,491 - DEBUG - < Via: 1.1 98cc70c99d4e07b8cd37265dc48c5a54.cloudfront.net (CloudFront)
2023-03-29 10:06:18,491 - DEBUG - < X-Amz-Cf-Pop: ICN57-P2
2023-03-29 10:06:18,491 - DEBUG - < X-Amz-Cf-Id: -Qj2B2PeyFEnoUIErF0SVgfDAIWqfjggDYJHRR-nS5zNwb9kVjEBxA==
2023-03-29 10:06:18,492 - DEBUG - = connection is OPEN
2023-03-29 10:06:18,520 - DEBUG - > TEXT '[2, "4fae5b14-f16b-4dce-96a1-8a5c34ad9b75", "Bo...umber": "EVSCA050001"}]' [169 bytes]
2023-03-29 10:06:18,854 - DEBUG - < TEXT '[4, "4fae5b14-f16b-4dce-96a1-8a5c34ad9b75", {"e... system availability"}]' [161 bytes]
2023-03-29 10:06:18,879 - DEBUG - = connection is CLOSING
2023-03-29 10:06:18,879 - DEBUG - > CLOSE 1000 (OK) [2 bytes]
2023-03-29 10:06:18,889 - DEBUG - < CLOSE 1000 (OK) [2 bytes]
2023-03-29 10:06:18,893 - DEBUG - = connection is CLOSED
2023-03-29 10:07:29,734 - DEBUG - = connection is CONNECTING
2023-03-29 10:07:29,774 - DEBUG - > GET /ocpp16/ELA007C05/EVSCA050002 HTTP/1.1
2023-03-29 10:07:29,775 - DEBUG - > Host: ws.devevspcharger.uplus.co.kr
2023-03-29 10:07:29,775 - DEBUG - > Upgrade: websocket
2023-03-29 10:07:29,776 - DEBUG - > Connection: Upgrade
2023-03-29 10:07:29,776 - DEBUG - > Sec-WebSocket-Key: 3PgBib9bpCirg5NdpAuf1g==
2023-03-29 10:07:29,777 - DEBUG - > Sec-WebSocket-Version: 13
2023-03-29 10:07:29,777 - DEBUG - > Sec-WebSocket-Extensions: permessage-deflate; client_max_window_bits
2023-03-29 10:07:29,778 - DEBUG - > Sec-WebSocket-Protocol: ocpp1.6
2023-03-29 10:07:29,778 - DEBUG - > Authorization: Basic RVZBUjpFVkFSTEdV
2023-03-29 10:07:29,778 - DEBUG - > User-Agent: Python/3.11 websockets/10.4
2023-03-29 10:07:30,267 - DEBUG - < HTTP/1.1 101 Switching Protocols
2023-03-29 10:07:30,267 - DEBUG - < Connection: upgrade
2023-03-29 10:07:30,267 - DEBUG - < Date: Wed, 29 Mar 2023 01:07:26 GMT
2023-03-29 10:07:30,267 - DEBUG - < sec-websocket-protocol: ocpp1.6
2023-03-29 10:07:30,267 - DEBUG - < upgrade: websocket
2023-03-29 10:07:30,267 - DEBUG - < sec-websocket-accept: QAS0ALgKN+VlOPqbuakRU+HQw2s=
2023-03-29 10:07:30,267 - DEBUG - < sec-websocket-extensions: permessage-deflate
2023-03-29 10:07:30,268 - DEBUG - < X-Cache: Miss from cloudfront
2023-03-29 10:07:30,268 - DEBUG - < Via: 1.1 1c2dddf38b53f960ce106f4047c232e4.cloudfront.net (CloudFront)
2023-03-29 10:07:30,268 - DEBUG - < X-Amz-Cf-Pop: ICN57-P2
2023-03-29 10:07:30,268 - DEBUG - < X-Amz-Cf-Id: 6Tv-pLYoKACS9aqa6q9NCrAxmrdRCmaevtJRUVZ4cv0WmWMjHSL-ZQ==
2023-03-29 10:07:30,268 - DEBUG - = connection is OPEN
2023-03-29 10:07:30,293 - DEBUG - > TEXT '[2, "51728cc5-ef4f-44d7-8130-84584af447a4", "Bo...ePointVendor": "EVAR"}]' [127 bytes]
2023-03-29 10:07:30,523 - DEBUG - < TEXT '[3, "51728cc5-ef4f-44d7-8130-84584af447a4", {"s...26Z", "interval": 600}]' [123 bytes]
2023-03-29 10:07:30,627 - DEBUG - Starting new HTTPS connection (1): 8b434254zg.execute-api.ap-northeast-2.amazonaws.com:443
2023-03-29 10:07:31,188 - DEBUG - https://8b434254zg.execute-api.ap-northeast-2.amazonaws.com:443 "POST /dev/ioc HTTP/1.1" 200 189
2023-03-29 10:07:31,235 - DEBUG - < TEXT '[2, "063451e7-de04-4127-8735-3d78f826e6dd", "Re..., "reservationId": ""}]' [144 bytes]
2023-03-29 10:07:31,267 - DEBUG - = connection is CLOSING
2023-03-29 10:07:31,267 - DEBUG - > CLOSE 1000 (OK) [2 bytes]
2023-03-29 10:07:31,277 - DEBUG - < CLOSE 1000 (OK) [2 bytes]
2023-03-29 10:07:31,282 - DEBUG - = connection is CLOSED
2023-03-29 10:10:13,584 - DEBUG - = connection is CONNECTING
2023-03-29 10:10:13,625 - DEBUG - > GET /ocpp16/ELA007C05/EVSCA050002 HTTP/1.1
2023-03-29 10:10:13,625 - DEBUG - > Host: ws.devevspcharger.uplus.co.kr
2023-03-29 10:10:13,625 - DEBUG - > Upgrade: websocket
2023-03-29 10:10:13,625 - DEBUG - > Connection: Upgrade
2023-03-29 10:10:13,625 - DEBUG - > Sec-WebSocket-Key: Ibjs3S9eUnN0kkxxj1QwAw==
2023-03-29 10:10:13,625 - DEBUG - > Sec-WebSocket-Version: 13
2023-03-29 10:10:13,626 - DEBUG - > Sec-WebSocket-Extensions: permessage-deflate; client_max_window_bits
2023-03-29 10:10:13,627 - DEBUG - > Sec-WebSocket-Protocol: ocpp1.6
2023-03-29 10:10:13,627 - DEBUG - > Authorization: Basic RVZBUjpFVkFSTEdV
2023-03-29 10:10:13,627 - DEBUG - > User-Agent: Python/3.11 websockets/10.4
2023-03-29 10:10:14,138 - DEBUG - < HTTP/1.1 101 Switching Protocols
2023-03-29 10:10:14,139 - DEBUG - < Connection: upgrade
2023-03-29 10:10:14,139 - DEBUG - < Date: Wed, 29 Mar 2023 01:10:10 GMT
2023-03-29 10:10:14,140 - DEBUG - < sec-websocket-protocol: ocpp1.6
2023-03-29 10:10:14,141 - DEBUG - < upgrade: websocket
2023-03-29 10:10:14,142 - DEBUG - < sec-websocket-accept: dlN91TzGnsM+hsnfiTDgdpLoMI0=
2023-03-29 10:10:14,142 - DEBUG - < sec-websocket-extensions: permessage-deflate
2023-03-29 10:10:14,142 - DEBUG - < X-Cache: Miss from cloudfront
2023-03-29 10:10:14,142 - DEBUG - < Via: 1.1 9ce5dfe6a640bb6a762b3c2889e2317e.cloudfront.net (CloudFront)
2023-03-29 10:10:14,142 - DEBUG - < X-Amz-Cf-Pop: ICN57-P2
2023-03-29 10:10:14,143 - DEBUG - < X-Amz-Cf-Id: QbgcEDzzzBtVzYAnXmV0oJfJ0bLwLBM3gxn-BK4tzpfS0dgDS_yzfQ==
2023-03-29 10:10:14,143 - DEBUG - = connection is OPEN
2023-03-29 10:10:14,164 - DEBUG - > TEXT '[2, "dd326975-edc4-4b0f-94cd-769088b54aa9", "Bo...ePointVendor": "EVAR"}]' [127 bytes]
2023-03-29 10:10:14,565 - DEBUG - < TEXT '[3, "dd326975-edc4-4b0f-94cd-769088b54aa9", {"s...10Z", "interval": 600}]' [123 bytes]
2023-03-29 10:10:14,651 - DEBUG - Starting new HTTPS connection (1): 8b434254zg.execute-api.ap-northeast-2.amazonaws.com:443
2023-03-29 10:10:15,243 - DEBUG - https://8b434254zg.execute-api.ap-northeast-2.amazonaws.com:443 "POST /dev/ioc HTTP/1.1" 200 210
2023-03-29 10:10:15,284 - DEBUG - < TEXT '[2, "496344b8-0316-4eb9-8015-bd4172c4bba4", "Re..., "reservationId": ""}]' [165 bytes]
2023-03-29 10:10:15,308 - DEBUG - = connection is CLOSING
2023-03-29 10:10:15,308 - DEBUG - > CLOSE 1000 (OK) [2 bytes]
2023-03-29 10:10:15,319 - DEBUG - < CLOSE 1000 (OK) [2 bytes]
2023-03-29 10:10:15,323 - DEBUG - = connection is CLOSED
2023-03-29 10:10:41,518 - DEBUG - = connection is CONNECTING
2023-03-29 10:10:41,555 - DEBUG - > GET /ocpp16/ELA007C05/EVSCA050002 HTTP/1.1
2023-03-29 10:10:41,555 - DEBUG - > Host: ws.devevspcharger.uplus.co.kr
2023-03-29 10:10:41,555 - DEBUG - > Upgrade: websocket
2023-03-29 10:10:41,555 - DEBUG - > Connection: Upgrade
2023-03-29 10:10:41,555 - DEBUG - > Sec-WebSocket-Key: 6Fb3X8CnZII2GfKm9eMBdA==
2023-03-29 10:10:41,555 - DEBUG - > Sec-WebSocket-Version: 13
2023-03-29 10:10:41,555 - DEBUG - > Sec-WebSocket-Extensions: permessage-deflate; client_max_window_bits
2023-03-29 10:10:41,555 - DEBUG - > Sec-WebSocket-Protocol: ocpp1.6
2023-03-29 10:10:41,555 - DEBUG - > Authorization: Basic RVZBUjpFVkFSTEdV
2023-03-29 10:10:41,556 - DEBUG - > User-Agent: Python/3.11 websockets/10.4
2023-03-29 10:10:41,794 - DEBUG - < HTTP/1.1 101 Switching Protocols
2023-03-29 10:10:41,795 - DEBUG - < Connection: upgrade
2023-03-29 10:10:41,796 - DEBUG - < Date: Wed, 29 Mar 2023 01:10:38 GMT
2023-03-29 10:10:41,796 - DEBUG - < sec-websocket-protocol: ocpp1.6
2023-03-29 10:10:41,796 - DEBUG - < upgrade: websocket
2023-03-29 10:10:41,796 - DEBUG - < sec-websocket-accept: tmtLSrGEwbWeFjkNtdWcEK5/HP8=
2023-03-29 10:10:41,796 - DEBUG - < sec-websocket-extensions: permessage-deflate
2023-03-29 10:10:41,796 - DEBUG - < X-Cache: Miss from cloudfront
2023-03-29 10:10:41,796 - DEBUG - < Via: 1.1 47d972c0543b96b8ef5a6c3258e80bf0.cloudfront.net (CloudFront)
2023-03-29 10:10:41,796 - DEBUG - < X-Amz-Cf-Pop: ICN57-P2
2023-03-29 10:10:41,796 - DEBUG - < X-Amz-Cf-Id: 0SzquXe7ksZWWbv3kyv3YjieQMvUrKbTcfo5z_vAHxJnA3RcamnlJA==
2023-03-29 10:10:41,797 - DEBUG - = connection is OPEN
2023-03-29 10:10:41,845 - DEBUG - > TEXT '[2, "fba0f026-e4b8-4e47-9350-29b4f7949617", "Bo...ePointVendor": "EVAR"}]' [127 bytes]
2023-03-29 10:10:42,063 - DEBUG - < TEXT '[3, "fba0f026-e4b8-4e47-9350-29b4f7949617", {"s...38Z", "interval": 600}]' [123 bytes]
2023-03-29 10:10:42,101 - DEBUG - Starting new HTTPS connection (1): 8b434254zg.execute-api.ap-northeast-2.amazonaws.com:443
2023-03-29 10:10:42,507 - DEBUG - https://8b434254zg.execute-api.ap-northeast-2.amazonaws.com:443 "POST /dev/ioc HTTP/1.1" 200 218
2023-03-29 10:10:42,544 - DEBUG - < TEXT '[2, "625986c6-7dd6-491a-b537-2440cadcf89e", "Re...vationId": "12312312"}]' [173 bytes]
2023-03-29 10:10:42,572 - DEBUG - = connection is CLOSING
2023-03-29 10:10:42,572 - DEBUG - > CLOSE 1000 (OK) [2 bytes]
2023-03-29 10:10:42,578 - DEBUG - < CLOSE 1000 (OK) [2 bytes]
2023-03-29 10:10:42,586 - DEBUG - = connection is CLOSED
2023-03-29 10:20:08,253 - DEBUG - = connection is CONNECTING
2023-03-29 10:20:08,290 - DEBUG - > GET /ocpp16/ELA007C05/EVSCA050002 HTTP/1.1
2023-03-29 10:20:08,290 - DEBUG - > Host: ws.devevspcharger.uplus.co.kr
2023-03-29 10:20:08,290 - DEBUG - > Upgrade: websocket
2023-03-29 10:20:08,290 - DEBUG - > Connection: Upgrade
2023-03-29 10:20:08,290 - DEBUG - > Sec-WebSocket-Key: TPG8fvA61S6dS1WCRVqGfQ==
2023-03-29 10:20:08,290 - DEBUG - > Sec-WebSocket-Version: 13
2023-03-29 10:20:08,291 - DEBUG - > Sec-WebSocket-Extensions: permessage-deflate; client_max_window_bits
2023-03-29 10:20:08,291 - DEBUG - > Sec-WebSocket-Protocol: ocpp1.6
2023-03-29 10:20:08,291 - DEBUG - > Authorization: Basic RVZBUjpFVkFSTEdV
2023-03-29 10:20:08,291 - DEBUG - > User-Agent: Python/3.11 websockets/10.4
2023-03-29 10:20:09,596 - DEBUG - < HTTP/1.1 101 Switching Protocols
2023-03-29 10:20:09,596 - DEBUG - < Connection: upgrade
2023-03-29 10:20:09,597 - DEBUG - < Date: Wed, 29 Mar 2023 01:20:05 GMT
2023-03-29 10:20:09,597 - DEBUG - < sec-websocket-protocol: ocpp1.6
2023-03-29 10:20:09,597 - DEBUG - < upgrade: websocket
2023-03-29 10:20:09,598 - DEBUG - < sec-websocket-accept: cLYo4MDsF9dUNS8X+7dpmqquV7E=
2023-03-29 10:20:09,598 - DEBUG - < sec-websocket-extensions: permessage-deflate
2023-03-29 10:20:09,599 - DEBUG - < X-Cache: Miss from cloudfront
2023-03-29 10:20:09,600 - DEBUG - < Via: 1.1 0deed69f96030eea747cb7bfcfd21562.cloudfront.net (CloudFront)
2023-03-29 10:20:09,602 - DEBUG - < X-Amz-Cf-Pop: ICN57-P2
2023-03-29 10:20:09,602 - DEBUG - < X-Amz-Cf-Id: tpaX4bXRx0HTzYeYOl3sSQO7oTLceg4wDBZ6ZtUrmN6bulM6VnRNOg==
2023-03-29 10:20:09,603 - DEBUG - = connection is OPEN
2023-03-29 10:20:09,625 - DEBUG - > TEXT '[2, "bfa655f9-a56c-4ed4-8f29-d67ac628b8ee", "Bo...ePointVendor": "EVAR"}]' [127 bytes]
2023-03-29 10:20:10,010 - DEBUG - < TEXT '[3, "bfa655f9-a56c-4ed4-8f29-d67ac628b8ee", {"s...06Z", "interval": 600}]' [123 bytes]
2023-03-29 10:20:10,090 - DEBUG - Starting new HTTPS connection (1): 8b434254zg.execute-api.ap-northeast-2.amazonaws.com:443
2023-03-29 10:20:11,504 - DEBUG - https://8b434254zg.execute-api.ap-northeast-2.amazonaws.com:443 "POST /dev/ioc HTTP/1.1" 200 218
2023-03-29 10:20:11,535 - DEBUG - < TEXT '[2, "d51923df-4e4f-42cc-a247-3b16f50c8f40", "Re...vationId": "21312312"}]' [173 bytes]
2023-03-29 10:20:11,570 - DEBUG - = connection is CLOSING
2023-03-29 10:20:11,570 - DEBUG - > CLOSE 1000 (OK) [2 bytes]
2023-03-29 10:20:11,577 - DEBUG - < CLOSE 1000 (OK) [2 bytes]
2023-03-29 10:20:11,585 - DEBUG - = connection is CLOSED
2023-03-29 10:22:30,862 - DEBUG - = connection is CONNECTING
2023-03-29 10:22:30,899 - DEBUG - > GET /ocpp16/ELA007C05/EVSCA050002 HTTP/1.1
2023-03-29 10:22:30,899 - DEBUG - > Host: ws.devevspcharger.uplus.co.kr
2023-03-29 10:22:30,900 - DEBUG - > Upgrade: websocket
2023-03-29 10:22:30,900 - DEBUG - > Connection: Upgrade
2023-03-29 10:22:30,900 - DEBUG - > Sec-WebSocket-Key: ae5Jl168dtrDZQop8bH8ew==
2023-03-29 10:22:30,900 - DEBUG - > Sec-WebSocket-Version: 13
2023-03-29 10:22:30,900 - DEBUG - > Sec-WebSocket-Extensions: permessage-deflate; client_max_window_bits
2023-03-29 10:22:30,900 - DEBUG - > Sec-WebSocket-Protocol: ocpp1.6
2023-03-29 10:22:30,900 - DEBUG - > Authorization: Basic RVZBUjpFVkFSTEdV
2023-03-29 10:22:30,900 - DEBUG - > User-Agent: Python/3.11 websockets/10.4
2023-03-29 10:22:31,148 - DEBUG - < HTTP/1.1 101 Switching Protocols
2023-03-29 10:22:31,149 - DEBUG - < Connection: upgrade
2023-03-29 10:22:31,150 - DEBUG - < Date: Wed, 29 Mar 2023 01:22:27 GMT
2023-03-29 10:22:31,150 - DEBUG - < sec-websocket-protocol: ocpp1.6
2023-03-29 10:22:31,150 - DEBUG - < upgrade: websocket
2023-03-29 10:22:31,150 - DEBUG - < sec-websocket-accept: 6pVzbpVzMG4CA373tjZdA4OU/hs=
2023-03-29 10:22:31,150 - DEBUG - < sec-websocket-extensions: permessage-deflate
2023-03-29 10:22:31,150 - DEBUG - < X-Cache: Miss from cloudfront
2023-03-29 10:22:31,150 - DEBUG - < Via: 1.1 398e2e4101ed255d172b5d628fa36f5c.cloudfront.net (CloudFront)
2023-03-29 10:22:31,150 - DEBUG - < X-Amz-Cf-Pop: ICN57-P2
2023-03-29 10:22:31,150 - DEBUG - < X-Amz-Cf-Id: Vx9CXNCrSPkhKBicES0q2FebRXB7G71G07XNj5HJx6FypzDDvrS_jA==
2023-03-29 10:22:31,151 - DEBUG - = connection is OPEN
2023-03-29 10:22:31,174 - DEBUG - > TEXT '[2, "a4e9b1fd-0541-4bf3-a1ca-1c1af00d9237", "Bo...ePointVendor": "EVAR"}]' [127 bytes]
2023-03-29 10:22:31,372 - DEBUG - < TEXT '[3, "a4e9b1fd-0541-4bf3-a1ca-1c1af00d9237", {"s...27Z", "interval": 600}]' [123 bytes]
2023-03-29 10:22:31,456 - DEBUG - Starting new HTTPS connection (1): 8b434254zg.execute-api.ap-northeast-2.amazonaws.com:443
2023-03-29 10:22:31,875 - DEBUG - https://8b434254zg.execute-api.ap-northeast-2.amazonaws.com:443 "POST /dev/ioc HTTP/1.1" 200 210
2023-03-29 10:22:31,897 - DEBUG - < TEXT '[2, "9f42881d-3cfc-46ad-be54-7e8aa8268527", "Re..., "reservationId": ""}]' [165 bytes]
2023-03-29 10:22:31,923 - DEBUG - = connection is CLOSING
2023-03-29 10:22:31,924 - DEBUG - > CLOSE 1000 (OK) [2 bytes]
2023-03-29 10:22:32,385 - DEBUG - < CLOSE 1000 (OK) [2 bytes]
2023-03-29 10:22:32,390 - DEBUG - = connection is CLOSED
2023-03-29 10:23:12,520 - DEBUG - = connection is CONNECTING
2023-03-29 10:23:12,566 - DEBUG - > GET /ocpp16/ELA007C05/EVSCA050002 HTTP/1.1
2023-03-29 10:23:12,568 - DEBUG - > Host: ws.devevspcharger.uplus.co.kr
2023-03-29 10:23:12,568 - DEBUG - > Upgrade: websocket
2023-03-29 10:23:12,568 - DEBUG - > Connection: Upgrade
2023-03-29 10:23:12,568 - DEBUG - > Sec-WebSocket-Key: itx0O2HIBRFbSiwybnYvog==
2023-03-29 10:23:12,568 - DEBUG - > Sec-WebSocket-Version: 13
2023-03-29 10:23:12,568 - DEBUG - > Sec-WebSocket-Extensions: permessage-deflate; client_max_window_bits
2023-03-29 10:23:12,568 - DEBUG - > Sec-WebSocket-Protocol: ocpp1.6
2023-03-29 10:23:12,568 - DEBUG - > Authorization: Basic RVZBUjpFVkFSTEdV
2023-03-29 10:23:12,568 - DEBUG - > User-Agent: Python/3.11 websockets/10.4
2023-03-29 10:23:12,799 - DEBUG - < HTTP/1.1 101 Switching Protocols
2023-03-29 10:23:12,799 - DEBUG - < Connection: upgrade
2023-03-29 10:23:12,799 - DEBUG - < Date: Wed, 29 Mar 2023 01:23:09 GMT
2023-03-29 10:23:12,800 - DEBUG - < sec-websocket-protocol: ocpp1.6
2023-03-29 10:23:12,800 - DEBUG - < upgrade: websocket
2023-03-29 10:23:12,800 - DEBUG - < sec-websocket-accept: o55SnW8b5AUdDC4OTj9tWSA38f0=
2023-03-29 10:23:12,800 - DEBUG - < sec-websocket-extensions: permessage-deflate
2023-03-29 10:23:12,801 - DEBUG - < X-Cache: Miss from cloudfront
2023-03-29 10:23:12,801 - DEBUG - < Via: 1.1 5a0f884e3a21756e824f803c83d7f3d0.cloudfront.net (CloudFront)
2023-03-29 10:23:12,801 - DEBUG - < X-Amz-Cf-Pop: ICN57-P2
2023-03-29 10:23:12,801 - DEBUG - < X-Amz-Cf-Id: UcrByi6y68zww9GL4VJdtgagEFFfzTtrJpJsUqaBb0V-3xFTVpOh6A==
2023-03-29 10:23:12,801 - DEBUG - = connection is OPEN
2023-03-29 10:23:12,824 - DEBUG - > TEXT '[2, "ac7e30a4-599a-4d1e-9567-45eac70e535a", "Bo...ePointVendor": "EVAR"}]' [127 bytes]
2023-03-29 10:23:13,989 - DEBUG - < TEXT '[3, "ac7e30a4-599a-4d1e-9567-45eac70e535a", {"s...10Z", "interval": 600}]' [123 bytes]
2023-03-29 10:23:14,091 - DEBUG - Starting new HTTPS connection (1): 8b434254zg.execute-api.ap-northeast-2.amazonaws.com:443
2023-03-29 10:23:14,495 - DEBUG - https://8b434254zg.execute-api.ap-northeast-2.amazonaws.com:443 "POST /dev/ioc HTTP/1.1" 200 189
2023-03-29 10:23:14,530 - DEBUG - < TEXT '[2, "0e1bbde8-96a3-413d-ba3c-959b2ba41f2a", "Re..., "reservationId": ""}]' [144 bytes]
2023-03-29 10:23:14,562 - DEBUG - = connection is CLOSING
2023-03-29 10:23:14,562 - DEBUG - > CLOSE 1000 (OK) [2 bytes]
2023-03-29 10:23:14,571 - DEBUG - < CLOSE 1000 (OK) [2 bytes]
2023-03-29 10:23:14,576 - DEBUG - = connection is CLOSED
2023-03-29 10:23:17,467 - DEBUG - = connection is CONNECTING
2023-03-29 10:23:17,502 - DEBUG - > GET /ocpp16/ELA007C05/EVSCA050002 HTTP/1.1
2023-03-29 10:23:17,502 - DEBUG - > Host: ws.devevspcharger.uplus.co.kr
2023-03-29 10:23:17,503 - DEBUG - > Upgrade: websocket
2023-03-29 10:23:17,503 - DEBUG - > Connection: Upgrade
2023-03-29 10:23:17,503 - DEBUG - > Sec-WebSocket-Key: prf862kVeXG5oh6suVbmQQ==
2023-03-29 10:23:17,503 - DEBUG - > Sec-WebSocket-Version: 13
2023-03-29 10:23:17,503 - DEBUG - > Sec-WebSocket-Extensions: permessage-deflate; client_max_window_bits
2023-03-29 10:23:17,503 - DEBUG - > Sec-WebSocket-Protocol: ocpp1.6
2023-03-29 10:23:17,503 - DEBUG - > Authorization: Basic RVZBUjpFVkFSTEdV
2023-03-29 10:23:17,503 - DEBUG - > User-Agent: Python/3.11 websockets/10.4
2023-03-29 10:23:17,726 - DEBUG - < HTTP/1.1 101 Switching Protocols
2023-03-29 10:23:17,727 - DEBUG - < Connection: upgrade
2023-03-29 10:23:17,727 - DEBUG - < Date: Wed, 29 Mar 2023 01:23:13 GMT
2023-03-29 10:23:17,727 - DEBUG - < sec-websocket-protocol: ocpp1.6
2023-03-29 10:23:17,727 - DEBUG - < upgrade: websocket
2023-03-29 10:23:17,728 - DEBUG - < sec-websocket-accept: vkeAwWQx9Hv/Z4a6iWBGtfUoXAs=
2023-03-29 10:23:17,728 - DEBUG - < sec-websocket-extensions: permessage-deflate
2023-03-29 10:23:17,728 - DEBUG - < X-Cache: Miss from cloudfront
2023-03-29 10:23:17,728 - DEBUG - < Via: 1.1 818e6836f2ca3e700a5577179db933d8.cloudfront.net (CloudFront)
2023-03-29 10:23:17,729 - DEBUG - < X-Amz-Cf-Pop: ICN57-P2
2023-03-29 10:23:17,729 - DEBUG - < X-Amz-Cf-Id: S0gzmzVuXkNfSvZcRAlnFQMvB37Bz6upuN-KyAL9WTrzE-H2GSMxBw==
2023-03-29 10:23:17,729 - DEBUG - = connection is OPEN
2023-03-29 10:23:17,776 - DEBUG - > TEXT '[2, "c929a673-8c39-475e-9395-56fc1fb36cf1", "Bo...ePointVendor": "EVAR"}]' [127 bytes]
2023-03-29 10:23:18,008 - DEBUG - < TEXT '[3, "c929a673-8c39-475e-9395-56fc1fb36cf1", {"s...14Z", "interval": 600}]' [123 bytes]
2023-03-29 10:23:18,059 - DEBUG - Starting new HTTPS connection (1): 8b434254zg.execute-api.ap-northeast-2.amazonaws.com:443
2023-03-29 10:23:18,455 - DEBUG - https://8b434254zg.execute-api.ap-northeast-2.amazonaws.com:443 "POST /dev/ioc HTTP/1.1" 200 189
2023-03-29 10:23:18,505 - DEBUG - < TEXT '[2, "6244c4b5-a098-4202-8731-bfd6b0d9d0e7", "Re..., "reservationId": ""}]' [144 bytes]
2023-03-29 10:23:18,525 - DEBUG - = connection is CLOSING
2023-03-29 10:23:18,525 - DEBUG - > CLOSE 1000 (OK) [2 bytes]
2023-03-29 10:23:18,532 - DEBUG - < CLOSE 1000 (OK) [2 bytes]
2023-03-29 10:23:18,537 - DEBUG - = connection is CLOSED
2023-03-29 10:24:01,952 - DEBUG - = connection is CONNECTING
2023-03-29 10:24:01,992 - DEBUG - > GET /ocpp16/ELA007C05/EVSCA050002 HTTP/1.1
2023-03-29 10:24:01,992 - DEBUG - > Host: ws.devevspcharger.uplus.co.kr
2023-03-29 10:24:01,992 - DEBUG - > Upgrade: websocket
2023-03-29 10:24:01,992 - DEBUG - > Connection: Upgrade
2023-03-29 10:24:01,992 - DEBUG - > Sec-WebSocket-Key: LqAKhQuYg1QtxiTOmmDuiw==
2023-03-29 10:24:01,992 - DEBUG - > Sec-WebSocket-Version: 13
2023-03-29 10:24:01,993 - DEBUG - > Sec-WebSocket-Extensions: permessage-deflate; client_max_window_bits
2023-03-29 10:24:01,993 - DEBUG - > Sec-WebSocket-Protocol: ocpp1.6
2023-03-29 10:24:01,993 - DEBUG - > Authorization: Basic RVZBUjpFVkFSTEdV
2023-03-29 10:24:01,993 - DEBUG - > User-Agent: Python/3.11 websockets/10.4
2023-03-29 10:24:02,220 - DEBUG - < HTTP/1.1 101 Switching Protocols
2023-03-29 10:24:02,220 - DEBUG - < Connection: upgrade
2023-03-29 10:24:02,220 - DEBUG - < Date: Wed, 29 Mar 2023 01:23:58 GMT
2023-03-29 10:24:02,221 - DEBUG - < sec-websocket-protocol: ocpp1.6
2023-03-29 10:24:02,221 - DEBUG - < upgrade: websocket
2023-03-29 10:24:02,221 - DEBUG - < sec-websocket-accept: VmUDbhPkIJIrSKXEphmjyzvmKNc=
2023-03-29 10:24:02,221 - DEBUG - < sec-websocket-extensions: permessage-deflate
2023-03-29 10:24:02,221 - DEBUG - < X-Cache: Miss from cloudfront
2023-03-29 10:24:02,221 - DEBUG - < Via: 1.1 9ce5dfe6a640bb6a762b3c2889e2317e.cloudfront.net (CloudFront)
2023-03-29 10:24:02,221 - DEBUG - < X-Amz-Cf-Pop: ICN57-P2
2023-03-29 10:24:02,221 - DEBUG - < X-Amz-Cf-Id: Q2ZyfeBPIvJijbyfyK386DnxRf4rJm6z9Um4ggBwK6_SjPF_BnkVWw==
2023-03-29 10:24:02,222 - DEBUG - = connection is OPEN
2023-03-29 10:24:02,248 - DEBUG - > TEXT '[2, "06a613a5-f351-4a8e-820f-f0fdaf277e22", "Bo...ePointVendor": "EVAR"}]' [127 bytes]
2023-03-29 10:24:02,470 - DEBUG - < TEXT '[3, "06a613a5-f351-4a8e-820f-f0fdaf277e22", {"s...58Z", "interval": 600}]' [123 bytes]
2023-03-29 10:24:02,556 - DEBUG - Starting new HTTPS connection (1): 8b434254zg.execute-api.ap-northeast-2.amazonaws.com:443
2023-03-29 10:24:02,935 - DEBUG - https://8b434254zg.execute-api.ap-northeast-2.amazonaws.com:443 "POST /dev/ioc HTTP/1.1" 200 210
2023-03-29 10:24:02,969 - DEBUG - < TEXT '[2, "fbc418b8-f443-45e6-bb9a-39accec985d1", "Re..., "reservationId": ""}]' [165 bytes]
2023-03-29 10:24:03,021 - DEBUG - = connection is CLOSING
2023-03-29 10:24:03,022 - DEBUG - > CLOSE 1000 (OK) [2 bytes]
2023-03-29 10:24:03,033 - DEBUG - < CLOSE 1000 (OK) [2 bytes]
2023-03-29 10:24:03,043 - DEBUG - = connection is CLOSED
2023-03-29 10:28:16,989 - ERROR - Task exception was never retrieved
future: <Task finished name='Task-2' coro=<ChargerSim.startEvent() done, defined at D:\workspace\wss\main.py:131> exception=ValueError("invalid literal for int() with base 10: ''")>
Traceback (most recent call last):
  File "D:\workspace\wss\main.py", line 140, in startEvent
    self.config_update()
  File "D:\workspace\wss\main.py", line 45, in config_update
    '$crgr_rsno':self.en_rsno.get(), '$uuid':str(uuid.uuid4()), '$transactionId':self.en_tr.get(), '$reservationId':int(self.en_reserve.get())}
                                                                                                                    ^^^^^^^^^^^^^^^^^^^^^^^^^^
ValueError: invalid literal for int() with base 10: ''
2023-03-29 10:33:03,321 - DEBUG - = connection is CONNECTING
2023-03-29 10:33:03,452 - DEBUG - > GET /ocpp16/ELA007C05/EVSCA050002 HTTP/1.1
2023-03-29 10:33:03,453 - DEBUG - > Host: ws.devevspcharger.uplus.co.kr
2023-03-29 10:33:03,453 - DEBUG - > Upgrade: websocket
2023-03-29 10:33:03,454 - DEBUG - > Connection: Upgrade
2023-03-29 10:33:03,454 - DEBUG - > Sec-WebSocket-Key: gdUBD5WK/q4A6dNTf2lK8Q==
2023-03-29 10:33:03,455 - DEBUG - > Sec-WebSocket-Version: 13
2023-03-29 10:33:03,455 - DEBUG - > Sec-WebSocket-Extensions: permessage-deflate; client_max_window_bits
2023-03-29 10:33:03,455 - DEBUG - > Sec-WebSocket-Protocol: ocpp1.6
2023-03-29 10:33:03,455 - DEBUG - > Authorization: Basic RVZBUjpFVkFSTEdV
2023-03-29 10:33:03,456 - DEBUG - > User-Agent: Python/3.11 websockets/10.4
2023-03-29 10:33:04,744 - DEBUG - < HTTP/1.1 101 Switching Protocols
2023-03-29 10:33:04,744 - DEBUG - < Connection: upgrade
2023-03-29 10:33:04,745 - DEBUG - < Date: Wed, 29 Mar 2023 01:33:01 GMT
2023-03-29 10:33:04,745 - DEBUG - < sec-websocket-protocol: ocpp1.6
2023-03-29 10:33:04,745 - DEBUG - < upgrade: websocket
2023-03-29 10:33:04,745 - DEBUG - < sec-websocket-accept: OGSHCrgS8x7cALuAJQuYGrAGt9s=
2023-03-29 10:33:04,745 - DEBUG - < sec-websocket-extensions: permessage-deflate
2023-03-29 10:33:04,745 - DEBUG - < X-Cache: Miss from cloudfront
2023-03-29 10:33:04,745 - DEBUG - < Via: 1.1 bab1895e0b0b8d2cc8c02eee5d24db78.cloudfront.net (CloudFront)
2023-03-29 10:33:04,745 - DEBUG - < X-Amz-Cf-Pop: ICN57-P2
2023-03-29 10:33:04,745 - DEBUG - < X-Amz-Cf-Id: K8a8bh2AlxHUW8bBmn_ordHlSBzMSZdl-u_M7Mkv2Z-aKXXdkny7Wg==
2023-03-29 10:33:04,822 - DEBUG - = connection is OPEN
2023-03-29 10:33:05,004 - DEBUG - > TEXT '[2, "6706164d-7a19-4b59-8d43-1a9eea177eb9", "Bo...ePointVendor": "EVAR"}]' [127 bytes]
2023-03-29 10:33:05,234 - DEBUG - < TEXT '[3, "6706164d-7a19-4b59-8d43-1a9eea177eb9", {"s...01Z", "interval": 600}]' [123 bytes]
2023-03-29 10:33:06,469 - DEBUG - Starting new HTTPS connection (1): 8b434254zg.execute-api.ap-northeast-2.amazonaws.com:443
2023-03-29 10:33:07,087 - DEBUG - https://8b434254zg.execute-api.ap-northeast-2.amazonaws.com:443 "POST /dev/ioc HTTP/1.1" 200 224
2023-03-29 10:33:07,221 - DEBUG - < TEXT '[2, "26c1fee7-1a54-417d-8f58-2b9df4b42472", "Re...Id": "$reservationId"}]' [179 bytes]
2023-03-29 10:33:07,256 - DEBUG - = connection is CLOSING
2023-03-29 10:33:07,257 - DEBUG - > CLOSE 1000 (OK) [2 bytes]
2023-03-29 10:33:07,266 - DEBUG - < CLOSE 1000 (OK) [2 bytes]
2023-03-29 10:33:07,273 - DEBUG - = connection is CLOSED
2023-03-29 10:36:06,678 - DEBUG - = connection is CONNECTING
2023-03-29 10:36:06,715 - DEBUG - > GET /ocpp16/ELA007C05/EVSCA050002 HTTP/1.1
2023-03-29 10:36:06,715 - DEBUG - > Host: ws.devevspcharger.uplus.co.kr
2023-03-29 10:36:06,716 - DEBUG - > Upgrade: websocket
2023-03-29 10:36:06,716 - DEBUG - > Connection: Upgrade
2023-03-29 10:36:06,716 - DEBUG - > Sec-WebSocket-Key: TqURr1TjdxLGJKQPrFtZfg==
2023-03-29 10:36:06,717 - DEBUG - > Sec-WebSocket-Version: 13
2023-03-29 10:36:06,717 - DEBUG - > Sec-WebSocket-Extensions: permessage-deflate; client_max_window_bits
2023-03-29 10:36:06,717 - DEBUG - > Sec-WebSocket-Protocol: ocpp1.6
2023-03-29 10:36:06,717 - DEBUG - > Authorization: Basic RVZBUjpFVkFSTEdV
2023-03-29 10:36:06,717 - DEBUG - > User-Agent: Python/3.11 websockets/10.4
2023-03-29 10:36:08,043 - DEBUG - < HTTP/1.1 101 Switching Protocols
2023-03-29 10:36:08,044 - DEBUG - < Connection: upgrade
2023-03-29 10:36:08,044 - DEBUG - < Date: Wed, 29 Mar 2023 01:36:04 GMT
2023-03-29 10:36:08,044 - DEBUG - < sec-websocket-protocol: ocpp1.6
2023-03-29 10:36:08,044 - DEBUG - < upgrade: websocket
2023-03-29 10:36:08,044 - DEBUG - < sec-websocket-accept: 4ZcPbhe6LWX8uQq3Wy/o7lBn5LU=
2023-03-29 10:36:08,044 - DEBUG - < sec-websocket-extensions: permessage-deflate
2023-03-29 10:36:08,044 - DEBUG - < X-Cache: Miss from cloudfront
2023-03-29 10:36:08,044 - DEBUG - < Via: 1.1 702d274aeab676890c1a399c8e170886.cloudfront.net (CloudFront)
2023-03-29 10:36:08,045 - DEBUG - < X-Amz-Cf-Pop: ICN57-P2
2023-03-29 10:36:08,046 - DEBUG - < X-Amz-Cf-Id: j7v-pj5omH8lNOzmFBZoMuCaXD997wGDPRY4jG0x1zOdYx76jPk_FQ==
2023-03-29 10:36:08,046 - DEBUG - = connection is OPEN
2023-03-29 10:36:08,073 - DEBUG - > TEXT '[2, "4e80bff4-337f-4905-99ac-c661bcd3afe6", "Bo...ePointVendor": "EVAR"}]' [127 bytes]
2023-03-29 10:36:08,467 - DEBUG - < TEXT '[3, "4e80bff4-337f-4905-99ac-c661bcd3afe6", {"s...04Z", "interval": 600}]' [123 bytes]
2023-03-29 10:36:08,549 - DEBUG - Starting new HTTPS connection (1): 8b434254zg.execute-api.ap-northeast-2.amazonaws.com:443
2023-03-29 10:36:09,109 - DEBUG - https://8b434254zg.execute-api.ap-northeast-2.amazonaws.com:443 "POST /dev/ioc HTTP/1.1" 200 210
2023-03-29 10:36:09,144 - DEBUG - < TEXT '[2, "837cf93c-30e8-469c-909a-ec2ace7fa849", "Re..., "reservationId": ""}]' [165 bytes]
2023-03-29 10:36:09,173 - DEBUG - = connection is CLOSING
2023-03-29 10:36:09,173 - DEBUG - > CLOSE 1000 (OK) [2 bytes]
2023-03-29 10:36:09,191 - DEBUG - < CLOSE 1000 (OK) [2 bytes]
2023-03-29 10:36:09,199 - DEBUG - = connection is CLOSED
2023-03-29 10:36:19,746 - DEBUG - = connection is CONNECTING
2023-03-29 10:36:19,783 - DEBUG - > GET /ocpp16/ELA007C05/EVSCA050002 HTTP/1.1
2023-03-29 10:36:19,784 - DEBUG - > Host: ws.devevspcharger.uplus.co.kr
2023-03-29 10:36:19,784 - DEBUG - > Upgrade: websocket
2023-03-29 10:36:19,784 - DEBUG - > Connection: Upgrade
2023-03-29 10:36:19,784 - DEBUG - > Sec-WebSocket-Key: qx5QaRtotEgmk6WqBn0O2Q==
2023-03-29 10:36:19,784 - DEBUG - > Sec-WebSocket-Version: 13
2023-03-29 10:36:19,784 - DEBUG - > Sec-WebSocket-Extensions: permessage-deflate; client_max_window_bits
2023-03-29 10:36:19,785 - DEBUG - > Sec-WebSocket-Protocol: ocpp1.6
2023-03-29 10:36:19,785 - DEBUG - > Authorization: Basic RVZBUjpFVkFSTEdV
2023-03-29 10:36:19,785 - DEBUG - > User-Agent: Python/3.11 websockets/10.4
2023-03-29 10:36:20,026 - DEBUG - < HTTP/1.1 101 Switching Protocols
2023-03-29 10:36:20,026 - DEBUG - < Connection: upgrade
2023-03-29 10:36:20,026 - DEBUG - < Date: Wed, 29 Mar 2023 01:36:16 GMT
2023-03-29 10:36:20,026 - DEBUG - < sec-websocket-protocol: ocpp1.6
2023-03-29 10:36:20,026 - DEBUG - < upgrade: websocket
2023-03-29 10:36:20,026 - DEBUG - < sec-websocket-accept: TPv3KP6ljArF7unvaTTw4fEx35U=
2023-03-29 10:36:20,026 - DEBUG - < sec-websocket-extensions: permessage-deflate
2023-03-29 10:36:20,027 - DEBUG - < X-Cache: Miss from cloudfront
2023-03-29 10:36:20,027 - DEBUG - < Via: 1.1 41a89bdb610eb303e698e5cb65ce5b76.cloudfront.net (CloudFront)
2023-03-29 10:36:20,027 - DEBUG - < X-Amz-Cf-Pop: ICN57-P2
2023-03-29 10:36:20,027 - DEBUG - < X-Amz-Cf-Id: KrdbgEP3FWKiZrRBaHh7yRxUPbMJ5Z6_C1vNfGrcGSXlXX-idOOKjA==
2023-03-29 10:36:20,027 - DEBUG - = connection is OPEN
2023-03-29 10:36:20,074 - DEBUG - > TEXT '[2, "348dc8d3-05e1-4a19-b097-11daf344235e", "Bo...ePointVendor": "EVAR"}]' [127 bytes]
2023-03-29 10:36:20,299 - DEBUG - < TEXT '[3, "348dc8d3-05e1-4a19-b097-11daf344235e", {"s...16Z", "interval": 600}]' [123 bytes]
2023-03-29 10:36:20,350 - DEBUG - Starting new HTTPS connection (1): 8b434254zg.execute-api.ap-northeast-2.amazonaws.com:443
2023-03-29 10:36:20,707 - DEBUG - https://8b434254zg.execute-api.ap-northeast-2.amazonaws.com:443 "POST /dev/ioc HTTP/1.1" 200 219
2023-03-29 10:36:20,756 - DEBUG - < TEXT '[2, "70880eee-9a10-4b8f-85d3-b515af2229e6", "Re...ationId": "123213123"}]' [174 bytes]
2023-03-29 10:36:20,791 - DEBUG - = connection is CLOSING
2023-03-29 10:36:20,791 - DEBUG - > CLOSE 1000 (OK) [2 bytes]
2023-03-29 10:36:20,800 - DEBUG - < CLOSE 1000 (OK) [2 bytes]
2023-03-29 10:36:20,810 - DEBUG - = connection is CLOSED
2023-03-29 10:38:19,266 - DEBUG - = connection is CONNECTING
2023-03-29 10:38:19,305 - DEBUG - > GET /ocpp16/ELA007C05/EVSCA050002 HTTP/1.1
2023-03-29 10:38:19,305 - DEBUG - > Host: ws.devevspcharger.uplus.co.kr
2023-03-29 10:38:19,306 - DEBUG - > Upgrade: websocket
2023-03-29 10:38:19,306 - DEBUG - > Connection: Upgrade
2023-03-29 10:38:19,306 - DEBUG - > Sec-WebSocket-Key: dZGFmf+dIhNyxc9/M4ttMg==
2023-03-29 10:38:19,307 - DEBUG - > Sec-WebSocket-Version: 13
2023-03-29 10:38:19,307 - DEBUG - > Sec-WebSocket-Extensions: permessage-deflate; client_max_window_bits
2023-03-29 10:38:19,307 - DEBUG - > Sec-WebSocket-Protocol: ocpp1.6
2023-03-29 10:38:19,307 - DEBUG - > Authorization: Basic RVZBUjpFVkFSTEdV
2023-03-29 10:38:19,307 - DEBUG - > User-Agent: Python/3.11 websockets/10.4
2023-03-29 10:38:19,907 - DEBUG - < HTTP/1.1 101 Switching Protocols
2023-03-29 10:38:19,907 - DEBUG - < Connection: upgrade
2023-03-29 10:38:19,908 - DEBUG - < Date: Wed, 29 Mar 2023 01:38:16 GMT
2023-03-29 10:38:19,908 - DEBUG - < sec-websocket-protocol: ocpp1.6
2023-03-29 10:38:19,908 - DEBUG - < upgrade: websocket
2023-03-29 10:38:19,908 - DEBUG - < sec-websocket-accept: T9QWzisk73J6yNcWRJyghMTy/Q8=
2023-03-29 10:38:19,908 - DEBUG - < sec-websocket-extensions: permessage-deflate
2023-03-29 10:38:19,908 - DEBUG - < X-Cache: Miss from cloudfront
2023-03-29 10:38:19,908 - DEBUG - < Via: 1.1 5b6f80c06c5584561e15bd2fd58882ee.cloudfront.net (CloudFront)
2023-03-29 10:38:19,909 - DEBUG - < X-Amz-Cf-Pop: ICN57-P2
2023-03-29 10:38:19,909 - DEBUG - < X-Amz-Cf-Id: mPkukv2nl-V5cSwbQhyDqfUQw-dE9g_Yiyj-yYQrPaGxYfTB2Ic7hg==
2023-03-29 10:38:19,910 - DEBUG - = connection is OPEN
2023-03-29 10:38:19,929 - DEBUG - > TEXT '[2, "e697214e-3ce7-4453-b2c7-50e7b44ab307", "Bo...ePointVendor": "EVAR"}]' [127 bytes]
2023-03-29 10:38:20,161 - DEBUG - < TEXT '[3, "e697214e-3ce7-4453-b2c7-50e7b44ab307", {"s...16Z", "interval": 600}]' [123 bytes]
2023-03-29 10:38:20,246 - DEBUG - Starting new HTTPS connection (1): 8b434254zg.execute-api.ap-northeast-2.amazonaws.com:443
2023-03-29 10:38:20,830 - DEBUG - https://8b434254zg.execute-api.ap-northeast-2.amazonaws.com:443 "POST /dev/ioc HTTP/1.1" 200 210
2023-03-29 10:38:20,865 - DEBUG - < TEXT '[2, "96f6b15e-883c-41f6-af11-ec0525fae2ca", "Re..., "reservationId": ""}]' [165 bytes]
2023-03-29 10:38:20,890 - DEBUG - = connection is CLOSING
2023-03-29 10:38:20,890 - DEBUG - > CLOSE 1000 (OK) [2 bytes]
2023-03-29 10:38:20,899 - DEBUG - < CLOSE 1000 (OK) [2 bytes]
2023-03-29 10:38:20,906 - DEBUG - = connection is CLOSED
2023-03-29 10:39:25,547 - DEBUG - = connection is CONNECTING
2023-03-29 10:39:25,581 - DEBUG - > GET /ocpp16/ELA007C05/EVSCA050002 HTTP/1.1
2023-03-29 10:39:25,581 - DEBUG - > Host: ws.devevspcharger.uplus.co.kr
2023-03-29 10:39:25,582 - DEBUG - > Upgrade: websocket
2023-03-29 10:39:25,582 - DEBUG - > Connection: Upgrade
2023-03-29 10:39:25,582 - DEBUG - > Sec-WebSocket-Key: dhvp7R97/GwJgkDbKIngAA==
2023-03-29 10:39:25,582 - DEBUG - > Sec-WebSocket-Version: 13
2023-03-29 10:39:25,582 - DEBUG - > Sec-WebSocket-Extensions: permessage-deflate; client_max_window_bits
2023-03-29 10:39:25,582 - DEBUG - > Sec-WebSocket-Protocol: ocpp1.6
2023-03-29 10:39:25,582 - DEBUG - > Authorization: Basic RVZBUjpFVkFSTEdV
2023-03-29 10:39:25,582 - DEBUG - > User-Agent: Python/3.11 websockets/10.4
2023-03-29 10:39:26,105 - DEBUG - < HTTP/1.1 101 Switching Protocols
2023-03-29 10:39:26,106 - DEBUG - < Connection: upgrade
2023-03-29 10:39:26,106 - DEBUG - < Date: Wed, 29 Mar 2023 01:39:22 GMT
2023-03-29 10:39:26,106 - DEBUG - < sec-websocket-protocol: ocpp1.6
2023-03-29 10:39:26,107 - DEBUG - < upgrade: websocket
2023-03-29 10:39:26,107 - DEBUG - < sec-websocket-accept: MEPs7j+qcU1/CYc6mhFAO/V4o40=
2023-03-29 10:39:26,107 - DEBUG - < sec-websocket-extensions: permessage-deflate
2023-03-29 10:39:26,107 - DEBUG - < X-Cache: Miss from cloudfront
2023-03-29 10:39:26,107 - DEBUG - < Via: 1.1 47d972c0543b96b8ef5a6c3258e80bf0.cloudfront.net (CloudFront)
2023-03-29 10:39:26,107 - DEBUG - < X-Amz-Cf-Pop: ICN57-P2
2023-03-29 10:39:26,107 - DEBUG - < X-Amz-Cf-Id: -euk0vWdUMS6q0Om8oiRcP6mQKKjAelXFTBSJwMdU6wBZm6qBSnqyA==
2023-03-29 10:39:26,107 - DEBUG - = connection is OPEN
2023-03-29 10:39:26,181 - DEBUG - > TEXT '[2, "32129274-13bc-41fe-9b58-f5f3fe9810eb", "Bo...ePointVendor": "EVAR"}]' [127 bytes]
2023-03-29 10:39:26,582 - DEBUG - < TEXT '[3, "32129274-13bc-41fe-9b58-f5f3fe9810eb", {"s...22Z", "interval": 600}]' [123 bytes]
2023-03-29 10:39:26,621 - DEBUG - Starting new HTTPS connection (1): 8b434254zg.execute-api.ap-northeast-2.amazonaws.com:443
2023-03-29 10:39:27,208 - DEBUG - https://8b434254zg.execute-api.ap-northeast-2.amazonaws.com:443 "POST /dev/ioc HTTP/1.1" 200 216
2023-03-29 10:39:27,260 - DEBUG - < TEXT '[2, "14095bc3-e78e-46ed-a37d-ae27ccfac08a", "Re...ervationId": "123213"}]' [171 bytes]
2023-03-29 10:39:27,289 - DEBUG - = connection is CLOSING
2023-03-29 10:39:27,290 - DEBUG - > CLOSE 1000 (OK) [2 bytes]
2023-03-29 10:39:27,296 - DEBUG - < CLOSE 1000 (OK) [2 bytes]
2023-03-29 10:39:27,301 - DEBUG - = connection is CLOSED
2023-03-29 10:41:56,410 - DEBUG - = connection is CONNECTING
2023-03-29 10:41:56,451 - DEBUG - > GET /ocpp16/ELA007C05/EVSCA050002 HTTP/1.1
2023-03-29 10:41:56,451 - DEBUG - > Host: ws.devevspcharger.uplus.co.kr
2023-03-29 10:41:56,452 - DEBUG - > Upgrade: websocket
2023-03-29 10:41:56,452 - DEBUG - > Connection: Upgrade
2023-03-29 10:41:56,452 - DEBUG - > Sec-WebSocket-Key: D6a1ONvd+Fd/rvVyf0Ml/Q==
2023-03-29 10:41:56,452 - DEBUG - > Sec-WebSocket-Version: 13
2023-03-29 10:41:56,452 - DEBUG - > Sec-WebSocket-Extensions: permessage-deflate; client_max_window_bits
2023-03-29 10:41:56,452 - DEBUG - > Sec-WebSocket-Protocol: ocpp1.6
2023-03-29 10:41:56,452 - DEBUG - > Authorization: Basic RVZBUjpFVkFSTEdV
2023-03-29 10:41:56,452 - DEBUG - > User-Agent: Python/3.11 websockets/10.4
2023-03-29 10:41:56,977 - DEBUG - < HTTP/1.1 101 Switching Protocols
2023-03-29 10:41:56,977 - DEBUG - < Connection: upgrade
2023-03-29 10:41:56,978 - DEBUG - < Date: Wed, 29 Mar 2023 01:41:53 GMT
2023-03-29 10:41:56,978 - DEBUG - < sec-websocket-protocol: ocpp1.6
2023-03-29 10:41:56,978 - DEBUG - < upgrade: websocket
2023-03-29 10:41:56,978 - DEBUG - < sec-websocket-accept: IMo2EXAvWzbTA5NYG1hQnjphdBk=
2023-03-29 10:41:56,978 - DEBUG - < sec-websocket-extensions: permessage-deflate
2023-03-29 10:41:56,978 - DEBUG - < X-Cache: Miss from cloudfront
2023-03-29 10:41:56,978 - DEBUG - < Via: 1.1 55a59d7976b41c233ff2e682cdd3901e.cloudfront.net (CloudFront)
2023-03-29 10:41:56,978 - DEBUG - < X-Amz-Cf-Pop: ICN57-P2
2023-03-29 10:41:56,979 - DEBUG - < X-Amz-Cf-Id: 2z6Aa3WGStMRmMMguFiap2vQrUvu3UQ3RS8kU3xngaXp9ZSUOYHdgw==
2023-03-29 10:41:56,980 - DEBUG - = connection is OPEN
2023-03-29 10:41:57,007 - DEBUG - > TEXT '[2, "b5f4b440-ba81-4a87-b50d-dd26b7585da0", "Bo...ePointVendor": "EVAR"}]' [127 bytes]
2023-03-29 10:41:57,365 - DEBUG - < TEXT '[3, "b5f4b440-ba81-4a87-b50d-dd26b7585da0", {"s...53Z", "interval": 600}]' [123 bytes]
2023-03-29 10:41:57,445 - DEBUG - Starting new HTTPS connection (1): 8b434254zg.execute-api.ap-northeast-2.amazonaws.com:443
2023-03-29 10:41:58,053 - DEBUG - https://8b434254zg.execute-api.ap-northeast-2.amazonaws.com:443 "POST /dev/ioc HTTP/1.1" 200 224
2023-03-29 10:41:58,091 - DEBUG - < TEXT '[2, "727ea590-c57a-4fcd-8839-b3f42e4ebc9e", "Re...Id": "$reservationId"}]' [179 bytes]
2023-03-29 10:41:58,118 - DEBUG - = connection is CLOSING
2023-03-29 10:41:58,118 - DEBUG - > CLOSE 1000 (OK) [2 bytes]
2023-03-29 10:41:58,125 - DEBUG - < CLOSE 1000 (OK) [2 bytes]
2023-03-29 10:41:58,134 - DEBUG - = connection is CLOSED
2023-03-29 10:42:27,384 - DEBUG - = connection is CONNECTING
2023-03-29 10:42:27,425 - DEBUG - > GET /ocpp16/ELA007C05/EVSCA050002 HTTP/1.1
2023-03-29 10:42:27,425 - DEBUG - > Host: ws.devevspcharger.uplus.co.kr
2023-03-29 10:42:27,425 - DEBUG - > Upgrade: websocket
2023-03-29 10:42:27,426 - DEBUG - > Connection: Upgrade
2023-03-29 10:42:27,426 - DEBUG - > Sec-WebSocket-Key: bq/3I/XSozltXw40FBn9Bg==
2023-03-29 10:42:27,426 - DEBUG - > Sec-WebSocket-Version: 13
2023-03-29 10:42:27,427 - DEBUG - > Sec-WebSocket-Extensions: permessage-deflate; client_max_window_bits
2023-03-29 10:42:27,427 - DEBUG - > Sec-WebSocket-Protocol: ocpp1.6
2023-03-29 10:42:27,427 - DEBUG - > Authorization: Basic RVZBUjpFVkFSTEdV
2023-03-29 10:42:27,427 - DEBUG - > User-Agent: Python/3.11 websockets/10.4
2023-03-29 10:42:27,669 - DEBUG - < HTTP/1.1 101 Switching Protocols
2023-03-29 10:42:27,670 - DEBUG - < Connection: upgrade
2023-03-29 10:42:27,670 - DEBUG - < Date: Wed, 29 Mar 2023 01:42:23 GMT
2023-03-29 10:42:27,670 - DEBUG - < sec-websocket-protocol: ocpp1.6
2023-03-29 10:42:27,671 - DEBUG - < upgrade: websocket
2023-03-29 10:42:27,673 - DEBUG - < sec-websocket-accept: BrqG3NpdlIbm/vsj/hyRqHY+bro=
2023-03-29 10:42:27,674 - DEBUG - < sec-websocket-extensions: permessage-deflate
2023-03-29 10:42:27,674 - DEBUG - < X-Cache: Miss from cloudfront
2023-03-29 10:42:27,674 - DEBUG - < Via: 1.1 1c31b550dc04cf34ff9053b76a7eecc4.cloudfront.net (CloudFront)
2023-03-29 10:42:27,674 - DEBUG - < X-Amz-Cf-Pop: ICN57-P2
2023-03-29 10:42:27,674 - DEBUG - < X-Amz-Cf-Id: ky7WuxhQN8fe21-9dlNqr5fx_--7-7Y6V4XMXrUj5geVwki36gA0zA==
2023-03-29 10:42:27,675 - DEBUG - = connection is OPEN
2023-03-29 10:42:27,709 - DEBUG - > TEXT '[2, "a2ab52cf-f397-4b5b-ad58-8441c49c2909", "Bo...ePointVendor": "EVAR"}]' [127 bytes]
2023-03-29 10:42:27,939 - DEBUG - < TEXT '[3, "a2ab52cf-f397-4b5b-ad58-8441c49c2909", {"s...24Z", "interval": 600}]' [123 bytes]
2023-03-29 10:42:28,001 - DEBUG - Starting new HTTPS connection (1): 8b434254zg.execute-api.ap-northeast-2.amazonaws.com:443
2023-03-29 10:42:28,394 - DEBUG - https://8b434254zg.execute-api.ap-northeast-2.amazonaws.com:443 "POST /dev/ioc HTTP/1.1" 200 216
2023-03-29 10:42:28,436 - DEBUG - < TEXT '[2, "c0c2f36f-4759-434e-8c34-ac6d39f192c8", "Re...ervationId": 32131231}]' [171 bytes]
2023-03-29 10:42:28,445 - DEBUG - > TEXT '[3, "c0c2f36f-4759-434e-8c34-ac6d39f192c8", {"status": "Accepted"}]' [67 bytes]
2023-03-29 10:42:28,620 - DEBUG - < TEXT '' [0 bytes]
2023-03-29 10:42:28,660 - DEBUG - > TEXT '[2, "71b874ce-804d-4dfe-8698-e68acfdced89", "St... "status": "Reserved"}]' [131 bytes]
2023-03-29 10:42:28,841 - DEBUG - < TEXT '[3, "71b874ce-804d-4dfe-8698-e68acfdced89", {}]' [47 bytes]
2023-03-29 10:42:28,877 - DEBUG - > TEXT '[2, "71b874ce-804d-4dfe-8698-e68acfdced89", "Au...": "1031040000069641"}]' [87 bytes]
2023-03-29 10:42:29,140 - DEBUG - < TEXT '[3, "71b874ce-804d-4dfe-8698-e68acfdced89", {"i...tus": "ConcurrentTx"}}]' [86 bytes]
2023-03-29 10:42:29,181 - DEBUG - > TEXT '[2, "65532b3a-0941-4a8c-a927-0c72cf521fcc", "St..."status": "Preparing"}]' [132 bytes]
2023-03-29 10:42:29,360 - DEBUG - < TEXT '[3, "65532b3a-0941-4a8c-a927-0c72cf521fcc", {}]' [47 bytes]
2023-03-29 10:42:29,412 - DEBUG - > TEXT '[2, "8b37e80c-1478-439e-a59f-157ca3c41907", "St...ervationId": 32131231}]' [197 bytes]
2023-03-29 10:42:29,749 - DEBUG - < TEXT '[4, "8b37e80c-1478-439e-a59f-157ca3c41907", {"e...the requested Action"}]' [187 bytes]
2023-03-29 10:42:29,778 - DEBUG - = connection is CLOSING
2023-03-29 10:42:29,778 - DEBUG - > CLOSE 1000 (OK) [2 bytes]
2023-03-29 10:42:29,788 - DEBUG - < CLOSE 1000 (OK) [2 bytes]
2023-03-29 10:42:29,799 - DEBUG - = connection is CLOSED
2023-03-29 10:45:41,121 - DEBUG - = connection is CONNECTING
2023-03-29 10:45:41,155 - DEBUG - > GET /ocpp16/ELA007C05/EVSCA050002 HTTP/1.1
2023-03-29 10:45:41,155 - DEBUG - > Host: ws.devevspcharger.uplus.co.kr
2023-03-29 10:45:41,156 - DEBUG - > Upgrade: websocket
2023-03-29 10:45:41,156 - DEBUG - > Connection: Upgrade
2023-03-29 10:45:41,157 - DEBUG - > Sec-WebSocket-Key: Wdb4rq+hYfZ8gNxsCZx76Q==
2023-03-29 10:45:41,157 - DEBUG - > Sec-WebSocket-Version: 13
2023-03-29 10:45:41,158 - DEBUG - > Sec-WebSocket-Extensions: permessage-deflate; client_max_window_bits
2023-03-29 10:45:41,158 - DEBUG - > Sec-WebSocket-Protocol: ocpp1.6
2023-03-29 10:45:41,158 - DEBUG - > Authorization: Basic RVZBUjpFVkFSTEdV
2023-03-29 10:45:41,158 - DEBUG - > User-Agent: Python/3.11 websockets/10.4
2023-03-29 10:45:41,670 - DEBUG - < HTTP/1.1 101 Switching Protocols
2023-03-29 10:45:41,672 - DEBUG - < Connection: upgrade
2023-03-29 10:45:41,672 - DEBUG - < Date: Wed, 29 Mar 2023 01:45:37 GMT
2023-03-29 10:45:41,672 - DEBUG - < sec-websocket-protocol: ocpp1.6
2023-03-29 10:45:41,673 - DEBUG - < upgrade: websocket
2023-03-29 10:45:41,673 - DEBUG - < sec-websocket-accept: p4uOn8yW1FyTJnp0cLAZIwBx9XI=
2023-03-29 10:45:41,673 - DEBUG - < sec-websocket-extensions: permessage-deflate
2023-03-29 10:45:41,673 - DEBUG - < X-Cache: Miss from cloudfront
2023-03-29 10:45:41,673 - DEBUG - < Via: 1.1 967cab954a1c41e7f76f472d706ab3a0.cloudfront.net (CloudFront)
2023-03-29 10:45:41,673 - DEBUG - < X-Amz-Cf-Pop: ICN57-P2
2023-03-29 10:45:41,673 - DEBUG - < X-Amz-Cf-Id: kAqlC1JgqKEIpw297qrIGx1pUxKYumzJOBfHorMJ68OPojCJKdO5Bw==
2023-03-29 10:45:41,674 - DEBUG - = connection is OPEN
2023-03-29 10:45:41,711 - DEBUG - > TEXT '[2, "3dfde7de-cdb3-4017-b7c3-c8543bea5a9a", "Bo...ePointVendor": "EVAR"}]' [127 bytes]
2023-03-29 10:45:42,101 - DEBUG - < TEXT '[3, "3dfde7de-cdb3-4017-b7c3-c8543bea5a9a", {"s...38Z", "interval": 600}]' [123 bytes]
2023-03-29 10:45:42,153 - DEBUG - Starting new HTTPS connection (1): 8b434254zg.execute-api.ap-northeast-2.amazonaws.com:443
2023-03-29 10:45:42,741 - DEBUG - https://8b434254zg.execute-api.ap-northeast-2.amazonaws.com:443 "POST /dev/ioc HTTP/1.1" 200 217
2023-03-29 10:45:42,799 - DEBUG - < TEXT '[2, "cb32c40e-79ce-40eb-9486-b284e25e3a20", "Re...rvationId": 120533082}]' [172 bytes]
2023-03-29 10:45:42,803 - DEBUG - > TEXT '[3, "cb32c40e-79ce-40eb-9486-b284e25e3a20", {"status": "Accepted"}]' [67 bytes]
2023-03-29 10:45:42,981 - DEBUG - < TEXT '' [0 bytes]
2023-03-29 10:45:43,017 - DEBUG - > TEXT '[2, "4e19b803-509f-4b96-b896-c25b2956e8e8", "St... "status": "Reserved"}]' [131 bytes]
2023-03-29 10:45:43,200 - DEBUG - < TEXT '[3, "4e19b803-509f-4b96-b896-c25b2956e8e8", {}]' [47 bytes]
2023-03-29 10:45:43,235 - DEBUG - > TEXT '[2, "49b7da7d-bb2f-4f8f-84ef-d3a113fe6604", "Au...": "1031040000069641"}]' [87 bytes]
2023-03-29 10:45:43,488 - DEBUG - < TEXT '[3, "49b7da7d-bb2f-4f8f-84ef-d3a113fe6604", {"i...tus": "ConcurrentTx"}}]' [86 bytes]
2023-03-29 10:45:43,522 - DEBUG - > TEXT '[2, "991cec47-e4e6-4e10-8cb1-5dc51fc4093d", "St..."status": "Preparing"}]' [132 bytes]
2023-03-29 10:45:43,700 - DEBUG - < TEXT '[3, "991cec47-e4e6-4e10-8cb1-5dc51fc4093d", {}]' [47 bytes]
2023-03-29 10:45:43,735 - DEBUG - > TEXT '[2, "c61c3df2-03e2-4841-a51b-6a15d300b45b", "St...ervationId": 32131231}]' [197 bytes]
2023-03-29 10:45:43,962 - DEBUG - < TEXT '[4, "c61c3df2-03e2-4841-a51b-6a15d300b45b", {"e...the requested Action"}]' [187 bytes]
2023-03-29 10:45:43,994 - DEBUG - = connection is CLOSING
2023-03-29 10:45:43,994 - DEBUG - > CLOSE 1000 (OK) [2 bytes]
2023-03-29 10:45:44,007 - DEBUG - < CLOSE 1000 (OK) [2 bytes]
2023-03-29 10:45:44,015 - DEBUG - = connection is CLOSED
2023-03-29 10:46:00,220 - DEBUG - = connection is CONNECTING
2023-03-29 10:46:00,270 - DEBUG - > GET /ocpp16/ELA007C05/EVSCA050002 HTTP/1.1
2023-03-29 10:46:00,270 - DEBUG - > Host: ws.devevspcharger.uplus.co.kr
2023-03-29 10:46:00,270 - DEBUG - > Upgrade: websocket
2023-03-29 10:46:00,271 - DEBUG - > Connection: Upgrade
2023-03-29 10:46:00,271 - DEBUG - > Sec-WebSocket-Key: EIhdDadrz8q4XSIwgtxY1w==
2023-03-29 10:46:00,271 - DEBUG - > Sec-WebSocket-Version: 13
2023-03-29 10:46:00,271 - DEBUG - > Sec-WebSocket-Extensions: permessage-deflate; client_max_window_bits
2023-03-29 10:46:00,271 - DEBUG - > Sec-WebSocket-Protocol: ocpp1.6
2023-03-29 10:46:00,271 - DEBUG - > Authorization: Basic RVZBUjpFVkFSTEdV
2023-03-29 10:46:00,272 - DEBUG - > User-Agent: Python/3.11 websockets/10.4
2023-03-29 10:46:00,491 - DEBUG - < HTTP/1.1 101 Switching Protocols
2023-03-29 10:46:00,491 - DEBUG - < Connection: upgrade
2023-03-29 10:46:00,492 - DEBUG - < Date: Wed, 29 Mar 2023 01:45:56 GMT
2023-03-29 10:46:00,492 - DEBUG - < sec-websocket-protocol: ocpp1.6
2023-03-29 10:46:00,492 - DEBUG - < upgrade: websocket
2023-03-29 10:46:00,493 - DEBUG - < sec-websocket-accept: q1s8HQxCTywyO+NXIT3kfGzSUYs=
2023-03-29 10:46:00,493 - DEBUG - < sec-websocket-extensions: permessage-deflate
2023-03-29 10:46:00,493 - DEBUG - < X-Cache: Miss from cloudfront
2023-03-29 10:46:00,493 - DEBUG - < Via: 1.1 8e619a006d3eebbe44543457c797a4f0.cloudfront.net (CloudFront)
2023-03-29 10:46:00,493 - DEBUG - < X-Amz-Cf-Pop: ICN57-P2
2023-03-29 10:46:00,493 - DEBUG - < X-Amz-Cf-Id: r72oLcbjLuCqByRFlkd-V7_Std1LJeRXiHCSDB0r_72DQFUHCkuFxw==
2023-03-29 10:46:00,494 - DEBUG - = connection is OPEN
2023-03-29 10:46:00,525 - DEBUG - > TEXT '[2, "d8ff23e5-dd41-49de-8fa2-4e330e2b0a20", "Bo...ePointVendor": "EVAR"}]' [127 bytes]
2023-03-29 10:46:00,741 - DEBUG - < TEXT '[3, "d8ff23e5-dd41-49de-8fa2-4e330e2b0a20", {"s...56Z", "interval": 600}]' [123 bytes]
2023-03-29 10:46:00,809 - DEBUG - Starting new HTTPS connection (1): 8b434254zg.execute-api.ap-northeast-2.amazonaws.com:443
2023-03-29 10:46:01,234 - DEBUG - https://8b434254zg.execute-api.ap-northeast-2.amazonaws.com:443 "POST /dev/ioc HTTP/1.1" 200 217
2023-03-29 10:46:01,299 - DEBUG - < TEXT '[2, "f5f6f76b-47c8-484f-9f38-d79c5bc03e8c", "Re...rvationId": 120533082}]' [172 bytes]
2023-03-29 10:46:01,313 - DEBUG - > TEXT '[3, "f5f6f76b-47c8-484f-9f38-d79c5bc03e8c", {"status": "Accepted"}]' [67 bytes]
2023-03-29 10:46:01,501 - DEBUG - < TEXT '' [0 bytes]
2023-03-29 10:46:01,549 - DEBUG - > TEXT '[2, "0074432d-4cc3-45d5-a386-18e1ea8318c9", "St... "status": "Reserved"}]' [131 bytes]
2023-03-29 10:46:01,744 - DEBUG - < TEXT '[3, "0074432d-4cc3-45d5-a386-18e1ea8318c9", {}]' [47 bytes]
2023-03-29 10:46:01,783 - DEBUG - > TEXT '[2, "30abf041-4b4c-43e1-b83a-8d85bd105d6d", "Au...": "1031040000069641"}]' [87 bytes]
2023-03-29 10:46:02,024 - DEBUG - < TEXT '[3, "30abf041-4b4c-43e1-b83a-8d85bd105d6d", {"i...tus": "ConcurrentTx"}}]' [86 bytes]
2023-03-29 10:46:02,065 - DEBUG - > TEXT '[2, "b859ebfa-d183-435e-9ad7-fcb7e56908c3", "St..."status": "Preparing"}]' [132 bytes]
2023-03-29 10:46:02,238 - DEBUG - < TEXT '[3, "b859ebfa-d183-435e-9ad7-fcb7e56908c3", {}]' [47 bytes]
2023-03-29 10:46:02,282 - DEBUG - > TEXT '[2, "d92c62ab-3c2f-4ca9-9f38-9a3ee7b82574", "St...ervationId": 32131231}]' [197 bytes]
2023-03-29 10:46:02,522 - DEBUG - < TEXT '[4, "d92c62ab-3c2f-4ca9-9f38-9a3ee7b82574", {"e...the requested Action"}]' [187 bytes]
2023-03-29 10:46:02,550 - DEBUG - = connection is CLOSING
2023-03-29 10:46:02,551 - DEBUG - > CLOSE 1000 (OK) [2 bytes]
2023-03-29 10:46:02,559 - DEBUG - < CLOSE 1000 (OK) [2 bytes]
2023-03-29 10:46:02,566 - DEBUG - = connection is CLOSED
2023-03-29 10:46:35,181 - DEBUG - = connection is CONNECTING
2023-03-29 10:46:35,219 - DEBUG - > GET /ocpp16/ELA007C05/EVSCA050002 HTTP/1.1
2023-03-29 10:46:35,219 - DEBUG - > Host: ws.devevspcharger.uplus.co.kr
2023-03-29 10:46:35,219 - DEBUG - > Upgrade: websocket
2023-03-29 10:46:35,220 - DEBUG - > Connection: Upgrade
2023-03-29 10:46:35,220 - DEBUG - > Sec-WebSocket-Key: plVfB+cyFNT8U2coOUTs0Q==
2023-03-29 10:46:35,220 - DEBUG - > Sec-WebSocket-Version: 13
2023-03-29 10:46:35,220 - DEBUG - > Sec-WebSocket-Extensions: permessage-deflate; client_max_window_bits
2023-03-29 10:46:35,220 - DEBUG - > Sec-WebSocket-Protocol: ocpp1.6
2023-03-29 10:46:35,220 - DEBUG - > Authorization: Basic RVZBUjpFVkFSTEdV
2023-03-29 10:46:35,220 - DEBUG - > User-Agent: Python/3.11 websockets/10.4
2023-03-29 10:46:35,431 - DEBUG - < HTTP/1.1 101 Switching Protocols
2023-03-29 10:46:35,431 - DEBUG - < Connection: upgrade
2023-03-29 10:46:35,431 - DEBUG - < Date: Wed, 29 Mar 2023 01:46:31 GMT
2023-03-29 10:46:35,431 - DEBUG - < sec-websocket-protocol: ocpp1.6
2023-03-29 10:46:35,432 - DEBUG - < upgrade: websocket
2023-03-29 10:46:35,432 - DEBUG - < sec-websocket-accept: kyfX9Q2/7DHXBj+aTFAI36CdhnU=
2023-03-29 10:46:35,432 - DEBUG - < sec-websocket-extensions: permessage-deflate
2023-03-29 10:46:35,432 - DEBUG - < X-Cache: Miss from cloudfront
2023-03-29 10:46:35,432 - DEBUG - < Via: 1.1 8e619a006d3eebbe44543457c797a4f0.cloudfront.net (CloudFront)
2023-03-29 10:46:35,432 - DEBUG - < X-Amz-Cf-Pop: ICN57-P2
2023-03-29 10:46:35,432 - DEBUG - < X-Amz-Cf-Id: 3BGFpmMce8oSErGf5vkHnphNS7lBijBCTyU1veZBmK_CIISxIEuCwA==
2023-03-29 10:46:35,433 - DEBUG - = connection is OPEN
2023-03-29 10:46:35,460 - DEBUG - > TEXT '[2, "916affef-5604-4b7b-8d62-b1c06e361452", "Bo...ePointVendor": "EVAR"}]' [127 bytes]
2023-03-29 10:46:35,666 - DEBUG - < TEXT '[3, "916affef-5604-4b7b-8d62-b1c06e361452", {"s...31Z", "interval": 600}]' [123 bytes]
2023-03-29 10:46:35,716 - DEBUG - Starting new HTTPS connection (1): 8b434254zg.execute-api.ap-northeast-2.amazonaws.com:443
2023-03-29 10:46:36,097 - DEBUG - https://8b434254zg.execute-api.ap-northeast-2.amazonaws.com:443 "POST /dev/ioc HTTP/1.1" 200 217
2023-03-29 10:46:36,175 - DEBUG - < TEXT '[2, "eb319419-9808-478f-8146-5ba91d8fa10f", "Re...rvationId": 120533082}]' [172 bytes]
2023-03-29 10:46:36,184 - DEBUG - > TEXT '[3, "eb319419-9808-478f-8146-5ba91d8fa10f", {"status": "Accepted"}]' [67 bytes]
2023-03-29 10:46:36,383 - DEBUG - < TEXT '' [0 bytes]
2023-03-29 10:46:36,430 - DEBUG - > TEXT '[2, "42bf097b-dd7f-4569-90ef-de33546c4f45", "St... "status": "Reserved"}]' [131 bytes]
2023-03-29 10:46:36,602 - DEBUG - < TEXT '[3, "42bf097b-dd7f-4569-90ef-de33546c4f45", {}]' [47 bytes]
2023-03-29 10:46:36,639 - DEBUG - > TEXT '[2, "700a2840-940f-4b78-b7cf-4c306f540a83", "Au...": "1031040000069641"}]' [87 bytes]
2023-03-29 10:46:36,861 - DEBUG - < TEXT '[3, "700a2840-940f-4b78-b7cf-4c306f540a83", {"i...tus": "ConcurrentTx"}}]' [86 bytes]
2023-03-29 10:46:36,929 - DEBUG - > TEXT '[2, "dc3f390d-e134-4f74-bdf3-d371e010c254", "St..."status": "Preparing"}]' [132 bytes]
2023-03-29 10:46:37,125 - DEBUG - < TEXT '[3, "dc3f390d-e134-4f74-bdf3-d371e010c254", {}]' [47 bytes]
2023-03-29 10:46:37,166 - DEBUG - > TEXT '[2, "97313708-86b1-4d4d-8f9a-2cca4aeaec1d", "St...ervationId": 32131231}]' [197 bytes]
2023-03-29 10:46:37,381 - DEBUG - < TEXT '[4, "97313708-86b1-4d4d-8f9a-2cca4aeaec1d", {"e...the requested Action"}]' [187 bytes]
2023-03-29 10:46:37,405 - DEBUG - = connection is CLOSING
2023-03-29 10:46:37,405 - DEBUG - > CLOSE 1000 (OK) [2 bytes]
2023-03-29 10:46:37,413 - DEBUG - < CLOSE 1000 (OK) [2 bytes]
2023-03-29 10:46:37,417 - DEBUG - = connection is CLOSED
2023-03-29 10:48:58,132 - DEBUG - = connection is CONNECTING
2023-03-29 10:48:58,176 - DEBUG - > GET /ocpp16/ELA007C05/EVSCA050002 HTTP/1.1
2023-03-29 10:48:58,177 - DEBUG - > Host: ws.devevspcharger.uplus.co.kr
2023-03-29 10:48:58,177 - DEBUG - > Upgrade: websocket
2023-03-29 10:48:58,177 - DEBUG - > Connection: Upgrade
2023-03-29 10:48:58,178 - DEBUG - > Sec-WebSocket-Key: IJtf6hWrL/FUM5xKc9gGQQ==
2023-03-29 10:48:58,178 - DEBUG - > Sec-WebSocket-Version: 13
2023-03-29 10:48:58,178 - DEBUG - > Sec-WebSocket-Extensions: permessage-deflate; client_max_window_bits
2023-03-29 10:48:58,179 - DEBUG - > Sec-WebSocket-Protocol: ocpp1.6
2023-03-29 10:48:58,179 - DEBUG - > Authorization: Basic RVZBUjpFVkFSTEdV
2023-03-29 10:48:58,180 - DEBUG - > User-Agent: Python/3.11 websockets/10.4
2023-03-29 10:48:58,674 - DEBUG - < HTTP/1.1 101 Switching Protocols
2023-03-29 10:48:58,674 - DEBUG - < Connection: upgrade
2023-03-29 10:48:58,674 - DEBUG - < Date: Wed, 29 Mar 2023 01:48:54 GMT
2023-03-29 10:48:58,674 - DEBUG - < sec-websocket-protocol: ocpp1.6
2023-03-29 10:48:58,674 - DEBUG - < upgrade: websocket
2023-03-29 10:48:58,674 - DEBUG - < sec-websocket-accept: PMNPvlVu4BYkLQX7jvvXMD8LuXM=
2023-03-29 10:48:58,674 - DEBUG - < sec-websocket-extensions: permessage-deflate
2023-03-29 10:48:58,674 - DEBUG - < X-Cache: Miss from cloudfront
2023-03-29 10:48:58,674 - DEBUG - < Via: 1.1 addf940186af6aa7dc864a17e45130c6.cloudfront.net (CloudFront)
2023-03-29 10:48:58,674 - DEBUG - < X-Amz-Cf-Pop: ICN57-P2
2023-03-29 10:48:58,675 - DEBUG - < X-Amz-Cf-Id: ChQ_ZpUXWAemKPlUplRX4WqBJzcMgdjmHIwchXSf84hf5zaSKbPGCg==
2023-03-29 10:48:58,675 - DEBUG - = connection is OPEN
2023-03-29 10:48:58,703 - DEBUG - > TEXT '[2, "828d6686-c25f-4e96-b104-f6fcbb4807b5", "Bo...ePointVendor": "EVAR"}]' [127 bytes]
2023-03-29 10:48:59,084 - DEBUG - < TEXT '[3, "828d6686-c25f-4e96-b104-f6fcbb4807b5", {"s...55Z", "interval": 600}]' [123 bytes]
2023-03-29 10:48:59,194 - DEBUG - Starting new HTTPS connection (1): 8b434254zg.execute-api.ap-northeast-2.amazonaws.com:443
2023-03-29 10:48:59,740 - DEBUG - https://8b434254zg.execute-api.ap-northeast-2.amazonaws.com:443 "POST /dev/ioc HTTP/1.1" 200 217
2023-03-29 10:48:59,765 - DEBUG - < TEXT '[2, "807fd568-d1e4-4e7d-9c57-4a6fda9e0312", "Re...rvationId": 120533082}]' [172 bytes]
2023-03-29 10:48:59,769 - DEBUG - > TEXT '[3, "807fd568-d1e4-4e7d-9c57-4a6fda9e0312", {"status": "Accepted"}]' [67 bytes]
2023-03-29 10:48:59,982 - DEBUG - < TEXT '' [0 bytes]
2023-03-29 10:49:00,006 - DEBUG - > TEXT '[2, "828d6686-c25f-4e96-b104-f6fcbb4807b5", "St... "status": "Reserved"}]' [131 bytes]
2023-03-29 10:49:00,183 - DEBUG - < TEXT '[3, "828d6686-c25f-4e96-b104-f6fcbb4807b5", {}]' [47 bytes]
2023-03-29 10:49:00,226 - DEBUG - > TEXT '[2, "828d6686-c25f-4e96-b104-f6fcbb4807b5", "Au...": "1031040000069641"}]' [87 bytes]
2023-03-29 10:49:00,445 - DEBUG - < TEXT '[3, "828d6686-c25f-4e96-b104-f6fcbb4807b5", {"i...tus": "ConcurrentTx"}}]' [86 bytes]
2023-03-29 10:49:00,485 - DEBUG - > TEXT '[2, "9a0f9463-81f2-412d-991d-67f5c0fd4f79", "St..."status": "Preparing"}]' [132 bytes]
2023-03-29 10:49:00,662 - DEBUG - < TEXT '[3, "9a0f9463-81f2-412d-991d-67f5c0fd4f79", {}]' [47 bytes]
2023-03-29 10:49:00,709 - DEBUG - > TEXT '[2, "5c6d6391-056a-46e9-a534-36791e810df8", "St...rvationId": 120533082}]' [198 bytes]
2023-03-29 10:49:01,002 - DEBUG - < TEXT '[3, "5c6d6391-056a-46e9-a534-36791e810df8", {"t...tus": "ConcurrentTx"}}]' [114 bytes]
2023-03-29 10:49:01,048 - DEBUG - > TEXT '[2, "458e1880-f11d-40b4-98f9-554a3c58093a", "St... "status": "Charging"}]' [131 bytes]
2023-03-29 10:49:01,225 - DEBUG - < TEXT '[3, "458e1880-f11d-40b4-98f9-554a3c58093a", {}]' [47 bytes]
2023-03-29 10:49:01,260 - DEBUG - = connection is CLOSING
2023-03-29 10:49:01,260 - DEBUG - > CLOSE 1000 (OK) [2 bytes]
2023-03-29 10:49:01,269 - DEBUG - < CLOSE 1000 (OK) [2 bytes]
2023-03-29 10:49:01,278 - DEBUG - = connection is CLOSED
2023-03-29 10:49:11,446 - DEBUG - = connection is CONNECTING
2023-03-29 10:49:11,479 - DEBUG - > GET /ocpp16/ELA007C05/EVSCA050002 HTTP/1.1
2023-03-29 10:49:11,480 - DEBUG - > Host: ws.devevspcharger.uplus.co.kr
2023-03-29 10:49:11,480 - DEBUG - > Upgrade: websocket
2023-03-29 10:49:11,480 - DEBUG - > Connection: Upgrade
2023-03-29 10:49:11,481 - DEBUG - > Sec-WebSocket-Key: Ozzwe12VgBZ7m3BJI0KJgA==
2023-03-29 10:49:11,481 - DEBUG - > Sec-WebSocket-Version: 13
2023-03-29 10:49:11,481 - DEBUG - > Sec-WebSocket-Extensions: permessage-deflate; client_max_window_bits
2023-03-29 10:49:11,481 - DEBUG - > Sec-WebSocket-Protocol: ocpp1.6
2023-03-29 10:49:11,481 - DEBUG - > Authorization: Basic RVZBUjpFVkFSTEdV
2023-03-29 10:49:11,481 - DEBUG - > User-Agent: Python/3.11 websockets/10.4
2023-03-29 10:49:11,714 - DEBUG - < HTTP/1.1 101 Switching Protocols
2023-03-29 10:49:11,714 - DEBUG - < Connection: upgrade
2023-03-29 10:49:11,714 - DEBUG - < Date: Wed, 29 Mar 2023 01:49:07 GMT
2023-03-29 10:49:11,715 - DEBUG - < sec-websocket-protocol: ocpp1.6
2023-03-29 10:49:11,715 - DEBUG - < upgrade: websocket
2023-03-29 10:49:11,715 - DEBUG - < sec-websocket-accept: 7Sxq/hN68TAbTASEGsTYXRrwZ+c=
2023-03-29 10:49:11,715 - DEBUG - < sec-websocket-extensions: permessage-deflate
2023-03-29 10:49:11,715 - DEBUG - < X-Cache: Miss from cloudfront
2023-03-29 10:49:11,715 - DEBUG - < Via: 1.1 b92faae7242f31be9bfc0ec3d134dfce.cloudfront.net (CloudFront)
2023-03-29 10:49:11,715 - DEBUG - < X-Amz-Cf-Pop: ICN57-P2
2023-03-29 10:49:11,716 - DEBUG - < X-Amz-Cf-Id: XMNxWjEmjjP9sJzpD-3Y1ekaZ7q3V0QOe5i-qNyiTnvh0iLDbtZHfQ==
2023-03-29 10:49:11,716 - DEBUG - = connection is OPEN
2023-03-29 10:49:11,752 - DEBUG - > TEXT '[2, "7be6e4ef-d256-4ea6-95a4-ee5d5d015e4e", "Bo...ePointVendor": "EVAR"}]' [127 bytes]
2023-03-29 10:49:11,997 - DEBUG - < TEXT '[3, "7be6e4ef-d256-4ea6-95a4-ee5d5d015e4e", {"s...08Z", "interval": 600}]' [123 bytes]
2023-03-29 10:49:12,035 - DEBUG - Starting new HTTPS connection (1): 8b434254zg.execute-api.ap-northeast-2.amazonaws.com:443
2023-03-29 10:49:12,443 - DEBUG - https://8b434254zg.execute-api.ap-northeast-2.amazonaws.com:443 "POST /dev/ioc HTTP/1.1" 200 215
2023-03-29 10:49:12,488 - DEBUG - < TEXT '[2, "7ecd48d6-c48d-45c7-806f-21a9dc64100f", "Re...servationId": 3213123}]' [170 bytes]
2023-03-29 10:49:12,493 - DEBUG - > TEXT '[3, "7ecd48d6-c48d-45c7-806f-21a9dc64100f", {"status": "Accepted"}]' [67 bytes]
2023-03-29 10:49:12,685 - DEBUG - < TEXT '' [0 bytes]
2023-03-29 10:49:12,728 - DEBUG - > TEXT '[2, "f08ad49d-549c-4f09-9de1-418e546a417c", "St... "status": "Reserved"}]' [131 bytes]
2023-03-29 10:49:12,906 - DEBUG - < TEXT '[3, "f08ad49d-549c-4f09-9de1-418e546a417c", {}]' [47 bytes]
2023-03-29 10:49:12,950 - DEBUG - > TEXT '[2, "b41d1720-8ff0-4103-8cf4-cbe7bebf6bcb", "Au...": "1031040000069641"}]' [87 bytes]
2023-03-29 10:49:13,185 - DEBUG - < TEXT '[3, "b41d1720-8ff0-4103-8cf4-cbe7bebf6bcb", {"i...tus": "ConcurrentTx"}}]' [86 bytes]
2023-03-29 10:49:13,217 - DEBUG - > TEXT '[2, "33c47504-a46c-47da-a900-4953eaa58cc9", "St..."status": "Preparing"}]' [132 bytes]
2023-03-29 10:49:13,411 - DEBUG - < TEXT '[3, "33c47504-a46c-47da-a900-4953eaa58cc9", {}]' [47 bytes]
2023-03-29 10:49:13,454 - DEBUG - > TEXT '[2, "0348bfbb-e310-4ab3-91ff-473b2ec62c2d", "St...rvationId": 120533082}]' [198 bytes]
2023-03-29 10:49:13,724 - DEBUG - < TEXT '[3, "0348bfbb-e310-4ab3-91ff-473b2ec62c2d", {"t...tus": "ConcurrentTx"}}]' [114 bytes]
2023-03-29 10:49:13,777 - DEBUG - > TEXT '[2, "3b4ed4bb-768c-4461-ab1f-8131be0ffd83", "St... "status": "Charging"}]' [131 bytes]
2023-03-29 10:49:13,985 - DEBUG - < TEXT '[3, "3b4ed4bb-768c-4461-ab1f-8131be0ffd83", {}]' [47 bytes]
2023-03-29 10:49:14,026 - DEBUG - = connection is CLOSING
2023-03-29 10:49:14,027 - DEBUG - > CLOSE 1000 (OK) [2 bytes]
2023-03-29 10:49:14,036 - DEBUG - < CLOSE 1000 (OK) [2 bytes]
2023-03-29 10:49:14,049 - DEBUG - = connection is CLOSED
2023-03-29 10:49:18,305 - DEBUG - = connection is CONNECTING
2023-03-29 10:49:18,350 - DEBUG - > GET /ocpp16/ELA007C05/EVSCA050002 HTTP/1.1
2023-03-29 10:49:18,350 - DEBUG - > Host: ws.devevspcharger.uplus.co.kr
2023-03-29 10:49:18,350 - DEBUG - > Upgrade: websocket
2023-03-29 10:49:18,351 - DEBUG - > Connection: Upgrade
2023-03-29 10:49:18,351 - DEBUG - > Sec-WebSocket-Key: yH8HWGB+xdNAy/8Sh4Ddpg==
2023-03-29 10:49:18,351 - DEBUG - > Sec-WebSocket-Version: 13
2023-03-29 10:49:18,351 - DEBUG - > Sec-WebSocket-Extensions: permessage-deflate; client_max_window_bits
2023-03-29 10:49:18,351 - DEBUG - > Sec-WebSocket-Protocol: ocpp1.6
2023-03-29 10:49:18,351 - DEBUG - > Authorization: Basic RVZBUjpFVkFSTEdV
2023-03-29 10:49:18,351 - DEBUG - > User-Agent: Python/3.11 websockets/10.4
2023-03-29 10:49:18,614 - DEBUG - < HTTP/1.1 101 Switching Protocols
2023-03-29 10:49:18,614 - DEBUG - < Connection: upgrade
2023-03-29 10:49:18,615 - DEBUG - < Date: Wed, 29 Mar 2023 01:49:14 GMT
2023-03-29 10:49:18,615 - DEBUG - < sec-websocket-protocol: ocpp1.6
2023-03-29 10:49:18,615 - DEBUG - < upgrade: websocket
2023-03-29 10:49:18,615 - DEBUG - < sec-websocket-accept: kg/T1+lFGysEwBCjs8KmTDBVl+8=
2023-03-29 10:49:18,615 - DEBUG - < sec-websocket-extensions: permessage-deflate
2023-03-29 10:49:18,615 - DEBUG - < X-Cache: Miss from cloudfront
2023-03-29 10:49:18,615 - DEBUG - < Via: 1.1 bab1895e0b0b8d2cc8c02eee5d24db78.cloudfront.net (CloudFront)
2023-03-29 10:49:18,616 - DEBUG - < X-Amz-Cf-Pop: ICN57-P2
2023-03-29 10:49:18,616 - DEBUG - < X-Amz-Cf-Id: SGUKCua18IUzNOfHAQBm3Qcc65fnExnNvR8y6gY-UnQRkZJIYk32pQ==
2023-03-29 10:49:18,616 - DEBUG - = connection is OPEN
2023-03-29 10:49:18,642 - DEBUG - > TEXT '[2, "3734c1ef-7ee0-4f8e-96af-a6413a54de4e", "Bo...ePointVendor": "EVAR"}]' [127 bytes]
2023-03-29 10:49:18,887 - DEBUG - < TEXT '[3, "3734c1ef-7ee0-4f8e-96af-a6413a54de4e", {"s...15Z", "interval": 600}]' [123 bytes]
2023-03-29 10:49:18,930 - DEBUG - Starting new HTTPS connection (1): 8b434254zg.execute-api.ap-northeast-2.amazonaws.com:443
2023-03-29 10:49:19,332 - DEBUG - https://8b434254zg.execute-api.ap-northeast-2.amazonaws.com:443 "POST /dev/ioc HTTP/1.1" 200 217
2023-03-29 10:49:19,377 - DEBUG - < TEXT '[2, "f0c8eee2-51d8-4bd6-9686-002c3b1df8df", "Re...rvationId": 120533082}]' [172 bytes]
2023-03-29 10:49:19,385 - DEBUG - > TEXT '[3, "f0c8eee2-51d8-4bd6-9686-002c3b1df8df", {"status": "Rejected"}]' [67 bytes]
2023-03-29 10:49:19,563 - DEBUG - < TEXT '' [0 bytes]
2023-03-29 10:49:19,569 - DEBUG - = connection is CLOSING
2023-03-29 10:49:19,570 - DEBUG - > CLOSE 1000 (OK) [2 bytes]
2023-03-29 10:49:19,592 - DEBUG - < CLOSE 1000 (OK) [2 bytes]
2023-03-29 10:49:19,595 - DEBUG - = connection is CLOSED
2023-03-29 10:49:23,051 - DEBUG - = connection is CONNECTING
2023-03-29 10:49:23,105 - DEBUG - > GET /ocpp16/ELA007C05/EVSCA050002 HTTP/1.1
2023-03-29 10:49:23,105 - DEBUG - > Host: ws.devevspcharger.uplus.co.kr
2023-03-29 10:49:23,105 - DEBUG - > Upgrade: websocket
2023-03-29 10:49:23,106 - DEBUG - > Connection: Upgrade
2023-03-29 10:49:23,106 - DEBUG - > Sec-WebSocket-Key: zRX2/9MNOfeRq4sZTPgttw==
2023-03-29 10:49:23,106 - DEBUG - > Sec-WebSocket-Version: 13
2023-03-29 10:49:23,106 - DEBUG - > Sec-WebSocket-Extensions: permessage-deflate; client_max_window_bits
2023-03-29 10:49:23,107 - DEBUG - > Sec-WebSocket-Protocol: ocpp1.6
2023-03-29 10:49:23,107 - DEBUG - > Authorization: Basic RVZBUjpFVkFSTEdV
2023-03-29 10:49:23,108 - DEBUG - > User-Agent: Python/3.11 websockets/10.4
2023-03-29 10:49:23,415 - DEBUG - < HTTP/1.1 101 Switching Protocols
2023-03-29 10:49:23,415 - DEBUG - < Connection: upgrade
2023-03-29 10:49:23,416 - DEBUG - < Date: Wed, 29 Mar 2023 01:49:19 GMT
2023-03-29 10:49:23,416 - DEBUG - < sec-websocket-protocol: ocpp1.6
2023-03-29 10:49:23,416 - DEBUG - < upgrade: websocket
2023-03-29 10:49:23,417 - DEBUG - < sec-websocket-accept: 04hziGj3L47FcagBTnr4WNDhtZs=
2023-03-29 10:49:23,417 - DEBUG - < sec-websocket-extensions: permessage-deflate
2023-03-29 10:49:23,417 - DEBUG - < X-Cache: Miss from cloudfront
2023-03-29 10:49:23,417 - DEBUG - < Via: 1.1 8e619a006d3eebbe44543457c797a4f0.cloudfront.net (CloudFront)
2023-03-29 10:49:23,417 - DEBUG - < X-Amz-Cf-Pop: ICN57-P2
2023-03-29 10:49:23,417 - DEBUG - < X-Amz-Cf-Id: QA70W0j4rxGS9byWf9BvfgmfKYzewpeZKSsjZ0OAZGVgo4-SJdVdIA==
2023-03-29 10:49:23,418 - DEBUG - = connection is OPEN
2023-03-29 10:49:23,464 - DEBUG - > TEXT '[2, "77f8f595-b78b-498d-b3dc-9bb645ea077e", "Bo...ePointVendor": "EVAR"}]' [127 bytes]
2023-03-29 10:49:23,723 - DEBUG - < TEXT '[3, "77f8f595-b78b-498d-b3dc-9bb645ea077e", {"s...19Z", "interval": 600}]' [123 bytes]
2023-03-29 10:49:23,763 - DEBUG - Starting new HTTPS connection (1): 8b434254zg.execute-api.ap-northeast-2.amazonaws.com:443
2023-03-29 10:49:24,223 - DEBUG - https://8b434254zg.execute-api.ap-northeast-2.amazonaws.com:443 "POST /dev/ioc HTTP/1.1" 200 217
2023-03-29 10:49:24,270 - DEBUG - < TEXT '[2, "2baee34f-4484-4a64-9e6e-a6b316d7c656", "Re...rvationId": 120533082}]' [172 bytes]
2023-03-29 10:49:24,277 - DEBUG - > TEXT '[3, "2baee34f-4484-4a64-9e6e-a6b316d7c656", {"status": "Reserved"}]' [67 bytes]
2023-03-29 10:49:24,471 - DEBUG - < TEXT '' [0 bytes]
2023-03-29 10:49:24,477 - DEBUG - = connection is CLOSING
2023-03-29 10:49:24,477 - DEBUG - > CLOSE 1000 (OK) [2 bytes]
2023-03-29 10:49:24,491 - DEBUG - < CLOSE 1000 (OK) [2 bytes]
2023-03-29 10:49:24,497 - DEBUG - = connection is CLOSED
2023-03-29 10:49:28,662 - DEBUG - = connection is CONNECTING
2023-03-29 10:49:28,695 - DEBUG - > GET /ocpp16/ELA007C05/EVSCA050002 HTTP/1.1
2023-03-29 10:49:28,696 - DEBUG - > Host: ws.devevspcharger.uplus.co.kr
2023-03-29 10:49:28,696 - DEBUG - > Upgrade: websocket
2023-03-29 10:49:28,696 - DEBUG - > Connection: Upgrade
2023-03-29 10:49:28,696 - DEBUG - > Sec-WebSocket-Key: vcKBKJ32FPJyINjGisBl7A==
2023-03-29 10:49:28,696 - DEBUG - > Sec-WebSocket-Version: 13
2023-03-29 10:49:28,696 - DEBUG - > Sec-WebSocket-Extensions: permessage-deflate; client_max_window_bits
2023-03-29 10:49:28,696 - DEBUG - > Sec-WebSocket-Protocol: ocpp1.6
2023-03-29 10:49:28,696 - DEBUG - > Authorization: Basic RVZBUjpFVkFSTEdV
2023-03-29 10:49:28,697 - DEBUG - > User-Agent: Python/3.11 websockets/10.4
2023-03-29 10:49:28,896 - DEBUG - < HTTP/1.1 101 Switching Protocols
2023-03-29 10:49:28,896 - DEBUG - < Connection: upgrade
2023-03-29 10:49:28,896 - DEBUG - < Date: Wed, 29 Mar 2023 01:49:25 GMT
2023-03-29 10:49:28,897 - DEBUG - < sec-websocket-protocol: ocpp1.6
2023-03-29 10:49:28,897 - DEBUG - < upgrade: websocket
2023-03-29 10:49:28,897 - DEBUG - < sec-websocket-accept: 8/R/Q5cblD/DkiVjfgh8Ep5hPOs=
2023-03-29 10:49:28,897 - DEBUG - < sec-websocket-extensions: permessage-deflate
2023-03-29 10:49:28,897 - DEBUG - < X-Cache: Miss from cloudfront
2023-03-29 10:49:28,897 - DEBUG - < Via: 1.1 addf940186af6aa7dc864a17e45130c6.cloudfront.net (CloudFront)
2023-03-29 10:49:28,897 - DEBUG - < X-Amz-Cf-Pop: ICN57-P2
2023-03-29 10:49:28,897 - DEBUG - < X-Amz-Cf-Id: mxwID10Rw2ESlnZ61Af6t1Mj7B0DL8nicXBQsLf7xZBdaH91wnltmw==
2023-03-29 10:49:28,897 - DEBUG - = connection is OPEN
2023-03-29 10:49:28,932 - DEBUG - > TEXT '[2, "7b79e1ab-918d-4fca-8abd-f59d8065461d", "Bo...ePointVendor": "EVAR"}]' [127 bytes]
2023-03-29 10:49:29,146 - DEBUG - < TEXT '[3, "7b79e1ab-918d-4fca-8abd-f59d8065461d", {"s...25Z", "interval": 600}]' [123 bytes]
2023-03-29 10:49:29,193 - DEBUG - Starting new HTTPS connection (1): 8b434254zg.execute-api.ap-northeast-2.amazonaws.com:443
2023-03-29 10:49:29,599 - DEBUG - https://8b434254zg.execute-api.ap-northeast-2.amazonaws.com:443 "POST /dev/ioc HTTP/1.1" 200 217
2023-03-29 10:49:29,641 - DEBUG - < TEXT '[2, "1cc91dd1-d157-499f-8f28-b5ee64a092e3", "Re...rvationId": 120533082}]' [172 bytes]
2023-03-29 10:49:29,647 - DEBUG - > TEXT '[3, "1cc91dd1-d157-499f-8f28-b5ee64a092e3", {"status": "Accepted"}]' [67 bytes]
2023-03-29 10:49:29,827 - DEBUG - < TEXT '' [0 bytes]
2023-03-29 10:49:29,864 - DEBUG - > TEXT '[2, "11cd520e-8f68-421a-8dd9-b818fe35ada8", "St... "status": "Reserved"}]' [131 bytes]
2023-03-29 10:49:30,044 - DEBUG - < TEXT '[3, "11cd520e-8f68-421a-8dd9-b818fe35ada8", {}]' [47 bytes]
2023-03-29 10:49:30,084 - DEBUG - Starting new HTTPS connection (1): 8b434254zg.execute-api.ap-northeast-2.amazonaws.com:443
2023-03-29 10:49:30,441 - DEBUG - https://8b434254zg.execute-api.ap-northeast-2.amazonaws.com:443 "POST /dev/ioc HTTP/1.1" 200 77
2023-03-29 10:49:48,895 - DEBUG - % sending keepalive ping
2023-03-29 10:49:48,895 - DEBUG - > PING fa e8 70 bb [binary, 4 bytes]
2023-03-29 10:49:48,904 - DEBUG - < PONG fa e8 70 bb [binary, 4 bytes]
2023-03-29 10:49:48,911 - DEBUG - % received keepalive pong
2023-03-29 10:50:08,911 - DEBUG - % sending keepalive ping
2023-03-29 10:50:08,912 - DEBUG - > PING 9b 33 fc 1f [binary, 4 bytes]
2023-03-29 10:50:08,921 - DEBUG - < PONG 9b 33 fc 1f [binary, 4 bytes]
2023-03-29 10:50:08,926 - DEBUG - % received keepalive pong
2023-03-29 10:50:28,918 - DEBUG - % sending keepalive ping
2023-03-29 10:50:28,918 - DEBUG - > PING 23 5c f7 f0 [binary, 4 bytes]
2023-03-29 10:50:28,927 - DEBUG - < PONG 23 5c f7 f0 [binary, 4 bytes]
2023-03-29 10:50:28,932 - DEBUG - % received keepalive pong
2023-03-29 10:50:48,934 - DEBUG - % sending keepalive ping
2023-03-29 10:50:48,934 - DEBUG - > PING 6f 96 74 59 [binary, 4 bytes]
2023-03-29 10:50:48,946 - DEBUG - < PONG 6f 96 74 59 [binary, 4 bytes]
2023-03-29 10:50:48,959 - DEBUG - % received keepalive pong
2023-03-29 10:50:55,803 - DEBUG - = connection is CONNECTING
2023-03-29 10:50:55,870 - DEBUG - > GET /ocpp16/ELA007C05/EVSCA050002 HTTP/1.1
2023-03-29 10:50:55,870 - DEBUG - > Host: ws.devevspcharger.uplus.co.kr
2023-03-29 10:50:55,871 - DEBUG - > Upgrade: websocket
2023-03-29 10:50:55,871 - DEBUG - > Connection: Upgrade
2023-03-29 10:50:55,872 - DEBUG - > Sec-WebSocket-Key: Q6io+C+00ftbQle9CTDncA==
2023-03-29 10:50:55,872 - DEBUG - > Sec-WebSocket-Version: 13
2023-03-29 10:50:55,872 - DEBUG - > Sec-WebSocket-Extensions: permessage-deflate; client_max_window_bits
2023-03-29 10:50:55,872 - DEBUG - > Sec-WebSocket-Protocol: ocpp1.6
2023-03-29 10:50:55,872 - DEBUG - > Authorization: Basic RVZBUjpFVkFSTEdV
2023-03-29 10:50:55,872 - DEBUG - > User-Agent: Python/3.11 websockets/10.4
2023-03-29 10:50:56,435 - DEBUG - < HTTP/1.1 101 Switching Protocols
2023-03-29 10:50:56,436 - DEBUG - < Connection: upgrade
2023-03-29 10:50:56,436 - DEBUG - < Date: Wed, 29 Mar 2023 01:50:52 GMT
2023-03-29 10:50:56,436 - DEBUG - < sec-websocket-protocol: ocpp1.6
2023-03-29 10:50:56,437 - DEBUG - < upgrade: websocket
2023-03-29 10:50:56,437 - DEBUG - < sec-websocket-accept: KjfrebQKky4akhQxFjlqIHBUIW8=
2023-03-29 10:50:56,437 - DEBUG - < sec-websocket-extensions: permessage-deflate
2023-03-29 10:50:56,437 - DEBUG - < X-Cache: Miss from cloudfront
2023-03-29 10:50:56,438 - DEBUG - < Via: 1.1 0deed69f96030eea747cb7bfcfd21562.cloudfront.net (CloudFront)
2023-03-29 10:50:56,438 - DEBUG - < X-Amz-Cf-Pop: ICN57-P2
2023-03-29 10:50:56,438 - DEBUG - < X-Amz-Cf-Id: mWUWkAmfjGc6zn950zBe476rkSRyAFlH7A6fDivAb00rlGJ9LjsPvQ==
2023-03-29 10:50:56,439 - DEBUG - = connection is OPEN
2023-03-29 10:50:56,500 - DEBUG - > TEXT '[2, "f4fbf8ce-9f95-4409-bda3-fa7fc83c3548", "Bo...ePointVendor": "EVAR"}]' [127 bytes]
2023-03-29 10:50:56,903 - DEBUG - < TEXT '[3, "f4fbf8ce-9f95-4409-bda3-fa7fc83c3548", {"s...53Z", "interval": 600}]' [123 bytes]
2023-03-29 10:50:56,932 - DEBUG - Starting new HTTPS connection (1): 8b434254zg.execute-api.ap-northeast-2.amazonaws.com:443
2023-03-29 10:50:57,581 - DEBUG - https://8b434254zg.execute-api.ap-northeast-2.amazonaws.com:443 "POST /dev/ioc HTTP/1.1" 200 217
2023-03-29 10:50:57,632 - DEBUG - < TEXT '[2, "f09db92e-cfb2-413b-a61b-524b61a13adf", "Re...rvationId": 120533082}]' [172 bytes]
2023-03-29 10:50:57,642 - DEBUG - > TEXT '[3, "f09db92e-cfb2-413b-a61b-524b61a13adf", {"status": "Accepted"}]' [67 bytes]
2023-03-29 10:50:57,857 - DEBUG - < TEXT '' [0 bytes]
2023-03-29 10:50:57,891 - DEBUG - > TEXT '[2, "d0ec0674-34f7-4a76-8ec9-766e37985a2d", "St... "status": "Reserved"}]' [131 bytes]
2023-03-29 10:50:58,103 - DEBUG - < TEXT '[3, "d0ec0674-34f7-4a76-8ec9-766e37985a2d", {}]' [47 bytes]
2023-03-29 10:50:58,144 - DEBUG - Starting new HTTPS connection (1): 8b434254zg.execute-api.ap-northeast-2.amazonaws.com:443
2023-03-29 10:50:58,501 - DEBUG - https://8b434254zg.execute-api.ap-northeast-2.amazonaws.com:443 "POST /dev/ioc HTTP/1.1" 200 77
2023-03-29 10:51:08,947 - DEBUG - % sending keepalive ping
2023-03-29 10:51:08,947 - DEBUG - > PING cd 53 5f cc [binary, 4 bytes]
2023-03-29 10:51:08,956 - DEBUG - < PONG cd 53 5f cc [binary, 4 bytes]
2023-03-29 10:51:08,959 - DEBUG - % received keepalive pong
2023-03-29 10:51:16,437 - DEBUG - % sending keepalive ping
2023-03-29 10:51:16,437 - DEBUG - > PING 91 4b cb fe [binary, 4 bytes]
2023-03-29 10:51:16,444 - DEBUG - < PONG 91 4b cb fe [binary, 4 bytes]
2023-03-29 10:51:16,448 - DEBUG - % received keepalive pong
2023-03-29 10:51:21,931 - DEBUG - Starting new HTTPS connection (1): 8b434254zg.execute-api.ap-northeast-2.amazonaws.com:443
2023-03-29 10:51:22,281 - DEBUG - https://8b434254zg.execute-api.ap-northeast-2.amazonaws.com:443 "POST /dev/ioc HTTP/1.1" 200 77
2023-03-29 10:51:28,948 - DEBUG - % sending keepalive ping
2023-03-29 10:51:28,948 - DEBUG - > PING fc 3e b5 52 [binary, 4 bytes]
2023-03-29 10:51:28,957 - DEBUG - < PONG fc 3e b5 52 [binary, 4 bytes]
2023-03-29 10:51:28,960 - DEBUG - % received keepalive pong
2023-03-29 10:51:36,446 - DEBUG - % sending keepalive ping
2023-03-29 10:51:36,447 - DEBUG - > PING a9 d7 35 dc [binary, 4 bytes]
2023-03-29 10:51:36,453 - DEBUG - < PONG a9 d7 35 dc [binary, 4 bytes]
2023-03-29 10:51:36,456 - DEBUG - % received keepalive pong
2023-03-29 10:51:48,944 - DEBUG - % sending keepalive ping
2023-03-29 10:51:48,944 - DEBUG - > PING 2b a6 a7 48 [binary, 4 bytes]
2023-03-29 10:51:48,954 - DEBUG - < PONG 2b a6 a7 48 [binary, 4 bytes]
2023-03-29 10:51:48,956 - DEBUG - % received keepalive pong
2023-03-29 10:51:56,444 - DEBUG - % sending keepalive ping
2023-03-29 10:51:56,445 - DEBUG - > PING 88 8c 5a 73 [binary, 4 bytes]
2023-03-29 10:51:56,451 - DEBUG - < PONG 88 8c 5a 73 [binary, 4 bytes]
2023-03-29 10:51:56,454 - DEBUG - % received keepalive pong
2023-03-29 10:52:08,939 - DEBUG - % sending keepalive ping
2023-03-29 10:52:08,940 - DEBUG - > PING 1d 04 b9 17 [binary, 4 bytes]
2023-03-29 10:52:08,952 - DEBUG - < PONG 1d 04 b9 17 [binary, 4 bytes]
2023-03-29 10:52:08,959 - DEBUG - % received keepalive pong
2023-03-29 10:52:16,443 - DEBUG - % sending keepalive ping
2023-03-29 10:52:16,443 - DEBUG - > PING e6 25 b8 67 [binary, 4 bytes]
2023-03-29 10:52:16,456 - DEBUG - < PONG e6 25 b8 67 [binary, 4 bytes]
2023-03-29 10:52:16,459 - DEBUG - % received keepalive pong
2023-03-29 10:52:28,941 - DEBUG - % sending keepalive ping
2023-03-29 10:52:28,941 - DEBUG - > PING 7d c1 d0 bb [binary, 4 bytes]
2023-03-29 10:52:28,951 - DEBUG - < PONG 7d c1 d0 bb [binary, 4 bytes]
2023-03-29 10:52:28,958 - DEBUG - % received keepalive pong
2023-03-29 10:52:36,460 - DEBUG - % sending keepalive ping
2023-03-29 10:52:36,460 - DEBUG - > PING 27 de 0c e1 [binary, 4 bytes]
2023-03-29 10:52:36,468 - DEBUG - < PONG 27 de 0c e1 [binary, 4 bytes]
2023-03-29 10:52:36,470 - DEBUG - % received keepalive pong
2023-03-29 10:52:48,936 - DEBUG - % sending keepalive ping
2023-03-29 10:52:48,936 - DEBUG - > PING 8f 3e d5 30 [binary, 4 bytes]
2023-03-29 10:52:48,946 - DEBUG - < PONG 8f 3e d5 30 [binary, 4 bytes]
2023-03-29 10:52:48,950 - DEBUG - % received keepalive pong
2023-03-29 10:52:56,468 - DEBUG - % sending keepalive ping
2023-03-29 10:52:56,468 - DEBUG - > PING 1a 13 fb a5 [binary, 4 bytes]
2023-03-29 10:52:56,476 - DEBUG - < PONG 1a 13 fb a5 [binary, 4 bytes]
2023-03-29 10:52:56,481 - DEBUG - % received keepalive pong
2023-03-29 10:53:08,939 - DEBUG - % sending keepalive ping
2023-03-29 10:53:08,939 - DEBUG - > PING 60 1a 41 ad [binary, 4 bytes]
2023-03-29 10:53:08,949 - DEBUG - < PONG 60 1a 41 ad [binary, 4 bytes]
2023-03-29 10:53:08,957 - DEBUG - % received keepalive pong
2023-03-29 10:53:16,472 - DEBUG - % sending keepalive ping
2023-03-29 10:53:16,473 - DEBUG - > PING f3 21 92 22 [binary, 4 bytes]
2023-03-29 10:53:16,489 - DEBUG - < PONG f3 21 92 22 [binary, 4 bytes]
2023-03-29 10:53:16,493 - DEBUG - % received keepalive pong
2023-03-29 10:53:20,439 - DEBUG - = connection is CONNECTING
2023-03-29 10:53:20,473 - DEBUG - > GET /ocpp16/ELA007C05/EVSCA050002 HTTP/1.1
2023-03-29 10:53:20,474 - DEBUG - > Host: ws.devevspcharger.uplus.co.kr
2023-03-29 10:53:20,474 - DEBUG - > Upgrade: websocket
2023-03-29 10:53:20,474 - DEBUG - > Connection: Upgrade
2023-03-29 10:53:20,474 - DEBUG - > Sec-WebSocket-Key: KhP1eBFEELFHBpQK6VH2ng==
2023-03-29 10:53:20,474 - DEBUG - > Sec-WebSocket-Version: 13
2023-03-29 10:53:20,474 - DEBUG - > Sec-WebSocket-Extensions: permessage-deflate; client_max_window_bits
2023-03-29 10:53:20,474 - DEBUG - > Sec-WebSocket-Protocol: ocpp1.6
2023-03-29 10:53:20,478 - DEBUG - > Authorization: Basic RVZBUjpFVkFSTEdV
2023-03-29 10:53:20,478 - DEBUG - > User-Agent: Python/3.11 websockets/10.4
2023-03-29 10:53:20,996 - DEBUG - < HTTP/1.1 101 Switching Protocols
2023-03-29 10:53:20,996 - DEBUG - < Connection: upgrade
2023-03-29 10:53:20,997 - DEBUG - < Date: Wed, 29 Mar 2023 01:53:17 GMT
2023-03-29 10:53:20,997 - DEBUG - < sec-websocket-protocol: ocpp1.6
2023-03-29 10:53:20,997 - DEBUG - < upgrade: websocket
2023-03-29 10:53:20,998 - DEBUG - < sec-websocket-accept: ohKpQKu2Us9SWdoLbqiugab0ye0=
2023-03-29 10:53:20,998 - DEBUG - < sec-websocket-extensions: permessage-deflate
2023-03-29 10:53:20,998 - DEBUG - < X-Cache: Miss from cloudfront
2023-03-29 10:53:20,998 - DEBUG - < Via: 1.1 623f9f4dd2fef338f4704e13bada95c8.cloudfront.net (CloudFront)
2023-03-29 10:53:20,999 - DEBUG - < X-Amz-Cf-Pop: ICN57-P2
2023-03-29 10:53:20,999 - DEBUG - < X-Amz-Cf-Id: U0kIC2G69qUg7ql3AOhp8AxGgQSP9th3ff8PdNsmGCRv3qSoJREKFA==
2023-03-29 10:53:20,999 - DEBUG - = connection is OPEN
2023-03-29 10:53:21,056 - DEBUG - > TEXT '[2, "e59d6577-9874-4f18-86da-054fdfef56a2", "Bo...ePointVendor": "EVAR"}]' [127 bytes]
2023-03-29 10:53:21,386 - DEBUG - < TEXT '[3, "e59d6577-9874-4f18-86da-054fdfef56a2", {"s...17Z", "interval": 600}]' [123 bytes]
2023-03-29 10:53:21,435 - DEBUG - Starting new HTTPS connection (1): 8b434254zg.execute-api.ap-northeast-2.amazonaws.com:443
2023-03-29 10:53:22,003 - DEBUG - https://8b434254zg.execute-api.ap-northeast-2.amazonaws.com:443 "POST /dev/ioc HTTP/1.1" 200 217
2023-03-29 10:53:22,049 - DEBUG - < TEXT '[2, "fc6694a3-fe70-4ad6-a4ee-e27e8cfebb47", "Re...rvationId": 120533082}]' [172 bytes]
2023-03-29 10:53:22,058 - DEBUG - > TEXT '[3, "fc6694a3-fe70-4ad6-a4ee-e27e8cfebb47", {"status": "Accepted"}]' [67 bytes]
2023-03-29 10:53:22,267 - DEBUG - < TEXT '' [0 bytes]
2023-03-29 10:53:22,312 - DEBUG - > TEXT '[2, "d46931b6-3765-4e74-aa3f-47ec46fb1cea", "St... "status": "Reserved"}]' [131 bytes]
2023-03-29 10:53:22,491 - DEBUG - < TEXT '[3, "d46931b6-3765-4e74-aa3f-47ec46fb1cea", {}]' [47 bytes]
2023-03-29 10:53:22,532 - DEBUG - Starting new HTTPS connection (1): 8b434254zg.execute-api.ap-northeast-2.amazonaws.com:443
2023-03-29 10:53:22,883 - DEBUG - https://8b434254zg.execute-api.ap-northeast-2.amazonaws.com:443 "POST /dev/ioc HTTP/1.1" 200 77
2023-03-29 10:53:28,939 - DEBUG - % sending keepalive ping
2023-03-29 10:53:28,939 - DEBUG - > PING 08 71 e8 96 [binary, 4 bytes]
2023-03-29 10:53:28,966 - DEBUG - < PONG 08 71 e8 96 [binary, 4 bytes]
2023-03-29 10:53:28,973 - DEBUG - % received keepalive pong
2023-03-29 10:53:36,471 - DEBUG - % sending keepalive ping
2023-03-29 10:53:36,471 - DEBUG - > PING e6 d2 a3 3d [binary, 4 bytes]
2023-03-29 10:53:36,479 - DEBUG - < PONG e6 d2 a3 3d [binary, 4 bytes]
2023-03-29 10:53:36,483 - DEBUG - % received keepalive pong
2023-03-29 10:53:41,004 - DEBUG - % sending keepalive ping
2023-03-29 10:53:41,005 - DEBUG - > PING 08 66 11 97 [binary, 4 bytes]
2023-03-29 10:53:41,013 - DEBUG - < PONG 08 66 11 97 [binary, 4 bytes]
2023-03-29 10:53:41,015 - DEBUG - % received keepalive pong
2023-03-29 10:53:48,971 - DEBUG - % sending keepalive ping
2023-03-29 10:53:48,971 - DEBUG - > PING 2b 3d e1 a2 [binary, 4 bytes]
2023-03-29 10:53:48,980 - DEBUG - < PONG 2b 3d e1 a2 [binary, 4 bytes]
2023-03-29 10:53:48,984 - DEBUG - % received keepalive pong
2023-03-29 10:53:56,472 - DEBUG - % sending keepalive ping
2023-03-29 10:53:56,472 - DEBUG - > PING 82 02 2e b5 [binary, 4 bytes]
2023-03-29 10:53:56,483 - DEBUG - < PONG 82 02 2e b5 [binary, 4 bytes]
2023-03-29 10:53:56,488 - DEBUG - % received keepalive pong
2023-03-29 10:54:01,019 - DEBUG - % sending keepalive ping
2023-03-29 10:54:01,019 - DEBUG - > PING 46 4c ca 33 [binary, 4 bytes]
2023-03-29 10:54:01,027 - DEBUG - < PONG 46 4c ca 33 [binary, 4 bytes]
2023-03-29 10:54:01,030 - DEBUG - % received keepalive pong
2023-03-29 10:54:08,969 - DEBUG - % sending keepalive ping
2023-03-29 10:54:08,969 - DEBUG - > PING ec 5d b5 c4 [binary, 4 bytes]
2023-03-29 10:54:08,978 - DEBUG - < PONG ec 5d b5 c4 [binary, 4 bytes]
2023-03-29 10:54:08,981 - DEBUG - % received keepalive pong
2023-03-29 10:54:16,468 - DEBUG - % sending keepalive ping
2023-03-29 10:54:16,469 - DEBUG - > PING c9 1a 6f 1e [binary, 4 bytes]
2023-03-29 10:54:16,476 - DEBUG - < PONG c9 1a 6f 1e [binary, 4 bytes]
2023-03-29 10:54:16,480 - DEBUG - % received keepalive pong
2023-03-29 10:54:21,018 - DEBUG - % sending keepalive ping
2023-03-29 10:54:21,018 - DEBUG - > PING 73 d0 23 06 [binary, 4 bytes]
2023-03-29 10:54:21,029 - DEBUG - < PONG 73 d0 23 06 [binary, 4 bytes]
2023-03-29 10:54:21,036 - DEBUG - % received keepalive pong
2023-03-29 10:54:28,969 - DEBUG - % sending keepalive ping
2023-03-29 10:54:28,969 - DEBUG - > PING c8 05 ea 15 [binary, 4 bytes]
2023-03-29 10:54:28,984 - DEBUG - < PONG c8 05 ea 15 [binary, 4 bytes]
2023-03-29 10:54:28,986 - DEBUG - % received keepalive pong
2023-03-29 10:54:36,470 - DEBUG - % sending keepalive ping
2023-03-29 10:54:36,471 - DEBUG - > PING cc 70 49 91 [binary, 4 bytes]
2023-03-29 10:54:36,478 - DEBUG - < PONG cc 70 49 91 [binary, 4 bytes]
2023-03-29 10:54:36,482 - DEBUG - % received keepalive pong
2023-03-29 10:54:41,015 - DEBUG - % sending keepalive ping
2023-03-29 10:54:41,015 - DEBUG - > PING 38 3b 1a ca [binary, 4 bytes]
2023-03-29 10:54:41,024 - DEBUG - < PONG 38 3b 1a ca [binary, 4 bytes]
2023-03-29 10:54:41,028 - DEBUG - % received keepalive pong
2023-03-29 10:54:48,975 - DEBUG - % sending keepalive ping
2023-03-29 10:54:48,975 - DEBUG - > PING 0a df 54 a6 [binary, 4 bytes]
2023-03-29 10:54:48,984 - DEBUG - < PONG 0a df 54 a6 [binary, 4 bytes]
2023-03-29 10:54:48,987 - DEBUG - % received keepalive pong
2023-03-29 10:54:56,481 - DEBUG - % sending keepalive ping
2023-03-29 10:54:56,482 - DEBUG - > PING 58 7b 48 fd [binary, 4 bytes]
2023-03-29 10:54:56,488 - DEBUG - < PONG 58 7b 48 fd [binary, 4 bytes]
2023-03-29 10:54:56,499 - DEBUG - % received keepalive pong
2023-03-29 10:55:01,016 - DEBUG - % sending keepalive ping
2023-03-29 10:55:01,016 - DEBUG - > PING '\x03y\x03<' [text, 4 bytes]
2023-03-29 10:55:01,024 - DEBUG - < PONG '\x03y\x03<' [text, 4 bytes]
2023-03-29 10:55:01,037 - DEBUG - % received keepalive pong
2023-03-29 10:55:08,974 - DEBUG - % sending keepalive ping
2023-03-29 10:55:08,974 - DEBUG - > PING c0 f6 6d 62 [binary, 4 bytes]
2023-03-29 10:55:08,983 - DEBUG - < PONG c0 f6 6d 62 [binary, 4 bytes]
2023-03-29 10:55:09,019 - DEBUG - % received keepalive pong
2023-03-29 10:55:16,494 - DEBUG - % sending keepalive ping
2023-03-29 10:55:16,495 - DEBUG - > PING a1 8c 6e fa [binary, 4 bytes]
2023-03-29 10:55:16,502 - DEBUG - < PONG a1 8c 6e fa [binary, 4 bytes]
2023-03-29 10:55:16,505 - DEBUG - % received keepalive pong
2023-03-29 10:55:21,012 - DEBUG - % sending keepalive ping
2023-03-29 10:55:21,013 - DEBUG - > PING 34 48 ef 88 [binary, 4 bytes]
2023-03-29 10:55:21,023 - DEBUG - < PONG 34 48 ef 88 [binary, 4 bytes]
2023-03-29 10:55:21,030 - DEBUG - % received keepalive pong
2023-03-29 10:55:29,024 - DEBUG - % sending keepalive ping
2023-03-29 10:55:29,024 - DEBUG - > PING b3 c1 38 a7 [binary, 4 bytes]
2023-03-29 10:55:29,036 - DEBUG - < PONG b3 c1 38 a7 [binary, 4 bytes]
2023-03-29 10:55:29,043 - DEBUG - % received keepalive pong
2023-03-29 10:55:36,497 - DEBUG - % sending keepalive ping
2023-03-29 10:55:36,497 - DEBUG - > PING 1a 95 55 a2 [binary, 4 bytes]
2023-03-29 10:55:36,507 - DEBUG - < PONG 1a 95 55 a2 [binary, 4 bytes]
2023-03-29 10:55:36,511 - DEBUG - % received keepalive pong
2023-03-29 10:55:41,021 - DEBUG - % sending keepalive ping
2023-03-29 10:55:41,021 - DEBUG - > PING ef 91 ca 62 [binary, 4 bytes]
2023-03-29 10:55:41,029 - DEBUG - < PONG ef 91 ca 62 [binary, 4 bytes]
2023-03-29 10:55:41,034 - DEBUG - % received keepalive pong
2023-03-29 10:55:49,049 - DEBUG - % sending keepalive ping
2023-03-29 10:55:49,049 - DEBUG - > PING f1 e3 24 bc [binary, 4 bytes]
2023-03-29 10:55:49,064 - DEBUG - < PONG f1 e3 24 bc [binary, 4 bytes]
2023-03-29 10:55:49,067 - DEBUG - % received keepalive pong
2023-03-29 10:55:56,518 - DEBUG - % sending keepalive ping
2023-03-29 10:55:56,518 - DEBUG - > PING 0a 13 a4 31 [binary, 4 bytes]
2023-03-29 10:55:56,557 - DEBUG - < PONG 0a 13 a4 31 [binary, 4 bytes]
2023-03-29 10:55:56,561 - DEBUG - % received keepalive pong
2023-03-29 10:56:01,021 - DEBUG - % sending keepalive ping
2023-03-29 10:56:01,021 - DEBUG - > PING 4d c3 7e a4 [binary, 4 bytes]
2023-03-29 10:56:01,030 - DEBUG - < PONG 4d c3 7e a4 [binary, 4 bytes]
2023-03-29 10:56:01,033 - DEBUG - % received keepalive pong
2023-03-29 10:56:09,079 - DEBUG - % sending keepalive ping
2023-03-29 10:56:09,079 - DEBUG - > PING d2 5e 65 49 [binary, 4 bytes]
2023-03-29 10:56:09,089 - DEBUG - < PONG d2 5e 65 49 [binary, 4 bytes]
2023-03-29 10:56:09,091 - DEBUG - % received keepalive pong
2023-03-29 10:56:16,568 - DEBUG - % sending keepalive ping
2023-03-29 10:56:16,568 - DEBUG - > PING 4b 95 df c9 [binary, 4 bytes]
2023-03-29 10:56:16,579 - DEBUG - < PONG 4b 95 df c9 [binary, 4 bytes]
2023-03-29 10:56:16,585 - DEBUG - % received keepalive pong
2023-03-29 10:56:21,024 - DEBUG - % sending keepalive ping
2023-03-29 10:56:21,024 - DEBUG - > PING ca 1f 41 3d [binary, 4 bytes]
2023-03-29 10:56:21,033 - DEBUG - < PONG ca 1f 41 3d [binary, 4 bytes]
2023-03-29 10:56:21,037 - DEBUG - % received keepalive pong
2023-03-29 10:56:29,096 - DEBUG - % sending keepalive ping
2023-03-29 10:56:29,097 - DEBUG - > PING cf dd 0c 4f [binary, 4 bytes]
2023-03-29 10:56:29,106 - DEBUG - < PONG cf dd 0c 4f [binary, 4 bytes]
2023-03-29 10:56:29,112 - DEBUG - % received keepalive pong
2023-03-29 10:56:36,568 - DEBUG - % sending keepalive ping
2023-03-29 10:56:36,568 - DEBUG - > PING 85 f1 8b be [binary, 4 bytes]
2023-03-29 10:56:36,584 - DEBUG - < PONG 85 f1 8b be [binary, 4 bytes]
2023-03-29 10:56:36,587 - DEBUG - % received keepalive pong
2023-03-29 10:56:41,024 - DEBUG - % sending keepalive ping
2023-03-29 10:56:41,024 - DEBUG - > PING 92 ec 57 9a [binary, 4 bytes]
2023-03-29 10:56:41,035 - DEBUG - < PONG 92 ec 57 9a [binary, 4 bytes]
2023-03-29 10:56:41,041 - DEBUG - % received keepalive pong
2023-03-29 10:56:49,098 - DEBUG - % sending keepalive ping
2023-03-29 10:56:49,099 - DEBUG - > PING 11 d8 c7 58 [binary, 4 bytes]
2023-03-29 10:56:49,114 - DEBUG - < PONG 11 d8 c7 58 [binary, 4 bytes]
2023-03-29 10:56:49,116 - DEBUG - % received keepalive pong
2023-03-29 10:56:56,585 - DEBUG - % sending keepalive ping
2023-03-29 10:56:56,585 - DEBUG - > PING fe 36 64 9b [binary, 4 bytes]
2023-03-29 10:56:56,592 - DEBUG - < PONG fe 36 64 9b [binary, 4 bytes]
2023-03-29 10:56:56,595 - DEBUG - % received keepalive pong
2023-03-29 10:57:01,041 - DEBUG - % sending keepalive ping
2023-03-29 10:57:01,042 - DEBUG - > PING 76 d5 57 9c [binary, 4 bytes]
2023-03-29 10:57:01,051 - DEBUG - < PONG 76 d5 57 9c [binary, 4 bytes]
2023-03-29 10:57:01,053 - DEBUG - % received keepalive pong
2023-03-29 10:57:09,097 - DEBUG - % sending keepalive ping
2023-03-29 10:57:09,097 - DEBUG - > PING de 42 ac c6 [binary, 4 bytes]
2023-03-29 10:57:09,107 - DEBUG - < PONG de 42 ac c6 [binary, 4 bytes]
2023-03-29 10:57:09,114 - DEBUG - % received keepalive pong
2023-03-29 10:57:16,588 - DEBUG - % sending keepalive ping
2023-03-29 10:57:16,588 - DEBUG - > PING '\x18}o\x04' [text, 4 bytes]
2023-03-29 10:57:16,599 - DEBUG - < PONG '\x18}o\x04' [text, 4 bytes]
2023-03-29 10:57:16,602 - DEBUG - % received keepalive pong
2023-03-29 10:57:21,047 - DEBUG - % sending keepalive ping
2023-03-29 10:57:21,048 - DEBUG - > PING 02 85 1d 9a [binary, 4 bytes]
2023-03-29 10:57:21,056 - DEBUG - < PONG 02 85 1d 9a [binary, 4 bytes]
2023-03-29 10:57:21,061 - DEBUG - % received keepalive pong
2023-03-29 10:57:29,101 - DEBUG - % sending keepalive ping
2023-03-29 10:57:29,101 - DEBUG - > PING 7a 9d aa 7d [binary, 4 bytes]
2023-03-29 10:57:29,110 - DEBUG - < PONG 7a 9d aa 7d [binary, 4 bytes]
2023-03-29 10:57:29,116 - DEBUG - % received keepalive pong
2023-03-29 10:57:36,605 - DEBUG - % sending keepalive ping
2023-03-29 10:57:36,605 - DEBUG - > PING 58 1f 86 52 [binary, 4 bytes]
2023-03-29 10:57:36,612 - DEBUG - < PONG 58 1f 86 52 [binary, 4 bytes]
2023-03-29 10:57:36,618 - DEBUG - % received keepalive pong
2023-03-29 10:57:41,064 - DEBUG - % sending keepalive ping
2023-03-29 10:57:41,064 - DEBUG - > PING '=aBE' [text, 4 bytes]
2023-03-29 10:57:41,075 - DEBUG - < PONG '=aBE' [text, 4 bytes]
2023-03-29 10:57:41,078 - DEBUG - % received keepalive pong
2023-03-29 10:57:49,101 - DEBUG - % sending keepalive ping
2023-03-29 10:57:49,102 - DEBUG - > PING c0 47 23 7b [binary, 4 bytes]
2023-03-29 10:57:49,114 - DEBUG - < PONG c0 47 23 7b [binary, 4 bytes]
2023-03-29 10:57:49,120 - DEBUG - % received keepalive pong
2023-03-29 10:57:56,638 - DEBUG - % sending keepalive ping
2023-03-29 10:57:56,638 - DEBUG - > PING a8 9d 11 cc [binary, 4 bytes]
2023-03-29 10:57:56,646 - DEBUG - < PONG a8 9d 11 cc [binary, 4 bytes]
2023-03-29 10:57:56,651 - DEBUG - % received keepalive pong
2023-03-29 10:58:01,076 - DEBUG - % sending keepalive ping
2023-03-29 10:58:01,076 - DEBUG - > PING 30 34 d5 0a [binary, 4 bytes]
2023-03-29 10:58:01,085 - DEBUG - < PONG 30 34 d5 0a [binary, 4 bytes]
2023-03-29 10:58:01,087 - DEBUG - % received keepalive pong
2023-03-29 10:58:09,129 - DEBUG - % sending keepalive ping
2023-03-29 10:58:09,129 - DEBUG - > PING 'p-\x8c' [text, 4 bytes]
2023-03-29 10:58:09,138 - DEBUG - < PONG 'p-\x8c' [text, 4 bytes]
2023-03-29 10:58:09,141 - DEBUG - % received keepalive pong
2023-03-29 10:58:16,638 - DEBUG - % sending keepalive ping
2023-03-29 10:58:16,638 - DEBUG - > PING 41 1a b4 f2 [binary, 4 bytes]
2023-03-29 10:58:16,646 - DEBUG - < PONG 41 1a b4 f2 [binary, 4 bytes]
2023-03-29 10:58:16,648 - DEBUG - % received keepalive pong
2023-03-29 10:58:21,065 - DEBUG - % sending keepalive ping
2023-03-29 10:58:21,065 - DEBUG - > PING 50 74 30 d1 [binary, 4 bytes]
2023-03-29 10:58:21,076 - DEBUG - < PONG 50 74 30 d1 [binary, 4 bytes]
2023-03-29 10:58:21,081 - DEBUG - % received keepalive pong
2023-03-29 10:58:29,141 - DEBUG - % sending keepalive ping
2023-03-29 10:58:29,141 - DEBUG - > PING a3 26 db 3d [binary, 4 bytes]
2023-03-29 10:58:29,150 - DEBUG - < PONG a3 26 db 3d [binary, 4 bytes]
2023-03-29 10:58:29,158 - DEBUG - % received keepalive pong
2023-03-29 10:58:36,643 - DEBUG - % sending keepalive ping
2023-03-29 10:58:36,643 - DEBUG - > PING c4 36 76 00 [binary, 4 bytes]
2023-03-29 10:58:36,652 - DEBUG - < PONG c4 36 76 00 [binary, 4 bytes]
2023-03-29 10:58:36,656 - DEBUG - % received keepalive pong
2023-03-29 10:58:41,068 - DEBUG - % sending keepalive ping
2023-03-29 10:58:41,068 - DEBUG - > PING 8e 3c bf a4 [binary, 4 bytes]
2023-03-29 10:58:41,078 - DEBUG - < PONG 8e 3c bf a4 [binary, 4 bytes]
2023-03-29 10:58:41,082 - DEBUG - % received keepalive pong
2023-03-29 10:58:47,647 - DEBUG - = connection is CONNECTING
2023-03-29 10:58:47,681 - DEBUG - > GET /ocpp16/ELA007C05/EVSCA050002 HTTP/1.1
2023-03-29 10:58:47,681 - DEBUG - > Host: ws.devevspcharger.uplus.co.kr
2023-03-29 10:58:47,681 - DEBUG - > Upgrade: websocket
2023-03-29 10:58:47,681 - DEBUG - > Connection: Upgrade
2023-03-29 10:58:47,681 - DEBUG - > Sec-WebSocket-Key: uUg07EkypYX06qF0o2d0xQ==
2023-03-29 10:58:47,681 - DEBUG - > Sec-WebSocket-Version: 13
2023-03-29 10:58:47,681 - DEBUG - > Sec-WebSocket-Extensions: permessage-deflate; client_max_window_bits
2023-03-29 10:58:47,681 - DEBUG - > Sec-WebSocket-Protocol: ocpp1.6
2023-03-29 10:58:47,682 - DEBUG - > Authorization: Basic RVZBUjpFVkFSTEdV
2023-03-29 10:58:47,682 - DEBUG - > User-Agent: Python/3.11 websockets/10.4
2023-03-29 10:58:48,226 - DEBUG - < HTTP/1.1 101 Switching Protocols
2023-03-29 10:58:48,226 - DEBUG - < Connection: upgrade
2023-03-29 10:58:48,226 - DEBUG - < Date: Wed, 29 Mar 2023 01:58:44 GMT
2023-03-29 10:58:48,226 - DEBUG - < sec-websocket-protocol: ocpp1.6
2023-03-29 10:58:48,226 - DEBUG - < upgrade: websocket
2023-03-29 10:58:48,226 - DEBUG - < sec-websocket-accept: EbwZJBWC7hw7brhCfc7GxtLK1s4=
2023-03-29 10:58:48,226 - DEBUG - < sec-websocket-extensions: permessage-deflate
2023-03-29 10:58:48,227 - DEBUG - < X-Cache: Miss from cloudfront
2023-03-29 10:58:48,227 - DEBUG - < Via: 1.1 41a89bdb610eb303e698e5cb65ce5b76.cloudfront.net (CloudFront)
2023-03-29 10:58:48,227 - DEBUG - < X-Amz-Cf-Pop: ICN57-P2
2023-03-29 10:58:48,227 - DEBUG - < X-Amz-Cf-Id: x0nH7hU69E1Gsg1W6sfEUL8cqDf8-WOM4-3n6DO7dF0nNhB1CISp0A==
2023-03-29 10:58:48,227 - DEBUG - = connection is OPEN
2023-03-29 10:58:48,268 - DEBUG - > TEXT '[2, "96b43a58-0a03-4507-bdb0-977b7ba225f5", "Bo...ePointVendor": "EVAR"}]' [127 bytes]
2023-03-29 10:58:48,647 - DEBUG - < TEXT '[3, "96b43a58-0a03-4507-bdb0-977b7ba225f5", {"s...44Z", "interval": 600}]' [123 bytes]
2023-03-29 10:58:48,680 - DEBUG - Starting new HTTPS connection (1): 8b434254zg.execute-api.ap-northeast-2.amazonaws.com:443
2023-03-29 10:58:49,269 - DEBUG - https://8b434254zg.execute-api.ap-northeast-2.amazonaws.com:443 "POST /dev/ioc HTTP/1.1" 200 217
2023-03-29 10:58:49,304 - DEBUG - < TEXT '[2, "47c64341-4f5c-4e2d-a7da-c6e56675ccc3", "Re...rvationId": 120533082}]' [172 bytes]
2023-03-29 10:58:49,305 - DEBUG - % sending keepalive ping
2023-03-29 10:58:49,305 - DEBUG - > PING 2b c8 49 a8 [binary, 4 bytes]
2023-03-29 10:58:49,312 - DEBUG - > TEXT '[3, "47c64341-4f5c-4e2d-a7da-c6e56675ccc3", {"status": "Accepted"}]' [67 bytes]
2023-03-29 10:58:49,338 - DEBUG - < PONG 2b c8 49 a8 [binary, 4 bytes]
2023-03-29 10:58:49,341 - DEBUG - % received keepalive pong
2023-03-29 10:58:49,493 - DEBUG - < TEXT '' [0 bytes]
2023-03-29 10:58:49,528 - DEBUG - > TEXT '[2, "31bd9c72-06d4-4b42-9cd1-3a38013738aa", "St... "status": "Reserved"}]' [131 bytes]
2023-03-29 10:58:49,710 - DEBUG - < TEXT '[3, "31bd9c72-06d4-4b42-9cd1-3a38013738aa", {}]' [47 bytes]
2023-03-29 10:58:49,744 - DEBUG - Starting new HTTPS connection (1): 8b434254zg.execute-api.ap-northeast-2.amazonaws.com:443
2023-03-29 10:58:50,072 - DEBUG - https://8b434254zg.execute-api.ap-northeast-2.amazonaws.com:443 "POST /dev/ioc HTTP/1.1" 200 77
2023-03-29 10:58:56,660 - DEBUG - % sending keepalive ping
2023-03-29 10:58:56,661 - DEBUG - > PING b6 71 78 6c [binary, 4 bytes]
2023-03-29 10:58:56,667 - DEBUG - < PONG b6 71 78 6c [binary, 4 bytes]
2023-03-29 10:58:56,674 - DEBUG - % received keepalive pong
2023-03-29 10:59:01,059 - DEBUG - % sending keepalive ping
2023-03-29 10:59:01,059 - DEBUG - > PING '\x12\x07Wy' [text, 4 bytes]
2023-03-29 10:59:01,067 - DEBUG - < PONG '\x12\x07Wy' [text, 4 bytes]
2023-03-29 10:59:01,071 - DEBUG - % received keepalive pong
2023-03-29 10:59:08,215 - DEBUG - % sending keepalive ping
2023-03-29 10:59:08,216 - DEBUG - > PING 9a 4c b2 fb [binary, 4 bytes]
2023-03-29 10:59:08,223 - DEBUG - < PONG 9a 4c b2 fb [binary, 4 bytes]
2023-03-29 10:59:08,226 - DEBUG - % received keepalive pong
2023-03-29 10:59:09,341 - DEBUG - % sending keepalive ping
2023-03-29 10:59:09,341 - DEBUG - > PING 84 3b 59 95 [binary, 4 bytes]
2023-03-29 10:59:09,351 - DEBUG - < PONG 84 3b 59 95 [binary, 4 bytes]
2023-03-29 10:59:09,353 - DEBUG - % received keepalive pong
2023-03-29 10:59:16,678 - DEBUG - % sending keepalive ping
2023-03-29 10:59:16,678 - DEBUG - > PING fa 5c 64 05 [binary, 4 bytes]
2023-03-29 10:59:16,689 - DEBUG - < PONG fa 5c 64 05 [binary, 4 bytes]
2023-03-29 10:59:16,695 - DEBUG - % received keepalive pong
2023-03-29 10:59:21,060 - DEBUG - % sending keepalive ping
2023-03-29 10:59:21,060 - DEBUG - > PING a7 e0 59 2a [binary, 4 bytes]
2023-03-29 10:59:21,068 - DEBUG - < PONG a7 e0 59 2a [binary, 4 bytes]
2023-03-29 10:59:21,073 - DEBUG - % received keepalive pong
2023-03-29 10:59:28,216 - DEBUG - % sending keepalive ping
2023-03-29 10:59:28,217 - DEBUG - > PING f1 db 14 f8 [binary, 4 bytes]
2023-03-29 10:59:28,223 - DEBUG - < PONG f1 db 14 f8 [binary, 4 bytes]
2023-03-29 10:59:28,227 - DEBUG - % received keepalive pong
2023-03-29 10:59:29,343 - DEBUG - % sending keepalive ping
2023-03-29 10:59:29,344 - DEBUG - > PING 80 dd fa c1 [binary, 4 bytes]
2023-03-29 10:59:29,353 - DEBUG - < PONG 80 dd fa c1 [binary, 4 bytes]
2023-03-29 10:59:29,360 - DEBUG - % received keepalive pong
2023-03-29 10:59:30,478 - DEBUG - = connection is CLOSING
2023-03-29 10:59:30,478 - DEBUG - > CLOSE 1000 (OK) [2 bytes]
2023-03-29 10:59:30,493 - DEBUG - < CLOSE 1000 (OK) [2 bytes]
2023-03-29 10:59:30,499 - DEBUG - = connection is CLOSED
2023-03-29 10:59:36,684 - DEBUG - % sending keepalive ping
2023-03-29 10:59:36,684 - DEBUG - > PING d6 00 48 f3 [binary, 4 bytes]
2023-03-29 10:59:36,693 - DEBUG - < PONG d6 00 48 f3 [binary, 4 bytes]
2023-03-29 10:59:36,699 - DEBUG - % received keepalive pong
2023-03-29 10:59:41,062 - DEBUG - % sending keepalive ping
2023-03-29 10:59:41,062 - DEBUG - > PING 6a 35 df d3 [binary, 4 bytes]
2023-03-29 10:59:41,081 - DEBUG - < PONG 6a 35 df d3 [binary, 4 bytes]
2023-03-29 10:59:41,086 - DEBUG - % received keepalive pong
2023-03-29 10:59:48,217 - DEBUG - % sending keepalive ping
2023-03-29 10:59:48,217 - DEBUG - > PING 91 55 9e 77 [binary, 4 bytes]
2023-03-29 10:59:48,224 - DEBUG - < PONG 91 55 9e 77 [binary, 4 bytes]
2023-03-29 10:59:48,227 - DEBUG - % received keepalive pong
2023-03-29 10:59:56,697 - DEBUG - % sending keepalive ping
2023-03-29 10:59:56,698 - DEBUG - > PING '73AQ' [text, 4 bytes]
2023-03-29 10:59:56,705 - DEBUG - < PONG '73AQ' [text, 4 bytes]
2023-03-29 10:59:56,708 - DEBUG - % received keepalive pong
2023-03-29 11:00:01,064 - DEBUG - % sending keepalive ping
2023-03-29 11:00:01,065 - DEBUG - > PING ab 1e b5 45 [binary, 4 bytes]
2023-03-29 11:00:01,073 - DEBUG - < PONG ab 1e b5 45 [binary, 4 bytes]
2023-03-29 11:00:01,089 - DEBUG - % received keepalive pong
2023-03-29 11:00:08,221 - DEBUG - % sending keepalive ping
2023-03-29 11:00:08,221 - DEBUG - > PING 95 51 c9 da [binary, 4 bytes]
2023-03-29 11:00:08,228 - DEBUG - < PONG 95 51 c9 da [binary, 4 bytes]
2023-03-29 11:00:08,231 - DEBUG - % received keepalive pong
2023-03-29 11:00:16,702 - DEBUG - % sending keepalive ping
2023-03-29 11:00:16,702 - DEBUG - > PING f3 66 3c 9f [binary, 4 bytes]
2023-03-29 11:00:16,710 - DEBUG - < PONG f3 66 3c 9f [binary, 4 bytes]
2023-03-29 11:00:16,712 - DEBUG - % received keepalive pong
2023-03-29 11:00:21,097 - DEBUG - % sending keepalive ping
2023-03-29 11:00:21,097 - DEBUG - > PING fd bb 0d d9 [binary, 4 bytes]
2023-03-29 11:00:21,105 - DEBUG - < PONG fd bb 0d d9 [binary, 4 bytes]
2023-03-29 11:00:21,112 - DEBUG - % received keepalive pong
2023-03-29 11:00:28,225 - DEBUG - % sending keepalive ping
2023-03-29 11:00:28,225 - DEBUG - > PING c6 ce f5 04 [binary, 4 bytes]
2023-03-29 11:00:28,233 - DEBUG - < PONG c6 ce f5 04 [binary, 4 bytes]
2023-03-29 11:00:28,237 - DEBUG - % received keepalive pong
2023-03-29 11:00:36,690 - DEBUG - % sending keepalive ping
2023-03-29 11:00:36,690 - DEBUG - > PING 7a 88 c4 a3 [binary, 4 bytes]
2023-03-29 11:00:36,697 - DEBUG - < PONG 7a 88 c4 a3 [binary, 4 bytes]
2023-03-29 11:00:36,700 - DEBUG - % received keepalive pong
2023-03-29 11:00:41,102 - DEBUG - % sending keepalive ping
2023-03-29 11:00:41,102 - DEBUG - > PING 90 06 77 9f [binary, 4 bytes]
2023-03-29 11:00:41,116 - DEBUG - < PONG 90 06 77 9f [binary, 4 bytes]
2023-03-29 11:00:41,118 - DEBUG - % received keepalive pong
2023-03-29 11:00:48,250 - DEBUG - % sending keepalive ping
2023-03-29 11:00:48,250 - DEBUG - > PING 82 47 9f f3 [binary, 4 bytes]
2023-03-29 11:00:48,259 - DEBUG - < PONG 82 47 9f f3 [binary, 4 bytes]
2023-03-29 11:00:48,273 - DEBUG - % received keepalive pong
2023-03-29 11:00:56,690 - DEBUG - % sending keepalive ping
2023-03-29 11:00:56,690 - DEBUG - > PING 5e 76 fe 63 [binary, 4 bytes]
2023-03-29 11:00:56,697 - DEBUG - < PONG 5e 76 fe 63 [binary, 4 bytes]
2023-03-29 11:00:56,700 - DEBUG - % received keepalive pong
2023-03-29 11:00:58,551 - DEBUG - = connection is CLOSING
2023-03-29 11:00:58,551 - DEBUG - > CLOSE 1000 (OK) [2 bytes]
2023-03-29 11:00:58,619 - DEBUG - < CLOSE 1000 (OK) [2 bytes]
2023-03-29 11:00:58,626 - DEBUG - = connection is CLOSED
2023-03-29 11:01:01,099 - DEBUG - % sending keepalive ping
2023-03-29 11:01:01,100 - DEBUG - > PING a2 72 c5 ef [binary, 4 bytes]
2023-03-29 11:01:01,147 - DEBUG - < PONG a2 72 c5 ef [binary, 4 bytes]
2023-03-29 11:01:01,150 - DEBUG - % received keepalive pong
2023-03-29 11:01:08,261 - DEBUG - % sending keepalive ping
2023-03-29 11:01:08,261 - DEBUG - > PING 27 3f f8 11 [binary, 4 bytes]
2023-03-29 11:01:08,271 - DEBUG - < PONG 27 3f f8 11 [binary, 4 bytes]
2023-03-29 11:01:08,275 - DEBUG - % received keepalive pong
2023-03-29 11:01:21,137 - DEBUG - % sending keepalive ping
2023-03-29 11:01:21,137 - DEBUG - > PING cd 60 83 7a [binary, 4 bytes]
2023-03-29 11:01:21,150 - DEBUG - < PONG cd 60 83 7a [binary, 4 bytes]
2023-03-29 11:01:21,154 - DEBUG - % received keepalive pong
2023-03-29 11:01:28,263 - DEBUG - % sending keepalive ping
2023-03-29 11:01:28,264 - DEBUG - > PING 'fLTC' [text, 4 bytes]
2023-03-29 11:01:28,270 - DEBUG - < PONG 'fLTC' [text, 4 bytes]
2023-03-29 11:01:28,275 - DEBUG - % received keepalive pong
2023-03-29 11:01:41,137 - DEBUG - % sending keepalive ping
2023-03-29 11:01:41,137 - DEBUG - > PING 2b f4 bf 17 [binary, 4 bytes]
2023-03-29 11:01:41,146 - DEBUG - < PONG 2b f4 bf 17 [binary, 4 bytes]
2023-03-29 11:01:41,150 - DEBUG - % received keepalive pong
2023-03-29 11:01:48,279 - DEBUG - % sending keepalive ping
2023-03-29 11:01:48,279 - DEBUG - > PING ca 97 e4 e9 [binary, 4 bytes]
2023-03-29 11:01:48,286 - DEBUG - < PONG ca 97 e4 e9 [binary, 4 bytes]
2023-03-29 11:01:48,290 - DEBUG - % received keepalive pong
2023-03-29 11:02:01,137 - DEBUG - % sending keepalive ping
2023-03-29 11:02:01,137 - DEBUG - > PING 03 db 19 da [binary, 4 bytes]
2023-03-29 11:02:01,145 - DEBUG - < PONG 03 db 19 da [binary, 4 bytes]
2023-03-29 11:02:01,148 - DEBUG - % received keepalive pong
2023-03-29 11:02:08,266 - DEBUG - % sending keepalive ping
2023-03-29 11:02:08,267 - DEBUG - > PING d1 26 91 da [binary, 4 bytes]
2023-03-29 11:02:08,274 - DEBUG - < PONG d1 26 91 da [binary, 4 bytes]
2023-03-29 11:02:08,280 - DEBUG - % received keepalive pong
2023-03-29 11:02:21,158 - DEBUG - % sending keepalive ping
2023-03-29 11:02:21,158 - DEBUG - > PING ca eb ff e9 [binary, 4 bytes]
2023-03-29 11:02:21,194 - DEBUG - < PONG ca eb ff e9 [binary, 4 bytes]
2023-03-29 11:02:21,198 - DEBUG - % received keepalive pong
2023-03-29 11:02:28,273 - DEBUG - % sending keepalive ping
2023-03-29 11:02:28,274 - DEBUG - > PING e1 78 0e b2 [binary, 4 bytes]
2023-03-29 11:02:28,283 - DEBUG - < PONG e1 78 0e b2 [binary, 4 bytes]
2023-03-29 11:02:28,286 - DEBUG - % received keepalive pong
2023-03-29 11:02:41,191 - DEBUG - % sending keepalive ping
2023-03-29 11:02:41,192 - DEBUG - > PING f1 16 c5 40 [binary, 4 bytes]
2023-03-29 11:02:41,201 - DEBUG - < PONG f1 16 c5 40 [binary, 4 bytes]
2023-03-29 11:02:41,207 - DEBUG - % received keepalive pong
2023-03-29 11:02:48,265 - DEBUG - % sending keepalive ping
2023-03-29 11:02:48,266 - DEBUG - > PING f0 ee 55 fa [binary, 4 bytes]
2023-03-29 11:02:48,277 - DEBUG - < PONG f0 ee 55 fa [binary, 4 bytes]
2023-03-29 11:02:48,281 - DEBUG - % received keepalive pong
2023-03-29 11:03:01,188 - DEBUG - % sending keepalive ping
2023-03-29 11:03:01,189 - DEBUG - > PING 2a bc 43 90 [binary, 4 bytes]
2023-03-29 11:03:01,197 - DEBUG - < PONG 2a bc 43 90 [binary, 4 bytes]
2023-03-29 11:03:01,201 - DEBUG - % received keepalive pong
2023-03-29 11:03:08,271 - DEBUG - % sending keepalive ping
2023-03-29 11:03:08,271 - DEBUG - > PING 'PE*;' [text, 4 bytes]
2023-03-29 11:03:08,286 - DEBUG - < PONG 'PE*;' [text, 4 bytes]
2023-03-29 11:03:08,290 - DEBUG - % received keepalive pong
2023-03-29 11:03:21,194 - DEBUG - % sending keepalive ping
2023-03-29 11:03:21,195 - DEBUG - > PING 93 a3 f4 78 [binary, 4 bytes]
2023-03-29 11:03:21,204 - DEBUG - < PONG 93 a3 f4 78 [binary, 4 bytes]
2023-03-29 11:03:21,222 - DEBUG - % received keepalive pong
2023-03-29 11:03:22,925 - DEBUG - = connection is CLOSING
2023-03-29 11:03:22,925 - DEBUG - > CLOSE 1000 (OK) [2 bytes]
2023-03-29 11:03:22,934 - DEBUG - < CLOSE 1000 (OK) [2 bytes]
2023-03-29 11:03:22,941 - DEBUG - = connection is CLOSED
2023-03-29 11:03:28,268 - DEBUG - % sending keepalive ping
2023-03-29 11:03:28,269 - DEBUG - > PING 1c a1 74 11 [binary, 4 bytes]
2023-03-29 11:03:28,281 - DEBUG - < PONG 1c a1 74 11 [binary, 4 bytes]
2023-03-29 11:03:28,288 - DEBUG - % received keepalive pong
2023-03-29 11:03:48,275 - DEBUG - % sending keepalive ping
2023-03-29 11:03:48,276 - DEBUG - > PING e3 5a 40 de [binary, 4 bytes]
2023-03-29 11:03:48,282 - DEBUG - < PONG e3 5a 40 de [binary, 4 bytes]
2023-03-29 11:03:48,284 - DEBUG - % received keepalive pong
2023-03-29 11:04:08,261 - DEBUG - % sending keepalive ping
2023-03-29 11:04:08,262 - DEBUG - > PING 9f e4 15 89 [binary, 4 bytes]
2023-03-29 11:04:08,268 - DEBUG - < PONG 9f e4 15 89 [binary, 4 bytes]
2023-03-29 11:04:08,271 - DEBUG - % received keepalive pong
2023-03-29 11:04:28,264 - DEBUG - % sending keepalive ping
2023-03-29 11:04:28,265 - DEBUG - > PING d0 dc 53 18 [binary, 4 bytes]
2023-03-29 11:04:28,271 - DEBUG - < PONG d0 dc 53 18 [binary, 4 bytes]
2023-03-29 11:04:28,276 - DEBUG - % received keepalive pong
2023-03-29 11:04:48,280 - DEBUG - % sending keepalive ping
2023-03-29 11:04:48,280 - DEBUG - > PING '<"J[' [text, 4 bytes]
2023-03-29 11:04:48,287 - DEBUG - < PONG '<"J[' [text, 4 bytes]
2023-03-29 11:04:48,290 - DEBUG - % received keepalive pong
2023-03-29 11:05:08,288 - DEBUG - % sending keepalive ping
2023-03-29 11:05:08,288 - DEBUG - > PING a4 44 6a 95 [binary, 4 bytes]
2023-03-29 11:05:08,295 - DEBUG - < PONG a4 44 6a 95 [binary, 4 bytes]
2023-03-29 11:05:08,297 - DEBUG - % received keepalive pong
2023-03-29 11:05:28,303 - DEBUG - % sending keepalive ping
2023-03-29 11:05:28,303 - DEBUG - > PING 38 bf 09 35 [binary, 4 bytes]
2023-03-29 11:05:28,311 - DEBUG - < PONG 38 bf 09 35 [binary, 4 bytes]
2023-03-29 11:05:28,314 - DEBUG - % received keepalive pong
2023-03-29 11:05:48,314 - DEBUG - % sending keepalive ping
2023-03-29 11:05:48,314 - DEBUG - > PING cd 78 7e 7f [binary, 4 bytes]
2023-03-29 11:05:48,321 - DEBUG - < PONG cd 78 7e 7f [binary, 4 bytes]
2023-03-29 11:05:48,330 - DEBUG - % received keepalive pong
2023-03-29 11:06:08,696 - DEBUG - % sending keepalive ping
2023-03-29 11:06:08,696 - DEBUG - > PING 00 f1 39 f9 [binary, 4 bytes]
2023-03-29 11:06:32,974 - DEBUG - = connection is CONNECTING
2023-03-29 11:06:33,009 - DEBUG - > GET /ocpp16/ELA007C05/EVSCA050002 HTTP/1.1
2023-03-29 11:06:33,010 - DEBUG - > Host: ws.devevspcharger.uplus.co.kr
2023-03-29 11:06:33,011 - DEBUG - > Upgrade: websocket
2023-03-29 11:06:33,011 - DEBUG - > Connection: Upgrade
2023-03-29 11:06:33,011 - DEBUG - > Sec-WebSocket-Key: 0SVV48gYsbVbfr8Dgan6SA==
2023-03-29 11:06:33,011 - DEBUG - > Sec-WebSocket-Version: 13
2023-03-29 11:06:33,011 - DEBUG - > Sec-WebSocket-Extensions: permessage-deflate; client_max_window_bits
2023-03-29 11:06:33,011 - DEBUG - > Sec-WebSocket-Protocol: ocpp1.6
2023-03-29 11:06:33,011 - DEBUG - > Authorization: Basic RVZBUjpFVkFSTEdV
2023-03-29 11:06:33,012 - DEBUG - > User-Agent: Python/3.11 websockets/10.4
2023-03-29 11:06:34,387 - DEBUG - < HTTP/1.1 101 Switching Protocols
2023-03-29 11:06:34,387 - DEBUG - < Connection: upgrade
2023-03-29 11:06:34,388 - DEBUG - < Date: Wed, 29 Mar 2023 02:06:30 GMT
2023-03-29 11:06:34,389 - DEBUG - < sec-websocket-protocol: ocpp1.6
2023-03-29 11:06:34,389 - DEBUG - < upgrade: websocket
2023-03-29 11:06:34,390 - DEBUG - < sec-websocket-accept: a+LLGVCissi+UrRNtUNe0vDHWTY=
2023-03-29 11:06:34,390 - DEBUG - < sec-websocket-extensions: permessage-deflate
2023-03-29 11:06:34,391 - DEBUG - < X-Cache: Miss from cloudfront
2023-03-29 11:06:34,391 - DEBUG - < Via: 1.1 0deed69f96030eea747cb7bfcfd21562.cloudfront.net (CloudFront)
2023-03-29 11:06:34,391 - DEBUG - < X-Amz-Cf-Pop: ICN57-P2
2023-03-29 11:06:34,391 - DEBUG - < X-Amz-Cf-Id: 8wcxFEuixzzk4bNb-OEYx5ZRtkrGyh7TtoK_4mI1jJSonFgzQ6kQ2A==
2023-03-29 11:06:34,391 - DEBUG - = connection is OPEN
2023-03-29 11:06:34,415 - DEBUG - > TEXT '[2, "2b563224-8d7e-444a-9ccc-8fb4b2badfc2", "Bo...ePointVendor": "EVAR"}]' [127 bytes]
2023-03-29 11:06:34,775 - DEBUG - < TEXT '[3, "2b563224-8d7e-444a-9ccc-8fb4b2badfc2", {"s...30Z", "interval": 600}]' [123 bytes]
2023-03-29 11:06:34,863 - DEBUG - Starting new HTTPS connection (1): 8b434254zg.execute-api.ap-northeast-2.amazonaws.com:443
2023-03-29 11:06:36,304 - DEBUG - https://8b434254zg.execute-api.ap-northeast-2.amazonaws.com:443 "POST /dev/ioc HTTP/1.1" 200 217
2023-03-29 11:06:36,331 - DEBUG - < TEXT '[2, "70ee0b75-7318-4348-bbc8-8944d8580316", "Re...rvationId": 120533082}]' [172 bytes]
2023-03-29 11:06:36,334 - DEBUG - > TEXT '[3, "70ee0b75-7318-4348-bbc8-8944d8580316", {"status": "Accepted"}]' [67 bytes]
2023-03-29 11:06:36,514 - DEBUG - < TEXT '' [0 bytes]
2023-03-29 11:06:36,538 - DEBUG - > TEXT '[2, "2b563224-8d7e-444a-9ccc-8fb4b2badfc2", "St... "status": "Reserved"}]' [131 bytes]
2023-03-29 11:06:36,724 - DEBUG - < TEXT '[3, "2b563224-8d7e-444a-9ccc-8fb4b2badfc2", {}]' [47 bytes]
2023-03-29 11:06:36,753 - DEBUG - Starting new HTTPS connection (1): 8b434254zg.execute-api.ap-northeast-2.amazonaws.com:443
2023-03-29 11:06:37,125 - DEBUG - https://8b434254zg.execute-api.ap-northeast-2.amazonaws.com:443 "POST /dev/ioc HTTP/1.1" 200 77
2023-03-29 11:06:54,393 - DEBUG - % sending keepalive ping
2023-03-29 11:06:54,394 - DEBUG - > PING bf fd 35 09 [binary, 4 bytes]
2023-03-29 11:06:54,407 - DEBUG - < PONG bf fd 35 09 [binary, 4 bytes]
2023-03-29 11:06:54,410 - DEBUG - % received keepalive pong
2023-03-29 11:07:14,398 - DEBUG - % sending keepalive ping
2023-03-29 11:07:14,399 - DEBUG - > PING dc 61 4d 44 [binary, 4 bytes]
2023-03-29 11:07:14,407 - DEBUG - < PONG dc 61 4d 44 [binary, 4 bytes]
2023-03-29 11:07:14,410 - DEBUG - % received keepalive pong
2023-03-29 11:07:34,400 - DEBUG - % sending keepalive ping
2023-03-29 11:07:34,400 - DEBUG - > PING 39 b2 c9 05 [binary, 4 bytes]
2023-03-29 11:07:34,411 - DEBUG - < PONG 39 b2 c9 05 [binary, 4 bytes]
2023-03-29 11:07:34,418 - DEBUG - % received keepalive pong
2023-03-29 11:07:54,429 - DEBUG - % sending keepalive ping
2023-03-29 11:07:54,429 - DEBUG - > PING 65 9d 39 f5 [binary, 4 bytes]
2023-03-29 11:07:54,439 - DEBUG - < PONG 65 9d 39 f5 [binary, 4 bytes]
2023-03-29 11:07:54,443 - DEBUG - % received keepalive pong
2023-03-29 11:08:14,457 - DEBUG - % sending keepalive ping
2023-03-29 11:08:14,457 - DEBUG - > PING 55 ab 5a 74 [binary, 4 bytes]
2023-03-29 11:08:14,466 - DEBUG - < PONG 55 ab 5a 74 [binary, 4 bytes]
2023-03-29 11:08:14,471 - DEBUG - % received keepalive pong
2023-03-29 11:08:34,471 - DEBUG - % sending keepalive ping
2023-03-29 11:08:34,471 - DEBUG - > PING 87 d6 b3 90 [binary, 4 bytes]
2023-03-29 11:08:34,481 - DEBUG - < PONG 87 d6 b3 90 [binary, 4 bytes]
2023-03-29 11:08:34,492 - DEBUG - % received keepalive pong
2023-03-29 11:08:54,476 - DEBUG - % sending keepalive ping
2023-03-29 11:08:54,476 - DEBUG - > PING b7 3d 42 eb [binary, 4 bytes]
2023-03-29 11:08:54,484 - DEBUG - < PONG b7 3d 42 eb [binary, 4 bytes]
2023-03-29 11:08:54,486 - DEBUG - % received keepalive pong
2023-03-29 11:09:14,472 - DEBUG - % sending keepalive ping
2023-03-29 11:09:14,472 - DEBUG - > PING aa 09 68 8f [binary, 4 bytes]
2023-03-29 11:09:14,481 - DEBUG - < PONG aa 09 68 8f [binary, 4 bytes]
2023-03-29 11:09:14,488 - DEBUG - % received keepalive pong
2023-03-29 11:09:34,472 - DEBUG - % sending keepalive ping
2023-03-29 11:09:34,472 - DEBUG - > PING d4 04 cd bb [binary, 4 bytes]
2023-03-29 11:09:34,480 - DEBUG - < PONG d4 04 cd bb [binary, 4 bytes]
2023-03-29 11:09:34,487 - DEBUG - % received keepalive pong
2023-03-29 11:09:54,469 - DEBUG - % sending keepalive ping
2023-03-29 11:09:54,469 - DEBUG - > PING ce 20 a9 fe [binary, 4 bytes]
2023-03-29 11:09:54,477 - DEBUG - < PONG ce 20 a9 fe [binary, 4 bytes]
2023-03-29 11:09:54,492 - DEBUG - % received keepalive pong
2023-03-29 11:10:14,479 - DEBUG - % sending keepalive ping
2023-03-29 11:10:14,479 - DEBUG - > PING 90 f7 ab 55 [binary, 4 bytes]
2023-03-29 11:10:14,586 - DEBUG - < PONG 90 f7 ab 55 [binary, 4 bytes]
2023-03-29 11:10:14,591 - DEBUG - % received keepalive pong
2023-03-29 11:10:34,596 - DEBUG - % sending keepalive ping
2023-03-29 11:10:34,597 - DEBUG - > PING 5c ac 9d c1 [binary, 4 bytes]
2023-03-29 11:10:34,607 - DEBUG - < PONG 5c ac 9d c1 [binary, 4 bytes]
2023-03-29 11:10:34,611 - DEBUG - % received keepalive pong
2023-03-29 11:10:54,597 - DEBUG - % sending keepalive ping
2023-03-29 11:10:54,598 - DEBUG - > PING fa 92 6d 7a [binary, 4 bytes]
2023-03-29 11:10:54,610 - DEBUG - < PONG fa 92 6d 7a [binary, 4 bytes]
2023-03-29 11:10:54,614 - DEBUG - % received keepalive pong
2023-03-29 11:11:14,602 - DEBUG - % sending keepalive ping
2023-03-29 11:11:14,602 - DEBUG - > PING a4 ef 27 83 [binary, 4 bytes]
2023-03-29 11:11:14,610 - DEBUG - < PONG a4 ef 27 83 [binary, 4 bytes]
2023-03-29 11:11:14,612 - DEBUG - % received keepalive pong
2023-03-29 11:11:34,592 - DEBUG - % sending keepalive ping
2023-03-29 11:11:34,592 - DEBUG - > PING 8a 01 6e 25 [binary, 4 bytes]
2023-03-29 11:11:34,605 - DEBUG - < PONG 8a 01 6e 25 [binary, 4 bytes]
2023-03-29 11:11:34,608 - DEBUG - % received keepalive pong
2023-03-29 11:11:54,603 - DEBUG - % sending keepalive ping
2023-03-29 11:11:54,603 - DEBUG - > PING 9b e1 7a da [binary, 4 bytes]
2023-03-29 11:11:54,615 - DEBUG - < PONG 9b e1 7a da [binary, 4 bytes]
2023-03-29 11:11:54,619 - DEBUG - % received keepalive pong
2023-03-29 11:12:14,632 - DEBUG - % sending keepalive ping
2023-03-29 11:12:14,632 - DEBUG - > PING ce 84 de 43 [binary, 4 bytes]
2023-03-29 11:12:14,645 - DEBUG - < PONG ce 84 de 43 [binary, 4 bytes]
2023-03-29 11:12:14,648 - DEBUG - % received keepalive pong
2023-03-29 11:12:34,648 - DEBUG - % sending keepalive ping
2023-03-29 11:12:34,648 - DEBUG - > PING e5 69 ad cb [binary, 4 bytes]
2023-03-29 11:12:34,658 - DEBUG - < PONG e5 69 ad cb [binary, 4 bytes]
2023-03-29 11:12:34,660 - DEBUG - % received keepalive pong
2023-03-29 11:12:54,637 - DEBUG - % sending keepalive ping
2023-03-29 11:12:54,637 - DEBUG - > PING 1c cb 24 25 [binary, 4 bytes]
2023-03-29 11:12:54,645 - DEBUG - < PONG 1c cb 24 25 [binary, 4 bytes]
2023-03-29 11:12:54,647 - DEBUG - % received keepalive pong
2023-03-29 11:13:14,641 - DEBUG - % sending keepalive ping
2023-03-29 11:13:14,642 - DEBUG - > PING 6d a0 b2 85 [binary, 4 bytes]
2023-03-29 11:13:14,650 - DEBUG - < PONG 6d a0 b2 85 [binary, 4 bytes]
2023-03-29 11:13:14,653 - DEBUG - % received keepalive pong
2023-03-29 11:13:34,642 - DEBUG - % sending keepalive ping
2023-03-29 11:13:34,642 - DEBUG - > PING '`db9' [text, 4 bytes]
2023-03-29 11:13:34,656 - DEBUG - < PONG '`db9' [text, 4 bytes]
2023-03-29 11:13:34,659 - DEBUG - % received keepalive pong
2023-03-29 11:13:54,639 - DEBUG - % sending keepalive ping
2023-03-29 11:13:54,639 - DEBUG - > PING 26 a1 b7 9b [binary, 4 bytes]
2023-03-29 11:13:54,648 - DEBUG - < PONG 26 a1 b7 9b [binary, 4 bytes]
2023-03-29 11:13:54,651 - DEBUG - % received keepalive pong
2023-03-29 11:14:14,644 - DEBUG - % sending keepalive ping
2023-03-29 11:14:14,645 - DEBUG - > PING 9b a6 da 12 [binary, 4 bytes]
2023-03-29 11:14:14,655 - DEBUG - < PONG 9b a6 da 12 [binary, 4 bytes]
2023-03-29 11:14:14,659 - DEBUG - % received keepalive pong
2023-03-29 11:14:34,643 - DEBUG - % sending keepalive ping
2023-03-29 11:14:34,644 - DEBUG - > PING 7c 8d a0 30 [binary, 4 bytes]
2023-03-29 11:14:34,652 - DEBUG - < PONG 7c 8d a0 30 [binary, 4 bytes]
2023-03-29 11:14:34,655 - DEBUG - % received keepalive pong
2023-03-29 11:14:54,647 - DEBUG - % sending keepalive ping
2023-03-29 11:14:54,647 - DEBUG - > PING ad 75 d0 2a [binary, 4 bytes]
2023-03-29 11:14:54,657 - DEBUG - < PONG ad 75 d0 2a [binary, 4 bytes]
2023-03-29 11:14:54,661 - DEBUG - % received keepalive pong
2023-03-29 11:15:14,650 - DEBUG - % sending keepalive ping
2023-03-29 11:15:14,650 - DEBUG - > PING 8a ae e5 43 [binary, 4 bytes]
2023-03-29 11:15:14,665 - DEBUG - < PONG 8a ae e5 43 [binary, 4 bytes]
2023-03-29 11:15:14,675 - DEBUG - % received keepalive pong
2023-03-29 11:15:41,068 - DEBUG - % sending keepalive ping
2023-03-29 11:15:41,068 - DEBUG - > PING 15 fe 95 44 [binary, 4 bytes]
2023-03-29 11:15:41,076 - DEBUG - < PONG 15 fe 95 44 [binary, 4 bytes]
2023-03-29 11:15:41,079 - DEBUG - % received keepalive pong
2023-03-29 11:16:01,064 - DEBUG - % sending keepalive ping
2023-03-29 11:16:01,064 - DEBUG - > PING 01 3f b0 2b [binary, 4 bytes]
2023-03-29 11:16:01,072 - DEBUG - < PONG 01 3f b0 2b [binary, 4 bytes]
2023-03-29 11:16:01,075 - DEBUG - % received keepalive pong
2023-03-29 11:16:30,118 - DEBUG - = connection is CONNECTING
2023-03-29 11:16:30,157 - DEBUG - > GET /ocpp16/ELA007C05/EVSCA050002 HTTP/1.1
2023-03-29 11:16:30,157 - DEBUG - > Host: ws.devevspcharger.uplus.co.kr
2023-03-29 11:16:30,157 - DEBUG - > Upgrade: websocket
2023-03-29 11:16:30,157 - DEBUG - > Connection: Upgrade
2023-03-29 11:16:30,158 - DEBUG - > Sec-WebSocket-Key: 1/3nlIaGajTfvWYRrowBrw==
2023-03-29 11:16:30,158 - DEBUG - > Sec-WebSocket-Version: 13
2023-03-29 11:16:30,158 - DEBUG - > Sec-WebSocket-Extensions: permessage-deflate; client_max_window_bits
2023-03-29 11:16:30,158 - DEBUG - > Sec-WebSocket-Protocol: ocpp1.6
2023-03-29 11:16:30,158 - DEBUG - > Authorization: Basic RVZBUjpFVkFSTEdV
2023-03-29 11:16:30,158 - DEBUG - > User-Agent: Python/3.11 websockets/10.4
2023-03-29 11:16:30,665 - DEBUG - < HTTP/1.1 101 Switching Protocols
2023-03-29 11:16:30,665 - DEBUG - < Connection: upgrade
2023-03-29 11:16:30,665 - DEBUG - < Date: Wed, 29 Mar 2023 02:16:26 GMT
2023-03-29 11:16:30,665 - DEBUG - < sec-websocket-protocol: ocpp1.6
2023-03-29 11:16:30,665 - DEBUG - < upgrade: websocket
2023-03-29 11:16:30,666 - DEBUG - < sec-websocket-accept: lrdTV9xVg4+L02iyY8ok3a/RPb4=
2023-03-29 11:16:30,666 - DEBUG - < sec-websocket-extensions: permessage-deflate
2023-03-29 11:16:30,667 - DEBUG - < X-Cache: Miss from cloudfront
2023-03-29 11:16:30,667 - DEBUG - < Via: 1.1 55a59d7976b41c233ff2e682cdd3901e.cloudfront.net (CloudFront)
2023-03-29 11:16:30,668 - DEBUG - < X-Amz-Cf-Pop: ICN57-P2
2023-03-29 11:16:30,668 - DEBUG - < X-Amz-Cf-Id: om8bCzVlg8M0n3857SRsem6UVzD6pxdty9EZyEr22jxhDd5CgAdHRA==
2023-03-29 11:16:30,668 - DEBUG - = connection is OPEN
2023-03-29 11:16:30,694 - DEBUG - > TEXT '[2, "9917aad4-7160-4897-af77-9d0a2c040f41", "Bo...ePointVendor": "EVAR"}]' [127 bytes]
2023-03-29 11:16:31,081 - DEBUG - < TEXT '[3, "9917aad4-7160-4897-af77-9d0a2c040f41", {"s...27Z", "interval": 600}]' [123 bytes]
2023-03-29 11:16:31,168 - DEBUG - Starting new HTTPS connection (1): 8b434254zg.execute-api.ap-northeast-2.amazonaws.com:443
2023-03-29 11:16:32,584 - DEBUG - https://8b434254zg.execute-api.ap-northeast-2.amazonaws.com:443 "POST /dev/ioc HTTP/1.1" 200 196
2023-03-29 11:16:32,616 - DEBUG - < TEXT '[2, "49f231fd-fb36-446a-8e14-5a9c8ca138df", "Re...rvationId": 120533082}]' [151 bytes]
2023-03-29 11:16:32,634 - DEBUG - = connection is CLOSING
2023-03-29 11:16:32,635 - DEBUG - > CLOSE 1000 (OK) [2 bytes]
2023-03-29 11:16:32,644 - DEBUG - < CLOSE 1000 (OK) [2 bytes]
2023-03-29 11:16:32,647 - DEBUG - = connection is CLOSED
2023-03-29 11:17:58,373 - DEBUG - = connection is CONNECTING
2023-03-29 11:17:58,404 - DEBUG - > GET /ocpp16/ELA007C05/EVSCA050002 HTTP/1.1
2023-03-29 11:17:58,404 - DEBUG - > Host: ws.devevspcharger.uplus.co.kr
2023-03-29 11:17:58,404 - DEBUG - > Upgrade: websocket
2023-03-29 11:17:58,404 - DEBUG - > Connection: Upgrade
2023-03-29 11:17:58,404 - DEBUG - > Sec-WebSocket-Key: MxeHdSplWTQGqqeWLRDa6A==
2023-03-29 11:17:58,404 - DEBUG - > Sec-WebSocket-Version: 13
2023-03-29 11:17:58,405 - DEBUG - > Sec-WebSocket-Extensions: permessage-deflate; client_max_window_bits
2023-03-29 11:17:58,405 - DEBUG - > Sec-WebSocket-Protocol: ocpp1.6
2023-03-29 11:17:58,405 - DEBUG - > Authorization: Basic RVZBUjpFVkFSTEdV
2023-03-29 11:17:58,405 - DEBUG - > User-Agent: Python/3.11 websockets/10.4
2023-03-29 11:17:58,927 - DEBUG - < HTTP/1.1 101 Switching Protocols
2023-03-29 11:17:58,927 - DEBUG - < Connection: upgrade
2023-03-29 11:17:58,928 - DEBUG - < Date: Wed, 29 Mar 2023 02:17:55 GMT
2023-03-29 11:17:58,928 - DEBUG - < sec-websocket-protocol: ocpp1.6
2023-03-29 11:17:58,928 - DEBUG - < upgrade: websocket
2023-03-29 11:17:58,928 - DEBUG - < sec-websocket-accept: mSslkMrWohgM9zSki/NwkGeybPk=
2023-03-29 11:17:58,928 - DEBUG - < sec-websocket-extensions: permessage-deflate
2023-03-29 11:17:58,928 - DEBUG - < X-Cache: Miss from cloudfront
2023-03-29 11:17:58,928 - DEBUG - < Via: 1.1 47d972c0543b96b8ef5a6c3258e80bf0.cloudfront.net (CloudFront)
2023-03-29 11:17:58,928 - DEBUG - < X-Amz-Cf-Pop: ICN57-P2
2023-03-29 11:17:58,928 - DEBUG - < X-Amz-Cf-Id: oZOzwOEghFxGTTWpo_sF-GeQ7mlbPuF1re-6a4JhT8dXk3XR9oHzpA==
2023-03-29 11:17:58,928 - DEBUG - = connection is OPEN
2023-03-29 11:17:58,968 - DEBUG - > TEXT '[2, "60e13125-ce9f-4404-a30c-10dfeff8a823", "Bo...ePointVendor": "EVAR"}]' [127 bytes]
2023-03-29 11:17:59,201 - DEBUG - < TEXT '[3, "60e13125-ce9f-4404-a30c-10dfeff8a823", {"s...55Z", "interval": 600}]' [123 bytes]
2023-03-29 11:17:59,240 - DEBUG - Starting new HTTPS connection (1): 8b434254zg.execute-api.ap-northeast-2.amazonaws.com:443
2023-03-29 11:17:59,825 - DEBUG - https://8b434254zg.execute-api.ap-northeast-2.amazonaws.com:443 "POST /dev/ioc HTTP/1.1" 200 217
2023-03-29 11:17:59,860 - DEBUG - < TEXT '[2, "0790eb07-e140-49d3-a032-cc5600ad210e", "Re...rvationId": 120533082}]' [172 bytes]
2023-03-29 11:17:59,863 - DEBUG - > TEXT '[3, "0790eb07-e140-49d3-a032-cc5600ad210e", {"status": "Accepted"}]' [67 bytes]
2023-03-29 11:18:00,065 - DEBUG - < TEXT '' [0 bytes]
2023-03-29 11:18:00,094 - DEBUG - > TEXT '[2, "60e13125-ce9f-4404-a30c-10dfeff8a823", "St... "status": "Reserved"}]' [131 bytes]
2023-03-29 11:18:00,303 - DEBUG - < TEXT '[3, "60e13125-ce9f-4404-a30c-10dfeff8a823", {}]' [47 bytes]
2023-03-29 11:18:00,344 - DEBUG - Starting new HTTPS connection (1): 8b434254zg.execute-api.ap-northeast-2.amazonaws.com:443
2023-03-29 11:18:00,723 - DEBUG - https://8b434254zg.execute-api.ap-northeast-2.amazonaws.com:443 "POST /dev/ioc HTTP/1.1" 200 77
2023-03-29 11:18:18,938 - DEBUG - % sending keepalive ping
2023-03-29 11:18:18,938 - DEBUG - > PING ':x}l' [text, 4 bytes]
2023-03-29 11:18:18,947 - DEBUG - < PONG ':x}l' [text, 4 bytes]
2023-03-29 11:18:18,951 - DEBUG - % received keepalive pong
2023-03-29 11:18:38,938 - DEBUG - % sending keepalive ping
2023-03-29 11:18:38,939 - DEBUG - > PING ff 41 b1 73 [binary, 4 bytes]
2023-03-29 11:18:38,948 - DEBUG - < PONG ff 41 b1 73 [binary, 4 bytes]
2023-03-29 11:18:38,955 - DEBUG - % received keepalive pong
2023-03-29 11:18:58,942 - DEBUG - % sending keepalive ping
2023-03-29 11:18:58,942 - DEBUG - > PING 'kX\u0274' [text, 4 bytes]
2023-03-29 11:18:58,968 - DEBUG - < PONG 'kX\u0274' [text, 4 bytes]
2023-03-29 11:18:58,973 - DEBUG - % received keepalive pong
2023-03-29 11:19:18,973 - DEBUG - % sending keepalive ping
2023-03-29 11:19:18,973 - DEBUG - > PING ca ed 88 bb [binary, 4 bytes]
2023-03-29 11:19:18,982 - DEBUG - < PONG ca ed 88 bb [binary, 4 bytes]
2023-03-29 11:19:18,984 - DEBUG - % received keepalive pong
2023-03-29 11:19:38,976 - DEBUG - % sending keepalive ping
2023-03-29 11:19:38,976 - DEBUG - > PING aa 6c f3 c0 [binary, 4 bytes]
2023-03-29 11:19:38,984 - DEBUG - < PONG aa 6c f3 c0 [binary, 4 bytes]
2023-03-29 11:19:38,986 - DEBUG - % received keepalive pong
2023-03-29 11:19:58,974 - DEBUG - % sending keepalive ping
2023-03-29 11:19:58,975 - DEBUG - > PING b0 34 b3 71 [binary, 4 bytes]
2023-03-29 11:19:58,983 - DEBUG - < PONG b0 34 b3 71 [binary, 4 bytes]
2023-03-29 11:19:58,987 - DEBUG - % received keepalive pong
2023-03-29 11:20:18,977 - DEBUG - % sending keepalive ping
2023-03-29 11:20:18,977 - DEBUG - > PING 57 4c d9 3c [binary, 4 bytes]
2023-03-29 11:20:18,987 - DEBUG - < PONG 57 4c d9 3c [binary, 4 bytes]
2023-03-29 11:20:18,990 - DEBUG - % received keepalive pong
2023-03-29 11:20:38,975 - DEBUG - % sending keepalive ping
2023-03-29 11:20:38,976 - DEBUG - > PING 87 26 e5 aa [binary, 4 bytes]
2023-03-29 11:20:38,988 - DEBUG - < PONG 87 26 e5 aa [binary, 4 bytes]
2023-03-29 11:20:38,991 - DEBUG - % received keepalive pong
2023-03-29 11:20:58,976 - DEBUG - % sending keepalive ping
2023-03-29 11:20:58,976 - DEBUG - > PING 1e 5b b3 f2 [binary, 4 bytes]
2023-03-29 11:20:58,985 - DEBUG - < PONG 1e 5b b3 f2 [binary, 4 bytes]
2023-03-29 11:20:58,989 - DEBUG - % received keepalive pong
2023-03-29 11:21:18,978 - DEBUG - % sending keepalive ping
2023-03-29 11:21:18,979 - DEBUG - > PING 18 c5 ed 5d [binary, 4 bytes]
2023-03-29 11:21:18,988 - DEBUG - < PONG 18 c5 ed 5d [binary, 4 bytes]
2023-03-29 11:21:18,989 - DEBUG - % received keepalive pong
2023-03-29 11:21:38,968 - DEBUG - % sending keepalive ping
2023-03-29 11:21:38,968 - DEBUG - > PING c4 d2 b4 bf [binary, 4 bytes]
2023-03-29 11:21:38,977 - DEBUG - < PONG c4 d2 b4 bf [binary, 4 bytes]
2023-03-29 11:21:38,979 - DEBUG - % received keepalive pong
2023-03-29 11:21:58,969 - DEBUG - % sending keepalive ping
2023-03-29 11:21:58,970 - DEBUG - > PING a6 28 ee 8e [binary, 4 bytes]
2023-03-29 11:21:58,979 - DEBUG - < PONG a6 28 ee 8e [binary, 4 bytes]
2023-03-29 11:21:58,983 - DEBUG - % received keepalive pong
2023-03-29 11:22:18,973 - DEBUG - % sending keepalive ping
2023-03-29 11:22:18,973 - DEBUG - > PING d4 f4 0b c2 [binary, 4 bytes]
2023-03-29 11:22:18,982 - DEBUG - < PONG d4 f4 0b c2 [binary, 4 bytes]
2023-03-29 11:22:18,985 - DEBUG - % received keepalive pong
2023-03-29 11:22:38,974 - DEBUG - % sending keepalive ping
2023-03-29 11:22:38,974 - DEBUG - > PING 62 cf 1a 97 [binary, 4 bytes]
2023-03-29 11:22:39,794 - DEBUG - < PONG 62 cf 1a 97 [binary, 4 bytes]
2023-03-29 11:22:39,799 - DEBUG - % received keepalive pong
2023-03-29 11:22:59,800 - DEBUG - % sending keepalive ping
2023-03-29 11:22:59,800 - DEBUG - > PING b0 b7 21 ff [binary, 4 bytes]
2023-03-29 11:22:59,811 - DEBUG - < PONG b0 b7 21 ff [binary, 4 bytes]
2023-03-29 11:22:59,824 - DEBUG - % received keepalive pong
2023-03-29 11:23:19,818 - DEBUG - % sending keepalive ping
2023-03-29 11:23:19,818 - DEBUG - > PING 0d ef 96 fa [binary, 4 bytes]
2023-03-29 11:23:19,827 - DEBUG - < PONG 0d ef 96 fa [binary, 4 bytes]
2023-03-29 11:23:19,831 - DEBUG - % received keepalive pong
2023-03-29 11:23:39,820 - DEBUG - % sending keepalive ping
2023-03-29 11:23:39,820 - DEBUG - > PING '6S*1' [text, 4 bytes]
2023-03-29 11:23:39,829 - DEBUG - < PONG '6S*1' [text, 4 bytes]
2023-03-29 11:23:39,832 - DEBUG - % received keepalive pong
2023-03-29 11:23:59,809 - DEBUG - % sending keepalive ping
2023-03-29 11:23:59,809 - DEBUG - > PING e2 dc f4 8b [binary, 4 bytes]
2023-03-29 11:23:59,819 - DEBUG - < PONG e2 dc f4 8b [binary, 4 bytes]
2023-03-29 11:23:59,825 - DEBUG - % received keepalive pong
2023-03-29 11:24:19,810 - DEBUG - % sending keepalive ping
2023-03-29 11:24:19,810 - DEBUG - > PING '\x15j\u0128' [text, 4 bytes]
2023-03-29 11:24:19,824 - DEBUG - < PONG '\x15j\u0128' [text, 4 bytes]
2023-03-29 11:24:19,834 - DEBUG - % received keepalive pong
2023-03-29 11:24:39,811 - DEBUG - % sending keepalive ping
2023-03-29 11:24:39,811 - DEBUG - > PING '~\x15\x10\x1c' [text, 4 bytes]
2023-03-29 11:24:39,820 - DEBUG - < PONG '~\x15\x10\x1c' [text, 4 bytes]
2023-03-29 11:24:39,822 - DEBUG - % received keepalive pong
2023-03-29 11:24:59,826 - DEBUG - % sending keepalive ping
2023-03-29 11:24:59,826 - DEBUG - > PING a1 98 20 19 [binary, 4 bytes]
2023-03-29 11:24:59,834 - DEBUG - < PONG a1 98 20 19 [binary, 4 bytes]
2023-03-29 11:24:59,837 - DEBUG - % received keepalive pong
2023-03-29 11:25:19,810 - DEBUG - % sending keepalive ping
2023-03-29 11:25:19,810 - DEBUG - > PING 7a b8 ff 9c [binary, 4 bytes]
2023-03-29 11:25:19,821 - DEBUG - < PONG 7a b8 ff 9c [binary, 4 bytes]
2023-03-29 11:25:19,825 - DEBUG - % received keepalive pong
2023-03-29 11:25:39,812 - DEBUG - % sending keepalive ping
2023-03-29 11:25:39,812 - DEBUG - > PING 32 ae 56 ce [binary, 4 bytes]
2023-03-29 11:25:39,824 - DEBUG - < PONG 32 ae 56 ce [binary, 4 bytes]
2023-03-29 11:25:39,834 - DEBUG - % received keepalive pong
2023-03-29 11:25:59,819 - DEBUG - % sending keepalive ping
2023-03-29 11:25:59,819 - DEBUG - > PING 4d df e4 c6 [binary, 4 bytes]
2023-03-29 11:25:59,827 - DEBUG - < PONG 4d df e4 c6 [binary, 4 bytes]
2023-03-29 11:25:59,830 - DEBUG - % received keepalive pong
2023-03-29 11:26:19,819 - DEBUG - % sending keepalive ping
2023-03-29 11:26:19,819 - DEBUG - > PING 8b 53 52 97 [binary, 4 bytes]
2023-03-29 11:26:19,836 - DEBUG - < PONG 8b 53 52 97 [binary, 4 bytes]
2023-03-29 11:26:19,840 - DEBUG - % received keepalive pong
2023-03-29 11:26:39,848 - DEBUG - % sending keepalive ping
2023-03-29 11:26:39,848 - DEBUG - > PING 12 95 3f eb [binary, 4 bytes]
2023-03-29 11:26:39,857 - DEBUG - < PONG 12 95 3f eb [binary, 4 bytes]
2023-03-29 11:26:39,860 - DEBUG - % received keepalive pong
2023-03-29 11:26:59,850 - DEBUG - % sending keepalive ping
2023-03-29 11:26:59,851 - DEBUG - > PING 69 6f 44 ba [binary, 4 bytes]
2023-03-29 11:26:59,864 - DEBUG - < PONG 69 6f 44 ba [binary, 4 bytes]
2023-03-29 11:26:59,866 - DEBUG - % received keepalive pong
2023-03-29 11:27:19,849 - DEBUG - % sending keepalive ping
2023-03-29 11:27:19,849 - DEBUG - > PING 'T_%7' [text, 4 bytes]
2023-03-29 11:27:19,858 - DEBUG - < PONG 'T_%7' [text, 4 bytes]
2023-03-29 11:27:19,863 - DEBUG - % received keepalive pong
2023-03-29 11:27:39,849 - DEBUG - % sending keepalive ping
2023-03-29 11:27:39,850 - DEBUG - > PING b9 0c 4d 64 [binary, 4 bytes]
2023-03-29 11:27:39,858 - DEBUG - < PONG b9 0c 4d 64 [binary, 4 bytes]
2023-03-29 11:27:39,861 - DEBUG - % received keepalive pong
2023-03-29 11:27:59,850 - DEBUG - % sending keepalive ping
2023-03-29 11:27:59,850 - DEBUG - > PING bb ce 38 e9 [binary, 4 bytes]
2023-03-29 11:27:59,858 - DEBUG - < PONG bb ce 38 e9 [binary, 4 bytes]
2023-03-29 11:27:59,861 - DEBUG - % received keepalive pong
2023-03-29 11:28:00,773 - DEBUG - = connection is CLOSING
2023-03-29 11:28:00,774 - DEBUG - > CLOSE 1000 (OK) [2 bytes]
2023-03-29 11:28:00,782 - DEBUG - < CLOSE 1000 (OK) [2 bytes]
2023-03-29 11:28:00,787 - DEBUG - = connection is CLOSED
2023-03-29 12:29:30,466 - DEBUG - = connection is CONNECTING
2023-03-29 12:29:30,502 - DEBUG - > GET /ocpp16/ELA007C05/EVSCA050002 HTTP/1.1
2023-03-29 12:29:30,502 - DEBUG - > Host: ws.devevspcharger.uplus.co.kr
2023-03-29 12:29:30,502 - DEBUG - > Upgrade: websocket
2023-03-29 12:29:30,502 - DEBUG - > Connection: Upgrade
2023-03-29 12:29:30,502 - DEBUG - > Sec-WebSocket-Key: GjqXAJyI0RZYqvx6GzMpCA==
2023-03-29 12:29:30,502 - DEBUG - > Sec-WebSocket-Version: 13
2023-03-29 12:29:30,502 - DEBUG - > Sec-WebSocket-Extensions: permessage-deflate; client_max_window_bits
2023-03-29 12:29:30,502 - DEBUG - > Sec-WebSocket-Protocol: ocpp1.6
2023-03-29 12:29:30,503 - DEBUG - > Authorization: Basic RVZBUjpFVkFSTEdV
2023-03-29 12:29:30,503 - DEBUG - > User-Agent: Python/3.11 websockets/10.4
2023-03-29 12:29:31,882 - DEBUG - < HTTP/1.1 101 Switching Protocols
2023-03-29 12:29:31,882 - DEBUG - < Connection: upgrade
2023-03-29 12:29:31,882 - DEBUG - < Date: Wed, 29 Mar 2023 03:29:28 GMT
2023-03-29 12:29:31,883 - DEBUG - < sec-websocket-protocol: ocpp1.6
2023-03-29 12:29:31,883 - DEBUG - < upgrade: websocket
2023-03-29 12:29:31,883 - DEBUG - < sec-websocket-accept: dKRzsaqVitHbR6IPtDC6GD8vDM4=
2023-03-29 12:29:31,883 - DEBUG - < sec-websocket-extensions: permessage-deflate
2023-03-29 12:29:31,883 - DEBUG - < X-Cache: Miss from cloudfront
2023-03-29 12:29:31,883 - DEBUG - < Via: 1.1 55a59d7976b41c233ff2e682cdd3901e.cloudfront.net (CloudFront)
2023-03-29 12:29:31,883 - DEBUG - < X-Amz-Cf-Pop: ICN57-P2
2023-03-29 12:29:31,883 - DEBUG - < X-Amz-Cf-Id: BVYwlmOQI4tLW8PZBCQbauvZyqRYm1GitByvCfVf7gtlIEeGQ0dQ9w==
2023-03-29 12:29:31,883 - DEBUG - = connection is OPEN
2023-03-29 12:29:32,002 - DEBUG - > TEXT '[2, "56a9a716-793b-43be-a506-ec5dfe031329", "Bo...ePointVendor": "EVAR"}]' [127 bytes]
2023-03-29 12:29:32,709 - DEBUG - < TEXT '[3, "56a9a716-793b-43be-a506-ec5dfe031329", {"s...28Z", "interval": 600}]' [123 bytes]
2023-03-29 12:29:32,856 - DEBUG - Starting new HTTPS connection (1): 8b434254zg.execute-api.ap-northeast-2.amazonaws.com:443
2023-03-29 12:29:34,367 - DEBUG - https://8b434254zg.execute-api.ap-northeast-2.amazonaws.com:443 "POST /dev/ioc HTTP/1.1" 200 217
2023-03-29 12:29:34,399 - DEBUG - < TEXT '[2, "df5e46b9-3cfd-4c51-8cad-1e6ec4642159", "Re...rvationId": 120533082}]' [172 bytes]
2023-03-29 12:29:34,413 - DEBUG - > TEXT '[3, "df5e46b9-3cfd-4c51-8cad-1e6ec4642159", {"status": "Accepted"}]' [67 bytes]
2023-03-29 12:29:34,609 - DEBUG - < TEXT '' [0 bytes]
2023-03-29 12:29:34,645 - DEBUG - > TEXT '[2, "56a9a716-793b-43be-a506-ec5dfe031329", "St... "status": "Reserved"}]' [131 bytes]
2023-03-29 12:29:34,838 - DEBUG - < TEXT '[3, "56a9a716-793b-43be-a506-ec5dfe031329", {}]' [47 bytes]
2023-03-29 12:29:34,874 - DEBUG - Starting new HTTPS connection (1): 8b434254zg.execute-api.ap-northeast-2.amazonaws.com:443
2023-03-29 12:29:35,281 - DEBUG - https://8b434254zg.execute-api.ap-northeast-2.amazonaws.com:443 "POST /dev/ioc HTTP/1.1" 200 139
2023-03-29 12:29:35,367 - DEBUG - < TEXT '[2, "13728438-9c49-4ad5-9a58-853916106b40", "Ca...rvationId": 120533082}]' [94 bytes]
2023-03-29 12:29:35,375 - DEBUG - > TEXT '[2, "13728438-9c49-4ad5-9a58-853916106b40", {"status": "Accepted"}]' [67 bytes]
2023-03-29 12:29:35,411 - DEBUG - < TEXT '{"message": "Internal server error", "connectio...Id":"ChiIXEd5oE0Fm_A="}' [103 bytes]
2023-03-29 12:29:35,470 - DEBUG - > TEXT '[2, "d700428a-3fc0-46dd-88af-7fc8f2281fd0", "St..."status": "Available"}]' [132 bytes]
2023-03-29 12:29:35,670 - DEBUG - < TEXT '[3, "d700428a-3fc0-46dd-88af-7fc8f2281fd0", {}]' [47 bytes]
2023-03-29 12:29:35,688 - DEBUG - = connection is CLOSING
2023-03-29 12:29:35,688 - DEBUG - > CLOSE 1000 (OK) [2 bytes]
2023-03-29 12:29:35,697 - DEBUG - < CLOSE 1000 (OK) [2 bytes]
2023-03-29 12:29:35,702 - DEBUG - = connection is CLOSED
2023-03-29 12:30:00,839 - DEBUG - = connection is CONNECTING
2023-03-29 12:30:00,871 - DEBUG - > GET /ocpp16/ELA007C05/EVSCA050002 HTTP/1.1
2023-03-29 12:30:00,872 - DEBUG - > Host: ws.devevspcharger.uplus.co.kr
2023-03-29 12:30:00,872 - DEBUG - > Upgrade: websocket
2023-03-29 12:30:00,872 - DEBUG - > Connection: Upgrade
2023-03-29 12:30:00,872 - DEBUG - > Sec-WebSocket-Key: 6SFKOy11g/1s5vI+mcO6pQ==
2023-03-29 12:30:00,872 - DEBUG - > Sec-WebSocket-Version: 13
2023-03-29 12:30:00,872 - DEBUG - > Sec-WebSocket-Extensions: permessage-deflate; client_max_window_bits
2023-03-29 12:30:00,872 - DEBUG - > Sec-WebSocket-Protocol: ocpp1.6
2023-03-29 12:30:00,873 - DEBUG - > Authorization: Basic RVZBUjpFVkFSTEdV
2023-03-29 12:30:00,873 - DEBUG - > User-Agent: Python/3.11 websockets/10.4
2023-03-29 12:30:01,104 - DEBUG - < HTTP/1.1 101 Switching Protocols
2023-03-29 12:30:01,104 - DEBUG - < Connection: upgrade
2023-03-29 12:30:01,105 - DEBUG - < Date: Wed, 29 Mar 2023 03:29:57 GMT
2023-03-29 12:30:01,105 - DEBUG - < sec-websocket-protocol: ocpp1.6
2023-03-29 12:30:01,105 - DEBUG - < upgrade: websocket
2023-03-29 12:30:01,105 - DEBUG - < sec-websocket-accept: Ld2wggcTqOFA/ryORSWw3yjvaVE=
2023-03-29 12:30:01,105 - DEBUG - < sec-websocket-extensions: permessage-deflate
2023-03-29 12:30:01,105 - DEBUG - < X-Cache: Miss from cloudfront
2023-03-29 12:30:01,105 - DEBUG - < Via: 1.1 b92faae7242f31be9bfc0ec3d134dfce.cloudfront.net (CloudFront)
2023-03-29 12:30:01,105 - DEBUG - < X-Amz-Cf-Pop: ICN57-P2
2023-03-29 12:30:01,105 - DEBUG - < X-Amz-Cf-Id: RvJ4GDkHsCF8IZK0gq5H0A6flfFNrbMGF9CF82R8qx-YEOJimyKVjg==
2023-03-29 12:30:01,106 - DEBUG - = connection is OPEN
2023-03-29 12:30:01,133 - DEBUG - > TEXT '[2, "60493800-2526-4987-96b6-92aa13231299", "Bo...ePointVendor": "EVAR"}]' [127 bytes]
2023-03-29 12:30:01,349 - DEBUG - < TEXT '[3, "60493800-2526-4987-96b6-92aa13231299", {"s...57Z", "interval": 600}]' [123 bytes]
2023-03-29 12:30:01,385 - DEBUG - Starting new HTTPS connection (1): 8b434254zg.execute-api.ap-northeast-2.amazonaws.com:443
2023-03-29 12:30:01,802 - DEBUG - https://8b434254zg.execute-api.ap-northeast-2.amazonaws.com:443 "POST /dev/ioc HTTP/1.1" 200 217
2023-03-29 12:30:01,843 - DEBUG - < TEXT '[2, "003f2fef-401e-4a3b-825a-6f0feb3d714a", "Re...rvationId": 120533082}]' [172 bytes]
2023-03-29 12:30:01,851 - DEBUG - > TEXT '[3, "003f2fef-401e-4a3b-825a-6f0feb3d714a", {"status": "Accepted"}]' [67 bytes]
2023-03-29 12:30:02,049 - DEBUG - < TEXT '' [0 bytes]
2023-03-29 12:30:02,081 - DEBUG - > TEXT '[2, "fa752d3d-a1af-4989-94ce-2ef7a203de1c", "St... "status": "Reserved"}]' [131 bytes]
2023-03-29 12:30:02,289 - DEBUG - < TEXT '[3, "fa752d3d-a1af-4989-94ce-2ef7a203de1c", {}]' [47 bytes]
2023-03-29 12:30:02,318 - DEBUG - Starting new HTTPS connection (1): 8b434254zg.execute-api.ap-northeast-2.amazonaws.com:443
2023-03-29 12:30:02,743 - DEBUG - https://8b434254zg.execute-api.ap-northeast-2.amazonaws.com:443 "POST /dev/ioc HTTP/1.1" 200 139
2023-03-29 12:30:02,890 - DEBUG - < TEXT '[2, "bc072699-6faf-4a0f-8162-bdc7e2557072", "Ca...rvationId": 120533082}]' [94 bytes]
2023-03-29 12:30:02,894 - DEBUG - > TEXT '[2, "bc072699-6faf-4a0f-8162-bdc7e2557072", {"status": "Accepted"}]' [67 bytes]
2023-03-29 12:30:02,931 - DEBUG - < TEXT '{"message": "Internal server error", "connectio...Id":"ChiMqH8sIE0FYug="}' [103 bytes]
2023-03-29 12:30:02,986 - DEBUG - > TEXT '[2, "f52011ee-17d5-4857-8bd7-e8c22d73e60e", "St..."status": "Available"}]' [132 bytes]
2023-03-29 12:30:03,171 - DEBUG - < TEXT '[3, "f52011ee-17d5-4857-8bd7-e8c22d73e60e", {}]' [47 bytes]
2023-03-29 12:30:03,185 - DEBUG - = connection is CLOSING
2023-03-29 12:30:03,185 - DEBUG - > CLOSE 1000 (OK) [2 bytes]
2023-03-29 12:30:03,191 - DEBUG - < CLOSE 1000 (OK) [2 bytes]
2023-03-29 12:30:03,194 - DEBUG - = connection is CLOSED
2023-03-29 12:32:11,867 - DEBUG - = connection is CONNECTING
2023-03-29 12:32:11,898 - DEBUG - > GET /ocpp16/ELA007C05/EVSCA050002 HTTP/1.1
2023-03-29 12:32:11,898 - DEBUG - > Host: ws.devevspcharger.uplus.co.kr
2023-03-29 12:32:11,899 - DEBUG - > Upgrade: websocket
2023-03-29 12:32:11,899 - DEBUG - > Connection: Upgrade
2023-03-29 12:32:11,899 - DEBUG - > Sec-WebSocket-Key: 42ppKR1/XHu8Mx6UO5OMYg==
2023-03-29 12:32:11,899 - DEBUG - > Sec-WebSocket-Version: 13
2023-03-29 12:32:11,899 - DEBUG - > Sec-WebSocket-Extensions: permessage-deflate; client_max_window_bits
2023-03-29 12:32:11,900 - DEBUG - > Sec-WebSocket-Protocol: ocpp1.6
2023-03-29 12:32:11,900 - DEBUG - > Authorization: Basic RVZBUjpFVkFSTEdV
2023-03-29 12:32:11,900 - DEBUG - > User-Agent: Python/3.11 websockets/10.4
2023-03-29 12:32:12,648 - DEBUG - < HTTP/1.1 101 Switching Protocols
2023-03-29 12:32:12,648 - DEBUG - < Connection: upgrade
2023-03-29 12:32:12,648 - DEBUG - < Date: Wed, 29 Mar 2023 03:32:08 GMT
2023-03-29 12:32:12,648 - DEBUG - < sec-websocket-protocol: ocpp1.6
2023-03-29 12:32:12,648 - DEBUG - < upgrade: websocket
2023-03-29 12:32:12,649 - DEBUG - < sec-websocket-accept: pXI7LuPIEkgE53MUN3KwdZvmQ1Q=
2023-03-29 12:32:12,649 - DEBUG - < sec-websocket-extensions: permessage-deflate
2023-03-29 12:32:12,649 - DEBUG - < X-Cache: Miss from cloudfront
2023-03-29 12:32:12,649 - DEBUG - < Via: 1.1 bab1895e0b0b8d2cc8c02eee5d24db78.cloudfront.net (CloudFront)
2023-03-29 12:32:12,649 - DEBUG - < X-Amz-Cf-Pop: ICN57-P2
2023-03-29 12:32:12,649 - DEBUG - < X-Amz-Cf-Id: GaJCoJwXguHFIelNysqsO24T9WK2-x_Ami2nZOeHSIEtXqtlhydfUg==
2023-03-29 12:32:12,649 - DEBUG - = connection is OPEN
2023-03-29 12:32:12,677 - DEBUG - > TEXT '[2, "ce9c8060-246a-47dd-beb5-ad93af78452c", "Bo...ePointVendor": "EVAR"}]' [127 bytes]
2023-03-29 12:32:13,095 - DEBUG - < TEXT '[3, "ce9c8060-246a-47dd-beb5-ad93af78452c", {"s...09Z", "interval": 600}]' [123 bytes]
2023-03-29 12:32:13,127 - DEBUG - Starting new HTTPS connection (1): 8b434254zg.execute-api.ap-northeast-2.amazonaws.com:443
2023-03-29 12:32:13,763 - DEBUG - https://8b434254zg.execute-api.ap-northeast-2.amazonaws.com:443 "POST /dev/ioc HTTP/1.1" 200 217
2023-03-29 12:32:13,820 - DEBUG - < TEXT '[2, "337bc79b-dec8-4d6d-b075-805101572947", "Re...rvationId": 120533082}]' [172 bytes]
2023-03-29 12:32:13,825 - DEBUG - > TEXT '[3, "337bc79b-dec8-4d6d-b075-805101572947", {"status": "Accepted"}]' [67 bytes]
2023-03-29 12:32:14,035 - DEBUG - < TEXT '' [0 bytes]
2023-03-29 12:32:14,068 - DEBUG - > TEXT '[2, "ce9c8060-246a-47dd-beb5-ad93af78452c", "St... "status": "Reserved"}]' [131 bytes]
2023-03-29 12:32:14,251 - DEBUG - < TEXT '[3, "ce9c8060-246a-47dd-beb5-ad93af78452c", {}]' [47 bytes]
2023-03-29 12:32:14,288 - DEBUG - Starting new HTTPS connection (1): 8b434254zg.execute-api.ap-northeast-2.amazonaws.com:443
2023-03-29 12:32:14,722 - DEBUG - https://8b434254zg.execute-api.ap-northeast-2.amazonaws.com:443 "POST /dev/ioc HTTP/1.1" 200 139
2023-03-29 12:32:14,781 - DEBUG - < TEXT '[2, "a392392f-0d64-462b-a2a0-e503b6beabc9", "Ca...rvationId": 120533082}]' [94 bytes]
2023-03-29 12:32:14,786 - DEBUG - > TEXT '[3, "a392392f-0d64-462b-a2a0-e503b6beabc9", {"status": "Accepted"}]' [67 bytes]
2023-03-29 12:32:14,972 - DEBUG - < TEXT '' [0 bytes]
2023-03-29 12:32:15,007 - DEBUG - > TEXT '[2, "6bf23ecf-55f8-4a5b-ba11-0eb0dcf30f26", "St..."status": "Available"}]' [132 bytes]
2023-03-29 12:32:15,192 - DEBUG - < TEXT '[3, "6bf23ecf-55f8-4a5b-ba11-0eb0dcf30f26", {}]' [47 bytes]
2023-03-29 12:32:15,209 - DEBUG - = connection is CLOSING
2023-03-29 12:32:15,209 - DEBUG - > CLOSE 1000 (OK) [2 bytes]
2023-03-29 12:32:15,217 - DEBUG - < CLOSE 1000 (OK) [2 bytes]
2023-03-29 12:32:15,221 - DEBUG - = connection is CLOSED
2023-03-29 12:32:32,959 - DEBUG - = connection is CONNECTING
2023-03-29 12:32:33,021 - DEBUG - > GET /ocpp16/ELA007C05/EVSCA050001 HTTP/1.1
2023-03-29 12:32:33,021 - DEBUG - > Host: ws.devevspcharger.uplus.co.kr
2023-03-29 12:32:33,021 - DEBUG - > Upgrade: websocket
2023-03-29 12:32:33,021 - DEBUG - > Connection: Upgrade
2023-03-29 12:32:33,021 - DEBUG - > Sec-WebSocket-Key: bpBpzAb+HPzC7/YJBlbhGw==
2023-03-29 12:32:33,021 - DEBUG - > Sec-WebSocket-Version: 13
2023-03-29 12:32:33,022 - DEBUG - > Sec-WebSocket-Extensions: permessage-deflate; client_max_window_bits
2023-03-29 12:32:33,022 - DEBUG - > Sec-WebSocket-Protocol: ocpp1.6
2023-03-29 12:32:33,022 - DEBUG - > Authorization: Basic RVZBUjpFVkFSTEdV
2023-03-29 12:32:33,022 - DEBUG - > User-Agent: Python/3.11 websockets/10.4
2023-03-29 12:32:33,246 - DEBUG - < HTTP/1.1 101 Switching Protocols
2023-03-29 12:32:33,248 - DEBUG - < Connection: upgrade
2023-03-29 12:32:33,248 - DEBUG - < Date: Wed, 29 Mar 2023 03:32:29 GMT
2023-03-29 12:32:33,248 - DEBUG - < sec-websocket-protocol: ocpp1.6
2023-03-29 12:32:33,248 - DEBUG - < upgrade: websocket
2023-03-29 12:32:33,248 - DEBUG - < sec-websocket-accept: ldVm1Ra6mAdSebB3dJv8ybDncXM=
2023-03-29 12:32:33,248 - DEBUG - < sec-websocket-extensions: permessage-deflate
2023-03-29 12:32:33,248 - DEBUG - < X-Cache: Miss from cloudfront
2023-03-29 12:32:33,248 - DEBUG - < Via: 1.1 1c2dddf38b53f960ce106f4047c232e4.cloudfront.net (CloudFront)
2023-03-29 12:32:33,249 - DEBUG - < X-Amz-Cf-Pop: ICN57-P2
2023-03-29 12:32:33,249 - DEBUG - < X-Amz-Cf-Id: T9wqjbNu4hAKYpA38Fta98tDnknApdtB1P08tPdvSUDcp9Q-9JGj3w==
2023-03-29 12:32:33,249 - DEBUG - = connection is OPEN
2023-03-29 12:32:33,282 - DEBUG - > TEXT '[2, "6f1289c1-5f85-4265-a571-598c3fd9ec93", "Bo...ePointVendor": "EVAR"}]' [127 bytes]
2023-03-29 12:32:33,513 - DEBUG - < TEXT '[3, "6f1289c1-5f85-4265-a571-598c3fd9ec93", {"s...29Z", "interval": 600}]' [123 bytes]
2023-03-29 12:32:33,549 - DEBUG - Starting new HTTPS connection (1): 8b434254zg.execute-api.ap-northeast-2.amazonaws.com:443
2023-03-29 12:32:33,943 - DEBUG - https://8b434254zg.execute-api.ap-northeast-2.amazonaws.com:443 "POST /dev/ioc HTTP/1.1" 200 148
2023-03-29 12:32:33,985 - DEBUG - < TEXT '[2, "241b148a-f163-4f59-9289-0c535d729a94", "Tr...": "BootNotification"}]' [103 bytes]
2023-03-29 12:32:34,003 - DEBUG - > TEXT '[2, "241b148a-f163-4f59-9289-0c535d729a94", {"status": "Accepted"}]' [67 bytes]
2023-03-29 12:32:34,053 - DEBUG - < TEXT '{"message": "Internal server error", "connectio...Id":"ChikREpoIE0FZTw="}' [103 bytes]
2023-03-29 12:32:34,096 - DEBUG - > TEXT '[2, "445bf7a4-7d67-4afc-a591-980894e17f77", "Bo...ePointVendor": "EVAR"}]' [127 bytes]
2023-03-29 12:32:34,315 - DEBUG - < TEXT '[3, "445bf7a4-7d67-4afc-a591-980894e17f77", {"s...30Z", "interval": 600}]' [123 bytes]
2023-03-29 12:32:34,370 - DEBUG - Starting new HTTPS connection (1): 8b434254zg.execute-api.ap-northeast-2.amazonaws.com:443
2023-03-29 12:32:34,785 - DEBUG - https://8b434254zg.execute-api.ap-northeast-2.amazonaws.com:443 "POST /dev/ioc HTTP/1.1" 200 143
2023-03-29 12:32:34,847 - DEBUG - < TEXT '[2, "502b8f4d-5442-49e0-b601-7186d8a943c7", "Tr...ssage": "MeterValues"}]' [98 bytes]
2023-03-29 12:32:34,851 - DEBUG - > TEXT '[2, "502b8f4d-5442-49e0-b601-7186d8a943c7", {"status": "Accepted"}]' [67 bytes]
2023-03-29 12:32:34,892 - DEBUG - < TEXT '{"message": "Internal server error", "connectio...Id":"ChikZE1cIE0Fjyw="}' [103 bytes]
2023-03-29 12:32:34,936 - DEBUG - > TEXT '[2, "e4f7288c-d71b-4dbd-b3b0-f3c096f38296", "Me...er", "unit": "Wh"}]}]}]' [259 bytes]
2023-03-29 12:32:35,152 - DEBUG - < TEXT '[4, "e4f7288c-d71b-4dbd-b3b0-f3c096f38296", {"e...the requested Action"}]' [187 bytes]
2023-03-29 12:32:35,187 - DEBUG - = connection is CLOSING
2023-03-29 12:32:35,188 - DEBUG - > CLOSE 1000 (OK) [2 bytes]
2023-03-29 12:32:35,197 - DEBUG - < CLOSE 1000 (OK) [2 bytes]
2023-03-29 12:32:35,202 - DEBUG - = connection is CLOSED
2023-03-29 12:33:08,814 - DEBUG - = connection is CONNECTING
2023-03-29 12:33:08,851 - DEBUG - > GET /ocpp16/ELA007C05/EVSCA050001 HTTP/1.1
2023-03-29 12:33:08,851 - DEBUG - > Host: ws.devevspcharger.uplus.co.kr
2023-03-29 12:33:08,852 - DEBUG - > Upgrade: websocket
2023-03-29 12:33:08,852 - DEBUG - > Connection: Upgrade
2023-03-29 12:33:08,852 - DEBUG - > Sec-WebSocket-Key: qzENgdehawlG5WbDv/3Mkw==
2023-03-29 12:33:08,852 - DEBUG - > Sec-WebSocket-Version: 13
2023-03-29 12:33:08,853 - DEBUG - > Sec-WebSocket-Extensions: permessage-deflate; client_max_window_bits
2023-03-29 12:33:08,853 - DEBUG - > Sec-WebSocket-Protocol: ocpp1.6
2023-03-29 12:33:08,853 - DEBUG - > Authorization: Basic RVZBUjpFVkFSTEdV
2023-03-29 12:33:08,853 - DEBUG - > User-Agent: Python/3.11 websockets/10.4
2023-03-29 12:33:09,107 - DEBUG - < HTTP/1.1 101 Switching Protocols
2023-03-29 12:33:09,108 - DEBUG - < Connection: upgrade
2023-03-29 12:33:09,108 - DEBUG - < Date: Wed, 29 Mar 2023 03:33:05 GMT
2023-03-29 12:33:09,108 - DEBUG - < sec-websocket-protocol: ocpp1.6
2023-03-29 12:33:09,108 - DEBUG - < upgrade: websocket
2023-03-29 12:33:09,108 - DEBUG - < sec-websocket-accept: ANaVC7qrJ6U6c7LXhUvzpTTdpSc=
2023-03-29 12:33:09,108 - DEBUG - < sec-websocket-extensions: permessage-deflate
2023-03-29 12:33:09,108 - DEBUG - < X-Cache: Miss from cloudfront
2023-03-29 12:33:09,108 - DEBUG - < Via: 1.1 8cd680512056914f119efae770348786.cloudfront.net (CloudFront)
2023-03-29 12:33:09,108 - DEBUG - < X-Amz-Cf-Pop: ICN57-P2
2023-03-29 12:33:09,108 - DEBUG - < X-Amz-Cf-Id: ruzaUqMCctbAEjxq8Y8r7wGP1BArnpZc8cvY2BSdfw31lEnj-Pbnpw==
2023-03-29 12:33:09,109 - DEBUG - = connection is OPEN
2023-03-29 12:33:09,138 - DEBUG - > TEXT '[2, "2b723443-3f7b-4806-be37-96ab260da241", "Bo...ePointVendor": "EVAR"}]' [127 bytes]
2023-03-29 12:33:09,353 - DEBUG - < TEXT '[3, "2b723443-3f7b-4806-be37-96ab260da241", {"s...05Z", "interval": 600}]' [123 bytes]
2023-03-29 12:33:09,412 - DEBUG - Starting new HTTPS connection (1): 8b434254zg.execute-api.ap-northeast-2.amazonaws.com:443
2023-03-29 12:33:09,824 - DEBUG - https://8b434254zg.execute-api.ap-northeast-2.amazonaws.com:443 "POST /dev/ioc HTTP/1.1" 200 148
2023-03-29 12:33:09,874 - DEBUG - < TEXT '[2, "c2e3db41-a386-4999-9dfe-9fcfe780be7c", "Tr...": "BootNotification"}]' [103 bytes]
2023-03-29 12:33:09,878 - DEBUG - > TEXT '[3, "c2e3db41-a386-4999-9dfe-9fcfe780be7c", {"status": "Accepted"}]' [67 bytes]
2023-03-29 12:33:10,100 - DEBUG - < TEXT '' [0 bytes]
2023-03-29 12:33:10,137 - DEBUG - > TEXT '[2, "e10be846-4bf1-45a8-95a7-87034b556477", "Bo...ePointVendor": "EVAR"}]' [127 bytes]
2023-03-29 12:33:10,352 - DEBUG - < TEXT '[3, "e10be846-4bf1-45a8-95a7-87034b556477", {"s...06Z", "interval": 600}]' [123 bytes]
2023-03-29 12:33:10,401 - DEBUG - Starting new HTTPS connection (1): 8b434254zg.execute-api.ap-northeast-2.amazonaws.com:443
2023-03-29 12:33:10,804 - DEBUG - https://8b434254zg.execute-api.ap-northeast-2.amazonaws.com:443 "POST /dev/ioc HTTP/1.1" 200 143
2023-03-29 12:33:10,845 - DEBUG - < TEXT '[2, "0bd818b5-a5da-4b17-828d-0860fd3e6e8b", "Tr...ssage": "MeterValues"}]' [98 bytes]
2023-03-29 12:33:10,859 - DEBUG - > TEXT '[3, "0bd818b5-a5da-4b17-828d-0860fd3e6e8b", {"status": "Accepted"}]' [67 bytes]
2023-03-29 12:33:11,032 - DEBUG - < TEXT '' [0 bytes]
2023-03-29 12:33:11,075 - DEBUG - > TEXT '[2, "8db1686f-74bf-4ff7-8e72-5b761ecf9036", "Me...er", "unit": "Wh"}]}]}]' [259 bytes]
2023-03-29 12:33:11,276 - DEBUG - < TEXT '[4, "8db1686f-74bf-4ff7-8e72-5b761ecf9036", {"e...the requested Action"}]' [187 bytes]
2023-03-29 12:33:11,305 - DEBUG - = connection is CLOSING
2023-03-29 12:33:11,305 - DEBUG - > CLOSE 1000 (OK) [2 bytes]
2023-03-29 12:33:11,314 - DEBUG - < CLOSE 1000 (OK) [2 bytes]
2023-03-29 12:33:11,318 - DEBUG - = connection is CLOSED
2023-03-29 12:37:40,111 - DEBUG - = connection is CONNECTING
2023-03-29 12:37:40,183 - DEBUG - > GET /ocpp16/ELA007C05/EVSCA050001 HTTP/1.1
2023-03-29 12:37:40,183 - DEBUG - > Host: ws.devevspcharger.uplus.co.kr
2023-03-29 12:37:40,184 - DEBUG - > Upgrade: websocket
2023-03-29 12:37:40,184 - DEBUG - > Connection: Upgrade
2023-03-29 12:37:40,184 - DEBUG - > Sec-WebSocket-Key: OD0eOKEHd6Ci4Jc8m+LAIg==
2023-03-29 12:37:40,184 - DEBUG - > Sec-WebSocket-Version: 13
2023-03-29 12:37:40,184 - DEBUG - > Sec-WebSocket-Extensions: permessage-deflate; client_max_window_bits
2023-03-29 12:37:40,185 - DEBUG - > Sec-WebSocket-Protocol: ocpp1.6
2023-03-29 12:37:40,185 - DEBUG - > Authorization: Basic RVZBUjpFVkFSTEdV
2023-03-29 12:37:40,185 - DEBUG - > User-Agent: Python/3.11 websockets/10.4
2023-03-29 12:37:40,784 - DEBUG - < HTTP/1.1 101 Switching Protocols
2023-03-29 12:37:40,784 - DEBUG - < Connection: upgrade
2023-03-29 12:37:40,785 - DEBUG - < Date: Wed, 29 Mar 2023 03:37:36 GMT
2023-03-29 12:37:40,785 - DEBUG - < sec-websocket-protocol: ocpp1.6
2023-03-29 12:37:40,785 - DEBUG - < upgrade: websocket
2023-03-29 12:37:40,785 - DEBUG - < sec-websocket-accept: ANBP6EJZ4bxvDL45wVUveb6EmS0=
2023-03-29 12:37:40,785 - DEBUG - < sec-websocket-extensions: permessage-deflate
2023-03-29 12:37:40,786 - DEBUG - < X-Cache: Miss from cloudfront
2023-03-29 12:37:40,786 - DEBUG - < Via: 1.1 41a89bdb610eb303e698e5cb65ce5b76.cloudfront.net (CloudFront)
2023-03-29 12:37:40,786 - DEBUG - < X-Amz-Cf-Pop: ICN57-P2
2023-03-29 12:37:40,786 - DEBUG - < X-Amz-Cf-Id: HUvJ4pksB6oTX8mbFInEMwSDWhKLR45hfcjRa8hucqgDX68dwIXtoQ==
2023-03-29 12:37:40,786 - DEBUG - = connection is OPEN
2023-03-29 12:37:40,811 - DEBUG - > TEXT '[2, "7bdf8079-9856-4170-9234-6c4ffbad3f1b", "Bo...ePointVendor": "EVAR"}]' [127 bytes]
2023-03-29 12:37:41,048 - DEBUG - < TEXT '[3, "7bdf8079-9856-4170-9234-6c4ffbad3f1b", {"s...37Z", "interval": 600}]' [123 bytes]
2023-03-29 12:37:41,089 - DEBUG - Starting new HTTPS connection (1): 8b434254zg.execute-api.ap-northeast-2.amazonaws.com:443
2023-03-29 12:37:41,772 - DEBUG - https://8b434254zg.execute-api.ap-northeast-2.amazonaws.com:443 "POST /dev/ioc HTTP/1.1" 200 148
2023-03-29 12:37:41,824 - DEBUG - < TEXT '[2, "07a4d5b3-6977-4101-b1d6-2142b8c63cec", "Tr...": "BootNotification"}]' [103 bytes]
2023-03-29 12:37:41,828 - DEBUG - > TEXT '[3, "07a4d5b3-6977-4101-b1d6-2142b8c63cec", {"status": "Accepted"}]' [67 bytes]
2023-03-29 12:37:42,019 - DEBUG - < TEXT '' [0 bytes]
2023-03-29 12:37:42,061 - DEBUG - > TEXT '[2, "b0c0c5a6-2f34-4268-bea0-0e2dbb315ab5", "Bo...ePointVendor": "EVAR"}]' [127 bytes]
2023-03-29 12:37:42,276 - DEBUG - < TEXT '[3, "b0c0c5a6-2f34-4268-bea0-0e2dbb315ab5", {"s...38Z", "interval": 600}]' [123 bytes]
2023-03-29 12:37:42,321 - DEBUG - Starting new HTTPS connection (1): 8b434254zg.execute-api.ap-northeast-2.amazonaws.com:443
2023-03-29 12:37:42,714 - DEBUG - https://8b434254zg.execute-api.ap-northeast-2.amazonaws.com:443 "POST /dev/ioc HTTP/1.1" 200 143
2023-03-29 12:37:42,797 - DEBUG - < TEXT '[2, "4a17adab-453e-41b0-b7db-ecd6c48ee677", "Tr...ssage": "MeterValues"}]' [98 bytes]
2023-03-29 12:37:42,801 - DEBUG - > TEXT '[3, "4a17adab-453e-41b0-b7db-ecd6c48ee677", {"status": "Accepted"}]' [67 bytes]
2023-03-29 12:37:42,995 - DEBUG - < TEXT '' [0 bytes]
2023-03-29 12:37:43,054 - DEBUG - > TEXT '[2, "c8cca049-0b80-4380-b754-56fe4263dcb8", "Me...er", "unit": "Wh"}]}]}]' [259 bytes]
2023-03-29 12:37:43,236 - DEBUG - < TEXT '[4, "c8cca049-0b80-4380-b754-56fe4263dcb8", {"e...the requested Action"}]' [187 bytes]
2023-03-29 12:37:43,261 - DEBUG - = connection is CLOSING
2023-03-29 12:37:43,261 - DEBUG - > CLOSE 1000 (OK) [2 bytes]
2023-03-29 12:37:43,270 - DEBUG - < CLOSE 1000 (OK) [2 bytes]
2023-03-29 12:37:43,283 - DEBUG - = connection is CLOSED
2023-03-29 12:38:02,832 - DEBUG - = connection is CONNECTING
2023-03-29 12:38:02,866 - DEBUG - > GET /ocpp16/ELA007C05/EVSCA050001 HTTP/1.1
2023-03-29 12:38:02,866 - DEBUG - > Host: ws.devevspcharger.uplus.co.kr
2023-03-29 12:38:02,866 - DEBUG - > Upgrade: websocket
2023-03-29 12:38:02,866 - DEBUG - > Connection: Upgrade
2023-03-29 12:38:02,866 - DEBUG - > Sec-WebSocket-Key: HVodZBgZtuCXYK3MlPdeZg==
2023-03-29 12:38:02,866 - DEBUG - > Sec-WebSocket-Version: 13
2023-03-29 12:38:02,866 - DEBUG - > Sec-WebSocket-Extensions: permessage-deflate; client_max_window_bits
2023-03-29 12:38:02,866 - DEBUG - > Sec-WebSocket-Protocol: ocpp1.6
2023-03-29 12:38:02,867 - DEBUG - > Authorization: Basic RVZBUjpFVkFSTEdV
2023-03-29 12:38:02,867 - DEBUG - > User-Agent: Python/3.11 websockets/10.4
2023-03-29 12:38:03,126 - DEBUG - < HTTP/1.1 101 Switching Protocols
2023-03-29 12:38:03,126 - DEBUG - < Connection: upgrade
2023-03-29 12:38:03,127 - DEBUG - < Date: Wed, 29 Mar 2023 03:37:59 GMT
2023-03-29 12:38:03,127 - DEBUG - < sec-websocket-protocol: ocpp1.6
2023-03-29 12:38:03,127 - DEBUG - < upgrade: websocket
2023-03-29 12:38:03,127 - DEBUG - < sec-websocket-accept: 7X4baMHNLctUp+sKzuGVJ0tTNrw=
2023-03-29 12:38:03,127 - DEBUG - < sec-websocket-extensions: permessage-deflate
2023-03-29 12:38:03,127 - DEBUG - < X-Cache: Miss from cloudfront
2023-03-29 12:38:03,127 - DEBUG - < Via: 1.1 ec48eafa1d18635bc3f389669b28a5b8.cloudfront.net (CloudFront)
2023-03-29 12:38:03,127 - DEBUG - < X-Amz-Cf-Pop: ICN57-P2
2023-03-29 12:38:03,127 - DEBUG - < X-Amz-Cf-Id: qLpZCzomSpIIbHo0ND4ni9R_HM-4j4SDRj2UKybGppB-w6tvTHnp7w==
2023-03-29 12:38:03,128 - DEBUG - = connection is OPEN
2023-03-29 12:38:03,159 - DEBUG - > TEXT '[2, "9b8bd476-392c-4cbd-b96e-9b2fe8c89118", "Bo...ePointVendor": "EVAR"}]' [127 bytes]
2023-03-29 12:38:03,375 - DEBUG - < TEXT '[3, "9b8bd476-392c-4cbd-b96e-9b2fe8c89118", {"s...59Z", "interval": 600}]' [123 bytes]
2023-03-29 12:38:03,407 - DEBUG - Starting new HTTPS connection (1): 8b434254zg.execute-api.ap-northeast-2.amazonaws.com:443
2023-03-29 12:38:03,871 - DEBUG - https://8b434254zg.execute-api.ap-northeast-2.amazonaws.com:443 "POST /dev/ioc HTTP/1.1" 200 148
2023-03-29 12:38:03,915 - DEBUG - < TEXT '[2, "69b4daa9-27ce-49fd-bef4-b13e47c668c4", "Tr...": "BootNotification"}]' [103 bytes]
2023-03-29 12:38:03,923 - DEBUG - > TEXT '[3, "69b4daa9-27ce-49fd-bef4-b13e47c668c4", {"status": "Accepted"}]' [67 bytes]
2023-03-29 12:38:04,097 - DEBUG - < TEXT '' [0 bytes]
2023-03-29 12:38:04,134 - DEBUG - > TEXT '[2, "d584b827-bd77-4ea7-93b6-fe95f7437218", "Bo...ePointVendor": "EVAR"}]' [127 bytes]
2023-03-29 12:38:04,357 - DEBUG - < TEXT '[3, "d584b827-bd77-4ea7-93b6-fe95f7437218", {"s...00Z", "interval": 600}]' [123 bytes]
2023-03-29 12:38:04,399 - DEBUG - Starting new HTTPS connection (1): 8b434254zg.execute-api.ap-northeast-2.amazonaws.com:443
2023-03-29 12:38:04,828 - DEBUG - https://8b434254zg.execute-api.ap-northeast-2.amazonaws.com:443 "POST /dev/ioc HTTP/1.1" 200 143
2023-03-29 12:38:04,868 - DEBUG - < TEXT '[2, "c8011998-d5c8-452b-a6e6-8ad063010639", "Tr...ssage": "MeterValues"}]' [98 bytes]
2023-03-29 12:38:04,873 - DEBUG - > TEXT '[3, "c8011998-d5c8-452b-a6e6-8ad063010639", {"status": "Accepted"}]' [67 bytes]
2023-03-29 12:38:05,076 - DEBUG - < TEXT '' [0 bytes]
2023-03-29 12:38:05,107 - DEBUG - > TEXT '[2, "6c70198b-8b63-43d8-8cd4-a44245d6724f", "Me...er", "unit": "Wh"}]}]}]' [259 bytes]
2023-03-29 12:38:05,306 - DEBUG - < TEXT '[4, "6c70198b-8b63-43d8-8cd4-a44245d6724f", {"e...the requested Action"}]' [187 bytes]
2023-03-29 12:38:05,327 - DEBUG - = connection is CLOSING
2023-03-29 12:38:05,327 - DEBUG - > CLOSE 1000 (OK) [2 bytes]
2023-03-29 12:38:05,334 - DEBUG - < CLOSE 1000 (OK) [2 bytes]
2023-03-29 12:38:05,337 - DEBUG - = connection is CLOSED
2023-03-29 12:38:36,757 - DEBUG - = connection is CONNECTING
2023-03-29 12:38:36,793 - DEBUG - > GET /ocpp16/ELA007C05/EVSCA050001 HTTP/1.1
2023-03-29 12:38:36,793 - DEBUG - > Host: ws.devevspcharger.uplus.co.kr
2023-03-29 12:38:36,794 - DEBUG - > Upgrade: websocket
2023-03-29 12:38:36,794 - DEBUG - > Connection: Upgrade
2023-03-29 12:38:36,794 - DEBUG - > Sec-WebSocket-Key: ncspVBm/V/fe0rhofsQAsA==
2023-03-29 12:38:36,794 - DEBUG - > Sec-WebSocket-Version: 13
2023-03-29 12:38:36,794 - DEBUG - > Sec-WebSocket-Extensions: permessage-deflate; client_max_window_bits
2023-03-29 12:38:36,794 - DEBUG - > Sec-WebSocket-Protocol: ocpp1.6
2023-03-29 12:38:36,795 - DEBUG - > Authorization: Basic RVZBUjpFVkFSTEdV
2023-03-29 12:38:36,795 - DEBUG - > User-Agent: Python/3.11 websockets/10.4
2023-03-29 12:38:37,005 - DEBUG - < HTTP/1.1 101 Switching Protocols
2023-03-29 12:38:37,005 - DEBUG - < Connection: upgrade
2023-03-29 12:38:37,005 - DEBUG - < Date: Wed, 29 Mar 2023 03:38:33 GMT
2023-03-29 12:38:37,005 - DEBUG - < sec-websocket-protocol: ocpp1.6
2023-03-29 12:38:37,005 - DEBUG - < upgrade: websocket
2023-03-29 12:38:37,006 - DEBUG - < sec-websocket-accept: brUhOEZBY5PiE1YUY9pl/EKvnXI=
2023-03-29 12:38:37,006 - DEBUG - < sec-websocket-extensions: permessage-deflate
2023-03-29 12:38:37,006 - DEBUG - < X-Cache: Miss from cloudfront
2023-03-29 12:38:37,006 - DEBUG - < Via: 1.1 d21d7f64d4ce2d8fcbb5fbee217cca5a.cloudfront.net (CloudFront)
2023-03-29 12:38:37,007 - DEBUG - < X-Amz-Cf-Pop: ICN57-P2
2023-03-29 12:38:37,007 - DEBUG - < X-Amz-Cf-Id: VBwWZj9SIbvKArYn6LY--dc942SQgHERWtZdihTDZx2gly-QEHV2kw==
2023-03-29 12:38:37,007 - DEBUG - = connection is OPEN
2023-03-29 12:38:37,037 - DEBUG - > TEXT '[2, "2d4a0dd0-bd95-4625-aaf8-2bb2a4a6befc", "Bo...ePointVendor": "EVAR"}]' [127 bytes]
2023-03-29 12:38:37,256 - DEBUG - < TEXT '[3, "2d4a0dd0-bd95-4625-aaf8-2bb2a4a6befc", {"s...33Z", "interval": 600}]' [123 bytes]
2023-03-29 12:38:37,339 - DEBUG - Starting new HTTPS connection (1): 8b434254zg.execute-api.ap-northeast-2.amazonaws.com:443
2023-03-29 12:38:37,748 - DEBUG - https://8b434254zg.execute-api.ap-northeast-2.amazonaws.com:443 "POST /dev/ioc HTTP/1.1" 200 148
2023-03-29 12:38:37,789 - DEBUG - < TEXT '[2, "abc4495e-cf6f-444b-91ee-aab7fde7bdb9", "Tr...": "BootNotification"}]' [103 bytes]
2023-03-29 12:38:37,799 - DEBUG - > TEXT '[3, "abc4495e-cf6f-444b-91ee-aab7fde7bdb9", {"status": "Accepted"}]' [67 bytes]
2023-03-29 12:38:37,975 - DEBUG - < TEXT '' [0 bytes]
2023-03-29 12:38:38,012 - DEBUG - > TEXT '[2, "f5d308c5-41ed-4030-be4d-d46d438317a0", "Bo...ePointVendor": "EVAR"}]' [127 bytes]
2023-03-29 12:38:38,256 - DEBUG - < TEXT '[3, "f5d308c5-41ed-4030-be4d-d46d438317a0", {"s...34Z", "interval": 600}]' [123 bytes]
2023-03-29 12:38:38,308 - DEBUG - Starting new HTTPS connection (1): 8b434254zg.execute-api.ap-northeast-2.amazonaws.com:443
2023-03-29 12:38:38,711 - DEBUG - https://8b434254zg.execute-api.ap-northeast-2.amazonaws.com:443 "POST /dev/ioc HTTP/1.1" 200 143
2023-03-29 12:38:38,763 - DEBUG - < TEXT '[2, "85fd9b2c-e292-44c9-a884-7b30a797d03f", "Tr...ssage": "MeterValues"}]' [98 bytes]
2023-03-29 12:38:38,771 - DEBUG - > TEXT '[3, "85fd9b2c-e292-44c9-a884-7b30a797d03f", {"status": "Accepted"}]' [67 bytes]
2023-03-29 12:38:38,955 - DEBUG - < TEXT '' [0 bytes]
2023-03-29 12:38:39,005 - DEBUG - > TEXT '[2, "4116e51a-a28c-4278-801a-37b943e24669", "Me...er", "unit": "Wh"}]}]}]' [259 bytes]
2023-03-29 12:38:39,195 - DEBUG - < TEXT '[4, "4116e51a-a28c-4278-801a-37b943e24669", {"e...the requested Action"}]' [187 bytes]
2023-03-29 12:38:39,223 - DEBUG - = connection is CLOSING
2023-03-29 12:38:39,224 - DEBUG - > CLOSE 1000 (OK) [2 bytes]
2023-03-29 12:38:39,230 - DEBUG - < CLOSE 1000 (OK) [2 bytes]
2023-03-29 12:38:39,236 - DEBUG - = connection is CLOSED
2023-03-29 12:39:47,953 - DEBUG - = connection is CONNECTING
2023-03-29 12:39:47,988 - DEBUG - > GET /ocpp16/ELA007C05/EVSCA050001 HTTP/1.1
2023-03-29 12:39:47,988 - DEBUG - > Host: ws.devevspcharger.uplus.co.kr
2023-03-29 12:39:47,988 - DEBUG - > Upgrade: websocket
2023-03-29 12:39:47,988 - DEBUG - > Connection: Upgrade
2023-03-29 12:39:47,988 - DEBUG - > Sec-WebSocket-Key: vGG7ziiUjwTYz97S6H8OCg==
2023-03-29 12:39:47,988 - DEBUG - > Sec-WebSocket-Version: 13
2023-03-29 12:39:47,988 - DEBUG - > Sec-WebSocket-Extensions: permessage-deflate; client_max_window_bits
2023-03-29 12:39:47,989 - DEBUG - > Sec-WebSocket-Protocol: ocpp1.6
2023-03-29 12:39:47,989 - DEBUG - > Authorization: Basic RVZBUjpFVkFSTEdV
2023-03-29 12:39:47,989 - DEBUG - > User-Agent: Python/3.11 websockets/10.4
2023-03-29 12:39:48,038 - DEBUG - = connection is CONNECTING
2023-03-29 12:39:48,068 - DEBUG - > GET /ocpp16/ELA007C05/EVSCA050001 HTTP/1.1
2023-03-29 12:39:48,068 - DEBUG - > Host: ws.devevspcharger.uplus.co.kr
2023-03-29 12:39:48,068 - DEBUG - > Upgrade: websocket
2023-03-29 12:39:48,068 - DEBUG - > Connection: Upgrade
2023-03-29 12:39:48,068 - DEBUG - > Sec-WebSocket-Key: o8zmCl+DlUimCand81/1Mw==
2023-03-29 12:39:48,068 - DEBUG - > Sec-WebSocket-Version: 13
2023-03-29 12:39:48,068 - DEBUG - > Sec-WebSocket-Extensions: permessage-deflate; client_max_window_bits
2023-03-29 12:39:48,068 - DEBUG - > Sec-WebSocket-Protocol: ocpp1.6
2023-03-29 12:39:48,068 - DEBUG - > Authorization: Basic RVZBUjpFVkFSTEdV
2023-03-29 12:39:48,069 - DEBUG - > User-Agent: Python/3.11 websockets/10.4
2023-03-29 12:39:48,527 - DEBUG - < HTTP/1.1 101 Switching Protocols
2023-03-29 12:39:48,527 - DEBUG - < Connection: upgrade
2023-03-29 12:39:48,527 - DEBUG - < Date: Wed, 29 Mar 2023 03:39:44 GMT
2023-03-29 12:39:48,527 - DEBUG - < sec-websocket-protocol: ocpp1.6
2023-03-29 12:39:48,528 - DEBUG - < upgrade: websocket
2023-03-29 12:39:48,528 - DEBUG - < sec-websocket-accept: yGOfJLXi8c02RJZaIN1dRYDlXPo=
2023-03-29 12:39:48,528 - DEBUG - < sec-websocket-extensions: permessage-deflate
2023-03-29 12:39:48,528 - DEBUG - < X-Cache: Miss from cloudfront
2023-03-29 12:39:48,528 - DEBUG - < Via: 1.1 013a9ec825a751410eced78024a9ae1a.cloudfront.net (CloudFront)
2023-03-29 12:39:48,528 - DEBUG - < X-Amz-Cf-Pop: ICN57-P2
2023-03-29 12:39:48,528 - DEBUG - < X-Amz-Cf-Id: VPhl-N4mOnHKQF_WBtIj9cIT7gLYz65xBqBJd9FBA6-UiscXTH8T-g==
2023-03-29 12:39:48,528 - DEBUG - = connection is OPEN
2023-03-29 12:39:48,547 - DEBUG - > TEXT '[2, "eb8196fc-91db-4f09-82ff-7ed336b47b57", "Bo...ePointVendor": "EVAR"}]' [127 bytes]
2023-03-29 12:39:48,961 - DEBUG - < TEXT '[3, "eb8196fc-91db-4f09-82ff-7ed336b47b57", {"s...45Z", "interval": 600}]' [123 bytes]
2023-03-29 12:39:48,993 - DEBUG - Starting new HTTPS connection (1): 8b434254zg.execute-api.ap-northeast-2.amazonaws.com:443
2023-03-29 12:39:49,529 - DEBUG - https://8b434254zg.execute-api.ap-northeast-2.amazonaws.com:443 "POST /dev/ioc HTTP/1.1" 200 148
2023-03-29 12:39:49,575 - DEBUG - < HTTP/1.1 101 Switching Protocols
2023-03-29 12:39:49,576 - DEBUG - < Connection: upgrade
2023-03-29 12:39:49,576 - DEBUG - < Date: Wed, 29 Mar 2023 03:39:45 GMT
2023-03-29 12:39:49,576 - DEBUG - < sec-websocket-protocol: ocpp1.6
2023-03-29 12:39:49,576 - DEBUG - < upgrade: websocket
2023-03-29 12:39:49,576 - DEBUG - < sec-websocket-accept: 8UDAj2y7bV3tbexg3Dxg86fmxVY=
2023-03-29 12:39:49,576 - DEBUG - < sec-websocket-extensions: permessage-deflate
2023-03-29 12:39:49,577 - DEBUG - < X-Cache: Miss from cloudfront
2023-03-29 12:39:49,577 - DEBUG - < Via: 1.1 3c5e765ef2333ef04ef6f44a2b66ec12.cloudfront.net (CloudFront)
2023-03-29 12:39:49,577 - DEBUG - < X-Amz-Cf-Pop: ICN57-P2
2023-03-29 12:39:49,577 - DEBUG - < X-Amz-Cf-Id: 5416u-iEt-sL9daKRfbGXNLy1nQ6PMg5D3dTeQkJCCexy85caRu2BA==
2023-03-29 12:39:49,577 - DEBUG - = connection is OPEN
2023-03-29 12:39:49,577 - DEBUG - < TEXT '[2, "b2f1247c-8a72-4ad4-924a-287d17b4717c", "Tr...": "BootNotification"}]' [103 bytes]
2023-03-29 12:39:49,618 - DEBUG - > TEXT '[2, "8b9dcd99-1b98-49fa-ac13-be00ba20d067", "Bo...ePointVendor": "EVAR"}]' [127 bytes]
2023-03-29 12:39:49,642 - DEBUG - > TEXT '[3, "b2f1247c-8a72-4ad4-924a-287d17b4717c", {"status": "Accepted"}]' [67 bytes]
2023-03-29 12:39:49,838 - DEBUG - < TEXT '[3, "8b9dcd99-1b98-49fa-ac13-be00ba20d067", {"s...45Z", "interval": 600}]' [123 bytes]
2023-03-29 12:39:49,881 - DEBUG - Starting new HTTPS connection (1): 8b434254zg.execute-api.ap-northeast-2.amazonaws.com:443
2023-03-29 12:39:50,329 - DEBUG - https://8b434254zg.execute-api.ap-northeast-2.amazonaws.com:443 "POST /dev/ioc HTTP/1.1" 200 148
2023-03-29 12:39:50,380 - DEBUG - < TEXT '[2, "9d4786ad-3da7-4afb-8b78-3353386653e4", "Tr...": "BootNotification"}]' [103 bytes]
2023-03-29 12:39:50,395 - DEBUG - > TEXT '[3, "9d4786ad-3da7-4afb-8b78-3353386653e4", {"status": "Accepted"}]' [67 bytes]
2023-03-29 12:39:50,411 - DEBUG - < TEXT '[4, "b2f1247c-8a72-4ad4-924a-287d17b4717c", {"e... system availability"}]' [161 bytes]
2023-03-29 12:39:50,445 - DEBUG - > TEXT '[2, "961a0c39-0acd-4bbe-b046-db29dfab7ab0", "Bo...ePointVendor": "EVAR"}]' [127 bytes]
2023-03-29 12:39:50,517 - DEBUG - < TEXT '[4, "961a0c39-0acd-4bbe-b046-db29dfab7ab0", {"e... system availability"}]' [161 bytes]
2023-03-29 12:39:50,547 - DEBUG - = connection is CLOSING
2023-03-29 12:39:50,547 - DEBUG - > CLOSE 1000 (OK) [2 bytes]
2023-03-29 12:39:50,555 - DEBUG - < CLOSE 1000 (OK) [2 bytes]
2023-03-29 12:39:50,560 - DEBUG - = connection is CLOSED
2023-03-29 12:39:50,821 - DEBUG - < TEXT '' [0 bytes]
2023-03-29 12:39:50,843 - DEBUG - > TEXT '[2, "e3c0cdd3-cff6-44d7-9918-82b810d2b43c", "Bo...ePointVendor": "EVAR"}]' [127 bytes]
2023-03-29 12:39:51,077 - DEBUG - < TEXT '[3, "e3c0cdd3-cff6-44d7-9918-82b810d2b43c", {"s...47Z", "interval": 600}]' [123 bytes]
2023-03-29 12:39:51,109 - DEBUG - Starting new HTTPS connection (1): 8b434254zg.execute-api.ap-northeast-2.amazonaws.com:443
2023-03-29 12:39:51,528 - DEBUG - https://8b434254zg.execute-api.ap-northeast-2.amazonaws.com:443 "POST /dev/ioc HTTP/1.1" 200 143
2023-03-29 12:39:51,566 - DEBUG - < TEXT '[2, "ad9f4683-ac0e-4e25-8517-0a0dc639de94", "Tr...ssage": "MeterValues"}]' [98 bytes]
2023-03-29 12:39:51,576 - DEBUG - > TEXT '[3, "ad9f4683-ac0e-4e25-8517-0a0dc639de94", {"status": "Accepted"}]' [67 bytes]
2023-03-29 12:39:51,755 - DEBUG - < TEXT '' [0 bytes]
2023-03-29 12:39:51,788 - DEBUG - > TEXT '[2, "3637321d-0c26-489a-8fa2-b0b6619a4619", "Me...er", "unit": "Wh"}]}]}]' [259 bytes]
2023-03-29 12:39:52,110 - DEBUG - < TEXT '[3, "3637321d-0c26-489a-8fa2-b0b6619a4619", {}]' [47 bytes]
2023-03-29 12:39:52,145 - DEBUG - Starting new HTTPS connection (1): 8b434254zg.execute-api.ap-northeast-2.amazonaws.com:443
2023-03-29 12:39:52,569 - DEBUG - https://8b434254zg.execute-api.ap-northeast-2.amazonaws.com:443 "POST /dev/ioc HTTP/1.1" 200 141
2023-03-29 12:39:52,616 - DEBUG - < TEXT '[2, "2c89e09d-8425-4104-9e81-29682ca4b12c", "Tr...Message": "HeartBeat"}]' [96 bytes]
2023-03-29 12:39:52,645 - DEBUG - = connection is CLOSING
2023-03-29 12:39:52,646 - DEBUG - > CLOSE 1000 (OK) [2 bytes]
2023-03-29 12:39:52,653 - DEBUG - < CLOSE 1000 (OK) [2 bytes]
2023-03-29 12:39:52,657 - DEBUG - = connection is CLOSED
2023-03-29 12:40:04,857 - DEBUG - = connection is CONNECTING
2023-03-29 12:40:04,899 - DEBUG - > GET /ocpp16/ELA007C05/EVSCA050001 HTTP/1.1
2023-03-29 12:40:04,899 - DEBUG - > Host: ws.devevspcharger.uplus.co.kr
2023-03-29 12:40:04,899 - DEBUG - > Upgrade: websocket
2023-03-29 12:40:04,899 - DEBUG - > Connection: Upgrade
2023-03-29 12:40:04,900 - DEBUG - > Sec-WebSocket-Key: Y8S1O5edlcgmpP/k7MMwtg==
2023-03-29 12:40:04,900 - DEBUG - > Sec-WebSocket-Version: 13
2023-03-29 12:40:04,900 - DEBUG - > Sec-WebSocket-Extensions: permessage-deflate; client_max_window_bits
2023-03-29 12:40:04,900 - DEBUG - > Sec-WebSocket-Protocol: ocpp1.6
2023-03-29 12:40:04,900 - DEBUG - > Authorization: Basic RVZBUjpFVkFSTEdV
2023-03-29 12:40:04,900 - DEBUG - > User-Agent: Python/3.11 websockets/10.4
2023-03-29 12:40:05,151 - DEBUG - < HTTP/1.1 101 Switching Protocols
2023-03-29 12:40:05,151 - DEBUG - < Connection: upgrade
2023-03-29 12:40:05,151 - DEBUG - < Date: Wed, 29 Mar 2023 03:40:01 GMT
2023-03-29 12:40:05,151 - DEBUG - < sec-websocket-protocol: ocpp1.6
2023-03-29 12:40:05,152 - DEBUG - < upgrade: websocket
2023-03-29 12:40:05,152 - DEBUG - < sec-websocket-accept: DvtpehftuknSGGOK7rkAVJd0B1s=
2023-03-29 12:40:05,152 - DEBUG - < sec-websocket-extensions: permessage-deflate
2023-03-29 12:40:05,153 - DEBUG - < X-Cache: Miss from cloudfront
2023-03-29 12:40:05,153 - DEBUG - < Via: 1.1 9ae7abacc9e2c811909db23dbe603ad4.cloudfront.net (CloudFront)
2023-03-29 12:40:05,153 - DEBUG - < X-Amz-Cf-Pop: ICN57-P2
2023-03-29 12:40:05,154 - DEBUG - < X-Amz-Cf-Id: xT2DHZ0e7KTUywWcXYd_uRYkBqzBQVM5zU001oqrxeqa2Ya45gMYhA==
2023-03-29 12:40:05,154 - DEBUG - = connection is OPEN
2023-03-29 12:40:05,216 - DEBUG - > TEXT '[2, "bcd9f59e-daac-43e6-9585-49ccb3b1042b", "Bo...ePointVendor": "EVAR"}]' [127 bytes]
2023-03-29 12:40:05,450 - DEBUG - < TEXT '[3, "bcd9f59e-daac-43e6-9585-49ccb3b1042b", {"s...01Z", "interval": 600}]' [123 bytes]
2023-03-29 12:40:05,497 - DEBUG - Starting new HTTPS connection (1): 8b434254zg.execute-api.ap-northeast-2.amazonaws.com:443
2023-03-29 12:40:05,909 - DEBUG - https://8b434254zg.execute-api.ap-northeast-2.amazonaws.com:443 "POST /dev/ioc HTTP/1.1" 200 148
2023-03-29 12:40:05,961 - DEBUG - < TEXT '[2, "d32540ef-c889-45d1-accf-409c83ca4162", "Tr...": "BootNotification"}]' [103 bytes]
2023-03-29 12:40:05,967 - DEBUG - > TEXT '[3, "d32540ef-c889-45d1-accf-409c83ca4162", {"status": "Accepted"}]' [67 bytes]
2023-03-29 12:40:06,176 - DEBUG - < TEXT '' [0 bytes]
2023-03-29 12:40:06,229 - DEBUG - > TEXT '[2, "2bfe0748-9579-4de3-bce4-0c9d7cb2ebc7", "Bo...ePointVendor": "EVAR"}]' [127 bytes]
2023-03-29 12:40:06,479 - DEBUG - < TEXT '[3, "2bfe0748-9579-4de3-bce4-0c9d7cb2ebc7", {"s...02Z", "interval": 600}]' [123 bytes]
2023-03-29 12:40:06,544 - DEBUG - Starting new HTTPS connection (1): 8b434254zg.execute-api.ap-northeast-2.amazonaws.com:443
2023-03-29 12:40:06,971 - DEBUG - https://8b434254zg.execute-api.ap-northeast-2.amazonaws.com:443 "POST /dev/ioc HTTP/1.1" 200 143
2023-03-29 12:40:07,030 - DEBUG - < TEXT '[2, "8c210fed-8b5a-402c-b4de-3b26accee44d", "Tr...ssage": "MeterValues"}]' [98 bytes]
2023-03-29 12:40:07,036 - DEBUG - > TEXT '[3, "8c210fed-8b5a-402c-b4de-3b26accee44d", {"status": "Accepted"}]' [67 bytes]
2023-03-29 12:40:07,216 - DEBUG - < TEXT '' [0 bytes]
2023-03-29 12:40:07,279 - DEBUG - > TEXT '[2, "84ad6185-b161-440c-abbb-f4e54fe3ff65", "Me...er", "unit": "Wh"}]}]}]' [259 bytes]
2023-03-29 12:40:07,506 - DEBUG - < TEXT '[3, "84ad6185-b161-440c-abbb-f4e54fe3ff65", {}]' [47 bytes]
2023-03-29 12:40:07,578 - DEBUG - Starting new HTTPS connection (1): 8b434254zg.execute-api.ap-northeast-2.amazonaws.com:443
2023-03-29 12:40:07,989 - DEBUG - https://8b434254zg.execute-api.ap-northeast-2.amazonaws.com:443 "POST /dev/ioc HTTP/1.1" 200 141
2023-03-29 12:40:08,034 - DEBUG - < TEXT '[2, "8c952487-28b2-43cc-bf6e-e867a2c39476", "Tr...Message": "HeartBeat"}]' [96 bytes]
2023-03-29 12:40:08,057 - DEBUG - = connection is CLOSING
2023-03-29 12:40:08,058 - DEBUG - > CLOSE 1000 (OK) [2 bytes]
2023-03-29 12:40:08,065 - DEBUG - < CLOSE 1000 (OK) [2 bytes]
2023-03-29 12:40:08,068 - DEBUG - = connection is CLOSED
2023-03-29 12:42:06,021 - DEBUG - = connection is CONNECTING
2023-03-29 12:42:06,054 - DEBUG - > GET /ocpp16/ELA007C05/EVSCA050001 HTTP/1.1
2023-03-29 12:42:06,055 - DEBUG - > Host: ws.devevspcharger.uplus.co.kr
2023-03-29 12:42:06,055 - DEBUG - > Upgrade: websocket
2023-03-29 12:42:06,055 - DEBUG - > Connection: Upgrade
2023-03-29 12:42:06,055 - DEBUG - > Sec-WebSocket-Key: fmzOs6WbxYib4yXjBDQIHw==
2023-03-29 12:42:06,055 - DEBUG - > Sec-WebSocket-Version: 13
2023-03-29 12:42:06,055 - DEBUG - > Sec-WebSocket-Extensions: permessage-deflate; client_max_window_bits
2023-03-29 12:42:06,055 - DEBUG - > Sec-WebSocket-Protocol: ocpp1.6
2023-03-29 12:42:06,055 - DEBUG - > Authorization: Basic RVZBUjpFVkFSTEdV
2023-03-29 12:42:06,056 - DEBUG - > User-Agent: Python/3.11 websockets/10.4
2023-03-29 12:42:06,610 - DEBUG - < HTTP/1.1 101 Switching Protocols
2023-03-29 12:42:06,610 - DEBUG - < Connection: upgrade
2023-03-29 12:42:06,611 - DEBUG - < Date: Wed, 29 Mar 2023 03:42:02 GMT
2023-03-29 12:42:06,611 - DEBUG - < sec-websocket-protocol: ocpp1.6
2023-03-29 12:42:06,611 - DEBUG - < upgrade: websocket
2023-03-29 12:42:06,611 - DEBUG - < sec-websocket-accept: eR033OuhlUkdpd7cOotVGnE6TA0=
2023-03-29 12:42:06,611 - DEBUG - < sec-websocket-extensions: permessage-deflate
2023-03-29 12:42:06,611 - DEBUG - < X-Cache: Miss from cloudfront
2023-03-29 12:42:06,611 - DEBUG - < Via: 1.1 98cc70c99d4e07b8cd37265dc48c5a54.cloudfront.net (CloudFront)
2023-03-29 12:42:06,611 - DEBUG - < X-Amz-Cf-Pop: ICN57-P2
2023-03-29 12:42:06,611 - DEBUG - < X-Amz-Cf-Id: 47nFQP1dINuTIq5DVbh9__yw0Jpx10INDsgExHaQ4WebqSZatta2Fg==
2023-03-29 12:42:06,611 - DEBUG - = connection is OPEN
2023-03-29 12:42:06,654 - DEBUG - > TEXT '[2, "6b5209c0-d6bd-48e0-af46-9d3fcea52a6b", "Bo...ePointVendor": "EVAR"}]' [127 bytes]
2023-03-29 12:42:07,061 - DEBUG - < TEXT '[3, "6b5209c0-d6bd-48e0-af46-9d3fcea52a6b", {"s...03Z", "interval": 600}]' [123 bytes]
2023-03-29 12:42:07,099 - DEBUG - Starting new HTTPS connection (1): 8b434254zg.execute-api.ap-northeast-2.amazonaws.com:443
2023-03-29 12:42:07,708 - DEBUG - https://8b434254zg.execute-api.ap-northeast-2.amazonaws.com:443 "POST /dev/ioc HTTP/1.1" 200 148
2023-03-29 12:42:07,747 - DEBUG - < TEXT '[2, "53fa6d0c-ec53-4d89-852f-7ed698a287b2", "Tr...": "BootNotification"}]' [103 bytes]
2023-03-29 12:42:07,762 - DEBUG - > TEXT '[3, "53fa6d0c-ec53-4d89-852f-7ed698a287b2", {"status": "Accepted"}]' [67 bytes]
2023-03-29 12:42:07,937 - DEBUG - < TEXT '' [0 bytes]
2023-03-29 12:42:07,980 - DEBUG - > TEXT '[2, "6c2a51ff-9926-4276-9ef3-e60ab6772d4e", "Bo...ePointVendor": "EVAR"}]' [127 bytes]
2023-03-29 12:42:08,217 - DEBUG - < TEXT '[3, "6c2a51ff-9926-4276-9ef3-e60ab6772d4e", {"s...04Z", "interval": 600}]' [123 bytes]
2023-03-29 12:42:08,257 - DEBUG - Starting new HTTPS connection (1): 8b434254zg.execute-api.ap-northeast-2.amazonaws.com:443
2023-03-29 12:42:08,669 - DEBUG - https://8b434254zg.execute-api.ap-northeast-2.amazonaws.com:443 "POST /dev/ioc HTTP/1.1" 200 143
2023-03-29 12:42:08,717 - DEBUG - < TEXT '[2, "4965963c-1fcf-41b2-a02f-3ea721afe8c8", "Tr...ssage": "MeterValues"}]' [98 bytes]
2023-03-29 12:42:08,728 - DEBUG - > TEXT '[3, "4965963c-1fcf-41b2-a02f-3ea721afe8c8", {"status": "Accepted"}]' [67 bytes]
2023-03-29 12:42:08,918 - DEBUG - < TEXT '' [0 bytes]
2023-03-29 12:42:08,966 - DEBUG - > TEXT '[2, "655959fa-f82b-4b78-b58b-a5b4205845de", "Me...er", "unit": "Wh"}]}]}]' [259 bytes]
2023-03-29 12:42:09,157 - DEBUG - < TEXT '[3, "655959fa-f82b-4b78-b58b-a5b4205845de", {}]' [47 bytes]
2023-03-29 12:42:09,214 - DEBUG - Starting new HTTPS connection (1): 8b434254zg.execute-api.ap-northeast-2.amazonaws.com:443
2023-03-29 12:42:09,609 - DEBUG - https://8b434254zg.execute-api.ap-northeast-2.amazonaws.com:443 "POST /dev/ioc HTTP/1.1" 200 141
2023-03-29 12:42:09,652 - DEBUG - < TEXT '[2, "29535a64-951b-409c-bc1b-94920568bcd7", "Tr...Message": "HeartBeat"}]' [96 bytes]
2023-03-29 12:42:09,680 - DEBUG - = connection is CLOSING
2023-03-29 12:42:09,680 - DEBUG - > CLOSE 1000 (OK) [2 bytes]
2023-03-29 12:42:09,690 - DEBUG - < CLOSE 1000 (OK) [2 bytes]
2023-03-29 12:42:09,693 - DEBUG - = connection is CLOSED
2023-03-29 12:43:13,804 - DEBUG - = connection is CONNECTING
2023-03-29 12:43:13,836 - DEBUG - > GET /ocpp16/ELA007C05/EVSCA050001 HTTP/1.1
2023-03-29 12:43:13,836 - DEBUG - > Host: ws.devevspcharger.uplus.co.kr
2023-03-29 12:43:13,836 - DEBUG - > Upgrade: websocket
2023-03-29 12:43:13,837 - DEBUG - > Connection: Upgrade
2023-03-29 12:43:13,837 - DEBUG - > Sec-WebSocket-Key: qxatYrevd0t3gbZjhS7V2g==
2023-03-29 12:43:13,837 - DEBUG - > Sec-WebSocket-Version: 13
2023-03-29 12:43:13,837 - DEBUG - > Sec-WebSocket-Extensions: permessage-deflate; client_max_window_bits
2023-03-29 12:43:13,837 - DEBUG - > Sec-WebSocket-Protocol: ocpp1.6
2023-03-29 12:43:13,837 - DEBUG - > Authorization: Basic RVZBUjpFVkFSTEdV
2023-03-29 12:43:13,837 - DEBUG - > User-Agent: Python/3.11 websockets/10.4
2023-03-29 12:43:14,371 - DEBUG - < HTTP/1.1 101 Switching Protocols
2023-03-29 12:43:14,371 - DEBUG - < Connection: upgrade
2023-03-29 12:43:14,372 - DEBUG - < Date: Wed, 29 Mar 2023 03:43:10 GMT
2023-03-29 12:43:14,372 - DEBUG - < sec-websocket-protocol: ocpp1.6
2023-03-29 12:43:14,373 - DEBUG - < upgrade: websocket
2023-03-29 12:43:14,374 - DEBUG - < sec-websocket-accept: R7Q2VohlBZaDsrrKJcCWHLm7CQU=
2023-03-29 12:43:14,374 - DEBUG - < sec-websocket-extensions: permessage-deflate
2023-03-29 12:43:14,374 - DEBUG - < X-Cache: Miss from cloudfront
2023-03-29 12:43:14,374 - DEBUG - < Via: 1.1 55a59d7976b41c233ff2e682cdd3901e.cloudfront.net (CloudFront)
2023-03-29 12:43:14,374 - DEBUG - < X-Amz-Cf-Pop: ICN57-P2
2023-03-29 12:43:14,374 - DEBUG - < X-Amz-Cf-Id: G7yn88ZbkP30T1oODSmT9yVjKuw3bNopbavMF2K7LshIyhJ_pjAWIQ==
2023-03-29 12:43:14,375 - DEBUG - = connection is OPEN
2023-03-29 12:43:14,420 - DEBUG - > TEXT '[2, "f340273d-9d01-4315-a86d-fa36c21c8bd7", "Bo...ePointVendor": "EVAR"}]' [127 bytes]
2023-03-29 12:43:14,641 - DEBUG - < TEXT '[3, "f340273d-9d01-4315-a86d-fa36c21c8bd7", {"s...10Z", "interval": 600}]' [123 bytes]
2023-03-29 12:43:14,676 - DEBUG - Starting new HTTPS connection (1): 8b434254zg.execute-api.ap-northeast-2.amazonaws.com:443
2023-03-29 12:43:15,289 - DEBUG - https://8b434254zg.execute-api.ap-northeast-2.amazonaws.com:443 "POST /dev/ioc HTTP/1.1" 200 148
2023-03-29 12:43:15,329 - DEBUG - < TEXT '[2, "516b8ebf-ef1c-4cc2-9149-cd9825fa7057", "Tr...": "BootNotification"}]' [103 bytes]
2023-03-29 12:43:15,334 - DEBUG - > TEXT '[3, "516b8ebf-ef1c-4cc2-9149-cd9825fa7057", {"status": "Accepted"}]' [67 bytes]
2023-03-29 12:43:15,521 - DEBUG - < TEXT '' [0 bytes]
2023-03-29 12:43:15,567 - DEBUG - > TEXT '[2, "047fdd6e-85e6-4c52-bb4a-502bacf205d5", "Bo...ePointVendor": "EVAR"}]' [127 bytes]
2023-03-29 12:43:15,798 - DEBUG - < TEXT '[3, "047fdd6e-85e6-4c52-bb4a-502bacf205d5", {"s...11Z", "interval": 600}]' [123 bytes]
2023-03-29 12:43:15,844 - DEBUG - Starting new HTTPS connection (1): 8b434254zg.execute-api.ap-northeast-2.amazonaws.com:443
2023-03-29 12:43:16,250 - DEBUG - https://8b434254zg.execute-api.ap-northeast-2.amazonaws.com:443 "POST /dev/ioc HTTP/1.1" 200 143
2023-03-29 12:43:16,299 - DEBUG - < TEXT '[2, "37da331e-e2ed-4c10-8708-7296a027ff65", "Tr...ssage": "MeterValues"}]' [98 bytes]
2023-03-29 12:43:16,305 - DEBUG - > TEXT '[3, "37da331e-e2ed-4c10-8708-7296a027ff65", {"status": "Accepted"}]' [67 bytes]
2023-03-29 12:43:16,483 - DEBUG - < TEXT '' [0 bytes]
2023-03-29 12:43:16,526 - DEBUG - > TEXT '[2, "4a19b0c4-66a9-4104-a0c7-880f75ba2e90", "Me...er", "unit": "Wh"}]}]}]' [259 bytes]
2023-03-29 12:43:16,796 - DEBUG - < TEXT '[3, "4a19b0c4-66a9-4104-a0c7-880f75ba2e90", {}]' [47 bytes]
2023-03-29 12:43:16,841 - DEBUG - Starting new HTTPS connection (1): 8b434254zg.execute-api.ap-northeast-2.amazonaws.com:443
2023-03-29 12:43:17,270 - DEBUG - https://8b434254zg.execute-api.ap-northeast-2.amazonaws.com:443 "POST /dev/ioc HTTP/1.1" 200 141
2023-03-29 12:43:17,319 - DEBUG - < TEXT '[2, "ad4fd153-ce85-4a34-ae25-295760988e5c", "Tr...Message": "HeartBeat"}]' [96 bytes]
2023-03-29 12:43:17,358 - DEBUG - = connection is CLOSING
2023-03-29 12:43:17,358 - DEBUG - > CLOSE 1000 (OK) [2 bytes]
2023-03-29 12:43:17,370 - DEBUG - < CLOSE 1000 (OK) [2 bytes]
2023-03-29 12:43:17,375 - DEBUG - = connection is CLOSED
2023-03-29 12:44:30,047 - DEBUG - = connection is CONNECTING
2023-03-29 12:44:30,086 - DEBUG - > GET /ocpp16/ELA007C05/EVSCA050001 HTTP/1.1
2023-03-29 12:44:30,087 - DEBUG - > Host: ws.devevspcharger.uplus.co.kr
2023-03-29 12:44:30,087 - DEBUG - > Upgrade: websocket
2023-03-29 12:44:30,087 - DEBUG - > Connection: Upgrade
2023-03-29 12:44:30,087 - DEBUG - > Sec-WebSocket-Key: /Q1dxpDacdma2v3zPz4CRg==
2023-03-29 12:44:30,087 - DEBUG - > Sec-WebSocket-Version: 13
2023-03-29 12:44:30,087 - DEBUG - > Sec-WebSocket-Extensions: permessage-deflate; client_max_window_bits
2023-03-29 12:44:30,087 - DEBUG - > Sec-WebSocket-Protocol: ocpp1.6
2023-03-29 12:44:30,088 - DEBUG - > Authorization: Basic RVZBUjpFVkFSTEdV
2023-03-29 12:44:30,088 - DEBUG - > User-Agent: Python/3.11 websockets/10.4
2023-03-29 12:44:30,591 - DEBUG - < HTTP/1.1 101 Switching Protocols
2023-03-29 12:44:30,591 - DEBUG - < Connection: upgrade
2023-03-29 12:44:30,592 - DEBUG - < Date: Wed, 29 Mar 2023 03:44:26 GMT
2023-03-29 12:44:30,592 - DEBUG - < sec-websocket-protocol: ocpp1.6
2023-03-29 12:44:30,593 - DEBUG - < upgrade: websocket
2023-03-29 12:44:30,594 - DEBUG - < sec-websocket-accept: 8Li4ZfjeGTc5qpeoKaQV7IvM9Kg=
2023-03-29 12:44:30,594 - DEBUG - < sec-websocket-extensions: permessage-deflate
2023-03-29 12:44:30,594 - DEBUG - < X-Cache: Miss from cloudfront
2023-03-29 12:44:30,595 - DEBUG - < Via: 1.1 98cc70c99d4e07b8cd37265dc48c5a54.cloudfront.net (CloudFront)
2023-03-29 12:44:30,595 - DEBUG - < X-Amz-Cf-Pop: ICN57-P2
2023-03-29 12:44:30,595 - DEBUG - < X-Amz-Cf-Id: e4QzrVZQYla4CyWSIVuJGH_X3FcnP0oQwotydtZnHlNFZ5mboANbTQ==
2023-03-29 12:44:30,595 - DEBUG - = connection is OPEN
2023-03-29 12:44:30,632 - DEBUG - > TEXT '[2, "5bc75aeb-b8b0-4b93-9519-a692a41a8cfb", "Bo...ePointVendor": "EVAR"}]' [127 bytes]
2023-03-29 12:44:31,019 - DEBUG - < TEXT '[3, "5bc75aeb-b8b0-4b93-9519-a692a41a8cfb", {"s...27Z", "interval": 600}]' [123 bytes]
2023-03-29 12:44:31,049 - DEBUG - Starting new HTTPS connection (1): 8b434254zg.execute-api.ap-northeast-2.amazonaws.com:443
2023-03-29 12:44:31,668 - DEBUG - https://8b434254zg.execute-api.ap-northeast-2.amazonaws.com:443 "POST /dev/ioc HTTP/1.1" 200 148
2023-03-29 12:44:31,712 - DEBUG - < TEXT '[2, "237192c8-2917-409a-bc99-27ba9a27fef6", "Tr...": "BootNotification"}]' [103 bytes]
2023-03-29 12:44:31,717 - DEBUG - > TEXT '[3, "237192c8-2917-409a-bc99-27ba9a27fef6", {"status": "Accepted"}]' [67 bytes]
2023-03-29 12:44:31,898 - DEBUG - < TEXT '' [0 bytes]
2023-03-29 12:44:31,942 - DEBUG - > TEXT '[2, "fd7058a8-1121-4162-9c1d-6f5c492c2c44", "Bo...ePointVendor": "EVAR"}]' [127 bytes]
2023-03-29 12:44:32,159 - DEBUG - < TEXT '[3, "fd7058a8-1121-4162-9c1d-6f5c492c2c44", {"s...28Z", "interval": 600}]' [123 bytes]
2023-03-29 12:44:32,199 - DEBUG - Starting new HTTPS connection (1): 8b434254zg.execute-api.ap-northeast-2.amazonaws.com:443
2023-03-29 12:44:32,613 - DEBUG - https://8b434254zg.execute-api.ap-northeast-2.amazonaws.com:443 "POST /dev/ioc HTTP/1.1" 200 143
2023-03-29 12:44:32,656 - DEBUG - < TEXT '[2, "5220900a-0047-4a15-b581-e1612f8b1101", "Tr...ssage": "MeterValues"}]' [98 bytes]
2023-03-29 12:44:32,662 - DEBUG - > TEXT '[3, "5220900a-0047-4a15-b581-e1612f8b1101", {"status": "Accepted"}]' [67 bytes]
2023-03-29 12:44:32,839 - DEBUG - < TEXT '' [0 bytes]
2023-03-29 12:44:32,885 - DEBUG - > TEXT '[2, "4a4f397f-79d3-418c-92ad-e361b53be2ff", "Me...er", "unit": "Wh"}]}]}]' [259 bytes]
2023-03-29 12:44:33,099 - DEBUG - < TEXT '[3, "4a4f397f-79d3-418c-92ad-e361b53be2ff", {}]' [47 bytes]
2023-03-29 12:44:33,143 - DEBUG - Starting new HTTPS connection (1): 8b434254zg.execute-api.ap-northeast-2.amazonaws.com:443
2023-03-29 12:44:33,550 - DEBUG - https://8b434254zg.execute-api.ap-northeast-2.amazonaws.com:443 "POST /dev/ioc HTTP/1.1" 200 141
2023-03-29 12:44:33,600 - DEBUG - < TEXT '[2, "3e4c1d12-8cd1-443f-88cf-fdc63ff7ceef", "Tr...Message": "Heartbeat"}]' [96 bytes]
2023-03-29 12:44:33,604 - DEBUG - > TEXT '[3, "3e4c1d12-8cd1-443f-88cf-fdc63ff7ceef", {"status": "Accepted"}]' [67 bytes]
2023-03-29 12:44:33,779 - DEBUG - < TEXT '' [0 bytes]
2023-03-29 12:44:33,814 - DEBUG - > TEXT '[2, "d9eb7467-d056-46cf-a294-8c1e6269dfdf", "Heartbeat", {}]' [60 bytes]
2023-03-29 12:44:34,040 - DEBUG - < TEXT '[3, "d9eb7467-d056-46cf-a294-8c1e6269dfdf", {"c...2023-03-29T12:44:30Z"}]' [84 bytes]
2023-03-29 12:44:34,068 - DEBUG - Starting new HTTPS connection (1): 8b434254zg.execute-api.ap-northeast-2.amazonaws.com:443
2023-03-29 12:44:34,491 - DEBUG - https://8b434254zg.execute-api.ap-northeast-2.amazonaws.com:443 "POST /dev/ioc HTTP/1.1" 200 150
2023-03-29 12:44:34,538 - DEBUG - < TEXT '[2, "dbe54378-71f6-4210-b2b5-448135b80452", "Tr... "StatusNotification"}]' [105 bytes]
2023-03-29 12:44:34,546 - DEBUG - > TEXT '[3, "dbe54378-71f6-4210-b2b5-448135b80452", {"status": "Accepted"}]' [67 bytes]
2023-03-29 12:44:34,719 - DEBUG - < TEXT '' [0 bytes]
2023-03-29 12:44:34,755 - DEBUG - > TEXT '[2, "5bc75aeb-b8b0-4b93-9519-a692a41a8cfb", "St..."status": "Available"}]' [132 bytes]
2023-03-29 12:44:34,940 - DEBUG - < TEXT '[3, "5bc75aeb-b8b0-4b93-9519-a692a41a8cfb", {}]' [47 bytes]
2023-03-29 12:44:34,974 - DEBUG - Starting new HTTPS connection (1): 8b434254zg.execute-api.ap-northeast-2.amazonaws.com:443
2023-03-29 12:44:35,670 - DEBUG - https://8b434254zg.execute-api.ap-northeast-2.amazonaws.com:443 "POST /dev/ioc HTTP/1.1" 200 161
2023-03-29 12:44:35,722 - DEBUG - < TEXT '[2, "1a695d08-d6b2-42ee-ba3b-bf7ce37bea9a", "Tr...csStatusNotification"}]' [116 bytes]
2023-03-29 12:44:35,725 - DEBUG - > TEXT '[3, "1a695d08-d6b2-42ee-ba3b-bf7ce37bea9a", {"status": "Accepted"}]' [67 bytes]
2023-03-29 12:44:35,901 - DEBUG - < TEXT '' [0 bytes]
2023-03-29 12:44:35,937 - DEBUG - > TEXT '[2, "106deaad-667a-4c94-8957-8c476a66aefd", "Di...n", {"status": "Idle"}]' [96 bytes]
2023-03-29 12:44:36,138 - DEBUG - < TEXT '[3, "106deaad-667a-4c94-8957-8c476a66aefd", {}]' [47 bytes]
2023-03-29 12:44:36,166 - DEBUG - Starting new HTTPS connection (1): 8b434254zg.execute-api.ap-northeast-2.amazonaws.com:443
2023-03-29 12:44:36,591 - DEBUG - https://8b434254zg.execute-api.ap-northeast-2.amazonaws.com:443 "POST /dev/ioc HTTP/1.1" 200 158
2023-03-29 12:44:36,634 - DEBUG - < TEXT '[2, "35f59f59-e323-4eba-994b-d163b02b4601", "Tr...reStatusNotification"}]' [113 bytes]
2023-03-29 12:44:36,640 - DEBUG - > TEXT '[3, "35f59f59-e323-4eba-994b-d163b02b4601", {"status": "Accepted"}]' [67 bytes]
2023-03-29 12:44:36,841 - DEBUG - < TEXT '' [0 bytes]
2023-03-29 12:44:36,886 - DEBUG - > TEXT '[2, "3ae2492f-9b39-4f97-9472-a80955ee551c", "Fi...n", {"status": "Idle"}]' [93 bytes]
2023-03-29 12:44:37,081 - DEBUG - < TEXT '[3, "3ae2492f-9b39-4f97-9472-a80955ee551c", {}]' [47 bytes]
2023-03-29 12:44:37,112 - DEBUG - = connection is CLOSING
2023-03-29 12:44:37,112 - DEBUG - > CLOSE 1000 (OK) [2 bytes]
2023-03-29 12:44:37,121 - DEBUG - < CLOSE 1000 (OK) [2 bytes]
2023-03-29 12:44:37,127 - DEBUG - = connection is CLOSED
2023-03-29 12:44:42,682 - DEBUG - = connection is CONNECTING
2023-03-29 12:44:42,708 - DEBUG - > GET /ocpp16/ELA007C05/EVSCA050001 HTTP/1.1
2023-03-29 12:44:42,709 - DEBUG - > Host: ws.devevspcharger.uplus.co.kr
2023-03-29 12:44:42,709 - DEBUG - > Upgrade: websocket
2023-03-29 12:44:42,709 - DEBUG - > Connection: Upgrade
2023-03-29 12:44:42,709 - DEBUG - > Sec-WebSocket-Key: PtJqXIrXN03pvihB5QiUEw==
2023-03-29 12:44:42,709 - DEBUG - > Sec-WebSocket-Version: 13
2023-03-29 12:44:42,709 - DEBUG - > Sec-WebSocket-Extensions: permessage-deflate; client_max_window_bits
2023-03-29 12:44:42,709 - DEBUG - > Sec-WebSocket-Protocol: ocpp1.6
2023-03-29 12:44:42,709 - DEBUG - > Authorization: Basic RVZBUjpFVkFSTEdV
2023-03-29 12:44:42,709 - DEBUG - > User-Agent: Python/3.11 websockets/10.4
2023-03-29 12:44:42,961 - DEBUG - < HTTP/1.1 101 Switching Protocols
2023-03-29 12:44:42,961 - DEBUG - < Connection: upgrade
2023-03-29 12:44:42,961 - DEBUG - < Date: Wed, 29 Mar 2023 03:44:39 GMT
2023-03-29 12:44:42,961 - DEBUG - < sec-websocket-protocol: ocpp1.6
2023-03-29 12:44:42,961 - DEBUG - < upgrade: websocket
2023-03-29 12:44:42,961 - DEBUG - < sec-websocket-accept: jSFjhiEKLzoud9VfBUzRspv8J5k=
2023-03-29 12:44:42,961 - DEBUG - < sec-websocket-extensions: permessage-deflate
2023-03-29 12:44:42,961 - DEBUG - < X-Cache: Miss from cloudfront
2023-03-29 12:44:42,961 - DEBUG - < Via: 1.1 013a9ec825a751410eced78024a9ae1a.cloudfront.net (CloudFront)
2023-03-29 12:44:42,961 - DEBUG - < X-Amz-Cf-Pop: ICN57-P2
2023-03-29 12:44:42,962 - DEBUG - < X-Amz-Cf-Id: 3_hWulTxbunKSQElx0dW3wSpbiNxk9Aspjh_iPD1lZMQTDfdEubThA==
2023-03-29 12:44:42,962 - DEBUG - = connection is OPEN
2023-03-29 12:44:42,993 - DEBUG - > TEXT '[2, "16dbb0be-7d1e-4838-8d67-8269c84265fd", "Bo...ePointVendor": "EVAR"}]' [127 bytes]
2023-03-29 12:44:43,240 - DEBUG - < TEXT '[3, "16dbb0be-7d1e-4838-8d67-8269c84265fd", {"s...39Z", "interval": 600}]' [123 bytes]
2023-03-29 12:44:43,269 - DEBUG - Starting new HTTPS connection (1): 8b434254zg.execute-api.ap-northeast-2.amazonaws.com:443
2023-03-29 12:44:43,672 - DEBUG - https://8b434254zg.execute-api.ap-northeast-2.amazonaws.com:443 "POST /dev/ioc HTTP/1.1" 200 143
2023-03-29 12:44:43,706 - DEBUG - < TEXT '[2, "7b35a706-ccba-459a-8480-4780e95dd5eb", "Tr...ssage": "MeterValues"}]' [98 bytes]
2023-03-29 12:44:43,710 - DEBUG - > TEXT '[3, "7b35a706-ccba-459a-8480-4780e95dd5eb", {"status": "Rejected"}]' [67 bytes]
2023-03-29 12:44:43,912 - DEBUG - < TEXT '' [0 bytes]
2023-03-29 12:44:43,927 - DEBUG - = connection is CLOSING
2023-03-29 12:44:43,927 - DEBUG - > CLOSE 1000 (OK) [2 bytes]
2023-03-29 12:44:43,935 - DEBUG - < CLOSE 1000 (OK) [2 bytes]
2023-03-29 12:44:43,938 - DEBUG - = connection is CLOSED
2023-03-29 12:44:47,455 - DEBUG - = connection is CONNECTING
2023-03-29 12:44:47,486 - DEBUG - > GET /ocpp16/ELA007C05/EVSCA050001 HTTP/1.1
2023-03-29 12:44:47,486 - DEBUG - > Host: ws.devevspcharger.uplus.co.kr
2023-03-29 12:44:47,487 - DEBUG - > Upgrade: websocket
2023-03-29 12:44:47,487 - DEBUG - > Connection: Upgrade
2023-03-29 12:44:47,487 - DEBUG - > Sec-WebSocket-Key: cuBWxtaq/sHJDsbOKVMr5g==
2023-03-29 12:44:47,488 - DEBUG - > Sec-WebSocket-Version: 13
2023-03-29 12:44:47,488 - DEBUG - > Sec-WebSocket-Extensions: permessage-deflate; client_max_window_bits
2023-03-29 12:44:47,488 - DEBUG - > Sec-WebSocket-Protocol: ocpp1.6
2023-03-29 12:44:47,488 - DEBUG - > Authorization: Basic RVZBUjpFVkFSTEdV
2023-03-29 12:44:47,488 - DEBUG - > User-Agent: Python/3.11 websockets/10.4
2023-03-29 12:44:47,693 - DEBUG - < HTTP/1.1 101 Switching Protocols
2023-03-29 12:44:47,693 - DEBUG - < Connection: upgrade
2023-03-29 12:44:47,693 - DEBUG - < Date: Wed, 29 Mar 2023 03:44:43 GMT
2023-03-29 12:44:47,693 - DEBUG - < sec-websocket-protocol: ocpp1.6
2023-03-29 12:44:47,693 - DEBUG - < upgrade: websocket
2023-03-29 12:44:47,693 - DEBUG - < sec-websocket-accept: l3Y452ULCqg/uF5Je8irloOk0BM=
2023-03-29 12:44:47,694 - DEBUG - < sec-websocket-extensions: permessage-deflate
2023-03-29 12:44:47,694 - DEBUG - < X-Cache: Miss from cloudfront
2023-03-29 12:44:47,694 - DEBUG - < Via: 1.1 98cc70c99d4e07b8cd37265dc48c5a54.cloudfront.net (CloudFront)
2023-03-29 12:44:47,694 - DEBUG - < X-Amz-Cf-Pop: ICN57-P2
2023-03-29 12:44:47,694 - DEBUG - < X-Amz-Cf-Id: QEn14Nnih3AKanEWFI_pcG4Ypj-8yDPY4pXXPFQTERX13qsPpQnf3w==
2023-03-29 12:44:47,694 - DEBUG - = connection is OPEN
2023-03-29 12:44:47,746 - DEBUG - > TEXT '[2, "3ce7f864-dd49-4de3-b463-ef3bf2daa724", "Bo...ePointVendor": "EVAR"}]' [127 bytes]
2023-03-29 12:44:48,008 - DEBUG - < TEXT '[3, "3ce7f864-dd49-4de3-b463-ef3bf2daa724", {"s...44Z", "interval": 600}]' [123 bytes]
2023-03-29 12:44:48,042 - DEBUG - Starting new HTTPS connection (1): 8b434254zg.execute-api.ap-northeast-2.amazonaws.com:443
2023-03-29 12:44:48,431 - DEBUG - https://8b434254zg.execute-api.ap-northeast-2.amazonaws.com:443 "POST /dev/ioc HTTP/1.1" 200 408
2023-03-29 12:44:48,484 - DEBUG - < TEXT '[2, "e88d0650-7e3c-4c56-8a28-10a9c9be00c1", "Se... "limit": 11000.0}]}}}]' [363 bytes]
2023-03-29 12:44:48,497 - DEBUG - > TEXT '[3, "e88d0650-7e3c-4c56-8a28-10a9c9be00c1", {"status": "Accepted"}]' [67 bytes]
2023-03-29 12:44:48,688 - DEBUG - < TEXT '' [0 bytes]
2023-03-29 12:44:48,695 - DEBUG - = connection is CLOSING
2023-03-29 12:44:48,695 - DEBUG - > CLOSE 1000 (OK) [2 bytes]
2023-03-29 12:44:48,704 - DEBUG - < CLOSE 1000 (OK) [2 bytes]
2023-03-29 12:44:48,708 - DEBUG - = connection is CLOSED
2023-03-29 12:44:53,697 - DEBUG - = connection is CONNECTING
2023-03-29 12:44:53,728 - DEBUG - > GET /ocpp16/ELA007C05/EVSCA050001 HTTP/1.1
2023-03-29 12:44:53,728 - DEBUG - > Host: ws.devevspcharger.uplus.co.kr
2023-03-29 12:44:53,729 - DEBUG - > Upgrade: websocket
2023-03-29 12:44:53,730 - DEBUG - > Connection: Upgrade
2023-03-29 12:44:53,730 - DEBUG - > Sec-WebSocket-Key: 94NFSHwXSNeA5Kf1mF04Gg==
2023-03-29 12:44:53,730 - DEBUG - > Sec-WebSocket-Version: 13
2023-03-29 12:44:53,730 - DEBUG - > Sec-WebSocket-Extensions: permessage-deflate; client_max_window_bits
2023-03-29 12:44:53,730 - DEBUG - > Sec-WebSocket-Protocol: ocpp1.6
2023-03-29 12:44:53,730 - DEBUG - > Authorization: Basic RVZBUjpFVkFSTEdV
2023-03-29 12:44:53,730 - DEBUG - > User-Agent: Python/3.11 websockets/10.4
2023-03-29 12:44:53,949 - DEBUG - < HTTP/1.1 101 Switching Protocols
2023-03-29 12:44:53,950 - DEBUG - < Connection: upgrade
2023-03-29 12:44:53,951 - DEBUG - < Date: Wed, 29 Mar 2023 03:44:50 GMT
2023-03-29 12:44:53,951 - DEBUG - < sec-websocket-protocol: ocpp1.6
2023-03-29 12:44:53,951 - DEBUG - < upgrade: websocket
2023-03-29 12:44:53,952 - DEBUG - < sec-websocket-accept: oLb42VWV9nncykoJqYmGnuJp7QU=
2023-03-29 12:44:53,952 - DEBUG - < sec-websocket-extensions: permessage-deflate
2023-03-29 12:44:53,952 - DEBUG - < X-Cache: Miss from cloudfront
2023-03-29 12:44:53,953 - DEBUG - < Via: 1.1 47d972c0543b96b8ef5a6c3258e80bf0.cloudfront.net (CloudFront)
2023-03-29 12:44:53,953 - DEBUG - < X-Amz-Cf-Pop: ICN57-P2
2023-03-29 12:44:53,953 - DEBUG - < X-Amz-Cf-Id: H3VSz5oJ8XLyGAKaPFGoBCPXiHOstSt8fiVXe0XmJzB_4sho39I6hA==
2023-03-29 12:44:53,953 - DEBUG - = connection is OPEN
2023-03-29 12:44:54,013 - DEBUG - > TEXT '[2, "e9b6886e-95c0-40e5-ae25-1bf48820e296", "Bo...ePointVendor": "EVAR"}]' [127 bytes]
2023-03-29 12:44:54,258 - DEBUG - < TEXT '[3, "e9b6886e-95c0-40e5-ae25-1bf48820e296", {"s...50Z", "interval": 600}]' [123 bytes]
2023-03-29 12:44:54,307 - DEBUG - > TEXT '[2, "d0144996-4851-4c99-a9fb-ca2b110a9e24", "St..."status": "Preparing"}]' [132 bytes]
2023-03-29 12:44:54,523 - DEBUG - < TEXT '[3, "d0144996-4851-4c99-a9fb-ca2b110a9e24", {}]' [47 bytes]
2023-03-29 12:44:54,577 - DEBUG - > TEXT '[2, "fc394c54-db1d-4937-abe1-008ccbe54d1e", "Au...": "1031040000069641"}]' [87 bytes]
2023-03-29 12:44:54,819 - DEBUG - < TEXT '[3, "fc394c54-db1d-4937-abe1-008ccbe54d1e", {"i..."status": "Accepted"}}]' [82 bytes]
2023-03-29 12:44:54,870 - DEBUG - > TEXT '[2, "206a61ba-ca81-4927-9d82-bfdf1cd11fdb", "St...2023-03-29T12:44:53Z"}]' [170 bytes]
2023-03-29 12:44:55,224 - DEBUG - < TEXT '[3, "206a61ba-ca81-4927-9d82-bfdf1cd11fdb", {"t..."status": "Accepted"}}]' [110 bytes]
2023-03-29 12:44:55,270 - DEBUG - > TEXT '[2, "da21edf9-6265-475b-ac01-6cffc6f84f16", "St... "status": "Charging"}]' [131 bytes]
2023-03-29 12:44:55,479 - DEBUG - < TEXT '[3, "da21edf9-6265-475b-ac01-6cffc6f84f16", {}]' [47 bytes]
2023-03-29 12:44:55,537 - DEBUG - Starting new HTTPS connection (1): 8b434254zg.execute-api.ap-northeast-2.amazonaws.com:443
2023-03-29 12:44:55,954 - DEBUG - https://8b434254zg.execute-api.ap-northeast-2.amazonaws.com:443 "POST /dev/ioc HTTP/1.1" 200 408
2023-03-29 12:44:56,007 - DEBUG - < TEXT '[2, "38b43bbf-2f14-4b1b-a4b5-09f0af3fbd09", "Se... "limit": 11000.0}]}}}]' [363 bytes]
2023-03-29 12:44:56,011 - DEBUG - > TEXT '[3, "38b43bbf-2f14-4b1b-a4b5-09f0af3fbd09", {"status": "Accepted"}]' [67 bytes]
2023-03-29 12:44:56,181 - DEBUG - < TEXT '' [0 bytes]
2023-03-29 12:44:56,189 - DEBUG - = connection is CLOSING
2023-03-29 12:44:56,189 - DEBUG - > CLOSE 1000 (OK) [2 bytes]
2023-03-29 12:44:56,201 - DEBUG - < CLOSE 1000 (OK) [2 bytes]
2023-03-29 12:44:56,205 - DEBUG - = connection is CLOSED
2023-03-29 12:45:03,358 - DEBUG - = connection is CONNECTING
2023-03-29 12:45:03,392 - DEBUG - > GET /ocpp16/ELA007C05/EVSCA050001 HTTP/1.1
2023-03-29 12:45:03,392 - DEBUG - > Host: ws.devevspcharger.uplus.co.kr
2023-03-29 12:45:03,392 - DEBUG - > Upgrade: websocket
2023-03-29 12:45:03,392 - DEBUG - > Connection: Upgrade
2023-03-29 12:45:03,392 - DEBUG - > Sec-WebSocket-Key: HymylYvza6YPb1HtwtOA0Q==
2023-03-29 12:45:03,392 - DEBUG - > Sec-WebSocket-Version: 13
2023-03-29 12:45:03,392 - DEBUG - > Sec-WebSocket-Extensions: permessage-deflate; client_max_window_bits
2023-03-29 12:45:03,392 - DEBUG - > Sec-WebSocket-Protocol: ocpp1.6
2023-03-29 12:45:03,392 - DEBUG - > Authorization: Basic RVZBUjpFVkFSTEdV
2023-03-29 12:45:03,393 - DEBUG - > User-Agent: Python/3.11 websockets/10.4
2023-03-29 12:45:03,610 - DEBUG - < HTTP/1.1 101 Switching Protocols
2023-03-29 12:45:03,611 - DEBUG - < Connection: upgrade
2023-03-29 12:45:03,611 - DEBUG - < Date: Wed, 29 Mar 2023 03:44:59 GMT
2023-03-29 12:45:03,611 - DEBUG - < sec-websocket-protocol: ocpp1.6
2023-03-29 12:45:03,611 - DEBUG - < upgrade: websocket
2023-03-29 12:45:03,612 - DEBUG - < sec-websocket-accept: fohwy5kcVNSczvH7uvPZ8FQJaHM=
2023-03-29 12:45:03,612 - DEBUG - < sec-websocket-extensions: permessage-deflate
2023-03-29 12:45:03,612 - DEBUG - < X-Cache: Miss from cloudfront
2023-03-29 12:45:03,612 - DEBUG - < Via: 1.1 5b6f80c06c5584561e15bd2fd58882ee.cloudfront.net (CloudFront)
2023-03-29 12:45:03,612 - DEBUG - < X-Amz-Cf-Pop: ICN57-P2
2023-03-29 12:45:03,613 - DEBUG - < X-Amz-Cf-Id: -val3uOq2YM0eqa3_f3mzXl8PMm1Fn_NeE6iyMRChqcV77dS9_HOnQ==
2023-03-29 12:45:03,613 - DEBUG - = connection is OPEN
2023-03-29 12:45:03,668 - DEBUG - > TEXT '[2, "8fb42075-bec3-42ca-970d-c3bd621f33ab", "Bo...ePointVendor": "EVAR"}]' [127 bytes]
2023-03-29 12:45:04,034 - DEBUG - < TEXT '[3, "8fb42075-bec3-42ca-970d-c3bd621f33ab", {"s...00Z", "interval": 600}]' [123 bytes]
2023-03-29 12:45:04,072 - DEBUG - > TEXT '[2, "2cd7b324-6282-4161-9d83-05921caf2edb", "St..."status": "Preparing"}]' [132 bytes]
2023-03-29 12:45:04,260 - DEBUG - < TEXT '[3, "2cd7b324-6282-4161-9d83-05921caf2edb", {}]' [47 bytes]
2023-03-29 12:45:04,297 - DEBUG - Starting new HTTPS connection (1): 8b434254zg.execute-api.ap-northeast-2.amazonaws.com:443
2023-03-29 12:45:04,731 - DEBUG - https://8b434254zg.execute-api.ap-northeast-2.amazonaws.com:443 "POST /dev/ioc HTTP/1.1" 200 427
2023-03-29 12:45:04,783 - DEBUG - < TEXT '[2, "0e6cea2c-956a-4ebe-854a-aef8640ef293", "Re...0, "limit": 11000}]}}}]' [382 bytes]
2023-03-29 12:45:04,801 - DEBUG - > TEXT '[3, "0e6cea2c-956a-4ebe-854a-aef8640ef293", {"status": "Accepted"}]' [67 bytes]
2023-03-29 12:45:04,998 - DEBUG - < TEXT '' [0 bytes]
2023-03-29 12:45:05,053 - DEBUG - > TEXT '[2, "3bc15c45-9c6c-49c8-97ab-699cef7f7461", "Au...": "1031040000069641"}]' [87 bytes]
2023-03-29 12:45:05,319 - DEBUG - < TEXT '[3, "3bc15c45-9c6c-49c8-97ab-699cef7f7461", {"i..."status": "Accepted"}}]' [82 bytes]
2023-03-29 12:45:05,373 - DEBUG - > TEXT '[2, "46474cf4-8e28-4060-acda-312dfccc7c2e", "St...2023-03-29T12:44:53Z"}]' [170 bytes]
2023-03-29 12:45:05,678 - DEBUG - < TEXT '[3, "46474cf4-8e28-4060-acda-312dfccc7c2e", {"t..."status": "Accepted"}}]' [110 bytes]
2023-03-29 12:45:05,748 - DEBUG - > TEXT '[2, "84f2033d-8800-4782-8a1b-2bc77607f808", "St... "status": "Charging"}]' [131 bytes]
2023-03-29 12:45:05,939 - DEBUG - < TEXT '[3, "84f2033d-8800-4782-8a1b-2bc77607f808", {}]' [47 bytes]
2023-03-29 12:45:05,996 - DEBUG - > TEXT '[2, "4b3fd514-bfaa-40fa-8fda-b4ee264ab65a", "St...sactionId": 120533568}]' [149 bytes]
2023-03-29 12:45:06,280 - DEBUG - < TEXT '[3, "4b3fd514-bfaa-40fa-8fda-b4ee264ab65a", {"i..."status": "Accepted"}}]' [82 bytes]
2023-03-29 12:45:06,329 - DEBUG - > TEXT '[2, "e81a7832-3cef-4183-a340-4032fef2273b", "St..."status": "Finishing"}]' [132 bytes]
2023-03-29 12:45:06,518 - DEBUG - < TEXT '[3, "e81a7832-3cef-4183-a340-4032fef2273b", {}]' [47 bytes]
2023-03-29 12:45:06,555 - DEBUG - > TEXT '[2, "2dc4f149-4ad9-4ad1-b0f5-71014816f954", "St..."status": "Available"}]' [132 bytes]
2023-03-29 12:45:06,760 - DEBUG - < TEXT '[3, "2dc4f149-4ad9-4ad1-b0f5-71014816f954", {}]' [47 bytes]
2023-03-29 12:45:06,782 - DEBUG - = connection is CLOSING
2023-03-29 12:45:06,782 - DEBUG - > CLOSE 1000 (OK) [2 bytes]
2023-03-29 12:45:06,790 - DEBUG - < CLOSE 1000 (OK) [2 bytes]
2023-03-29 12:45:06,801 - DEBUG - = connection is CLOSED
2023-03-29 12:45:10,550 - DEBUG - = connection is CONNECTING
2023-03-29 12:45:10,578 - DEBUG - > GET /ocpp16/ELA007C05/EVSCA050001 HTTP/1.1
2023-03-29 12:45:10,578 - DEBUG - > Host: ws.devevspcharger.uplus.co.kr
2023-03-29 12:45:10,578 - DEBUG - > Upgrade: websocket
2023-03-29 12:45:10,579 - DEBUG - > Connection: Upgrade
2023-03-29 12:45:10,579 - DEBUG - > Sec-WebSocket-Key: hO5ZdOTf1g6EpVKMdQDFmg==
2023-03-29 12:45:10,579 - DEBUG - > Sec-WebSocket-Version: 13
2023-03-29 12:45:10,579 - DEBUG - > Sec-WebSocket-Extensions: permessage-deflate; client_max_window_bits
2023-03-29 12:45:10,579 - DEBUG - > Sec-WebSocket-Protocol: ocpp1.6
2023-03-29 12:45:10,579 - DEBUG - > Authorization: Basic RVZBUjpFVkFSTEdV
2023-03-29 12:45:10,579 - DEBUG - > User-Agent: Python/3.11 websockets/10.4
2023-03-29 12:45:10,810 - DEBUG - < HTTP/1.1 101 Switching Protocols
2023-03-29 12:45:10,810 - DEBUG - < Connection: upgrade
2023-03-29 12:45:10,811 - DEBUG - < Date: Wed, 29 Mar 2023 03:45:07 GMT
2023-03-29 12:45:10,811 - DEBUG - < sec-websocket-protocol: ocpp1.6
2023-03-29 12:45:10,811 - DEBUG - < upgrade: websocket
2023-03-29 12:45:10,811 - DEBUG - < sec-websocket-accept: G83ynv92iFeWwYcQRAn6WTwuRRc=
2023-03-29 12:45:10,811 - DEBUG - < sec-websocket-extensions: permessage-deflate
2023-03-29 12:45:10,811 - DEBUG - < X-Cache: Miss from cloudfront
2023-03-29 12:45:10,812 - DEBUG - < Via: 1.1 0deed69f96030eea747cb7bfcfd21562.cloudfront.net (CloudFront)
2023-03-29 12:45:10,812 - DEBUG - < X-Amz-Cf-Pop: ICN57-P2
2023-03-29 12:45:10,812 - DEBUG - < X-Amz-Cf-Id: pkyBnW-XmWK3RU-EUtgsvn3WCwBl8vYpdwyPs_Z17g_gama5WQb8cQ==
2023-03-29 12:45:10,812 - DEBUG - = connection is OPEN
2023-03-29 12:45:10,837 - DEBUG - > TEXT '[2, "0fba8e1f-b9e8-435e-80e6-37e4d76bbcd4", "Bo...ePointVendor": "EVAR"}]' [127 bytes]
2023-03-29 12:45:11,057 - DEBUG - < TEXT '[3, "0fba8e1f-b9e8-435e-80e6-37e4d76bbcd4", {"s...07Z", "interval": 600}]' [123 bytes]
2023-03-29 12:45:11,093 - ERROR - Task exception was never retrieved
future: <Task finished name='Task-149' coro=<ChargerSim.startEvent() done, defined at D:\workspace\wss\main.py:131> exception=KeyError('DataTransfer')>
Traceback (most recent call last):
  File "D:\workspace\wss\main.py", line 151, in startEvent
    await self.charger.runcase(self.TC_selected if len(self.TC_selected.keys())>0 else self.TC)
  File "D:\workspace\wss\Charger.py", line 367, in runcase
    doc = self.convertSendDoc(c)
          ^^^^^^^^^^^^^^^^^^^^^^
  File "D:\workspace\wss\Charger.py", line 229, in convertSendDoc
    doc = self.ocppdocs[ocpp[0]]
          ~~~~~~~~~~~~~^^^^^^^^^
KeyError: 'DataTransfer'
2023-03-29 12:45:30,817 - DEBUG - % sending keepalive ping
2023-03-29 12:45:30,817 - DEBUG - > PING 94 75 03 dc [binary, 4 bytes]
2023-03-29 12:45:30,824 - DEBUG - < PONG 94 75 03 dc [binary, 4 bytes]
2023-03-29 12:45:30,832 - DEBUG - % received keepalive pong
2023-03-29 12:45:50,819 - DEBUG - % sending keepalive ping
2023-03-29 12:45:50,819 - DEBUG - > PING aa 6e bd 0c [binary, 4 bytes]
2023-03-29 12:45:50,827 - DEBUG - < PONG aa 6e bd 0c [binary, 4 bytes]
2023-03-29 12:45:50,830 - DEBUG - % received keepalive pong
2023-03-29 12:46:10,820 - DEBUG - % sending keepalive ping
2023-03-29 12:46:10,820 - DEBUG - > PING 02 50 41 de [binary, 4 bytes]
2023-03-29 12:46:10,828 - DEBUG - < PONG 02 50 41 de [binary, 4 bytes]
2023-03-29 12:46:10,832 - DEBUG - % received keepalive pong
2023-03-29 12:46:30,810 - DEBUG - % sending keepalive ping
2023-03-29 12:46:30,810 - DEBUG - > PING 2c 05 da e7 [binary, 4 bytes]
2023-03-29 12:46:30,817 - DEBUG - < PONG 2c 05 da e7 [binary, 4 bytes]
2023-03-29 12:46:30,824 - DEBUG - % received keepalive pong
2023-03-29 12:46:50,812 - DEBUG - % sending keepalive ping
2023-03-29 12:46:50,812 - DEBUG - > PING 64 4c 85 93 [binary, 4 bytes]
2023-03-29 12:46:50,819 - DEBUG - < PONG 64 4c 85 93 [binary, 4 bytes]
2023-03-29 12:46:50,822 - DEBUG - % received keepalive pong
2023-03-29 12:47:10,817 - DEBUG - % sending keepalive ping
2023-03-29 12:47:10,817 - DEBUG - > PING f2 0b ea 20 [binary, 4 bytes]
2023-03-29 12:47:10,826 - DEBUG - < PONG f2 0b ea 20 [binary, 4 bytes]
2023-03-29 12:47:10,829 - DEBUG - % received keepalive pong
2023-03-29 12:47:30,815 - DEBUG - % sending keepalive ping
2023-03-29 12:47:30,815 - DEBUG - > PING 59 11 f0 c5 [binary, 4 bytes]
2023-03-29 12:47:30,822 - DEBUG - < PONG 59 11 f0 c5 [binary, 4 bytes]
2023-03-29 12:47:30,827 - DEBUG - % received keepalive pong
2023-03-29 12:47:50,814 - DEBUG - % sending keepalive ping
2023-03-29 12:47:50,814 - DEBUG - > PING cc ab 9d 75 [binary, 4 bytes]
2023-03-29 12:47:50,826 - DEBUG - < PONG cc ab 9d 75 [binary, 4 bytes]
2023-03-29 12:47:50,834 - DEBUG - % received keepalive pong
2023-03-29 12:48:10,821 - DEBUG - % sending keepalive ping
2023-03-29 12:48:10,821 - DEBUG - > PING 1b 72 4d bd [binary, 4 bytes]
2023-03-29 12:48:10,828 - DEBUG - < PONG 1b 72 4d bd [binary, 4 bytes]
2023-03-29 12:48:10,831 - DEBUG - % received keepalive pong
2023-03-29 12:48:30,827 - DEBUG - % sending keepalive ping
2023-03-29 12:48:30,827 - DEBUG - > PING a1 14 99 ca [binary, 4 bytes]
2023-03-29 12:48:30,834 - DEBUG - < PONG a1 14 99 ca [binary, 4 bytes]
2023-03-29 12:48:30,841 - DEBUG - % received keepalive pong
2023-03-29 12:48:50,848 - DEBUG - % sending keepalive ping
2023-03-29 12:48:50,848 - DEBUG - > PING c3 98 c5 05 [binary, 4 bytes]
2023-03-29 12:48:50,855 - DEBUG - < PONG c3 98 c5 05 [binary, 4 bytes]
2023-03-29 12:48:50,860 - DEBUG - % received keepalive pong
2023-03-29 12:49:10,847 - DEBUG - % sending keepalive ping
2023-03-29 12:49:10,847 - DEBUG - > PING 42 30 d1 0f [binary, 4 bytes]
2023-03-29 12:49:10,855 - DEBUG - < PONG 42 30 d1 0f [binary, 4 bytes]
2023-03-29 12:49:10,859 - DEBUG - % received keepalive pong
2023-03-29 12:49:30,840 - DEBUG - % sending keepalive ping
2023-03-29 12:49:30,840 - DEBUG - > PING dc 4c 2b aa [binary, 4 bytes]
2023-03-29 12:49:30,847 - DEBUG - < PONG dc 4c 2b aa [binary, 4 bytes]
2023-03-29 12:49:30,850 - DEBUG - % received keepalive pong
2023-03-29 12:49:50,840 - DEBUG - % sending keepalive ping
2023-03-29 12:49:50,840 - DEBUG - > PING 23 be bf 00 [binary, 4 bytes]
2023-03-29 12:49:50,847 - DEBUG - < PONG 23 be bf 00 [binary, 4 bytes]
2023-03-29 12:49:50,851 - DEBUG - % received keepalive pong
2023-03-29 12:50:10,841 - DEBUG - % sending keepalive ping
2023-03-29 12:50:10,841 - DEBUG - > PING 6d fa 66 8c [binary, 4 bytes]
2023-03-29 12:50:10,849 - DEBUG - < PONG 6d fa 66 8c [binary, 4 bytes]
2023-03-29 12:50:10,852 - DEBUG - % received keepalive pong
2023-03-29 12:50:30,855 - DEBUG - % sending keepalive ping
2023-03-29 12:50:30,855 - DEBUG - > PING 6b b8 fa 91 [binary, 4 bytes]
2023-03-29 12:50:30,864 - DEBUG - < PONG 6b b8 fa 91 [binary, 4 bytes]
2023-03-29 12:50:30,869 - DEBUG - % received keepalive pong
2023-03-29 12:50:50,870 - DEBUG - % sending keepalive ping
2023-03-29 12:50:50,870 - DEBUG - > PING 04 55 84 6c [binary, 4 bytes]
2023-03-29 12:50:50,877 - DEBUG - < PONG 04 55 84 6c [binary, 4 bytes]
2023-03-29 12:50:50,880 - DEBUG - % received keepalive pong
2023-03-29 12:51:10,883 - DEBUG - % sending keepalive ping
2023-03-29 12:51:10,883 - DEBUG - > PING 4a 93 66 ad [binary, 4 bytes]
2023-03-29 12:51:10,891 - DEBUG - < PONG 4a 93 66 ad [binary, 4 bytes]
2023-03-29 12:51:10,895 - DEBUG - % received keepalive pong
2023-03-29 12:51:30,897 - DEBUG - % sending keepalive ping
2023-03-29 12:51:30,898 - DEBUG - > PING 88 12 57 cd [binary, 4 bytes]
2023-03-29 12:51:30,905 - DEBUG - < PONG 88 12 57 cd [binary, 4 bytes]
2023-03-29 12:51:30,907 - DEBUG - % received keepalive pong
2023-03-29 12:51:50,899 - DEBUG - % sending keepalive ping
2023-03-29 12:51:50,900 - DEBUG - > PING ba 54 45 4f [binary, 4 bytes]
2023-03-29 12:51:50,906 - DEBUG - < PONG ba 54 45 4f [binary, 4 bytes]
2023-03-29 12:51:50,911 - DEBUG - % received keepalive pong
2023-03-29 12:52:10,888 - DEBUG - % sending keepalive ping
2023-03-29 12:52:10,888 - DEBUG - > PING 47 26 92 98 [binary, 4 bytes]
2023-03-29 12:52:10,895 - DEBUG - < PONG 47 26 92 98 [binary, 4 bytes]
2023-03-29 12:52:10,898 - DEBUG - % received keepalive pong
2023-03-29 12:52:30,893 - DEBUG - % sending keepalive ping
2023-03-29 12:52:30,893 - DEBUG - > PING e7 28 49 16 [binary, 4 bytes]
2023-03-29 12:52:30,900 - DEBUG - < PONG e7 28 49 16 [binary, 4 bytes]
2023-03-29 12:52:30,908 - DEBUG - % received keepalive pong
2023-03-29 12:52:50,892 - DEBUG - % sending keepalive ping
2023-03-29 12:52:50,892 - DEBUG - > PING '\u062eW\x1a' [text, 4 bytes]
2023-03-29 12:52:51,093 - DEBUG - < PONG '\u062eW\x1a' [text, 4 bytes]
2023-03-29 12:52:51,096 - DEBUG - % received keepalive pong
2023-03-29 12:53:11,100 - DEBUG - % sending keepalive ping
2023-03-29 12:53:11,101 - DEBUG - > PING 4f 8e ca a7 [binary, 4 bytes]
2023-03-29 12:53:11,116 - DEBUG - < PONG 4f 8e ca a7 [binary, 4 bytes]
2023-03-29 12:53:11,120 - DEBUG - % received keepalive pong
2023-03-29 12:53:31,133 - DEBUG - % sending keepalive ping
2023-03-29 12:53:31,134 - DEBUG - > PING 8f 8f 8d 8e [binary, 4 bytes]
2023-03-29 12:53:31,141 - DEBUG - < PONG 8f 8f 8d 8e [binary, 4 bytes]
2023-03-29 12:53:31,144 - DEBUG - % received keepalive pong
2023-03-29 12:53:51,149 - DEBUG - % sending keepalive ping
2023-03-29 12:53:51,149 - DEBUG - > PING 'k\u4664' [text, 4 bytes]
2023-03-29 12:53:51,266 - DEBUG - < PONG 'k\u4664' [text, 4 bytes]
2023-03-29 12:53:51,273 - DEBUG - % received keepalive pong
2023-03-29 12:54:09,332 - DEBUG - = connection is CONNECTING
2023-03-29 12:54:09,371 - DEBUG - > GET /ocpp16/ELA007C05/EVSCA050001 HTTP/1.1
2023-03-29 12:54:09,371 - DEBUG - > Host: ws.devevspcharger.uplus.co.kr
2023-03-29 12:54:09,371 - DEBUG - > Upgrade: websocket
2023-03-29 12:54:09,372 - DEBUG - > Connection: Upgrade
2023-03-29 12:54:09,372 - DEBUG - > Sec-WebSocket-Key: u8MJp79BpO8qrxGO5Brdig==
2023-03-29 12:54:09,372 - DEBUG - > Sec-WebSocket-Version: 13
2023-03-29 12:54:09,372 - DEBUG - > Sec-WebSocket-Extensions: permessage-deflate; client_max_window_bits
2023-03-29 12:54:09,372 - DEBUG - > Sec-WebSocket-Protocol: ocpp1.6
2023-03-29 12:54:09,372 - DEBUG - > Authorization: Basic RVZBUjpFVkFSTEdV
2023-03-29 12:54:09,372 - DEBUG - > User-Agent: Python/3.11 websockets/10.4
2023-03-29 12:54:10,703 - DEBUG - < HTTP/1.1 101 Switching Protocols
2023-03-29 12:54:10,704 - DEBUG - < Connection: upgrade
2023-03-29 12:54:10,704 - DEBUG - < Date: Wed, 29 Mar 2023 03:54:06 GMT
2023-03-29 12:54:10,704 - DEBUG - < sec-websocket-protocol: ocpp1.6
2023-03-29 12:54:10,704 - DEBUG - < upgrade: websocket
2023-03-29 12:54:10,704 - DEBUG - < sec-websocket-accept: 2F7SM4IgKH4km1YSACPhEs+o4os=
2023-03-29 12:54:10,704 - DEBUG - < sec-websocket-extensions: permessage-deflate
2023-03-29 12:54:10,704 - DEBUG - < X-Cache: Miss from cloudfront
2023-03-29 12:54:10,704 - DEBUG - < Via: 1.1 9ce5dfe6a640bb6a762b3c2889e2317e.cloudfront.net (CloudFront)
2023-03-29 12:54:10,705 - DEBUG - < X-Amz-Cf-Pop: ICN57-P2
2023-03-29 12:54:10,705 - DEBUG - < X-Amz-Cf-Id: n9hvt7V9XNnM95vGVXogYPdjcwptA47DIvQorfsDhgo3yh80pvYzWg==
2023-03-29 12:54:10,705 - DEBUG - = connection is OPEN
2023-03-29 12:54:10,731 - DEBUG - > TEXT '[2, "d67e0bc1-a3d7-4871-8a64-2091ca7c3a0e", "Bo...ePointVendor": "EVAR"}]' [127 bytes]
2023-03-29 12:54:11,083 - DEBUG - < TEXT '[3, "d67e0bc1-a3d7-4871-8a64-2091ca7c3a0e", {"s...07Z", "interval": 600}]' [123 bytes]
2023-03-29 12:54:11,135 - DEBUG - = connection is CLOSING
2023-03-29 12:54:11,136 - DEBUG - > CLOSE 1000 (OK) [2 bytes]
2023-03-29 12:54:11,143 - DEBUG - < CLOSE 1000 (OK) [2 bytes]
2023-03-29 12:54:11,148 - DEBUG - = connection is CLOSED
2023-03-29 12:55:32,590 - DEBUG - = connection is CONNECTING
2023-03-29 12:55:32,630 - DEBUG - > GET /ocpp16/ELA007C05/EVSCA050001 HTTP/1.1
2023-03-29 12:55:32,630 - DEBUG - > Host: ws.devevspcharger.uplus.co.kr
2023-03-29 12:55:32,631 - DEBUG - > Upgrade: websocket
2023-03-29 12:55:32,631 - DEBUG - > Connection: Upgrade
2023-03-29 12:55:32,631 - DEBUG - > Sec-WebSocket-Key: Fz8cc62pdsDV1m1h3PAHQw==
2023-03-29 12:55:32,631 - DEBUG - > Sec-WebSocket-Version: 13
2023-03-29 12:55:32,631 - DEBUG - > Sec-WebSocket-Extensions: permessage-deflate; client_max_window_bits
2023-03-29 12:55:32,631 - DEBUG - > Sec-WebSocket-Protocol: ocpp1.6
2023-03-29 12:55:32,631 - DEBUG - > Authorization: Basic RVZBUjpFVkFSTEdV
2023-03-29 12:55:32,631 - DEBUG - > User-Agent: Python/3.11 websockets/10.4
2023-03-29 12:55:33,143 - DEBUG - < HTTP/1.1 101 Switching Protocols
2023-03-29 12:55:33,143 - DEBUG - < Connection: upgrade
2023-03-29 12:55:33,143 - DEBUG - < Date: Wed, 29 Mar 2023 03:55:29 GMT
2023-03-29 12:55:33,144 - DEBUG - < sec-websocket-protocol: ocpp1.6
2023-03-29 12:55:33,144 - DEBUG - < upgrade: websocket
2023-03-29 12:55:33,144 - DEBUG - < sec-websocket-accept: vE0XEnyUKEIGvnv376PDc9b/qyg=
2023-03-29 12:55:33,144 - DEBUG - < sec-websocket-extensions: permessage-deflate
2023-03-29 12:55:33,144 - DEBUG - < X-Cache: Miss from cloudfront
2023-03-29 12:55:33,144 - DEBUG - < Via: 1.1 98cc70c99d4e07b8cd37265dc48c5a54.cloudfront.net (CloudFront)
2023-03-29 12:55:33,144 - DEBUG - < X-Amz-Cf-Pop: ICN57-P2
2023-03-29 12:55:33,144 - DEBUG - < X-Amz-Cf-Id: Jz5uEtiUdDZSfxQvYCV1QZQoVkuFvnehz-QTVj3zbiR6vPV1S39r3w==
2023-03-29 12:55:33,145 - DEBUG - = connection is OPEN
2023-03-29 12:55:33,180 - DEBUG - > TEXT '[2, "66d0652c-f633-40eb-9830-07c219ba75c6", "Bo...ePointVendor": "EVAR"}]' [127 bytes]
2023-03-29 12:55:33,591 - DEBUG - < TEXT '[3, "66d0652c-f633-40eb-9830-07c219ba75c6", {"s...29Z", "interval": 600}]' [123 bytes]
2023-03-29 12:55:33,642 - DEBUG - > TEXT '[2, "bd8b8130-3d6f-4394-8ee1-a5acde305517", "Da..., "data": "Test Data"}]' [123 bytes]
2023-03-29 12:55:33,864 - DEBUG - < TEXT '[4, "bd8b8130-3d6f-4394-8ee1-a5acde305517", {"e...the requested Action"}]' [187 bytes]
2023-03-29 12:55:33,896 - DEBUG - = connection is CLOSING
2023-03-29 12:55:33,896 - DEBUG - > CLOSE 1000 (OK) [2 bytes]
2023-03-29 12:55:33,909 - DEBUG - < CLOSE 1000 (OK) [2 bytes]
2023-03-29 12:55:33,916 - DEBUG - = connection is CLOSED
2023-03-29 12:57:01,914 - DEBUG - = connection is CONNECTING
2023-03-29 12:57:01,943 - DEBUG - > GET /ocpp16/ELA007C05/EVSCA050001 HTTP/1.1
2023-03-29 12:57:01,944 - DEBUG - > Host: ws.devevspcharger.uplus.co.kr
2023-03-29 12:57:01,944 - DEBUG - > Upgrade: websocket
2023-03-29 12:57:01,944 - DEBUG - > Connection: Upgrade
2023-03-29 12:57:01,944 - DEBUG - > Sec-WebSocket-Key: jjZ9op0vOk/YNosw/g/AqQ==
2023-03-29 12:57:01,944 - DEBUG - > Sec-WebSocket-Version: 13
2023-03-29 12:57:01,944 - DEBUG - > Sec-WebSocket-Extensions: permessage-deflate; client_max_window_bits
2023-03-29 12:57:01,944 - DEBUG - > Sec-WebSocket-Protocol: ocpp1.6
2023-03-29 12:57:01,944 - DEBUG - > Authorization: Basic RVZBUjpFVkFSTEdV
2023-03-29 12:57:01,944 - DEBUG - > User-Agent: Python/3.11 websockets/10.4
2023-03-29 12:57:02,448 - DEBUG - < HTTP/1.1 101 Switching Protocols
2023-03-29 12:57:02,448 - DEBUG - < Connection: upgrade
2023-03-29 12:57:02,448 - DEBUG - < Date: Wed, 29 Mar 2023 03:56:58 GMT
2023-03-29 12:57:02,448 - DEBUG - < sec-websocket-protocol: ocpp1.6
2023-03-29 12:57:02,448 - DEBUG - < upgrade: websocket
2023-03-29 12:57:02,448 - DEBUG - < sec-websocket-accept: w3NU4TO2yHQ58iIb+Bh708t2AZw=
2023-03-29 12:57:02,448 - DEBUG - < sec-websocket-extensions: permessage-deflate
2023-03-29 12:57:02,448 - DEBUG - < X-Cache: Miss from cloudfront
2023-03-29 12:57:02,448 - DEBUG - < Via: 1.1 516246c62af452cb1f8d77c8f3af9faa.cloudfront.net (CloudFront)
2023-03-29 12:57:02,449 - DEBUG - < X-Amz-Cf-Pop: ICN57-P2
2023-03-29 12:57:02,449 - DEBUG - < X-Amz-Cf-Id: 9cyGf2J_vLFsoiHRl2WN8-lcuW_kzfqEArqDyKE2GWRLmfdZP7FCxQ==
2023-03-29 12:57:02,449 - DEBUG - = connection is OPEN
2023-03-29 12:57:02,481 - DEBUG - > TEXT '[2, "f0e8cd8e-8b01-45e3-8054-21c1f97e46ea", "Bo...ePointVendor": "EVAR"}]' [127 bytes]
2023-03-29 12:57:02,885 - DEBUG - < TEXT '[3, "f0e8cd8e-8b01-45e3-8054-21c1f97e46ea", {"s...59Z", "interval": 600}]' [123 bytes]
2023-03-29 12:57:02,929 - DEBUG - > TEXT '[2, "91dbf286-7315-4230-9aed-bfaa13799021", "Da..., "data": "Test Data"}]' [127 bytes]
2023-03-29 12:57:03,107 - DEBUG - < TEXT '[4, "91dbf286-7315-4230-9aed-bfaa13799021", {"e...the requested Action"}]' [187 bytes]
2023-03-29 12:57:03,133 - DEBUG - = connection is CLOSING
2023-03-29 12:57:03,134 - DEBUG - > CLOSE 1000 (OK) [2 bytes]
2023-03-29 12:57:03,142 - DEBUG - < CLOSE 1000 (OK) [2 bytes]
2023-03-29 12:57:03,147 - DEBUG - = connection is CLOSED
2023-03-29 12:59:28,864 - DEBUG - = connection is CONNECTING
2023-03-29 12:59:28,901 - DEBUG - > GET /ocpp16/ELA007C05/EVSCA050001 HTTP/1.1
2023-03-29 12:59:28,901 - DEBUG - > Host: ws.devevspcharger.uplus.co.kr
2023-03-29 12:59:28,901 - DEBUG - > Upgrade: websocket
2023-03-29 12:59:28,901 - DEBUG - > Connection: Upgrade
2023-03-29 12:59:28,902 - DEBUG - > Sec-WebSocket-Key: 6l2PUKco+upCyUqa5luK/A==
2023-03-29 12:59:28,902 - DEBUG - > Sec-WebSocket-Version: 13
2023-03-29 12:59:28,902 - DEBUG - > Sec-WebSocket-Extensions: permessage-deflate; client_max_window_bits
2023-03-29 12:59:28,902 - DEBUG - > Sec-WebSocket-Protocol: ocpp1.6
2023-03-29 12:59:28,902 - DEBUG - > Authorization: Basic RVZBUjpFVkFSTEdV
2023-03-29 12:59:28,902 - DEBUG - > User-Agent: Python/3.11 websockets/10.4
2023-03-29 12:59:29,410 - DEBUG - < HTTP/1.1 101 Switching Protocols
2023-03-29 12:59:29,410 - DEBUG - < Connection: upgrade
2023-03-29 12:59:29,410 - DEBUG - < Date: Wed, 29 Mar 2023 03:59:25 GMT
2023-03-29 12:59:29,410 - DEBUG - < sec-websocket-protocol: ocpp1.6
2023-03-29 12:59:29,410 - DEBUG - < upgrade: websocket
2023-03-29 12:59:29,411 - DEBUG - < sec-websocket-accept: sCeQ8dAcb+DZE2Ks/NBOsdKR7PM=
2023-03-29 12:59:29,411 - DEBUG - < sec-websocket-extensions: permessage-deflate
2023-03-29 12:59:29,411 - DEBUG - < X-Cache: Miss from cloudfront
2023-03-29 12:59:29,411 - DEBUG - < Via: 1.1 516246c62af452cb1f8d77c8f3af9faa.cloudfront.net (CloudFront)
2023-03-29 12:59:29,411 - DEBUG - < X-Amz-Cf-Pop: ICN57-P2
2023-03-29 12:59:29,411 - DEBUG - < X-Amz-Cf-Id: DNHfVubBrGC_I0BHH_LP67pmUvxrizsh3IWdINwSwLA4nUVkl4QiYg==
2023-03-29 12:59:29,411 - DEBUG - = connection is OPEN
2023-03-29 12:59:29,440 - DEBUG - > TEXT '[2, "0c7f8771-6182-44ba-b99d-c12b4c767d4d", "Bo...ePointVendor": "EVAR"}]' [127 bytes]
2023-03-29 12:59:29,717 - DEBUG - < TEXT '[3, "0c7f8771-6182-44ba-b99d-c12b4c767d4d", {"s...25Z", "interval": 600}]' [123 bytes]
2023-03-29 12:59:29,754 - DEBUG - > TEXT '[2, "1429f6c5-5df3-4320-8fdf-536d16773f31", "Da...vendorId": "ChungAng"}]' [85 bytes]
2023-03-29 12:59:30,023 - DEBUG - < TEXT '[3, "1429f6c5-5df3-4320-8fdf-536d16773f31", {"s...VendorId", "data": {}}]' [86 bytes]
2023-03-29 12:59:30,048 - DEBUG - = connection is CLOSING
2023-03-29 12:59:30,048 - DEBUG - > CLOSE 1000 (OK) [2 bytes]
2023-03-29 12:59:30,059 - DEBUG - < CLOSE 1000 (OK) [2 bytes]
2023-03-29 12:59:30,063 - DEBUG - = connection is CLOSED
2023-03-29 13:02:20,730 - DEBUG - = connection is CONNECTING
2023-03-29 13:02:20,762 - DEBUG - > GET /ocpp16/ELA007C05/EVSCA050001 HTTP/1.1
2023-03-29 13:02:20,763 - DEBUG - > Host: ws.devevspcharger.uplus.co.kr
2023-03-29 13:02:20,763 - DEBUG - > Upgrade: websocket
2023-03-29 13:02:20,763 - DEBUG - > Connection: Upgrade
2023-03-29 13:02:20,763 - DEBUG - > Sec-WebSocket-Key: Zl1t1UCIvvfV4tHPKf0Mkg==
2023-03-29 13:02:20,764 - DEBUG - > Sec-WebSocket-Version: 13
2023-03-29 13:02:20,764 - DEBUG - > Sec-WebSocket-Extensions: permessage-deflate; client_max_window_bits
2023-03-29 13:02:20,764 - DEBUG - > Sec-WebSocket-Protocol: ocpp1.6
2023-03-29 13:02:20,764 - DEBUG - > Authorization: Basic RVZBUjpFVkFSTEdV
2023-03-29 13:02:20,764 - DEBUG - > User-Agent: Python/3.11 websockets/10.4
2023-03-29 13:02:21,310 - DEBUG - < HTTP/1.1 101 Switching Protocols
2023-03-29 13:02:21,310 - DEBUG - < Connection: upgrade
2023-03-29 13:02:21,310 - DEBUG - < Date: Wed, 29 Mar 2023 04:02:17 GMT
2023-03-29 13:02:21,311 - DEBUG - < sec-websocket-protocol: ocpp1.6
2023-03-29 13:02:21,311 - DEBUG - < upgrade: websocket
2023-03-29 13:02:21,311 - DEBUG - < sec-websocket-accept: F1aFGO/EgJ62O213teKtYrlRZ48=
2023-03-29 13:02:21,311 - DEBUG - < sec-websocket-extensions: permessage-deflate
2023-03-29 13:02:21,311 - DEBUG - < X-Cache: Miss from cloudfront
2023-03-29 13:02:21,312 - DEBUG - < Via: 1.1 967cab954a1c41e7f76f472d706ab3a0.cloudfront.net (CloudFront)
2023-03-29 13:02:21,312 - DEBUG - < X-Amz-Cf-Pop: ICN57-P2
2023-03-29 13:02:21,312 - DEBUG - < X-Amz-Cf-Id: ZVRO5OBfUNOm_h0YrJGqMQvtYwFITZCjHsshjRsl4TgJ4IWT6AD3Ig==
2023-03-29 13:02:21,312 - DEBUG - = connection is OPEN
2023-03-29 13:02:21,353 - DEBUG - > TEXT '[2, "57cc5d7f-4caa-4f59-873d-28d2ed93a06e", "Bo...ePointVendor": "EVAR"}]' [127 bytes]
2023-03-29 13:02:21,588 - DEBUG - < TEXT '[3, "57cc5d7f-4caa-4f59-873d-28d2ed93a06e", {"s...17Z", "interval": 600}]' [123 bytes]
2023-03-29 13:02:21,708 - DEBUG - Starting new HTTPS connection (1): 8b434254zg.execute-api.ap-northeast-2.amazonaws.com:443
2023-03-29 13:02:23,155 - DEBUG - https://8b434254zg.execute-api.ap-northeast-2.amazonaws.com:443 "POST /dev/ioc HTTP/1.1" 200 408
2023-03-29 13:02:23,180 - DEBUG - < TEXT '[2, "ea3cc667-8263-41dc-90e1-2dd3ad288524", "Se... "limit": 11000.0}]}}}]' [363 bytes]
2023-03-29 13:02:23,192 - DEBUG - > TEXT '[3, "ea3cc667-8263-41dc-90e1-2dd3ad288524", {"status": "Accepted"}]' [67 bytes]
2023-03-29 13:02:23,372 - DEBUG - < TEXT '' [0 bytes]
2023-03-29 13:02:23,416 - DEBUG - Starting new HTTPS connection (1): 8b434254zg.execute-api.ap-northeast-2.amazonaws.com:443
2023-03-29 13:02:23,829 - DEBUG - https://8b434254zg.execute-api.ap-northeast-2.amazonaws.com:443 "POST /dev/ioc HTTP/1.1" 200 149
2023-03-29 13:02:23,889 - DEBUG - < TEXT '[2, "13345a9d-cef0-45a2-ac4a-169664dc999b", "Ge...": 1, "duration": 300}]' [104 bytes]
2023-03-29 13:02:23,900 - DEBUG - > TEXT '[3, "13345a9d-cef0-45a2-ac4a-169664dc999b", {"s... 0, "limit": 11000}]}}]' [195 bytes]
2023-03-29 13:02:24,088 - DEBUG - < TEXT '' [0 bytes]
2023-03-29 13:02:24,101 - DEBUG - = connection is CLOSING
2023-03-29 13:02:24,101 - DEBUG - > CLOSE 1000 (OK) [2 bytes]
2023-03-29 13:02:24,109 - DEBUG - < CLOSE 1000 (OK) [2 bytes]
2023-03-29 13:02:24,114 - DEBUG - = connection is CLOSED
2023-03-29 13:02:44,037 - DEBUG - = connection is CONNECTING
2023-03-29 13:02:44,069 - DEBUG - > GET /ocpp16/ELA007C05/EVSCA050001 HTTP/1.1
2023-03-29 13:02:44,069 - DEBUG - > Host: ws.devevspcharger.uplus.co.kr
2023-03-29 13:02:44,069 - DEBUG - > Upgrade: websocket
2023-03-29 13:02:44,070 - DEBUG - > Connection: Upgrade
2023-03-29 13:02:44,070 - DEBUG - > Sec-WebSocket-Key: RK4e8UYmPoasy4tukMxi2g==
2023-03-29 13:02:44,070 - DEBUG - > Sec-WebSocket-Version: 13
2023-03-29 13:02:44,070 - DEBUG - > Sec-WebSocket-Extensions: permessage-deflate; client_max_window_bits
2023-03-29 13:02:44,070 - DEBUG - > Sec-WebSocket-Protocol: ocpp1.6
2023-03-29 13:02:44,070 - DEBUG - > Authorization: Basic RVZBUjpFVkFSTEdV
2023-03-29 13:02:44,070 - DEBUG - > User-Agent: Python/3.11 websockets/10.4
2023-03-29 13:02:44,310 - DEBUG - < HTTP/1.1 101 Switching Protocols
2023-03-29 13:02:44,310 - DEBUG - < Connection: upgrade
2023-03-29 13:02:44,310 - DEBUG - < Date: Wed, 29 Mar 2023 04:02:40 GMT
2023-03-29 13:02:44,311 - DEBUG - < sec-websocket-protocol: ocpp1.6
2023-03-29 13:02:44,311 - DEBUG - < upgrade: websocket
2023-03-29 13:02:44,311 - DEBUG - < sec-websocket-accept: e5q1fQCH0um1t4VMtesn6imG3j8=
2023-03-29 13:02:44,311 - DEBUG - < sec-websocket-extensions: permessage-deflate
2023-03-29 13:02:44,311 - DEBUG - < X-Cache: Miss from cloudfront
2023-03-29 13:02:44,311 - DEBUG - < Via: 1.1 599ddd31480edfa35dadcdd2b13e5b12.cloudfront.net (CloudFront)
2023-03-29 13:02:44,311 - DEBUG - < X-Amz-Cf-Pop: ICN57-P2
2023-03-29 13:02:44,311 - DEBUG - < X-Amz-Cf-Id: DL0tmENTfZlGmlENHBivUj3lK7ewQIAO36rMOWKj2TxBwyAdTMSZAQ==
2023-03-29 13:02:44,311 - DEBUG - = connection is OPEN
2023-03-29 13:02:44,355 - DEBUG - > TEXT '[2, "9ca77923-1ba2-4ae7-ae0f-634582d9c723", "Bo...ePointVendor": "EVAR"}]' [127 bytes]
2023-03-29 13:02:44,570 - DEBUG - < TEXT '[3, "9ca77923-1ba2-4ae7-ae0f-634582d9c723", {"s...40Z", "interval": 600}]' [123 bytes]
2023-03-29 13:02:44,612 - DEBUG - Starting new HTTPS connection (1): 8b434254zg.execute-api.ap-northeast-2.amazonaws.com:443
2023-03-29 13:02:44,990 - DEBUG - https://8b434254zg.execute-api.ap-northeast-2.amazonaws.com:443 "POST /dev/ioc HTTP/1.1" 200 148
2023-03-29 13:02:45,034 - DEBUG - < TEXT '[2, "412e578d-bd49-465c-8cb1-4bec23d85c92", "Ge...izeRemoteTxRequests"]}]' [103 bytes]
2023-03-29 13:02:45,061 - DEBUG - > TEXT '[3, "412e578d-bd49-465c-8cb1-4bec23d85c92", {"c...ts", "value": "true"}}]' [120 bytes]
2023-03-29 13:02:45,248 - DEBUG - < TEXT '' [0 bytes]
2023-03-29 13:02:45,300 - DEBUG - > TEXT '[2, "8881cb43-c84f-4d3f-8d45-a6aca0ed0dfd", "St..."status": "Preparing"}]' [132 bytes]
2023-03-29 13:02:45,499 - DEBUG - < TEXT '[3, "8881cb43-c84f-4d3f-8d45-a6aca0ed0dfd", {}]' [47 bytes]
2023-03-29 13:02:45,551 - DEBUG - Starting new HTTPS connection (1): 8b434254zg.execute-api.ap-northeast-2.amazonaws.com:443
2023-03-29 13:02:46,028 - DEBUG - https://8b434254zg.execute-api.ap-northeast-2.amazonaws.com:443 "POST /dev/ioc HTTP/1.1" 200 135
2023-03-29 13:02:46,107 - DEBUG - < TEXT '[2, "065bceb5-3410-473f-821c-8944554319f4", "Re..., {"transactionId": 0}]' [90 bytes]
2023-03-29 13:02:46,119 - DEBUG - > TEXT '[3, "065bceb5-3410-473f-821c-8944554319f4", {"status": "Accepted"}]' [67 bytes]
2023-03-29 13:02:46,329 - DEBUG - < TEXT '' [0 bytes]
2023-03-29 13:02:46,361 - DEBUG - > TEXT '[2, "8881cb43-c84f-4d3f-8d45-a6aca0ed0dfd", "Au...": "1031040000069641"}]' [87 bytes]
2023-03-29 13:02:46,628 - DEBUG - < TEXT '[3, "8881cb43-c84f-4d3f-8d45-a6aca0ed0dfd", {"i..."status": "Accepted"}}]' [82 bytes]
2023-03-29 13:02:46,665 - DEBUG - > TEXT '[2, "cbb01dc6-7260-49fe-b7b7-e883ce6e947a", "St...2023-03-29T13:02:44Z"}]' [170 bytes]
2023-03-29 13:02:47,002 - DEBUG - < TEXT '[3, "cbb01dc6-7260-49fe-b7b7-e883ce6e947a", {"t..."status": "Accepted"}}]' [110 bytes]
2023-03-29 13:02:47,043 - DEBUG - > TEXT '[2, "6eac57ca-42d3-4c73-b888-03151dcaedd9", "St... "status": "Charging"}]' [131 bytes]
2023-03-29 13:02:47,276 - DEBUG - < TEXT '[3, "6eac57ca-42d3-4c73-b888-03151dcaedd9", {}]' [47 bytes]
2023-03-29 13:02:47,311 - DEBUG - Starting new HTTPS connection (1): 8b434254zg.execute-api.ap-northeast-2.amazonaws.com:443
2023-03-29 13:02:47,750 - DEBUG - https://8b434254zg.execute-api.ap-northeast-2.amazonaws.com:443 "POST /dev/ioc HTTP/1.1" 200 658
2023-03-29 13:02:47,814 - DEBUG - < TEXT '[2, "c73f72c2-3fa8-47b6-a3e2-cbbe5ebfbbc9", "Se... 0, "limit": 11000}]}}]' [613 bytes]
2023-03-29 13:02:47,843 - DEBUG - = connection is CLOSING
2023-03-29 13:02:47,844 - DEBUG - > CLOSE 1000 (OK) [2 bytes]
2023-03-29 13:02:47,853 - DEBUG - < CLOSE 1000 (OK) [2 bytes]
2023-03-29 13:02:47,858 - DEBUG - = connection is CLOSED
2023-03-29 13:05:42,303 - DEBUG - = connection is CONNECTING
2023-03-29 13:05:42,336 - DEBUG - > GET /ocpp16/ELA007C05/EVSCA050001 HTTP/1.1
2023-03-29 13:05:42,336 - DEBUG - > Host: ws.devevspcharger.uplus.co.kr
2023-03-29 13:05:42,336 - DEBUG - > Upgrade: websocket
2023-03-29 13:05:42,336 - DEBUG - > Connection: Upgrade
2023-03-29 13:05:42,336 - DEBUG - > Sec-WebSocket-Key: 7NmjVRaMkZRC9izBAv8sdQ==
2023-03-29 13:05:42,337 - DEBUG - > Sec-WebSocket-Version: 13
2023-03-29 13:05:42,337 - DEBUG - > Sec-WebSocket-Extensions: permessage-deflate; client_max_window_bits
2023-03-29 13:05:42,337 - DEBUG - > Sec-WebSocket-Protocol: ocpp1.6
2023-03-29 13:05:42,337 - DEBUG - > Authorization: Basic RVZBUjpFVkFSTEdV
2023-03-29 13:05:42,337 - DEBUG - > User-Agent: Python/3.11 websockets/10.4
2023-03-29 13:05:42,874 - DEBUG - < HTTP/1.1 101 Switching Protocols
2023-03-29 13:05:42,874 - DEBUG - < Connection: upgrade
2023-03-29 13:05:42,874 - DEBUG - < Date: Wed, 29 Mar 2023 04:05:39 GMT
2023-03-29 13:05:42,874 - DEBUG - < sec-websocket-protocol: ocpp1.6
2023-03-29 13:05:42,875 - DEBUG - < upgrade: websocket
2023-03-29 13:05:42,875 - DEBUG - < sec-websocket-accept: DFxiu7FSxTU3uocYf0csJdG9Ogo=
2023-03-29 13:05:42,875 - DEBUG - < sec-websocket-extensions: permessage-deflate
2023-03-29 13:05:42,875 - DEBUG - < X-Cache: Miss from cloudfront
2023-03-29 13:05:42,875 - DEBUG - < Via: 1.1 3509c763b14d58840ad09e1097a1e54c.cloudfront.net (CloudFront)
2023-03-29 13:05:42,875 - DEBUG - < X-Amz-Cf-Pop: ICN57-P2
2023-03-29 13:05:42,876 - DEBUG - < X-Amz-Cf-Id: CRJ9cWMNOhczdLxVYv0VAj474Fmk0xzjzayEZDUJJg46Bw2OF7fLtg==
2023-03-29 13:05:42,876 - DEBUG - = connection is OPEN
2023-03-29 13:05:42,931 - DEBUG - > TEXT '[2, "aeacba50-98c8-4089-9616-166743ca7f69", "Bo...ePointVendor": "EVAR"}]' [127 bytes]
2023-03-29 13:05:43,312 - DEBUG - < TEXT '[3, "aeacba50-98c8-4089-9616-166743ca7f69", {"s...39Z", "interval": 600}]' [123 bytes]
2023-03-29 13:05:43,401 - DEBUG - Starting new HTTPS connection (1): 8b434254zg.execute-api.ap-northeast-2.amazonaws.com:443
2023-03-29 13:05:44,011 - DEBUG - https://8b434254zg.execute-api.ap-northeast-2.amazonaws.com:443 "POST /dev/ioc HTTP/1.1" 200 148
2023-03-29 13:05:44,053 - DEBUG - < TEXT '[2, "236cf0f0-644b-40a2-b2ba-e366ee7708f4", "Ge...izeRemoteTxRequests"]}]' [103 bytes]
2023-03-29 13:05:44,059 - DEBUG - > TEXT '[3, "236cf0f0-644b-40a2-b2ba-e366ee7708f4", {"c...ts", "value": "true"}}]' [120 bytes]
2023-03-29 13:05:44,249 - DEBUG - < TEXT '' [0 bytes]
2023-03-29 13:05:44,289 - DEBUG - > TEXT '[2, "aeacba50-98c8-4089-9616-166743ca7f69", "St..."status": "Preparing"}]' [132 bytes]
2023-03-29 13:05:44,470 - DEBUG - < TEXT '[3, "aeacba50-98c8-4089-9616-166743ca7f69", {}]' [47 bytes]
2023-03-29 13:05:44,524 - DEBUG - Starting new HTTPS connection (1): 8b434254zg.execute-api.ap-northeast-2.amazonaws.com:443
2023-03-29 13:05:44,918 - DEBUG - https://8b434254zg.execute-api.ap-northeast-2.amazonaws.com:443 "POST /dev/ioc HTTP/1.1" 200 135
2023-03-29 13:05:44,968 - DEBUG - < TEXT '[2, "fd00d29f-4e62-4ce9-88cd-ab122ed0000c", "Re..., {"transactionId": 0}]' [90 bytes]
2023-03-29 13:05:44,973 - DEBUG - > TEXT '[3, "fd00d29f-4e62-4ce9-88cd-ab122ed0000c", {"status": "Accepted"}]' [67 bytes]
2023-03-29 13:05:45,152 - DEBUG - < TEXT '' [0 bytes]
2023-03-29 13:05:45,182 - DEBUG - > TEXT '[2, "aeacba50-98c8-4089-9616-166743ca7f69", "Au...": "1031040000069641"}]' [87 bytes]
2023-03-29 13:05:45,409 - DEBUG - < TEXT '[3, "aeacba50-98c8-4089-9616-166743ca7f69", {"i..."status": "Accepted"}}]' [82 bytes]
2023-03-29 13:05:45,438 - DEBUG - > TEXT '[2, "7193d312-5603-4923-9bb4-d16622fa56c1", "St...2023-03-29T13:05:42Z"}]' [170 bytes]
2023-03-29 13:05:45,750 - DEBUG - < TEXT '[3, "7193d312-5603-4923-9bb4-d16622fa56c1", {"t..."status": "Accepted"}}]' [110 bytes]
2023-03-29 13:05:45,800 - DEBUG - > TEXT '[2, "1ccedd26-bf1a-439f-b775-c17f1221193b", "St... "status": "Charging"}]' [131 bytes]
2023-03-29 13:05:45,996 - DEBUG - < TEXT '[3, "1ccedd26-bf1a-439f-b775-c17f1221193b", {}]' [47 bytes]
2023-03-29 13:05:46,036 - DEBUG - Starting new HTTPS connection (1): 8b434254zg.execute-api.ap-northeast-2.amazonaws.com:443
2023-03-29 13:05:46,434 - DEBUG - https://8b434254zg.execute-api.ap-northeast-2.amazonaws.com:443 "POST /dev/ioc HTTP/1.1" 200 656
2023-03-29 13:05:46,517 - DEBUG - < TEXT '[2, "2b3e8349-cd4f-487e-babe-d79a6910f21f", "Se... 0, "limit": 11000}]}}]' [611 bytes]
2023-03-29 13:05:46,549 - DEBUG - = connection is CLOSING
2023-03-29 13:05:46,549 - DEBUG - > CLOSE 1000 (OK) [2 bytes]
2023-03-29 13:05:46,558 - DEBUG - < CLOSE 1000 (OK) [2 bytes]
2023-03-29 13:05:46,563 - DEBUG - = connection is CLOSED
2023-03-29 13:16:10,367 - DEBUG - = connection is CONNECTING
2023-03-29 13:16:10,412 - DEBUG - > GET /ocpp16/ELA007C05/EVSCA050001 HTTP/1.1
2023-03-29 13:16:10,412 - DEBUG - > Host: ws.devevspcharger.uplus.co.kr
2023-03-29 13:16:10,413 - DEBUG - > Upgrade: websocket
2023-03-29 13:16:10,413 - DEBUG - > Connection: Upgrade
2023-03-29 13:16:10,413 - DEBUG - > Sec-WebSocket-Key: SZgSB91EvgrVJIp+aMVGmg==
2023-03-29 13:16:10,413 - DEBUG - > Sec-WebSocket-Version: 13
2023-03-29 13:16:10,413 - DEBUG - > Sec-WebSocket-Extensions: permessage-deflate; client_max_window_bits
2023-03-29 13:16:10,413 - DEBUG - > Sec-WebSocket-Protocol: ocpp1.6
2023-03-29 13:16:10,413 - DEBUG - > Authorization: Basic RVZBUjpFVkFSTEdV
2023-03-29 13:16:10,413 - DEBUG - > User-Agent: Python/3.11 websockets/10.4
2023-03-29 13:16:10,633 - DEBUG - < HTTP/1.1 101 Switching Protocols
2023-03-29 13:16:10,633 - DEBUG - < Connection: upgrade
2023-03-29 13:16:10,633 - DEBUG - < Date: Wed, 29 Mar 2023 04:16:06 GMT
2023-03-29 13:16:10,633 - DEBUG - < sec-websocket-protocol: ocpp1.6
2023-03-29 13:16:10,633 - DEBUG - < upgrade: websocket
2023-03-29 13:16:10,634 - DEBUG - < sec-websocket-accept: xp9NktI0yWwdFCCPv/AsGk90cJw=
2023-03-29 13:16:10,634 - DEBUG - < sec-websocket-extensions: permessage-deflate
2023-03-29 13:16:10,634 - DEBUG - < X-Cache: Miss from cloudfront
2023-03-29 13:16:10,634 - DEBUG - < Via: 1.1 818e6836f2ca3e700a5577179db933d8.cloudfront.net (CloudFront)
2023-03-29 13:16:10,634 - DEBUG - < X-Amz-Cf-Pop: ICN57-P2
2023-03-29 13:16:10,634 - DEBUG - < X-Amz-Cf-Id: 56NB1nSb3SLcQIISMxBjPR-uaWU-LtouxBNKU-_xZaNDqkElDcPvpg==
2023-03-29 13:16:10,635 - DEBUG - = connection is OPEN
2023-03-29 13:16:10,692 - DEBUG - > TEXT '[2, "78827ef7-9875-456d-91f4-ed2e79ae0079", "Bo...ePointVendor": "EVAR"}]' [127 bytes]
2023-03-29 13:16:10,894 - DEBUG - < TEXT '[3, "78827ef7-9875-456d-91f4-ed2e79ae0079", {"s...07Z", "interval": 600}]' [123 bytes]
2023-03-29 13:16:10,952 - DEBUG - Starting new HTTPS connection (1): 8b434254zg.execute-api.ap-northeast-2.amazonaws.com:443
2023-03-29 13:16:12,482 - DEBUG - https://8b434254zg.execute-api.ap-northeast-2.amazonaws.com:443 "POST /dev/ioc HTTP/1.1" 200 148
2023-03-29 13:16:12,525 - DEBUG - < TEXT '[2, "c1e9f333-be86-4e37-994e-2056062212c2", "Ge...izeRemoteTxRequests"]}]' [103 bytes]
2023-03-29 13:16:12,536 - DEBUG - > TEXT '[3, "c1e9f333-be86-4e37-994e-2056062212c2", {"c...ts", "value": "true"}}]' [120 bytes]
2023-03-29 13:16:12,709 - DEBUG - < TEXT '' [0 bytes]
2023-03-29 13:16:12,752 - DEBUG - > TEXT '[2, "78827ef7-9875-456d-91f4-ed2e79ae0079", "St..."status": "Preparing"}]' [132 bytes]
2023-03-29 13:16:12,929 - DEBUG - < TEXT '[3, "78827ef7-9875-456d-91f4-ed2e79ae0079", {}]' [47 bytes]
2023-03-29 13:16:12,974 - DEBUG - Starting new HTTPS connection (1): 8b434254zg.execute-api.ap-northeast-2.amazonaws.com:443
2023-03-29 13:16:13,377 - DEBUG - https://8b434254zg.execute-api.ap-northeast-2.amazonaws.com:443 "POST /dev/ioc HTTP/1.1" 200 135
2023-03-29 13:16:13,439 - DEBUG - < TEXT '[2, "2886b382-80dd-4733-9f8a-6e449be74874", "Re..., {"transactionId": 0}]' [90 bytes]
2023-03-29 13:16:13,443 - DEBUG - > TEXT '[3, "2886b382-80dd-4733-9f8a-6e449be74874", {"status": "Accepted"}]' [67 bytes]
2023-03-29 13:16:13,631 - DEBUG - < TEXT '' [0 bytes]
2023-03-29 13:16:13,664 - DEBUG - > TEXT '[2, "78827ef7-9875-456d-91f4-ed2e79ae0079", "Au...": "1031040000069641"}]' [87 bytes]
2023-03-29 13:16:13,932 - DEBUG - < TEXT '[3, "78827ef7-9875-456d-91f4-ed2e79ae0079", {"i..."status": "Accepted"}}]' [82 bytes]
2023-03-29 13:16:13,967 - DEBUG - > TEXT '[2, "9bfd1128-ee37-405f-b826-5fa2ac5de706", "St...2023-03-29T13:16:10Z"}]' [170 bytes]
2023-03-29 13:16:14,311 - DEBUG - < TEXT '[3, "9bfd1128-ee37-405f-b826-5fa2ac5de706", {"t..."status": "Accepted"}}]' [110 bytes]
2023-03-29 13:16:14,350 - DEBUG - > TEXT '[2, "8e98bf79-fdf6-49dc-b526-13f769b406cb", "St... "status": "Charging"}]' [131 bytes]
2023-03-29 13:16:14,552 - DEBUG - < TEXT '[3, "8e98bf79-fdf6-49dc-b526-13f769b406cb", {}]' [47 bytes]
2023-03-29 13:16:14,588 - DEBUG - Starting new HTTPS connection (1): 8b434254zg.execute-api.ap-northeast-2.amazonaws.com:443
2023-03-29 13:16:15,021 - DEBUG - https://8b434254zg.execute-api.ap-northeast-2.amazonaws.com:443 "POST /dev/ioc HTTP/1.1" 200 404
2023-03-29 13:16:15,075 - DEBUG - < TEXT '[2, "b3dfbb22-9ad3-4e8f-9c40-acb80e99ec02", "Se...0, "limit": 11000}]}}}]' [359 bytes]
2023-03-29 13:16:15,079 - DEBUG - > TEXT '[3, "b3dfbb22-9ad3-4e8f-9c40-acb80e99ec02", {"status": "Accepted"}]' [67 bytes]
2023-03-29 13:16:15,254 - DEBUG - < TEXT '' [0 bytes]
2023-03-29 13:16:15,302 - DEBUG - Starting new HTTPS connection (1): 8b434254zg.execute-api.ap-northeast-2.amazonaws.com:443
2023-03-29 13:16:15,719 - DEBUG - https://8b434254zg.execute-api.ap-northeast-2.amazonaws.com:443 "POST /dev/ioc HTTP/1.1" 200 125
2023-03-29 13:16:15,781 - DEBUG - < TEXT '[2, "fc85926d-023e-4304-ae8b-0aef91ab3e4e", "Cl...gProfile", {"id": 100}]' [80 bytes]
2023-03-29 13:16:15,791 - DEBUG - > TEXT '[3, "fc85926d-023e-4304-ae8b-0aef91ab3e4e", {"status": "Accepted"}]' [67 bytes]
2023-03-29 13:16:15,989 - DEBUG - < TEXT '' [0 bytes]
2023-03-29 13:16:16,022 - DEBUG - Starting new HTTPS connection (1): 8b434254zg.execute-api.ap-northeast-2.amazonaws.com:443
2023-03-29 13:16:16,456 - DEBUG - https://8b434254zg.execute-api.ap-northeast-2.amazonaws.com:443 "POST /dev/ioc HTTP/1.1" 200 149
2023-03-29 13:16:16,494 - DEBUG - < TEXT '[2, "08d84046-51f7-4ed0-8fbd-fa9247093fef", "Ge...": 1, "duration": 300}]' [104 bytes]
2023-03-29 13:16:16,500 - DEBUG - > TEXT '[3, "08d84046-51f7-4ed0-8fbd-fa9247093fef", {"s... 0, "limit": 11000}]}}]' [195 bytes]
2023-03-29 13:16:16,689 - DEBUG - < TEXT '' [0 bytes]
2023-03-29 13:16:16,693 - DEBUG - = connection is CLOSING
2023-03-29 13:16:16,693 - DEBUG - > CLOSE 1000 (OK) [2 bytes]
2023-03-29 13:16:16,704 - DEBUG - < CLOSE 1000 (OK) [2 bytes]
2023-03-29 13:16:16,707 - DEBUG - = connection is CLOSED
2023-03-29 13:19:28,639 - DEBUG - = connection is CONNECTING
2023-03-29 13:19:28,668 - DEBUG - > GET /ocpp16/ELA007C05/EVSCA050001 HTTP/1.1
2023-03-29 13:19:28,668 - DEBUG - > Host: ws.devevspcharger.uplus.co.kr
2023-03-29 13:19:28,669 - DEBUG - > Upgrade: websocket
2023-03-29 13:19:28,669 - DEBUG - > Connection: Upgrade
2023-03-29 13:19:28,669 - DEBUG - > Sec-WebSocket-Key: nV8/7OcQVLQ8TV7PBwoUgw==
2023-03-29 13:19:28,670 - DEBUG - > Sec-WebSocket-Version: 13
2023-03-29 13:19:28,670 - DEBUG - > Sec-WebSocket-Extensions: permessage-deflate; client_max_window_bits
2023-03-29 13:19:28,670 - DEBUG - > Sec-WebSocket-Protocol: ocpp1.6
2023-03-29 13:19:28,670 - DEBUG - > Authorization: Basic RVZBUjpFVkFSTEdV
2023-03-29 13:19:28,670 - DEBUG - > User-Agent: Python/3.11 websockets/10.4
2023-03-29 13:19:29,195 - DEBUG - < HTTP/1.1 101 Switching Protocols
2023-03-29 13:19:29,195 - DEBUG - < Connection: upgrade
2023-03-29 13:19:29,195 - DEBUG - < Date: Wed, 29 Mar 2023 04:19:25 GMT
2023-03-29 13:19:29,195 - DEBUG - < sec-websocket-protocol: ocpp1.6
2023-03-29 13:19:29,195 - DEBUG - < upgrade: websocket
2023-03-29 13:19:29,195 - DEBUG - < sec-websocket-accept: OuSAXR9E+/0a5oGam6LUNSnV1k0=
2023-03-29 13:19:29,195 - DEBUG - < sec-websocket-extensions: permessage-deflate
2023-03-29 13:19:29,196 - DEBUG - < X-Cache: Miss from cloudfront
2023-03-29 13:19:29,196 - DEBUG - < Via: 1.1 9ce5dfe6a640bb6a762b3c2889e2317e.cloudfront.net (CloudFront)
2023-03-29 13:19:29,196 - DEBUG - < X-Amz-Cf-Pop: ICN57-P2
2023-03-29 13:19:29,196 - DEBUG - < X-Amz-Cf-Id: YZIDuB72tmlBp8yriOOH22bFnPEiIWdQqDoekZ4NeQqmMQgj89lYvg==
2023-03-29 13:19:29,196 - DEBUG - = connection is OPEN
2023-03-29 13:19:29,236 - DEBUG - > TEXT '[2, "a0990677-1e42-455c-9f57-fc034872e774", "Bo...ePointVendor": "EVAR"}]' [127 bytes]
2023-03-29 13:19:29,459 - DEBUG - < TEXT '[3, "a0990677-1e42-455c-9f57-fc034872e774", {"s...25Z", "interval": 600}]' [123 bytes]
2023-03-29 13:19:29,493 - DEBUG - Starting new HTTPS connection (1): 8b434254zg.execute-api.ap-northeast-2.amazonaws.com:443
2023-03-29 13:19:30,119 - DEBUG - https://8b434254zg.execute-api.ap-northeast-2.amazonaws.com:443 "POST /dev/ioc HTTP/1.1" 200 161
2023-03-29 13:19:30,154 - DEBUG - < TEXT '[2, "b5343094-03e4-4572-b7ac-7fc11d28c6de", "Ch...tion", "value": "300"}]' [116 bytes]
2023-03-29 13:19:30,169 - DEBUG - > TEXT '[3, "b5343094-03e4-4572-b7ac-7fc11d28c6de", {"status": "Accepted"}]' [67 bytes]
2023-03-29 13:19:30,359 - DEBUG - < TEXT '' [0 bytes]
2023-03-29 13:19:30,398 - DEBUG - Starting new HTTPS connection (1): 8b434254zg.execute-api.ap-northeast-2.amazonaws.com:443
2023-03-29 13:19:30,823 - DEBUG - https://8b434254zg.execute-api.ap-northeast-2.amazonaws.com:443 "POST /dev/ioc HTTP/1.1" 200 158
2023-03-29 13:19:30,859 - DEBUG - < TEXT '[2, "d3f95b5e-52fe-466d-8951-16f32ed21dcf", "Ch...ize", "value": "true"}]' [113 bytes]
2023-03-29 13:19:30,864 - DEBUG - > TEXT '[3, "d3f95b5e-52fe-466d-8951-16f32ed21dcf", {"status": "Accepted"}]' [67 bytes]
2023-03-29 13:19:31,088 - DEBUG - < TEXT '' [0 bytes]
2023-03-29 13:19:31,117 - DEBUG - > TEXT '[2, "2cf327e1-005b-4066-a5c4-abbff4be7aa9", "St..."status": "Preparing"}]' [132 bytes]
2023-03-29 13:19:31,322 - DEBUG - < TEXT '[3, "2cf327e1-005b-4066-a5c4-abbff4be7aa9", {}]' [47 bytes]
2023-03-29 13:19:31,358 - DEBUG - > TEXT '[2, "a9eb40ac-ac99-48c0-8b80-41cd175c1b2c", "Au...": "1031040000069642"}]' [87 bytes]
2023-03-29 13:19:31,595 - DEBUG - < TEXT '[3, "a9eb40ac-ac99-48c0-8b80-41cd175c1b2c", {"i...023-03-29T13:19:27Z"}}]' [119 bytes]
2023-03-29 13:19:31,618 - DEBUG - = connection is CLOSING
2023-03-29 13:19:31,618 - DEBUG - > CLOSE 1000 (OK) [2 bytes]
2023-03-29 13:19:31,628 - DEBUG - < CLOSE 1000 (OK) [2 bytes]
2023-03-29 13:19:31,631 - DEBUG - = connection is CLOSED
2023-03-29 13:19:34,477 - DEBUG - = connection is CONNECTING
2023-03-29 13:19:34,510 - DEBUG - > GET /ocpp16/ELA007C05/EVSCA050001 HTTP/1.1
2023-03-29 13:19:34,510 - DEBUG - > Host: ws.devevspcharger.uplus.co.kr
2023-03-29 13:19:34,511 - DEBUG - > Upgrade: websocket
2023-03-29 13:19:34,511 - DEBUG - > Connection: Upgrade
2023-03-29 13:19:34,511 - DEBUG - > Sec-WebSocket-Key: f2UArjGjMNmOSns1tWaexg==
2023-03-29 13:19:34,511 - DEBUG - > Sec-WebSocket-Version: 13
2023-03-29 13:19:34,511 - DEBUG - > Sec-WebSocket-Extensions: permessage-deflate; client_max_window_bits
2023-03-29 13:19:34,511 - DEBUG - > Sec-WebSocket-Protocol: ocpp1.6
2023-03-29 13:19:34,511 - DEBUG - > Authorization: Basic RVZBUjpFVkFSTEdV
2023-03-29 13:19:34,511 - DEBUG - > User-Agent: Python/3.11 websockets/10.4
2023-03-29 13:19:34,735 - DEBUG - < HTTP/1.1 101 Switching Protocols
2023-03-29 13:19:34,735 - DEBUG - < Connection: upgrade
2023-03-29 13:19:34,735 - DEBUG - < Date: Wed, 29 Mar 2023 04:19:30 GMT
2023-03-29 13:19:34,735 - DEBUG - < sec-websocket-protocol: ocpp1.6
2023-03-29 13:19:34,735 - DEBUG - < upgrade: websocket
2023-03-29 13:19:34,735 - DEBUG - < sec-websocket-accept: wSr5fCHLETF4US2wTJyH/YzJFa0=
2023-03-29 13:19:34,736 - DEBUG - < sec-websocket-extensions: permessage-deflate
2023-03-29 13:19:34,736 - DEBUG - < X-Cache: Miss from cloudfront
2023-03-29 13:19:34,736 - DEBUG - < Via: 1.1 702d274aeab676890c1a399c8e170886.cloudfront.net (CloudFront)
2023-03-29 13:19:34,736 - DEBUG - < X-Amz-Cf-Pop: ICN57-P2
2023-03-29 13:19:34,737 - DEBUG - < X-Amz-Cf-Id: FN144BhvbLQXX324zMxluof17EEHrCUfefAmUrIxJslghMPXTJAoOg==
2023-03-29 13:19:34,738 - DEBUG - = connection is OPEN
2023-03-29 13:19:34,763 - DEBUG - > TEXT '[2, "4e76d1f0-9f79-41a3-9f55-a5739a6dda7c", "Bo...ePointVendor": "EVAR"}]' [127 bytes]
2023-03-29 13:19:34,997 - DEBUG - < TEXT '[3, "4e76d1f0-9f79-41a3-9f55-a5739a6dda7c", {"s...31Z", "interval": 600}]' [123 bytes]
2023-03-29 13:19:35,037 - DEBUG - Starting new HTTPS connection (1): 8b434254zg.execute-api.ap-northeast-2.amazonaws.com:443
2023-03-29 13:19:35,463 - DEBUG - https://8b434254zg.execute-api.ap-northeast-2.amazonaws.com:443 "POST /dev/ioc HTTP/1.1" 200 161
2023-03-29 13:19:35,500 - DEBUG - < TEXT '[2, "7019ff11-ed13-43d2-9f05-d45330b9a607", "Ch...tion", "value": "300"}]' [116 bytes]
2023-03-29 13:19:35,507 - DEBUG - > TEXT '[3, "7019ff11-ed13-43d2-9f05-d45330b9a607", {"status": "Accepted"}]' [67 bytes]
2023-03-29 13:19:35,739 - DEBUG - < TEXT '' [0 bytes]
2023-03-29 13:19:35,785 - DEBUG - Starting new HTTPS connection (1): 8b434254zg.execute-api.ap-northeast-2.amazonaws.com:443
2023-03-29 13:19:36,201 - DEBUG - https://8b434254zg.execute-api.ap-northeast-2.amazonaws.com:443 "POST /dev/ioc HTTP/1.1" 200 158
2023-03-29 13:19:36,250 - DEBUG - < TEXT '[2, "7c71a5f4-1f99-4706-9be2-9c0c3105b032", "Ch...ize", "value": "true"}]' [113 bytes]
2023-03-29 13:19:36,254 - DEBUG - > TEXT '[3, "7c71a5f4-1f99-4706-9be2-9c0c3105b032", {"status": "Accepted"}]' [67 bytes]
2023-03-29 13:19:36,460 - DEBUG - < TEXT '' [0 bytes]
2023-03-29 13:19:36,505 - DEBUG - > TEXT '[2, "3e6b8731-c674-4b46-bf78-846da07768e0", "St..."status": "Preparing"}]' [132 bytes]
2023-03-29 13:19:36,697 - DEBUG - < TEXT '[3, "3e6b8731-c674-4b46-bf78-846da07768e0", {}]' [47 bytes]
2023-03-29 13:19:36,722 - DEBUG - > TEXT '[2, "e402379b-836b-4d81-b1ae-087e178679c6", "Au...": "4688452679863511"}]' [87 bytes]
2023-03-29 13:19:36,976 - DEBUG - < TEXT '[3, "e402379b-836b-4d81-b1ae-087e178679c6", {"i...{"status": "Expired"}}]' [81 bytes]
2023-03-29 13:19:36,997 - DEBUG - = connection is CLOSING
2023-03-29 13:19:36,997 - DEBUG - > CLOSE 1000 (OK) [2 bytes]
2023-03-29 13:19:37,005 - DEBUG - < CLOSE 1000 (OK) [2 bytes]
2023-03-29 13:19:37,016 - DEBUG - = connection is CLOSED
2023-03-29 13:21:00,226 - DEBUG - = connection is CONNECTING
2023-03-29 13:21:00,261 - DEBUG - > GET /ocpp16/ELA007C05/EVSCA050001 HTTP/1.1
2023-03-29 13:21:00,261 - DEBUG - > Host: ws.devevspcharger.uplus.co.kr
2023-03-29 13:21:00,262 - DEBUG - > Upgrade: websocket
2023-03-29 13:21:00,262 - DEBUG - > Connection: Upgrade
2023-03-29 13:21:00,262 - DEBUG - > Sec-WebSocket-Key: oe9yonpUshBde55OCk0vtA==
2023-03-29 13:21:00,262 - DEBUG - > Sec-WebSocket-Version: 13
2023-03-29 13:21:00,262 - DEBUG - > Sec-WebSocket-Extensions: permessage-deflate; client_max_window_bits
2023-03-29 13:21:00,262 - DEBUG - > Sec-WebSocket-Protocol: ocpp1.6
2023-03-29 13:21:00,262 - DEBUG - > Authorization: Basic RVZBUjpFVkFSTEdV
2023-03-29 13:21:00,262 - DEBUG - > User-Agent: Python/3.11 websockets/10.4
2023-03-29 13:21:00,776 - DEBUG - < HTTP/1.1 101 Switching Protocols
2023-03-29 13:21:00,776 - DEBUG - < Connection: upgrade
2023-03-29 13:21:00,777 - DEBUG - < Date: Wed, 29 Mar 2023 04:20:56 GMT
2023-03-29 13:21:00,777 - DEBUG - < sec-websocket-protocol: ocpp1.6
2023-03-29 13:21:00,777 - DEBUG - < upgrade: websocket
2023-03-29 13:21:00,777 - DEBUG - < sec-websocket-accept: nTjRb0b8ohtaITHFSB4KqHnbrEo=
2023-03-29 13:21:00,778 - DEBUG - < sec-websocket-extensions: permessage-deflate
2023-03-29 13:21:00,778 - DEBUG - < X-Cache: Miss from cloudfront
2023-03-29 13:21:00,778 - DEBUG - < Via: 1.1 3c5e765ef2333ef04ef6f44a2b66ec12.cloudfront.net (CloudFront)
2023-03-29 13:21:00,778 - DEBUG - < X-Amz-Cf-Pop: ICN57-P2
2023-03-29 13:21:00,779 - DEBUG - < X-Amz-Cf-Id: 1whI8QcyS-JYRSiiWxCiko68dvHRxgvtRDd4z1gYNSBuVaA1H9PNPA==
2023-03-29 13:21:00,780 - DEBUG - = connection is OPEN
2023-03-29 13:21:00,810 - DEBUG - > TEXT '[2, "238f9daf-58e1-4d98-baa1-96a03f0d0810", "Bo...ePointVendor": "EVAR"}]' [127 bytes]
2023-03-29 13:21:01,194 - DEBUG - < TEXT '[3, "238f9daf-58e1-4d98-baa1-96a03f0d0810", {"s...57Z", "interval": 600}]' [123 bytes]
2023-03-29 13:21:01,240 - DEBUG - Starting new HTTPS connection (1): 8b434254zg.execute-api.ap-northeast-2.amazonaws.com:443
2023-03-29 13:21:01,822 - DEBUG - https://8b434254zg.execute-api.ap-northeast-2.amazonaws.com:443 "POST /dev/ioc HTTP/1.1" 200 161
2023-03-29 13:21:01,866 - DEBUG - < TEXT '[2, "1ed013ff-5c74-4275-b5f2-cd8e9265f67d", "Ch...tion", "value": "300"}]' [116 bytes]
2023-03-29 13:21:01,872 - DEBUG - > TEXT '[3, "1ed013ff-5c74-4275-b5f2-cd8e9265f67d", {"status": "Accepted"}]' [67 bytes]
2023-03-29 13:21:02,060 - DEBUG - < TEXT '' [0 bytes]
2023-03-29 13:21:02,099 - DEBUG - Starting new HTTPS connection (1): 8b434254zg.execute-api.ap-northeast-2.amazonaws.com:443
2023-03-29 13:21:02,502 - DEBUG - https://8b434254zg.execute-api.ap-northeast-2.amazonaws.com:443 "POST /dev/ioc HTTP/1.1" 200 158
2023-03-29 13:21:02,548 - DEBUG - < TEXT '[2, "5a657f61-f465-4768-9dba-e319f41df4bb", "Ch...ize", "value": "true"}]' [113 bytes]
2023-03-29 13:21:02,555 - DEBUG - > TEXT '[3, "5a657f61-f465-4768-9dba-e319f41df4bb", {"status": "Accepted"}]' [67 bytes]
2023-03-29 13:21:02,737 - DEBUG - < TEXT '' [0 bytes]
2023-03-29 13:21:02,773 - DEBUG - > TEXT '[2, "89ab51ea-779a-45eb-a2c4-9e0165c7d98e", "St..."status": "Preparing"}]' [132 bytes]
2023-03-29 13:21:02,959 - DEBUG - < TEXT '[3, "89ab51ea-779a-45eb-a2c4-9e0165c7d98e", {}]' [47 bytes]
2023-03-29 13:21:02,991 - DEBUG - > TEXT '[2, "62d0100f-b37f-4a90-945a-088ef1e2baed", "Au...": "1031040000069642"}]' [87 bytes]
2023-03-29 13:21:03,235 - DEBUG - < TEXT '[3, "62d0100f-b37f-4a90-945a-088ef1e2baed", {"i...023-03-29T13:20:59Z"}}]' [119 bytes]
2023-03-29 13:21:03,254 - DEBUG - = connection is CLOSING
2023-03-29 13:21:03,256 - DEBUG - > CLOSE 1000 (OK) [2 bytes]
2023-03-29 13:21:03,265 - DEBUG - < CLOSE 1000 (OK) [2 bytes]
2023-03-29 13:21:03,269 - DEBUG - = connection is CLOSED
2023-03-29 13:21:48,169 - DEBUG - = connection is CONNECTING
2023-03-29 13:21:48,201 - DEBUG - > GET /ocpp16/ELA007C05/EVSCA050001 HTTP/1.1
2023-03-29 13:21:48,201 - DEBUG - > Host: ws.devevspcharger.uplus.co.kr
2023-03-29 13:21:48,201 - DEBUG - > Upgrade: websocket
2023-03-29 13:21:48,201 - DEBUG - > Connection: Upgrade
2023-03-29 13:21:48,202 - DEBUG - > Sec-WebSocket-Key: UF9ZDdsFyuBNK0z74KStKg==
2023-03-29 13:21:48,202 - DEBUG - > Sec-WebSocket-Version: 13
2023-03-29 13:21:48,202 - DEBUG - > Sec-WebSocket-Extensions: permessage-deflate; client_max_window_bits
2023-03-29 13:21:48,202 - DEBUG - > Sec-WebSocket-Protocol: ocpp1.6
2023-03-29 13:21:48,202 - DEBUG - > Authorization: Basic RVZBUjpFVkFSTEdV
2023-03-29 13:21:48,202 - DEBUG - > User-Agent: Python/3.11 websockets/10.4
2023-03-29 13:21:48,456 - DEBUG - < HTTP/1.1 101 Switching Protocols
2023-03-29 13:21:48,456 - DEBUG - < Connection: upgrade
2023-03-29 13:21:48,456 - DEBUG - < Date: Wed, 29 Mar 2023 04:21:44 GMT
2023-03-29 13:21:48,456 - DEBUG - < sec-websocket-protocol: ocpp1.6
2023-03-29 13:21:48,457 - DEBUG - < upgrade: websocket
2023-03-29 13:21:48,457 - DEBUG - < sec-websocket-accept: WSIkmbVW/H52KVpzfgmjUMIsMoQ=
2023-03-29 13:21:48,457 - DEBUG - < sec-websocket-extensions: permessage-deflate
2023-03-29 13:21:48,457 - DEBUG - < X-Cache: Miss from cloudfront
2023-03-29 13:21:48,457 - DEBUG - < Via: 1.1 c6882e0acaa56682be4bf45c4b8fd99a.cloudfront.net (CloudFront)
2023-03-29 13:21:48,458 - DEBUG - < X-Amz-Cf-Pop: ICN57-P2
2023-03-29 13:21:48,458 - DEBUG - < X-Amz-Cf-Id: 0FJxVkV0wqQIFwjWXQoQ6Sp1BE8n7GlA_aWVE07GUysIblVKJQMjBg==
2023-03-29 13:21:48,458 - DEBUG - = connection is OPEN
2023-03-29 13:21:48,479 - DEBUG - > TEXT '[2, "5639f8af-8718-41d1-8fc7-d6bf6ff0df35", "Bo...ePointVendor": "EVAR"}]' [127 bytes]
2023-03-29 13:21:48,698 - DEBUG - < TEXT '[3, "5639f8af-8718-41d1-8fc7-d6bf6ff0df35", {"s...44Z", "interval": 600}]' [123 bytes]
2023-03-29 13:21:48,729 - DEBUG - Starting new HTTPS connection (1): 8b434254zg.execute-api.ap-northeast-2.amazonaws.com:443
2023-03-29 13:21:49,163 - DEBUG - https://8b434254zg.execute-api.ap-northeast-2.amazonaws.com:443 "POST /dev/ioc HTTP/1.1" 200 161
2023-03-29 13:21:49,200 - DEBUG - < TEXT '[2, "e74e65ca-ab2e-4f38-852d-a834462de4f2", "Ch...tion", "value": "300"}]' [116 bytes]
2023-03-29 13:21:49,206 - DEBUG - > TEXT '[3, "e74e65ca-ab2e-4f38-852d-a834462de4f2", {"status": "Accepted"}]' [67 bytes]
2023-03-29 13:21:49,377 - DEBUG - < TEXT '' [0 bytes]
2023-03-29 13:21:49,411 - DEBUG - Starting new HTTPS connection (1): 8b434254zg.execute-api.ap-northeast-2.amazonaws.com:443
2023-03-29 13:21:49,803 - DEBUG - https://8b434254zg.execute-api.ap-northeast-2.amazonaws.com:443 "POST /dev/ioc HTTP/1.1" 200 158
2023-03-29 13:21:49,836 - DEBUG - < TEXT '[2, "19a37e50-de0e-4012-bc27-bc9738a3bf62", "Ch...ize", "value": "true"}]' [113 bytes]
2023-03-29 13:21:49,843 - DEBUG - > TEXT '[3, "19a37e50-de0e-4012-bc27-bc9738a3bf62", {"status": "Accepted"}]' [67 bytes]
2023-03-29 13:21:50,018 - DEBUG - < TEXT '' [0 bytes]
2023-03-29 13:21:50,065 - DEBUG - > TEXT '[2, "5639f8af-8718-41d1-8fc7-d6bf6ff0df35", "St..."status": "Preparing"}]' [132 bytes]
2023-03-29 13:21:50,239 - DEBUG - < TEXT '[3, "5639f8af-8718-41d1-8fc7-d6bf6ff0df35", {}]' [47 bytes]
2023-03-29 13:21:50,273 - DEBUG - > TEXT '[2, "5639f8af-8718-41d1-8fc7-d6bf6ff0df35", "Au...": "4688452679863511"}]' [87 bytes]
2023-03-29 13:21:50,518 - DEBUG - < TEXT '[3, "5639f8af-8718-41d1-8fc7-d6bf6ff0df35", {"i...{"status": "Expired"}}]' [81 bytes]
2023-03-29 13:21:50,539 - DEBUG - = connection is CLOSING
2023-03-29 13:21:50,540 - DEBUG - > CLOSE 1000 (OK) [2 bytes]
2023-03-29 13:21:50,547 - DEBUG - < CLOSE 1000 (OK) [2 bytes]
2023-03-29 13:21:50,550 - DEBUG - = connection is CLOSED
2023-03-29 13:26:29,766 - DEBUG - = connection is CONNECTING
2023-03-29 13:26:29,807 - DEBUG - > GET /ocpp16/ELA007C05/EVSCA050001 HTTP/1.1
2023-03-29 13:26:29,807 - DEBUG - > Host: ws.devevspcharger.uplus.co.kr
2023-03-29 13:26:29,807 - DEBUG - > Upgrade: websocket
2023-03-29 13:26:29,808 - DEBUG - > Connection: Upgrade
2023-03-29 13:26:29,808 - DEBUG - > Sec-WebSocket-Key: xwG42rbMVyuT+C52QHhB+Q==
2023-03-29 13:26:29,808 - DEBUG - > Sec-WebSocket-Version: 13
2023-03-29 13:26:29,808 - DEBUG - > Sec-WebSocket-Extensions: permessage-deflate; client_max_window_bits
2023-03-29 13:26:29,808 - DEBUG - > Sec-WebSocket-Protocol: ocpp1.6
2023-03-29 13:26:29,808 - DEBUG - > Authorization: Basic RVZBUjpFVkFSTEdV
2023-03-29 13:26:29,808 - DEBUG - > User-Agent: Python/3.11 websockets/10.4
2023-03-29 13:26:30,319 - DEBUG - < HTTP/1.1 101 Switching Protocols
2023-03-29 13:26:30,320 - DEBUG - < Connection: upgrade
2023-03-29 13:26:30,320 - DEBUG - < Date: Wed, 29 Mar 2023 04:26:26 GMT
2023-03-29 13:26:30,320 - DEBUG - < sec-websocket-protocol: ocpp1.6
2023-03-29 13:26:30,320 - DEBUG - < upgrade: websocket
2023-03-29 13:26:30,320 - DEBUG - < sec-websocket-accept: 5Jvd9TYNp5bYmHq60v+M/0OXp+g=
2023-03-29 13:26:30,320 - DEBUG - < sec-websocket-extensions: permessage-deflate
2023-03-29 13:26:30,320 - DEBUG - < X-Cache: Miss from cloudfront
2023-03-29 13:26:30,320 - DEBUG - < Via: 1.1 967cab954a1c41e7f76f472d706ab3a0.cloudfront.net (CloudFront)
2023-03-29 13:26:30,320 - DEBUG - < X-Amz-Cf-Pop: ICN57-P2
2023-03-29 13:26:30,320 - DEBUG - < X-Amz-Cf-Id: _aX-WmXLaeQirxAmIzzoTILe_tb2N7XvXSzX7Yw96r6bS6_QAw2TpQ==
2023-03-29 13:26:30,321 - DEBUG - = connection is OPEN
2023-03-29 13:26:30,362 - DEBUG - > TEXT '[2, "ef6ad14d-fce0-45c4-aabb-49b1b0d9d87b", "Bo...ePointVendor": "EVAR"}]' [127 bytes]
2023-03-29 13:26:30,776 - DEBUG - < TEXT '[3, "ef6ad14d-fce0-45c4-aabb-49b1b0d9d87b", {"s...26Z", "interval": 600}]' [123 bytes]
2023-03-29 13:26:30,792 - DEBUG - > TEXT '[2, "ef6ad14d-fce0-45c4-aabb-49b1b0d9d87b", "St..."status": "Available"}]' [132 bytes]
2023-03-29 13:26:31,001 - DEBUG - < TEXT '[3, "ef6ad14d-fce0-45c4-aabb-49b1b0d9d87b", {}]' [47 bytes]
2023-03-29 13:26:31,037 - DEBUG - > TEXT '[2, "ef6ad14d-fce0-45c4-aabb-49b1b0d9d87b", "Au...": "1031040000069641"}]' [87 bytes]
2023-03-29 13:26:31,307 - DEBUG - < TEXT '[3, "ef6ad14d-fce0-45c4-aabb-49b1b0d9d87b", {"i..."status": "Accepted"}}]' [82 bytes]
2023-03-29 13:26:31,327 - DEBUG - = connection is CLOSING
2023-03-29 13:26:31,327 - DEBUG - > CLOSE 1000 (OK) [2 bytes]
2023-03-29 13:26:31,347 - DEBUG - < CLOSE 1000 (OK) [2 bytes]
2023-03-29 13:26:31,357 - DEBUG - = connection is CLOSED
2023-03-29 13:26:31,365 - DEBUG - = connection is CONNECTING
2023-03-29 13:26:31,404 - DEBUG - > GET /ocpp16/ELA007C05/EVSCA050001 HTTP/1.1
2023-03-29 13:26:31,404 - DEBUG - > Host: ws.devevspcharger.uplus.co.kr
2023-03-29 13:26:31,404 - DEBUG - > Upgrade: websocket
2023-03-29 13:26:31,404 - DEBUG - > Connection: Upgrade
2023-03-29 13:26:31,405 - DEBUG - > Sec-WebSocket-Key: mS0n3uvOsImG9URvB7J70A==
2023-03-29 13:26:31,405 - DEBUG - > Sec-WebSocket-Version: 13
2023-03-29 13:26:31,405 - DEBUG - > Sec-WebSocket-Extensions: permessage-deflate; client_max_window_bits
2023-03-29 13:26:31,405 - DEBUG - > Sec-WebSocket-Protocol: ocpp1.6
2023-03-29 13:26:31,406 - DEBUG - > Authorization: Basic RVZBUjpFVkFSTEdV
2023-03-29 13:26:31,406 - DEBUG - > User-Agent: Python/3.11 websockets/10.4
2023-03-29 13:26:31,641 - DEBUG - < HTTP/1.1 101 Switching Protocols
2023-03-29 13:26:31,641 - DEBUG - < Connection: upgrade
2023-03-29 13:26:31,642 - DEBUG - < Date: Wed, 29 Mar 2023 04:26:27 GMT
2023-03-29 13:26:31,642 - DEBUG - < sec-websocket-protocol: ocpp1.6
2023-03-29 13:26:31,643 - DEBUG - < upgrade: websocket
2023-03-29 13:26:31,643 - DEBUG - < sec-websocket-accept: cC6IWH8XLk69ZBhsthNwJ9jRUEI=
2023-03-29 13:26:31,643 - DEBUG - < sec-websocket-extensions: permessage-deflate
2023-03-29 13:26:31,643 - DEBUG - < X-Cache: Miss from cloudfront
2023-03-29 13:26:31,643 - DEBUG - < Via: 1.1 1c31b550dc04cf34ff9053b76a7eecc4.cloudfront.net (CloudFront)
2023-03-29 13:26:31,643 - DEBUG - < X-Amz-Cf-Pop: ICN57-P2
2023-03-29 13:26:31,644 - DEBUG - < X-Amz-Cf-Id: ZT4OyJUi2wlP4oHk_3T10aQfYwLVZpR6xjujKQNy-PSu9MG60hDAMg==
2023-03-29 13:26:31,644 - DEBUG - = connection is OPEN
2023-03-29 13:26:31,687 - DEBUG - > TEXT '[2, "e2b80c85-ee79-49e9-bdef-6bd0e81e4c85", "Bo...ePointVendor": "EVAR"}]' [127 bytes]
2023-03-29 13:26:31,900 - DEBUG - < TEXT '[3, "e2b80c85-ee79-49e9-bdef-6bd0e81e4c85", {"s...28Z", "interval": 600}]' [123 bytes]
2023-03-29 13:26:31,943 - DEBUG - > TEXT '[2, "16663f50-944f-4915-aaaa-2aab29acbedf", "St..."status": "Available"}]' [132 bytes]
2023-03-29 13:26:32,123 - DEBUG - < TEXT '[3, "16663f50-944f-4915-aaaa-2aab29acbedf", {}]' [47 bytes]
2023-03-29 13:26:32,160 - DEBUG - > TEXT '[2, "d7d18c7c-561e-4bb9-a6fc-32fed6914e42", "Au...": "1031040000069641"}]' [87 bytes]
2023-03-29 13:26:32,381 - DEBUG - < TEXT '[3, "d7d18c7c-561e-4bb9-a6fc-32fed6914e42", {"i..."status": "Accepted"}}]' [82 bytes]
2023-03-29 13:26:32,433 - DEBUG - > TEXT '[2, "c7934cc0-5883-484d-b375-26de24039de1", "St...2023-03-29T13:26:29Z"}]' [170 bytes]
2023-03-29 13:26:32,801 - DEBUG - < TEXT '[3, "c7934cc0-5883-484d-b375-26de24039de1", {"t..."status": "Accepted"}}]' [110 bytes]
2023-03-29 13:26:32,845 - DEBUG - > TEXT '[2, "90ae52b0-e390-413d-96c1-35299fad2a45", "St... "status": "Charging"}]' [131 bytes]
2023-03-29 13:26:33,041 - DEBUG - < TEXT '[3, "90ae52b0-e390-413d-96c1-35299fad2a45", {}]' [47 bytes]
2023-03-29 13:26:33,091 - DEBUG - > TEXT '[2, "34d026ec-b2c1-4c71-9e90-6e5fd25a3d78", "Me...er", "unit": "Wh"}]}]}]' [259 bytes]
2023-03-29 13:26:33,321 - DEBUG - < TEXT '[3, "34d026ec-b2c1-4c71-9e90-6e5fd25a3d78", {}]' [47 bytes]
2023-03-29 13:26:33,377 - DEBUG - > TEXT '[2, "3f932021-9939-44eb-ae39-c346b121b222", "St...sactionId": 120533577}]' [149 bytes]
2023-03-29 13:26:33,663 - DEBUG - < TEXT '[3, "3f932021-9939-44eb-ae39-c346b121b222", {"i..."status": "Accepted"}}]' [82 bytes]
2023-03-29 13:26:33,712 - DEBUG - > TEXT '[2, "50558966-83d0-4b11-95b1-0e1f34a446d3", "St..."status": "Finishing"}]' [132 bytes]
2023-03-29 13:26:33,902 - DEBUG - < TEXT '[3, "50558966-83d0-4b11-95b1-0e1f34a446d3", {}]' [47 bytes]
2023-03-29 13:26:33,948 - DEBUG - > TEXT '[2, "be42098a-ebfd-4944-8564-2b5ca8377da1", "St..."status": "Available"}]' [132 bytes]
2023-03-29 13:26:34,120 - DEBUG - < TEXT '[3, "be42098a-ebfd-4944-8564-2b5ca8377da1", {}]' [47 bytes]
2023-03-29 13:26:34,156 - DEBUG - = connection is CLOSING
2023-03-29 13:26:34,156 - DEBUG - > CLOSE 1000 (OK) [2 bytes]
2023-03-29 13:26:34,164 - DEBUG - < CLOSE 1000 (OK) [2 bytes]
2023-03-29 13:26:34,173 - DEBUG - = connection is CLOSED
2023-03-29 13:26:34,181 - DEBUG - = connection is CONNECTING
2023-03-29 13:26:34,213 - DEBUG - > GET /ocpp16/ELA007C05/EVSCA050001 HTTP/1.1
2023-03-29 13:26:34,213 - DEBUG - > Host: ws.devevspcharger.uplus.co.kr
2023-03-29 13:26:34,213 - DEBUG - > Upgrade: websocket
2023-03-29 13:26:34,214 - DEBUG - > Connection: Upgrade
2023-03-29 13:26:34,214 - DEBUG - > Sec-WebSocket-Key: Ys0DSpFJrO96on4ngFJK1A==
2023-03-29 13:26:34,215 - DEBUG - > Sec-WebSocket-Version: 13
2023-03-29 13:26:34,215 - DEBUG - > Sec-WebSocket-Extensions: permessage-deflate; client_max_window_bits
2023-03-29 13:26:34,215 - DEBUG - > Sec-WebSocket-Protocol: ocpp1.6
2023-03-29 13:26:34,215 - DEBUG - > Authorization: Basic RVZBUjpFVkFSTEdV
2023-03-29 13:26:34,215 - DEBUG - > User-Agent: Python/3.11 websockets/10.4
2023-03-29 13:26:34,460 - DEBUG - < HTTP/1.1 101 Switching Protocols
2023-03-29 13:26:34,460 - DEBUG - < Connection: upgrade
2023-03-29 13:26:34,461 - DEBUG - < Date: Wed, 29 Mar 2023 04:26:30 GMT
2023-03-29 13:26:34,461 - DEBUG - < sec-websocket-protocol: ocpp1.6
2023-03-29 13:26:34,461 - DEBUG - < upgrade: websocket
2023-03-29 13:26:34,461 - DEBUG - < sec-websocket-accept: 5hqFqxPrUlrOG4/1g+l3/n8gmyg=
2023-03-29 13:26:34,462 - DEBUG - < sec-websocket-extensions: permessage-deflate
2023-03-29 13:26:34,462 - DEBUG - < X-Cache: Miss from cloudfront
2023-03-29 13:26:34,462 - DEBUG - < Via: 1.1 3c5e765ef2333ef04ef6f44a2b66ec12.cloudfront.net (CloudFront)
2023-03-29 13:26:34,462 - DEBUG - < X-Amz-Cf-Pop: ICN57-P2
2023-03-29 13:26:34,462 - DEBUG - < X-Amz-Cf-Id: IM3z9rDYUw_ZtypS4gOsKhhzRZSgpVThh4RftsGLJGKblqYywBgTpQ==
2023-03-29 13:26:34,463 - DEBUG - = connection is OPEN
2023-03-29 13:26:34,493 - DEBUG - > TEXT '[2, "0bf6eed5-f7ef-4d99-a1b8-93a3639918d1", "Bo...ePointVendor": "EVAR"}]' [127 bytes]
2023-03-29 13:26:34,721 - DEBUG - < TEXT '[3, "0bf6eed5-f7ef-4d99-a1b8-93a3639918d1", {"s...30Z", "interval": 600}]' [123 bytes]
2023-03-29 13:26:34,768 - DEBUG - > TEXT '[2, "2cd858ae-f9ee-4887-8eba-c7615005384b", "Au...": "1031040000069641"}]' [87 bytes]
2023-03-29 13:26:35,002 - DEBUG - < TEXT '[3, "2cd858ae-f9ee-4887-8eba-c7615005384b", {"i..."status": "Accepted"}}]' [82 bytes]
2023-03-29 13:26:35,039 - DEBUG - > TEXT '[2, "f296b78a-d0fe-478d-ac18-f5185c7483c7", "St..."status": "Preparing"}]' [132 bytes]
2023-03-29 13:26:35,227 - DEBUG - < TEXT '[3, "f296b78a-d0fe-478d-ac18-f5185c7483c7", {}]' [47 bytes]
2023-03-29 13:26:35,263 - DEBUG - > TEXT '[2, "7caf1f89-fdd1-4f3a-a7f2-fb01f827c11a", "St...2023-03-29T13:26:29Z"}]' [170 bytes]
2023-03-29 13:26:35,582 - DEBUG - < TEXT '[3, "7caf1f89-fdd1-4f3a-a7f2-fb01f827c11a", {"t..."status": "Accepted"}}]' [110 bytes]
2023-03-29 13:26:35,623 - DEBUG - > TEXT '[2, "64e9edef-7599-4730-873f-ab3cbada13c6", "St... "status": "Charging"}]' [131 bytes]
2023-03-29 13:26:35,822 - DEBUG - < TEXT '[3, "64e9edef-7599-4730-873f-ab3cbada13c6", {}]' [47 bytes]
2023-03-29 13:26:35,864 - DEBUG - > TEXT '[2, "b8bdc608-9018-4740-a35a-ac289ea19400", "Me...er", "unit": "Wh"}]}]}]' [259 bytes]
2023-03-29 13:26:36,060 - DEBUG - < TEXT '[3, "b8bdc608-9018-4740-a35a-ac289ea19400", {}]' [47 bytes]
2023-03-29 13:26:36,100 - DEBUG - > TEXT '[2, "a8291992-9a3b-46b7-83fc-90271846b4d8", "St...sactionId": 120533578}]' [149 bytes]
2023-03-29 13:26:36,400 - DEBUG - < TEXT '[3, "a8291992-9a3b-46b7-83fc-90271846b4d8", {"i..."status": "Accepted"}}]' [82 bytes]
2023-03-29 13:26:36,458 - DEBUG - > TEXT '[2, "b712f2f2-a4f7-4014-88dc-92c859c95b8a", "St..."status": "Finishing"}]' [132 bytes]
2023-03-29 13:26:36,664 - DEBUG - < TEXT '[3, "b712f2f2-a4f7-4014-88dc-92c859c95b8a", {}]' [47 bytes]
2023-03-29 13:26:36,718 - DEBUG - > TEXT '[2, "cf28294c-803a-489c-aa40-8511a23444e4", "St..."status": "Available"}]' [132 bytes]
2023-03-29 13:26:36,901 - DEBUG - < TEXT '[3, "cf28294c-803a-489c-aa40-8511a23444e4", {}]' [47 bytes]
2023-03-29 13:26:36,939 - DEBUG - = connection is CLOSING
2023-03-29 13:26:36,939 - DEBUG - > CLOSE 1000 (OK) [2 bytes]
2023-03-29 13:26:36,949 - DEBUG - < CLOSE 1000 (OK) [2 bytes]
2023-03-29 13:26:36,956 - DEBUG - = connection is CLOSED
2023-03-29 13:26:36,965 - DEBUG - = connection is CONNECTING
2023-03-29 13:26:36,998 - DEBUG - > GET /ocpp16/ELA007C05/EVSCA050001 HTTP/1.1
2023-03-29 13:26:36,998 - DEBUG - > Host: ws.devevspcharger.uplus.co.kr
2023-03-29 13:26:36,998 - DEBUG - > Upgrade: websocket
2023-03-29 13:26:36,999 - DEBUG - > Connection: Upgrade
2023-03-29 13:26:37,000 - DEBUG - > Sec-WebSocket-Key: NVFfPs9CavXAGh0DQheeKQ==
2023-03-29 13:26:37,000 - DEBUG - > Sec-WebSocket-Version: 13
2023-03-29 13:26:37,000 - DEBUG - > Sec-WebSocket-Extensions: permessage-deflate; client_max_window_bits
2023-03-29 13:26:37,000 - DEBUG - > Sec-WebSocket-Protocol: ocpp1.6
2023-03-29 13:26:37,001 - DEBUG - > Authorization: Basic RVZBUjpFVkFSTEdV
2023-03-29 13:26:37,001 - DEBUG - > User-Agent: Python/3.11 websockets/10.4
2023-03-29 13:26:37,224 - DEBUG - < HTTP/1.1 101 Switching Protocols
2023-03-29 13:26:37,224 - DEBUG - < Connection: upgrade
2023-03-29 13:26:37,225 - DEBUG - < Date: Wed, 29 Mar 2023 04:26:33 GMT
2023-03-29 13:26:37,225 - DEBUG - < sec-websocket-protocol: ocpp1.6
2023-03-29 13:26:37,225 - DEBUG - < upgrade: websocket
2023-03-29 13:26:37,225 - DEBUG - < sec-websocket-accept: v1kFAQc5evCAQhqt7v3rDg0RgZg=
2023-03-29 13:26:37,225 - DEBUG - < sec-websocket-extensions: permessage-deflate
2023-03-29 13:26:37,225 - DEBUG - < X-Cache: Miss from cloudfront
2023-03-29 13:26:37,226 - DEBUG - < Via: 1.1 5b6f80c06c5584561e15bd2fd58882ee.cloudfront.net (CloudFront)
2023-03-29 13:26:37,226 - DEBUG - < X-Amz-Cf-Pop: ICN57-P2
2023-03-29 13:26:37,226 - DEBUG - < X-Amz-Cf-Id: 6gVuL4HiSIDnXwkxoksgVMkJZZVlUMkN1P4WW3204s_HI_ZLVpqSkw==
2023-03-29 13:26:37,226 - DEBUG - = connection is OPEN
2023-03-29 13:26:37,267 - DEBUG - > TEXT '[2, "3b1d7683-807f-4767-8698-efd81fa0e60e", "Bo...ePointVendor": "EVAR"}]' [127 bytes]
2023-03-29 13:26:37,488 - DEBUG - < TEXT '[3, "3b1d7683-807f-4767-8698-efd81fa0e60e", {"s...33Z", "interval": 600}]' [123 bytes]
2023-03-29 13:26:37,584 - DEBUG - Starting new HTTPS connection (1): 8b434254zg.execute-api.ap-northeast-2.amazonaws.com:443
2023-03-29 13:26:38,226 - DEBUG - https://8b434254zg.execute-api.ap-northeast-2.amazonaws.com:443 "POST /dev/ioc HTTP/1.1" 200 163
2023-03-29 13:26:38,272 - DEBUG - < TEXT '[2, "78fb8fa9-0d73-41da-b667-d5e448cc9805", "Ch...nKey", "value": "300"}]' [118 bytes]
2023-03-29 13:26:38,277 - DEBUG - > TEXT '[3, "78fb8fa9-0d73-41da-b667-d5e448cc9805", {"status": "Accepted"}]' [67 bytes]
2023-03-29 13:26:38,461 - DEBUG - < TEXT '' [0 bytes]
2023-03-29 13:26:38,509 - DEBUG - Starting new HTTPS connection (1): 8b434254zg.execute-api.ap-northeast-2.amazonaws.com:443
2023-03-29 13:26:38,928 - DEBUG - https://8b434254zg.execute-api.ap-northeast-2.amazonaws.com:443 "POST /dev/ioc HTTP/1.1" 200 106
2023-03-29 13:26:38,976 - DEBUG - < TEXT '[2, "2bfbd90b-0683-47e6-bb2b-fb216eb34ede", "ClearCache", {}]' [61 bytes]
2023-03-29 13:26:38,990 - DEBUG - > TEXT '[3, "2bfbd90b-0683-47e6-bb2b-fb216eb34ede", {"status": "Accepted"}]' [67 bytes]
2023-03-29 13:26:39,181 - DEBUG - < TEXT '' [0 bytes]
2023-03-29 13:26:39,222 - DEBUG - > TEXT '[2, "c6e538f0-9df8-4302-9242-1fe5fb23290c", "Au...": "1031040000069641"}]' [87 bytes]
2023-03-29 13:26:39,484 - DEBUG - < TEXT '[3, "c6e538f0-9df8-4302-9242-1fe5fb23290c", {"i..."status": "Accepted"}}]' [82 bytes]
2023-03-29 13:26:39,512 - DEBUG - > TEXT '[2, "5e896ea9-0f91-4d2c-bded-9e4b1976b8f8", "St..."status": "Preparing"}]' [132 bytes]
2023-03-29 13:26:39,701 - DEBUG - < TEXT '[3, "5e896ea9-0f91-4d2c-bded-9e4b1976b8f8", {}]' [47 bytes]
2023-03-29 13:26:39,732 - DEBUG - > TEXT '[2, "8d8f6db7-ce5c-4ecb-968b-ef3db42a002f", "St..."status": "Available"}]' [132 bytes]
2023-03-29 13:26:39,923 - DEBUG - < TEXT '[3, "8d8f6db7-ce5c-4ecb-968b-ef3db42a002f", {}]' [47 bytes]
2023-03-29 13:26:39,940 - DEBUG - = connection is CLOSING
2023-03-29 13:26:39,940 - DEBUG - > CLOSE 1000 (OK) [2 bytes]
2023-03-29 13:26:39,955 - DEBUG - < CLOSE 1000 (OK) [2 bytes]
2023-03-29 13:26:39,959 - DEBUG - = connection is CLOSED
2023-03-29 13:26:39,976 - DEBUG - = connection is CONNECTING
2023-03-29 13:26:40,007 - DEBUG - > GET /ocpp16/ELA007C05/EVSCA050001 HTTP/1.1
2023-03-29 13:26:40,007 - DEBUG - > Host: ws.devevspcharger.uplus.co.kr
2023-03-29 13:26:40,007 - DEBUG - > Upgrade: websocket
2023-03-29 13:26:40,007 - DEBUG - > Connection: Upgrade
2023-03-29 13:26:40,008 - DEBUG - > Sec-WebSocket-Key: ytSVhuL/ZBZaOGUXf/uXJw==
2023-03-29 13:26:40,008 - DEBUG - > Sec-WebSocket-Version: 13
2023-03-29 13:26:40,008 - DEBUG - > Sec-WebSocket-Extensions: permessage-deflate; client_max_window_bits
2023-03-29 13:26:40,008 - DEBUG - > Sec-WebSocket-Protocol: ocpp1.6
2023-03-29 13:26:40,008 - DEBUG - > Authorization: Basic RVZBUjpFVkFSTEdV
2023-03-29 13:26:40,008 - DEBUG - > User-Agent: Python/3.11 websockets/10.4
2023-03-29 13:26:40,240 - DEBUG - < HTTP/1.1 101 Switching Protocols
2023-03-29 13:26:40,240 - DEBUG - < Connection: upgrade
2023-03-29 13:26:40,241 - DEBUG - < Date: Wed, 29 Mar 2023 04:26:36 GMT
2023-03-29 13:26:40,241 - DEBUG - < sec-websocket-protocol: ocpp1.6
2023-03-29 13:26:40,241 - DEBUG - < upgrade: websocket
2023-03-29 13:26:40,241 - DEBUG - < sec-websocket-accept: pjPeCcMzIDVws4du4WYa3xhpLPU=
2023-03-29 13:26:40,241 - DEBUG - < sec-websocket-extensions: permessage-deflate
2023-03-29 13:26:40,241 - DEBUG - < X-Cache: Miss from cloudfront
2023-03-29 13:26:40,241 - DEBUG - < Via: 1.1 516246c62af452cb1f8d77c8f3af9faa.cloudfront.net (CloudFront)
2023-03-29 13:26:40,241 - DEBUG - < X-Amz-Cf-Pop: ICN57-P2
2023-03-29 13:26:40,241 - DEBUG - < X-Amz-Cf-Id: Tca5m9xT5mDieCg-I5dSa2Z1Ug0jlsP6Xg2ZI9SwJJiAWtYjTydBAw==
2023-03-29 13:26:40,241 - DEBUG - = connection is OPEN
2023-03-29 13:26:40,273 - DEBUG - > TEXT '[2, "c6f2b19c-e52c-42c2-a654-77594895fdaf", "Bo...ePointVendor": "EVAR"}]' [127 bytes]
2023-03-29 13:26:40,507 - DEBUG - < TEXT '[3, "c6f2b19c-e52c-42c2-a654-77594895fdaf", {"s...36Z", "interval": 600}]' [123 bytes]
2023-03-29 13:26:40,561 - DEBUG - > TEXT '[2, "3dcd9d8e-9f19-4725-b909-60461b478b97", "St..."status": "Preparing"}]' [132 bytes]
2023-03-29 13:26:40,744 - DEBUG - < TEXT '[3, "3dcd9d8e-9f19-4725-b909-60461b478b97", {}]' [47 bytes]
2023-03-29 13:26:40,779 - DEBUG - > TEXT '[2, "b2bb47de-dda8-4bed-84bc-1648cc9ff518", "Au...": "1031040000069641"}]' [87 bytes]
2023-03-29 13:26:43,814 - DEBUG - < TEXT '{"message": "Internal server error", "connectio...Id":"ChqflGieIE0FvsQ="}' [103 bytes]
2023-03-29 13:26:43,817 - ERROR - Task exception was never retrieved
future: <Task finished name='Task-2' coro=<ChargerSim.startEvent() done, defined at D:\workspace\wss\main.py:131> exception=KeyError(2)>
Traceback (most recent call last):
  File "D:\workspace\wss\main.py", line 151, in startEvent
    await self.charger.runcase(self.TC_selected if len(self.TC_selected.keys())>0 else self.TC)
  File "D:\workspace\wss\Charger.py", line 379, in runcase
    schema_check = checkSchema(f"{c[0]}Response", recv[2], self.testschem.get())
                                                  ~~~~^^^
KeyError: 2
2023-03-29 13:27:00,251 - DEBUG - % sending keepalive ping
2023-03-29 13:27:00,251 - DEBUG - > PING 13 84 ab f0 [binary, 4 bytes]
2023-03-29 13:27:00,263 - DEBUG - < PONG 13 84 ab f0 [binary, 4 bytes]
2023-03-29 13:27:00,267 - DEBUG - % received keepalive pong
2023-03-29 13:27:20,272 - DEBUG - % sending keepalive ping
2023-03-29 13:27:20,272 - DEBUG - > PING 9e 2e 72 b2 [binary, 4 bytes]
2023-03-29 13:27:20,280 - DEBUG - < PONG 9e 2e 72 b2 [binary, 4 bytes]
2023-03-29 13:27:20,287 - DEBUG - % received keepalive pong
2023-03-29 13:27:40,271 - DEBUG - % sending keepalive ping
2023-03-29 13:27:40,271 - DEBUG - > PING 96 87 87 70 [binary, 4 bytes]
2023-03-29 13:27:40,282 - DEBUG - < PONG 96 87 87 70 [binary, 4 bytes]
2023-03-29 13:27:40,285 - DEBUG - % received keepalive pong
2023-03-29 13:28:00,274 - DEBUG - % sending keepalive ping
2023-03-29 13:28:00,274 - DEBUG - > PING c8 e6 73 81 [binary, 4 bytes]
2023-03-29 13:28:00,284 - DEBUG - < PONG c8 e6 73 81 [binary, 4 bytes]
2023-03-29 13:28:00,287 - DEBUG - % received keepalive pong
2023-03-29 13:28:20,274 - DEBUG - % sending keepalive ping
2023-03-29 13:28:20,274 - DEBUG - > PING 99 3f 66 ff [binary, 4 bytes]
2023-03-29 13:28:20,282 - DEBUG - < PONG 99 3f 66 ff [binary, 4 bytes]
2023-03-29 13:28:20,284 - DEBUG - % received keepalive pong
2023-03-29 13:28:40,264 - DEBUG - % sending keepalive ping
2023-03-29 13:28:40,264 - DEBUG - > PING 52 a5 05 84 [binary, 4 bytes]
2023-03-29 13:28:40,274 - DEBUG - < PONG 52 a5 05 84 [binary, 4 bytes]
2023-03-29 13:28:40,279 - DEBUG - % received keepalive pong
2023-03-29 13:29:00,266 - DEBUG - % sending keepalive ping
2023-03-29 13:29:00,267 - DEBUG - > PING f6 59 98 be [binary, 4 bytes]
2023-03-29 13:29:00,275 - DEBUG - < PONG f6 59 98 be [binary, 4 bytes]
2023-03-29 13:29:00,281 - DEBUG - % received keepalive pong
2023-03-29 13:29:20,275 - DEBUG - % sending keepalive ping
2023-03-29 13:29:20,276 - DEBUG - > PING fb d1 48 4e [binary, 4 bytes]
2023-03-29 13:29:20,283 - DEBUG - < PONG fb d1 48 4e [binary, 4 bytes]
2023-03-29 13:29:20,289 - DEBUG - % received keepalive pong
2023-03-29 13:29:40,268 - DEBUG - % sending keepalive ping
2023-03-29 13:29:40,268 - DEBUG - > PING ff bc f1 53 [binary, 4 bytes]
2023-03-29 13:29:40,280 - DEBUG - < PONG ff bc f1 53 [binary, 4 bytes]
2023-03-29 13:29:40,285 - DEBUG - % received keepalive pong
2023-03-29 13:30:00,277 - DEBUG - % sending keepalive ping
2023-03-29 13:30:00,278 - DEBUG - > PING 49 bc ff f5 [binary, 4 bytes]
2023-03-29 13:30:00,286 - DEBUG - < PONG 49 bc ff f5 [binary, 4 bytes]
2023-03-29 13:30:00,293 - DEBUG - % received keepalive pong
2023-03-29 13:30:20,293 - DEBUG - % sending keepalive ping
2023-03-29 13:30:20,294 - DEBUG - > PING c8 ea c3 7e [binary, 4 bytes]
2023-03-29 13:30:20,302 - DEBUG - < PONG c8 ea c3 7e [binary, 4 bytes]
2023-03-29 13:30:20,310 - DEBUG - % received keepalive pong
2023-03-29 13:30:40,310 - DEBUG - % sending keepalive ping
2023-03-29 13:30:40,311 - DEBUG - > PING c2 b0 13 e6 [binary, 4 bytes]
2023-03-29 13:30:40,321 - DEBUG - < PONG c2 b0 13 e6 [binary, 4 bytes]
2023-03-29 13:30:40,327 - DEBUG - % received keepalive pong
2023-03-29 13:31:00,334 - DEBUG - % sending keepalive ping
2023-03-29 13:31:00,334 - DEBUG - > PING a6 4f c6 9f [binary, 4 bytes]
2023-03-29 13:31:00,343 - DEBUG - < PONG a6 4f c6 9f [binary, 4 bytes]
2023-03-29 13:31:00,348 - DEBUG - % received keepalive pong
2023-03-29 13:31:20,346 - DEBUG - % sending keepalive ping
2023-03-29 13:31:20,347 - DEBUG - > PING 27 8e c5 f0 [binary, 4 bytes]
2023-03-29 13:31:20,355 - DEBUG - < PONG 27 8e c5 f0 [binary, 4 bytes]
2023-03-29 13:31:20,360 - DEBUG - % received keepalive pong
2023-03-29 13:31:40,354 - DEBUG - % sending keepalive ping
2023-03-29 13:31:40,355 - DEBUG - > PING 4b aa 1b e9 [binary, 4 bytes]
2023-03-29 13:31:40,364 - DEBUG - < PONG 4b aa 1b e9 [binary, 4 bytes]
2023-03-29 13:31:40,373 - DEBUG - % received keepalive pong
2023-03-29 13:32:00,380 - DEBUG - % sending keepalive ping
2023-03-29 13:32:00,381 - DEBUG - > PING ce 60 ba ee [binary, 4 bytes]
2023-03-29 13:32:00,389 - DEBUG - < PONG ce 60 ba ee [binary, 4 bytes]
2023-03-29 13:32:00,396 - DEBUG - % received keepalive pong
2023-03-29 13:32:20,396 - DEBUG - % sending keepalive ping
2023-03-29 13:32:20,397 - DEBUG - > PING '\x84z\x08' [text, 4 bytes]
2023-03-29 13:32:20,405 - DEBUG - < PONG '\x84z\x08' [text, 4 bytes]
2023-03-29 13:32:20,408 - DEBUG - % received keepalive pong
2023-03-29 13:32:40,393 - DEBUG - % sending keepalive ping
2023-03-29 13:32:40,393 - DEBUG - > PING 7d 75 bf 2e [binary, 4 bytes]
2023-03-29 13:32:40,401 - DEBUG - < PONG 7d 75 bf 2e [binary, 4 bytes]
2023-03-29 13:32:40,409 - DEBUG - % received keepalive pong
2023-03-29 13:33:00,395 - DEBUG - % sending keepalive ping
2023-03-29 13:33:00,396 - DEBUG - > PING f0 d6 72 d1 [binary, 4 bytes]
2023-03-29 13:33:00,408 - DEBUG - < PONG f0 d6 72 d1 [binary, 4 bytes]
2023-03-29 13:33:00,414 - DEBUG - % received keepalive pong
2023-03-29 13:33:20,400 - DEBUG - % sending keepalive ping
2023-03-29 13:33:20,400 - DEBUG - > PING 19 70 9a 5c [binary, 4 bytes]
2023-03-29 13:33:20,410 - DEBUG - < PONG 19 70 9a 5c [binary, 4 bytes]
2023-03-29 13:33:20,417 - DEBUG - % received keepalive pong
2023-03-29 13:33:40,420 - DEBUG - % sending keepalive ping
2023-03-29 13:33:40,422 - DEBUG - > PING 1b df c5 43 [binary, 4 bytes]
2023-03-29 13:33:40,431 - DEBUG - < PONG 1b df c5 43 [binary, 4 bytes]
2023-03-29 13:33:40,438 - DEBUG - % received keepalive pong
2023-03-29 13:34:00,440 - DEBUG - % sending keepalive ping
2023-03-29 13:34:00,440 - DEBUG - > PING 81 8d af 00 [binary, 4 bytes]
2023-03-29 13:34:00,453 - DEBUG - < PONG 81 8d af 00 [binary, 4 bytes]
2023-03-29 13:34:00,461 - DEBUG - % received keepalive pong
2023-03-29 13:34:20,444 - DEBUG - % sending keepalive ping
2023-03-29 13:34:20,445 - DEBUG - > PING 86 97 c1 d3 [binary, 4 bytes]
2023-03-29 13:34:20,456 - DEBUG - < PONG 86 97 c1 d3 [binary, 4 bytes]
2023-03-29 13:34:20,461 - DEBUG - % received keepalive pong
2023-03-29 13:34:22,653 - DEBUG - = connection is CONNECTING
2023-03-29 13:34:22,687 - DEBUG - > GET /ocpp16/ELA007C05/EVSCA050001 HTTP/1.1
2023-03-29 13:34:22,687 - DEBUG - > Host: ws.devevspcharger.uplus.co.kr
2023-03-29 13:34:22,688 - DEBUG - > Upgrade: websocket
2023-03-29 13:34:22,688 - DEBUG - > Connection: Upgrade
2023-03-29 13:34:22,688 - DEBUG - > Sec-WebSocket-Key: BzIjonFoV2emAPMgQOQNTA==
2023-03-29 13:34:22,688 - DEBUG - > Sec-WebSocket-Version: 13
2023-03-29 13:34:22,688 - DEBUG - > Sec-WebSocket-Extensions: permessage-deflate; client_max_window_bits
2023-03-29 13:34:22,688 - DEBUG - > Sec-WebSocket-Protocol: ocpp1.6
2023-03-29 13:34:22,688 - DEBUG - > Authorization: Basic RVZBUjpFVkFSTEdV
2023-03-29 13:34:22,689 - DEBUG - > User-Agent: Python/3.11 websockets/10.4
2023-03-29 13:34:24,288 - DEBUG - < HTTP/1.1 101 Switching Protocols
2023-03-29 13:34:24,288 - DEBUG - < Connection: upgrade
2023-03-29 13:34:24,288 - DEBUG - < Date: Wed, 29 Mar 2023 04:34:20 GMT
2023-03-29 13:34:24,288 - DEBUG - < sec-websocket-protocol: ocpp1.6
2023-03-29 13:34:24,288 - DEBUG - < upgrade: websocket
2023-03-29 13:34:24,288 - DEBUG - < sec-websocket-accept: 9KyvLIJkFGthAVJ7yJ+cQqTbPRU=
2023-03-29 13:34:24,288 - DEBUG - < sec-websocket-extensions: permessage-deflate
2023-03-29 13:34:24,289 - DEBUG - < X-Cache: Miss from cloudfront
2023-03-29 13:34:24,289 - DEBUG - < Via: 1.1 612f66c69e94ca76cedbb60dd1460040.cloudfront.net (CloudFront)
2023-03-29 13:34:24,289 - DEBUG - < X-Amz-Cf-Pop: ICN51-C2
2023-03-29 13:34:24,289 - DEBUG - < X-Amz-Cf-Id: 8B7L2UaRFcVzxmog6KY-l0h_XM0OyRIhHy5f93d_BxCo8lZj5iMIAA==
2023-03-29 13:34:24,289 - DEBUG - = connection is OPEN
2023-03-29 13:34:24,326 - DEBUG - > TEXT '[2, "b6a4301a-4419-4501-bbb0-2466cdaf733b", "Bo...ePointVendor": "EVAR"}]' [127 bytes]
2023-03-29 13:34:24,706 - DEBUG - < TEXT '[3, "b6a4301a-4419-4501-bbb0-2466cdaf733b", {"s...20Z", "interval": 600}]' [123 bytes]
2023-03-29 13:34:24,754 - DEBUG - > TEXT '[2, "a8478286-0ca8-4393-83d5-27c476e4dded", "St..."status": "Preparing"}]' [132 bytes]
2023-03-29 13:34:24,907 - DEBUG - < TEXT '[3, "a8478286-0ca8-4393-83d5-27c476e4dded", {}]' [47 bytes]
2023-03-29 13:34:24,954 - DEBUG - > TEXT '[2, "0a71e118-e263-408f-b1b8-fc12197e57c4", "Au...": "1031040000069641"}]' [87 bytes]
2023-03-29 13:34:25,208 - DEBUG - < TEXT '[3, "0a71e118-e263-408f-b1b8-fc12197e57c4", {"i..."status": "Accepted"}}]' [82 bytes]
2023-03-29 13:34:25,244 - DEBUG - > TEXT '[2, "d895e5e7-80db-4c49-aaf4-1061d3c6c844", "St...2023-03-29T13:26:29Z"}]' [170 bytes]
2023-03-29 13:34:25,587 - DEBUG - < TEXT '[3, "d895e5e7-80db-4c49-aaf4-1061d3c6c844", {"t..."status": "Accepted"}}]' [110 bytes]
2023-03-29 13:34:25,632 - DEBUG - > TEXT '[2, "68c6928f-3817-4ff4-81f1-9f6b1aa25b61", "St... "status": "Charging"}]' [131 bytes]
2023-03-29 13:34:25,827 - DEBUG - < TEXT '[3, "68c6928f-3817-4ff4-81f1-9f6b1aa25b61", {}]' [47 bytes]
2023-03-29 13:34:25,872 - DEBUG - > TEXT '[2, "a1467641-18a8-40b6-be5b-75c8c1631f80", "Me...er", "unit": "Wh"}]}]}]' [259 bytes]
2023-03-29 13:34:26,127 - DEBUG - < TEXT '[3, "a1467641-18a8-40b6-be5b-75c8c1631f80", {}]' [47 bytes]
2023-03-29 13:34:26,170 - DEBUG - > TEXT '[2, "4fc9252a-7fa4-45df-91c6-65bee8e490d3", "St...tatus": "SuspendedEV"}]' [134 bytes]
2023-03-29 13:34:26,370 - DEBUG - < TEXT '[3, "4fc9252a-7fa4-45df-91c6-65bee8e490d3", {}]' [47 bytes]
2023-03-29 13:34:26,418 - DEBUG - > TEXT '[2, "24b4bc93-ae1b-4bb8-9921-7b6d11bf0347", "St...sactionId": 120533580}]' [149 bytes]
2023-03-29 13:34:26,705 - DEBUG - < TEXT '[3, "24b4bc93-ae1b-4bb8-9921-7b6d11bf0347", {"i..."status": "Accepted"}}]' [82 bytes]
2023-03-29 13:34:26,748 - DEBUG - > TEXT '[2, "c392e604-8c59-4ff9-bc79-66a02690aa17", "St..."status": "Finishing"}]' [132 bytes]
2023-03-29 13:34:26,927 - DEBUG - < TEXT '[3, "c392e604-8c59-4ff9-bc79-66a02690aa17", {}]' [47 bytes]
2023-03-29 13:34:26,975 - DEBUG - > TEXT '[2, "362b92e0-72ed-4532-b660-b40e74bfd001", "St..."status": "Available"}]' [132 bytes]
2023-03-29 13:34:27,188 - DEBUG - < TEXT '[3, "362b92e0-72ed-4532-b660-b40e74bfd001", {}]' [47 bytes]
2023-03-29 13:34:27,211 - DEBUG - = connection is CLOSING
2023-03-29 13:34:27,211 - DEBUG - > CLOSE 1000 (OK) [2 bytes]
2023-03-29 13:34:27,224 - DEBUG - < CLOSE 1000 (OK) [2 bytes]
2023-03-29 13:34:27,228 - DEBUG - = connection is CLOSED
2023-03-29 13:34:34,626 - DEBUG - = connection is CONNECTING
2023-03-29 13:34:34,663 - DEBUG - > GET /ocpp16/ELA007C05/EVSCA050001 HTTP/1.1
2023-03-29 13:34:34,664 - DEBUG - > Host: ws.devevspcharger.uplus.co.kr
2023-03-29 13:34:34,664 - DEBUG - > Upgrade: websocket
2023-03-29 13:34:34,664 - DEBUG - > Connection: Upgrade
2023-03-29 13:34:34,664 - DEBUG - > Sec-WebSocket-Key: +9OhnVmyZUOujqBMDGdB3Q==
2023-03-29 13:34:34,664 - DEBUG - > Sec-WebSocket-Version: 13
2023-03-29 13:34:34,664 - DEBUG - > Sec-WebSocket-Extensions: permessage-deflate; client_max_window_bits
2023-03-29 13:34:34,664 - DEBUG - > Sec-WebSocket-Protocol: ocpp1.6
2023-03-29 13:34:34,664 - DEBUG - > Authorization: Basic RVZBUjpFVkFSTEdV
2023-03-29 13:34:34,664 - DEBUG - > User-Agent: Python/3.11 websockets/10.4
2023-03-29 13:34:34,964 - DEBUG - < HTTP/1.1 101 Switching Protocols
2023-03-29 13:34:34,965 - DEBUG - < Connection: upgrade
2023-03-29 13:34:34,966 - DEBUG - < Date: Wed, 29 Mar 2023 04:34:31 GMT
2023-03-29 13:34:34,966 - DEBUG - < sec-websocket-protocol: ocpp1.6
2023-03-29 13:34:34,966 - DEBUG - < upgrade: websocket
2023-03-29 13:34:34,966 - DEBUG - < sec-websocket-accept: StfukKmt9M4UEN7biw14kbfZaXw=
2023-03-29 13:34:34,966 - DEBUG - < sec-websocket-extensions: permessage-deflate
2023-03-29 13:34:34,966 - DEBUG - < X-Cache: Miss from cloudfront
2023-03-29 13:34:34,967 - DEBUG - < Via: 1.1 2f975e33dd861f5b7031b7d4fdfd7414.cloudfront.net (CloudFront)
2023-03-29 13:34:34,967 - DEBUG - < X-Amz-Cf-Pop: ICN51-C2
2023-03-29 13:34:34,968 - DEBUG - < X-Amz-Cf-Id: 7NHoDBnNupuGBB4iUwkVqVtBgD8ThWHRUhgsn30LqPy4qZLR9o1Xcw==
2023-03-29 13:34:34,968 - DEBUG - = connection is OPEN
2023-03-29 13:34:34,990 - DEBUG - > TEXT '[2, "f806bce0-da9d-4d5b-a992-1870b1e0b51d", "Bo...ePointVendor": "EVAR"}]' [127 bytes]
2023-03-29 13:34:35,228 - DEBUG - < TEXT '[3, "f806bce0-da9d-4d5b-a992-1870b1e0b51d", {"s...31Z", "interval": 600}]' [123 bytes]
2023-03-29 13:34:35,275 - DEBUG - Starting new HTTPS connection (1): 8b434254zg.execute-api.ap-northeast-2.amazonaws.com:443
2023-03-29 13:34:36,673 - DEBUG - https://8b434254zg.execute-api.ap-northeast-2.amazonaws.com:443 "POST /dev/ioc HTTP/1.1" 200 115
2023-03-29 13:34:36,725 - DEBUG - < TEXT '[2, "2c5a8840-876f-45a3-82a3-0d1da2cc3a81", "Reset", {"type": "Hard"}]' [70 bytes]
2023-03-29 13:34:36,732 - DEBUG - > TEXT '[3, "2c5a8840-876f-45a3-82a3-0d1da2cc3a81", {"status": "Accepted"}]' [67 bytes]
2023-03-29 13:34:36,931 - DEBUG - < TEXT '' [0 bytes]
2023-03-29 13:34:36,940 - DEBUG - = connection is CLOSING
2023-03-29 13:34:36,940 - DEBUG - > CLOSE 1000 (OK) [2 bytes]
2023-03-29 13:34:36,953 - DEBUG - < CLOSE 1000 (OK) [2 bytes]
2023-03-29 13:34:36,960 - DEBUG - = connection is CLOSED
2023-03-29 13:34:38,550 - DEBUG - = connection is CONNECTING
2023-03-29 13:34:38,587 - DEBUG - > GET /ocpp16/ELA007C05/EVSCA050001 HTTP/1.1
2023-03-29 13:34:38,588 - DEBUG - > Host: ws.devevspcharger.uplus.co.kr
2023-03-29 13:34:38,588 - DEBUG - > Upgrade: websocket
2023-03-29 13:34:38,589 - DEBUG - > Connection: Upgrade
2023-03-29 13:34:38,589 - DEBUG - > Sec-WebSocket-Key: CORIdhtBW/8vAZknuauIdA==
2023-03-29 13:34:38,589 - DEBUG - > Sec-WebSocket-Version: 13
2023-03-29 13:34:38,589 - DEBUG - > Sec-WebSocket-Extensions: permessage-deflate; client_max_window_bits
2023-03-29 13:34:38,589 - DEBUG - > Sec-WebSocket-Protocol: ocpp1.6
2023-03-29 13:34:38,589 - DEBUG - > Authorization: Basic RVZBUjpFVkFSTEdV
2023-03-29 13:34:38,589 - DEBUG - > User-Agent: Python/3.11 websockets/10.4
2023-03-29 13:34:38,822 - DEBUG - < HTTP/1.1 101 Switching Protocols
2023-03-29 13:34:38,823 - DEBUG - < Connection: upgrade
2023-03-29 13:34:38,823 - DEBUG - < Date: Wed, 29 Mar 2023 04:34:35 GMT
2023-03-29 13:34:38,824 - DEBUG - < sec-websocket-protocol: ocpp1.6
2023-03-29 13:34:38,824 - DEBUG - < upgrade: websocket
2023-03-29 13:34:38,824 - DEBUG - < sec-websocket-accept: zZ56S7JAZ2lgdATgCh95B89ktzY=
2023-03-29 13:34:38,824 - DEBUG - < sec-websocket-extensions: permessage-deflate
2023-03-29 13:34:38,824 - DEBUG - < X-Cache: Miss from cloudfront
2023-03-29 13:34:38,824 - DEBUG - < Via: 1.1 bde6f473543aef1bd662a2ec350bb2c6.cloudfront.net (CloudFront)
2023-03-29 13:34:38,824 - DEBUG - < X-Amz-Cf-Pop: ICN51-C2
2023-03-29 13:34:38,824 - DEBUG - < X-Amz-Cf-Id: a4Mx0AVdtdkJsPdCn0V54C7LtuMrcO026VlZontS1smmPrhpJ_ge4Q==
2023-03-29 13:34:38,824 - DEBUG - = connection is OPEN
2023-03-29 13:34:38,860 - DEBUG - > TEXT '[2, "5d244082-caf9-4de3-9c6f-786be227dfc5", "Bo...ePointVendor": "EVAR"}]' [127 bytes]
2023-03-29 13:34:39,109 - DEBUG - < TEXT '[3, "5d244082-caf9-4de3-9c6f-786be227dfc5", {"s...35Z", "interval": 600}]' [123 bytes]
2023-03-29 13:34:39,145 - DEBUG - Starting new HTTPS connection (1): 8b434254zg.execute-api.ap-northeast-2.amazonaws.com:443
2023-03-29 13:34:39,535 - DEBUG - https://8b434254zg.execute-api.ap-northeast-2.amazonaws.com:443 "POST /dev/ioc HTTP/1.1" 200 148
2023-03-29 13:34:39,594 - DEBUG - < TEXT '[2, "0b8218ee-8b85-4730-a895-c6e713f4ac39", "Ge...izeRemoteTxRequests"]}]' [103 bytes]
2023-03-29 13:34:39,598 - DEBUG - > TEXT '[3, "0b8218ee-8b85-4730-a895-c6e713f4ac39", {"c... "status": "Accepted"}]' [139 bytes]
2023-03-29 13:34:39,807 - DEBUG - < TEXT '' [0 bytes]
2023-03-29 13:34:39,846 - DEBUG - > TEXT '[2, "5b242e44-dce6-4c51-ad3d-ccd1e5585221", "St..."status": "Preparing"}]' [132 bytes]
2023-03-29 13:34:40,027 - DEBUG - < TEXT '[3, "5b242e44-dce6-4c51-ad3d-ccd1e5585221", {}]' [47 bytes]
2023-03-29 13:34:40,074 - DEBUG - Starting new HTTPS connection (1): 8b434254zg.execute-api.ap-northeast-2.amazonaws.com:443
2023-03-29 13:34:40,516 - DEBUG - https://8b434254zg.execute-api.ap-northeast-2.amazonaws.com:443 "POST /dev/ioc HTTP/1.1" 200 145
2023-03-29 13:34:40,566 - DEBUG - < TEXT '[2, "10880bee-6194-4179-9495-e8ec6dcc34c9", "Re...": "1031040000069641"}]' [100 bytes]
2023-03-29 13:34:40,566 - DEBUG - % sending keepalive ping
2023-03-29 13:34:40,567 - DEBUG - > PING ae 1c 25 55 [binary, 4 bytes]
2023-03-29 13:34:40,580 - DEBUG - > TEXT '[3, "10880bee-6194-4179-9495-e8ec6dcc34c9", {"status": "Accepted"}]' [67 bytes]
2023-03-29 13:34:40,598 - DEBUG - < PONG ae 1c 25 55 [binary, 4 bytes]
2023-03-29 13:34:40,602 - DEBUG - % received keepalive pong
2023-03-29 13:34:40,776 - DEBUG - < TEXT '' [0 bytes]
2023-03-29 13:34:40,814 - DEBUG - > TEXT '[2, "bc25b73d-a633-491c-93a2-401d09388645", "Au...": "1031040000069641"}]' [87 bytes]
2023-03-29 13:34:41,047 - DEBUG - < TEXT '[3, "bc25b73d-a633-491c-93a2-401d09388645", {"i..."status": "Accepted"}}]' [82 bytes]
2023-03-29 13:34:41,091 - DEBUG - > TEXT '[2, "fd7c3732-50e2-4fd9-bbc3-35e1b904ecb7", "St...2023-03-29T13:26:29Z"}]' [170 bytes]
2023-03-29 13:34:41,406 - DEBUG - < TEXT '[3, "fd7c3732-50e2-4fd9-bbc3-35e1b904ecb7", {"t..."status": "Accepted"}}]' [110 bytes]
2023-03-29 13:34:41,447 - DEBUG - > TEXT '[2, "5094d448-d34e-4c79-83b3-738cd50918ea", "St... "status": "Charging"}]' [131 bytes]
2023-03-29 13:34:41,627 - DEBUG - < TEXT '[3, "5094d448-d34e-4c79-83b3-738cd50918ea", {}]' [47 bytes]
2023-03-29 13:34:41,673 - DEBUG - > TEXT '[2, "cd3d402d-55b8-4a1d-ac3b-614801bf0a72", "St...sactionId": 120533582}]' [149 bytes]
2023-03-29 13:34:41,986 - DEBUG - < TEXT '[3, "cd3d402d-55b8-4a1d-ac3b-614801bf0a72", {"i..."status": "Accepted"}}]' [82 bytes]
2023-03-29 13:34:42,032 - DEBUG - > TEXT '[2, "f5938871-198f-4031-a0a9-cb302e5cf90f", "St..."status": "Finishing"}]' [132 bytes]
2023-03-29 13:34:42,227 - DEBUG - < TEXT '[3, "f5938871-198f-4031-a0a9-cb302e5cf90f", {}]' [47 bytes]
2023-03-29 13:34:42,282 - DEBUG - > TEXT '[2, "cb8491ed-18aa-4952-8912-1bafd40a878a", "St..."status": "Available"}]' [132 bytes]
2023-03-29 13:34:42,466 - DEBUG - < TEXT '[3, "cb8491ed-18aa-4952-8912-1bafd40a878a", {}]' [47 bytes]
2023-03-29 13:34:42,495 - DEBUG - = connection is CLOSING
2023-03-29 13:34:42,496 - DEBUG - > CLOSE 1000 (OK) [2 bytes]
2023-03-29 13:34:42,507 - DEBUG - < CLOSE 1000 (OK) [2 bytes]
2023-03-29 13:34:42,512 - DEBUG - = connection is CLOSED
2023-03-29 13:34:45,622 - DEBUG - = connection is CONNECTING
2023-03-29 13:34:45,660 - DEBUG - > GET /ocpp16/ELA007C05/EVSCA050001 HTTP/1.1
2023-03-29 13:34:45,660 - DEBUG - > Host: ws.devevspcharger.uplus.co.kr
2023-03-29 13:34:45,661 - DEBUG - > Upgrade: websocket
2023-03-29 13:34:45,661 - DEBUG - > Connection: Upgrade
2023-03-29 13:34:45,661 - DEBUG - > Sec-WebSocket-Key: iMmuB6Z0Wy+WYprnuLLFFw==
2023-03-29 13:34:45,661 - DEBUG - > Sec-WebSocket-Version: 13
2023-03-29 13:34:45,661 - DEBUG - > Sec-WebSocket-Extensions: permessage-deflate; client_max_window_bits
2023-03-29 13:34:45,661 - DEBUG - > Sec-WebSocket-Protocol: ocpp1.6
2023-03-29 13:34:45,661 - DEBUG - > Authorization: Basic RVZBUjpFVkFSTEdV
2023-03-29 13:34:45,661 - DEBUG - > User-Agent: Python/3.11 websockets/10.4
2023-03-29 13:34:45,908 - DEBUG - < HTTP/1.1 101 Switching Protocols
2023-03-29 13:34:45,908 - DEBUG - < Connection: upgrade
2023-03-29 13:34:45,908 - DEBUG - < Date: Wed, 29 Mar 2023 04:34:42 GMT
2023-03-29 13:34:45,909 - DEBUG - < sec-websocket-protocol: ocpp1.6
2023-03-29 13:34:45,909 - DEBUG - < upgrade: websocket
2023-03-29 13:34:45,909 - DEBUG - < sec-websocket-accept: JBxLI/pvd9UWmsIGRq5fhhJwZJU=
2023-03-29 13:34:45,909 - DEBUG - < sec-websocket-extensions: permessage-deflate
2023-03-29 13:34:45,909 - DEBUG - < X-Cache: Miss from cloudfront
2023-03-29 13:34:45,909 - DEBUG - < Via: 1.1 5062540db61fe5bfa0e8709e57809128.cloudfront.net (CloudFront)
2023-03-29 13:34:45,909 - DEBUG - < X-Amz-Cf-Pop: ICN51-C2
2023-03-29 13:34:45,909 - DEBUG - < X-Amz-Cf-Id: vx1BJwleoRLLL_i2rhnO7bzFCGImNbPY5JUS1xP4Z6UXPvfEGXrjDQ==
2023-03-29 13:34:45,910 - DEBUG - = connection is OPEN
2023-03-29 13:34:45,941 - DEBUG - > TEXT '[2, "1f4b9390-b552-4dc2-b337-b5ca7f8e3722", "Bo...ePointVendor": "EVAR"}]' [127 bytes]
2023-03-29 13:34:46,169 - DEBUG - < TEXT '[3, "1f4b9390-b552-4dc2-b337-b5ca7f8e3722", {"s...42Z", "interval": 600}]' [123 bytes]
2023-03-29 13:34:46,215 - DEBUG - Starting new HTTPS connection (1): 8b434254zg.execute-api.ap-northeast-2.amazonaws.com:443
2023-03-29 13:34:46,597 - DEBUG - https://8b434254zg.execute-api.ap-northeast-2.amazonaws.com:443 "POST /dev/ioc HTTP/1.1" 200 145
2023-03-29 13:34:46,645 - DEBUG - < TEXT '[2, "26efa391-3dcf-4bb0-940e-2704e7540fe0", "Re...": "1031040000069641"}]' [100 bytes]
2023-03-29 13:34:46,651 - DEBUG - > TEXT '[3, "26efa391-3dcf-4bb0-940e-2704e7540fe0", {"status": "Accepted"}]' [67 bytes]
2023-03-29 13:34:46,853 - DEBUG - < TEXT '' [0 bytes]
2023-03-29 13:34:46,899 - DEBUG - > TEXT '[2, "b5ab0ccb-898e-4cd3-9c8c-4c995d9e63af", "Au...": "1031040000069641"}]' [87 bytes]
2023-03-29 13:34:47,147 - DEBUG - < TEXT '[3, "b5ab0ccb-898e-4cd3-9c8c-4c995d9e63af", {"i..."status": "Accepted"}}]' [82 bytes]
2023-03-29 13:34:47,190 - DEBUG - > TEXT '[2, "81bd8c63-4194-4cc4-aa25-dc0037ec0209", "St..."status": "Preparing"}]' [132 bytes]
2023-03-29 13:34:47,368 - DEBUG - < TEXT '[3, "81bd8c63-4194-4cc4-aa25-dc0037ec0209", {}]' [47 bytes]
2023-03-29 13:34:47,408 - DEBUG - > TEXT '[2, "0a0cf80c-d829-48ba-843d-e824c0b58e1d", "St...2023-03-29T13:26:29Z"}]' [170 bytes]
2023-03-29 13:34:47,712 - DEBUG - < TEXT '[3, "0a0cf80c-d829-48ba-843d-e824c0b58e1d", {"t..."status": "Accepted"}}]' [110 bytes]
2023-03-29 13:34:47,767 - DEBUG - > TEXT '[2, "19da81cb-c0dc-4909-9f1a-6ab1a54af926", "St... "status": "Charging"}]' [131 bytes]
2023-03-29 13:34:47,968 - DEBUG - < TEXT '[3, "19da81cb-c0dc-4909-9f1a-6ab1a54af926", {}]' [47 bytes]
2023-03-29 13:34:48,018 - DEBUG - Starting new HTTPS connection (1): 8b434254zg.execute-api.ap-northeast-2.amazonaws.com:443
2023-03-29 13:34:48,416 - DEBUG - https://8b434254zg.execute-api.ap-northeast-2.amazonaws.com:443 "POST /dev/ioc HTTP/1.1" 200 143
2023-03-29 13:34:48,474 - DEBUG - < TEXT '[2, "e67611dd-629a-41cb-a6cb-fbdfd508e2f9", "Re...sactionId": 120533583}]' [98 bytes]
2023-03-29 13:34:48,480 - DEBUG - > TEXT '[3, "e67611dd-629a-41cb-a6cb-fbdfd508e2f9", {"status": "Accepted"}]' [67 bytes]
2023-03-29 13:34:48,669 - DEBUG - < TEXT '' [0 bytes]
2023-03-29 13:34:48,720 - DEBUG - > TEXT '[2, "c16856d6-3862-49fc-8806-01ecea7724bc", "St...sactionId": 120533583}]' [149 bytes]
2023-03-29 13:34:49,029 - DEBUG - < TEXT '[3, "c16856d6-3862-49fc-8806-01ecea7724bc", {"i..."status": "Accepted"}}]' [82 bytes]
2023-03-29 13:34:49,073 - DEBUG - > TEXT '[2, "e6355d0f-96c2-49b2-a9cb-fc6441b7f73d", "St..."status": "Finishing"}]' [132 bytes]
2023-03-29 13:34:49,272 - DEBUG - < TEXT '[3, "e6355d0f-96c2-49b2-a9cb-fc6441b7f73d", {}]' [47 bytes]
2023-03-29 13:34:49,315 - DEBUG - > TEXT '[2, "71ece0b8-eca9-4d21-98fb-6c9c186fdd2a", "St..."status": "Available"}]' [132 bytes]
2023-03-29 13:34:49,509 - DEBUG - < TEXT '[3, "71ece0b8-eca9-4d21-98fb-6c9c186fdd2a", {}]' [47 bytes]
2023-03-29 13:34:49,538 - DEBUG - = connection is CLOSING
2023-03-29 13:34:49,539 - DEBUG - > CLOSE 1000 (OK) [2 bytes]
2023-03-29 13:34:49,552 - DEBUG - < CLOSE 1000 (OK) [2 bytes]
2023-03-29 13:34:49,559 - DEBUG - = connection is CLOSED
2023-03-29 13:34:51,560 - DEBUG - = connection is CONNECTING
2023-03-29 13:34:51,599 - DEBUG - > GET /ocpp16/ELA007C05/EVSCA050001 HTTP/1.1
2023-03-29 13:34:51,599 - DEBUG - > Host: ws.devevspcharger.uplus.co.kr
2023-03-29 13:34:51,599 - DEBUG - > Upgrade: websocket
2023-03-29 13:34:51,599 - DEBUG - > Connection: Upgrade
2023-03-29 13:34:51,599 - DEBUG - > Sec-WebSocket-Key: uyeecpg3jxHt9nGSsp/99Q==
2023-03-29 13:34:51,600 - DEBUG - > Sec-WebSocket-Version: 13
2023-03-29 13:34:51,600 - DEBUG - > Sec-WebSocket-Extensions: permessage-deflate; client_max_window_bits
2023-03-29 13:34:51,600 - DEBUG - > Sec-WebSocket-Protocol: ocpp1.6
2023-03-29 13:34:51,600 - DEBUG - > Authorization: Basic RVZBUjpFVkFSTEdV
2023-03-29 13:34:51,600 - DEBUG - > User-Agent: Python/3.11 websockets/10.4
2023-03-29 13:34:51,822 - DEBUG - < HTTP/1.1 101 Switching Protocols
2023-03-29 13:34:51,822 - DEBUG - < Connection: upgrade
2023-03-29 13:34:51,822 - DEBUG - < Date: Wed, 29 Mar 2023 04:34:48 GMT
2023-03-29 13:34:51,822 - DEBUG - < sec-websocket-protocol: ocpp1.6
2023-03-29 13:34:51,822 - DEBUG - < upgrade: websocket
2023-03-29 13:34:51,822 - DEBUG - < sec-websocket-accept: sizaeea5aqX8NUXiVUCQlWp+5Og=
2023-03-29 13:34:51,822 - DEBUG - < sec-websocket-extensions: permessage-deflate
2023-03-29 13:34:51,823 - DEBUG - < X-Cache: Miss from cloudfront
2023-03-29 13:34:51,823 - DEBUG - < Via: 1.1 245760171dd7312d4c9ed2142f4a364c.cloudfront.net (CloudFront)
2023-03-29 13:34:51,823 - DEBUG - < X-Amz-Cf-Pop: ICN51-C2
2023-03-29 13:34:51,823 - DEBUG - < X-Amz-Cf-Id: YbrZWzoLIp8Jij5nuANsXlqWq5aHt_LHNDwKFyc0rh9gYaZQJC5uTg==
2023-03-29 13:34:51,824 - DEBUG - = connection is OPEN
2023-03-29 13:34:51,851 - DEBUG - > TEXT '[2, "161f3171-774f-43fd-bb6e-242299be2dbf", "Bo...ePointVendor": "EVAR"}]' [127 bytes]
2023-03-29 13:34:52,069 - DEBUG - < TEXT '[3, "161f3171-774f-43fd-bb6e-242299be2dbf", {"s...48Z", "interval": 600}]' [123 bytes]
2023-03-29 13:34:52,116 - DEBUG - Starting new HTTPS connection (1): 8b434254zg.execute-api.ap-northeast-2.amazonaws.com:443
2023-03-29 13:34:52,516 - DEBUG - https://8b434254zg.execute-api.ap-northeast-2.amazonaws.com:443 "POST /dev/ioc HTTP/1.1" 200 145
2023-03-29 13:34:52,562 - DEBUG - < TEXT '[2, "c510477c-76e6-42ba-b76d-c3960a2a6565", "Re...": "1031040000069641"}]' [100 bytes]
2023-03-29 13:34:52,567 - DEBUG - > TEXT '[3, "c510477c-76e6-42ba-b76d-c3960a2a6565", {"status": "Accepted"}]' [67 bytes]
2023-03-29 13:34:52,767 - DEBUG - < TEXT '' [0 bytes]
2023-03-29 13:34:52,800 - DEBUG - > TEXT '[2, "d1e4df95-31fc-4576-8ddf-b1cbbab159fb", "Au...": "1031040000069641"}]' [87 bytes]
2023-03-29 13:34:53,051 - DEBUG - < TEXT '[3, "d1e4df95-31fc-4576-8ddf-b1cbbab159fb", {"i..."status": "Accepted"}}]' [82 bytes]
2023-03-29 13:34:53,082 - DEBUG - > TEXT '[2, "1d429f97-bdee-4702-81a3-450e0b1aee05", "St..."status": "Preparing"}]' [132 bytes]
2023-03-29 13:34:53,288 - DEBUG - < TEXT '[3, "1d429f97-bdee-4702-81a3-450e0b1aee05", {}]' [47 bytes]
2023-03-29 13:34:53,327 - DEBUG - > TEXT '[2, "8e11120b-ff5e-4c44-a582-83ce324337ab", "St..."status": "Available"}]' [132 bytes]
2023-03-29 13:34:53,531 - DEBUG - < TEXT '[3, "8e11120b-ff5e-4c44-a582-83ce324337ab", {}]' [47 bytes]
2023-03-29 13:34:53,551 - DEBUG - = connection is CLOSING
2023-03-29 13:34:53,551 - DEBUG - > CLOSE 1000 (OK) [2 bytes]
2023-03-29 13:34:53,562 - DEBUG - < CLOSE 1000 (OK) [2 bytes]
2023-03-29 13:34:53,566 - DEBUG - = connection is CLOSED
2023-03-29 13:34:57,320 - DEBUG - = connection is CONNECTING
2023-03-29 13:34:57,356 - DEBUG - > GET /ocpp16/ELA007C05/EVSCA050001 HTTP/1.1
2023-03-29 13:34:57,357 - DEBUG - > Host: ws.devevspcharger.uplus.co.kr
2023-03-29 13:34:57,357 - DEBUG - > Upgrade: websocket
2023-03-29 13:34:57,357 - DEBUG - > Connection: Upgrade
2023-03-29 13:34:57,358 - DEBUG - > Sec-WebSocket-Key: lCYUtEVYY6UMUFEA3ayL1g==
2023-03-29 13:34:57,358 - DEBUG - > Sec-WebSocket-Version: 13
2023-03-29 13:34:57,358 - DEBUG - > Sec-WebSocket-Extensions: permessage-deflate; client_max_window_bits
2023-03-29 13:34:57,358 - DEBUG - > Sec-WebSocket-Protocol: ocpp1.6
2023-03-29 13:34:57,358 - DEBUG - > Authorization: Basic RVZBUjpFVkFSTEdV
2023-03-29 13:34:57,358 - DEBUG - > User-Agent: Python/3.11 websockets/10.4
2023-03-29 13:34:57,584 - DEBUG - < HTTP/1.1 101 Switching Protocols
2023-03-29 13:34:57,584 - DEBUG - < Connection: upgrade
2023-03-29 13:34:57,585 - DEBUG - < Date: Wed, 29 Mar 2023 04:34:53 GMT
2023-03-29 13:34:57,585 - DEBUG - < sec-websocket-protocol: ocpp1.6
2023-03-29 13:34:57,585 - DEBUG - < upgrade: websocket
2023-03-29 13:34:57,585 - DEBUG - < sec-websocket-accept: x1qR3AUdZMDLLs1g26vfsHJXIfw=
2023-03-29 13:34:57,585 - DEBUG - < sec-websocket-extensions: permessage-deflate
2023-03-29 13:34:57,585 - DEBUG - < X-Cache: Miss from cloudfront
2023-03-29 13:34:57,585 - DEBUG - < Via: 1.1 70fa2d688a6a04566eba85681d44174a.cloudfront.net (CloudFront)
2023-03-29 13:34:57,585 - DEBUG - < X-Amz-Cf-Pop: ICN51-C2
2023-03-29 13:34:57,585 - DEBUG - < X-Amz-Cf-Id: qr_qhU3pqruLM9k3x_h-sv8huN5lZshb3fxkVsATmwi4nqtfFWCxEQ==
2023-03-29 13:34:57,586 - DEBUG - = connection is OPEN
2023-03-29 13:34:57,618 - DEBUG - > TEXT '[2, "20fdd9bc-3b70-42f1-aaf8-931293f552b2", "Bo...ePointVendor": "EVAR"}]' [127 bytes]
2023-03-29 13:34:57,850 - DEBUG - < TEXT '[3, "20fdd9bc-3b70-42f1-aaf8-931293f552b2", {"s...53Z", "interval": 600}]' [123 bytes]
2023-03-29 13:34:57,888 - DEBUG - Starting new HTTPS connection (1): 8b434254zg.execute-api.ap-northeast-2.amazonaws.com:443
2023-03-29 13:34:58,276 - DEBUG - https://8b434254zg.execute-api.ap-northeast-2.amazonaws.com:443 "POST /dev/ioc HTTP/1.1" 200 148
2023-03-29 13:34:58,338 - DEBUG - < TEXT '[2, "17b44507-edd9-4e02-86a8-73df539f1563", "Ge...izeRemoteTxRequests"]}]' [103 bytes]
2023-03-29 13:34:58,348 - DEBUG - > TEXT '[3, "17b44507-edd9-4e02-86a8-73df539f1563", {"c... "status": "Accepted"}]' [139 bytes]
2023-03-29 13:34:58,548 - DEBUG - < TEXT '' [0 bytes]
2023-03-29 13:34:58,582 - DEBUG - > TEXT '[2, "a1f5f4f3-085e-482f-aa73-c273f257d10a", "St..."status": "Preparing"}]' [132 bytes]
2023-03-29 13:34:58,767 - DEBUG - < TEXT '[3, "a1f5f4f3-085e-482f-aa73-c273f257d10a", {}]' [47 bytes]
2023-03-29 13:34:58,817 - DEBUG - Starting new HTTPS connection (1): 8b434254zg.execute-api.ap-northeast-2.amazonaws.com:443
2023-03-29 13:34:59,253 - DEBUG - https://8b434254zg.execute-api.ap-northeast-2.amazonaws.com:443 "POST /dev/ioc HTTP/1.1" 200 145
2023-03-29 13:34:59,300 - DEBUG - < TEXT '[2, "257db60a-6a33-46c7-8806-156a135ebcbe", "Re...": "1031040000069641"}]' [100 bytes]
2023-03-29 13:34:59,306 - DEBUG - > TEXT '[3, "257db60a-6a33-46c7-8806-156a135ebcbe", {"status": "Accepted"}]' [67 bytes]
2023-03-29 13:34:59,488 - DEBUG - < TEXT '' [0 bytes]
2023-03-29 13:34:59,525 - DEBUG - > TEXT '[2, "7d36f635-c7af-4a68-a263-4a5c958c806f", "Au...": "1031040000069641"}]' [87 bytes]
2023-03-29 13:34:59,767 - DEBUG - < TEXT '[3, "7d36f635-c7af-4a68-a263-4a5c958c806f", {"i..."status": "Accepted"}}]' [82 bytes]
2023-03-29 13:34:59,803 - DEBUG - > TEXT '[2, "4ba201d8-08ed-4414-9bbb-4f9a2e174b28", "St...2023-03-29T13:26:29Z"}]' [170 bytes]
2023-03-29 13:35:00,088 - DEBUG - < TEXT '[3, "4ba201d8-08ed-4414-9bbb-4f9a2e174b28", {"t..."status": "Accepted"}}]' [110 bytes]
2023-03-29 13:35:00,131 - DEBUG - > TEXT '[2, "6729fc90-6ffd-43e4-8792-905a1a553740", "St... "status": "Charging"}]' [131 bytes]
2023-03-29 13:35:00,308 - DEBUG - < TEXT '[3, "6729fc90-6ffd-43e4-8792-905a1a553740", {}]' [47 bytes]
2023-03-29 13:35:00,359 - DEBUG - Starting new HTTPS connection (1): 8b434254zg.execute-api.ap-northeast-2.amazonaws.com:443
2023-03-29 13:35:00,775 - DEBUG - https://8b434254zg.execute-api.ap-northeast-2.amazonaws.com:443 "POST /dev/ioc HTTP/1.1" 200 143
2023-03-29 13:35:00,816 - DEBUG - < TEXT '[2, "d9168749-de10-4a1f-ad65-39c9b6bf1a6f", "Re...sactionId": 120533585}]' [98 bytes]
2023-03-29 13:35:00,817 - DEBUG - % sending keepalive ping
2023-03-29 13:35:00,817 - DEBUG - > PING dc 2e af d3 [binary, 4 bytes]
2023-03-29 13:35:00,825 - DEBUG - > TEXT '[3, "d9168749-de10-4a1f-ad65-39c9b6bf1a6f", {"status": "Accepted"}]' [67 bytes]
2023-03-29 13:35:00,845 - DEBUG - < PONG dc 2e af d3 [binary, 4 bytes]
2023-03-29 13:35:00,848 - DEBUG - % received keepalive pong
2023-03-29 13:35:01,008 - DEBUG - < TEXT '' [0 bytes]
2023-03-29 13:35:01,049 - DEBUG - > TEXT '[2, "dd25b9c2-c756-4c8b-89f3-f0d93a6b752a", "St...sactionId": 120533585}]' [149 bytes]
2023-03-29 13:35:01,308 - DEBUG - < TEXT '[3, "dd25b9c2-c756-4c8b-89f3-f0d93a6b752a", {"i..."status": "Accepted"}}]' [82 bytes]
2023-03-29 13:35:01,351 - DEBUG - > TEXT '[2, "a4780a84-cba5-45af-8ac0-4e36240ca51c", "St..."status": "Finishing"}]' [132 bytes]
2023-03-29 13:35:01,548 - DEBUG - < TEXT '[3, "a4780a84-cba5-45af-8ac0-4e36240ca51c", {}]' [47 bytes]
2023-03-29 13:35:01,585 - DEBUG - > TEXT '[2, "bd05b1a6-038a-4909-97ee-04410718d742", "St..."status": "Available"}]' [132 bytes]
2023-03-29 13:35:01,789 - DEBUG - < TEXT '[3, "bd05b1a6-038a-4909-97ee-04410718d742", {}]' [47 bytes]
2023-03-29 13:35:01,819 - DEBUG - = connection is CLOSING
2023-03-29 13:35:01,819 - DEBUG - > CLOSE 1000 (OK) [2 bytes]
2023-03-29 13:35:01,836 - DEBUG - < CLOSE 1000 (OK) [2 bytes]
2023-03-29 13:35:01,841 - DEBUG - = connection is CLOSED
2023-03-29 13:35:20,840 - DEBUG - % sending keepalive ping
2023-03-29 13:35:20,841 - DEBUG - > PING bb 81 9e 37 [binary, 4 bytes]
2023-03-29 13:35:20,849 - DEBUG - < PONG bb 81 9e 37 [binary, 4 bytes]
2023-03-29 13:35:20,851 - DEBUG - % received keepalive pong
2023-03-29 13:35:40,838 - DEBUG - % sending keepalive ping
2023-03-29 13:35:40,839 - DEBUG - > PING 12 f4 54 68 [binary, 4 bytes]
2023-03-29 13:35:40,847 - DEBUG - < PONG 12 f4 54 68 [binary, 4 bytes]
2023-03-29 13:35:40,850 - DEBUG - % received keepalive pong
2023-03-29 13:36:00,840 - DEBUG - % sending keepalive ping
2023-03-29 13:36:00,840 - DEBUG - > PING 9b b8 1e 19 [binary, 4 bytes]
2023-03-29 13:36:00,849 - DEBUG - < PONG 9b b8 1e 19 [binary, 4 bytes]
2023-03-29 13:36:00,853 - DEBUG - % received keepalive pong
2023-03-29 13:36:20,839 - DEBUG - % sending keepalive ping
2023-03-29 13:36:20,839 - DEBUG - > PING 6e b6 ff bc [binary, 4 bytes]
2023-03-29 13:36:20,847 - DEBUG - < PONG 6e b6 ff bc [binary, 4 bytes]
2023-03-29 13:36:20,850 - DEBUG - % received keepalive pong
2023-03-29 13:36:40,853 - DEBUG - % sending keepalive ping
2023-03-29 13:36:40,853 - DEBUG - > PING 31 ec 4c 18 [binary, 4 bytes]
2023-03-29 13:36:40,863 - DEBUG - < PONG 31 ec 4c 18 [binary, 4 bytes]
2023-03-29 13:36:40,874 - DEBUG - % received keepalive pong
2023-03-29 13:37:00,876 - DEBUG - % sending keepalive ping
2023-03-29 13:37:00,877 - DEBUG - > PING 78 e1 80 16 [binary, 4 bytes]
2023-03-29 13:37:00,886 - DEBUG - < PONG 78 e1 80 16 [binary, 4 bytes]
2023-03-29 13:37:00,893 - DEBUG - % received keepalive pong
2023-03-29 13:37:20,888 - DEBUG - % sending keepalive ping
2023-03-29 13:37:20,889 - DEBUG - > PING 08 fc 0a ee [binary, 4 bytes]
2023-03-29 13:37:20,897 - DEBUG - < PONG 08 fc 0a ee [binary, 4 bytes]
2023-03-29 13:37:20,901 - DEBUG - % received keepalive pong
2023-03-29 13:37:27,571 - DEBUG - = connection is CONNECTING
2023-03-29 13:37:27,605 - DEBUG - > GET /ocpp16/ELA007C05/EVSCA050001 HTTP/1.1
2023-03-29 13:37:27,605 - DEBUG - > Host: ws.devevspcharger.uplus.co.kr
2023-03-29 13:37:27,605 - DEBUG - > Upgrade: websocket
2023-03-29 13:37:27,605 - DEBUG - > Connection: Upgrade
2023-03-29 13:37:27,605 - DEBUG - > Sec-WebSocket-Key: XcPa/siftvIQ5Ftbh7IivQ==
2023-03-29 13:37:27,605 - DEBUG - > Sec-WebSocket-Version: 13
2023-03-29 13:37:27,605 - DEBUG - > Sec-WebSocket-Extensions: permessage-deflate; client_max_window_bits
2023-03-29 13:37:27,605 - DEBUG - > Sec-WebSocket-Protocol: ocpp1.6
2023-03-29 13:37:27,605 - DEBUG - > Authorization: Basic RVZBUjpFVkFSTEdV
2023-03-29 13:37:27,606 - DEBUG - > User-Agent: Python/3.11 websockets/10.4
2023-03-29 13:37:27,889 - DEBUG - < HTTP/1.1 101 Switching Protocols
2023-03-29 13:37:27,889 - DEBUG - < Connection: upgrade
2023-03-29 13:37:27,890 - DEBUG - < Date: Wed, 29 Mar 2023 04:37:24 GMT
2023-03-29 13:37:27,890 - DEBUG - < sec-websocket-protocol: ocpp1.6
2023-03-29 13:37:27,890 - DEBUG - < upgrade: websocket
2023-03-29 13:37:27,891 - DEBUG - < sec-websocket-accept: E+VfBHYh7l3kZZK9zmlSnVEyZAY=
2023-03-29 13:37:27,891 - DEBUG - < sec-websocket-extensions: permessage-deflate
2023-03-29 13:37:27,891 - DEBUG - < X-Cache: Miss from cloudfront
2023-03-29 13:37:27,891 - DEBUG - < Via: 1.1 47d972c0543b96b8ef5a6c3258e80bf0.cloudfront.net (CloudFront)
2023-03-29 13:37:27,891 - DEBUG - < X-Amz-Cf-Pop: ICN57-P2
2023-03-29 13:37:27,892 - DEBUG - < X-Amz-Cf-Id: 6gg0Myh1yIFXPJxyn3YAuH7_kkg2cTcdx8dF7RUVWU65z2hd_fO1hQ==
2023-03-29 13:37:27,892 - DEBUG - = connection is OPEN
2023-03-29 13:37:27,923 - DEBUG - > TEXT '[2, "125f3777-cdc6-4aec-a305-45bfa6f98296", "Bo...ePointVendor": "EVAR"}]' [127 bytes]
2023-03-29 13:37:28,144 - DEBUG - < TEXT '[3, "125f3777-cdc6-4aec-a305-45bfa6f98296", {"s...24Z", "interval": 600}]' [123 bytes]
2023-03-29 13:37:28,192 - DEBUG - > TEXT '[2, "8dfd5743-f984-422e-bd58-fc0eaf64779b", "St..."status": "Available"}]' [132 bytes]
2023-03-29 13:37:28,404 - DEBUG - < TEXT '[3, "8dfd5743-f984-422e-bd58-fc0eaf64779b", {}]' [47 bytes]
2023-03-29 13:37:28,447 - DEBUG - > TEXT '[2, "486a0d32-7df7-4479-b79b-ad958cf8e50f", "Au...": "1031040000069641"}]' [87 bytes]
2023-03-29 13:37:28,665 - DEBUG - < TEXT '[3, "486a0d32-7df7-4479-b79b-ad958cf8e50f", {"i..."status": "Accepted"}}]' [82 bytes]
2023-03-29 13:37:28,703 - DEBUG - > TEXT '[2, "1798d4b3-e345-4437-8088-86d0cf4d1fe9", "St...2023-03-29T13:26:29Z"}]' [170 bytes]
2023-03-29 13:37:29,003 - DEBUG - < TEXT '[3, "1798d4b3-e345-4437-8088-86d0cf4d1fe9", {"t..."status": "Accepted"}}]' [110 bytes]
2023-03-29 13:37:29,059 - DEBUG - > TEXT '[2, "3962a717-96ea-40ef-88e2-2818c3642a9c", "St... "status": "Charging"}]' [131 bytes]
2023-03-29 13:37:29,236 - DEBUG - < TEXT '[3, "3962a717-96ea-40ef-88e2-2818c3642a9c", {}]' [47 bytes]
2023-03-29 13:37:29,290 - DEBUG - > TEXT '[2, "008bd3ae-5946-48ba-bb16-afa6b7234b70", "Me...er", "unit": "Wh"}]}]}]' [259 bytes]
2023-03-29 13:37:29,504 - DEBUG - < TEXT '[3, "008bd3ae-5946-48ba-bb16-afa6b7234b70", {}]' [47 bytes]
2023-03-29 13:37:29,563 - DEBUG - > TEXT '[2, "f1bd109c-47b6-416a-bc72-d10ab255be75", "St...sactionId": 120533577}]' [149 bytes]
2023-03-29 13:37:29,831 - DEBUG - < TEXT '[3, "f1bd109c-47b6-416a-bc72-d10ab255be75", {"i..."status": "Accepted"}}]' [82 bytes]
2023-03-29 13:37:29,905 - DEBUG - > TEXT '[2, "51f438b5-f9a9-46f5-b4d4-41161a97e172", "St..."status": "Finishing"}]' [132 bytes]
2023-03-29 13:37:30,107 - DEBUG - < TEXT '[3, "51f438b5-f9a9-46f5-b4d4-41161a97e172", {}]' [47 bytes]
2023-03-29 13:37:30,171 - DEBUG - > TEXT '[2, "8adeec04-5b1c-43cb-a518-94892eabfb66", "St..."status": "Available"}]' [132 bytes]
2023-03-29 13:37:30,345 - DEBUG - < TEXT '[3, "8adeec04-5b1c-43cb-a518-94892eabfb66", {}]' [47 bytes]
2023-03-29 13:37:30,377 - DEBUG - = connection is CLOSING
2023-03-29 13:37:30,377 - DEBUG - > CLOSE 1000 (OK) [2 bytes]
2023-03-29 13:37:30,384 - DEBUG - < CLOSE 1000 (OK) [2 bytes]
2023-03-29 13:37:30,398 - DEBUG - = connection is CLOSED
2023-03-29 13:37:40,890 - DEBUG - % sending keepalive ping
2023-03-29 13:37:40,890 - DEBUG - > PING 0f 28 ed 9a [binary, 4 bytes]
2023-03-29 13:37:40,900 - DEBUG - < PONG 0f 28 ed 9a [binary, 4 bytes]
2023-03-29 13:37:40,905 - DEBUG - % received keepalive pong
2023-03-29 13:38:00,888 - DEBUG - % sending keepalive ping
2023-03-29 13:38:00,889 - DEBUG - > PING d0 f7 88 1f [binary, 4 bytes]
2023-03-29 13:38:00,903 - DEBUG - < PONG d0 f7 88 1f [binary, 4 bytes]
2023-03-29 13:38:00,908 - DEBUG - % received keepalive pong
2023-03-29 13:38:20,891 - DEBUG - % sending keepalive ping
2023-03-29 13:38:20,891 - DEBUG - > PING 09 ec 18 cd [binary, 4 bytes]
2023-03-29 13:38:20,902 - DEBUG - < PONG 09 ec 18 cd [binary, 4 bytes]
2023-03-29 13:38:20,909 - DEBUG - % received keepalive pong
2023-03-29 13:38:39,643 - DEBUG - = connection is CONNECTING
2023-03-29 13:38:39,671 - DEBUG - > GET /ocpp16/ELA007C05/EVSCA050001 HTTP/1.1
2023-03-29 13:38:39,671 - DEBUG - > Host: ws.devevspcharger.uplus.co.kr
2023-03-29 13:38:39,671 - DEBUG - > Upgrade: websocket
2023-03-29 13:38:39,677 - DEBUG - > Connection: Upgrade
2023-03-29 13:38:39,677 - DEBUG - > Sec-WebSocket-Key: j1p9mChUdAroJ/7tMnl0Ew==
2023-03-29 13:38:39,678 - DEBUG - > Sec-WebSocket-Version: 13
2023-03-29 13:38:39,678 - DEBUG - > Sec-WebSocket-Extensions: permessage-deflate; client_max_window_bits
2023-03-29 13:38:39,678 - DEBUG - > Sec-WebSocket-Protocol: ocpp1.6
2023-03-29 13:38:39,678 - DEBUG - > Authorization: Basic RVZBUjpFVkFSTEdV
2023-03-29 13:38:39,678 - DEBUG - > User-Agent: Python/3.11 websockets/10.4
2023-03-29 13:38:40,224 - DEBUG - < HTTP/1.1 101 Switching Protocols
2023-03-29 13:38:40,224 - DEBUG - < Connection: upgrade
2023-03-29 13:38:40,224 - DEBUG - < Date: Wed, 29 Mar 2023 04:38:36 GMT
2023-03-29 13:38:40,224 - DEBUG - < sec-websocket-protocol: ocpp1.6
2023-03-29 13:38:40,224 - DEBUG - < upgrade: websocket
2023-03-29 13:38:40,224 - DEBUG - < sec-websocket-accept: e2k7jX4RUUbWoaJ6aOfN2Mco2+M=
2023-03-29 13:38:40,224 - DEBUG - < sec-websocket-extensions: permessage-deflate
2023-03-29 13:38:40,224 - DEBUG - < X-Cache: Miss from cloudfront
2023-03-29 13:38:40,224 - DEBUG - < Via: 1.1 bab1895e0b0b8d2cc8c02eee5d24db78.cloudfront.net (CloudFront)
2023-03-29 13:38:40,224 - DEBUG - < X-Amz-Cf-Pop: ICN57-P2
2023-03-29 13:38:40,224 - DEBUG - < X-Amz-Cf-Id: 1uy34L13yilgS0oQgdQeqxkm46BjtdwPaBVKKO44cZ4uxog0M07jcg==
2023-03-29 13:38:40,224 - DEBUG - = connection is OPEN
2023-03-29 13:38:40,251 - DEBUG - > TEXT '[2, "1e5f3e3a-4983-4229-9795-03549e6b5b26", "Bo...ePointVendor": "EVAR"}]' [127 bytes]
2023-03-29 13:38:40,487 - DEBUG - < TEXT '[3, "1e5f3e3a-4983-4229-9795-03549e6b5b26", {"s...36Z", "interval": 600}]' [123 bytes]
2023-03-29 13:38:40,527 - DEBUG - > TEXT '[2, "6900e298-49ec-4664-bc6c-f899fd118a54", "St..."status": "Available"}]' [132 bytes]
2023-03-29 13:38:40,705 - DEBUG - < TEXT '[3, "6900e298-49ec-4664-bc6c-f899fd118a54", {}]' [47 bytes]
2023-03-29 13:38:40,743 - DEBUG - > TEXT '[2, "31d98716-39c1-454c-b8fc-04f0e74f46e2", "Au...": "1031040000069641"}]' [87 bytes]
2023-03-29 13:38:40,893 - DEBUG - % sending keepalive ping
2023-03-29 13:38:40,893 - DEBUG - > PING c5 e1 d1 da [binary, 4 bytes]
2023-03-29 13:38:40,907 - DEBUG - < PONG c5 e1 d1 da [binary, 4 bytes]
2023-03-29 13:38:40,913 - DEBUG - % received keepalive pong
2023-03-29 13:38:40,964 - DEBUG - < TEXT '[3, "31d98716-39c1-454c-b8fc-04f0e74f46e2", {"i..."status": "Accepted"}}]' [82 bytes]
2023-03-29 13:38:40,990 - DEBUG - = connection is CLOSING
2023-03-29 13:38:40,990 - DEBUG - > CLOSE 1000 (OK) [2 bytes]
2023-03-29 13:38:41,007 - DEBUG - < CLOSE 1000 (OK) [2 bytes]
2023-03-29 13:38:41,014 - DEBUG - = connection is CLOSED
2023-03-29 13:38:41,023 - DEBUG - = connection is CONNECTING
2023-03-29 13:38:41,061 - DEBUG - > GET /ocpp16/ELA007C05/EVSCA050001 HTTP/1.1
2023-03-29 13:38:41,061 - DEBUG - > Host: ws.devevspcharger.uplus.co.kr
2023-03-29 13:38:41,062 - DEBUG - > Upgrade: websocket
2023-03-29 13:38:41,062 - DEBUG - > Connection: Upgrade
2023-03-29 13:38:41,062 - DEBUG - > Sec-WebSocket-Key: qpxJD41WkkrzFh6Ub1DWSQ==
2023-03-29 13:38:41,063 - DEBUG - > Sec-WebSocket-Version: 13
2023-03-29 13:38:41,063 - DEBUG - > Sec-WebSocket-Extensions: permessage-deflate; client_max_window_bits
2023-03-29 13:38:41,063 - DEBUG - > Sec-WebSocket-Protocol: ocpp1.6
2023-03-29 13:38:41,064 - DEBUG - > Authorization: Basic RVZBUjpFVkFSTEdV
2023-03-29 13:38:41,064 - DEBUG - > User-Agent: Python/3.11 websockets/10.4
2023-03-29 13:38:41,363 - DEBUG - < HTTP/1.1 101 Switching Protocols
2023-03-29 13:38:41,363 - DEBUG - < Connection: upgrade
2023-03-29 13:38:41,363 - DEBUG - < Date: Wed, 29 Mar 2023 04:38:37 GMT
2023-03-29 13:38:41,363 - DEBUG - < sec-websocket-protocol: ocpp1.6
2023-03-29 13:38:41,364 - DEBUG - < upgrade: websocket
2023-03-29 13:38:41,364 - DEBUG - < sec-websocket-accept: /EXHTmC+870FcfLjwZABPaHBfeM=
2023-03-29 13:38:41,364 - DEBUG - < sec-websocket-extensions: permessage-deflate
2023-03-29 13:38:41,364 - DEBUG - < X-Cache: Miss from cloudfront
2023-03-29 13:38:41,364 - DEBUG - < Via: 1.1 967cab954a1c41e7f76f472d706ab3a0.cloudfront.net (CloudFront)
2023-03-29 13:38:41,364 - DEBUG - < X-Amz-Cf-Pop: ICN57-P2
2023-03-29 13:38:41,364 - DEBUG - < X-Amz-Cf-Id: z8aBkF79VWcfHK0_jHo5nDxdaCUXPqqnjGwxy7s5aBpd_aofHL8MHg==
2023-03-29 13:38:41,364 - DEBUG - = connection is OPEN
2023-03-29 13:38:41,387 - DEBUG - > TEXT '[2, "9949bbd0-cbf6-46ce-8c24-3c585f1b50a6", "Bo...ePointVendor": "EVAR"}]' [127 bytes]
2023-03-29 13:38:41,584 - DEBUG - < TEXT '[3, "9949bbd0-cbf6-46ce-8c24-3c585f1b50a6", {"s...37Z", "interval": 600}]' [123 bytes]
2023-03-29 13:38:41,620 - DEBUG - > TEXT '[2, "4bd4a455-948a-4947-a3f4-ba6b6e75c1b2", "St..."status": "Available"}]' [132 bytes]
2023-03-29 13:38:41,807 - DEBUG - < TEXT '[3, "4bd4a455-948a-4947-a3f4-ba6b6e75c1b2", {}]' [47 bytes]
2023-03-29 13:38:41,842 - DEBUG - > TEXT '[2, "f3acb20c-8503-4d93-b2f2-d8ccb61ac255", "Au...": "1031040000069641"}]' [87 bytes]
2023-03-29 13:38:42,093 - DEBUG - < TEXT '[3, "f3acb20c-8503-4d93-b2f2-d8ccb61ac255", {"i..."status": "Accepted"}}]' [82 bytes]
2023-03-29 13:38:42,133 - DEBUG - > TEXT '[2, "cd5d7147-8629-42b2-bc0d-448b211f858d", "St...2023-03-29T13:26:29Z"}]' [170 bytes]
2023-03-29 13:38:42,425 - DEBUG - < TEXT '[3, "cd5d7147-8629-42b2-bc0d-448b211f858d", {"t..."status": "Accepted"}}]' [110 bytes]
2023-03-29 13:38:42,474 - DEBUG - > TEXT '[2, "7ce72265-b8d8-4eac-b758-9dc9652af1fb", "St... "status": "Charging"}]' [131 bytes]
2023-03-29 13:38:42,643 - DEBUG - < TEXT '[3, "7ce72265-b8d8-4eac-b758-9dc9652af1fb", {}]' [47 bytes]
2023-03-29 13:38:42,684 - DEBUG - > TEXT '[2, "dd22e283-0558-444a-82ff-fbf336d229e7", "Me...er", "unit": "Wh"}]}]}]' [259 bytes]
2023-03-29 13:38:42,882 - DEBUG - < TEXT '[3, "dd22e283-0558-444a-82ff-fbf336d229e7", {}]' [47 bytes]
2023-03-29 13:38:42,926 - DEBUG - > TEXT '[2, "708b0172-ccca-42ae-8e9c-017c3ff35809", "St...sactionId": 120533577}]' [149 bytes]
2023-03-29 13:38:43,204 - DEBUG - < TEXT '[3, "708b0172-ccca-42ae-8e9c-017c3ff35809", {"i..."status": "Accepted"}}]' [82 bytes]
2023-03-29 13:38:43,252 - DEBUG - > TEXT '[2, "bd566ad5-1a5d-4221-8e04-f96611d25421", "St..."status": "Finishing"}]' [132 bytes]
2023-03-29 13:38:43,423 - DEBUG - < TEXT '[3, "bd566ad5-1a5d-4221-8e04-f96611d25421", {}]' [47 bytes]
2023-03-29 13:38:43,474 - DEBUG - > TEXT '[2, "420bc4bd-5051-418a-a8ce-8f163ca533e7", "St..."status": "Available"}]' [132 bytes]
2023-03-29 13:38:43,663 - DEBUG - < TEXT '[3, "420bc4bd-5051-418a-a8ce-8f163ca533e7", {}]' [47 bytes]
2023-03-29 13:38:43,689 - DEBUG - = connection is CLOSING
2023-03-29 13:38:43,689 - DEBUG - > CLOSE 1000 (OK) [2 bytes]
2023-03-29 13:38:43,697 - DEBUG - < CLOSE 1000 (OK) [2 bytes]
2023-03-29 13:38:43,706 - DEBUG - = connection is CLOSED
2023-03-29 13:38:43,715 - DEBUG - = connection is CONNECTING
2023-03-29 13:38:43,742 - DEBUG - > GET /ocpp16/ELA007C05/EVSCA050001 HTTP/1.1
2023-03-29 13:38:43,743 - DEBUG - > Host: ws.devevspcharger.uplus.co.kr
2023-03-29 13:38:43,743 - DEBUG - > Upgrade: websocket
2023-03-29 13:38:43,743 - DEBUG - > Connection: Upgrade
2023-03-29 13:38:43,743 - DEBUG - > Sec-WebSocket-Key: zCykk73tnPG5Dgds+r+vow==
2023-03-29 13:38:43,743 - DEBUG - > Sec-WebSocket-Version: 13
2023-03-29 13:38:43,743 - DEBUG - > Sec-WebSocket-Extensions: permessage-deflate; client_max_window_bits
2023-03-29 13:38:43,743 - DEBUG - > Sec-WebSocket-Protocol: ocpp1.6
2023-03-29 13:38:43,743 - DEBUG - > Authorization: Basic RVZBUjpFVkFSTEdV
2023-03-29 13:38:43,743 - DEBUG - > User-Agent: Python/3.11 websockets/10.4
2023-03-29 13:38:43,971 - DEBUG - < HTTP/1.1 101 Switching Protocols
2023-03-29 13:38:43,972 - DEBUG - < Connection: upgrade
2023-03-29 13:38:43,972 - DEBUG - < Date: Wed, 29 Mar 2023 04:38:40 GMT
2023-03-29 13:38:43,972 - DEBUG - < sec-websocket-protocol: ocpp1.6
2023-03-29 13:38:43,972 - DEBUG - < upgrade: websocket
2023-03-29 13:38:43,972 - DEBUG - < sec-websocket-accept: GEWCYcNHZfCRTW32QEakR97w8Nk=
2023-03-29 13:38:43,972 - DEBUG - < sec-websocket-extensions: permessage-deflate
2023-03-29 13:38:43,972 - DEBUG - < X-Cache: Miss from cloudfront
2023-03-29 13:38:43,972 - DEBUG - < Via: 1.1 3c5e765ef2333ef04ef6f44a2b66ec12.cloudfront.net (CloudFront)
2023-03-29 13:38:43,973 - DEBUG - < X-Amz-Cf-Pop: ICN57-P2
2023-03-29 13:38:43,973 - DEBUG - < X-Amz-Cf-Id: RQqLxV_h7TGWa7OWptv7Hvb_3xHzI5pFQfAlShnJtaVDgsnK5nNa7g==
2023-03-29 13:38:43,973 - DEBUG - = connection is OPEN
2023-03-29 13:38:44,005 - DEBUG - > TEXT '[2, "f21a2dd4-6837-4a19-82ba-b7d63dce5f60", "Bo...ePointVendor": "EVAR"}]' [127 bytes]
2023-03-29 13:38:44,245 - DEBUG - < TEXT '[3, "f21a2dd4-6837-4a19-82ba-b7d63dce5f60", {"s...40Z", "interval": 600}]' [123 bytes]
2023-03-29 13:38:44,278 - DEBUG - > TEXT '[2, "03989fbc-2e9a-4acb-becc-f1b684b609b2", "Au...": "1031040000069641"}]' [87 bytes]
2023-03-29 13:38:44,529 - DEBUG - < TEXT '[3, "03989fbc-2e9a-4acb-becc-f1b684b609b2", {"i..."status": "Accepted"}}]' [82 bytes]
2023-03-29 13:38:44,568 - DEBUG - > TEXT '[2, "34660e95-0ec7-4d9a-b548-f923f8e4cef9", "St..."status": "Preparing"}]' [132 bytes]
2023-03-29 13:38:44,744 - DEBUG - < TEXT '[3, "34660e95-0ec7-4d9a-b548-f923f8e4cef9", {}]' [47 bytes]
2023-03-29 13:38:44,793 - DEBUG - > TEXT '[2, "5e69b9dd-92c1-48fd-8e70-1b7569651031", "St...2023-03-29T13:26:29Z"}]' [170 bytes]
2023-03-29 13:38:45,065 - DEBUG - < TEXT '[3, "5e69b9dd-92c1-48fd-8e70-1b7569651031", {"t..."status": "Accepted"}}]' [110 bytes]
2023-03-29 13:38:45,118 - DEBUG - > TEXT '[2, "15476a35-b04f-45cf-80b4-ce96bc49d01c", "St... "status": "Charging"}]' [131 bytes]
2023-03-29 13:38:45,305 - DEBUG - < TEXT '[3, "15476a35-b04f-45cf-80b4-ce96bc49d01c", {}]' [47 bytes]
2023-03-29 13:38:45,351 - DEBUG - > TEXT '[2, "cff53249-c740-4c10-b2ba-c975d04dc21b", "Me...er", "unit": "Wh"}]}]}]' [259 bytes]
2023-03-29 13:38:45,563 - DEBUG - < TEXT '[3, "cff53249-c740-4c10-b2ba-c975d04dc21b", {}]' [47 bytes]
2023-03-29 13:38:45,607 - DEBUG - > TEXT '[2, "383f47fe-1043-427d-b677-55435e52b41e", "St...sactionId": 120533578}]' [149 bytes]
2023-03-29 13:38:45,889 - DEBUG - < TEXT '[3, "383f47fe-1043-427d-b677-55435e52b41e", {"i..."status": "Accepted"}}]' [82 bytes]
2023-03-29 13:38:45,945 - DEBUG - > TEXT '[2, "5e721695-6327-4e1b-affa-cd3ae72280d2", "St..."status": "Finishing"}]' [132 bytes]
2023-03-29 13:38:46,123 - DEBUG - < TEXT '[3, "5e721695-6327-4e1b-affa-cd3ae72280d2", {}]' [47 bytes]
2023-03-29 13:38:46,185 - DEBUG - > TEXT '[2, "1d29ee3a-7861-457e-87eb-9d618d772920", "St..."status": "Available"}]' [132 bytes]
2023-03-29 13:38:46,373 - DEBUG - < TEXT '[3, "1d29ee3a-7861-457e-87eb-9d618d772920", {}]' [47 bytes]
2023-03-29 13:38:46,398 - DEBUG - = connection is CLOSING
2023-03-29 13:38:46,398 - DEBUG - > CLOSE 1000 (OK) [2 bytes]
2023-03-29 13:38:46,404 - DEBUG - < CLOSE 1000 (OK) [2 bytes]
2023-03-29 13:38:46,407 - DEBUG - = connection is CLOSED
2023-03-29 13:38:46,416 - DEBUG - = connection is CONNECTING
2023-03-29 13:38:46,450 - DEBUG - > GET /ocpp16/ELA007C05/EVSCA050001 HTTP/1.1
2023-03-29 13:38:46,450 - DEBUG - > Host: ws.devevspcharger.uplus.co.kr
2023-03-29 13:38:46,451 - DEBUG - > Upgrade: websocket
2023-03-29 13:38:46,451 - DEBUG - > Connection: Upgrade
2023-03-29 13:38:46,451 - DEBUG - > Sec-WebSocket-Key: yrS7sjFTr7xF3nq2QYjHjw==
2023-03-29 13:38:46,451 - DEBUG - > Sec-WebSocket-Version: 13
2023-03-29 13:38:46,451 - DEBUG - > Sec-WebSocket-Extensions: permessage-deflate; client_max_window_bits
2023-03-29 13:38:46,451 - DEBUG - > Sec-WebSocket-Protocol: ocpp1.6
2023-03-29 13:38:46,451 - DEBUG - > Authorization: Basic RVZBUjpFVkFSTEdV
2023-03-29 13:38:46,451 - DEBUG - > User-Agent: Python/3.11 websockets/10.4
2023-03-29 13:38:46,689 - DEBUG - < HTTP/1.1 101 Switching Protocols
2023-03-29 13:38:46,689 - DEBUG - < Connection: upgrade
2023-03-29 13:38:46,689 - DEBUG - < Date: Wed, 29 Mar 2023 04:38:42 GMT
2023-03-29 13:38:46,689 - DEBUG - < sec-websocket-protocol: ocpp1.6
2023-03-29 13:38:46,689 - DEBUG - < upgrade: websocket
2023-03-29 13:38:46,690 - DEBUG - < sec-websocket-accept: oH9lJpLZ19BK3eUMSos8DWkODZY=
2023-03-29 13:38:46,690 - DEBUG - < sec-websocket-extensions: permessage-deflate
2023-03-29 13:38:46,690 - DEBUG - < X-Cache: Miss from cloudfront
2023-03-29 13:38:46,690 - DEBUG - < Via: 1.1 1c31b550dc04cf34ff9053b76a7eecc4.cloudfront.net (CloudFront)
2023-03-29 13:38:46,690 - DEBUG - < X-Amz-Cf-Pop: ICN57-P2
2023-03-29 13:38:46,690 - DEBUG - < X-Amz-Cf-Id: Ap8fWooKt1UMT7YUkf5xhOhlNVKwd6Tp2jBG7pZJ0hjj0XZI4umUlg==
2023-03-29 13:38:46,690 - DEBUG - = connection is OPEN
2023-03-29 13:38:46,738 - DEBUG - > TEXT '[2, "9670bca6-1741-4b30-8172-a6ed7233690a", "Bo...ePointVendor": "EVAR"}]' [127 bytes]
2023-03-29 13:38:46,948 - DEBUG - < TEXT '[3, "9670bca6-1741-4b30-8172-a6ed7233690a", {"s...43Z", "interval": 600}]' [123 bytes]
2023-03-29 13:38:46,993 - DEBUG - Starting new HTTPS connection (1): 8b434254zg.execute-api.ap-northeast-2.amazonaws.com:443
2023-03-29 13:38:47,636 - DEBUG - https://8b434254zg.execute-api.ap-northeast-2.amazonaws.com:443 "POST /dev/ioc HTTP/1.1" 200 163
2023-03-29 13:38:47,677 - DEBUG - < TEXT '[2, "118712e4-49a0-445b-8e5c-045246e7398a", "Ch...nKey", "value": "300"}]' [118 bytes]
2023-03-29 13:38:47,686 - DEBUG - > TEXT '[3, "118712e4-49a0-445b-8e5c-045246e7398a", {"status": "Accepted"}]' [67 bytes]
2023-03-29 13:38:47,867 - DEBUG - < TEXT '' [0 bytes]
2023-03-29 13:38:47,905 - DEBUG - Starting new HTTPS connection (1): 8b434254zg.execute-api.ap-northeast-2.amazonaws.com:443
2023-03-29 13:38:48,297 - DEBUG - https://8b434254zg.execute-api.ap-northeast-2.amazonaws.com:443 "POST /dev/ioc HTTP/1.1" 200 106
2023-03-29 13:38:48,341 - DEBUG - < TEXT '[2, "0bc79bce-62bf-4e5b-b5d7-5a5985c34438", "ClearCache", {}]' [61 bytes]
2023-03-29 13:38:48,345 - DEBUG - > TEXT '[3, "0bc79bce-62bf-4e5b-b5d7-5a5985c34438", {"status": "Accepted"}]' [67 bytes]
2023-03-29 13:38:48,524 - DEBUG - < TEXT '' [0 bytes]
2023-03-29 13:38:48,563 - DEBUG - > TEXT '[2, "6a18f7f3-2b6e-47a7-9ade-852012f807ba", "Au...": "1031040000069641"}]' [87 bytes]
2023-03-29 13:38:48,787 - DEBUG - < TEXT '[3, "6a18f7f3-2b6e-47a7-9ade-852012f807ba", {"i..."status": "Accepted"}}]' [82 bytes]
2023-03-29 13:38:48,820 - DEBUG - > TEXT '[2, "de15d397-e321-44ef-85a3-1fdda89b4f3f", "St..."status": "Preparing"}]' [132 bytes]
2023-03-29 13:38:49,049 - DEBUG - < TEXT '[3, "de15d397-e321-44ef-85a3-1fdda89b4f3f", {}]' [47 bytes]
2023-03-29 13:38:49,076 - DEBUG - > TEXT '[2, "b2d0cbc1-93ce-4148-988d-7205bba2c04f", "St..."status": "Available"}]' [132 bytes]
2023-03-29 13:38:49,268 - DEBUG - < TEXT '[3, "b2d0cbc1-93ce-4148-988d-7205bba2c04f", {}]' [47 bytes]
2023-03-29 13:38:49,285 - DEBUG - = connection is CLOSING
2023-03-29 13:38:49,285 - DEBUG - > CLOSE 1000 (OK) [2 bytes]
2023-03-29 13:38:49,294 - DEBUG - < CLOSE 1000 (OK) [2 bytes]
2023-03-29 13:38:49,301 - DEBUG - = connection is CLOSED
2023-03-29 13:38:49,309 - DEBUG - = connection is CONNECTING
2023-03-29 13:38:49,344 - DEBUG - > GET /ocpp16/ELA007C05/EVSCA050001 HTTP/1.1
2023-03-29 13:38:49,344 - DEBUG - > Host: ws.devevspcharger.uplus.co.kr
2023-03-29 13:38:49,344 - DEBUG - > Upgrade: websocket
2023-03-29 13:38:49,344 - DEBUG - > Connection: Upgrade
2023-03-29 13:38:49,344 - DEBUG - > Sec-WebSocket-Key: 44svvsuIpn/IZzLGDjOjhQ==
2023-03-29 13:38:49,345 - DEBUG - > Sec-WebSocket-Version: 13
2023-03-29 13:38:49,345 - DEBUG - > Sec-WebSocket-Extensions: permessage-deflate; client_max_window_bits
2023-03-29 13:38:49,345 - DEBUG - > Sec-WebSocket-Protocol: ocpp1.6
2023-03-29 13:38:49,345 - DEBUG - > Authorization: Basic RVZBUjpFVkFSTEdV
2023-03-29 13:38:49,345 - DEBUG - > User-Agent: Python/3.11 websockets/10.4
2023-03-29 13:38:49,585 - DEBUG - < HTTP/1.1 101 Switching Protocols
2023-03-29 13:38:49,585 - DEBUG - < Connection: upgrade
2023-03-29 13:38:49,586 - DEBUG - < Date: Wed, 29 Mar 2023 04:38:45 GMT
2023-03-29 13:38:49,586 - DEBUG - < sec-websocket-protocol: ocpp1.6
2023-03-29 13:38:49,586 - DEBUG - < upgrade: websocket
2023-03-29 13:38:49,586 - DEBUG - < sec-websocket-accept: Q4UnJ+U2HPEhZ5m78nQcgSNSgB4=
2023-03-29 13:38:49,586 - DEBUG - < sec-websocket-extensions: permessage-deflate
2023-03-29 13:38:49,586 - DEBUG - < X-Cache: Miss from cloudfront
2023-03-29 13:38:49,586 - DEBUG - < Via: 1.1 3544dee363e510a888d5171c071b297e.cloudfront.net (CloudFront)
2023-03-29 13:38:49,586 - DEBUG - < X-Amz-Cf-Pop: ICN57-P2
2023-03-29 13:38:49,586 - DEBUG - < X-Amz-Cf-Id: 6GznnLlk8dboLKwg19DDvv51yXvvYOF4atKkb42WAxkjIZop_-ttVQ==
2023-03-29 13:38:49,587 - DEBUG - = connection is OPEN
2023-03-29 13:38:49,624 - DEBUG - > TEXT '[2, "203cd042-f98b-46db-8c63-ced0eab5adf6", "Bo...ePointVendor": "EVAR"}]' [127 bytes]
2023-03-29 13:38:49,825 - DEBUG - < TEXT '[3, "203cd042-f98b-46db-8c63-ced0eab5adf6", {"s...45Z", "interval": 600}]' [123 bytes]
2023-03-29 13:38:49,863 - DEBUG - > TEXT '[2, "b707d5de-9aa3-452b-86fc-5f364393fe2a", "St..."status": "Preparing"}]' [132 bytes]
2023-03-29 13:38:50,049 - DEBUG - < TEXT '[3, "b707d5de-9aa3-452b-86fc-5f364393fe2a", {}]' [47 bytes]
2023-03-29 13:38:50,092 - DEBUG - > TEXT '[2, "faa23f33-dfb1-49d7-b5a7-0265b6661c95", "Au...": "1031040000069641"}]' [87 bytes]
2023-03-29 13:38:50,324 - DEBUG - < TEXT '[3, "faa23f33-dfb1-49d7-b5a7-0265b6661c95", {"i..."status": "Accepted"}}]' [82 bytes]
2023-03-29 13:38:50,364 - DEBUG - > TEXT '[2, "c335671a-6e8b-490e-a40b-0bfedb129133", "St...2023-03-29T13:26:29Z"}]' [170 bytes]
2023-03-29 13:38:50,686 - DEBUG - < TEXT '[3, "c335671a-6e8b-490e-a40b-0bfedb129133", {"t..."status": "Accepted"}}]' [110 bytes]
2023-03-29 13:38:50,736 - DEBUG - > TEXT '[2, "3d36ddf2-41fb-46e6-9101-ec5842fee013", "St... "status": "Charging"}]' [131 bytes]
2023-03-29 13:38:50,928 - DEBUG - < TEXT '[3, "3d36ddf2-41fb-46e6-9101-ec5842fee013", {}]' [47 bytes]
2023-03-29 13:38:50,970 - DEBUG - > TEXT '[2, "0c6b67dd-1146-45db-a2d9-0def74f50061", "Me...er", "unit": "Wh"}]}]}]' [259 bytes]
2023-03-29 13:38:51,168 - DEBUG - < TEXT '[3, "0c6b67dd-1146-45db-a2d9-0def74f50061", {}]' [47 bytes]
2023-03-29 13:38:51,215 - DEBUG - > TEXT '[2, "ce97d174-4bee-4e57-b0bb-f47726da3908", "St...tatus": "SuspendedEV"}]' [134 bytes]
2023-03-29 13:38:51,385 - DEBUG - < TEXT '[3, "ce97d174-4bee-4e57-b0bb-f47726da3908", {}]' [47 bytes]
2023-03-29 13:38:51,435 - DEBUG - > TEXT '[2, "de9baae1-a7af-49e9-8c36-812479eea6f2", "St...sactionId": 120533580}]' [149 bytes]
2023-03-29 13:38:51,685 - DEBUG - < TEXT '[3, "de9baae1-a7af-49e9-8c36-812479eea6f2", {"i..."status": "Accepted"}}]' [82 bytes]
2023-03-29 13:38:51,727 - DEBUG - > TEXT '[2, "0d7e1fc6-7500-4d48-abf8-9119369ab8de", "St..."status": "Finishing"}]' [132 bytes]
2023-03-29 13:38:51,904 - DEBUG - < TEXT '[3, "0d7e1fc6-7500-4d48-abf8-9119369ab8de", {}]' [47 bytes]
2023-03-29 13:38:51,952 - DEBUG - > TEXT '[2, "64909164-2435-477a-9ae6-30d20431c327", "St..."status": "Available"}]' [132 bytes]
2023-03-29 13:38:52,127 - DEBUG - < TEXT '[3, "64909164-2435-477a-9ae6-30d20431c327", {}]' [47 bytes]
2023-03-29 13:38:52,153 - DEBUG - = connection is CLOSING
2023-03-29 13:38:52,153 - DEBUG - > CLOSE 1000 (OK) [2 bytes]
2023-03-29 13:38:52,160 - DEBUG - < CLOSE 1000 (OK) [2 bytes]
2023-03-29 13:38:52,173 - DEBUG - = connection is CLOSED
2023-03-29 13:38:52,185 - DEBUG - = connection is CONNECTING
2023-03-29 13:38:52,218 - DEBUG - > GET /ocpp16/ELA007C05/EVSCA050001 HTTP/1.1
2023-03-29 13:38:52,218 - DEBUG - > Host: ws.devevspcharger.uplus.co.kr
2023-03-29 13:38:52,218 - DEBUG - > Upgrade: websocket
2023-03-29 13:38:52,218 - DEBUG - > Connection: Upgrade
2023-03-29 13:38:52,218 - DEBUG - > Sec-WebSocket-Key: Qsbtb79dzKTVJtMgFwkpOA==
2023-03-29 13:38:52,218 - DEBUG - > Sec-WebSocket-Version: 13
2023-03-29 13:38:52,218 - DEBUG - > Sec-WebSocket-Extensions: permessage-deflate; client_max_window_bits
2023-03-29 13:38:52,219 - DEBUG - > Sec-WebSocket-Protocol: ocpp1.6
2023-03-29 13:38:52,219 - DEBUG - > Authorization: Basic RVZBUjpFVkFSTEdV
2023-03-29 13:38:52,219 - DEBUG - > User-Agent: Python/3.11 websockets/10.4
2023-03-29 13:38:52,424 - DEBUG - < HTTP/1.1 101 Switching Protocols
2023-03-29 13:38:52,424 - DEBUG - < Connection: upgrade
2023-03-29 13:38:52,424 - DEBUG - < Date: Wed, 29 Mar 2023 04:38:48 GMT
2023-03-29 13:38:52,424 - DEBUG - < sec-websocket-protocol: ocpp1.6
2023-03-29 13:38:52,424 - DEBUG - < upgrade: websocket
2023-03-29 13:38:52,424 - DEBUG - < sec-websocket-accept: KuMRmC+JwK6vSdqgbH/S5VtPnMU=
2023-03-29 13:38:52,424 - DEBUG - < sec-websocket-extensions: permessage-deflate
2023-03-29 13:38:52,424 - DEBUG - < X-Cache: Miss from cloudfront
2023-03-29 13:38:52,424 - DEBUG - < Via: 1.1 3544dee363e510a888d5171c071b297e.cloudfront.net (CloudFront)
2023-03-29 13:38:52,424 - DEBUG - < X-Amz-Cf-Pop: ICN57-P2
2023-03-29 13:38:52,424 - DEBUG - < X-Amz-Cf-Id: u4FOCm2uzAd6RTmKQjgsAHFA5bSu1p_ZXUu9zU5YEzXItd3S3Gbwww==
2023-03-29 13:38:52,425 - DEBUG - = connection is OPEN
2023-03-29 13:38:52,465 - DEBUG - > TEXT '[2, "3af7e6b7-bb63-44d9-9041-07108d102fa9", "Bo...ePointVendor": "EVAR"}]' [127 bytes]
2023-03-29 13:38:52,683 - DEBUG - < TEXT '[3, "3af7e6b7-bb63-44d9-9041-07108d102fa9", {"s...48Z", "interval": 600}]' [123 bytes]
2023-03-29 13:38:52,719 - DEBUG - Starting new HTTPS connection (1): 8b434254zg.execute-api.ap-northeast-2.amazonaws.com:443
2023-03-29 13:38:53,119 - DEBUG - https://8b434254zg.execute-api.ap-northeast-2.amazonaws.com:443 "POST /dev/ioc HTTP/1.1" 200 115
2023-03-29 13:38:53,161 - DEBUG - < TEXT '[2, "78cf104e-82f7-44eb-8187-39080dcaa804", "Reset", {"type": "Hard"}]' [70 bytes]
2023-03-29 13:38:53,165 - DEBUG - > TEXT '[3, "78cf104e-82f7-44eb-8187-39080dcaa804", {"status": "Accepted"}]' [67 bytes]
2023-03-29 13:38:53,344 - DEBUG - < TEXT '' [0 bytes]
2023-03-29 13:38:53,352 - DEBUG - = connection is CLOSING
2023-03-29 13:38:53,352 - DEBUG - > CLOSE 1000 (OK) [2 bytes]
2023-03-29 13:38:53,361 - DEBUG - < CLOSE 1000 (OK) [2 bytes]
2023-03-29 13:38:53,367 - DEBUG - = connection is CLOSED
2023-03-29 13:38:53,378 - DEBUG - = connection is CONNECTING
2023-03-29 13:38:53,411 - DEBUG - > GET /ocpp16/ELA007C05/EVSCA050001 HTTP/1.1
2023-03-29 13:38:53,412 - DEBUG - > Host: ws.devevspcharger.uplus.co.kr
2023-03-29 13:38:53,412 - DEBUG - > Upgrade: websocket
2023-03-29 13:38:53,412 - DEBUG - > Connection: Upgrade
2023-03-29 13:38:53,413 - DEBUG - > Sec-WebSocket-Key: 8R9Pg/LTVqD9ymvYveAHxA==
2023-03-29 13:38:53,413 - DEBUG - > Sec-WebSocket-Version: 13
2023-03-29 13:38:53,413 - DEBUG - > Sec-WebSocket-Extensions: permessage-deflate; client_max_window_bits
2023-03-29 13:38:53,414 - DEBUG - > Sec-WebSocket-Protocol: ocpp1.6
2023-03-29 13:38:53,414 - DEBUG - > Authorization: Basic RVZBUjpFVkFSTEdV
2023-03-29 13:38:53,414 - DEBUG - > User-Agent: Python/3.11 websockets/10.4
2023-03-29 13:38:53,625 - DEBUG - < HTTP/1.1 101 Switching Protocols
2023-03-29 13:38:53,626 - DEBUG - < Connection: upgrade
2023-03-29 13:38:53,627 - DEBUG - < Date: Wed, 29 Mar 2023 04:38:49 GMT
2023-03-29 13:38:53,627 - DEBUG - < sec-websocket-protocol: ocpp1.6
2023-03-29 13:38:53,627 - DEBUG - < upgrade: websocket
2023-03-29 13:38:53,627 - DEBUG - < sec-websocket-accept: gG1k5cYP4zW9NmWxaqhaAdcs0us=
2023-03-29 13:38:53,627 - DEBUG - < sec-websocket-extensions: permessage-deflate
2023-03-29 13:38:53,628 - DEBUG - < X-Cache: Miss from cloudfront
2023-03-29 13:38:53,628 - DEBUG - < Via: 1.1 47d972c0543b96b8ef5a6c3258e80bf0.cloudfront.net (CloudFront)
2023-03-29 13:38:53,628 - DEBUG - < X-Amz-Cf-Pop: ICN57-P2
2023-03-29 13:38:53,629 - DEBUG - < X-Amz-Cf-Id: 5ZJXF4tPShY6llhPrZ81v1fM4YJC-W2GR_f66XJgpSgeV7WizU6KxA==
2023-03-29 13:38:53,629 - DEBUG - = connection is OPEN
2023-03-29 13:38:53,668 - DEBUG - > TEXT '[2, "e056e47b-d8fc-4684-840e-4e2e52bb7cb0", "Bo...ePointVendor": "EVAR"}]' [127 bytes]
2023-03-29 13:38:53,863 - DEBUG - < TEXT '[3, "e056e47b-d8fc-4684-840e-4e2e52bb7cb0", {"s...49Z", "interval": 600}]' [123 bytes]
2023-03-29 13:38:53,899 - DEBUG - Starting new HTTPS connection (1): 8b434254zg.execute-api.ap-northeast-2.amazonaws.com:443
2023-03-29 13:38:54,299 - DEBUG - https://8b434254zg.execute-api.ap-northeast-2.amazonaws.com:443 "POST /dev/ioc HTTP/1.1" 200 148
2023-03-29 13:38:54,362 - DEBUG - < TEXT '[2, "73a73389-1d00-4548-a588-008086c7baea", "Ge...izeRemoteTxRequests"]}]' [103 bytes]
2023-03-29 13:38:54,376 - DEBUG - > TEXT '[3, "73a73389-1d00-4548-a588-008086c7baea", {"c... "status": "Accepted"}]' [139 bytes]
2023-03-29 13:38:54,566 - DEBUG - < TEXT '' [0 bytes]
2023-03-29 13:38:54,604 - DEBUG - > TEXT '[2, "dcd5708d-3f5e-4603-a31f-3f2172847126", "St..."status": "Preparing"}]' [132 bytes]
2023-03-29 13:38:54,785 - DEBUG - < TEXT '[3, "dcd5708d-3f5e-4603-a31f-3f2172847126", {}]' [47 bytes]
2023-03-29 13:38:54,833 - DEBUG - Starting new HTTPS connection (1): 8b434254zg.execute-api.ap-northeast-2.amazonaws.com:443
2023-03-29 13:38:55,259 - DEBUG - https://8b434254zg.execute-api.ap-northeast-2.amazonaws.com:443 "POST /dev/ioc HTTP/1.1" 200 145
2023-03-29 13:38:55,304 - DEBUG - < TEXT '[2, "39f12d0e-8710-4452-a49b-9b4ff0e4424a", "Re...": "1031040000069641"}]' [100 bytes]
2023-03-29 13:38:55,310 - DEBUG - > TEXT '[3, "39f12d0e-8710-4452-a49b-9b4ff0e4424a", {"status": "Accepted"}]' [67 bytes]
2023-03-29 13:38:55,489 - DEBUG - < TEXT '' [0 bytes]
2023-03-29 13:38:55,523 - DEBUG - > TEXT '[2, "8247fd3c-1864-4b2a-8adb-8eaad403216d", "Au...": "1031040000069641"}]' [87 bytes]
2023-03-29 13:38:55,747 - DEBUG - < TEXT '[3, "8247fd3c-1864-4b2a-8adb-8eaad403216d", {"i..."status": "Accepted"}}]' [82 bytes]
2023-03-29 13:38:55,791 - DEBUG - > TEXT '[2, "8bcf3e33-5240-415d-bbab-c976a0a6f33a", "St...2023-03-29T13:26:29Z"}]' [170 bytes]
2023-03-29 13:38:56,085 - DEBUG - < TEXT '[3, "8bcf3e33-5240-415d-bbab-c976a0a6f33a", {"t..."status": "Accepted"}}]' [110 bytes]
2023-03-29 13:38:56,122 - DEBUG - > TEXT '[2, "8740549a-7319-4cd7-ad90-9f6dc9be7a05", "St... "status": "Charging"}]' [131 bytes]
2023-03-29 13:38:56,309 - DEBUG - < TEXT '[3, "8740549a-7319-4cd7-ad90-9f6dc9be7a05", {}]' [47 bytes]
2023-03-29 13:38:56,348 - DEBUG - > TEXT '[2, "c5314855-92c8-4157-a9cb-2b6d00eafc03", "St...sactionId": 120533582}]' [149 bytes]
2023-03-29 13:38:56,624 - DEBUG - < TEXT '[3, "c5314855-92c8-4157-a9cb-2b6d00eafc03", {"i..."status": "Accepted"}}]' [82 bytes]
2023-03-29 13:38:56,660 - DEBUG - > TEXT '[2, "df0f0448-c9a6-41c1-ae5b-b4ffeec974ba", "St..."status": "Finishing"}]' [132 bytes]
2023-03-29 13:38:56,846 - DEBUG - < TEXT '[3, "df0f0448-c9a6-41c1-ae5b-b4ffeec974ba", {}]' [47 bytes]
2023-03-29 13:38:56,894 - DEBUG - > TEXT '[2, "bf404050-166a-40ac-af85-c11117e2200f", "St..."status": "Available"}]' [132 bytes]
2023-03-29 13:38:57,106 - DEBUG - < TEXT '[3, "bf404050-166a-40ac-af85-c11117e2200f", {}]' [47 bytes]
2023-03-29 13:38:57,133 - DEBUG - = connection is CLOSING
2023-03-29 13:38:57,134 - DEBUG - > CLOSE 1000 (OK) [2 bytes]
2023-03-29 13:38:57,140 - DEBUG - < CLOSE 1000 (OK) [2 bytes]
2023-03-29 13:38:57,143 - DEBUG - = connection is CLOSED
2023-03-29 13:38:57,164 - DEBUG - = connection is CONNECTING
2023-03-29 13:38:57,196 - DEBUG - > GET /ocpp16/ELA007C05/EVSCA050001 HTTP/1.1
2023-03-29 13:38:57,196 - DEBUG - > Host: ws.devevspcharger.uplus.co.kr
2023-03-29 13:38:57,196 - DEBUG - > Upgrade: websocket
2023-03-29 13:38:57,196 - DEBUG - > Connection: Upgrade
2023-03-29 13:38:57,196 - DEBUG - > Sec-WebSocket-Key: zFSXz3wPyykdkWZRZIc56g==
2023-03-29 13:38:57,196 - DEBUG - > Sec-WebSocket-Version: 13
2023-03-29 13:38:57,196 - DEBUG - > Sec-WebSocket-Extensions: permessage-deflate; client_max_window_bits
2023-03-29 13:38:57,196 - DEBUG - > Sec-WebSocket-Protocol: ocpp1.6
2023-03-29 13:38:57,196 - DEBUG - > Authorization: Basic RVZBUjpFVkFSTEdV
2023-03-29 13:38:57,196 - DEBUG - > User-Agent: Python/3.11 websockets/10.4
2023-03-29 13:38:57,420 - DEBUG - < HTTP/1.1 101 Switching Protocols
2023-03-29 13:38:57,420 - DEBUG - < Connection: upgrade
2023-03-29 13:38:57,420 - DEBUG - < Date: Wed, 29 Mar 2023 04:38:53 GMT
2023-03-29 13:38:57,420 - DEBUG - < sec-websocket-protocol: ocpp1.6
2023-03-29 13:38:57,421 - DEBUG - < upgrade: websocket
2023-03-29 13:38:57,421 - DEBUG - < sec-websocket-accept: bZkJyvmOudMC4kExFIZ1dW2emzY=
2023-03-29 13:38:57,421 - DEBUG - < sec-websocket-extensions: permessage-deflate
2023-03-29 13:38:57,421 - DEBUG - < X-Cache: Miss from cloudfront
2023-03-29 13:38:57,421 - DEBUG - < Via: 1.1 3509c763b14d58840ad09e1097a1e54c.cloudfront.net (CloudFront)
2023-03-29 13:38:57,421 - DEBUG - < X-Amz-Cf-Pop: ICN57-P2
2023-03-29 13:38:57,421 - DEBUG - < X-Amz-Cf-Id: 25pCPVudnzVYwP7lhyqUI3wWmve3W6WYYXtcOVWsdaGFqHgOuSfhfg==
2023-03-29 13:38:57,421 - DEBUG - = connection is OPEN
2023-03-29 13:38:57,467 - DEBUG - > TEXT '[2, "a000a6f2-f05e-48c4-8d2c-31e6b74d9d9f", "Bo...ePointVendor": "EVAR"}]' [127 bytes]
2023-03-29 13:38:57,663 - DEBUG - < TEXT '[3, "a000a6f2-f05e-48c4-8d2c-31e6b74d9d9f", {"s...53Z", "interval": 600}]' [123 bytes]
2023-03-29 13:38:57,708 - DEBUG - Starting new HTTPS connection (1): 8b434254zg.execute-api.ap-northeast-2.amazonaws.com:443
2023-03-29 13:38:58,119 - DEBUG - https://8b434254zg.execute-api.ap-northeast-2.amazonaws.com:443 "POST /dev/ioc HTTP/1.1" 200 145
2023-03-29 13:38:58,157 - DEBUG - < TEXT '[2, "b7da1320-a402-4a9d-9e32-79f55739c0a0", "Re...": "1031040000069641"}]' [100 bytes]
2023-03-29 13:38:58,163 - DEBUG - > TEXT '[3, "b7da1320-a402-4a9d-9e32-79f55739c0a0", {"status": "Accepted"}]' [67 bytes]
2023-03-29 13:38:58,344 - DEBUG - < TEXT '' [0 bytes]
2023-03-29 13:38:58,380 - DEBUG - > TEXT '[2, "e1b61c6e-3dac-418e-bb00-dff280908822", "Au...": "1031040000069641"}]' [87 bytes]
2023-03-29 13:38:58,670 - DEBUG - < TEXT '[3, "e1b61c6e-3dac-418e-bb00-dff280908822", {"i..."status": "Accepted"}}]' [82 bytes]
2023-03-29 13:38:58,722 - DEBUG - > TEXT '[2, "2007dc32-d612-46ec-bd05-84e205a028bb", "St..."status": "Preparing"}]' [132 bytes]
2023-03-29 13:38:58,903 - DEBUG - < TEXT '[3, "2007dc32-d612-46ec-bd05-84e205a028bb", {}]' [47 bytes]
2023-03-29 13:38:58,935 - DEBUG - > TEXT '[2, "3364f6d3-9b19-44b7-8c70-2be05d38f0f3", "St...2023-03-29T13:26:29Z"}]' [170 bytes]
2023-03-29 13:38:59,223 - DEBUG - < TEXT '[3, "3364f6d3-9b19-44b7-8c70-2be05d38f0f3", {"t..."status": "Accepted"}}]' [110 bytes]
2023-03-29 13:38:59,274 - DEBUG - > TEXT '[2, "a5a7291b-2be0-4ae8-9d83-667dd86f159e", "St... "status": "Charging"}]' [131 bytes]
2023-03-29 13:38:59,470 - DEBUG - < TEXT '[3, "a5a7291b-2be0-4ae8-9d83-667dd86f159e", {}]' [47 bytes]
2023-03-29 13:38:59,513 - DEBUG - Starting new HTTPS connection (1): 8b434254zg.execute-api.ap-northeast-2.amazonaws.com:443
2023-03-29 13:38:59,918 - DEBUG - https://8b434254zg.execute-api.ap-northeast-2.amazonaws.com:443 "POST /dev/ioc HTTP/1.1" 200 143
2023-03-29 13:38:59,970 - DEBUG - < TEXT '[2, "493d2c91-5ed4-4552-90cd-fe1817f19147", "Re...sactionId": 120533594}]' [98 bytes]
2023-03-29 13:38:59,974 - DEBUG - > TEXT '[3, "493d2c91-5ed4-4552-90cd-fe1817f19147", {"status": "Accepted"}]' [67 bytes]
2023-03-29 13:39:00,185 - DEBUG - < TEXT '' [0 bytes]
2023-03-29 13:39:00,224 - DEBUG - > TEXT '[2, "35744711-1f61-4f04-98fa-6f1d3b40be6f", "St...sactionId": 120533583}]' [149 bytes]
2023-03-29 13:39:00,526 - DEBUG - < TEXT '[3, "35744711-1f61-4f04-98fa-6f1d3b40be6f", {"i..."status": "Accepted"}}]' [82 bytes]
2023-03-29 13:39:00,570 - DEBUG - > TEXT '[2, "216a2de2-b80b-459b-859c-6368797fb39b", "St..."status": "Finishing"}]' [132 bytes]
2023-03-29 13:39:00,763 - DEBUG - < TEXT '[3, "216a2de2-b80b-459b-859c-6368797fb39b", {}]' [47 bytes]
2023-03-29 13:39:00,810 - DEBUG - > TEXT '[2, "de0fa526-f0ff-4d5f-b00c-96856dd11d25", "St..."status": "Available"}]' [132 bytes]
2023-03-29 13:39:00,894 - DEBUG - % sending keepalive ping
2023-03-29 13:39:00,894 - DEBUG - > PING 54 2b 7f c9 [binary, 4 bytes]
2023-03-29 13:39:00,905 - DEBUG - < PONG 54 2b 7f c9 [binary, 4 bytes]
2023-03-29 13:39:00,915 - DEBUG - % received keepalive pong
2023-03-29 13:39:00,994 - DEBUG - < TEXT '[3, "de0fa526-f0ff-4d5f-b00c-96856dd11d25", {}]' [47 bytes]
2023-03-29 13:39:01,014 - DEBUG - = connection is CLOSING
2023-03-29 13:39:01,015 - DEBUG - > CLOSE 1000 (OK) [2 bytes]
2023-03-29 13:39:01,024 - DEBUG - < CLOSE 1000 (OK) [2 bytes]
2023-03-29 13:39:01,029 - DEBUG - = connection is CLOSED
2023-03-29 13:39:01,038 - DEBUG - = connection is CONNECTING
2023-03-29 13:39:01,070 - DEBUG - > GET /ocpp16/ELA007C05/EVSCA050001 HTTP/1.1
2023-03-29 13:39:01,070 - DEBUG - > Host: ws.devevspcharger.uplus.co.kr
2023-03-29 13:39:01,070 - DEBUG - > Upgrade: websocket
2023-03-29 13:39:01,070 - DEBUG - > Connection: Upgrade
2023-03-29 13:39:01,070 - DEBUG - > Sec-WebSocket-Key: Nk+i2GjY3fju9yF+rfxJvw==
2023-03-29 13:39:01,071 - DEBUG - > Sec-WebSocket-Version: 13
2023-03-29 13:39:01,071 - DEBUG - > Sec-WebSocket-Extensions: permessage-deflate; client_max_window_bits
2023-03-29 13:39:01,071 - DEBUG - > Sec-WebSocket-Protocol: ocpp1.6
2023-03-29 13:39:01,071 - DEBUG - > Authorization: Basic RVZBUjpFVkFSTEdV
2023-03-29 13:39:01,071 - DEBUG - > User-Agent: Python/3.11 websockets/10.4
2023-03-29 13:39:01,285 - DEBUG - < HTTP/1.1 101 Switching Protocols
2023-03-29 13:39:01,286 - DEBUG - < Connection: upgrade
2023-03-29 13:39:01,286 - DEBUG - < Date: Wed, 29 Mar 2023 04:38:57 GMT
2023-03-29 13:39:01,286 - DEBUG - < sec-websocket-protocol: ocpp1.6
2023-03-29 13:39:01,286 - DEBUG - < upgrade: websocket
2023-03-29 13:39:01,286 - DEBUG - < sec-websocket-accept: ZKJSZksQj23ojRJ9FoYQT9VxsLY=
2023-03-29 13:39:01,286 - DEBUG - < sec-websocket-extensions: permessage-deflate
2023-03-29 13:39:01,286 - DEBUG - < X-Cache: Miss from cloudfront
2023-03-29 13:39:01,286 - DEBUG - < Via: 1.1 addf940186af6aa7dc864a17e45130c6.cloudfront.net (CloudFront)
2023-03-29 13:39:01,286 - DEBUG - < X-Amz-Cf-Pop: ICN57-P2
2023-03-29 13:39:01,287 - DEBUG - < X-Amz-Cf-Id: jObdAgGtYP17C93fmxUyTEBVuN6lKHGq0Qv2cB-MjqXekhLaUOupbA==
2023-03-29 13:39:01,287 - DEBUG - = connection is OPEN
2023-03-29 13:39:01,324 - DEBUG - > TEXT '[2, "67f96992-13c5-4476-a5c9-965809df94b9", "Bo...ePointVendor": "EVAR"}]' [127 bytes]
2023-03-29 13:39:01,544 - DEBUG - < TEXT '[3, "67f96992-13c5-4476-a5c9-965809df94b9", {"s...57Z", "interval": 600}]' [123 bytes]
2023-03-29 13:39:01,592 - DEBUG - Starting new HTTPS connection (1): 8b434254zg.execute-api.ap-northeast-2.amazonaws.com:443
2023-03-29 13:39:01,998 - DEBUG - https://8b434254zg.execute-api.ap-northeast-2.amazonaws.com:443 "POST /dev/ioc HTTP/1.1" 200 145
2023-03-29 13:39:02,038 - DEBUG - < TEXT '[2, "5af5405b-3214-473f-9f49-0022ed1ff578", "Re...": "1031040000069641"}]' [100 bytes]
2023-03-29 13:39:02,045 - DEBUG - > TEXT '[3, "5af5405b-3214-473f-9f49-0022ed1ff578", {"status": "Accepted"}]' [67 bytes]
2023-03-29 13:39:02,226 - DEBUG - < TEXT '' [0 bytes]
2023-03-29 13:39:02,264 - DEBUG - > TEXT '[2, "eed167c5-2a18-4018-9f1f-3ba1fe04e46f", "Au...": "1031040000069641"}]' [87 bytes]
2023-03-29 13:39:02,507 - DEBUG - < TEXT '[3, "eed167c5-2a18-4018-9f1f-3ba1fe04e46f", {"i..."status": "Accepted"}}]' [82 bytes]
2023-03-29 13:39:02,542 - DEBUG - > TEXT '[2, "830502bd-6fe9-41e0-8a9a-64fc4c033766", "St..."status": "Preparing"}]' [132 bytes]
2023-03-29 13:39:02,725 - DEBUG - < TEXT '[3, "830502bd-6fe9-41e0-8a9a-64fc4c033766", {}]' [47 bytes]
2023-03-29 13:39:02,760 - DEBUG - > TEXT '[2, "1a2c7794-6d9e-4d2a-bc8a-89e1e1510714", "St..."status": "Available"}]' [132 bytes]
2023-03-29 13:39:02,977 - DEBUG - < TEXT '[3, "1a2c7794-6d9e-4d2a-bc8a-89e1e1510714", {}]' [47 bytes]
2023-03-29 13:39:02,998 - DEBUG - = connection is CLOSING
2023-03-29 13:39:02,998 - DEBUG - > CLOSE 1000 (OK) [2 bytes]
2023-03-29 13:39:03,014 - DEBUG - < CLOSE 1000 (OK) [2 bytes]
2023-03-29 13:39:03,019 - DEBUG - = connection is CLOSED
2023-03-29 13:39:03,028 - DEBUG - = connection is CONNECTING
2023-03-29 13:39:03,062 - DEBUG - > GET /ocpp16/ELA007C05/EVSCA050001 HTTP/1.1
2023-03-29 13:39:03,062 - DEBUG - > Host: ws.devevspcharger.uplus.co.kr
2023-03-29 13:39:03,062 - DEBUG - > Upgrade: websocket
2023-03-29 13:39:03,063 - DEBUG - > Connection: Upgrade
2023-03-29 13:39:03,063 - DEBUG - > Sec-WebSocket-Key: ILekXBJ3Iap1DkqBE6OiwA==
2023-03-29 13:39:03,063 - DEBUG - > Sec-WebSocket-Version: 13
2023-03-29 13:39:03,063 - DEBUG - > Sec-WebSocket-Extensions: permessage-deflate; client_max_window_bits
2023-03-29 13:39:03,063 - DEBUG - > Sec-WebSocket-Protocol: ocpp1.6
2023-03-29 13:39:03,063 - DEBUG - > Authorization: Basic RVZBUjpFVkFSTEdV
2023-03-29 13:39:03,063 - DEBUG - > User-Agent: Python/3.11 websockets/10.4
2023-03-29 13:39:03,267 - DEBUG - < HTTP/1.1 101 Switching Protocols
2023-03-29 13:39:03,267 - DEBUG - < Connection: upgrade
2023-03-29 13:39:03,267 - DEBUG - < Date: Wed, 29 Mar 2023 04:38:59 GMT
2023-03-29 13:39:03,268 - DEBUG - < sec-websocket-protocol: ocpp1.6
2023-03-29 13:39:03,268 - DEBUG - < upgrade: websocket
2023-03-29 13:39:03,268 - DEBUG - < sec-websocket-accept: q36vdM/vKwsjjccsCn3LJdScx9k=
2023-03-29 13:39:03,268 - DEBUG - < sec-websocket-extensions: permessage-deflate
2023-03-29 13:39:03,268 - DEBUG - < X-Cache: Miss from cloudfront
2023-03-29 13:39:03,269 - DEBUG - < Via: 1.1 addf940186af6aa7dc864a17e45130c6.cloudfront.net (CloudFront)
2023-03-29 13:39:03,269 - DEBUG - < X-Amz-Cf-Pop: ICN57-P2
2023-03-29 13:39:03,269 - DEBUG - < X-Amz-Cf-Id: 2BPsxvPDgkjeUegEdbNMS6RYqvzEP8pBKRQWr2F3fV6EqeeOxYxOJg==
2023-03-29 13:39:03,269 - DEBUG - = connection is OPEN
2023-03-29 13:39:03,298 - DEBUG - > TEXT '[2, "4ca5a9db-7fbe-4645-8690-df998dddefbe", "Bo...ePointVendor": "EVAR"}]' [127 bytes]
2023-03-29 13:39:03,526 - DEBUG - < TEXT '[3, "4ca5a9db-7fbe-4645-8690-df998dddefbe", {"s...59Z", "interval": 600}]' [123 bytes]
2023-03-29 13:39:03,562 - DEBUG - Starting new HTTPS connection (1): 8b434254zg.execute-api.ap-northeast-2.amazonaws.com:443
2023-03-29 13:39:03,978 - DEBUG - https://8b434254zg.execute-api.ap-northeast-2.amazonaws.com:443 "POST /dev/ioc HTTP/1.1" 200 148
2023-03-29 13:39:04,023 - DEBUG - < TEXT '[2, "0138ce03-e28b-42d8-a3f3-6c97251c9263", "Ge...izeRemoteTxRequests"]}]' [103 bytes]
2023-03-29 13:39:04,030 - DEBUG - > TEXT '[3, "0138ce03-e28b-42d8-a3f3-6c97251c9263", {"c... "status": "Accepted"}]' [139 bytes]
2023-03-29 13:39:04,204 - DEBUG - < TEXT '' [0 bytes]
2023-03-29 13:39:04,243 - DEBUG - > TEXT '[2, "0cdcfd18-a6ad-470a-941d-94cc8429bfdb", "St..."status": "Preparing"}]' [132 bytes]
2023-03-29 13:39:04,435 - DEBUG - < TEXT '[3, "0cdcfd18-a6ad-470a-941d-94cc8429bfdb", {}]' [47 bytes]
2023-03-29 13:39:04,472 - DEBUG - Starting new HTTPS connection (1): 8b434254zg.execute-api.ap-northeast-2.amazonaws.com:443
2023-03-29 13:39:04,881 - DEBUG - https://8b434254zg.execute-api.ap-northeast-2.amazonaws.com:443 "POST /dev/ioc HTTP/1.1" 200 145
2023-03-29 13:39:04,945 - DEBUG - < TEXT '[2, "33ce50d8-8e15-4f3b-81f4-3fca473f926b", "Re...": "1031040000069641"}]' [100 bytes]
2023-03-29 13:39:04,950 - DEBUG - > TEXT '[3, "33ce50d8-8e15-4f3b-81f4-3fca473f926b", {"status": "Accepted"}]' [67 bytes]
2023-03-29 13:39:05,141 - DEBUG - < TEXT '' [0 bytes]
2023-03-29 13:39:05,173 - DEBUG - > TEXT '[2, "469d7b5c-bc3d-419f-ab68-265983959489", "Au...": "1031040000069641"}]' [87 bytes]
2023-03-29 13:39:05,426 - DEBUG - < TEXT '[3, "469d7b5c-bc3d-419f-ab68-265983959489", {"i..."status": "Accepted"}}]' [82 bytes]
2023-03-29 13:39:05,464 - DEBUG - > TEXT '[2, "65443480-8186-45ac-b223-c21d6e42c638", "St...2023-03-29T13:26:29Z"}]' [170 bytes]
2023-03-29 13:39:05,750 - DEBUG - < TEXT '[3, "65443480-8186-45ac-b223-c21d6e42c638", {"t..."status": "Accepted"}}]' [110 bytes]
2023-03-29 13:39:05,797 - DEBUG - > TEXT '[2, "c9255854-9bfc-43ca-89c4-81caee2f6725", "St... "status": "Charging"}]' [131 bytes]
2023-03-29 13:39:05,987 - DEBUG - < TEXT '[3, "c9255854-9bfc-43ca-89c4-81caee2f6725", {}]' [47 bytes]
2023-03-29 13:39:06,029 - DEBUG - Starting new HTTPS connection (1): 8b434254zg.execute-api.ap-northeast-2.amazonaws.com:443
2023-03-29 13:39:06,438 - DEBUG - https://8b434254zg.execute-api.ap-northeast-2.amazonaws.com:443 "POST /dev/ioc HTTP/1.1" 200 143
2023-03-29 13:39:06,477 - DEBUG - < TEXT '[2, "0d207790-12ac-4d97-bb17-09c661c1a455", "Re...sactionId": 120533596}]' [98 bytes]
2023-03-29 13:39:06,484 - DEBUG - > TEXT '[3, "0d207790-12ac-4d97-bb17-09c661c1a455", {"status": "Accepted"}]' [67 bytes]
2023-03-29 13:39:06,674 - DEBUG - < TEXT '' [0 bytes]
2023-03-29 13:39:06,707 - DEBUG - > TEXT '[2, "d8bf3019-c576-4558-9e9d-a6549d483f00", "St...sactionId": 120533585}]' [149 bytes]
2023-03-29 13:39:06,994 - DEBUG - < TEXT '[3, "d8bf3019-c576-4558-9e9d-a6549d483f00", {"i..."status": "Accepted"}}]' [82 bytes]
2023-03-29 13:39:07,036 - DEBUG - > TEXT '[2, "5bc55039-3be5-4c4d-98c2-2774bbd1e3cb", "St..."status": "Finishing"}]' [132 bytes]
2023-03-29 13:39:07,226 - DEBUG - < TEXT '[3, "5bc55039-3be5-4c4d-98c2-2774bbd1e3cb", {}]' [47 bytes]
2023-03-29 13:39:07,262 - DEBUG - > TEXT '[2, "19c7923b-40be-40a4-8440-6b894ce4ab74", "St..."status": "Available"}]' [132 bytes]
2023-03-29 13:39:07,444 - DEBUG - < TEXT '[3, "19c7923b-40be-40a4-8440-6b894ce4ab74", {}]' [47 bytes]
2023-03-29 13:39:07,462 - DEBUG - = connection is CLOSING
2023-03-29 13:39:07,462 - DEBUG - > CLOSE 1000 (OK) [2 bytes]
2023-03-29 13:39:07,469 - DEBUG - < CLOSE 1000 (OK) [2 bytes]
2023-03-29 13:39:07,474 - DEBUG - = connection is CLOSED
2023-03-29 13:39:07,481 - DEBUG - = connection is CONNECTING
2023-03-29 13:39:07,514 - DEBUG - > GET /ocpp16/ELA007C05/EVSCA050001 HTTP/1.1
2023-03-29 13:39:07,514 - DEBUG - > Host: ws.devevspcharger.uplus.co.kr
2023-03-29 13:39:07,514 - DEBUG - > Upgrade: websocket
2023-03-29 13:39:07,514 - DEBUG - > Connection: Upgrade
2023-03-29 13:39:07,514 - DEBUG - > Sec-WebSocket-Key: +tj6fPaanDCHbX3MmXZFNw==
2023-03-29 13:39:07,514 - DEBUG - > Sec-WebSocket-Version: 13
2023-03-29 13:39:07,514 - DEBUG - > Sec-WebSocket-Extensions: permessage-deflate; client_max_window_bits
2023-03-29 13:39:07,514 - DEBUG - > Sec-WebSocket-Protocol: ocpp1.6
2023-03-29 13:39:07,515 - DEBUG - > Authorization: Basic RVZBUjpFVkFSTEdV
2023-03-29 13:39:07,515 - DEBUG - > User-Agent: Python/3.11 websockets/10.4
2023-03-29 13:39:07,722 - DEBUG - < HTTP/1.1 101 Switching Protocols
2023-03-29 13:39:07,723 - DEBUG - < Connection: upgrade
2023-03-29 13:39:07,723 - DEBUG - < Date: Wed, 29 Mar 2023 04:39:03 GMT
2023-03-29 13:39:07,723 - DEBUG - < sec-websocket-protocol: ocpp1.6
2023-03-29 13:39:07,723 - DEBUG - < upgrade: websocket
2023-03-29 13:39:07,723 - DEBUG - < sec-websocket-accept: kXJ9vkoIdSaPSarIy2k4vL4C29E=
2023-03-29 13:39:07,724 - DEBUG - < sec-websocket-extensions: permessage-deflate
2023-03-29 13:39:07,724 - DEBUG - < X-Cache: Miss from cloudfront
2023-03-29 13:39:07,724 - DEBUG - < Via: 1.1 5b6f80c06c5584561e15bd2fd58882ee.cloudfront.net (CloudFront)
2023-03-29 13:39:07,724 - DEBUG - < X-Amz-Cf-Pop: ICN57-P2
2023-03-29 13:39:07,724 - DEBUG - < X-Amz-Cf-Id: HA3ntnPh5sxgSDWRsA-TBA96rOpg0_YUyhXplXXNqWI_BYrpjI4acw==
2023-03-29 13:39:07,725 - DEBUG - = connection is OPEN
2023-03-29 13:39:07,764 - DEBUG - > TEXT '[2, "189ab07c-c013-4c83-8a31-e54aab490d29", "Bo...ePointVendor": "EVAR"}]' [127 bytes]
2023-03-29 13:39:07,966 - DEBUG - < TEXT '[3, "189ab07c-c013-4c83-8a31-e54aab490d29", {"s...04Z", "interval": 600}]' [123 bytes]
2023-03-29 13:39:08,021 - DEBUG - Starting new HTTPS connection (1): 8b434254zg.execute-api.ap-northeast-2.amazonaws.com:443
2023-03-29 13:39:08,437 - DEBUG - https://8b434254zg.execute-api.ap-northeast-2.amazonaws.com:443 "POST /dev/ioc HTTP/1.1" 200 153
2023-03-29 13:39:08,475 - DEBUG - < TEXT '[2, "f435de66-ffdd-405d-9fb2-266ac01182c4", "Ch...ve", "connectorId": 1}]' [108 bytes]
2023-03-29 13:39:08,486 - DEBUG - > TEXT '[2, "f435de66-ffdd-405d-9fb2-266ac01182c4", {"status": "Accepted"}]' [67 bytes]
2023-03-29 13:39:08,525 - DEBUG - < TEXT '{"message": "Internal server error", "connectio...Id":"ChsUaFzToE0Fi_Q="}' [103 bytes]
2023-03-29 13:39:08,565 - DEBUG - > TEXT '[2, "86dd8b15-b64a-4422-9e4d-0842c3eb2665", "St...tatus": "Unavailable"}]' [134 bytes]
2023-03-29 13:39:08,784 - DEBUG - < TEXT '[3, "86dd8b15-b64a-4422-9e4d-0842c3eb2665", {}]' [47 bytes]
2023-03-29 13:39:08,826 - DEBUG - Starting new HTTPS connection (1): 8b434254zg.execute-api.ap-northeast-2.amazonaws.com:443
2023-03-29 13:39:09,219 - DEBUG - https://8b434254zg.execute-api.ap-northeast-2.amazonaws.com:443 "POST /dev/ioc HTTP/1.1" 200 115
2023-03-29 13:39:09,263 - DEBUG - < TEXT '[2, "629e9375-fc99-479e-a345-b87b398342ba", "Reset", {"type": "Hard"}]' [70 bytes]
2023-03-29 13:39:09,284 - DEBUG - > TEXT '[3, "629e9375-fc99-479e-a345-b87b398342ba", {"status": "Accepted"}]' [67 bytes]
2023-03-29 13:39:09,474 - DEBUG - < TEXT '' [0 bytes]
2023-03-29 13:39:09,515 - DEBUG - > TEXT '[2, "cf0d282a-f5eb-4dac-874b-ef69057f54d4", "Bo...ePointVendor": "EVAR"}]' [127 bytes]
2023-03-29 13:39:09,712 - DEBUG - < TEXT '[3, "cf0d282a-f5eb-4dac-874b-ef69057f54d4", {"s...05Z", "interval": 600}]' [123 bytes]
2023-03-29 13:39:09,755 - DEBUG - > TEXT '[2, "3e21db3b-6b83-4aa3-905d-c68ca608e077", "St...tatus": "Unavailable"}]' [134 bytes]
2023-03-29 13:39:09,974 - DEBUG - < TEXT '[3, "3e21db3b-6b83-4aa3-905d-c68ca608e077", {}]' [47 bytes]
2023-03-29 13:39:10,035 - DEBUG - > TEXT '[2, "10312fab-2226-48ba-bb9d-a9f5dfdd1f60", "St..."status": "Available"}]' [132 bytes]
2023-03-29 13:39:10,203 - DEBUG - < TEXT '[3, "10312fab-2226-48ba-bb9d-a9f5dfdd1f60", {}]' [47 bytes]
2023-03-29 13:39:10,248 - DEBUG - Starting new HTTPS connection (1): 8b434254zg.execute-api.ap-northeast-2.amazonaws.com:443
2023-03-29 13:39:10,656 - DEBUG - https://8b434254zg.execute-api.ap-northeast-2.amazonaws.com:443 "POST /dev/ioc HTTP/1.1" 200 151
2023-03-29 13:39:10,704 - DEBUG - < TEXT '[2, "0f5ad62e-2dd1-4acb-9d19-7457ff3fa332", "Ch...ve", "connectorId": 1}]' [106 bytes]
2023-03-29 13:39:10,710 - DEBUG - > TEXT '[2, "0f5ad62e-2dd1-4acb-9d19-7457ff3fa332", {"status": "Accepted"}]' [67 bytes]
2023-03-29 13:39:10,745 - DEBUG - < TEXT '{"message": "Internal server error", "connectio...Id":"ChsUwFOhIE0Fdwg="}' [103 bytes]
2023-03-29 13:39:10,784 - DEBUG - > TEXT '[2, "49de5021-5337-477c-9d9e-8d13708b6064", "St..."status": "Available"}]' [132 bytes]
2023-03-29 13:39:10,983 - DEBUG - < TEXT '[3, "49de5021-5337-477c-9d9e-8d13708b6064", {}]' [47 bytes]
2023-03-29 13:39:11,001 - DEBUG - = connection is CLOSING
2023-03-29 13:39:11,002 - DEBUG - > CLOSE 1000 (OK) [2 bytes]
2023-03-29 13:39:11,009 - DEBUG - < CLOSE 1000 (OK) [2 bytes]
2023-03-29 13:39:11,016 - DEBUG - = connection is CLOSED
2023-03-29 13:39:11,026 - DEBUG - = connection is CONNECTING
2023-03-29 13:39:11,069 - DEBUG - > GET /ocpp16/ELA007C05/EVSCA050001 HTTP/1.1
2023-03-29 13:39:11,069 - DEBUG - > Host: ws.devevspcharger.uplus.co.kr
2023-03-29 13:39:11,069 - DEBUG - > Upgrade: websocket
2023-03-29 13:39:11,069 - DEBUG - > Connection: Upgrade
2023-03-29 13:39:11,069 - DEBUG - > Sec-WebSocket-Key: YgXdOOlSgyTb3XUFv2CKjA==
2023-03-29 13:39:11,069 - DEBUG - > Sec-WebSocket-Version: 13
2023-03-29 13:39:11,069 - DEBUG - > Sec-WebSocket-Extensions: permessage-deflate; client_max_window_bits
2023-03-29 13:39:11,069 - DEBUG - > Sec-WebSocket-Protocol: ocpp1.6
2023-03-29 13:39:11,069 - DEBUG - > Authorization: Basic RVZBUjpFVkFSTEdV
2023-03-29 13:39:11,070 - DEBUG - > User-Agent: Python/3.11 websockets/10.4
2023-03-29 13:39:11,266 - DEBUG - < HTTP/1.1 101 Switching Protocols
2023-03-29 13:39:11,266 - DEBUG - < Connection: upgrade
2023-03-29 13:39:11,266 - DEBUG - < Date: Wed, 29 Mar 2023 04:39:07 GMT
2023-03-29 13:39:11,267 - DEBUG - < sec-websocket-protocol: ocpp1.6
2023-03-29 13:39:11,267 - DEBUG - < upgrade: websocket
2023-03-29 13:39:11,267 - DEBUG - < sec-websocket-accept: sVnrOKdg2/GXnTYYdwaIjNMoyLU=
2023-03-29 13:39:11,267 - DEBUG - < sec-websocket-extensions: permessage-deflate
2023-03-29 13:39:11,268 - DEBUG - < X-Cache: Miss from cloudfront
2023-03-29 13:39:11,268 - DEBUG - < Via: 1.1 5b6f80c06c5584561e15bd2fd58882ee.cloudfront.net (CloudFront)
2023-03-29 13:39:11,268 - DEBUG - < X-Amz-Cf-Pop: ICN57-P2
2023-03-29 13:39:11,268 - DEBUG - < X-Amz-Cf-Id: HIl3KqPxVnsmIuwJ670A_u3VbCvbSoVWMu8LLYNATG8lrTLiS9lU_A==
2023-03-29 13:39:11,269 - DEBUG - = connection is OPEN
2023-03-29 13:39:11,310 - DEBUG - > TEXT '[2, "46a08d1b-b315-4d7d-970e-593c3e19d947", "Bo...ePointVendor": "EVAR"}]' [127 bytes]
2023-03-29 13:39:11,525 - DEBUG - < TEXT '[3, "46a08d1b-b315-4d7d-970e-593c3e19d947", {"s...07Z", "interval": 600}]' [123 bytes]
2023-03-29 13:39:11,568 - DEBUG - Starting new HTTPS connection (1): 8b434254zg.execute-api.ap-northeast-2.amazonaws.com:443
2023-03-29 13:39:11,980 - DEBUG - https://8b434254zg.execute-api.ap-northeast-2.amazonaws.com:443 "POST /dev/ioc HTTP/1.1" 200 153
2023-03-29 13:39:12,039 - DEBUG - < TEXT '[2, "48c9838d-5be1-4928-a6fc-9d2d80512343", "Ch...ve", "connectorId": 1}]' [108 bytes]
2023-03-29 13:39:12,049 - DEBUG - > TEXT '[2, "48c9838d-5be1-4928-a6fc-9d2d80512343", {"status": "Accepted"}]' [67 bytes]
2023-03-29 13:39:12,086 - DEBUG - < TEXT '{"message": "Internal server error", "connectio...Id":"ChsU9HyqIE0FVdQ="}' [103 bytes]
2023-03-29 13:39:12,144 - DEBUG - > TEXT '[2, "80257722-97ee-4009-9557-4df987cb0f9c", "St...tatus": "Unavailable"}]' [134 bytes]
2023-03-29 13:39:12,367 - DEBUG - < TEXT '[3, "80257722-97ee-4009-9557-4df987cb0f9c", {}]' [47 bytes]
2023-03-29 13:39:12,414 - DEBUG - Starting new HTTPS connection (1): 8b434254zg.execute-api.ap-northeast-2.amazonaws.com:443
2023-03-29 13:39:12,839 - DEBUG - https://8b434254zg.execute-api.ap-northeast-2.amazonaws.com:443 "POST /dev/ioc HTTP/1.1" 200 115
2023-03-29 13:39:12,883 - DEBUG - < TEXT '[2, "55ba709d-502b-45fa-b9ba-57ce151537f3", "Reset", {"type": "Hard"}]' [70 bytes]
2023-03-29 13:39:12,888 - DEBUG - > TEXT '[3, "55ba709d-502b-45fa-b9ba-57ce151537f3", {"status": "Accepted"}]' [67 bytes]
2023-03-29 13:39:13,089 - DEBUG - < TEXT '' [0 bytes]
2023-03-29 13:39:13,131 - DEBUG - > TEXT '[2, "f7573c30-be57-4e0f-b528-da4c8fd4bd5f", "Bo...ePointVendor": "EVAR"}]' [127 bytes]
2023-03-29 13:39:13,325 - DEBUG - < TEXT '[3, "f7573c30-be57-4e0f-b528-da4c8fd4bd5f", {"s...09Z", "interval": 600}]' [123 bytes]
2023-03-29 13:39:13,385 - DEBUG - > TEXT '[2, "c26be388-9eee-4f49-9cc1-766eca8ee2ed", "St...tatus": "Unavailable"}]' [134 bytes]
2023-03-29 13:39:13,625 - DEBUG - < TEXT '[3, "c26be388-9eee-4f49-9cc1-766eca8ee2ed", {}]' [47 bytes]
2023-03-29 13:39:13,655 - DEBUG - > TEXT '[2, "5c082ef6-d281-4229-bfda-11e2039fdb89", "St..."status": "Available"}]' [132 bytes]
2023-03-29 13:39:13,847 - DEBUG - < TEXT '[3, "5c082ef6-d281-4229-bfda-11e2039fdb89", {}]' [47 bytes]
2023-03-29 13:39:13,899 - DEBUG - Starting new HTTPS connection (1): 8b434254zg.execute-api.ap-northeast-2.amazonaws.com:443
2023-03-29 13:39:14,320 - DEBUG - https://8b434254zg.execute-api.ap-northeast-2.amazonaws.com:443 "POST /dev/ioc HTTP/1.1" 200 151
2023-03-29 13:39:14,367 - DEBUG - < TEXT '[2, "dfa9069d-a8f4-4bc8-a8da-632a3b62909f", "Ch...ve", "connectorId": 1}]' [106 bytes]
2023-03-29 13:39:14,370 - DEBUG - > TEXT '[2, "dfa9069d-a8f4-4bc8-a8da-632a3b62909f", {"status": "Accepted"}]' [67 bytes]
2023-03-29 13:39:14,406 - DEBUG - < TEXT '{"message": "Internal server error", "connectio...Id":"ChsVUFkmoE0FRjA="}' [103 bytes]
2023-03-29 13:39:14,446 - DEBUG - > TEXT '[2, "484ab8e7-6a4f-49b4-a986-dd0137c204f5", "St..."status": "Available"}]' [132 bytes]
2023-03-29 13:39:14,625 - DEBUG - < TEXT '[3, "484ab8e7-6a4f-49b4-a986-dd0137c204f5", {}]' [47 bytes]
2023-03-29 13:39:14,643 - DEBUG - = connection is CLOSING
2023-03-29 13:39:14,643 - DEBUG - > CLOSE 1000 (OK) [2 bytes]
2023-03-29 13:39:14,650 - DEBUG - < CLOSE 1000 (OK) [2 bytes]
2023-03-29 13:39:14,667 - DEBUG - = connection is CLOSED
2023-03-29 13:39:14,676 - DEBUG - = connection is CONNECTING
2023-03-29 13:39:14,703 - DEBUG - > GET /ocpp16/ELA007C05/EVSCA050001 HTTP/1.1
2023-03-29 13:39:14,703 - DEBUG - > Host: ws.devevspcharger.uplus.co.kr
2023-03-29 13:39:14,703 - DEBUG - > Upgrade: websocket
2023-03-29 13:39:14,703 - DEBUG - > Connection: Upgrade
2023-03-29 13:39:14,703 - DEBUG - > Sec-WebSocket-Key: KD5RudwZ/h1BQRkcHCSHXA==
2023-03-29 13:39:14,703 - DEBUG - > Sec-WebSocket-Version: 13
2023-03-29 13:39:14,704 - DEBUG - > Sec-WebSocket-Extensions: permessage-deflate; client_max_window_bits
2023-03-29 13:39:14,704 - DEBUG - > Sec-WebSocket-Protocol: ocpp1.6
2023-03-29 13:39:14,704 - DEBUG - > Authorization: Basic RVZBUjpFVkFSTEdV
2023-03-29 13:39:14,704 - DEBUG - > User-Agent: Python/3.11 websockets/10.4
2023-03-29 13:39:14,924 - DEBUG - < HTTP/1.1 101 Switching Protocols
2023-03-29 13:39:14,924 - DEBUG - < Connection: upgrade
2023-03-29 13:39:14,925 - DEBUG - < Date: Wed, 29 Mar 2023 04:39:11 GMT
2023-03-29 13:39:14,925 - DEBUG - < sec-websocket-protocol: ocpp1.6
2023-03-29 13:39:14,925 - DEBUG - < upgrade: websocket
2023-03-29 13:39:14,925 - DEBUG - < sec-websocket-accept: k7GwygHOIJj6DhDQoPQlzlQvvP4=
2023-03-29 13:39:14,926 - DEBUG - < sec-websocket-extensions: permessage-deflate
2023-03-29 13:39:14,926 - DEBUG - < X-Cache: Miss from cloudfront
2023-03-29 13:39:14,926 - DEBUG - < Via: 1.1 96d5e926418becbc899e1a730ab37236.cloudfront.net (CloudFront)
2023-03-29 13:39:14,926 - DEBUG - < X-Amz-Cf-Pop: ICN57-P2
2023-03-29 13:39:14,926 - DEBUG - < X-Amz-Cf-Id: 0EOtcIKUtXCQS5Alktx2zLbELFDcn9Vmn9ef0RfT6Rm3LqTLgOEzwA==
2023-03-29 13:39:14,926 - DEBUG - = connection is OPEN
2023-03-29 13:39:14,956 - DEBUG - Starting new HTTPS connection (1): 8b434254zg.execute-api.ap-northeast-2.amazonaws.com:443
2023-03-29 13:39:15,418 - DEBUG - https://8b434254zg.execute-api.ap-northeast-2.amazonaws.com:443 "POST /dev/ioc HTTP/1.1" 200 127
2023-03-29 13:39:15,470 - DEBUG - < TEXT '[2, "a286900c-5b7c-4b2d-8358-0a088c222f00", "Un...r", {"connectorId": 1}]' [82 bytes]
2023-03-29 13:39:15,483 - DEBUG - > TEXT '[3, "a286900c-5b7c-4b2d-8358-0a088c222f00", {"status": "Unlocked"}]' [67 bytes]
2023-03-29 13:39:15,666 - DEBUG - < TEXT '' [0 bytes]
2023-03-29 13:39:15,679 - DEBUG - = connection is CLOSING
2023-03-29 13:39:15,679 - DEBUG - > CLOSE 1000 (OK) [2 bytes]
2023-03-29 13:39:15,686 - DEBUG - < CLOSE 1000 (OK) [2 bytes]
2023-03-29 13:39:15,692 - DEBUG - = connection is CLOSED
2023-03-29 13:39:20,927 - DEBUG - % sending keepalive ping
2023-03-29 13:39:20,929 - DEBUG - > PING 2d be 72 bd [binary, 4 bytes]
2023-03-29 13:39:20,939 - DEBUG - < PONG 2d be 72 bd [binary, 4 bytes]
2023-03-29 13:39:20,958 - DEBUG - % received keepalive pong
2023-03-29 13:39:40,947 - DEBUG - % sending keepalive ping
2023-03-29 13:39:40,947 - DEBUG - > PING f8 ef b6 c7 [binary, 4 bytes]
2023-03-29 13:39:40,960 - DEBUG - < PONG f8 ef b6 c7 [binary, 4 bytes]
2023-03-29 13:39:40,964 - DEBUG - % received keepalive pong
2023-03-29 13:40:00,972 - DEBUG - % sending keepalive ping
2023-03-29 13:40:00,972 - DEBUG - > PING 78 ed 19 f4 [binary, 4 bytes]
2023-03-29 13:40:00,994 - DEBUG - < PONG 78 ed 19 f4 [binary, 4 bytes]
2023-03-29 13:40:01,004 - DEBUG - % received keepalive pong
2023-03-29 13:40:21,099 - DEBUG - % sending keepalive ping
2023-03-29 13:40:21,100 - DEBUG - > PING f5 88 06 24 [binary, 4 bytes]
2023-03-29 13:40:21,117 - DEBUG - < PONG f5 88 06 24 [binary, 4 bytes]
2023-03-29 13:40:21,140 - DEBUG - % received keepalive pong
2023-03-29 13:40:41,141 - DEBUG - % sending keepalive ping
2023-03-29 13:40:41,141 - DEBUG - > PING 1d 92 22 e0 [binary, 4 bytes]
2023-03-29 13:40:41,151 - DEBUG - < PONG 1d 92 22 e0 [binary, 4 bytes]
2023-03-29 13:40:41,155 - DEBUG - % received keepalive pong
2023-03-29 13:41:01,143 - DEBUG - % sending keepalive ping
2023-03-29 13:41:01,144 - DEBUG - > PING 8f 8b 7f 87 [binary, 4 bytes]
2023-03-29 13:41:01,152 - DEBUG - < PONG 8f 8b 7f 87 [binary, 4 bytes]
2023-03-29 13:41:01,171 - DEBUG - % received keepalive pong
2023-03-29 13:41:21,178 - DEBUG - % sending keepalive ping
2023-03-29 13:41:21,178 - DEBUG - > PING f6 be b5 11 [binary, 4 bytes]
2023-03-29 13:41:21,186 - DEBUG - < PONG f6 be b5 11 [binary, 4 bytes]
2023-03-29 13:41:21,190 - DEBUG - % received keepalive pong
2023-03-29 13:41:41,183 - DEBUG - % sending keepalive ping
2023-03-29 13:41:41,183 - DEBUG - > PING 41 f2 15 72 [binary, 4 bytes]
2023-03-29 13:41:41,192 - DEBUG - < PONG 41 f2 15 72 [binary, 4 bytes]
2023-03-29 13:41:41,196 - DEBUG - % received keepalive pong
2023-03-29 13:42:01,190 - DEBUG - % sending keepalive ping
2023-03-29 13:42:01,190 - DEBUG - > PING 1e 86 d6 bf [binary, 4 bytes]
2023-03-29 13:42:01,199 - DEBUG - < PONG 1e 86 d6 bf [binary, 4 bytes]
2023-03-29 13:42:01,209 - DEBUG - % received keepalive pong
2023-03-29 13:42:21,195 - DEBUG - % sending keepalive ping
2023-03-29 13:42:21,196 - DEBUG - > PING c0 1b 3b 8d [binary, 4 bytes]
2023-03-29 13:42:21,208 - DEBUG - < PONG c0 1b 3b 8d [binary, 4 bytes]
2023-03-29 13:42:21,214 - DEBUG - % received keepalive pong
2023-03-29 13:42:41,216 - DEBUG - % sending keepalive ping
2023-03-29 13:42:41,216 - DEBUG - > PING '-v\u0544' [text, 4 bytes]
2023-03-29 13:42:41,397 - DEBUG - < PONG '-v\u0544' [text, 4 bytes]
2023-03-29 13:42:41,400 - DEBUG - % received keepalive pong
2023-03-29 13:43:01,397 - DEBUG - % sending keepalive ping
2023-03-29 13:43:01,397 - DEBUG - > PING '\r\x1d\x03O' [text, 4 bytes]
2023-03-29 13:43:01,408 - DEBUG - < PONG '\r\x1d\x03O' [text, 4 bytes]
2023-03-29 13:43:01,421 - DEBUG - % received keepalive pong
2023-03-29 13:43:21,424 - DEBUG - % sending keepalive ping
2023-03-29 13:43:21,425 - DEBUG - > PING 86 d7 0d 43 [binary, 4 bytes]
2023-03-29 13:43:21,434 - DEBUG - < PONG 86 d7 0d 43 [binary, 4 bytes]
2023-03-29 13:43:21,441 - DEBUG - % received keepalive pong
2023-03-29 13:43:41,442 - DEBUG - % sending keepalive ping
2023-03-29 13:43:41,442 - DEBUG - > PING a7 26 ff ca [binary, 4 bytes]
2023-03-29 13:43:41,451 - DEBUG - < PONG a7 26 ff ca [binary, 4 bytes]
2023-03-29 13:43:41,457 - DEBUG - % received keepalive pong
2023-03-29 13:44:01,447 - DEBUG - % sending keepalive ping
2023-03-29 13:44:01,447 - DEBUG - > PING 0a c7 6d 42 [binary, 4 bytes]
2023-03-29 13:44:01,455 - DEBUG - < PONG 0a c7 6d 42 [binary, 4 bytes]
2023-03-29 13:44:01,458 - DEBUG - % received keepalive pong
2023-03-29 13:44:21,434 - DEBUG - % sending keepalive ping
2023-03-29 13:44:21,435 - DEBUG - > PING '\x00_\u04cb' [text, 4 bytes]
2023-03-29 13:44:21,445 - DEBUG - < PONG '\x00_\u04cb' [text, 4 bytes]
2023-03-29 13:44:21,454 - DEBUG - % received keepalive pong
2023-03-29 13:44:41,438 - DEBUG - % sending keepalive ping
2023-03-29 13:44:41,438 - DEBUG - > PING cf 7d b4 94 [binary, 4 bytes]
2023-03-29 13:44:41,447 - DEBUG - < PONG cf 7d b4 94 [binary, 4 bytes]
2023-03-29 13:44:41,453 - DEBUG - % received keepalive pong
2023-03-29 13:45:01,439 - DEBUG - % sending keepalive ping
2023-03-29 13:45:01,439 - DEBUG - > PING 16 aa 57 3f [binary, 4 bytes]
2023-03-29 13:45:01,448 - DEBUG - < PONG 16 aa 57 3f [binary, 4 bytes]
2023-03-29 13:45:01,453 - DEBUG - % received keepalive pong
2023-03-29 13:45:21,440 - DEBUG - % sending keepalive ping
2023-03-29 13:45:21,440 - DEBUG - > PING '\x12UxB' [text, 4 bytes]
2023-03-29 13:45:21,451 - DEBUG - < PONG '\x12UxB' [text, 4 bytes]
2023-03-29 13:45:21,455 - DEBUG - % received keepalive pong
2023-03-29 13:45:41,444 - DEBUG - % sending keepalive ping
2023-03-29 13:45:41,444 - DEBUG - > PING 6f 54 93 9b [binary, 4 bytes]
2023-03-29 13:45:41,453 - DEBUG - < PONG 6f 54 93 9b [binary, 4 bytes]
2023-03-29 13:45:41,456 - DEBUG - % received keepalive pong
2023-03-29 13:46:01,446 - DEBUG - % sending keepalive ping
2023-03-29 13:46:01,446 - DEBUG - > PING fb c8 52 08 [binary, 4 bytes]
2023-03-29 13:46:01,454 - DEBUG - < PONG fb c8 52 08 [binary, 4 bytes]
2023-03-29 13:46:01,460 - DEBUG - % received keepalive pong
2023-03-29 13:46:21,443 - DEBUG - % sending keepalive ping
2023-03-29 13:46:21,443 - DEBUG - > PING 67 d8 c8 a6 [binary, 4 bytes]
2023-03-29 13:46:21,451 - DEBUG - < PONG 67 d8 c8 a6 [binary, 4 bytes]
2023-03-29 13:46:21,455 - DEBUG - % received keepalive pong
2023-03-29 13:46:41,454 - DEBUG - % sending keepalive ping
2023-03-29 13:46:41,454 - DEBUG - > PING 22 12 f6 04 [binary, 4 bytes]
2023-03-29 13:46:41,464 - DEBUG - < PONG 22 12 f6 04 [binary, 4 bytes]
2023-03-29 13:46:41,469 - DEBUG - % received keepalive pong
2023-03-29 13:47:01,472 - DEBUG - % sending keepalive ping
2023-03-29 13:47:01,473 - DEBUG - > PING 55 51 18 a7 [binary, 4 bytes]
2023-03-29 13:47:01,481 - DEBUG - < PONG 55 51 18 a7 [binary, 4 bytes]
2023-03-29 13:47:01,488 - DEBUG - % received keepalive pong
2023-03-29 13:47:21,476 - DEBUG - % sending keepalive ping
2023-03-29 13:47:21,477 - DEBUG - > PING ba 54 c1 cf [binary, 4 bytes]
2023-03-29 13:47:21,490 - DEBUG - < PONG ba 54 c1 cf [binary, 4 bytes]
2023-03-29 13:47:21,498 - DEBUG - % received keepalive pong
2023-03-29 13:47:41,506 - DEBUG - % sending keepalive ping
2023-03-29 13:47:41,507 - DEBUG - > PING 76 d4 eb 0a [binary, 4 bytes]
2023-03-29 13:47:41,515 - DEBUG - < PONG 76 d4 eb 0a [binary, 4 bytes]
2023-03-29 13:47:41,518 - DEBUG - % received keepalive pong
2023-03-29 13:48:01,513 - DEBUG - % sending keepalive ping
2023-03-29 13:48:01,513 - DEBUG - > PING 77 90 d3 ec [binary, 4 bytes]
2023-03-29 13:48:01,522 - DEBUG - < PONG 77 90 d3 ec [binary, 4 bytes]
2023-03-29 13:48:01,526 - DEBUG - % received keepalive pong
2023-03-29 13:48:21,520 - DEBUG - % sending keepalive ping
2023-03-29 13:48:21,521 - DEBUG - > PING cf ef 5c 89 [binary, 4 bytes]
2023-03-29 13:48:21,529 - DEBUG - < PONG cf ef 5c 89 [binary, 4 bytes]
2023-03-29 13:48:21,535 - DEBUG - % received keepalive pong
2023-03-29 13:48:41,524 - DEBUG - % sending keepalive ping
2023-03-29 13:48:41,524 - DEBUG - > PING 8c 73 8b 38 [binary, 4 bytes]
2023-03-29 13:48:41,532 - DEBUG - < PONG 8c 73 8b 38 [binary, 4 bytes]
2023-03-29 13:48:41,535 - DEBUG - % received keepalive pong
2023-03-29 13:49:01,524 - DEBUG - % sending keepalive ping
2023-03-29 13:49:01,525 - DEBUG - > PING 45 d3 2d e6 [binary, 4 bytes]
2023-03-29 13:49:01,600 - DEBUG - < PONG 45 d3 2d e6 [binary, 4 bytes]
2023-03-29 13:49:01,604 - DEBUG - % received keepalive pong
2023-03-29 13:49:21,592 - DEBUG - % sending keepalive ping
2023-03-29 13:49:21,592 - DEBUG - > PING b4 52 ca 53 [binary, 4 bytes]
2023-03-29 13:49:21,602 - DEBUG - < PONG b4 52 ca 53 [binary, 4 bytes]
2023-03-29 13:49:21,614 - DEBUG - % received keepalive pong
2023-03-29 13:49:41,592 - DEBUG - % sending keepalive ping
2023-03-29 13:49:41,592 - DEBUG - > PING 97 10 e0 fd [binary, 4 bytes]
2023-03-29 13:49:41,606 - DEBUG - < PONG 97 10 e0 fd [binary, 4 bytes]
2023-03-29 13:49:41,610 - DEBUG - % received keepalive pong
2023-03-29 13:50:01,594 - DEBUG - % sending keepalive ping
2023-03-29 13:50:01,594 - DEBUG - > PING f2 da 02 d9 [binary, 4 bytes]
2023-03-29 13:50:01,603 - DEBUG - < PONG f2 da 02 d9 [binary, 4 bytes]
2023-03-29 13:50:01,610 - DEBUG - % received keepalive pong
2023-03-29 13:50:21,598 - DEBUG - % sending keepalive ping
2023-03-29 13:50:21,599 - DEBUG - > PING 9e 65 7b f6 [binary, 4 bytes]
2023-03-29 13:50:21,607 - DEBUG - < PONG 9e 65 7b f6 [binary, 4 bytes]
2023-03-29 13:50:21,612 - DEBUG - % received keepalive pong
2023-03-29 13:50:41,596 - DEBUG - % sending keepalive ping
2023-03-29 13:50:41,596 - DEBUG - > PING b5 88 ec 59 [binary, 4 bytes]
2023-03-29 13:50:41,604 - DEBUG - < PONG b5 88 ec 59 [binary, 4 bytes]
2023-03-29 13:50:41,608 - DEBUG - % received keepalive pong
2023-03-29 13:51:01,602 - DEBUG - % sending keepalive ping
2023-03-29 13:51:01,602 - DEBUG - > PING 57 11 6f 8f [binary, 4 bytes]
2023-03-29 13:51:01,614 - DEBUG - < PONG 57 11 6f 8f [binary, 4 bytes]
2023-03-29 13:51:01,620 - DEBUG - % received keepalive pong
2023-03-29 13:51:21,625 - DEBUG - % sending keepalive ping
2023-03-29 13:51:21,626 - DEBUG - > PING fe d4 b5 9a [binary, 4 bytes]
2023-03-29 13:51:21,640 - DEBUG - < PONG fe d4 b5 9a [binary, 4 bytes]
2023-03-29 13:51:21,648 - DEBUG - % received keepalive pong
2023-03-29 13:51:41,644 - DEBUG - % sending keepalive ping
2023-03-29 13:51:41,644 - DEBUG - > PING 84 8f 6b a2 [binary, 4 bytes]
2023-03-29 13:51:41,654 - DEBUG - < PONG 84 8f 6b a2 [binary, 4 bytes]
2023-03-29 13:51:41,660 - DEBUG - % received keepalive pong
2023-03-29 13:52:01,637 - DEBUG - % sending keepalive ping
2023-03-29 13:52:01,638 - DEBUG - > PING 6e ea 14 6b [binary, 4 bytes]
2023-03-29 13:52:01,647 - DEBUG - < PONG 6e ea 14 6b [binary, 4 bytes]
2023-03-29 13:52:01,651 - DEBUG - % received keepalive pong
2023-03-29 13:52:21,642 - DEBUG - % sending keepalive ping
2023-03-29 13:52:21,643 - DEBUG - > PING 62 5a 80 e8 [binary, 4 bytes]
2023-03-29 13:52:21,651 - DEBUG - < PONG 62 5a 80 e8 [binary, 4 bytes]
2023-03-29 13:52:21,662 - DEBUG - % received keepalive pong
2023-03-29 13:52:41,646 - DEBUG - % sending keepalive ping
2023-03-29 13:52:41,646 - DEBUG - > PING c8 5e 69 af [binary, 4 bytes]
2023-03-29 13:52:41,655 - DEBUG - < PONG c8 5e 69 af [binary, 4 bytes]
2023-03-29 13:52:41,657 - DEBUG - % received keepalive pong
2023-03-29 13:53:01,644 - DEBUG - % sending keepalive ping
2023-03-29 13:53:01,645 - DEBUG - > PING 4c 99 3f 15 [binary, 4 bytes]
2023-03-29 13:53:01,653 - DEBUG - < PONG 4c 99 3f 15 [binary, 4 bytes]
2023-03-29 13:53:01,660 - DEBUG - % received keepalive pong
2023-03-29 13:53:21,646 - DEBUG - % sending keepalive ping
2023-03-29 13:53:21,646 - DEBUG - > PING dc 7c a5 26 [binary, 4 bytes]
2023-03-29 13:53:21,661 - DEBUG - < PONG dc 7c a5 26 [binary, 4 bytes]
2023-03-29 13:53:21,666 - DEBUG - % received keepalive pong
2023-03-29 13:53:41,677 - DEBUG - % sending keepalive ping
2023-03-29 13:53:41,678 - DEBUG - > PING 48 bf 61 70 [binary, 4 bytes]
2023-03-29 13:53:41,686 - DEBUG - < PONG 48 bf 61 70 [binary, 4 bytes]
2023-03-29 13:53:41,688 - DEBUG - % received keepalive pong
2023-03-29 13:54:01,697 - DEBUG - % sending keepalive ping
2023-03-29 13:54:01,697 - DEBUG - > PING 66 9e e0 9f [binary, 4 bytes]
2023-03-29 13:54:01,706 - DEBUG - < PONG 66 9e e0 9f [binary, 4 bytes]
2023-03-29 13:54:01,710 - DEBUG - % received keepalive pong
2023-03-29 13:54:21,698 - DEBUG - % sending keepalive ping
2023-03-29 13:54:21,698 - DEBUG - > PING db 46 d4 8b [binary, 4 bytes]
2023-03-29 13:54:21,708 - DEBUG - < PONG db 46 d4 8b [binary, 4 bytes]
2023-03-29 13:54:21,711 - DEBUG - % received keepalive pong
2023-03-29 13:54:41,682 - DEBUG - % sending keepalive ping
2023-03-29 13:54:41,682 - DEBUG - > PING c1 83 86 72 [binary, 4 bytes]
2023-03-29 13:54:41,691 - DEBUG - < PONG c1 83 86 72 [binary, 4 bytes]
2023-03-29 13:54:41,695 - DEBUG - % received keepalive pong
2023-03-29 13:55:01,696 - DEBUG - % sending keepalive ping
2023-03-29 13:55:01,696 - DEBUG - > PING 2e ec b3 13 [binary, 4 bytes]
2023-03-29 13:55:01,706 - DEBUG - < PONG 2e ec b3 13 [binary, 4 bytes]
2023-03-29 13:55:01,709 - DEBUG - % received keepalive pong
2023-03-29 13:55:21,685 - DEBUG - % sending keepalive ping
2023-03-29 13:55:21,685 - DEBUG - > PING 'hk\t(' [text, 4 bytes]
2023-03-29 13:55:21,694 - DEBUG - < PONG 'hk\t(' [text, 4 bytes]
2023-03-29 13:55:21,701 - DEBUG - % received keepalive pong
2023-03-29 13:55:41,686 - DEBUG - % sending keepalive ping
2023-03-29 13:55:41,686 - DEBUG - > PING 85 3a db 99 [binary, 4 bytes]
2023-03-29 13:55:41,695 - DEBUG - < PONG 85 3a db 99 [binary, 4 bytes]
2023-03-29 13:55:41,702 - DEBUG - % received keepalive pong
2023-03-29 13:56:01,691 - DEBUG - % sending keepalive ping
2023-03-29 13:56:01,692 - DEBUG - > PING 9f e8 74 0e [binary, 4 bytes]
2023-03-29 13:56:01,701 - DEBUG - < PONG 9f e8 74 0e [binary, 4 bytes]
2023-03-29 13:56:01,703 - DEBUG - % received keepalive pong
2023-03-29 13:56:21,696 - DEBUG - % sending keepalive ping
2023-03-29 13:56:21,696 - DEBUG - > PING 13 20 aa e1 [binary, 4 bytes]
2023-03-29 13:56:21,704 - DEBUG - < PONG 13 20 aa e1 [binary, 4 bytes]
2023-03-29 13:56:21,708 - DEBUG - % received keepalive pong
2023-03-29 13:56:41,700 - DEBUG - % sending keepalive ping
2023-03-29 13:56:41,700 - DEBUG - > PING 69 c0 e2 c7 [binary, 4 bytes]
2023-03-29 13:56:41,708 - DEBUG - < PONG 69 c0 e2 c7 [binary, 4 bytes]
2023-03-29 13:56:41,715 - DEBUG - % received keepalive pong
2023-03-29 13:57:01,730 - DEBUG - % sending keepalive ping
2023-03-29 13:57:01,731 - DEBUG - > PING b4 aa a4 97 [binary, 4 bytes]
2023-03-29 13:57:01,740 - DEBUG - < PONG b4 aa a4 97 [binary, 4 bytes]
2023-03-29 13:57:01,747 - DEBUG - % received keepalive pong
2023-03-29 13:57:21,749 - DEBUG - % sending keepalive ping
2023-03-29 13:57:21,749 - DEBUG - > PING ac 39 69 c7 [binary, 4 bytes]
2023-03-29 13:57:21,761 - DEBUG - < PONG ac 39 69 c7 [binary, 4 bytes]
2023-03-29 13:57:21,766 - DEBUG - % received keepalive pong
2023-03-29 13:57:41,763 - DEBUG - % sending keepalive ping
2023-03-29 13:57:41,763 - DEBUG - > PING '_zVg' [text, 4 bytes]
2023-03-29 13:57:41,771 - DEBUG - < PONG '_zVg' [text, 4 bytes]
2023-03-29 13:57:41,777 - DEBUG - % received keepalive pong
2023-03-29 13:58:01,770 - DEBUG - % sending keepalive ping
2023-03-29 13:58:01,770 - DEBUG - > PING fe 5d 0f 3d [binary, 4 bytes]
2023-03-29 13:58:01,778 - DEBUG - < PONG fe 5d 0f 3d [binary, 4 bytes]
2023-03-29 13:58:01,781 - DEBUG - % received keepalive pong
2023-03-29 13:58:21,773 - DEBUG - % sending keepalive ping
2023-03-29 13:58:21,773 - DEBUG - > PING '>\x03$*' [text, 4 bytes]
2023-03-29 13:58:21,781 - DEBUG - < PONG '>\x03$*' [text, 4 bytes]
2023-03-29 13:58:21,785 - DEBUG - % received keepalive pong
2023-03-29 13:58:41,771 - DEBUG - % sending keepalive ping
2023-03-29 13:58:41,772 - DEBUG - > PING 72 35 d0 ff [binary, 4 bytes]
2023-03-29 13:58:41,780 - DEBUG - < PONG 72 35 d0 ff [binary, 4 bytes]
2023-03-29 13:58:41,790 - DEBUG - % received keepalive pong
2023-03-29 13:59:01,775 - DEBUG - % sending keepalive ping
2023-03-29 13:59:01,775 - DEBUG - > PING ad d5 d2 e2 [binary, 4 bytes]
2023-03-29 13:59:01,785 - DEBUG - < PONG ad d5 d2 e2 [binary, 4 bytes]
2023-03-29 13:59:01,789 - DEBUG - % received keepalive pong
2023-03-29 13:59:21,769 - DEBUG - % sending keepalive ping
2023-03-29 13:59:21,769 - DEBUG - > PING 'P\x04\x81' [text, 4 bytes]
2023-03-29 13:59:21,778 - DEBUG - < PONG 'P\x04\x81' [text, 4 bytes]
2023-03-29 13:59:21,784 - DEBUG - % received keepalive pong
2023-03-29 13:59:41,760 - DEBUG - % sending keepalive ping
2023-03-29 13:59:41,760 - DEBUG - > PING 29 7a 5c a0 [binary, 4 bytes]
2023-03-29 13:59:41,768 - DEBUG - < PONG 29 7a 5c a0 [binary, 4 bytes]
2023-03-29 13:59:41,771 - DEBUG - % received keepalive pong
2023-03-29 14:00:01,762 - DEBUG - % sending keepalive ping
2023-03-29 14:00:01,762 - DEBUG - > PING 0a 5c 57 8e [binary, 4 bytes]
2023-03-29 14:00:01,771 - DEBUG - < PONG 0a 5c 57 8e [binary, 4 bytes]
2023-03-29 14:00:01,779 - DEBUG - % received keepalive pong
2023-03-29 14:00:21,773 - DEBUG - % sending keepalive ping
2023-03-29 14:00:21,773 - DEBUG - > PING ff dc c7 fd [binary, 4 bytes]
2023-03-29 14:00:21,782 - DEBUG - < PONG ff dc c7 fd [binary, 4 bytes]
2023-03-29 14:00:21,793 - DEBUG - % received keepalive pong
2023-03-29 14:00:41,801 - DEBUG - % sending keepalive ping
2023-03-29 14:00:41,801 - DEBUG - > PING 03 d4 cb c3 [binary, 4 bytes]
2023-03-29 14:00:41,810 - DEBUG - < PONG 03 d4 cb c3 [binary, 4 bytes]
2023-03-29 14:00:41,819 - DEBUG - % received keepalive pong
2023-03-29 14:01:01,816 - DEBUG - % sending keepalive ping
2023-03-29 14:01:01,817 - DEBUG - > PING ae cf 24 58 [binary, 4 bytes]
2023-03-29 14:01:01,864 - DEBUG - < PONG ae cf 24 58 [binary, 4 bytes]
2023-03-29 14:01:01,878 - DEBUG - % received keepalive pong
2023-03-29 14:01:21,883 - DEBUG - % sending keepalive ping
2023-03-29 14:01:21,883 - DEBUG - > PING a5 49 bd 92 [binary, 4 bytes]
2023-03-29 14:01:21,892 - DEBUG - < PONG a5 49 bd 92 [binary, 4 bytes]
2023-03-29 14:01:21,898 - DEBUG - % received keepalive pong
2023-03-29 14:01:41,888 - DEBUG - % sending keepalive ping
2023-03-29 14:01:41,888 - DEBUG - > PING 10 04 9b 83 [binary, 4 bytes]
2023-03-29 14:01:41,897 - DEBUG - < PONG 10 04 9b 83 [binary, 4 bytes]
2023-03-29 14:01:41,904 - DEBUG - % received keepalive pong
2023-03-29 14:02:01,891 - DEBUG - % sending keepalive ping
2023-03-29 14:02:01,891 - DEBUG - > PING 4d 43 3b be [binary, 4 bytes]
2023-03-29 14:02:01,900 - DEBUG - < PONG 4d 43 3b be [binary, 4 bytes]
2023-03-29 14:02:01,903 - DEBUG - % received keepalive pong
2023-03-29 14:02:21,893 - DEBUG - % sending keepalive ping
2023-03-29 14:02:21,894 - DEBUG - > PING 13 57 8e 82 [binary, 4 bytes]
2023-03-29 14:02:21,902 - DEBUG - < PONG 13 57 8e 82 [binary, 4 bytes]
2023-03-29 14:02:21,908 - DEBUG - % received keepalive pong
2023-03-29 14:02:41,893 - DEBUG - % sending keepalive ping
2023-03-29 14:02:41,894 - DEBUG - > PING 56 f6 2b b7 [binary, 4 bytes]
2023-03-29 14:02:41,903 - DEBUG - < PONG 56 f6 2b b7 [binary, 4 bytes]
2023-03-29 14:02:41,907 - DEBUG - % received keepalive pong
2023-03-29 14:03:01,887 - DEBUG - % sending keepalive ping
2023-03-29 14:03:01,888 - DEBUG - > PING 1e 44 10 ef [binary, 4 bytes]
2023-03-29 14:03:01,897 - DEBUG - < PONG 1e 44 10 ef [binary, 4 bytes]
2023-03-29 14:03:01,903 - DEBUG - % received keepalive pong
2023-03-29 14:03:21,892 - DEBUG - % sending keepalive ping
2023-03-29 14:03:21,893 - DEBUG - > PING 82 4a d9 cc [binary, 4 bytes]
2023-03-29 14:03:21,904 - DEBUG - < PONG 82 4a d9 cc [binary, 4 bytes]
2023-03-29 14:03:21,909 - DEBUG - % received keepalive pong
2023-03-29 14:03:41,903 - DEBUG - % sending keepalive ping
2023-03-29 14:03:41,903 - DEBUG - > PING 68 d6 9e dd [binary, 4 bytes]
2023-03-29 14:03:41,921 - DEBUG - < PONG 68 d6 9e dd [binary, 4 bytes]
2023-03-29 14:03:41,930 - DEBUG - % received keepalive pong
2023-03-29 14:04:01,924 - DEBUG - % sending keepalive ping
2023-03-29 14:04:01,924 - DEBUG - > PING 54 a2 72 d7 [binary, 4 bytes]
2023-03-29 14:04:01,933 - DEBUG - < PONG 54 a2 72 d7 [binary, 4 bytes]
2023-03-29 14:04:01,940 - DEBUG - % received keepalive pong
2023-03-29 14:04:21,944 - DEBUG - % sending keepalive ping
2023-03-29 14:04:21,944 - DEBUG - > PING e8 4f 99 19 [binary, 4 bytes]
2023-03-29 14:04:21,960 - DEBUG - < PONG e8 4f 99 19 [binary, 4 bytes]
2023-03-29 14:04:21,969 - DEBUG - % received keepalive pong
2023-03-29 14:04:41,975 - DEBUG - % sending keepalive ping
2023-03-29 14:04:41,975 - DEBUG - > PING af 71 b9 5b [binary, 4 bytes]
2023-03-29 14:04:41,985 - DEBUG - < PONG af 71 b9 5b [binary, 4 bytes]
2023-03-29 14:04:41,991 - DEBUG - % received keepalive pong
2023-03-29 14:05:01,963 - DEBUG - % sending keepalive ping
2023-03-29 14:05:01,963 - DEBUG - > PING b2 7a f1 e6 [binary, 4 bytes]
2023-03-29 14:05:01,971 - DEBUG - < PONG b2 7a f1 e6 [binary, 4 bytes]
2023-03-29 14:05:01,975 - DEBUG - % received keepalive pong
2023-03-29 14:05:21,974 - DEBUG - % sending keepalive ping
2023-03-29 14:05:21,975 - DEBUG - > PING 9f 70 55 c2 [binary, 4 bytes]
2023-03-29 14:05:21,983 - DEBUG - < PONG 9f 70 55 c2 [binary, 4 bytes]
2023-03-29 14:05:21,987 - DEBUG - % received keepalive pong
2023-03-29 14:05:41,979 - DEBUG - % sending keepalive ping
2023-03-29 14:05:41,979 - DEBUG - > PING 2c ac 73 1f [binary, 4 bytes]
2023-03-29 14:05:41,987 - DEBUG - < PONG 2c ac 73 1f [binary, 4 bytes]
2023-03-29 14:05:41,997 - DEBUG - % received keepalive pong
2023-03-29 14:06:01,995 - DEBUG - % sending keepalive ping
2023-03-29 14:06:01,995 - DEBUG - > PING 39 ef ed 3f [binary, 4 bytes]
2023-03-29 14:06:02,004 - DEBUG - < PONG 39 ef ed 3f [binary, 4 bytes]
2023-03-29 14:06:02,007 - DEBUG - % received keepalive pong
2023-03-29 14:06:21,995 - DEBUG - % sending keepalive ping
2023-03-29 14:06:21,995 - DEBUG - > PING 83 1a da 37 [binary, 4 bytes]
2023-03-29 14:06:22,009 - DEBUG - < PONG 83 1a da 37 [binary, 4 bytes]
2023-03-29 14:06:22,014 - DEBUG - % received keepalive pong
2023-03-29 14:06:42,019 - DEBUG - % sending keepalive ping
2023-03-29 14:06:42,019 - DEBUG - > PING e7 e7 47 8f [binary, 4 bytes]
2023-03-29 14:06:42,031 - DEBUG - < PONG e7 e7 47 8f [binary, 4 bytes]
2023-03-29 14:06:42,036 - DEBUG - % received keepalive pong
2023-03-29 14:07:02,020 - DEBUG - % sending keepalive ping
2023-03-29 14:07:02,020 - DEBUG - > PING df 0f 07 8d [binary, 4 bytes]
2023-03-29 14:07:02,028 - DEBUG - < PONG df 0f 07 8d [binary, 4 bytes]
2023-03-29 14:07:02,034 - DEBUG - % received keepalive pong
2023-03-29 14:07:22,013 - DEBUG - % sending keepalive ping
2023-03-29 14:07:22,014 - DEBUG - > PING 18 c7 47 ee [binary, 4 bytes]
2023-03-29 14:07:22,022 - DEBUG - < PONG 18 c7 47 ee [binary, 4 bytes]
2023-03-29 14:07:22,026 - DEBUG - % received keepalive pong
2023-03-29 14:07:42,021 - DEBUG - % sending keepalive ping
2023-03-29 14:07:42,022 - DEBUG - > PING 'w\u05bdp' [text, 4 bytes]
2023-03-29 14:07:42,047 - DEBUG - < PONG 'w\u05bdp' [text, 4 bytes]
2023-03-29 14:07:42,059 - DEBUG - % received keepalive pong
2023-03-29 14:08:02,065 - DEBUG - % sending keepalive ping
2023-03-29 14:08:02,065 - DEBUG - > PING db f5 07 78 [binary, 4 bytes]
2023-03-29 14:08:02,073 - DEBUG - < PONG db f5 07 78 [binary, 4 bytes]
2023-03-29 14:08:02,082 - DEBUG - % received keepalive pong
2023-03-29 14:08:22,072 - DEBUG - % sending keepalive ping
2023-03-29 14:08:22,072 - DEBUG - > PING 11 d5 0b dd [binary, 4 bytes]
2023-03-29 14:08:22,081 - DEBUG - < PONG 11 d5 0b dd [binary, 4 bytes]
2023-03-29 14:08:22,086 - DEBUG - % received keepalive pong
2023-03-29 14:08:42,064 - DEBUG - % sending keepalive ping
2023-03-29 14:08:42,064 - DEBUG - > PING 18 fe 0e 4f [binary, 4 bytes]
2023-03-29 14:08:42,074 - DEBUG - < PONG 18 fe 0e 4f [binary, 4 bytes]
2023-03-29 14:08:42,079 - DEBUG - % received keepalive pong
2023-03-29 14:09:02,061 - DEBUG - % sending keepalive ping
2023-03-29 14:09:02,062 - DEBUG - > PING 7b b3 0e 8d [binary, 4 bytes]
2023-03-29 14:09:02,070 - DEBUG - < PONG 7b b3 0e 8d [binary, 4 bytes]
2023-03-29 14:09:02,074 - DEBUG - % received keepalive pong
2023-03-29 14:09:22,070 - DEBUG - % sending keepalive ping
2023-03-29 14:09:22,070 - DEBUG - > PING d7 de 3a bd [binary, 4 bytes]
2023-03-29 14:09:22,079 - DEBUG - < PONG d7 de 3a bd [binary, 4 bytes]
2023-03-29 14:09:22,087 - DEBUG - % received keepalive pong
2023-03-29 14:09:42,059 - DEBUG - % sending keepalive ping
2023-03-29 14:09:42,060 - DEBUG - > PING a3 8f f1 4c [binary, 4 bytes]
2023-03-29 14:09:42,070 - DEBUG - < PONG a3 8f f1 4c [binary, 4 bytes]
2023-03-29 14:09:42,075 - DEBUG - % received keepalive pong
2023-03-29 14:10:02,063 - DEBUG - % sending keepalive ping
2023-03-29 14:10:02,063 - DEBUG - > PING c4 fc 84 d4 [binary, 4 bytes]
2023-03-29 14:10:02,072 - DEBUG - < PONG c4 fc 84 d4 [binary, 4 bytes]
2023-03-29 14:10:02,080 - DEBUG - % received keepalive pong
2023-03-29 14:10:22,061 - DEBUG - % sending keepalive ping
2023-03-29 14:10:22,062 - DEBUG - > PING 'i([{' [text, 4 bytes]
2023-03-29 14:10:22,071 - DEBUG - < PONG 'i([{' [text, 4 bytes]
2023-03-29 14:10:22,076 - DEBUG - % received keepalive pong
2023-03-29 14:10:42,072 - DEBUG - % sending keepalive ping
2023-03-29 14:10:42,072 - DEBUG - > PING f2 43 fe 8a [binary, 4 bytes]
2023-03-29 14:10:42,080 - DEBUG - < PONG f2 43 fe 8a [binary, 4 bytes]
2023-03-29 14:10:42,088 - DEBUG - % received keepalive pong
2023-03-29 14:11:02,096 - DEBUG - % sending keepalive ping
2023-03-29 14:11:02,096 - DEBUG - > PING 9c 6c d7 b5 [binary, 4 bytes]
2023-03-29 14:11:02,107 - DEBUG - < PONG 9c 6c d7 b5 [binary, 4 bytes]
2023-03-29 14:11:02,112 - DEBUG - % received keepalive pong
2023-03-29 14:11:22,097 - DEBUG - % sending keepalive ping
2023-03-29 14:11:22,098 - DEBUG - > PING df 33 58 ae [binary, 4 bytes]
2023-03-29 14:11:22,106 - DEBUG - < PONG df 33 58 ae [binary, 4 bytes]
2023-03-29 14:11:22,115 - DEBUG - % received keepalive pong
2023-03-29 14:11:42,099 - DEBUG - % sending keepalive ping
2023-03-29 14:11:42,099 - DEBUG - > PING 'Z.%\x1f' [text, 4 bytes]
2023-03-29 14:11:42,107 - DEBUG - < PONG 'Z.%\x1f' [text, 4 bytes]
2023-03-29 14:11:42,116 - DEBUG - % received keepalive pong
2023-03-29 14:12:02,100 - DEBUG - % sending keepalive ping
2023-03-29 14:12:02,100 - DEBUG - > PING a5 36 49 4f [binary, 4 bytes]
2023-03-29 14:12:02,109 - DEBUG - < PONG a5 36 49 4f [binary, 4 bytes]
2023-03-29 14:12:02,112 - DEBUG - % received keepalive pong
2023-03-29 14:12:22,089 - DEBUG - % sending keepalive ping
2023-03-29 14:12:22,090 - DEBUG - > PING 9c f4 6d 50 [binary, 4 bytes]
2023-03-29 14:12:22,098 - DEBUG - < PONG 9c f4 6d 50 [binary, 4 bytes]
2023-03-29 14:12:22,108 - DEBUG - % received keepalive pong
2023-03-29 14:12:42,091 - DEBUG - % sending keepalive ping
2023-03-29 14:12:42,091 - DEBUG - > PING d2 2f 51 ff [binary, 4 bytes]
2023-03-29 14:12:42,099 - DEBUG - < PONG d2 2f 51 ff [binary, 4 bytes]
2023-03-29 14:12:42,102 - DEBUG - % received keepalive pong
2023-03-29 14:13:02,092 - DEBUG - % sending keepalive ping
2023-03-29 14:13:02,092 - DEBUG - > PING 24 8b 5b 34 [binary, 4 bytes]
2023-03-29 14:13:02,100 - DEBUG - < PONG 24 8b 5b 34 [binary, 4 bytes]
2023-03-29 14:13:02,103 - DEBUG - % received keepalive pong
2023-03-29 14:13:22,090 - DEBUG - % sending keepalive ping
2023-03-29 14:13:22,091 - DEBUG - > PING 16 e9 e8 d1 [binary, 4 bytes]
2023-03-29 14:13:22,099 - DEBUG - < PONG 16 e9 e8 d1 [binary, 4 bytes]
2023-03-29 14:13:22,107 - DEBUG - % received keepalive pong
2023-03-29 14:13:42,090 - DEBUG - % sending keepalive ping
2023-03-29 14:13:42,091 - DEBUG - > PING 81 91 2e da [binary, 4 bytes]
2023-03-29 14:13:42,099 - DEBUG - < PONG 81 91 2e da [binary, 4 bytes]
2023-03-29 14:13:42,107 - DEBUG - % received keepalive pong
2023-03-29 14:14:02,108 - DEBUG - % sending keepalive ping
2023-03-29 14:14:02,108 - DEBUG - > PING 65 0c 55 a4 [binary, 4 bytes]
2023-03-29 14:14:02,119 - DEBUG - < PONG 65 0c 55 a4 [binary, 4 bytes]
2023-03-29 14:14:02,125 - DEBUG - % received keepalive pong
2023-03-29 14:14:22,124 - DEBUG - % sending keepalive ping
2023-03-29 14:14:22,125 - DEBUG - > PING c3 a1 3b 96 [binary, 4 bytes]
2023-03-29 14:14:22,140 - DEBUG - < PONG c3 a1 3b 96 [binary, 4 bytes]
2023-03-29 14:14:22,145 - DEBUG - % received keepalive pong
2023-03-29 14:14:42,143 - DEBUG - % sending keepalive ping
2023-03-29 14:14:42,143 - DEBUG - > PING a4 f2 0b 65 [binary, 4 bytes]
2023-03-29 14:14:42,162 - DEBUG - < PONG a4 f2 0b 65 [binary, 4 bytes]
2023-03-29 14:14:42,172 - DEBUG - % received keepalive pong
2023-03-29 14:15:02,175 - DEBUG - % sending keepalive ping
2023-03-29 14:15:02,175 - DEBUG - > PING e3 e3 d1 d1 [binary, 4 bytes]
2023-03-29 14:15:02,183 - DEBUG - < PONG e3 e3 d1 d1 [binary, 4 bytes]
2023-03-29 14:15:02,189 - DEBUG - % received keepalive pong
2023-03-29 14:15:22,195 - DEBUG - % sending keepalive ping
2023-03-29 14:15:22,195 - DEBUG - > PING cf 52 e1 f8 [binary, 4 bytes]
2023-03-29 14:15:22,203 - DEBUG - < PONG cf 52 e1 f8 [binary, 4 bytes]
2023-03-29 14:15:22,207 - DEBUG - % received keepalive pong
2023-03-29 14:15:42,184 - DEBUG - % sending keepalive ping
2023-03-29 14:15:42,184 - DEBUG - > PING 9c 89 a1 3a [binary, 4 bytes]
2023-03-29 14:15:42,193 - DEBUG - < PONG 9c 89 a1 3a [binary, 4 bytes]
2023-03-29 14:15:42,199 - DEBUG - % received keepalive pong
2023-03-29 14:16:02,186 - DEBUG - % sending keepalive ping
2023-03-29 14:16:02,186 - DEBUG - > PING af b4 a6 a8 [binary, 4 bytes]
2023-03-29 14:16:02,197 - DEBUG - < PONG af b4 a6 a8 [binary, 4 bytes]
2023-03-29 14:16:02,203 - DEBUG - % received keepalive pong
2023-03-29 14:16:22,189 - DEBUG - % sending keepalive ping
2023-03-29 14:16:22,189 - DEBUG - > PING 56 cf 06 00 [binary, 4 bytes]
2023-03-29 14:16:22,198 - DEBUG - < PONG 56 cf 06 00 [binary, 4 bytes]
2023-03-29 14:16:22,202 - DEBUG - % received keepalive pong
2023-03-29 14:16:42,197 - DEBUG - % sending keepalive ping
2023-03-29 14:16:42,198 - DEBUG - > PING '\x15M_\x1b' [text, 4 bytes]
2023-03-29 14:16:42,206 - DEBUG - < PONG '\x15M_\x1b' [text, 4 bytes]
2023-03-29 14:16:42,210 - DEBUG - % received keepalive pong
2023-03-29 14:17:02,196 - DEBUG - % sending keepalive ping
2023-03-29 14:17:02,196 - DEBUG - > PING 32 9a 45 82 [binary, 4 bytes]
2023-03-29 14:17:02,204 - DEBUG - < PONG 32 9a 45 82 [binary, 4 bytes]
2023-03-29 14:17:02,212 - DEBUG - % received keepalive pong
2023-03-29 14:17:22,222 - DEBUG - % sending keepalive ping
2023-03-29 14:17:22,222 - DEBUG - > PING 74 78 10 90 [binary, 4 bytes]
2023-03-29 14:17:22,233 - DEBUG - < PONG 74 78 10 90 [binary, 4 bytes]
2023-03-29 14:17:22,238 - DEBUG - % received keepalive pong
2023-03-29 14:17:42,239 - DEBUG - % sending keepalive ping
2023-03-29 14:17:42,239 - DEBUG - > PING f4 ec 2f b6 [binary, 4 bytes]
2023-03-29 14:17:42,253 - DEBUG - < PONG f4 ec 2f b6 [binary, 4 bytes]
2023-03-29 14:17:42,256 - DEBUG - % received keepalive pong
2023-03-29 14:18:02,246 - DEBUG - % sending keepalive ping
2023-03-29 14:18:02,247 - DEBUG - > PING 15 21 8c 97 [binary, 4 bytes]
2023-03-29 14:18:02,255 - DEBUG - < PONG 15 21 8c 97 [binary, 4 bytes]
2023-03-29 14:18:02,268 - DEBUG - % received keepalive pong
2023-03-29 14:18:22,267 - DEBUG - % sending keepalive ping
2023-03-29 14:18:22,267 - DEBUG - > PING 9b 23 b8 ab [binary, 4 bytes]
2023-03-29 14:18:22,277 - DEBUG - < PONG 9b 23 b8 ab [binary, 4 bytes]
2023-03-29 14:18:22,283 - DEBUG - % received keepalive pong
2023-03-29 14:18:42,268 - DEBUG - % sending keepalive ping
2023-03-29 14:18:42,268 - DEBUG - > PING ec 7c fb d6 [binary, 4 bytes]
2023-03-29 14:18:42,276 - DEBUG - < PONG ec 7c fb d6 [binary, 4 bytes]
2023-03-29 14:18:42,280 - DEBUG - % received keepalive pong
2023-03-29 14:19:02,269 - DEBUG - % sending keepalive ping
2023-03-29 14:19:02,269 - DEBUG - > PING b1 1d 01 16 [binary, 4 bytes]
2023-03-29 14:19:02,277 - DEBUG - < PONG b1 1d 01 16 [binary, 4 bytes]
2023-03-29 14:19:02,284 - DEBUG - % received keepalive pong
2023-03-29 14:19:22,275 - DEBUG - % sending keepalive ping
2023-03-29 14:19:22,275 - DEBUG - > PING 88 76 88 64 [binary, 4 bytes]
2023-03-29 14:19:22,284 - DEBUG - < PONG 88 76 88 64 [binary, 4 bytes]
2023-03-29 14:19:22,293 - DEBUG - % received keepalive pong
2023-03-29 14:19:42,308 - DEBUG - % sending keepalive ping
2023-03-29 14:19:42,308 - DEBUG - > PING d0 fb c4 e2 [binary, 4 bytes]
2023-03-29 14:19:42,338 - DEBUG - < PONG d0 fb c4 e2 [binary, 4 bytes]
2023-03-29 14:19:42,343 - DEBUG - % received keepalive pong
2023-03-29 14:20:02,341 - DEBUG - % sending keepalive ping
2023-03-29 14:20:02,341 - DEBUG - > PING 06 79 bb b7 [binary, 4 bytes]
2023-03-29 14:20:02,349 - DEBUG - < PONG 06 79 bb b7 [binary, 4 bytes]
2023-03-29 14:20:02,358 - DEBUG - % received keepalive pong
2023-03-29 14:20:22,347 - DEBUG - % sending keepalive ping
2023-03-29 14:20:22,347 - DEBUG - > PING b7 30 ec f0 [binary, 4 bytes]
2023-03-29 14:20:22,356 - DEBUG - < PONG b7 30 ec f0 [binary, 4 bytes]
2023-03-29 14:20:22,361 - DEBUG - % received keepalive pong
2023-03-29 14:20:42,350 - DEBUG - % sending keepalive ping
2023-03-29 14:20:42,351 - DEBUG - > PING ab 7a 90 20 [binary, 4 bytes]
2023-03-29 14:20:42,362 - DEBUG - < PONG ab 7a 90 20 [binary, 4 bytes]
2023-03-29 14:20:42,367 - DEBUG - % received keepalive pong
2023-03-29 14:21:02,340 - DEBUG - % sending keepalive ping
2023-03-29 14:21:02,340 - DEBUG - > PING cf 79 74 6f [binary, 4 bytes]
2023-03-29 14:21:02,349 - DEBUG - < PONG cf 79 74 6f [binary, 4 bytes]
2023-03-29 14:21:02,353 - DEBUG - % received keepalive pong
2023-03-29 14:21:22,346 - DEBUG - % sending keepalive ping
2023-03-29 14:21:22,346 - DEBUG - > PING '0c`|' [text, 4 bytes]
2023-03-29 14:21:22,355 - DEBUG - < PONG '0c`|' [text, 4 bytes]
2023-03-29 14:21:22,358 - DEBUG - % received keepalive pong
2023-03-29 14:21:42,348 - DEBUG - % sending keepalive ping
2023-03-29 14:21:42,348 - DEBUG - > PING 50 8c 9d 5a [binary, 4 bytes]
2023-03-29 14:21:42,356 - DEBUG - < PONG 50 8c 9d 5a [binary, 4 bytes]
2023-03-29 14:21:42,363 - DEBUG - % received keepalive pong
2023-03-29 14:22:02,354 - DEBUG - % sending keepalive ping
2023-03-29 14:22:02,354 - DEBUG - > PING 14 b9 e0 be [binary, 4 bytes]
2023-03-29 14:22:02,373 - DEBUG - < PONG 14 b9 e0 be [binary, 4 bytes]
2023-03-29 14:22:02,377 - DEBUG - % received keepalive pong
2023-03-29 14:22:22,381 - DEBUG - % sending keepalive ping
2023-03-29 14:22:22,382 - DEBUG - > PING 0a 70 92 ee [binary, 4 bytes]
2023-03-29 14:22:22,392 - DEBUG - < PONG 0a 70 92 ee [binary, 4 bytes]
2023-03-29 14:22:22,398 - DEBUG - % received keepalive pong
2023-03-29 14:22:42,395 - DEBUG - % sending keepalive ping
2023-03-29 14:22:42,396 - DEBUG - > PING '\x03b|b' [text, 4 bytes]
2023-03-29 14:22:42,405 - DEBUG - < PONG '\x03b|b' [text, 4 bytes]
2023-03-29 14:22:42,413 - DEBUG - % received keepalive pong
2023-03-29 14:23:02,389 - DEBUG - % sending keepalive ping
2023-03-29 14:23:02,389 - DEBUG - > PING ac 0b bc 0c [binary, 4 bytes]
2023-03-29 14:23:02,397 - DEBUG - < PONG ac 0b bc 0c [binary, 4 bytes]
2023-03-29 14:23:02,405 - DEBUG - % received keepalive pong
2023-03-29 14:23:22,411 - DEBUG - % sending keepalive ping
2023-03-29 14:23:22,411 - DEBUG - > PING 54 dd e2 07 [binary, 4 bytes]
2023-03-29 14:23:22,420 - DEBUG - < PONG 54 dd e2 07 [binary, 4 bytes]
2023-03-29 14:23:22,427 - DEBUG - % received keepalive pong
2023-03-29 14:23:42,426 - DEBUG - % sending keepalive ping
2023-03-29 14:23:42,426 - DEBUG - > PING af 82 07 28 [binary, 4 bytes]
2023-03-29 14:23:42,435 - DEBUG - < PONG af 82 07 28 [binary, 4 bytes]
2023-03-29 14:23:42,441 - DEBUG - % received keepalive pong
2023-03-29 14:24:02,443 - DEBUG - % sending keepalive ping
2023-03-29 14:24:02,443 - DEBUG - > PING 1b bb cb 13 [binary, 4 bytes]
2023-03-29 14:24:02,452 - DEBUG - < PONG 1b bb cb 13 [binary, 4 bytes]
2023-03-29 14:24:02,454 - DEBUG - % received keepalive pong
2023-03-29 14:24:22,442 - DEBUG - % sending keepalive ping
2023-03-29 14:24:22,442 - DEBUG - > PING e5 11 25 f6 [binary, 4 bytes]
2023-03-29 14:24:22,450 - DEBUG - < PONG e5 11 25 f6 [binary, 4 bytes]
2023-03-29 14:24:22,454 - DEBUG - % received keepalive pong
2023-03-29 14:24:42,448 - DEBUG - % sending keepalive ping
2023-03-29 14:24:42,449 - DEBUG - > PING '\x1e<CV' [text, 4 bytes]
2023-03-29 14:24:42,457 - DEBUG - < PONG '\x1e<CV' [text, 4 bytes]
2023-03-29 14:24:42,472 - DEBUG - % received keepalive pong
2023-03-29 14:25:02,463 - DEBUG - % sending keepalive ping
2023-03-29 14:25:02,464 - DEBUG - > PING ff ad df aa [binary, 4 bytes]
2023-03-29 14:25:02,474 - DEBUG - < PONG ff ad df aa [binary, 4 bytes]
2023-03-29 14:25:02,483 - DEBUG - % received keepalive pong
2023-03-29 14:25:22,468 - DEBUG - % sending keepalive ping
2023-03-29 14:25:22,469 - DEBUG - > PING ac 0d b5 80 [binary, 4 bytes]
2023-03-29 14:25:22,479 - DEBUG - < PONG ac 0d b5 80 [binary, 4 bytes]
2023-03-29 14:25:22,485 - DEBUG - % received keepalive pong
2023-03-29 14:25:42,474 - DEBUG - % sending keepalive ping
2023-03-29 14:25:42,474 - DEBUG - > PING 2e 38 2c e6 [binary, 4 bytes]
2023-03-29 14:25:42,482 - DEBUG - < PONG 2e 38 2c e6 [binary, 4 bytes]
2023-03-29 14:25:42,488 - DEBUG - % received keepalive pong
2023-03-29 14:26:02,477 - DEBUG - % sending keepalive ping
2023-03-29 14:26:02,478 - DEBUG - > PING 'u:a\x1f' [text, 4 bytes]
2023-03-29 14:26:02,486 - DEBUG - < PONG 'u:a\x1f' [text, 4 bytes]
2023-03-29 14:26:02,495 - DEBUG - % received keepalive pong
2023-03-29 14:26:22,508 - DEBUG - % sending keepalive ping
2023-03-29 14:26:22,508 - DEBUG - > PING a4 01 1d bf [binary, 4 bytes]
2023-03-29 14:26:22,517 - DEBUG - < PONG a4 01 1d bf [binary, 4 bytes]
2023-03-29 14:26:22,523 - DEBUG - % received keepalive pong
2023-03-29 14:26:42,524 - DEBUG - % sending keepalive ping
2023-03-29 14:26:42,524 - DEBUG - > PING b8 84 82 be [binary, 4 bytes]
2023-03-29 14:26:42,532 - DEBUG - < PONG b8 84 82 be [binary, 4 bytes]
2023-03-29 14:26:42,538 - DEBUG - % received keepalive pong
2023-03-29 14:27:02,523 - DEBUG - % sending keepalive ping
2023-03-29 14:27:02,524 - DEBUG - > PING 1d a3 92 50 [binary, 4 bytes]
2023-03-29 14:27:02,539 - DEBUG - < PONG 1d a3 92 50 [binary, 4 bytes]
2023-03-29 14:27:02,544 - DEBUG - % received keepalive pong
2023-03-29 14:27:22,550 - DEBUG - % sending keepalive ping
2023-03-29 14:27:22,551 - DEBUG - > PING '9\u0712\x06' [text, 4 bytes]
2023-03-29 14:27:23,011 - DEBUG - < PONG '9\u0712\x06' [text, 4 bytes]
2023-03-29 14:27:23,019 - DEBUG - % received keepalive pong
2023-03-29 14:27:43,018 - DEBUG - % sending keepalive ping
2023-03-29 14:27:43,019 - DEBUG - > PING 64 c3 27 a2 [binary, 4 bytes]
2023-03-29 14:27:43,026 - DEBUG - < PONG 64 c3 27 a2 [binary, 4 bytes]
2023-03-29 14:27:43,035 - DEBUG - % received keepalive pong
2023-03-29 14:28:03,022 - DEBUG - % sending keepalive ping
2023-03-29 14:28:03,022 - DEBUG - > PING 08 fc 99 3f [binary, 4 bytes]
2023-03-29 14:28:03,031 - DEBUG - < PONG 08 fc 99 3f [binary, 4 bytes]
2023-03-29 14:28:03,038 - DEBUG - % received keepalive pong
2023-03-29 14:28:23,020 - DEBUG - % sending keepalive ping
2023-03-29 14:28:23,020 - DEBUG - > PING ed da 52 32 [binary, 4 bytes]
2023-03-29 14:28:23,028 - DEBUG - < PONG ed da 52 32 [binary, 4 bytes]
2023-03-29 14:28:23,032 - DEBUG - % received keepalive pong
2023-03-29 14:28:43,020 - DEBUG - % sending keepalive ping
2023-03-29 14:28:43,021 - DEBUG - > PING 97 71 18 86 [binary, 4 bytes]
2023-03-29 14:28:43,029 - DEBUG - < PONG 97 71 18 86 [binary, 4 bytes]
2023-03-29 14:28:43,031 - DEBUG - % received keepalive pong
2023-03-29 14:29:03,019 - DEBUG - % sending keepalive ping
2023-03-29 14:29:03,020 - DEBUG - > PING f8 ed 44 78 [binary, 4 bytes]
2023-03-29 14:29:03,028 - DEBUG - < PONG f8 ed 44 78 [binary, 4 bytes]
2023-03-29 14:29:03,033 - DEBUG - % received keepalive pong
2023-03-29 14:29:23,022 - DEBUG - % sending keepalive ping
2023-03-29 14:29:23,022 - DEBUG - > PING 24 dd 2c e5 [binary, 4 bytes]
2023-03-29 14:29:23,030 - DEBUG - < PONG 24 dd 2c e5 [binary, 4 bytes]
2023-03-29 14:29:23,041 - DEBUG - % received keepalive pong
2023-03-29 14:29:43,056 - DEBUG - % sending keepalive ping
2023-03-29 14:29:43,056 - DEBUG - > PING 0e cf e7 83 [binary, 4 bytes]
2023-03-29 14:29:43,064 - DEBUG - < PONG 0e cf e7 83 [binary, 4 bytes]
2023-03-29 14:29:43,070 - DEBUG - % received keepalive pong
2023-03-29 14:30:03,070 - DEBUG - % sending keepalive ping
2023-03-29 14:30:03,070 - DEBUG - > PING 7e 0d 41 da [binary, 4 bytes]
2023-03-29 14:30:03,078 - DEBUG - < PONG 7e 0d 41 da [binary, 4 bytes]
2023-03-29 14:30:03,080 - DEBUG - % received keepalive pong
2023-03-29 14:30:23,061 - DEBUG - % sending keepalive ping
2023-03-29 14:30:23,061 - DEBUG - > PING 55 c0 8a f0 [binary, 4 bytes]
2023-03-29 14:30:23,070 - DEBUG - < PONG 55 c0 8a f0 [binary, 4 bytes]
2023-03-29 14:30:23,078 - DEBUG - % received keepalive pong
2023-03-29 14:30:43,074 - DEBUG - % sending keepalive ping
2023-03-29 14:30:43,075 - DEBUG - > PING 58 56 64 a8 [binary, 4 bytes]
2023-03-29 14:30:43,086 - DEBUG - < PONG 58 56 64 a8 [binary, 4 bytes]
2023-03-29 14:30:43,089 - DEBUG - % received keepalive pong
2023-03-29 14:31:03,091 - DEBUG - % sending keepalive ping
2023-03-29 14:31:03,091 - DEBUG - > PING 3f b8 3f e4 [binary, 4 bytes]
2023-03-29 14:31:03,100 - DEBUG - < PONG 3f b8 3f e4 [binary, 4 bytes]
2023-03-29 14:31:03,104 - DEBUG - % received keepalive pong
2023-03-29 14:31:23,092 - DEBUG - % sending keepalive ping
2023-03-29 14:31:23,092 - DEBUG - > PING 31 0c 47 ee [binary, 4 bytes]
2023-03-29 14:31:23,101 - DEBUG - < PONG 31 0c 47 ee [binary, 4 bytes]
2023-03-29 14:31:23,105 - DEBUG - % received keepalive pong
2023-03-29 14:31:43,103 - DEBUG - % sending keepalive ping
2023-03-29 14:31:43,103 - DEBUG - > PING a8 9f 04 eb [binary, 4 bytes]
2023-03-29 14:31:43,112 - DEBUG - < PONG a8 9f 04 eb [binary, 4 bytes]
2023-03-29 14:31:43,113 - DEBUG - % received keepalive pong
2023-03-29 14:32:03,093 - DEBUG - % sending keepalive ping
2023-03-29 14:32:03,093 - DEBUG - > PING 72 85 2c 8b [binary, 4 bytes]
2023-03-29 14:32:03,104 - DEBUG - < PONG 72 85 2c 8b [binary, 4 bytes]
2023-03-29 14:32:03,107 - DEBUG - % received keepalive pong
2023-03-29 14:32:23,101 - DEBUG - % sending keepalive ping
2023-03-29 14:32:23,101 - DEBUG - > PING c5 7d a5 36 [binary, 4 bytes]
2023-03-29 14:32:23,110 - DEBUG - < PONG c5 7d a5 36 [binary, 4 bytes]
2023-03-29 14:32:23,113 - DEBUG - % received keepalive pong
2023-03-29 14:32:43,105 - DEBUG - % sending keepalive ping
2023-03-29 14:32:43,105 - DEBUG - > PING 66 5c ba 3e [binary, 4 bytes]
2023-03-29 14:32:43,127 - DEBUG - < PONG 66 5c ba 3e [binary, 4 bytes]
2023-03-29 14:32:43,129 - DEBUG - % received keepalive pong
2023-03-29 14:33:03,120 - DEBUG - % sending keepalive ping
2023-03-29 14:33:03,120 - DEBUG - > PING 11 25 7f a1 [binary, 4 bytes]
2023-03-29 14:33:03,129 - DEBUG - < PONG 11 25 7f a1 [binary, 4 bytes]
2023-03-29 14:33:03,132 - DEBUG - % received keepalive pong
2023-03-29 14:33:23,135 - DEBUG - % sending keepalive ping
2023-03-29 14:33:23,136 - DEBUG - > PING cc eb bc ac [binary, 4 bytes]
2023-03-29 14:33:23,144 - DEBUG - < PONG cc eb bc ac [binary, 4 bytes]
2023-03-29 14:33:23,146 - DEBUG - % received keepalive pong
2023-03-29 14:33:43,146 - DEBUG - % sending keepalive ping
2023-03-29 14:33:43,146 - DEBUG - > PING 26 2f e8 e4 [binary, 4 bytes]
2023-03-29 14:33:43,154 - DEBUG - < PONG 26 2f e8 e4 [binary, 4 bytes]
2023-03-29 14:33:43,157 - DEBUG - % received keepalive pong
2023-03-29 14:34:03,152 - DEBUG - % sending keepalive ping
2023-03-29 14:34:03,152 - DEBUG - > PING 77 dd dd 81 [binary, 4 bytes]
2023-03-29 14:34:03,161 - DEBUG - < PONG 77 dd dd 81 [binary, 4 bytes]
2023-03-29 14:34:03,162 - DEBUG - % received keepalive pong
2023-03-29 14:34:23,141 - DEBUG - % sending keepalive ping
2023-03-29 14:34:23,141 - DEBUG - > PING 54 25 a9 08 [binary, 4 bytes]
2023-03-29 14:34:23,149 - DEBUG - < PONG 54 25 a9 08 [binary, 4 bytes]
2023-03-29 14:34:23,151 - DEBUG - % received keepalive pong
2023-03-29 14:34:43,142 - DEBUG - % sending keepalive ping
2023-03-29 14:34:43,142 - DEBUG - > PING fb b8 f9 e2 [binary, 4 bytes]
2023-03-29 14:34:43,153 - DEBUG - < PONG fb b8 f9 e2 [binary, 4 bytes]
2023-03-29 14:34:43,160 - DEBUG - % received keepalive pong
2023-03-29 14:35:03,150 - DEBUG - % sending keepalive ping
2023-03-29 14:35:03,150 - DEBUG - > PING 88 be d8 19 [binary, 4 bytes]
2023-03-29 14:35:03,160 - DEBUG - < PONG 88 be d8 19 [binary, 4 bytes]
2023-03-29 14:35:03,161 - DEBUG - % received keepalive pong
2023-03-29 14:35:23,145 - DEBUG - % sending keepalive ping
2023-03-29 14:35:23,145 - DEBUG - > PING 2d 22 03 99 [binary, 4 bytes]
2023-03-29 14:35:23,154 - DEBUG - < PONG 2d 22 03 99 [binary, 4 bytes]
2023-03-29 14:35:23,156 - DEBUG - % received keepalive pong
2023-03-29 14:35:43,148 - DEBUG - % sending keepalive ping
2023-03-29 14:35:43,148 - DEBUG - > PING 91 9c f5 03 [binary, 4 bytes]
2023-03-29 14:35:43,156 - DEBUG - < PONG 91 9c f5 03 [binary, 4 bytes]
2023-03-29 14:35:43,158 - DEBUG - % received keepalive pong
2023-03-29 14:36:03,157 - DEBUG - % sending keepalive ping
2023-03-29 14:36:03,157 - DEBUG - > PING a3 56 e9 71 [binary, 4 bytes]
2023-03-29 14:36:03,171 - DEBUG - < PONG a3 56 e9 71 [binary, 4 bytes]
2023-03-29 14:36:03,173 - DEBUG - % received keepalive pong
2023-03-29 14:36:23,169 - DEBUG - % sending keepalive ping
2023-03-29 14:36:23,169 - DEBUG - > PING 13 10 5a ed [binary, 4 bytes]
2023-03-29 14:36:23,178 - DEBUG - < PONG 13 10 5a ed [binary, 4 bytes]
2023-03-29 14:36:23,179 - DEBUG - % received keepalive pong
2023-03-29 14:36:43,172 - DEBUG - % sending keepalive ping
2023-03-29 14:36:43,172 - DEBUG - > PING 46 5b 0e e7 [binary, 4 bytes]
2023-03-29 14:36:43,181 - DEBUG - < PONG 46 5b 0e e7 [binary, 4 bytes]
2023-03-29 14:36:43,183 - DEBUG - % received keepalive pong
2023-03-29 14:37:03,189 - DEBUG - % sending keepalive ping
2023-03-29 14:37:03,189 - DEBUG - > PING fa 24 ca 25 [binary, 4 bytes]
2023-03-29 14:37:03,197 - DEBUG - < PONG fa 24 ca 25 [binary, 4 bytes]
2023-03-29 14:37:03,199 - DEBUG - % received keepalive pong
2023-03-29 14:37:23,194 - DEBUG - % sending keepalive ping
2023-03-29 14:37:23,194 - DEBUG - > PING 75 8e 50 47 [binary, 4 bytes]
2023-03-29 14:37:23,206 - DEBUG - < PONG 75 8e 50 47 [binary, 4 bytes]
2023-03-29 14:37:23,207 - DEBUG - % received keepalive pong
2023-03-29 14:37:43,194 - DEBUG - % sending keepalive ping
2023-03-29 14:37:43,194 - DEBUG - > PING '\x00\u0604\x1b' [text, 4 bytes]
2023-03-29 14:37:43,202 - DEBUG - < PONG '\x00\u0604\x1b' [text, 4 bytes]
2023-03-29 14:37:43,204 - DEBUG - % received keepalive pong
2023-03-29 14:38:03,185 - DEBUG - % sending keepalive ping
2023-03-29 14:38:03,185 - DEBUG - > PING 26 f7 6e e3 [binary, 4 bytes]
2023-03-29 14:38:03,193 - DEBUG - < PONG 26 f7 6e e3 [binary, 4 bytes]
2023-03-29 14:38:03,194 - DEBUG - % received keepalive pong
2023-03-29 14:38:23,194 - DEBUG - % sending keepalive ping
2023-03-29 14:38:23,194 - DEBUG - > PING 5e c2 50 92 [binary, 4 bytes]
2023-03-29 14:38:23,203 - DEBUG - < PONG 5e c2 50 92 [binary, 4 bytes]
2023-03-29 14:38:23,206 - DEBUG - % received keepalive pong
2023-03-29 14:38:43,189 - DEBUG - % sending keepalive ping
2023-03-29 14:38:43,190 - DEBUG - > PING f8 aa 03 4c [binary, 4 bytes]
2023-03-29 14:38:43,210 - DEBUG - < PONG f8 aa 03 4c [binary, 4 bytes]
2023-03-29 14:38:43,212 - DEBUG - % received keepalive pong
2023-03-29 14:39:03,183 - DEBUG - % sending keepalive ping
2023-03-29 14:39:03,183 - DEBUG - > PING 71 74 5b ef [binary, 4 bytes]
2023-03-29 14:39:03,191 - DEBUG - < PONG 71 74 5b ef [binary, 4 bytes]
2023-03-29 14:39:03,193 - DEBUG - % received keepalive pong
2023-03-29 14:39:23,187 - DEBUG - % sending keepalive ping
2023-03-29 14:39:23,188 - DEBUG - > PING 05 81 73 42 [binary, 4 bytes]
2023-03-29 14:39:23,195 - DEBUG - < PONG 05 81 73 42 [binary, 4 bytes]
2023-03-29 14:39:23,197 - DEBUG - % received keepalive pong
2023-03-29 14:39:43,190 - DEBUG - % sending keepalive ping
2023-03-29 14:39:43,190 - DEBUG - > PING 19 78 05 f0 [binary, 4 bytes]
2023-03-29 14:39:43,198 - DEBUG - < PONG 19 78 05 f0 [binary, 4 bytes]
2023-03-29 14:39:43,200 - DEBUG - % received keepalive pong
2023-03-29 14:40:03,190 - DEBUG - % sending keepalive ping
2023-03-29 14:40:03,190 - DEBUG - > PING 9b 5d fc 90 [binary, 4 bytes]
2023-03-29 14:40:03,199 - DEBUG - < PONG 9b 5d fc 90 [binary, 4 bytes]
2023-03-29 14:40:03,200 - DEBUG - % received keepalive pong
2023-03-29 14:40:23,183 - DEBUG - % sending keepalive ping
2023-03-29 14:40:23,184 - DEBUG - > PING b6 d8 9b ec [binary, 4 bytes]
2023-03-29 14:40:23,192 - DEBUG - < PONG b6 d8 9b ec [binary, 4 bytes]
2023-03-29 14:40:23,194 - DEBUG - % received keepalive pong
2023-03-29 14:40:43,189 - DEBUG - % sending keepalive ping
2023-03-29 14:40:43,189 - DEBUG - > PING 42 5e 95 b2 [binary, 4 bytes]
2023-03-29 14:40:43,206 - DEBUG - < PONG 42 5e 95 b2 [binary, 4 bytes]
2023-03-29 14:40:43,208 - DEBUG - % received keepalive pong
2023-03-29 14:41:03,188 - DEBUG - % sending keepalive ping
2023-03-29 14:41:03,189 - DEBUG - > PING b7 02 db cf [binary, 4 bytes]
2023-03-29 14:41:03,197 - DEBUG - < PONG b7 02 db cf [binary, 4 bytes]
2023-03-29 14:41:03,200 - DEBUG - % received keepalive pong
2023-03-29 14:41:23,193 - DEBUG - % sending keepalive ping
2023-03-29 14:41:23,193 - DEBUG - > PING 7c 59 bc a2 [binary, 4 bytes]
2023-03-29 14:41:23,207 - DEBUG - < PONG 7c 59 bc a2 [binary, 4 bytes]
2023-03-29 14:41:23,211 - DEBUG - % received keepalive pong
2023-03-29 14:41:43,198 - DEBUG - % sending keepalive ping
2023-03-29 14:41:43,198 - DEBUG - > PING 63 b8 76 b6 [binary, 4 bytes]
2023-03-29 14:41:43,207 - DEBUG - < PONG 63 b8 76 b6 [binary, 4 bytes]
2023-03-29 14:41:43,209 - DEBUG - % received keepalive pong
2023-03-29 14:42:03,185 - DEBUG - % sending keepalive ping
2023-03-29 14:42:03,186 - DEBUG - > PING a9 ae bc a7 [binary, 4 bytes]
2023-03-29 14:42:03,195 - DEBUG - < PONG a9 ae bc a7 [binary, 4 bytes]
2023-03-29 14:42:03,196 - DEBUG - % received keepalive pong
2023-03-29 14:42:23,186 - DEBUG - % sending keepalive ping
2023-03-29 14:42:23,186 - DEBUG - > PING c8 94 20 f5 [binary, 4 bytes]
2023-03-29 14:42:23,197 - DEBUG - < PONG c8 94 20 f5 [binary, 4 bytes]
2023-03-29 14:42:23,198 - DEBUG - % received keepalive pong
2023-03-29 14:42:43,195 - DEBUG - % sending keepalive ping
2023-03-29 14:42:43,195 - DEBUG - > PING 64 8b 61 5a [binary, 4 bytes]
2023-03-29 14:42:43,208 - DEBUG - < PONG 64 8b 61 5a [binary, 4 bytes]
2023-03-29 14:42:43,210 - DEBUG - % received keepalive pong
2023-03-29 14:43:03,185 - DEBUG - % sending keepalive ping
2023-03-29 14:43:03,185 - DEBUG - > PING 94 a7 d5 40 [binary, 4 bytes]
2023-03-29 14:43:03,217 - DEBUG - < PONG 94 a7 d5 40 [binary, 4 bytes]
2023-03-29 14:43:03,219 - DEBUG - % received keepalive pong
2023-03-29 14:43:23,217 - DEBUG - % sending keepalive ping
2023-03-29 14:43:23,217 - DEBUG - > PING 8f ce e1 e7 [binary, 4 bytes]
2023-03-29 14:43:23,225 - DEBUG - < PONG 8f ce e1 e7 [binary, 4 bytes]
2023-03-29 14:43:23,226 - DEBUG - % received keepalive pong
2023-03-29 14:43:43,220 - DEBUG - % sending keepalive ping
2023-03-29 14:43:43,221 - DEBUG - > PING 85 b6 41 a9 [binary, 4 bytes]
2023-03-29 14:43:43,229 - DEBUG - < PONG 85 b6 41 a9 [binary, 4 bytes]
2023-03-29 14:43:43,232 - DEBUG - % received keepalive pong
2023-03-29 14:44:03,221 - DEBUG - % sending keepalive ping
2023-03-29 14:44:03,221 - DEBUG - > PING 38 26 b6 79 [binary, 4 bytes]
2023-03-29 14:44:03,230 - DEBUG - < PONG 38 26 b6 79 [binary, 4 bytes]
2023-03-29 14:44:03,232 - DEBUG - % received keepalive pong
2023-03-29 14:44:23,229 - DEBUG - % sending keepalive ping
2023-03-29 14:44:23,229 - DEBUG - > PING ed 91 1c e6 [binary, 4 bytes]
2023-03-29 14:44:23,238 - DEBUG - < PONG ed 91 1c e6 [binary, 4 bytes]
2023-03-29 14:44:23,239 - DEBUG - % received keepalive pong
2023-03-29 14:44:43,228 - DEBUG - % sending keepalive ping
2023-03-29 14:44:43,229 - DEBUG - > PING ae 23 b5 ad [binary, 4 bytes]
2023-03-29 14:44:43,241 - DEBUG - < PONG ae 23 b5 ad [binary, 4 bytes]
2023-03-29 14:44:43,245 - DEBUG - % received keepalive pong
2023-03-29 14:45:03,248 - DEBUG - % sending keepalive ping
2023-03-29 14:45:03,248 - DEBUG - > PING dc 52 f9 f3 [binary, 4 bytes]
2023-03-29 14:45:03,257 - DEBUG - < PONG dc 52 f9 f3 [binary, 4 bytes]
2023-03-29 14:45:03,266 - DEBUG - % received keepalive pong
2023-03-29 14:45:23,269 - DEBUG - % sending keepalive ping
2023-03-29 14:45:23,269 - DEBUG - > PING 70 d2 d5 7c [binary, 4 bytes]
2023-03-29 14:45:23,278 - DEBUG - < PONG 70 d2 d5 7c [binary, 4 bytes]
2023-03-29 14:45:23,280 - DEBUG - % received keepalive pong
2023-03-29 14:45:43,276 - DEBUG - % sending keepalive ping
2023-03-29 14:45:43,277 - DEBUG - > PING dd 5a e4 b2 [binary, 4 bytes]
2023-03-29 14:45:43,285 - DEBUG - < PONG dd 5a e4 b2 [binary, 4 bytes]
2023-03-29 14:45:43,287 - DEBUG - % received keepalive pong
2023-03-29 14:46:03,268 - DEBUG - % sending keepalive ping
2023-03-29 14:46:03,268 - DEBUG - > PING 'fv' [text, 4 bytes]
2023-03-29 14:46:03,287 - DEBUG - < PONG 'fv' [text, 4 bytes]
2023-03-29 14:46:03,288 - DEBUG - % received keepalive pong
2023-03-29 14:46:23,263 - DEBUG - % sending keepalive ping
2023-03-29 14:46:23,263 - DEBUG - > PING 'IPu\x19' [text, 4 bytes]
2023-03-29 14:46:23,272 - DEBUG - < PONG 'IPu\x19' [text, 4 bytes]
2023-03-29 14:46:23,274 - DEBUG - % received keepalive pong
2023-03-29 14:46:43,269 - DEBUG - % sending keepalive ping
2023-03-29 14:46:43,269 - DEBUG - > PING b8 92 35 3f [binary, 4 bytes]
2023-03-29 14:46:43,278 - DEBUG - < PONG b8 92 35 3f [binary, 4 bytes]
2023-03-29 14:46:43,280 - DEBUG - % received keepalive pong
2023-03-29 14:47:03,276 - DEBUG - % sending keepalive ping
2023-03-29 14:47:03,277 - DEBUG - > PING 67 63 2e a2 [binary, 4 bytes]
2023-03-29 14:47:03,284 - DEBUG - < PONG 67 63 2e a2 [binary, 4 bytes]
2023-03-29 14:47:03,286 - DEBUG - % received keepalive pong
2023-03-29 14:47:23,266 - DEBUG - % sending keepalive ping
2023-03-29 14:47:23,266 - DEBUG - > PING 66 eb 71 df [binary, 4 bytes]
2023-03-29 14:47:23,275 - DEBUG - < PONG 66 eb 71 df [binary, 4 bytes]
2023-03-29 14:47:23,277 - DEBUG - % received keepalive pong
2023-03-29 14:47:43,272 - DEBUG - % sending keepalive ping
2023-03-29 14:47:43,272 - DEBUG - > PING 12 5d 36 a3 [binary, 4 bytes]
2023-03-29 14:47:43,281 - DEBUG - < PONG 12 5d 36 a3 [binary, 4 bytes]
2023-03-29 14:47:43,282 - DEBUG - % received keepalive pong
2023-03-29 14:48:03,263 - DEBUG - % sending keepalive ping
2023-03-29 14:48:03,264 - DEBUG - > PING d4 5c ad d3 [binary, 4 bytes]
2023-03-29 14:48:03,273 - DEBUG - < PONG d4 5c ad d3 [binary, 4 bytes]
2023-03-29 14:48:03,277 - DEBUG - % received keepalive pong
2023-03-29 14:48:23,270 - DEBUG - % sending keepalive ping
2023-03-29 14:48:23,270 - DEBUG - > PING 23 29 41 ce [binary, 4 bytes]
2023-03-29 14:48:23,280 - DEBUG - < PONG 23 29 41 ce [binary, 4 bytes]
2023-03-29 14:48:23,282 - DEBUG - % received keepalive pong
2023-03-29 14:48:43,280 - DEBUG - % sending keepalive ping
2023-03-29 14:48:43,281 - DEBUG - > PING 21 43 81 d8 [binary, 4 bytes]
2023-03-29 14:48:43,289 - DEBUG - < PONG 21 43 81 d8 [binary, 4 bytes]
2023-03-29 14:48:43,292 - DEBUG - % received keepalive pong
2023-03-29 14:49:03,300 - DEBUG - % sending keepalive ping
2023-03-29 14:49:03,300 - DEBUG - > PING 9c 13 9b 06 [binary, 4 bytes]
2023-03-29 14:49:03,309 - DEBUG - < PONG 9c 13 9b 06 [binary, 4 bytes]
2023-03-29 14:49:03,311 - DEBUG - % received keepalive pong
2023-03-29 14:49:23,316 - DEBUG - % sending keepalive ping
2023-03-29 14:49:23,317 - DEBUG - > PING ad 9d f2 00 [binary, 4 bytes]
2023-03-29 14:49:23,326 - DEBUG - < PONG ad 9d f2 00 [binary, 4 bytes]
2023-03-29 14:49:23,327 - DEBUG - % received keepalive pong
2023-03-29 14:49:43,322 - DEBUG - % sending keepalive ping
2023-03-29 14:49:43,322 - DEBUG - > PING ce fc b8 fd [binary, 4 bytes]
2023-03-29 14:49:43,330 - DEBUG - < PONG ce fc b8 fd [binary, 4 bytes]
2023-03-29 14:49:43,332 - DEBUG - % received keepalive pong
2023-03-29 14:50:03,324 - DEBUG - % sending keepalive ping
2023-03-29 14:50:03,324 - DEBUG - > PING 56 ae f3 cf [binary, 4 bytes]
2023-03-29 14:50:03,332 - DEBUG - < PONG 56 ae f3 cf [binary, 4 bytes]
2023-03-29 14:50:03,334 - DEBUG - % received keepalive pong
2023-03-29 14:50:23,324 - DEBUG - % sending keepalive ping
2023-03-29 14:50:23,325 - DEBUG - > PING 9a c2 8b 5a [binary, 4 bytes]
2023-03-29 14:50:23,333 - DEBUG - < PONG 9a c2 8b 5a [binary, 4 bytes]
2023-03-29 14:50:23,341 - DEBUG - % received keepalive pong
2023-03-29 14:50:43,338 - DEBUG - % sending keepalive ping
2023-03-29 14:50:43,338 - DEBUG - > PING e9 d1 53 93 [binary, 4 bytes]
2023-03-29 14:50:43,346 - DEBUG - < PONG e9 d1 53 93 [binary, 4 bytes]
2023-03-29 14:50:43,349 - DEBUG - % received keepalive pong
2023-03-29 14:51:03,340 - DEBUG - % sending keepalive ping
2023-03-29 14:51:03,341 - DEBUG - > PING df 81 a4 71 [binary, 4 bytes]
2023-03-29 14:51:03,349 - DEBUG - < PONG df 81 a4 71 [binary, 4 bytes]
2023-03-29 14:51:03,355 - DEBUG - % received keepalive pong
2023-03-29 14:51:23,355 - DEBUG - % sending keepalive ping
2023-03-29 14:51:23,355 - DEBUG - > PING 1e 81 e0 08 [binary, 4 bytes]
2023-03-29 14:51:23,364 - DEBUG - < PONG 1e 81 e0 08 [binary, 4 bytes]
2023-03-29 14:51:23,371 - DEBUG - % received keepalive pong
2023-03-29 14:51:31,189 - DEBUG - = connection is CONNECTING
2023-03-29 14:51:31,256 - DEBUG - > GET /ocpp16/ELA007C05/EVSCA050001 HTTP/1.1
2023-03-29 14:51:31,256 - DEBUG - > Host: ws.devevspcharger.uplus.co.kr
2023-03-29 14:51:31,256 - DEBUG - > Upgrade: websocket
2023-03-29 14:51:31,256 - DEBUG - > Connection: Upgrade
2023-03-29 14:51:31,256 - DEBUG - > Sec-WebSocket-Key: 9Hn3TsOxwKaPNVxgAfUoug==
2023-03-29 14:51:31,257 - DEBUG - > Sec-WebSocket-Version: 13
2023-03-29 14:51:31,257 - DEBUG - > Sec-WebSocket-Extensions: permessage-deflate; client_max_window_bits
2023-03-29 14:51:31,257 - DEBUG - > Sec-WebSocket-Protocol: ocpp1.6
2023-03-29 14:51:31,257 - DEBUG - > Authorization: Basic RVZBUjpFVkFSTEdV
2023-03-29 14:51:31,257 - DEBUG - > User-Agent: Python/3.11 websockets/10.4
2023-03-29 14:51:32,680 - DEBUG - < HTTP/1.1 101 Switching Protocols
2023-03-29 14:51:32,681 - DEBUG - < Connection: upgrade
2023-03-29 14:51:32,681 - DEBUG - < Date: Wed, 29 Mar 2023 05:51:28 GMT
2023-03-29 14:51:32,681 - DEBUG - < sec-websocket-protocol: ocpp1.6
2023-03-29 14:51:32,682 - DEBUG - < upgrade: websocket
2023-03-29 14:51:32,682 - DEBUG - < sec-websocket-accept: 70Jgj6NaWHqj6TszC8j4hQ4HGPY=
2023-03-29 14:51:32,682 - DEBUG - < sec-websocket-extensions: permessage-deflate
2023-03-29 14:51:32,682 - DEBUG - < X-Cache: Miss from cloudfront
2023-03-29 14:51:32,683 - DEBUG - < Via: 1.1 0deed69f96030eea747cb7bfcfd21562.cloudfront.net (CloudFront)
2023-03-29 14:51:32,683 - DEBUG - < X-Amz-Cf-Pop: ICN57-P2
2023-03-29 14:51:32,683 - DEBUG - < X-Amz-Cf-Id: tW6aBZn3Od0-5Z-xN0NxhEKhwm0mkhm1TG2WhgI2ZcCqLC9c1esxcQ==
2023-03-29 14:51:32,685 - DEBUG - = connection is OPEN
2023-03-29 14:51:32,747 - DEBUG - > TEXT '[2, "104200df-e9f0-40b4-b14c-449b7915e954", "Bo...ePointVendor": "EVAR"}]' [127 bytes]
2023-03-29 14:51:33,131 - DEBUG - < TEXT '[3, "104200df-e9f0-40b4-b14c-449b7915e954", {"s...29Z", "interval": 600}]' [123 bytes]
2023-03-29 14:51:33,175 - DEBUG - > TEXT '[2, "104200df-e9f0-40b4-b14c-449b7915e954", "St..."status": "Available"}]' [132 bytes]
2023-03-29 14:51:33,357 - DEBUG - < TEXT '[3, "104200df-e9f0-40b4-b14c-449b7915e954", {}]' [47 bytes]
2023-03-29 14:51:33,396 - DEBUG - > TEXT '[2, "104200df-e9f0-40b4-b14c-449b7915e954", "Au...": "1031040000069641"}]' [87 bytes]
2023-03-29 14:51:33,670 - DEBUG - < TEXT '[3, "104200df-e9f0-40b4-b14c-449b7915e954", {"i..."status": "Accepted"}}]' [82 bytes]
2023-03-29 14:51:33,700 - DEBUG - = connection is CLOSING
2023-03-29 14:51:33,701 - DEBUG - > CLOSE 1000 (OK) [2 bytes]
2023-03-29 14:51:33,709 - DEBUG - < CLOSE 1000 (OK) [2 bytes]
2023-03-29 14:51:33,716 - DEBUG - = connection is CLOSED
2023-03-29 14:51:33,734 - DEBUG - = connection is CONNECTING
2023-03-29 14:51:33,777 - DEBUG - > GET /ocpp16/ELA007C05/EVSCA050001 HTTP/1.1
2023-03-29 14:51:33,778 - DEBUG - > Host: ws.devevspcharger.uplus.co.kr
2023-03-29 14:51:33,778 - DEBUG - > Upgrade: websocket
2023-03-29 14:51:33,778 - DEBUG - > Connection: Upgrade
2023-03-29 14:51:33,778 - DEBUG - > Sec-WebSocket-Key: gkMCXyOJr7aEbBeZySjs0g==
2023-03-29 14:51:33,779 - DEBUG - > Sec-WebSocket-Version: 13
2023-03-29 14:51:33,779 - DEBUG - > Sec-WebSocket-Extensions: permessage-deflate; client_max_window_bits
2023-03-29 14:51:33,779 - DEBUG - > Sec-WebSocket-Protocol: ocpp1.6
2023-03-29 14:51:33,779 - DEBUG - > Authorization: Basic RVZBUjpFVkFSTEdV
2023-03-29 14:51:33,779 - DEBUG - > User-Agent: Python/3.11 websockets/10.4
2023-03-29 14:51:34,060 - DEBUG - < HTTP/1.1 101 Switching Protocols
2023-03-29 14:51:34,060 - DEBUG - < Connection: upgrade
2023-03-29 14:51:34,061 - DEBUG - < Date: Wed, 29 Mar 2023 05:51:30 GMT
2023-03-29 14:51:34,061 - DEBUG - < sec-websocket-protocol: ocpp1.6
2023-03-29 14:51:34,061 - DEBUG - < upgrade: websocket
2023-03-29 14:51:34,061 - DEBUG - < sec-websocket-accept: LiJ+jIZsGfXyLdA54NAlVgiWr4Y=
2023-03-29 14:51:34,061 - DEBUG - < sec-websocket-extensions: permessage-deflate
2023-03-29 14:51:34,062 - DEBUG - < X-Cache: Miss from cloudfront
2023-03-29 14:51:34,062 - DEBUG - < Via: 1.1 3509c763b14d58840ad09e1097a1e54c.cloudfront.net (CloudFront)
2023-03-29 14:51:34,062 - DEBUG - < X-Amz-Cf-Pop: ICN57-P2
2023-03-29 14:51:34,076 - DEBUG - < X-Amz-Cf-Id: 9l6Opu8-_9hOQVF1jf4ChU_xUBzxhL2K7BgFAc04GnjrHHV8KtcThg==
2023-03-29 14:51:34,076 - DEBUG - = connection is OPEN
2023-03-29 14:51:34,109 - DEBUG - > TEXT '[2, "4a71e6f9-e9f2-411f-99f0-61fecc591e50", "Bo...ePointVendor": "EVAR"}]' [127 bytes]
2023-03-29 14:51:34,332 - DEBUG - < TEXT '[3, "4a71e6f9-e9f2-411f-99f0-61fecc591e50", {"s...30Z", "interval": 600}]' [123 bytes]
2023-03-29 14:51:34,399 - DEBUG - > TEXT '[2, "47e522dd-332e-4b42-b934-71412d8e8e93", "St..."status": "Available"}]' [132 bytes]
2023-03-29 14:51:34,574 - DEBUG - < TEXT '[3, "47e522dd-332e-4b42-b934-71412d8e8e93", {}]' [47 bytes]
2023-03-29 14:51:34,627 - DEBUG - > TEXT '[2, "aeae5e1d-bcb2-499c-997b-1d76da4e45b3", "Au...": "1031040000069641"}]' [87 bytes]
2023-03-29 14:51:34,902 - DEBUG - < TEXT '[3, "aeae5e1d-bcb2-499c-997b-1d76da4e45b3", {"i..."status": "Accepted"}}]' [82 bytes]
2023-03-29 14:51:34,949 - DEBUG - > TEXT '[2, "0511dae3-551e-43ec-9c97-f102bea2e9a3", "St...2023-03-29T14:51:31Z"}]' [170 bytes]
2023-03-29 14:51:35,272 - DEBUG - < TEXT '[3, "0511dae3-551e-43ec-9c97-f102bea2e9a3", {"t..."status": "Accepted"}}]' [110 bytes]
2023-03-29 14:51:35,336 - DEBUG - > TEXT '[2, "4c25d848-92fa-457f-9a7e-ad28d7c55e2b", "St... "status": "Charging"}]' [131 bytes]
2023-03-29 14:51:35,512 - DEBUG - < TEXT '[3, "4c25d848-92fa-457f-9a7e-ad28d7c55e2b", {}]' [47 bytes]
2023-03-29 14:51:35,702 - DEBUG - > TEXT '[2, "35b32fbd-82ae-4bd4-8b2f-757273472dfe", "Me...er", "unit": "Wh"}]}]}]' [259 bytes]
2023-03-29 14:51:35,914 - DEBUG - < TEXT '[3, "35b32fbd-82ae-4bd4-8b2f-757273472dfe", {}]' [47 bytes]
2023-03-29 14:51:35,981 - DEBUG - > TEXT '[2, "1afbe9af-3db6-47a5-acc2-3eebb4f49f59", "St...sactionId": 120533599}]' [149 bytes]
2023-03-29 14:51:36,271 - DEBUG - < TEXT '[3, "1afbe9af-3db6-47a5-acc2-3eebb4f49f59", {"i..."status": "Accepted"}}]' [82 bytes]
2023-03-29 14:51:36,353 - DEBUG - > TEXT '[2, "e6bc2de3-7564-412c-8dbf-efee5c60726a", "St..."status": "Finishing"}]' [132 bytes]
2023-03-29 14:51:36,535 - DEBUG - < TEXT '[3, "e6bc2de3-7564-412c-8dbf-efee5c60726a", {}]' [47 bytes]
2023-03-29 14:51:36,602 - DEBUG - > TEXT '[2, "ef30b4ac-c97b-4950-9f45-1af4d7dc8d2c", "St..."status": "Available"}]' [132 bytes]
2023-03-29 14:51:36,772 - DEBUG - < TEXT '[3, "ef30b4ac-c97b-4950-9f45-1af4d7dc8d2c", {}]' [47 bytes]
2023-03-29 14:51:36,811 - DEBUG - = connection is CLOSING
2023-03-29 14:51:36,811 - DEBUG - > CLOSE 1000 (OK) [2 bytes]
2023-03-29 14:51:36,823 - DEBUG - < CLOSE 1000 (OK) [2 bytes]
2023-03-29 14:51:36,831 - DEBUG - = connection is CLOSED
2023-03-29 14:51:43,377 - DEBUG - % sending keepalive ping
2023-03-29 14:51:43,377 - DEBUG - > PING bb ce 14 ad [binary, 4 bytes]
2023-03-29 14:51:43,385 - DEBUG - < PONG bb ce 14 ad [binary, 4 bytes]
2023-03-29 14:51:43,392 - DEBUG - % received keepalive pong
2023-03-29 14:52:03,399 - DEBUG - % sending keepalive ping
2023-03-29 14:52:03,399 - DEBUG - > PING ']|ZE' [text, 4 bytes]
2023-03-29 14:52:03,407 - DEBUG - < PONG ']|ZE' [text, 4 bytes]
2023-03-29 14:52:03,409 - DEBUG - % received keepalive pong
2023-03-29 14:52:23,398 - DEBUG - % sending keepalive ping
2023-03-29 14:52:23,398 - DEBUG - > PING 2f 4f 59 8c [binary, 4 bytes]
2023-03-29 14:52:23,406 - DEBUG - < PONG 2f 4f 59 8c [binary, 4 bytes]
2023-03-29 14:52:23,414 - DEBUG - % received keepalive pong
2023-03-29 14:52:43,414 - DEBUG - % sending keepalive ping
2023-03-29 14:52:43,414 - DEBUG - > PING c8 db a3 0c [binary, 4 bytes]
2023-03-29 14:52:43,426 - DEBUG - < PONG c8 db a3 0c [binary, 4 bytes]
2023-03-29 14:52:43,430 - DEBUG - % received keepalive pong
2023-03-29 14:53:03,427 - DEBUG - % sending keepalive ping
2023-03-29 14:53:03,427 - DEBUG - > PING 'Qb)\x1f' [text, 4 bytes]
2023-03-29 14:53:03,435 - DEBUG - < PONG 'Qb)\x1f' [text, 4 bytes]
2023-03-29 14:53:03,439 - DEBUG - % received keepalive pong
2023-03-29 14:53:23,432 - DEBUG - % sending keepalive ping
2023-03-29 14:53:23,433 - DEBUG - > PING 'n\u01d9\x16' [text, 4 bytes]
2023-03-29 14:53:23,442 - DEBUG - < PONG 'n\u01d9\x16' [text, 4 bytes]
2023-03-29 14:53:23,452 - DEBUG - % received keepalive pong
2023-03-29 14:53:43,454 - DEBUG - % sending keepalive ping
2023-03-29 14:53:43,454 - DEBUG - > PING de 7c a9 fb [binary, 4 bytes]
2023-03-29 14:53:43,468 - DEBUG - < PONG de 7c a9 fb [binary, 4 bytes]
2023-03-29 14:53:43,474 - DEBUG - % received keepalive pong
2023-03-29 14:54:03,490 - DEBUG - % sending keepalive ping
2023-03-29 14:54:03,491 - DEBUG - > PING ab af 9d f4 [binary, 4 bytes]
2023-03-29 14:54:03,501 - DEBUG - < PONG ab af 9d f4 [binary, 4 bytes]
2023-03-29 14:54:03,514 - DEBUG - % received keepalive pong
2023-03-29 14:54:23,520 - DEBUG - % sending keepalive ping
2023-03-29 14:54:23,521 - DEBUG - > PING b6 f7 c1 8c [binary, 4 bytes]
2023-03-29 14:54:23,530 - DEBUG - < PONG b6 f7 c1 8c [binary, 4 bytes]
2023-03-29 14:54:23,533 - DEBUG - % received keepalive pong
2023-03-29 14:54:43,519 - DEBUG - % sending keepalive ping
2023-03-29 14:54:43,519 - DEBUG - > PING b4 0d 99 3c [binary, 4 bytes]
2023-03-29 14:54:43,529 - DEBUG - < PONG b4 0d 99 3c [binary, 4 bytes]
2023-03-29 14:54:43,536 - DEBUG - % received keepalive pong
2023-03-29 14:55:03,523 - DEBUG - % sending keepalive ping
2023-03-29 14:55:03,523 - DEBUG - > PING 0d 6a 8f 78 [binary, 4 bytes]
2023-03-29 14:55:03,531 - DEBUG - < PONG 0d 6a 8f 78 [binary, 4 bytes]
2023-03-29 14:55:03,534 - DEBUG - % received keepalive pong
2023-03-29 14:55:23,524 - DEBUG - % sending keepalive ping
2023-03-29 14:55:23,524 - DEBUG - > PING 1b 86 44 68 [binary, 4 bytes]
2023-03-29 14:55:23,535 - DEBUG - < PONG 1b 86 44 68 [binary, 4 bytes]
2023-03-29 14:55:23,543 - DEBUG - % received keepalive pong
2023-03-29 14:55:43,549 - DEBUG - % sending keepalive ping
2023-03-29 14:55:43,549 - DEBUG - > PING c8 34 de 4c [binary, 4 bytes]
2023-03-29 14:55:43,557 - DEBUG - < PONG c8 34 de 4c [binary, 4 bytes]
2023-03-29 14:55:43,562 - DEBUG - % received keepalive pong
2023-03-29 14:56:03,558 - DEBUG - % sending keepalive ping
2023-03-29 14:56:03,558 - DEBUG - > PING a4 6f b0 fc [binary, 4 bytes]
2023-03-29 14:56:03,566 - DEBUG - < PONG a4 6f b0 fc [binary, 4 bytes]
2023-03-29 14:56:03,574 - DEBUG - % received keepalive pong
2023-03-29 14:56:23,563 - DEBUG - % sending keepalive ping
2023-03-29 14:56:23,563 - DEBUG - > PING '\t\x18\u0585' [text, 4 bytes]
2023-03-29 14:56:23,573 - DEBUG - < PONG '\t\x18\u0585' [text, 4 bytes]
2023-03-29 14:56:23,579 - DEBUG - % received keepalive pong
2023-03-29 14:56:43,568 - DEBUG - % sending keepalive ping
2023-03-29 14:56:43,568 - DEBUG - > PING 39 84 a2 3e [binary, 4 bytes]
2023-03-29 14:56:43,576 - DEBUG - < PONG 39 84 a2 3e [binary, 4 bytes]
2023-03-29 14:56:43,579 - DEBUG - % received keepalive pong
2023-03-29 14:57:03,567 - DEBUG - % sending keepalive ping
2023-03-29 14:57:03,568 - DEBUG - > PING 86 53 b7 64 [binary, 4 bytes]
2023-03-29 14:57:03,578 - DEBUG - < PONG 86 53 b7 64 [binary, 4 bytes]
2023-03-29 14:57:03,595 - DEBUG - % received keepalive pong
2023-03-29 14:57:23,613 - DEBUG - % sending keepalive ping
2023-03-29 14:57:23,613 - DEBUG - > PING 55 fa 11 82 [binary, 4 bytes]
2023-03-29 14:57:23,621 - DEBUG - < PONG 55 fa 11 82 [binary, 4 bytes]
2023-03-29 14:57:23,634 - DEBUG - % received keepalive pong
2023-03-29 14:57:43,654 - DEBUG - % sending keepalive ping
2023-03-29 14:57:43,655 - DEBUG - > PING 9f 4d b0 3c [binary, 4 bytes]
2023-03-29 14:57:43,665 - DEBUG - < PONG 9f 4d b0 3c [binary, 4 bytes]
2023-03-29 14:57:43,674 - DEBUG - % received keepalive pong
2023-03-29 14:58:03,672 - DEBUG - % sending keepalive ping
2023-03-29 14:58:03,672 - DEBUG - > PING a2 ed 2d a6 [binary, 4 bytes]
2023-03-29 14:58:03,683 - DEBUG - < PONG a2 ed 2d a6 [binary, 4 bytes]
2023-03-29 14:58:03,692 - DEBUG - % received keepalive pong
2023-03-29 14:58:23,695 - DEBUG - % sending keepalive ping
2023-03-29 14:58:23,695 - DEBUG - > PING e1 2c 68 0a [binary, 4 bytes]
2023-03-29 14:58:23,726 - DEBUG - < PONG e1 2c 68 0a [binary, 4 bytes]
2023-03-29 14:58:23,732 - DEBUG - % received keepalive pong
2023-03-29 14:58:43,730 - DEBUG - % sending keepalive ping
2023-03-29 14:58:43,730 - DEBUG - > PING 45 04 31 e7 [binary, 4 bytes]
2023-03-29 14:58:43,739 - DEBUG - < PONG 45 04 31 e7 [binary, 4 bytes]
2023-03-29 14:58:43,752 - DEBUG - % received keepalive pong
2023-03-29 14:59:03,760 - DEBUG - % sending keepalive ping
2023-03-29 14:59:03,761 - DEBUG - > PING 33 dc ce 59 [binary, 4 bytes]
2023-03-29 14:59:03,777 - DEBUG - < PONG 33 dc ce 59 [binary, 4 bytes]
2023-03-29 14:59:03,781 - DEBUG - % received keepalive pong
2023-03-29 14:59:23,783 - DEBUG - % sending keepalive ping
2023-03-29 14:59:23,784 - DEBUG - > PING 8b 7c 89 61 [binary, 4 bytes]
2023-03-29 14:59:23,794 - DEBUG - < PONG 8b 7c 89 61 [binary, 4 bytes]
2023-03-29 14:59:23,820 - DEBUG - % received keepalive pong
2023-03-29 14:59:43,808 - DEBUG - % sending keepalive ping
2023-03-29 14:59:43,808 - DEBUG - > PING 25 c3 be f4 [binary, 4 bytes]
2023-03-29 14:59:43,827 - DEBUG - < PONG 25 c3 be f4 [binary, 4 bytes]
2023-03-29 14:59:43,856 - DEBUG - % received keepalive pong
2023-03-29 15:00:03,843 - DEBUG - % sending keepalive ping
2023-03-29 15:00:03,843 - DEBUG - > PING 70 0c b2 df [binary, 4 bytes]
2023-03-29 15:00:03,853 - DEBUG - < PONG 70 0c b2 df [binary, 4 bytes]
2023-03-29 15:00:03,866 - DEBUG - % received keepalive pong
2023-03-29 15:00:23,874 - DEBUG - % sending keepalive ping
2023-03-29 15:00:23,874 - DEBUG - > PING 53 1d ee ad [binary, 4 bytes]
2023-03-29 15:00:23,883 - DEBUG - < PONG 53 1d ee ad [binary, 4 bytes]
2023-03-29 15:00:23,888 - DEBUG - % received keepalive pong
2023-03-29 15:00:43,899 - DEBUG - % sending keepalive ping
2023-03-29 15:00:43,900 - DEBUG - > PING 70 0e aa 27 [binary, 4 bytes]
2023-03-29 15:00:43,909 - DEBUG - < PONG 70 0e aa 27 [binary, 4 bytes]
2023-03-29 15:00:43,920 - DEBUG - % received keepalive pong
2023-03-29 15:01:03,919 - DEBUG - % sending keepalive ping
2023-03-29 15:01:03,920 - DEBUG - > PING bc ab 7f 6d [binary, 4 bytes]
2023-03-29 15:01:03,936 - DEBUG - < PONG bc ab 7f 6d [binary, 4 bytes]
2023-03-29 15:01:03,942 - DEBUG - % received keepalive pong
2023-03-29 15:01:23,955 - DEBUG - % sending keepalive ping
2023-03-29 15:01:23,956 - DEBUG - > PING ff c8 47 99 [binary, 4 bytes]
2023-03-29 15:01:23,966 - DEBUG - < PONG ff c8 47 99 [binary, 4 bytes]
2023-03-29 15:01:23,975 - DEBUG - % received keepalive pong
2023-03-29 15:01:43,971 - DEBUG - % sending keepalive ping
2023-03-29 15:01:43,972 - DEBUG - > PING e9 89 4c d2 [binary, 4 bytes]
2023-03-29 15:01:43,982 - DEBUG - < PONG e9 89 4c d2 [binary, 4 bytes]
2023-03-29 15:01:43,991 - DEBUG - % received keepalive pong
2023-03-29 15:02:03,971 - DEBUG - % sending keepalive ping
2023-03-29 15:02:03,971 - DEBUG - > PING cc e5 3b 97 [binary, 4 bytes]
2023-03-29 15:02:03,979 - DEBUG - < PONG cc e5 3b 97 [binary, 4 bytes]
2023-03-29 15:02:03,991 - DEBUG - % received keepalive pong
2023-03-29 15:02:23,974 - DEBUG - % sending keepalive ping
2023-03-29 15:02:23,974 - DEBUG - > PING 3d 88 58 59 [binary, 4 bytes]
2023-03-29 15:02:24,013 - DEBUG - < PONG 3d 88 58 59 [binary, 4 bytes]
2023-03-29 15:02:24,045 - DEBUG - % received keepalive pong
2023-03-29 15:02:44,043 - DEBUG - % sending keepalive ping
2023-03-29 15:02:44,043 - DEBUG - > PING ff 35 c0 71 [binary, 4 bytes]
2023-03-29 15:02:44,064 - DEBUG - < PONG ff 35 c0 71 [binary, 4 bytes]
2023-03-29 15:02:44,084 - DEBUG - % received keepalive pong
2023-03-29 15:03:04,068 - DEBUG - % sending keepalive ping
2023-03-29 15:03:04,068 - DEBUG - > PING 8b 06 67 58 [binary, 4 bytes]
2023-03-29 15:03:04,084 - DEBUG - < PONG 8b 06 67 58 [binary, 4 bytes]
2023-03-29 15:03:04,087 - DEBUG - % received keepalive pong
2023-03-29 15:03:24,103 - DEBUG - % sending keepalive ping
2023-03-29 15:03:24,103 - DEBUG - > PING 53 93 24 65 [binary, 4 bytes]
2023-03-29 15:03:24,113 - DEBUG - < PONG 53 93 24 65 [binary, 4 bytes]
2023-03-29 15:03:24,123 - DEBUG - % received keepalive pong
2023-03-29 15:03:44,133 - DEBUG - % sending keepalive ping
2023-03-29 15:03:44,133 - DEBUG - > PING 09 31 85 7c [binary, 4 bytes]
2023-03-29 15:03:44,150 - DEBUG - < PONG 09 31 85 7c [binary, 4 bytes]
2023-03-29 15:03:44,156 - DEBUG - % received keepalive pong
2023-03-29 15:04:04,166 - DEBUG - % sending keepalive ping
2023-03-29 15:04:04,167 - DEBUG - > PING ad 96 2d df [binary, 4 bytes]
2023-03-29 15:04:04,188 - DEBUG - < PONG ad 96 2d df [binary, 4 bytes]
2023-03-29 15:04:04,195 - DEBUG - % received keepalive pong
2023-03-29 15:04:24,208 - DEBUG - % sending keepalive ping
2023-03-29 15:04:24,209 - DEBUG - > PING e7 77 91 77 [binary, 4 bytes]
2023-03-29 15:04:24,229 - DEBUG - < PONG e7 77 91 77 [binary, 4 bytes]
2023-03-29 15:04:24,235 - DEBUG - % received keepalive pong
2023-03-29 15:04:44,218 - DEBUG - % sending keepalive ping
2023-03-29 15:04:44,218 - DEBUG - > PING f1 36 1e 36 [binary, 4 bytes]
2023-03-29 15:04:44,227 - DEBUG - < PONG f1 36 1e 36 [binary, 4 bytes]
2023-03-29 15:04:44,238 - DEBUG - % received keepalive pong
2023-03-29 15:05:04,223 - DEBUG - % sending keepalive ping
2023-03-29 15:05:04,223 - DEBUG - > PING b3 36 df 06 [binary, 4 bytes]
2023-03-29 15:05:04,231 - DEBUG - < PONG b3 36 df 06 [binary, 4 bytes]
2023-03-29 15:05:04,240 - DEBUG - % received keepalive pong
2023-03-29 15:05:24,216 - DEBUG - % sending keepalive ping
2023-03-29 15:05:24,216 - DEBUG - > PING 60 32 e2 a1 [binary, 4 bytes]
2023-03-29 15:05:24,226 - DEBUG - < PONG 60 32 e2 a1 [binary, 4 bytes]
2023-03-29 15:05:24,237 - DEBUG - % received keepalive pong
2023-03-29 15:05:44,228 - DEBUG - % sending keepalive ping
2023-03-29 15:05:44,228 - DEBUG - > PING 8d ae 92 c8 [binary, 4 bytes]
2023-03-29 15:05:44,239 - DEBUG - < PONG 8d ae 92 c8 [binary, 4 bytes]
2023-03-29 15:05:44,247 - DEBUG - % received keepalive pong
2023-03-29 15:06:04,253 - DEBUG - % sending keepalive ping
2023-03-29 15:06:04,253 - DEBUG - > PING 34 c6 c7 c9 [binary, 4 bytes]
2023-03-29 15:06:04,270 - DEBUG - < PONG 34 c6 c7 c9 [binary, 4 bytes]
2023-03-29 15:06:04,282 - DEBUG - % received keepalive pong
2023-03-29 15:06:24,266 - DEBUG - % sending keepalive ping
2023-03-29 15:06:24,266 - DEBUG - > PING 08 f3 46 4f [binary, 4 bytes]
2023-03-29 15:06:24,275 - DEBUG - < PONG 08 f3 46 4f [binary, 4 bytes]
2023-03-29 15:06:24,279 - DEBUG - % received keepalive pong
2023-03-29 15:06:44,274 - DEBUG - % sending keepalive ping
2023-03-29 15:06:44,274 - DEBUG - > PING 9c 11 03 15 [binary, 4 bytes]
2023-03-29 15:06:44,285 - DEBUG - < PONG 9c 11 03 15 [binary, 4 bytes]
2023-03-29 15:06:44,296 - DEBUG - % received keepalive pong
2023-03-29 15:07:04,297 - DEBUG - % sending keepalive ping
2023-03-29 15:07:04,298 - DEBUG - > PING 09 a0 a8 df [binary, 4 bytes]
2023-03-29 15:07:04,307 - DEBUG - < PONG 09 a0 a8 df [binary, 4 bytes]
2023-03-29 15:07:04,315 - DEBUG - % received keepalive pong
2023-03-29 15:07:24,311 - DEBUG - % sending keepalive ping
2023-03-29 15:07:24,311 - DEBUG - > PING 05 3a ab 3b [binary, 4 bytes]
2023-03-29 15:07:24,322 - DEBUG - < PONG 05 3a ab 3b [binary, 4 bytes]
2023-03-29 15:07:24,329 - DEBUG - % received keepalive pong
2023-03-29 15:07:44,321 - DEBUG - % sending keepalive ping
2023-03-29 15:07:44,321 - DEBUG - > PING 1f f3 c1 75 [binary, 4 bytes]
2023-03-29 15:07:44,347 - DEBUG - < PONG 1f f3 c1 75 [binary, 4 bytes]
2023-03-29 15:07:44,353 - DEBUG - % received keepalive pong
2023-03-29 15:08:04,347 - DEBUG - % sending keepalive ping
2023-03-29 15:08:04,347 - DEBUG - > PING 00 64 d6 22 [binary, 4 bytes]
2023-03-29 15:08:04,361 - DEBUG - < PONG 00 64 d6 22 [binary, 4 bytes]
2023-03-29 15:08:04,368 - DEBUG - % received keepalive pong
2023-03-29 15:08:24,373 - DEBUG - % sending keepalive ping
2023-03-29 15:08:24,374 - DEBUG - > PING 2d fe 3e 74 [binary, 4 bytes]
2023-03-29 15:08:24,393 - DEBUG - < PONG 2d fe 3e 74 [binary, 4 bytes]
2023-03-29 15:08:24,405 - DEBUG - % received keepalive pong
2023-03-29 15:08:44,402 - DEBUG - % sending keepalive ping
2023-03-29 15:08:44,402 - DEBUG - > PING 14 92 3f 88 [binary, 4 bytes]
2023-03-29 15:08:44,416 - DEBUG - < PONG 14 92 3f 88 [binary, 4 bytes]
2023-03-29 15:08:44,425 - DEBUG - % received keepalive pong
2023-03-29 15:09:04,428 - DEBUG - % sending keepalive ping
2023-03-29 15:09:04,428 - DEBUG - > PING 82 de 05 31 [binary, 4 bytes]
2023-03-29 15:09:04,450 - DEBUG - < PONG 82 de 05 31 [binary, 4 bytes]
2023-03-29 15:09:04,456 - DEBUG - % received keepalive pong
2023-03-29 15:09:24,447 - DEBUG - % sending keepalive ping
2023-03-29 15:09:24,447 - DEBUG - > PING 94 87 a4 47 [binary, 4 bytes]
2023-03-29 15:09:24,455 - DEBUG - < PONG 94 87 a4 47 [binary, 4 bytes]
2023-03-29 15:09:24,466 - DEBUG - % received keepalive pong
2023-03-29 15:09:44,464 - DEBUG - % sending keepalive ping
2023-03-29 15:09:44,464 - DEBUG - > PING 67 bc 28 20 [binary, 4 bytes]
2023-03-29 15:09:44,473 - DEBUG - < PONG 67 bc 28 20 [binary, 4 bytes]
2023-03-29 15:09:44,500 - DEBUG - % received keepalive pong
2023-03-29 15:10:04,505 - DEBUG - % sending keepalive ping
2023-03-29 15:10:04,505 - DEBUG - > PING 51 82 64 97 [binary, 4 bytes]
2023-03-29 15:10:04,519 - DEBUG - < PONG 51 82 64 97 [binary, 4 bytes]
2023-03-29 15:10:04,529 - DEBUG - % received keepalive pong
2023-03-29 15:10:24,532 - DEBUG - % sending keepalive ping
2023-03-29 15:10:24,532 - DEBUG - > PING 69 d2 dc ae [binary, 4 bytes]
2023-03-29 15:10:24,554 - DEBUG - < PONG 69 d2 dc ae [binary, 4 bytes]
2023-03-29 15:10:24,567 - DEBUG - % received keepalive pong
2023-03-29 15:10:44,562 - DEBUG - % sending keepalive ping
2023-03-29 15:10:44,562 - DEBUG - > PING 16 27 d3 7e [binary, 4 bytes]
2023-03-29 15:10:44,572 - DEBUG - < PONG 16 27 d3 7e [binary, 4 bytes]
2023-03-29 15:10:44,586 - DEBUG - % received keepalive pong
2023-03-29 15:11:04,561 - DEBUG - % sending keepalive ping
2023-03-29 15:11:04,561 - DEBUG - > PING 6b 61 21 c9 [binary, 4 bytes]
2023-03-29 15:11:04,582 - DEBUG - < PONG 6b 61 21 c9 [binary, 4 bytes]
2023-03-29 15:11:04,587 - DEBUG - % received keepalive pong
2023-03-29 15:11:24,602 - DEBUG - % sending keepalive ping
2023-03-29 15:11:24,602 - DEBUG - > PING b9 b6 80 10 [binary, 4 bytes]
2023-03-29 15:11:24,613 - DEBUG - < PONG b9 b6 80 10 [binary, 4 bytes]
2023-03-29 15:11:24,624 - DEBUG - % received keepalive pong
2023-03-29 15:11:44,630 - DEBUG - % sending keepalive ping
2023-03-29 15:11:44,630 - DEBUG - > PING ae af 6e 6d [binary, 4 bytes]
2023-03-29 15:11:44,641 - DEBUG - < PONG ae af 6e 6d [binary, 4 bytes]
2023-03-29 15:11:44,650 - DEBUG - % received keepalive pong
2023-03-29 15:12:04,652 - DEBUG - % sending keepalive ping
2023-03-29 15:12:04,652 - DEBUG - > PING 96 49 e0 96 [binary, 4 bytes]
2023-03-29 15:12:04,663 - DEBUG - < PONG 96 49 e0 96 [binary, 4 bytes]
2023-03-29 15:12:04,672 - DEBUG - % received keepalive pong
2023-03-29 15:12:24,695 - DEBUG - % sending keepalive ping
2023-03-29 15:12:24,696 - DEBUG - > PING '\x7f\\db' [text, 4 bytes]
2023-03-29 15:12:24,711 - DEBUG - < PONG '\x7f\\db' [text, 4 bytes]
2023-03-29 15:12:24,725 - DEBUG - % received keepalive pong
2023-03-29 15:12:44,733 - DEBUG - % sending keepalive ping
2023-03-29 15:12:44,733 - DEBUG - > PING 'MKe\x05' [text, 4 bytes]
2023-03-29 15:12:44,745 - DEBUG - < PONG 'MKe\x05' [text, 4 bytes]
2023-03-29 15:12:44,753 - DEBUG - % received keepalive pong
2023-03-29 15:13:04,749 - DEBUG - % sending keepalive ping
2023-03-29 15:13:04,749 - DEBUG - > PING '"\r\r]' [text, 4 bytes]
2023-03-29 15:13:04,760 - DEBUG - < PONG '"\r\r]' [text, 4 bytes]
2023-03-29 15:13:04,780 - DEBUG - % received keepalive pong
2023-03-29 15:13:24,775 - DEBUG - % sending keepalive ping
2023-03-29 15:13:24,775 - DEBUG - > PING ea 39 55 01 [binary, 4 bytes]
2023-03-29 15:13:24,788 - DEBUG - < PONG ea 39 55 01 [binary, 4 bytes]
2023-03-29 15:13:24,794 - DEBUG - % received keepalive pong
2023-03-29 15:13:44,805 - DEBUG - % sending keepalive ping
2023-03-29 15:13:44,806 - DEBUG - > PING 87 4d aa 70 [binary, 4 bytes]
2023-03-29 15:13:44,822 - DEBUG - < PONG 87 4d aa 70 [binary, 4 bytes]
2023-03-29 15:13:44,828 - DEBUG - % received keepalive pong
2023-03-29 15:14:04,824 - DEBUG - % sending keepalive ping
2023-03-29 15:14:04,824 - DEBUG - > PING b6 48 49 92 [binary, 4 bytes]
2023-03-29 15:14:04,834 - DEBUG - < PONG b6 48 49 92 [binary, 4 bytes]
2023-03-29 15:14:04,854 - DEBUG - % received keepalive pong
2023-03-29 15:14:24,866 - DEBUG - % sending keepalive ping
2023-03-29 15:14:24,866 - DEBUG - > PING 03 cf d8 bd [binary, 4 bytes]
2023-03-29 15:14:24,880 - DEBUG - < PONG 03 cf d8 bd [binary, 4 bytes]
2023-03-29 15:14:24,889 - DEBUG - % received keepalive pong
2023-03-29 15:14:44,913 - DEBUG - % sending keepalive ping
2023-03-29 15:14:44,913 - DEBUG - > PING d4 18 13 8f [binary, 4 bytes]
2023-03-29 15:14:44,923 - DEBUG - < PONG d4 18 13 8f [binary, 4 bytes]
2023-03-29 15:14:44,936 - DEBUG - % received keepalive pong
2023-03-29 15:15:04,935 - DEBUG - % sending keepalive ping
2023-03-29 15:15:04,935 - DEBUG - > PING a8 25 5c 3f [binary, 4 bytes]
2023-03-29 15:15:04,946 - DEBUG - < PONG a8 25 5c 3f [binary, 4 bytes]
2023-03-29 15:15:04,953 - DEBUG - % received keepalive pong
2023-03-29 15:15:24,937 - DEBUG - % sending keepalive ping
2023-03-29 15:15:24,937 - DEBUG - > PING b2 48 31 a8 [binary, 4 bytes]
2023-03-29 15:15:24,949 - DEBUG - < PONG b2 48 31 a8 [binary, 4 bytes]
2023-03-29 15:15:24,954 - DEBUG - % received keepalive pong
2023-03-29 15:15:44,955 - DEBUG - % sending keepalive ping
2023-03-29 15:15:44,955 - DEBUG - > PING 4f c1 fc 74 [binary, 4 bytes]
2023-03-29 15:15:44,967 - DEBUG - < PONG 4f c1 fc 74 [binary, 4 bytes]
2023-03-29 15:15:44,976 - DEBUG - % received keepalive pong
2023-03-29 15:16:04,969 - DEBUG - % sending keepalive ping
2023-03-29 15:16:04,970 - DEBUG - > PING a4 33 4c 6a [binary, 4 bytes]
2023-03-29 15:16:04,981 - DEBUG - < PONG a4 33 4c 6a [binary, 4 bytes]
2023-03-29 15:16:04,990 - DEBUG - % received keepalive pong
2023-03-29 15:16:24,975 - DEBUG - % sending keepalive ping
2023-03-29 15:16:24,976 - DEBUG - > PING '$\x1d\x14\x1d' [text, 4 bytes]
2023-03-29 15:16:24,986 - DEBUG - < PONG '$\x1d\x14\x1d' [text, 4 bytes]
2023-03-29 15:16:24,998 - DEBUG - % received keepalive pong
2023-03-29 15:16:45,001 - DEBUG - % sending keepalive ping
2023-03-29 15:16:45,001 - DEBUG - > PING 38 14 cf c0 [binary, 4 bytes]
2023-03-29 15:16:45,011 - DEBUG - < PONG 38 14 cf c0 [binary, 4 bytes]
2023-03-29 15:16:45,029 - DEBUG - % received keepalive pong
2023-03-29 15:17:05,016 - DEBUG - % sending keepalive ping
2023-03-29 15:17:05,016 - DEBUG - > PING e3 84 5b eb [binary, 4 bytes]
2023-03-29 15:17:05,032 - DEBUG - < PONG e3 84 5b eb [binary, 4 bytes]
2023-03-29 15:17:05,038 - DEBUG - % received keepalive pong
2023-03-29 15:17:25,013 - DEBUG - % sending keepalive ping
2023-03-29 15:17:25,013 - DEBUG - > PING ec 8b 25 27 [binary, 4 bytes]
2023-03-29 15:17:25,024 - DEBUG - < PONG ec 8b 25 27 [binary, 4 bytes]
2023-03-29 15:17:25,032 - DEBUG - % received keepalive pong
2023-03-29 15:17:45,042 - DEBUG - % sending keepalive ping
2023-03-29 15:17:45,042 - DEBUG - > PING cf 8d 59 85 [binary, 4 bytes]
2023-03-29 15:17:45,078 - DEBUG - < PONG cf 8d 59 85 [binary, 4 bytes]
2023-03-29 15:17:45,091 - DEBUG - % received keepalive pong
2023-03-29 15:18:05,099 - DEBUG - % sending keepalive ping
2023-03-29 15:18:05,100 - DEBUG - > PING 53 26 41 ee [binary, 4 bytes]
2023-03-29 15:18:05,110 - DEBUG - < PONG 53 26 41 ee [binary, 4 bytes]
2023-03-29 15:18:05,116 - DEBUG - % received keepalive pong
2023-03-29 15:18:25,106 - DEBUG - % sending keepalive ping
2023-03-29 15:18:25,106 - DEBUG - > PING c4 de 0e da [binary, 4 bytes]
2023-03-29 15:18:25,116 - DEBUG - < PONG c4 de 0e da [binary, 4 bytes]
2023-03-29 15:18:25,129 - DEBUG - % received keepalive pong
2023-03-29 15:18:45,121 - DEBUG - % sending keepalive ping
2023-03-29 15:18:45,122 - DEBUG - > PING 54 ed 4e 68 [binary, 4 bytes]
2023-03-29 15:18:45,135 - DEBUG - < PONG 54 ed 4e 68 [binary, 4 bytes]
2023-03-29 15:18:45,152 - DEBUG - % received keepalive pong
2023-03-29 15:19:05,145 - DEBUG - % sending keepalive ping
2023-03-29 15:19:05,145 - DEBUG - > PING e3 12 88 79 [binary, 4 bytes]
2023-03-29 15:19:05,155 - DEBUG - < PONG e3 12 88 79 [binary, 4 bytes]
2023-03-29 15:19:05,171 - DEBUG - % received keepalive pong
2023-03-29 15:19:25,187 - DEBUG - % sending keepalive ping
2023-03-29 15:19:25,188 - DEBUG - > PING e9 7e 0a 9c [binary, 4 bytes]
2023-03-29 15:19:25,201 - DEBUG - < PONG e9 7e 0a 9c [binary, 4 bytes]
2023-03-29 15:19:25,209 - DEBUG - % received keepalive pong
2023-03-29 15:19:45,203 - DEBUG - % sending keepalive ping
2023-03-29 15:19:45,204 - DEBUG - > PING ab 4d 6f b3 [binary, 4 bytes]
2023-03-29 15:19:45,215 - DEBUG - < PONG ab 4d 6f b3 [binary, 4 bytes]
2023-03-29 15:19:45,226 - DEBUG - % received keepalive pong
2023-03-29 15:20:05,224 - DEBUG - % sending keepalive ping
2023-03-29 15:20:05,225 - DEBUG - > PING '/\x0c&;' [text, 4 bytes]
2023-03-29 15:20:05,240 - DEBUG - < PONG '/\x0c&;' [text, 4 bytes]
2023-03-29 15:20:05,251 - DEBUG - % received keepalive pong
2023-03-29 15:20:25,250 - DEBUG - % sending keepalive ping
2023-03-29 15:20:25,251 - DEBUG - > PING 18 72 98 ff [binary, 4 bytes]
2023-03-29 15:20:25,260 - DEBUG - < PONG 18 72 98 ff [binary, 4 bytes]
2023-03-29 15:20:25,269 - DEBUG - % received keepalive pong
2023-03-29 15:20:45,271 - DEBUG - % sending keepalive ping
2023-03-29 15:20:45,271 - DEBUG - > PING 44 aa 62 aa [binary, 4 bytes]
2023-03-29 15:20:45,286 - DEBUG - < PONG 44 aa 62 aa [binary, 4 bytes]
2023-03-29 15:20:45,293 - DEBUG - % received keepalive pong
2023-03-29 15:21:05,293 - DEBUG - % sending keepalive ping
2023-03-29 15:21:05,294 - DEBUG - > PING 01 c5 79 52 [binary, 4 bytes]
2023-03-29 15:21:05,305 - DEBUG - < PONG 01 c5 79 52 [binary, 4 bytes]
2023-03-29 15:21:05,316 - DEBUG - % received keepalive pong
2023-03-29 15:21:25,321 - DEBUG - % sending keepalive ping
2023-03-29 15:21:25,322 - DEBUG - > PING 76 7c c5 18 [binary, 4 bytes]
2023-03-29 15:21:25,337 - DEBUG - < PONG 76 7c c5 18 [binary, 4 bytes]
2023-03-29 15:21:25,351 - DEBUG - % received keepalive pong
2023-03-29 15:21:45,349 - DEBUG - % sending keepalive ping
2023-03-29 15:21:45,349 - DEBUG - > PING c0 2d cf bf [binary, 4 bytes]
2023-03-29 15:21:45,359 - DEBUG - < PONG c0 2d cf bf [binary, 4 bytes]
2023-03-29 15:21:45,374 - DEBUG - % received keepalive pong
2023-03-29 15:22:05,372 - DEBUG - % sending keepalive ping
2023-03-29 15:22:05,373 - DEBUG - > PING 4b 2d 10 c7 [binary, 4 bytes]
2023-03-29 15:22:05,384 - DEBUG - < PONG 4b 2d 10 c7 [binary, 4 bytes]
2023-03-29 15:22:05,396 - DEBUG - % received keepalive pong
2023-03-29 15:22:25,398 - DEBUG - % sending keepalive ping
2023-03-29 15:22:25,399 - DEBUG - > PING b3 fd 84 11 [binary, 4 bytes]
2023-03-29 15:22:25,410 - DEBUG - < PONG b3 fd 84 11 [binary, 4 bytes]
2023-03-29 15:22:25,422 - DEBUG - % received keepalive pong
2023-03-29 15:22:45,428 - DEBUG - % sending keepalive ping
2023-03-29 15:22:45,429 - DEBUG - > PING a1 23 d9 e4 [binary, 4 bytes]
2023-03-29 15:22:45,438 - DEBUG - < PONG a1 23 d9 e4 [binary, 4 bytes]
2023-03-29 15:22:45,462 - DEBUG - % received keepalive pong
2023-03-29 15:23:05,451 - DEBUG - % sending keepalive ping
2023-03-29 15:23:05,451 - DEBUG - > PING 45 f9 94 ce [binary, 4 bytes]
2023-03-29 15:23:05,471 - DEBUG - < PONG 45 f9 94 ce [binary, 4 bytes]
2023-03-29 15:23:05,477 - DEBUG - % received keepalive pong
2023-03-29 15:23:25,469 - DEBUG - % sending keepalive ping
2023-03-29 15:23:25,469 - DEBUG - > PING a5 e9 6d d7 [binary, 4 bytes]
2023-03-29 15:23:25,485 - DEBUG - < PONG a5 e9 6d d7 [binary, 4 bytes]
2023-03-29 15:23:25,495 - DEBUG - % received keepalive pong
2023-03-29 15:23:45,502 - DEBUG - % sending keepalive ping
2023-03-29 15:23:45,503 - DEBUG - > PING da 89 c5 d5 [binary, 4 bytes]
2023-03-29 15:23:45,540 - DEBUG - < PONG da 89 c5 d5 [binary, 4 bytes]
2023-03-29 15:23:45,554 - DEBUG - % received keepalive pong
2023-03-29 15:24:05,564 - DEBUG - % sending keepalive ping
2023-03-29 15:24:05,564 - DEBUG - > PING 4f a3 54 f2 [binary, 4 bytes]
2023-03-29 15:24:05,576 - DEBUG - < PONG 4f a3 54 f2 [binary, 4 bytes]
2023-03-29 15:24:05,584 - DEBUG - % received keepalive pong
2023-03-29 15:24:25,593 - DEBUG - % sending keepalive ping
2023-03-29 15:24:25,593 - DEBUG - > PING 5f 76 fa 5a [binary, 4 bytes]
2023-03-29 15:24:25,606 - DEBUG - < PONG 5f 76 fa 5a [binary, 4 bytes]
2023-03-29 15:24:25,626 - DEBUG - % received keepalive pong
2023-03-29 15:24:45,621 - DEBUG - % sending keepalive ping
2023-03-29 15:24:45,622 - DEBUG - > PING 44 31 c0 b0 [binary, 4 bytes]
2023-03-29 15:24:45,632 - DEBUG - < PONG 44 31 c0 b0 [binary, 4 bytes]
2023-03-29 15:24:45,642 - DEBUG - % received keepalive pong
2023-03-29 15:25:05,643 - DEBUG - % sending keepalive ping
2023-03-29 15:25:05,643 - DEBUG - > PING c2 6b 19 29 [binary, 4 bytes]
2023-03-29 15:25:05,653 - DEBUG - < PONG c2 6b 19 29 [binary, 4 bytes]
2023-03-29 15:25:05,664 - DEBUG - % received keepalive pong
2023-03-29 15:25:25,655 - DEBUG - % sending keepalive ping
2023-03-29 15:25:25,656 - DEBUG - > PING 29 2f a7 37 [binary, 4 bytes]
2023-03-29 15:25:25,672 - DEBUG - < PONG 29 2f a7 37 [binary, 4 bytes]
2023-03-29 15:25:25,688 - DEBUG - % received keepalive pong
2023-03-29 15:25:45,712 - DEBUG - % sending keepalive ping
2023-03-29 15:25:45,712 - DEBUG - > PING 05 61 b5 96 [binary, 4 bytes]
2023-03-29 15:25:45,728 - DEBUG - < PONG 05 61 b5 96 [binary, 4 bytes]
2023-03-29 15:25:45,737 - DEBUG - % received keepalive pong
2023-03-29 15:26:05,724 - DEBUG - % sending keepalive ping
2023-03-29 15:26:05,724 - DEBUG - > PING b2 b7 46 a6 [binary, 4 bytes]
2023-03-29 15:26:05,733 - DEBUG - < PONG b2 b7 46 a6 [binary, 4 bytes]
2023-03-29 15:26:05,743 - DEBUG - % received keepalive pong
2023-03-29 15:26:25,730 - DEBUG - % sending keepalive ping
2023-03-29 15:26:25,730 - DEBUG - > PING df e3 e0 74 [binary, 4 bytes]
2023-03-29 15:26:25,739 - DEBUG - < PONG df e3 e0 74 [binary, 4 bytes]
2023-03-29 15:26:25,755 - DEBUG - % received keepalive pong
2023-03-29 15:26:40,131 - DEBUG - < CLOSE 1001 (going away) Going away [12 bytes]
2023-03-29 15:26:40,133 - DEBUG - = connection is CLOSING
2023-03-29 15:26:40,133 - DEBUG - > CLOSE 1001 (going away) Going away [12 bytes]
2023-03-29 15:26:40,153 - DEBUG - = connection is CLOSED
2023-03-29 16:14:48,871 - DEBUG - = connection is CONNECTING
2023-03-29 16:14:48,919 - DEBUG - > GET /ocpp16/ELA007C05/EVSCA050001 HTTP/1.1
2023-03-29 16:14:48,919 - DEBUG - > Host: ws.devevspcharger.uplus.co.kr
2023-03-29 16:14:48,920 - DEBUG - > Upgrade: websocket
2023-03-29 16:14:48,920 - DEBUG - > Connection: Upgrade
2023-03-29 16:14:48,920 - DEBUG - > Sec-WebSocket-Key: CH99totDnGzh5090DfCA/Q==
2023-03-29 16:14:48,921 - DEBUG - > Sec-WebSocket-Version: 13
2023-03-29 16:14:48,921 - DEBUG - > Sec-WebSocket-Extensions: permessage-deflate; client_max_window_bits
2023-03-29 16:14:48,921 - DEBUG - > Sec-WebSocket-Protocol: ocpp1.6
2023-03-29 16:14:48,921 - DEBUG - > Authorization: Basic RVZBUjpFVkFSTEdV
2023-03-29 16:14:48,921 - DEBUG - > User-Agent: Python/3.11 websockets/10.4
2023-03-29 16:14:50,395 - DEBUG - < HTTP/1.1 101 Switching Protocols
2023-03-29 16:14:50,395 - DEBUG - < Connection: upgrade
2023-03-29 16:14:50,395 - DEBUG - < Date: Wed, 29 Mar 2023 07:14:46 GMT
2023-03-29 16:14:50,396 - DEBUG - < sec-websocket-protocol: ocpp1.6
2023-03-29 16:14:50,396 - DEBUG - < upgrade: websocket
2023-03-29 16:14:50,396 - DEBUG - < sec-websocket-accept: sNMPgFJY7rkTdRB/BPTfNh1LZMk=
2023-03-29 16:14:50,396 - DEBUG - < sec-websocket-extensions: permessage-deflate
2023-03-29 16:14:50,396 - DEBUG - < X-Cache: Miss from cloudfront
2023-03-29 16:14:50,396 - DEBUG - < Via: 1.1 ba725da875f43fb311efeb484e55ed1a.cloudfront.net (CloudFront)
2023-03-29 16:14:50,396 - DEBUG - < X-Amz-Cf-Pop: ICN57-P2
2023-03-29 16:14:50,396 - DEBUG - < X-Amz-Cf-Id: zcrMG4-_aoGguPEvPeO1y4BJUXvFuumKYW9XUTIDcJ7_nNygQg-QxQ==
2023-03-29 16:14:50,397 - DEBUG - = connection is OPEN
2023-03-29 16:14:50,421 - ERROR - Task exception was never retrieved
future: <Task finished name='Task-2' coro=<ChargerSim.startEvent() done, defined at D:\workspace\wss\main.py:131> exception=AttributeError("'str' object has no attribute 'startWith'")>
Traceback (most recent call last):
  File "D:\workspace\wss\main.py", line 151, in startEvent
    await self.charger.runcase(self.TC_selected if len(self.TC_selected.keys())>0 else self.TC)
  File "D:\workspace\wss\Charger.py", line 370, in runcase
    schema_check = checkSchema(f"{c[0]}", doc[3], self.testschem.get())
                   ^^^^^^^^^^^^^^^^^^^^^^^^^^^^^^^^^^^^^^^^^^^^^^^^^^^^
  File "D:\workspace\wss\ChargerUtil.py", line 9, in checkSchema
    if schema.startWith("DataTransfer"):
       ^^^^^^^^^^^^^^^^
AttributeError: 'str' object has no attribute 'startWith'
2023-03-29 16:15:10,400 - DEBUG - % sending keepalive ping
2023-03-29 16:15:10,400 - DEBUG - > PING '\x07\x02I\x04' [text, 4 bytes]
2023-03-29 16:15:10,410 - DEBUG - < PONG '\x07\x02I\x04' [text, 4 bytes]
2023-03-29 16:15:10,421 - DEBUG - % received keepalive pong
2023-03-29 16:15:30,421 - DEBUG - % sending keepalive ping
2023-03-29 16:15:30,422 - DEBUG - > PING '\x01¬¶"' [text, 4 bytes]
2023-03-29 16:15:30,435 - DEBUG - < PONG '\x01¬¶"' [text, 4 bytes]
2023-03-29 16:15:30,445 - DEBUG - % received keepalive pong
2023-03-29 16:15:50,442 - DEBUG - % sending keepalive ping
2023-03-29 16:15:50,442 - DEBUG - > PING cf b7 7f da [binary, 4 bytes]
2023-03-29 16:15:50,462 - DEBUG - < PONG cf b7 7f da [binary, 4 bytes]
2023-03-29 16:15:50,476 - DEBUG - % received keepalive pong
2023-03-29 16:16:10,463 - DEBUG - % sending keepalive ping
2023-03-29 16:16:10,463 - DEBUG - > PING 3b 4d 8c 06 [binary, 4 bytes]
2023-03-29 16:16:10,472 - DEBUG - < PONG 3b 4d 8c 06 [binary, 4 bytes]
2023-03-29 16:16:10,482 - DEBUG - % received keepalive pong
2023-03-29 16:16:30,468 - DEBUG - % sending keepalive ping
2023-03-29 16:16:30,468 - DEBUG - > PING cf e9 69 d5 [binary, 4 bytes]
2023-03-29 16:16:30,477 - DEBUG - < PONG cf e9 69 d5 [binary, 4 bytes]
2023-03-29 16:16:30,485 - DEBUG - % received keepalive pong
2023-03-29 16:16:45,906 - DEBUG - = connection is CONNECTING
2023-03-29 16:16:45,942 - DEBUG - > GET /ocpp16/ELA007C05/EVSCA050001 HTTP/1.1
2023-03-29 16:16:45,942 - DEBUG - > Host: ws.devevspcharger.uplus.co.kr
2023-03-29 16:16:45,942 - DEBUG - > Upgrade: websocket
2023-03-29 16:16:45,942 - DEBUG - > Connection: Upgrade
2023-03-29 16:16:45,943 - DEBUG - > Sec-WebSocket-Key: G27kzc6Tbahz03HXY/prRA==
2023-03-29 16:16:45,944 - DEBUG - > Sec-WebSocket-Version: 13
2023-03-29 16:16:45,944 - DEBUG - > Sec-WebSocket-Extensions: permessage-deflate; client_max_window_bits
2023-03-29 16:16:45,944 - DEBUG - > Sec-WebSocket-Protocol: ocpp1.6
2023-03-29 16:16:45,944 - DEBUG - > Authorization: Basic RVZBUjpFVkFSTEdV
2023-03-29 16:16:45,944 - DEBUG - > User-Agent: Python/3.11 websockets/10.4
2023-03-29 16:16:46,337 - DEBUG - < HTTP/1.1 101 Switching Protocols
2023-03-29 16:16:46,337 - DEBUG - < Connection: upgrade
2023-03-29 16:16:46,337 - DEBUG - < Date: Wed, 29 Mar 2023 07:16:42 GMT
2023-03-29 16:16:46,337 - DEBUG - < sec-websocket-protocol: ocpp1.6
2023-03-29 16:16:46,337 - DEBUG - < upgrade: websocket
2023-03-29 16:16:46,337 - DEBUG - < sec-websocket-accept: O/2WpaFUY9nVy1v2NOW/zh7BZ7w=
2023-03-29 16:16:46,337 - DEBUG - < sec-websocket-extensions: permessage-deflate
2023-03-29 16:16:46,337 - DEBUG - < X-Cache: Miss from cloudfront
2023-03-29 16:16:46,337 - DEBUG - < Via: 1.1 3c5e765ef2333ef04ef6f44a2b66ec12.cloudfront.net (CloudFront)
2023-03-29 16:16:46,337 - DEBUG - < X-Amz-Cf-Pop: ICN57-P2
2023-03-29 16:16:46,338 - DEBUG - < X-Amz-Cf-Id: Iv2QiQB_gg2vMVZyH62Q-Fni0aoyKHh9zxsLf29S36tU6yySzUWu7g==
2023-03-29 16:16:46,339 - DEBUG - = connection is OPEN
2023-03-29 16:16:46,373 - DEBUG - > TEXT '[2, "d18b4531-a7cf-4e84-83c1-3b3f29ab1c9c", "Bo...ePointVendor": "EVAR"}]' [127 bytes]
2023-03-29 16:16:46,710 - DEBUG - < TEXT '[3, "d18b4531-a7cf-4e84-83c1-3b3f29ab1c9c", {"s...42Z", "interval": 600}]' [123 bytes]
2023-03-29 16:16:46,729 - DEBUG - > TEXT '[2, "d18b4531-a7cf-4e84-83c1-3b3f29ab1c9c", "St..."status": "Available"}]' [132 bytes]
2023-03-29 16:16:46,992 - DEBUG - < TEXT '[3, "d18b4531-a7cf-4e84-83c1-3b3f29ab1c9c", {}]' [47 bytes]
2023-03-29 16:16:47,009 - DEBUG - > TEXT '[2, "d18b4531-a7cf-4e84-83c1-3b3f29ab1c9c", "Au...": "1031040000069641"}]' [87 bytes]
2023-03-29 16:16:47,591 - DEBUG - < TEXT '[3, "d18b4531-a7cf-4e84-83c1-3b3f29ab1c9c", {"i..."status": "Accepted"}}]' [82 bytes]
2023-03-29 16:16:47,609 - DEBUG - = connection is CLOSING
2023-03-29 16:16:47,609 - DEBUG - > CLOSE 1000 (OK) [2 bytes]
2023-03-29 16:16:47,617 - DEBUG - < CLOSE 1000 (OK) [2 bytes]
2023-03-29 16:16:47,623 - DEBUG - = connection is CLOSED
2023-03-29 16:16:47,632 - DEBUG - = connection is CONNECTING
2023-03-29 16:16:47,673 - DEBUG - > GET /ocpp16/ELA007C05/EVSCA050001 HTTP/1.1
2023-03-29 16:16:47,674 - DEBUG - > Host: ws.devevspcharger.uplus.co.kr
2023-03-29 16:16:47,674 - DEBUG - > Upgrade: websocket
2023-03-29 16:16:47,674 - DEBUG - > Connection: Upgrade
2023-03-29 16:16:47,674 - DEBUG - > Sec-WebSocket-Key: OMGa4JsPdpG6QhVHz9XFLA==
2023-03-29 16:16:47,674 - DEBUG - > Sec-WebSocket-Version: 13
2023-03-29 16:16:47,675 - DEBUG - > Sec-WebSocket-Extensions: permessage-deflate; client_max_window_bits
2023-03-29 16:16:47,675 - DEBUG - > Sec-WebSocket-Protocol: ocpp1.6
2023-03-29 16:16:47,675 - DEBUG - > Authorization: Basic RVZBUjpFVkFSTEdV
2023-03-29 16:16:47,675 - DEBUG - > User-Agent: Python/3.11 websockets/10.4
2023-03-29 16:16:48,094 - DEBUG - < HTTP/1.1 101 Switching Protocols
2023-03-29 16:16:48,094 - DEBUG - < Connection: upgrade
2023-03-29 16:16:48,094 - DEBUG - < Date: Wed, 29 Mar 2023 07:16:44 GMT
2023-03-29 16:16:48,094 - DEBUG - < sec-websocket-protocol: ocpp1.6
2023-03-29 16:16:48,094 - DEBUG - < upgrade: websocket
2023-03-29 16:16:48,094 - DEBUG - < sec-websocket-accept: 7hZnuLTwLrnP/JOm7YEmdN/9i1A=
2023-03-29 16:16:48,095 - DEBUG - < sec-websocket-extensions: permessage-deflate
2023-03-29 16:16:48,095 - DEBUG - < X-Cache: Miss from cloudfront
2023-03-29 16:16:48,095 - DEBUG - < Via: 1.1 3ced0108f56d0634c19ad34e6b299e80.cloudfront.net (CloudFront)
2023-03-29 16:16:48,095 - DEBUG - < X-Amz-Cf-Pop: ICN57-P2
2023-03-29 16:16:48,095 - DEBUG - < X-Amz-Cf-Id: YRxiJXex5Rq-YR_xFVcvCYB3q6-GnWQ3j3FC1LvbqeEV4tgsD-rX8w==
2023-03-29 16:16:48,095 - DEBUG - = connection is OPEN
2023-03-29 16:16:48,125 - DEBUG - > TEXT '[2, "f9d70677-a35c-4d15-9d09-50594e39ccfb", "Bo...ePointVendor": "EVAR"}]' [127 bytes]
2023-03-29 16:16:48,677 - DEBUG - < TEXT '[3, "f9d70677-a35c-4d15-9d09-50594e39ccfb", {"s...44Z", "interval": 600}]' [123 bytes]
2023-03-29 16:16:48,722 - DEBUG - > TEXT '[2, "8989ea84-9b4e-44c2-94c1-7e289fe6a578", "St..."status": "Available"}]' [132 bytes]
2023-03-29 16:16:48,950 - DEBUG - < TEXT '[3, "8989ea84-9b4e-44c2-94c1-7e289fe6a578", {}]' [47 bytes]
2023-03-29 16:16:48,992 - DEBUG - > TEXT '[2, "aec4e473-61d3-4da1-b634-92494d7feaa4", "Au...": "1031040000069641"}]' [87 bytes]
2023-03-29 16:16:49,249 - DEBUG - < TEXT '[3, "aec4e473-61d3-4da1-b634-92494d7feaa4", {"i..."status": "Accepted"}}]' [82 bytes]
2023-03-29 16:16:49,286 - DEBUG - > TEXT '[2, "224104ac-ca80-4242-852e-e9f3bbec1bcc", "St...2023-03-29T16:16:45Z"}]' [170 bytes]
2023-03-29 16:16:49,794 - DEBUG - < TEXT '[3, "224104ac-ca80-4242-852e-e9f3bbec1bcc", {"t..."status": "Accepted"}}]' [110 bytes]
2023-03-29 16:16:49,841 - DEBUG - > TEXT '[2, "a0d989cf-5c37-4273-9080-494b4801b439", "St... "status": "Charging"}]' [131 bytes]
2023-03-29 16:16:50,051 - DEBUG - < TEXT '[3, "a0d989cf-5c37-4273-9080-494b4801b439", {}]' [47 bytes]
2023-03-29 16:16:50,095 - DEBUG - > TEXT '[2, "eb8a0267-d9dd-4b28-9a6d-e17b4196dcdb", "Me...er", "unit": "Wh"}]}]}]' [259 bytes]
2023-03-29 16:16:50,390 - DEBUG - < TEXT '[3, "eb8a0267-d9dd-4b28-9a6d-e17b4196dcdb", {}]' [47 bytes]
2023-03-29 16:16:50,440 - DEBUG - > TEXT '[2, "1c4e1433-f3c8-4152-b2eb-7d2eb43390f7", "St...sactionId": 120533601}]' [149 bytes]
2023-03-29 16:16:50,834 - DEBUG - < TEXT '[3, "1c4e1433-f3c8-4152-b2eb-7d2eb43390f7", {"i..."status": "Accepted"}}]' [82 bytes]
2023-03-29 16:16:50,893 - DEBUG - > TEXT '[2, "5078052b-096e-4345-b565-15ecb3d1eeae", "St..."status": "Finishing"}]' [132 bytes]
2023-03-29 16:16:51,108 - DEBUG - < TEXT '[3, "5078052b-096e-4345-b565-15ecb3d1eeae", {}]' [47 bytes]
2023-03-29 16:16:51,157 - DEBUG - > TEXT '[2, "940e106f-4845-442d-acc1-cc784861d068", "St..."status": "Available"}]' [132 bytes]
2023-03-29 16:16:51,359 - DEBUG - < TEXT '[3, "940e106f-4845-442d-acc1-cc784861d068", {}]' [47 bytes]
2023-03-29 16:16:51,385 - DEBUG - = connection is CLOSING
2023-03-29 16:16:51,385 - DEBUG - > CLOSE 1000 (OK) [2 bytes]
2023-03-29 16:16:51,394 - DEBUG - < CLOSE 1000 (OK) [2 bytes]
2023-03-29 16:16:51,396 - DEBUG - = connection is CLOSED
2023-03-29 16:21:36,703 - DEBUG - = connection is CONNECTING
2023-03-29 16:21:36,742 - DEBUG - > GET /ocpp16/ELA007C05/EVSCA050001 HTTP/1.1
2023-03-29 16:21:36,743 - DEBUG - > Host: ws.devevspcharger.uplus.co.kr
2023-03-29 16:21:36,743 - DEBUG - > Upgrade: websocket
2023-03-29 16:21:36,743 - DEBUG - > Connection: Upgrade
2023-03-29 16:21:36,743 - DEBUG - > Sec-WebSocket-Key: Kq5pN5DI5nQ7tukTbavUwg==
2023-03-29 16:21:36,743 - DEBUG - > Sec-WebSocket-Version: 13
2023-03-29 16:21:36,743 - DEBUG - > Sec-WebSocket-Extensions: permessage-deflate; client_max_window_bits
2023-03-29 16:21:36,743 - DEBUG - > Sec-WebSocket-Protocol: ocpp1.6
2023-03-29 16:21:36,744 - DEBUG - > Authorization: Basic RVZBUjpFVkFSTEdV
2023-03-29 16:21:36,744 - DEBUG - > User-Agent: Python/3.11 websockets/10.4
2023-03-29 16:21:37,243 - DEBUG - < HTTP/1.1 101 Switching Protocols
2023-03-29 16:21:37,243 - DEBUG - < Connection: upgrade
2023-03-29 16:21:37,243 - DEBUG - < Date: Wed, 29 Mar 2023 07:21:33 GMT
2023-03-29 16:21:37,243 - DEBUG - < sec-websocket-protocol: ocpp1.6
2023-03-29 16:21:37,243 - DEBUG - < upgrade: websocket
2023-03-29 16:21:37,243 - DEBUG - < sec-websocket-accept: YbaETZe9SzIWmgORDl40jkI7mVY=
2023-03-29 16:21:37,243 - DEBUG - < sec-websocket-extensions: permessage-deflate
2023-03-29 16:21:37,243 - DEBUG - < X-Cache: Miss from cloudfront
2023-03-29 16:21:37,244 - DEBUG - < Via: 1.1 bab1895e0b0b8d2cc8c02eee5d24db78.cloudfront.net (CloudFront)
2023-03-29 16:21:37,244 - DEBUG - < X-Amz-Cf-Pop: ICN57-P2
2023-03-29 16:21:37,244 - DEBUG - < X-Amz-Cf-Id: PpoqpEDNJ9DpKZKnwFGthUhdES943u16RyEOYIt4kRi2bsaYH3vLDQ==
2023-03-29 16:21:37,244 - DEBUG - = connection is OPEN
2023-03-29 16:21:37,283 - DEBUG - > TEXT '[2, "c31e1ed3-be65-4f77-9bf4-973ab87c7c3b", "Bo...ePointVendor": "EVAR"}]' [127 bytes]
2023-03-29 16:21:37,744 - DEBUG - < TEXT '[3, "c31e1ed3-be65-4f77-9bf4-973ab87c7c3b", {"s...33Z", "interval": 600}]' [123 bytes]
2023-03-29 16:21:37,756 - DEBUG - > TEXT '[2, "c31e1ed3-be65-4f77-9bf4-973ab87c7c3b", "St..."status": "Available"}]' [132 bytes]
2023-03-29 16:21:37,976 - DEBUG - < TEXT '[3, "c31e1ed3-be65-4f77-9bf4-973ab87c7c3b", {}]' [47 bytes]
2023-03-29 16:21:38,014 - DEBUG - > TEXT '[2, "c31e1ed3-be65-4f77-9bf4-973ab87c7c3b", "Au...": "1031040000069641"}]' [87 bytes]
2023-03-29 16:21:38,283 - DEBUG - < TEXT '[3, "c31e1ed3-be65-4f77-9bf4-973ab87c7c3b", {"i..."status": "Accepted"}}]' [82 bytes]
2023-03-29 16:21:38,323 - DEBUG - > TEXT '[2, "673976bb-82a6-414b-8d72-db78a39b0138", "St...2023-03-29T16:21:36Z"}]' [170 bytes]
2023-03-29 16:21:38,657 - DEBUG - < TEXT '[3, "673976bb-82a6-414b-8d72-db78a39b0138", {"t..."status": "Accepted"}}]' [110 bytes]
2023-03-29 16:21:38,706 - DEBUG - > TEXT '[2, "c121aa0b-1ebc-4860-b7b6-794f662a0326", "St... "status": "Charging"}]' [131 bytes]
2023-03-29 16:21:38,913 - DEBUG - < TEXT '[3, "c121aa0b-1ebc-4860-b7b6-794f662a0326", {}]' [47 bytes]
2023-03-29 16:21:38,979 - DEBUG - > TEXT '[2, "95344738-7d8d-4181-85dc-6d1f56a8abff", "Me...er", "unit": "Wh"}]}]}]' [259 bytes]
2023-03-29 16:21:39,393 - DEBUG - < TEXT '[3, "95344738-7d8d-4181-85dc-6d1f56a8abff", {}]' [47 bytes]
2023-03-29 16:21:39,444 - DEBUG - > TEXT '[2, "ae8f3428-27e5-4aa7-b790-b055c526c0ef", "St...sactionId": 120533602}]' [149 bytes]
2023-03-29 16:21:39,791 - DEBUG - < TEXT '[3, "ae8f3428-27e5-4aa7-b790-b055c526c0ef", {"i..."status": "Accepted"}}]' [82 bytes]
2023-03-29 16:21:39,837 - DEBUG - > TEXT '[2, "7f791eb6-79f3-4a37-8ac6-372aff7f53c3", "St..."status": "Finishing"}]' [132 bytes]
2023-03-29 16:21:40,055 - DEBUG - < TEXT '[3, "7f791eb6-79f3-4a37-8ac6-372aff7f53c3", {}]' [47 bytes]
2023-03-29 16:21:40,107 - DEBUG - > TEXT '[2, "512fc014-0af4-4085-8f39-631ebca60d67", "St..."status": "Available"}]' [132 bytes]
2023-03-29 16:21:40,357 - DEBUG - < TEXT '[3, "512fc014-0af4-4085-8f39-631ebca60d67", {}]' [47 bytes]
2023-03-29 16:21:40,393 - DEBUG - = connection is CLOSING
2023-03-29 16:21:40,393 - DEBUG - > CLOSE 1000 (OK) [2 bytes]
2023-03-29 16:21:40,415 - DEBUG - < CLOSE 1000 (OK) [2 bytes]
2023-03-29 16:21:40,421 - DEBUG - = connection is CLOSED
2023-03-29 16:21:40,430 - DEBUG - = connection is CONNECTING
2023-03-29 16:21:40,466 - DEBUG - > GET /ocpp16/ELA007C05/EVSCA050001 HTTP/1.1
2023-03-29 16:21:40,466 - DEBUG - > Host: ws.devevspcharger.uplus.co.kr
2023-03-29 16:21:40,466 - DEBUG - > Upgrade: websocket
2023-03-29 16:21:40,466 - DEBUG - > Connection: Upgrade
2023-03-29 16:21:40,467 - DEBUG - > Sec-WebSocket-Key: E0o6voBhFJ0yk+eLYNyzpQ==
2023-03-29 16:21:40,467 - DEBUG - > Sec-WebSocket-Version: 13
2023-03-29 16:21:40,467 - DEBUG - > Sec-WebSocket-Extensions: permessage-deflate; client_max_window_bits
2023-03-29 16:21:40,467 - DEBUG - > Sec-WebSocket-Protocol: ocpp1.6
2023-03-29 16:21:40,468 - DEBUG - > Authorization: Basic RVZBUjpFVkFSTEdV
2023-03-29 16:21:40,468 - DEBUG - > User-Agent: Python/3.11 websockets/10.4
2023-03-29 16:21:40,721 - DEBUG - < HTTP/1.1 101 Switching Protocols
2023-03-29 16:21:40,721 - DEBUG - < Connection: upgrade
2023-03-29 16:21:40,721 - DEBUG - < Date: Wed, 29 Mar 2023 07:21:36 GMT
2023-03-29 16:21:40,721 - DEBUG - < sec-websocket-protocol: ocpp1.6
2023-03-29 16:21:40,721 - DEBUG - < upgrade: websocket
2023-03-29 16:21:40,721 - DEBUG - < sec-websocket-accept: Tq1YgkzLwjv2PA3CnSNZzhqGX7g=
2023-03-29 16:21:40,722 - DEBUG - < sec-websocket-extensions: permessage-deflate
2023-03-29 16:21:40,722 - DEBUG - < X-Cache: Miss from cloudfront
2023-03-29 16:21:40,722 - DEBUG - < Via: 1.1 9ce5dfe6a640bb6a762b3c2889e2317e.cloudfront.net (CloudFront)
2023-03-29 16:21:40,722 - DEBUG - < X-Amz-Cf-Pop: ICN57-P2
2023-03-29 16:21:40,722 - DEBUG - < X-Amz-Cf-Id: bFCfVxNEkdHmovzoQsT88jQf2MPygCyy_ZpSm1uCtZidFOcMujNRgA==
2023-03-29 16:21:40,722 - DEBUG - = connection is OPEN
2023-03-29 16:21:40,758 - DEBUG - > TEXT '[2, "64dc48e4-4ae0-4db8-b137-f20a472d6223", "Bo...ePointVendor": "EVAR"}]' [127 bytes]
2023-03-29 16:21:41,066 - DEBUG - < TEXT '[3, "64dc48e4-4ae0-4db8-b137-f20a472d6223", {"s...37Z", "interval": 600}]' [123 bytes]
2023-03-29 16:21:41,102 - DEBUG - > TEXT '[2, "f9a640e4-6b17-4730-8770-adc0f805aa15", "Au...": "1031040000069641"}]' [87 bytes]
2023-03-29 16:21:41,383 - DEBUG - < TEXT '[3, "f9a640e4-6b17-4730-8770-adc0f805aa15", {"i..."status": "Accepted"}}]' [82 bytes]
2023-03-29 16:21:41,422 - DEBUG - > TEXT '[2, "c5782326-2fd4-492b-9c55-a3579e4f4df2", "St..."status": "Preparing"}]' [132 bytes]
2023-03-29 16:21:41,613 - DEBUG - < TEXT '[3, "c5782326-2fd4-492b-9c55-a3579e4f4df2", {}]' [47 bytes]
2023-03-29 16:21:41,651 - DEBUG - > TEXT '[2, "02a89930-090d-4bb2-84fe-82becaa16a68", "St...2023-03-29T16:21:36Z"}]' [170 bytes]
2023-03-29 16:21:41,989 - DEBUG - < TEXT '[3, "02a89930-090d-4bb2-84fe-82becaa16a68", {"t..."status": "Accepted"}}]' [110 bytes]
2023-03-29 16:21:42,032 - DEBUG - > TEXT '[2, "5191cec9-55a8-4f56-8745-d6ffef5126e6", "St... "status": "Charging"}]' [131 bytes]
2023-03-29 16:21:42,279 - DEBUG - < TEXT '[3, "5191cec9-55a8-4f56-8745-d6ffef5126e6", {}]' [47 bytes]
2023-03-29 16:21:42,325 - DEBUG - > TEXT '[2, "9e82e3b8-ee69-4a49-9218-dc92d5706880", "Me...er", "unit": "Wh"}]}]}]' [259 bytes]
2023-03-29 16:21:42,656 - DEBUG - < TEXT '[3, "9e82e3b8-ee69-4a49-9218-dc92d5706880", {}]' [47 bytes]
2023-03-29 16:21:42,706 - DEBUG - > TEXT '[2, "53849bc9-94f7-4601-b924-025ebc3d0935", "St...sactionId": 120533603}]' [149 bytes]
2023-03-29 16:21:43,053 - DEBUG - < TEXT '[3, "53849bc9-94f7-4601-b924-025ebc3d0935", {"i..."status": "Accepted"}}]' [82 bytes]
2023-03-29 16:21:43,108 - DEBUG - > TEXT '[2, "6fec2a62-73f2-426c-8462-8ac92ffbb903", "St..."status": "Finishing"}]' [132 bytes]
2023-03-29 16:21:43,315 - DEBUG - < TEXT '[3, "6fec2a62-73f2-426c-8462-8ac92ffbb903", {}]' [47 bytes]
2023-03-29 16:21:43,356 - DEBUG - > TEXT '[2, "87efde15-3d7f-47d0-891c-d83543117391", "St..."status": "Available"}]' [132 bytes]
2023-03-29 16:21:43,579 - DEBUG - < TEXT '[3, "87efde15-3d7f-47d0-891c-d83543117391", {}]' [47 bytes]
2023-03-29 16:21:43,608 - DEBUG - = connection is CLOSING
2023-03-29 16:21:43,608 - DEBUG - > CLOSE 1000 (OK) [2 bytes]
2023-03-29 16:21:43,620 - DEBUG - < CLOSE 1000 (OK) [2 bytes]
2023-03-29 16:21:43,623 - DEBUG - = connection is CLOSED
2023-03-29 16:42:21,502 - ERROR - Task exception was never retrieved
future: <Task finished name='Task-2' coro=<ChargerSim.startEvent() done, defined at D:\workspace\wss\main.py:131> exception=TypeError("'int' object is not subscriptable")>
Traceback (most recent call last):
  File "D:\workspace\wss\main.py", line 151, in startEvent
    await self.charger.runcase(self.TC_selected if len(self.TC_selected.keys())>0 else self.TC)
  File "D:\workspace\wss\Charger.py", line 301, in runcase
    self.lst_cases.selection_clear(cur_idx[0]+1,END)
                                   ~~~~~~~^^^
TypeError: 'int' object is not subscriptable
2023-03-29 16:42:51,197 - DEBUG - = connection is CONNECTING
2023-03-29 16:42:51,251 - DEBUG - > GET /ocpp16/ELA007C05/EVSCA050001 HTTP/1.1
2023-03-29 16:42:51,251 - DEBUG - > Host: ws.devevspcharger.uplus.co.kr
2023-03-29 16:42:51,252 - DEBUG - > Upgrade: websocket
2023-03-29 16:42:51,252 - DEBUG - > Connection: Upgrade
2023-03-29 16:42:51,252 - DEBUG - > Sec-WebSocket-Key: 6KlE+Iz8AM/VfZ9F7FTgAQ==
2023-03-29 16:42:51,252 - DEBUG - > Sec-WebSocket-Version: 13
2023-03-29 16:42:51,252 - DEBUG - > Sec-WebSocket-Extensions: permessage-deflate; client_max_window_bits
2023-03-29 16:42:51,252 - DEBUG - > Sec-WebSocket-Protocol: ocpp1.6
2023-03-29 16:42:51,252 - DEBUG - > Authorization: Basic RVZBUjpFVkFSTEdV
2023-03-29 16:42:51,253 - DEBUG - > User-Agent: Python/3.11 websockets/10.4
2023-03-29 16:42:51,831 - DEBUG - < HTTP/1.1 101 Switching Protocols
2023-03-29 16:42:51,832 - DEBUG - < Connection: upgrade
2023-03-29 16:42:51,832 - DEBUG - < Date: Wed, 29 Mar 2023 07:42:47 GMT
2023-03-29 16:42:51,832 - DEBUG - < sec-websocket-protocol: ocpp1.6
2023-03-29 16:42:51,832 - DEBUG - < upgrade: websocket
2023-03-29 16:42:51,832 - DEBUG - < sec-websocket-accept: DY5qCTlM9EvgTaWks2GuVQbx4pY=
2023-03-29 16:42:51,832 - DEBUG - < sec-websocket-extensions: permessage-deflate
2023-03-29 16:42:51,832 - DEBUG - < X-Cache: Miss from cloudfront
2023-03-29 16:42:51,832 - DEBUG - < Via: 1.1 9ce5dfe6a640bb6a762b3c2889e2317e.cloudfront.net (CloudFront)
2023-03-29 16:42:51,833 - DEBUG - < X-Amz-Cf-Pop: ICN57-P2
2023-03-29 16:42:51,833 - DEBUG - < X-Amz-Cf-Id: LbNyXTrMWmKugwwq4nmExIRMN2hffrvhsYrBExVGJjIXq6j-BJCLhA==
2023-03-29 16:42:51,833 - DEBUG - = connection is OPEN
2023-03-29 16:42:51,873 - DEBUG - > TEXT '[2, "a02f40d7-3e18-4999-8678-b3a8788653b1", "Bo...ePointVendor": "EVAR"}]' [127 bytes]
2023-03-29 16:42:52,216 - DEBUG - < TEXT '[3, "a02f40d7-3e18-4999-8678-b3a8788653b1", {"s...48Z", "interval": 600}]' [123 bytes]
2023-03-29 16:42:52,242 - DEBUG - > TEXT '[2, "a02f40d7-3e18-4999-8678-b3a8788653b1", "St..."status": "Available"}]' [132 bytes]
2023-03-29 16:42:52,436 - DEBUG - < TEXT '[3, "a02f40d7-3e18-4999-8678-b3a8788653b1", {}]' [47 bytes]
2023-03-29 16:42:52,468 - DEBUG - > TEXT '[2, "a02f40d7-3e18-4999-8678-b3a8788653b1", "Au...": "1031040000069641"}]' [87 bytes]
2023-03-29 16:42:52,900 - DEBUG - < TEXT '[3, "a02f40d7-3e18-4999-8678-b3a8788653b1", {"i..."status": "Accepted"}}]' [82 bytes]
2023-03-29 16:42:52,934 - DEBUG - > TEXT '[2, "cf28c903-f7cc-406f-8ad7-01fd5b6afa16", "St...2023-03-29T16:42:51Z"}]' [170 bytes]
2023-03-29 16:42:53,317 - DEBUG - < TEXT '[3, "cf28c903-f7cc-406f-8ad7-01fd5b6afa16", {"t..."status": "Accepted"}}]' [110 bytes]
2023-03-29 16:42:53,384 - DEBUG - > TEXT '[2, "b98a2928-9c0f-408d-af74-4ec066afee8c", "St... "status": "Charging"}]' [131 bytes]
2023-03-29 16:42:53,582 - DEBUG - < TEXT '[3, "b98a2928-9c0f-408d-af74-4ec066afee8c", {}]' [47 bytes]
2023-03-29 16:42:53,645 - DEBUG - > TEXT '[2, "123a469a-ec2a-4231-8bbc-0ef128235624", "Me...er", "unit": "Wh"}]}]}]' [259 bytes]
2023-03-29 16:42:53,902 - DEBUG - < TEXT '[3, "123a469a-ec2a-4231-8bbc-0ef128235624", {}]' [47 bytes]
2023-03-29 16:42:53,976 - DEBUG - > TEXT '[2, "e06dcfc5-2cda-4ceb-8b2c-b27b6ce06a5f", "St...sactionId": 120533606}]' [149 bytes]
2023-03-29 16:42:54,255 - DEBUG - < TEXT '[3, "e06dcfc5-2cda-4ceb-8b2c-b27b6ce06a5f", {"i..."status": "Accepted"}}]' [82 bytes]
2023-03-29 16:42:54,325 - DEBUG - > TEXT '[2, "232d4a87-dc0b-45d9-a33f-71cb78295eb2", "St..."status": "Finishing"}]' [132 bytes]
2023-03-29 16:42:54,554 - DEBUG - < TEXT '[3, "232d4a87-dc0b-45d9-a33f-71cb78295eb2", {}]' [47 bytes]
2023-03-29 16:42:54,616 - DEBUG - > TEXT '[2, "c3f1d843-80b7-42cf-a9d1-cc6a2898a9e6", "St..."status": "Available"}]' [132 bytes]
2023-03-29 16:42:54,855 - DEBUG - < TEXT '[3, "c3f1d843-80b7-42cf-a9d1-cc6a2898a9e6", {}]' [47 bytes]
2023-03-29 16:42:54,899 - DEBUG - = connection is CLOSING
2023-03-29 16:42:54,899 - DEBUG - > CLOSE 1000 (OK) [2 bytes]
2023-03-29 16:42:54,907 - DEBUG - < CLOSE 1000 (OK) [2 bytes]
2023-03-29 16:42:54,913 - DEBUG - = connection is CLOSED
2023-03-29 16:42:54,923 - DEBUG - = connection is CONNECTING
2023-03-29 16:42:54,961 - DEBUG - > GET /ocpp16/ELA007C05/EVSCA050001 HTTP/1.1
2023-03-29 16:42:54,961 - DEBUG - > Host: ws.devevspcharger.uplus.co.kr
2023-03-29 16:42:54,961 - DEBUG - > Upgrade: websocket
2023-03-29 16:42:54,961 - DEBUG - > Connection: Upgrade
2023-03-29 16:42:54,961 - DEBUG - > Sec-WebSocket-Key: cp0013HEltruiU8NCMRS1g==
2023-03-29 16:42:54,961 - DEBUG - > Sec-WebSocket-Version: 13
2023-03-29 16:42:54,962 - DEBUG - > Sec-WebSocket-Extensions: permessage-deflate; client_max_window_bits
2023-03-29 16:42:54,962 - DEBUG - > Sec-WebSocket-Protocol: ocpp1.6
2023-03-29 16:42:54,962 - DEBUG - > Authorization: Basic RVZBUjpFVkFSTEdV
2023-03-29 16:42:54,962 - DEBUG - > User-Agent: Python/3.11 websockets/10.4
2023-03-29 16:42:55,233 - DEBUG - < HTTP/1.1 101 Switching Protocols
2023-03-29 16:42:55,233 - DEBUG - < Connection: upgrade
2023-03-29 16:42:55,233 - DEBUG - < Date: Wed, 29 Mar 2023 07:42:51 GMT
2023-03-29 16:42:55,233 - DEBUG - < sec-websocket-protocol: ocpp1.6
2023-03-29 16:42:55,233 - DEBUG - < upgrade: websocket
2023-03-29 16:42:55,233 - DEBUG - < sec-websocket-accept: wHq5xXbxWjr7ydIefU+rzSCP4os=
2023-03-29 16:42:55,234 - DEBUG - < sec-websocket-extensions: permessage-deflate
2023-03-29 16:42:55,234 - DEBUG - < X-Cache: Miss from cloudfront
2023-03-29 16:42:55,234 - DEBUG - < Via: 1.1 9ae7abacc9e2c811909db23dbe603ad4.cloudfront.net (CloudFront)
2023-03-29 16:42:55,234 - DEBUG - < X-Amz-Cf-Pop: ICN57-P2
2023-03-29 16:42:55,234 - DEBUG - < X-Amz-Cf-Id: 9jFVg8FvFYr1anBsROenEQ1DimQ109nyJ2AMSxmM2S4s4xjpA4ihWA==
2023-03-29 16:42:55,234 - DEBUG - = connection is OPEN
2023-03-29 16:42:55,279 - DEBUG - > TEXT '[2, "9a7429e4-3ede-4f07-922a-761b603339c2", "Bo...ePointVendor": "EVAR"}]' [127 bytes]
2023-03-29 16:42:55,596 - DEBUG - < TEXT '[3, "9a7429e4-3ede-4f07-922a-761b603339c2", {"s...51Z", "interval": 600}]' [123 bytes]
2023-03-29 16:42:55,650 - DEBUG - > TEXT '[2, "3d3979a1-3842-4f7d-bc3a-47cda4e97d52", "Au...": "1031040000069641"}]' [87 bytes]
2023-03-29 16:42:55,919 - DEBUG - < TEXT '[3, "3d3979a1-3842-4f7d-bc3a-47cda4e97d52", {"i..."status": "Accepted"}}]' [82 bytes]
2023-03-29 16:42:55,974 - DEBUG - > TEXT '[2, "79149add-21b1-4d56-b036-a6b9b867299f", "St..."status": "Preparing"}]' [132 bytes]
2023-03-29 16:42:56,200 - DEBUG - < TEXT '[3, "79149add-21b1-4d56-b036-a6b9b867299f", {}]' [47 bytes]
2023-03-29 16:42:56,248 - DEBUG - > TEXT '[2, "785b8377-7512-43b6-98a2-d49eac9e4920", "St...2023-03-29T16:42:51Z"}]' [170 bytes]
2023-03-29 16:42:56,595 - DEBUG - < TEXT '[3, "785b8377-7512-43b6-98a2-d49eac9e4920", {"t..."status": "Accepted"}}]' [110 bytes]
2023-03-29 16:42:56,657 - DEBUG - > TEXT '[2, "119123ef-e996-40f6-8ac4-bfa132e5f3eb", "St... "status": "Charging"}]' [131 bytes]
2023-03-29 16:42:56,893 - DEBUG - < TEXT '[3, "119123ef-e996-40f6-8ac4-bfa132e5f3eb", {}]' [47 bytes]
2023-03-29 16:42:56,945 - DEBUG - > TEXT '[2, "a612abca-4156-4470-92ad-0f0a4d596ed6", "Me...er", "unit": "Wh"}]}]}]' [259 bytes]
2023-03-29 16:42:57,178 - DEBUG - < TEXT '[3, "a612abca-4156-4470-92ad-0f0a4d596ed6", {}]' [47 bytes]
2023-03-29 16:42:57,247 - DEBUG - > TEXT '[2, "8379d12f-549f-4ca8-89ff-415fea803999", "St...sactionId": 120533607}]' [149 bytes]
2023-03-29 16:42:57,601 - DEBUG - < TEXT '[3, "8379d12f-549f-4ca8-89ff-415fea803999", {"i..."status": "Accepted"}}]' [82 bytes]
2023-03-29 16:42:57,674 - DEBUG - > TEXT '[2, "3716f5d6-9c7a-41f0-be70-d3c2e8c08ee5", "St..."status": "Finishing"}]' [132 bytes]
2023-03-29 16:42:57,854 - DEBUG - < TEXT '[3, "3716f5d6-9c7a-41f0-be70-d3c2e8c08ee5", {}]' [47 bytes]
2023-03-29 16:42:57,916 - DEBUG - > TEXT '[2, "e62e0547-7860-4091-a8a4-84d093a01103", "St..."status": "Available"}]' [132 bytes]
2023-03-29 16:42:58,155 - DEBUG - < TEXT '[3, "e62e0547-7860-4091-a8a4-84d093a01103", {}]' [47 bytes]
2023-03-29 16:42:58,192 - DEBUG - = connection is CLOSING
2023-03-29 16:42:58,192 - DEBUG - > CLOSE 1000 (OK) [2 bytes]
2023-03-29 16:42:58,200 - DEBUG - < CLOSE 1000 (OK) [2 bytes]
2023-03-29 16:42:58,207 - DEBUG - = connection is CLOSED
2023-03-29 16:43:38,442 - DEBUG - = connection is CONNECTING
2023-03-29 16:43:38,484 - DEBUG - > GET /ocpp16/ELA007C05/EVSCA050001 HTTP/1.1
2023-03-29 16:43:38,485 - DEBUG - > Host: ws.devevspcharger.uplus.co.kr
2023-03-29 16:43:38,485 - DEBUG - > Upgrade: websocket
2023-03-29 16:43:38,485 - DEBUG - > Connection: Upgrade
2023-03-29 16:43:38,485 - DEBUG - > Sec-WebSocket-Key: DBYudFJS11erITe1Zj3sPg==
2023-03-29 16:43:38,485 - DEBUG - > Sec-WebSocket-Version: 13
2023-03-29 16:43:38,485 - DEBUG - > Sec-WebSocket-Extensions: permessage-deflate; client_max_window_bits
2023-03-29 16:43:38,485 - DEBUG - > Sec-WebSocket-Protocol: ocpp1.6
2023-03-29 16:43:38,485 - DEBUG - > Authorization: Basic RVZBUjpFVkFSTEdV
2023-03-29 16:43:38,485 - DEBUG - > User-Agent: Python/3.11 websockets/10.4
2023-03-29 16:43:38,730 - DEBUG - < HTTP/1.1 101 Switching Protocols
2023-03-29 16:43:38,730 - DEBUG - < Connection: upgrade
2023-03-29 16:43:38,731 - DEBUG - < Date: Wed, 29 Mar 2023 07:43:34 GMT
2023-03-29 16:43:38,732 - DEBUG - < sec-websocket-protocol: ocpp1.6
2023-03-29 16:43:38,732 - DEBUG - < upgrade: websocket
2023-03-29 16:43:38,732 - DEBUG - < sec-websocket-accept: 9eCJRiW+rNnEeb2i8Dg6aS/XRu4=
2023-03-29 16:43:38,732 - DEBUG - < sec-websocket-extensions: permessage-deflate
2023-03-29 16:43:38,732 - DEBUG - < X-Cache: Miss from cloudfront
2023-03-29 16:43:38,732 - DEBUG - < Via: 1.1 5a0f884e3a21756e824f803c83d7f3d0.cloudfront.net (CloudFront)
2023-03-29 16:43:38,732 - DEBUG - < X-Amz-Cf-Pop: ICN57-P2
2023-03-29 16:43:38,733 - DEBUG - < X-Amz-Cf-Id: kWs8ow4S_g5k1urp-420LBVKZRCg0UxhaIAR0Y_FYA355_EWTSD_hQ==
2023-03-29 16:43:38,734 - DEBUG - = connection is OPEN
2023-03-29 16:43:38,746 - ERROR - Task exception was never retrieved
future: <Task finished name='Task-2' coro=<ChargerSim.startEvent() done, defined at D:\workspace\wss\main.py:131> exception=AttributeError("'Listbox' object has no attribute 'select'")>
Traceback (most recent call last):
  File "D:\workspace\wss\main.py", line 151, in startEvent
    await self.charger.runcase(self.TC_selected if len(self.TC_selected.keys())>0 else self.TC)
  File "D:\workspace\wss\Charger.py", line 317, in runcase
    self.lst_cases.select(cur_idx+idx)
    ^^^^^^^^^^^^^^^^^^^^^
AttributeError: 'Listbox' object has no attribute 'select'
2023-03-29 16:43:58,744 - DEBUG - % sending keepalive ping
2023-03-29 16:43:58,744 - DEBUG - > PING 08 99 3c 01 [binary, 4 bytes]
2023-03-29 16:43:58,752 - DEBUG - < PONG 08 99 3c 01 [binary, 4 bytes]
2023-03-29 16:43:58,757 - DEBUG - % received keepalive pong
2023-03-29 16:44:18,758 - DEBUG - % sending keepalive ping
2023-03-29 16:44:18,759 - DEBUG - > PING d6 58 b4 47 [binary, 4 bytes]
2023-03-29 16:44:18,770 - DEBUG - < PONG d6 58 b4 47 [binary, 4 bytes]
2023-03-29 16:44:18,782 - DEBUG - % received keepalive pong
2023-03-29 16:44:38,767 - DEBUG - % sending keepalive ping
2023-03-29 16:44:38,768 - DEBUG - > PING 7f 10 f1 99 [binary, 4 bytes]
2023-03-29 16:44:38,775 - DEBUG - < PONG 7f 10 f1 99 [binary, 4 bytes]
2023-03-29 16:44:38,783 - DEBUG - % received keepalive pong
2023-03-29 16:44:58,774 - DEBUG - % sending keepalive ping
2023-03-29 16:44:58,775 - DEBUG - > PING f4 e4 5b 98 [binary, 4 bytes]
2023-03-29 16:44:58,793 - DEBUG - < PONG f4 e4 5b 98 [binary, 4 bytes]
2023-03-29 16:44:58,805 - DEBUG - % received keepalive pong
2023-03-29 16:45:18,795 - DEBUG - % sending keepalive ping
2023-03-29 16:45:18,796 - DEBUG - > PING e0 70 0d bb [binary, 4 bytes]
2023-03-29 16:45:18,805 - DEBUG - < PONG e0 70 0d bb [binary, 4 bytes]
2023-03-29 16:45:18,814 - DEBUG - % received keepalive pong
2023-03-29 16:45:39,097 - DEBUG - % sending keepalive ping
2023-03-29 16:45:39,100 - DEBUG - > PING 06 a0 b8 be [binary, 4 bytes]
2023-03-29 16:45:39,119 - DEBUG - < PONG 06 a0 b8 be [binary, 4 bytes]
2023-03-29 16:45:39,138 - DEBUG - % received keepalive pong
2023-03-29 16:45:53,904 - DEBUG - = connection is CONNECTING
2023-03-29 16:45:53,969 - DEBUG - > GET /ocpp16/ELA007C05/EVSCA050001 HTTP/1.1
2023-03-29 16:45:53,970 - DEBUG - > Host: ws.devevspcharger.uplus.co.kr
2023-03-29 16:45:53,970 - DEBUG - > Upgrade: websocket
2023-03-29 16:45:53,971 - DEBUG - > Connection: Upgrade
2023-03-29 16:45:53,971 - DEBUG - > Sec-WebSocket-Key: O5M9Sib5YBVEzoRa23XCVw==
2023-03-29 16:45:53,972 - DEBUG - > Sec-WebSocket-Version: 13
2023-03-29 16:45:53,972 - DEBUG - > Sec-WebSocket-Extensions: permessage-deflate; client_max_window_bits
2023-03-29 16:45:53,972 - DEBUG - > Sec-WebSocket-Protocol: ocpp1.6
2023-03-29 16:45:53,973 - DEBUG - > Authorization: Basic RVZBUjpFVkFSTEdV
2023-03-29 16:45:53,973 - DEBUG - > User-Agent: Python/3.11 websockets/10.4
2023-03-29 16:45:54,290 - DEBUG - < HTTP/1.1 101 Switching Protocols
2023-03-29 16:45:54,290 - DEBUG - < Connection: upgrade
2023-03-29 16:45:54,290 - DEBUG - < Date: Wed, 29 Mar 2023 07:45:50 GMT
2023-03-29 16:45:54,291 - DEBUG - < sec-websocket-protocol: ocpp1.6
2023-03-29 16:45:54,291 - DEBUG - < upgrade: websocket
2023-03-29 16:45:54,291 - DEBUG - < sec-websocket-accept: NLSnbajBGcv6bIBVi+bCKeyZyas=
2023-03-29 16:45:54,291 - DEBUG - < sec-websocket-extensions: permessage-deflate
2023-03-29 16:45:54,292 - DEBUG - < X-Cache: Miss from cloudfront
2023-03-29 16:45:54,292 - DEBUG - < Via: 1.1 c6882e0acaa56682be4bf45c4b8fd99a.cloudfront.net (CloudFront)
2023-03-29 16:45:54,292 - DEBUG - < X-Amz-Cf-Pop: ICN57-P2
2023-03-29 16:45:54,293 - DEBUG - < X-Amz-Cf-Id: WQSDAokrx5fA5JYquoMvb4xcn-DhfspC0HkF5woP8mKNEWb6rr4k2g==
2023-03-29 16:45:54,293 - DEBUG - = connection is OPEN
2023-03-29 16:45:54,359 - DEBUG - > TEXT '[2, "630d72ab-f953-45ab-9758-dac8473a8bcb", "Bo...ePointVendor": "EVAR"}]' [127 bytes]
2023-03-29 16:45:54,799 - DEBUG - < TEXT '[3, "630d72ab-f953-45ab-9758-dac8473a8bcb", {"s...50Z", "interval": 600}]' [123 bytes]
2023-03-29 16:45:54,835 - DEBUG - > TEXT '[2, "630d72ab-f953-45ab-9758-dac8473a8bcb", "St..."status": "Available"}]' [132 bytes]
2023-03-29 16:45:55,040 - DEBUG - < TEXT '[3, "630d72ab-f953-45ab-9758-dac8473a8bcb", {}]' [47 bytes]
2023-03-29 16:45:55,090 - DEBUG - > TEXT '[2, "630d72ab-f953-45ab-9758-dac8473a8bcb", "Au...": "1031040000069641"}]' [87 bytes]
2023-03-29 16:45:55,401 - DEBUG - < TEXT '[3, "630d72ab-f953-45ab-9758-dac8473a8bcb", {"i..."status": "Accepted"}}]' [82 bytes]
2023-03-29 16:45:55,450 - DEBUG - > TEXT '[2, "417eabbb-4c50-4c24-a48e-4552ef5108f6", "St...2023-03-29T16:45:53Z"}]' [170 bytes]
2023-03-29 16:45:55,997 - DEBUG - < TEXT '[3, "417eabbb-4c50-4c24-a48e-4552ef5108f6", {"t..."status": "Accepted"}}]' [110 bytes]
2023-03-29 16:45:56,092 - DEBUG - > TEXT '[2, "348ea3bf-df9a-4b39-8317-265d975e58e3", "St... "status": "Charging"}]' [131 bytes]
2023-03-29 16:45:56,279 - DEBUG - < TEXT '[3, "348ea3bf-df9a-4b39-8317-265d975e58e3", {}]' [47 bytes]
2023-03-29 16:45:56,392 - DEBUG - > TEXT '[2, "75ac4b07-6a39-43eb-aaba-6d3d8546d4d3", "Me...er", "unit": "Wh"}]}]}]' [259 bytes]
2023-03-29 16:45:56,799 - DEBUG - < TEXT '[3, "75ac4b07-6a39-43eb-aaba-6d3d8546d4d3", {}]' [47 bytes]
2023-03-29 16:45:56,925 - DEBUG - > TEXT '[2, "6ed8ae75-3936-47b5-bed4-0ba26377d8d1", "St...sactionId": 120533608}]' [149 bytes]
2023-03-29 16:45:57,238 - DEBUG - < TEXT '[3, "6ed8ae75-3936-47b5-bed4-0ba26377d8d1", {"i..."status": "Accepted"}}]' [82 bytes]
2023-03-29 16:45:57,386 - DEBUG - > TEXT '[2, "23dfe891-5402-417a-94ec-e5d44c17e7af", "St..."status": "Finishing"}]' [132 bytes]
2023-03-29 16:45:57,601 - DEBUG - < TEXT '[3, "23dfe891-5402-417a-94ec-e5d44c17e7af", {}]' [47 bytes]
2023-03-29 16:45:57,763 - DEBUG - > TEXT '[2, "2d2924cb-2b3a-4f3e-85ce-8c3971ea0f02", "St..."status": "Available"}]' [132 bytes]
2023-03-29 16:45:57,939 - DEBUG - < TEXT '[3, "2d2924cb-2b3a-4f3e-85ce-8c3971ea0f02", {}]' [47 bytes]
2023-03-29 16:45:58,020 - DEBUG - = connection is CLOSING
2023-03-29 16:45:58,021 - DEBUG - > CLOSE 1000 (OK) [2 bytes]
2023-03-29 16:45:58,035 - DEBUG - < CLOSE 1000 (OK) [2 bytes]
2023-03-29 16:45:58,060 - DEBUG - = connection is CLOSED
2023-03-29 16:45:58,080 - DEBUG - = connection is CONNECTING
2023-03-29 16:45:58,156 - DEBUG - > GET /ocpp16/ELA007C05/EVSCA050001 HTTP/1.1
2023-03-29 16:45:58,156 - DEBUG - > Host: ws.devevspcharger.uplus.co.kr
2023-03-29 16:45:58,157 - DEBUG - > Upgrade: websocket
2023-03-29 16:45:58,157 - DEBUG - > Connection: Upgrade
2023-03-29 16:45:58,157 - DEBUG - > Sec-WebSocket-Key: XTlWjhPrlR0Ehio4w4jXew==
2023-03-29 16:45:58,157 - DEBUG - > Sec-WebSocket-Version: 13
2023-03-29 16:45:58,158 - DEBUG - > Sec-WebSocket-Extensions: permessage-deflate; client_max_window_bits
2023-03-29 16:45:58,158 - DEBUG - > Sec-WebSocket-Protocol: ocpp1.6
2023-03-29 16:45:58,158 - DEBUG - > Authorization: Basic RVZBUjpFVkFSTEdV
2023-03-29 16:45:58,158 - DEBUG - > User-Agent: Python/3.11 websockets/10.4
2023-03-29 16:45:58,376 - DEBUG - < HTTP/1.1 101 Switching Protocols
2023-03-29 16:45:58,376 - DEBUG - < Connection: upgrade
2023-03-29 16:45:58,376 - DEBUG - < Date: Wed, 29 Mar 2023 07:45:54 GMT
2023-03-29 16:45:58,377 - DEBUG - < sec-websocket-protocol: ocpp1.6
2023-03-29 16:45:58,377 - DEBUG - < upgrade: websocket
2023-03-29 16:45:58,377 - DEBUG - < sec-websocket-accept: wzMGm8Q1CLeHpdzIJAnDk5sR0cQ=
2023-03-29 16:45:58,378 - DEBUG - < sec-websocket-extensions: permessage-deflate
2023-03-29 16:45:58,378 - DEBUG - < X-Cache: Miss from cloudfront
2023-03-29 16:45:58,378 - DEBUG - < Via: 1.1 8e619a006d3eebbe44543457c797a4f0.cloudfront.net (CloudFront)
2023-03-29 16:45:58,378 - DEBUG - < X-Amz-Cf-Pop: ICN57-P2
2023-03-29 16:45:58,379 - DEBUG - < X-Amz-Cf-Id: yVIcdN33Sc4MYgmJWPrkATNIeep4406zSM5Ecfg4Iu3DFyUmnvBzTg==
2023-03-29 16:45:58,380 - DEBUG - = connection is OPEN
2023-03-29 16:45:58,497 - DEBUG - > TEXT '[2, "d66bafcd-d56a-4ade-b07a-0b42c7687d83", "Bo...ePointVendor": "EVAR"}]' [127 bytes]
2023-03-29 16:45:58,798 - DEBUG - < TEXT '[3, "d66bafcd-d56a-4ade-b07a-0b42c7687d83", {"s...54Z", "interval": 600}]' [123 bytes]
2023-03-29 16:45:58,924 - DEBUG - > TEXT '[2, "40ab0f01-3834-47fe-955d-bf36bf1a3f42", "Au...": "1031040000069641"}]' [87 bytes]
2023-03-29 16:45:59,158 - DEBUG - < TEXT '[3, "40ab0f01-3834-47fe-955d-bf36bf1a3f42", {"i..."status": "Accepted"}}]' [82 bytes]
2023-03-29 16:45:59,270 - DEBUG - > TEXT '[2, "1da60691-d1ff-4f41-ac8f-abfd3bc1c716", "St..."status": "Preparing"}]' [132 bytes]
2023-03-29 16:45:59,479 - DEBUG - < TEXT '[3, "1da60691-d1ff-4f41-ac8f-abfd3bc1c716", {}]' [47 bytes]
2023-03-29 16:45:59,586 - DEBUG - > TEXT '[2, "add8d391-740e-4e38-9afa-012fbb93e740", "St...2023-03-29T16:45:53Z"}]' [170 bytes]
2023-03-29 16:45:59,899 - DEBUG - < TEXT '[3, "add8d391-740e-4e38-9afa-012fbb93e740", {"t..."status": "Accepted"}}]' [110 bytes]
2023-03-29 16:46:00,021 - DEBUG - > TEXT '[2, "f87bacda-ca06-4aaf-b0bf-ea18cec2976e", "St... "status": "Charging"}]' [131 bytes]
2023-03-29 16:46:00,199 - DEBUG - < TEXT '[3, "f87bacda-ca06-4aaf-b0bf-ea18cec2976e", {}]' [47 bytes]
2023-03-29 16:46:00,315 - DEBUG - > TEXT '[2, "0e94da83-50c3-4622-8d85-29dabfc47d06", "Me...er", "unit": "Wh"}]}]}]' [259 bytes]
2023-03-29 16:46:00,557 - DEBUG - < TEXT '[3, "0e94da83-50c3-4622-8d85-29dabfc47d06", {}]' [47 bytes]
2023-03-29 16:46:00,687 - DEBUG - > TEXT '[2, "91bf6294-0d4b-4b0d-8c59-b224d22fde70", "St...sactionId": 120533609}]' [149 bytes]
2023-03-29 16:46:00,987 - DEBUG - < TEXT '[3, "91bf6294-0d4b-4b0d-8c59-b224d22fde70", {"i..."status": "Accepted"}}]' [82 bytes]
2023-03-29 16:46:01,134 - DEBUG - > TEXT '[2, "67ff526a-e0d2-452e-b353-e27c2915ca76", "St..."status": "Finishing"}]' [132 bytes]
2023-03-29 16:46:01,385 - DEBUG - < TEXT '[3, "67ff526a-e0d2-452e-b353-e27c2915ca76", {}]' [47 bytes]
2023-03-29 16:46:01,495 - DEBUG - > TEXT '[2, "b60bc52a-199c-4343-973b-791974b038d7", "St..."status": "Available"}]' [132 bytes]
2023-03-29 16:46:01,687 - DEBUG - < TEXT '[3, "b60bc52a-199c-4343-973b-791974b038d7", {}]' [47 bytes]
2023-03-29 16:46:01,739 - DEBUG - = connection is CLOSING
2023-03-29 16:46:01,739 - DEBUG - > CLOSE 1000 (OK) [2 bytes]
2023-03-29 16:46:01,751 - DEBUG - < CLOSE 1000 (OK) [2 bytes]
2023-03-29 16:46:01,764 - DEBUG - = connection is CLOSED
2023-03-29 16:46:16,112 - DEBUG - = connection is CONNECTING
2023-03-29 16:46:16,153 - DEBUG - > GET /ocpp16/ELA007C05/EVSCA050001 HTTP/1.1
2023-03-29 16:46:16,153 - DEBUG - > Host: ws.devevspcharger.uplus.co.kr
2023-03-29 16:46:16,153 - DEBUG - > Upgrade: websocket
2023-03-29 16:46:16,153 - DEBUG - > Connection: Upgrade
2023-03-29 16:46:16,153 - DEBUG - > Sec-WebSocket-Key: +uFhKovwrOHaAeCknMn3Yg==
2023-03-29 16:46:16,154 - DEBUG - > Sec-WebSocket-Version: 13
2023-03-29 16:46:16,154 - DEBUG - > Sec-WebSocket-Extensions: permessage-deflate; client_max_window_bits
2023-03-29 16:46:16,154 - DEBUG - > Sec-WebSocket-Protocol: ocpp1.6
2023-03-29 16:46:16,154 - DEBUG - > Authorization: Basic RVZBUjpFVkFSTEdV
2023-03-29 16:46:16,155 - DEBUG - > User-Agent: Python/3.11 websockets/10.4
2023-03-29 16:46:16,374 - DEBUG - < HTTP/1.1 101 Switching Protocols
2023-03-29 16:46:16,374 - DEBUG - < Connection: upgrade
2023-03-29 16:46:16,374 - DEBUG - < Date: Wed, 29 Mar 2023 07:46:12 GMT
2023-03-29 16:46:16,374 - DEBUG - < sec-websocket-protocol: ocpp1.6
2023-03-29 16:46:16,374 - DEBUG - < upgrade: websocket
2023-03-29 16:46:16,374 - DEBUG - < sec-websocket-accept: P+n7G9q0Lh5DLC4K1xfz18nVBkA=
2023-03-29 16:46:16,374 - DEBUG - < sec-websocket-extensions: permessage-deflate
2023-03-29 16:46:16,374 - DEBUG - < X-Cache: Miss from cloudfront
2023-03-29 16:46:16,375 - DEBUG - < Via: 1.1 516246c62af452cb1f8d77c8f3af9faa.cloudfront.net (CloudFront)
2023-03-29 16:46:16,375 - DEBUG - < X-Amz-Cf-Pop: ICN57-P2
2023-03-29 16:46:16,375 - DEBUG - < X-Amz-Cf-Id: VLbjoQxbjOdl3DK_JldfK5KvW7gTqyQsIsJU4dpk9BTvNi74qUaWNQ==
2023-03-29 16:46:16,375 - DEBUG - = connection is OPEN
2023-03-29 16:46:16,408 - DEBUG - > TEXT '[2, "bce8261d-0994-4d31-82a2-75e955324c66", "Bo...ePointVendor": "EVAR"}]' [127 bytes]
2023-03-29 16:46:16,676 - DEBUG - < TEXT '[3, "bce8261d-0994-4d31-82a2-75e955324c66", {"s...12Z", "interval": 600}]' [123 bytes]
2023-03-29 16:46:16,751 - DEBUG - > TEXT '[2, "b349d025-8546-4df6-814d-c960e6b415b7", "St..."status": "Available"}]' [132 bytes]
2023-03-29 16:46:16,938 - DEBUG - < TEXT '[3, "b349d025-8546-4df6-814d-c960e6b415b7", {}]' [47 bytes]
2023-03-29 16:46:17,012 - DEBUG - > TEXT '[2, "940a771c-2825-47d9-83ee-6f0bfd9cb967", "Au...": "1031040000069641"}]' [87 bytes]
2023-03-29 16:46:17,298 - DEBUG - < TEXT '[3, "940a771c-2825-47d9-83ee-6f0bfd9cb967", {"i..."status": "Accepted"}}]' [82 bytes]
2023-03-29 16:46:17,321 - DEBUG - = connection is CLOSING
2023-03-29 16:46:17,321 - DEBUG - > CLOSE 1000 (OK) [2 bytes]
2023-03-29 16:46:17,328 - DEBUG - < CLOSE 1000 (OK) [2 bytes]
2023-03-29 16:46:17,336 - DEBUG - = connection is CLOSED
2023-03-29 16:46:17,349 - DEBUG - = connection is CONNECTING
2023-03-29 16:46:17,394 - DEBUG - > GET /ocpp16/ELA007C05/EVSCA050001 HTTP/1.1
2023-03-29 16:46:17,395 - DEBUG - > Host: ws.devevspcharger.uplus.co.kr
2023-03-29 16:46:17,395 - DEBUG - > Upgrade: websocket
2023-03-29 16:46:17,395 - DEBUG - > Connection: Upgrade
2023-03-29 16:46:17,395 - DEBUG - > Sec-WebSocket-Key: X/22tfQUVlHblj/4d2gxmQ==
2023-03-29 16:46:17,395 - DEBUG - > Sec-WebSocket-Version: 13
2023-03-29 16:46:17,396 - DEBUG - > Sec-WebSocket-Extensions: permessage-deflate; client_max_window_bits
2023-03-29 16:46:17,396 - DEBUG - > Sec-WebSocket-Protocol: ocpp1.6
2023-03-29 16:46:17,396 - DEBUG - > Authorization: Basic RVZBUjpFVkFSTEdV
2023-03-29 16:46:17,396 - DEBUG - > User-Agent: Python/3.11 websockets/10.4
2023-03-29 16:46:17,695 - DEBUG - < HTTP/1.1 101 Switching Protocols
2023-03-29 16:46:17,695 - DEBUG - < Connection: upgrade
2023-03-29 16:46:17,696 - DEBUG - < Date: Wed, 29 Mar 2023 07:46:13 GMT
2023-03-29 16:46:17,696 - DEBUG - < sec-websocket-protocol: ocpp1.6
2023-03-29 16:46:17,696 - DEBUG - < upgrade: websocket
2023-03-29 16:46:17,696 - DEBUG - < sec-websocket-accept: 6uzGt1kmgXzFagmRoDY7HByVlqc=
2023-03-29 16:46:17,696 - DEBUG - < sec-websocket-extensions: permessage-deflate
2023-03-29 16:46:17,696 - DEBUG - < X-Cache: Miss from cloudfront
2023-03-29 16:46:17,696 - DEBUG - < Via: 1.1 d21d7f64d4ce2d8fcbb5fbee217cca5a.cloudfront.net (CloudFront)
2023-03-29 16:46:17,697 - DEBUG - < X-Amz-Cf-Pop: ICN57-P2
2023-03-29 16:46:17,697 - DEBUG - < X-Amz-Cf-Id: 8hoQsWiuxe0qlR1S5qpD1d1F58BY6gaVHsIBP6BJQBPqA1ddL2_e3A==
2023-03-29 16:46:17,698 - DEBUG - = connection is OPEN
2023-03-29 16:46:17,735 - DEBUG - > TEXT '[2, "90d13730-a939-4f67-8988-6cdc5fe72295", "Bo...ePointVendor": "EVAR"}]' [127 bytes]
2023-03-29 16:46:18,020 - DEBUG - < TEXT '[3, "90d13730-a939-4f67-8988-6cdc5fe72295", {"s...14Z", "interval": 600}]' [123 bytes]
2023-03-29 16:46:18,077 - DEBUG - > TEXT '[2, "44afdecf-d4ea-4d1c-8e32-040a8cedf81e", "St..."status": "Available"}]' [132 bytes]
2023-03-29 16:46:18,294 - DEBUG - < TEXT '[3, "44afdecf-d4ea-4d1c-8e32-040a8cedf81e", {}]' [47 bytes]
2023-03-29 16:46:18,348 - DEBUG - > TEXT '[2, "95557bd4-08db-4c33-aba9-5abad5e8fcce", "Au...": "1031040000069641"}]' [87 bytes]
2023-03-29 16:46:18,596 - DEBUG - < TEXT '[3, "95557bd4-08db-4c33-aba9-5abad5e8fcce", {"i..."status": "Accepted"}}]' [82 bytes]
2023-03-29 16:46:18,634 - DEBUG - > TEXT '[2, "f46d026c-0445-4982-9f19-efca030b5af4", "St...2023-03-29T16:45:53Z"}]' [170 bytes]
2023-03-29 16:46:18,921 - DEBUG - < TEXT '[3, "f46d026c-0445-4982-9f19-efca030b5af4", {"t..."status": "Accepted"}}]' [110 bytes]
2023-03-29 16:46:18,985 - DEBUG - > TEXT '[2, "16017ad5-ccfd-4d1b-bbae-00fc2889662a", "St... "status": "Charging"}]' [131 bytes]
2023-03-29 16:46:19,203 - DEBUG - < TEXT '[3, "16017ad5-ccfd-4d1b-bbae-00fc2889662a", {}]' [47 bytes]
2023-03-29 16:46:19,260 - DEBUG - > TEXT '[2, "151edb27-15f8-4d45-9192-c992c18a331d", "Me...er", "unit": "Wh"}]}]}]' [259 bytes]
2023-03-29 16:46:19,484 - DEBUG - < TEXT '[3, "151edb27-15f8-4d45-9192-c992c18a331d", {}]' [47 bytes]
2023-03-29 16:46:19,541 - DEBUG - > TEXT '[2, "5ec61e4d-aad6-4956-bff8-e020fc9df069", "St...sactionId": 120533608}]' [149 bytes]
2023-03-29 16:46:19,837 - DEBUG - < TEXT '[3, "5ec61e4d-aad6-4956-bff8-e020fc9df069", {"i..."status": "Accepted"}}]' [82 bytes]
2023-03-29 16:46:19,900 - DEBUG - > TEXT '[2, "06c63d0e-c074-44af-96cc-7531fe26aaec", "St..."status": "Finishing"}]' [132 bytes]
2023-03-29 16:46:20,078 - DEBUG - < TEXT '[3, "06c63d0e-c074-44af-96cc-7531fe26aaec", {}]' [47 bytes]
2023-03-29 16:46:20,149 - DEBUG - > TEXT '[2, "5783e887-e3b6-44e3-8d58-998d8bb966ce", "St..."status": "Available"}]' [132 bytes]
2023-03-29 16:46:20,317 - DEBUG - < TEXT '[3, "5783e887-e3b6-44e3-8d58-998d8bb966ce", {}]' [47 bytes]
2023-03-29 16:46:20,347 - DEBUG - = connection is CLOSING
2023-03-29 16:46:20,347 - DEBUG - > CLOSE 1000 (OK) [2 bytes]
2023-03-29 16:46:20,356 - DEBUG - < CLOSE 1000 (OK) [2 bytes]
2023-03-29 16:46:20,361 - DEBUG - = connection is CLOSED
2023-03-29 16:46:20,373 - DEBUG - = connection is CONNECTING
2023-03-29 16:46:20,416 - DEBUG - > GET /ocpp16/ELA007C05/EVSCA050001 HTTP/1.1
2023-03-29 16:46:20,416 - DEBUG - > Host: ws.devevspcharger.uplus.co.kr
2023-03-29 16:46:20,416 - DEBUG - > Upgrade: websocket
2023-03-29 16:46:20,416 - DEBUG - > Connection: Upgrade
2023-03-29 16:46:20,416 - DEBUG - > Sec-WebSocket-Key: SXOmJtvYNUejrixE2U8TtA==
2023-03-29 16:46:20,417 - DEBUG - > Sec-WebSocket-Version: 13
2023-03-29 16:46:20,417 - DEBUG - > Sec-WebSocket-Extensions: permessage-deflate; client_max_window_bits
2023-03-29 16:46:20,417 - DEBUG - > Sec-WebSocket-Protocol: ocpp1.6
2023-03-29 16:46:20,417 - DEBUG - > Authorization: Basic RVZBUjpFVkFSTEdV
2023-03-29 16:46:20,417 - DEBUG - > User-Agent: Python/3.11 websockets/10.4
2023-03-29 16:46:20,686 - DEBUG - < HTTP/1.1 101 Switching Protocols
2023-03-29 16:46:20,687 - DEBUG - < Connection: upgrade
2023-03-29 16:46:20,687 - DEBUG - < Date: Wed, 29 Mar 2023 07:46:16 GMT
2023-03-29 16:46:20,687 - DEBUG - < sec-websocket-protocol: ocpp1.6
2023-03-29 16:46:20,687 - DEBUG - < upgrade: websocket
2023-03-29 16:46:20,687 - DEBUG - < sec-websocket-accept: 52KjW85Ag2ewmLjnyUSt0zegVak=
2023-03-29 16:46:20,687 - DEBUG - < sec-websocket-extensions: permessage-deflate
2023-03-29 16:46:20,687 - DEBUG - < X-Cache: Miss from cloudfront
2023-03-29 16:46:20,687 - DEBUG - < Via: 1.1 8e619a006d3eebbe44543457c797a4f0.cloudfront.net (CloudFront)
2023-03-29 16:46:20,687 - DEBUG - < X-Amz-Cf-Pop: ICN57-P2
2023-03-29 16:46:20,688 - DEBUG - < X-Amz-Cf-Id: fiXHuUsxx5y0-up8Pbt4wuz6Nv07-3v5yusfe2mivY7_YVqwTYRbag==
2023-03-29 16:46:20,688 - DEBUG - = connection is OPEN
2023-03-29 16:46:20,737 - DEBUG - > TEXT '[2, "ccd41030-eb09-4c63-bb61-ed27b7ace91a", "Bo...ePointVendor": "EVAR"}]' [127 bytes]
2023-03-29 16:46:20,979 - DEBUG - < TEXT '[3, "ccd41030-eb09-4c63-bb61-ed27b7ace91a", {"s...17Z", "interval": 600}]' [123 bytes]
2023-03-29 16:46:21,032 - DEBUG - > TEXT '[2, "3bdc5dab-1df3-4894-a17e-3b45064db946", "Au...": "1031040000069641"}]' [87 bytes]
2023-03-29 16:46:21,258 - DEBUG - < TEXT '[3, "3bdc5dab-1df3-4894-a17e-3b45064db946", {"i..."status": "Accepted"}}]' [82 bytes]
2023-03-29 16:46:21,322 - DEBUG - > TEXT '[2, "bc6a9717-41a8-4088-a8b3-7b939e11fc8e", "St..."status": "Preparing"}]' [132 bytes]
2023-03-29 16:46:21,499 - DEBUG - < TEXT '[3, "bc6a9717-41a8-4088-a8b3-7b939e11fc8e", {}]' [47 bytes]
2023-03-29 16:46:21,547 - DEBUG - > TEXT '[2, "23a90c9c-9869-460a-8713-b68706839add", "St...2023-03-29T16:45:53Z"}]' [170 bytes]
2023-03-29 16:46:21,858 - DEBUG - < TEXT '[3, "23a90c9c-9869-460a-8713-b68706839add", {"t..."status": "Accepted"}}]' [110 bytes]
2023-03-29 16:46:21,928 - DEBUG - > TEXT '[2, "bbe85997-21f9-4bad-9726-c0be3f929324", "St... "status": "Charging"}]' [131 bytes]
2023-03-29 16:46:22,119 - DEBUG - < TEXT '[3, "bbe85997-21f9-4bad-9726-c0be3f929324", {}]' [47 bytes]
2023-03-29 16:46:22,185 - DEBUG - > TEXT '[2, "d9e89e97-4047-4583-b35d-30c608e51ea8", "Me...er", "unit": "Wh"}]}]}]' [259 bytes]
2023-03-29 16:46:22,398 - DEBUG - < TEXT '[3, "d9e89e97-4047-4583-b35d-30c608e51ea8", {}]' [47 bytes]
2023-03-29 16:46:22,488 - DEBUG - > TEXT '[2, "371522a4-db31-4a6c-9bb2-bd21d87a501e", "St...sactionId": 120533609}]' [149 bytes]
2023-03-29 16:46:22,784 - DEBUG - < TEXT '[3, "371522a4-db31-4a6c-9bb2-bd21d87a501e", {"i..."status": "Accepted"}}]' [82 bytes]
2023-03-29 16:46:22,871 - DEBUG - > TEXT '[2, "0dfdeedc-4d82-428d-863f-827b6eae0408", "St..."status": "Finishing"}]' [132 bytes]
2023-03-29 16:46:23,060 - DEBUG - < TEXT '[3, "0dfdeedc-4d82-428d-863f-827b6eae0408", {}]' [47 bytes]
2023-03-29 16:46:23,145 - DEBUG - > TEXT '[2, "58593d9b-088d-4e19-aa45-af520c48fcc4", "St..."status": "Available"}]' [132 bytes]
2023-03-29 16:46:23,318 - DEBUG - < TEXT '[3, "58593d9b-088d-4e19-aa45-af520c48fcc4", {}]' [47 bytes]
2023-03-29 16:46:23,356 - DEBUG - = connection is CLOSING
2023-03-29 16:46:23,356 - DEBUG - > CLOSE 1000 (OK) [2 bytes]
2023-03-29 16:46:23,365 - DEBUG - < CLOSE 1000 (OK) [2 bytes]
2023-03-29 16:46:23,374 - DEBUG - = connection is CLOSED
2023-03-29 16:48:23,790 - DEBUG - = connection is CONNECTING
2023-03-29 16:48:23,857 - DEBUG - > GET /ocpp16/ELA007C05/EVSCA050001 HTTP/1.1
2023-03-29 16:48:23,857 - DEBUG - > Host: ws.devevspcharger.uplus.co.kr
2023-03-29 16:48:23,858 - DEBUG - > Upgrade: websocket
2023-03-29 16:48:23,858 - DEBUG - > Connection: Upgrade
2023-03-29 16:48:23,858 - DEBUG - > Sec-WebSocket-Key: 9pVcwxgFsNDTmAyHeU4BhA==
2023-03-29 16:48:23,859 - DEBUG - > Sec-WebSocket-Version: 13
2023-03-29 16:48:23,859 - DEBUG - > Sec-WebSocket-Extensions: permessage-deflate; client_max_window_bits
2023-03-29 16:48:23,859 - DEBUG - > Sec-WebSocket-Protocol: ocpp1.6
2023-03-29 16:48:23,860 - DEBUG - > Authorization: Basic RVZBUjpFVkFSTEdV
2023-03-29 16:48:23,860 - DEBUG - > User-Agent: Python/3.11 websockets/10.4
2023-03-29 16:48:24,421 - DEBUG - < HTTP/1.1 101 Switching Protocols
2023-03-29 16:48:24,421 - DEBUG - < Connection: upgrade
2023-03-29 16:48:24,421 - DEBUG - < Date: Wed, 29 Mar 2023 07:48:20 GMT
2023-03-29 16:48:24,422 - DEBUG - < sec-websocket-protocol: ocpp1.6
2023-03-29 16:48:24,422 - DEBUG - < upgrade: websocket
2023-03-29 16:48:24,422 - DEBUG - < sec-websocket-accept: aTMbKPar+0FOZ8ZH8E5Qj739LLk=
2023-03-29 16:48:24,422 - DEBUG - < sec-websocket-extensions: permessage-deflate
2023-03-29 16:48:24,423 - DEBUG - < X-Cache: Miss from cloudfront
2023-03-29 16:48:24,423 - DEBUG - < Via: 1.1 ba725da875f43fb311efeb484e55ed1a.cloudfront.net (CloudFront)
2023-03-29 16:48:24,423 - DEBUG - < X-Amz-Cf-Pop: ICN57-P2
2023-03-29 16:48:24,423 - DEBUG - < X-Amz-Cf-Id: 8vQ9BZLcnpT5WKfKxCgPpxxrGRG0Kkx_gvXw_iNnAW9rie8DiGTFQA==
2023-03-29 16:48:24,424 - DEBUG - = connection is OPEN
2023-03-29 16:48:24,469 - DEBUG - > TEXT '[2, "e7eb61a8-65d1-4895-856b-6a627a178eff", "Bo...ePointVendor": "EVAR"}]' [127 bytes]
2023-03-29 16:48:24,794 - DEBUG - < TEXT '[3, "e7eb61a8-65d1-4895-856b-6a627a178eff", {"s...20Z", "interval": 600}]' [123 bytes]
2023-03-29 16:48:24,827 - DEBUG - > TEXT '[2, "e7eb61a8-65d1-4895-856b-6a627a178eff", "St..."status": "Available"}]' [132 bytes]
2023-03-29 16:48:25,042 - DEBUG - < TEXT '[3, "e7eb61a8-65d1-4895-856b-6a627a178eff", {}]' [47 bytes]
2023-03-29 16:48:25,069 - DEBUG - > TEXT '[2, "e7eb61a8-65d1-4895-856b-6a627a178eff", "Au...": "1031040000069641"}]' [87 bytes]
2023-03-29 16:48:25,380 - DEBUG - < TEXT '[3, "e7eb61a8-65d1-4895-856b-6a627a178eff", {"i..."status": "Accepted"}}]' [82 bytes]
2023-03-29 16:48:25,414 - DEBUG - = connection is CLOSING
2023-03-29 16:48:25,414 - DEBUG - > CLOSE 1000 (OK) [2 bytes]
2023-03-29 16:48:25,428 - DEBUG - < CLOSE 1000 (OK) [2 bytes]
2023-03-29 16:48:25,448 - DEBUG - = connection is CLOSED
2023-03-29 16:48:25,461 - DEBUG - = connection is CONNECTING
2023-03-29 16:48:25,518 - DEBUG - > GET /ocpp16/ELA007C05/EVSCA050001 HTTP/1.1
2023-03-29 16:48:25,518 - DEBUG - > Host: ws.devevspcharger.uplus.co.kr
2023-03-29 16:48:25,519 - DEBUG - > Upgrade: websocket
2023-03-29 16:48:25,519 - DEBUG - > Connection: Upgrade
2023-03-29 16:48:25,519 - DEBUG - > Sec-WebSocket-Key: TXB8v50uTswHOvyC6QzbHA==
2023-03-29 16:48:25,520 - DEBUG - > Sec-WebSocket-Version: 13
2023-03-29 16:48:25,520 - DEBUG - > Sec-WebSocket-Extensions: permessage-deflate; client_max_window_bits
2023-03-29 16:48:25,520 - DEBUG - > Sec-WebSocket-Protocol: ocpp1.6
2023-03-29 16:48:25,520 - DEBUG - > Authorization: Basic RVZBUjpFVkFSTEdV
2023-03-29 16:48:25,520 - DEBUG - > User-Agent: Python/3.11 websockets/10.4
2023-03-29 16:48:25,755 - DEBUG - < HTTP/1.1 101 Switching Protocols
2023-03-29 16:48:25,755 - DEBUG - < Connection: upgrade
2023-03-29 16:48:25,755 - DEBUG - < Date: Wed, 29 Mar 2023 07:48:21 GMT
2023-03-29 16:48:25,755 - DEBUG - < sec-websocket-protocol: ocpp1.6
2023-03-29 16:48:25,756 - DEBUG - < upgrade: websocket
2023-03-29 16:48:25,757 - DEBUG - < sec-websocket-accept: bsOQfcYOSo4QnA1nsHzFt2DJ4Ms=
2023-03-29 16:48:25,757 - DEBUG - < sec-websocket-extensions: permessage-deflate
2023-03-29 16:48:25,757 - DEBUG - < X-Cache: Miss from cloudfront
2023-03-29 16:48:25,757 - DEBUG - < Via: 1.1 98cc70c99d4e07b8cd37265dc48c5a54.cloudfront.net (CloudFront)
2023-03-29 16:48:25,757 - DEBUG - < X-Amz-Cf-Pop: ICN57-P2
2023-03-29 16:48:25,757 - DEBUG - < X-Amz-Cf-Id: WTliS1Am9rw0bH5lxu-R3UM68kj619z1mF0nicZEJmQK77rmLvcVhg==
2023-03-29 16:48:25,757 - DEBUG - = connection is OPEN
2023-03-29 16:48:25,776 - ERROR - Task exception was never retrieved
future: <Task finished name='Task-2' coro=<ChargerSim.startEvent() done, defined at D:\workspace\wss\main.py:131> exception=IndexError('tuple index out of range')>
Traceback (most recent call last):
  File "D:\workspace\wss\main.py", line 151, in startEvent
    await self.charger.runcase(self.TC_selected if len(self.TC_selected.keys())>0 else self.TC)
  File "D:\workspace\wss\Charger.py", line 315, in runcase
    self.lst_cases.selection_clear(self.lst_cases.curselection()[0])
                                   ~~~~~~~~~~~~~~~~~~~~~~~~~~~~~^^^
IndexError: tuple index out of range
2023-03-29 16:48:45,773 - DEBUG - % sending keepalive ping
2023-03-29 16:48:45,773 - DEBUG - > PING d8 b2 a6 50 [binary, 4 bytes]
2023-03-29 16:48:45,786 - DEBUG - < PONG d8 b2 a6 50 [binary, 4 bytes]
2023-03-29 16:48:45,791 - DEBUG - % received keepalive pong
2023-03-29 16:49:05,791 - DEBUG - % sending keepalive ping
2023-03-29 16:49:05,792 - DEBUG - > PING f5 57 43 54 [binary, 4 bytes]
2023-03-29 16:49:05,802 - DEBUG - < PONG f5 57 43 54 [binary, 4 bytes]
2023-03-29 16:49:05,812 - DEBUG - % received keepalive pong
2023-03-29 16:49:25,819 - DEBUG - % sending keepalive ping
2023-03-29 16:49:25,820 - DEBUG - > PING a1 e5 98 00 [binary, 4 bytes]
2023-03-29 16:49:25,828 - DEBUG - < PONG a1 e5 98 00 [binary, 4 bytes]
2023-03-29 16:49:25,837 - DEBUG - % received keepalive pong
2023-03-29 16:49:45,832 - DEBUG - % sending keepalive ping
2023-03-29 16:49:45,832 - DEBUG - > PING 6d 40 e5 da [binary, 4 bytes]
2023-03-29 16:49:45,844 - DEBUG - < PONG 6d 40 e5 da [binary, 4 bytes]
2023-03-29 16:49:45,854 - DEBUG - % received keepalive pong
2023-03-29 16:49:55,373 - DEBUG - = connection is CONNECTING
2023-03-29 16:49:55,414 - DEBUG - > GET /ocpp16/ELA007C05/EVSCA050001 HTTP/1.1
2023-03-29 16:49:55,414 - DEBUG - > Host: ws.devevspcharger.uplus.co.kr
2023-03-29 16:49:55,414 - DEBUG - > Upgrade: websocket
2023-03-29 16:49:55,414 - DEBUG - > Connection: Upgrade
2023-03-29 16:49:55,415 - DEBUG - > Sec-WebSocket-Key: rvJQCLbR/7gfcqRWKqZ5WA==
2023-03-29 16:49:55,415 - DEBUG - > Sec-WebSocket-Version: 13
2023-03-29 16:49:55,415 - DEBUG - > Sec-WebSocket-Extensions: permessage-deflate; client_max_window_bits
2023-03-29 16:49:55,415 - DEBUG - > Sec-WebSocket-Protocol: ocpp1.6
2023-03-29 16:49:55,415 - DEBUG - > Authorization: Basic RVZBUjpFVkFSTEdV
2023-03-29 16:49:55,415 - DEBUG - > User-Agent: Python/3.11 websockets/10.4
2023-03-29 16:49:55,936 - DEBUG - < HTTP/1.1 101 Switching Protocols
2023-03-29 16:49:55,937 - DEBUG - < Connection: upgrade
2023-03-29 16:49:55,937 - DEBUG - < Date: Wed, 29 Mar 2023 07:49:52 GMT
2023-03-29 16:49:55,937 - DEBUG - < sec-websocket-protocol: ocpp1.6
2023-03-29 16:49:55,937 - DEBUG - < upgrade: websocket
2023-03-29 16:49:55,937 - DEBUG - < sec-websocket-accept: 0OjB5qmIG8h44eoJBsdct45+bD8=
2023-03-29 16:49:55,938 - DEBUG - < sec-websocket-extensions: permessage-deflate
2023-03-29 16:49:55,938 - DEBUG - < X-Cache: Miss from cloudfront
2023-03-29 16:49:55,938 - DEBUG - < Via: 1.1 55a59d7976b41c233ff2e682cdd3901e.cloudfront.net (CloudFront)
2023-03-29 16:49:55,938 - DEBUG - < X-Amz-Cf-Pop: ICN57-P2
2023-03-29 16:49:55,938 - DEBUG - < X-Amz-Cf-Id: VNFYUfiwCaP8nahBqlyz2gTs-Q8H432Jx9KV8ZDhbXD0sF9OQSPohA==
2023-03-29 16:49:55,939 - DEBUG - = connection is OPEN
2023-03-29 16:49:55,982 - DEBUG - > TEXT '[2, "ae1566d7-1abd-4d60-abb8-e65cee6e8c9d", "Bo...ePointVendor": "EVAR"}]' [127 bytes]
2023-03-29 16:49:56,380 - DEBUG - < TEXT '[3, "ae1566d7-1abd-4d60-abb8-e65cee6e8c9d", {"s...52Z", "interval": 600}]' [123 bytes]
2023-03-29 16:49:56,408 - DEBUG - > TEXT '[2, "ae1566d7-1abd-4d60-abb8-e65cee6e8c9d", "St..."status": "Available"}]' [132 bytes]
2023-03-29 16:49:56,581 - DEBUG - < TEXT '[3, "ae1566d7-1abd-4d60-abb8-e65cee6e8c9d", {}]' [47 bytes]
2023-03-29 16:49:56,626 - DEBUG - > TEXT '[2, "ae1566d7-1abd-4d60-abb8-e65cee6e8c9d", "Au...": "1031040000069641"}]' [87 bytes]
2023-03-29 16:49:56,840 - DEBUG - < TEXT '[3, "ae1566d7-1abd-4d60-abb8-e65cee6e8c9d", {"i..."status": "Accepted"}}]' [82 bytes]
2023-03-29 16:49:56,861 - DEBUG - = connection is CLOSING
2023-03-29 16:49:56,862 - DEBUG - > CLOSE 1000 (OK) [2 bytes]
2023-03-29 16:49:56,871 - DEBUG - < CLOSE 1000 (OK) [2 bytes]
2023-03-29 16:49:56,877 - DEBUG - = connection is CLOSED
2023-03-29 16:49:56,890 - DEBUG - = connection is CONNECTING
2023-03-29 16:49:56,931 - DEBUG - > GET /ocpp16/ELA007C05/EVSCA050001 HTTP/1.1
2023-03-29 16:49:56,931 - DEBUG - > Host: ws.devevspcharger.uplus.co.kr
2023-03-29 16:49:56,932 - DEBUG - > Upgrade: websocket
2023-03-29 16:49:56,932 - DEBUG - > Connection: Upgrade
2023-03-29 16:49:56,932 - DEBUG - > Sec-WebSocket-Key: NizL575Mpz5mvr/NMA+Miw==
2023-03-29 16:49:56,932 - DEBUG - > Sec-WebSocket-Version: 13
2023-03-29 16:49:56,932 - DEBUG - > Sec-WebSocket-Extensions: permessage-deflate; client_max_window_bits
2023-03-29 16:49:56,932 - DEBUG - > Sec-WebSocket-Protocol: ocpp1.6
2023-03-29 16:49:56,932 - DEBUG - > Authorization: Basic RVZBUjpFVkFSTEdV
2023-03-29 16:49:56,932 - DEBUG - > User-Agent: Python/3.11 websockets/10.4
2023-03-29 16:49:57,184 - DEBUG - < HTTP/1.1 101 Switching Protocols
2023-03-29 16:49:57,184 - DEBUG - < Connection: upgrade
2023-03-29 16:49:57,184 - DEBUG - < Date: Wed, 29 Mar 2023 07:49:53 GMT
2023-03-29 16:49:57,184 - DEBUG - < sec-websocket-protocol: ocpp1.6
2023-03-29 16:49:57,185 - DEBUG - < upgrade: websocket
2023-03-29 16:49:57,185 - DEBUG - < sec-websocket-accept: sHj3rTDAW3fmvHpcovWCVagMmfI=
2023-03-29 16:49:57,185 - DEBUG - < sec-websocket-extensions: permessage-deflate
2023-03-29 16:49:57,185 - DEBUG - < X-Cache: Miss from cloudfront
2023-03-29 16:49:57,185 - DEBUG - < Via: 1.1 addf940186af6aa7dc864a17e45130c6.cloudfront.net (CloudFront)
2023-03-29 16:49:57,186 - DEBUG - < X-Amz-Cf-Pop: ICN57-P2
2023-03-29 16:49:57,186 - DEBUG - < X-Amz-Cf-Id: 2Xvau2thO1NShBOmwv_FDXZ5YROO7JvqPghYTq2ofWVbkbDK-6qVdg==
2023-03-29 16:49:57,186 - DEBUG - = connection is OPEN
2023-03-29 16:49:57,200 - ERROR - Task exception was never retrieved
future: <Task finished name='Task-2' coro=<ChargerSim.startEvent() done, defined at D:\workspace\wss\main.py:131> exception=IndexError('tuple index out of range')>
Traceback (most recent call last):
  File "D:\workspace\wss\main.py", line 151, in startEvent
    await self.charger.runcase(self.TC_selected if len(self.TC_selected.keys())>0 else self.TC)
  File "D:\workspace\wss\Charger.py", line 315, in runcase
    self.lst_cases.selection_clear(0,self.lst_cases.curselection()[0])
                                     ~~~~~~~~~~~~~~~~~~~~~~~~~~~~~^^^
IndexError: tuple index out of range
2023-03-29 16:50:17,192 - DEBUG - % sending keepalive ping
2023-03-29 16:50:17,193 - DEBUG - > PING 20 f7 de bc [binary, 4 bytes]
2023-03-29 16:50:17,202 - DEBUG - < PONG 20 f7 de bc [binary, 4 bytes]
2023-03-29 16:50:17,210 - DEBUG - % received keepalive pong
2023-03-29 16:50:37,187 - DEBUG - % sending keepalive ping
2023-03-29 16:50:37,188 - DEBUG - > PING 3f 9a c5 cc [binary, 4 bytes]
2023-03-29 16:50:37,197 - DEBUG - < PONG 3f 9a c5 cc [binary, 4 bytes]
2023-03-29 16:50:37,210 - DEBUG - % received keepalive pong
2023-03-29 16:50:57,189 - DEBUG - % sending keepalive ping
2023-03-29 16:50:57,190 - DEBUG - > PING 40 67 dc e0 [binary, 4 bytes]
2023-03-29 16:50:57,206 - DEBUG - < PONG 40 67 dc e0 [binary, 4 bytes]
2023-03-29 16:50:57,211 - DEBUG - % received keepalive pong
2023-03-29 16:51:16,096 - DEBUG - = connection is CONNECTING
2023-03-29 16:51:16,143 - DEBUG - > GET /ocpp16/ELA007C05/EVSCA050001 HTTP/1.1
2023-03-29 16:51:16,143 - DEBUG - > Host: ws.devevspcharger.uplus.co.kr
2023-03-29 16:51:16,143 - DEBUG - > Upgrade: websocket
2023-03-29 16:51:16,144 - DEBUG - > Connection: Upgrade
2023-03-29 16:51:16,144 - DEBUG - > Sec-WebSocket-Key: ObJ2PwOhL3IZL7144tg33w==
2023-03-29 16:51:16,144 - DEBUG - > Sec-WebSocket-Version: 13
2023-03-29 16:51:16,144 - DEBUG - > Sec-WebSocket-Extensions: permessage-deflate; client_max_window_bits
2023-03-29 16:51:16,144 - DEBUG - > Sec-WebSocket-Protocol: ocpp1.6
2023-03-29 16:51:16,144 - DEBUG - > Authorization: Basic RVZBUjpFVkFSTEdV
2023-03-29 16:51:16,144 - DEBUG - > User-Agent: Python/3.11 websockets/10.4
2023-03-29 16:51:16,700 - DEBUG - < HTTP/1.1 101 Switching Protocols
2023-03-29 16:51:16,701 - DEBUG - < Connection: upgrade
2023-03-29 16:51:16,701 - DEBUG - < Date: Wed, 29 Mar 2023 07:51:12 GMT
2023-03-29 16:51:16,701 - DEBUG - < sec-websocket-protocol: ocpp1.6
2023-03-29 16:51:16,701 - DEBUG - < upgrade: websocket
2023-03-29 16:51:16,701 - DEBUG - < sec-websocket-accept: pM2+7Dd5YBrcHaVYGoCRTXYzwuk=
2023-03-29 16:51:16,701 - DEBUG - < sec-websocket-extensions: permessage-deflate
2023-03-29 16:51:16,701 - DEBUG - < X-Cache: Miss from cloudfront
2023-03-29 16:51:16,701 - DEBUG - < Via: 1.1 1c2dddf38b53f960ce106f4047c232e4.cloudfront.net (CloudFront)
2023-03-29 16:51:16,701 - DEBUG - < X-Amz-Cf-Pop: ICN57-P2
2023-03-29 16:51:16,702 - DEBUG - < X-Amz-Cf-Id: ZztNpXlHD5P5Nl4L_fUxo99WJJzWh6iDK_ZJhXrnG75PgBBPDbKOTw==
2023-03-29 16:51:16,702 - DEBUG - = connection is OPEN
2023-03-29 16:51:16,737 - DEBUG - > TEXT '[2, "82bb555d-ef19-496b-b061-6c41aa8c0951", "Bo...ePointVendor": "EVAR"}]' [127 bytes]
2023-03-29 16:51:17,169 - DEBUG - < TEXT '[3, "82bb555d-ef19-496b-b061-6c41aa8c0951", {"s...13Z", "interval": 600}]' [123 bytes]
2023-03-29 16:51:17,201 - DEBUG - > TEXT '[2, "82bb555d-ef19-496b-b061-6c41aa8c0951", "St..."status": "Available"}]' [132 bytes]
2023-03-29 16:51:17,399 - DEBUG - < TEXT '[3, "82bb555d-ef19-496b-b061-6c41aa8c0951", {}]' [47 bytes]
2023-03-29 16:51:17,439 - DEBUG - > TEXT '[2, "82bb555d-ef19-496b-b061-6c41aa8c0951", "Au...": "1031040000069641"}]' [87 bytes]
2023-03-29 16:51:17,792 - DEBUG - < TEXT '[3, "82bb555d-ef19-496b-b061-6c41aa8c0951", {"i..."status": "Accepted"}}]' [82 bytes]
2023-03-29 16:51:17,816 - DEBUG - = connection is CLOSING
2023-03-29 16:51:17,816 - DEBUG - > CLOSE 1000 (OK) [2 bytes]
2023-03-29 16:51:17,826 - DEBUG - < CLOSE 1000 (OK) [2 bytes]
2023-03-29 16:51:17,837 - DEBUG - = connection is CLOSED
2023-03-29 16:51:17,850 - DEBUG - = connection is CONNECTING
2023-03-29 16:51:17,891 - DEBUG - > GET /ocpp16/ELA007C05/EVSCA050001 HTTP/1.1
2023-03-29 16:51:17,891 - DEBUG - > Host: ws.devevspcharger.uplus.co.kr
2023-03-29 16:51:17,891 - DEBUG - > Upgrade: websocket
2023-03-29 16:51:17,891 - DEBUG - > Connection: Upgrade
2023-03-29 16:51:17,891 - DEBUG - > Sec-WebSocket-Key: m8A4vUIxHVetnQImjDlziQ==
2023-03-29 16:51:17,891 - DEBUG - > Sec-WebSocket-Version: 13
2023-03-29 16:51:17,891 - DEBUG - > Sec-WebSocket-Extensions: permessage-deflate; client_max_window_bits
2023-03-29 16:51:17,892 - DEBUG - > Sec-WebSocket-Protocol: ocpp1.6
2023-03-29 16:51:17,892 - DEBUG - > Authorization: Basic RVZBUjpFVkFSTEdV
2023-03-29 16:51:17,892 - DEBUG - > User-Agent: Python/3.11 websockets/10.4
2023-03-29 16:51:18,138 - DEBUG - < HTTP/1.1 101 Switching Protocols
2023-03-29 16:51:18,138 - DEBUG - < Connection: upgrade
2023-03-29 16:51:18,138 - DEBUG - < Date: Wed, 29 Mar 2023 07:51:14 GMT
2023-03-29 16:51:18,138 - DEBUG - < sec-websocket-protocol: ocpp1.6
2023-03-29 16:51:18,138 - DEBUG - < upgrade: websocket
2023-03-29 16:51:18,139 - DEBUG - < sec-websocket-accept: cmhzZUygZBKAuk98f0J0PJU260w=
2023-03-29 16:51:18,139 - DEBUG - < sec-websocket-extensions: permessage-deflate
2023-03-29 16:51:18,139 - DEBUG - < X-Cache: Miss from cloudfront
2023-03-29 16:51:18,139 - DEBUG - < Via: 1.1 5a0f884e3a21756e824f803c83d7f3d0.cloudfront.net (CloudFront)
2023-03-29 16:51:18,139 - DEBUG - < X-Amz-Cf-Pop: ICN57-P2
2023-03-29 16:51:18,140 - DEBUG - < X-Amz-Cf-Id: iKUMzalVcsX01TTO2rAXQIPNpHWhdRFAS_sqM7WMbiP__TTHs9hPPA==
2023-03-29 16:51:18,140 - DEBUG - = connection is OPEN
2023-03-29 16:51:18,189 - DEBUG - > TEXT '[2, "0e618568-6101-4339-89cd-d2e14ddb32c8", "Bo...ePointVendor": "EVAR"}]' [127 bytes]
2023-03-29 16:51:18,441 - DEBUG - < TEXT '[3, "0e618568-6101-4339-89cd-d2e14ddb32c8", {"s...14Z", "interval": 600}]' [123 bytes]
2023-03-29 16:51:18,498 - DEBUG - > TEXT '[2, "94c1a19f-d92d-4eff-aa48-1e3227a11e3f", "St..."status": "Available"}]' [132 bytes]
2023-03-29 16:51:18,683 - DEBUG - < TEXT '[3, "94c1a19f-d92d-4eff-aa48-1e3227a11e3f", {}]' [47 bytes]
2023-03-29 16:51:18,741 - DEBUG - > TEXT '[2, "2eef7537-a6de-4244-a182-52244ee9eee3", "Au...": "1031040000069641"}]' [87 bytes]
2023-03-29 16:51:19,002 - DEBUG - < TEXT '[3, "2eef7537-a6de-4244-a182-52244ee9eee3", {"i..."status": "Accepted"}}]' [82 bytes]
2023-03-29 16:51:19,052 - DEBUG - > TEXT '[2, "198dcb58-a876-4449-a5b0-8052b7cf94a6", "St...2023-03-29T16:51:15Z"}]' [170 bytes]
2023-03-29 16:51:19,400 - DEBUG - < TEXT '[3, "198dcb58-a876-4449-a5b0-8052b7cf94a6", {"t..."status": "Accepted"}}]' [110 bytes]
2023-03-29 16:51:19,458 - DEBUG - > TEXT '[2, "e153ae14-d1d1-4531-969e-be631070edc1", "St... "status": "Charging"}]' [131 bytes]
2023-03-29 16:51:19,696 - DEBUG - < TEXT '[3, "e153ae14-d1d1-4531-969e-be631070edc1", {}]' [47 bytes]
2023-03-29 16:51:19,754 - DEBUG - > TEXT '[2, "1073f160-807c-44a4-ad0d-f7decb208aed", "Me...er", "unit": "Wh"}]}]}]' [259 bytes]
2023-03-29 16:51:19,964 - DEBUG - < TEXT '[3, "1073f160-807c-44a4-ad0d-f7decb208aed", {}]' [47 bytes]
2023-03-29 16:51:20,028 - DEBUG - > TEXT '[2, "aa63b4a8-f6a2-4bac-a8c7-d7807ed97072", "St...sactionId": 120533617}]' [149 bytes]
2023-03-29 16:51:20,301 - DEBUG - < TEXT '[3, "aa63b4a8-f6a2-4bac-a8c7-d7807ed97072", {"i..."status": "Accepted"}}]' [82 bytes]
2023-03-29 16:51:20,379 - DEBUG - > TEXT '[2, "db3de9d2-bd6d-4727-8ba1-8b67287e93c0", "St..."status": "Finishing"}]' [132 bytes]
2023-03-29 16:51:20,573 - DEBUG - < TEXT '[3, "db3de9d2-bd6d-4727-8ba1-8b67287e93c0", {}]' [47 bytes]
2023-03-29 16:51:20,643 - DEBUG - > TEXT '[2, "4180dc64-7b09-421b-aab7-6915ac9993ea", "St..."status": "Available"}]' [132 bytes]
2023-03-29 16:51:20,829 - DEBUG - < TEXT '[3, "4180dc64-7b09-421b-aab7-6915ac9993ea", {}]' [47 bytes]
2023-03-29 16:51:20,863 - DEBUG - = connection is CLOSING
2023-03-29 16:51:20,863 - DEBUG - > CLOSE 1000 (OK) [2 bytes]
2023-03-29 16:51:20,877 - DEBUG - < CLOSE 1000 (OK) [2 bytes]
2023-03-29 16:51:20,887 - DEBUG - = connection is CLOSED
2023-03-29 16:51:20,899 - DEBUG - = connection is CONNECTING
2023-03-29 16:51:20,935 - DEBUG - > GET /ocpp16/ELA007C05/EVSCA050001 HTTP/1.1
2023-03-29 16:51:20,936 - DEBUG - > Host: ws.devevspcharger.uplus.co.kr
2023-03-29 16:51:20,936 - DEBUG - > Upgrade: websocket
2023-03-29 16:51:20,936 - DEBUG - > Connection: Upgrade
2023-03-29 16:51:20,936 - DEBUG - > Sec-WebSocket-Key: ObxIrc35hFkEwljOrJgDMg==
2023-03-29 16:51:20,936 - DEBUG - > Sec-WebSocket-Version: 13
2023-03-29 16:51:20,936 - DEBUG - > Sec-WebSocket-Extensions: permessage-deflate; client_max_window_bits
2023-03-29 16:51:20,936 - DEBUG - > Sec-WebSocket-Protocol: ocpp1.6
2023-03-29 16:51:20,937 - DEBUG - > Authorization: Basic RVZBUjpFVkFSTEdV
2023-03-29 16:51:20,937 - DEBUG - > User-Agent: Python/3.11 websockets/10.4
2023-03-29 16:51:21,198 - DEBUG - < HTTP/1.1 101 Switching Protocols
2023-03-29 16:51:21,199 - DEBUG - < Connection: upgrade
2023-03-29 16:51:21,199 - DEBUG - < Date: Wed, 29 Mar 2023 07:51:17 GMT
2023-03-29 16:51:21,199 - DEBUG - < sec-websocket-protocol: ocpp1.6
2023-03-29 16:51:21,199 - DEBUG - < upgrade: websocket
2023-03-29 16:51:21,199 - DEBUG - < sec-websocket-accept: FfzSu3e3Mk//EQcjpnwZa8B60r0=
2023-03-29 16:51:21,199 - DEBUG - < sec-websocket-extensions: permessage-deflate
2023-03-29 16:51:21,199 - DEBUG - < X-Cache: Miss from cloudfront
2023-03-29 16:51:21,200 - DEBUG - < Via: 1.1 c6ed8cd25e4ec3b0d1a9c72155758a62.cloudfront.net (CloudFront)
2023-03-29 16:51:21,200 - DEBUG - < X-Amz-Cf-Pop: ICN57-P2
2023-03-29 16:51:21,200 - DEBUG - < X-Amz-Cf-Id: E6-aDjXXvwn5v-y4267NeAPFxijsU7LgaB8SFMwZPcwYutY0g16sDQ==
2023-03-29 16:51:21,200 - DEBUG - = connection is OPEN
2023-03-29 16:51:21,260 - DEBUG - > TEXT '[2, "41f42265-88a0-4e88-96c3-5f791107e443", "Bo...ePointVendor": "EVAR"}]' [127 bytes]
2023-03-29 16:51:21,502 - DEBUG - < TEXT '[3, "41f42265-88a0-4e88-96c3-5f791107e443", {"s...17Z", "interval": 600}]' [123 bytes]
2023-03-29 16:51:21,558 - DEBUG - > TEXT '[2, "64c194ce-925d-4960-92b0-d51c566073d6", "Au...": "1031040000069641"}]' [87 bytes]
2023-03-29 16:51:21,783 - DEBUG - < TEXT '[3, "64c194ce-925d-4960-92b0-d51c566073d6", {"i..."status": "Accepted"}}]' [82 bytes]
2023-03-29 16:51:21,847 - DEBUG - > TEXT '[2, "0a49d1d5-1bbd-4c2a-a51e-1822ec55fc36", "St..."status": "Preparing"}]' [132 bytes]
2023-03-29 16:51:22,100 - DEBUG - < TEXT '[3, "0a49d1d5-1bbd-4c2a-a51e-1822ec55fc36", {}]' [47 bytes]
2023-03-29 16:51:22,158 - DEBUG - > TEXT '[2, "8f8753e8-9b42-4020-9ade-844e7da9b368", "St...2023-03-29T16:51:15Z"}]' [170 bytes]
2023-03-29 16:51:22,462 - DEBUG - < TEXT '[3, "8f8753e8-9b42-4020-9ade-844e7da9b368", {"t..."status": "Accepted"}}]' [110 bytes]
2023-03-29 16:51:22,540 - DEBUG - > TEXT '[2, "2ca8bd4f-8e03-4b70-9427-d942c77b54d6", "St... "status": "Charging"}]' [131 bytes]
2023-03-29 16:51:22,744 - DEBUG - < TEXT '[3, "2ca8bd4f-8e03-4b70-9427-d942c77b54d6", {}]' [47 bytes]
2023-03-29 16:51:22,805 - DEBUG - > TEXT '[2, "8d390ba9-962e-4252-9558-25252e5ff0ce", "Me...er", "unit": "Wh"}]}]}]' [259 bytes]
2023-03-29 16:51:23,007 - DEBUG - < TEXT '[3, "8d390ba9-962e-4252-9558-25252e5ff0ce", {}]' [47 bytes]
2023-03-29 16:51:23,081 - DEBUG - > TEXT '[2, "b40f6ef3-f60f-4970-98b5-28a5bf20e3d1", "St...sactionId": 120533618}]' [149 bytes]
2023-03-29 16:51:23,362 - DEBUG - < TEXT '[3, "b40f6ef3-f60f-4970-98b5-28a5bf20e3d1", {"i..."status": "Accepted"}}]' [82 bytes]
2023-03-29 16:51:23,441 - DEBUG - > TEXT '[2, "1226afee-b0f0-4145-aa54-0d237ab371c7", "St..."status": "Finishing"}]' [132 bytes]
2023-03-29 16:51:23,622 - DEBUG - < TEXT '[3, "1226afee-b0f0-4145-aa54-0d237ab371c7", {}]' [47 bytes]
2023-03-29 16:51:23,708 - DEBUG - > TEXT '[2, "bdc5e86f-eb98-4ef5-9af1-a1844866034e", "St..."status": "Available"}]' [132 bytes]
2023-03-29 16:51:23,884 - DEBUG - < TEXT '[3, "bdc5e86f-eb98-4ef5-9af1-a1844866034e", {}]' [47 bytes]
2023-03-29 16:51:23,932 - DEBUG - = connection is CLOSING
2023-03-29 16:51:23,933 - DEBUG - > CLOSE 1000 (OK) [2 bytes]
2023-03-29 16:51:23,939 - DEBUG - < CLOSE 1000 (OK) [2 bytes]
2023-03-29 16:51:23,948 - DEBUG - = connection is CLOSED
2023-03-29 16:51:28,880 - DEBUG - = connection is CONNECTING
2023-03-29 16:51:28,913 - DEBUG - > GET /ocpp16/ELA007C05/EVSCA050001 HTTP/1.1
2023-03-29 16:51:28,913 - DEBUG - > Host: ws.devevspcharger.uplus.co.kr
2023-03-29 16:51:28,913 - DEBUG - > Upgrade: websocket
2023-03-29 16:51:28,914 - DEBUG - > Connection: Upgrade
2023-03-29 16:51:28,914 - DEBUG - > Sec-WebSocket-Key: GPN2WOXiu1/K5dUsY8smSg==
2023-03-29 16:51:28,914 - DEBUG - > Sec-WebSocket-Version: 13
2023-03-29 16:51:28,914 - DEBUG - > Sec-WebSocket-Extensions: permessage-deflate; client_max_window_bits
2023-03-29 16:51:28,914 - DEBUG - > Sec-WebSocket-Protocol: ocpp1.6
2023-03-29 16:51:28,914 - DEBUG - > Authorization: Basic RVZBUjpFVkFSTEdV
2023-03-29 16:51:28,914 - DEBUG - > User-Agent: Python/3.11 websockets/10.4
2023-03-29 16:51:29,118 - DEBUG - < HTTP/1.1 101 Switching Protocols
2023-03-29 16:51:29,118 - DEBUG - < Connection: upgrade
2023-03-29 16:51:29,119 - DEBUG - < Date: Wed, 29 Mar 2023 07:51:25 GMT
2023-03-29 16:51:29,119 - DEBUG - < sec-websocket-protocol: ocpp1.6
2023-03-29 16:51:29,119 - DEBUG - < upgrade: websocket
2023-03-29 16:51:29,119 - DEBUG - < sec-websocket-accept: 5mUBcNDlu/BBDJZP59aIeBOw6cI=
2023-03-29 16:51:29,119 - DEBUG - < sec-websocket-extensions: permessage-deflate
2023-03-29 16:51:29,119 - DEBUG - < X-Cache: Miss from cloudfront
2023-03-29 16:51:29,120 - DEBUG - < Via: 1.1 516246c62af452cb1f8d77c8f3af9faa.cloudfront.net (CloudFront)
2023-03-29 16:51:29,120 - DEBUG - < X-Amz-Cf-Pop: ICN57-P2
2023-03-29 16:51:29,120 - DEBUG - < X-Amz-Cf-Id: ucpGHtUJOkKnSryI7ayLTA6JCa4Ns2iOJbNxMyw9y_s5hT9Wy58aHQ==
2023-03-29 16:51:29,120 - DEBUG - = connection is OPEN
2023-03-29 16:51:29,146 - DEBUG - > TEXT '[2, "e2519611-b32c-4965-a4c4-b8189724c8a3", "Bo...ePointVendor": "EVAR"}]' [127 bytes]
2023-03-29 16:51:29,385 - DEBUG - < TEXT '[3, "e2519611-b32c-4965-a4c4-b8189724c8a3", {"s...25Z", "interval": 600}]' [123 bytes]
2023-03-29 16:51:29,442 - DEBUG - > TEXT '[2, "fb451930-5668-4244-bb90-f0654f99f72d", "St..."status": "Available"}]' [132 bytes]
2023-03-29 16:51:29,644 - DEBUG - < TEXT '[3, "fb451930-5668-4244-bb90-f0654f99f72d", {}]' [47 bytes]
2023-03-29 16:51:29,691 - DEBUG - > TEXT '[2, "3d5d6999-ee32-4208-b932-0228a7cc6c5a", "Au...": "1031040000069641"}]' [87 bytes]
2023-03-29 16:51:29,925 - DEBUG - < TEXT '[3, "3d5d6999-ee32-4208-b932-0228a7cc6c5a", {"i..."status": "Accepted"}}]' [82 bytes]
2023-03-29 16:51:29,962 - DEBUG - > TEXT '[2, "84cf3d27-7bf3-4f66-9998-39a612223e9e", "St...2023-03-29T16:51:15Z"}]' [170 bytes]
2023-03-29 16:51:30,296 - DEBUG - < TEXT '[3, "84cf3d27-7bf3-4f66-9998-39a612223e9e", {"t..."status": "Accepted"}}]' [110 bytes]
2023-03-29 16:51:30,352 - DEBUG - > TEXT '[2, "9085b54b-0d6a-4cf6-a2f5-5731a2825067", "St... "status": "Charging"}]' [131 bytes]
2023-03-29 16:51:30,600 - DEBUG - < TEXT '[3, "9085b54b-0d6a-4cf6-a2f5-5731a2825067", {}]' [47 bytes]
2023-03-29 16:51:30,654 - DEBUG - > TEXT '[2, "2e011282-895c-4aad-8c4a-5145a4c95879", "Me...er", "unit": "Wh"}]}]}]' [259 bytes]
2023-03-29 16:51:30,883 - DEBUG - < TEXT '[3, "2e011282-895c-4aad-8c4a-5145a4c95879", {}]' [47 bytes]
2023-03-29 16:51:30,938 - DEBUG - > TEXT '[2, "4c9a6062-13b6-4439-a757-d4e4802c3e09", "St...sactionId": 120533617}]' [149 bytes]
2023-03-29 16:51:31,202 - DEBUG - < TEXT '[3, "4c9a6062-13b6-4439-a757-d4e4802c3e09", {"i..."status": "Accepted"}}]' [82 bytes]
2023-03-29 16:51:31,289 - DEBUG - > TEXT '[2, "168d581e-5851-4a2d-a9a7-4be4cd3b2bca", "St..."status": "Finishing"}]' [132 bytes]
2023-03-29 16:51:31,500 - DEBUG - < TEXT '[3, "168d581e-5851-4a2d-a9a7-4be4cd3b2bca", {}]' [47 bytes]
2023-03-29 16:51:31,562 - DEBUG - > TEXT '[2, "e85153c4-3c8d-4dc2-a457-d3f9e6c5e79b", "St..."status": "Available"}]' [132 bytes]
2023-03-29 16:51:31,742 - DEBUG - < TEXT '[3, "e85153c4-3c8d-4dc2-a457-d3f9e6c5e79b", {}]' [47 bytes]
2023-03-29 16:51:31,774 - DEBUG - = connection is CLOSING
2023-03-29 16:51:31,774 - DEBUG - > CLOSE 1000 (OK) [2 bytes]
2023-03-29 16:51:31,783 - DEBUG - < CLOSE 1000 (OK) [2 bytes]
2023-03-29 16:51:31,789 - DEBUG - = connection is CLOSED
2023-03-29 16:51:31,808 - DEBUG - = connection is CONNECTING
2023-03-29 16:51:31,846 - DEBUG - > GET /ocpp16/ELA007C05/EVSCA050001 HTTP/1.1
2023-03-29 16:51:31,846 - DEBUG - > Host: ws.devevspcharger.uplus.co.kr
2023-03-29 16:51:31,847 - DEBUG - > Upgrade: websocket
2023-03-29 16:51:31,847 - DEBUG - > Connection: Upgrade
2023-03-29 16:51:31,847 - DEBUG - > Sec-WebSocket-Key: Q5UkXCaC1YpNmzBIy0tdTw==
2023-03-29 16:51:31,847 - DEBUG - > Sec-WebSocket-Version: 13
2023-03-29 16:51:31,847 - DEBUG - > Sec-WebSocket-Extensions: permessage-deflate; client_max_window_bits
2023-03-29 16:51:31,847 - DEBUG - > Sec-WebSocket-Protocol: ocpp1.6
2023-03-29 16:51:31,847 - DEBUG - > Authorization: Basic RVZBUjpFVkFSTEdV
2023-03-29 16:51:31,848 - DEBUG - > User-Agent: Python/3.11 websockets/10.4
2023-03-29 16:51:32,082 - DEBUG - < HTTP/1.1 101 Switching Protocols
2023-03-29 16:51:32,082 - DEBUG - < Connection: upgrade
2023-03-29 16:51:32,082 - DEBUG - < Date: Wed, 29 Mar 2023 07:51:28 GMT
2023-03-29 16:51:32,082 - DEBUG - < sec-websocket-protocol: ocpp1.6
2023-03-29 16:51:32,082 - DEBUG - < upgrade: websocket
2023-03-29 16:51:32,082 - DEBUG - < sec-websocket-accept: hp6EfKlK3Dy4M/UjEFdcAdrd6IA=
2023-03-29 16:51:32,082 - DEBUG - < sec-websocket-extensions: permessage-deflate
2023-03-29 16:51:32,083 - DEBUG - < X-Cache: Miss from cloudfront
2023-03-29 16:51:32,083 - DEBUG - < Via: 1.1 1c2dddf38b53f960ce106f4047c232e4.cloudfront.net (CloudFront)
2023-03-29 16:51:32,083 - DEBUG - < X-Amz-Cf-Pop: ICN57-P2
2023-03-29 16:51:32,083 - DEBUG - < X-Amz-Cf-Id: 2MJl5Lhe9BA7y8MLrsTat819R9re2UoYRNgOMqNYPPfXxXcYOWob3g==
2023-03-29 16:51:32,083 - DEBUG - = connection is OPEN
2023-03-29 16:51:32,132 - DEBUG - > TEXT '[2, "fe2fa567-0840-43ce-a82a-5705c374ec8c", "Bo...ePointVendor": "EVAR"}]' [127 bytes]
2023-03-29 16:51:32,403 - DEBUG - < TEXT '[3, "fe2fa567-0840-43ce-a82a-5705c374ec8c", {"s...28Z", "interval": 600}]' [123 bytes]
2023-03-29 16:51:32,460 - DEBUG - > TEXT '[2, "c433cc34-f12b-4aa8-a92d-d1c5a0bf98d8", "Au...": "1031040000069641"}]' [87 bytes]
2023-03-29 16:51:32,722 - DEBUG - < TEXT '[3, "c433cc34-f12b-4aa8-a92d-d1c5a0bf98d8", {"i..."status": "Accepted"}}]' [82 bytes]
2023-03-29 16:51:32,774 - DEBUG - > TEXT '[2, "33a82fbc-763e-4ed7-bbbe-af8e2371c207", "St..."status": "Preparing"}]' [132 bytes]
2023-03-29 16:51:32,963 - DEBUG - < TEXT '[3, "33a82fbc-763e-4ed7-bbbe-af8e2371c207", {}]' [47 bytes]
2023-03-29 16:51:33,009 - DEBUG - > TEXT '[2, "556980e0-dac3-458c-be65-d04267ba69e5", "St...2023-03-29T16:51:15Z"}]' [170 bytes]
2023-03-29 16:51:33,322 - DEBUG - < TEXT '[3, "556980e0-dac3-458c-be65-d04267ba69e5", {"t..."status": "Accepted"}}]' [110 bytes]
2023-03-29 16:51:33,373 - DEBUG - > TEXT '[2, "a6af4056-4a94-461c-b538-fd4bdfb22cc7", "St... "status": "Charging"}]' [131 bytes]
2023-03-29 16:51:33,608 - DEBUG - < TEXT '[3, "a6af4056-4a94-461c-b538-fd4bdfb22cc7", {}]' [47 bytes]
2023-03-29 16:51:33,665 - DEBUG - > TEXT '[2, "5d313d47-2448-43ea-9d6d-6f4917731947", "Me...er", "unit": "Wh"}]}]}]' [259 bytes]
2023-03-29 16:51:33,999 - DEBUG - < TEXT '[3, "5d313d47-2448-43ea-9d6d-6f4917731947", {}]' [47 bytes]
2023-03-29 16:51:34,062 - DEBUG - > TEXT '[2, "836abd87-8e56-462d-a25b-4d95cc2f3d08", "St...sactionId": 120533618}]' [149 bytes]
2023-03-29 16:51:34,402 - DEBUG - < TEXT '[3, "836abd87-8e56-462d-a25b-4d95cc2f3d08", {"i..."status": "Accepted"}}]' [82 bytes]
2023-03-29 16:51:34,466 - DEBUG - > TEXT '[2, "332a79fd-d6a7-41ef-80da-1d7b4783f039", "St..."status": "Finishing"}]' [132 bytes]
2023-03-29 16:51:34,643 - DEBUG - < TEXT '[3, "332a79fd-d6a7-41ef-80da-1d7b4783f039", {}]' [47 bytes]
2023-03-29 16:51:34,708 - DEBUG - > TEXT '[2, "542c1e04-05ee-4d57-a07c-b6db1bd626b6", "St..."status": "Available"}]' [132 bytes]
2023-03-29 16:51:34,995 - DEBUG - < TEXT '[3, "542c1e04-05ee-4d57-a07c-b6db1bd626b6", {}]' [47 bytes]
2023-03-29 16:51:35,026 - DEBUG - = connection is CLOSING
2023-03-29 16:51:35,026 - DEBUG - > CLOSE 1000 (OK) [2 bytes]
2023-03-29 16:51:35,036 - DEBUG - < CLOSE 1000 (OK) [2 bytes]
2023-03-29 16:51:35,042 - DEBUG - = connection is CLOSED
2023-03-29 16:51:35,059 - DEBUG - = connection is CONNECTING
2023-03-29 16:51:35,098 - DEBUG - > GET /ocpp16/ELA007C05/EVSCA050001 HTTP/1.1
2023-03-29 16:51:35,099 - DEBUG - > Host: ws.devevspcharger.uplus.co.kr
2023-03-29 16:51:35,099 - DEBUG - > Upgrade: websocket
2023-03-29 16:51:35,099 - DEBUG - > Connection: Upgrade
2023-03-29 16:51:35,099 - DEBUG - > Sec-WebSocket-Key: Dum/JbVGPYWWa3juMsEGIg==
2023-03-29 16:51:35,099 - DEBUG - > Sec-WebSocket-Version: 13
2023-03-29 16:51:35,099 - DEBUG - > Sec-WebSocket-Extensions: permessage-deflate; client_max_window_bits
2023-03-29 16:51:35,100 - DEBUG - > Sec-WebSocket-Protocol: ocpp1.6
2023-03-29 16:51:35,100 - DEBUG - > Authorization: Basic RVZBUjpFVkFSTEdV
2023-03-29 16:51:35,100 - DEBUG - > User-Agent: Python/3.11 websockets/10.4
2023-03-29 16:51:35,298 - DEBUG - < HTTP/1.1 101 Switching Protocols
2023-03-29 16:51:35,298 - DEBUG - < Connection: upgrade
2023-03-29 16:51:35,299 - DEBUG - < Date: Wed, 29 Mar 2023 07:51:31 GMT
2023-03-29 16:51:35,299 - DEBUG - < sec-websocket-protocol: ocpp1.6
2023-03-29 16:51:35,299 - DEBUG - < upgrade: websocket
2023-03-29 16:51:35,299 - DEBUG - < sec-websocket-accept: MMlNIc2q8scFGAjAkPQxNsFRxUA=
2023-03-29 16:51:35,299 - DEBUG - < sec-websocket-extensions: permessage-deflate
2023-03-29 16:51:35,299 - DEBUG - < X-Cache: Miss from cloudfront
2023-03-29 16:51:35,299 - DEBUG - < Via: 1.1 9ae7abacc9e2c811909db23dbe603ad4.cloudfront.net (CloudFront)
2023-03-29 16:51:35,300 - DEBUG - < X-Amz-Cf-Pop: ICN57-P2
2023-03-29 16:51:35,300 - DEBUG - < X-Amz-Cf-Id: 0K8-pilkFLpbHZdP3mOlVEvAjPovYrhv6SbS2f5l8CmIMwzegmGsGg==
2023-03-29 16:51:35,300 - DEBUG - = connection is OPEN
2023-03-29 16:51:35,348 - DEBUG - > TEXT '[2, "f27469d9-ea15-412e-8c1a-346d15cf702d", "Bo...ePointVendor": "EVAR"}]' [127 bytes]
2023-03-29 16:51:35,602 - DEBUG - < TEXT '[3, "f27469d9-ea15-412e-8c1a-346d15cf702d", {"s...31Z", "interval": 600}]' [123 bytes]
2023-03-29 16:51:35,784 - DEBUG - Starting new HTTPS connection (1): 8b434254zg.execute-api.ap-northeast-2.amazonaws.com:443
2023-03-29 16:51:37,189 - DEBUG - https://8b434254zg.execute-api.ap-northeast-2.amazonaws.com:443 "POST /dev/ioc HTTP/1.1" 200 163
2023-03-29 16:51:37,249 - DEBUG - < TEXT '[2, "3720440b-9c12-42c1-9c87-aee353a9e5fc", "Ch...nKey", "value": "300"}]' [118 bytes]
2023-03-29 16:51:37,270 - DEBUG - > TEXT '[3, "3720440b-9c12-42c1-9c87-aee353a9e5fc", {"status": "Accepted"}]' [67 bytes]
2023-03-29 16:51:37,462 - DEBUG - < TEXT '' [0 bytes]
2023-03-29 16:51:37,511 - DEBUG - Starting new HTTPS connection (1): 8b434254zg.execute-api.ap-northeast-2.amazonaws.com:443
2023-03-29 16:51:37,887 - DEBUG - https://8b434254zg.execute-api.ap-northeast-2.amazonaws.com:443 "POST /dev/ioc HTTP/1.1" 200 106
2023-03-29 16:51:37,960 - DEBUG - < TEXT '[2, "043a90ab-cdf8-42a7-b868-5673f940d072", "ClearCache", {}]' [61 bytes]
2023-03-29 16:51:37,974 - DEBUG - > TEXT '[3, "043a90ab-cdf8-42a7-b868-5673f940d072", {"status": "Accepted"}]' [67 bytes]
2023-03-29 16:51:38,165 - DEBUG - < TEXT '' [0 bytes]
2023-03-29 16:51:38,214 - DEBUG - > TEXT '[2, "e4f6fadb-b681-4b89-90f3-2049f90c302e", "Au...": "1031040000069641"}]' [87 bytes]
2023-03-29 16:51:38,463 - DEBUG - < TEXT '[3, "e4f6fadb-b681-4b89-90f3-2049f90c302e", {"i..."status": "Accepted"}}]' [82 bytes]
2023-03-29 16:51:38,502 - DEBUG - > TEXT '[2, "da93ede1-e1c2-4f5a-9724-bd93fde91121", "St..."status": "Preparing"}]' [132 bytes]
2023-03-29 16:51:38,697 - DEBUG - < TEXT '[3, "da93ede1-e1c2-4f5a-9724-bd93fde91121", {}]' [47 bytes]
2023-03-29 16:51:38,739 - DEBUG - > TEXT '[2, "127da6e0-3fca-4f64-b4b7-f9355a038de6", "St..."status": "Available"}]' [132 bytes]
2023-03-29 16:51:38,996 - DEBUG - < TEXT '[3, "127da6e0-3fca-4f64-b4b7-f9355a038de6", {}]' [47 bytes]
2023-03-29 16:51:39,020 - DEBUG - = connection is CLOSING
2023-03-29 16:51:39,020 - DEBUG - > CLOSE 1000 (OK) [2 bytes]
2023-03-29 16:51:39,028 - DEBUG - < CLOSE 1000 (OK) [2 bytes]
2023-03-29 16:51:39,034 - DEBUG - = connection is CLOSED
2023-03-29 16:54:13,682 - DEBUG - = connection is CONNECTING
2023-03-29 16:54:13,720 - DEBUG - > GET /ocpp16/ELA007C05/EVSCA050001 HTTP/1.1
2023-03-29 16:54:13,720 - DEBUG - > Host: ws.devevspcharger.uplus.co.kr
2023-03-29 16:54:13,720 - DEBUG - > Upgrade: websocket
2023-03-29 16:54:13,720 - DEBUG - > Connection: Upgrade
2023-03-29 16:54:13,720 - DEBUG - > Sec-WebSocket-Key: R39Fn/jjkycUYbCCStxuJQ==
2023-03-29 16:54:13,720 - DEBUG - > Sec-WebSocket-Version: 13
2023-03-29 16:54:13,721 - DEBUG - > Sec-WebSocket-Extensions: permessage-deflate; client_max_window_bits
2023-03-29 16:54:13,721 - DEBUG - > Sec-WebSocket-Protocol: ocpp1.6
2023-03-29 16:54:13,721 - DEBUG - > Authorization: Basic RVZBUjpFVkFSTEdV
2023-03-29 16:54:13,721 - DEBUG - > User-Agent: Python/3.11 websockets/10.4
2023-03-29 16:54:14,280 - DEBUG - < HTTP/1.1 101 Switching Protocols
2023-03-29 16:54:14,281 - DEBUG - < Connection: upgrade
2023-03-29 16:54:14,281 - DEBUG - < Date: Wed, 29 Mar 2023 07:54:10 GMT
2023-03-29 16:54:14,281 - DEBUG - < sec-websocket-protocol: ocpp1.6
2023-03-29 16:54:14,281 - DEBUG - < upgrade: websocket
2023-03-29 16:54:14,281 - DEBUG - < sec-websocket-accept: 8Lr/rNzOLW+TfkrWbqTEAwC9PwY=
2023-03-29 16:54:14,281 - DEBUG - < sec-websocket-extensions: permessage-deflate
2023-03-29 16:54:14,282 - DEBUG - < X-Cache: Miss from cloudfront
2023-03-29 16:54:14,282 - DEBUG - < Via: 1.1 98cc70c99d4e07b8cd37265dc48c5a54.cloudfront.net (CloudFront)
2023-03-29 16:54:14,282 - DEBUG - < X-Amz-Cf-Pop: ICN57-P2
2023-03-29 16:54:14,282 - DEBUG - < X-Amz-Cf-Id: y2ebXkvlR3wESoWSDTDsRTCcBPdbE6U5zUBOHdYnHXFB2soJF1OfIw==
2023-03-29 16:54:14,282 - DEBUG - = connection is OPEN
2023-03-29 16:54:14,308 - DEBUG - > TEXT '[2, "bfb7decc-6596-4d63-99d4-a3eccd74ea12", "Bo...ePointVendor": "EVAR"}]' [127 bytes]
2023-03-29 16:54:14,727 - DEBUG - < TEXT '[3, "bfb7decc-6596-4d63-99d4-a3eccd74ea12", {"s...10Z", "interval": 600}]' [123 bytes]
2023-03-29 16:54:14,755 - DEBUG - > TEXT '[2, "bfb7decc-6596-4d63-99d4-a3eccd74ea12", "St..."status": "Available"}]' [132 bytes]
2023-03-29 16:54:14,947 - DEBUG - < TEXT '[3, "bfb7decc-6596-4d63-99d4-a3eccd74ea12", {}]' [47 bytes]
2023-03-29 16:54:14,970 - DEBUG - > TEXT '[2, "bfb7decc-6596-4d63-99d4-a3eccd74ea12", "Au...": "1031040000069641"}]' [87 bytes]
2023-03-29 16:54:15,204 - DEBUG - < TEXT '[3, "bfb7decc-6596-4d63-99d4-a3eccd74ea12", {"i..."status": "Accepted"}}]' [82 bytes]
2023-03-29 16:54:15,245 - DEBUG - > TEXT '[2, "acaca1c0-4aa6-4b9e-bfca-3c906cb75964", "St...2023-03-29T16:54:13Z"}]' [170 bytes]
2023-03-29 16:54:15,585 - DEBUG - < TEXT '[3, "acaca1c0-4aa6-4b9e-bfca-3c906cb75964", {"t..."status": "Accepted"}}]' [110 bytes]
2023-03-29 16:54:15,651 - DEBUG - > TEXT '[2, "59a36ccd-f982-493a-a006-586450e1f11d", "St... "status": "Charging"}]' [131 bytes]
2023-03-29 16:54:15,847 - DEBUG - < TEXT '[3, "59a36ccd-f982-493a-a006-586450e1f11d", {}]' [47 bytes]
2023-03-29 16:54:15,904 - DEBUG - > TEXT '[2, "5cd02d82-6b64-4c2c-b164-514cb13cc64f", "Me...er", "unit": "Wh"}]}]}]' [259 bytes]
2023-03-29 16:54:16,129 - DEBUG - < TEXT '[3, "5cd02d82-6b64-4c2c-b164-514cb13cc64f", {}]' [47 bytes]
2023-03-29 16:54:16,188 - DEBUG - > TEXT '[2, "68a4a84d-af4c-4e62-bc87-2f572be4cce9", "St...sactionId": 120533622}]' [149 bytes]
2023-03-29 16:54:16,485 - DEBUG - < TEXT '[3, "68a4a84d-af4c-4e62-bc87-2f572be4cce9", {"i..."status": "Accepted"}}]' [82 bytes]
2023-03-29 16:54:16,559 - DEBUG - > TEXT '[2, "ecfbac0b-703c-4533-86ab-2f83dccf2f64", "St..."status": "Finishing"}]' [132 bytes]
2023-03-29 16:54:16,776 - DEBUG - < TEXT '[3, "ecfbac0b-703c-4533-86ab-2f83dccf2f64", {}]' [47 bytes]
2023-03-29 16:54:16,838 - DEBUG - > TEXT '[2, "d56adfc0-1bc1-4b5a-a0e5-067ee71b8578", "St..."status": "Available"}]' [132 bytes]
2023-03-29 16:54:17,004 - DEBUG - < TEXT '[3, "d56adfc0-1bc1-4b5a-a0e5-067ee71b8578", {}]' [47 bytes]
2023-03-29 16:54:17,036 - DEBUG - = connection is CLOSING
2023-03-29 16:54:17,036 - DEBUG - > CLOSE 1000 (OK) [2 bytes]
2023-03-29 16:54:17,044 - DEBUG - < CLOSE 1000 (OK) [2 bytes]
2023-03-29 16:54:17,051 - DEBUG - = connection is CLOSED
2023-03-29 16:54:17,060 - DEBUG - = connection is CONNECTING
2023-03-29 16:54:17,096 - DEBUG - > GET /ocpp16/ELA007C05/EVSCA050001 HTTP/1.1
2023-03-29 16:54:17,097 - DEBUG - > Host: ws.devevspcharger.uplus.co.kr
2023-03-29 16:54:17,097 - DEBUG - > Upgrade: websocket
2023-03-29 16:54:17,097 - DEBUG - > Connection: Upgrade
2023-03-29 16:54:17,097 - DEBUG - > Sec-WebSocket-Key: VtWB91Rgv/QNPfukTbqbaw==
2023-03-29 16:54:17,097 - DEBUG - > Sec-WebSocket-Version: 13
2023-03-29 16:54:17,097 - DEBUG - > Sec-WebSocket-Extensions: permessage-deflate; client_max_window_bits
2023-03-29 16:54:17,097 - DEBUG - > Sec-WebSocket-Protocol: ocpp1.6
2023-03-29 16:54:17,098 - DEBUG - > Authorization: Basic RVZBUjpFVkFSTEdV
2023-03-29 16:54:17,098 - DEBUG - > User-Agent: Python/3.11 websockets/10.4
2023-03-29 16:54:17,381 - DEBUG - < HTTP/1.1 101 Switching Protocols
2023-03-29 16:54:17,381 - DEBUG - < Connection: upgrade
2023-03-29 16:54:17,381 - DEBUG - < Date: Wed, 29 Mar 2023 07:54:13 GMT
2023-03-29 16:54:17,381 - DEBUG - < sec-websocket-protocol: ocpp1.6
2023-03-29 16:54:17,382 - DEBUG - < upgrade: websocket
2023-03-29 16:54:17,382 - DEBUG - < sec-websocket-accept: +w7QeDvNjD6RaEoS5WOt4eXQLq0=
2023-03-29 16:54:17,382 - DEBUG - < sec-websocket-extensions: permessage-deflate
2023-03-29 16:54:17,382 - DEBUG - < X-Cache: Miss from cloudfront
2023-03-29 16:54:17,382 - DEBUG - < Via: 1.1 818e6836f2ca3e700a5577179db933d8.cloudfront.net (CloudFront)
2023-03-29 16:54:17,383 - DEBUG - < X-Amz-Cf-Pop: ICN57-P2
2023-03-29 16:54:17,383 - DEBUG - < X-Amz-Cf-Id: ZqHh9_GukNT2CQfUgl3VzHwZXC4wBOkfbFeGdSr6HzL0eB-l45IhrQ==
2023-03-29 16:54:17,383 - DEBUG - = connection is OPEN
2023-03-29 16:54:17,440 - DEBUG - > TEXT '[2, "da87a86c-b335-4bb2-975e-c13d56107da7", "Bo...ePointVendor": "EVAR"}]' [127 bytes]
2023-03-29 16:54:17,688 - DEBUG - < TEXT '[3, "da87a86c-b335-4bb2-975e-c13d56107da7", {"s...13Z", "interval": 600}]' [123 bytes]
2023-03-29 16:54:17,745 - DEBUG - > TEXT '[2, "3bddc5e6-2e27-43a2-bf9f-7f620eb80581", "Au...": "1031040000069641"}]' [87 bytes]
2023-03-29 16:54:17,999 - DEBUG - < TEXT '[3, "3bddc5e6-2e27-43a2-bf9f-7f620eb80581", {"i..."status": "Accepted"}}]' [82 bytes]
2023-03-29 16:54:18,053 - DEBUG - > TEXT '[2, "d60286f5-5d53-475f-b318-b53d26eecd8a", "St..."status": "Preparing"}]' [132 bytes]
2023-03-29 16:54:18,311 - DEBUG - < TEXT '[3, "d60286f5-5d53-475f-b318-b53d26eecd8a", {}]' [47 bytes]
2023-03-29 16:54:18,357 - DEBUG - > TEXT '[2, "2254e09e-d5b7-4f90-9bc4-f0ea6bed4b35", "St...2023-03-29T16:54:13Z"}]' [170 bytes]
2023-03-29 16:54:18,689 - DEBUG - < TEXT '[3, "2254e09e-d5b7-4f90-9bc4-f0ea6bed4b35", {"t..."status": "Accepted"}}]' [110 bytes]
2023-03-29 16:54:18,743 - DEBUG - > TEXT '[2, "8442799a-8c70-4632-a330-56e8770ffc20", "St... "status": "Charging"}]' [131 bytes]
2023-03-29 16:54:18,989 - DEBUG - < TEXT '[3, "8442799a-8c70-4632-a330-56e8770ffc20", {}]' [47 bytes]
2023-03-29 16:54:19,047 - DEBUG - > TEXT '[2, "359b2dfe-53b5-419a-ac48-f382bda842fe", "Me...er", "unit": "Wh"}]}]}]' [259 bytes]
2023-03-29 16:54:19,245 - DEBUG - < TEXT '[3, "359b2dfe-53b5-419a-ac48-f382bda842fe", {}]' [47 bytes]
2023-03-29 16:54:19,308 - DEBUG - > TEXT '[2, "bdc015a7-2390-48ae-b9f9-c315dd50fdd9", "St...sactionId": 120533623}]' [149 bytes]
2023-03-29 16:54:19,567 - DEBUG - < TEXT '[3, "bdc015a7-2390-48ae-b9f9-c315dd50fdd9", {"i..."status": "Accepted"}}]' [82 bytes]
2023-03-29 16:54:19,658 - DEBUG - > TEXT '[2, "04a416aa-2339-4bd7-9abd-4a574fde7067", "St..."status": "Finishing"}]' [132 bytes]
2023-03-29 16:54:19,904 - DEBUG - < TEXT '[3, "04a416aa-2339-4bd7-9abd-4a574fde7067", {}]' [47 bytes]
2023-03-29 16:54:19,972 - DEBUG - > TEXT '[2, "cee775ea-4012-45cf-b543-791eca649beb", "St..."status": "Available"}]' [132 bytes]
2023-03-29 16:54:20,199 - DEBUG - < TEXT '[3, "cee775ea-4012-45cf-b543-791eca649beb", {}]' [47 bytes]
2023-03-29 16:54:20,239 - DEBUG - = connection is CLOSING
2023-03-29 16:54:20,239 - DEBUG - > CLOSE 1000 (OK) [2 bytes]
2023-03-29 16:54:20,248 - DEBUG - < CLOSE 1000 (OK) [2 bytes]
2023-03-29 16:54:20,254 - DEBUG - = connection is CLOSED
2023-03-29 16:54:20,266 - DEBUG - = connection is CONNECTING
2023-03-29 16:54:20,304 - DEBUG - > GET /ocpp16/ELA007C05/EVSCA050001 HTTP/1.1
2023-03-29 16:54:20,304 - DEBUG - > Host: ws.devevspcharger.uplus.co.kr
2023-03-29 16:54:20,305 - DEBUG - > Upgrade: websocket
2023-03-29 16:54:20,305 - DEBUG - > Connection: Upgrade
2023-03-29 16:54:20,305 - DEBUG - > Sec-WebSocket-Key: yFpR3/3PvGnSxQ2sehpGMA==
2023-03-29 16:54:20,305 - DEBUG - > Sec-WebSocket-Version: 13
2023-03-29 16:54:20,305 - DEBUG - > Sec-WebSocket-Extensions: permessage-deflate; client_max_window_bits
2023-03-29 16:54:20,306 - DEBUG - > Sec-WebSocket-Protocol: ocpp1.6
2023-03-29 16:54:20,306 - DEBUG - > Authorization: Basic RVZBUjpFVkFSTEdV
2023-03-29 16:54:20,306 - DEBUG - > User-Agent: Python/3.11 websockets/10.4
2023-03-29 16:54:20,501 - DEBUG - < HTTP/1.1 101 Switching Protocols
2023-03-29 16:54:20,501 - DEBUG - < Connection: upgrade
2023-03-29 16:54:20,502 - DEBUG - < Date: Wed, 29 Mar 2023 07:54:16 GMT
2023-03-29 16:54:20,502 - DEBUG - < sec-websocket-protocol: ocpp1.6
2023-03-29 16:54:20,502 - DEBUG - < upgrade: websocket
2023-03-29 16:54:20,502 - DEBUG - < sec-websocket-accept: 2Tk+X7AbGuV+M6G2WajQ9OCGEUU=
2023-03-29 16:54:20,502 - DEBUG - < sec-websocket-extensions: permessage-deflate
2023-03-29 16:54:20,502 - DEBUG - < X-Cache: Miss from cloudfront
2023-03-29 16:54:20,503 - DEBUG - < Via: 1.1 702d274aeab676890c1a399c8e170886.cloudfront.net (CloudFront)
2023-03-29 16:54:20,503 - DEBUG - < X-Amz-Cf-Pop: ICN57-P2
2023-03-29 16:54:20,503 - DEBUG - < X-Amz-Cf-Id: IexLNz5OLzb59QGqWDLOAqVXqXGdzJI2MxZoQjKm8r3HOIMgrgrh7Q==
2023-03-29 16:54:20,503 - DEBUG - = connection is OPEN
2023-03-29 16:54:20,554 - DEBUG - > TEXT '[2, "bfd8c603-caad-40d2-85b1-f8ca45a9808f", "Bo...ePointVendor": "EVAR"}]' [127 bytes]
2023-03-29 16:54:20,785 - DEBUG - < TEXT '[3, "bfd8c603-caad-40d2-85b1-f8ca45a9808f", {"s...16Z", "interval": 600}]' [123 bytes]
2023-03-29 16:54:20,916 - DEBUG - Starting new HTTPS connection (1): 8b434254zg.execute-api.ap-northeast-2.amazonaws.com:443
2023-03-29 16:54:21,567 - DEBUG - https://8b434254zg.execute-api.ap-northeast-2.amazonaws.com:443 "POST /dev/ioc HTTP/1.1" 200 163
2023-03-29 16:54:21,628 - DEBUG - < TEXT '[2, "2ac1f030-3751-4709-9944-9652144e8a85", "Ch...nKey", "value": "300"}]' [118 bytes]
2023-03-29 16:54:21,636 - DEBUG - > TEXT '[3, "2ac1f030-3751-4709-9944-9652144e8a85", {"status": "Accepted"}]' [67 bytes]
2023-03-29 16:54:21,785 - DEBUG - < TEXT '' [0 bytes]
2023-03-29 16:54:21,844 - DEBUG - Starting new HTTPS connection (1): 8b434254zg.execute-api.ap-northeast-2.amazonaws.com:443
2023-03-29 16:54:22,248 - DEBUG - https://8b434254zg.execute-api.ap-northeast-2.amazonaws.com:443 "POST /dev/ioc HTTP/1.1" 200 106
2023-03-29 16:54:22,320 - DEBUG - < TEXT '[2, "31598a28-0b0b-4622-bef4-d0a05fbf6e3e", "ClearCache", {}]' [61 bytes]
2023-03-29 16:54:22,326 - DEBUG - > TEXT '[3, "31598a28-0b0b-4622-bef4-d0a05fbf6e3e", {"status": "Accepted"}]' [67 bytes]
2023-03-29 16:54:22,509 - DEBUG - < TEXT '' [0 bytes]
2023-03-29 16:54:22,553 - DEBUG - > TEXT '[2, "98b4c4fc-6e3a-4439-bc4e-b86075d75750", "Au...": "1031040000069641"}]' [87 bytes]
2023-03-29 16:54:22,767 - DEBUG - < TEXT '[3, "98b4c4fc-6e3a-4439-bc4e-b86075d75750", {"i..."status": "Accepted"}}]' [82 bytes]
2023-03-29 16:54:22,794 - DEBUG - > TEXT '[2, "2b41ceb7-f94e-48c9-a24b-4e53f4dfd708", "St..."status": "Preparing"}]' [132 bytes]
2023-03-29 16:54:22,984 - DEBUG - < TEXT '[3, "2b41ceb7-f94e-48c9-a24b-4e53f4dfd708", {}]' [47 bytes]
2023-03-29 16:54:23,024 - DEBUG - > TEXT '[2, "515110b3-3c39-43fe-aa47-bcb61846648f", "St..."status": "Available"}]' [132 bytes]
2023-03-29 16:54:23,206 - DEBUG - < TEXT '[3, "515110b3-3c39-43fe-aa47-bcb61846648f", {}]' [47 bytes]
2023-03-29 16:54:23,232 - DEBUG - = connection is CLOSING
2023-03-29 16:54:23,233 - DEBUG - > CLOSE 1000 (OK) [2 bytes]
2023-03-29 16:54:23,241 - DEBUG - < CLOSE 1000 (OK) [2 bytes]
2023-03-29 16:54:23,251 - DEBUG - = connection is CLOSED
2023-03-29 16:56:20,218 - DEBUG - = connection is CONNECTING
2023-03-29 16:56:20,263 - DEBUG - > GET /ocpp16/ELA007C05/EVSCA050001 HTTP/1.1
2023-03-29 16:56:20,263 - DEBUG - > Host: ws.devevspcharger.uplus.co.kr
2023-03-29 16:56:20,263 - DEBUG - > Upgrade: websocket
2023-03-29 16:56:20,263 - DEBUG - > Connection: Upgrade
2023-03-29 16:56:20,263 - DEBUG - > Sec-WebSocket-Key: qBeW/AQrbsMkvoE9aL9Bzw==
2023-03-29 16:56:20,264 - DEBUG - > Sec-WebSocket-Version: 13
2023-03-29 16:56:20,264 - DEBUG - > Sec-WebSocket-Extensions: permessage-deflate; client_max_window_bits
2023-03-29 16:56:20,264 - DEBUG - > Sec-WebSocket-Protocol: ocpp1.6
2023-03-29 16:56:20,264 - DEBUG - > Authorization: Basic RVZBUjpFVkFSTEdV
2023-03-29 16:56:20,264 - DEBUG - > User-Agent: Python/3.11 websockets/10.4
2023-03-29 16:56:20,782 - DEBUG - < HTTP/1.1 101 Switching Protocols
2023-03-29 16:56:20,783 - DEBUG - < Connection: upgrade
2023-03-29 16:56:20,783 - DEBUG - < Date: Wed, 29 Mar 2023 07:56:16 GMT
2023-03-29 16:56:20,783 - DEBUG - < sec-websocket-protocol: ocpp1.6
2023-03-29 16:56:20,783 - DEBUG - < upgrade: websocket
2023-03-29 16:56:20,783 - DEBUG - < sec-websocket-accept: gQai9+KH2NfEf6uhoQqZKx6dpR4=
2023-03-29 16:56:20,783 - DEBUG - < sec-websocket-extensions: permessage-deflate
2023-03-29 16:56:20,783 - DEBUG - < X-Cache: Miss from cloudfront
2023-03-29 16:56:20,783 - DEBUG - < Via: 1.1 967cab954a1c41e7f76f472d706ab3a0.cloudfront.net (CloudFront)
2023-03-29 16:56:20,784 - DEBUG - < X-Amz-Cf-Pop: ICN57-P2
2023-03-29 16:56:20,784 - DEBUG - < X-Amz-Cf-Id: UznmWrg5qYwpwFLKsnPoi0e4nokulsRDZi_EJa7XqqyRYYAlnrBiIg==
2023-03-29 16:56:20,784 - DEBUG - = connection is OPEN
2023-03-29 16:56:20,819 - DEBUG - > TEXT '[2, "3f4d4532-f566-4491-b8ee-55232720b2db", "Bo...ePointVendor": "EVAR"}]' [127 bytes]
2023-03-29 16:56:21,207 - DEBUG - < TEXT '[3, "3f4d4532-f566-4491-b8ee-55232720b2db", {"s...17Z", "interval": 600}]' [123 bytes]
2023-03-29 16:56:21,239 - DEBUG - > TEXT '[2, "3f4d4532-f566-4491-b8ee-55232720b2db", "St..."status": "Available"}]' [132 bytes]
2023-03-29 16:56:21,406 - DEBUG - < TEXT '[3, "3f4d4532-f566-4491-b8ee-55232720b2db", {}]' [47 bytes]
2023-03-29 16:56:21,434 - DEBUG - > TEXT '[2, "3f4d4532-f566-4491-b8ee-55232720b2db", "Au...": "1031040000069641"}]' [87 bytes]
2023-03-29 16:56:21,665 - DEBUG - < TEXT '[3, "3f4d4532-f566-4491-b8ee-55232720b2db", {"i..."status": "Accepted"}}]' [82 bytes]
2023-03-29 16:56:21,689 - DEBUG - > TEXT '[2, "5919bb24-eaac-49c4-bf18-24b9cdad2fc8", "St...2023-03-29T16:56:20Z"}]' [170 bytes]
2023-03-29 16:56:21,968 - DEBUG - < TEXT '[3, "5919bb24-eaac-49c4-bf18-24b9cdad2fc8", {"t..."status": "Accepted"}}]' [110 bytes]
2023-03-29 16:56:22,019 - DEBUG - > TEXT '[2, "cd10491f-de0d-4c21-8b44-67e08bd7f627", "St... "status": "Charging"}]' [131 bytes]
2023-03-29 16:56:22,210 - DEBUG - < TEXT '[3, "cd10491f-de0d-4c21-8b44-67e08bd7f627", {}]' [47 bytes]
2023-03-29 16:56:22,267 - DEBUG - > TEXT '[2, "0eefff1b-6b08-487d-bb52-dd6ef4d2812b", "Me...er", "unit": "Wh"}]}]}]' [259 bytes]
2023-03-29 16:56:22,465 - DEBUG - < TEXT '[3, "0eefff1b-6b08-487d-bb52-dd6ef4d2812b", {}]' [47 bytes]
2023-03-29 16:56:22,533 - DEBUG - > TEXT '[2, "805e5b58-c04a-4416-bf50-7cb0258e479d", "St...sactionId": 120533625}]' [149 bytes]
2023-03-29 16:56:22,806 - DEBUG - < TEXT '[3, "805e5b58-c04a-4416-bf50-7cb0258e479d", {"i..."status": "Accepted"}}]' [82 bytes]
2023-03-29 16:56:22,869 - DEBUG - > TEXT '[2, "c103bc0d-b0a4-4113-bb44-e0cedd993754", "St..."status": "Finishing"}]' [132 bytes]
2023-03-29 16:56:23,065 - DEBUG - < TEXT '[3, "c103bc0d-b0a4-4113-bb44-e0cedd993754", {}]' [47 bytes]
2023-03-29 16:56:23,123 - DEBUG - > TEXT '[2, "37b4cf9e-81b8-40f3-aae6-59ff49c3c4b3", "St..."status": "Available"}]' [132 bytes]
2023-03-29 16:56:23,287 - DEBUG - < TEXT '[3, "37b4cf9e-81b8-40f3-aae6-59ff49c3c4b3", {}]' [47 bytes]
2023-03-29 16:56:23,324 - DEBUG - = connection is CLOSING
2023-03-29 16:56:23,324 - DEBUG - > CLOSE 1000 (OK) [2 bytes]
2023-03-29 16:56:23,332 - DEBUG - < CLOSE 1000 (OK) [2 bytes]
2023-03-29 16:56:23,337 - DEBUG - = connection is CLOSED
2023-03-29 16:56:23,351 - DEBUG - = connection is CONNECTING
2023-03-29 16:56:23,388 - DEBUG - > GET /ocpp16/ELA007C05/EVSCA050001 HTTP/1.1
2023-03-29 16:56:23,388 - DEBUG - > Host: ws.devevspcharger.uplus.co.kr
2023-03-29 16:56:23,388 - DEBUG - > Upgrade: websocket
2023-03-29 16:56:23,388 - DEBUG - > Connection: Upgrade
2023-03-29 16:56:23,388 - DEBUG - > Sec-WebSocket-Key: DDfM0MEgedhdzqa3EYmswA==
2023-03-29 16:56:23,389 - DEBUG - > Sec-WebSocket-Version: 13
2023-03-29 16:56:23,389 - DEBUG - > Sec-WebSocket-Extensions: permessage-deflate; client_max_window_bits
2023-03-29 16:56:23,389 - DEBUG - > Sec-WebSocket-Protocol: ocpp1.6
2023-03-29 16:56:23,389 - DEBUG - > Authorization: Basic RVZBUjpFVkFSTEdV
2023-03-29 16:56:23,389 - DEBUG - > User-Agent: Python/3.11 websockets/10.4
2023-03-29 16:56:23,629 - DEBUG - < HTTP/1.1 101 Switching Protocols
2023-03-29 16:56:23,629 - DEBUG - < Connection: upgrade
2023-03-29 16:56:23,629 - DEBUG - < Date: Wed, 29 Mar 2023 07:56:19 GMT
2023-03-29 16:56:23,629 - DEBUG - < sec-websocket-protocol: ocpp1.6
2023-03-29 16:56:23,630 - DEBUG - < upgrade: websocket
2023-03-29 16:56:23,630 - DEBUG - < sec-websocket-accept: CtlQc0Y5lNh7Tysy67cVZpWeaW8=
2023-03-29 16:56:23,631 - DEBUG - < sec-websocket-extensions: permessage-deflate
2023-03-29 16:56:23,631 - DEBUG - < X-Cache: Miss from cloudfront
2023-03-29 16:56:23,631 - DEBUG - < Via: 1.1 818e6836f2ca3e700a5577179db933d8.cloudfront.net (CloudFront)
2023-03-29 16:56:23,631 - DEBUG - < X-Amz-Cf-Pop: ICN57-P2
2023-03-29 16:56:23,631 - DEBUG - < X-Amz-Cf-Id: FEmFiMSjle8SsDOWglZPZ5OYdcink37JMKymgGNQyHiQVktyJYfXcg==
2023-03-29 16:56:23,631 - DEBUG - = connection is OPEN
2023-03-29 16:56:23,679 - DEBUG - > TEXT '[2, "bc234b03-9be6-4345-842f-0fa48fb17cf7", "Bo...ePointVendor": "EVAR"}]' [127 bytes]
2023-03-29 16:56:23,931 - DEBUG - < TEXT '[3, "bc234b03-9be6-4345-842f-0fa48fb17cf7", {"s...19Z", "interval": 600}]' [123 bytes]
2023-03-29 16:56:23,987 - DEBUG - > TEXT '[2, "d0fc4d52-3c28-4f62-a021-f83ebf59d376", "Au...": "1031040000069641"}]' [87 bytes]
2023-03-29 16:56:24,229 - DEBUG - < TEXT '[3, "d0fc4d52-3c28-4f62-a021-f83ebf59d376", {"i..."status": "Accepted"}}]' [82 bytes]
2023-03-29 16:56:24,283 - DEBUG - > TEXT '[2, "786e27cd-d6e3-4558-84f5-f7d6a2cdafd2", "St..."status": "Preparing"}]' [132 bytes]
2023-03-29 16:56:24,470 - DEBUG - < TEXT '[3, "786e27cd-d6e3-4558-84f5-f7d6a2cdafd2", {}]' [47 bytes]
2023-03-29 16:56:24,532 - DEBUG - > TEXT '[2, "f9c5739e-bcbf-4e24-b35e-e8ada524f33e", "St...2023-03-29T16:56:20Z"}]' [170 bytes]
2023-03-29 16:56:24,809 - DEBUG - < TEXT '[3, "f9c5739e-bcbf-4e24-b35e-e8ada524f33e", {"t..."status": "Accepted"}}]' [110 bytes]
2023-03-29 16:56:24,868 - DEBUG - > TEXT '[2, "5f60f6f2-4f37-49ab-8083-75a206fc478d", "St... "status": "Charging"}]' [131 bytes]
2023-03-29 16:56:25,050 - DEBUG - < TEXT '[3, "5f60f6f2-4f37-49ab-8083-75a206fc478d", {}]' [47 bytes]
2023-03-29 16:56:25,106 - DEBUG - > TEXT '[2, "385b58f1-d2b1-4f7c-8083-330cc65b47bb", "Me...er", "unit": "Wh"}]}]}]' [259 bytes]
2023-03-29 16:56:25,309 - DEBUG - < TEXT '[3, "385b58f1-d2b1-4f7c-8083-330cc65b47bb", {}]' [47 bytes]
2023-03-29 16:56:25,374 - DEBUG - > TEXT '[2, "2673e8c4-8ba2-403b-bd4d-a8f1bed4c546", "St...sactionId": 120533626}]' [149 bytes]
2023-03-29 16:56:25,647 - DEBUG - < TEXT '[3, "2673e8c4-8ba2-403b-bd4d-a8f1bed4c546", {"i..."status": "Accepted"}}]' [82 bytes]
2023-03-29 16:56:25,722 - DEBUG - > TEXT '[2, "40859448-3d1e-47a0-9cda-e5e0769d5b6d", "St..."status": "Finishing"}]' [132 bytes]
2023-03-29 16:56:25,910 - DEBUG - < TEXT '[3, "40859448-3d1e-47a0-9cda-e5e0769d5b6d", {}]' [47 bytes]
2023-03-29 16:56:25,979 - DEBUG - > TEXT '[2, "095ccfaa-8b0b-4eb2-a40e-00a148de4b46", "St..."status": "Available"}]' [132 bytes]
2023-03-29 16:56:26,198 - DEBUG - < TEXT '[3, "095ccfaa-8b0b-4eb2-a40e-00a148de4b46", {}]' [47 bytes]
2023-03-29 16:56:26,233 - DEBUG - = connection is CLOSING
2023-03-29 16:56:26,233 - DEBUG - > CLOSE 1000 (OK) [2 bytes]
2023-03-29 16:56:26,242 - DEBUG - < CLOSE 1000 (OK) [2 bytes]
2023-03-29 16:56:26,248 - DEBUG - = connection is CLOSED
2023-03-29 16:56:26,264 - DEBUG - = connection is CONNECTING
2023-03-29 16:56:26,305 - DEBUG - > GET /ocpp16/ELA007C05/EVSCA050001 HTTP/1.1
2023-03-29 16:56:26,305 - DEBUG - > Host: ws.devevspcharger.uplus.co.kr
2023-03-29 16:56:26,306 - DEBUG - > Upgrade: websocket
2023-03-29 16:56:26,306 - DEBUG - > Connection: Upgrade
2023-03-29 16:56:26,306 - DEBUG - > Sec-WebSocket-Key: H7bElPrKNhCMsebZXbGo/A==
2023-03-29 16:56:26,306 - DEBUG - > Sec-WebSocket-Version: 13
2023-03-29 16:56:26,306 - DEBUG - > Sec-WebSocket-Extensions: permessage-deflate; client_max_window_bits
2023-03-29 16:56:26,306 - DEBUG - > Sec-WebSocket-Protocol: ocpp1.6
2023-03-29 16:56:26,306 - DEBUG - > Authorization: Basic RVZBUjpFVkFSTEdV
2023-03-29 16:56:26,306 - DEBUG - > User-Agent: Python/3.11 websockets/10.4
2023-03-29 16:56:26,601 - DEBUG - < HTTP/1.1 101 Switching Protocols
2023-03-29 16:56:26,601 - DEBUG - < Connection: upgrade
2023-03-29 16:56:26,601 - DEBUG - < Date: Wed, 29 Mar 2023 07:56:22 GMT
2023-03-29 16:56:26,601 - DEBUG - < sec-websocket-protocol: ocpp1.6
2023-03-29 16:56:26,602 - DEBUG - < upgrade: websocket
2023-03-29 16:56:26,602 - DEBUG - < sec-websocket-accept: qCWtm7UBPFYK1m3IXj/sm0r/MGk=
2023-03-29 16:56:26,602 - DEBUG - < sec-websocket-extensions: permessage-deflate
2023-03-29 16:56:26,602 - DEBUG - < X-Cache: Miss from cloudfront
2023-03-29 16:56:26,602 - DEBUG - < Via: 1.1 702d274aeab676890c1a399c8e170886.cloudfront.net (CloudFront)
2023-03-29 16:56:26,602 - DEBUG - < X-Amz-Cf-Pop: ICN57-P2
2023-03-29 16:56:26,602 - DEBUG - < X-Amz-Cf-Id: _R1xNLDwurQgp3V9ROkEn1pyc4NEUolV2K5-IaAOAGaa9wjBdXznkw==
2023-03-29 16:56:26,603 - DEBUG - = connection is OPEN
2023-03-29 16:56:26,645 - DEBUG - > TEXT '[2, "c292e47c-1cd4-42f5-95b2-194617384b20", "Bo...ePointVendor": "EVAR"}]' [127 bytes]
2023-03-29 16:56:26,893 - DEBUG - < TEXT '[3, "c292e47c-1cd4-42f5-95b2-194617384b20", {"s...22Z", "interval": 600}]' [123 bytes]
2023-03-29 16:56:27,015 - DEBUG - Starting new HTTPS connection (1): 8b434254zg.execute-api.ap-northeast-2.amazonaws.com:443
2023-03-29 16:56:27,592 - DEBUG - https://8b434254zg.execute-api.ap-northeast-2.amazonaws.com:443 "POST /dev/ioc HTTP/1.1" 200 163
2023-03-29 16:56:27,645 - DEBUG - < TEXT '[2, "8b80ff66-b12c-4989-b26f-7c662a5b5aa1", "Ch...nKey", "value": "300"}]' [118 bytes]
2023-03-29 16:56:27,653 - DEBUG - > TEXT '[3, "8b80ff66-b12c-4989-b26f-7c662a5b5aa1", {"status": "Accepted"}]' [67 bytes]
2023-03-29 16:56:27,826 - DEBUG - < TEXT '' [0 bytes]
2023-03-29 16:56:27,884 - DEBUG - Starting new HTTPS connection (1): 8b434254zg.execute-api.ap-northeast-2.amazonaws.com:443
2023-03-29 16:56:28,270 - DEBUG - https://8b434254zg.execute-api.ap-northeast-2.amazonaws.com:443 "POST /dev/ioc HTTP/1.1" 200 106
2023-03-29 16:56:28,332 - DEBUG - < TEXT '[2, "9cd175d7-e194-4bff-91b9-fe25714a8853", "ClearCache", {}]' [61 bytes]
2023-03-29 16:56:28,339 - DEBUG - > TEXT '[3, "9cd175d7-e194-4bff-91b9-fe25714a8853", {"status": "Accepted"}]' [67 bytes]
2023-03-29 16:56:28,506 - DEBUG - < TEXT '' [0 bytes]
2023-03-29 16:56:28,540 - DEBUG - > TEXT '[2, "a39ea09d-d0ce-46aa-8b8d-c8eea427874a", "Au...": "1031040000069641"}]' [87 bytes]
2023-03-29 16:56:28,767 - DEBUG - < TEXT '[3, "a39ea09d-d0ce-46aa-8b8d-c8eea427874a", {"i..."status": "Accepted"}}]' [82 bytes]
2023-03-29 16:56:28,797 - DEBUG - > TEXT '[2, "603eabd3-ed86-433e-807c-74dade0c51eb", "St..."status": "Preparing"}]' [132 bytes]
2023-03-29 16:56:28,986 - DEBUG - < TEXT '[3, "603eabd3-ed86-433e-807c-74dade0c51eb", {}]' [47 bytes]
2023-03-29 16:56:29,025 - DEBUG - > TEXT '[2, "672aeecf-beb8-4526-8058-949aaa7033d4", "St..."status": "Available"}]' [132 bytes]
2023-03-29 16:56:29,207 - DEBUG - < TEXT '[3, "672aeecf-beb8-4526-8058-949aaa7033d4", {}]' [47 bytes]
2023-03-29 16:56:29,231 - DEBUG - = connection is CLOSING
2023-03-29 16:56:29,232 - DEBUG - > CLOSE 1000 (OK) [2 bytes]
2023-03-29 16:56:29,240 - DEBUG - < CLOSE 1000 (OK) [2 bytes]
2023-03-29 16:56:29,246 - DEBUG - = connection is CLOSED
2023-03-29 16:56:44,945 - DEBUG - = connection is CONNECTING
2023-03-29 16:56:44,994 - DEBUG - > GET /ocpp16/ELA007C05/EVSCA050001 HTTP/1.1
2023-03-29 16:56:44,994 - DEBUG - > Host: ws.devevspcharger.uplus.co.kr
2023-03-29 16:56:44,994 - DEBUG - > Upgrade: websocket
2023-03-29 16:56:44,995 - DEBUG - > Connection: Upgrade
2023-03-29 16:56:44,995 - DEBUG - > Sec-WebSocket-Key: bL0O5aHm8QNu4euzZR+E6w==
2023-03-29 16:56:44,995 - DEBUG - > Sec-WebSocket-Version: 13
2023-03-29 16:56:44,995 - DEBUG - > Sec-WebSocket-Extensions: permessage-deflate; client_max_window_bits
2023-03-29 16:56:44,996 - DEBUG - > Sec-WebSocket-Protocol: ocpp1.6
2023-03-29 16:56:44,996 - DEBUG - > Authorization: Basic RVZBUjpFVkFSTEdV
2023-03-29 16:56:44,996 - DEBUG - > User-Agent: Python/3.11 websockets/10.4
2023-03-29 16:56:45,201 - DEBUG - < HTTP/1.1 101 Switching Protocols
2023-03-29 16:56:45,201 - DEBUG - < Connection: upgrade
2023-03-29 16:56:45,202 - DEBUG - < Date: Wed, 29 Mar 2023 07:56:41 GMT
2023-03-29 16:56:45,202 - DEBUG - < sec-websocket-protocol: ocpp1.6
2023-03-29 16:56:45,202 - DEBUG - < upgrade: websocket
2023-03-29 16:56:45,202 - DEBUG - < sec-websocket-accept: 61RkJSLuKcO+CjFaXGYsy9Gd4Dg=
2023-03-29 16:56:45,203 - DEBUG - < sec-websocket-extensions: permessage-deflate
2023-03-29 16:56:45,203 - DEBUG - < X-Cache: Miss from cloudfront
2023-03-29 16:56:45,203 - DEBUG - < Via: 1.1 5a0f884e3a21756e824f803c83d7f3d0.cloudfront.net (CloudFront)
2023-03-29 16:56:45,203 - DEBUG - < X-Amz-Cf-Pop: ICN57-P2
2023-03-29 16:56:45,204 - DEBUG - < X-Amz-Cf-Id: rjDxGN2ewhtP19jgsuzldhKwJHQQN2CiYHHZ3HIgFrmub80YPWz_ZA==
2023-03-29 16:56:45,204 - DEBUG - = connection is OPEN
2023-03-29 16:56:45,245 - DEBUG - > TEXT '[2, "7db9dd0f-4392-40af-b28c-47d16d64d8cf", "Bo...ePointVendor": "EVAR"}]' [127 bytes]
2023-03-29 16:56:45,509 - DEBUG - < TEXT '[3, "7db9dd0f-4392-40af-b28c-47d16d64d8cf", {"s...41Z", "interval": 600}]' [123 bytes]
2023-03-29 16:56:45,531 - DEBUG - > TEXT '[2, "7db9dd0f-4392-40af-b28c-47d16d64d8cf", "St..."status": "Available"}]' [132 bytes]
2023-03-29 16:56:45,712 - DEBUG - < TEXT '[3, "7db9dd0f-4392-40af-b28c-47d16d64d8cf", {}]' [47 bytes]
2023-03-29 16:56:45,741 - DEBUG - > TEXT '[2, "7db9dd0f-4392-40af-b28c-47d16d64d8cf", "Au...": "1031040000069641"}]' [87 bytes]
2023-03-29 16:56:46,089 - DEBUG - < TEXT '[3, "7db9dd0f-4392-40af-b28c-47d16d64d8cf", {"i..."status": "Accepted"}}]' [82 bytes]
2023-03-29 16:56:46,126 - DEBUG - > TEXT '[2, "0f7bd181-95ef-45d6-ae17-e0c6eaf9951f", "St...2023-03-29T16:56:44Z"}]' [170 bytes]
2023-03-29 16:56:46,427 - DEBUG - < TEXT '[3, "0f7bd181-95ef-45d6-ae17-e0c6eaf9951f", {"t..."status": "Accepted"}}]' [110 bytes]
2023-03-29 16:56:46,486 - DEBUG - > TEXT '[2, "372bf6d3-85db-4b34-bfa3-d3a2dec71078", "St... "status": "Charging"}]' [131 bytes]
2023-03-29 16:56:46,690 - DEBUG - < TEXT '[3, "372bf6d3-85db-4b34-bfa3-d3a2dec71078", {}]' [47 bytes]
2023-03-29 16:56:46,756 - DEBUG - > TEXT '[2, "2778cbfe-86a7-476b-8d04-cf4cd48142b5", "Me...er", "unit": "Wh"}]}]}]' [259 bytes]
2023-03-29 16:56:46,968 - DEBUG - < TEXT '[3, "2778cbfe-86a7-476b-8d04-cf4cd48142b5", {}]' [47 bytes]
2023-03-29 16:56:47,026 - DEBUG - > TEXT '[2, "a88a1260-f62c-47be-9a01-3ee7bba34300", "St...sactionId": 120533628}]' [149 bytes]
2023-03-29 16:56:47,308 - DEBUG - < TEXT '[3, "a88a1260-f62c-47be-9a01-3ee7bba34300", {"i..."status": "Accepted"}}]' [82 bytes]
2023-03-29 16:56:47,374 - DEBUG - > TEXT '[2, "04a9ff08-d2bd-44f1-936d-042b99cfeb7e", "St..."status": "Finishing"}]' [132 bytes]
2023-03-29 16:56:47,549 - DEBUG - < TEXT '[3, "04a9ff08-d2bd-44f1-936d-042b99cfeb7e", {}]' [47 bytes]
2023-03-29 16:56:47,615 - DEBUG - > TEXT '[2, "cf617504-868e-4290-b693-3c5b77643a4e", "St..."status": "Available"}]' [132 bytes]
2023-03-29 16:56:47,766 - DEBUG - < TEXT '[3, "cf617504-868e-4290-b693-3c5b77643a4e", {}]' [47 bytes]
2023-03-29 16:56:47,805 - DEBUG - = connection is CLOSING
2023-03-29 16:56:47,805 - DEBUG - > CLOSE 1000 (OK) [2 bytes]
2023-03-29 16:56:47,812 - DEBUG - < CLOSE 1000 (OK) [2 bytes]
2023-03-29 16:56:47,824 - DEBUG - = connection is CLOSED
2023-03-29 16:56:47,837 - DEBUG - = connection is CONNECTING
2023-03-29 16:56:47,881 - DEBUG - > GET /ocpp16/ELA007C05/EVSCA050001 HTTP/1.1
2023-03-29 16:56:47,881 - DEBUG - > Host: ws.devevspcharger.uplus.co.kr
2023-03-29 16:56:47,881 - DEBUG - > Upgrade: websocket
2023-03-29 16:56:47,881 - DEBUG - > Connection: Upgrade
2023-03-29 16:56:47,881 - DEBUG - > Sec-WebSocket-Key: Y+qN2grqHUtV9tMSUS50Qw==
2023-03-29 16:56:47,882 - DEBUG - > Sec-WebSocket-Version: 13
2023-03-29 16:56:47,882 - DEBUG - > Sec-WebSocket-Extensions: permessage-deflate; client_max_window_bits
2023-03-29 16:56:47,882 - DEBUG - > Sec-WebSocket-Protocol: ocpp1.6
2023-03-29 16:56:47,882 - DEBUG - > Authorization: Basic RVZBUjpFVkFSTEdV
2023-03-29 16:56:47,882 - DEBUG - > User-Agent: Python/3.11 websockets/10.4
2023-03-29 16:56:48,081 - DEBUG - < HTTP/1.1 101 Switching Protocols
2023-03-29 16:56:48,081 - DEBUG - < Connection: upgrade
2023-03-29 16:56:48,081 - DEBUG - < Date: Wed, 29 Mar 2023 07:56:44 GMT
2023-03-29 16:56:48,081 - DEBUG - < sec-websocket-protocol: ocpp1.6
2023-03-29 16:56:48,082 - DEBUG - < upgrade: websocket
2023-03-29 16:56:48,082 - DEBUG - < sec-websocket-accept: Gkee2153onA2QOOMiCKuBF8p7Wo=
2023-03-29 16:56:48,082 - DEBUG - < sec-websocket-extensions: permessage-deflate
2023-03-29 16:56:48,082 - DEBUG - < X-Cache: Miss from cloudfront
2023-03-29 16:56:48,082 - DEBUG - < Via: 1.1 88978ba000ab6fbb0841a728290a8442.cloudfront.net (CloudFront)
2023-03-29 16:56:48,082 - DEBUG - < X-Amz-Cf-Pop: ICN57-P2
2023-03-29 16:56:48,082 - DEBUG - < X-Amz-Cf-Id: RockonsBI0YCR75hyO5X3SP54gJfXfgpPfmFMBnJuER0sqqt8HWBGg==
2023-03-29 16:56:48,083 - DEBUG - = connection is OPEN
2023-03-29 16:56:48,128 - DEBUG - > TEXT '[2, "6eb79fac-dcef-4183-bcac-67ea31eca8e0", "Bo...ePointVendor": "EVAR"}]' [127 bytes]
2023-03-29 16:56:48,368 - DEBUG - < TEXT '[3, "6eb79fac-dcef-4183-bcac-67ea31eca8e0", {"s...44Z", "interval": 600}]' [123 bytes]
2023-03-29 16:56:48,418 - DEBUG - > TEXT '[2, "21a3597d-e308-48ea-9ffc-88290181aa2d", "Au...": "1031040000069641"}]' [87 bytes]
2023-03-29 16:56:48,647 - DEBUG - < TEXT '[3, "21a3597d-e308-48ea-9ffc-88290181aa2d", {"i..."status": "Accepted"}}]' [82 bytes]
2023-03-29 16:56:48,700 - DEBUG - > TEXT '[2, "85b93b4a-11fe-432e-a108-b05638e66f86", "St..."status": "Preparing"}]' [132 bytes]
2023-03-29 16:56:48,889 - DEBUG - < TEXT '[3, "85b93b4a-11fe-432e-a108-b05638e66f86", {}]' [47 bytes]
2023-03-29 16:56:48,950 - DEBUG - > TEXT '[2, "3fd96e88-df16-4eb9-a39c-68fd788ad74d", "St...2023-03-29T16:56:44Z"}]' [170 bytes]
2023-03-29 16:56:49,228 - DEBUG - < TEXT '[3, "3fd96e88-df16-4eb9-a39c-68fd788ad74d", {"t..."status": "Accepted"}}]' [110 bytes]
2023-03-29 16:56:49,289 - DEBUG - > TEXT '[2, "701b7aaa-85b5-4b6f-a8ce-772a95678ca7", "St... "status": "Charging"}]' [131 bytes]
2023-03-29 16:56:49,447 - DEBUG - < TEXT '[3, "701b7aaa-85b5-4b6f-a8ce-772a95678ca7", {}]' [47 bytes]
2023-03-29 16:56:49,506 - DEBUG - > TEXT '[2, "ffa2e691-075e-4627-974d-6b0558cf3ff6", "Me...er", "unit": "Wh"}]}]}]' [259 bytes]
2023-03-29 16:56:49,730 - DEBUG - < TEXT '[3, "ffa2e691-075e-4627-974d-6b0558cf3ff6", {}]' [47 bytes]
2023-03-29 16:56:49,790 - DEBUG - > TEXT '[2, "11e042f7-58da-4bdb-a090-ab275636530c", "St...sactionId": 120533629}]' [149 bytes]
2023-03-29 16:56:50,048 - DEBUG - < TEXT '[3, "11e042f7-58da-4bdb-a090-ab275636530c", {"i..."status": "Accepted"}}]' [82 bytes]
2023-03-29 16:56:50,122 - DEBUG - > TEXT '[2, "5712ca98-312e-4b90-83e9-2f9c857e6ea8", "St..."status": "Finishing"}]' [132 bytes]
2023-03-29 16:56:50,308 - DEBUG - < TEXT '[3, "5712ca98-312e-4b90-83e9-2f9c857e6ea8", {}]' [47 bytes]
2023-03-29 16:56:50,375 - DEBUG - > TEXT '[2, "f425d1e4-4241-4f42-9bf2-7ba2d890410b", "St..."status": "Available"}]' [132 bytes]
2023-03-29 16:56:50,529 - DEBUG - < TEXT '[3, "f425d1e4-4241-4f42-9bf2-7ba2d890410b", {}]' [47 bytes]
2023-03-29 16:56:50,565 - DEBUG - = connection is CLOSING
2023-03-29 16:56:50,565 - DEBUG - > CLOSE 1000 (OK) [2 bytes]
2023-03-29 16:56:50,574 - DEBUG - < CLOSE 1000 (OK) [2 bytes]
2023-03-29 16:56:50,581 - DEBUG - = connection is CLOSED
2023-03-29 16:56:50,590 - DEBUG - = connection is CONNECTING
2023-03-29 16:56:50,630 - DEBUG - > GET /ocpp16/ELA007C05/EVSCA050001 HTTP/1.1
2023-03-29 16:56:50,630 - DEBUG - > Host: ws.devevspcharger.uplus.co.kr
2023-03-29 16:56:50,630 - DEBUG - > Upgrade: websocket
2023-03-29 16:56:50,630 - DEBUG - > Connection: Upgrade
2023-03-29 16:56:50,630 - DEBUG - > Sec-WebSocket-Key: dD6TIeGuMoxcpIacDCDb/A==
2023-03-29 16:56:50,630 - DEBUG - > Sec-WebSocket-Version: 13
2023-03-29 16:56:50,631 - DEBUG - > Sec-WebSocket-Extensions: permessage-deflate; client_max_window_bits
2023-03-29 16:56:50,631 - DEBUG - > Sec-WebSocket-Protocol: ocpp1.6
2023-03-29 16:56:50,631 - DEBUG - > Authorization: Basic RVZBUjpFVkFSTEdV
2023-03-29 16:56:50,631 - DEBUG - > User-Agent: Python/3.11 websockets/10.4
2023-03-29 16:56:50,863 - DEBUG - < HTTP/1.1 101 Switching Protocols
2023-03-29 16:56:50,863 - DEBUG - < Connection: upgrade
2023-03-29 16:56:50,864 - DEBUG - < Date: Wed, 29 Mar 2023 07:56:47 GMT
2023-03-29 16:56:50,864 - DEBUG - < sec-websocket-protocol: ocpp1.6
2023-03-29 16:56:50,864 - DEBUG - < upgrade: websocket
2023-03-29 16:56:50,864 - DEBUG - < sec-websocket-accept: 3kG/6PNSf8YKufjCpDVeiXuCXpY=
2023-03-29 16:56:50,864 - DEBUG - < sec-websocket-extensions: permessage-deflate
2023-03-29 16:56:50,864 - DEBUG - < X-Cache: Miss from cloudfront
2023-03-29 16:56:50,864 - DEBUG - < Via: 1.1 98cc70c99d4e07b8cd37265dc48c5a54.cloudfront.net (CloudFront)
2023-03-29 16:56:50,865 - DEBUG - < X-Amz-Cf-Pop: ICN57-P2
2023-03-29 16:56:50,865 - DEBUG - < X-Amz-Cf-Id: EErewZOy_RDmwC3FD04PrgYd8aq09q8UmlYXVEZqb5hKhYyWyTBU0A==
2023-03-29 16:56:50,865 - DEBUG - = connection is OPEN
2023-03-29 16:56:50,909 - DEBUG - > TEXT '[2, "76faecb7-bfa0-40ad-a2c1-568bbdb0c7cb", "Bo...ePointVendor": "EVAR"}]' [127 bytes]
2023-03-29 16:56:51,149 - DEBUG - < TEXT '[3, "76faecb7-bfa0-40ad-a2c1-568bbdb0c7cb", {"s...47Z", "interval": 600}]' [123 bytes]
2023-03-29 16:56:51,294 - DEBUG - Starting new HTTPS connection (1): 8b434254zg.execute-api.ap-northeast-2.amazonaws.com:443
2023-03-29 16:56:51,711 - DEBUG - https://8b434254zg.execute-api.ap-northeast-2.amazonaws.com:443 "POST /dev/ioc HTTP/1.1" 200 163
2023-03-29 16:56:51,766 - DEBUG - < TEXT '[2, "da7cb492-36cd-428d-a134-a5f3f304dd90", "Ch...nKey", "value": "300"}]' [118 bytes]
2023-03-29 16:56:51,774 - DEBUG - > TEXT '[3, "da7cb492-36cd-428d-a134-a5f3f304dd90", {"status": "Accepted"}]' [67 bytes]
2023-03-29 16:56:51,967 - DEBUG - < TEXT '' [0 bytes]
2023-03-29 16:56:52,023 - DEBUG - Starting new HTTPS connection (1): 8b434254zg.execute-api.ap-northeast-2.amazonaws.com:443
2023-03-29 16:56:52,812 - DEBUG - https://8b434254zg.execute-api.ap-northeast-2.amazonaws.com:443 "POST /dev/ioc HTTP/1.1" 200 106
2023-03-29 16:56:52,865 - DEBUG - < TEXT '[2, "12f17aca-96f2-40e7-81c9-640e86a09f93", "ClearCache", {}]' [61 bytes]
2023-03-29 16:56:52,869 - DEBUG - > TEXT '[3, "12f17aca-96f2-40e7-81c9-640e86a09f93", {"status": "Accepted"}]' [67 bytes]
2023-03-29 16:56:53,046 - DEBUG - < TEXT '' [0 bytes]
2023-03-29 16:56:53,079 - DEBUG - > TEXT '[2, "af64e218-2713-48a6-b6af-b38a824a56a5", "Au...": "1031040000069641"}]' [87 bytes]
2023-03-29 16:56:53,308 - DEBUG - < TEXT '[3, "af64e218-2713-48a6-b6af-b38a824a56a5", {"i..."status": "Accepted"}}]' [82 bytes]
2023-03-29 16:56:53,344 - DEBUG - > TEXT '[2, "9ee50981-7cbe-486b-96d0-34ceb2ad4e2f", "St..."status": "Preparing"}]' [132 bytes]
2023-03-29 16:56:53,539 - DEBUG - < TEXT '[3, "9ee50981-7cbe-486b-96d0-34ceb2ad4e2f", {}]' [47 bytes]
2023-03-29 16:56:53,575 - DEBUG - > TEXT '[2, "5f164fc4-84d2-482d-a51e-72c8581fa716", "St..."status": "Available"}]' [132 bytes]
2023-03-29 16:56:53,769 - DEBUG - < TEXT '[3, "5f164fc4-84d2-482d-a51e-72c8581fa716", {}]' [47 bytes]
2023-03-29 16:56:53,797 - DEBUG - = connection is CLOSING
2023-03-29 16:56:53,797 - DEBUG - > CLOSE 1000 (OK) [2 bytes]
2023-03-29 16:56:53,807 - DEBUG - < CLOSE 1000 (OK) [2 bytes]
2023-03-29 16:56:53,813 - DEBUG - = connection is CLOSED
2023-03-29 17:01:12,719 - DEBUG - = connection is CONNECTING
2023-03-29 17:01:12,760 - DEBUG - > GET /ocpp16/ELA007C05/EVSCA050001 HTTP/1.1
2023-03-29 17:01:12,761 - DEBUG - > Host: ws.devevspcharger.uplus.co.kr
2023-03-29 17:01:12,761 - DEBUG - > Upgrade: websocket
2023-03-29 17:01:12,761 - DEBUG - > Connection: Upgrade
2023-03-29 17:01:12,761 - DEBUG - > Sec-WebSocket-Key: AQx/FIddOLJgJeooqt24+Q==
2023-03-29 17:01:12,761 - DEBUG - > Sec-WebSocket-Version: 13
2023-03-29 17:01:12,761 - DEBUG - > Sec-WebSocket-Extensions: permessage-deflate; client_max_window_bits
2023-03-29 17:01:12,761 - DEBUG - > Sec-WebSocket-Protocol: ocpp1.6
2023-03-29 17:01:12,762 - DEBUG - > Authorization: Basic RVZBUjpFVkFSTEdV
2023-03-29 17:01:12,762 - DEBUG - > User-Agent: Python/3.11 websockets/10.4
2023-03-29 17:01:13,415 - DEBUG - < HTTP/1.1 101 Switching Protocols
2023-03-29 17:01:13,416 - DEBUG - < Connection: upgrade
2023-03-29 17:01:13,416 - DEBUG - < Date: Wed, 29 Mar 2023 08:01:09 GMT
2023-03-29 17:01:13,416 - DEBUG - < sec-websocket-protocol: ocpp1.6
2023-03-29 17:01:13,416 - DEBUG - < upgrade: websocket
2023-03-29 17:01:13,416 - DEBUG - < sec-websocket-accept: AW6o6zoQHvyd5tGWSy7puyri/aE=
2023-03-29 17:01:13,417 - DEBUG - < sec-websocket-extensions: permessage-deflate
2023-03-29 17:01:13,417 - DEBUG - < X-Cache: Miss from cloudfront
2023-03-29 17:01:13,417 - DEBUG - < Via: 1.1 398e2e4101ed255d172b5d628fa36f5c.cloudfront.net (CloudFront)
2023-03-29 17:01:13,417 - DEBUG - < X-Amz-Cf-Pop: ICN57-P2
2023-03-29 17:01:13,417 - DEBUG - < X-Amz-Cf-Id: wmPk68SxeBK8ReQOfLjbf3C8Jj1aO3m1jVNcXdotVYosvPppyLS3fw==
2023-03-29 17:01:13,418 - DEBUG - = connection is OPEN
2023-03-29 17:01:13,449 - DEBUG - > TEXT '[2, "f4454321-afe1-49a2-8860-778a9da956f1", "Bo...ePointVendor": "EVAR"}]' [127 bytes]
2023-03-29 17:01:13,877 - DEBUG - < TEXT '[3, "f4454321-afe1-49a2-8860-778a9da956f1", {"s...09Z", "interval": 600}]' [123 bytes]
2023-03-29 17:01:13,905 - DEBUG - > TEXT '[2, "f4454321-afe1-49a2-8860-778a9da956f1", "St..."status": "Available"}]' [132 bytes]
2023-03-29 17:01:14,124 - DEBUG - < TEXT '[3, "f4454321-afe1-49a2-8860-778a9da956f1", {}]' [47 bytes]
2023-03-29 17:01:14,149 - DEBUG - > TEXT '[2, "f4454321-afe1-49a2-8860-778a9da956f1", "Au...": "1031040000069641"}]' [87 bytes]
2023-03-29 17:01:14,394 - DEBUG - < TEXT '[3, "f4454321-afe1-49a2-8860-778a9da956f1", {"i..."status": "Accepted"}}]' [82 bytes]
2023-03-29 17:01:14,420 - DEBUG - > TEXT '[2, "39d1f710-dbfc-420d-abfa-91fa5a158ca0", "St...2023-03-29T17:01:12Z"}]' [170 bytes]
2023-03-29 17:01:14,734 - DEBUG - < TEXT '[3, "39d1f710-dbfc-420d-abfa-91fa5a158ca0", {"t..."status": "Accepted"}}]' [110 bytes]
2023-03-29 17:01:14,787 - DEBUG - > TEXT '[2, "bb6cb716-72c6-48ed-a3ab-0518b25cc7d7", "St... "status": "Charging"}]' [131 bytes]
2023-03-29 17:01:14,972 - DEBUG - < TEXT '[3, "bb6cb716-72c6-48ed-a3ab-0518b25cc7d7", {}]' [47 bytes]
2023-03-29 17:01:15,044 - DEBUG - > TEXT '[2, "4b1688f3-ab19-41b3-a27a-51e5abdf6dd7", "Me...er", "unit": "Wh"}]}]}]' [259 bytes]
2023-03-29 17:01:15,255 - DEBUG - < TEXT '[3, "4b1688f3-ab19-41b3-a27a-51e5abdf6dd7", {}]' [47 bytes]
2023-03-29 17:01:15,309 - DEBUG - > TEXT '[2, "1d062d05-b1f7-49b7-90d8-e3dd568c4953", "St...sactionId": 120533631}]' [149 bytes]
2023-03-29 17:01:15,573 - DEBUG - < TEXT '[3, "1d062d05-b1f7-49b7-90d8-e3dd568c4953", {"i..."status": "Accepted"}}]' [82 bytes]
2023-03-29 17:01:15,629 - DEBUG - > TEXT '[2, "b415ab78-1687-4f0b-81b2-00163edbbbf8", "St..."status": "Finishing"}]' [132 bytes]
2023-03-29 17:01:15,813 - DEBUG - < TEXT '[3, "b415ab78-1687-4f0b-81b2-00163edbbbf8", {}]' [47 bytes]
2023-03-29 17:01:15,871 - DEBUG - > TEXT '[2, "ff5fc4f4-3eef-404f-b4d8-ff1ea5708d7f", "St..."status": "Available"}]' [132 bytes]
2023-03-29 17:01:16,061 - DEBUG - < TEXT '[3, "ff5fc4f4-3eef-404f-b4d8-ff1ea5708d7f", {}]' [47 bytes]
2023-03-29 17:01:16,108 - DEBUG - = connection is CLOSING
2023-03-29 17:01:16,109 - DEBUG - > CLOSE 1000 (OK) [2 bytes]
2023-03-29 17:01:16,117 - DEBUG - < CLOSE 1000 (OK) [2 bytes]
2023-03-29 17:01:16,125 - DEBUG - = connection is CLOSED
2023-03-29 17:01:16,135 - DEBUG - = connection is CONNECTING
2023-03-29 17:01:16,175 - DEBUG - > GET /ocpp16/ELA007C05/EVSCA050001 HTTP/1.1
2023-03-29 17:01:16,176 - DEBUG - > Host: ws.devevspcharger.uplus.co.kr
2023-03-29 17:01:16,176 - DEBUG - > Upgrade: websocket
2023-03-29 17:01:16,176 - DEBUG - > Connection: Upgrade
2023-03-29 17:01:16,176 - DEBUG - > Sec-WebSocket-Key: IJ/jaoDHKN4k+aGe5p7ToA==
2023-03-29 17:01:16,176 - DEBUG - > Sec-WebSocket-Version: 13
2023-03-29 17:01:16,177 - DEBUG - > Sec-WebSocket-Extensions: permessage-deflate; client_max_window_bits
2023-03-29 17:01:16,177 - DEBUG - > Sec-WebSocket-Protocol: ocpp1.6
2023-03-29 17:01:16,177 - DEBUG - > Authorization: Basic RVZBUjpFVkFSTEdV
2023-03-29 17:01:16,177 - DEBUG - > User-Agent: Python/3.11 websockets/10.4
2023-03-29 17:01:16,408 - DEBUG - < HTTP/1.1 101 Switching Protocols
2023-03-29 17:01:16,409 - DEBUG - < Connection: upgrade
2023-03-29 17:01:16,409 - DEBUG - < Date: Wed, 29 Mar 2023 08:01:12 GMT
2023-03-29 17:01:16,409 - DEBUG - < sec-websocket-protocol: ocpp1.6
2023-03-29 17:01:16,409 - DEBUG - < upgrade: websocket
2023-03-29 17:01:16,409 - DEBUG - < sec-websocket-accept: eejX8M+r2CnZc0R15hs81ljcI94=
2023-03-29 17:01:16,409 - DEBUG - < sec-websocket-extensions: permessage-deflate
2023-03-29 17:01:16,410 - DEBUG - < X-Cache: Miss from cloudfront
2023-03-29 17:01:16,410 - DEBUG - < Via: 1.1 8e619a006d3eebbe44543457c797a4f0.cloudfront.net (CloudFront)
2023-03-29 17:01:16,410 - DEBUG - < X-Amz-Cf-Pop: ICN57-P2
2023-03-29 17:01:16,410 - DEBUG - < X-Amz-Cf-Id: RzpiJKCmjmxkwxvTcRAzW5IjHxC1JFPOuiFA8DhfBTVbhRZ0UIqrLQ==
2023-03-29 17:01:16,410 - DEBUG - = connection is OPEN
2023-03-29 17:01:16,458 - DEBUG - > TEXT '[2, "9668d9b1-812a-42f6-ae51-855d1d476307", "Bo...ePointVendor": "EVAR"}]' [127 bytes]
2023-03-29 17:01:16,694 - DEBUG - < TEXT '[3, "9668d9b1-812a-42f6-ae51-855d1d476307", {"s...12Z", "interval": 600}]' [123 bytes]
2023-03-29 17:01:16,750 - DEBUG - > TEXT '[2, "84d03ba6-e7ce-4feb-8496-946e202a4c8c", "Au...": "1031040000069641"}]' [87 bytes]
2023-03-29 17:01:16,994 - DEBUG - < TEXT '[3, "84d03ba6-e7ce-4feb-8496-946e202a4c8c", {"i..."status": "Accepted"}}]' [82 bytes]
2023-03-29 17:01:17,056 - DEBUG - > TEXT '[2, "6156c035-eac6-4e4c-ab5e-af223e9f0637", "St..."status": "Preparing"}]' [132 bytes]
2023-03-29 17:01:17,233 - DEBUG - < TEXT '[3, "6156c035-eac6-4e4c-ab5e-af223e9f0637", {}]' [47 bytes]
2023-03-29 17:01:17,283 - DEBUG - > TEXT '[2, "138bf6c5-ee50-432d-962f-005157f4a936", "St...2023-03-29T17:01:12Z"}]' [170 bytes]
2023-03-29 17:01:17,572 - DEBUG - < TEXT '[3, "138bf6c5-ee50-432d-962f-005157f4a936", {"t..."status": "Accepted"}}]' [110 bytes]
2023-03-29 17:01:17,628 - DEBUG - > TEXT '[2, "6d32035b-355a-436f-a8c8-b5222f6df710", "St... "status": "Charging"}]' [131 bytes]
2023-03-29 17:01:17,812 - DEBUG - < TEXT '[3, "6d32035b-355a-436f-a8c8-b5222f6df710", {}]' [47 bytes]
2023-03-29 17:01:17,862 - DEBUG - > TEXT '[2, "67dfd9a6-bc4b-429b-bcc4-acb3ae738f62", "Me...er", "unit": "Wh"}]}]}]' [259 bytes]
2023-03-29 17:01:18,072 - DEBUG - < TEXT '[3, "67dfd9a6-bc4b-429b-bcc4-acb3ae738f62", {}]' [47 bytes]
2023-03-29 17:01:18,135 - DEBUG - > TEXT '[2, "77d8e5b9-46f6-495b-877e-108eb0e11abc", "St...sactionId": 120533632}]' [149 bytes]
2023-03-29 17:01:18,414 - DEBUG - < TEXT '[3, "77d8e5b9-46f6-495b-877e-108eb0e11abc", {"i..."status": "Accepted"}}]' [82 bytes]
2023-03-29 17:01:18,485 - DEBUG - > TEXT '[2, "dcf1aada-dbb1-44d9-af6b-52145163fa6d", "St..."status": "Finishing"}]' [132 bytes]
2023-03-29 17:01:18,673 - DEBUG - < TEXT '[3, "dcf1aada-dbb1-44d9-af6b-52145163fa6d", {}]' [47 bytes]
2023-03-29 17:01:18,734 - DEBUG - > TEXT '[2, "c2fe0e9e-743b-48d0-af7d-8df264e81811", "St..."status": "Available"}]' [132 bytes]
2023-03-29 17:01:18,924 - DEBUG - < TEXT '[3, "c2fe0e9e-743b-48d0-af7d-8df264e81811", {}]' [47 bytes]
2023-03-29 17:01:18,953 - DEBUG - = connection is CLOSING
2023-03-29 17:01:18,953 - DEBUG - > CLOSE 1000 (OK) [2 bytes]
2023-03-29 17:01:18,964 - DEBUG - < CLOSE 1000 (OK) [2 bytes]
2023-03-29 17:01:18,970 - DEBUG - = connection is CLOSED
2023-03-29 17:01:18,981 - DEBUG - = connection is CONNECTING
2023-03-29 17:01:19,025 - DEBUG - > GET /ocpp16/ELA007C05/EVSCA050001 HTTP/1.1
2023-03-29 17:01:19,025 - DEBUG - > Host: ws.devevspcharger.uplus.co.kr
2023-03-29 17:01:19,025 - DEBUG - > Upgrade: websocket
2023-03-29 17:01:19,025 - DEBUG - > Connection: Upgrade
2023-03-29 17:01:19,025 - DEBUG - > Sec-WebSocket-Key: S9vMj6UHn5JE7QRlOR00eQ==
2023-03-29 17:01:19,026 - DEBUG - > Sec-WebSocket-Version: 13
2023-03-29 17:01:19,026 - DEBUG - > Sec-WebSocket-Extensions: permessage-deflate; client_max_window_bits
2023-03-29 17:01:19,026 - DEBUG - > Sec-WebSocket-Protocol: ocpp1.6
2023-03-29 17:01:19,026 - DEBUG - > Authorization: Basic RVZBUjpFVkFSTEdV
2023-03-29 17:01:19,026 - DEBUG - > User-Agent: Python/3.11 websockets/10.4
2023-03-29 17:01:19,248 - DEBUG - < HTTP/1.1 101 Switching Protocols
2023-03-29 17:01:19,248 - DEBUG - < Connection: upgrade
2023-03-29 17:01:19,248 - DEBUG - < Date: Wed, 29 Mar 2023 08:01:15 GMT
2023-03-29 17:01:19,248 - DEBUG - < sec-websocket-protocol: ocpp1.6
2023-03-29 17:01:19,248 - DEBUG - < upgrade: websocket
2023-03-29 17:01:19,248 - DEBUG - < sec-websocket-accept: cI7iRhNPW7Z2hlnhgrosJ5/IM58=
2023-03-29 17:01:19,248 - DEBUG - < sec-websocket-extensions: permessage-deflate
2023-03-29 17:01:19,249 - DEBUG - < X-Cache: Miss from cloudfront
2023-03-29 17:01:19,249 - DEBUG - < Via: 1.1 1c2dddf38b53f960ce106f4047c232e4.cloudfront.net (CloudFront)
2023-03-29 17:01:19,249 - DEBUG - < X-Amz-Cf-Pop: ICN57-P2
2023-03-29 17:01:19,249 - DEBUG - < X-Amz-Cf-Id: sTzJGUkcY_kc40yMrRt0XD7NfTaAQ_yajoBy2pYFj-tzOveRX0HuXw==
2023-03-29 17:01:19,249 - DEBUG - = connection is OPEN
2023-03-29 17:01:19,300 - DEBUG - > TEXT '[2, "2386c40e-418e-447c-ac9a-3700dc10493a", "Bo...ePointVendor": "EVAR"}]' [127 bytes]
2023-03-29 17:01:19,532 - DEBUG - < TEXT '[3, "2386c40e-418e-447c-ac9a-3700dc10493a", {"s...15Z", "interval": 600}]' [123 bytes]
2023-03-29 17:01:19,656 - DEBUG - Starting new HTTPS connection (1): 8b434254zg.execute-api.ap-northeast-2.amazonaws.com:443
2023-03-29 17:01:20,292 - DEBUG - https://8b434254zg.execute-api.ap-northeast-2.amazonaws.com:443 "POST /dev/ioc HTTP/1.1" 200 163
2023-03-29 17:01:20,346 - DEBUG - < TEXT '[2, "f9dca5b8-1183-41ae-9343-8e360bcf7d88", "Ch...nKey", "value": "300"}]' [118 bytes]
2023-03-29 17:01:20,351 - DEBUG - > TEXT '[3, "f9dca5b8-1183-41ae-9343-8e360bcf7d88", {"status": "Accepted"}]' [67 bytes]
2023-03-29 17:01:20,553 - DEBUG - < TEXT '' [0 bytes]
2023-03-29 17:01:20,597 - DEBUG - Starting new HTTPS connection (1): 8b434254zg.execute-api.ap-northeast-2.amazonaws.com:443
2023-03-29 17:01:21,016 - DEBUG - https://8b434254zg.execute-api.ap-northeast-2.amazonaws.com:443 "POST /dev/ioc HTTP/1.1" 200 106
2023-03-29 17:01:21,073 - DEBUG - < TEXT '[2, "c9f041f1-161f-4047-af81-b34293442d4d", "ClearCache", {}]' [61 bytes]
2023-03-29 17:01:21,078 - DEBUG - > TEXT '[3, "c9f041f1-161f-4047-af81-b34293442d4d", {"status": "Accepted"}]' [67 bytes]
2023-03-29 17:01:21,253 - DEBUG - < TEXT '' [0 bytes]
2023-03-29 17:01:21,296 - DEBUG - > TEXT '[2, "61f02db7-38b8-43af-a84a-31ccc36ebb1d", "Au...": "1031040000069641"}]' [87 bytes]
2023-03-29 17:01:21,534 - DEBUG - < TEXT '[3, "61f02db7-38b8-43af-a84a-31ccc36ebb1d", {"i..."status": "Accepted"}}]' [82 bytes]
2023-03-29 17:01:21,577 - DEBUG - > TEXT '[2, "261fe880-c9f2-45d1-ab80-159fbb9f65d7", "St..."status": "Preparing"}]' [132 bytes]
2023-03-29 17:01:21,792 - DEBUG - < TEXT '[3, "261fe880-c9f2-45d1-ab80-159fbb9f65d7", {}]' [47 bytes]
2023-03-29 17:01:21,827 - DEBUG - > TEXT '[2, "07a0aad1-a666-4e38-a5bb-a701790f0c26", "St..."status": "Available"}]' [132 bytes]
2023-03-29 17:01:22,053 - DEBUG - < TEXT '[3, "07a0aad1-a666-4e38-a5bb-a701790f0c26", {}]' [47 bytes]
2023-03-29 17:01:22,077 - DEBUG - = connection is CLOSING
2023-03-29 17:01:22,077 - DEBUG - > CLOSE 1000 (OK) [2 bytes]
2023-03-29 17:01:22,085 - DEBUG - < CLOSE 1000 (OK) [2 bytes]
2023-03-29 17:01:22,094 - DEBUG - = connection is CLOSED
2023-03-29 17:01:29,692 - DEBUG - = connection is CONNECTING
2023-03-29 17:01:29,727 - DEBUG - > GET /ocpp16/ELA007C05/EVSCA050001 HTTP/1.1
2023-03-29 17:01:29,728 - DEBUG - > Host: ws.devevspcharger.uplus.co.kr
2023-03-29 17:01:29,728 - DEBUG - > Upgrade: websocket
2023-03-29 17:01:29,728 - DEBUG - > Connection: Upgrade
2023-03-29 17:01:29,728 - DEBUG - > Sec-WebSocket-Key: HMChHjCLTMSOcQwHnfrYHg==
2023-03-29 17:01:29,728 - DEBUG - > Sec-WebSocket-Version: 13
2023-03-29 17:01:29,728 - DEBUG - > Sec-WebSocket-Extensions: permessage-deflate; client_max_window_bits
2023-03-29 17:01:29,728 - DEBUG - > Sec-WebSocket-Protocol: ocpp1.6
2023-03-29 17:01:29,728 - DEBUG - > Authorization: Basic RVZBUjpFVkFSTEdV
2023-03-29 17:01:29,729 - DEBUG - > User-Agent: Python/3.11 websockets/10.4
2023-03-29 17:01:29,927 - DEBUG - < HTTP/1.1 101 Switching Protocols
2023-03-29 17:01:29,927 - DEBUG - < Connection: upgrade
2023-03-29 17:01:29,927 - DEBUG - < Date: Wed, 29 Mar 2023 08:01:26 GMT
2023-03-29 17:01:29,927 - DEBUG - < sec-websocket-protocol: ocpp1.6
2023-03-29 17:01:29,927 - DEBUG - < upgrade: websocket
2023-03-29 17:01:29,927 - DEBUG - < sec-websocket-accept: /Btt03WhUH8AwMmJSkb1zzKSJeU=
2023-03-29 17:01:29,927 - DEBUG - < sec-websocket-extensions: permessage-deflate
2023-03-29 17:01:29,927 - DEBUG - < X-Cache: Miss from cloudfront
2023-03-29 17:01:29,928 - DEBUG - < Via: 1.1 013a9ec825a751410eced78024a9ae1a.cloudfront.net (CloudFront)
2023-03-29 17:01:29,928 - DEBUG - < X-Amz-Cf-Pop: ICN57-P2
2023-03-29 17:01:29,928 - DEBUG - < X-Amz-Cf-Id: NoYAezTq74OR8KDbArAFDJ0ioh8lxwwJNGu6AZ6b6ctlhxmpUgFE1g==
2023-03-29 17:01:29,928 - DEBUG - = connection is OPEN
2023-03-29 17:01:29,968 - DEBUG - > TEXT '[2, "e8470c79-ce71-4678-9afb-ca734e5c0883", "Bo...ePointVendor": "EVAR"}]' [127 bytes]
2023-03-29 17:01:30,236 - DEBUG - < TEXT '[3, "e8470c79-ce71-4678-9afb-ca734e5c0883", {"s...26Z", "interval": 600}]' [123 bytes]
2023-03-29 17:01:30,297 - DEBUG - > TEXT '[2, "8069b84e-24fe-43ef-b1a0-cf496e4a9be7", "St..."status": "Available"}]' [132 bytes]
2023-03-29 17:01:30,494 - DEBUG - < TEXT '[3, "8069b84e-24fe-43ef-b1a0-cf496e4a9be7", {}]' [47 bytes]
2023-03-29 17:01:30,543 - DEBUG - > TEXT '[2, "9013cf34-3f0b-4c35-8a54-848653343194", "Au...": "1031040000069641"}]' [87 bytes]
2023-03-29 17:01:30,816 - DEBUG - < TEXT '[3, "9013cf34-3f0b-4c35-8a54-848653343194", {"i..."status": "Accepted"}}]' [82 bytes]
2023-03-29 17:01:30,840 - DEBUG - = connection is CLOSING
2023-03-29 17:01:30,840 - DEBUG - > CLOSE 1000 (OK) [2 bytes]
2023-03-29 17:01:30,859 - DEBUG - < CLOSE 1000 (OK) [2 bytes]
2023-03-29 17:01:30,868 - DEBUG - = connection is CLOSED
2023-03-29 17:01:30,880 - DEBUG - = connection is CONNECTING
2023-03-29 17:01:30,917 - DEBUG - > GET /ocpp16/ELA007C05/EVSCA050001 HTTP/1.1
2023-03-29 17:01:30,917 - DEBUG - > Host: ws.devevspcharger.uplus.co.kr
2023-03-29 17:01:30,917 - DEBUG - > Upgrade: websocket
2023-03-29 17:01:30,918 - DEBUG - > Connection: Upgrade
2023-03-29 17:01:30,918 - DEBUG - > Sec-WebSocket-Key: XGTgp/B1zHmjMQqo9TYfOg==
2023-03-29 17:01:30,918 - DEBUG - > Sec-WebSocket-Version: 13
2023-03-29 17:01:30,918 - DEBUG - > Sec-WebSocket-Extensions: permessage-deflate; client_max_window_bits
2023-03-29 17:01:30,918 - DEBUG - > Sec-WebSocket-Protocol: ocpp1.6
2023-03-29 17:01:30,918 - DEBUG - > Authorization: Basic RVZBUjpFVkFSTEdV
2023-03-29 17:01:30,918 - DEBUG - > User-Agent: Python/3.11 websockets/10.4
2023-03-29 17:01:31,175 - DEBUG - < HTTP/1.1 101 Switching Protocols
2023-03-29 17:01:31,175 - DEBUG - < Connection: upgrade
2023-03-29 17:01:31,175 - DEBUG - < Date: Wed, 29 Mar 2023 08:01:27 GMT
2023-03-29 17:01:31,175 - DEBUG - < sec-websocket-protocol: ocpp1.6
2023-03-29 17:01:31,176 - DEBUG - < upgrade: websocket
2023-03-29 17:01:31,176 - DEBUG - < sec-websocket-accept: 7cDGpZ2BSejL96u02taxISfV7Fs=
2023-03-29 17:01:31,177 - DEBUG - < sec-websocket-extensions: permessage-deflate
2023-03-29 17:01:31,177 - DEBUG - < X-Cache: Miss from cloudfront
2023-03-29 17:01:31,177 - DEBUG - < Via: 1.1 5b6f80c06c5584561e15bd2fd58882ee.cloudfront.net (CloudFront)
2023-03-29 17:01:31,177 - DEBUG - < X-Amz-Cf-Pop: ICN57-P2
2023-03-29 17:01:31,177 - DEBUG - < X-Amz-Cf-Id: -wKgTGcSwdCMfzlY17trc7pka6dHfHBpRUOB228ePp9yq23RCFOR0w==
2023-03-29 17:01:31,177 - DEBUG - = connection is OPEN
2023-03-29 17:01:31,225 - DEBUG - > TEXT '[2, "b5564ec8-39bc-4f0f-bcfb-caa5fc88aedd", "Bo...ePointVendor": "EVAR"}]' [127 bytes]
2023-03-29 17:01:31,487 - DEBUG - < TEXT '[3, "b5564ec8-39bc-4f0f-bcfb-caa5fc88aedd", {"s...27Z", "interval": 600}]' [123 bytes]
2023-03-29 17:01:31,548 - DEBUG - > TEXT '[2, "24abb2ae-0333-4ec0-8ac2-321a9c2a8d39", "St..."status": "Available"}]' [132 bytes]
2023-03-29 17:01:31,736 - DEBUG - < TEXT '[3, "24abb2ae-0333-4ec0-8ac2-321a9c2a8d39", {}]' [47 bytes]
2023-03-29 17:01:31,787 - DEBUG - > TEXT '[2, "6738e5ac-4290-4e50-ba64-606aaf572438", "Au...": "1031040000069641"}]' [87 bytes]
2023-03-29 17:01:32,036 - DEBUG - < TEXT '[3, "6738e5ac-4290-4e50-ba64-606aaf572438", {"i..."status": "Accepted"}}]' [82 bytes]
2023-03-29 17:01:32,080 - DEBUG - > TEXT '[2, "2533a4d4-dbf1-4a3e-b5d8-d64ed708bfbc", "St...2023-03-29T17:01:12Z"}]' [170 bytes]
2023-03-29 17:01:32,417 - DEBUG - < TEXT '[3, "2533a4d4-dbf1-4a3e-b5d8-d64ed708bfbc", {"t..."status": "Accepted"}}]' [110 bytes]
2023-03-29 17:01:32,481 - DEBUG - > TEXT '[2, "dfd812bd-0645-4b5d-bbf5-8632448cd881", "St... "status": "Charging"}]' [131 bytes]
2023-03-29 17:01:32,673 - DEBUG - < TEXT '[3, "dfd812bd-0645-4b5d-bbf5-8632448cd881", {}]' [47 bytes]
2023-03-29 17:01:32,732 - DEBUG - > TEXT '[2, "76d55847-8a76-4db7-a25d-3b75ec9076ba", "Me...er", "unit": "Wh"}]}]}]' [259 bytes]
2023-03-29 17:01:32,952 - DEBUG - < TEXT '[3, "76d55847-8a76-4db7-a25d-3b75ec9076ba", {}]' [47 bytes]
2023-03-29 17:01:33,017 - DEBUG - > TEXT '[2, "ea649799-7ca5-474a-935b-3e2fffc4997d", "St...sactionId": 120533631}]' [149 bytes]
2023-03-29 17:01:33,314 - DEBUG - < TEXT '[3, "ea649799-7ca5-474a-935b-3e2fffc4997d", {"i..."status": "Accepted"}}]' [82 bytes]
2023-03-29 17:01:33,380 - DEBUG - > TEXT '[2, "7effba58-1bc5-4f99-9eff-4fe961fe6b71", "St..."status": "Finishing"}]' [132 bytes]
2023-03-29 17:01:33,573 - DEBUG - < TEXT '[3, "7effba58-1bc5-4f99-9eff-4fe961fe6b71", {}]' [47 bytes]
2023-03-29 17:01:33,640 - DEBUG - > TEXT '[2, "4341e0b4-7e00-48ba-a94c-57cf475a9aeb", "St..."status": "Available"}]' [132 bytes]
2023-03-29 17:01:33,839 - DEBUG - < TEXT '[3, "4341e0b4-7e00-48ba-a94c-57cf475a9aeb", {}]' [47 bytes]
2023-03-29 17:01:33,873 - DEBUG - = connection is CLOSING
2023-03-29 17:01:33,873 - DEBUG - > CLOSE 1000 (OK) [2 bytes]
2023-03-29 17:01:33,882 - DEBUG - < CLOSE 1000 (OK) [2 bytes]
2023-03-29 17:01:33,889 - DEBUG - = connection is CLOSED
2023-03-29 17:01:33,902 - DEBUG - = connection is CONNECTING
2023-03-29 17:01:33,940 - DEBUG - > GET /ocpp16/ELA007C05/EVSCA050001 HTTP/1.1
2023-03-29 17:01:33,940 - DEBUG - > Host: ws.devevspcharger.uplus.co.kr
2023-03-29 17:01:33,940 - DEBUG - > Upgrade: websocket
2023-03-29 17:01:33,941 - DEBUG - > Connection: Upgrade
2023-03-29 17:01:33,941 - DEBUG - > Sec-WebSocket-Key: aBUW8gkpGe02BSn7KXvSQQ==
2023-03-29 17:01:33,941 - DEBUG - > Sec-WebSocket-Version: 13
2023-03-29 17:01:33,941 - DEBUG - > Sec-WebSocket-Extensions: permessage-deflate; client_max_window_bits
2023-03-29 17:01:33,941 - DEBUG - > Sec-WebSocket-Protocol: ocpp1.6
2023-03-29 17:01:33,941 - DEBUG - > Authorization: Basic RVZBUjpFVkFSTEdV
2023-03-29 17:01:33,941 - DEBUG - > User-Agent: Python/3.11 websockets/10.4
2023-03-29 17:01:34,146 - DEBUG - < HTTP/1.1 101 Switching Protocols
2023-03-29 17:01:34,147 - DEBUG - < Connection: upgrade
2023-03-29 17:01:34,147 - DEBUG - < Date: Wed, 29 Mar 2023 08:01:30 GMT
2023-03-29 17:01:34,147 - DEBUG - < sec-websocket-protocol: ocpp1.6
2023-03-29 17:01:34,147 - DEBUG - < upgrade: websocket
2023-03-29 17:01:34,147 - DEBUG - < sec-websocket-accept: Xonw3nNjdsH0y67Bf2NfTERstAU=
2023-03-29 17:01:34,147 - DEBUG - < sec-websocket-extensions: permessage-deflate
2023-03-29 17:01:34,147 - DEBUG - < X-Cache: Miss from cloudfront
2023-03-29 17:01:34,147 - DEBUG - < Via: 1.1 8e619a006d3eebbe44543457c797a4f0.cloudfront.net (CloudFront)
2023-03-29 17:01:34,147 - DEBUG - < X-Amz-Cf-Pop: ICN57-P2
2023-03-29 17:01:34,148 - DEBUG - < X-Amz-Cf-Id: kLnkyrVwrZrTkPGatl_c7_e0nUp-NHpxtQ1gdGFg9MMzpVk-z8nhiQ==
2023-03-29 17:01:34,151 - DEBUG - = connection is OPEN
2023-03-29 17:01:34,268 - DEBUG - > TEXT '[2, "77453acc-9717-4812-aaea-6cc78f361265", "Bo...ePointVendor": "EVAR"}]' [127 bytes]
2023-03-29 17:01:34,587 - DEBUG - < TEXT '[3, "77453acc-9717-4812-aaea-6cc78f361265", {"s...30Z", "interval": 600}]' [123 bytes]
2023-03-29 17:01:34,650 - DEBUG - > TEXT '[2, "c3721227-faed-4074-bf62-b8631a0b5e22", "Au...": "1031040000069641"}]' [87 bytes]
2023-03-29 17:01:34,875 - DEBUG - < TEXT '[3, "c3721227-faed-4074-bf62-b8631a0b5e22", {"i..."status": "Accepted"}}]' [82 bytes]
2023-03-29 17:01:34,933 - DEBUG - > TEXT '[2, "0dc846ff-4961-4370-a83c-d4914318375d", "St..."status": "Preparing"}]' [132 bytes]
2023-03-29 17:01:35,111 - DEBUG - < TEXT '[3, "0dc846ff-4961-4370-a83c-d4914318375d", {}]' [47 bytes]
2023-03-29 17:01:35,156 - DEBUG - > TEXT '[2, "f98d2ac5-31b5-4a1a-8dd2-c95e26d1a193", "St...2023-03-29T17:01:12Z"}]' [170 bytes]
2023-03-29 17:01:35,407 - DEBUG - < TEXT '[3, "f98d2ac5-31b5-4a1a-8dd2-c95e26d1a193", {"t..."status": "Accepted"}}]' [110 bytes]
2023-03-29 17:01:35,466 - DEBUG - > TEXT '[2, "31d9e793-8e65-41b2-8d5f-4bdf380aa3ba", "St... "status": "Charging"}]' [131 bytes]
2023-03-29 17:01:35,650 - DEBUG - < TEXT '[3, "31d9e793-8e65-41b2-8d5f-4bdf380aa3ba", {}]' [47 bytes]
2023-03-29 17:01:35,726 - DEBUG - > TEXT '[2, "2c688b81-aa9d-45c8-9e2d-3914099f97af", "Me...er", "unit": "Wh"}]}]}]' [259 bytes]
2023-03-29 17:01:35,952 - DEBUG - < TEXT '[3, "2c688b81-aa9d-45c8-9e2d-3914099f97af", {}]' [47 bytes]
2023-03-29 17:01:36,033 - DEBUG - > TEXT '[2, "ded7b03c-cebb-4309-97a4-0d9c9306b31b", "St...sactionId": 120533632}]' [149 bytes]
2023-03-29 17:01:36,292 - DEBUG - < TEXT '[3, "ded7b03c-cebb-4309-97a4-0d9c9306b31b", {"i..."status": "Accepted"}}]' [82 bytes]
2023-03-29 17:01:36,376 - DEBUG - > TEXT '[2, "afdc4314-9405-4db5-8c4c-05c0d74930cd", "St..."status": "Finishing"}]' [132 bytes]
2023-03-29 17:01:36,595 - DEBUG - < TEXT '[3, "afdc4314-9405-4db5-8c4c-05c0d74930cd", {}]' [47 bytes]
2023-03-29 17:01:36,672 - DEBUG - > TEXT '[2, "ac1e71a9-b826-4f4d-a475-2677267c69a1", "St..."status": "Available"}]' [132 bytes]
2023-03-29 17:01:36,851 - DEBUG - < TEXT '[3, "ac1e71a9-b826-4f4d-a475-2677267c69a1", {}]' [47 bytes]
2023-03-29 17:01:36,899 - DEBUG - = connection is CLOSING
2023-03-29 17:01:36,899 - DEBUG - > CLOSE 1000 (OK) [2 bytes]
2023-03-29 17:01:36,907 - DEBUG - < CLOSE 1000 (OK) [2 bytes]
2023-03-29 17:01:36,916 - DEBUG - = connection is CLOSED
2023-03-29 17:47:02,626 - DEBUG - = connection is CONNECTING
2023-03-29 17:47:02,702 - DEBUG - > GET /ocpp16/ELA007C01/EVSCA0101629 HTTP/1.1
2023-03-29 17:47:02,702 - DEBUG - > Host: ws.devevspcharger.uplus.co.kr
2023-03-29 17:47:02,702 - DEBUG - > Upgrade: websocket
2023-03-29 17:47:02,703 - DEBUG - > Connection: Upgrade
2023-03-29 17:47:02,703 - DEBUG - > Sec-WebSocket-Key: dqbuBczyet0EM1YnEjl19A==
2023-03-29 17:47:02,703 - DEBUG - > Sec-WebSocket-Version: 13
2023-03-29 17:47:02,704 - DEBUG - > Sec-WebSocket-Extensions: permessage-deflate; client_max_window_bits
2023-03-29 17:47:02,704 - DEBUG - > Sec-WebSocket-Protocol: ocpp1.6
2023-03-29 17:47:02,704 - DEBUG - > Authorization: Basic RVZBUjpFVkFSTEdV
2023-03-29 17:47:02,705 - DEBUG - > User-Agent: Python/3.11 websockets/10.4
2023-03-29 17:47:04,146 - DEBUG - < HTTP/1.1 101 Switching Protocols
2023-03-29 17:47:04,146 - DEBUG - < Connection: upgrade
2023-03-29 17:47:04,146 - DEBUG - < Date: Wed, 29 Mar 2023 08:47:04 GMT
2023-03-29 17:47:04,146 - DEBUG - < sec-websocket-protocol: ocpp1.6
2023-03-29 17:47:04,146 - DEBUG - < upgrade: websocket
2023-03-29 17:47:04,146 - DEBUG - < sec-websocket-accept: mX1RCMJdN2rHYGeCpUDHzbvDAhE=
2023-03-29 17:47:04,146 - DEBUG - < sec-websocket-extensions: permessage-deflate
2023-03-29 17:47:04,146 - DEBUG - < X-Cache: Miss from cloudfront
2023-03-29 17:47:04,147 - DEBUG - < Via: 1.1 8e619a006d3eebbe44543457c797a4f0.cloudfront.net (CloudFront)
2023-03-29 17:47:04,147 - DEBUG - < X-Amz-Cf-Pop: ICN57-P2
2023-03-29 17:47:04,147 - DEBUG - < X-Amz-Cf-Id: KJayFGOqc3cQHRFwvxOPpM0H51L8HdPfVvrCB0rf41k0-STLBmTbrQ==
2023-03-29 17:47:04,148 - DEBUG - = connection is OPEN
2023-03-29 17:47:04,175 - ERROR - Task exception was never retrieved
future: <Task finished name='Task-2' coro=<ChargerSim.startEvent() done, defined at D:\workspace\wss\main.py:124> exception=FileNotFoundError(2, 'No such file or directory')>
Traceback (most recent call last):
  File "D:\workspace\wss\main.py", line 144, in startEvent
    await self.charger.runcase(self.TC_selected if len(self.TC_selected.keys())>0 else self.TC)
  File "D:\workspace\wss\Charger.py", line 372, in runcase
    schema_check = checkSchema(f"{c[0]}", doc[3], self.testschem.get())
                   ^^^^^^^^^^^^^^^^^^^^^^^^^^^^^^^^^^^^^^^^^^^^^^^^^^^^
  File "D:\workspace\wss\ChargerUtil.py", line 12, in checkSchema
    schema = open(f"./{schema}/schemas/" + original + ".json").read().encode('utf-8')
             ^^^^^^^^^^^^^^^^^^^^^^^^^^^^^^^^^^^^^^^^^^^^^^^^^
FileNotFoundError: [Errno 2] No such file or directory: './ocpp20/websocket/u+(evar)/schemas/BootNotification.json'
2023-03-29 17:47:10,114 - DEBUG - = connection is CLOSING
2023-03-29 17:47:10,115 - DEBUG - > CLOSE 1000 (OK) [2 bytes]
2023-03-29 17:47:10,130 - DEBUG - < CLOSE 1000 (OK) [2 bytes]
2023-03-29 17:47:10,138 - DEBUG - = connection is CLOSED
2023-03-29 17:47:23,453 - DEBUG - Starting new HTTPS connection (1): 8b434254zg.execute-api.ap-northeast-2.amazonaws.com:443
2023-03-29 17:47:24,846 - DEBUG - https://8b434254zg.execute-api.ap-northeast-2.amazonaws.com:443 "POST /dev/ioc HTTP/1.1" 200 77
2023-03-29 17:48:13,017 - DEBUG - Starting new HTTPS connection (1): 8b434254zg.execute-api.ap-northeast-2.amazonaws.com:443
2023-03-29 17:48:14,463 - DEBUG - https://8b434254zg.execute-api.ap-northeast-2.amazonaws.com:443 "POST /dev/ioc HTTP/1.1" 200 77
2023-03-29 17:51:17,878 - DEBUG - Starting new HTTPS connection (1): 8b434254zg.execute-api.ap-northeast-2.amazonaws.com:443
2023-03-29 17:51:18,528 - DEBUG - https://8b434254zg.execute-api.ap-northeast-2.amazonaws.com:443 "POST /dev/ioc HTTP/1.1" 200 77
2023-03-29 17:54:15,498 - DEBUG - Starting new HTTPS connection (1): 8b434254zg.execute-api.ap-northeast-2.amazonaws.com:443
2023-03-29 17:54:16,031 - DEBUG - https://8b434254zg.execute-api.ap-northeast-2.amazonaws.com:443 "POST /dev/ioc HTTP/1.1" 200 77
2023-03-29 17:55:07,620 - DEBUG - Starting new HTTPS connection (1): 8b434254zg.execute-api.ap-northeast-2.amazonaws.com:443
2023-03-29 17:55:08,993 - DEBUG - https://8b434254zg.execute-api.ap-northeast-2.amazonaws.com:443 "POST /dev/ioc HTTP/1.1" 200 77
2023-03-29 18:02:16,668 - DEBUG - Starting new HTTPS connection (1): 8b434254zg.execute-api.ap-northeast-2.amazonaws.com:443
2023-03-29 18:02:17,266 - DEBUG - https://8b434254zg.execute-api.ap-northeast-2.amazonaws.com:443 "POST /dev/ioc HTTP/1.1" 200 115
2023-03-30 09:17:44,243 - DEBUG - = connection is CONNECTING
2023-03-30 09:17:44,317 - DEBUG - > GET /ocpp16/ELA007C01/EVSCA0101629 HTTP/1.1
2023-03-30 09:17:44,317 - DEBUG - > Host: ws.devevspcharger.uplus.co.kr
2023-03-30 09:17:44,318 - DEBUG - > Upgrade: websocket
2023-03-30 09:17:44,318 - DEBUG - > Connection: Upgrade
2023-03-30 09:17:44,318 - DEBUG - > Sec-WebSocket-Key: iJgm5f1voiZMLhWJK2aJXA==
2023-03-30 09:17:44,318 - DEBUG - > Sec-WebSocket-Version: 13
2023-03-30 09:17:44,318 - DEBUG - > Sec-WebSocket-Extensions: permessage-deflate; client_max_window_bits
2023-03-30 09:17:44,318 - DEBUG - > Sec-WebSocket-Protocol: ocpp1.6
2023-03-30 09:17:44,318 - DEBUG - > Authorization: Basic RVZBUjpFVkFSTEdV
2023-03-30 09:17:44,319 - DEBUG - > User-Agent: Python/3.11 websockets/10.4
2023-03-30 09:17:45,733 - DEBUG - < HTTP/1.1 101 Switching Protocols
2023-03-30 09:17:45,733 - DEBUG - < Connection: upgrade
2023-03-30 09:17:45,733 - DEBUG - < Date: Thu, 30 Mar 2023 00:17:43 GMT
2023-03-30 09:17:45,733 - DEBUG - < sec-websocket-protocol: ocpp1.6
2023-03-30 09:17:45,733 - DEBUG - < upgrade: websocket
2023-03-30 09:17:45,734 - DEBUG - < sec-websocket-accept: Mnrjj2Bc9Coe64/EA+jOnNAadYo=
2023-03-30 09:17:45,734 - DEBUG - < sec-websocket-extensions: permessage-deflate
2023-03-30 09:17:45,734 - DEBUG - < X-Cache: Miss from cloudfront
2023-03-30 09:17:45,734 - DEBUG - < Via: 1.1 3544dee363e510a888d5171c071b297e.cloudfront.net (CloudFront)
2023-03-30 09:17:45,734 - DEBUG - < X-Amz-Cf-Pop: ICN57-P2
2023-03-30 09:17:45,734 - DEBUG - < X-Amz-Cf-Id: nr4TjL7hhXF3XpGbrCwgpq2zZbLZ1ar1MTzTH6lsAtsp1eh7gEEWhg==
2023-03-30 09:17:45,741 - DEBUG - = connection is OPEN
2023-03-30 09:17:45,905 - DEBUG - > TEXT '[2, "49180992-e3c1-4fb3-bebd-4074385c7d69", "Bo...areVersion": "0.0.13"}]' [199 bytes]
2023-03-30 09:17:46,142 - DEBUG - < TEXT '[3, "49180992-e3c1-4fb3-bebd-4074385c7d69", {"s...43Z", "interval": 300}]' [123 bytes]
2023-03-30 09:17:46,189 - DEBUG - > TEXT '[2, "49180992-e3c1-4fb3-bebd-4074385c7d69", "St..."status": "Available"}]' [132 bytes]
2023-03-30 09:17:46,381 - DEBUG - < TEXT '[3, "49180992-e3c1-4fb3-bebd-4074385c7d69", {}]' [47 bytes]
2023-03-30 09:17:46,429 - DEBUG - > TEXT '[2, "49180992-e3c1-4fb3-bebd-4074385c7d69", "Au...": "1031040000069641"}]' [87 bytes]
2023-03-30 09:17:46,660 - DEBUG - < TEXT '[3, "49180992-e3c1-4fb3-bebd-4074385c7d69", {"i...tus": "ConcurrentTx"}}]' [86 bytes]
2023-03-30 09:17:46,699 - DEBUG - = connection is CLOSING
2023-03-30 09:17:46,699 - DEBUG - > CLOSE 1000 (OK) [2 bytes]
2023-03-30 09:17:46,711 - DEBUG - < CLOSE 1000 (OK) [2 bytes]
2023-03-30 09:17:46,718 - DEBUG - = connection is CLOSED
2023-03-30 09:17:55,408 - DEBUG - = connection is CONNECTING
2023-03-30 09:17:55,448 - DEBUG - > GET /ocpp16/ELA007C05/EVSCA050001 HTTP/1.1
2023-03-30 09:17:55,448 - DEBUG - > Host: ws.devevspcharger.uplus.co.kr
2023-03-30 09:17:55,448 - DEBUG - > Upgrade: websocket
2023-03-30 09:17:55,449 - DEBUG - > Connection: Upgrade
2023-03-30 09:17:55,449 - DEBUG - > Sec-WebSocket-Key: utSy4iC+ydSGb60rWKHgRw==
2023-03-30 09:17:55,449 - DEBUG - > Sec-WebSocket-Version: 13
2023-03-30 09:17:55,449 - DEBUG - > Sec-WebSocket-Extensions: permessage-deflate; client_max_window_bits
2023-03-30 09:17:55,449 - DEBUG - > Sec-WebSocket-Protocol: ocpp1.6
2023-03-30 09:17:55,449 - DEBUG - > Authorization: Basic RVZBUjpFVkFSTEdV
2023-03-30 09:17:55,449 - DEBUG - > User-Agent: Python/3.11 websockets/10.4
2023-03-30 09:17:55,693 - DEBUG - < HTTP/1.1 101 Switching Protocols
2023-03-30 09:17:55,693 - DEBUG - < Connection: upgrade
2023-03-30 09:17:55,693 - DEBUG - < Date: Thu, 30 Mar 2023 00:17:53 GMT
2023-03-30 09:17:55,694 - DEBUG - < sec-websocket-protocol: ocpp1.6
2023-03-30 09:17:55,694 - DEBUG - < upgrade: websocket
2023-03-30 09:17:55,694 - DEBUG - < sec-websocket-accept: arYzN18KFJ+YhsZbbhp8fy8rYOQ=
2023-03-30 09:17:55,694 - DEBUG - < sec-websocket-extensions: permessage-deflate
2023-03-30 09:17:55,694 - DEBUG - < X-Cache: Miss from cloudfront
2023-03-30 09:17:55,694 - DEBUG - < Via: 1.1 c6882e0acaa56682be4bf45c4b8fd99a.cloudfront.net (CloudFront)
2023-03-30 09:17:55,694 - DEBUG - < X-Amz-Cf-Pop: ICN57-P2
2023-03-30 09:17:55,694 - DEBUG - < X-Amz-Cf-Id: YL8XAFXA5Ph5sod5a3Bi04rhQt7eKPGeoAN11GQ_tDQ_e5OIgX-JIA==
2023-03-30 09:17:55,695 - DEBUG - = connection is OPEN
2023-03-30 09:17:55,740 - DEBUG - > TEXT '[2, "b673ead6-7089-4c00-9f9b-f5bce38bc2bf", "Bo...ePointVendor": "EVAR"}]' [127 bytes]
2023-03-30 09:17:56,004 - DEBUG - < TEXT '[3, "b673ead6-7089-4c00-9f9b-f5bce38bc2bf", {"s...53Z", "interval": 600}]' [123 bytes]
2023-03-30 09:17:56,076 - DEBUG - > TEXT '[2, "b673ead6-7089-4c00-9f9b-f5bce38bc2bf", "St..."status": "Available"}]' [132 bytes]
2023-03-30 09:17:56,283 - DEBUG - < TEXT '[3, "b673ead6-7089-4c00-9f9b-f5bce38bc2bf", {}]' [47 bytes]
2023-03-30 09:17:56,326 - DEBUG - > TEXT '[2, "b673ead6-7089-4c00-9f9b-f5bce38bc2bf", "Au...": "1031040000069641"}]' [87 bytes]
2023-03-30 09:17:56,542 - DEBUG - < TEXT '[3, "b673ead6-7089-4c00-9f9b-f5bce38bc2bf", {"i..."status": "Accepted"}}]' [82 bytes]
2023-03-30 09:17:56,601 - DEBUG - > TEXT '[2, "2d2d6ebf-8299-4c35-aef9-dd7b44022b96", "St...2023-03-30T09:17:55Z"}]' [170 bytes]
2023-03-30 09:17:57,067 - DEBUG - < TEXT '[3, "2d2d6ebf-8299-4c35-aef9-dd7b44022b96", {"t..."status": "Accepted"}}]' [110 bytes]
2023-03-30 09:17:57,138 - DEBUG - > TEXT '[2, "0a3202a0-aa2d-4992-91de-e7f85164e74b", "St... "status": "Charging"}]' [131 bytes]
2023-03-30 09:17:57,321 - DEBUG - < TEXT '[3, "0a3202a0-aa2d-4992-91de-e7f85164e74b", {}]' [47 bytes]
2023-03-30 09:17:57,399 - DEBUG - > TEXT '[2, "bb72a4f5-e82d-4c6f-ab48-3ae70fb31c13", "Me...er", "unit": "Wh"}]}]}]' [259 bytes]
2023-03-30 09:17:57,601 - DEBUG - < TEXT '[3, "bb72a4f5-e82d-4c6f-ab48-3ae70fb31c13", {}]' [47 bytes]
2023-03-30 09:17:57,689 - DEBUG - > TEXT '[2, "9b10fa1e-4e9a-4f56-8f65-36d52d8451d3", "St...sactionId": 120533642}]' [149 bytes]
2023-03-30 09:17:58,001 - DEBUG - < TEXT '[3, "9b10fa1e-4e9a-4f56-8f65-36d52d8451d3", {"i..."status": "Accepted"}}]' [82 bytes]
2023-03-30 09:17:58,095 - DEBUG - > TEXT '[2, "db7edfc5-e08f-4f50-bd3b-06c8754fc08a", "St..."status": "Finishing"}]' [132 bytes]
2023-03-30 09:17:58,281 - DEBUG - < TEXT '[3, "db7edfc5-e08f-4f50-bd3b-06c8754fc08a", {}]' [47 bytes]
2023-03-30 09:17:58,348 - DEBUG - > TEXT '[2, "031e4fac-4b5a-4fb6-8f52-51623f22068e", "St..."status": "Available"}]' [132 bytes]
2023-03-30 09:17:58,537 - DEBUG - < TEXT '[3, "031e4fac-4b5a-4fb6-8f52-51623f22068e", {}]' [47 bytes]
2023-03-30 09:17:58,579 - DEBUG - = connection is CLOSING
2023-03-30 09:17:58,579 - DEBUG - > CLOSE 1000 (OK) [2 bytes]
2023-03-30 09:17:58,587 - DEBUG - < CLOSE 1000 (OK) [2 bytes]
2023-03-30 09:17:58,597 - DEBUG - = connection is CLOSED
2023-03-30 09:31:45,028 - DEBUG - = connection is CONNECTING
2023-03-30 09:31:45,088 - DEBUG - > GET /ocpp16/ELA007C01/EVSCA0101629 HTTP/1.1
2023-03-30 09:31:45,088 - DEBUG - > Host: ws.devevspcharger.uplus.co.kr
2023-03-30 09:31:45,089 - DEBUG - > Upgrade: websocket
2023-03-30 09:31:45,089 - DEBUG - > Connection: Upgrade
2023-03-30 09:31:45,089 - DEBUG - > Sec-WebSocket-Key: uJ99yf+DmQJz43j1PQC6zA==
2023-03-30 09:31:45,089 - DEBUG - > Sec-WebSocket-Version: 13
2023-03-30 09:31:45,089 - DEBUG - > Sec-WebSocket-Extensions: permessage-deflate; client_max_window_bits
2023-03-30 09:31:45,089 - DEBUG - > Sec-WebSocket-Protocol: ocpp1.6
2023-03-30 09:31:45,089 - DEBUG - > Authorization: Basic RVZBUjpFVkFSTEdV
2023-03-30 09:31:45,089 - DEBUG - > User-Agent: Python/3.11 websockets/10.4
2023-03-30 09:31:45,415 - DEBUG - < HTTP/1.1 101 Switching Protocols
2023-03-30 09:31:45,415 - DEBUG - < Connection: upgrade
2023-03-30 09:31:45,415 - DEBUG - < Date: Thu, 30 Mar 2023 00:31:43 GMT
2023-03-30 09:31:45,415 - DEBUG - < sec-websocket-protocol: ocpp1.6
2023-03-30 09:31:45,416 - DEBUG - < upgrade: websocket
2023-03-30 09:31:45,416 - DEBUG - < sec-websocket-accept: lf23alZQT9QdMDJFFq4P/9Q+J40=
2023-03-30 09:31:45,416 - DEBUG - < sec-websocket-extensions: permessage-deflate
2023-03-30 09:31:45,416 - DEBUG - < X-Cache: Miss from cloudfront
2023-03-30 09:31:45,417 - DEBUG - < Via: 1.1 88978ba000ab6fbb0841a728290a8442.cloudfront.net (CloudFront)
2023-03-30 09:31:45,417 - DEBUG - < X-Amz-Cf-Pop: ICN57-P2
2023-03-30 09:31:45,417 - DEBUG - < X-Amz-Cf-Id: wo02uch4hwDrG0CF-ir4k6IpMn_7k9UPTDfUhc93fCQmLPJtXw4CCQ==
2023-03-30 09:31:45,417 - DEBUG - = connection is OPEN
2023-03-30 09:31:45,468 - DEBUG - > TEXT '[2, "f4faaeb7-9a49-4728-a581-ea21abca7823", "Bo...areVersion": "0.0.13"}]' [199 bytes]
2023-03-30 09:31:45,916 - DEBUG - < TEXT '[3, "f4faaeb7-9a49-4728-a581-ea21abca7823", {"s...43Z", "interval": 300}]' [123 bytes]
2023-03-30 09:31:45,991 - DEBUG - > TEXT '[2, "f4faaeb7-9a49-4728-a581-ea21abca7823", "St..."status": "Available"}]' [132 bytes]
2023-03-30 09:31:46,178 - DEBUG - < TEXT '[3, "f4faaeb7-9a49-4728-a581-ea21abca7823", {}]' [47 bytes]
2023-03-30 09:31:46,243 - DEBUG - > TEXT '[2, "f4faaeb7-9a49-4728-a581-ea21abca7823", "Au...": "1031040000069641"}]' [87 bytes]
2023-03-30 09:31:46,523 - DEBUG - < TEXT '[3, "f4faaeb7-9a49-4728-a581-ea21abca7823", {"i..."status": "Accepted"}}]' [82 bytes]
2023-03-30 09:31:46,579 - DEBUG - > TEXT '[2, "5a149ccf-d8ca-4bdb-bf35-653da4fa0a22", "St...2023-03-30T09:31:45Z"}]' [170 bytes]
2023-03-30 09:31:47,014 - DEBUG - < TEXT '[3, "5a149ccf-d8ca-4bdb-bf35-653da4fa0a22", {"t..."status": "Accepted"}}]' [110 bytes]
2023-03-30 09:31:47,112 - DEBUG - > TEXT '[2, "8b0d7c9e-dc77-487c-ba3b-9ec42c50e6c4", "St... "status": "Charging"}]' [131 bytes]
2023-03-30 09:31:47,315 - DEBUG - < TEXT '[3, "8b0d7c9e-dc77-487c-ba3b-9ec42c50e6c4", {}]' [47 bytes]
2023-03-30 09:31:47,404 - DEBUG - > TEXT '[2, "51214fa9-44c5-48c7-98b3-1ad78998f2f8", "Me...er", "unit": "Wh"}]}]}]' [259 bytes]
2023-03-30 09:31:47,634 - DEBUG - < TEXT '[3, "51214fa9-44c5-48c7-98b3-1ad78998f2f8", {}]' [47 bytes]
2023-03-30 09:31:47,715 - DEBUG - > TEXT '[2, "146a2601-be0a-45c6-af91-334efdae88e0", "St...sactionId": 120533643}]' [149 bytes]
2023-03-30 09:31:48,014 - DEBUG - < TEXT '[3, "146a2601-be0a-45c6-af91-334efdae88e0", {"i..."status": "Accepted"}}]' [82 bytes]
2023-03-30 09:31:48,105 - DEBUG - > TEXT '[2, "6ee9009b-2818-45e5-bd3c-54d374dc0167", "St..."status": "Finishing"}]' [132 bytes]
2023-03-30 09:31:48,276 - DEBUG - < TEXT '[3, "6ee9009b-2818-45e5-bd3c-54d374dc0167", {}]' [47 bytes]
2023-03-30 09:31:48,383 - DEBUG - > TEXT '[2, "cd57b9a8-50cc-4006-b553-b4c297f0f541", "St..."status": "Available"}]' [132 bytes]
2023-03-30 09:31:48,574 - DEBUG - < TEXT '[3, "cd57b9a8-50cc-4006-b553-b4c297f0f541", {}]' [47 bytes]
2023-03-30 09:31:48,626 - DEBUG - = connection is CLOSING
2023-03-30 09:31:48,626 - DEBUG - > CLOSE 1000 (OK) [2 bytes]
2023-03-30 09:31:48,634 - DEBUG - < CLOSE 1000 (OK) [2 bytes]
2023-03-30 09:31:48,642 - DEBUG - = connection is CLOSED
2023-03-30 09:35:27,264 - DEBUG - = connection is CONNECTING
2023-03-30 09:35:27,311 - DEBUG - > GET /ocpp16/ELA007C01/EVSCA0101629 HTTP/1.1
2023-03-30 09:35:27,312 - DEBUG - > Host: ws.devevspcharger.uplus.co.kr
2023-03-30 09:35:27,313 - DEBUG - > Upgrade: websocket
2023-03-30 09:35:27,313 - DEBUG - > Connection: Upgrade
2023-03-30 09:35:27,313 - DEBUG - > Sec-WebSocket-Key: xAa0vmhoUR4gm7vJQh8aQw==
2023-03-30 09:35:27,313 - DEBUG - > Sec-WebSocket-Version: 13
2023-03-30 09:35:27,313 - DEBUG - > Sec-WebSocket-Extensions: permessage-deflate; client_max_window_bits
2023-03-30 09:35:27,313 - DEBUG - > Sec-WebSocket-Protocol: ocpp1.6
2023-03-30 09:35:27,313 - DEBUG - > Authorization: Basic RVZBUjpFVkFSTEdV
2023-03-30 09:35:27,314 - DEBUG - > User-Agent: Python/3.11 websockets/10.4
2023-03-30 09:35:27,818 - DEBUG - < HTTP/1.1 101 Switching Protocols
2023-03-30 09:35:27,819 - DEBUG - < Connection: upgrade
2023-03-30 09:35:27,819 - DEBUG - < Date: Thu, 30 Mar 2023 00:35:25 GMT
2023-03-30 09:35:27,819 - DEBUG - < sec-websocket-protocol: ocpp1.6
2023-03-30 09:35:27,819 - DEBUG - < upgrade: websocket
2023-03-30 09:35:27,820 - DEBUG - < sec-websocket-accept: plm1Es0Lb1uUkTHwHIQILI9FDhQ=
2023-03-30 09:35:27,820 - DEBUG - < sec-websocket-extensions: permessage-deflate
2023-03-30 09:35:27,820 - DEBUG - < X-Cache: Miss from cloudfront
2023-03-30 09:35:27,820 - DEBUG - < Via: 1.1 55a59d7976b41c233ff2e682cdd3901e.cloudfront.net (CloudFront)
2023-03-30 09:35:27,820 - DEBUG - < X-Amz-Cf-Pop: ICN57-P2
2023-03-30 09:35:27,821 - DEBUG - < X-Amz-Cf-Id: IQqstX3QiLx4MIxHVam_JhQOD4JFGXBhyACtdaQjDDyTloBq6z-kIg==
2023-03-30 09:35:27,822 - DEBUG - = connection is OPEN
2023-03-30 09:35:27,871 - DEBUG - > TEXT '[2, "69e87e5b-ced8-494d-8c9e-caec58cccfdb", "Bo...areVersion": "0.0.13"}]' [199 bytes]
2023-03-30 09:35:28,711 - DEBUG - < TEXT '[3, "69e87e5b-ced8-494d-8c9e-caec58cccfdb", {"s...26Z", "interval": 300}]' [123 bytes]
2023-03-30 09:35:28,763 - DEBUG - > TEXT '[2, "ec0d59f0-28a1-49f3-98f6-9d04fd76c692", "St..."status": "Available"}]' [132 bytes]
2023-03-30 09:35:29,817 - DEBUG - < TEXT '[3, "ec0d59f0-28a1-49f3-98f6-9d04fd76c692", {}]' [47 bytes]
2023-03-30 09:35:29,866 - DEBUG - > TEXT '[2, "7335cd50-cc65-4415-80f4-f0773101fd38", "Au...": "1031040000069641"}]' [87 bytes]
2023-03-30 09:35:30,503 - DEBUG - < TEXT '[3, "7335cd50-cc65-4415-80f4-f0773101fd38", {"i..."status": "Accepted"}}]' [82 bytes]
2023-03-30 09:35:30,550 - DEBUG - > TEXT '[2, "49d4e527-e645-466d-96fa-66307b3958a3", "St...2023-03-30T09:31:45Z"}]' [170 bytes]
2023-03-30 09:35:30,993 - DEBUG - < TEXT '[3, "49d4e527-e645-466d-96fa-66307b3958a3", {"t..."status": "Accepted"}}]' [110 bytes]
2023-03-30 09:35:31,058 - DEBUG - > TEXT '[2, "c720880c-302c-4217-941f-c33dbe357641", "St... "status": "Charging"}]' [131 bytes]
2023-03-30 09:35:31,328 - DEBUG - < TEXT '[3, "c720880c-302c-4217-941f-c33dbe357641", {}]' [47 bytes]
2023-03-30 09:35:31,384 - DEBUG - > TEXT '[2, "ed047e19-98c1-42cd-b4fb-a77ac01a954c", "Me...er", "unit": "Wh"}]}]}]' [259 bytes]
2023-03-30 09:35:31,925 - DEBUG - < TEXT '[3, "ed047e19-98c1-42cd-b4fb-a77ac01a954c", {}]' [47 bytes]
2023-03-30 09:35:31,980 - DEBUG - > TEXT '[2, "1917234b-585b-452c-8321-49b2ecd81f2c", "St...sactionId": 120533643}]' [149 bytes]
2023-03-30 09:35:32,509 - DEBUG - < TEXT '[3, "1917234b-585b-452c-8321-49b2ecd81f2c", {"i..."status": "Accepted"}}]' [82 bytes]
2023-03-30 09:35:32,572 - DEBUG - > TEXT '[2, "a98e3267-115a-40b5-9c62-ecd65d6caf61", "St..."status": "Finishing"}]' [132 bytes]
2023-03-30 09:35:32,910 - DEBUG - < TEXT '[3, "a98e3267-115a-40b5-9c62-ecd65d6caf61", {}]' [47 bytes]
2023-03-30 09:35:32,983 - DEBUG - > TEXT '[2, "e772c78b-cad9-4241-9d19-71c370b49e81", "St..."status": "Available"}]' [132 bytes]
2023-03-30 09:35:33,228 - DEBUG - < TEXT '[3, "e772c78b-cad9-4241-9d19-71c370b49e81", {}]' [47 bytes]
2023-03-30 09:35:33,281 - DEBUG - = connection is CLOSING
2023-03-30 09:35:33,281 - DEBUG - > CLOSE 1000 (OK) [2 bytes]
2023-03-30 09:35:33,293 - DEBUG - < CLOSE 1000 (OK) [2 bytes]
2023-03-30 09:35:33,302 - DEBUG - = connection is CLOSED
2023-03-30 09:35:55,984 - DEBUG - = connection is CONNECTING
2023-03-30 09:35:56,024 - DEBUG - > GET /ocpp16/ELA007C05/EVSCA050001 HTTP/1.1
2023-03-30 09:35:56,024 - DEBUG - > Host: ws.devevspcharger.uplus.co.kr
2023-03-30 09:35:56,024 - DEBUG - > Upgrade: websocket
2023-03-30 09:35:56,024 - DEBUG - > Connection: Upgrade
2023-03-30 09:35:56,025 - DEBUG - > Sec-WebSocket-Key: xG0ZyrVkG8N7eYX/fUrqwA==
2023-03-30 09:35:56,025 - DEBUG - > Sec-WebSocket-Version: 13
2023-03-30 09:35:56,025 - DEBUG - > Sec-WebSocket-Extensions: permessage-deflate; client_max_window_bits
2023-03-30 09:35:56,025 - DEBUG - > Sec-WebSocket-Protocol: ocpp1.6
2023-03-30 09:35:56,025 - DEBUG - > Authorization: Basic RVZBUjpFVkFSTEdV
2023-03-30 09:35:56,025 - DEBUG - > User-Agent: Python/3.11 websockets/10.4
2023-03-30 09:35:56,361 - DEBUG - < HTTP/1.1 101 Switching Protocols
2023-03-30 09:35:56,362 - DEBUG - < Connection: upgrade
2023-03-30 09:35:56,362 - DEBUG - < Date: Thu, 30 Mar 2023 00:35:54 GMT
2023-03-30 09:35:56,362 - DEBUG - < sec-websocket-protocol: ocpp1.6
2023-03-30 09:35:56,363 - DEBUG - < upgrade: websocket
2023-03-30 09:35:56,363 - DEBUG - < sec-websocket-accept: sK4GklVDAXJ65QzTC0Pk/SeWAzo=
2023-03-30 09:35:56,364 - DEBUG - < sec-websocket-extensions: permessage-deflate
2023-03-30 09:35:56,364 - DEBUG - < X-Cache: Miss from cloudfront
2023-03-30 09:35:56,364 - DEBUG - < Via: 1.1 5b6f80c06c5584561e15bd2fd58882ee.cloudfront.net (CloudFront)
2023-03-30 09:35:56,364 - DEBUG - < X-Amz-Cf-Pop: ICN57-P2
2023-03-30 09:35:56,365 - DEBUG - < X-Amz-Cf-Id: 8nw9tOCofDCUM6uokqyziQHLih_83QMqEO5YiguQWrPNzDWyNcbnng==
2023-03-30 09:35:56,365 - DEBUG - = connection is OPEN
2023-03-30 09:35:56,407 - DEBUG - > TEXT '[2, "3de46845-103a-4fcc-a2d7-582d4b706550", "Bo...ePointVendor": "EVAR"}]' [127 bytes]
2023-03-30 09:35:56,845 - DEBUG - < TEXT '[3, "3de46845-103a-4fcc-a2d7-582d4b706550", {"s...54Z", "interval": 600}]' [123 bytes]
2023-03-30 09:35:56,899 - DEBUG - > TEXT '[2, "3de46845-103a-4fcc-a2d7-582d4b706550", "St..."status": "Available"}]' [132 bytes]
2023-03-30 09:35:57,112 - DEBUG - < TEXT '[3, "3de46845-103a-4fcc-a2d7-582d4b706550", {}]' [47 bytes]
2023-03-30 09:35:57,160 - DEBUG - > TEXT '[2, "3de46845-103a-4fcc-a2d7-582d4b706550", "Au...": "1031040000069641"}]' [87 bytes]
2023-03-30 09:35:57,449 - DEBUG - < TEXT '[3, "3de46845-103a-4fcc-a2d7-582d4b706550", {"i...tus": "ConcurrentTx"}}]' [86 bytes]
2023-03-30 09:35:57,483 - DEBUG - = connection is CLOSING
2023-03-30 09:35:57,483 - DEBUG - > CLOSE 1000 (OK) [2 bytes]
2023-03-30 09:35:57,495 - DEBUG - < CLOSE 1000 (OK) [2 bytes]
2023-03-30 09:35:57,509 - DEBUG - = connection is CLOSED
2023-03-30 09:36:11,060 - DEBUG - = connection is CONNECTING
2023-03-30 09:36:11,102 - DEBUG - > GET /ocpp16/ELA007C05/EVSCA050001 HTTP/1.1
2023-03-30 09:36:11,103 - DEBUG - > Host: ws.devevspcharger.uplus.co.kr
2023-03-30 09:36:11,103 - DEBUG - > Upgrade: websocket
2023-03-30 09:36:11,103 - DEBUG - > Connection: Upgrade
2023-03-30 09:36:11,103 - DEBUG - > Sec-WebSocket-Key: BkQ0f9ZuOg3u7Sfkru+sXg==
2023-03-30 09:36:11,111 - DEBUG - > Sec-WebSocket-Version: 13
2023-03-30 09:36:11,111 - DEBUG - > Sec-WebSocket-Extensions: permessage-deflate; client_max_window_bits
2023-03-30 09:36:11,111 - DEBUG - > Sec-WebSocket-Protocol: ocpp1.6
2023-03-30 09:36:11,111 - DEBUG - > Authorization: Basic RVZBUjpFVkFSTEdV
2023-03-30 09:36:11,111 - DEBUG - > User-Agent: Python/3.11 websockets/10.4
2023-03-30 09:36:11,340 - DEBUG - < HTTP/1.1 101 Switching Protocols
2023-03-30 09:36:11,340 - DEBUG - < Connection: upgrade
2023-03-30 09:36:11,340 - DEBUG - < Date: Thu, 30 Mar 2023 00:36:09 GMT
2023-03-30 09:36:11,340 - DEBUG - < sec-websocket-protocol: ocpp1.6
2023-03-30 09:36:11,341 - DEBUG - < upgrade: websocket
2023-03-30 09:36:11,341 - DEBUG - < sec-websocket-accept: uxkhd7/I1AVHI2WnB1nh/FuL4SY=
2023-03-30 09:36:11,341 - DEBUG - < sec-websocket-extensions: permessage-deflate
2023-03-30 09:36:11,341 - DEBUG - < X-Cache: Miss from cloudfront
2023-03-30 09:36:11,341 - DEBUG - < Via: 1.1 88978ba000ab6fbb0841a728290a8442.cloudfront.net (CloudFront)
2023-03-30 09:36:11,341 - DEBUG - < X-Amz-Cf-Pop: ICN57-P2
2023-03-30 09:36:11,341 - DEBUG - < X-Amz-Cf-Id: l3UndnA-6aHiozpJPVeYC-Vx3R_1-ClsuXEVFMvRv-HgMt5KZ8ahZQ==
2023-03-30 09:36:11,342 - DEBUG - = connection is OPEN
2023-03-30 09:36:11,379 - DEBUG - > TEXT '[2, "cfbf2df8-63d8-4ce9-800d-924b28cb175e", "Bo...ePointVendor": "EVAR"}]' [127 bytes]
2023-03-30 09:36:11,728 - DEBUG - < TEXT '[3, "cfbf2df8-63d8-4ce9-800d-924b28cb175e", {"s...09Z", "interval": 600}]' [123 bytes]
2023-03-30 09:36:11,767 - DEBUG - > TEXT '[2, "9ec9545c-5ab5-427b-a2f9-cc21ff3406e4", "St..."status": "Available"}]' [132 bytes]
2023-03-30 09:36:11,969 - DEBUG - < TEXT '[3, "9ec9545c-5ab5-427b-a2f9-cc21ff3406e4", {}]' [47 bytes]
2023-03-30 09:36:12,016 - DEBUG - > TEXT '[2, "3a6ad49b-103b-4f76-b3cb-dd7a393b5ffc", "Au...": "1031040000069641"}]' [87 bytes]
2023-03-30 09:36:12,307 - DEBUG - < TEXT '[3, "3a6ad49b-103b-4f76-b3cb-dd7a393b5ffc", {"i...tus": "ConcurrentTx"}}]' [86 bytes]
2023-03-30 09:36:12,336 - DEBUG - = connection is CLOSING
2023-03-30 09:36:12,336 - DEBUG - > CLOSE 1000 (OK) [2 bytes]
2023-03-30 09:36:12,348 - DEBUG - < CLOSE 1000 (OK) [2 bytes]
2023-03-30 09:36:12,357 - DEBUG - = connection is CLOSED
2023-03-30 09:36:40,953 - DEBUG - = connection is CONNECTING
2023-03-30 09:36:41,002 - DEBUG - > GET /ocpp16/ELA007C05/EVSCA050001 HTTP/1.1
2023-03-30 09:36:41,003 - DEBUG - > Host: ws.devevspcharger.uplus.co.kr
2023-03-30 09:36:41,003 - DEBUG - > Upgrade: websocket
2023-03-30 09:36:41,003 - DEBUG - > Connection: Upgrade
2023-03-30 09:36:41,004 - DEBUG - > Sec-WebSocket-Key: Zk+m3L8jD0k3BLAV7SiRRA==
2023-03-30 09:36:41,004 - DEBUG - > Sec-WebSocket-Version: 13
2023-03-30 09:36:41,004 - DEBUG - > Sec-WebSocket-Extensions: permessage-deflate; client_max_window_bits
2023-03-30 09:36:41,004 - DEBUG - > Sec-WebSocket-Protocol: ocpp1.6
2023-03-30 09:36:41,005 - DEBUG - > Authorization: Basic RVZBUjpFVkFSTEdV
2023-03-30 09:36:41,005 - DEBUG - > User-Agent: Python/3.11 websockets/10.4
2023-03-30 09:36:41,248 - DEBUG - < HTTP/1.1 101 Switching Protocols
2023-03-30 09:36:41,248 - DEBUG - < Connection: upgrade
2023-03-30 09:36:41,248 - DEBUG - < Date: Thu, 30 Mar 2023 00:36:39 GMT
2023-03-30 09:36:41,249 - DEBUG - < sec-websocket-protocol: ocpp1.6
2023-03-30 09:36:41,249 - DEBUG - < upgrade: websocket
2023-03-30 09:36:41,249 - DEBUG - < sec-websocket-accept: bv7GQWwVn+Lb0rGweCuwswSG3wM=
2023-03-30 09:36:41,249 - DEBUG - < sec-websocket-extensions: permessage-deflate
2023-03-30 09:36:41,249 - DEBUG - < X-Cache: Miss from cloudfront
2023-03-30 09:36:41,249 - DEBUG - < Via: 1.1 623f9f4dd2fef338f4704e13bada95c8.cloudfront.net (CloudFront)
2023-03-30 09:36:41,249 - DEBUG - < X-Amz-Cf-Pop: ICN57-P2
2023-03-30 09:36:41,250 - DEBUG - < X-Amz-Cf-Id: gtlxGXhRHNbKaUKftOI3hfJMY4qmnXAFU05RaX5c3BZM240DFn2mXA==
2023-03-30 09:36:41,250 - DEBUG - = connection is OPEN
2023-03-30 09:36:41,292 - DEBUG - > TEXT '[2, "7eeff77a-41d2-4d27-aed4-c2a1cd2a2cba", "Bo...ePointVendor": "EVAR"}]' [127 bytes]
2023-03-30 09:36:41,636 - DEBUG - < TEXT '[3, "7eeff77a-41d2-4d27-aed4-c2a1cd2a2cba", {"s...39Z", "interval": 600}]' [123 bytes]
2023-03-30 09:36:41,686 - DEBUG - > TEXT '[2, "435764f0-14c3-4cd8-b919-b489a409c3ba", "St..."status": "Available"}]' [132 bytes]
2023-03-30 09:36:41,899 - DEBUG - < TEXT '[3, "435764f0-14c3-4cd8-b919-b489a409c3ba", {}]' [47 bytes]
2023-03-30 09:36:41,950 - DEBUG - > TEXT '[2, "605ee0d4-3db8-4bb8-9e72-11036e5f3806", "Au...": "1031040000069641"}]' [87 bytes]
2023-03-30 09:36:42,219 - DEBUG - < TEXT '[3, "605ee0d4-3db8-4bb8-9e72-11036e5f3806", {"i..."status": "Accepted"}}]' [82 bytes]
2023-03-30 09:36:42,273 - DEBUG - > TEXT '[2, "bf5c78cb-7277-4d5a-9149-9bc13818a712", "St...2023-03-30T09:36:40Z"}]' [170 bytes]
2023-03-30 09:36:42,621 - DEBUG - < TEXT '[3, "bf5c78cb-7277-4d5a-9149-9bc13818a712", {"t..."status": "Accepted"}}]' [110 bytes]
2023-03-30 09:36:42,707 - DEBUG - > TEXT '[2, "d378c779-6a59-42cb-a314-0a9517120fc4", "St... "status": "Charging"}]' [131 bytes]
2023-03-30 09:36:42,911 - DEBUG - < TEXT '[3, "d378c779-6a59-42cb-a314-0a9517120fc4", {}]' [47 bytes]
2023-03-30 09:36:42,983 - DEBUG - > TEXT '[2, "b3c45de4-2eb2-4a91-ad90-e32e366325a9", "Me...er", "unit": "Wh"}]}]}]' [259 bytes]
2023-03-30 09:36:43,227 - DEBUG - < TEXT '[3, "b3c45de4-2eb2-4a91-ad90-e32e366325a9", {}]' [47 bytes]
2023-03-30 09:36:43,300 - DEBUG - > TEXT '[2, "f876d83f-6fee-4ecc-aa05-6b9c62f11ecd", "St...sactionId": 120533647}]' [149 bytes]
2023-03-30 09:36:43,612 - DEBUG - < TEXT '[3, "f876d83f-6fee-4ecc-aa05-6b9c62f11ecd", {"i..."status": "Accepted"}}]' [82 bytes]
2023-03-30 09:36:43,711 - DEBUG - > TEXT '[2, "2d5c2390-2361-4437-8141-56a2405b7a02", "St..."status": "Finishing"}]' [132 bytes]
2023-03-30 09:36:43,889 - DEBUG - < TEXT '[3, "2d5c2390-2361-4437-8141-56a2405b7a02", {}]' [47 bytes]
2023-03-30 09:36:43,958 - DEBUG - > TEXT '[2, "f51bb607-21ab-4b82-9ecc-e5568d45c7c2", "St..."status": "Available"}]' [132 bytes]
2023-03-30 09:36:44,222 - DEBUG - < TEXT '[3, "f51bb607-21ab-4b82-9ecc-e5568d45c7c2", {}]' [47 bytes]
2023-03-30 09:36:44,260 - DEBUG - = connection is CLOSING
2023-03-30 09:36:44,261 - DEBUG - > CLOSE 1000 (OK) [2 bytes]
2023-03-30 09:36:44,273 - DEBUG - < CLOSE 1000 (OK) [2 bytes]
2023-03-30 09:36:44,281 - DEBUG - = connection is CLOSED
2023-03-30 09:39:29,054 - DEBUG - = connection is CONNECTING
2023-03-30 09:39:29,091 - DEBUG - > GET /ocpp16/ELA007C05/EVSCA050001 HTTP/1.1
2023-03-30 09:39:29,091 - DEBUG - > Host: ws.devevspcharger.uplus.co.kr
2023-03-30 09:39:29,091 - DEBUG - > Upgrade: websocket
2023-03-30 09:39:29,091 - DEBUG - > Connection: Upgrade
2023-03-30 09:39:29,091 - DEBUG - > Sec-WebSocket-Key: cQEqP2kckuiUnSv1ANXmpA==
2023-03-30 09:39:29,092 - DEBUG - > Sec-WebSocket-Version: 13
2023-03-30 09:39:29,093 - DEBUG - > Sec-WebSocket-Extensions: permessage-deflate; client_max_window_bits
2023-03-30 09:39:29,093 - DEBUG - > Sec-WebSocket-Protocol: ocpp1.6
2023-03-30 09:39:29,093 - DEBUG - > Authorization: Basic RVZBUjpFVkFSTEdV
2023-03-30 09:39:29,093 - DEBUG - > User-Agent: Python/3.11 websockets/10.4
2023-03-30 09:39:29,606 - DEBUG - < HTTP/1.1 101 Switching Protocols
2023-03-30 09:39:29,606 - DEBUG - < Connection: upgrade
2023-03-30 09:39:29,606 - DEBUG - < Date: Thu, 30 Mar 2023 00:39:27 GMT
2023-03-30 09:39:29,606 - DEBUG - < sec-websocket-protocol: ocpp1.6
2023-03-30 09:39:29,607 - DEBUG - < upgrade: websocket
2023-03-30 09:39:29,607 - DEBUG - < sec-websocket-accept: 81rJmeTRq90jECmq4nmRVKOQr9s=
2023-03-30 09:39:29,607 - DEBUG - < sec-websocket-extensions: permessage-deflate
2023-03-30 09:39:29,607 - DEBUG - < X-Cache: Miss from cloudfront
2023-03-30 09:39:29,607 - DEBUG - < Via: 1.1 5a0f884e3a21756e824f803c83d7f3d0.cloudfront.net (CloudFront)
2023-03-30 09:39:29,608 - DEBUG - < X-Amz-Cf-Pop: ICN57-P2
2023-03-30 09:39:29,608 - DEBUG - < X-Amz-Cf-Id: ysc-DdYU7I7ITPm5ogyaHA_icFMu5-fRseLC7tzbW2EUu_t_5K_UPQ==
2023-03-30 09:39:29,608 - DEBUG - = connection is OPEN
2023-03-30 09:39:29,640 - DEBUG - > TEXT '[2, "7c41e895-a378-485b-8f06-9bcfc349cdb7", "Bo...ePointVendor": "EVAR"}]' [127 bytes]
2023-03-30 09:39:30,029 - DEBUG - < TEXT '[3, "7c41e895-a378-485b-8f06-9bcfc349cdb7", {"s...27Z", "interval": 600}]' [123 bytes]
2023-03-30 09:39:30,080 - DEBUG - > TEXT '[2, "7c41e895-a378-485b-8f06-9bcfc349cdb7", "St..."status": "Available"}]' [132 bytes]
2023-03-30 09:39:30,310 - DEBUG - < TEXT '[3, "7c41e895-a378-485b-8f06-9bcfc349cdb7", {}]' [47 bytes]
2023-03-30 09:39:30,354 - DEBUG - > TEXT '[2, "7c41e895-a378-485b-8f06-9bcfc349cdb7", "Au...": "1031040000069641"}]' [87 bytes]
2023-03-30 09:39:30,617 - DEBUG - < TEXT '[3, "7c41e895-a378-485b-8f06-9bcfc349cdb7", {"i..."status": "Accepted"}}]' [82 bytes]
2023-03-30 09:39:30,657 - DEBUG - > TEXT '[2, "3424a8ed-1032-449e-b151-3235cfaa9202", "St...2023-03-30T09:39:29Z"}]' [170 bytes]
2023-03-30 09:39:31,019 - DEBUG - < TEXT '[3, "3424a8ed-1032-449e-b151-3235cfaa9202", {"t..."status": "Accepted"}}]' [110 bytes]
2023-03-30 09:39:31,067 - DEBUG - > TEXT '[2, "c3f44ce4-5ab8-4e43-86fb-b64da6e33839", "St... "status": "Charging"}]' [131 bytes]
2023-03-30 09:39:31,326 - DEBUG - < TEXT '[3, "c3f44ce4-5ab8-4e43-86fb-b64da6e33839", {}]' [47 bytes]
2023-03-30 09:39:31,381 - DEBUG - > TEXT '[2, "350b29ca-ea6d-4250-b7b9-98e09d1bf527", "Me...er", "unit": "Wh"}]}]}]' [259 bytes]
2023-03-30 09:39:31,648 - DEBUG - < TEXT '[3, "350b29ca-ea6d-4250-b7b9-98e09d1bf527", {}]' [47 bytes]
2023-03-30 09:39:31,701 - DEBUG - > TEXT '[2, "c221039f-bb56-4708-aa4e-ff0fab16e15c", "St...sactionId": 120533648}]' [149 bytes]
2023-03-30 09:39:32,069 - DEBUG - < TEXT '[3, "c221039f-bb56-4708-aa4e-ff0fab16e15c", {"i..."status": "Accepted"}}]' [82 bytes]
2023-03-30 09:39:32,128 - DEBUG - > TEXT '[2, "ab152308-268d-45a7-8118-0316787df1ad", "St..."status": "Finishing"}]' [132 bytes]
2023-03-30 09:39:32,310 - DEBUG - < TEXT '[3, "ab152308-268d-45a7-8118-0316787df1ad", {}]' [47 bytes]
2023-03-30 09:39:32,373 - DEBUG - > TEXT '[2, "f77a7c99-e55e-4f06-b96c-c89bdb1fdb2a", "St..."status": "Available"}]' [132 bytes]
2023-03-30 09:39:32,549 - DEBUG - < TEXT '[3, "f77a7c99-e55e-4f06-b96c-c89bdb1fdb2a", {}]' [47 bytes]
2023-03-30 09:39:32,600 - DEBUG - = connection is CLOSING
2023-03-30 09:39:32,601 - DEBUG - > CLOSE 1000 (OK) [2 bytes]
2023-03-30 09:39:32,621 - DEBUG - < CLOSE 1000 (OK) [2 bytes]
2023-03-30 09:39:32,626 - DEBUG - = connection is CLOSED
2023-03-30 09:40:35,840 - DEBUG - = connection is CONNECTING
2023-03-30 09:40:35,874 - DEBUG - > GET /ocpp16/ELA007C05/EVSCA050001 HTTP/1.1
2023-03-30 09:40:35,874 - DEBUG - > Host: ws.devevspcharger.uplus.co.kr
2023-03-30 09:40:35,874 - DEBUG - > Upgrade: websocket
2023-03-30 09:40:35,874 - DEBUG - > Connection: Upgrade
2023-03-30 09:40:35,875 - DEBUG - > Sec-WebSocket-Key: G6CxWGSoyYNke1CapQINvA==
2023-03-30 09:40:35,876 - DEBUG - > Sec-WebSocket-Version: 13
2023-03-30 09:40:35,877 - DEBUG - > Sec-WebSocket-Extensions: permessage-deflate; client_max_window_bits
2023-03-30 09:40:35,877 - DEBUG - > Sec-WebSocket-Protocol: ocpp1.6
2023-03-30 09:40:35,877 - DEBUG - > Authorization: Basic RVZBUjpFVkFSTEdV
2023-03-30 09:40:35,877 - DEBUG - > User-Agent: Python/3.11 websockets/10.4
2023-03-30 09:40:36,082 - DEBUG - < HTTP/1.1 101 Switching Protocols
2023-03-30 09:40:36,082 - DEBUG - < Connection: upgrade
2023-03-30 09:40:36,083 - DEBUG - < Date: Thu, 30 Mar 2023 00:40:34 GMT
2023-03-30 09:40:36,083 - DEBUG - < sec-websocket-protocol: ocpp1.6
2023-03-30 09:40:36,083 - DEBUG - < upgrade: websocket
2023-03-30 09:40:36,084 - DEBUG - < sec-websocket-accept: QErOijFfEI0to1upXGkmNyZeWZA=
2023-03-30 09:40:36,084 - DEBUG - < sec-websocket-extensions: permessage-deflate
2023-03-30 09:40:36,084 - DEBUG - < X-Cache: Miss from cloudfront
2023-03-30 09:40:36,084 - DEBUG - < Via: 1.1 c6882e0acaa56682be4bf45c4b8fd99a.cloudfront.net (CloudFront)
2023-03-30 09:40:36,084 - DEBUG - < X-Amz-Cf-Pop: ICN57-P2
2023-03-30 09:40:36,084 - DEBUG - < X-Amz-Cf-Id: najheq0PDcSL_aC9NJhWIxoIk3M4Z2cTyZWgvkAf2UoMz_dzK9o4Ow==
2023-03-30 09:40:36,085 - DEBUG - = connection is OPEN
2023-03-30 09:40:36,121 - DEBUG - > TEXT '[2, "dc74147a-2265-4de4-9d74-c784b72fe450", "Bo...ePointVendor": "EVAR"}]' [127 bytes]
2023-03-30 09:40:36,369 - DEBUG - < TEXT '[3, "dc74147a-2265-4de4-9d74-c784b72fe450", {"s...34Z", "interval": 600}]' [123 bytes]
2023-03-30 09:40:36,425 - DEBUG - > TEXT '[2, "c604dd4d-5b2a-4d21-bca5-7346bd79a444", "St..."status": "Available"}]' [132 bytes]
2023-03-30 09:40:36,617 - DEBUG - < TEXT '[3, "c604dd4d-5b2a-4d21-bca5-7346bd79a444", {}]' [47 bytes]
2023-03-30 09:40:36,661 - DEBUG - > TEXT '[2, "15640499-1a10-4653-a04d-45800a32c52c", "Au...": "1031040000069641"}]' [87 bytes]
2023-03-30 09:40:36,918 - DEBUG - < TEXT '[3, "15640499-1a10-4653-a04d-45800a32c52c", {"i...tus": "ConcurrentTx"}}]' [86 bytes]
2023-03-30 09:40:36,948 - DEBUG - = connection is CLOSING
2023-03-30 09:40:36,948 - DEBUG - > CLOSE 1000 (OK) [2 bytes]
2023-03-30 09:40:36,955 - DEBUG - < CLOSE 1000 (OK) [2 bytes]
2023-03-30 09:40:36,964 - DEBUG - = connection is CLOSED
2023-03-30 09:41:39,594 - DEBUG - = connection is CONNECTING
2023-03-30 09:41:39,630 - DEBUG - > GET /ocpp16/ELA007C05/EVSCA050001 HTTP/1.1
2023-03-30 09:41:39,631 - DEBUG - > Host: ws.devevspcharger.uplus.co.kr
2023-03-30 09:41:39,631 - DEBUG - > Upgrade: websocket
2023-03-30 09:41:39,631 - DEBUG - > Connection: Upgrade
2023-03-30 09:41:39,632 - DEBUG - > Sec-WebSocket-Key: 8c5/81CQuCR4KfMFbVMBwQ==
2023-03-30 09:41:39,633 - DEBUG - > Sec-WebSocket-Version: 13
2023-03-30 09:41:39,633 - DEBUG - > Sec-WebSocket-Extensions: permessage-deflate; client_max_window_bits
2023-03-30 09:41:39,633 - DEBUG - > Sec-WebSocket-Protocol: ocpp1.6
2023-03-30 09:41:39,633 - DEBUG - > Authorization: Basic RVZBUjpFVkFSTEdV
2023-03-30 09:41:39,633 - DEBUG - > User-Agent: Python/3.11 websockets/10.4
2023-03-30 09:41:39,884 - DEBUG - < HTTP/1.1 101 Switching Protocols
2023-03-30 09:41:39,885 - DEBUG - < Connection: upgrade
2023-03-30 09:41:39,885 - DEBUG - < Date: Thu, 30 Mar 2023 00:41:37 GMT
2023-03-30 09:41:39,885 - DEBUG - < sec-websocket-protocol: ocpp1.6
2023-03-30 09:41:39,885 - DEBUG - < upgrade: websocket
2023-03-30 09:41:39,885 - DEBUG - < sec-websocket-accept: pf0Dx6lc/mCjl5Kr/uW3aopUpXs=
2023-03-30 09:41:39,886 - DEBUG - < sec-websocket-extensions: permessage-deflate
2023-03-30 09:41:39,886 - DEBUG - < X-Cache: Miss from cloudfront
2023-03-30 09:41:39,886 - DEBUG - < Via: 1.1 599ddd31480edfa35dadcdd2b13e5b12.cloudfront.net (CloudFront)
2023-03-30 09:41:39,886 - DEBUG - < X-Amz-Cf-Pop: ICN57-P2
2023-03-30 09:41:39,886 - DEBUG - < X-Amz-Cf-Id: FplggyQ8O2KCxdF2eHbow_q9b_lb7HhX72Q4vVO3NvawpC5JfBEOJQ==
2023-03-30 09:41:39,887 - DEBUG - = connection is OPEN
2023-03-30 09:41:39,944 - DEBUG - > TEXT '[2, "fbca394e-1075-4ff1-b79c-8d9f50fd62dd", "Bo...ePointVendor": "EVAR"}]' [127 bytes]
2023-03-30 09:41:40,227 - DEBUG - < TEXT '[3, "fbca394e-1075-4ff1-b79c-8d9f50fd62dd", {"s...37Z", "interval": 600}]' [123 bytes]
2023-03-30 09:41:40,280 - DEBUG - > TEXT '[2, "598c2746-7541-45e7-8580-24e9bff3af18", "St..."status": "Available"}]' [132 bytes]
2023-03-30 09:41:40,453 - DEBUG - < TEXT '[3, "598c2746-7541-45e7-8580-24e9bff3af18", {}]' [47 bytes]
2023-03-30 09:41:40,494 - DEBUG - > TEXT '[2, "7e7684b6-2a63-4fdc-9909-3b24e17274d2", "Au...": "1031040000069641"}]' [87 bytes]
2023-03-30 09:41:40,821 - DEBUG - < TEXT '[3, "7e7684b6-2a63-4fdc-9909-3b24e17274d2", {"i..."status": "Accepted"}}]' [82 bytes]
2023-03-30 09:41:40,862 - DEBUG - > TEXT '[2, "555c6006-587c-4a15-9089-3ec5eefb958f", "St...2023-03-30T09:39:29Z"}]' [170 bytes]
2023-03-30 09:41:41,221 - DEBUG - < TEXT '[3, "555c6006-587c-4a15-9089-3ec5eefb958f", {"t..."status": "Accepted"}}]' [110 bytes]
2023-03-30 09:41:41,277 - DEBUG - > TEXT '[2, "023aafc4-ed6c-447f-82ea-cd82ceb40ac4", "St... "status": "Charging"}]' [131 bytes]
2023-03-30 09:41:41,453 - DEBUG - < TEXT '[3, "023aafc4-ed6c-447f-82ea-cd82ceb40ac4", {}]' [47 bytes]
2023-03-30 09:41:41,509 - DEBUG - > TEXT '[2, "6be2ef95-296b-42cc-884b-36df56934687", "Me...er", "unit": "Wh"}]}]}]' [259 bytes]
2023-03-30 09:41:41,740 - DEBUG - < TEXT '[3, "6be2ef95-296b-42cc-884b-36df56934687", {}]' [47 bytes]
2023-03-30 09:41:41,806 - DEBUG - > TEXT '[2, "f9624b6a-d063-4050-8548-17847b6d658a", "St...sactionId": 120533651}]' [149 bytes]
2023-03-30 09:41:42,100 - DEBUG - < TEXT '[3, "f9624b6a-d063-4050-8548-17847b6d658a", {"i..."status": "Accepted"}}]' [82 bytes]
2023-03-30 09:41:42,182 - DEBUG - > TEXT '[2, "93a4e4f4-cac0-46db-8149-b8d2b18b3dbd", "St..."status": "Finishing"}]' [132 bytes]
2023-03-30 09:41:42,371 - DEBUG - < TEXT '[3, "93a4e4f4-cac0-46db-8149-b8d2b18b3dbd", {}]' [47 bytes]
2023-03-30 09:41:42,434 - DEBUG - > TEXT '[2, "f93fee59-200a-4714-9926-8287f01b1123", "St..."status": "Available"}]' [132 bytes]
2023-03-30 09:41:42,627 - DEBUG - < TEXT '[3, "f93fee59-200a-4714-9926-8287f01b1123", {}]' [47 bytes]
2023-03-30 09:41:42,661 - DEBUG - = connection is CLOSING
2023-03-30 09:41:42,661 - DEBUG - > CLOSE 1000 (OK) [2 bytes]
2023-03-30 09:41:42,676 - DEBUG - < CLOSE 1000 (OK) [2 bytes]
2023-03-30 09:41:42,684 - DEBUG - = connection is CLOSED
2023-03-30 09:42:23,652 - DEBUG - = connection is CONNECTING
2023-03-30 09:42:23,690 - DEBUG - > GET /ocpp16/ELA007C01/EVSCA0101629 HTTP/1.1
2023-03-30 09:42:23,690 - DEBUG - > Host: ws.devevspcharger.uplus.co.kr
2023-03-30 09:42:23,691 - DEBUG - > Upgrade: websocket
2023-03-30 09:42:23,691 - DEBUG - > Connection: Upgrade
2023-03-30 09:42:23,691 - DEBUG - > Sec-WebSocket-Key: SOP82eCqAFkoHqJlYwWefw==
2023-03-30 09:42:23,691 - DEBUG - > Sec-WebSocket-Version: 13
2023-03-30 09:42:23,691 - DEBUG - > Sec-WebSocket-Extensions: permessage-deflate; client_max_window_bits
2023-03-30 09:42:23,691 - DEBUG - > Sec-WebSocket-Protocol: ocpp1.6
2023-03-30 09:42:23,692 - DEBUG - > Authorization: Basic RVZBUjpFVkFSTEdV
2023-03-30 09:42:23,692 - DEBUG - > User-Agent: Python/3.11 websockets/10.4
2023-03-30 09:42:23,962 - DEBUG - < HTTP/1.1 101 Switching Protocols
2023-03-30 09:42:23,962 - DEBUG - < Connection: upgrade
2023-03-30 09:42:23,962 - DEBUG - < Date: Thu, 30 Mar 2023 00:42:21 GMT
2023-03-30 09:42:23,962 - DEBUG - < sec-websocket-protocol: ocpp1.6
2023-03-30 09:42:23,962 - DEBUG - < upgrade: websocket
2023-03-30 09:42:23,963 - DEBUG - < sec-websocket-accept: iDxmtbv7bW6bZOW8tgufDxLpZFI=
2023-03-30 09:42:23,963 - DEBUG - < sec-websocket-extensions: permessage-deflate
2023-03-30 09:42:23,963 - DEBUG - < X-Cache: Miss from cloudfront
2023-03-30 09:42:23,963 - DEBUG - < Via: 1.1 b92faae7242f31be9bfc0ec3d134dfce.cloudfront.net (CloudFront)
2023-03-30 09:42:23,963 - DEBUG - < X-Amz-Cf-Pop: ICN57-P2
2023-03-30 09:42:23,963 - DEBUG - < X-Amz-Cf-Id: eQal6N_lDu1JSFqkpJF-26-FYiuHwv8IE1pQVRJMb1Ubkd0vT9kwPA==
2023-03-30 09:42:23,963 - DEBUG - = connection is OPEN
2023-03-30 09:42:23,995 - DEBUG - > TEXT '[2, "2e54d2a9-b222-403a-9df1-edb6dd7c7e12", "Bo...areVersion": "0.0.13"}]' [199 bytes]
2023-03-30 09:42:24,272 - DEBUG - < TEXT '[3, "2e54d2a9-b222-403a-9df1-edb6dd7c7e12", {"s...22Z", "interval": 300}]' [123 bytes]
2023-03-30 09:42:24,497 - DEBUG - Starting new HTTPS connection (1): 8b434254zg.execute-api.ap-northeast-2.amazonaws.com:443
2023-03-30 09:42:25,097 - DEBUG - https://8b434254zg.execute-api.ap-northeast-2.amazonaws.com:443 "POST /dev/ioc HTTP/1.1" 200 115
2023-03-30 09:42:25,155 - DEBUG - < TEXT '[2, "e43b4a3e-256d-45f3-8d51-c0437761bc09", "Reset", {"type": "Hard"}]' [70 bytes]
2023-03-30 09:42:25,171 - DEBUG - > TEXT '[3, "e43b4a3e-256d-45f3-8d51-c0437761bc09", {"status": "Accepted"}]' [67 bytes]
2023-03-30 09:42:25,353 - DEBUG - < TEXT '' [0 bytes]
2023-03-30 09:42:25,363 - DEBUG - = connection is CLOSING
2023-03-30 09:42:25,363 - DEBUG - > CLOSE 1000 (OK) [2 bytes]
2023-03-30 09:42:25,372 - DEBUG - < CLOSE 1000 (OK) [2 bytes]
2023-03-30 09:42:25,379 - DEBUG - = connection is CLOSED
2023-03-30 12:30:06,727 - DEBUG - = connection is CONNECTING
2023-03-30 12:30:06,854 - DEBUG - > GET /ocpp16/JC-6511JA-P/FFFFFFFFFFFF HTTP/1.1
2023-03-30 12:30:06,854 - DEBUG - > Host: ws.devevspcharger.uplus.co.kr
2023-03-30 12:30:06,854 - DEBUG - > Upgrade: websocket
2023-03-30 12:30:06,855 - DEBUG - > Connection: Upgrade
2023-03-30 12:30:06,856 - DEBUG - > Sec-WebSocket-Key: 7/U5lLh0rbo4HnzxlixQXA==
2023-03-30 12:30:06,856 - DEBUG - > Sec-WebSocket-Version: 13
2023-03-30 12:30:06,856 - DEBUG - > Sec-WebSocket-Extensions: permessage-deflate; client_max_window_bits
2023-03-30 12:30:06,856 - DEBUG - > Sec-WebSocket-Protocol: ocpp1.6
2023-03-30 12:30:06,856 - DEBUG - > Authorization: Basic SkM6SkNMR1U=
2023-03-30 12:30:06,856 - DEBUG - > User-Agent: Python/3.11 websockets/10.4
2023-03-30 12:30:08,158 - DEBUG - < HTTP/1.1 101 Switching Protocols
2023-03-30 12:30:08,158 - DEBUG - < Connection: upgrade
2023-03-30 12:30:08,159 - DEBUG - < Date: Thu, 30 Mar 2023 03:30:06 GMT
2023-03-30 12:30:08,160 - DEBUG - < sec-websocket-protocol: ocpp1.6
2023-03-30 12:30:08,160 - DEBUG - < upgrade: websocket
2023-03-30 12:30:08,160 - DEBUG - < sec-websocket-accept: gi3zHtEx9qLKlBjmVBRGGaueT24=
2023-03-30 12:30:08,160 - DEBUG - < sec-websocket-extensions: permessage-deflate
2023-03-30 12:30:08,161 - DEBUG - < X-Cache: Miss from cloudfront
2023-03-30 12:30:08,161 - DEBUG - < Via: 1.1 013a9ec825a751410eced78024a9ae1a.cloudfront.net (CloudFront)
2023-03-30 12:30:08,161 - DEBUG - < X-Amz-Cf-Pop: ICN57-P2
2023-03-30 12:30:08,162 - DEBUG - < X-Amz-Cf-Id: lAj2viUABLhatJUdnqXvDERnvjNMUACcTEodheVu6Y5Dz1cGoVfyFA==
2023-03-30 12:30:08,163 - DEBUG - = connection is OPEN
2023-03-30 12:30:08,227 - DEBUG - > TEXT '[2, "9b12819e-698d-4125-9122-b74c4fffd160", "Bo...areVersion": "0.0.13"}]' [201 bytes]
2023-03-30 12:30:08,692 - DEBUG - < TEXT '[3, "9b12819e-698d-4125-9122-b74c4fffd160", {"s...06Z", "interval": 300}]' [123 bytes]
2023-03-30 12:30:08,722 - DEBUG - > TEXT '[2, "9b12819e-698d-4125-9122-b74c4fffd160", "St..."status": "Available"}]' [132 bytes]
2023-03-30 12:30:08,971 - DEBUG - < TEXT '[3, "9b12819e-698d-4125-9122-b74c4fffd160", {}]' [47 bytes]
2023-03-30 12:30:09,010 - DEBUG - > TEXT '[2, "9b12819e-698d-4125-9122-b74c4fffd160", "Au...": "1031040000069641"}]' [87 bytes]
2023-03-30 12:30:09,667 - DEBUG - < TEXT '[3, "9b12819e-698d-4125-9122-b74c4fffd160", {"i..."status": "Accepted"}}]' [82 bytes]
2023-03-30 12:30:09,708 - DEBUG - > TEXT '[2, "308ffc9e-c240-428b-a0e1-00e14c05da8f", "St...2023-03-30T12:30:06Z"}]' [170 bytes]
2023-03-30 12:30:10,167 - DEBUG - < TEXT '[3, "308ffc9e-c240-428b-a0e1-00e14c05da8f", {"t..."status": "Accepted"}}]' [110 bytes]
2023-03-30 12:30:10,269 - DEBUG - > TEXT '[2, "76bfea18-851c-4b6f-a0ad-0ddda77f9b74", "St... "status": "Charging"}]' [131 bytes]
2023-03-30 12:30:10,472 - DEBUG - < TEXT '[3, "76bfea18-851c-4b6f-a0ad-0ddda77f9b74", {}]' [47 bytes]
2023-03-30 12:30:10,556 - DEBUG - > TEXT '[2, "8bfbe8cf-d021-4ebe-86ca-a43f917f857a", "Me...er", "unit": "Wh"}]}]}]' [259 bytes]
2023-03-30 12:30:10,870 - DEBUG - < TEXT '[3, "8bfbe8cf-d021-4ebe-86ca-a43f917f857a", {}]' [47 bytes]
2023-03-30 12:30:10,980 - DEBUG - > TEXT '[2, "67bb0cb7-6b2e-47d4-9340-64367184d2d3", "St...sactionId": 120533654}]' [149 bytes]
2023-03-30 12:30:11,367 - DEBUG - < TEXT '[3, "67bb0cb7-6b2e-47d4-9340-64367184d2d3", {"i..."status": "Accepted"}}]' [82 bytes]
2023-03-30 12:30:11,484 - DEBUG - > TEXT '[2, "82c9286e-fd85-4dbf-abc1-28d2bc2976f5", "St..."status": "Finishing"}]' [132 bytes]
2023-03-30 12:30:11,695 - DEBUG - < TEXT '[3, "82c9286e-fd85-4dbf-abc1-28d2bc2976f5", {}]' [47 bytes]
2023-03-30 12:30:11,789 - DEBUG - > TEXT '[2, "64306a4a-93d7-4b0b-aa89-d4bedb85793e", "St..."status": "Available"}]' [132 bytes]
2023-03-30 12:30:11,972 - DEBUG - < TEXT '[3, "64306a4a-93d7-4b0b-aa89-d4bedb85793e", {}]' [47 bytes]
2023-03-30 12:30:12,029 - DEBUG - = connection is CLOSING
2023-03-30 12:30:12,030 - DEBUG - > CLOSE 1000 (OK) [2 bytes]
2023-03-30 12:30:12,039 - DEBUG - < CLOSE 1000 (OK) [2 bytes]
2023-03-30 12:30:12,050 - DEBUG - = connection is CLOSED
2023-03-30 12:30:17,071 - DEBUG - = connection is CONNECTING
2023-03-30 12:30:17,207 - DEBUG - > GET /ocpp16/JC-6511JA-P/FFFFFFFFFFFF HTTP/1.1
2023-03-30 12:30:17,208 - DEBUG - > Host: ws.devevspcharger.uplus.co.kr
2023-03-30 12:30:17,208 - DEBUG - > Upgrade: websocket
2023-03-30 12:30:17,208 - DEBUG - > Connection: Upgrade
2023-03-30 12:30:17,208 - DEBUG - > Sec-WebSocket-Key: j2K+5ZqAjCiX7OFcNlZBAg==
2023-03-30 12:30:17,209 - DEBUG - > Sec-WebSocket-Version: 13
2023-03-30 12:30:17,209 - DEBUG - > Sec-WebSocket-Extensions: permessage-deflate; client_max_window_bits
2023-03-30 12:30:17,209 - DEBUG - > Sec-WebSocket-Protocol: ocpp1.6
2023-03-30 12:30:17,209 - DEBUG - > Authorization: Basic SkM6SkNMR1U=
2023-03-30 12:30:17,210 - DEBUG - > User-Agent: Python/3.11 websockets/10.4
2023-03-30 12:30:17,600 - DEBUG - < HTTP/1.1 101 Switching Protocols
2023-03-30 12:30:17,600 - DEBUG - < Connection: upgrade
2023-03-30 12:30:17,600 - DEBUG - < Date: Thu, 30 Mar 2023 03:30:15 GMT
2023-03-30 12:30:17,601 - DEBUG - < sec-websocket-protocol: ocpp1.6
2023-03-30 12:30:17,601 - DEBUG - < upgrade: websocket
2023-03-30 12:30:17,601 - DEBUG - < sec-websocket-accept: i+1l1PRIla2QBh13d+4e07HYzNo=
2023-03-30 12:30:17,601 - DEBUG - < sec-websocket-extensions: permessage-deflate
2023-03-30 12:30:17,602 - DEBUG - < X-Cache: Miss from cloudfront
2023-03-30 12:30:17,603 - DEBUG - < Via: 1.1 47d972c0543b96b8ef5a6c3258e80bf0.cloudfront.net (CloudFront)
2023-03-30 12:30:17,603 - DEBUG - < X-Amz-Cf-Pop: ICN57-P2
2023-03-30 12:30:17,603 - DEBUG - < X-Amz-Cf-Id: VY_mxwwi9Vd5tH3HYVFwNCVXuedOmSKIePeLh-5Pig2X8gOt78N-wQ==
2023-03-30 12:30:17,603 - DEBUG - = connection is OPEN
2023-03-30 12:30:17,661 - DEBUG - > TEXT '[2, "74178463-b6e7-4acb-bad8-0a63b439d4d0", "Bo...areVersion": "0.0.13"}]' [201 bytes]
2023-03-30 12:30:17,996 - DEBUG - < TEXT '[3, "74178463-b6e7-4acb-bad8-0a63b439d4d0", {"s...15Z", "interval": 300}]' [123 bytes]
2023-03-30 12:30:18,081 - DEBUG - > TEXT '[2, "251c5b40-c608-4c54-982e-e660227eecda", "Au...": "1031040000069641"}]' [87 bytes]
2023-03-30 12:30:18,313 - DEBUG - < TEXT '[3, "251c5b40-c608-4c54-982e-e660227eecda", {"i..."status": "Accepted"}}]' [82 bytes]
2023-03-30 12:30:18,381 - DEBUG - > TEXT '[2, "c9fd0a4b-f784-4e53-8a46-a9c371bd9ab1", "St..."status": "Preparing"}]' [132 bytes]
2023-03-30 12:30:18,573 - DEBUG - < TEXT '[3, "c9fd0a4b-f784-4e53-8a46-a9c371bd9ab1", {}]' [47 bytes]
2023-03-30 12:30:18,638 - DEBUG - > TEXT '[2, "18ee56c7-25b6-4b98-b6a9-e15ff779a60b", "St...2023-03-30T12:30:06Z"}]' [170 bytes]
2023-03-30 12:30:18,971 - DEBUG - < TEXT '[3, "18ee56c7-25b6-4b98-b6a9-e15ff779a60b", {"t..."status": "Accepted"}}]' [110 bytes]
2023-03-30 12:30:19,052 - DEBUG - > TEXT '[2, "289122e2-080e-4ced-bc5a-a8982d067523", "St... "status": "Charging"}]' [131 bytes]
2023-03-30 12:30:19,232 - DEBUG - < TEXT '[3, "289122e2-080e-4ced-bc5a-a8982d067523", {}]' [47 bytes]
2023-03-30 12:30:19,324 - DEBUG - > TEXT '[2, "56e78663-62ef-4175-9ec6-91cecfac3afe", "Me...er", "unit": "Wh"}]}]}]' [259 bytes]
2023-03-30 12:30:19,566 - DEBUG - < TEXT '[3, "56e78663-62ef-4175-9ec6-91cecfac3afe", {}]' [47 bytes]
2023-03-30 12:30:19,666 - DEBUG - > TEXT '[2, "5d176942-2273-40ed-b726-217faa9e9dd1", "St...sactionId": 120533655}]' [149 bytes]
2023-03-30 12:30:19,958 - DEBUG - < TEXT '[3, "5d176942-2273-40ed-b726-217faa9e9dd1", {"i..."status": "Accepted"}}]' [82 bytes]
2023-03-30 12:30:20,054 - DEBUG - > TEXT '[2, "6ecbf5d8-6f9f-4f4e-9dcc-1228bd73f499", "St..."status": "Finishing"}]' [132 bytes]
2023-03-30 12:30:20,268 - DEBUG - < TEXT '[3, "6ecbf5d8-6f9f-4f4e-9dcc-1228bd73f499", {}]' [47 bytes]
2023-03-30 12:30:20,360 - DEBUG - > TEXT '[2, "f57953a8-7031-4167-9833-e0759360c1c3", "St..."status": "Available"}]' [132 bytes]
2023-03-30 12:30:20,553 - DEBUG - < TEXT '[3, "f57953a8-7031-4167-9833-e0759360c1c3", {}]' [47 bytes]
2023-03-30 12:30:20,607 - DEBUG - = connection is CLOSING
2023-03-30 12:30:20,608 - DEBUG - > CLOSE 1000 (OK) [2 bytes]
2023-03-30 12:30:20,619 - DEBUG - < CLOSE 1000 (OK) [2 bytes]
2023-03-30 12:30:20,628 - DEBUG - = connection is CLOSED
2023-03-30 12:36:53,995 - DEBUG - = connection is CONNECTING
2023-03-30 12:36:54,056 - DEBUG - > GET /ocpp16/JC-6511JA-P/FFFFFFFFFFFF HTTP/1.1
2023-03-30 12:36:54,056 - DEBUG - > Host: ws.devevspcharger.uplus.co.kr
2023-03-30 12:36:54,056 - DEBUG - > Upgrade: websocket
2023-03-30 12:36:54,057 - DEBUG - > Connection: Upgrade
2023-03-30 12:36:54,057 - DEBUG - > Sec-WebSocket-Key: i8haDkA+8eOQqGFoiPxcNg==
2023-03-30 12:36:54,057 - DEBUG - > Sec-WebSocket-Version: 13
2023-03-30 12:36:54,057 - DEBUG - > Sec-WebSocket-Extensions: permessage-deflate; client_max_window_bits
2023-03-30 12:36:54,058 - DEBUG - > Sec-WebSocket-Protocol: ocpp1.6
2023-03-30 12:36:54,058 - DEBUG - > Authorization: Basic SkM6SkNMR1U=
2023-03-30 12:36:54,058 - DEBUG - > User-Agent: Python/3.11 websockets/10.4
2023-03-30 12:36:55,374 - DEBUG - < HTTP/1.1 101 Switching Protocols
2023-03-30 12:36:55,375 - DEBUG - < Connection: upgrade
2023-03-30 12:36:55,375 - DEBUG - < Date: Thu, 30 Mar 2023 03:36:53 GMT
2023-03-30 12:36:55,375 - DEBUG - < sec-websocket-protocol: ocpp1.6
2023-03-30 12:36:55,375 - DEBUG - < upgrade: websocket
2023-03-30 12:36:55,375 - DEBUG - < sec-websocket-accept: r4SWuAnS6ic68ZsTD0vAofQ7IaI=
2023-03-30 12:36:55,375 - DEBUG - < sec-websocket-extensions: permessage-deflate
2023-03-30 12:36:55,376 - DEBUG - < X-Cache: Miss from cloudfront
2023-03-30 12:36:55,376 - DEBUG - < Via: 1.1 1c31b550dc04cf34ff9053b76a7eecc4.cloudfront.net (CloudFront)
2023-03-30 12:36:55,376 - DEBUG - < X-Amz-Cf-Pop: ICN57-P2
2023-03-30 12:36:55,377 - DEBUG - < X-Amz-Cf-Id: hN4SUO4CYQz2TWk6-ma4SDjuhjOCFC_eyqCVpZq9iowldlCffv5GTg==
2023-03-30 12:36:55,377 - DEBUG - = connection is OPEN
2023-03-30 12:36:55,415 - DEBUG - > TEXT '[2, "8cdfc343-3800-4a8f-bc96-a55a610b6857", "Bo...areVersion": "0.0.13"}]' [201 bytes]
2023-03-30 12:36:55,856 - DEBUG - < TEXT '[3, "8cdfc343-3800-4a8f-bc96-a55a610b6857", {"s...53Z", "interval": 300}]' [123 bytes]
2023-03-30 12:37:15,389 - DEBUG - % sending keepalive ping
2023-03-30 12:37:15,390 - DEBUG - > PING 88 1f 5f f2 [binary, 4 bytes]
2023-03-30 12:37:15,399 - DEBUG - < PONG 88 1f 5f f2 [binary, 4 bytes]
2023-03-30 12:37:15,408 - DEBUG - % received keepalive pong
2023-03-30 12:37:35,403 - DEBUG - % sending keepalive ping
2023-03-30 12:37:35,404 - DEBUG - > PING 96 3a 6e 91 [binary, 4 bytes]
2023-03-30 12:37:35,411 - DEBUG - < PONG 96 3a 6e 91 [binary, 4 bytes]
2023-03-30 12:37:35,418 - DEBUG - % received keepalive pong
2023-03-30 12:37:55,406 - DEBUG - % sending keepalive ping
2023-03-30 12:37:55,406 - DEBUG - > PING fb aa c4 d1 [binary, 4 bytes]
2023-03-30 12:37:55,414 - DEBUG - < PONG fb aa c4 d1 [binary, 4 bytes]
2023-03-30 12:37:55,421 - DEBUG - % received keepalive pong
2023-03-30 12:38:15,399 - DEBUG - % sending keepalive ping
2023-03-30 12:38:15,400 - DEBUG - > PING 40 5e 66 f9 [binary, 4 bytes]
2023-03-30 12:38:15,411 - DEBUG - < PONG 40 5e 66 f9 [binary, 4 bytes]
2023-03-30 12:38:15,420 - DEBUG - % received keepalive pong
2023-03-30 12:38:35,400 - DEBUG - % sending keepalive ping
2023-03-30 12:38:35,400 - DEBUG - > PING db 92 b7 9a [binary, 4 bytes]
2023-03-30 12:38:35,409 - DEBUG - < PONG db 92 b7 9a [binary, 4 bytes]
2023-03-30 12:38:35,425 - DEBUG - % received keepalive pong
2023-03-30 12:38:55,435 - DEBUG - % sending keepalive ping
2023-03-30 12:38:55,436 - DEBUG - > PING af 9d 82 b9 [binary, 4 bytes]
2023-03-30 12:38:55,447 - DEBUG - < PONG af 9d 82 b9 [binary, 4 bytes]
2023-03-30 12:38:55,457 - DEBUG - % received keepalive pong
2023-03-30 12:39:01,609 - DEBUG - = connection is CONNECTING
2023-03-30 12:39:01,658 - DEBUG - > GET /ocpp16/JC-6511JA-P/FFFFFFFFFFFF HTTP/1.1
2023-03-30 12:39:01,659 - DEBUG - > Host: ws.devevspcharger.uplus.co.kr
2023-03-30 12:39:01,659 - DEBUG - > Upgrade: websocket
2023-03-30 12:39:01,659 - DEBUG - > Connection: Upgrade
2023-03-30 12:39:01,659 - DEBUG - > Sec-WebSocket-Key: Z3Ly8FZdHNzHQK4c+VsL1w==
2023-03-30 12:39:01,659 - DEBUG - > Sec-WebSocket-Version: 13
2023-03-30 12:39:01,660 - DEBUG - > Sec-WebSocket-Extensions: permessage-deflate; client_max_window_bits
2023-03-30 12:39:01,660 - DEBUG - > Sec-WebSocket-Protocol: ocpp1.6
2023-03-30 12:39:01,661 - DEBUG - > Authorization: Basic SkM6SkNMR1U=
2023-03-30 12:39:01,661 - DEBUG - > User-Agent: Python/3.11 websockets/10.4
2023-03-30 12:39:02,404 - DEBUG - < HTTP/1.1 101 Switching Protocols
2023-03-30 12:39:02,405 - DEBUG - < Connection: upgrade
2023-03-30 12:39:02,405 - DEBUG - < Date: Thu, 30 Mar 2023 03:39:00 GMT
2023-03-30 12:39:02,406 - DEBUG - < sec-websocket-protocol: ocpp1.6
2023-03-30 12:39:02,407 - DEBUG - < upgrade: websocket
2023-03-30 12:39:02,407 - DEBUG - < sec-websocket-accept: 8gOkwFkX9E9DLYBCegcQjLa8sIg=
2023-03-30 12:39:02,407 - DEBUG - < sec-websocket-extensions: permessage-deflate
2023-03-30 12:39:02,407 - DEBUG - < X-Cache: Miss from cloudfront
2023-03-30 12:39:02,407 - DEBUG - < Via: 1.1 3c5e765ef2333ef04ef6f44a2b66ec12.cloudfront.net (CloudFront)
2023-03-30 12:39:02,408 - DEBUG - < X-Amz-Cf-Pop: ICN57-P2
2023-03-30 12:39:02,408 - DEBUG - < X-Amz-Cf-Id: Z2q5Qf-bzLkKN0BZ8TPpue8w7tu8qPpk65D8ErhBYE4Xqq-qWqvgbA==
2023-03-30 12:39:02,408 - DEBUG - = connection is OPEN
2023-03-30 12:39:02,606 - DEBUG - > TEXT '[2, "090a60e0-0edd-4117-b5cb-375aa41bf050", "Bo...areVersion": "0.0.13"}]' [201 bytes]
2023-03-30 12:39:02,877 - DEBUG - < TEXT '[3, "090a60e0-0edd-4117-b5cb-375aa41bf050", {"s...00Z", "interval": 300}]' [123 bytes]
2023-03-30 12:39:15,534 - DEBUG - % sending keepalive ping
2023-03-30 12:39:15,535 - DEBUG - > PING '2T(R' [text, 4 bytes]
2023-03-30 12:39:15,566 - DEBUG - < PONG '2T(R' [text, 4 bytes]
2023-03-30 12:39:15,585 - DEBUG - % received keepalive pong
2023-03-30 12:39:22,449 - DEBUG - % sending keepalive ping
2023-03-30 12:39:22,450 - DEBUG - > PING de cd 4d 29 [binary, 4 bytes]
2023-03-30 12:39:22,468 - DEBUG - < PONG de cd 4d 29 [binary, 4 bytes]
2023-03-30 12:39:22,480 - DEBUG - % received keepalive pong
2023-03-30 12:39:35,578 - DEBUG - % sending keepalive ping
2023-03-30 12:39:35,578 - DEBUG - > PING '\x14\u034eJ' [text, 4 bytes]
2023-03-30 12:39:35,890 - DEBUG - < PONG '\x14\u034eJ' [text, 4 bytes]
2023-03-30 12:39:35,900 - DEBUG - % received keepalive pong
2023-03-30 12:39:42,484 - DEBUG - % sending keepalive ping
2023-03-30 12:39:42,485 - DEBUG - > PING a5 fe 9c 90 [binary, 4 bytes]
2023-03-30 12:39:42,496 - DEBUG - < PONG a5 fe 9c 90 [binary, 4 bytes]
2023-03-30 12:39:42,505 - DEBUG - % received keepalive pong
2023-03-30 12:39:55,910 - DEBUG - % sending keepalive ping
2023-03-30 12:39:55,910 - DEBUG - > PING 96 88 37 30 [binary, 4 bytes]
2023-03-30 12:39:55,927 - DEBUG - < PONG 96 88 37 30 [binary, 4 bytes]
2023-03-30 12:39:55,937 - DEBUG - % received keepalive pong
2023-03-30 12:40:02,511 - DEBUG - % sending keepalive ping
2023-03-30 12:40:02,512 - DEBUG - > PING 5c 0c ea bf [binary, 4 bytes]
2023-03-30 12:40:02,526 - DEBUG - < PONG 5c 0c ea bf [binary, 4 bytes]
2023-03-30 12:40:02,550 - DEBUG - % received keepalive pong
2023-03-30 12:40:15,935 - DEBUG - % sending keepalive ping
2023-03-30 12:40:15,936 - DEBUG - > PING d6 13 a2 6b [binary, 4 bytes]
2023-03-30 12:40:15,945 - DEBUG - < PONG d6 13 a2 6b [binary, 4 bytes]
2023-03-30 12:40:15,954 - DEBUG - % received keepalive pong
2023-03-30 12:40:22,557 - DEBUG - % sending keepalive ping
2023-03-30 12:40:22,557 - DEBUG - > PING be 17 ba bb [binary, 4 bytes]
2023-03-30 12:40:22,574 - DEBUG - < PONG be 17 ba bb [binary, 4 bytes]
2023-03-30 12:40:22,581 - DEBUG - % received keepalive pong
2023-03-30 12:40:35,951 - DEBUG - % sending keepalive ping
2023-03-30 12:40:35,951 - DEBUG - > PING f2 81 ea 27 [binary, 4 bytes]
2023-03-30 12:40:35,970 - DEBUG - < PONG f2 81 ea 27 [binary, 4 bytes]
2023-03-30 12:40:35,978 - DEBUG - % received keepalive pong
2023-03-30 12:40:42,566 - DEBUG - % sending keepalive ping
2023-03-30 12:40:42,566 - DEBUG - > PING bb 44 05 d8 [binary, 4 bytes]
2023-03-30 12:40:42,584 - DEBUG - < PONG bb 44 05 d8 [binary, 4 bytes]
2023-03-30 12:40:42,593 - DEBUG - % received keepalive pong
2023-03-30 12:40:55,984 - DEBUG - % sending keepalive ping
2023-03-30 12:40:55,985 - DEBUG - > PING b1 59 1a 64 [binary, 4 bytes]
2023-03-30 12:40:55,992 - DEBUG - < PONG b1 59 1a 64 [binary, 4 bytes]
2023-03-30 12:40:56,001 - DEBUG - % received keepalive pong
2023-03-30 12:41:02,575 - DEBUG - % sending keepalive ping
2023-03-30 12:41:02,577 - DEBUG - > PING 11 52 ec 88 [binary, 4 bytes]
2023-03-30 12:41:02,608 - DEBUG - < PONG 11 52 ec 88 [binary, 4 bytes]
2023-03-30 12:41:02,627 - DEBUG - % received keepalive pong
2023-03-30 12:41:16,011 - DEBUG - % sending keepalive ping
2023-03-30 12:41:16,012 - DEBUG - > PING f5 15 9d 53 [binary, 4 bytes]
2023-03-30 12:41:16,023 - DEBUG - < PONG f5 15 9d 53 [binary, 4 bytes]
2023-03-30 12:41:16,044 - DEBUG - % received keepalive pong
2023-03-30 12:41:22,628 - DEBUG - % sending keepalive ping
2023-03-30 12:41:22,628 - DEBUG - > PING 80 53 53 c4 [binary, 4 bytes]
2023-03-30 12:41:22,638 - DEBUG - < PONG 80 53 53 c4 [binary, 4 bytes]
2023-03-30 12:41:22,647 - DEBUG - % received keepalive pong
2023-03-30 12:41:36,031 - DEBUG - % sending keepalive ping
2023-03-30 12:41:36,031 - DEBUG - > PING 90 dc c6 67 [binary, 4 bytes]
2023-03-30 12:41:36,045 - DEBUG - < PONG 90 dc c6 67 [binary, 4 bytes]
2023-03-30 12:41:36,056 - DEBUG - % received keepalive pong
2023-03-30 12:41:42,652 - DEBUG - % sending keepalive ping
2023-03-30 12:41:42,652 - DEBUG - > PING 47 22 e4 88 [binary, 4 bytes]
2023-03-30 12:41:42,734 - DEBUG - < PONG 47 22 e4 88 [binary, 4 bytes]
2023-03-30 12:41:42,759 - DEBUG - % received keepalive pong
2023-03-30 12:41:56,062 - DEBUG - % sending keepalive ping
2023-03-30 12:41:56,063 - DEBUG - > PING ba 7b d2 f1 [binary, 4 bytes]
2023-03-30 12:41:56,071 - DEBUG - < PONG ba 7b d2 f1 [binary, 4 bytes]
2023-03-30 12:41:56,080 - DEBUG - % received keepalive pong
2023-03-30 12:42:02,755 - DEBUG - % sending keepalive ping
2023-03-30 12:42:02,756 - DEBUG - > PING e5 8f 76 a0 [binary, 4 bytes]
2023-03-30 12:42:02,768 - DEBUG - < PONG e5 8f 76 a0 [binary, 4 bytes]
2023-03-30 12:42:02,776 - DEBUG - % received keepalive pong
2023-03-30 12:42:16,076 - DEBUG - % sending keepalive ping
2023-03-30 12:42:16,077 - DEBUG - > PING 45 be 2a 83 [binary, 4 bytes]
2023-03-30 12:42:16,086 - DEBUG - < PONG 45 be 2a 83 [binary, 4 bytes]
2023-03-30 12:42:16,097 - DEBUG - % received keepalive pong
2023-03-30 12:42:22,769 - DEBUG - % sending keepalive ping
2023-03-30 12:42:22,769 - DEBUG - > PING 3a b0 ef 6c [binary, 4 bytes]
2023-03-30 12:42:22,781 - DEBUG - < PONG 3a b0 ef 6c [binary, 4 bytes]
2023-03-30 12:42:22,788 - DEBUG - % received keepalive pong
2023-03-30 12:42:36,107 - DEBUG - % sending keepalive ping
2023-03-30 12:42:36,107 - DEBUG - > PING 09 2f 74 df [binary, 4 bytes]
2023-03-30 12:42:36,114 - DEBUG - < PONG 09 2f 74 df [binary, 4 bytes]
2023-03-30 12:42:36,122 - DEBUG - % received keepalive pong
2023-03-30 12:42:42,802 - DEBUG - % sending keepalive ping
2023-03-30 12:42:42,802 - DEBUG - > PING 02 b8 49 55 [binary, 4 bytes]
2023-03-30 12:42:42,831 - DEBUG - < PONG 02 b8 49 55 [binary, 4 bytes]
2023-03-30 12:42:42,848 - DEBUG - % received keepalive pong
2023-03-30 12:42:56,111 - DEBUG - % sending keepalive ping
2023-03-30 12:42:56,112 - DEBUG - > PING fd a5 05 25 [binary, 4 bytes]
2023-03-30 12:42:56,119 - DEBUG - < PONG fd a5 05 25 [binary, 4 bytes]
2023-03-30 12:42:56,129 - DEBUG - % received keepalive pong
2023-03-30 12:43:02,849 - DEBUG - % sending keepalive ping
2023-03-30 12:43:02,849 - DEBUG - > PING bb 52 d0 fe [binary, 4 bytes]
2023-03-30 12:43:02,857 - DEBUG - < PONG bb 52 d0 fe [binary, 4 bytes]
2023-03-30 12:43:02,866 - DEBUG - % received keepalive pong
2023-03-30 12:43:16,131 - DEBUG - % sending keepalive ping
2023-03-30 12:43:16,132 - DEBUG - > PING b1 72 0d a7 [binary, 4 bytes]
2023-03-30 12:43:16,162 - DEBUG - < PONG b1 72 0d a7 [binary, 4 bytes]
2023-03-30 12:43:16,171 - DEBUG - % received keepalive pong
2023-03-30 12:45:16,628 - DEBUG - = connection is CONNECTING
2023-03-30 12:45:16,668 - DEBUG - > GET /ocpp16/ELA007C05/EVSCA050001 HTTP/1.1
2023-03-30 12:45:16,669 - DEBUG - > Host: ws.devevspcharger.uplus.co.kr
2023-03-30 12:45:16,669 - DEBUG - > Upgrade: websocket
2023-03-30 12:45:16,669 - DEBUG - > Connection: Upgrade
2023-03-30 12:45:16,669 - DEBUG - > Sec-WebSocket-Key: /iQUqjZieJsRQ6O3uuY0Bw==
2023-03-30 12:45:16,669 - DEBUG - > Sec-WebSocket-Version: 13
2023-03-30 12:45:16,669 - DEBUG - > Sec-WebSocket-Extensions: permessage-deflate; client_max_window_bits
2023-03-30 12:45:16,670 - DEBUG - > Sec-WebSocket-Protocol: ocpp1.6
2023-03-30 12:45:16,670 - DEBUG - > Authorization: Basic RVZBUjpFVkFSTEdV
2023-03-30 12:45:16,670 - DEBUG - > User-Agent: Python/3.11 websockets/10.4
2023-03-30 12:45:18,047 - DEBUG - < HTTP/1.1 101 Switching Protocols
2023-03-30 12:45:18,048 - DEBUG - < Connection: upgrade
2023-03-30 12:45:18,048 - DEBUG - < Date: Thu, 30 Mar 2023 03:45:15 GMT
2023-03-30 12:45:18,048 - DEBUG - < sec-websocket-protocol: ocpp1.6
2023-03-30 12:45:18,048 - DEBUG - < upgrade: websocket
2023-03-30 12:45:18,049 - DEBUG - < sec-websocket-accept: zS8hsEFnnAufIJpNJDdn7w2h05c=
2023-03-30 12:45:18,049 - DEBUG - < sec-websocket-extensions: permessage-deflate
2023-03-30 12:45:18,049 - DEBUG - < X-Cache: Miss from cloudfront
2023-03-30 12:45:18,049 - DEBUG - < Via: 1.1 c6882e0acaa56682be4bf45c4b8fd99a.cloudfront.net (CloudFront)
2023-03-30 12:45:18,049 - DEBUG - < X-Amz-Cf-Pop: ICN57-P2
2023-03-30 12:45:18,049 - DEBUG - < X-Amz-Cf-Id: nULuEWG3jeXvWqk1rPZt7G_FhMk6dNxbvpn1RWpuukt-V4oar7lhog==
2023-03-30 12:45:18,050 - DEBUG - = connection is OPEN
2023-03-30 12:45:18,092 - DEBUG - > TEXT '[2, "0aa6ec79-b3e6-4951-8fd7-7d0701bbcb12", "Bo...ePointVendor": "EVAR"}]' [127 bytes]
2023-03-30 12:45:18,541 - DEBUG - < TEXT '[3, "0aa6ec79-b3e6-4951-8fd7-7d0701bbcb12", {"s...16Z", "interval": 600}]' [123 bytes]
2023-03-30 12:45:18,673 - DEBUG - Starting new HTTPS connection (1): 8b434254zg.execute-api.ap-northeast-2.amazonaws.com:443
2023-03-30 12:45:20,061 - DEBUG - https://8b434254zg.execute-api.ap-northeast-2.amazonaws.com:443 "POST /dev/ioc HTTP/1.1" 200 148
2023-03-30 12:45:20,101 - DEBUG - = connection is CLOSING
2023-03-30 12:45:20,102 - DEBUG - > CLOSE 1000 (OK) [2 bytes]
2023-03-30 12:45:20,103 - DEBUG - < TEXT '[2, "af438fb0-875e-4abd-9ebd-a664c3777dbb", "Ge...izeRemoteTxRequests"]}]' [103 bytes]
2023-03-30 12:45:20,133 - DEBUG - < CLOSE 1000 (OK) [2 bytes]
2023-03-30 12:45:20,157 - DEBUG - = connection is CLOSED
2023-03-30 12:45:20,162 - ERROR - Task exception was never retrieved
future: <Task finished name='Task-2' coro=<ChargerSim.startEvent() done, defined at D:\workspace\wss\main.py:124> exception=ConnectionClosedOK(Close(code=1000, reason=''), Close(code=1000, reason=''), False)>
Traceback (most recent call last):
  File "D:\workspace\wss\main.py", line 144, in startEvent
    await self.charger.runcase(self.TC_selected if len(self.TC_selected.keys())>0 else self.TC)
  File "D:\workspace\wss\Charger.py", line 365, in runcase
    await self.sendReply(senddoc)
  File "D:\workspace\wss\Charger.py", line 209, in sendReply
    await self.ws.send(json.dumps(ocpp))
  File "D:\workspace\wss\venv\Lib\site-packages\websockets\legacy\protocol.py", line 635, in send
    await self.ensure_open()
  File "D:\workspace\wss\venv\Lib\site-packages\websockets\legacy\protocol.py", line 953, in ensure_open
    raise self.connection_closed_exc()
websockets.exceptions.ConnectionClosedOK: sent 1000 (OK); then received 1000 (OK)
2023-03-30 12:45:22,548 - DEBUG - = connection is CONNECTING
2023-03-30 12:45:22,600 - DEBUG - > GET /ocpp16/ELA007C05/EVSCA050001 HTTP/1.1
2023-03-30 12:45:22,600 - DEBUG - > Host: ws.devevspcharger.uplus.co.kr
2023-03-30 12:45:22,600 - DEBUG - > Upgrade: websocket
2023-03-30 12:45:22,601 - DEBUG - > Connection: Upgrade
2023-03-30 12:45:22,601 - DEBUG - > Sec-WebSocket-Key: S5NqRxtIbclcmW9if9WxjQ==
2023-03-30 12:45:22,601 - DEBUG - > Sec-WebSocket-Version: 13
2023-03-30 12:45:22,602 - DEBUG - > Sec-WebSocket-Extensions: permessage-deflate; client_max_window_bits
2023-03-30 12:45:22,602 - DEBUG - > Sec-WebSocket-Protocol: ocpp1.6
2023-03-30 12:45:22,602 - DEBUG - > Authorization: Basic RVZBUjpFVkFSTEdV
2023-03-30 12:45:22,602 - DEBUG - > User-Agent: Python/3.11 websockets/10.4
2023-03-30 12:45:22,853 - DEBUG - < HTTP/1.1 101 Switching Protocols
2023-03-30 12:45:22,854 - DEBUG - < Connection: upgrade
2023-03-30 12:45:22,854 - DEBUG - < Date: Thu, 30 Mar 2023 03:45:20 GMT
2023-03-30 12:45:22,854 - DEBUG - < sec-websocket-protocol: ocpp1.6
2023-03-30 12:45:22,855 - DEBUG - < upgrade: websocket
2023-03-30 12:45:22,855 - DEBUG - < sec-websocket-accept: R+rZXrk9Z4YAbvwzndUyaVCxTi0=
2023-03-30 12:45:22,855 - DEBUG - < sec-websocket-extensions: permessage-deflate
2023-03-30 12:45:22,855 - DEBUG - < X-Cache: Miss from cloudfront
2023-03-30 12:45:22,855 - DEBUG - < Via: 1.1 8cd680512056914f119efae770348786.cloudfront.net (CloudFront)
2023-03-30 12:45:22,856 - DEBUG - < X-Amz-Cf-Pop: ICN57-P2
2023-03-30 12:45:22,856 - DEBUG - < X-Amz-Cf-Id: l-A5oYLNGzrPpGuSoD2CGw5Bm_VtIRxCACx_2jnttIVfFtwMpyQe_Q==
2023-03-30 12:45:22,857 - DEBUG - = connection is OPEN
2023-03-30 12:45:22,942 - DEBUG - > TEXT '[2, "cafd50d2-fb84-47b3-8b81-7e7f3e4d99c6", "Bo...ePointVendor": "EVAR"}]' [127 bytes]
2023-03-30 12:45:23,186 - DEBUG - < TEXT '[3, "cafd50d2-fb84-47b3-8b81-7e7f3e4d99c6", {"s...20Z", "interval": 600}]' [123 bytes]
2023-03-30 12:45:30,291 - DEBUG - Starting new HTTPS connection (1): 8b434254zg.execute-api.ap-northeast-2.amazonaws.com:443
2023-03-30 12:45:30,742 - DEBUG - https://8b434254zg.execute-api.ap-northeast-2.amazonaws.com:443 "POST /dev/ioc HTTP/1.1" 200 148
2023-03-30 12:45:30,763 - DEBUG - < TEXT '[2, "d3fe4e5b-3a47-4cd8-81ef-5c385b34016f", "Ge...izeRemoteTxRequests"]}]' [103 bytes]
2023-03-30 12:45:30,783 - DEBUG - > TEXT '[3, "d3fe4e5b-3a47-4cd8-81ef-5c385b34016f", {"c... "status": "Accepted"}]' [139 bytes]
2023-03-30 12:45:31,291 - DEBUG - < TEXT '' [0 bytes]
2023-03-30 12:45:31,391 - DEBUG - > TEXT '[2, "947e87b5-17cf-43c5-ae1b-7a0e7ad0a2d4", "St..."status": "Preparing"}]' [132 bytes]
2023-03-30 12:45:31,675 - DEBUG - < TEXT '[3, "947e87b5-17cf-43c5-ae1b-7a0e7ad0a2d4", {}]' [47 bytes]
2023-03-30 12:45:42,886 - DEBUG - % sending keepalive ping
2023-03-30 12:45:42,886 - DEBUG - > PING ec ee 69 8c [binary, 4 bytes]
2023-03-30 12:45:42,893 - DEBUG - < PONG ec ee 69 8c [binary, 4 bytes]
2023-03-30 12:45:42,899 - DEBUG - % received keepalive pong
2023-03-30 12:46:02,901 - DEBUG - % sending keepalive ping
2023-03-30 12:46:02,901 - DEBUG - > PING c4 fa 57 c5 [binary, 4 bytes]
2023-03-30 12:46:02,911 - DEBUG - < PONG c4 fa 57 c5 [binary, 4 bytes]
2023-03-30 12:46:02,918 - DEBUG - % received keepalive pong
2023-03-30 12:47:19,401 - DEBUG - = connection is CONNECTING
2023-03-30 12:47:19,453 - DEBUG - > GET /ocpp16/JC-6511JA-P/FFFFFFFFFFFF HTTP/1.1
2023-03-30 12:47:19,453 - DEBUG - > Host: ws.devevspcharger.uplus.co.kr
2023-03-30 12:47:19,453 - DEBUG - > Upgrade: websocket
2023-03-30 12:47:19,453 - DEBUG - > Connection: Upgrade
2023-03-30 12:47:19,453 - DEBUG - > Sec-WebSocket-Key: P8NtX35Hr+ekMS6ui0uyVA==
2023-03-30 12:47:19,454 - DEBUG - > Sec-WebSocket-Version: 13
2023-03-30 12:47:19,454 - DEBUG - > Sec-WebSocket-Extensions: permessage-deflate; client_max_window_bits
2023-03-30 12:47:19,454 - DEBUG - > Sec-WebSocket-Protocol: ocpp1.6
2023-03-30 12:47:19,454 - DEBUG - > Authorization: Basic SkM6SkNMR1U=
2023-03-30 12:47:19,455 - DEBUG - > User-Agent: Python/3.11 websockets/10.4
2023-03-30 12:47:19,947 - DEBUG - < HTTP/1.1 101 Switching Protocols
2023-03-30 12:47:19,948 - DEBUG - < Connection: upgrade
2023-03-30 12:47:19,948 - DEBUG - < Date: Thu, 30 Mar 2023 03:47:17 GMT
2023-03-30 12:47:19,948 - DEBUG - < sec-websocket-protocol: ocpp1.6
2023-03-30 12:47:19,948 - DEBUG - < upgrade: websocket
2023-03-30 12:47:19,948 - DEBUG - < sec-websocket-accept: GOqQhd9KRKpvDMYyBGZjmgTIYs8=
2023-03-30 12:47:19,948 - DEBUG - < sec-websocket-extensions: permessage-deflate
2023-03-30 12:47:19,949 - DEBUG - < X-Cache: Miss from cloudfront
2023-03-30 12:47:19,949 - DEBUG - < Via: 1.1 967cab954a1c41e7f76f472d706ab3a0.cloudfront.net (CloudFront)
2023-03-30 12:47:19,949 - DEBUG - < X-Amz-Cf-Pop: ICN57-P2
2023-03-30 12:47:19,949 - DEBUG - < X-Amz-Cf-Id: MV9i_1S3pPgzL7ui8ft0Aoc-MxtIYkK_wRh8o4uxrjAvhTLnCrFNSA==
2023-03-30 12:47:19,950 - DEBUG - = connection is OPEN
2023-03-30 12:47:19,992 - DEBUG - > TEXT '[2, "423a0a22-8006-467d-8418-03c952e4066d", "Bo...ePointVendor": "EVAR"}]' [129 bytes]
2023-03-30 12:47:20,408 - DEBUG - < TEXT '[3, "423a0a22-8006-467d-8418-03c952e4066d", {"s...18Z", "interval": 300}]' [123 bytes]
2023-03-30 12:47:22,682 - DEBUG - Starting new HTTPS connection (1): 8b434254zg.execute-api.ap-northeast-2.amazonaws.com:443
2023-03-30 12:47:23,279 - DEBUG - https://8b434254zg.execute-api.ap-northeast-2.amazonaws.com:443 "POST /dev/ioc HTTP/1.1" 200 148
2023-03-30 12:47:23,297 - DEBUG - < TEXT '[2, "ab18ad3d-9626-4b0a-9dc6-900d212a376c", "Ge...izeRemoteTxRequests"]}]' [103 bytes]
2023-03-30 12:47:23,308 - DEBUG - > TEXT '[3, "ab18ad3d-9626-4b0a-9dc6-900d212a376c", {"c...ue", "value": "300"}]}]' [141 bytes]
2023-03-30 12:47:23,482 - DEBUG - < TEXT '' [0 bytes]
2023-03-30 12:47:26,259 - DEBUG - Starting new HTTPS connection (1): 8b434254zg.execute-api.ap-northeast-2.amazonaws.com:443
2023-03-30 12:47:26,641 - DEBUG - https://8b434254zg.execute-api.ap-northeast-2.amazonaws.com:443 "POST /dev/ioc HTTP/1.1" 200 164
2023-03-30 12:47:26,671 - DEBUG - < TEXT '[2, "5c0473a0-2359-4ae7-bbd1-18874516ea19", "Ch...rval", "value": "300"}]' [119 bytes]
2023-03-30 12:47:26,680 - DEBUG - > TEXT '[3, "5c0473a0-2359-4ae7-bbd1-18874516ea19", {"status": "Accepted"}]' [67 bytes]
2023-03-30 12:47:26,864 - DEBUG - < TEXT '' [0 bytes]
2023-03-30 12:47:26,924 - DEBUG - > TEXT '[2, "423a0a22-8006-467d-8418-03c952e4066d", "St..."status": "Available"}]' [132 bytes]
2023-03-30 12:47:27,101 - DEBUG - < TEXT '[3, "423a0a22-8006-467d-8418-03c952e4066d", {}]' [47 bytes]
2023-03-30 12:47:39,941 - DEBUG - % sending keepalive ping
2023-03-30 12:47:39,942 - DEBUG - > PING 'O$\u048c' [text, 4 bytes]
2023-03-30 12:47:39,969 - DEBUG - < PONG 'O$\u048c' [text, 4 bytes]
2023-03-30 12:47:39,977 - DEBUG - % received keepalive pong
2023-03-30 12:47:59,981 - DEBUG - % sending keepalive ping
2023-03-30 12:47:59,981 - DEBUG - > PING 83 35 63 36 [binary, 4 bytes]
2023-03-30 12:47:59,989 - DEBUG - < PONG 83 35 63 36 [binary, 4 bytes]
2023-03-30 12:47:59,997 - DEBUG - % received keepalive pong
2023-03-30 12:48:19,982 - DEBUG - % sending keepalive ping
2023-03-30 12:48:19,983 - DEBUG - > PING 54 26 fe 40 [binary, 4 bytes]
2023-03-30 12:48:19,998 - DEBUG - < PONG 54 26 fe 40 [binary, 4 bytes]
2023-03-30 12:48:20,007 - DEBUG - % received keepalive pong
2023-03-30 12:48:40,004 - DEBUG - % sending keepalive ping
2023-03-30 12:48:40,004 - DEBUG - > PING 57 de 93 e9 [binary, 4 bytes]
2023-03-30 12:48:40,013 - DEBUG - < PONG 57 de 93 e9 [binary, 4 bytes]
2023-03-30 12:48:40,028 - DEBUG - % received keepalive pong
2023-03-30 12:49:00,022 - DEBUG - % sending keepalive ping
2023-03-30 12:49:00,023 - DEBUG - > PING 4f d2 ba dd [binary, 4 bytes]
2023-03-30 12:49:00,035 - DEBUG - < PONG 4f d2 ba dd [binary, 4 bytes]
2023-03-30 12:49:00,051 - DEBUG - % received keepalive pong
2023-03-30 12:49:20,056 - DEBUG - % sending keepalive ping
2023-03-30 12:49:20,056 - DEBUG - > PING 08 ba b4 92 [binary, 4 bytes]
2023-03-30 12:49:20,069 - DEBUG - < PONG 08 ba b4 92 [binary, 4 bytes]
2023-03-30 12:49:20,073 - DEBUG - % received keepalive pong
2023-03-30 12:49:40,075 - DEBUG - % sending keepalive ping
2023-03-30 12:49:40,076 - DEBUG - > PING d4 d6 15 0c [binary, 4 bytes]
2023-03-30 12:49:40,403 - DEBUG - < PONG d4 d6 15 0c [binary, 4 bytes]
2023-03-30 12:49:40,417 - DEBUG - % received keepalive pong
2023-03-30 12:50:00,397 - DEBUG - % sending keepalive ping
2023-03-30 12:50:00,397 - DEBUG - > PING 28 f1 e4 03 [binary, 4 bytes]
2023-03-30 12:50:00,410 - DEBUG - < PONG 28 f1 e4 03 [binary, 4 bytes]
2023-03-30 12:50:00,416 - DEBUG - % received keepalive pong
2023-03-30 12:50:20,398 - DEBUG - % sending keepalive ping
2023-03-30 12:50:20,399 - DEBUG - > PING a4 60 79 56 [binary, 4 bytes]
2023-03-30 12:50:20,407 - DEBUG - < PONG a4 60 79 56 [binary, 4 bytes]
2023-03-30 12:50:20,415 - DEBUG - % received keepalive pong
2023-03-30 12:50:40,402 - DEBUG - % sending keepalive ping
2023-03-30 12:50:40,402 - DEBUG - > PING 6b cb b6 bf [binary, 4 bytes]
2023-03-30 12:50:40,415 - DEBUG - < PONG 6b cb b6 bf [binary, 4 bytes]
2023-03-30 12:50:40,422 - DEBUG - % received keepalive pong
2023-03-30 12:51:00,395 - DEBUG - % sending keepalive ping
2023-03-30 12:51:00,395 - DEBUG - > PING 3e 19 5e aa [binary, 4 bytes]
2023-03-30 12:51:00,404 - DEBUG - < PONG 3e 19 5e aa [binary, 4 bytes]
2023-03-30 12:51:00,412 - DEBUG - % received keepalive pong
2023-03-30 12:51:20,399 - DEBUG - % sending keepalive ping
2023-03-30 12:51:20,399 - DEBUG - > PING 3f da 73 0d [binary, 4 bytes]
2023-03-30 12:51:20,406 - DEBUG - < PONG 3f da 73 0d [binary, 4 bytes]
2023-03-30 12:51:20,416 - DEBUG - % received keepalive pong
2023-03-30 12:51:40,401 - DEBUG - % sending keepalive ping
2023-03-30 12:51:40,401 - DEBUG - > PING d6 4a ec 18 [binary, 4 bytes]
2023-03-30 12:51:40,419 - DEBUG - < PONG d6 4a ec 18 [binary, 4 bytes]
2023-03-30 12:51:40,426 - DEBUG - % received keepalive pong
2023-03-30 12:52:00,432 - DEBUG - % sending keepalive ping
2023-03-30 12:52:00,433 - DEBUG - > PING b8 0e 0a b1 [binary, 4 bytes]
2023-03-30 12:52:00,442 - DEBUG - < PONG b8 0e 0a b1 [binary, 4 bytes]
2023-03-30 12:52:00,450 - DEBUG - % received keepalive pong
2023-03-30 12:52:20,450 - DEBUG - % sending keepalive ping
2023-03-30 12:52:20,451 - DEBUG - > PING 03 d0 12 6d [binary, 4 bytes]
2023-03-30 12:52:20,458 - DEBUG - < PONG 03 d0 12 6d [binary, 4 bytes]
2023-03-30 12:52:20,467 - DEBUG - % received keepalive pong
2023-03-30 12:52:40,454 - DEBUG - % sending keepalive ping
2023-03-30 12:52:40,454 - DEBUG - > PING 70 74 8b 43 [binary, 4 bytes]
2023-03-30 12:52:40,464 - DEBUG - < PONG 70 74 8b 43 [binary, 4 bytes]
2023-03-30 12:52:40,474 - DEBUG - % received keepalive pong
2023-03-30 12:53:00,473 - DEBUG - % sending keepalive ping
2023-03-30 12:53:00,474 - DEBUG - > PING 1a 45 33 f3 [binary, 4 bytes]
2023-03-30 12:53:00,486 - DEBUG - < PONG 1a 45 33 f3 [binary, 4 bytes]
2023-03-30 12:53:00,495 - DEBUG - % received keepalive pong
2023-03-30 12:53:20,482 - DEBUG - % sending keepalive ping
2023-03-30 12:53:20,483 - DEBUG - > PING b6 e6 07 18 [binary, 4 bytes]
2023-03-30 12:53:20,493 - DEBUG - < PONG b6 e6 07 18 [binary, 4 bytes]
2023-03-30 12:53:20,507 - DEBUG - % received keepalive pong
2023-03-30 12:53:40,506 - DEBUG - % sending keepalive ping
2023-03-30 12:53:40,506 - DEBUG - > PING e2 ef 6b 2c [binary, 4 bytes]
2023-03-30 12:53:40,530 - DEBUG - < PONG e2 ef 6b 2c [binary, 4 bytes]
2023-03-30 12:53:40,541 - DEBUG - % received keepalive pong
2023-03-30 12:54:00,530 - DEBUG - % sending keepalive ping
2023-03-30 12:54:00,530 - DEBUG - > PING 71 07 98 02 [binary, 4 bytes]
2023-03-30 12:54:00,545 - DEBUG - < PONG 71 07 98 02 [binary, 4 bytes]
2023-03-30 12:54:00,555 - DEBUG - % received keepalive pong
2023-03-30 12:54:20,562 - DEBUG - % sending keepalive ping
2023-03-30 12:54:20,562 - DEBUG - > PING 0a a5 49 91 [binary, 4 bytes]
2023-03-30 12:54:20,577 - DEBUG - < PONG 0a a5 49 91 [binary, 4 bytes]
2023-03-30 12:54:20,592 - DEBUG - % received keepalive pong
2023-03-30 12:54:40,570 - DEBUG - % sending keepalive ping
2023-03-30 12:54:40,571 - DEBUG - > PING 22 f0 6f 69 [binary, 4 bytes]
2023-03-30 12:54:40,579 - DEBUG - < PONG 22 f0 6f 69 [binary, 4 bytes]
2023-03-30 12:54:40,585 - DEBUG - % received keepalive pong
2023-03-30 12:55:00,574 - DEBUG - % sending keepalive ping
2023-03-30 12:55:00,574 - DEBUG - > PING 04 23 c8 77 [binary, 4 bytes]
2023-03-30 12:55:00,583 - DEBUG - < PONG 04 23 c8 77 [binary, 4 bytes]
2023-03-30 12:55:00,590 - DEBUG - % received keepalive pong
2023-03-30 12:55:20,594 - DEBUG - % sending keepalive ping
2023-03-30 12:55:20,595 - DEBUG - > PING 3c 19 cc 55 [binary, 4 bytes]
2023-03-30 12:55:20,610 - DEBUG - < PONG 3c 19 cc 55 [binary, 4 bytes]
2023-03-30 12:55:20,636 - DEBUG - % received keepalive pong
2023-03-30 12:55:40,626 - DEBUG - % sending keepalive ping
2023-03-30 12:55:40,627 - DEBUG - > PING 33 e0 3c 8f [binary, 4 bytes]
2023-03-30 12:55:40,637 - DEBUG - < PONG 33 e0 3c 8f [binary, 4 bytes]
2023-03-30 12:55:40,645 - DEBUG - % received keepalive pong
2023-03-30 12:56:00,641 - DEBUG - % sending keepalive ping
2023-03-30 12:56:00,641 - DEBUG - > PING 9f ea 82 a2 [binary, 4 bytes]
2023-03-30 12:56:00,656 - DEBUG - < PONG 9f ea 82 a2 [binary, 4 bytes]
2023-03-30 12:56:00,663 - DEBUG - % received keepalive pong
2023-03-30 12:56:20,647 - DEBUG - % sending keepalive ping
2023-03-30 12:56:20,647 - DEBUG - > PING 37 b2 65 90 [binary, 4 bytes]
2023-03-30 12:56:20,660 - DEBUG - < PONG 37 b2 65 90 [binary, 4 bytes]
2023-03-30 12:56:20,675 - DEBUG - % received keepalive pong
2023-03-30 12:56:40,681 - DEBUG - % sending keepalive ping
2023-03-30 12:56:40,681 - DEBUG - > PING 20 d0 b6 d9 [binary, 4 bytes]
2023-03-30 12:56:40,690 - DEBUG - < PONG 20 d0 b6 d9 [binary, 4 bytes]
2023-03-30 12:56:40,698 - DEBUG - % received keepalive pong
2023-03-30 12:57:00,690 - DEBUG - % sending keepalive ping
2023-03-30 12:57:00,690 - DEBUG - > PING 98 2c 6d 10 [binary, 4 bytes]
2023-03-30 12:57:00,699 - DEBUG - < PONG 98 2c 6d 10 [binary, 4 bytes]
2023-03-30 12:57:00,708 - DEBUG - % received keepalive pong
2023-03-30 12:57:20,705 - DEBUG - % sending keepalive ping
2023-03-30 12:57:20,705 - DEBUG - > PING d5 e6 11 90 [binary, 4 bytes]
2023-03-30 12:57:20,713 - DEBUG - < PONG d5 e6 11 90 [binary, 4 bytes]
2023-03-30 12:57:20,728 - DEBUG - % received keepalive pong
2023-03-30 12:57:27,193 - DEBUG - = connection is CLOSING
2023-03-30 12:57:27,193 - DEBUG - > CLOSE 1000 (OK) [2 bytes]
2023-03-30 12:57:27,205 - DEBUG - < CLOSE 1000 (OK) [2 bytes]
2023-03-30 12:57:27,212 - DEBUG - = connection is CLOSED
2023-03-30 13:15:10,415 - DEBUG - = connection is CONNECTING
2023-03-30 13:15:10,453 - DEBUG - > GET /ocpp16/JC-6511JA-P/FFFFFFFFFFFF HTTP/1.1
2023-03-30 13:15:10,453 - DEBUG - > Host: ws.devevspcharger.uplus.co.kr
2023-03-30 13:15:10,453 - DEBUG - > Upgrade: websocket
2023-03-30 13:15:10,453 - DEBUG - > Connection: Upgrade
2023-03-30 13:15:10,454 - DEBUG - > Sec-WebSocket-Key: m3l/fxKvJSIkKEPcoPTd3w==
2023-03-30 13:15:10,455 - DEBUG - > Sec-WebSocket-Version: 13
2023-03-30 13:15:10,455 - DEBUG - > Sec-WebSocket-Extensions: permessage-deflate; client_max_window_bits
2023-03-30 13:15:10,455 - DEBUG - > Sec-WebSocket-Protocol: ocpp1.6
2023-03-30 13:15:10,455 - DEBUG - > Authorization: Basic SkM6SkNMR1U=
2023-03-30 13:15:10,455 - DEBUG - > User-Agent: Python/3.11 websockets/10.4
2023-03-30 13:15:11,879 - DEBUG - < HTTP/1.1 101 Switching Protocols
2023-03-30 13:15:11,879 - DEBUG - < Connection: upgrade
2023-03-30 13:15:11,879 - DEBUG - < Date: Thu, 30 Mar 2023 04:15:09 GMT
2023-03-30 13:15:11,879 - DEBUG - < sec-websocket-protocol: ocpp1.6
2023-03-30 13:15:11,880 - DEBUG - < upgrade: websocket
2023-03-30 13:15:11,880 - DEBUG - < sec-websocket-accept: BuBdTKCVMSVUlAq/yXD8La2RC9U=
2023-03-30 13:15:11,880 - DEBUG - < sec-websocket-extensions: permessage-deflate
2023-03-30 13:15:11,881 - DEBUG - < X-Cache: Miss from cloudfront
2023-03-30 13:15:11,881 - DEBUG - < Via: 1.1 cb3d16eff6ae874e2900d410d6cd2066.cloudfront.net (CloudFront)
2023-03-30 13:15:11,881 - DEBUG - < X-Amz-Cf-Pop: ICN51-C2
2023-03-30 13:15:11,881 - DEBUG - < X-Amz-Cf-Id: Df2FOFy5FNzSJ48LFA9MylZcJgc1iYaXfw2oxWkuJ2kRrcznBYobLw==
2023-03-30 13:15:11,881 - DEBUG - = connection is OPEN
2023-03-30 13:15:11,936 - DEBUG - > TEXT '[2, "de4ec542-b046-4ac1-9ec9-5fb364b3bcfd", "Bo...ePointVendor": "EVAR"}]' [129 bytes]
2023-03-30 13:15:12,345 - DEBUG - < TEXT '[3, "de4ec542-b046-4ac1-9ec9-5fb364b3bcfd", {"s...10Z", "interval": 300}]' [123 bytes]
2023-03-30 13:15:15,346 - DEBUG - Starting new HTTPS connection (1): 8b434254zg.execute-api.ap-northeast-2.amazonaws.com:443
2023-03-30 13:15:16,792 - DEBUG - https://8b434254zg.execute-api.ap-northeast-2.amazonaws.com:443 "POST /dev/ioc HTTP/1.1" 200 148
2023-03-30 13:15:16,810 - DEBUG - < TEXT '[2, "83bf4ffc-a4fd-4c71-bd11-5b477eb9e112", "Ge...izeRemoteTxRequests"]}]' [103 bytes]
2023-03-30 13:15:16,825 - DEBUG - > TEXT '[3, "83bf4ffc-a4fd-4c71-bd11-5b477eb9e112", {"c...ue", "value": "300"}]}]' [141 bytes]
2023-03-30 13:15:17,024 - DEBUG - < TEXT '' [0 bytes]
2023-03-30 13:15:19,713 - DEBUG - Starting new HTTPS connection (1): 8b434254zg.execute-api.ap-northeast-2.amazonaws.com:443
2023-03-30 13:15:20,113 - DEBUG - https://8b434254zg.execute-api.ap-northeast-2.amazonaws.com:443 "POST /dev/ioc HTTP/1.1" 200 164
2023-03-30 13:15:20,130 - DEBUG - < TEXT '[2, "ab599c75-d302-44ec-8f25-a6cb322234d1", "Ch...rval", "value": "300"}]' [119 bytes]
2023-03-30 13:15:20,137 - DEBUG - > TEXT '[3, "ab599c75-d302-44ec-8f25-a6cb322234d1", {"status": "Accepted"}]' [67 bytes]
2023-03-30 13:15:20,343 - DEBUG - < TEXT '' [0 bytes]
2023-03-30 13:15:20,401 - DEBUG - > TEXT '[2, "22c303df-e016-4304-98b1-b82f9b431efb", "St..."status": "Available"}]' [132 bytes]
2023-03-30 13:15:20,582 - DEBUG - < TEXT '[3, "22c303df-e016-4304-98b1-b82f9b431efb", {}]' [47 bytes]
2023-03-30 13:15:30,631 - DEBUG - < TEXT '[2, "20230330131528167", "RemoteStartTransactio...": "1031040000069641"}]' [391 bytes]
2023-03-30 13:15:30,647 - DEBUG - > TEXT '[3, "20230330131528167", {"status": "Accepted"}]' [48 bytes]
2023-03-30 13:15:30,879 - DEBUG - < TEXT '' [0 bytes]
2023-03-30 13:15:30,942 - DEBUG - > TEXT '[2, "5284d41d-5a3f-4892-8d4f-11bba40bce80", "Au...": "1031040000069641"}]' [87 bytes]
2023-03-30 13:15:31,296 - DEBUG - < TEXT '[3, "5284d41d-5a3f-4892-8d4f-11bba40bce80", {"i..."status": "Accepted"}}]' [82 bytes]
2023-03-30 13:15:31,385 - DEBUG - > TEXT '[2, "3cccd21a-6ac8-4085-96e0-696a95533f07", "St..."status": "Preparing"}]' [132 bytes]
2023-03-30 13:15:31,573 - DEBUG - < TEXT '[3, "3cccd21a-6ac8-4085-96e0-696a95533f07", {}]' [47 bytes]
2023-03-30 13:15:31,641 - DEBUG - > TEXT '[2, "b193404a-e262-4072-9111-9231a976c4bf", "St...2023-03-30T13:15:10Z"}]' [170 bytes]
2023-03-30 13:15:31,894 - DEBUG - % sending keepalive ping
2023-03-30 13:15:31,894 - DEBUG - > PING 91 02 cc a4 [binary, 4 bytes]
2023-03-30 13:15:31,907 - DEBUG - < PONG 91 02 cc a4 [binary, 4 bytes]
2023-03-30 13:15:31,924 - DEBUG - % received keepalive pong
2023-03-30 13:15:31,963 - DEBUG - < TEXT '[3, "b193404a-e262-4072-9111-9231a976c4bf", {"t..."status": "Accepted"}}]' [110 bytes]
2023-03-30 13:15:32,038 - DEBUG - > TEXT '[2, "617d16c5-5544-41c4-8bb0-2ff37f19a3d7", "St... "status": "Charging"}]' [131 bytes]
2023-03-30 13:15:32,243 - DEBUG - < TEXT '[3, "617d16c5-5544-41c4-8bb0-2ff37f19a3d7", {}]' [47 bytes]
2023-03-30 13:15:51,931 - DEBUG - % sending keepalive ping
2023-03-30 13:15:51,931 - DEBUG - > PING 58 c9 c0 fb [binary, 4 bytes]
2023-03-30 13:15:51,944 - DEBUG - < PONG 58 c9 c0 fb [binary, 4 bytes]
2023-03-30 13:15:51,949 - DEBUG - % received keepalive pong
2023-03-30 13:16:05,553 - DEBUG - < TEXT '[2, "1d-5a3f-4892-8d4f-11bba40bce80", "RemoteSt...sactionId": 120533657}]' [92 bytes]
2023-03-30 13:16:05,579 - DEBUG - > TEXT '[3, "1d-5a3f-4892-8d4f-11bba40bce80", {"status": "Accepted"}]' [61 bytes]
2023-03-30 13:16:05,763 - DEBUG - < TEXT '' [0 bytes]
2023-03-30 13:16:05,810 - DEBUG - > TEXT '[2, "1e8c8837-c4dd-4241-b6f5-c43b657ba4d3", "St...sactionId": 120533657}]' [149 bytes]
2023-03-30 13:16:06,122 - DEBUG - < TEXT '[3, "1e8c8837-c4dd-4241-b6f5-c43b657ba4d3", {"i..."status": "Accepted"}}]' [82 bytes]
2023-03-30 13:16:06,186 - DEBUG - > TEXT '[2, "b97acdeb-56e9-4e1d-8bcd-2c74533740f7", "St..."status": "Finishing"}]' [132 bytes]
2023-03-30 13:16:06,363 - DEBUG - < TEXT '[3, "b97acdeb-56e9-4e1d-8bcd-2c74533740f7", {}]' [47 bytes]
2023-03-30 13:16:06,412 - DEBUG - > TEXT '[2, "e8634d64-aab6-47de-9d94-69961acfda97", "St..."status": "Available"}]' [132 bytes]
2023-03-30 13:16:06,612 - DEBUG - < TEXT '[3, "e8634d64-aab6-47de-9d94-69961acfda97", {}]' [47 bytes]
2023-03-30 13:16:06,647 - DEBUG - = connection is CLOSING
2023-03-30 13:16:06,648 - DEBUG - > CLOSE 1000 (OK) [2 bytes]
2023-03-30 13:16:06,660 - DEBUG - < CLOSE 1000 (OK) [2 bytes]
2023-03-30 13:16:06,672 - DEBUG - = connection is CLOSED
2023-03-30 13:54:22,798 - DEBUG - = connection is CONNECTING
2023-03-30 13:54:22,840 - DEBUG - > GET /ELA007C05/EVSCA050001 HTTP/1.1
2023-03-30 13:54:22,841 - DEBUG - > Host: wsgw.devevspcharger.uplus.co.kr
2023-03-30 13:54:22,841 - DEBUG - > Upgrade: websocket
2023-03-30 13:54:22,841 - DEBUG - > Connection: Upgrade
2023-03-30 13:54:22,841 - DEBUG - > Sec-WebSocket-Key: rn5Jep3j+Cj+hONR6zaYFA==
2023-03-30 13:54:22,842 - DEBUG - > Sec-WebSocket-Version: 13
2023-03-30 13:54:22,842 - DEBUG - > Sec-WebSocket-Extensions: permessage-deflate; client_max_window_bits
2023-03-30 13:54:22,842 - DEBUG - > Sec-WebSocket-Protocol: ocpp1.6
2023-03-30 13:54:22,842 - DEBUG - > Authorization: Basic RVZBUjpFVkFSTEdV
2023-03-30 13:54:22,842 - DEBUG - > User-Agent: Python/3.11 websockets/10.4
2023-03-30 13:54:22,859 - DEBUG - < HTTP/1.1 403 Forbidden
2023-03-30 13:54:22,859 - DEBUG - < Date: Thu, 30 Mar 2023 04:54:20 GMT
2023-03-30 13:54:22,859 - DEBUG - < Content-Type: application/json; charset=UTF-8
2023-03-30 13:54:22,859 - DEBUG - < Content-Length: 23
2023-03-30 13:54:22,860 - DEBUG - < Connection: keep-alive
2023-03-30 13:54:22,860 - DEBUG - < x-amz-apigw-id: ClBfiGHJIE0FVuQ=
2023-03-30 13:54:22,860 - DEBUG - ! failing connection with code 1006
2023-03-30 13:54:22,861 - DEBUG - x closing TCP connection
2023-03-30 13:54:33,074 - ERROR - Task exception was never retrieved
future: <Task finished name='Task-2' coro=<ChargerSim.startEvent() done, defined at D:\workspace\wss\main.py:124> exception=AttributeError("'NoneType' object has no attribute 'send'")>
Traceback (most recent call last):
  File "D:\workspace\wss\main.py", line 144, in startEvent
    await self.charger.runcase(self.TC_selected if len(self.TC_selected.keys())>0 else self.TC)
  File "D:\workspace\wss\Charger.py", line 379, in runcase
    recv = await self.sendDocs(doc)
           ^^^^^^^^^^^^^^^^^^^^^^^^
  File "D:\workspace\wss\Charger.py", line 246, in sendDocs
    await self.ws.send(json.dumps(doc))
          ^^^^^^^^^^^^
AttributeError: 'NoneType' object has no attribute 'send'
2023-03-30 13:54:33,166 - DEBUG - ! timed out waiting for TCP close
2023-03-30 13:54:33,166 - DEBUG - x aborting TCP connection
2023-03-30 13:54:33,175 - DEBUG - = connection is CLOSED
2023-03-30 14:00:24,385 - DEBUG - = connection is CONNECTING
2023-03-30 14:00:24,430 - DEBUG - > GET /ELA007C05/EVSCA050001 HTTP/1.1
2023-03-30 14:00:24,431 - DEBUG - > Host: wsgw.devevspcharger.uplus.co.kr
2023-03-30 14:00:24,431 - DEBUG - > Upgrade: websocket
2023-03-30 14:00:24,432 - DEBUG - > Connection: Upgrade
2023-03-30 14:00:24,433 - DEBUG - > Sec-WebSocket-Key: Jsh6FejiNumpVVjfV+BQVA==
2023-03-30 14:00:24,433 - DEBUG - > Sec-WebSocket-Version: 13
2023-03-30 14:00:24,433 - DEBUG - > Sec-WebSocket-Extensions: permessage-deflate; client_max_window_bits
2023-03-30 14:00:24,434 - DEBUG - > Sec-WebSocket-Protocol: ocpp1.6
2023-03-30 14:00:24,434 - DEBUG - > Authorization: Basic RVZBUjpFVkFSTEdV
2023-03-30 14:00:24,434 - DEBUG - > User-Agent: Python/3.11 websockets/10.4
2023-03-30 14:00:24,451 - DEBUG - < HTTP/1.1 403 Forbidden
2023-03-30 14:00:24,452 - DEBUG - < Date: Thu, 30 Mar 2023 05:00:22 GMT
2023-03-30 14:00:24,452 - DEBUG - < Content-Type: application/json; charset=UTF-8
2023-03-30 14:00:24,452 - DEBUG - < Content-Length: 23
2023-03-30 14:00:24,452 - DEBUG - < Connection: keep-alive
2023-03-30 14:00:24,453 - DEBUG - < x-amz-apigw-id: ClCYCGekIE0Fdng=
2023-03-30 14:00:24,453 - DEBUG - ! failing connection with code 1006
2023-03-30 14:00:24,453 - DEBUG - x closing TCP connection
2023-03-30 14:00:34,378 - ERROR - Task exception was never retrieved
future: <Task finished name='Task-2' coro=<ChargerSim.startEvent() done, defined at D:\workspace\wss\main.py:124> exception=AttributeError("'NoneType' object has no attribute 'send'")>
Traceback (most recent call last):
  File "D:\workspace\wss\main.py", line 144, in startEvent
    await self.charger.runcase(self.TC_selected if len(self.TC_selected.keys())>0 else self.TC)
  File "D:\workspace\wss\Charger.py", line 379, in runcase
    recv = await self.sendDocs(doc)
           ^^^^^^^^^^^^^^^^^^^^^^^^
  File "D:\workspace\wss\Charger.py", line 246, in sendDocs
    await self.ws.send(json.dumps(doc))
          ^^^^^^^^^^^^
AttributeError: 'NoneType' object has no attribute 'send'
2023-03-30 14:00:34,442 - DEBUG - ! timed out waiting for TCP close
2023-03-30 14:00:34,443 - DEBUG - x aborting TCP connection
2023-03-30 14:00:34,453 - DEBUG - = connection is CLOSED
2023-03-30 14:14:11,448 - DEBUG - = connection is CONNECTING
2023-03-30 14:14:11,506 - DEBUG - > GET /ocpp16/ELA007C05/EVSCA050001 HTTP/1.1
2023-03-30 14:14:11,506 - DEBUG - > Host: wsgw.devevspcharger.uplus.co.kr
2023-03-30 14:14:11,507 - DEBUG - > Upgrade: websocket
2023-03-30 14:14:11,507 - DEBUG - > Connection: Upgrade
2023-03-30 14:14:11,507 - DEBUG - > Sec-WebSocket-Key: J6ogIezkKBPleinyihfM5g==
2023-03-30 14:14:11,507 - DEBUG - > Sec-WebSocket-Version: 13
2023-03-30 14:14:11,508 - DEBUG - > Sec-WebSocket-Extensions: permessage-deflate; client_max_window_bits
2023-03-30 14:14:11,508 - DEBUG - > Sec-WebSocket-Protocol: ocpp1.6
2023-03-30 14:14:11,508 - DEBUG - > Authorization: Basic RVZBUjpFVkFSTEdV
2023-03-30 14:14:11,508 - DEBUG - > User-Agent: Python/3.11 websockets/10.4
2023-03-30 14:14:11,532 - DEBUG - < HTTP/1.1 403 Forbidden
2023-03-30 14:14:11,533 - DEBUG - < Date: Thu, 30 Mar 2023 05:14:09 GMT
2023-03-30 14:14:11,533 - DEBUG - < Content-Type: application/json; charset=UTF-8
2023-03-30 14:14:11,534 - DEBUG - < Content-Length: 75
2023-03-30 14:14:11,534 - DEBUG - < Connection: keep-alive
2023-03-30 14:14:11,535 - DEBUG - < x-amz-apigw-id: ClEZQHWWoE0FYCQ=
2023-03-30 14:14:11,535 - DEBUG - ! failing connection with code 1006
2023-03-30 14:14:11,552 - DEBUG - x closing TCP connection
2023-03-30 14:14:21,444 - ERROR - Task exception was never retrieved
future: <Task finished name='Task-2' coro=<ChargerSim.startEvent() done, defined at D:\workspace\wss\main.py:124> exception=AttributeError("'NoneType' object has no attribute 'send'")>
Traceback (most recent call last):
  File "D:\workspace\wss\main.py", line 144, in startEvent
    await self.charger.runcase(self.TC_selected if len(self.TC_selected.keys())>0 else self.TC)
  File "D:\workspace\wss\Charger.py", line 379, in runcase
    recv = await self.sendDocs(doc)
           ^^^^^^^^^^^^^^^^^^^^^^^^
  File "D:\workspace\wss\Charger.py", line 246, in sendDocs
    await self.ws.send(json.dumps(doc))
          ^^^^^^^^^^^^
AttributeError: 'NoneType' object has no attribute 'send'
2023-03-30 14:14:21,558 - DEBUG - ! timed out waiting for TCP close
2023-03-30 14:14:21,558 - DEBUG - x aborting TCP connection
2023-03-30 14:14:21,564 - DEBUG - = connection is CLOSED
2023-03-30 14:15:18,009 - DEBUG - = connection is CONNECTING
2023-03-30 14:15:18,046 - DEBUG - > GET /ocpp16/ELA007C05/EVSCA050001 HTTP/1.1
2023-03-30 14:15:18,047 - DEBUG - > Host: wsgw.devevspcharger.uplus.co.kr
2023-03-30 14:15:18,047 - DEBUG - > Upgrade: websocket
2023-03-30 14:15:18,047 - DEBUG - > Connection: Upgrade
2023-03-30 14:15:18,047 - DEBUG - > Sec-WebSocket-Key: NospsabCPDkQh+xSK0SaYA==
2023-03-30 14:15:18,047 - DEBUG - > Sec-WebSocket-Version: 13
2023-03-30 14:15:18,047 - DEBUG - > Sec-WebSocket-Extensions: permessage-deflate; client_max_window_bits
2023-03-30 14:15:18,047 - DEBUG - > Sec-WebSocket-Protocol: ocpp1.6
2023-03-30 14:15:18,048 - DEBUG - > Authorization: Basic RVZBUjpFVkFSTEdV
2023-03-30 14:15:18,048 - DEBUG - > User-Agent: Python/3.11 websockets/10.4
2023-03-30 14:15:18,068 - DEBUG - < HTTP/1.1 403 Forbidden
2023-03-30 14:15:18,068 - DEBUG - < Date: Thu, 30 Mar 2023 05:15:15 GMT
2023-03-30 14:15:18,068 - DEBUG - < Content-Type: application/json; charset=UTF-8
2023-03-30 14:15:18,068 - DEBUG - < Content-Length: 75
2023-03-30 14:15:18,068 - DEBUG - < Connection: keep-alive
2023-03-30 14:15:18,069 - DEBUG - < x-amz-apigw-id: ClEjqGuSIE0FeRg=
2023-03-30 14:15:18,069 - DEBUG - ! failing connection with code 1006
2023-03-30 14:15:18,079 - DEBUG - x closing TCP connection
2023-03-30 14:15:27,996 - ERROR - Task exception was never retrieved
future: <Task finished name='Task-2' coro=<ChargerSim.startEvent() done, defined at D:\workspace\wss\main.py:124> exception=AttributeError("'NoneType' object has no attribute 'send'")>
Traceback (most recent call last):
  File "D:\workspace\wss\main.py", line 144, in startEvent
    await self.charger.runcase(self.TC_selected if len(self.TC_selected.keys())>0 else self.TC)
  File "D:\workspace\wss\Charger.py", line 380, in runcase
    recv = await self.sendDocs(doc)
           ^^^^^^^^^^^^^^^^^^^^^^^^
  File "D:\workspace\wss\Charger.py", line 247, in sendDocs
    await self.ws.send(json.dumps(doc))
          ^^^^^^^^^^^^
AttributeError: 'NoneType' object has no attribute 'send'
2023-03-30 14:15:28,069 - DEBUG - ! timed out waiting for TCP close
2023-03-30 14:15:28,069 - DEBUG - x aborting TCP connection
2023-03-30 14:15:28,080 - DEBUG - = connection is CLOSED
2023-03-30 14:19:28,096 - DEBUG - = connection is CONNECTING
2023-03-30 14:19:28,135 - DEBUG - > GET /ocpp16/ELA007C05/EVSCA050001 HTTP/1.1
2023-03-30 14:19:28,136 - DEBUG - > Host: ws.devevspcharger.uplus.co.kr
2023-03-30 14:19:28,136 - DEBUG - > Upgrade: websocket
2023-03-30 14:19:28,136 - DEBUG - > Connection: Upgrade
2023-03-30 14:19:28,136 - DEBUG - > Sec-WebSocket-Key: kBaQYfYjhrWRZ/L0uGU4Hw==
2023-03-30 14:19:28,136 - DEBUG - > Sec-WebSocket-Version: 13
2023-03-30 14:19:28,136 - DEBUG - > Sec-WebSocket-Extensions: permessage-deflate; client_max_window_bits
2023-03-30 14:19:28,136 - DEBUG - > Sec-WebSocket-Protocol: ocpp1.6
2023-03-30 14:19:28,136 - DEBUG - > Authorization: Basic RVZBUjpFVkFSTEdV
2023-03-30 14:19:28,136 - DEBUG - > User-Agent: Python/3.11 websockets/10.4
2023-03-30 14:19:30,597 - DEBUG - < HTTP/1.1 101 Switching Protocols
2023-03-30 14:19:30,598 - DEBUG - < Connection: upgrade
2023-03-30 14:19:30,598 - DEBUG - < Date: Thu, 30 Mar 2023 05:19:28 GMT
2023-03-30 14:19:30,598 - DEBUG - < sec-websocket-protocol: ocpp1.6
2023-03-30 14:19:30,598 - DEBUG - < upgrade: websocket
2023-03-30 14:19:30,598 - DEBUG - < sec-websocket-accept: GH+XHy3d9EdVnrMHZuPrx8+f+iw=
2023-03-30 14:19:30,599 - DEBUG - < sec-websocket-extensions: permessage-deflate
2023-03-30 14:19:30,599 - DEBUG - < X-Cache: Miss from cloudfront
2023-03-30 14:19:30,599 - DEBUG - < Via: 1.1 1c2dddf38b53f960ce106f4047c232e4.cloudfront.net (CloudFront)
2023-03-30 14:19:30,599 - DEBUG - < X-Amz-Cf-Pop: ICN57-P2
2023-03-30 14:19:30,599 - DEBUG - < X-Amz-Cf-Id: -1W_iy58pddJq2rrhHxzkyhxqdGBVqLW8GFlcq2i9FbaalMgzoqpRw==
2023-03-30 14:19:30,606 - DEBUG - = connection is OPEN
2023-03-30 14:19:30,642 - DEBUG - > TEXT '[2, "f6f7c25c-9fa7-45ba-9633-17a79fe3f62c", "Bo...ePointVendor": "EVAR"}]' [127 bytes]
2023-03-30 14:19:31,587 - DEBUG - < TEXT '[3, "f6f7c25c-9fa7-45ba-9633-17a79fe3f62c", {"s...29Z", "interval": 600}]' [123 bytes]
2023-03-30 14:19:31,631 - DEBUG - > TEXT '[2, "f6f7c25c-9fa7-45ba-9633-17a79fe3f62c", "St..."status": "Available"}]' [132 bytes]
2023-03-30 14:19:31,915 - DEBUG - < TEXT '[3, "f6f7c25c-9fa7-45ba-9633-17a79fe3f62c", {}]' [47 bytes]
2023-03-30 14:19:31,955 - DEBUG - > TEXT '[2, "f6f7c25c-9fa7-45ba-9633-17a79fe3f62c", "Au...": "1031040000069641"}]' [87 bytes]
2023-03-30 14:19:32,605 - DEBUG - < TEXT '[3, "f6f7c25c-9fa7-45ba-9633-17a79fe3f62c", {"i..."status": "Accepted"}}]' [82 bytes]
2023-03-30 14:19:32,644 - DEBUG - = connection is CLOSING
2023-03-30 14:19:32,645 - DEBUG - > CLOSE 1000 (OK) [2 bytes]
2023-03-30 14:19:32,652 - DEBUG - < CLOSE 1000 (OK) [2 bytes]
2023-03-30 14:19:32,660 - DEBUG - = connection is CLOSED
2023-03-30 14:19:44,563 - DEBUG - = connection is CONNECTING
2023-03-30 14:19:44,606 - DEBUG - > GET /ocpp16/ELA007C05/EVSCA050001 HTTP/1.1
2023-03-30 14:19:44,606 - DEBUG - > Host: ws.devevspcharger.uplus.co.kr
2023-03-30 14:19:44,606 - DEBUG - > Upgrade: websocket
2023-03-30 14:19:44,607 - DEBUG - > Connection: Upgrade
2023-03-30 14:19:44,607 - DEBUG - > Sec-WebSocket-Key: 7gPGQzFgHbzBF1HopuhYtg==
2023-03-30 14:19:44,607 - DEBUG - > Sec-WebSocket-Version: 13
2023-03-30 14:19:44,607 - DEBUG - > Sec-WebSocket-Extensions: permessage-deflate; client_max_window_bits
2023-03-30 14:19:44,607 - DEBUG - > Sec-WebSocket-Protocol: ocpp1.6
2023-03-30 14:19:44,607 - DEBUG - > Authorization: Basic RVZBUjpFVkFSTEdV
2023-03-30 14:19:44,607 - DEBUG - > User-Agent: Python/3.11 websockets/10.4
2023-03-30 14:19:44,909 - DEBUG - < HTTP/1.1 101 Switching Protocols
2023-03-30 14:19:44,910 - DEBUG - < Connection: upgrade
2023-03-30 14:19:44,910 - DEBUG - < Date: Thu, 30 Mar 2023 05:19:42 GMT
2023-03-30 14:19:44,910 - DEBUG - < sec-websocket-protocol: ocpp1.6
2023-03-30 14:19:44,910 - DEBUG - < upgrade: websocket
2023-03-30 14:19:44,910 - DEBUG - < sec-websocket-accept: 9qrZq53P3V60t1U4/mNCNKqN8AE=
2023-03-30 14:19:44,910 - DEBUG - < sec-websocket-extensions: permessage-deflate
2023-03-30 14:19:44,910 - DEBUG - < X-Cache: Miss from cloudfront
2023-03-30 14:19:44,911 - DEBUG - < Via: 1.1 55a59d7976b41c233ff2e682cdd3901e.cloudfront.net (CloudFront)
2023-03-30 14:19:44,911 - DEBUG - < X-Amz-Cf-Pop: ICN57-P2
2023-03-30 14:19:44,911 - DEBUG - < X-Amz-Cf-Id: ZHXHEB3HAjieV2JG0ItRgQSo7pyo929ER2E-WBS9WJKRM6KgT8KyBQ==
2023-03-30 14:19:44,911 - DEBUG - = connection is OPEN
2023-03-30 14:19:44,962 - DEBUG - > TEXT '[2, "9d0bffb1-9384-4f38-8cc6-2c284db64cb5", "Bo...ePointVendor": "EVAR"}]' [127 bytes]
2023-03-30 14:19:45,385 - DEBUG - < TEXT '[3, "9d0bffb1-9384-4f38-8cc6-2c284db64cb5", {"s...42Z", "interval": 600}]' [123 bytes]
2023-03-30 14:19:45,588 - DEBUG - Starting new HTTPS connection (1): rgw.devevspcharger.uplus.co.kr:443
2023-03-30 14:19:45,655 - DEBUG - https://rgw.devevspcharger.uplus.co.kr:443 "POST / HTTP/1.1" 403 42
2023-03-30 14:20:04,930 - DEBUG - % sending keepalive ping
2023-03-30 14:20:04,930 - DEBUG - > PING 39 fb 3d 75 [binary, 4 bytes]
2023-03-30 14:20:04,940 - DEBUG - < PONG 39 fb 3d 75 [binary, 4 bytes]
2023-03-30 14:20:04,993 - DEBUG - % received keepalive pong
2023-03-30 14:20:24,973 - DEBUG - % sending keepalive ping
2023-03-30 14:20:24,974 - DEBUG - > PING db 87 e0 6c [binary, 4 bytes]
2023-03-30 14:20:24,980 - DEBUG - < PONG db 87 e0 6c [binary, 4 bytes]
2023-03-30 14:20:24,988 - DEBUG - % received keepalive pong
2023-03-30 14:20:44,974 - DEBUG - % sending keepalive ping
2023-03-30 14:20:44,974 - DEBUG - > PING 53 00 c5 e7 [binary, 4 bytes]
2023-03-30 14:20:44,982 - DEBUG - < PONG 53 00 c5 e7 [binary, 4 bytes]
2023-03-30 14:20:44,990 - DEBUG - % received keepalive pong
2023-03-30 14:21:04,976 - DEBUG - % sending keepalive ping
2023-03-30 14:21:04,977 - DEBUG - > PING b7 85 58 b6 [binary, 4 bytes]
2023-03-30 14:21:04,987 - DEBUG - < PONG b7 85 58 b6 [binary, 4 bytes]
2023-03-30 14:21:04,997 - DEBUG - % received keepalive pong
2023-03-30 14:21:24,980 - DEBUG - % sending keepalive ping
2023-03-30 14:21:24,980 - DEBUG - > PING 7f 22 c2 33 [binary, 4 bytes]
2023-03-30 14:21:24,997 - DEBUG - < PONG 7f 22 c2 33 [binary, 4 bytes]
2023-03-30 14:21:25,004 - DEBUG - % received keepalive pong
2023-03-30 14:21:45,004 - DEBUG - % sending keepalive ping
2023-03-30 14:21:45,004 - DEBUG - > PING 81 56 f0 78 [binary, 4 bytes]
2023-03-30 14:21:45,014 - DEBUG - < PONG 81 56 f0 78 [binary, 4 bytes]
2023-03-30 14:21:45,023 - DEBUG - % received keepalive pong
2023-03-30 14:21:48,058 - DEBUG - = connection is CONNECTING
2023-03-30 14:21:48,094 - DEBUG - > GET /ocpp16/ELA007C05/EVSCA050001 HTTP/1.1
2023-03-30 14:21:48,094 - DEBUG - > Host: ws.devevspcharger.uplus.co.kr
2023-03-30 14:21:48,095 - DEBUG - > Upgrade: websocket
2023-03-30 14:21:48,095 - DEBUG - > Connection: Upgrade
2023-03-30 14:21:48,095 - DEBUG - > Sec-WebSocket-Key: M9r7h2GsVCGLMjUuBL+o8w==
2023-03-30 14:21:48,095 - DEBUG - > Sec-WebSocket-Version: 13
2023-03-30 14:21:48,096 - DEBUG - > Sec-WebSocket-Extensions: permessage-deflate; client_max_window_bits
2023-03-30 14:21:48,096 - DEBUG - > Sec-WebSocket-Protocol: ocpp1.6
2023-03-30 14:21:48,096 - DEBUG - > Authorization: Basic RVZBUjpFVkFSTEdV
2023-03-30 14:21:48,096 - DEBUG - > User-Agent: Python/3.11 websockets/10.4
2023-03-30 14:21:49,503 - DEBUG - < HTTP/1.1 101 Switching Protocols
2023-03-30 14:21:49,504 - DEBUG - < Connection: upgrade
2023-03-30 14:21:49,505 - DEBUG - < Date: Thu, 30 Mar 2023 05:21:47 GMT
2023-03-30 14:21:49,506 - DEBUG - < sec-websocket-protocol: ocpp1.6
2023-03-30 14:21:49,506 - DEBUG - < upgrade: websocket
2023-03-30 14:21:49,506 - DEBUG - < sec-websocket-accept: gq9sJCkFqFJ4Th+ZEeJoq/Z7cp4=
2023-03-30 14:21:49,507 - DEBUG - < sec-websocket-extensions: permessage-deflate
2023-03-30 14:21:49,507 - DEBUG - < X-Cache: Miss from cloudfront
2023-03-30 14:21:49,507 - DEBUG - < Via: 1.1 0deed69f96030eea747cb7bfcfd21562.cloudfront.net (CloudFront)
2023-03-30 14:21:49,507 - DEBUG - < X-Amz-Cf-Pop: ICN57-P2
2023-03-30 14:21:49,508 - DEBUG - < X-Amz-Cf-Id: -QjmljjJ4Je_NuxHH9DO_Cy-OFUgJqbiOi_2ghmT98pAc9-6497uZA==
2023-03-30 14:21:49,508 - DEBUG - = connection is OPEN
2023-03-30 14:21:49,571 - DEBUG - > TEXT '[2, "30044a4d-5fd9-4cfa-b9df-51f59e77ab58", "Bo...ePointVendor": "EVAR"}]' [127 bytes]
2023-03-30 14:21:50,087 - DEBUG - < TEXT '[3, "30044a4d-5fd9-4cfa-b9df-51f59e77ab58", {"s...47Z", "interval": 600}]' [123 bytes]
2023-03-30 14:21:51,717 - DEBUG - = connection is CLOSING
2023-03-30 14:21:51,717 - DEBUG - > CLOSE 1000 (OK) [2 bytes]
2023-03-30 14:21:51,754 - DEBUG - < CLOSE 1000 (OK) [2 bytes]
2023-03-30 14:21:51,763 - DEBUG - = connection is CLOSED
2023-03-30 14:21:57,710 - DEBUG - = connection is CONNECTING
2023-03-30 14:21:57,751 - DEBUG - > GET /ocpp16/JC-6511JA-P/FFFFFFFFFFFF HTTP/1.1
2023-03-30 14:21:57,751 - DEBUG - > Host: ws.devevspcharger.uplus.co.kr
2023-03-30 14:21:57,751 - DEBUG - > Upgrade: websocket
2023-03-30 14:21:57,751 - DEBUG - > Connection: Upgrade
2023-03-30 14:21:57,752 - DEBUG - > Sec-WebSocket-Key: wLviACoRNbkqGj4A7x3Nfw==
2023-03-30 14:21:57,752 - DEBUG - > Sec-WebSocket-Version: 13
2023-03-30 14:21:57,752 - DEBUG - > Sec-WebSocket-Extensions: permessage-deflate; client_max_window_bits
2023-03-30 14:21:57,752 - DEBUG - > Sec-WebSocket-Protocol: ocpp1.6
2023-03-30 14:21:57,752 - DEBUG - > Authorization: Basic SkM6SkNMR1U=
2023-03-30 14:21:57,752 - DEBUG - > User-Agent: Python/3.11 websockets/10.4
2023-03-30 14:21:57,988 - DEBUG - < HTTP/1.1 101 Switching Protocols
2023-03-30 14:21:57,989 - DEBUG - < Connection: upgrade
2023-03-30 14:21:57,989 - DEBUG - < Date: Thu, 30 Mar 2023 05:21:55 GMT
2023-03-30 14:21:57,989 - DEBUG - < sec-websocket-protocol: ocpp1.6
2023-03-30 14:21:57,989 - DEBUG - < upgrade: websocket
2023-03-30 14:21:57,990 - DEBUG - < sec-websocket-accept: hrYo8qRxQ+gJa8BlrPTG3g+rcuI=
2023-03-30 14:21:57,990 - DEBUG - < sec-websocket-extensions: permessage-deflate
2023-03-30 14:21:57,990 - DEBUG - < X-Cache: Miss from cloudfront
2023-03-30 14:21:57,990 - DEBUG - < Via: 1.1 013a9ec825a751410eced78024a9ae1a.cloudfront.net (CloudFront)
2023-03-30 14:21:57,991 - DEBUG - < X-Amz-Cf-Pop: ICN57-P2
2023-03-30 14:21:57,991 - DEBUG - < X-Amz-Cf-Id: pcHYFzQXwvmf19FxbpOjs_2j8OisfmIZXVTTJrnybYK40pdcZ3IHmg==
2023-03-30 14:21:57,992 - DEBUG - = connection is OPEN
2023-03-30 14:21:58,042 - DEBUG - > TEXT '[2, "676ce801-77cd-478b-ac27-26cc0920f26f", "Bo...ePointVendor": "EVAR"}]' [129 bytes]
2023-03-30 14:21:58,309 - DEBUG - < TEXT '[3, "676ce801-77cd-478b-ac27-26cc0920f26f", {"s...56Z", "interval": 300}]' [123 bytes]
2023-03-30 14:22:05,022 - DEBUG - % sending keepalive ping
2023-03-30 14:22:05,022 - DEBUG - > PING 94 6c ef f0 [binary, 4 bytes]
2023-03-30 14:22:05,030 - DEBUG - < PONG 94 6c ef f0 [binary, 4 bytes]
2023-03-30 14:22:05,039 - DEBUG - % received keepalive pong
2023-03-30 14:22:07,322 - DEBUG - Starting new HTTPS connection (1): rgw.devevspcharger.uplus.co.kr:443
2023-03-30 14:22:07,392 - DEBUG - https://rgw.devevspcharger.uplus.co.kr:443 "POST / HTTP/1.1" 403 42
2023-03-30 14:22:18,002 - DEBUG - % sending keepalive ping
2023-03-30 14:22:18,003 - DEBUG - > PING 4f 3a 4f 98 [binary, 4 bytes]
2023-03-30 14:22:18,010 - DEBUG - < PONG 4f 3a 4f 98 [binary, 4 bytes]
2023-03-30 14:22:18,017 - DEBUG - % received keepalive pong
2023-03-30 14:22:25,039 - DEBUG - % sending keepalive ping
2023-03-30 14:22:25,039 - DEBUG - > PING 94 45 93 06 [binary, 4 bytes]
2023-03-30 14:22:25,048 - DEBUG - < PONG 94 45 93 06 [binary, 4 bytes]
2023-03-30 14:22:25,056 - DEBUG - % received keepalive pong
2023-03-30 14:22:35,988 - DEBUG - < TEXT '[2, "20230330142233364", "RemoteStartTransactio...": "1031040000069641"}]' [391 bytes]
2023-03-30 14:22:36,059 - DEBUG - = connection is CLOSING
2023-03-30 14:22:36,059 - DEBUG - > CLOSE 1000 (OK) [2 bytes]
2023-03-30 14:22:36,071 - DEBUG - < CLOSE 1000 (OK) [2 bytes]
2023-03-30 14:22:36,078 - DEBUG - = connection is CLOSED
2023-03-30 14:22:45,057 - DEBUG - % sending keepalive ping
2023-03-30 14:22:45,058 - DEBUG - > PING b6 4f c4 1b [binary, 4 bytes]
2023-03-30 14:22:45,066 - DEBUG - < PONG b6 4f c4 1b [binary, 4 bytes]
2023-03-30 14:22:45,073 - DEBUG - % received keepalive pong
2023-03-30 14:23:05,067 - DEBUG - % sending keepalive ping
2023-03-30 14:23:05,067 - DEBUG - > PING ba dd 7c 15 [binary, 4 bytes]
2023-03-30 14:23:05,083 - DEBUG - < PONG ba dd 7c 15 [binary, 4 bytes]
2023-03-30 14:23:05,089 - DEBUG - % received keepalive pong
2023-03-30 14:23:25,074 - DEBUG - % sending keepalive ping
2023-03-30 14:23:25,074 - DEBUG - > PING 87 41 84 21 [binary, 4 bytes]
2023-03-30 14:23:25,083 - DEBUG - < PONG 87 41 84 21 [binary, 4 bytes]
2023-03-30 14:23:25,091 - DEBUG - % received keepalive pong
2023-03-30 14:23:45,078 - DEBUG - % sending keepalive ping
2023-03-30 14:23:45,078 - DEBUG - > PING e5 e8 c5 a7 [binary, 4 bytes]
2023-03-30 14:23:45,089 - DEBUG - < PONG e5 e8 c5 a7 [binary, 4 bytes]
2023-03-30 14:23:45,101 - DEBUG - % received keepalive pong
2023-03-30 14:24:05,096 - DEBUG - % sending keepalive ping
2023-03-30 14:24:05,097 - DEBUG - > PING 93 69 d9 b6 [binary, 4 bytes]
2023-03-30 14:24:05,109 - DEBUG - < PONG 93 69 d9 b6 [binary, 4 bytes]
2023-03-30 14:24:05,122 - DEBUG - % received keepalive pong
2023-03-30 14:24:25,098 - DEBUG - % sending keepalive ping
2023-03-30 14:24:25,098 - DEBUG - > PING 78 8f ee bb [binary, 4 bytes]
2023-03-30 14:24:25,119 - DEBUG - < PONG 78 8f ee bb [binary, 4 bytes]
2023-03-30 14:24:25,148 - DEBUG - % received keepalive pong
2023-03-30 14:24:28,400 - DEBUG - = connection is CONNECTING
2023-03-30 14:24:28,449 - DEBUG - > GET /ocpp16/JC-6511JA-P/FFFFFFFFFFFF HTTP/1.1
2023-03-30 14:24:28,449 - DEBUG - > Host: ws.devevspcharger.uplus.co.kr
2023-03-30 14:24:28,450 - DEBUG - > Upgrade: websocket
2023-03-30 14:24:28,450 - DEBUG - > Connection: Upgrade
2023-03-30 14:24:28,450 - DEBUG - > Sec-WebSocket-Key: JhH4XBdJL+bIGwBdbBODzg==
2023-03-30 14:24:28,450 - DEBUG - > Sec-WebSocket-Version: 13
2023-03-30 14:24:28,451 - DEBUG - > Sec-WebSocket-Extensions: permessage-deflate; client_max_window_bits
2023-03-30 14:24:28,451 - DEBUG - > Sec-WebSocket-Protocol: ocpp1.6
2023-03-30 14:24:28,451 - DEBUG - > Authorization: Basic SkM6SkNMR1U=
2023-03-30 14:24:28,452 - DEBUG - > User-Agent: Python/3.11 websockets/10.4
2023-03-30 14:24:29,211 - DEBUG - < HTTP/1.1 101 Switching Protocols
2023-03-30 14:24:29,211 - DEBUG - < Connection: upgrade
2023-03-30 14:24:29,211 - DEBUG - < Date: Thu, 30 Mar 2023 05:24:27 GMT
2023-03-30 14:24:29,212 - DEBUG - < sec-websocket-protocol: ocpp1.6
2023-03-30 14:24:29,212 - DEBUG - < upgrade: websocket
2023-03-30 14:24:29,212 - DEBUG - < sec-websocket-accept: qDNpPGbNE6Kgtvi/1/ugIyuTQJo=
2023-03-30 14:24:29,212 - DEBUG - < sec-websocket-extensions: permessage-deflate
2023-03-30 14:24:29,212 - DEBUG - < X-Cache: Miss from cloudfront
2023-03-30 14:24:29,212 - DEBUG - < Via: 1.1 96d5e926418becbc899e1a730ab37236.cloudfront.net (CloudFront)
2023-03-30 14:24:29,213 - DEBUG - < X-Amz-Cf-Pop: ICN57-P2
2023-03-30 14:24:29,213 - DEBUG - < X-Amz-Cf-Id: o4s7DF8yssTlUZmPMG8jt1NOTz2C-gmh8sxn5cAtuJwdEIS6GcuAhA==
2023-03-30 14:24:29,213 - DEBUG - = connection is OPEN
2023-03-30 14:24:29,337 - DEBUG - > TEXT '[2, "c0c9e9b1-421d-4b89-b571-203e05137b0b", "Bo...ePointVendor": "EVAR"}]' [129 bytes]
2023-03-30 14:24:29,811 - DEBUG - < TEXT '[3, "c0c9e9b1-421d-4b89-b571-203e05137b0b", {"s...27Z", "interval": 300}]' [123 bytes]
2023-03-30 14:24:35,707 - DEBUG - Starting new HTTPS connection (1): rgw.devevspcharger.uplus.co.kr:443
2023-03-30 14:24:35,821 - DEBUG - https://rgw.devevspcharger.uplus.co.kr:443 "POST / HTTP/1.1" 403 42
2023-03-30 14:24:45,144 - DEBUG - % sending keepalive ping
2023-03-30 14:24:45,144 - DEBUG - > PING c2 a2 08 b1 [binary, 4 bytes]
2023-03-30 14:24:45,160 - DEBUG - < PONG c2 a2 08 b1 [binary, 4 bytes]
2023-03-30 14:24:45,166 - DEBUG - % received keepalive pong
2023-03-30 14:24:49,226 - DEBUG - % sending keepalive ping
2023-03-30 14:24:49,227 - DEBUG - > PING df cd 98 b7 [binary, 4 bytes]
2023-03-30 14:24:49,235 - DEBUG - < PONG df cd 98 b7 [binary, 4 bytes]
2023-03-30 14:24:49,244 - DEBUG - % received keepalive pong
2023-03-30 14:24:58,317 - DEBUG - < TEXT '[2, "20230330142233364", "RemoteStopTransaction...sactionId": 120533661}]' [79 bytes]
2023-03-30 14:24:58,380 - DEBUG - = connection is CLOSING
2023-03-30 14:24:58,381 - DEBUG - > CLOSE 1000 (OK) [2 bytes]
2023-03-30 14:24:58,391 - DEBUG - < CLOSE 1000 (OK) [2 bytes]
2023-03-30 14:24:58,404 - DEBUG - = connection is CLOSED
2023-03-30 14:25:05,147 - DEBUG - % sending keepalive ping
2023-03-30 14:25:05,148 - DEBUG - > PING 09 65 bd 65 [binary, 4 bytes]
2023-03-30 14:25:05,161 - DEBUG - < PONG 09 65 bd 65 [binary, 4 bytes]
2023-03-30 14:25:05,172 - DEBUG - % received keepalive pong
2023-03-30 14:25:25,181 - DEBUG - % sending keepalive ping
2023-03-30 14:25:25,181 - DEBUG - > PING 18 e6 52 26 [binary, 4 bytes]
2023-03-30 14:25:25,190 - DEBUG - < PONG 18 e6 52 26 [binary, 4 bytes]
2023-03-30 14:25:25,205 - DEBUG - % received keepalive pong
2023-03-30 14:25:45,202 - DEBUG - % sending keepalive ping
2023-03-30 14:25:45,203 - DEBUG - > PING 0f f1 0a f4 [binary, 4 bytes]
2023-03-30 14:25:45,222 - DEBUG - < PONG 0f f1 0a f4 [binary, 4 bytes]
2023-03-30 14:25:45,229 - DEBUG - % received keepalive pong
2023-03-30 14:26:05,221 - DEBUG - % sending keepalive ping
2023-03-30 14:26:05,221 - DEBUG - > PING ea e6 d7 23 [binary, 4 bytes]
2023-03-30 14:26:05,227 - DEBUG - < PONG ea e6 d7 23 [binary, 4 bytes]
2023-03-30 14:26:05,235 - DEBUG - % received keepalive pong
2023-03-30 14:26:25,237 - DEBUG - % sending keepalive ping
2023-03-30 14:26:25,239 - DEBUG - > PING 5a 32 b7 0e [binary, 4 bytes]
2023-03-30 14:26:25,271 - DEBUG - < PONG 5a 32 b7 0e [binary, 4 bytes]
2023-03-30 14:26:25,287 - DEBUG - % received keepalive pong
2023-03-30 14:26:57,320 - DEBUG - = connection is CONNECTING
2023-03-30 14:26:57,374 - DEBUG - > GET /ocpp16/ELA007C05/EVSCA050001 HTTP/1.1
2023-03-30 14:26:57,375 - DEBUG - > Host: ws.devevspcharger.uplus.co.kr
2023-03-30 14:26:57,375 - DEBUG - > Upgrade: websocket
2023-03-30 14:26:57,375 - DEBUG - > Connection: Upgrade
2023-03-30 14:26:57,375 - DEBUG - > Sec-WebSocket-Key: yIU65QJtjXacIMwz0DXdeA==
2023-03-30 14:26:57,375 - DEBUG - > Sec-WebSocket-Version: 13
2023-03-30 14:26:57,376 - DEBUG - > Sec-WebSocket-Extensions: permessage-deflate; client_max_window_bits
2023-03-30 14:26:57,376 - DEBUG - > Sec-WebSocket-Protocol: ocpp1.6
2023-03-30 14:26:57,376 - DEBUG - > Authorization: Basic RVZBUjpFVkFSTEdV
2023-03-30 14:26:57,376 - DEBUG - > User-Agent: Python/3.11 websockets/10.4
2023-03-30 14:26:57,937 - DEBUG - < HTTP/1.1 101 Switching Protocols
2023-03-30 14:26:57,937 - DEBUG - < Connection: upgrade
2023-03-30 14:26:57,937 - DEBUG - < Date: Thu, 30 Mar 2023 05:26:55 GMT
2023-03-30 14:26:57,937 - DEBUG - < sec-websocket-protocol: ocpp1.6
2023-03-30 14:26:57,937 - DEBUG - < upgrade: websocket
2023-03-30 14:26:57,937 - DEBUG - < sec-websocket-accept: 0jzTRbrRSdVgYVeNTxs5eNO1Gqc=
2023-03-30 14:26:57,937 - DEBUG - < sec-websocket-extensions: permessage-deflate
2023-03-30 14:26:57,939 - DEBUG - < X-Cache: Miss from cloudfront
2023-03-30 14:26:57,939 - DEBUG - < Via: 1.1 623f9f4dd2fef338f4704e13bada95c8.cloudfront.net (CloudFront)
2023-03-30 14:26:57,939 - DEBUG - < X-Amz-Cf-Pop: ICN57-P2
2023-03-30 14:26:57,939 - DEBUG - < X-Amz-Cf-Id: 934fpxXglQRGkRD4fXEKOZchj57nAm8A24oL7xumf7hKy2eZgA9nNQ==
2023-03-30 14:26:57,941 - DEBUG - = connection is OPEN
2023-03-30 14:26:57,987 - DEBUG - > TEXT '[2, "e4dc6bbd-8987-4047-8a8d-1d67262b0e9f", "Bo...ePointVendor": "EVAR"}]' [127 bytes]
2023-03-30 14:26:58,514 - DEBUG - < TEXT '[3, "e4dc6bbd-8987-4047-8a8d-1d67262b0e9f", {"s...56Z", "interval": 600}]' [123 bytes]
2023-03-30 14:27:01,177 - DEBUG - Starting new HTTPS connection (1): rgw.devevspcharger.uplus.co.kr:443
2023-03-30 14:27:01,770 - DEBUG - https://rgw.devevspcharger.uplus.co.kr:443 "POST /ioc HTTP/1.1" 200 148
2023-03-30 14:27:01,795 - DEBUG - < TEXT '[2, "87ba4593-8d15-44dd-be92-f2213588bbff", "Ge...izeRemoteTxRequests"]}]' [103 bytes]
2023-03-30 14:27:01,807 - DEBUG - > TEXT '[3, "87ba4593-8d15-44dd-be92-f2213588bbff", {"c... "status": "Accepted"}]' [139 bytes]
2023-03-30 14:27:02,104 - DEBUG - < TEXT '' [0 bytes]
2023-03-30 14:27:02,149 - DEBUG - > TEXT '[2, "e4dc6bbd-8987-4047-8a8d-1d67262b0e9f", "St..."status": "Preparing"}]' [132 bytes]
2023-03-30 14:27:02,406 - DEBUG - < TEXT '[3, "e4dc6bbd-8987-4047-8a8d-1d67262b0e9f", {}]' [47 bytes]
2023-03-30 14:27:06,831 - DEBUG - Starting new HTTPS connection (1): rgw.devevspcharger.uplus.co.kr:443
2023-03-30 14:27:07,236 - DEBUG - https://rgw.devevspcharger.uplus.co.kr:443 "POST /ioc HTTP/1.1" 200 145
2023-03-30 14:27:07,273 - DEBUG - < TEXT '[2, "bb069e89-8d3c-4dcd-b345-f6fb4965727c", "Re...": "1031040000069641"}]' [100 bytes]
2023-03-30 14:27:07,295 - DEBUG - > TEXT '[3, "bb069e89-8d3c-4dcd-b345-f6fb4965727c", {"status": "Accepted"}]' [67 bytes]
2023-03-30 14:27:07,491 - DEBUG - < TEXT '' [0 bytes]
2023-03-30 14:27:07,561 - DEBUG - > TEXT '[2, "e4dc6bbd-8987-4047-8a8d-1d67262b0e9f", "Au...": "1031040000069641"}]' [87 bytes]
2023-03-30 14:27:07,835 - DEBUG - < TEXT '[3, "e4dc6bbd-8987-4047-8a8d-1d67262b0e9f", {"i..."status": "Accepted"}}]' [82 bytes]
2023-03-30 14:27:07,927 - DEBUG - > TEXT '[2, "5934f213-5781-4126-90a2-eeb80b298dda", "St...2023-03-30T14:26:57Z"}]' [170 bytes]
2023-03-30 14:27:08,307 - DEBUG - < TEXT '[3, "5934f213-5781-4126-90a2-eeb80b298dda", {"t..."status": "Accepted"}}]' [110 bytes]
2023-03-30 14:27:08,404 - DEBUG - > TEXT '[2, "dc17d6da-eed0-48c1-8971-df16a72aeb2d", "St... "status": "Charging"}]' [131 bytes]
2023-03-30 14:27:08,609 - DEBUG - < TEXT '[3, "dc17d6da-eed0-48c1-8971-df16a72aeb2d", {}]' [47 bytes]
2023-03-30 14:27:08,688 - DEBUG - > TEXT '[2, "85c7d706-f933-4e5f-b3b2-4f50da8f1b55", "St...sactionId": 120533662}]' [149 bytes]
2023-03-30 14:27:09,097 - DEBUG - < TEXT '[3, "85c7d706-f933-4e5f-b3b2-4f50da8f1b55", {"i..."status": "Accepted"}}]' [82 bytes]
2023-03-30 14:27:09,190 - DEBUG - > TEXT '[2, "3819bf8a-852a-427d-a4b4-bfc8ce2bd8f7", "St..."status": "Finishing"}]' [132 bytes]
2023-03-30 14:27:09,412 - DEBUG - < TEXT '[3, "3819bf8a-852a-427d-a4b4-bfc8ce2bd8f7", {}]' [47 bytes]
2023-03-30 14:27:09,491 - DEBUG - > TEXT '[2, "c1d55206-d2d7-47d9-9742-fd57f915eb9b", "St..."status": "Available"}]' [132 bytes]
2023-03-30 14:27:09,690 - DEBUG - < TEXT '[3, "c1d55206-d2d7-47d9-9742-fd57f915eb9b", {}]' [47 bytes]
2023-03-30 14:27:09,734 - DEBUG - = connection is CLOSING
2023-03-30 14:27:09,734 - DEBUG - > CLOSE 1000 (OK) [2 bytes]
2023-03-30 14:27:09,744 - DEBUG - < CLOSE 1000 (OK) [2 bytes]
2023-03-30 14:27:09,750 - DEBUG - = connection is CLOSED
2023-03-30 16:11:37,310 - DEBUG - Starting new HTTPS connection (1): rgw.devevspcharger.uplus.co.kr:443
2023-03-30 16:11:39,008 - DEBUG - https://rgw.devevspcharger.uplus.co.kr:443 "POST /ioc HTTP/1.1" 200 147
2023-03-30 16:11:55,781 - DEBUG - = connection is CONNECTING
2023-03-30 16:11:55,845 - DEBUG - > GET /ocpp16/ELA007C01/EVSCA0101629 HTTP/1.1
2023-03-30 16:11:55,845 - DEBUG - > Host: ws.devevspcharger.uplus.co.kr
2023-03-30 16:11:55,846 - DEBUG - > Upgrade: websocket
2023-03-30 16:11:55,846 - DEBUG - > Connection: Upgrade
2023-03-30 16:11:55,847 - DEBUG - > Sec-WebSocket-Key: TfsgNFnjtcyxPLlxYwXwrg==
2023-03-30 16:11:55,847 - DEBUG - > Sec-WebSocket-Version: 13
2023-03-30 16:11:55,848 - DEBUG - > Sec-WebSocket-Extensions: permessage-deflate; client_max_window_bits
2023-03-30 16:11:55,848 - DEBUG - > Sec-WebSocket-Protocol: ocpp1.6
2023-03-30 16:11:55,848 - DEBUG - > Authorization: Basic RVZBUjpFVkFSTEdV
2023-03-30 16:11:55,849 - DEBUG - > User-Agent: Python/3.11 websockets/10.4
2023-03-30 16:11:57,273 - DEBUG - < HTTP/1.1 101 Switching Protocols
2023-03-30 16:11:57,273 - DEBUG - < Connection: upgrade
2023-03-30 16:11:57,273 - DEBUG - < Date: Thu, 30 Mar 2023 07:11:55 GMT
2023-03-30 16:11:57,273 - DEBUG - < sec-websocket-protocol: ocpp1.6
2023-03-30 16:11:57,274 - DEBUG - < upgrade: websocket
2023-03-30 16:11:57,275 - DEBUG - < sec-websocket-accept: G/2lqKVWl3tFQJSZcQ4SuyS5iRU=
2023-03-30 16:11:57,276 - DEBUG - < sec-websocket-extensions: permessage-deflate
2023-03-30 16:11:57,276 - DEBUG - < X-Cache: Miss from cloudfront
2023-03-30 16:11:57,277 - DEBUG - < Via: 1.1 1c31b550dc04cf34ff9053b76a7eecc4.cloudfront.net (CloudFront)
2023-03-30 16:11:57,277 - DEBUG - < X-Amz-Cf-Pop: ICN57-P2
2023-03-30 16:11:57,277 - DEBUG - < X-Amz-Cf-Id: uj_tw6R0uKlW-IIahKWPtsvIdv-VxHqjlo3oQeNxf9SGShMPYjBMYw==
2023-03-30 16:11:57,284 - DEBUG - = connection is OPEN
2023-03-30 16:11:57,378 - DEBUG - > TEXT '[2, "70128ff5-ad69-4f7b-b212-0a8185ede4c6", "Bo...areVersion": "0.0.13"}]' [199 bytes]
2023-03-30 16:11:57,669 - DEBUG - < TEXT '[3, "70128ff5-ad69-4f7b-b212-0a8185ede4c6", {"s...55Z", "interval": 300}]' [123 bytes]
2023-03-30 16:12:09,957 - DEBUG - = connection is CLOSING
2023-03-30 16:12:09,957 - DEBUG - > CLOSE 1000 (OK) [2 bytes]
2023-03-30 16:12:09,976 - DEBUG - < CLOSE 1000 (OK) [2 bytes]
2023-03-30 16:12:09,984 - DEBUG - = connection is CLOSED
2023-03-30 16:12:23,687 - DEBUG - Starting new HTTPS connection (1): rgw.devevspcharger.uplus.co.kr:443
2023-03-30 16:12:24,060 - DEBUG - https://rgw.devevspcharger.uplus.co.kr:443 "POST /ioc HTTP/1.1" 200 77
2023-03-30 16:16:01,465 - DEBUG - = connection is CONNECTING
2023-03-30 16:16:01,508 - DEBUG - > GET /ocpp16/ELA007C05/EVSCA050001 HTTP/1.1
2023-03-30 16:16:01,508 - DEBUG - > Host: ws.devevspcharger.uplus.co.kr
2023-03-30 16:16:01,508 - DEBUG - > Upgrade: websocket
2023-03-30 16:16:01,509 - DEBUG - > Connection: Upgrade
2023-03-30 16:16:01,510 - DEBUG - > Sec-WebSocket-Key: qjYm2a0bQ6bsGZyIGUfBQA==
2023-03-30 16:16:01,510 - DEBUG - > Sec-WebSocket-Version: 13
2023-03-30 16:16:01,511 - DEBUG - > Sec-WebSocket-Extensions: permessage-deflate; client_max_window_bits
2023-03-30 16:16:01,511 - DEBUG - > Sec-WebSocket-Protocol: ocpp1.6
2023-03-30 16:16:01,511 - DEBUG - > Authorization: Basic RVZBUjpFVkFSTEdV
2023-03-30 16:16:01,511 - DEBUG - > User-Agent: Python/3.11 websockets/10.4
2023-03-30 16:16:03,082 - DEBUG - < HTTP/1.1 101 Switching Protocols
2023-03-30 16:16:03,082 - DEBUG - < Connection: upgrade
2023-03-30 16:16:03,083 - DEBUG - < Date: Thu, 30 Mar 2023 07:16:00 GMT
2023-03-30 16:16:03,083 - DEBUG - < sec-websocket-protocol: ocpp1.6
2023-03-30 16:16:03,083 - DEBUG - < upgrade: websocket
2023-03-30 16:16:03,083 - DEBUG - < sec-websocket-accept: tiU/cJLb8BOCAIJjwP0lqZvCm6g=
2023-03-30 16:16:03,083 - DEBUG - < sec-websocket-extensions: permessage-deflate
2023-03-30 16:16:03,083 - DEBUG - < X-Cache: Miss from cloudfront
2023-03-30 16:16:03,083 - DEBUG - < Via: 1.1 c6882e0acaa56682be4bf45c4b8fd99a.cloudfront.net (CloudFront)
2023-03-30 16:16:03,083 - DEBUG - < X-Amz-Cf-Pop: ICN57-P2
2023-03-30 16:16:03,083 - DEBUG - < X-Amz-Cf-Id: 7XXS66QWqZjckjorkiIxJfsU81ck0kkda7OyGw8zw5MryDm37L39ow==
2023-03-30 16:16:03,085 - DEBUG - = connection is OPEN
2023-03-30 16:16:03,155 - DEBUG - > TEXT '[2, "ee5fbd70-7c7c-470b-adf7-a2e292f92135", "Bo...ePointVendor": "EVAR"}]' [127 bytes]
2023-03-30 16:16:03,573 - DEBUG - < TEXT '[3, "ee5fbd70-7c7c-470b-adf7-a2e292f92135", {"s...01Z", "interval": 600}]' [123 bytes]
2023-03-30 16:16:03,636 - DEBUG - > TEXT '[2, "ee5fbd70-7c7c-470b-adf7-a2e292f92135", "St..."status": "Available"}]' [132 bytes]
2023-03-30 16:16:03,831 - DEBUG - < TEXT '[3, "ee5fbd70-7c7c-470b-adf7-a2e292f92135", {}]' [47 bytes]
2023-03-30 16:16:03,875 - DEBUG - > TEXT '[2, "ee5fbd70-7c7c-470b-adf7-a2e292f92135", "Au...": "1031040000069641"}]' [87 bytes]
2023-03-30 16:16:04,132 - DEBUG - < TEXT '[3, "ee5fbd70-7c7c-470b-adf7-a2e292f92135", {"i..."status": "Accepted"}}]' [82 bytes]
2023-03-30 16:16:04,186 - DEBUG - > TEXT '[2, "cbf06e3c-85a4-4dcf-8c70-9ebf03936504", "St...2023-03-30T16:16:01Z"}]' [170 bytes]
2023-03-30 16:16:04,632 - DEBUG - < TEXT '[3, "cbf06e3c-85a4-4dcf-8c70-9ebf03936504", {"t..."status": "Accepted"}}]' [110 bytes]
2023-03-30 16:16:04,700 - DEBUG - > TEXT '[2, "59f82a5c-20e0-4af0-8968-dc1eee18862c", "St... "status": "Charging"}]' [131 bytes]
2023-03-30 16:16:04,891 - DEBUG - < TEXT '[3, "59f82a5c-20e0-4af0-8968-dc1eee18862c", {}]' [47 bytes]
2023-03-30 16:16:04,968 - DEBUG - > TEXT '[2, "704dd9ae-74f3-47ee-89d7-aba0a381b497", "Me...er", "unit": "Wh"}]}]}]' [259 bytes]
2023-03-30 16:16:05,189 - DEBUG - < TEXT '[3, "704dd9ae-74f3-47ee-89d7-aba0a381b497", {}]' [47 bytes]
2023-03-30 16:16:05,270 - DEBUG - > TEXT '[2, "9033e244-dfa7-4671-8115-1664713a2951", "St...sactionId": 120533665}]' [149 bytes]
2023-03-30 16:16:05,611 - DEBUG - < TEXT '[3, "9033e244-dfa7-4671-8115-1664713a2951", {"i..."status": "Accepted"}}]' [82 bytes]
2023-03-30 16:16:05,683 - DEBUG - > TEXT '[2, "cac14145-d144-4b31-baac-c5158d854928", "St..."status": "Finishing"}]' [132 bytes]
2023-03-30 16:16:05,892 - DEBUG - < TEXT '[3, "cac14145-d144-4b31-baac-c5158d854928", {}]' [47 bytes]
2023-03-30 16:16:05,954 - DEBUG - > TEXT '[2, "7939f4af-b859-42c7-afc0-fdb44852fc9e", "St..."status": "Available"}]' [132 bytes]
2023-03-30 16:16:06,154 - DEBUG - < TEXT '[3, "7939f4af-b859-42c7-afc0-fdb44852fc9e", {}]' [47 bytes]
2023-03-30 16:16:06,190 - DEBUG - = connection is CLOSING
2023-03-30 16:16:06,190 - DEBUG - > CLOSE 1000 (OK) [2 bytes]
2023-03-30 16:16:06,199 - DEBUG - < CLOSE 1000 (OK) [2 bytes]
2023-03-30 16:16:06,205 - DEBUG - = connection is CLOSED
2023-04-03 09:35:01,704 - DEBUG - = connection is CONNECTING
2023-04-03 09:35:01,791 - DEBUG - > GET /ocpp16/JC-6511JA-P/FFFFFFFFFFFF HTTP/1.1
2023-04-03 09:35:01,792 - DEBUG - > Host: ws.devevspcharger.uplus.co.kr
2023-04-03 09:35:01,792 - DEBUG - > Upgrade: websocket
2023-04-03 09:35:01,792 - DEBUG - > Connection: Upgrade
2023-04-03 09:35:01,792 - DEBUG - > Sec-WebSocket-Key: rHEYaZGwQAsAu7eZm2RosA==
2023-04-03 09:35:01,792 - DEBUG - > Sec-WebSocket-Version: 13
2023-04-03 09:35:01,793 - DEBUG - > Sec-WebSocket-Extensions: permessage-deflate; client_max_window_bits
2023-04-03 09:35:01,793 - DEBUG - > Sec-WebSocket-Protocol: ocpp1.6
2023-04-03 09:35:01,793 - DEBUG - > Authorization: Basic SkM6SkNMR1U=
2023-04-03 09:35:01,793 - DEBUG - > User-Agent: Python/3.11 websockets/10.4
2023-04-03 09:35:02,009 - DEBUG - < HTTP/1.1 101 Switching Protocols
2023-04-03 09:35:02,009 - DEBUG - < Connection: upgrade
2023-04-03 09:35:02,010 - DEBUG - < Date: Mon, 03 Apr 2023 00:34:51 GMT
2023-04-03 09:35:02,010 - DEBUG - < sec-websocket-protocol: ocpp1.6
2023-04-03 09:35:02,010 - DEBUG - < upgrade: websocket
2023-04-03 09:35:02,010 - DEBUG - < sec-websocket-accept: LFrt0U2pYI5EVAYjuelXllNuYlg=
2023-04-03 09:35:02,010 - DEBUG - < sec-websocket-extensions: permessage-deflate
2023-04-03 09:35:02,010 - DEBUG - < X-Cache: Miss from cloudfront
2023-04-03 09:35:02,010 - DEBUG - < Via: 1.1 1c2dddf38b53f960ce106f4047c232e4.cloudfront.net (CloudFront)
2023-04-03 09:35:02,010 - DEBUG - < X-Amz-Cf-Pop: ICN57-P2
2023-04-03 09:35:02,011 - DEBUG - < X-Amz-Cf-Id: DsxpWKnE3-PdsMlqOTs_bjkiwKo8s4slterMt6o4cZM4azfZaINwFg==
2023-04-03 09:35:02,018 - DEBUG - = connection is OPEN
2023-04-03 09:35:02,219 - DEBUG - > TEXT '[2, "bb123e40-dfcc-475a-bb25-ef4f43f37491", "Bo...ePointVendor": "EVAR"}]' [129 bytes]
2023-04-03 09:35:02,674 - DEBUG - < TEXT '[3, "bb123e40-dfcc-475a-bb25-ef4f43f37491", {"s...51Z", "interval": 300}]' [123 bytes]
2023-04-03 09:35:02,720 - DEBUG - = connection is CLOSING
2023-04-03 09:35:02,721 - DEBUG - > CLOSE 1000 (OK) [2 bytes]
2023-04-03 09:35:02,731 - DEBUG - < CLOSE 1000 (OK) [2 bytes]
2023-04-03 09:35:02,738 - DEBUG - = connection is CLOSED
2023-04-03 09:36:40,833 - DEBUG - = connection is CONNECTING
2023-04-03 09:36:40,874 - DEBUG - > GET /ocpp16/JC-6511JA-P/FFFFFFFFFFFF HTTP/1.1
2023-04-03 09:36:40,874 - DEBUG - > Host: ws.devevspcharger.uplus.co.kr
2023-04-03 09:36:40,874 - DEBUG - > Upgrade: websocket
2023-04-03 09:36:40,874 - DEBUG - > Connection: Upgrade
2023-04-03 09:36:40,874 - DEBUG - > Sec-WebSocket-Key: 6S7QHOoIowil4ysBnmMpxA==
2023-04-03 09:36:40,874 - DEBUG - > Sec-WebSocket-Version: 13
2023-04-03 09:36:40,875 - DEBUG - > Sec-WebSocket-Extensions: permessage-deflate; client_max_window_bits
2023-04-03 09:36:40,875 - DEBUG - > Sec-WebSocket-Protocol: ocpp1.6
2023-04-03 09:36:40,875 - DEBUG - > Authorization: Basic SkM6SkNMR1U=
2023-04-03 09:36:40,875 - DEBUG - > User-Agent: Python/3.11 websockets/10.4
2023-04-03 09:36:41,445 - DEBUG - < HTTP/1.1 101 Switching Protocols
2023-04-03 09:36:41,445 - DEBUG - < Connection: upgrade
2023-04-03 09:36:41,446 - DEBUG - < Date: Mon, 03 Apr 2023 00:36:30 GMT
2023-04-03 09:36:41,446 - DEBUG - < sec-websocket-protocol: ocpp1.6
2023-04-03 09:36:41,446 - DEBUG - < upgrade: websocket
2023-04-03 09:36:41,446 - DEBUG - < sec-websocket-accept: 8mIw7pTDwZQnpRcg0i9A9ffKQnE=
2023-04-03 09:36:41,446 - DEBUG - < sec-websocket-extensions: permessage-deflate
2023-04-03 09:36:41,446 - DEBUG - < X-Cache: Miss from cloudfront
2023-04-03 09:36:41,446 - DEBUG - < Via: 1.1 1c31b550dc04cf34ff9053b76a7eecc4.cloudfront.net (CloudFront)
2023-04-03 09:36:41,446 - DEBUG - < X-Amz-Cf-Pop: ICN57-P2
2023-04-03 09:36:41,447 - DEBUG - < X-Amz-Cf-Id: J6i_Vv3pUK0-xs9VTj_5gKhg1BmSVb8LqF1KXJGS1eF9NQj7mLhdtw==
2023-04-03 09:36:41,447 - DEBUG - = connection is OPEN
2023-04-03 09:36:41,474 - DEBUG - > TEXT '[2, "b13e2de8-a52b-4dfd-a318-1293e146f983", "Bo...ePointVendor": "EVAR"}]' [129 bytes]
2023-04-03 09:36:41,896 - DEBUG - < TEXT '[3, "b13e2de8-a52b-4dfd-a318-1293e146f983", {"s...30Z", "interval": 300}]' [123 bytes]
2023-04-03 09:36:41,935 - DEBUG - = connection is CLOSING
2023-04-03 09:36:41,936 - DEBUG - > CLOSE 1000 (OK) [2 bytes]
2023-04-03 09:36:41,951 - DEBUG - < CLOSE 1000 (OK) [2 bytes]
2023-04-03 09:36:41,961 - DEBUG - = connection is CLOSED
2023-04-03 09:38:10,115 - DEBUG - = connection is CONNECTING
2023-04-03 09:38:10,157 - DEBUG - > GET /ocpp16/JC-6511JA-P/FFFFFFFFFFFF HTTP/1.1
2023-04-03 09:38:10,158 - DEBUG - > Host: ws.devevspcharger.uplus.co.kr
2023-04-03 09:38:10,158 - DEBUG - > Upgrade: websocket
2023-04-03 09:38:10,158 - DEBUG - > Connection: Upgrade
2023-04-03 09:38:10,158 - DEBUG - > Sec-WebSocket-Key: 1awy1l0n94Q4zNpiQWkP+Q==
2023-04-03 09:38:10,158 - DEBUG - > Sec-WebSocket-Version: 13
2023-04-03 09:38:10,158 - DEBUG - > Sec-WebSocket-Extensions: permessage-deflate; client_max_window_bits
2023-04-03 09:38:10,158 - DEBUG - > Sec-WebSocket-Protocol: ocpp1.6
2023-04-03 09:38:10,159 - DEBUG - > Authorization: Basic SkM6SkNMR1U=
2023-04-03 09:38:10,159 - DEBUG - > User-Agent: Python/3.11 websockets/10.4
2023-04-03 09:38:10,782 - DEBUG - < HTTP/1.1 101 Switching Protocols
2023-04-03 09:38:10,782 - DEBUG - < Connection: upgrade
2023-04-03 09:38:10,783 - DEBUG - < Date: Mon, 03 Apr 2023 00:38:00 GMT
2023-04-03 09:38:10,783 - DEBUG - < sec-websocket-protocol: ocpp1.6
2023-04-03 09:38:10,783 - DEBUG - < upgrade: websocket
2023-04-03 09:38:10,783 - DEBUG - < sec-websocket-accept: 7wrHwX8fJgreQyJTj+7EG8NlQRs=
2023-04-03 09:38:10,783 - DEBUG - < sec-websocket-extensions: permessage-deflate
2023-04-03 09:38:10,784 - DEBUG - < X-Cache: Miss from cloudfront
2023-04-03 09:38:10,785 - DEBUG - < Via: 1.1 c6882e0acaa56682be4bf45c4b8fd99a.cloudfront.net (CloudFront)
2023-04-03 09:38:10,786 - DEBUG - < X-Amz-Cf-Pop: ICN57-P2
2023-04-03 09:38:10,786 - DEBUG - < X-Amz-Cf-Id: 3mEYpLGekI4eyAWt8PZvIo4c_o2uu6BTGPA0bVOcQYPoqNsMzb9FAQ==
2023-04-03 09:38:10,786 - DEBUG - = connection is OPEN
2023-04-03 09:38:10,825 - DEBUG - > TEXT '[2, "5c24c5a3-833f-4922-85dd-405ceb3d85e0", "Bo...ePointVendor": "EVAR"}]' [129 bytes]
2023-04-03 09:38:11,257 - DEBUG - < TEXT '[3, "5c24c5a3-833f-4922-85dd-405ceb3d85e0", {"s...00Z", "interval": 300}]' [123 bytes]
2023-04-03 09:38:11,281 - DEBUG - = connection is CLOSING
2023-04-03 09:38:11,281 - DEBUG - > CLOSE 1000 (OK) [2 bytes]
2023-04-03 09:38:11,289 - DEBUG - < CLOSE 1000 (OK) [2 bytes]
2023-04-03 09:38:11,297 - DEBUG - = connection is CLOSED
2023-04-03 09:38:51,597 - DEBUG - = connection is CONNECTING
2023-04-03 09:38:51,652 - DEBUG - > GET /ocpp16/JC-6511JA-P/FFFFFFFFFFFF HTTP/1.1
2023-04-03 09:38:51,652 - DEBUG - > Host: ws.devevspcharger.uplus.co.kr
2023-04-03 09:38:51,653 - DEBUG - > Upgrade: websocket
2023-04-03 09:38:51,653 - DEBUG - > Connection: Upgrade
2023-04-03 09:38:51,653 - DEBUG - > Sec-WebSocket-Key: bzJ7XsAZKoSwCIkJvedOMg==
2023-04-03 09:38:51,653 - DEBUG - > Sec-WebSocket-Version: 13
2023-04-03 09:38:51,653 - DEBUG - > Sec-WebSocket-Extensions: permessage-deflate; client_max_window_bits
2023-04-03 09:38:51,653 - DEBUG - > Sec-WebSocket-Protocol: ocpp1.6
2023-04-03 09:38:51,653 - DEBUG - > Authorization: Basic SkM6SkNMR1U=
2023-04-03 09:38:51,654 - DEBUG - > User-Agent: Python/3.11 websockets/10.4
2023-04-03 09:38:51,871 - DEBUG - < HTTP/1.1 101 Switching Protocols
2023-04-03 09:38:51,872 - DEBUG - < Connection: upgrade
2023-04-03 09:38:51,872 - DEBUG - < Date: Mon, 03 Apr 2023 00:38:41 GMT
2023-04-03 09:38:51,872 - DEBUG - < sec-websocket-protocol: ocpp1.6
2023-04-03 09:38:51,873 - DEBUG - < upgrade: websocket
2023-04-03 09:38:51,873 - DEBUG - < sec-websocket-accept: 7Wt4JvCTElPI4KGWr8rF3Jf6Qvw=
2023-04-03 09:38:51,873 - DEBUG - < sec-websocket-extensions: permessage-deflate
2023-04-03 09:38:51,873 - DEBUG - < X-Cache: Miss from cloudfront
2023-04-03 09:38:51,873 - DEBUG - < Via: 1.1 88978ba000ab6fbb0841a728290a8442.cloudfront.net (CloudFront)
2023-04-03 09:38:51,873 - DEBUG - < X-Amz-Cf-Pop: ICN57-P2
2023-04-03 09:38:51,873 - DEBUG - < X-Amz-Cf-Id: 9YuKxykCAPUKE0DPnhvcWYQoICN9JJhd_SO4A-CvXoMxo5cx6dLJXQ==
2023-04-03 09:38:51,874 - DEBUG - = connection is OPEN
2023-04-03 09:38:51,907 - DEBUG - > TEXT '[2, "d9d925a3-9366-451a-b6dd-b45cb440291a", "Bo...ePointVendor": "EVAR"}]' [129 bytes]
2023-04-03 09:38:52,164 - DEBUG - < TEXT '[3, "d9d925a3-9366-451a-b6dd-b45cb440291a", {"s...41Z", "interval": 300}]' [123 bytes]
2023-04-03 09:38:52,192 - DEBUG - = connection is CLOSING
2023-04-03 09:38:52,192 - DEBUG - > CLOSE 1000 (OK) [2 bytes]
2023-04-03 09:38:52,201 - DEBUG - < CLOSE 1000 (OK) [2 bytes]
2023-04-03 09:38:52,208 - DEBUG - = connection is CLOSED
2023-04-03 09:39:44,593 - DEBUG - = connection is CONNECTING
2023-04-03 09:39:44,628 - DEBUG - > GET /ocpp16/JC-6511JA-P/FFFFFFFFFFFF HTTP/1.1
2023-04-03 09:39:44,628 - DEBUG - > Host: ws.devevspcharger.uplus.co.kr
2023-04-03 09:39:44,628 - DEBUG - > Upgrade: websocket
2023-04-03 09:39:44,629 - DEBUG - > Connection: Upgrade
2023-04-03 09:39:44,629 - DEBUG - > Sec-WebSocket-Key: /VTyZWkbwmtPf/cCyblxag==
2023-04-03 09:39:44,629 - DEBUG - > Sec-WebSocket-Version: 13
2023-04-03 09:39:44,629 - DEBUG - > Sec-WebSocket-Extensions: permessage-deflate; client_max_window_bits
2023-04-03 09:39:44,629 - DEBUG - > Sec-WebSocket-Protocol: ocpp1.6
2023-04-03 09:39:44,629 - DEBUG - > Authorization: Basic SkM6SkNMR1U=
2023-04-03 09:39:44,629 - DEBUG - > User-Agent: Python/3.11 websockets/10.4
2023-04-03 09:39:44,902 - DEBUG - < HTTP/1.1 101 Switching Protocols
2023-04-03 09:39:44,902 - DEBUG - < Connection: upgrade
2023-04-03 09:39:44,902 - DEBUG - < Date: Mon, 03 Apr 2023 00:39:34 GMT
2023-04-03 09:39:44,903 - DEBUG - < sec-websocket-protocol: ocpp1.6
2023-04-03 09:39:44,903 - DEBUG - < upgrade: websocket
2023-04-03 09:39:44,903 - DEBUG - < sec-websocket-accept: F+2eEIqsUA+DDCC/JalmhlKcnOE=
2023-04-03 09:39:44,903 - DEBUG - < sec-websocket-extensions: permessage-deflate
2023-04-03 09:39:44,903 - DEBUG - < X-Cache: Miss from cloudfront
2023-04-03 09:39:44,903 - DEBUG - < Via: 1.1 3544dee363e510a888d5171c071b297e.cloudfront.net (CloudFront)
2023-04-03 09:39:44,903 - DEBUG - < X-Amz-Cf-Pop: ICN57-P2
2023-04-03 09:39:44,903 - DEBUG - < X-Amz-Cf-Id: OR2CKF_12KAp1zZHOoUW67myr1w--UOITK1nvppdkDpb8fM620ktag==
2023-04-03 09:39:44,904 - DEBUG - = connection is OPEN
2023-04-03 09:39:44,960 - DEBUG - > TEXT '[2, "4b5caa99-ea7a-4a3e-ad78-27a5a3dc9076", "Bo...ePointVendor": "EVAR"}]' [129 bytes]
2023-04-03 09:39:45,254 - DEBUG - < TEXT '[3, "4b5caa99-ea7a-4a3e-ad78-27a5a3dc9076", {"s...34Z", "interval": 300}]' [123 bytes]
2023-04-03 09:39:45,331 - DEBUG - > TEXT '[2, "4b5caa99-ea7a-4a3e-ad78-27a5a3dc9076", "St..."status": "Available"}]' [132 bytes]
2023-04-03 09:39:45,572 - DEBUG - < TEXT '[3, "4b5caa99-ea7a-4a3e-ad78-27a5a3dc9076", {}]' [47 bytes]
2023-04-03 09:39:45,627 - DEBUG - > TEXT '[2, "4b5caa99-ea7a-4a3e-ad78-27a5a3dc9076", "Au...": "1031040000069641"}]' [87 bytes]
2023-04-03 09:39:46,265 - DEBUG - < TEXT '[3, "4b5caa99-ea7a-4a3e-ad78-27a5a3dc9076", {"i...{"status": "Blocked"}}]' [81 bytes]
2023-04-03 09:39:46,301 - DEBUG - = connection is CLOSING
2023-04-03 09:39:46,301 - DEBUG - > CLOSE 1000 (OK) [2 bytes]
2023-04-03 09:39:46,310 - DEBUG - < CLOSE 1000 (OK) [2 bytes]
2023-04-03 09:39:46,315 - DEBUG - = connection is CLOSED
2023-04-03 13:27:58,837 - DEBUG - = connection is CONNECTING
2023-04-03 13:27:58,901 - DEBUG - > GET /ocpp16/ELA007C05/EVSCA050001 HTTP/1.1
2023-04-03 13:27:58,902 - DEBUG - > Host: ws.devevspcharger.uplus.co.kr
2023-04-03 13:27:58,902 - DEBUG - > Upgrade: websocket
2023-04-03 13:27:58,902 - DEBUG - > Connection: Upgrade
2023-04-03 13:27:58,903 - DEBUG - > Sec-WebSocket-Key: /OXLieHwvjVUrgb7LirDtg==
2023-04-03 13:27:58,903 - DEBUG - > Sec-WebSocket-Version: 13
2023-04-03 13:27:58,904 - DEBUG - > Sec-WebSocket-Extensions: permessage-deflate; client_max_window_bits
2023-04-03 13:27:58,904 - DEBUG - > Sec-WebSocket-Protocol: ocpp1.6
2023-04-03 13:27:58,904 - DEBUG - > Authorization: Basic RVZBUjpFVkFSTEdV
2023-04-03 13:27:58,905 - DEBUG - > User-Agent: Python/3.11 websockets/10.4
2023-04-03 13:28:00,312 - DEBUG - < HTTP/1.1 101 Switching Protocols
2023-04-03 13:28:00,313 - DEBUG - < Connection: upgrade
2023-04-03 13:28:00,314 - DEBUG - < Date: Mon, 03 Apr 2023 04:27:49 GMT
2023-04-03 13:28:00,314 - DEBUG - < sec-websocket-protocol: ocpp1.6
2023-04-03 13:28:00,314 - DEBUG - < upgrade: websocket
2023-04-03 13:28:00,314 - DEBUG - < sec-websocket-accept: in+t/r5L5N2/xvX74XLTvWZHCbg=
2023-04-03 13:28:00,315 - DEBUG - < sec-websocket-extensions: permessage-deflate
2023-04-03 13:28:00,315 - DEBUG - < X-Cache: Miss from cloudfront
2023-04-03 13:28:00,320 - DEBUG - < Via: 1.1 82b32d3cf0884f8ba64486d5e981bdb8.cloudfront.net (CloudFront)
2023-04-03 13:28:00,321 - DEBUG - < X-Amz-Cf-Pop: ICN57-P2
2023-04-03 13:28:00,321 - DEBUG - < X-Amz-Cf-Id: nEtvtjdPGvi93L9n9QtTSNwDzPIHCs4y_eExk_9UZp-Wi24lWpHUfQ==
2023-04-03 13:28:00,322 - DEBUG - = connection is OPEN
2023-04-03 13:28:00,372 - DEBUG - > TEXT '[2, "f39e7453-862c-4785-846b-f4e33ff98b45", "Bo...ePointVendor": "EVAR"}]' [127 bytes]
2023-04-03 13:28:00,822 - DEBUG - < TEXT '[3, "f39e7453-862c-4785-846b-f4e33ff98b45", {"s...49Z", "interval": 600}]' [123 bytes]
2023-04-03 13:28:00,893 - DEBUG - > TEXT '[2, "f39e7453-862c-4785-846b-f4e33ff98b45", "St..."status": "Available"}]' [132 bytes]
2023-04-03 13:28:01,106 - DEBUG - < TEXT '[3, "f39e7453-862c-4785-846b-f4e33ff98b45", {}]' [47 bytes]
2023-04-03 13:28:01,163 - DEBUG - > TEXT '[2, "f39e7453-862c-4785-846b-f4e33ff98b45", "Au...": "1031040000069641"}]' [87 bytes]
2023-04-03 13:28:01,531 - DEBUG - < TEXT '[3, "f39e7453-862c-4785-846b-f4e33ff98b45", {"i..."status": "Accepted"}}]' [82 bytes]
2023-04-03 13:28:01,570 - DEBUG - = connection is CLOSING
2023-04-03 13:28:01,571 - DEBUG - > CLOSE 1000 (OK) [2 bytes]
2023-04-03 13:28:01,581 - DEBUG - < CLOSE 1000 (OK) [2 bytes]
2023-04-03 13:28:01,587 - DEBUG - = connection is CLOSED
2023-04-04 10:07:50,231 - DEBUG - = connection is CONNECTING
2023-04-04 10:07:50,311 - DEBUG - > GET /ocpp16/ELA007C05/EVSCA050001 HTTP/1.1
2023-04-04 10:07:50,311 - DEBUG - > Host: ws.devevspcharger.uplus.co.kr
2023-04-04 10:07:50,312 - DEBUG - > Upgrade: websocket
2023-04-04 10:07:50,312 - DEBUG - > Connection: Upgrade
2023-04-04 10:07:50,312 - DEBUG - > Sec-WebSocket-Key: oudpebaAjMstspWsabzU+A==
2023-04-04 10:07:50,312 - DEBUG - > Sec-WebSocket-Version: 13
2023-04-04 10:07:50,313 - DEBUG - > Sec-WebSocket-Extensions: permessage-deflate; client_max_window_bits
2023-04-04 10:07:50,313 - DEBUG - > Sec-WebSocket-Protocol: ocpp1.6
2023-04-04 10:07:50,313 - DEBUG - > Authorization: Basic RVZBUjpFVkFSTEdV
2023-04-04 10:07:50,313 - DEBUG - > User-Agent: Python/3.11 websockets/10.4
2023-04-04 10:07:50,564 - DEBUG - < HTTP/1.1 101 Switching Protocols
2023-04-04 10:07:50,564 - DEBUG - < Connection: upgrade
2023-04-04 10:07:50,565 - DEBUG - < Date: Tue, 04 Apr 2023 01:07:48 GMT
2023-04-04 10:07:50,565 - DEBUG - < sec-websocket-protocol: ocpp1.6
2023-04-04 10:07:50,565 - DEBUG - < upgrade: websocket
2023-04-04 10:07:50,565 - DEBUG - < sec-websocket-accept: N5f2yWthbMpvMadjvcRDSdMWub0=
2023-04-04 10:07:50,565 - DEBUG - < sec-websocket-extensions: permessage-deflate
2023-04-04 10:07:50,566 - DEBUG - < X-Cache: Miss from cloudfront
2023-04-04 10:07:50,566 - DEBUG - < Via: 1.1 9ce5dfe6a640bb6a762b3c2889e2317e.cloudfront.net (CloudFront)
2023-04-04 10:07:50,566 - DEBUG - < X-Amz-Cf-Pop: ICN57-P2
2023-04-04 10:07:50,566 - DEBUG - < X-Amz-Cf-Id: v7vMOw9qLcg2eZcnP40lOXgr1rY7Qi0yuKCjhD4GM_A3VcGjqoPCow==
2023-04-04 10:07:50,572 - DEBUG - = connection is OPEN
2023-04-04 10:07:50,621 - DEBUG - > TEXT '[2, "fc258597-4a5a-4646-85d4-c00b687a74e8", "Bo...ePointVendor": "EVAR"}]' [127 bytes]
2023-04-04 10:07:51,145 - DEBUG - < TEXT '[3, "fc258597-4a5a-4646-85d4-c00b687a74e8", {"s...48Z", "interval": 600}]' [123 bytes]
2023-04-04 10:07:51,178 - DEBUG - > TEXT '[2, "fc258597-4a5a-4646-85d4-c00b687a74e8", "St..."status": "Available"}]' [132 bytes]
2023-04-04 10:07:51,461 - DEBUG - < TEXT '[3, "fc258597-4a5a-4646-85d4-c00b687a74e8", {}]' [47 bytes]
2023-04-04 10:07:51,489 - DEBUG - > TEXT '[2, "fc258597-4a5a-4646-85d4-c00b687a74e8", "Au...": "1031040000069641"}]' [87 bytes]
2023-04-04 10:07:52,160 - DEBUG - < TEXT '[3, "fc258597-4a5a-4646-85d4-c00b687a74e8", {"i..."status": "Accepted"}}]' [82 bytes]
2023-04-04 10:07:52,214 - DEBUG - > TEXT '[2, "a9d57eb8-430c-4f98-812a-edec5100c938", "St...2023-04-04T10:07:50Z"}]' [170 bytes]
2023-04-04 10:07:53,147 - DEBUG - < TEXT '[3, "a9d57eb8-430c-4f98-812a-edec5100c938", {"t..."status": "Accepted"}}]' [110 bytes]
2023-04-04 10:07:53,229 - DEBUG - > TEXT '[2, "63de554b-65af-4e99-b084-c7c5df3cb28c", "St... "status": "Charging"}]' [131 bytes]
2023-04-04 10:07:53,640 - DEBUG - < TEXT '[3, "63de554b-65af-4e99-b084-c7c5df3cb28c", {}]' [47 bytes]
2023-04-04 10:07:53,709 - DEBUG - > TEXT '[2, "ad00e913-1ab2-4f81-a05f-94215446cc75", "Me...er", "unit": "Wh"}]}]}]' [259 bytes]
2023-04-04 10:07:54,042 - DEBUG - < TEXT '[3, "ad00e913-1ab2-4f81-a05f-94215446cc75", {}]' [47 bytes]
2023-04-04 10:07:54,129 - DEBUG - > TEXT '[2, "9aef2641-45cc-4e5c-9afa-9442523a79f4", "St...sactionId": 120533704}]' [149 bytes]
2023-04-04 10:07:54,481 - DEBUG - < TEXT '[3, "9aef2641-45cc-4e5c-9afa-9442523a79f4", {"i..."status": "Accepted"}}]' [82 bytes]
2023-04-04 10:07:54,562 - DEBUG - > TEXT '[2, "6a9edf34-b33f-48e6-a2e6-0f0ce3d4a01f", "St..."status": "Finishing"}]' [132 bytes]
2023-04-04 10:07:54,757 - DEBUG - < TEXT '[3, "6a9edf34-b33f-48e6-a2e6-0f0ce3d4a01f", {}]' [47 bytes]
2023-04-04 10:07:54,821 - DEBUG - > TEXT '[2, "bdcb1940-654c-4936-93c5-470f352a131b", "St..."status": "Available"}]' [132 bytes]
2023-04-04 10:07:55,005 - DEBUG - < TEXT '[3, "bdcb1940-654c-4936-93c5-470f352a131b", {}]' [47 bytes]
2023-04-04 10:07:55,044 - DEBUG - = connection is CLOSING
2023-04-04 10:07:55,045 - DEBUG - > CLOSE 1000 (OK) [2 bytes]
2023-04-04 10:07:55,057 - DEBUG - < CLOSE 1000 (OK) [2 bytes]
2023-04-04 10:07:55,065 - DEBUG - = connection is CLOSED
2023-04-04 10:08:07,315 - DEBUG - = connection is CONNECTING
2023-04-04 10:08:07,362 - DEBUG - > GET /ocpp16/ELA007C05/EVSCA050002 HTTP/1.1
2023-04-04 10:08:07,362 - DEBUG - > Host: ws.devevspcharger.uplus.co.kr
2023-04-04 10:08:07,362 - DEBUG - > Upgrade: websocket
2023-04-04 10:08:07,363 - DEBUG - > Connection: Upgrade
2023-04-04 10:08:07,363 - DEBUG - > Sec-WebSocket-Key: YDL8W1/eA7701hyOmKyxcQ==
2023-04-04 10:08:07,364 - DEBUG - > Sec-WebSocket-Version: 13
2023-04-04 10:08:07,364 - DEBUG - > Sec-WebSocket-Extensions: permessage-deflate; client_max_window_bits
2023-04-04 10:08:07,364 - DEBUG - > Sec-WebSocket-Protocol: ocpp1.6
2023-04-04 10:08:07,364 - DEBUG - > Authorization: Basic RVZBUjpFVkFSTEdV
2023-04-04 10:08:07,364 - DEBUG - > User-Agent: Python/3.11 websockets/10.4
2023-04-04 10:08:07,663 - DEBUG - < HTTP/1.1 101 Switching Protocols
2023-04-04 10:08:07,664 - DEBUG - < Connection: upgrade
2023-04-04 10:08:07,664 - DEBUG - < Date: Tue, 04 Apr 2023 01:08:05 GMT
2023-04-04 10:08:07,665 - DEBUG - < sec-websocket-protocol: ocpp1.6
2023-04-04 10:08:07,665 - DEBUG - < upgrade: websocket
2023-04-04 10:08:07,665 - DEBUG - < sec-websocket-accept: QgYjHLyMCqwKaG0vt/1DBR25xpY=
2023-04-04 10:08:07,665 - DEBUG - < sec-websocket-extensions: permessage-deflate
2023-04-04 10:08:07,666 - DEBUG - < X-Cache: Miss from cloudfront
2023-04-04 10:08:07,666 - DEBUG - < Via: 1.1 5a0f884e3a21756e824f803c83d7f3d0.cloudfront.net (CloudFront)
2023-04-04 10:08:07,666 - DEBUG - < X-Amz-Cf-Pop: ICN57-P2
2023-04-04 10:08:07,666 - DEBUG - < X-Amz-Cf-Id: r4QLHD2WINrlDvyYadFu1zdCc8UiZb4648jsD3C9-12Lky-WWGoDAA==
2023-04-04 10:08:07,667 - DEBUG - = connection is OPEN
2023-04-04 10:08:07,710 - DEBUG - > TEXT '[2, "803e07a8-9273-47ea-82f1-abd076f0e24c", "Bo...ePointVendor": "EVAR"}]' [127 bytes]
2023-04-04 10:08:07,981 - DEBUG - < TEXT '[3, "803e07a8-9273-47ea-82f1-abd076f0e24c", {"s...05Z", "interval": 600}]' [123 bytes]
2023-04-04 10:08:08,321 - DEBUG - Starting new HTTPS connection (1): rgw.devevspcharger.uplus.co.kr:443
2023-04-04 10:08:08,929 - DEBUG - https://rgw.devevspcharger.uplus.co.kr:443 "POST /ioc HTTP/1.1" 200 224
2023-04-04 10:08:08,995 - DEBUG - < TEXT '[2, "affb0ea7-9765-45bf-a689-7ba5306101b7", "Re...Id": "$reservationId"}]' [179 bytes]
2023-04-04 10:08:09,061 - DEBUG - = connection is CLOSING
2023-04-04 10:08:09,061 - DEBUG - > CLOSE 1000 (OK) [2 bytes]
2023-04-04 10:08:09,075 - DEBUG - < CLOSE 1000 (OK) [2 bytes]
2023-04-04 10:08:09,082 - DEBUG - = connection is CLOSED
2023-04-04 10:12:30,249 - DEBUG - = connection is CONNECTING
2023-04-04 10:12:30,300 - DEBUG - > GET /ocpp16/ELA007C05/EVSCA050002 HTTP/1.1
2023-04-04 10:12:30,301 - DEBUG - > Host: ws.devevspcharger.uplus.co.kr
2023-04-04 10:12:30,301 - DEBUG - > Upgrade: websocket
2023-04-04 10:12:30,302 - DEBUG - > Connection: Upgrade
2023-04-04 10:12:30,302 - DEBUG - > Sec-WebSocket-Key: cnpL5i70RUnWgV75YSlHjg==
2023-04-04 10:12:30,303 - DEBUG - > Sec-WebSocket-Version: 13
2023-04-04 10:12:30,303 - DEBUG - > Sec-WebSocket-Extensions: permessage-deflate; client_max_window_bits
2023-04-04 10:12:30,303 - DEBUG - > Sec-WebSocket-Protocol: ocpp1.6
2023-04-04 10:12:30,304 - DEBUG - > Authorization: Basic RVZBUjpFVkFSTEdV
2023-04-04 10:12:30,304 - DEBUG - > User-Agent: Python/3.11 websockets/10.4
2023-04-04 10:12:30,832 - DEBUG - < HTTP/1.1 101 Switching Protocols
2023-04-04 10:12:30,832 - DEBUG - < Connection: upgrade
2023-04-04 10:12:30,832 - DEBUG - < Date: Tue, 04 Apr 2023 01:12:28 GMT
2023-04-04 10:12:30,832 - DEBUG - < sec-websocket-protocol: ocpp1.6
2023-04-04 10:12:30,833 - DEBUG - < upgrade: websocket
2023-04-04 10:12:30,833 - DEBUG - < sec-websocket-accept: 935AgiNYFsfbf41xd/N77z34EzU=
2023-04-04 10:12:30,833 - DEBUG - < sec-websocket-extensions: permessage-deflate
2023-04-04 10:12:30,833 - DEBUG - < X-Cache: Miss from cloudfront
2023-04-04 10:12:30,833 - DEBUG - < Via: 1.1 98cc70c99d4e07b8cd37265dc48c5a54.cloudfront.net (CloudFront)
2023-04-04 10:12:30,833 - DEBUG - < X-Amz-Cf-Pop: ICN57-P2
2023-04-04 10:12:30,834 - DEBUG - < X-Amz-Cf-Id: 5O1lIjNr-U7qMv3aoVlqLoInifkh5u9TX1XDXVPKp-R8iWZ5zs7Glw==
2023-04-04 10:12:30,839 - DEBUG - = connection is OPEN
2023-04-04 10:12:30,872 - DEBUG - > TEXT '[2, "548bd522-5a51-4f6d-a277-920b0923791b", "Bo...ePointVendor": "EVAR"}]' [127 bytes]
2023-04-04 10:12:31,312 - DEBUG - < TEXT '[3, "548bd522-5a51-4f6d-a277-920b0923791b", {"s...29Z", "interval": 600}]' [123 bytes]
2023-04-04 10:12:31,479 - DEBUG - Starting new HTTPS connection (1): rgw.devevspcharger.uplus.co.kr:443
2023-04-04 10:12:32,088 - DEBUG - https://rgw.devevspcharger.uplus.co.kr:443 "POST /ioc HTTP/1.1" 200 224
2023-04-04 10:12:32,121 - DEBUG - < TEXT '[2, "3714eda3-9e63-45c5-ba58-617d6caf7203", "Re...Id": "$reservationId"}]' [179 bytes]
2023-04-04 10:12:32,154 - DEBUG - = connection is CLOSING
2023-04-04 10:12:32,154 - DEBUG - > CLOSE 1000 (OK) [2 bytes]
2023-04-04 10:12:32,163 - DEBUG - < CLOSE 1000 (OK) [2 bytes]
2023-04-04 10:12:32,171 - DEBUG - = connection is CLOSED
2023-04-04 10:15:28,427 - DEBUG - = connection is CONNECTING
2023-04-04 10:15:28,508 - DEBUG - > GET /ocpp16/ELA007C05/EVSCA050002 HTTP/1.1
2023-04-04 10:15:28,509 - DEBUG - > Host: ws.devevspcharger.uplus.co.kr
2023-04-04 10:15:28,509 - DEBUG - > Upgrade: websocket
2023-04-04 10:15:28,509 - DEBUG - > Connection: Upgrade
2023-04-04 10:15:28,510 - DEBUG - > Sec-WebSocket-Key: ZVuzHPzuxMGRsHP5oPJ+5A==
2023-04-04 10:15:28,510 - DEBUG - > Sec-WebSocket-Version: 13
2023-04-04 10:15:28,510 - DEBUG - > Sec-WebSocket-Extensions: permessage-deflate; client_max_window_bits
2023-04-04 10:15:28,510 - DEBUG - > Sec-WebSocket-Protocol: ocpp1.6
2023-04-04 10:15:28,511 - DEBUG - > Authorization: Basic RVZBUjpFVkFSTEdV
2023-04-04 10:15:28,511 - DEBUG - > User-Agent: Python/3.11 websockets/10.4
2023-04-04 10:15:29,069 - DEBUG - < HTTP/1.1 101 Switching Protocols
2023-04-04 10:15:29,070 - DEBUG - < Connection: upgrade
2023-04-04 10:15:29,070 - DEBUG - < Date: Tue, 04 Apr 2023 01:15:27 GMT
2023-04-04 10:15:29,070 - DEBUG - < sec-websocket-protocol: ocpp1.6
2023-04-04 10:15:29,071 - DEBUG - < upgrade: websocket
2023-04-04 10:15:29,071 - DEBUG - < sec-websocket-accept: HZFuYcePQrd6fafF40GqIoxg4CI=
2023-04-04 10:15:29,071 - DEBUG - < sec-websocket-extensions: permessage-deflate
2023-04-04 10:15:29,071 - DEBUG - < X-Cache: Miss from cloudfront
2023-04-04 10:15:29,072 - DEBUG - < Via: 1.1 3509c763b14d58840ad09e1097a1e54c.cloudfront.net (CloudFront)
2023-04-04 10:15:29,072 - DEBUG - < X-Amz-Cf-Pop: ICN57-P2
2023-04-04 10:15:29,072 - DEBUG - < X-Amz-Cf-Id: eu3iZZNxd2PO6-ncL9EdSJEMOd8KDMSZXapArsnx5XSpeF6X6vFPkA==
2023-04-04 10:15:29,079 - DEBUG - = connection is OPEN
2023-04-04 10:15:29,141 - DEBUG - > TEXT '[2, "5c070e18-286f-4985-a957-ed756622c146", "Bo...ePointVendor": "EVAR"}]' [127 bytes]
2023-04-04 10:15:29,647 - DEBUG - < TEXT '[3, "5c070e18-286f-4985-a957-ed756622c146", {"s...27Z", "interval": 600}]' [123 bytes]
2023-04-04 10:15:29,812 - DEBUG - Starting new HTTPS connection (1): rgw.devevspcharger.uplus.co.kr:443
2023-04-04 10:15:30,437 - DEBUG - https://rgw.devevspcharger.uplus.co.kr:443 "POST /ioc HTTP/1.1" 200 224
2023-04-04 10:15:30,501 - DEBUG - < TEXT '[2, "5004b6ea-a738-41a5-9726-ac69bd348860", "Re...Id": "$reservationId"}]' [179 bytes]
2023-04-04 10:15:30,547 - DEBUG - = connection is CLOSING
2023-04-04 10:15:30,548 - DEBUG - > CLOSE 1000 (OK) [2 bytes]
2023-04-04 10:15:30,581 - DEBUG - < CLOSE 1000 (OK) [2 bytes]
2023-04-04 10:15:30,593 - DEBUG - = connection is CLOSED
2023-04-04 10:17:18,617 - DEBUG - = connection is CONNECTING
2023-04-04 10:17:18,655 - DEBUG - > GET /ocpp16/ELA007C05/EVSCA050002 HTTP/1.1
2023-04-04 10:17:18,655 - DEBUG - > Host: ws.devevspcharger.uplus.co.kr
2023-04-04 10:17:18,656 - DEBUG - > Upgrade: websocket
2023-04-04 10:17:18,656 - DEBUG - > Connection: Upgrade
2023-04-04 10:17:18,656 - DEBUG - > Sec-WebSocket-Key: udgfk5f8ZNw/VqGhiYzmCw==
2023-04-04 10:17:18,656 - DEBUG - > Sec-WebSocket-Version: 13
2023-04-04 10:17:18,656 - DEBUG - > Sec-WebSocket-Extensions: permessage-deflate; client_max_window_bits
2023-04-04 10:17:18,657 - DEBUG - > Sec-WebSocket-Protocol: ocpp1.6
2023-04-04 10:17:18,657 - DEBUG - > Authorization: Basic RVZBUjpFVkFSTEdV
2023-04-04 10:17:18,657 - DEBUG - > User-Agent: Python/3.11 websockets/10.4
2023-04-04 10:17:19,236 - DEBUG - < HTTP/1.1 101 Switching Protocols
2023-04-04 10:17:19,236 - DEBUG - < Connection: upgrade
2023-04-04 10:17:19,237 - DEBUG - < Date: Tue, 04 Apr 2023 01:17:17 GMT
2023-04-04 10:17:19,238 - DEBUG - < sec-websocket-protocol: ocpp1.6
2023-04-04 10:17:19,238 - DEBUG - < upgrade: websocket
2023-04-04 10:17:19,238 - DEBUG - < sec-websocket-accept: YIzawya1oRNFDR+k4joSqBlDmwc=
2023-04-04 10:17:19,238 - DEBUG - < sec-websocket-extensions: permessage-deflate
2023-04-04 10:17:19,238 - DEBUG - < X-Cache: Miss from cloudfront
2023-04-04 10:17:19,238 - DEBUG - < Via: 1.1 8e619a006d3eebbe44543457c797a4f0.cloudfront.net (CloudFront)
2023-04-04 10:17:19,238 - DEBUG - < X-Amz-Cf-Pop: ICN57-P2
2023-04-04 10:17:19,238 - DEBUG - < X-Amz-Cf-Id: 2GHe-VkwICh_nhelhjgHU6fXip-UOGc_Qw7hJw8mQnvoz4U_6-6uWA==
2023-04-04 10:17:19,239 - DEBUG - = connection is OPEN
2023-04-04 10:17:19,299 - DEBUG - > TEXT '[2, "da7c3ede-f666-45ee-a46a-18022978e6e9", "Bo...ePointVendor": "EVAR"}]' [127 bytes]
2023-04-04 10:17:19,771 - DEBUG - < TEXT '[3, "da7c3ede-f666-45ee-a46a-18022978e6e9", {"s...17Z", "interval": 600}]' [123 bytes]
2023-04-04 10:17:19,912 - DEBUG - Starting new HTTPS connection (1): rgw.devevspcharger.uplus.co.kr:443
2023-04-04 10:17:20,511 - DEBUG - https://rgw.devevspcharger.uplus.co.kr:443 "POST /ioc HTTP/1.1" 200 224
2023-04-04 10:17:20,571 - DEBUG - < TEXT '[2, "4993dc6a-a1dc-4f97-9181-01593c32c9e6", "Re...Id": "$reservationId"}]' [179 bytes]
2023-04-04 10:17:20,599 - DEBUG - = connection is CLOSING
2023-04-04 10:17:20,600 - DEBUG - > CLOSE 1000 (OK) [2 bytes]
2023-04-04 10:17:21,299 - DEBUG - < CLOSE 1000 (OK) [2 bytes]
2023-04-04 10:17:21,308 - DEBUG - = connection is CLOSED
2023-04-05 16:06:09,088 - DEBUG - = connection is CONNECTING
2023-04-05 16:06:09,165 - DEBUG - > GET /ocpp16/ELA007C05/EVSCA050001 HTTP/1.1
2023-04-05 16:06:09,165 - DEBUG - > Host: ws.devevspcharger.uplus.co.kr
2023-04-05 16:06:09,165 - DEBUG - > Upgrade: websocket
2023-04-05 16:06:09,165 - DEBUG - > Connection: Upgrade
2023-04-05 16:06:09,166 - DEBUG - > Sec-WebSocket-Key: bhTl6g6NevvVl21nWQeHJA==
2023-04-05 16:06:09,166 - DEBUG - > Sec-WebSocket-Version: 13
2023-04-05 16:06:09,166 - DEBUG - > Sec-WebSocket-Extensions: permessage-deflate; client_max_window_bits
2023-04-05 16:06:09,166 - DEBUG - > Sec-WebSocket-Protocol: ocpp1.6
2023-04-05 16:06:09,166 - DEBUG - > Authorization: Basic RVZBUjpFVkFSTEdV
2023-04-05 16:06:09,166 - DEBUG - > User-Agent: Python/3.11 websockets/10.4
2023-04-05 16:06:10,621 - DEBUG - < HTTP/1.1 101 Switching Protocols
2023-04-05 16:06:10,621 - DEBUG - < Connection: upgrade
2023-04-05 16:06:10,622 - DEBUG - < Date: Wed, 05 Apr 2023 07:06:06 GMT
2023-04-05 16:06:10,622 - DEBUG - < sec-websocket-protocol: ocpp1.6
2023-04-05 16:06:10,622 - DEBUG - < upgrade: websocket
2023-04-05 16:06:10,622 - DEBUG - < sec-websocket-accept: LhmPj87LU3+ikofLRpfSg37rBvk=
2023-04-05 16:06:10,622 - DEBUG - < sec-websocket-extensions: permessage-deflate
2023-04-05 16:06:10,622 - DEBUG - < X-Cache: Miss from cloudfront
2023-04-05 16:06:10,622 - DEBUG - < Via: 1.1 818e6836f2ca3e700a5577179db933d8.cloudfront.net (CloudFront)
2023-04-05 16:06:10,623 - DEBUG - < X-Amz-Cf-Pop: ICN57-P2
2023-04-05 16:06:10,623 - DEBUG - < X-Amz-Cf-Id: 2KrL5xn7RdxyXrAB98HqDxxwi6bnNrq7j6i8FiiHRylPuZr0ikixSg==
2023-04-05 16:06:10,629 - DEBUG - = connection is OPEN
2023-04-05 16:06:10,785 - DEBUG - > TEXT '[2, "d710081a-dfb4-41f4-92c3-add4123f8e52", "Bo...ePointVendor": "EVAR"}]' [127 bytes]
2023-04-05 16:06:11,073 - DEBUG - < TEXT '[3, "d710081a-dfb4-41f4-92c3-add4123f8e52", {"s...07Z", "interval": 600}]' [123 bytes]
2023-04-05 16:06:11,116 - DEBUG - > TEXT '[2, "d710081a-dfb4-41f4-92c3-add4123f8e52", "St..."status": "Available"}]' [132 bytes]
2023-04-05 16:06:11,416 - DEBUG - < TEXT '[3, "d710081a-dfb4-41f4-92c3-add4123f8e52", {}]' [47 bytes]
2023-04-05 16:06:11,455 - DEBUG - > TEXT '[2, "d710081a-dfb4-41f4-92c3-add4123f8e52", "Au...": "1031040000069641"}]' [87 bytes]
2023-04-05 16:06:11,760 - DEBUG - < TEXT '[3, "d710081a-dfb4-41f4-92c3-add4123f8e52", {"i..."status": "Accepted"}}]' [82 bytes]
2023-04-05 16:06:11,805 - DEBUG - > TEXT '[2, "561f917b-58bc-439b-abf7-a807902d4990", "St...2023-04-05T16:06:08Z"}]' [170 bytes]
2023-04-05 16:06:12,244 - DEBUG - < TEXT '[3, "561f917b-58bc-439b-abf7-a807902d4990", {"t..."status": "Accepted"}}]' [110 bytes]
2023-04-05 16:06:12,307 - DEBUG - > TEXT '[2, "0c501a43-52b4-47e2-b86d-552595bac2e1", "St... "status": "Charging"}]' [131 bytes]
2023-04-05 16:06:12,511 - DEBUG - < TEXT '[3, "0c501a43-52b4-47e2-b86d-552595bac2e1", {}]' [47 bytes]
2023-04-05 16:06:12,577 - DEBUG - > TEXT '[2, "1c89e0d0-3464-4867-a5e4-7c81441a57ff", "Me...er", "unit": "Wh"}]}]}]' [259 bytes]
2023-04-05 16:06:12,953 - DEBUG - < TEXT '[3, "1c89e0d0-3464-4867-a5e4-7c81441a57ff", {}]' [47 bytes]
2023-04-05 16:06:13,038 - DEBUG - > TEXT '[2, "b6c6fe67-0f77-4b74-9b9c-7f647502b417", "St...sactionId": 120533720}]' [149 bytes]
2023-04-05 16:06:13,650 - DEBUG - < TEXT '[3, "b6c6fe67-0f77-4b74-9b9c-7f647502b417", {"i..."status": "Accepted"}}]' [82 bytes]
2023-04-05 16:06:13,733 - DEBUG - > TEXT '[2, "bb77996a-6777-4d5e-8d02-06735417faa8", "St..."status": "Finishing"}]' [132 bytes]
2023-04-05 16:06:13,970 - DEBUG - < TEXT '[3, "bb77996a-6777-4d5e-8d02-06735417faa8", {}]' [47 bytes]
2023-04-05 16:06:14,037 - DEBUG - > TEXT '[2, "b0109e93-943f-4efb-910f-df25fa7bc911", "St..."status": "Available"}]' [132 bytes]
2023-04-05 16:06:14,344 - DEBUG - < TEXT '[3, "b0109e93-943f-4efb-910f-df25fa7bc911", {}]' [47 bytes]
2023-04-05 16:06:14,375 - DEBUG - = connection is CLOSING
2023-04-05 16:06:14,375 - DEBUG - > CLOSE 1000 (OK) [2 bytes]
2023-04-05 16:06:14,384 - DEBUG - < CLOSE 1000 (OK) [2 bytes]
2023-04-05 16:06:14,389 - DEBUG - = connection is CLOSED
2023-04-05 16:06:22,424 - DEBUG - = connection is CONNECTING
2023-04-05 16:06:22,463 - DEBUG - > GET /ocpp16/ELC050C-001/ELC050C-001-001 HTTP/1.1
2023-04-05 16:06:22,464 - DEBUG - > Host: ws.devevspcharger.uplus.co.kr
2023-04-05 16:06:22,464 - DEBUG - > Upgrade: websocket
2023-04-05 16:06:22,464 - DEBUG - > Connection: Upgrade
2023-04-05 16:06:22,464 - DEBUG - > Sec-WebSocket-Key: 8lUt9BHtxI0HQfilhGlTgg==
2023-04-05 16:06:22,464 - DEBUG - > Sec-WebSocket-Version: 13
2023-04-05 16:06:22,464 - DEBUG - > Sec-WebSocket-Extensions: permessage-deflate; client_max_window_bits
2023-04-05 16:06:22,465 - DEBUG - > Sec-WebSocket-Protocol: ocpp1.6
2023-04-05 16:06:22,465 - DEBUG - > Authorization: Basic RVZBUjpFVkFSTEdV
2023-04-05 16:06:22,465 - DEBUG - > User-Agent: Python/3.11 websockets/10.4
2023-04-05 16:06:22,695 - DEBUG - < HTTP/1.1 101 Switching Protocols
2023-04-05 16:06:22,695 - DEBUG - < Connection: upgrade
2023-04-05 16:06:22,695 - DEBUG - < Date: Wed, 05 Apr 2023 07:06:18 GMT
2023-04-05 16:06:22,696 - DEBUG - < sec-websocket-protocol: ocpp1.6
2023-04-05 16:06:22,696 - DEBUG - < upgrade: websocket
2023-04-05 16:06:22,696 - DEBUG - < sec-websocket-accept: abuNR/v6wSyyNjCpeBjHmWGtwkI=
2023-04-05 16:06:22,696 - DEBUG - < sec-websocket-extensions: permessage-deflate
2023-04-05 16:06:22,696 - DEBUG - < X-Cache: Miss from cloudfront
2023-04-05 16:06:22,696 - DEBUG - < Via: 1.1 516246c62af452cb1f8d77c8f3af9faa.cloudfront.net (CloudFront)
2023-04-05 16:06:22,696 - DEBUG - < X-Amz-Cf-Pop: ICN57-P2
2023-04-05 16:06:22,697 - DEBUG - < X-Amz-Cf-Id: pk6-94E4MNFGjKLkIidPR1YijGLBRC9R7xIgjod1Wt0nkE8toU4pVw==
2023-04-05 16:06:22,697 - DEBUG - = connection is OPEN
2023-04-05 16:06:22,742 - DEBUG - > TEXT '[2, "b0a92f8f-b7e1-460a-9a2d-dd35b692b056", "Bo...areVersion": "0.0.13"}]' [204 bytes]
2023-04-05 16:06:23,071 - DEBUG - < TEXT '[3, "b0a92f8f-b7e1-460a-9a2d-dd35b692b056", {"s...18Z", "interval": 300}]' [123 bytes]
2023-04-05 16:06:23,267 - DEBUG - > TEXT '[2, "b0a92f8f-b7e1-460a-9a2d-dd35b692b056", "St..."status": "Available"}]' [132 bytes]
2023-04-05 16:06:23,481 - DEBUG - < TEXT '[3, "b0a92f8f-b7e1-460a-9a2d-dd35b692b056", {}]' [47 bytes]
2023-04-05 16:06:23,532 - DEBUG - > TEXT '[2, "b0a92f8f-b7e1-460a-9a2d-dd35b692b056", "Au...": "1031040000069641"}]' [87 bytes]
2023-04-05 16:06:23,849 - DEBUG - < TEXT '[3, "b0a92f8f-b7e1-460a-9a2d-dd35b692b056", {"i..."status": "Accepted"}}]' [82 bytes]
2023-04-05 16:06:23,885 - DEBUG - > TEXT '[2, "1eaf5e8b-9523-4ee0-8676-3a42cf96db81", "St...2023-04-05T16:06:22Z"}]' [170 bytes]
2023-04-05 16:06:24,258 - DEBUG - < TEXT '[3, "1eaf5e8b-9523-4ee0-8676-3a42cf96db81", {"t..."status": "Accepted"}}]' [110 bytes]
2023-04-05 16:06:24,306 - DEBUG - > TEXT '[2, "d279ba72-8a83-4218-9a90-547c637ab81d", "St... "status": "Charging"}]' [131 bytes]
2023-04-05 16:06:24,492 - DEBUG - < TEXT '[3, "d279ba72-8a83-4218-9a90-547c637ab81d", {}]' [47 bytes]
2023-04-05 16:06:24,535 - DEBUG - > TEXT '[2, "e3602780-0bbf-4a6b-bb1e-646d9ebc45bd", "Me...er", "unit": "Wh"}]}]}]' [259 bytes]
2023-04-05 16:06:24,732 - DEBUG - < TEXT '[4, "e3602780-0bbf-4a6b-bb1e-646d9ebc45bd", {"e...the requested Action"}]' [187 bytes]
2023-04-05 16:06:24,770 - DEBUG - = connection is CLOSING
2023-04-05 16:06:24,770 - DEBUG - > CLOSE 1000 (OK) [2 bytes]
2023-04-05 16:06:24,779 - DEBUG - < CLOSE 1000 (OK) [2 bytes]
2023-04-05 16:06:24,786 - DEBUG - = connection is CLOSED
2023-04-05 16:06:41,807 - DEBUG - = connection is CONNECTING
2023-04-05 16:06:41,847 - DEBUG - > GET /ocpp16/ELC050C-001/ELC050C-001-001 HTTP/1.1
2023-04-05 16:06:41,847 - DEBUG - > Host: ws.devevspcharger.uplus.co.kr
2023-04-05 16:06:41,847 - DEBUG - > Upgrade: websocket
2023-04-05 16:06:41,847 - DEBUG - > Connection: Upgrade
2023-04-05 16:06:41,847 - DEBUG - > Sec-WebSocket-Key: GopRMWPDQ3xCp5f/6ZqyQw==
2023-04-05 16:06:41,847 - DEBUG - > Sec-WebSocket-Version: 13
2023-04-05 16:06:41,847 - DEBUG - > Sec-WebSocket-Extensions: permessage-deflate; client_max_window_bits
2023-04-05 16:06:41,847 - DEBUG - > Sec-WebSocket-Protocol: ocpp1.6
2023-04-05 16:06:41,847 - DEBUG - > Authorization: Basic RVZBUjpFVkFSTEdV
2023-04-05 16:06:41,847 - DEBUG - > User-Agent: Python/3.11 websockets/10.4
2023-04-05 16:06:42,093 - DEBUG - < HTTP/1.1 101 Switching Protocols
2023-04-05 16:06:42,093 - DEBUG - < Connection: upgrade
2023-04-05 16:06:42,093 - DEBUG - < Date: Wed, 05 Apr 2023 07:06:38 GMT
2023-04-05 16:06:42,093 - DEBUG - < sec-websocket-protocol: ocpp1.6
2023-04-05 16:06:42,093 - DEBUG - < upgrade: websocket
2023-04-05 16:06:42,093 - DEBUG - < sec-websocket-accept: Qc/4Tihbl2qPq+VVtFllg3qz184=
2023-04-05 16:06:42,093 - DEBUG - < sec-websocket-extensions: permessage-deflate
2023-04-05 16:06:42,094 - DEBUG - < X-Cache: Miss from cloudfront
2023-04-05 16:06:42,094 - DEBUG - < Via: 1.1 98cc70c99d4e07b8cd37265dc48c5a54.cloudfront.net (CloudFront)
2023-04-05 16:06:42,094 - DEBUG - < X-Amz-Cf-Pop: ICN57-P2
2023-04-05 16:06:42,094 - DEBUG - < X-Amz-Cf-Id: 9F0Un7NHyXJysU83pZN1FzU80Gj3m7v1e906jBnGK0pfLUEGGlSekQ==
2023-04-05 16:06:42,094 - DEBUG - = connection is OPEN
2023-04-05 16:06:42,118 - DEBUG - > TEXT '[2, "b0ff3d73-ecd4-4753-890b-b45c2de1a9b1", "Bo...areVersion": "0.0.13"}]' [204 bytes]
2023-04-05 16:06:42,394 - DEBUG - < TEXT '[3, "b0ff3d73-ecd4-4753-890b-b45c2de1a9b1", {"s...38Z", "interval": 300}]' [123 bytes]
2023-04-05 16:06:47,660 - DEBUG - Starting new HTTPS connection (1): rgw.devevspcharger.uplus.co.kr:443
2023-04-05 16:06:49,077 - DEBUG - https://rgw.devevspcharger.uplus.co.kr:443 "POST /ioc HTTP/1.1" 200 148
2023-04-05 16:06:49,092 - DEBUG - < TEXT '[2, "b3f7ec04-8963-4d8d-b065-575814729e74", "Ge...izeRemoteTxRequests"]}]' [103 bytes]
2023-04-05 16:06:49,096 - DEBUG - > TEXT '[3, "b3f7ec04-8963-4d8d-b065-575814729e74", {"c...ue", "value": "300"}]}]' [141 bytes]
2023-04-05 16:06:49,455 - DEBUG - < TEXT '' [0 bytes]
2023-04-05 16:06:52,010 - DEBUG - Starting new HTTPS connection (1): rgw.devevspcharger.uplus.co.kr:443
2023-04-05 16:06:52,438 - DEBUG - https://rgw.devevspcharger.uplus.co.kr:443 "POST /ioc HTTP/1.1" 200 164
2023-04-05 16:06:52,452 - DEBUG - < TEXT '[2, "60733c7a-574c-444f-805a-7f79f73f31c3", "Ch...rval", "value": "300"}]' [119 bytes]
2023-04-05 16:06:52,456 - DEBUG - > TEXT '[3, "60733c7a-574c-444f-805a-7f79f73f31c3", {"status": "Accepted"}]' [67 bytes]
2023-04-05 16:06:52,571 - DEBUG - < TEXT '' [0 bytes]
2023-04-05 16:06:52,611 - DEBUG - > TEXT '[2, "d23b5485-12c3-4fae-a3f7-f8764635db65", "St..."status": "Available"}]' [132 bytes]
2023-04-05 16:06:52,855 - DEBUG - < TEXT '[3, "d23b5485-12c3-4fae-a3f7-f8764635db65", {}]' [47 bytes]
2023-04-05 16:06:56,174 - DEBUG - < TEXT '[2, "8f-b7e1-460a-9a2d-dd35b692b056", "RemoteSt...sactionId": 120533721}]' [92 bytes]
2023-04-05 16:06:56,213 - DEBUG - = connection is CLOSING
2023-04-05 16:06:56,213 - DEBUG - > CLOSE 1000 (OK) [2 bytes]
2023-04-05 16:06:56,224 - DEBUG - < CLOSE 1000 (OK) [2 bytes]
2023-04-05 16:06:56,227 - DEBUG - = connection is CLOSED
2023-04-05 16:37:43,167 - DEBUG - = connection is CONNECTING
2023-04-05 16:37:43,202 - DEBUG - > GET /ocpp16/ELC050C-001/ELC050C-001-001 HTTP/1.1
2023-04-05 16:37:43,203 - DEBUG - > Host: ws.devevspcharger.uplus.co.kr
2023-04-05 16:37:43,203 - DEBUG - > Upgrade: websocket
2023-04-05 16:37:43,203 - DEBUG - > Connection: Upgrade
2023-04-05 16:37:43,203 - DEBUG - > Sec-WebSocket-Key: N3vBW73FRd80Ank7p+asaw==
2023-04-05 16:37:43,203 - DEBUG - > Sec-WebSocket-Version: 13
2023-04-05 16:37:43,203 - DEBUG - > Sec-WebSocket-Extensions: permessage-deflate; client_max_window_bits
2023-04-05 16:37:43,203 - DEBUG - > Sec-WebSocket-Protocol: ocpp1.6
2023-04-05 16:37:43,203 - DEBUG - > Authorization: Basic RVZBUjpFVkFSTEdV
2023-04-05 16:37:43,203 - DEBUG - > User-Agent: Python/3.11 websockets/10.4
2023-04-05 16:37:43,750 - DEBUG - < HTTP/1.1 101 Switching Protocols
2023-04-05 16:37:43,750 - DEBUG - < Connection: upgrade
2023-04-05 16:37:43,750 - DEBUG - < Date: Wed, 05 Apr 2023 07:37:39 GMT
2023-04-05 16:37:43,750 - DEBUG - < sec-websocket-protocol: ocpp1.6
2023-04-05 16:37:43,750 - DEBUG - < upgrade: websocket
2023-04-05 16:37:43,750 - DEBUG - < sec-websocket-accept: xzvLU251Tmk5FEb5iNhVThhe8Ec=
2023-04-05 16:37:43,750 - DEBUG - < sec-websocket-extensions: permessage-deflate
2023-04-05 16:37:43,750 - DEBUG - < X-Cache: Miss from cloudfront
2023-04-05 16:37:43,750 - DEBUG - < Via: 1.1 c6882e0acaa56682be4bf45c4b8fd99a.cloudfront.net (CloudFront)
2023-04-05 16:37:43,750 - DEBUG - < X-Amz-Cf-Pop: ICN57-P2
2023-04-05 16:37:43,750 - DEBUG - < X-Amz-Cf-Id: OpjycTC7nNpGTY8QYEcSMel2ru0iFen7qFv_fr6EuWHTGwdTQKf9qg==
2023-04-05 16:37:43,752 - DEBUG - = connection is OPEN
2023-04-05 16:37:43,796 - DEBUG - > TEXT '[2, "cdfc3d9a-50e6-46fa-97f5-0acc94b5a753", "Bo...areVersion": "0.0.13"}]' [204 bytes]
2023-04-05 16:37:44,290 - DEBUG - < TEXT '[3, "cdfc3d9a-50e6-46fa-97f5-0acc94b5a753", {"s...40Z", "interval": 300}]' [123 bytes]
2023-04-05 16:37:46,797 - DEBUG - Starting new HTTPS connection (1): rgw.devevspcharger.uplus.co.kr:443
2023-04-05 16:37:48,141 - DEBUG - https://rgw.devevspcharger.uplus.co.kr:443 "POST /ioc HTTP/1.1" 200 148
2023-04-05 16:37:48,155 - DEBUG - < TEXT '[2, "f00f78d8-8820-42f9-8463-b9a995f24eab", "Ge...izeRemoteTxRequests"]}]' [103 bytes]
2023-04-05 16:37:48,162 - DEBUG - > TEXT '[3, "f00f78d8-8820-42f9-8463-b9a995f24eab", {"c...ue", "value": "300"}]}]' [141 bytes]
2023-04-05 16:37:48,323 - DEBUG - < TEXT '' [0 bytes]
2023-04-05 16:37:50,127 - DEBUG - Starting new HTTPS connection (1): rgw.devevspcharger.uplus.co.kr:443
2023-04-05 16:37:50,543 - DEBUG - https://rgw.devevspcharger.uplus.co.kr:443 "POST /ioc HTTP/1.1" 200 164
2023-04-05 16:37:50,565 - DEBUG - < TEXT '[2, "09d554df-3acd-4317-a3ee-efc34cf0e81f", "Ch...rval", "value": "300"}]' [119 bytes]
2023-04-05 16:37:50,570 - DEBUG - > TEXT '[3, "09d554df-3acd-4317-a3ee-efc34cf0e81f", {"status": "Accepted"}]' [67 bytes]
2023-04-05 16:37:50,729 - DEBUG - < TEXT '' [0 bytes]
2023-04-05 16:37:50,768 - DEBUG - > TEXT '[2, "a79bda40-e149-494e-882c-dd8c9648ae9e", "St..."status": "Available"}]' [132 bytes]
2023-04-05 16:37:50,963 - DEBUG - < TEXT '[3, "a79bda40-e149-494e-882c-dd8c9648ae9e", {}]' [47 bytes]
2023-04-05 16:38:03,757 - DEBUG - % sending keepalive ping
2023-04-05 16:38:03,757 - DEBUG - > PING 1e b3 2d 12 [binary, 4 bytes]
2023-04-05 16:38:03,768 - DEBUG - < PONG 1e b3 2d 12 [binary, 4 bytes]
2023-04-05 16:38:03,774 - DEBUG - % received keepalive pong
2023-04-05 16:38:23,768 - DEBUG - % sending keepalive ping
2023-04-05 16:38:23,768 - DEBUG - > PING '*\x12\x0c9' [text, 4 bytes]
2023-04-05 16:38:23,776 - DEBUG - < PONG '*\x12\x0c9' [text, 4 bytes]
2023-04-05 16:38:23,780 - DEBUG - % received keepalive pong
2023-04-05 16:38:43,772 - DEBUG - % sending keepalive ping
2023-04-05 16:38:43,773 - DEBUG - > PING 19 23 f5 8a [binary, 4 bytes]
2023-04-05 16:38:43,780 - DEBUG - < PONG 19 23 f5 8a [binary, 4 bytes]
2023-04-05 16:38:43,783 - DEBUG - % received keepalive pong
2023-04-05 16:39:03,768 - DEBUG - % sending keepalive ping
2023-04-05 16:39:03,768 - DEBUG - > PING 74 63 d8 19 [binary, 4 bytes]
2023-04-05 16:39:03,775 - DEBUG - < PONG 74 63 d8 19 [binary, 4 bytes]
2023-04-05 16:39:03,782 - DEBUG - % received keepalive pong
2023-04-05 16:39:23,774 - DEBUG - % sending keepalive ping
2023-04-05 16:39:23,774 - DEBUG - > PING 54 a8 ea 37 [binary, 4 bytes]
2023-04-05 16:39:23,781 - DEBUG - < PONG 54 a8 ea 37 [binary, 4 bytes]
2023-04-05 16:39:23,785 - DEBUG - % received keepalive pong
2023-04-05 16:39:43,777 - DEBUG - % sending keepalive ping
2023-04-05 16:39:43,778 - DEBUG - > PING 3a 5e fe f6 [binary, 4 bytes]
2023-04-05 16:39:43,785 - DEBUG - < PONG 3a 5e fe f6 [binary, 4 bytes]
2023-04-05 16:39:43,787 - DEBUG - % received keepalive pong
2023-04-05 16:40:03,767 - DEBUG - % sending keepalive ping
2023-04-05 16:40:03,767 - DEBUG - > PING bf 25 ad ff [binary, 4 bytes]
2023-04-05 16:40:03,780 - DEBUG - < PONG bf 25 ad ff [binary, 4 bytes]
2023-04-05 16:40:03,786 - DEBUG - % received keepalive pong
2023-04-05 16:40:23,771 - DEBUG - % sending keepalive ping
2023-04-05 16:40:23,771 - DEBUG - > PING f3 bd 8a d2 [binary, 4 bytes]
2023-04-05 16:40:23,779 - DEBUG - < PONG f3 bd 8a d2 [binary, 4 bytes]
2023-04-05 16:40:23,784 - DEBUG - % received keepalive pong
2023-04-05 16:40:43,776 - DEBUG - % sending keepalive ping
2023-04-05 16:40:43,776 - DEBUG - > PING df f9 27 98 [binary, 4 bytes]
2023-04-05 16:40:43,784 - DEBUG - < PONG df f9 27 98 [binary, 4 bytes]
2023-04-05 16:40:43,787 - DEBUG - % received keepalive pong
2023-04-05 16:41:03,774 - DEBUG - % sending keepalive ping
2023-04-05 16:41:03,774 - DEBUG - > PING c9 5c b8 21 [binary, 4 bytes]
2023-04-05 16:41:03,782 - DEBUG - < PONG c9 5c b8 21 [binary, 4 bytes]
2023-04-05 16:41:03,786 - DEBUG - % received keepalive pong
2023-04-05 16:41:23,777 - DEBUG - % sending keepalive ping
2023-04-05 16:41:23,778 - DEBUG - > PING ca 83 e5 fc [binary, 4 bytes]
2023-04-05 16:41:23,788 - DEBUG - < PONG ca 83 e5 fc [binary, 4 bytes]
2023-04-05 16:41:23,791 - DEBUG - % received keepalive pong
2023-04-05 16:41:43,776 - DEBUG - % sending keepalive ping
2023-04-05 16:41:43,777 - DEBUG - > PING fe ca 0f 72 [binary, 4 bytes]
2023-04-05 16:41:43,783 - DEBUG - < PONG fe ca 0f 72 [binary, 4 bytes]
2023-04-05 16:41:43,786 - DEBUG - % received keepalive pong
2023-04-05 16:42:03,773 - DEBUG - % sending keepalive ping
2023-04-05 16:42:03,773 - DEBUG - > PING 32 16 bd ec [binary, 4 bytes]
2023-04-05 16:42:03,781 - DEBUG - < PONG 32 16 bd ec [binary, 4 bytes]
2023-04-05 16:42:03,785 - DEBUG - % received keepalive pong
2023-04-05 16:42:23,789 - DEBUG - % sending keepalive ping
2023-04-05 16:42:23,790 - DEBUG - > PING 11 80 20 3d [binary, 4 bytes]
2023-04-05 16:42:23,796 - DEBUG - < PONG 11 80 20 3d [binary, 4 bytes]
2023-04-05 16:42:23,798 - DEBUG - % received keepalive pong
2023-04-05 16:42:43,804 - DEBUG - % sending keepalive ping
2023-04-05 16:42:43,804 - DEBUG - > PING fa 1b 52 a1 [binary, 4 bytes]
2023-04-05 16:42:43,812 - DEBUG - < PONG fa 1b 52 a1 [binary, 4 bytes]
2023-04-05 16:42:43,816 - DEBUG - % received keepalive pong
2023-04-05 16:43:03,817 - DEBUG - % sending keepalive ping
2023-04-05 16:43:03,818 - DEBUG - > PING 7c 93 52 88 [binary, 4 bytes]
2023-04-05 16:43:03,825 - DEBUG - < PONG 7c 93 52 88 [binary, 4 bytes]
2023-04-05 16:43:03,828 - DEBUG - % received keepalive pong
2023-04-05 16:43:23,821 - DEBUG - % sending keepalive ping
2023-04-05 16:43:23,822 - DEBUG - > PING 4c be 52 91 [binary, 4 bytes]
2023-04-05 16:43:23,828 - DEBUG - < PONG 4c be 52 91 [binary, 4 bytes]
2023-04-05 16:43:23,832 - DEBUG - % received keepalive pong
2023-04-05 16:43:43,813 - DEBUG - % sending keepalive ping
2023-04-05 16:43:43,813 - DEBUG - > PING b9 e5 36 0c [binary, 4 bytes]
2023-04-05 16:43:43,849 - DEBUG - < PONG b9 e5 36 0c [binary, 4 bytes]
2023-04-05 16:43:43,851 - DEBUG - % received keepalive pong
2023-04-05 16:44:03,852 - DEBUG - % sending keepalive ping
2023-04-05 16:44:03,852 - DEBUG - > PING e6 44 70 16 [binary, 4 bytes]
2023-04-05 16:44:03,861 - DEBUG - < PONG e6 44 70 16 [binary, 4 bytes]
2023-04-05 16:44:03,863 - DEBUG - % received keepalive pong
2023-04-05 16:44:23,852 - DEBUG - % sending keepalive ping
2023-04-05 16:44:23,853 - DEBUG - > PING 62 aa 69 82 [binary, 4 bytes]
2023-04-05 16:44:23,889 - DEBUG - < PONG 62 aa 69 82 [binary, 4 bytes]
2023-04-05 16:44:23,892 - DEBUG - % received keepalive pong
2023-04-05 16:44:43,886 - DEBUG - % sending keepalive ping
2023-04-05 16:44:43,886 - DEBUG - > PING 40 53 99 8b [binary, 4 bytes]
2023-04-05 16:44:43,894 - DEBUG - < PONG 40 53 99 8b [binary, 4 bytes]
2023-04-05 16:44:43,898 - DEBUG - % received keepalive pong
2023-04-05 16:45:03,901 - DEBUG - % sending keepalive ping
2023-04-05 16:45:03,901 - DEBUG - > PING 64 eb d5 75 [binary, 4 bytes]
2023-04-05 16:45:03,908 - DEBUG - < PONG 64 eb d5 75 [binary, 4 bytes]
2023-04-05 16:45:03,912 - DEBUG - % received keepalive pong
2023-04-05 16:45:23,900 - DEBUG - % sending keepalive ping
2023-04-05 16:45:23,900 - DEBUG - > PING 6f ea 20 26 [binary, 4 bytes]
2023-04-05 16:45:23,912 - DEBUG - < PONG 6f ea 20 26 [binary, 4 bytes]
2023-04-05 16:45:23,916 - DEBUG - % received keepalive pong
2023-04-05 16:45:43,899 - DEBUG - % sending keepalive ping
2023-04-05 16:45:43,900 - DEBUG - > PING 9d af 17 fa [binary, 4 bytes]
2023-04-05 16:45:43,906 - DEBUG - < PONG 9d af 17 fa [binary, 4 bytes]
2023-04-05 16:45:43,908 - DEBUG - % received keepalive pong
2023-04-05 16:45:48,222 - DEBUG - < TEXT '[2, "20230405164543228", "RemoteStartTransactio...": "1031040000069641"}]' [391 bytes]
2023-04-05 16:45:48,235 - DEBUG - > TEXT '[3, "20230405164543228", {"status": "Accepted"}]' [48 bytes]
2023-04-05 16:45:48,373 - DEBUG - < TEXT '' [0 bytes]
2023-04-05 16:45:48,420 - DEBUG - > TEXT '[2, "0b68cd6c-afed-4138-8399-2f60f9fdd6b3", "Au...": "1031040000069641"}]' [87 bytes]
2023-04-05 16:45:48,733 - DEBUG - < TEXT '[3, "0b68cd6c-afed-4138-8399-2f60f9fdd6b3", {"i..."status": "Accepted"}}]' [82 bytes]
2023-04-05 16:45:48,778 - DEBUG - > TEXT '[2, "c1120d65-6acf-4a44-9247-198099ee7787", "St..."status": "Preparing"}]' [132 bytes]
2023-04-05 16:45:48,973 - DEBUG - < TEXT '[3, "c1120d65-6acf-4a44-9247-198099ee7787", {}]' [47 bytes]
2023-04-05 16:45:49,024 - DEBUG - > TEXT '[2, "8488b1db-1459-44e6-958c-8eaccb62f7e8", "St...2023-04-05T16:06:22Z"}]' [170 bytes]
2023-04-05 16:45:49,529 - DEBUG - < TEXT '[3, "8488b1db-1459-44e6-958c-8eaccb62f7e8", {"t..."status": "Accepted"}}]' [110 bytes]
2023-04-05 16:45:49,596 - DEBUG - > TEXT '[2, "9ba0df4a-14cc-4a8d-a51a-d281a41839d4", "St... "status": "Charging"}]' [131 bytes]
2023-04-05 16:45:49,770 - DEBUG - < TEXT '[3, "9ba0df4a-14cc-4a8d-a51a-d281a41839d4", {}]' [47 bytes]
2023-04-05 16:46:03,889 - DEBUG - % sending keepalive ping
2023-04-05 16:46:03,890 - DEBUG - > PING 94 77 cd 9a [binary, 4 bytes]
2023-04-05 16:46:03,897 - DEBUG - < PONG 94 77 cd 9a [binary, 4 bytes]
2023-04-05 16:46:03,899 - DEBUG - % received keepalive pong
2023-04-05 16:46:11,499 - DEBUG - < TEXT '[2, "20230405164543228", "RemoteStopTransaction...sactionId": 120533724}]' [79 bytes]
2023-04-05 16:46:11,523 - DEBUG - > TEXT '[3, "20230405164543228", {"status": "Accepted"}]' [48 bytes]
2023-04-05 16:46:11,690 - DEBUG - < TEXT '' [0 bytes]
2023-04-05 16:46:11,738 - DEBUG - > TEXT '[2, "026280de-866a-4b4a-8b88-980c18dada4d", "St...sactionId": 120533724}]' [149 bytes]
2023-04-05 16:46:12,139 - DEBUG - < TEXT '[3, "026280de-866a-4b4a-8b88-980c18dada4d", {"i..."status": "Accepted"}}]' [82 bytes]
2023-04-05 16:46:12,181 - DEBUG - > TEXT '[2, "4fe3cd1d-b567-4be0-8d5c-c47dabbb0885", "St..."status": "Finishing"}]' [132 bytes]
2023-04-05 16:46:12,373 - DEBUG - < TEXT '[3, "4fe3cd1d-b567-4be0-8d5c-c47dabbb0885", {}]' [47 bytes]
2023-04-05 16:46:12,436 - DEBUG - > TEXT '[2, "e132ba1e-7b90-4d3d-84d0-fa72436eea6b", "St..."status": "Available"}]' [132 bytes]
2023-04-05 16:46:12,655 - DEBUG - < TEXT '[3, "e132ba1e-7b90-4d3d-84d0-fa72436eea6b", {}]' [47 bytes]
2023-04-05 16:46:12,693 - DEBUG - = connection is CLOSING
2023-04-05 16:46:12,693 - DEBUG - > CLOSE 1000 (OK) [2 bytes]
2023-04-05 16:46:12,713 - DEBUG - < CLOSE 1000 (OK) [2 bytes]
2023-04-05 16:46:12,718 - DEBUG - = connection is CLOSED
2023-04-10 08:41:17,137 - DEBUG - = connection is CONNECTING
2023-04-10 08:41:17,276 - DEBUG - > GET /ocpp16/ELA007C05/EVSCA050001 HTTP/1.1
2023-04-10 08:41:17,277 - DEBUG - > Host: ws.devevspcharger.uplus.co.kr
2023-04-10 08:41:17,278 - DEBUG - > Upgrade: websocket
2023-04-10 08:41:17,278 - DEBUG - > Connection: Upgrade
2023-04-10 08:41:17,278 - DEBUG - > Sec-WebSocket-Key: yyl1zwQvkuyUNOP4c+AOKA==
2023-04-10 08:41:17,278 - DEBUG - > Sec-WebSocket-Version: 13
2023-04-10 08:41:17,278 - DEBUG - > Sec-WebSocket-Extensions: permessage-deflate; client_max_window_bits
2023-04-10 08:41:17,278 - DEBUG - > Sec-WebSocket-Protocol: ocpp1.6
2023-04-10 08:41:17,278 - DEBUG - > Authorization: Basic RVZBUjpFVkFSTEdV
2023-04-10 08:41:17,278 - DEBUG - > User-Agent: Python/3.11 websockets/10.4
2023-04-10 08:41:18,688 - DEBUG - < HTTP/1.1 101 Switching Protocols
2023-04-10 08:41:18,688 - DEBUG - < Connection: upgrade
2023-04-10 08:41:18,688 - DEBUG - < Date: Sun, 09 Apr 2023 23:41:18 GMT
2023-04-10 08:41:18,688 - DEBUG - < sec-websocket-protocol: ocpp1.6
2023-04-10 08:41:18,688 - DEBUG - < upgrade: websocket
2023-04-10 08:41:18,688 - DEBUG - < sec-websocket-accept: oW6P2TmbcWv1JyXYJPj3fp1r01Y=
2023-04-10 08:41:18,688 - DEBUG - < sec-websocket-extensions: permessage-deflate
2023-04-10 08:41:18,689 - DEBUG - < X-Cache: Miss from cloudfront
2023-04-10 08:41:18,689 - DEBUG - < Via: 1.1 2697d1744a14136c20f2b578c5831cc8.cloudfront.net (CloudFront)
2023-04-10 08:41:18,689 - DEBUG - < X-Amz-Cf-Pop: ICN54-C1
2023-04-10 08:41:18,689 - DEBUG - < X-Amz-Cf-Id: tZHzcLGzlNocJP1R7N1S42q6LGTe-7mgs6bMQJssktNg_uEjbFqVTg==
2023-04-10 08:41:18,695 - DEBUG - = connection is OPEN
2023-04-10 08:41:18,764 - DEBUG - > TEXT '[2, "a9472035-e507-4a21-b0c4-2c24190d4114", "Bo...ePointVendor": "EVAR"}]' [127 bytes]
2023-04-10 08:41:19,256 - DEBUG - < TEXT '[3, "a9472035-e507-4a21-b0c4-2c24190d4114", {"s...18Z", "interval": 600}]' [123 bytes]
2023-04-10 08:41:19,312 - DEBUG - > TEXT '[2, "a9472035-e507-4a21-b0c4-2c24190d4114", "St..."status": "Available"}]' [132 bytes]
2023-04-10 08:41:20,444 - DEBUG - < TEXT '[3, "a9472035-e507-4a21-b0c4-2c24190d4114", {}]' [47 bytes]
2023-04-10 08:41:20,503 - DEBUG - > TEXT '[2, "a9472035-e507-4a21-b0c4-2c24190d4114", "Au...": "1031040000069641"}]' [87 bytes]
2023-04-10 08:41:21,081 - DEBUG - < TEXT '[3, "a9472035-e507-4a21-b0c4-2c24190d4114", {"i..."status": "Accepted"}}]' [82 bytes]
2023-04-10 08:41:21,131 - DEBUG - > TEXT '[2, "8a8403d6-4a6d-4fbb-ac95-6e5474db1042", "St...2023-04-10T08:41:17Z"}]' [170 bytes]
2023-04-10 08:41:22,662 - DEBUG - < TEXT '[3, "8a8403d6-4a6d-4fbb-ac95-6e5474db1042", {"t..."status": "Accepted"}}]' [110 bytes]
2023-04-10 08:41:22,717 - DEBUG - > TEXT '[2, "7a9d9e20-f935-4350-80fa-1685ca79b289", "St... "status": "Charging"}]' [131 bytes]
2023-04-10 08:41:22,965 - DEBUG - < TEXT '[3, "7a9d9e20-f935-4350-80fa-1685ca79b289", {}]' [47 bytes]
2023-04-10 08:41:23,023 - DEBUG - > TEXT '[2, "834174b6-df2d-4688-9e58-f6e8df4a5400", "Me...er", "unit": "Wh"}]}]}]' [259 bytes]
2023-04-10 08:41:23,456 - DEBUG - < TEXT '[3, "834174b6-df2d-4688-9e58-f6e8df4a5400", {}]' [47 bytes]
2023-04-10 08:41:23,531 - DEBUG - > TEXT '[2, "fc9237c9-74ec-4b0f-bb81-4c0758915d6b", "St...sactionId": 120533766}]' [149 bytes]
2023-04-10 08:41:24,161 - DEBUG - < TEXT '[3, "fc9237c9-74ec-4b0f-bb81-4c0758915d6b", {"i..."status": "Accepted"}}]' [82 bytes]
2023-04-10 08:41:24,222 - DEBUG - > TEXT '[2, "68533211-910a-4229-9e0e-16871a8d3522", "St..."status": "Finishing"}]' [132 bytes]
2023-04-10 08:41:24,404 - DEBUG - < TEXT '[3, "68533211-910a-4229-9e0e-16871a8d3522", {}]' [47 bytes]
2023-04-10 08:41:24,452 - DEBUG - > TEXT '[2, "ec17350e-230c-49de-bf49-02480d3b77e2", "St..."status": "Available"}]' [132 bytes]
2023-04-10 08:41:24,665 - DEBUG - < TEXT '[3, "ec17350e-230c-49de-bf49-02480d3b77e2", {}]' [47 bytes]
2023-04-10 08:41:24,699 - DEBUG - = connection is CLOSING
2023-04-10 08:41:24,699 - DEBUG - > CLOSE 1000 (OK) [2 bytes]
2023-04-10 08:41:24,709 - DEBUG - < CLOSE 1000 (OK) [2 bytes]
2023-04-10 08:41:24,719 - DEBUG - = connection is CLOSED
2023-04-10 08:42:03,373 - DEBUG - = connection is CONNECTING
2023-04-10 08:42:03,411 - DEBUG - > GET /ocpp16/ELA007C05/EVSCA050001 HTTP/1.1
2023-04-10 08:42:03,411 - DEBUG - > Host: ws.devevspcharger.uplus.co.kr
2023-04-10 08:42:03,412 - DEBUG - > Upgrade: websocket
2023-04-10 08:42:03,412 - DEBUG - > Connection: Upgrade
2023-04-10 08:42:03,412 - DEBUG - > Sec-WebSocket-Key: mY5GXgWp/1wERUl7RgvDjQ==
2023-04-10 08:42:03,412 - DEBUG - > Sec-WebSocket-Version: 13
2023-04-10 08:42:03,412 - DEBUG - > Sec-WebSocket-Extensions: permessage-deflate; client_max_window_bits
2023-04-10 08:42:03,412 - DEBUG - > Sec-WebSocket-Protocol: ocpp1.6
2023-04-10 08:42:03,412 - DEBUG - > Authorization: Basic RVZBUjpFVkFSTEdV
2023-04-10 08:42:03,412 - DEBUG - > User-Agent: Python/3.11 websockets/10.4
2023-04-10 08:42:03,755 - DEBUG - < HTTP/1.1 101 Switching Protocols
2023-04-10 08:42:03,755 - DEBUG - < Connection: upgrade
2023-04-10 08:42:03,755 - DEBUG - < Date: Sun, 09 Apr 2023 23:42:03 GMT
2023-04-10 08:42:03,755 - DEBUG - < sec-websocket-protocol: ocpp1.6
2023-04-10 08:42:03,755 - DEBUG - < upgrade: websocket
2023-04-10 08:42:03,756 - DEBUG - < sec-websocket-accept: i6FoVoyFnrej0q7tP4+NoEGYt1E=
2023-04-10 08:42:03,756 - DEBUG - < sec-websocket-extensions: permessage-deflate
2023-04-10 08:42:03,756 - DEBUG - < X-Cache: Miss from cloudfront
2023-04-10 08:42:03,756 - DEBUG - < Via: 1.1 d3f37ade71233d86f460f70f0b08957e.cloudfront.net (CloudFront)
2023-04-10 08:42:03,756 - DEBUG - < X-Amz-Cf-Pop: ICN54-C1
2023-04-10 08:42:03,756 - DEBUG - < X-Amz-Cf-Id: BHq8_X-NcfMgSF_kjDPxabGEQnTmRIPk78zMVVMvxV76cO2UlHqBaw==
2023-04-10 08:42:03,757 - DEBUG - = connection is OPEN
2023-04-10 08:42:03,799 - DEBUG - > TEXT '[2, "25bcb8e9-2a87-4c5c-a4b7-acbfac91ab10", "Bo...ePointVendor": "EVAR"}]' [127 bytes]
2023-04-10 08:42:04,061 - DEBUG - < TEXT '[3, "25bcb8e9-2a87-4c5c-a4b7-acbfac91ab10", {"s...03Z", "interval": 600}]' [123 bytes]
2023-04-10 08:42:06,427 - DEBUG - Starting new HTTPS connection (1): rgw.devevspcharger.uplus.co.kr:443
2023-04-10 08:42:07,885 - DEBUG - https://rgw.devevspcharger.uplus.co.kr:443 "POST /ioc HTTP/1.1" 200 148
2023-04-10 08:42:07,902 - DEBUG - < TEXT '[2, "2f35427e-f3fd-4bf2-9953-08cc0707699d", "Ge...izeRemoteTxRequests"]}]' [103 bytes]
2023-04-10 08:42:07,908 - DEBUG - > TEXT '[3, "2f35427e-f3fd-4bf2-9953-08cc0707699d", {"c...ue", "value": "300"}]}]' [141 bytes]
2023-04-10 08:42:08,578 - DEBUG - < TEXT '' [0 bytes]
2023-04-10 08:42:11,824 - DEBUG - Starting new HTTPS connection (1): rgw.devevspcharger.uplus.co.kr:443
2023-04-10 08:42:12,248 - DEBUG - https://rgw.devevspcharger.uplus.co.kr:443 "POST /ioc HTTP/1.1" 200 164
2023-04-10 08:42:12,265 - DEBUG - < TEXT '[2, "ec65a99e-cda6-4778-9cdf-0ce876479acb", "Ch...rval", "value": "300"}]' [119 bytes]
2023-04-10 08:42:12,269 - DEBUG - > TEXT '[3, "ec65a99e-cda6-4778-9cdf-0ce876479acb", {"status": "Accepted"}]' [67 bytes]
2023-04-10 08:42:12,471 - DEBUG - < TEXT '' [0 bytes]
2023-04-10 08:42:12,515 - DEBUG - > TEXT '[2, "b634280e-7208-4fef-8597-eed1f75ff8e4", "St..."status": "Available"}]' [132 bytes]
2023-04-10 08:42:12,761 - DEBUG - < TEXT '[3, "b634280e-7208-4fef-8597-eed1f75ff8e4", {}]' [47 bytes]
2023-04-10 08:42:23,752 - DEBUG - % sending keepalive ping
2023-04-10 08:42:23,757 - DEBUG - > PING 2c 10 0b a9 [binary, 4 bytes]
2023-04-10 08:42:23,767 - DEBUG - < PONG 2c 10 0b a9 [binary, 4 bytes]
2023-04-10 08:42:23,771 - DEBUG - % received keepalive pong
2023-04-10 08:42:32,016 - DEBUG - < TEXT '[2, "20230410084231342", "RemoteStartTransactio...": "1031040000069641"}]' [148 bytes]
2023-04-10 08:42:32,059 - DEBUG - = connection is CLOSING
2023-04-10 08:42:32,059 - DEBUG - > CLOSE 1000 (OK) [2 bytes]
2023-04-10 08:42:32,068 - DEBUG - < CLOSE 1000 (OK) [2 bytes]
2023-04-10 08:42:32,072 - DEBUG - = connection is CLOSED
2023-04-10 08:43:37,082 - DEBUG - = connection is CONNECTING
2023-04-10 08:43:37,118 - DEBUG - > GET /ocpp16/ELC050C-001/ELC050C-001-001 HTTP/1.1
2023-04-10 08:43:37,119 - DEBUG - > Host: ws.devevspcharger.uplus.co.kr
2023-04-10 08:43:37,119 - DEBUG - > Upgrade: websocket
2023-04-10 08:43:37,119 - DEBUG - > Connection: Upgrade
2023-04-10 08:43:37,119 - DEBUG - > Sec-WebSocket-Key: YUnGKxftEFs47Idl7hWI5Q==
2023-04-10 08:43:37,119 - DEBUG - > Sec-WebSocket-Version: 13
2023-04-10 08:43:37,119 - DEBUG - > Sec-WebSocket-Extensions: permessage-deflate; client_max_window_bits
2023-04-10 08:43:37,120 - DEBUG - > Sec-WebSocket-Protocol: ocpp1.6
2023-04-10 08:43:37,120 - DEBUG - > Authorization: Basic RVZBUjpFVkFSTEdV
2023-04-10 08:43:37,120 - DEBUG - > User-Agent: Python/3.11 websockets/10.4
2023-04-10 08:43:37,750 - DEBUG - < HTTP/1.1 101 Switching Protocols
2023-04-10 08:43:37,751 - DEBUG - < Connection: upgrade
2023-04-10 08:43:37,751 - DEBUG - < Date: Sun, 09 Apr 2023 23:43:37 GMT
2023-04-10 08:43:37,751 - DEBUG - < sec-websocket-protocol: ocpp1.6
2023-04-10 08:43:37,756 - DEBUG - < upgrade: websocket
2023-04-10 08:43:37,756 - DEBUG - < sec-websocket-accept: PGkrxhpmhL6gTX/pwdFyfQd3BMI=
2023-04-10 08:43:37,757 - DEBUG - < sec-websocket-extensions: permessage-deflate
2023-04-10 08:43:37,757 - DEBUG - < X-Cache: Miss from cloudfront
2023-04-10 08:43:37,757 - DEBUG - < Via: 1.1 5701551ffdf462e471a5d0fd7bb0e4f6.cloudfront.net (CloudFront)
2023-04-10 08:43:37,757 - DEBUG - < X-Amz-Cf-Pop: ICN54-C1
2023-04-10 08:43:37,757 - DEBUG - < X-Amz-Cf-Id: xHtsl461y3hPYd6yfHkBHsOD-Y8R5zRUk5MxjVUrU3A8lGOf993psQ==
2023-04-10 08:43:37,757 - DEBUG - = connection is OPEN
2023-04-10 08:43:37,786 - DEBUG - > TEXT '[2, "01abdae0-60ee-4e93-bbfb-11ba79c84051", "Bo...areVersion": "0.0.13"}]' [204 bytes]
2023-04-10 08:43:38,222 - DEBUG - < TEXT '[3, "01abdae0-60ee-4e93-bbfb-11ba79c84051", {"s...38Z", "interval": 300}]' [123 bytes]
2023-04-10 08:43:38,264 - DEBUG - > TEXT '[2, "01abdae0-60ee-4e93-bbfb-11ba79c84051", "St..."status": "Available"}]' [132 bytes]
2023-04-10 08:43:38,532 - DEBUG - < TEXT '[3, "01abdae0-60ee-4e93-bbfb-11ba79c84051", {}]' [47 bytes]
2023-04-10 08:43:38,568 - DEBUG - > TEXT '[2, "01abdae0-60ee-4e93-bbfb-11ba79c84051", "Au...": "1031040000069641"}]' [87 bytes]
2023-04-10 08:43:38,783 - DEBUG - < TEXT '[3, "01abdae0-60ee-4e93-bbfb-11ba79c84051", {"i..."status": "Accepted"}}]' [82 bytes]
2023-04-10 08:43:38,799 - DEBUG - = connection is CLOSING
2023-04-10 08:43:38,800 - DEBUG - > CLOSE 1000 (OK) [2 bytes]
2023-04-10 08:43:38,809 - DEBUG - < CLOSE 1000 (OK) [2 bytes]
2023-04-10 08:43:38,812 - DEBUG - = connection is CLOSED
2023-04-10 08:43:51,079 - DEBUG - = connection is CONNECTING
2023-04-10 08:43:51,109 - DEBUG - > GET /ocpp16/ELC050C-001/ELC050C-001-001 HTTP/1.1
2023-04-10 08:43:51,110 - DEBUG - > Host: ws.devevspcharger.uplus.co.kr
2023-04-10 08:43:51,110 - DEBUG - > Upgrade: websocket
2023-04-10 08:43:51,110 - DEBUG - > Connection: Upgrade
2023-04-10 08:43:51,111 - DEBUG - > Sec-WebSocket-Key: gd8pWuRhDCHxVi03fV+IPQ==
2023-04-10 08:43:51,111 - DEBUG - > Sec-WebSocket-Version: 13
2023-04-10 08:43:51,112 - DEBUG - > Sec-WebSocket-Extensions: permessage-deflate; client_max_window_bits
2023-04-10 08:43:51,112 - DEBUG - > Sec-WebSocket-Protocol: ocpp1.6
2023-04-10 08:43:51,112 - DEBUG - > Authorization: Basic RVZBUjpFVkFSTEdV
2023-04-10 08:43:51,112 - DEBUG - > User-Agent: Python/3.11 websockets/10.4
2023-04-10 08:43:51,348 - DEBUG - < HTTP/1.1 101 Switching Protocols
2023-04-10 08:43:51,348 - DEBUG - < Connection: upgrade
2023-04-10 08:43:51,348 - DEBUG - < Date: Sun, 09 Apr 2023 23:43:51 GMT
2023-04-10 08:43:51,348 - DEBUG - < sec-websocket-protocol: ocpp1.6
2023-04-10 08:43:51,348 - DEBUG - < upgrade: websocket
2023-04-10 08:43:51,348 - DEBUG - < sec-websocket-accept: wdaYjfWx0MgEXhHKCKB+yFv7uLs=
2023-04-10 08:43:51,349 - DEBUG - < sec-websocket-extensions: permessage-deflate
2023-04-10 08:43:51,349 - DEBUG - < X-Cache: Miss from cloudfront
2023-04-10 08:43:51,349 - DEBUG - < Via: 1.1 b3a2b4f90d70e58fd6e90d30378021ae.cloudfront.net (CloudFront)
2023-04-10 08:43:51,349 - DEBUG - < X-Amz-Cf-Pop: ICN54-C1
2023-04-10 08:43:51,349 - DEBUG - < X-Amz-Cf-Id: R5EKbKV73I3kn0hvL-VcWeDD2YzwNlrEmTGRxB-TI7NwWj1QxlxXoA==
2023-04-10 08:43:51,349 - DEBUG - = connection is OPEN
2023-04-10 08:43:51,371 - DEBUG - > TEXT '[2, "21582fe5-e537-4e26-917b-d0035fbed873", "Bo...areVersion": "0.0.13"}]' [204 bytes]
2023-04-10 08:43:51,684 - DEBUG - < TEXT '[3, "21582fe5-e537-4e26-917b-d0035fbed873", {"s...51Z", "interval": 300}]' [123 bytes]
2023-04-10 08:43:54,217 - DEBUG - Starting new HTTPS connection (1): rgw.devevspcharger.uplus.co.kr:443
2023-04-10 08:43:54,667 - DEBUG - https://rgw.devevspcharger.uplus.co.kr:443 "POST /ioc HTTP/1.1" 200 148
2023-04-10 08:43:54,685 - DEBUG - < TEXT '[2, "2d57b7a4-4249-4a96-82a3-a5da802c3dca", "Ge...izeRemoteTxRequests"]}]' [103 bytes]
2023-04-10 08:43:54,689 - DEBUG - > TEXT '[3, "2d57b7a4-4249-4a96-82a3-a5da802c3dca", {"c...ue", "value": "300"}]}]' [141 bytes]
2023-04-10 08:43:54,849 - DEBUG - < TEXT '' [0 bytes]
2023-04-10 08:43:57,667 - DEBUG - Starting new HTTPS connection (1): rgw.devevspcharger.uplus.co.kr:443
2023-04-10 08:43:58,067 - DEBUG - https://rgw.devevspcharger.uplus.co.kr:443 "POST /ioc HTTP/1.1" 200 164
2023-04-10 08:43:58,089 - DEBUG - < TEXT '[2, "bbef13bc-69b4-4206-a9ae-b306422ba8ca", "Ch...rval", "value": "300"}]' [119 bytes]
2023-04-10 08:43:58,094 - DEBUG - > TEXT '[3, "bbef13bc-69b4-4206-a9ae-b306422ba8ca", {"status": "Accepted"}]' [67 bytes]
2023-04-10 08:43:58,247 - DEBUG - < TEXT '' [0 bytes]
2023-04-10 08:43:58,305 - DEBUG - > TEXT '[2, "ae885e56-4adc-4094-800c-332b0b32f05c", "St..."status": "Available"}]' [132 bytes]
2023-04-10 08:43:58,562 - DEBUG - < TEXT '[3, "ae885e56-4adc-4094-800c-332b0b32f05c", {}]' [47 bytes]
2023-04-10 08:44:11,351 - DEBUG - % sending keepalive ping
2023-04-10 08:44:11,352 - DEBUG - > PING '{k\x15\x0c' [text, 4 bytes]
2023-04-10 08:44:11,358 - DEBUG - < PONG '{k\x15\x0c' [text, 4 bytes]
2023-04-10 08:44:11,361 - DEBUG - % received keepalive pong
2023-04-10 08:44:31,351 - DEBUG - % sending keepalive ping
2023-04-10 08:44:31,351 - DEBUG - > PING eb cb 82 af [binary, 4 bytes]
2023-04-10 08:44:31,357 - DEBUG - < PONG eb cb 82 af [binary, 4 bytes]
2023-04-10 08:44:31,361 - DEBUG - % received keepalive pong
2023-04-10 08:44:36,155 - DEBUG - < TEXT '[2, "20230410084435780", "RemoteStartTransactio...": "1031040000069641"}]' [391 bytes]
2023-04-10 08:44:36,173 - DEBUG - > TEXT '[3, "20230410084435780", {"status": "Accepted"}]' [48 bytes]
2023-04-10 08:44:36,301 - DEBUG - < TEXT '' [0 bytes]
2023-04-10 08:44:36,346 - DEBUG - > TEXT '[2, "0bf50399-fdf0-4662-8370-59b2703ca178", "Au...": "1031040000069641"}]' [87 bytes]
2023-04-10 08:44:36,591 - DEBUG - < TEXT '[3, "0bf50399-fdf0-4662-8370-59b2703ca178", {"i..."status": "Accepted"}}]' [82 bytes]
2023-04-10 08:44:36,639 - DEBUG - > TEXT '[2, "f60c3718-47bf-4626-acff-7c6e7f2b0643", "St..."status": "Preparing"}]' [132 bytes]
2023-04-10 08:44:36,823 - DEBUG - < TEXT '[3, "f60c3718-47bf-4626-acff-7c6e7f2b0643", {}]' [47 bytes]
2023-04-10 08:44:36,921 - DEBUG - > TEXT '[2, "de02e382-275c-414e-9349-ad2060412de4", "St...2023-04-10T08:43:51Z"}]' [170 bytes]
2023-04-10 08:44:37,302 - DEBUG - < TEXT '[3, "de02e382-275c-414e-9349-ad2060412de4", {"t..."status": "Accepted"}}]' [110 bytes]
2023-04-10 08:44:37,360 - DEBUG - > TEXT '[2, "af4c93da-e3ce-4f93-8801-89537ad1b877", "St... "status": "Charging"}]' [131 bytes]
2023-04-10 08:44:37,582 - DEBUG - < TEXT '[3, "af4c93da-e3ce-4f93-8801-89537ad1b877", {}]' [47 bytes]
2023-04-10 08:44:51,352 - DEBUG - % sending keepalive ping
2023-04-10 08:44:51,352 - DEBUG - > PING 10 d4 10 22 [binary, 4 bytes]
2023-04-10 08:44:51,359 - DEBUG - < PONG 10 d4 10 22 [binary, 4 bytes]
2023-04-10 08:44:51,361 - DEBUG - % received keepalive pong
2023-04-10 08:45:11,352 - DEBUG - % sending keepalive ping
2023-04-10 08:45:11,352 - DEBUG - > PING d0 b8 59 e9 [binary, 4 bytes]
2023-04-10 08:45:11,358 - DEBUG - < PONG d0 b8 59 e9 [binary, 4 bytes]
2023-04-10 08:45:11,361 - DEBUG - % received keepalive pong
2023-04-10 08:45:31,351 - DEBUG - % sending keepalive ping
2023-04-10 08:45:31,351 - DEBUG - > PING f2 a3 f6 27 [binary, 4 bytes]
2023-04-10 08:45:31,358 - DEBUG - < PONG f2 a3 f6 27 [binary, 4 bytes]
2023-04-10 08:45:31,368 - DEBUG - % received keepalive pong
2023-04-10 08:45:40,303 - DEBUG - = connection is CONNECTING
2023-04-10 08:45:40,341 - DEBUG - > GET /ocpp16/ELC050C-001/ELC050C-001-001 HTTP/1.1
2023-04-10 08:45:40,341 - DEBUG - > Host: ws.devevspcharger.uplus.co.kr
2023-04-10 08:45:40,341 - DEBUG - > Upgrade: websocket
2023-04-10 08:45:40,341 - DEBUG - > Connection: Upgrade
2023-04-10 08:45:40,341 - DEBUG - > Sec-WebSocket-Key: M5UpylM3+F5DMbxEV80LFg==
2023-04-10 08:45:40,341 - DEBUG - > Sec-WebSocket-Version: 13
2023-04-10 08:45:40,341 - DEBUG - > Sec-WebSocket-Extensions: permessage-deflate; client_max_window_bits
2023-04-10 08:45:40,342 - DEBUG - > Sec-WebSocket-Protocol: ocpp1.6
2023-04-10 08:45:40,342 - DEBUG - > Authorization: Basic RVZBUjpFVkFSTEdV
2023-04-10 08:45:40,342 - DEBUG - > User-Agent: Python/3.11 websockets/10.4
2023-04-10 08:45:40,871 - DEBUG - < HTTP/1.1 101 Switching Protocols
2023-04-10 08:45:40,871 - DEBUG - < Connection: upgrade
2023-04-10 08:45:40,871 - DEBUG - < Date: Sun, 09 Apr 2023 23:45:40 GMT
2023-04-10 08:45:40,871 - DEBUG - < sec-websocket-protocol: ocpp1.6
2023-04-10 08:45:40,871 - DEBUG - < upgrade: websocket
2023-04-10 08:45:40,872 - DEBUG - < sec-websocket-accept: K8z3MbR9MgZJxYsBDBhBgpIasuI=
2023-04-10 08:45:40,872 - DEBUG - < sec-websocket-extensions: permessage-deflate
2023-04-10 08:45:40,872 - DEBUG - < X-Cache: Miss from cloudfront
2023-04-10 08:45:40,872 - DEBUG - < Via: 1.1 2954cf8598562d582004ad817a7cadb0.cloudfront.net (CloudFront)
2023-04-10 08:45:40,872 - DEBUG - < X-Amz-Cf-Pop: ICN54-C1
2023-04-10 08:45:40,872 - DEBUG - < X-Amz-Cf-Id: AjBMIS2xVHZjBoGIEfnk_CeH3L2f11KDMXxuIKDf8WGvYZQ7Ec9DHQ==
2023-04-10 08:45:40,873 - DEBUG - = connection is OPEN
2023-04-10 08:45:40,923 - DEBUG - > TEXT '[2, "4c2e329d-afec-4662-92ee-93b85c57bf13", "Bo...areVersion": "0.0.13"}]' [204 bytes]
2023-04-10 08:45:41,187 - DEBUG - < TEXT '[3, "4c2e329d-afec-4662-92ee-93b85c57bf13", {"s...40Z", "interval": 300}]' [123 bytes]
2023-04-10 08:45:51,369 - DEBUG - % sending keepalive ping
2023-04-10 08:45:51,369 - DEBUG - > PING 9d 62 0b bb [binary, 4 bytes]
2023-04-10 08:45:51,375 - DEBUG - < PONG 9d 62 0b bb [binary, 4 bytes]
2023-04-10 08:45:51,379 - DEBUG - % received keepalive pong
2023-04-10 08:45:55,206 - DEBUG - = connection is CONNECTING
2023-04-10 08:45:55,242 - DEBUG - > GET /ocpp16/ELC050C-001/ELC050C-001-001 HTTP/1.1
2023-04-10 08:45:55,242 - DEBUG - > Host: ws.devevspcharger.uplus.co.kr
2023-04-10 08:45:55,242 - DEBUG - > Upgrade: websocket
2023-04-10 08:45:55,243 - DEBUG - > Connection: Upgrade
2023-04-10 08:45:55,243 - DEBUG - > Sec-WebSocket-Key: C825KsSSBGL2KVnDI53R1A==
2023-04-10 08:45:55,243 - DEBUG - > Sec-WebSocket-Version: 13
2023-04-10 08:45:55,243 - DEBUG - > Sec-WebSocket-Extensions: permessage-deflate; client_max_window_bits
2023-04-10 08:45:55,243 - DEBUG - > Sec-WebSocket-Protocol: ocpp1.6
2023-04-10 08:45:55,243 - DEBUG - > Authorization: Basic RVZBUjpFVkFSTEdV
2023-04-10 08:45:55,244 - DEBUG - > User-Agent: Python/3.11 websockets/10.4
2023-04-10 08:45:55,509 - DEBUG - < HTTP/1.1 101 Switching Protocols
2023-04-10 08:45:55,509 - DEBUG - < Connection: upgrade
2023-04-10 08:45:55,510 - DEBUG - < Date: Sun, 09 Apr 2023 23:45:55 GMT
2023-04-10 08:45:55,510 - DEBUG - < sec-websocket-protocol: ocpp1.6
2023-04-10 08:45:55,510 - DEBUG - < upgrade: websocket
2023-04-10 08:45:55,510 - DEBUG - < sec-websocket-accept: NA+NoJA9cUWdjXBrzUuY4SXeps4=
2023-04-10 08:45:55,510 - DEBUG - < sec-websocket-extensions: permessage-deflate
2023-04-10 08:45:55,510 - DEBUG - < X-Cache: Miss from cloudfront
2023-04-10 08:45:55,510 - DEBUG - < Via: 1.1 476f8319bb51299b893d2257510c5dd0.cloudfront.net (CloudFront)
2023-04-10 08:45:55,510 - DEBUG - < X-Amz-Cf-Pop: ICN54-C1
2023-04-10 08:45:55,510 - DEBUG - < X-Amz-Cf-Id: V-dliISY8-Zbu_lKjL_1KrMY-rU5rwF1u7SpXUMK9_HYDIcffwUDuw==
2023-04-10 08:45:55,511 - DEBUG - = connection is OPEN
2023-04-10 08:45:55,569 - DEBUG - > TEXT '[2, "5410d540-c441-444d-a8b2-902839dcc48d", "Bo...areVersion": "0.0.13"}]' [204 bytes]
2023-04-10 08:45:55,805 - DEBUG - < TEXT '[3, "5410d540-c441-444d-a8b2-902839dcc48d", {"s...55Z", "interval": 300}]' [123 bytes]
2023-04-10 08:46:00,873 - DEBUG - % sending keepalive ping
2023-04-10 08:46:00,873 - DEBUG - > PING 51 8d ee 5b [binary, 4 bytes]
2023-04-10 08:46:00,879 - DEBUG - < PONG 51 8d ee 5b [binary, 4 bytes]
2023-04-10 08:46:00,883 - DEBUG - % received keepalive pong
2023-04-10 08:46:00,974 - DEBUG - < TEXT '[2, "20230410084435780", "RemoteStopTransaction...sactionId": 120533768}]' [79 bytes]
2023-04-10 08:46:01,002 - DEBUG - = connection is CLOSING
2023-04-10 08:46:01,002 - DEBUG - > CLOSE 1000 (OK) [2 bytes]
2023-04-10 08:46:01,013 - DEBUG - < CLOSE 1000 (OK) [2 bytes]
2023-04-10 08:46:01,022 - DEBUG - = connection is CLOSED
2023-04-10 08:46:11,365 - DEBUG - % sending keepalive ping
2023-04-10 08:46:11,365 - DEBUG - > PING 4a f1 d6 37 [binary, 4 bytes]
2023-04-10 08:46:11,371 - DEBUG - < PONG 4a f1 d6 37 [binary, 4 bytes]
2023-04-10 08:46:11,374 - DEBUG - % received keepalive pong
2023-04-10 08:46:20,877 - DEBUG - % sending keepalive ping
2023-04-10 08:46:20,877 - DEBUG - > PING d1 84 8b 8f [binary, 4 bytes]
2023-04-10 08:46:20,884 - DEBUG - < PONG d1 84 8b 8f [binary, 4 bytes]
2023-04-10 08:46:20,886 - DEBUG - % received keepalive pong
2023-04-10 08:46:31,364 - DEBUG - % sending keepalive ping
2023-04-10 08:46:31,365 - DEBUG - > PING ed 0e 35 17 [binary, 4 bytes]
2023-04-10 08:46:31,371 - DEBUG - < PONG ed 0e 35 17 [binary, 4 bytes]
2023-04-10 08:46:31,375 - DEBUG - % received keepalive pong
2023-04-10 08:46:39,669 - DEBUG - = connection is CONNECTING
2023-04-10 08:46:39,711 - DEBUG - > GET /ocpp16/ELC050C-001/ELC050C-001-001 HTTP/1.1
2023-04-10 08:46:39,712 - DEBUG - > Host: ws.devevspcharger.uplus.co.kr
2023-04-10 08:46:39,712 - DEBUG - > Upgrade: websocket
2023-04-10 08:46:39,712 - DEBUG - > Connection: Upgrade
2023-04-10 08:46:39,712 - DEBUG - > Sec-WebSocket-Key: 4MkqV1DjmU0gy0+5SNr15Q==
2023-04-10 08:46:39,712 - DEBUG - > Sec-WebSocket-Version: 13
2023-04-10 08:46:39,712 - DEBUG - > Sec-WebSocket-Extensions: permessage-deflate; client_max_window_bits
2023-04-10 08:46:39,712 - DEBUG - > Sec-WebSocket-Protocol: ocpp1.6
2023-04-10 08:46:39,712 - DEBUG - > Authorization: Basic RVZBUjpFVkFSTEdV
2023-04-10 08:46:39,712 - DEBUG - > User-Agent: Python/3.11 websockets/10.4
2023-04-10 08:46:39,957 - DEBUG - < HTTP/1.1 101 Switching Protocols
2023-04-10 08:46:39,957 - DEBUG - < Connection: upgrade
2023-04-10 08:46:39,957 - DEBUG - < Date: Sun, 09 Apr 2023 23:46:39 GMT
2023-04-10 08:46:39,958 - DEBUG - < sec-websocket-protocol: ocpp1.6
2023-04-10 08:46:39,958 - DEBUG - < upgrade: websocket
2023-04-10 08:46:39,958 - DEBUG - < sec-websocket-accept: 49FxqRAfOATvLTytAYSxwRSK0Ls=
2023-04-10 08:46:39,958 - DEBUG - < sec-websocket-extensions: permessage-deflate
2023-04-10 08:46:39,958 - DEBUG - < X-Cache: Miss from cloudfront
2023-04-10 08:46:39,958 - DEBUG - < Via: 1.1 3e630cae0f4a0bdab8a8cb9d4b639d5e.cloudfront.net (CloudFront)
2023-04-10 08:46:39,958 - DEBUG - < X-Amz-Cf-Pop: ICN54-C1
2023-04-10 08:46:39,959 - DEBUG - < X-Amz-Cf-Id: ahnslUGa6zqBVuCjxOlb1okq2mzzYC090xVP_TGTxNBSShONdVsGDw==
2023-04-10 08:46:39,959 - DEBUG - = connection is OPEN
2023-04-10 08:46:39,997 - DEBUG - > TEXT '[2, "19841f72-9c01-4caf-90c8-cbba08379ac2", "Bo...areVersion": "0.0.13"}]' [204 bytes]
2023-04-10 08:46:40,263 - DEBUG - < TEXT '[3, "19841f72-9c01-4caf-90c8-cbba08379ac2", {"s...40Z", "interval": 300}]' [123 bytes]
2023-04-10 08:46:40,876 - DEBUG - % sending keepalive ping
2023-04-10 08:46:40,876 - DEBUG - > PING e3 32 0e 5e [binary, 4 bytes]
2023-04-10 08:46:40,885 - DEBUG - < PONG e3 32 0e 5e [binary, 4 bytes]
2023-04-10 08:46:40,889 - DEBUG - % received keepalive pong
2023-04-10 08:46:51,370 - DEBUG - % sending keepalive ping
2023-04-10 08:46:51,370 - DEBUG - > PING c7 a0 85 55 [binary, 4 bytes]
2023-04-10 08:46:51,377 - DEBUG - < PONG c7 a0 85 55 [binary, 4 bytes]
2023-04-10 08:46:51,382 - DEBUG - % received keepalive pong
2023-04-10 08:46:51,526 - DEBUG - = connection is CONNECTING
2023-04-10 08:46:51,568 - DEBUG - > GET /ocpp16/ELC050C-001/ELC050C-001-001 HTTP/1.1
2023-04-10 08:46:51,568 - DEBUG - > Host: ws.devevspcharger.uplus.co.kr
2023-04-10 08:46:51,569 - DEBUG - > Upgrade: websocket
2023-04-10 08:46:51,573 - DEBUG - > Connection: Upgrade
2023-04-10 08:46:51,573 - DEBUG - > Sec-WebSocket-Key: 3TPPHpO5/kmOgTe2nvvtNQ==
2023-04-10 08:46:51,573 - DEBUG - > Sec-WebSocket-Version: 13
2023-04-10 08:46:51,573 - DEBUG - > Sec-WebSocket-Extensions: permessage-deflate; client_max_window_bits
2023-04-10 08:46:51,573 - DEBUG - > Sec-WebSocket-Protocol: ocpp1.6
2023-04-10 08:46:51,573 - DEBUG - > Authorization: Basic RVZBUjpFVkFSTEdV
2023-04-10 08:46:51,573 - DEBUG - > User-Agent: Python/3.11 websockets/10.4
2023-04-10 08:46:51,811 - DEBUG - < HTTP/1.1 101 Switching Protocols
2023-04-10 08:46:51,812 - DEBUG - < Connection: upgrade
2023-04-10 08:46:51,812 - DEBUG - < Date: Sun, 09 Apr 2023 23:46:51 GMT
2023-04-10 08:46:51,812 - DEBUG - < sec-websocket-protocol: ocpp1.6
2023-04-10 08:46:51,812 - DEBUG - < upgrade: websocket
2023-04-10 08:46:51,812 - DEBUG - < sec-websocket-accept: +WBFxxW5HsX1IPR9s3eSg/eM/lk=
2023-04-10 08:46:51,812 - DEBUG - < sec-websocket-extensions: permessage-deflate
2023-04-10 08:46:51,812 - DEBUG - < X-Cache: Miss from cloudfront
2023-04-10 08:46:51,812 - DEBUG - < Via: 1.1 4e7cb5238b8bf39c2881bea34913cbf4.cloudfront.net (CloudFront)
2023-04-10 08:46:51,812 - DEBUG - < X-Amz-Cf-Pop: ICN54-C1
2023-04-10 08:46:51,812 - DEBUG - < X-Amz-Cf-Id: L4ZFwSkKSN7fXe1xggyy8HmXNU2Z4NcAOpPySDW4Me3_ZT3BinbUtg==
2023-04-10 08:46:51,813 - DEBUG - = connection is OPEN
2023-04-10 08:46:51,849 - DEBUG - > TEXT '[2, "d1bbcdda-b8bc-4055-a073-ff3d21918ce5", "Bo...areVersion": "0.0.13"}]' [204 bytes]
2023-04-10 08:46:52,104 - DEBUG - < TEXT '[3, "d1bbcdda-b8bc-4055-a073-ff3d21918ce5", {"s...51Z", "interval": 300}]' [123 bytes]
2023-04-10 08:46:52,143 - DEBUG - > TEXT '[2, "d68b36ae-86a4-4113-bae8-98ca2d98310c", "St..."status": "Available"}]' [132 bytes]
2023-04-10 08:46:52,345 - DEBUG - < TEXT '[3, "d68b36ae-86a4-4113-bae8-98ca2d98310c", {}]' [47 bytes]
2023-04-10 08:46:52,394 - DEBUG - > TEXT '[2, "99f9c151-9355-4332-b22d-3ac80f9a013d", "Au...": "1031040000069641"}]' [87 bytes]
2023-04-10 08:46:52,639 - DEBUG - < TEXT '[3, "99f9c151-9355-4332-b22d-3ac80f9a013d", {"i..."status": "Accepted"}}]' [82 bytes]
2023-04-10 08:46:52,678 - DEBUG - = connection is CLOSING
2023-04-10 08:46:52,678 - DEBUG - > CLOSE 1000 (OK) [2 bytes]
2023-04-10 08:46:52,688 - DEBUG - < CLOSE 1000 (OK) [2 bytes]
2023-04-10 08:46:52,698 - DEBUG - = connection is CLOSED
2023-04-10 08:46:59,953 - DEBUG - % sending keepalive ping
2023-04-10 08:46:59,953 - DEBUG - > PING f4 14 b3 86 [binary, 4 bytes]
2023-04-10 08:46:59,960 - DEBUG - < PONG f4 14 b3 86 [binary, 4 bytes]
2023-04-10 08:46:59,964 - DEBUG - % received keepalive pong
2023-04-10 08:47:00,867 - DEBUG - % sending keepalive ping
2023-04-10 08:47:00,868 - DEBUG - > PING 8a eb d5 87 [binary, 4 bytes]
2023-04-10 08:47:00,874 - DEBUG - < PONG 8a eb d5 87 [binary, 4 bytes]
2023-04-10 08:47:00,878 - DEBUG - % received keepalive pong
2023-04-10 08:47:01,506 - DEBUG - = connection is CONNECTING
2023-04-10 08:47:01,547 - DEBUG - > GET /ocpp16/ELC050C-001/ELC050C-001-001 HTTP/1.1
2023-04-10 08:47:01,547 - DEBUG - > Host: ws.devevspcharger.uplus.co.kr
2023-04-10 08:47:01,547 - DEBUG - > Upgrade: websocket
2023-04-10 08:47:01,547 - DEBUG - > Connection: Upgrade
2023-04-10 08:47:01,548 - DEBUG - > Sec-WebSocket-Key: yhgW/C1PGutbURjSphfF8A==
2023-04-10 08:47:01,548 - DEBUG - > Sec-WebSocket-Version: 13
2023-04-10 08:47:01,548 - DEBUG - > Sec-WebSocket-Extensions: permessage-deflate; client_max_window_bits
2023-04-10 08:47:01,549 - DEBUG - > Sec-WebSocket-Protocol: ocpp1.6
2023-04-10 08:47:01,549 - DEBUG - > Authorization: Basic RVZBUjpFVkFSTEdV
2023-04-10 08:47:01,550 - DEBUG - > User-Agent: Python/3.11 websockets/10.4
2023-04-10 08:47:01,795 - DEBUG - < HTTP/1.1 101 Switching Protocols
2023-04-10 08:47:01,796 - DEBUG - < Connection: upgrade
2023-04-10 08:47:01,796 - DEBUG - < Date: Sun, 09 Apr 2023 23:47:01 GMT
2023-04-10 08:47:01,796 - DEBUG - < sec-websocket-protocol: ocpp1.6
2023-04-10 08:47:01,797 - DEBUG - < upgrade: websocket
2023-04-10 08:47:01,797 - DEBUG - < sec-websocket-accept: nSrNpYVKUpm2RaOcQsc/ba/GZv0=
2023-04-10 08:47:01,797 - DEBUG - < sec-websocket-extensions: permessage-deflate
2023-04-10 08:47:01,797 - DEBUG - < X-Cache: Miss from cloudfront
2023-04-10 08:47:01,797 - DEBUG - < Via: 1.1 459178a64e64a64d38fec252b995ffdc.cloudfront.net (CloudFront)
2023-04-10 08:47:01,797 - DEBUG - < X-Amz-Cf-Pop: ICN54-C1
2023-04-10 08:47:01,797 - DEBUG - < X-Amz-Cf-Id: 379VeJCxQgODtQlBzrTmhi1fZP4s2TQ2ohK2KpwF83ZU0sryYWaZlQ==
2023-04-10 08:47:01,797 - DEBUG - = connection is OPEN
2023-04-10 08:47:01,828 - DEBUG - > TEXT '[2, "78a5d419-39e2-43c7-a00f-c51a0346dd75", "Bo...areVersion": "0.0.13"}]' [204 bytes]
2023-04-10 08:47:02,185 - DEBUG - < TEXT '[3, "78a5d419-39e2-43c7-a00f-c51a0346dd75", {"s...01Z", "interval": 300}]' [123 bytes]
2023-04-10 08:47:06,780 - DEBUG - Starting new HTTPS connection (1): rgw.devevspcharger.uplus.co.kr:443
2023-04-10 08:47:07,246 - DEBUG - https://rgw.devevspcharger.uplus.co.kr:443 "POST /ioc HTTP/1.1" 200 148
2023-04-10 08:47:07,261 - DEBUG - < TEXT '[2, "c0d4cc33-fb1c-4c30-a341-2d841a391007", "Ge...izeRemoteTxRequests"]}]' [103 bytes]
2023-04-10 08:47:07,272 - DEBUG - > TEXT '[3, "c0d4cc33-fb1c-4c30-a341-2d841a391007", {"c...ue", "value": "300"}]}]' [141 bytes]
2023-04-10 08:47:07,423 - DEBUG - < TEXT '' [0 bytes]
2023-04-10 08:47:09,316 - DEBUG - Starting new HTTPS connection (1): rgw.devevspcharger.uplus.co.kr:443
2023-04-10 08:47:09,752 - DEBUG - https://rgw.devevspcharger.uplus.co.kr:443 "POST /ioc HTTP/1.1" 200 164
2023-04-10 08:47:09,772 - DEBUG - < TEXT '[2, "583a9ec7-6b17-457b-a7a6-d8ad57f96a08", "Ch...rval", "value": "300"}]' [119 bytes]
2023-04-10 08:47:09,775 - DEBUG - > TEXT '[3, "583a9ec7-6b17-457b-a7a6-d8ad57f96a08", {"status": "Accepted"}]' [67 bytes]
2023-04-10 08:47:09,943 - DEBUG - < TEXT '' [0 bytes]
2023-04-10 08:47:09,983 - DEBUG - > TEXT '[2, "9ccfdd43-8ff8-4899-aa37-af4ae3a3d417", "St..."status": "Available"}]' [132 bytes]
2023-04-10 08:47:10,254 - DEBUG - < TEXT '[3, "9ccfdd43-8ff8-4899-aa37-af4ae3a3d417", {}]' [47 bytes]
2023-04-10 08:47:11,368 - DEBUG - % sending keepalive ping
2023-04-10 08:47:11,368 - DEBUG - > PING e1 89 34 bf [binary, 4 bytes]
2023-04-10 08:47:11,374 - DEBUG - < PONG e1 89 34 bf [binary, 4 bytes]
2023-04-10 08:47:11,377 - DEBUG - % received keepalive pong
2023-04-10 08:47:19,954 - DEBUG - % sending keepalive ping
2023-04-10 08:47:19,954 - DEBUG - > PING 5a bb 49 ef [binary, 4 bytes]
2023-04-10 08:47:19,960 - DEBUG - < PONG 5a bb 49 ef [binary, 4 bytes]
2023-04-10 08:47:19,962 - DEBUG - % received keepalive pong
2023-04-10 08:47:20,359 - DEBUG - < TEXT '[2, "20230410084719988", "RemoteStartTransactio...": "1031040000069641"}]' [391 bytes]
2023-04-10 08:47:20,366 - DEBUG - > TEXT '[3, "20230410084719988", {"status": "Accepted"}]' [48 bytes]
2023-04-10 08:47:20,578 - DEBUG - < TEXT '' [0 bytes]
2023-04-10 08:47:20,626 - DEBUG - > TEXT '[2, "863ed08f-f410-4d34-b2e0-965ea2afb456", "Au...": "1031040000069641"}]' [87 bytes]
2023-04-10 08:47:20,868 - DEBUG - % sending keepalive ping
2023-04-10 08:47:20,868 - DEBUG - > PING '\x02_\x020' [text, 4 bytes]
2023-04-10 08:47:20,874 - DEBUG - < PONG '\x02_\x020' [text, 4 bytes]
2023-04-10 08:47:20,878 - DEBUG - % received keepalive pong
2023-04-10 08:47:20,963 - DEBUG - < TEXT '[3, "863ed08f-f410-4d34-b2e0-965ea2afb456", {"i..."status": "Accepted"}}]' [82 bytes]
2023-04-10 08:47:21,001 - DEBUG - > TEXT '[2, "7f5dcd7b-75de-4a29-85aa-665aa687daab", "St..."status": "Preparing"}]' [132 bytes]
2023-04-10 08:47:21,223 - DEBUG - < TEXT '[3, "7f5dcd7b-75de-4a29-85aa-665aa687daab", {}]' [47 bytes]
2023-04-10 08:47:21,283 - DEBUG - > TEXT '[2, "a3db6737-5ace-4653-9213-64bb023ac38b", "St...2023-04-10T08:43:51Z"}]' [170 bytes]
2023-04-10 08:47:21,764 - DEBUG - < TEXT '[3, "a3db6737-5ace-4653-9213-64bb023ac38b", {"t..."status": "Accepted"}}]' [110 bytes]
2023-04-10 08:47:21,832 - DEBUG - > TEXT '[2, "8eb39db8-ab12-4f6c-b2ea-9edd48804313", "St... "status": "Charging"}]' [131 bytes]
2023-04-10 08:47:21,865 - DEBUG - % sending keepalive ping
2023-04-10 08:47:21,865 - DEBUG - > PING 8c 47 8d 35 [binary, 4 bytes]
2023-04-10 08:47:21,875 - DEBUG - < PONG 8c 47 8d 35 [binary, 4 bytes]
2023-04-10 08:47:21,878 - DEBUG - % received keepalive pong
2023-04-10 08:47:22,043 - DEBUG - < TEXT '[3, "8eb39db8-ab12-4f6c-b2ea-9edd48804313", {}]' [47 bytes]
2023-04-10 08:47:31,368 - DEBUG - % sending keepalive ping
2023-04-10 08:47:31,368 - DEBUG - > PING 38 e0 ce 55 [binary, 4 bytes]
2023-04-10 08:47:31,383 - DEBUG - < PONG 38 e0 ce 55 [binary, 4 bytes]
2023-04-10 08:47:31,385 - DEBUG - % received keepalive pong
2023-04-10 08:47:39,954 - DEBUG - % sending keepalive ping
2023-04-10 08:47:39,954 - DEBUG - > PING b7 01 6b 27 [binary, 4 bytes]
2023-04-10 08:47:39,960 - DEBUG - < PONG b7 01 6b 27 [binary, 4 bytes]
2023-04-10 08:47:39,964 - DEBUG - % received keepalive pong
2023-04-10 08:47:40,868 - DEBUG - % sending keepalive ping
2023-04-10 08:47:40,868 - DEBUG - > PING a1 62 8e 03 [binary, 4 bytes]
2023-04-10 08:47:40,874 - DEBUG - < PONG a1 62 8e 03 [binary, 4 bytes]
2023-04-10 08:47:40,878 - DEBUG - % received keepalive pong
2023-04-10 08:47:41,873 - DEBUG - % sending keepalive ping
2023-04-10 08:47:41,874 - DEBUG - > PING c7 c3 6c d4 [binary, 4 bytes]
2023-04-10 08:47:41,881 - DEBUG - < PONG c7 c3 6c d4 [binary, 4 bytes]
2023-04-10 08:47:41,884 - DEBUG - % received keepalive pong
2023-04-10 08:47:51,370 - DEBUG - % sending keepalive ping
2023-04-10 08:47:51,370 - DEBUG - > PING '}4m4' [text, 4 bytes]
2023-04-10 08:47:51,377 - DEBUG - < PONG '}4m4' [text, 4 bytes]
2023-04-10 08:47:51,380 - DEBUG - % received keepalive pong
2023-04-10 08:47:52,578 - DEBUG - < TEXT '[2, "20230410084719988", "RemoteStopTransaction...sactionId": 120533769}]' [79 bytes]
2023-04-10 08:47:52,582 - DEBUG - > TEXT '[3, "20230410084719988", {"status": "Accepted"}]' [48 bytes]
2023-04-10 08:47:52,788 - DEBUG - < TEXT '' [0 bytes]
2023-04-10 08:47:52,815 - DEBUG - > TEXT '[2, "43c3d99e-c6bd-4d6f-b006-c2ccd855d00d", "St...sactionId": 120533769}]' [149 bytes]
2023-04-10 08:47:53,166 - DEBUG - < TEXT '[3, "43c3d99e-c6bd-4d6f-b006-c2ccd855d00d", {"i..."status": "Accepted"}}]' [82 bytes]
2023-04-10 08:47:53,214 - DEBUG - > TEXT '[2, "56a5078e-ebf2-4ec8-ac9a-e68c696cd452", "St..."status": "Finishing"}]' [132 bytes]
2023-04-10 08:47:53,413 - DEBUG - < TEXT '[3, "56a5078e-ebf2-4ec8-ac9a-e68c696cd452", {}]' [47 bytes]
2023-04-10 08:47:53,448 - DEBUG - > TEXT '[2, "5882eac8-1261-4a58-85b5-8678df796109", "St..."status": "Available"}]' [132 bytes]
2023-04-10 08:47:53,644 - DEBUG - < TEXT '[3, "5882eac8-1261-4a58-85b5-8678df796109", {}]' [47 bytes]
2023-04-10 08:47:53,671 - DEBUG - = connection is CLOSING
2023-04-10 08:47:53,672 - DEBUG - > CLOSE 1000 (OK) [2 bytes]
2023-04-10 08:47:53,680 - DEBUG - < CLOSE 1000 (OK) [2 bytes]
2023-04-10 08:47:53,684 - DEBUG - = connection is CLOSED
2023-04-10 08:47:59,955 - DEBUG - % sending keepalive ping
2023-04-10 08:47:59,955 - DEBUG - > PING f5 92 d2 4f [binary, 4 bytes]
2023-04-10 08:47:59,961 - DEBUG - < PONG f5 92 d2 4f [binary, 4 bytes]
2023-04-10 08:47:59,963 - DEBUG - % received keepalive pong
2023-04-10 08:48:00,868 - DEBUG - % sending keepalive ping
2023-04-10 08:48:00,868 - DEBUG - > PING 9b 45 5b c5 [binary, 4 bytes]
2023-04-10 08:48:00,874 - DEBUG - < PONG 9b 45 5b c5 [binary, 4 bytes]
2023-04-10 08:48:00,877 - DEBUG - % received keepalive pong
2023-04-10 08:48:11,370 - DEBUG - % sending keepalive ping
2023-04-10 08:48:11,370 - DEBUG - > PING '\u0517 N' [text, 4 bytes]
2023-04-10 08:48:11,449 - DEBUG - < PONG '\u0517 N' [text, 4 bytes]
2023-04-10 08:48:11,451 - DEBUG - % received keepalive pong
2023-04-10 08:48:19,951 - DEBUG - % sending keepalive ping
2023-04-10 08:48:19,952 - DEBUG - > PING 24 08 b2 8c [binary, 4 bytes]
2023-04-10 08:48:19,958 - DEBUG - < PONG 24 08 b2 8c [binary, 4 bytes]
2023-04-10 08:48:19,961 - DEBUG - % received keepalive pong
2023-04-10 08:48:20,882 - DEBUG - % sending keepalive ping
2023-04-10 08:48:20,882 - DEBUG - > PING c1 dc 9c 21 [binary, 4 bytes]
2023-04-10 08:48:20,888 - DEBUG - < PONG c1 dc 9c 21 [binary, 4 bytes]
2023-04-10 08:48:20,891 - DEBUG - % received keepalive pong
2023-04-10 08:48:31,458 - DEBUG - % sending keepalive ping
2023-04-10 08:48:31,458 - DEBUG - > PING '0m\u034e' [text, 4 bytes]
2023-04-10 08:48:31,551 - DEBUG - < PONG '0m\u034e' [text, 4 bytes]
2023-04-10 08:48:31,554 - DEBUG - % received keepalive pong
2023-04-10 08:48:39,952 - DEBUG - % sending keepalive ping
2023-04-10 08:48:39,953 - DEBUG - > PING 0a b8 b7 16 [binary, 4 bytes]
2023-04-10 08:48:39,963 - DEBUG - < PONG 0a b8 b7 16 [binary, 4 bytes]
2023-04-10 08:48:39,968 - DEBUG - % received keepalive pong
2023-04-10 08:48:40,865 - DEBUG - % sending keepalive ping
2023-04-10 08:48:40,866 - DEBUG - > PING f0 41 3a d6 [binary, 4 bytes]
2023-04-10 08:48:40,874 - DEBUG - < PONG f0 41 3a d6 [binary, 4 bytes]
2023-04-10 08:48:40,877 - DEBUG - % received keepalive pong
2023-04-10 08:48:51,559 - DEBUG - % sending keepalive ping
2023-04-10 08:48:51,559 - DEBUG - > PING 84 40 40 46 [binary, 4 bytes]
2023-04-10 08:48:51,565 - DEBUG - < PONG 84 40 40 46 [binary, 4 bytes]
2023-04-10 08:48:51,569 - DEBUG - % received keepalive pong
2023-04-10 08:48:59,949 - DEBUG - % sending keepalive ping
2023-04-10 08:48:59,949 - DEBUG - > PING ff cf d9 c2 [binary, 4 bytes]
2023-04-10 08:48:59,955 - DEBUG - < PONG ff cf d9 c2 [binary, 4 bytes]
2023-04-10 08:48:59,958 - DEBUG - % received keepalive pong
2023-04-10 08:49:00,863 - DEBUG - % sending keepalive ping
2023-04-10 08:49:00,864 - DEBUG - > PING db 17 d0 94 [binary, 4 bytes]
2023-04-10 08:49:00,870 - DEBUG - < PONG db 17 d0 94 [binary, 4 bytes]
2023-04-10 08:49:00,872 - DEBUG - % received keepalive pong
2023-04-10 08:49:11,574 - DEBUG - % sending keepalive ping
2023-04-10 08:49:11,574 - DEBUG - > PING e7 14 d6 ff [binary, 4 bytes]
2023-04-10 08:49:11,581 - DEBUG - < PONG e7 14 d6 ff [binary, 4 bytes]
2023-04-10 08:49:11,587 - DEBUG - % received keepalive pong
2023-04-10 08:49:19,946 - DEBUG - % sending keepalive ping
2023-04-10 08:49:19,946 - DEBUG - > PING b2 a4 d6 a8 [binary, 4 bytes]
2023-04-10 08:49:19,955 - DEBUG - < PONG b2 a4 d6 a8 [binary, 4 bytes]
2023-04-10 08:49:19,961 - DEBUG - % received keepalive pong
2023-04-10 08:49:20,875 - DEBUG - % sending keepalive ping
2023-04-10 08:49:20,875 - DEBUG - > PING 'T5:\x19' [text, 4 bytes]
2023-04-10 08:49:20,881 - DEBUG - < PONG 'T5:\x19' [text, 4 bytes]
2023-04-10 08:49:20,883 - DEBUG - % received keepalive pong
2023-04-10 08:49:31,573 - DEBUG - % sending keepalive ping
2023-04-10 08:49:31,573 - DEBUG - > PING 9c 5f 20 70 [binary, 4 bytes]
2023-04-10 08:49:31,582 - DEBUG - < PONG 9c 5f 20 70 [binary, 4 bytes]
2023-04-10 08:49:31,587 - DEBUG - % received keepalive pong
2023-04-10 08:49:39,947 - DEBUG - % sending keepalive ping
2023-04-10 08:49:39,947 - DEBUG - > PING a8 ad aa f5 [binary, 4 bytes]
2023-04-10 08:49:39,954 - DEBUG - < PONG a8 ad aa f5 [binary, 4 bytes]
2023-04-10 08:49:39,957 - DEBUG - % received keepalive pong
2023-04-10 08:49:40,875 - DEBUG - % sending keepalive ping
2023-04-10 08:49:40,876 - DEBUG - > PING 6e 04 8d 8d [binary, 4 bytes]
2023-04-10 08:49:40,883 - DEBUG - < PONG 6e 04 8d 8d [binary, 4 bytes]
2023-04-10 08:49:40,886 - DEBUG - % received keepalive pong
2023-04-10 08:49:51,597 - DEBUG - % sending keepalive ping
2023-04-10 08:49:51,597 - DEBUG - > PING 96 30 6c a8 [binary, 4 bytes]
2023-04-10 08:49:51,607 - DEBUG - < PONG 96 30 6c a8 [binary, 4 bytes]
2023-04-10 08:49:51,614 - DEBUG - % received keepalive pong
2023-04-10 08:49:59,948 - DEBUG - % sending keepalive ping
2023-04-10 08:49:59,949 - DEBUG - > PING b7 a3 6f cb [binary, 4 bytes]
2023-04-10 08:49:59,956 - DEBUG - < PONG b7 a3 6f cb [binary, 4 bytes]
2023-04-10 08:49:59,964 - DEBUG - % received keepalive pong
2023-04-10 08:50:00,868 - DEBUG - % sending keepalive ping
2023-04-10 08:50:00,869 - DEBUG - > PING 94 8a 1d 5e [binary, 4 bytes]
2023-04-10 08:50:00,879 - DEBUG - < PONG 94 8a 1d 5e [binary, 4 bytes]
2023-04-10 08:50:00,888 - DEBUG - % received keepalive pong
2023-04-10 08:50:11,621 - DEBUG - % sending keepalive ping
2023-04-10 08:50:11,621 - DEBUG - > PING ')#RG' [text, 4 bytes]
2023-04-10 08:50:11,629 - DEBUG - < PONG ')#RG' [text, 4 bytes]
2023-04-10 08:50:11,636 - DEBUG - % received keepalive pong
2023-04-10 08:50:19,944 - DEBUG - % sending keepalive ping
2023-04-10 08:50:19,944 - DEBUG - > PING f7 6e 8d f7 [binary, 4 bytes]
2023-04-10 08:50:19,950 - DEBUG - < PONG f7 6e 8d f7 [binary, 4 bytes]
2023-04-10 08:50:19,953 - DEBUG - % received keepalive pong
2023-04-10 08:50:20,885 - DEBUG - % sending keepalive ping
2023-04-10 08:50:20,886 - DEBUG - > PING b0 73 80 94 [binary, 4 bytes]
2023-04-10 08:50:20,899 - DEBUG - < PONG b0 73 80 94 [binary, 4 bytes]
2023-04-10 08:50:20,902 - DEBUG - % received keepalive pong
2023-04-10 08:50:31,620 - DEBUG - % sending keepalive ping
2023-04-10 08:50:31,620 - DEBUG - > PING 6b 4e f2 85 [binary, 4 bytes]
2023-04-10 08:50:31,626 - DEBUG - < PONG 6b 4e f2 85 [binary, 4 bytes]
2023-04-10 08:50:31,631 - DEBUG - % received keepalive pong
2023-04-10 08:50:39,944 - DEBUG - % sending keepalive ping
2023-04-10 08:50:39,944 - DEBUG - > PING d6 6b 7f 38 [binary, 4 bytes]
2023-04-10 08:50:39,951 - DEBUG - < PONG d6 6b 7f 38 [binary, 4 bytes]
2023-04-10 08:50:39,954 - DEBUG - % received keepalive pong
2023-04-10 08:50:40,908 - DEBUG - % sending keepalive ping
2023-04-10 08:50:40,908 - DEBUG - > PING 2e ac 79 c6 [binary, 4 bytes]
2023-04-10 08:50:40,935 - DEBUG - < PONG 2e ac 79 c6 [binary, 4 bytes]
2023-04-10 08:50:40,939 - DEBUG - % received keepalive pong
2023-04-10 08:51:02,400 - DEBUG - % sending keepalive ping
2023-04-10 08:51:02,400 - DEBUG - > PING a4 c7 68 b9 [binary, 4 bytes]
2023-04-10 08:51:02,401 - DEBUG - % sending keepalive ping
2023-04-10 08:51:02,401 - DEBUG - > PING 73 5f f0 dd [binary, 4 bytes]
2023-04-10 08:51:02,401 - DEBUG - % sending keepalive ping
2023-04-10 08:51:02,401 - DEBUG - > PING 34 2a af 29 [binary, 4 bytes]
2023-04-10 08:51:02,408 - DEBUG - < PONG a4 c7 68 b9 [binary, 4 bytes]
2023-04-10 08:51:02,408 - DEBUG - < PONG 73 5f f0 dd [binary, 4 bytes]
2023-04-10 08:51:02,415 - DEBUG - < PONG 34 2a af 29 [binary, 4 bytes]
2023-04-10 08:51:02,417 - DEBUG - % received keepalive pong
2023-04-10 08:51:02,417 - DEBUG - % received keepalive pong
2023-04-10 08:51:02,419 - DEBUG - % received keepalive pong
2023-04-10 08:51:22,408 - DEBUG - % sending keepalive ping
2023-04-10 08:51:22,408 - DEBUG - > PING '\x15^H\x11' [text, 4 bytes]
2023-04-10 08:51:22,408 - DEBUG - % sending keepalive ping
2023-04-10 08:51:22,408 - DEBUG - > PING a3 d1 d2 e9 [binary, 4 bytes]
2023-04-10 08:51:22,409 - DEBUG - % sending keepalive ping
2023-04-10 08:51:22,409 - DEBUG - > PING cf c3 bd 2b [binary, 4 bytes]
2023-04-10 08:51:22,425 - DEBUG - < PONG '\x15^H\x11' [text, 4 bytes]
2023-04-10 08:51:22,426 - DEBUG - < PONG a3 d1 d2 e9 [binary, 4 bytes]
2023-04-10 08:51:22,426 - DEBUG - < PONG cf c3 bd 2b [binary, 4 bytes]
2023-04-10 08:51:22,433 - DEBUG - % received keepalive pong
2023-04-10 08:51:22,434 - DEBUG - % received keepalive pong
2023-04-10 08:51:22,434 - DEBUG - % received keepalive pong
2023-04-10 08:51:42,435 - DEBUG - % sending keepalive ping
2023-04-10 08:51:42,435 - DEBUG - > PING 73 dd 05 83 [binary, 4 bytes]
2023-04-10 08:51:42,435 - DEBUG - % sending keepalive ping
2023-04-10 08:51:42,436 - DEBUG - > PING '\x06\u0463%' [text, 4 bytes]
2023-04-10 08:51:42,436 - DEBUG - % sending keepalive ping
2023-04-10 08:51:42,436 - DEBUG - > PING 5e 88 28 ab [binary, 4 bytes]
2023-04-10 08:51:42,445 - DEBUG - < PONG 73 dd 05 83 [binary, 4 bytes]
2023-04-10 08:51:42,446 - DEBUG - < PONG '\x06\u0463%' [text, 4 bytes]
2023-04-10 08:51:42,446 - DEBUG - < PONG 5e 88 28 ab [binary, 4 bytes]
2023-04-10 08:51:42,452 - DEBUG - % received keepalive pong
2023-04-10 08:51:42,452 - DEBUG - % received keepalive pong
2023-04-10 08:51:42,453 - DEBUG - % received keepalive pong
2023-04-10 08:52:02,441 - DEBUG - % sending keepalive ping
2023-04-10 08:52:02,442 - DEBUG - > PING 76 f1 85 9b [binary, 4 bytes]
2023-04-10 08:52:02,442 - DEBUG - % sending keepalive ping
2023-04-10 08:52:02,443 - DEBUG - > PING 33 3e 35 e9 [binary, 4 bytes]
2023-04-10 08:52:02,443 - DEBUG - % sending keepalive ping
2023-04-10 08:52:02,443 - DEBUG - > PING 6d 5b f0 ee [binary, 4 bytes]
2023-04-10 08:52:02,452 - DEBUG - < PONG 76 f1 85 9b [binary, 4 bytes]
2023-04-10 08:52:02,452 - DEBUG - < PONG 33 3e 35 e9 [binary, 4 bytes]
2023-04-10 08:52:02,452 - DEBUG - < PONG 6d 5b f0 ee [binary, 4 bytes]
2023-04-10 08:52:02,460 - DEBUG - % received keepalive pong
2023-04-10 08:52:02,461 - DEBUG - % received keepalive pong
2023-04-10 08:52:02,461 - DEBUG - % received keepalive pong
2023-04-10 08:52:22,453 - DEBUG - % sending keepalive ping
2023-04-10 08:52:22,454 - DEBUG - > PING b5 a9 63 74 [binary, 4 bytes]
2023-04-10 08:52:22,454 - DEBUG - % sending keepalive ping
2023-04-10 08:52:22,454 - DEBUG - > PING b5 f7 57 e7 [binary, 4 bytes]
2023-04-10 08:52:22,455 - DEBUG - % sending keepalive ping
2023-04-10 08:52:22,455 - DEBUG - > PING c0 86 77 ba [binary, 4 bytes]
2023-04-10 08:52:22,459 - DEBUG - < PONG b5 a9 63 74 [binary, 4 bytes]
2023-04-10 08:52:22,463 - DEBUG - < PONG b5 f7 57 e7 [binary, 4 bytes]
2023-04-10 08:52:22,463 - DEBUG - < PONG c0 86 77 ba [binary, 4 bytes]
2023-04-10 08:52:22,471 - DEBUG - % received keepalive pong
2023-04-10 08:52:22,475 - DEBUG - % received keepalive pong
2023-04-10 08:52:22,476 - DEBUG - % received keepalive pong
2023-04-10 08:52:42,473 - DEBUG - % sending keepalive ping
2023-04-10 08:52:42,473 - DEBUG - > PING '\t6wv' [text, 4 bytes]
2023-04-10 08:52:42,474 - DEBUG - % sending keepalive ping
2023-04-10 08:52:42,474 - DEBUG - > PING 06 13 52 80 [binary, 4 bytes]
2023-04-10 08:52:42,475 - DEBUG - % sending keepalive ping
2023-04-10 08:52:42,475 - DEBUG - > PING 84 c7 b5 eb [binary, 4 bytes]
2023-04-10 08:52:42,482 - DEBUG - < PONG '\t6wv' [text, 4 bytes]
2023-04-10 08:52:42,482 - DEBUG - < PONG 84 c7 b5 eb [binary, 4 bytes]
2023-04-10 08:52:42,482 - DEBUG - < PONG 06 13 52 80 [binary, 4 bytes]
2023-04-10 08:52:42,489 - DEBUG - % received keepalive pong
2023-04-10 08:52:42,489 - DEBUG - % received keepalive pong
2023-04-10 08:52:42,489 - DEBUG - % received keepalive pong
2023-04-10 08:53:02,492 - DEBUG - % sending keepalive ping
2023-04-10 08:53:02,492 - DEBUG - > PING 1b c3 c4 72 [binary, 4 bytes]
2023-04-10 08:53:02,493 - DEBUG - % sending keepalive ping
2023-04-10 08:53:02,493 - DEBUG - > PING c8 27 fd 41 [binary, 4 bytes]
2023-04-10 08:53:02,494 - DEBUG - % sending keepalive ping
2023-04-10 08:53:02,494 - DEBUG - > PING 36 e8 57 af [binary, 4 bytes]
2023-04-10 08:53:02,499 - DEBUG - < PONG c8 27 fd 41 [binary, 4 bytes]
2023-04-10 08:53:02,508 - DEBUG - < PONG 1b c3 c4 72 [binary, 4 bytes]
2023-04-10 08:53:02,508 - DEBUG - < PONG 36 e8 57 af [binary, 4 bytes]
2023-04-10 08:53:02,510 - DEBUG - % received keepalive pong
2023-04-10 08:53:02,512 - DEBUG - % received keepalive pong
2023-04-10 08:53:02,512 - DEBUG - % received keepalive pong
2023-04-10 08:53:22,494 - DEBUG - % sending keepalive ping
2023-04-10 08:53:22,494 - DEBUG - > PING f4 9a 89 e3 [binary, 4 bytes]
2023-04-10 08:53:22,495 - DEBUG - % sending keepalive ping
2023-04-10 08:53:22,495 - DEBUG - > PING 5a a4 1b ce [binary, 4 bytes]
2023-04-10 08:53:22,495 - DEBUG - % sending keepalive ping
2023-04-10 08:53:22,496 - DEBUG - > PING 5b f0 3f 4e [binary, 4 bytes]
2023-04-10 08:53:22,502 - DEBUG - < PONG f4 9a 89 e3 [binary, 4 bytes]
2023-04-10 08:53:22,502 - DEBUG - < PONG 5a a4 1b ce [binary, 4 bytes]
2023-04-10 08:53:22,503 - DEBUG - < PONG 5b f0 3f 4e [binary, 4 bytes]
2023-04-10 08:53:22,510 - DEBUG - % received keepalive pong
2023-04-10 08:53:22,510 - DEBUG - % received keepalive pong
2023-04-10 08:53:22,510 - DEBUG - % received keepalive pong
2023-04-10 08:53:42,498 - DEBUG - % sending keepalive ping
2023-04-10 08:53:42,498 - DEBUG - > PING 82 c3 91 09 [binary, 4 bytes]
2023-04-10 08:53:42,499 - DEBUG - % sending keepalive ping
2023-04-10 08:53:42,500 - DEBUG - > PING b2 67 ad 00 [binary, 4 bytes]
2023-04-10 08:53:42,500 - DEBUG - % sending keepalive ping
2023-04-10 08:53:42,501 - DEBUG - > PING f0 ff 1e 04 [binary, 4 bytes]
2023-04-10 08:53:42,516 - DEBUG - < PONG 82 c3 91 09 [binary, 4 bytes]
2023-04-10 08:53:42,517 - DEBUG - < PONG b2 67 ad 00 [binary, 4 bytes]
2023-04-10 08:53:42,517 - DEBUG - < PONG f0 ff 1e 04 [binary, 4 bytes]
2023-04-10 08:53:42,522 - DEBUG - % received keepalive pong
2023-04-10 08:53:42,522 - DEBUG - % received keepalive pong
2023-04-10 08:53:42,522 - DEBUG - % received keepalive pong
2023-04-10 08:54:02,531 - DEBUG - % sending keepalive ping
2023-04-10 08:54:02,532 - DEBUG - > PING df 1a b5 4c [binary, 4 bytes]
2023-04-10 08:54:02,532 - DEBUG - % sending keepalive ping
2023-04-10 08:54:02,532 - DEBUG - > PING f9 d7 4c ea [binary, 4 bytes]
2023-04-10 08:54:02,533 - DEBUG - % sending keepalive ping
2023-04-10 08:54:02,533 - DEBUG - > PING 26 b0 38 40 [binary, 4 bytes]
2023-04-10 08:54:02,539 - DEBUG - < PONG 26 b0 38 40 [binary, 4 bytes]
2023-04-10 08:54:02,539 - DEBUG - < PONG df 1a b5 4c [binary, 4 bytes]
2023-04-10 08:54:02,548 - DEBUG - < PONG f9 d7 4c ea [binary, 4 bytes]
2023-04-10 08:54:02,551 - DEBUG - % received keepalive pong
2023-04-10 08:54:02,551 - DEBUG - % received keepalive pong
2023-04-10 08:54:02,556 - DEBUG - % received keepalive pong
2023-04-10 08:54:22,551 - DEBUG - % sending keepalive ping
2023-04-10 08:54:22,551 - DEBUG - > PING 77 3b 05 d3 [binary, 4 bytes]
2023-04-10 08:54:22,552 - DEBUG - % sending keepalive ping
2023-04-10 08:54:22,552 - DEBUG - > PING fe d5 7b 2f [binary, 4 bytes]
2023-04-10 08:54:22,553 - DEBUG - % sending keepalive ping
2023-04-10 08:54:22,553 - DEBUG - > PING f5 81 74 5a [binary, 4 bytes]
2023-04-10 08:54:22,558 - DEBUG - < PONG 77 3b 05 d3 [binary, 4 bytes]
2023-04-10 08:54:22,562 - DEBUG - < PONG fe d5 7b 2f [binary, 4 bytes]
2023-04-10 08:54:22,571 - DEBUG - % received keepalive pong
2023-04-10 08:54:22,572 - DEBUG - < PONG f5 81 74 5a [binary, 4 bytes]
2023-04-10 08:54:22,575 - DEBUG - % received keepalive pong
2023-04-10 08:54:22,578 - DEBUG - % received keepalive pong
2023-04-10 08:54:37,652 - DEBUG - = connection is CLOSING
2023-04-10 08:54:37,652 - DEBUG - > CLOSE 1000 (OK) [2 bytes]
2023-04-10 08:54:37,658 - DEBUG - < CLOSE 1000 (OK) [2 bytes]
2023-04-10 08:54:37,666 - DEBUG - = connection is CLOSED
2023-04-10 08:54:38,727 - DEBUG - = connection is CONNECTING
2023-04-10 08:54:38,766 - DEBUG - > GET /ocpp16/ELC100C-003/ELC100C-003-001 HTTP/1.1
2023-04-10 08:54:38,766 - DEBUG - > Host: ws.devevspcharger.uplus.co.kr
2023-04-10 08:54:38,766 - DEBUG - > Upgrade: websocket
2023-04-10 08:54:38,766 - DEBUG - > Connection: Upgrade
2023-04-10 08:54:38,766 - DEBUG - > Sec-WebSocket-Key: HJY0YjCOfp9TXJaWxYTw6w==
2023-04-10 08:54:38,766 - DEBUG - > Sec-WebSocket-Version: 13
2023-04-10 08:54:38,766 - DEBUG - > Sec-WebSocket-Extensions: permessage-deflate; client_max_window_bits
2023-04-10 08:54:38,766 - DEBUG - > Sec-WebSocket-Protocol: ocpp1.6
2023-04-10 08:54:38,766 - DEBUG - > Authorization: Basic RVZBUjpFVkFSTEdV
2023-04-10 08:54:38,767 - DEBUG - > User-Agent: Python/3.11 websockets/10.4
2023-04-10 08:54:40,004 - DEBUG - < HTTP/1.1 101 Switching Protocols
2023-04-10 08:54:40,004 - DEBUG - < Connection: upgrade
2023-04-10 08:54:40,004 - DEBUG - < Date: Sun, 09 Apr 2023 23:54:39 GMT
2023-04-10 08:54:40,004 - DEBUG - < sec-websocket-protocol: ocpp1.6
2023-04-10 08:54:40,004 - DEBUG - < upgrade: websocket
2023-04-10 08:54:40,004 - DEBUG - < sec-websocket-accept: w+dDaltk3U8zRDfsgzuV3R0hClU=
2023-04-10 08:54:40,005 - DEBUG - < sec-websocket-extensions: permessage-deflate
2023-04-10 08:54:40,005 - DEBUG - < X-Cache: Miss from cloudfront
2023-04-10 08:54:40,005 - DEBUG - < Via: 1.1 f872ea854cda487277bd77eed683ad7c.cloudfront.net (CloudFront)
2023-04-10 08:54:40,005 - DEBUG - < X-Amz-Cf-Pop: ICN54-C1
2023-04-10 08:54:40,005 - DEBUG - < X-Amz-Cf-Id: gvi7QQ5xKvHZJyQ-qEwhiVVV5aeUWthCQbHVPWoimixkowSgUSnzWA==
2023-04-10 08:54:40,005 - DEBUG - = connection is OPEN
2023-04-10 08:54:40,027 - DEBUG - > TEXT '[2, "81d64e82-5dcc-44ae-b476-55ae75c4ad3c", "Bo...areVersion": "0.0.13"}]' [204 bytes]
2023-04-10 08:54:40,387 - DEBUG - < TEXT '[4, "81d64e82-5dcc-44ae-b476-55ae75c4ad3c", {"e... system availability"}]' [161 bytes]
2023-04-10 08:54:40,404 - DEBUG - = connection is CLOSING
2023-04-10 08:54:40,404 - DEBUG - > CLOSE 1000 (OK) [2 bytes]
2023-04-10 08:54:40,412 - DEBUG - < CLOSE 1000 (OK) [2 bytes]
2023-04-10 08:54:40,416 - DEBUG - = connection is CLOSED
2023-04-10 08:54:42,573 - DEBUG - % sending keepalive ping
2023-04-10 08:54:42,573 - DEBUG - > PING 49 db cb b7 [binary, 4 bytes]
2023-04-10 08:54:42,573 - DEBUG - % sending keepalive ping
2023-04-10 08:54:42,574 - DEBUG - > PING ef 52 31 e9 [binary, 4 bytes]
2023-04-10 08:54:42,588 - DEBUG - < PONG ef 52 31 e9 [binary, 4 bytes]
2023-04-10 08:54:42,588 - DEBUG - < PONG 49 db cb b7 [binary, 4 bytes]
2023-04-10 08:54:42,594 - DEBUG - % received keepalive pong
2023-04-10 08:54:42,595 - DEBUG - % received keepalive pong
2023-04-10 08:55:02,569 - DEBUG - % sending keepalive ping
2023-04-10 08:55:02,569 - DEBUG - > PING '\u06d3V;' [text, 4 bytes]
2023-04-10 08:55:02,570 - DEBUG - % sending keepalive ping
2023-04-10 08:55:02,570 - DEBUG - > PING 3e 73 2f aa [binary, 4 bytes]
2023-04-10 08:55:02,591 - DEBUG - < PONG 3e 73 2f aa [binary, 4 bytes]
2023-04-10 08:55:02,591 - DEBUG - < PONG '\u06d3V;' [text, 4 bytes]
2023-04-10 08:55:02,593 - DEBUG - % received keepalive pong
2023-04-10 08:55:02,593 - DEBUG - % received keepalive pong
2023-04-10 08:55:20,528 - DEBUG - = connection is CONNECTING
2023-04-10 08:55:20,561 - DEBUG - > GET /ocpp16/ELC100C-003/ELC100C-003-001 HTTP/1.1
2023-04-10 08:55:20,562 - DEBUG - > Host: ws.devevspcharger.uplus.co.kr
2023-04-10 08:55:20,562 - DEBUG - > Upgrade: websocket
2023-04-10 08:55:20,562 - DEBUG - > Connection: Upgrade
2023-04-10 08:55:20,563 - DEBUG - > Sec-WebSocket-Key: UkZVEhsgoUiryd0LsZQwRw==
2023-04-10 08:55:20,563 - DEBUG - > Sec-WebSocket-Version: 13
2023-04-10 08:55:20,564 - DEBUG - > Sec-WebSocket-Extensions: permessage-deflate; client_max_window_bits
2023-04-10 08:55:20,564 - DEBUG - > Sec-WebSocket-Protocol: ocpp1.6
2023-04-10 08:55:20,564 - DEBUG - > Authorization: Basic RVZBUjpFVkFSTEdV
2023-04-10 08:55:20,564 - DEBUG - > User-Agent: Python/3.11 websockets/10.4
2023-04-10 08:55:20,823 - DEBUG - < HTTP/1.1 101 Switching Protocols
2023-04-10 08:55:20,824 - DEBUG - < Connection: upgrade
2023-04-10 08:55:20,824 - DEBUG - < Date: Sun, 09 Apr 2023 23:55:20 GMT
2023-04-10 08:55:20,824 - DEBUG - < sec-websocket-protocol: ocpp1.6
2023-04-10 08:55:20,824 - DEBUG - < upgrade: websocket
2023-04-10 08:55:20,824 - DEBUG - < sec-websocket-accept: RTfQqx+bPVs9l2wQQNp18QHPonE=
2023-04-10 08:55:20,824 - DEBUG - < sec-websocket-extensions: permessage-deflate
2023-04-10 08:55:20,824 - DEBUG - < X-Cache: Miss from cloudfront
2023-04-10 08:55:20,824 - DEBUG - < Via: 1.1 fbb22360028e181171037fd6d6a9e41c.cloudfront.net (CloudFront)
2023-04-10 08:55:20,824 - DEBUG - < X-Amz-Cf-Pop: ICN54-C1
2023-04-10 08:55:20,824 - DEBUG - < X-Amz-Cf-Id: FzKyvRkEggtMvNltuWzxjPD8HsE_8jVUjzSJDwsyqDhrr00SlSxP2A==
2023-04-10 08:55:20,825 - DEBUG - = connection is OPEN
2023-04-10 08:55:20,870 - DEBUG - > TEXT '[2, "4d87f08a-04f9-4a56-b979-9d1b47b9b18e", "Bo...areVersion": "0.0.13"}]' [204 bytes]
2023-04-10 08:55:21,055 - DEBUG - < TEXT '[4, "4d87f08a-04f9-4a56-b979-9d1b47b9b18e", {"e... system availability"}]' [161 bytes]
2023-04-10 08:55:21,089 - DEBUG - = connection is CLOSING
2023-04-10 08:55:21,090 - DEBUG - > CLOSE 1000 (OK) [2 bytes]
2023-04-10 08:55:21,100 - DEBUG - < CLOSE 1000 (OK) [2 bytes]
2023-04-10 08:55:21,115 - DEBUG - = connection is CLOSED
2023-04-10 08:55:22,576 - DEBUG - % sending keepalive ping
2023-04-10 08:55:22,576 - DEBUG - > PING 96 12 b6 55 [binary, 4 bytes]
2023-04-10 08:55:22,576 - DEBUG - % sending keepalive ping
2023-04-10 08:55:22,577 - DEBUG - > PING 3a d7 72 44 [binary, 4 bytes]
2023-04-10 08:55:22,582 - DEBUG - < PONG 3a d7 72 44 [binary, 4 bytes]
2023-04-10 08:55:22,585 - DEBUG - % received keepalive pong
2023-04-10 08:55:22,617 - DEBUG - < PONG 96 12 b6 55 [binary, 4 bytes]
2023-04-10 08:55:22,623 - DEBUG - % received keepalive pong
2023-04-10 08:55:41,300 - DEBUG - = connection is CLOSING
2023-04-10 08:55:41,301 - DEBUG - > CLOSE 1000 (OK) [2 bytes]
2023-04-10 08:55:41,324 - DEBUG - < CLOSE 1000 (OK) [2 bytes]
2023-04-10 08:55:41,332 - DEBUG - = connection is CLOSED
2023-04-10 08:55:42,621 - DEBUG - % sending keepalive ping
2023-04-10 08:55:42,621 - DEBUG - > PING df e5 94 81 [binary, 4 bytes]
2023-04-10 08:55:42,634 - DEBUG - < PONG df e5 94 81 [binary, 4 bytes]
2023-04-10 08:55:42,641 - DEBUG - % received keepalive pong
2023-04-10 08:56:02,626 - DEBUG - % sending keepalive ping
2023-04-10 08:56:02,627 - DEBUG - > PING 13 08 e8 69 [binary, 4 bytes]
2023-04-10 08:56:02,633 - DEBUG - < PONG 13 08 e8 69 [binary, 4 bytes]
2023-04-10 08:56:02,639 - DEBUG - % received keepalive pong
2023-04-10 08:56:22,629 - DEBUG - % sending keepalive ping
2023-04-10 08:56:22,630 - DEBUG - > PING f4 78 c1 f2 [binary, 4 bytes]
2023-04-10 08:56:22,637 - DEBUG - < PONG f4 78 c1 f2 [binary, 4 bytes]
2023-04-10 08:56:22,645 - DEBUG - % received keepalive pong
2023-04-10 08:56:40,323 - DEBUG - = connection is CLOSING
2023-04-10 08:56:40,323 - DEBUG - > CLOSE 1000 (OK) [2 bytes]
2023-04-10 08:56:40,331 - DEBUG - < CLOSE 1000 (OK) [2 bytes]
2023-04-10 08:56:40,339 - DEBUG - = connection is CLOSED
2023-04-10 08:59:50,012 - DEBUG - = connection is CONNECTING
2023-04-10 08:59:50,071 - DEBUG - > GET /ocpp16/ELA007C05/EVSCA050001 HTTP/1.1
2023-04-10 08:59:50,072 - DEBUG - > Host: ws.devevspcharger.uplus.co.kr
2023-04-10 08:59:50,072 - DEBUG - > Upgrade: websocket
2023-04-10 08:59:50,072 - DEBUG - > Connection: Upgrade
2023-04-10 08:59:50,073 - DEBUG - > Sec-WebSocket-Key: l9yufE6LdpMf4p7YAX1wZw==
2023-04-10 08:59:50,073 - DEBUG - > Sec-WebSocket-Version: 13
2023-04-10 08:59:50,073 - DEBUG - > Sec-WebSocket-Extensions: permessage-deflate; client_max_window_bits
2023-04-10 08:59:50,073 - DEBUG - > Sec-WebSocket-Protocol: ocpp1.6
2023-04-10 08:59:50,073 - DEBUG - > Authorization: Basic RVZBUjpFVkFSTEdV
2023-04-10 08:59:50,073 - DEBUG - > User-Agent: Python/3.11 websockets/10.4
2023-04-10 08:59:51,354 - DEBUG - < HTTP/1.1 101 Switching Protocols
2023-04-10 08:59:51,354 - DEBUG - < Connection: upgrade
2023-04-10 08:59:51,355 - DEBUG - < Date: Sun, 09 Apr 2023 23:59:51 GMT
2023-04-10 08:59:51,356 - DEBUG - < sec-websocket-protocol: ocpp1.6
2023-04-10 08:59:51,356 - DEBUG - < upgrade: websocket
2023-04-10 08:59:51,356 - DEBUG - < sec-websocket-accept: mfZUlZ7nQEeMEfkgr9B4fFoI9lg=
2023-04-10 08:59:51,357 - DEBUG - < sec-websocket-extensions: permessage-deflate
2023-04-10 08:59:51,357 - DEBUG - < X-Cache: Miss from cloudfront
2023-04-10 08:59:51,358 - DEBUG - < Via: 1.1 f872ea854cda487277bd77eed683ad7c.cloudfront.net (CloudFront)
2023-04-10 08:59:51,359 - DEBUG - < X-Amz-Cf-Pop: ICN54-C1
2023-04-10 08:59:51,359 - DEBUG - < X-Amz-Cf-Id: lj-SvEsqkD2P0-uFbsnmrS6puRVkvbJT2LiB2Nqb3SWjvuO-pUjy6Q==
2023-04-10 08:59:51,360 - DEBUG - = connection is OPEN
2023-04-10 08:59:51,379 - DEBUG - > TEXT '[2, "bf0761a9-40a9-4182-a526-3d7bc33771c2", "Bo...ePointVendor": "EVAR"}]' [127 bytes]
2023-04-10 08:59:51,812 - DEBUG - < TEXT '[3, "bf0761a9-40a9-4182-a526-3d7bc33771c2", {"s...51Z", "interval": 600}]' [123 bytes]
2023-04-10 08:59:51,829 - DEBUG - > TEXT '[2, "bf0761a9-40a9-4182-a526-3d7bc33771c2", "St..."status": "Available"}]' [132 bytes]
2023-04-10 08:59:53,672 - DEBUG - < TEXT '[3, "bf0761a9-40a9-4182-a526-3d7bc33771c2", {}]' [47 bytes]
2023-04-10 08:59:53,677 - ERROR - Task exception was never retrieved
future: <Task finished name='Task-2' coro=<ChargerSim.startEvent() done, defined at D:\workspace\wss\main.py:124> exception=FileNotFoundError(2, 'No such file or directory')>
Traceback (most recent call last):
  File "D:\workspace\wss\main.py", line 144, in startEvent
    await self.charger.runcase(self.TC_selected if len(self.TC_selected.keys())>0 else self.TC)
  File "D:\workspace\wss\Charger.py", line 380, in runcase
    schema_check = checkSchema(f"{c[0]}Response", recv[2], self.testschem.get())
                   ^^^^^^^^^^^^^^^^^^^^^^^^^^^^^^^^^^^^^^^^^^^^^^^^^^^^^^^^^^^^^
  File "D:\workspace\wss\ChargerUtil.py", line 12, in checkSchema
    schema = open(f"./{schema}/schemas/" + original + ".json").read().encode('utf-8')
             ^^^^^^^^^^^^^^^^^^^^^^^^^^^^^^^^^^^^^^^^^^^^^^^^^
FileNotFoundError: [Errno 2] No such file or directory: './ocpp20/websocket/u+(multi)/schemas/StatusNotificationResponse.json'
2023-04-10 09:00:11,373 - DEBUG - % sending keepalive ping
2023-04-10 09:00:11,373 - DEBUG - > PING 07 ce e4 ac [binary, 4 bytes]
2023-04-10 09:00:11,383 - DEBUG - < PONG 07 ce e4 ac [binary, 4 bytes]
2023-04-10 09:00:11,386 - DEBUG - % received keepalive pong
2023-04-10 09:00:31,372 - DEBUG - % sending keepalive ping
2023-04-10 09:00:31,372 - DEBUG - > PING a7 db 16 20 [binary, 4 bytes]
2023-04-10 09:00:31,381 - DEBUG - < PONG a7 db 16 20 [binary, 4 bytes]
2023-04-10 09:00:31,391 - DEBUG - % received keepalive pong
2023-04-10 09:00:51,371 - DEBUG - % sending keepalive ping
2023-04-10 09:00:51,372 - DEBUG - > PING e2 ae 42 b1 [binary, 4 bytes]
2023-04-10 09:00:51,422 - DEBUG - < PONG e2 ae 42 b1 [binary, 4 bytes]
2023-04-10 09:00:51,433 - DEBUG - % received keepalive pong
2023-04-10 09:01:04,955 - DEBUG - = connection is CONNECTING
2023-04-10 09:01:04,990 - DEBUG - > GET /ocpp16/ELA007C05/EVSCA050001 HTTP/1.1
2023-04-10 09:01:04,990 - DEBUG - > Host: ws.devevspcharger.uplus.co.kr
2023-04-10 09:01:04,991 - DEBUG - > Upgrade: websocket
2023-04-10 09:01:04,993 - DEBUG - > Connection: Upgrade
2023-04-10 09:01:04,993 - DEBUG - > Sec-WebSocket-Key: fpXewppx78gnExR7GwzCZA==
2023-04-10 09:01:04,993 - DEBUG - > Sec-WebSocket-Version: 13
2023-04-10 09:01:04,993 - DEBUG - > Sec-WebSocket-Extensions: permessage-deflate; client_max_window_bits
2023-04-10 09:01:04,994 - DEBUG - > Sec-WebSocket-Protocol: ocpp1.6
2023-04-10 09:01:04,994 - DEBUG - > Authorization: Basic RVZBUjpFVkFSTEdV
2023-04-10 09:01:04,994 - DEBUG - > User-Agent: Python/3.11 websockets/10.4
2023-04-10 09:01:05,576 - DEBUG - < HTTP/1.1 101 Switching Protocols
2023-04-10 09:01:05,577 - DEBUG - < Connection: upgrade
2023-04-10 09:01:05,577 - DEBUG - < Date: Mon, 10 Apr 2023 00:01:05 GMT
2023-04-10 09:01:05,577 - DEBUG - < sec-websocket-protocol: ocpp1.6
2023-04-10 09:01:05,578 - DEBUG - < upgrade: websocket
2023-04-10 09:01:05,578 - DEBUG - < sec-websocket-accept: Y+uhwXf1BFzh59YDbEJBGHSe5GY=
2023-04-10 09:01:05,578 - DEBUG - < sec-websocket-extensions: permessage-deflate
2023-04-10 09:01:05,578 - DEBUG - < X-Cache: Miss from cloudfront
2023-04-10 09:01:05,578 - DEBUG - < Via: 1.1 fa5b7f0b1074f46400de8156956e7da8.cloudfront.net (CloudFront)
2023-04-10 09:01:05,578 - DEBUG - < X-Amz-Cf-Pop: ICN54-C1
2023-04-10 09:01:05,579 - DEBUG - < X-Amz-Cf-Id: _XKu9d99i8g-cFs-FE3dQ6c4jwYfF1mtt20BjwYaaP-iGJhTMaS8JA==
2023-04-10 09:01:05,579 - DEBUG - = connection is OPEN
2023-04-10 09:01:05,597 - ERROR - Task exception was never retrieved
future: <Task finished name='Task-7' coro=<ChargerSim.startEvent() done, defined at D:\workspace\wss\main.py:124> exception=FileNotFoundError(2, 'No such file or directory')>
Traceback (most recent call last):
  File "D:\workspace\wss\main.py", line 144, in startEvent
    await self.charger.runcase(self.TC_selected if len(self.TC_selected.keys())>0 else self.TC)
  File "D:\workspace\wss\Charger.py", line 373, in runcase
    schema_check = checkSchema(f"{c[0]}", doc[3], self.testschem.get())
                   ^^^^^^^^^^^^^^^^^^^^^^^^^^^^^^^^^^^^^^^^^^^^^^^^^^^^
  File "D:\workspace\wss\ChargerUtil.py", line 12, in checkSchema
    schema = open(f"./{schema}/schemas/" + original + ".json").read().encode('utf-8')
             ^^^^^^^^^^^^^^^^^^^^^^^^^^^^^^^^^^^^^^^^^^^^^^^^^
FileNotFoundError: [Errno 2] No such file or directory: './ocpp20/websocket/u+(multi)/schemas/BootNotification.json'
2023-04-10 09:01:11,430 - DEBUG - % sending keepalive ping
2023-04-10 09:01:11,431 - DEBUG - > PING 30 79 c3 77 [binary, 4 bytes]
2023-04-10 09:01:11,461 - DEBUG - < PONG 30 79 c3 77 [binary, 4 bytes]
2023-04-10 09:01:11,464 - DEBUG - % received keepalive pong
2023-04-10 09:01:25,576 - DEBUG - % sending keepalive ping
2023-04-10 09:01:25,577 - DEBUG - > PING 22 9c 0c e1 [binary, 4 bytes]
2023-04-10 09:01:25,589 - DEBUG - < PONG 22 9c 0c e1 [binary, 4 bytes]
2023-04-10 09:01:25,597 - DEBUG - % received keepalive pong
2023-04-10 09:01:41,004 - DEBUG - = connection is CONNECTING
2023-04-10 09:01:41,043 - DEBUG - > GET /ocpp16/ELC100C-003/ELC100C-003-001 HTTP/1.1
2023-04-10 09:01:41,043 - DEBUG - > Host: ws.devevspcharger.uplus.co.kr
2023-04-10 09:01:41,043 - DEBUG - > Upgrade: websocket
2023-04-10 09:01:41,043 - DEBUG - > Connection: Upgrade
2023-04-10 09:01:41,044 - DEBUG - > Sec-WebSocket-Key: K1LfahLlBl4stPrrQERBJg==
2023-04-10 09:01:41,044 - DEBUG - > Sec-WebSocket-Version: 13
2023-04-10 09:01:41,044 - DEBUG - > Sec-WebSocket-Extensions: permessage-deflate; client_max_window_bits
2023-04-10 09:01:41,044 - DEBUG - > Sec-WebSocket-Protocol: ocpp1.6
2023-04-10 09:01:41,044 - DEBUG - > Authorization: Basic RVZBUjpFVkFSTEdV
2023-04-10 09:01:41,044 - DEBUG - > User-Agent: Python/3.11 websockets/10.4
2023-04-10 09:01:41,262 - DEBUG - < HTTP/1.1 101 Switching Protocols
2023-04-10 09:01:41,264 - DEBUG - < Connection: upgrade
2023-04-10 09:01:41,265 - DEBUG - < Date: Mon, 10 Apr 2023 00:01:41 GMT
2023-04-10 09:01:41,265 - DEBUG - < sec-websocket-protocol: ocpp1.6
2023-04-10 09:01:41,265 - DEBUG - < upgrade: websocket
2023-04-10 09:01:41,266 - DEBUG - < sec-websocket-accept: slTSBbqv0qtUE/XFyJY6qGRvvCc=
2023-04-10 09:01:41,266 - DEBUG - < sec-websocket-extensions: permessage-deflate
2023-04-10 09:01:41,266 - DEBUG - < X-Cache: Miss from cloudfront
2023-04-10 09:01:41,266 - DEBUG - < Via: 1.1 fa5b7f0b1074f46400de8156956e7da8.cloudfront.net (CloudFront)
2023-04-10 09:01:41,266 - DEBUG - < X-Amz-Cf-Pop: ICN54-C1
2023-04-10 09:01:41,266 - DEBUG - < X-Amz-Cf-Id: 8Qny2fizBC71Z0p6UcTp6vNi8S2ypn_i2u0yT4UIDmj0XpScgR_Vpg==
2023-04-10 09:01:41,267 - DEBUG - = connection is OPEN
2023-04-10 09:01:41,291 - DEBUG - > TEXT '[2, "1b5729cd-a509-4622-9c1e-c61e9eb3bb72", "Bo...areVersion": "0.0.13"}]' [204 bytes]
2023-04-10 09:01:41,693 - DEBUG - < TEXT '[3, "1b5729cd-a509-4622-9c1e-c61e9eb3bb72", {"s...41Z", "interval": 300}]' [123 bytes]
2023-04-10 09:01:41,719 - DEBUG - > TEXT '[2, "1b5729cd-a509-4622-9c1e-c61e9eb3bb72", "St..."status": "Available"}]' [132 bytes]
2023-04-10 09:01:41,931 - DEBUG - < TEXT '[3, "1b5729cd-a509-4622-9c1e-c61e9eb3bb72", {}]' [47 bytes]
2023-04-10 09:01:41,952 - DEBUG - > TEXT '[2, "1b5729cd-a509-4622-9c1e-c61e9eb3bb72", "Au...": "1031040000069641"}]' [87 bytes]
2023-04-10 09:01:42,213 - DEBUG - < TEXT '[3, "1b5729cd-a509-4622-9c1e-c61e9eb3bb72", {"i...tus": "ConcurrentTx"}}]' [86 bytes]
2023-04-10 09:01:42,231 - DEBUG - = connection is CLOSING
2023-04-10 09:01:42,231 - DEBUG - > CLOSE 1000 (OK) [2 bytes]
2023-04-10 09:01:42,238 - DEBUG - < CLOSE 1000 (OK) [2 bytes]
2023-04-10 09:01:42,244 - DEBUG - = connection is CLOSED
2023-04-10 09:02:49,145 - DEBUG - = connection is CONNECTING
2023-04-10 09:02:49,207 - DEBUG - > GET /ocpp16/ELC100C-003/ELC100C-003-001 HTTP/1.1
2023-04-10 09:02:49,208 - DEBUG - > Host: ws.devevspcharger.uplus.co.kr
2023-04-10 09:02:49,208 - DEBUG - > Upgrade: websocket
2023-04-10 09:02:49,208 - DEBUG - > Connection: Upgrade
2023-04-10 09:02:49,208 - DEBUG - > Sec-WebSocket-Key: XtLs/EPhNOvnp3c8Ub4YJg==
2023-04-10 09:02:49,208 - DEBUG - > Sec-WebSocket-Version: 13
2023-04-10 09:02:49,208 - DEBUG - > Sec-WebSocket-Extensions: permessage-deflate; client_max_window_bits
2023-04-10 09:02:49,208 - DEBUG - > Sec-WebSocket-Protocol: ocpp1.6
2023-04-10 09:02:49,208 - DEBUG - > Authorization: Basic RVZBUjpFVkFSTEdV
2023-04-10 09:02:49,208 - DEBUG - > User-Agent: Python/3.11 websockets/10.4
2023-04-10 09:02:49,718 - DEBUG - < HTTP/1.1 101 Switching Protocols
2023-04-10 09:02:49,718 - DEBUG - < Connection: upgrade
2023-04-10 09:02:49,718 - DEBUG - < Date: Mon, 10 Apr 2023 00:02:49 GMT
2023-04-10 09:02:49,718 - DEBUG - < sec-websocket-protocol: ocpp1.6
2023-04-10 09:02:49,718 - DEBUG - < upgrade: websocket
2023-04-10 09:02:49,718 - DEBUG - < sec-websocket-accept: TJc/tp3Ft50S41E340u60z4Q7MU=
2023-04-10 09:02:49,719 - DEBUG - < sec-websocket-extensions: permessage-deflate
2023-04-10 09:02:49,720 - DEBUG - < X-Cache: Miss from cloudfront
2023-04-10 09:02:49,721 - DEBUG - < Via: 1.1 fa5b7f0b1074f46400de8156956e7da8.cloudfront.net (CloudFront)
2023-04-10 09:02:49,721 - DEBUG - < X-Amz-Cf-Pop: ICN54-C1
2023-04-10 09:02:49,721 - DEBUG - < X-Amz-Cf-Id: h1H0uj8iqqp2uPTc8Q5bY0WoAdQTqv-ZfWfMByS2IHt2iDhTO4doqQ==
2023-04-10 09:02:49,722 - DEBUG - = connection is OPEN
2023-04-10 09:02:49,748 - DEBUG - > TEXT '[2, "3fbb6bd6-1530-49e1-b9a3-bfb1c4d59cf9", "Bo...areVersion": "0.0.13"}]' [204 bytes]
2023-04-10 09:02:50,172 - DEBUG - < TEXT '[3, "3fbb6bd6-1530-49e1-b9a3-bfb1c4d59cf9", {"s...49Z", "interval": 300}]' [123 bytes]
2023-04-10 09:02:50,218 - DEBUG - > TEXT '[2, "1fe9b417-7c48-4c3c-a456-a4164000a623", "St..."status": "Available"}]' [132 bytes]
2023-04-10 09:02:50,579 - DEBUG - < TEXT '[3, "1fe9b417-7c48-4c3c-a456-a4164000a623", {}]' [47 bytes]
2023-04-10 09:02:50,613 - DEBUG - > TEXT '[2, "c7edd87e-a857-49ff-997b-bf6517d388fd", "Au...": "1031040000069641"}]' [87 bytes]
2023-04-10 09:02:50,860 - DEBUG - < TEXT '[3, "c7edd87e-a857-49ff-997b-bf6517d388fd", {"i..."status": "Accepted"}}]' [82 bytes]
2023-04-10 09:02:50,881 - DEBUG - = connection is CLOSING
2023-04-10 09:02:50,881 - DEBUG - > CLOSE 1000 (OK) [2 bytes]
2023-04-10 09:02:50,888 - DEBUG - < CLOSE 1000 (OK) [2 bytes]
2023-04-10 09:02:50,897 - DEBUG - = connection is CLOSED
2023-04-10 09:02:59,362 - DEBUG - = connection is CONNECTING
2023-04-10 09:02:59,396 - DEBUG - > GET /ocpp16/ELC100C-003/ELC100C-003-001 HTTP/1.1
2023-04-10 09:02:59,397 - DEBUG - > Host: ws.devevspcharger.uplus.co.kr
2023-04-10 09:02:59,398 - DEBUG - > Upgrade: websocket
2023-04-10 09:02:59,398 - DEBUG - > Connection: Upgrade
2023-04-10 09:02:59,398 - DEBUG - > Sec-WebSocket-Key: tNGbaDVNVwbgHxWAA1SM9w==
2023-04-10 09:02:59,399 - DEBUG - > Sec-WebSocket-Version: 13
2023-04-10 09:02:59,399 - DEBUG - > Sec-WebSocket-Extensions: permessage-deflate; client_max_window_bits
2023-04-10 09:02:59,399 - DEBUG - > Sec-WebSocket-Protocol: ocpp1.6
2023-04-10 09:02:59,399 - DEBUG - > Authorization: Basic RVZBUjpFVkFSTEdV
2023-04-10 09:02:59,400 - DEBUG - > User-Agent: Python/3.11 websockets/10.4
2023-04-10 09:02:59,677 - DEBUG - < HTTP/1.1 101 Switching Protocols
2023-04-10 09:02:59,677 - DEBUG - < Connection: upgrade
2023-04-10 09:02:59,677 - DEBUG - < Date: Mon, 10 Apr 2023 00:02:59 GMT
2023-04-10 09:02:59,677 - DEBUG - < sec-websocket-protocol: ocpp1.6
2023-04-10 09:02:59,677 - DEBUG - < upgrade: websocket
2023-04-10 09:02:59,678 - DEBUG - < sec-websocket-accept: CwHoDdO6d1n6FH78PGeyuXgLzhE=
2023-04-10 09:02:59,678 - DEBUG - < sec-websocket-extensions: permessage-deflate
2023-04-10 09:02:59,678 - DEBUG - < X-Cache: Miss from cloudfront
2023-04-10 09:02:59,678 - DEBUG - < Via: 1.1 a5c8d8cbdab09837d65789b17ab8f40a.cloudfront.net (CloudFront)
2023-04-10 09:02:59,678 - DEBUG - < X-Amz-Cf-Pop: ICN54-C1
2023-04-10 09:02:59,678 - DEBUG - < X-Amz-Cf-Id: u_7Tn-YpUp-Yoh1Ejy_TdcHgbEQ6DWpqSx1DQBK9KU1mCbHA4dM9AA==
2023-04-10 09:02:59,678 - DEBUG - = connection is OPEN
2023-04-10 09:02:59,708 - DEBUG - > TEXT '[2, "5c293ff6-fd3b-4bbf-b407-2b82bc93d950", "Bo...areVersion": "0.0.13"}]' [204 bytes]
2023-04-10 09:02:59,954 - DEBUG - < TEXT '[3, "5c293ff6-fd3b-4bbf-b407-2b82bc93d950", {"s...59Z", "interval": 300}]' [123 bytes]
2023-04-10 09:03:03,208 - DEBUG - Starting new HTTPS connection (1): rgw.devevspcharger.uplus.co.kr:443
2023-04-10 09:03:04,654 - DEBUG - https://rgw.devevspcharger.uplus.co.kr:443 "POST /ioc HTTP/1.1" 200 148
2023-04-10 09:03:04,669 - DEBUG - < TEXT '[2, "2d050866-cfa9-4223-bf70-789adca1fcf9", "Ge...izeRemoteTxRequests"]}]' [103 bytes]
2023-04-10 09:03:04,673 - DEBUG - > TEXT '[3, "2d050866-cfa9-4223-bf70-789adca1fcf9", {"c...ue", "value": "300"}]}]' [141 bytes]
2023-04-10 09:03:04,833 - DEBUG - < TEXT '' [0 bytes]
2023-04-10 09:03:07,024 - DEBUG - Starting new HTTPS connection (1): rgw.devevspcharger.uplus.co.kr:443
2023-04-10 09:03:07,428 - DEBUG - https://rgw.devevspcharger.uplus.co.kr:443 "POST /ioc HTTP/1.1" 200 164
2023-04-10 09:03:07,443 - DEBUG - < TEXT '[2, "3a5db0d5-ff93-4cc1-9685-6e20238dab1d", "Ch...rval", "value": "300"}]' [119 bytes]
2023-04-10 09:03:07,449 - DEBUG - > TEXT '[3, "3a5db0d5-ff93-4cc1-9685-6e20238dab1d", {"status": "Accepted"}]' [67 bytes]
2023-04-10 09:03:07,614 - DEBUG - < TEXT '' [0 bytes]
2023-04-10 09:03:07,654 - DEBUG - > TEXT '[2, "cb42f84b-a06f-42f2-84e4-adc1c9919aa9", "St..."status": "Available"}]' [132 bytes]
2023-04-10 09:03:07,852 - DEBUG - < TEXT '[3, "cb42f84b-a06f-42f2-84e4-adc1c9919aa9", {}]' [47 bytes]
2023-04-10 09:03:19,690 - DEBUG - % sending keepalive ping
2023-04-10 09:03:19,690 - DEBUG - > PING bd 9b 9f 3b [binary, 4 bytes]
2023-04-10 09:03:19,706 - DEBUG - < PONG bd 9b 9f 3b [binary, 4 bytes]
2023-04-10 09:03:19,708 - DEBUG - % received keepalive pong
2023-04-10 09:03:28,557 - DEBUG - < TEXT '[2, "20230410090328179", "RemoteStartTransactio...": "1031040000069641"}]' [391 bytes]
2023-04-10 09:03:28,562 - DEBUG - > TEXT '[3, "20230410090328179", {"status": "Accepted"}]' [48 bytes]
2023-04-10 09:03:28,714 - DEBUG - < TEXT '' [0 bytes]
2023-04-10 09:03:28,768 - DEBUG - > TEXT '[2, "c21914fd-fcd3-4c62-acea-4661be31d87e", "Au...": "1031040000069641"}]' [87 bytes]
2023-04-10 09:03:29,020 - DEBUG - < TEXT '[3, "c21914fd-fcd3-4c62-acea-4661be31d87e", {"i..."status": "Accepted"}}]' [82 bytes]
2023-04-10 09:03:29,066 - DEBUG - > TEXT '[2, "013871c8-0f5d-489c-969d-64b9db25c46e", "St..."status": "Preparing"}]' [132 bytes]
2023-04-10 09:03:29,253 - DEBUG - < TEXT '[3, "013871c8-0f5d-489c-969d-64b9db25c46e", {}]' [47 bytes]
2023-04-10 09:03:29,296 - DEBUG - > TEXT '[2, "c1d7d526-8e70-4f0d-8aba-c9bfa39ca69a", "St...2023-04-10T09:02:59Z"}]' [170 bytes]
2023-04-10 09:03:29,659 - DEBUG - < TEXT '[3, "c1d7d526-8e70-4f0d-8aba-c9bfa39ca69a", {"t..."status": "Accepted"}}]' [110 bytes]
2023-04-10 09:03:29,714 - DEBUG - > TEXT '[2, "5777c4ec-2ac3-4267-a75c-9fda48b9e34d", "St... "status": "Charging"}]' [131 bytes]
2023-04-10 09:03:29,893 - DEBUG - < TEXT '[3, "5777c4ec-2ac3-4267-a75c-9fda48b9e34d", {}]' [47 bytes]
2023-04-10 09:03:39,702 - DEBUG - % sending keepalive ping
2023-04-10 09:03:39,702 - DEBUG - > PING dd 81 f6 d4 [binary, 4 bytes]
2023-04-10 09:03:39,711 - DEBUG - < PONG dd 81 f6 d4 [binary, 4 bytes]
2023-04-10 09:03:39,713 - DEBUG - % received keepalive pong
2023-04-10 09:03:59,703 - DEBUG - % sending keepalive ping
2023-04-10 09:03:59,703 - DEBUG - > PING 'D\x1a\t(' [text, 4 bytes]
2023-04-10 09:03:59,712 - DEBUG - < PONG 'D\x1a\t(' [text, 4 bytes]
2023-04-10 09:03:59,714 - DEBUG - % received keepalive pong
2023-04-10 09:04:03,238 - DEBUG - < TEXT '[2, "20230410090328179", "RemoteStopTransaction...sactionId": 120533770}]' [79 bytes]
2023-04-10 09:04:03,242 - DEBUG - > TEXT '[3, "20230410090328179", {"status": "Accepted"}]' [48 bytes]
2023-04-10 09:04:03,421 - DEBUG - < TEXT '' [0 bytes]
2023-04-10 09:04:03,458 - DEBUG - > TEXT '[2, "9b08f7da-531f-4905-b546-0569bd6b3477", "St...sactionId": 120533770}]' [149 bytes]
2023-04-10 09:04:03,878 - DEBUG - < TEXT '[3, "9b08f7da-531f-4905-b546-0569bd6b3477", {"i..."status": "Accepted"}}]' [82 bytes]
2023-04-10 09:04:03,911 - DEBUG - > TEXT '[2, "045ab155-c1c9-4328-b37e-e43219f898d3", "St..."status": "Finishing"}]' [132 bytes]
2023-04-10 09:04:04,134 - DEBUG - < TEXT '[3, "045ab155-c1c9-4328-b37e-e43219f898d3", {}]' [47 bytes]
2023-04-10 09:04:04,180 - DEBUG - > TEXT '[2, "0e8d08c0-6f09-4594-88c6-f45c1485f54e", "St..."status": "Available"}]' [132 bytes]
2023-04-10 09:04:04,393 - DEBUG - < TEXT '[3, "0e8d08c0-6f09-4594-88c6-f45c1485f54e", {}]' [47 bytes]
2023-04-10 09:04:04,412 - DEBUG - = connection is CLOSING
2023-04-10 09:04:04,412 - DEBUG - > CLOSE 1000 (OK) [2 bytes]
2023-04-10 09:04:04,419 - DEBUG - < CLOSE 1000 (OK) [2 bytes]
2023-04-10 09:04:04,424 - DEBUG - = connection is CLOSED
2023-04-10 10:05:47,067 - DEBUG - = connection is CONNECTING
2023-04-10 10:05:47,171 - DEBUG - > GET /ocpp16/ELA007C05/EVSCA050001 HTTP/1.1
2023-04-10 10:05:47,171 - DEBUG - > Host: ws.devevspcharger.uplus.co.kr
2023-04-10 10:05:47,172 - DEBUG - > Upgrade: websocket
2023-04-10 10:05:47,172 - DEBUG - > Connection: Upgrade
2023-04-10 10:05:47,172 - DEBUG - > Sec-WebSocket-Key: u2QWwrj/lqr/cCnqmGoolg==
2023-04-10 10:05:47,172 - DEBUG - > Sec-WebSocket-Version: 13
2023-04-10 10:05:47,173 - DEBUG - > Sec-WebSocket-Extensions: permessage-deflate; client_max_window_bits
2023-04-10 10:05:47,173 - DEBUG - > Sec-WebSocket-Protocol: ocpp1.6
2023-04-10 10:05:47,173 - DEBUG - > Authorization: Basic RVZBUjpFVkFSTEdV
2023-04-10 10:05:47,173 - DEBUG - > User-Agent: Python/3.11 websockets/10.4
2023-04-10 10:05:48,514 - DEBUG - < HTTP/1.1 101 Switching Protocols
2023-04-10 10:05:48,515 - DEBUG - < Connection: upgrade
2023-04-10 10:05:48,515 - DEBUG - < Date: Mon, 10 Apr 2023 01:05:48 GMT
2023-04-10 10:05:48,515 - DEBUG - < sec-websocket-protocol: ocpp1.6
2023-04-10 10:05:48,515 - DEBUG - < upgrade: websocket
2023-04-10 10:05:48,515 - DEBUG - < sec-websocket-accept: jB9WsH2jPcW+My75B3Vsp8uCXnE=
2023-04-10 10:05:48,516 - DEBUG - < sec-websocket-extensions: permessage-deflate
2023-04-10 10:05:48,516 - DEBUG - < X-Cache: Miss from cloudfront
2023-04-10 10:05:48,516 - DEBUG - < Via: 1.1 2697d1744a14136c20f2b578c5831cc8.cloudfront.net (CloudFront)
2023-04-10 10:05:48,517 - DEBUG - < X-Amz-Cf-Pop: ICN54-C1
2023-04-10 10:05:48,517 - DEBUG - < X-Amz-Cf-Id: cX006B_flOJMwk5pao5WOgWcCymz9hYAl2bNouxPLUGIl0Y1oy8wPQ==
2023-04-10 10:05:48,518 - DEBUG - = connection is OPEN
2023-04-10 10:05:48,549 - DEBUG - > TEXT '[2, "30015991-504b-40b2-9ffb-531495db1cba", "Bo...ePointVendor": "EVAR"}]' [127 bytes]
2023-04-10 10:05:48,805 - DEBUG - < TEXT '[3, "30015991-504b-40b2-9ffb-531495db1cba", {"s...48Z", "interval": 600}]' [123 bytes]
2023-04-10 10:05:48,838 - DEBUG - = connection is CLOSING
2023-04-10 10:05:48,838 - DEBUG - > CLOSE 1000 (OK) [2 bytes]
2023-04-10 10:05:48,844 - DEBUG - < CLOSE 1000 (OK) [2 bytes]
2023-04-10 10:05:48,849 - DEBUG - = connection is CLOSED
2023-04-10 10:26:23,590 - DEBUG - = connection is CONNECTING
2023-04-10 10:26:23,659 - DEBUG - > GET /ocpp16/ELA007C05/EVSCA050001 HTTP/1.1
2023-04-10 10:26:23,660 - DEBUG - > Host: ws.devevspcharger.uplus.co.kr
2023-04-10 10:26:23,661 - DEBUG - > Upgrade: websocket
2023-04-10 10:26:23,661 - DEBUG - > Connection: Upgrade
2023-04-10 10:26:23,661 - DEBUG - > Sec-WebSocket-Key: T6UuPaYve3sCUz6vVTUYDQ==
2023-04-10 10:26:23,661 - DEBUG - > Sec-WebSocket-Version: 13
2023-04-10 10:26:23,661 - DEBUG - > Sec-WebSocket-Extensions: permessage-deflate; client_max_window_bits
2023-04-10 10:26:23,662 - DEBUG - > Sec-WebSocket-Protocol: ocpp1.6
2023-04-10 10:26:23,662 - DEBUG - > Authorization: Basic RVZBUjpFVkFSTEdV
2023-04-10 10:26:23,662 - DEBUG - > User-Agent: Python/3.11 websockets/10.4
2023-04-10 10:26:25,024 - DEBUG - < HTTP/1.1 101 Switching Protocols
2023-04-10 10:26:25,024 - DEBUG - < Connection: upgrade
2023-04-10 10:26:25,024 - DEBUG - < Date: Mon, 10 Apr 2023 01:26:24 GMT
2023-04-10 10:26:25,024 - DEBUG - < sec-websocket-protocol: ocpp1.6
2023-04-10 10:26:25,024 - DEBUG - < upgrade: websocket
2023-04-10 10:26:25,025 - DEBUG - < sec-websocket-accept: X5F1w1TmRNdC8sHeRlSm/YfQYn0=
2023-04-10 10:26:25,026 - DEBUG - < sec-websocket-extensions: permessage-deflate
2023-04-10 10:26:25,026 - DEBUG - < X-Cache: Miss from cloudfront
2023-04-10 10:26:25,026 - DEBUG - < Via: 1.1 6fc307857b87958b312437c5622250c0.cloudfront.net (CloudFront)
2023-04-10 10:26:25,026 - DEBUG - < X-Amz-Cf-Pop: ICN54-C1
2023-04-10 10:26:25,026 - DEBUG - < X-Amz-Cf-Id: FrjELTkvt63kkqF0BswUa8sD4ieyJUBZUW_hV8oX49_4KDg690GeYA==
2023-04-10 10:26:25,032 - DEBUG - = connection is OPEN
2023-04-10 10:26:25,067 - DEBUG - > TEXT '[2, "eef6d5b1-3ed1-4f47-97c3-e7cc5d9d5367", "Bo...ePointVendor": "EVAR"}]' [127 bytes]
2023-04-10 10:26:25,384 - DEBUG - < TEXT '[3, "eef6d5b1-3ed1-4f47-97c3-e7cc5d9d5367", {"s...25Z", "interval": 600}]' [123 bytes]
2023-04-10 10:26:25,421 - DEBUG - = connection is CLOSING
2023-04-10 10:26:25,421 - DEBUG - > CLOSE 1000 (OK) [2 bytes]
2023-04-10 10:26:25,430 - DEBUG - < CLOSE 1000 (OK) [2 bytes]
2023-04-10 10:26:25,439 - DEBUG - = connection is CLOSED
2023-04-10 13:05:21,574 - DEBUG - = connection is CONNECTING
2023-04-10 13:05:21,644 - DEBUG - > GET /ocpp16/ELA007C05/EVSCA050001 HTTP/1.1
2023-04-10 13:05:21,645 - DEBUG - > Host: ws.devevspcharger.uplus.co.kr
2023-04-10 13:05:21,645 - DEBUG - > Upgrade: websocket
2023-04-10 13:05:21,645 - DEBUG - > Connection: Upgrade
2023-04-10 13:05:21,645 - DEBUG - > Sec-WebSocket-Key: wsbybZFol6STIExNNC9E6Q==
2023-04-10 13:05:21,645 - DEBUG - > Sec-WebSocket-Version: 13
2023-04-10 13:05:21,645 - DEBUG - > Sec-WebSocket-Extensions: permessage-deflate; client_max_window_bits
2023-04-10 13:05:21,646 - DEBUG - > Sec-WebSocket-Protocol: ocpp1.6
2023-04-10 13:05:21,646 - DEBUG - > Authorization: Basic RVZBUjpFVkFSTEdV
2023-04-10 13:05:21,646 - DEBUG - > User-Agent: Python/3.11 websockets/10.4
2023-04-10 13:05:23,057 - DEBUG - < HTTP/1.1 101 Switching Protocols
2023-04-10 13:05:23,057 - DEBUG - < Connection: upgrade
2023-04-10 13:05:23,057 - DEBUG - < Date: Mon, 10 Apr 2023 04:05:22 GMT
2023-04-10 13:05:23,057 - DEBUG - < sec-websocket-protocol: ocpp1.6
2023-04-10 13:05:23,057 - DEBUG - < upgrade: websocket
2023-04-10 13:05:23,057 - DEBUG - < sec-websocket-accept: DLJnZIc59I7j0qMlc1jSmSFZizQ=
2023-04-10 13:05:23,057 - DEBUG - < sec-websocket-extensions: permessage-deflate
2023-04-10 13:05:23,057 - DEBUG - < X-Cache: Miss from cloudfront
2023-04-10 13:05:23,058 - DEBUG - < Via: 1.1 242ecb14dc0782deec482a730069d5e4.cloudfront.net (CloudFront)
2023-04-10 13:05:23,058 - DEBUG - < X-Amz-Cf-Pop: ICN54-C1
2023-04-10 13:05:23,058 - DEBUG - < X-Amz-Cf-Id: u3sBvyeVYNwOujar_nyHHZ82AxBP7fj3LgCT43FES9YMfnU9TJ6u5A==
2023-04-10 13:05:23,064 - DEBUG - = connection is OPEN
2023-04-10 13:05:23,084 - ERROR - Task exception was never retrieved
future: <Task finished name='Task-2' coro=<ChargerSim.startEvent() done, defined at D:\workspace\wss\main.py:124> exception=TypeError("string indices must be integers, not 'str'")>
Traceback (most recent call last):
  File "D:\workspace\wss\main.py", line 144, in startEvent
    await self.charger.runcase(self.TC_selected if len(self.TC_selected.keys())>0 else self.TC)
  File "D:\workspace\wss\Charger.py", line 369, in runcase
    doc = self.convertSendDoc(c)
          ^^^^^^^^^^^^^^^^^^^^^^
  File "D:\workspace\wss\Charger.py", line 228, in convertSendDoc
    doc = self.ocppdocs[ocpp[0]]
          ~~~~~~~~~~~~~^^^^^^^^^
TypeError: string indices must be integers, not 'str'
2023-04-10 13:15:31,832 - DEBUG - = connection is CONNECTING
2023-04-10 13:15:31,869 - DEBUG - > GET /ocpp16/ELA007C05/EVSCA050001 HTTP/1.1
2023-04-10 13:15:31,875 - DEBUG - > Host: ws.devevspcharger.uplus.co.kr
2023-04-10 13:15:31,875 - DEBUG - > Upgrade: websocket
2023-04-10 13:15:31,875 - DEBUG - > Connection: Upgrade
2023-04-10 13:15:31,875 - DEBUG - > Sec-WebSocket-Key: Vyct70MavOPWEs0+Z3cyzA==
2023-04-10 13:15:31,875 - DEBUG - > Sec-WebSocket-Version: 13
2023-04-10 13:15:31,876 - DEBUG - > Sec-WebSocket-Extensions: permessage-deflate; client_max_window_bits
2023-04-10 13:15:31,876 - DEBUG - > Sec-WebSocket-Protocol: ocpp1.6
2023-04-10 13:15:31,876 - DEBUG - > Authorization: Basic RVZBUjpFVkFSTEdV
2023-04-10 13:15:31,876 - DEBUG - > User-Agent: Python/3.11 websockets/10.4
2023-04-10 13:15:33,242 - DEBUG - < HTTP/1.1 101 Switching Protocols
2023-04-10 13:15:33,242 - DEBUG - < Connection: upgrade
2023-04-10 13:15:33,242 - DEBUG - < Date: Mon, 10 Apr 2023 04:15:33 GMT
2023-04-10 13:15:33,243 - DEBUG - < sec-websocket-protocol: ocpp1.6
2023-04-10 13:15:33,243 - DEBUG - < upgrade: websocket
2023-04-10 13:15:33,243 - DEBUG - < sec-websocket-accept: c6TTvF/jRFJWS9zvc93D9wKYT/g=
2023-04-10 13:15:33,243 - DEBUG - < sec-websocket-extensions: permessage-deflate
2023-04-10 13:15:33,243 - DEBUG - < X-Cache: Miss from cloudfront
2023-04-10 13:15:33,243 - DEBUG - < Via: 1.1 b44d57444172ed6851af596d1e886884.cloudfront.net (CloudFront)
2023-04-10 13:15:33,243 - DEBUG - < X-Amz-Cf-Pop: ICN54-C1
2023-04-10 13:15:33,243 - DEBUG - < X-Amz-Cf-Id: Zd0Hp_tRjeWJUB_G9Q3eWtxiWFXXvL5iPqg4E4Ekznbw98mCsy7n0A==
2023-04-10 13:15:33,243 - DEBUG - = connection is OPEN
2023-04-10 13:15:33,384 - DEBUG - > TEXT '[2, "b7c4bd43-a0bf-4f1a-b225-9ebc1b74553f", "Bo...ePointVendor": "EVAR"}]' [127 bytes]
2023-04-10 13:15:33,646 - DEBUG - < TEXT '[3, "b7c4bd43-a0bf-4f1a-b225-9ebc1b74553f", {"s...33Z", "interval": 600}]' [123 bytes]
2023-04-10 13:15:33,669 - DEBUG - = connection is CLOSING
2023-04-10 13:15:33,669 - DEBUG - > CLOSE 1000 (OK) [2 bytes]
2023-04-10 13:15:33,678 - DEBUG - < CLOSE 1000 (OK) [2 bytes]
2023-04-10 13:15:33,687 - DEBUG - = connection is CLOSED
2023-04-11 09:06:33,378 - DEBUG - = connection is CONNECTING
2023-04-11 09:06:33,454 - DEBUG - > GET /ocpp16/ELA007C05/EVSCA050001 HTTP/1.1
2023-04-11 09:06:33,455 - DEBUG - > Host: ws.devevspcharger.uplus.co.kr
2023-04-11 09:06:33,455 - DEBUG - > Upgrade: websocket
2023-04-11 09:06:33,455 - DEBUG - > Connection: Upgrade
2023-04-11 09:06:33,455 - DEBUG - > Sec-WebSocket-Key: TMbcS4tzkyjlPzuyJfQMJA==
2023-04-11 09:06:33,455 - DEBUG - > Sec-WebSocket-Version: 13
2023-04-11 09:06:33,455 - DEBUG - > Sec-WebSocket-Extensions: permessage-deflate; client_max_window_bits
2023-04-11 09:06:33,455 - DEBUG - > Sec-WebSocket-Protocol: ocpp1.6
2023-04-11 09:06:33,456 - DEBUG - > Authorization: Basic RVZBUjpFVkFSTEdV
2023-04-11 09:06:33,456 - DEBUG - > User-Agent: Python/3.11 websockets/10.4
2023-04-11 09:06:34,081 - DEBUG - < HTTP/1.1 101 Switching Protocols
2023-04-11 09:06:34,082 - DEBUG - < Connection: upgrade
2023-04-11 09:06:34,082 - DEBUG - < Date: Tue, 11 Apr 2023 00:06:33 GMT
2023-04-11 09:06:34,082 - DEBUG - < sec-websocket-protocol: ocpp1.6
2023-04-11 09:06:34,082 - DEBUG - < upgrade: websocket
2023-04-11 09:06:34,082 - DEBUG - < sec-websocket-accept: ikBoJDtzDpROmV+okUEqyiInmCI=
2023-04-11 09:06:34,082 - DEBUG - < sec-websocket-extensions: permessage-deflate
2023-04-11 09:06:34,082 - DEBUG - < X-Cache: Miss from cloudfront
2023-04-11 09:06:34,082 - DEBUG - < Via: 1.1 3ced0108f56d0634c19ad34e6b299e80.cloudfront.net (CloudFront)
2023-04-11 09:06:34,082 - DEBUG - < X-Amz-Cf-Pop: ICN57-P2
2023-04-11 09:06:34,082 - DEBUG - < X-Amz-Cf-Id: XdVpUlJgP6LMS7_sWSVOcSkvyCKcRdBbxgcUJFD6QiCskSGfWI1Zyw==
2023-04-11 09:06:34,088 - DEBUG - = connection is OPEN
2023-04-11 09:06:34,119 - ERROR - Task exception was never retrieved
future: <Task finished name='Task-2' coro=<ChargerSim.startEvent() done, defined at D:\workspace\wss\main.py:124> exception=JSONDecodeError('Expecting value: line 16 column 22 (char 259)')>
Traceback (most recent call last):
  File "D:\workspace\wss\main.py", line 144, in startEvent
    await self.charger.runcase(self.TC_selected if len(self.TC_selected.keys())>0 else self.TC)
  File "D:\workspace\wss\Charger.py", line 370, in runcase
    doc = self.convertSendDoc(c)
          ^^^^^^^^^^^^^^^^^^^^^^
  File "D:\workspace\wss\Charger.py", line 229, in convertSendDoc
    doc = json.loads(self.ocppdocs)[ocpp[0]]
          ^^^^^^^^^^^^^^^^^^^^^^^^^
  File "C:\Users\LGCNS\AppData\Local\Programs\Python\Python311\Lib\json\__init__.py", line 346, in loads
    return _default_decoder.decode(s)
           ^^^^^^^^^^^^^^^^^^^^^^^^^^
  File "C:\Users\LGCNS\AppData\Local\Programs\Python\Python311\Lib\json\decoder.py", line 337, in decode
    obj, end = self.raw_decode(s, idx=_w(s, 0).end())
               ^^^^^^^^^^^^^^^^^^^^^^^^^^^^^^^^^^^^^^
  File "C:\Users\LGCNS\AppData\Local\Programs\Python\Python311\Lib\json\decoder.py", line 355, in raw_decode
    raise JSONDecodeError("Expecting value", s, err.value) from None
json.decoder.JSONDecodeError: Expecting value: line 16 column 22 (char 259)
2023-04-11 09:06:54,117 - DEBUG - % sending keepalive ping
2023-04-11 09:06:54,118 - DEBUG - > PING 'F.\x10{' [text, 4 bytes]
2023-04-11 09:06:54,130 - DEBUG - < PONG 'F.\x10{' [text, 4 bytes]
2023-04-11 09:06:54,136 - DEBUG - % received keepalive pong
2023-04-11 09:07:14,135 - DEBUG - % sending keepalive ping
2023-04-11 09:07:14,136 - DEBUG - > PING 6f f0 8d 1f [binary, 4 bytes]
2023-04-11 09:07:14,151 - DEBUG - < PONG 6f f0 8d 1f [binary, 4 bytes]
2023-04-11 09:07:14,159 - DEBUG - % received keepalive pong
2023-04-11 09:07:34,155 - DEBUG - % sending keepalive ping
2023-04-11 09:07:34,155 - DEBUG - > PING '`e\x1e,' [text, 4 bytes]
2023-04-11 09:07:34,170 - DEBUG - < PONG '`e\x1e,' [text, 4 bytes]
2023-04-11 09:07:34,177 - DEBUG - % received keepalive pong
2023-04-11 09:07:38,062 - DEBUG - = connection is CONNECTING
2023-04-11 09:07:38,112 - DEBUG - > GET /ocpp16/ELA007C05/EVSCA050001 HTTP/1.1
2023-04-11 09:07:38,112 - DEBUG - > Host: ws.devevspcharger.uplus.co.kr
2023-04-11 09:07:38,112 - DEBUG - > Upgrade: websocket
2023-04-11 09:07:38,113 - DEBUG - > Connection: Upgrade
2023-04-11 09:07:38,113 - DEBUG - > Sec-WebSocket-Key: 4USDqGGg9zMo0348JiCayA==
2023-04-11 09:07:38,113 - DEBUG - > Sec-WebSocket-Version: 13
2023-04-11 09:07:38,113 - DEBUG - > Sec-WebSocket-Extensions: permessage-deflate; client_max_window_bits
2023-04-11 09:07:38,113 - DEBUG - > Sec-WebSocket-Protocol: ocpp1.6
2023-04-11 09:07:38,113 - DEBUG - > Authorization: Basic RVZBUjpFVkFSTEdV
2023-04-11 09:07:38,114 - DEBUG - > User-Agent: Python/3.11 websockets/10.4
2023-04-11 09:07:38,488 - DEBUG - < HTTP/1.1 101 Switching Protocols
2023-04-11 09:07:38,489 - DEBUG - < Connection: upgrade
2023-04-11 09:07:38,489 - DEBUG - < Date: Tue, 11 Apr 2023 00:07:38 GMT
2023-04-11 09:07:38,489 - DEBUG - < sec-websocket-protocol: ocpp1.6
2023-04-11 09:07:38,489 - DEBUG - < upgrade: websocket
2023-04-11 09:07:38,489 - DEBUG - < sec-websocket-accept: 1wucmOVFUo/erMCWqW9CgLWru9U=
2023-04-11 09:07:38,489 - DEBUG - < sec-websocket-extensions: permessage-deflate
2023-04-11 09:07:38,490 - DEBUG - < X-Cache: Miss from cloudfront
2023-04-11 09:07:38,490 - DEBUG - < Via: 1.1 8cd680512056914f119efae770348786.cloudfront.net (CloudFront)
2023-04-11 09:07:38,491 - DEBUG - < X-Amz-Cf-Pop: ICN57-P2
2023-04-11 09:07:38,491 - DEBUG - < X-Amz-Cf-Id: ttoq_EUMilkeIGAJjABS0rRgYdm1VXbtFkV9yPVXO0-eDNx-6ddnrQ==
2023-04-11 09:07:38,491 - DEBUG - = connection is OPEN
2023-04-11 09:07:38,526 - ERROR - Task exception was never retrieved
future: <Task finished name='Task-7' coro=<ChargerSim.startEvent() done, defined at D:\workspace\wss\main.py:124> exception=JSONDecodeError('Expecting value: line 16 column 22 (char 259)')>
Traceback (most recent call last):
  File "D:\workspace\wss\main.py", line 144, in startEvent
    await self.charger.runcase(self.TC_selected if len(self.TC_selected.keys())>0 else self.TC)
  File "D:\workspace\wss\Charger.py", line 370, in runcase
    doc = self.convertSendDoc(c)
          ^^^^^^^^^^^^^^^^^^^^^^
  File "D:\workspace\wss\Charger.py", line 229, in convertSendDoc
    doc = json.loads(self.ocppdocs)[ocpp[0]]
          ^^^^^^^^^^^^^^^^^^^^^^^^^
  File "C:\Users\LGCNS\AppData\Local\Programs\Python\Python311\Lib\json\__init__.py", line 346, in loads
    return _default_decoder.decode(s)
           ^^^^^^^^^^^^^^^^^^^^^^^^^^
  File "C:\Users\LGCNS\AppData\Local\Programs\Python\Python311\Lib\json\decoder.py", line 337, in decode
    obj, end = self.raw_decode(s, idx=_w(s, 0).end())
               ^^^^^^^^^^^^^^^^^^^^^^^^^^^^^^^^^^^^^^
  File "C:\Users\LGCNS\AppData\Local\Programs\Python\Python311\Lib\json\decoder.py", line 355, in raw_decode
    raise JSONDecodeError("Expecting value", s, err.value) from None
json.decoder.JSONDecodeError: Expecting value: line 16 column 22 (char 259)
2023-04-11 09:07:54,172 - DEBUG - % sending keepalive ping
2023-04-11 09:07:54,172 - DEBUG - > PING 33 8a 91 e7 [binary, 4 bytes]
2023-04-11 09:07:54,179 - DEBUG - < PONG 33 8a 91 e7 [binary, 4 bytes]
2023-04-11 09:07:54,185 - DEBUG - % received keepalive pong
2023-04-11 09:07:58,499 - DEBUG - % sending keepalive ping
2023-04-11 09:07:58,499 - DEBUG - > PING 3e a1 1a 9d [binary, 4 bytes]
2023-04-11 09:07:58,506 - DEBUG - < PONG 3e a1 1a 9d [binary, 4 bytes]
2023-04-11 09:07:58,512 - DEBUG - % received keepalive pong
2023-04-11 09:08:14,176 - DEBUG - % sending keepalive ping
2023-04-11 09:08:14,176 - DEBUG - > PING 78 3a 4b d9 [binary, 4 bytes]
2023-04-11 09:08:14,227 - DEBUG - < PONG 78 3a 4b d9 [binary, 4 bytes]
2023-04-11 09:08:14,237 - DEBUG - % received keepalive pong
2023-04-11 09:08:15,599 - DEBUG - = connection is CONNECTING
2023-04-11 09:08:15,665 - DEBUG - > GET /ocpp16/ELA007C05/EVSCA050001 HTTP/1.1
2023-04-11 09:08:15,665 - DEBUG - > Host: ws.devevspcharger.uplus.co.kr
2023-04-11 09:08:15,665 - DEBUG - > Upgrade: websocket
2023-04-11 09:08:15,665 - DEBUG - > Connection: Upgrade
2023-04-11 09:08:15,665 - DEBUG - > Sec-WebSocket-Key: Wc5PCcPqWJMzO9M9Zkvlog==
2023-04-11 09:08:15,666 - DEBUG - > Sec-WebSocket-Version: 13
2023-04-11 09:08:15,666 - DEBUG - > Sec-WebSocket-Extensions: permessage-deflate; client_max_window_bits
2023-04-11 09:08:15,667 - DEBUG - > Sec-WebSocket-Protocol: ocpp1.6
2023-04-11 09:08:15,667 - DEBUG - > Authorization: Basic RVZBUjpFVkFSTEdV
2023-04-11 09:08:15,667 - DEBUG - > User-Agent: Python/3.11 websockets/10.4
2023-04-11 09:08:15,995 - DEBUG - < HTTP/1.1 101 Switching Protocols
2023-04-11 09:08:15,995 - DEBUG - < Connection: upgrade
2023-04-11 09:08:15,996 - DEBUG - < Date: Tue, 11 Apr 2023 00:08:15 GMT
2023-04-11 09:08:15,996 - DEBUG - < sec-websocket-protocol: ocpp1.6
2023-04-11 09:08:15,996 - DEBUG - < upgrade: websocket
2023-04-11 09:08:15,997 - DEBUG - < sec-websocket-accept: LinMZ34U5xDw0Pvmh/JqviByi0U=
2023-04-11 09:08:15,998 - DEBUG - < sec-websocket-extensions: permessage-deflate
2023-04-11 09:08:15,998 - DEBUG - < X-Cache: Miss from cloudfront
2023-04-11 09:08:15,999 - DEBUG - < Via: 1.1 967cab954a1c41e7f76f472d706ab3a0.cloudfront.net (CloudFront)
2023-04-11 09:08:15,999 - DEBUG - < X-Amz-Cf-Pop: ICN57-P2
2023-04-11 09:08:15,999 - DEBUG - < X-Amz-Cf-Id: hKE0s1FuMp1cWqRiOFqfMq5WMHJgyu_Tf2QwzYdduanJpcKkTZdiHg==
2023-04-11 09:08:16,000 - DEBUG - = connection is OPEN
2023-04-11 09:08:16,028 - ERROR - Task exception was never retrieved
future: <Task finished name='Task-12' coro=<ChargerSim.startEvent() done, defined at D:\workspace\wss\main.py:124> exception=JSONDecodeError('Expecting value: line 16 column 22 (char 259)')>
Traceback (most recent call last):
  File "D:\workspace\wss\main.py", line 144, in startEvent
    await self.charger.runcase(self.TC_selected if len(self.TC_selected.keys())>0 else self.TC)
  File "D:\workspace\wss\Charger.py", line 370, in runcase
    doc = self.convertSendDoc(c)
          ^^^^^^^^^^^^^^^^^^^^^^
  File "D:\workspace\wss\Charger.py", line 229, in convertSendDoc
    doc = json.loads(self.ocppdocs)[ocpp[0]]
          ^^^^^^^^^^^^^^^^^^^^^^^^^
  File "C:\Users\LGCNS\AppData\Local\Programs\Python\Python311\Lib\json\__init__.py", line 346, in loads
    return _default_decoder.decode(s)
           ^^^^^^^^^^^^^^^^^^^^^^^^^^
  File "C:\Users\LGCNS\AppData\Local\Programs\Python\Python311\Lib\json\decoder.py", line 337, in decode
    obj, end = self.raw_decode(s, idx=_w(s, 0).end())
               ^^^^^^^^^^^^^^^^^^^^^^^^^^^^^^^^^^^^^^
  File "C:\Users\LGCNS\AppData\Local\Programs\Python\Python311\Lib\json\decoder.py", line 355, in raw_decode
    raise JSONDecodeError("Expecting value", s, err.value) from None
json.decoder.JSONDecodeError: Expecting value: line 16 column 22 (char 259)
2023-04-11 09:08:18,498 - DEBUG - % sending keepalive ping
2023-04-11 09:08:18,499 - DEBUG - > PING bb 7c 17 43 [binary, 4 bytes]
2023-04-11 09:08:18,506 - DEBUG - < PONG bb 7c 17 43 [binary, 4 bytes]
2023-04-11 09:08:18,510 - DEBUG - % received keepalive pong
2023-04-11 09:08:34,241 - DEBUG - % sending keepalive ping
2023-04-11 09:08:34,241 - DEBUG - > PING 13 22 61 dc [binary, 4 bytes]
2023-04-11 09:08:34,251 - DEBUG - < PONG 13 22 61 dc [binary, 4 bytes]
2023-04-11 09:08:34,256 - DEBUG - % received keepalive pong
2023-04-11 09:08:36,036 - DEBUG - % sending keepalive ping
2023-04-11 09:08:36,037 - DEBUG - > PING 68 ab f5 74 [binary, 4 bytes]
2023-04-11 09:08:36,053 - DEBUG - < PONG 68 ab f5 74 [binary, 4 bytes]
2023-04-11 09:08:36,072 - DEBUG - % received keepalive pong
2023-04-11 09:08:38,502 - DEBUG - % sending keepalive ping
2023-04-11 09:08:38,503 - DEBUG - > PING b0 8e 5b 0c [binary, 4 bytes]
2023-04-11 09:08:38,512 - DEBUG - < PONG b0 8e 5b 0c [binary, 4 bytes]
2023-04-11 09:08:38,520 - DEBUG - % received keepalive pong
2023-04-11 09:08:54,260 - DEBUG - % sending keepalive ping
2023-04-11 09:08:54,260 - DEBUG - > PING 0c 05 a2 e7 [binary, 4 bytes]
2023-04-11 09:08:54,270 - DEBUG - < PONG 0c 05 a2 e7 [binary, 4 bytes]
2023-04-11 09:08:54,278 - DEBUG - % received keepalive pong
2023-04-11 09:08:56,071 - DEBUG - % sending keepalive ping
2023-04-11 09:08:56,071 - DEBUG - > PING 3d af 8d da [binary, 4 bytes]
2023-04-11 09:08:56,102 - DEBUG - < PONG 3d af 8d da [binary, 4 bytes]
2023-04-11 09:08:56,108 - DEBUG - % received keepalive pong
2023-04-11 09:08:58,512 - DEBUG - % sending keepalive ping
2023-04-11 09:08:58,514 - DEBUG - > PING 02 78 84 3f [binary, 4 bytes]
2023-04-11 09:08:58,563 - DEBUG - < PONG 02 78 84 3f [binary, 4 bytes]
2023-04-11 09:08:58,587 - DEBUG - % received keepalive pong
2023-04-11 09:09:18,431 - DEBUG - = connection is CONNECTING
2023-04-11 09:09:18,491 - DEBUG - > GET /ocpp16/ELA007C05/EVSCA050001 HTTP/1.1
2023-04-11 09:09:18,492 - DEBUG - > Host: ws.devevspcharger.uplus.co.kr
2023-04-11 09:09:18,493 - DEBUG - > Upgrade: websocket
2023-04-11 09:09:18,493 - DEBUG - > Connection: Upgrade
2023-04-11 09:09:18,493 - DEBUG - > Sec-WebSocket-Key: YJPOuZJu+w07Jf5tPOnX0Q==
2023-04-11 09:09:18,493 - DEBUG - > Sec-WebSocket-Version: 13
2023-04-11 09:09:18,494 - DEBUG - > Sec-WebSocket-Extensions: permessage-deflate; client_max_window_bits
2023-04-11 09:09:18,494 - DEBUG - > Sec-WebSocket-Protocol: ocpp1.6
2023-04-11 09:09:18,494 - DEBUG - > Authorization: Basic RVZBUjpFVkFSTEdV
2023-04-11 09:09:18,494 - DEBUG - > User-Agent: Python/3.11 websockets/10.4
2023-04-11 09:09:18,749 - DEBUG - < HTTP/1.1 101 Switching Protocols
2023-04-11 09:09:18,749 - DEBUG - < Connection: upgrade
2023-04-11 09:09:18,749 - DEBUG - < Date: Tue, 11 Apr 2023 00:09:18 GMT
2023-04-11 09:09:18,750 - DEBUG - < sec-websocket-protocol: ocpp1.6
2023-04-11 09:09:18,750 - DEBUG - < upgrade: websocket
2023-04-11 09:09:18,750 - DEBUG - < sec-websocket-accept: EmQQoZbViR3fW3+dXBek2lnUU6A=
2023-04-11 09:09:18,750 - DEBUG - < sec-websocket-extensions: permessage-deflate
2023-04-11 09:09:18,751 - DEBUG - < X-Cache: Miss from cloudfront
2023-04-11 09:09:18,751 - DEBUG - < Via: 1.1 818e6836f2ca3e700a5577179db933d8.cloudfront.net (CloudFront)
2023-04-11 09:09:18,751 - DEBUG - < X-Amz-Cf-Pop: ICN57-P2
2023-04-11 09:09:18,751 - DEBUG - < X-Amz-Cf-Id: vBvrSesrW2jgBtXDvjs4uKEHKVCHreLK_xQd5q2iZOlVLZifd4co2A==
2023-04-11 09:09:18,758 - DEBUG - = connection is OPEN
2023-04-11 09:09:18,791 - ERROR - Task exception was never retrieved
future: <Task finished name='Task-2' coro=<ChargerSim.startEvent() done, defined at D:\workspace\wss\main.py:124> exception=JSONDecodeError('Expecting value: line 16 column 22 (char 259)')>
Traceback (most recent call last):
  File "D:\workspace\wss\main.py", line 144, in startEvent
    await self.charger.runcase(self.TC_selected if len(self.TC_selected.keys())>0 else self.TC)
  File "D:\workspace\wss\Charger.py", line 371, in runcase
    doc = self.convertSendDoc(c)
          ^^^^^^^^^^^^^^^^^^^^^^
  File "D:\workspace\wss\Charger.py", line 230, in convertSendDoc
    doc = json.loads(self.ocppdocs)[ocpp[0]]
          ^^^^^^^^^^^^^^^^^^^^^^^^^
  File "C:\Users\LGCNS\AppData\Local\Programs\Python\Python311\Lib\json\__init__.py", line 346, in loads
    return _default_decoder.decode(s)
           ^^^^^^^^^^^^^^^^^^^^^^^^^^
  File "C:\Users\LGCNS\AppData\Local\Programs\Python\Python311\Lib\json\decoder.py", line 337, in decode
    obj, end = self.raw_decode(s, idx=_w(s, 0).end())
               ^^^^^^^^^^^^^^^^^^^^^^^^^^^^^^^^^^^^^^
  File "C:\Users\LGCNS\AppData\Local\Programs\Python\Python311\Lib\json\decoder.py", line 355, in raw_decode
    raise JSONDecodeError("Expecting value", s, err.value) from None
json.decoder.JSONDecodeError: Expecting value: line 16 column 22 (char 259)
2023-04-11 09:09:38,759 - DEBUG - % sending keepalive ping
2023-04-11 09:09:38,759 - DEBUG - > PING c9 ce 85 13 [binary, 4 bytes]
2023-04-11 09:09:38,775 - DEBUG - < PONG c9 ce 85 13 [binary, 4 bytes]
2023-04-11 09:09:38,794 - DEBUG - % received keepalive pong
2023-04-11 09:09:58,805 - DEBUG - % sending keepalive ping
2023-04-11 09:09:58,806 - DEBUG - > PING 3d c4 bf bd [binary, 4 bytes]
2023-04-11 09:09:58,816 - DEBUG - < PONG 3d c4 bf bd [binary, 4 bytes]
2023-04-11 09:09:58,827 - DEBUG - % received keepalive pong
2023-04-11 09:10:18,836 - DEBUG - % sending keepalive ping
2023-04-11 09:10:18,837 - DEBUG - > PING 12 b8 2b 41 [binary, 4 bytes]
2023-04-11 09:10:18,857 - DEBUG - < PONG 12 b8 2b 41 [binary, 4 bytes]
2023-04-11 09:10:18,866 - DEBUG - % received keepalive pong
2023-04-11 09:10:38,866 - DEBUG - % sending keepalive ping
2023-04-11 09:10:38,867 - DEBUG - > PING ac 6e fb 98 [binary, 4 bytes]
2023-04-11 09:10:38,877 - DEBUG - < PONG ac 6e fb 98 [binary, 4 bytes]
2023-04-11 09:10:38,882 - DEBUG - % received keepalive pong
2023-04-11 09:10:58,878 - DEBUG - % sending keepalive ping
2023-04-11 09:10:58,878 - DEBUG - > PING 2f c4 21 74 [binary, 4 bytes]
2023-04-11 09:10:58,893 - DEBUG - < PONG 2f c4 21 74 [binary, 4 bytes]
2023-04-11 09:10:58,900 - DEBUG - % received keepalive pong
2023-04-11 09:11:18,874 - DEBUG - % sending keepalive ping
2023-04-11 09:11:18,875 - DEBUG - > PING 02 ad 91 2a [binary, 4 bytes]
2023-04-11 09:11:18,883 - DEBUG - < PONG 02 ad 91 2a [binary, 4 bytes]
2023-04-11 09:11:18,893 - DEBUG - % received keepalive pong
2023-04-11 09:11:38,879 - DEBUG - % sending keepalive ping
2023-04-11 09:11:38,880 - DEBUG - > PING 76 5e 3c 96 [binary, 4 bytes]
2023-04-11 09:11:38,889 - DEBUG - < PONG 76 5e 3c 96 [binary, 4 bytes]
2023-04-11 09:11:38,897 - DEBUG - % received keepalive pong
2023-04-11 09:11:58,886 - DEBUG - % sending keepalive ping
2023-04-11 09:11:58,887 - DEBUG - > PING 99 7e 4e b5 [binary, 4 bytes]
2023-04-11 09:11:58,915 - DEBUG - < PONG 99 7e 4e b5 [binary, 4 bytes]
2023-04-11 09:11:58,923 - DEBUG - % received keepalive pong
2023-04-11 09:12:18,931 - DEBUG - % sending keepalive ping
2023-04-11 09:12:18,932 - DEBUG - > PING 25 67 3c ed [binary, 4 bytes]
2023-04-11 09:12:18,942 - DEBUG - < PONG 25 67 3c ed [binary, 4 bytes]
2023-04-11 09:12:18,950 - DEBUG - % received keepalive pong
2023-04-11 09:12:38,971 - DEBUG - % sending keepalive ping
2023-04-11 09:12:38,972 - DEBUG - > PING a6 4a 16 4c [binary, 4 bytes]
2023-04-11 09:12:38,983 - DEBUG - < PONG a6 4a 16 4c [binary, 4 bytes]
2023-04-11 09:12:38,990 - DEBUG - % received keepalive pong
2023-04-11 09:12:58,993 - DEBUG - % sending keepalive ping
2023-04-11 09:12:58,993 - DEBUG - > PING "E\r'7" [text, 4 bytes]
2023-04-11 09:12:59,003 - DEBUG - < PONG "E\r'7" [text, 4 bytes]
2023-04-11 09:12:59,010 - DEBUG - % received keepalive pong
2023-04-11 09:13:19,005 - DEBUG - % sending keepalive ping
2023-04-11 09:13:19,006 - DEBUG - > PING 74 1a 57 85 [binary, 4 bytes]
2023-04-11 09:13:19,020 - DEBUG - < PONG 74 1a 57 85 [binary, 4 bytes]
2023-04-11 09:13:19,029 - DEBUG - % received keepalive pong
2023-04-11 09:13:39,031 - DEBUG - % sending keepalive ping
2023-04-11 09:13:39,031 - DEBUG - > PING 89 a3 4f c8 [binary, 4 bytes]
2023-04-11 09:13:39,041 - DEBUG - < PONG 89 a3 4f c8 [binary, 4 bytes]
2023-04-11 09:13:39,048 - DEBUG - % received keepalive pong
2023-04-11 09:13:59,053 - DEBUG - % sending keepalive ping
2023-04-11 09:13:59,053 - DEBUG - > PING 82 f0 21 d1 [binary, 4 bytes]
2023-04-11 09:13:59,066 - DEBUG - < PONG 82 f0 21 d1 [binary, 4 bytes]
2023-04-11 09:13:59,072 - DEBUG - % received keepalive pong
2023-04-11 09:14:19,058 - DEBUG - % sending keepalive ping
2023-04-11 09:14:19,058 - DEBUG - > PING 36 ec 67 64 [binary, 4 bytes]
2023-04-11 09:14:19,068 - DEBUG - < PONG 36 ec 67 64 [binary, 4 bytes]
2023-04-11 09:14:19,077 - DEBUG - % received keepalive pong
2023-04-11 09:14:39,089 - DEBUG - % sending keepalive ping
2023-04-11 09:14:39,089 - DEBUG - > PING 03 3d 42 c5 [binary, 4 bytes]
2023-04-11 09:14:39,100 - DEBUG - < PONG 03 3d 42 c5 [binary, 4 bytes]
2023-04-11 09:14:39,108 - DEBUG - % received keepalive pong
2023-04-11 09:14:59,106 - DEBUG - % sending keepalive ping
2023-04-11 09:14:59,107 - DEBUG - > PING 00 36 92 c6 [binary, 4 bytes]
2023-04-11 09:14:59,114 - DEBUG - < PONG 00 36 92 c6 [binary, 4 bytes]
2023-04-11 09:14:59,122 - DEBUG - % received keepalive pong
2023-04-11 09:15:19,123 - DEBUG - % sending keepalive ping
2023-04-11 09:15:19,123 - DEBUG - > PING '\r-~!' [text, 4 bytes]
2023-04-11 09:15:19,134 - DEBUG - < PONG '\r-~!' [text, 4 bytes]
2023-04-11 09:15:19,154 - DEBUG - % received keepalive pong
2023-04-11 09:15:39,158 - DEBUG - % sending keepalive ping
2023-04-11 09:15:39,158 - DEBUG - > PING 0c 25 65 f1 [binary, 4 bytes]
2023-04-11 09:15:39,166 - DEBUG - < PONG 0c 25 65 f1 [binary, 4 bytes]
2023-04-11 09:15:39,172 - DEBUG - % received keepalive pong
2023-04-11 09:15:50,209 - DEBUG - = connection is CONNECTING
2023-04-11 09:15:50,246 - DEBUG - > GET /ocpp16/ELA007C05/EVSCA050001 HTTP/1.1
2023-04-11 09:15:50,246 - DEBUG - > Host: ws.devevspcharger.uplus.co.kr
2023-04-11 09:15:50,247 - DEBUG - > Upgrade: websocket
2023-04-11 09:15:50,247 - DEBUG - > Connection: Upgrade
2023-04-11 09:15:50,247 - DEBUG - > Sec-WebSocket-Key: PqsoKgNdYUGfftBqiUPUNA==
2023-04-11 09:15:50,247 - DEBUG - > Sec-WebSocket-Version: 13
2023-04-11 09:15:50,247 - DEBUG - > Sec-WebSocket-Extensions: permessage-deflate; client_max_window_bits
2023-04-11 09:15:50,249 - DEBUG - > Sec-WebSocket-Protocol: ocpp1.6
2023-04-11 09:15:50,249 - DEBUG - > Authorization: Basic RVZBUjpFVkFSTEdV
2023-04-11 09:15:50,249 - DEBUG - > User-Agent: Python/3.11 websockets/10.4
2023-04-11 09:15:51,760 - DEBUG - < HTTP/1.1 101 Switching Protocols
2023-04-11 09:15:51,761 - DEBUG - < Connection: upgrade
2023-04-11 09:15:51,761 - DEBUG - < Date: Tue, 11 Apr 2023 00:15:51 GMT
2023-04-11 09:15:51,762 - DEBUG - < sec-websocket-protocol: ocpp1.6
2023-04-11 09:15:51,762 - DEBUG - < upgrade: websocket
2023-04-11 09:15:51,763 - DEBUG - < sec-websocket-accept: dbW/5Rm+vsAftRlFONi1eLKVeqo=
2023-04-11 09:15:51,763 - DEBUG - < sec-websocket-extensions: permessage-deflate
2023-04-11 09:15:51,763 - DEBUG - < X-Cache: Miss from cloudfront
2023-04-11 09:15:51,764 - DEBUG - < Via: 1.1 41a89bdb610eb303e698e5cb65ce5b76.cloudfront.net (CloudFront)
2023-04-11 09:15:51,764 - DEBUG - < X-Amz-Cf-Pop: ICN57-P2
2023-04-11 09:15:51,765 - DEBUG - < X-Amz-Cf-Id: hiuLSQHWq5C-LvmjA-uSNSRJsl1aezBk-VUWXv7OHLOi-BDNGhyx-Q==
2023-04-11 09:15:51,765 - DEBUG - = connection is OPEN
2023-04-11 09:15:51,818 - DEBUG - > TEXT '[2, "ed4bb732-61c3-4337-be1e-ab9c4b714e4a", "Bo...ePointVendor": "EVAR"}]' [127 bytes]
2023-04-11 09:15:52,178 - DEBUG - < TEXT '[3, "ed4bb732-61c3-4337-be1e-ab9c4b714e4a", {"s...51Z", "interval": 600}]' [123 bytes]
2023-04-11 09:15:52,230 - DEBUG - = connection is CLOSING
2023-04-11 09:15:52,230 - DEBUG - > CLOSE 1000 (OK) [2 bytes]
2023-04-11 09:15:52,239 - DEBUG - < CLOSE 1000 (OK) [2 bytes]
2023-04-11 09:15:52,247 - DEBUG - = connection is CLOSED
2023-04-11 09:15:59,177 - DEBUG - % sending keepalive ping
2023-04-11 09:15:59,177 - DEBUG - > PING 02 cb bd ac [binary, 4 bytes]
2023-04-11 09:15:59,185 - DEBUG - < PONG 02 cb bd ac [binary, 4 bytes]
2023-04-11 09:15:59,192 - DEBUG - % received keepalive pong
2023-04-11 09:16:19,179 - DEBUG - % sending keepalive ping
2023-04-11 09:16:19,180 - DEBUG - > PING 89 44 c8 60 [binary, 4 bytes]
2023-04-11 09:16:19,197 - DEBUG - < PONG 89 44 c8 60 [binary, 4 bytes]
2023-04-11 09:16:19,211 - DEBUG - % received keepalive pong
2023-04-11 09:16:39,204 - DEBUG - % sending keepalive ping
2023-04-11 09:16:39,204 - DEBUG - > PING fb 06 01 25 [binary, 4 bytes]
2023-04-11 09:16:39,215 - DEBUG - < PONG fb 06 01 25 [binary, 4 bytes]
2023-04-11 09:16:39,225 - DEBUG - % received keepalive pong
2023-04-11 09:16:59,201 - DEBUG - % sending keepalive ping
2023-04-11 09:16:59,201 - DEBUG - > PING de 91 8d d2 [binary, 4 bytes]
2023-04-11 09:16:59,209 - DEBUG - < PONG de 91 8d d2 [binary, 4 bytes]
2023-04-11 09:16:59,217 - DEBUG - % received keepalive pong
2023-04-11 09:17:19,205 - DEBUG - % sending keepalive ping
2023-04-11 09:17:19,205 - DEBUG - > PING e3 7a 17 4a [binary, 4 bytes]
2023-04-11 09:17:19,212 - DEBUG - < PONG e3 7a 17 4a [binary, 4 bytes]
2023-04-11 09:17:19,219 - DEBUG - % received keepalive pong
2023-04-11 09:17:39,207 - DEBUG - % sending keepalive ping
2023-04-11 09:17:39,209 - DEBUG - > PING 13 0d e1 6d [binary, 4 bytes]
2023-04-11 09:17:39,217 - DEBUG - < PONG 13 0d e1 6d [binary, 4 bytes]
2023-04-11 09:17:39,239 - DEBUG - % received keepalive pong
2023-04-11 09:21:39,124 - DEBUG - = connection is CONNECTING
2023-04-11 09:21:39,279 - DEBUG - > GET /ocpp16/ELA007C05/EVSCA050001 HTTP/1.1
2023-04-11 09:21:39,279 - DEBUG - > Host: ws.devevspcharger.uplus.co.kr
2023-04-11 09:21:39,280 - DEBUG - > Upgrade: websocket
2023-04-11 09:21:39,280 - DEBUG - > Connection: Upgrade
2023-04-11 09:21:39,280 - DEBUG - > Sec-WebSocket-Key: IUj2iRtggJehK6YIGssMJA==
2023-04-11 09:21:39,280 - DEBUG - > Sec-WebSocket-Version: 13
2023-04-11 09:21:39,280 - DEBUG - > Sec-WebSocket-Extensions: permessage-deflate; client_max_window_bits
2023-04-11 09:21:39,280 - DEBUG - > Sec-WebSocket-Protocol: ocpp1.6
2023-04-11 09:21:39,280 - DEBUG - > Authorization: Basic RVZBUjpFVkFSTEdV
2023-04-11 09:21:39,280 - DEBUG - > User-Agent: Python/3.11 websockets/10.4
2023-04-11 09:21:39,830 - DEBUG - < HTTP/1.1 101 Switching Protocols
2023-04-11 09:21:39,830 - DEBUG - < Connection: upgrade
2023-04-11 09:21:39,830 - DEBUG - < Date: Tue, 11 Apr 2023 00:21:39 GMT
2023-04-11 09:21:39,831 - DEBUG - < sec-websocket-protocol: ocpp1.6
2023-04-11 09:21:39,831 - DEBUG - < upgrade: websocket
2023-04-11 09:21:39,831 - DEBUG - < sec-websocket-accept: zkZaNNfEOMG+V7tu1EOozKc/mMg=
2023-04-11 09:21:39,831 - DEBUG - < sec-websocket-extensions: permessage-deflate
2023-04-11 09:21:39,831 - DEBUG - < X-Cache: Miss from cloudfront
2023-04-11 09:21:39,831 - DEBUG - < Via: 1.1 d21d7f64d4ce2d8fcbb5fbee217cca5a.cloudfront.net (CloudFront)
2023-04-11 09:21:39,832 - DEBUG - < X-Amz-Cf-Pop: ICN57-P2
2023-04-11 09:21:39,832 - DEBUG - < X-Amz-Cf-Id: 0MuNIEc5PzR4yVIv3g0vZA0NpTf1j6MXrjuPutpQ43dY-K-2PNEChg==
2023-04-11 09:21:39,912 - DEBUG - = connection is OPEN
2023-04-11 09:21:40,149 - DEBUG - > TEXT '[2, "ef9e2697-0df7-41f4-8408-31cc9f7de381", "Bo...ePointVendor": "EVAR"}]' [127 bytes]
2023-04-11 09:21:41,303 - DEBUG - < TEXT '[3, "ef9e2697-0df7-41f4-8408-31cc9f7de381", {"s...40Z", "interval": 600}]' [123 bytes]
2023-04-11 09:21:41,532 - DEBUG - = connection is CLOSING
2023-04-11 09:21:41,533 - DEBUG - > CLOSE 1000 (OK) [2 bytes]
2023-04-11 09:21:41,543 - DEBUG - < CLOSE 1000 (OK) [2 bytes]
2023-04-11 09:21:41,554 - DEBUG - = connection is CLOSED
2023-04-11 09:30:27,625 - DEBUG - = connection is CONNECTING
2023-04-11 09:30:27,667 - DEBUG - > GET /ocpp16/ELA007C05/EVSCA050001 HTTP/1.1
2023-04-11 09:30:27,668 - DEBUG - > Host: ws.devevspcharger.uplus.co.kr
2023-04-11 09:30:27,668 - DEBUG - > Upgrade: websocket
2023-04-11 09:30:27,668 - DEBUG - > Connection: Upgrade
2023-04-11 09:30:27,668 - DEBUG - > Sec-WebSocket-Key: BGt573ZFW10VdsX8TK9fSA==
2023-04-11 09:30:27,668 - DEBUG - > Sec-WebSocket-Version: 13
2023-04-11 09:30:27,668 - DEBUG - > Sec-WebSocket-Extensions: permessage-deflate; client_max_window_bits
2023-04-11 09:30:27,669 - DEBUG - > Sec-WebSocket-Protocol: ocpp1.6
2023-04-11 09:30:27,669 - DEBUG - > Authorization: Basic RVZBUjpFVkFSTEdV
2023-04-11 09:30:27,669 - DEBUG - > User-Agent: Python/3.11 websockets/10.4
2023-04-11 09:30:28,203 - DEBUG - < HTTP/1.1 101 Switching Protocols
2023-04-11 09:30:28,203 - DEBUG - < Connection: upgrade
2023-04-11 09:30:28,204 - DEBUG - < Date: Tue, 11 Apr 2023 00:30:28 GMT
2023-04-11 09:30:28,204 - DEBUG - < sec-websocket-protocol: ocpp1.6
2023-04-11 09:30:28,204 - DEBUG - < upgrade: websocket
2023-04-11 09:30:28,204 - DEBUG - < sec-websocket-accept: 3miI97PpJwqIJt/eCIKQZ1mzvJw=
2023-04-11 09:30:28,204 - DEBUG - < sec-websocket-extensions: permessage-deflate
2023-04-11 09:30:28,204 - DEBUG - < X-Cache: Miss from cloudfront
2023-04-11 09:30:28,205 - DEBUG - < Via: 1.1 ba725da875f43fb311efeb484e55ed1a.cloudfront.net (CloudFront)
2023-04-11 09:30:28,205 - DEBUG - < X-Amz-Cf-Pop: ICN57-P2
2023-04-11 09:30:28,205 - DEBUG - < X-Amz-Cf-Id: 5teZ2sodW1ltB_BjGWoh-eIJsWG7iYcHRSofb_fRKaYYqeZrd_dvOw==
2023-04-11 09:30:28,205 - DEBUG - = connection is OPEN
2023-04-11 09:30:28,249 - ERROR - Task exception was never retrieved
future: <Task finished name='Task-2' coro=<ChargerSim.startEvent() done, defined at D:\workspace\wss\main.py:124> exception=AttributeError("'NoneType' object has no attribute 'keys'")>
Traceback (most recent call last):
  File "D:\workspace\wss\main.py", line 144, in startEvent
    await self.charger.runcase(self.TC_selected if len(self.TC_selected.keys())>0 else self.TC)
  File "D:\workspace\wss\Charger.py", line 368, in runcase
    doc = self.convertSendDoc(c)
          ^^^^^^^^^^^^^^^^^^^^^^
  File "D:\workspace\wss\Charger.py", line 233, in convertSendDoc
    for c in ocpp[1].keys():
             ^^^^^^^^^^^^
AttributeError: 'NoneType' object has no attribute 'keys'
2023-04-11 09:30:48,246 - DEBUG - % sending keepalive ping
2023-04-11 09:30:48,246 - DEBUG - > PING c2 cd 42 29 [binary, 4 bytes]
2023-04-11 09:30:48,260 - DEBUG - < PONG c2 cd 42 29 [binary, 4 bytes]
2023-04-11 09:30:48,272 - DEBUG - % received keepalive pong
2023-04-11 09:31:09,856 - DEBUG - = connection is CONNECTING
2023-04-11 09:31:09,903 - DEBUG - > GET /ocpp16/ELA007C05/EVSCA050001 HTTP/1.1
2023-04-11 09:31:09,904 - DEBUG - > Host: ws.devevspcharger.uplus.co.kr
2023-04-11 09:31:09,904 - DEBUG - > Upgrade: websocket
2023-04-11 09:31:09,904 - DEBUG - > Connection: Upgrade
2023-04-11 09:31:09,904 - DEBUG - > Sec-WebSocket-Key: 2qeQVxEQFl/EOwerYmWWqA==
2023-04-11 09:31:09,904 - DEBUG - > Sec-WebSocket-Version: 13
2023-04-11 09:31:09,904 - DEBUG - > Sec-WebSocket-Extensions: permessage-deflate; client_max_window_bits
2023-04-11 09:31:09,905 - DEBUG - > Sec-WebSocket-Protocol: ocpp1.6
2023-04-11 09:31:09,905 - DEBUG - > Authorization: Basic RVZBUjpFVkFSTEdV
2023-04-11 09:31:09,905 - DEBUG - > User-Agent: Python/3.11 websockets/10.4
2023-04-11 09:31:10,249 - DEBUG - < HTTP/1.1 101 Switching Protocols
2023-04-11 09:31:10,249 - DEBUG - < Connection: upgrade
2023-04-11 09:31:10,249 - DEBUG - < Date: Tue, 11 Apr 2023 00:31:10 GMT
2023-04-11 09:31:10,249 - DEBUG - < sec-websocket-protocol: ocpp1.6
2023-04-11 09:31:10,249 - DEBUG - < upgrade: websocket
2023-04-11 09:31:10,250 - DEBUG - < sec-websocket-accept: 8RSX4z7q7Yh/rMTRVW+q4VeEXJ4=
2023-04-11 09:31:10,250 - DEBUG - < sec-websocket-extensions: permessage-deflate
2023-04-11 09:31:10,250 - DEBUG - < X-Cache: Miss from cloudfront
2023-04-11 09:31:10,250 - DEBUG - < Via: 1.1 3544dee363e510a888d5171c071b297e.cloudfront.net (CloudFront)
2023-04-11 09:31:10,250 - DEBUG - < X-Amz-Cf-Pop: ICN57-P2
2023-04-11 09:31:10,250 - DEBUG - < X-Amz-Cf-Id: vnGr4ZSGLFmN0ncVuhK1fRwOsn-O4XVQeY7dtBO44CFWL0FUegySjQ==
2023-04-11 09:31:10,251 - DEBUG - = connection is OPEN
2023-04-11 09:31:10,287 - DEBUG - > TEXT '[2, "91c0dd80-1a93-489b-8bb6-fd9fe7441a42", "Bo...ePointVendor": "EVAR"}]' [127 bytes]
2023-04-11 09:31:10,673 - DEBUG - < TEXT '[3, "91c0dd80-1a93-489b-8bb6-fd9fe7441a42", {"s...10Z", "interval": 600}]' [123 bytes]
2023-04-11 09:31:10,700 - DEBUG - > TEXT '[2, "91c0dd80-1a93-489b-8bb6-fd9fe7441a42", "St..."status": "Available"}]' [132 bytes]
2023-04-11 09:31:11,507 - DEBUG - < TEXT '[3, "91c0dd80-1a93-489b-8bb6-fd9fe7441a42", {}]' [47 bytes]
2023-04-11 09:31:11,536 - DEBUG - > TEXT '[2, "91c0dd80-1a93-489b-8bb6-fd9fe7441a42", "Au...": "1031040000069641"}]' [87 bytes]
2023-04-11 09:31:12,061 - DEBUG - < TEXT '[3, "91c0dd80-1a93-489b-8bb6-fd9fe7441a42", {"i..."status": "Accepted"}}]' [82 bytes]
2023-04-11 09:31:12,098 - DEBUG - = connection is CLOSING
2023-04-11 09:31:12,098 - DEBUG - > CLOSE 1000 (OK) [2 bytes]
2023-04-11 09:31:12,112 - DEBUG - < CLOSE 1000 (OK) [2 bytes]
2023-04-11 09:31:12,121 - DEBUG - = connection is CLOSED
2023-04-12 13:03:38,689 - DEBUG - = connection is CONNECTING
2023-04-12 13:03:38,769 - DEBUG - > GET /ocpp16/ELA007C05/EVSCA050001 HTTP/1.1
2023-04-12 13:03:38,769 - DEBUG - > Host: ws.devevspcharger.uplus.co.kr
2023-04-12 13:03:38,769 - DEBUG - > Upgrade: websocket
2023-04-12 13:03:38,769 - DEBUG - > Connection: Upgrade
2023-04-12 13:03:38,769 - DEBUG - > Sec-WebSocket-Key: dD49hNZVTgRl1LzxxUf+sg==
2023-04-12 13:03:38,769 - DEBUG - > Sec-WebSocket-Version: 13
2023-04-12 13:03:38,769 - DEBUG - > Sec-WebSocket-Extensions: permessage-deflate; client_max_window_bits
2023-04-12 13:03:38,770 - DEBUG - > Sec-WebSocket-Protocol: ocpp1.6
2023-04-12 13:03:38,770 - DEBUG - > Authorization: Basic RVZBUjpFVkFSTEdV
2023-04-12 13:03:38,770 - DEBUG - > User-Agent: Python/3.11 websockets/10.4
2023-04-12 13:03:40,213 - DEBUG - < HTTP/1.1 101 Switching Protocols
2023-04-12 13:03:40,213 - DEBUG - < Connection: upgrade
2023-04-12 13:03:40,214 - DEBUG - < Date: Wed, 12 Apr 2023 04:03:40 GMT
2023-04-12 13:03:40,214 - DEBUG - < sec-websocket-protocol: ocpp1.6
2023-04-12 13:03:40,214 - DEBUG - < upgrade: websocket
2023-04-12 13:03:40,214 - DEBUG - < sec-websocket-accept: mGYsuLbHb+mdgQxDIirh6YvIz5U=
2023-04-12 13:03:40,214 - DEBUG - < sec-websocket-extensions: permessage-deflate
2023-04-12 13:03:40,214 - DEBUG - < X-Cache: Miss from cloudfront
2023-04-12 13:03:40,214 - DEBUG - < Via: 1.1 41a89bdb610eb303e698e5cb65ce5b76.cloudfront.net (CloudFront)
2023-04-12 13:03:40,214 - DEBUG - < X-Amz-Cf-Pop: ICN57-P2
2023-04-12 13:03:40,214 - DEBUG - < X-Amz-Cf-Id: j7pDzN0bxRZd6oxLtTTJiX-i2YJWmfHesP2YoMKXAGvJ__DSrHeFrQ==
2023-04-12 13:03:40,220 - DEBUG - = connection is OPEN
2023-04-12 13:03:40,358 - DEBUG - > TEXT '[2, "bc8818a4-24d8-4723-9d67-9e6de566ff5a", "Bo...ePointVendor": "EVAR"}]' [127 bytes]
2023-04-12 13:03:40,841 - DEBUG - < TEXT '[3, "bc8818a4-24d8-4723-9d67-9e6de566ff5a", {"s...40Z", "interval": 600}]' [123 bytes]
2023-04-12 13:03:40,875 - DEBUG - > TEXT '[2, "bc8818a4-24d8-4723-9d67-9e6de566ff5a", "St..."status": "Available"}]' [132 bytes]
2023-04-12 13:03:41,799 - DEBUG - < TEXT '[3, "bc8818a4-24d8-4723-9d67-9e6de566ff5a", {}]' [47 bytes]
2023-04-12 13:03:41,830 - DEBUG - > TEXT '[2, "bc8818a4-24d8-4723-9d67-9e6de566ff5a", "Au...": "1031040000069641"}]' [87 bytes]
2023-04-12 13:03:42,370 - DEBUG - < TEXT '[3, "bc8818a4-24d8-4723-9d67-9e6de566ff5a", {"i..."status": "Accepted"}}]' [82 bytes]
2023-04-12 13:03:42,403 - DEBUG - = connection is CLOSING
2023-04-12 13:03:42,403 - DEBUG - > CLOSE 1000 (OK) [2 bytes]
2023-04-12 13:03:42,412 - DEBUG - < CLOSE 1000 (OK) [2 bytes]
2023-04-12 13:03:42,419 - DEBUG - = connection is CLOSED
2023-04-12 13:05:39,203 - DEBUG - = connection is CONNECTING
2023-04-12 13:05:39,240 - DEBUG - > GET /ocpp16/ELA007C05/EVSCA050001 HTTP/1.1
2023-04-12 13:05:39,240 - DEBUG - > Host: ws.devevspcharger.uplus.co.kr
2023-04-12 13:05:39,240 - DEBUG - > Upgrade: websocket
2023-04-12 13:05:39,240 - DEBUG - > Connection: Upgrade
2023-04-12 13:05:39,240 - DEBUG - > Sec-WebSocket-Key: g3vwM30yT+7F40iAwRI/8w==
2023-04-12 13:05:39,240 - DEBUG - > Sec-WebSocket-Version: 13
2023-04-12 13:05:39,240 - DEBUG - > Sec-WebSocket-Extensions: permessage-deflate; client_max_window_bits
2023-04-12 13:05:39,241 - DEBUG - > Sec-WebSocket-Protocol: ocpp1.6
2023-04-12 13:05:39,241 - DEBUG - > Authorization: Basic RVZBUjpFVkFSTEdV
2023-04-12 13:05:39,241 - DEBUG - > User-Agent: Python/3.11 websockets/10.4
2023-04-12 13:05:39,898 - DEBUG - < HTTP/1.1 101 Switching Protocols
2023-04-12 13:05:39,898 - DEBUG - < Connection: upgrade
2023-04-12 13:05:39,898 - DEBUG - < Date: Wed, 12 Apr 2023 04:05:39 GMT
2023-04-12 13:05:39,898 - DEBUG - < sec-websocket-protocol: ocpp1.6
2023-04-12 13:05:39,898 - DEBUG - < upgrade: websocket
2023-04-12 13:05:39,898 - DEBUG - < sec-websocket-accept: ooyGg1H79YGrqXLdfHZEV/bWm58=
2023-04-12 13:05:39,899 - DEBUG - < sec-websocket-extensions: permessage-deflate
2023-04-12 13:05:39,899 - DEBUG - < X-Cache: Miss from cloudfront
2023-04-12 13:05:39,899 - DEBUG - < Via: 1.1 d21d7f64d4ce2d8fcbb5fbee217cca5a.cloudfront.net (CloudFront)
2023-04-12 13:05:39,899 - DEBUG - < X-Amz-Cf-Pop: ICN57-P2
2023-04-12 13:05:39,899 - DEBUG - < X-Amz-Cf-Id: S16pkLmSngQosyQvBbIxeau0srmJVw-joXGAKLQBKmaoP3-5NCcgOQ==
2023-04-12 13:05:39,899 - DEBUG - = connection is OPEN
2023-04-12 13:05:39,921 - DEBUG - > TEXT '[2, "7b299064-13f7-46a4-8e85-02260da6e83f", "Bo...ePointVendor": "EVAR"}]' [127 bytes]
2023-04-12 13:05:40,380 - DEBUG - < TEXT '[3, "7b299064-13f7-46a4-8e85-02260da6e83f", {"s...40Z", "interval": 600}]' [123 bytes]
2023-04-12 13:05:40,401 - DEBUG - > TEXT '[2, "7b299064-13f7-46a4-8e85-02260da6e83f", "St..."status": "Available"}]' [132 bytes]
2023-04-12 13:05:40,700 - DEBUG - < TEXT '[3, "7b299064-13f7-46a4-8e85-02260da6e83f", {}]' [47 bytes]
2023-04-12 13:05:40,721 - DEBUG - > TEXT '[2, "7b299064-13f7-46a4-8e85-02260da6e83f", "Au...": "1031040000069641"}]' [87 bytes]
2023-04-12 13:05:40,997 - DEBUG - < TEXT '[3, "7b299064-13f7-46a4-8e85-02260da6e83f", {"i..."status": "Accepted"}}]' [82 bytes]
2023-04-12 13:05:41,040 - DEBUG - > TEXT '[2, "e99b81a1-7116-4c70-bc47-95db85a01ea4", "St...2023-04-12T13:05:39Z"}]' [170 bytes]
2023-04-12 13:05:41,663 - DEBUG - < TEXT '[3, "e99b81a1-7116-4c70-bc47-95db85a01ea4", {"t..."status": "Accepted"}}]' [110 bytes]
2023-04-12 13:05:41,730 - DEBUG - > TEXT '[2, "7b299064-13f7-46a4-8e85-02260da6e83f", "St... "status": "Charging"}]' [131 bytes]
2023-04-12 13:05:41,921 - DEBUG - < TEXT '[3, "7b299064-13f7-46a4-8e85-02260da6e83f", {}]' [47 bytes]
2023-04-12 13:05:41,963 - DEBUG - > TEXT '[2, "0ecd7ee6-8d3f-4216-9732-bba945ab2fc7", "Me...er", "unit": "Wh"}]}]}]' [259 bytes]
2023-04-12 13:05:42,182 - DEBUG - < TEXT '[4, "0ecd7ee6-8d3f-4216-9732-bba945ab2fc7", {"e...the requested Action"}]' [187 bytes]
2023-04-12 13:05:42,221 - DEBUG - = connection is CLOSING
2023-04-12 13:05:42,221 - DEBUG - > CLOSE 1000 (OK) [2 bytes]
2023-04-12 13:05:42,229 - DEBUG - < CLOSE 1000 (OK) [2 bytes]
2023-04-12 13:05:42,232 - DEBUG - = connection is CLOSED
2023-04-12 13:07:25,232 - DEBUG - = connection is CONNECTING
2023-04-12 13:07:25,275 - DEBUG - > GET /ocpp16/ELA007C05/EVSCA050001 HTTP/1.1
2023-04-12 13:07:25,276 - DEBUG - > Host: ws.devevspcharger.uplus.co.kr
2023-04-12 13:07:25,276 - DEBUG - > Upgrade: websocket
2023-04-12 13:07:25,276 - DEBUG - > Connection: Upgrade
2023-04-12 13:07:25,276 - DEBUG - > Sec-WebSocket-Key: ejcllxLnVEkOED7kkYlAxw==
2023-04-12 13:07:25,276 - DEBUG - > Sec-WebSocket-Version: 13
2023-04-12 13:07:25,276 - DEBUG - > Sec-WebSocket-Extensions: permessage-deflate; client_max_window_bits
2023-04-12 13:07:25,277 - DEBUG - > Sec-WebSocket-Protocol: ocpp1.6
2023-04-12 13:07:25,277 - DEBUG - > Authorization: Basic RVZBUjpFVkFSTEdV
2023-04-12 13:07:25,277 - DEBUG - > User-Agent: Python/3.11 websockets/10.4
2023-04-12 13:07:25,826 - DEBUG - < HTTP/1.1 101 Switching Protocols
2023-04-12 13:07:25,826 - DEBUG - < Connection: upgrade
2023-04-12 13:07:25,826 - DEBUG - < Date: Wed, 12 Apr 2023 04:07:25 GMT
2023-04-12 13:07:25,827 - DEBUG - < sec-websocket-protocol: ocpp1.6
2023-04-12 13:07:25,827 - DEBUG - < upgrade: websocket
2023-04-12 13:07:25,827 - DEBUG - < sec-websocket-accept: p9I67YASTu24URCN3GL0AAcFxqQ=
2023-04-12 13:07:25,827 - DEBUG - < sec-websocket-extensions: permessage-deflate
2023-04-12 13:07:25,827 - DEBUG - < X-Cache: Miss from cloudfront
2023-04-12 13:07:25,827 - DEBUG - < Via: 1.1 9ce5dfe6a640bb6a762b3c2889e2317e.cloudfront.net (CloudFront)
2023-04-12 13:07:25,827 - DEBUG - < X-Amz-Cf-Pop: ICN57-P2
2023-04-12 13:07:25,827 - DEBUG - < X-Amz-Cf-Id: RQl7quERvdpguWWNUaND2VHnmvcr_k94aTNk889GTsdUe4Tn1mr64g==
2023-04-12 13:07:25,828 - DEBUG - = connection is OPEN
2023-04-12 13:07:25,864 - DEBUG - > TEXT '[2, "4ef45fcf-decc-4738-98b6-eaaa28bf4516", "Bo...ePointVendor": "EVAR"}]' [127 bytes]
2023-04-12 13:07:26,121 - DEBUG - < TEXT '[3, "4ef45fcf-decc-4738-98b6-eaaa28bf4516", {"s...25Z", "interval": 600}]' [123 bytes]
2023-04-12 13:07:26,180 - DEBUG - > TEXT '[2, "4ef45fcf-decc-4738-98b6-eaaa28bf4516", "St..."status": "Available"}]' [132 bytes]
2023-04-12 13:07:26,464 - DEBUG - < TEXT '[3, "4ef45fcf-decc-4738-98b6-eaaa28bf4516", {}]' [47 bytes]
2023-04-12 13:07:26,508 - DEBUG - > TEXT '[2, "4ef45fcf-decc-4738-98b6-eaaa28bf4516", "Au...": "1031040000069641"}]' [87 bytes]
2023-04-12 13:07:26,743 - DEBUG - < TEXT '[3, "4ef45fcf-decc-4738-98b6-eaaa28bf4516", {"i..."status": "Accepted"}}]' [82 bytes]
2023-04-12 13:07:26,788 - DEBUG - > TEXT '[2, "7af0aecc-6fd1-4414-9ee7-4fc0cea24ff0", "St...2023-04-12T13:07:25Z"}]' [170 bytes]
2023-04-12 13:07:27,124 - DEBUG - < TEXT '[3, "7af0aecc-6fd1-4414-9ee7-4fc0cea24ff0", {"t..."status": "Accepted"}}]' [110 bytes]
2023-04-12 13:07:27,175 - DEBUG - > TEXT '[2, "4ef45fcf-decc-4738-98b6-eaaa28bf4516", "St... "status": "Charging"}]' [131 bytes]
2023-04-12 13:07:27,368 - DEBUG - < TEXT '[3, "4ef45fcf-decc-4738-98b6-eaaa28bf4516", {}]' [47 bytes]
2023-04-12 13:07:27,431 - DEBUG - > TEXT '[2, "a963f398-4625-4aa4-8ebd-fb22bc475b1c", "Me...er", "unit": "Wh"}]}]}]' [259 bytes]
2023-04-12 13:07:27,602 - DEBUG - < TEXT '[4, "a963f398-4625-4aa4-8ebd-fb22bc475b1c", {"e...the requested Action"}]' [187 bytes]
2023-04-12 13:07:27,643 - DEBUG - = connection is CLOSING
2023-04-12 13:07:27,644 - DEBUG - > CLOSE 1000 (OK) [2 bytes]
2023-04-12 13:07:27,653 - DEBUG - < CLOSE 1000 (OK) [2 bytes]
2023-04-12 13:07:27,656 - DEBUG - = connection is CLOSED
2023-04-12 13:07:41,038 - DEBUG - = connection is CONNECTING
2023-04-12 13:07:41,073 - DEBUG - > GET /ocpp16/ELA007C05/EVSCA050001 HTTP/1.1
2023-04-12 13:07:41,074 - DEBUG - > Host: ws.devevspcharger.uplus.co.kr
2023-04-12 13:07:41,074 - DEBUG - > Upgrade: websocket
2023-04-12 13:07:41,074 - DEBUG - > Connection: Upgrade
2023-04-12 13:07:41,074 - DEBUG - > Sec-WebSocket-Key: wbUiiQhDLn4OikjlT8QRPA==
2023-04-12 13:07:41,074 - DEBUG - > Sec-WebSocket-Version: 13
2023-04-12 13:07:41,075 - DEBUG - > Sec-WebSocket-Extensions: permessage-deflate; client_max_window_bits
2023-04-12 13:07:41,075 - DEBUG - > Sec-WebSocket-Protocol: ocpp1.6
2023-04-12 13:07:41,075 - DEBUG - > Authorization: Basic RVZBUjpFVkFSTEdV
2023-04-12 13:07:41,075 - DEBUG - > User-Agent: Python/3.11 websockets/10.4
2023-04-12 13:07:41,494 - DEBUG - < HTTP/1.1 101 Switching Protocols
2023-04-12 13:07:41,495 - DEBUG - < Connection: upgrade
2023-04-12 13:07:41,495 - DEBUG - < Date: Wed, 12 Apr 2023 04:07:41 GMT
2023-04-12 13:07:41,496 - DEBUG - < sec-websocket-protocol: ocpp1.6
2023-04-12 13:07:41,496 - DEBUG - < upgrade: websocket
2023-04-12 13:07:41,497 - DEBUG - < sec-websocket-accept: VqYH39JMAY0B7A9xfO+ivAgEhFk=
2023-04-12 13:07:41,497 - DEBUG - < sec-websocket-extensions: permessage-deflate
2023-04-12 13:07:41,498 - DEBUG - < X-Cache: Miss from cloudfront
2023-04-12 13:07:41,498 - DEBUG - < Via: 1.1 0c9ac74e4533d4cd2c0dd7de136ec086.cloudfront.net (CloudFront)
2023-04-12 13:07:41,498 - DEBUG - < X-Amz-Cf-Pop: ICN57-P2
2023-04-12 13:07:41,498 - DEBUG - < X-Amz-Cf-Id: wAjzqg1RjVJNQLD3ODTTokfkkRLhjufhpLrwC8fg5R0GNFjLLGXt0w==
2023-04-12 13:07:41,498 - DEBUG - = connection is OPEN
2023-04-12 13:07:41,542 - DEBUG - > TEXT '[2, "85101ea5-ef7e-4054-bd67-af71a494f097", "Bo...ePointVendor": "EVAR"}]' [127 bytes]
2023-04-12 13:07:41,801 - DEBUG - < TEXT '[3, "85101ea5-ef7e-4054-bd67-af71a494f097", {"s...41Z", "interval": 600}]' [123 bytes]
2023-04-12 13:07:41,860 - DEBUG - > TEXT '[2, "85101ea5-ef7e-4054-bd67-af71a494f097", "St..."status": "Available"}]' [132 bytes]
2023-04-12 13:07:42,069 - DEBUG - < TEXT '[3, "85101ea5-ef7e-4054-bd67-af71a494f097", {}]' [47 bytes]
2023-04-12 13:07:42,113 - DEBUG - > TEXT '[2, "85101ea5-ef7e-4054-bd67-af71a494f097", "Au...": "1031040000069641"}]' [87 bytes]
2023-04-12 13:07:42,320 - DEBUG - < TEXT '[3, "85101ea5-ef7e-4054-bd67-af71a494f097", {"i..."status": "Accepted"}}]' [82 bytes]
2023-04-12 13:07:42,368 - DEBUG - > TEXT '[2, "66eb9c12-2f4d-4ebf-aec4-3e196ef78df1", "St...2023-04-12T13:07:41Z"}]' [170 bytes]
2023-04-12 13:07:42,792 - DEBUG - < TEXT '[3, "66eb9c12-2f4d-4ebf-aec4-3e196ef78df1", {"t..."status": "Accepted"}}]' [110 bytes]
2023-04-12 13:07:42,866 - DEBUG - > TEXT '[2, "85101ea5-ef7e-4054-bd67-af71a494f097", "St... "status": "Charging"}]' [131 bytes]
2023-04-12 13:07:43,091 - DEBUG - < TEXT '[3, "85101ea5-ef7e-4054-bd67-af71a494f097", {}]' [47 bytes]
2023-04-12 13:07:43,149 - DEBUG - > TEXT '[2, "d2c5b4ed-66b4-4271-be40-abc96484c3c0", "Me...er", "unit": "Wh"}]}]}]' [259 bytes]
2023-04-12 13:07:43,394 - DEBUG - < TEXT '[4, "d2c5b4ed-66b4-4271-be40-abc96484c3c0", {"e...the requested Action"}]' [187 bytes]
2023-04-12 13:07:43,427 - DEBUG - = connection is CLOSING
2023-04-12 13:07:43,427 - DEBUG - > CLOSE 1000 (OK) [2 bytes]
2023-04-12 13:07:43,444 - DEBUG - < CLOSE 1000 (OK) [2 bytes]
2023-04-12 13:07:43,453 - DEBUG - = connection is CLOSED
2023-04-12 13:08:18,508 - DEBUG - = connection is CONNECTING
2023-04-12 13:08:18,557 - DEBUG - > GET /ocpp16/ELA007C05/EVSCA050001 HTTP/1.1
2023-04-12 13:08:18,557 - DEBUG - > Host: ws.devevspcharger.uplus.co.kr
2023-04-12 13:08:18,557 - DEBUG - > Upgrade: websocket
2023-04-12 13:08:18,557 - DEBUG - > Connection: Upgrade
2023-04-12 13:08:18,558 - DEBUG - > Sec-WebSocket-Key: 6kpMnHHo9Vzfc5Irs27a+g==
2023-04-12 13:08:18,558 - DEBUG - > Sec-WebSocket-Version: 13
2023-04-12 13:08:18,558 - DEBUG - > Sec-WebSocket-Extensions: permessage-deflate; client_max_window_bits
2023-04-12 13:08:18,559 - DEBUG - > Sec-WebSocket-Protocol: ocpp1.6
2023-04-12 13:08:18,559 - DEBUG - > Authorization: Basic RVZBUjpFVkFSTEdV
2023-04-12 13:08:18,559 - DEBUG - > User-Agent: Python/3.11 websockets/10.4
2023-04-12 13:08:18,798 - DEBUG - < HTTP/1.1 101 Switching Protocols
2023-04-12 13:08:18,799 - DEBUG - < Connection: upgrade
2023-04-12 13:08:18,799 - DEBUG - < Date: Wed, 12 Apr 2023 04:08:18 GMT
2023-04-12 13:08:18,799 - DEBUG - < sec-websocket-protocol: ocpp1.6
2023-04-12 13:08:18,800 - DEBUG - < upgrade: websocket
2023-04-12 13:08:18,800 - DEBUG - < sec-websocket-accept: UUlYGXXxnI/K02vXje5NKKQuVrE=
2023-04-12 13:08:18,800 - DEBUG - < sec-websocket-extensions: permessage-deflate
2023-04-12 13:08:18,800 - DEBUG - < X-Cache: Miss from cloudfront
2023-04-12 13:08:18,800 - DEBUG - < Via: 1.1 ba725da875f43fb311efeb484e55ed1a.cloudfront.net (CloudFront)
2023-04-12 13:08:18,800 - DEBUG - < X-Amz-Cf-Pop: ICN57-P2
2023-04-12 13:08:18,800 - DEBUG - < X-Amz-Cf-Id: Rpb2ruOTpnw7eXUSVDEN7Q_5cS4W0DrCvy9BXGPjNej16JA5jswmbQ==
2023-04-12 13:08:18,801 - DEBUG - = connection is OPEN
2023-04-12 13:08:18,830 - DEBUG - > TEXT '[2, "a72be021-2ec6-4cc3-b206-63e24366b4ea", "Bo...ePointVendor": "EVAR"}]' [127 bytes]
2023-04-12 13:08:19,077 - DEBUG - < TEXT '[3, "a72be021-2ec6-4cc3-b206-63e24366b4ea", {"s...18Z", "interval": 600}]' [123 bytes]
2023-04-12 13:08:19,123 - DEBUG - > TEXT '[2, "a72be021-2ec6-4cc3-b206-63e24366b4ea", "St..."status": "Available"}]' [132 bytes]
2023-04-12 13:08:19,307 - DEBUG - < TEXT '[3, "a72be021-2ec6-4cc3-b206-63e24366b4ea", {}]' [47 bytes]
2023-04-12 13:08:19,349 - DEBUG - > TEXT '[2, "a72be021-2ec6-4cc3-b206-63e24366b4ea", "Au...": "1031040000069641"}]' [87 bytes]
2023-04-12 13:08:19,603 - DEBUG - < TEXT '[3, "a72be021-2ec6-4cc3-b206-63e24366b4ea", {"i..."status": "Accepted"}}]' [82 bytes]
2023-04-12 13:08:19,652 - DEBUG - > TEXT '[2, "4df85143-f7f4-48e1-91d0-9c84d1d00343", "St...2023-04-12T13:08:18Z"}]' [170 bytes]
2023-04-12 13:08:20,002 - DEBUG - < TEXT '[3, "4df85143-f7f4-48e1-91d0-9c84d1d00343", {"t..."status": "Accepted"}}]' [110 bytes]
2023-04-12 13:08:20,053 - DEBUG - > TEXT '[2, "a72be021-2ec6-4cc3-b206-63e24366b4ea", "St... "status": "Charging"}]' [131 bytes]
2023-04-12 13:08:20,244 - DEBUG - < TEXT '[3, "a72be021-2ec6-4cc3-b206-63e24366b4ea", {}]' [47 bytes]
2023-04-12 13:08:20,295 - DEBUG - > TEXT '[2, "d9da6bcd-a7d2-47bd-962f-97a9fcdf94ea", "Me...er", "unit": "Wh"}]}]}]' [259 bytes]
2023-04-12 13:08:20,483 - DEBUG - < TEXT '[4, "d9da6bcd-a7d2-47bd-962f-97a9fcdf94ea", {"e...the requested Action"}]' [187 bytes]
2023-04-12 13:08:20,512 - DEBUG - = connection is CLOSING
2023-04-12 13:08:20,512 - DEBUG - > CLOSE 1000 (OK) [2 bytes]
2023-04-12 13:08:20,520 - DEBUG - < CLOSE 1000 (OK) [2 bytes]
2023-04-12 13:08:20,527 - DEBUG - = connection is CLOSED
2023-04-12 13:23:28,063 - DEBUG - = connection is CONNECTING
2023-04-12 13:23:28,404 - DEBUG - > GET /ocpp16/ELA007C05/EVSCA050001 HTTP/1.1
2023-04-12 13:23:28,405 - DEBUG - > Host: ws.devevspcharger.uplus.co.kr
2023-04-12 13:23:28,405 - DEBUG - > Upgrade: websocket
2023-04-12 13:23:28,405 - DEBUG - > Connection: Upgrade
2023-04-12 13:23:28,405 - DEBUG - > Sec-WebSocket-Key: EC0rPiLS8PO6S996NCocdQ==
2023-04-12 13:23:28,406 - DEBUG - > Sec-WebSocket-Version: 13
2023-04-12 13:23:28,406 - DEBUG - > Sec-WebSocket-Extensions: permessage-deflate; client_max_window_bits
2023-04-12 13:23:28,406 - DEBUG - > Sec-WebSocket-Protocol: ocpp1.6
2023-04-12 13:23:28,406 - DEBUG - > Authorization: Basic RVZBUjpFVkFSTEdV
2023-04-12 13:23:28,407 - DEBUG - > User-Agent: Python/3.11 websockets/10.4
2023-04-12 13:23:28,945 - DEBUG - < HTTP/1.1 101 Switching Protocols
2023-04-12 13:23:28,945 - DEBUG - < Connection: upgrade
2023-04-12 13:23:28,946 - DEBUG - < Date: Wed, 12 Apr 2023 04:23:29 GMT
2023-04-12 13:23:28,946 - DEBUG - < sec-websocket-protocol: ocpp1.6
2023-04-12 13:23:28,946 - DEBUG - < upgrade: websocket
2023-04-12 13:23:28,946 - DEBUG - < sec-websocket-accept: 2yr63djB+cK/N33mJvit+yuNyZE=
2023-04-12 13:23:28,946 - DEBUG - < sec-websocket-extensions: permessage-deflate
2023-04-12 13:23:28,947 - DEBUG - < X-Cache: Miss from cloudfront
2023-04-12 13:23:28,947 - DEBUG - < Via: 1.1 55a59d7976b41c233ff2e682cdd3901e.cloudfront.net (CloudFront)
2023-04-12 13:23:28,947 - DEBUG - < X-Amz-Cf-Pop: ICN57-P2
2023-04-12 13:23:28,947 - DEBUG - < X-Amz-Cf-Id: yJ2FVb7srGU4n4Wnlqio5b_Vp8tIymxt4Aow7C7Wr_hAIfkcifPcXg==
2023-04-12 13:23:28,948 - DEBUG - = connection is OPEN
2023-04-12 13:23:28,990 - DEBUG - > TEXT '[2, "a0a3f46d-b424-4498-9c9a-d0f53f6d42ed", "Bo...ePointVendor": "EVAR"}]' [127 bytes]
2023-04-12 13:23:29,439 - DEBUG - < TEXT '[3, "a0a3f46d-b424-4498-9c9a-d0f53f6d42ed", {"s...29Z", "interval": 600}]' [123 bytes]
2023-04-12 13:23:29,471 - DEBUG - > TEXT '[2, "a0a3f46d-b424-4498-9c9a-d0f53f6d42ed", "St..."status": "Available"}]' [132 bytes]
2023-04-12 13:23:29,680 - DEBUG - < TEXT '[3, "a0a3f46d-b424-4498-9c9a-d0f53f6d42ed", {}]' [47 bytes]
2023-04-12 13:23:29,714 - DEBUG - > TEXT '[2, "a0a3f46d-b424-4498-9c9a-d0f53f6d42ed", "Au...": "1031040000069641"}]' [87 bytes]
2023-04-12 13:23:29,940 - DEBUG - < TEXT '[3, "a0a3f46d-b424-4498-9c9a-d0f53f6d42ed", {"i..."status": "Accepted"}}]' [82 bytes]
2023-04-12 13:23:29,975 - DEBUG - > TEXT '[2, "f84b6331-fba7-433e-805c-c5fc6aacbe6d", "St...2023-04-12T13:23:27Z"}]' [170 bytes]
2023-04-12 13:23:30,385 - DEBUG - < TEXT '[3, "f84b6331-fba7-433e-805c-c5fc6aacbe6d", {"t..."status": "Accepted"}}]' [110 bytes]
2023-04-12 13:23:30,462 - DEBUG - > TEXT '[2, "a0a3f46d-b424-4498-9c9a-d0f53f6d42ed", "St... "status": "Charging"}]' [131 bytes]
2023-04-12 13:23:30,657 - DEBUG - < TEXT '[3, "a0a3f46d-b424-4498-9c9a-d0f53f6d42ed", {}]' [47 bytes]
2023-04-12 13:23:30,732 - DEBUG - > TEXT '[2, "34263fd5-9a3b-4b0a-b2e3-2bbc48ebe2ba", "Me...er", "unit": "Wh"}]}]}]' [259 bytes]
2023-04-12 13:23:30,938 - DEBUG - < TEXT '[4, "34263fd5-9a3b-4b0a-b2e3-2bbc48ebe2ba", {"e...the requested Action"}]' [187 bytes]
2023-04-12 13:23:30,993 - DEBUG - = connection is CLOSING
2023-04-12 13:23:30,994 - DEBUG - > CLOSE 1000 (OK) [2 bytes]
2023-04-12 13:23:31,008 - DEBUG - < CLOSE 1000 (OK) [2 bytes]
2023-04-12 13:23:31,024 - DEBUG - = connection is CLOSED
2023-04-12 13:32:58,939 - DEBUG - = connection is CONNECTING
2023-04-12 13:32:58,972 - DEBUG - > GET /ocpp16/ELA007C05/EVSCA050001 HTTP/1.1
2023-04-12 13:32:58,972 - DEBUG - > Host: ws.devevspcharger.uplus.co.kr
2023-04-12 13:32:58,973 - DEBUG - > Upgrade: websocket
2023-04-12 13:32:58,973 - DEBUG - > Connection: Upgrade
2023-04-12 13:32:58,973 - DEBUG - > Sec-WebSocket-Key: nVzHMni0jCu20O+W4xmMbg==
2023-04-12 13:32:58,973 - DEBUG - > Sec-WebSocket-Version: 13
2023-04-12 13:32:58,973 - DEBUG - > Sec-WebSocket-Extensions: permessage-deflate; client_max_window_bits
2023-04-12 13:32:58,973 - DEBUG - > Sec-WebSocket-Protocol: ocpp1.6
2023-04-12 13:32:58,973 - DEBUG - > Authorization: Basic RVZBUjpFVkFSTEdV
2023-04-12 13:32:58,980 - DEBUG - > User-Agent: Python/3.11 websockets/10.4
2023-04-12 13:33:00,408 - DEBUG - < HTTP/1.1 101 Switching Protocols
2023-04-12 13:33:00,409 - DEBUG - < Connection: upgrade
2023-04-12 13:33:00,410 - DEBUG - < Date: Wed, 12 Apr 2023 04:33:00 GMT
2023-04-12 13:33:00,410 - DEBUG - < sec-websocket-protocol: ocpp1.6
2023-04-12 13:33:00,411 - DEBUG - < upgrade: websocket
2023-04-12 13:33:00,411 - DEBUG - < sec-websocket-accept: BHs6Vo4Z6dm9IXC8LVKJiasjzVQ=
2023-04-12 13:33:00,411 - DEBUG - < sec-websocket-extensions: permessage-deflate
2023-04-12 13:33:00,412 - DEBUG - < X-Cache: Miss from cloudfront
2023-04-12 13:33:00,412 - DEBUG - < Via: 1.1 967cab954a1c41e7f76f472d706ab3a0.cloudfront.net (CloudFront)
2023-04-12 13:33:00,412 - DEBUG - < X-Amz-Cf-Pop: ICN57-P2
2023-04-12 13:33:00,413 - DEBUG - < X-Amz-Cf-Id: HsR57Z8VUawh0KZYZxH7Bi5qxgY_zn3PNkXi3mi3rArckAfFOqwmTw==
2023-04-12 13:33:00,413 - DEBUG - = connection is OPEN
2023-04-12 13:33:00,452 - DEBUG - > TEXT '[2, "d78bacf4-bcbf-4f94-b901-87661dbd71bf", "Bo...ePointVendor": "EVAR"}]' [127 bytes]
2023-04-12 13:33:00,729 - DEBUG - < TEXT '[3, "d78bacf4-bcbf-4f94-b901-87661dbd71bf", {"s...00Z", "interval": 600}]' [123 bytes]
2023-04-12 13:33:00,780 - DEBUG - > TEXT '[2, "d78bacf4-bcbf-4f94-b901-87661dbd71bf", "St..."status": "Available"}]' [132 bytes]
2023-04-12 13:33:01,029 - DEBUG - < TEXT '[3, "d78bacf4-bcbf-4f94-b901-87661dbd71bf", {}]' [47 bytes]
2023-04-12 13:33:01,083 - DEBUG - > TEXT '[2, "d78bacf4-bcbf-4f94-b901-87661dbd71bf", "Au...": "1031040000069641"}]' [87 bytes]
2023-04-12 13:33:01,317 - DEBUG - < TEXT '[3, "d78bacf4-bcbf-4f94-b901-87661dbd71bf", {"i..."status": "Accepted"}}]' [82 bytes]
2023-04-12 13:33:01,343 - DEBUG - > TEXT '[2, "52f8c61c-54aa-4452-a6de-bb5560056e15", "St...2023-04-12T13:32:58Z"}]' [170 bytes]
2023-04-12 13:33:01,704 - DEBUG - < TEXT '[3, "52f8c61c-54aa-4452-a6de-bb5560056e15", {"t..."status": "Accepted"}}]' [110 bytes]
2023-04-12 13:33:01,740 - DEBUG - > TEXT '[2, "d78bacf4-bcbf-4f94-b901-87661dbd71bf", "St... "status": "Charging"}]' [131 bytes]
2023-04-12 13:33:01,936 - DEBUG - < TEXT '[3, "d78bacf4-bcbf-4f94-b901-87661dbd71bf", {}]' [47 bytes]
2023-04-12 13:33:01,997 - DEBUG - > TEXT '[2, "e3692ae1-da24-4429-8a93-7983dfb09eb0", "Me...er", "unit": "Wh"}]}]}]' [259 bytes]
2023-04-12 13:33:02,192 - DEBUG - < TEXT '[4, "e3692ae1-da24-4429-8a93-7983dfb09eb0", {"e...the requested Action"}]' [187 bytes]
2023-04-12 13:33:02,231 - DEBUG - = connection is CLOSING
2023-04-12 13:33:02,231 - DEBUG - > CLOSE 1000 (OK) [2 bytes]
2023-04-12 13:33:02,243 - DEBUG - < CLOSE 1000 (OK) [2 bytes]
2023-04-12 13:33:02,248 - DEBUG - = connection is CLOSED
2023-04-12 13:44:30,854 - DEBUG - = connection is CONNECTING
2023-04-12 13:44:31,057 - DEBUG - > GET /ocpp16/ELA007C05/EVSCA050001 HTTP/1.1
2023-04-12 13:44:31,057 - DEBUG - > Host: ws.devevspcharger.uplus.co.kr
2023-04-12 13:44:31,057 - DEBUG - > Upgrade: websocket
2023-04-12 13:44:31,058 - DEBUG - > Connection: Upgrade
2023-04-12 13:44:31,058 - DEBUG - > Sec-WebSocket-Key: 1QWhuNS69eRNRw5rLnCXbw==
2023-04-12 13:44:31,058 - DEBUG - > Sec-WebSocket-Version: 13
2023-04-12 13:44:31,058 - DEBUG - > Sec-WebSocket-Extensions: permessage-deflate; client_max_window_bits
2023-04-12 13:44:31,058 - DEBUG - > Sec-WebSocket-Protocol: ocpp1.6
2023-04-12 13:44:31,058 - DEBUG - > Authorization: Basic RVZBUjpFVkFSTEdV
2023-04-12 13:44:31,058 - DEBUG - > User-Agent: Python/3.11 websockets/10.4
2023-04-12 13:44:31,888 - DEBUG - < HTTP/1.1 101 Switching Protocols
2023-04-12 13:44:31,888 - DEBUG - < Connection: upgrade
2023-04-12 13:44:31,888 - DEBUG - < Date: Wed, 12 Apr 2023 04:44:31 GMT
2023-04-12 13:44:31,889 - DEBUG - < sec-websocket-protocol: ocpp1.6
2023-04-12 13:44:31,889 - DEBUG - < upgrade: websocket
2023-04-12 13:44:31,889 - DEBUG - < sec-websocket-accept: 6x5QakIeuc9BPH2VJFO/5sX0MTs=
2023-04-12 13:44:31,889 - DEBUG - < sec-websocket-extensions: permessage-deflate
2023-04-12 13:44:31,889 - DEBUG - < X-Cache: Miss from cloudfront
2023-04-12 13:44:31,889 - DEBUG - < Via: 1.1 5a0f884e3a21756e824f803c83d7f3d0.cloudfront.net (CloudFront)
2023-04-12 13:44:31,889 - DEBUG - < X-Amz-Cf-Pop: ICN57-P2
2023-04-12 13:44:31,889 - DEBUG - < X-Amz-Cf-Id: pNyUGD-DgQlN1MV65Y9Tmn9BTacF7BxqAGB_duUdf80e_rKptN3_CQ==
2023-04-12 13:44:31,889 - DEBUG - = connection is OPEN
2023-04-12 13:44:34,029 - DEBUG - > TEXT '[2, "e6f2f8da-4f02-4dbf-a730-6921f8590ee6", "Bo...ePointVendor": "EVAR"}]' [127 bytes]
2023-04-12 13:44:34,899 - DEBUG - < TEXT '[3, "e6f2f8da-4f02-4dbf-a730-6921f8590ee6", {"s...34Z", "interval": 600}]' [123 bytes]
2023-04-12 13:44:36,930 - DEBUG - > TEXT '[2, "e6f2f8da-4f02-4dbf-a730-6921f8590ee6", "St..."status": "Available"}]' [132 bytes]
2023-04-12 13:44:37,465 - DEBUG - < TEXT '[3, "e6f2f8da-4f02-4dbf-a730-6921f8590ee6", {}]' [47 bytes]
2023-04-12 13:44:39,494 - DEBUG - > TEXT '[2, "e6f2f8da-4f02-4dbf-a730-6921f8590ee6", "Au...": "1031040000069641"}]' [87 bytes]
2023-04-12 13:44:40,283 - DEBUG - < TEXT '[3, "e6f2f8da-4f02-4dbf-a730-6921f8590ee6", {"i..."status": "Accepted"}}]' [82 bytes]
2023-04-12 13:44:42,332 - DEBUG - > TEXT '[2, "56825ef9-b2d7-470d-9cb1-52816ed7b27c", "St...2023-04-12T13:44:30Z"}]' [170 bytes]
2023-04-12 13:44:43,020 - DEBUG - < TEXT '[3, "56825ef9-b2d7-470d-9cb1-52816ed7b27c", {"t..."status": "Accepted"}}]' [110 bytes]
2023-04-12 13:44:45,067 - DEBUG - > TEXT '[2, "e6f2f8da-4f02-4dbf-a730-6921f8590ee6", "St... "status": "Charging"}]' [131 bytes]
2023-04-12 13:44:45,595 - DEBUG - < TEXT '[3, "e6f2f8da-4f02-4dbf-a730-6921f8590ee6", {}]' [47 bytes]
2023-04-12 13:44:47,644 - DEBUG - > TEXT '[2, "69bd27cf-ba2b-426a-9f7b-0aaca465de79", "Me...er", "unit": "Wh"}]}]}]' [259 bytes]
2023-04-12 13:44:48,080 - DEBUG - < TEXT '[4, "69bd27cf-ba2b-426a-9f7b-0aaca465de79", {"e...the requested Action"}]' [187 bytes]
2023-04-12 13:44:48,114 - DEBUG - = connection is CLOSING
2023-04-12 13:44:48,114 - DEBUG - > CLOSE 1000 (OK) [2 bytes]
2023-04-12 13:44:48,423 - DEBUG - < CLOSE 1000 (OK) [2 bytes]
2023-04-12 13:44:48,429 - DEBUG - = connection is CLOSED
2023-04-12 13:45:46,012 - DEBUG - = connection is CONNECTING
2023-04-12 13:45:46,066 - DEBUG - > GET /ocpp16/ELA007C05/EVSCA050001 HTTP/1.1
2023-04-12 13:45:46,066 - DEBUG - > Host: ws.devevspcharger.uplus.co.kr
2023-04-12 13:45:46,066 - DEBUG - > Upgrade: websocket
2023-04-12 13:45:46,066 - DEBUG - > Connection: Upgrade
2023-04-12 13:45:46,066 - DEBUG - > Sec-WebSocket-Key: deHeddKr8XD6CmqD/n9qzg==
2023-04-12 13:45:46,066 - DEBUG - > Sec-WebSocket-Version: 13
2023-04-12 13:45:46,067 - DEBUG - > Sec-WebSocket-Extensions: permessage-deflate; client_max_window_bits
2023-04-12 13:45:46,067 - DEBUG - > Sec-WebSocket-Protocol: ocpp1.6
2023-04-12 13:45:46,067 - DEBUG - > Authorization: Basic RVZBUjpFVkFSTEdV
2023-04-12 13:45:46,067 - DEBUG - > User-Agent: Python/3.11 websockets/10.4
2023-04-12 13:45:46,715 - DEBUG - < HTTP/1.1 101 Switching Protocols
2023-04-12 13:45:46,716 - DEBUG - < Connection: upgrade
2023-04-12 13:45:46,716 - DEBUG - < Date: Wed, 12 Apr 2023 04:45:46 GMT
2023-04-12 13:45:46,716 - DEBUG - < sec-websocket-protocol: ocpp1.6
2023-04-12 13:45:46,716 - DEBUG - < upgrade: websocket
2023-04-12 13:45:46,716 - DEBUG - < sec-websocket-accept: pQ0CAo7aHbf6vO62UaDpLWsqBzg=
2023-04-12 13:45:46,716 - DEBUG - < sec-websocket-extensions: permessage-deflate
2023-04-12 13:45:46,716 - DEBUG - < X-Cache: Miss from cloudfront
2023-04-12 13:45:46,716 - DEBUG - < Via: 1.1 82b32d3cf0884f8ba64486d5e981bdb8.cloudfront.net (CloudFront)
2023-04-12 13:45:46,716 - DEBUG - < X-Amz-Cf-Pop: ICN57-P2
2023-04-12 13:45:46,716 - DEBUG - < X-Amz-Cf-Id: UKgDClYPhcF6e78HcgxbMVZntOX4x-KouxIupcWSRlmCozyXBZYKVw==
2023-04-12 13:45:46,717 - DEBUG - = connection is OPEN
2023-04-12 13:45:47,742 - DEBUG - > TEXT '[2, "729cb2e5-5cf2-4f10-a4ab-34dc0b45ccbf", "Bo...ePointVendor": "EVAR"}]' [127 bytes]
2023-04-12 13:45:48,053 - DEBUG - < TEXT '[3, "729cb2e5-5cf2-4f10-a4ab-34dc0b45ccbf", {"s...48Z", "interval": 600}]' [123 bytes]
2023-04-12 13:45:49,069 - DEBUG - > TEXT '[2, "729cb2e5-5cf2-4f10-a4ab-34dc0b45ccbf", "St..."status": "Available"}]' [132 bytes]
2023-04-12 13:45:49,301 - DEBUG - < TEXT '[3, "729cb2e5-5cf2-4f10-a4ab-34dc0b45ccbf", {}]' [47 bytes]
2023-04-12 13:45:50,323 - DEBUG - > TEXT '[2, "729cb2e5-5cf2-4f10-a4ab-34dc0b45ccbf", "Au...": "1031040000069641"}]' [87 bytes]
2023-04-12 13:45:50,584 - DEBUG - < TEXT '[3, "729cb2e5-5cf2-4f10-a4ab-34dc0b45ccbf", {"i..."status": "Accepted"}}]' [82 bytes]
2023-04-12 13:45:51,603 - DEBUG - > TEXT '[2, "6fdfdbf2-501d-49a2-8767-bc55ca88281d", "St...2023-04-12T13:45:45Z"}]' [170 bytes]
2023-04-12 13:45:51,935 - DEBUG - < TEXT '[3, "6fdfdbf2-501d-49a2-8767-bc55ca88281d", {"t..."status": "Accepted"}}]' [110 bytes]
2023-04-12 13:45:52,976 - DEBUG - > TEXT '[2, "729cb2e5-5cf2-4f10-a4ab-34dc0b45ccbf", "St... "status": "Charging"}]' [131 bytes]
2023-04-12 13:45:53,196 - DEBUG - < TEXT '[3, "729cb2e5-5cf2-4f10-a4ab-34dc0b45ccbf", {}]' [47 bytes]
2023-04-12 13:45:54,233 - DEBUG - > TEXT '[2, "eeac90a6-1a58-4b16-b5d7-da8a44e43b65", "Me...er", "unit": "Wh"}]}]}]' [259 bytes]
2023-04-12 13:45:54,417 - DEBUG - < TEXT '[4, "eeac90a6-1a58-4b16-b5d7-da8a44e43b65", {"e...the requested Action"}]' [187 bytes]
2023-04-12 13:45:54,448 - DEBUG - = connection is CLOSING
2023-04-12 13:45:54,448 - DEBUG - > CLOSE 1000 (OK) [2 bytes]
2023-04-12 13:45:54,458 - DEBUG - < CLOSE 1000 (OK) [2 bytes]
2023-04-12 13:45:54,461 - DEBUG - = connection is CLOSED
2023-04-12 13:46:29,746 - DEBUG - = connection is CONNECTING
2023-04-12 13:46:29,790 - DEBUG - > GET /ocpp16/ELA007C05/EVSCA050001 HTTP/1.1
2023-04-12 13:46:29,791 - DEBUG - > Host: ws.devevspcharger.uplus.co.kr
2023-04-12 13:46:29,791 - DEBUG - > Upgrade: websocket
2023-04-12 13:46:29,791 - DEBUG - > Connection: Upgrade
2023-04-12 13:46:29,791 - DEBUG - > Sec-WebSocket-Key: iK9QEleh1aJfv0rWKNrEqw==
2023-04-12 13:46:29,791 - DEBUG - > Sec-WebSocket-Version: 13
2023-04-12 13:46:29,791 - DEBUG - > Sec-WebSocket-Extensions: permessage-deflate; client_max_window_bits
2023-04-12 13:46:29,791 - DEBUG - > Sec-WebSocket-Protocol: ocpp1.6
2023-04-12 13:46:29,791 - DEBUG - > Authorization: Basic RVZBUjpFVkFSTEdV
2023-04-12 13:46:29,792 - DEBUG - > User-Agent: Python/3.11 websockets/10.4
2023-04-12 13:46:30,068 - DEBUG - < HTTP/1.1 101 Switching Protocols
2023-04-12 13:46:30,068 - DEBUG - < Connection: upgrade
2023-04-12 13:46:30,069 - DEBUG - < Date: Wed, 12 Apr 2023 04:46:30 GMT
2023-04-12 13:46:30,069 - DEBUG - < sec-websocket-protocol: ocpp1.6
2023-04-12 13:46:30,069 - DEBUG - < upgrade: websocket
2023-04-12 13:46:30,069 - DEBUG - < sec-websocket-accept: 2x+0c4Jzu+rIsdAQ9aYc3AiVrSk=
2023-04-12 13:46:30,069 - DEBUG - < sec-websocket-extensions: permessage-deflate
2023-04-12 13:46:30,069 - DEBUG - < X-Cache: Miss from cloudfront
2023-04-12 13:46:30,069 - DEBUG - < Via: 1.1 702d274aeab676890c1a399c8e170886.cloudfront.net (CloudFront)
2023-04-12 13:46:30,069 - DEBUG - < X-Amz-Cf-Pop: ICN57-P2
2023-04-12 13:46:30,069 - DEBUG - < X-Amz-Cf-Id: JCCD8LF1csiE0t9HJh4RkPJK8ZaWxuDgQU7l3eUyA8B_fMMPQgbSgw==
2023-04-12 13:46:30,070 - DEBUG - = connection is OPEN
2023-04-12 13:46:31,110 - DEBUG - > TEXT '[2, "e34b945f-54d1-4153-ab54-78cf56e71152", "Bo...ePointVendor": "EVAR"}]' [127 bytes]
2023-04-12 13:46:31,400 - DEBUG - < TEXT '[3, "e34b945f-54d1-4153-ab54-78cf56e71152", {"s...31Z", "interval": 600}]' [123 bytes]
2023-04-12 13:46:33,532 - DEBUG - > TEXT '[2, "e34b945f-54d1-4153-ab54-78cf56e71152", "St..."status": "Available"}]' [132 bytes]
2023-04-12 13:46:33,756 - DEBUG - < TEXT '[3, "e34b945f-54d1-4153-ab54-78cf56e71152", {}]' [47 bytes]
2023-04-12 13:46:34,777 - DEBUG - > TEXT '[2, "e34b945f-54d1-4153-ab54-78cf56e71152", "Au...": "1031040000069641"}]' [87 bytes]
2023-04-12 13:46:35,035 - DEBUG - < TEXT '[3, "e34b945f-54d1-4153-ab54-78cf56e71152", {"i..."status": "Accepted"}}]' [82 bytes]
2023-04-12 13:46:36,056 - DEBUG - > TEXT '[2, "8fcfc941-6fc7-4ca2-9f3b-f94a11392e6e", "St...2023-04-12T13:46:29Z"}]' [170 bytes]
2023-04-12 13:46:36,397 - DEBUG - < TEXT '[3, "8fcfc941-6fc7-4ca2-9f3b-f94a11392e6e", {"t..."status": "Accepted"}}]' [110 bytes]
2023-04-12 13:46:37,515 - DEBUG - > TEXT '[2, "e34b945f-54d1-4153-ab54-78cf56e71152", "St... "status": "Charging"}]' [131 bytes]
2023-04-12 13:46:37,696 - DEBUG - < TEXT '[3, "e34b945f-54d1-4153-ab54-78cf56e71152", {}]' [47 bytes]
2023-04-12 13:46:38,757 - DEBUG - > TEXT '[2, "344cabd4-4253-428b-98aa-fac6bdcdbf37", "Me...er", "unit": "Wh"}]}]}]' [259 bytes]
2023-04-12 13:46:38,959 - DEBUG - < TEXT '[4, "344cabd4-4253-428b-98aa-fac6bdcdbf37", {"e...the requested Action"}]' [187 bytes]
2023-04-12 13:46:39,003 - DEBUG - = connection is CLOSING
2023-04-12 13:46:39,004 - DEBUG - > CLOSE 1000 (OK) [2 bytes]
2023-04-12 13:46:39,019 - DEBUG - < CLOSE 1000 (OK) [2 bytes]
2023-04-12 13:46:39,025 - DEBUG - = connection is CLOSED
2023-04-12 13:50:06,998 - DEBUG - = connection is CONNECTING
2023-04-12 13:50:07,032 - DEBUG - > GET /ocpp16/ELA007C05/EVSCA050001 HTTP/1.1
2023-04-12 13:50:07,032 - DEBUG - > Host: ws.devevspcharger.uplus.co.kr
2023-04-12 13:50:07,032 - DEBUG - > Upgrade: websocket
2023-04-12 13:50:07,033 - DEBUG - > Connection: Upgrade
2023-04-12 13:50:07,033 - DEBUG - > Sec-WebSocket-Key: Ux0fT//+xM+1FMJ0Ep+zrA==
2023-04-12 13:50:07,033 - DEBUG - > Sec-WebSocket-Version: 13
2023-04-12 13:50:07,033 - DEBUG - > Sec-WebSocket-Extensions: permessage-deflate; client_max_window_bits
2023-04-12 13:50:07,033 - DEBUG - > Sec-WebSocket-Protocol: ocpp1.6
2023-04-12 13:50:07,033 - DEBUG - > Authorization: Basic RVZBUjpFVkFSTEdV
2023-04-12 13:50:07,033 - DEBUG - > User-Agent: Python/3.11 websockets/10.4
2023-04-12 13:50:07,607 - DEBUG - < HTTP/1.1 101 Switching Protocols
2023-04-12 13:50:07,608 - DEBUG - < Connection: upgrade
2023-04-12 13:50:07,609 - DEBUG - < Date: Wed, 12 Apr 2023 04:50:07 GMT
2023-04-12 13:50:07,609 - DEBUG - < sec-websocket-protocol: ocpp1.6
2023-04-12 13:50:07,609 - DEBUG - < upgrade: websocket
2023-04-12 13:50:07,609 - DEBUG - < sec-websocket-accept: SUE/43j/8tgxL77A5hkIfXBAn5E=
2023-04-12 13:50:07,609 - DEBUG - < sec-websocket-extensions: permessage-deflate
2023-04-12 13:50:07,609 - DEBUG - < X-Cache: Miss from cloudfront
2023-04-12 13:50:07,609 - DEBUG - < Via: 1.1 013a9ec825a751410eced78024a9ae1a.cloudfront.net (CloudFront)
2023-04-12 13:50:07,609 - DEBUG - < X-Amz-Cf-Pop: ICN57-P2
2023-04-12 13:50:07,609 - DEBUG - < X-Amz-Cf-Id: ZzJVsRMibhJVolv32min1qhKWxRZ04XKlv7gTsvlmy1eNYYJfqlI1g==
2023-04-12 13:50:07,609 - DEBUG - = connection is OPEN
2023-04-12 13:50:08,645 - DEBUG - > TEXT '[2, "d00c08c4-ffad-427b-bbbc-f4a6b30689e8", "Bo...ePointVendor": "EVAR"}]' [127 bytes]
2023-04-12 13:50:09,109 - DEBUG - < TEXT '[3, "d00c08c4-ffad-427b-bbbc-f4a6b30689e8", {"s...09Z", "interval": 600}]' [123 bytes]
2023-04-12 13:50:10,151 - DEBUG - > TEXT '[2, "d00c08c4-ffad-427b-bbbc-f4a6b30689e8", "St..."status": "Available"}]' [132 bytes]
2023-04-12 13:50:10,380 - DEBUG - < TEXT '[3, "d00c08c4-ffad-427b-bbbc-f4a6b30689e8", {}]' [47 bytes]
2023-04-12 13:50:11,413 - DEBUG - > TEXT '[2, "d00c08c4-ffad-427b-bbbc-f4a6b30689e8", "Au...": "1031040000069641"}]' [87 bytes]
2023-04-12 13:50:11,660 - DEBUG - < TEXT '[3, "d00c08c4-ffad-427b-bbbc-f4a6b30689e8", {"i..."status": "Accepted"}}]' [82 bytes]
2023-04-12 13:50:12,696 - DEBUG - > TEXT '[2, "4c1fa1ac-aa9d-4fca-be42-81bc115d282e", "St...2023-04-12T13:50:06Z"}]' [170 bytes]
2023-04-12 13:50:13,203 - DEBUG - < TEXT '[3, "4c1fa1ac-aa9d-4fca-be42-81bc115d282e", {"t..."status": "Accepted"}}]' [110 bytes]
2023-04-12 13:50:14,261 - DEBUG - > TEXT '[2, "d00c08c4-ffad-427b-bbbc-f4a6b30689e8", "St... "status": "Charging"}]' [131 bytes]
2023-04-12 13:50:14,440 - DEBUG - < TEXT '[3, "d00c08c4-ffad-427b-bbbc-f4a6b30689e8", {}]' [47 bytes]
2023-04-12 13:50:15,513 - DEBUG - > TEXT '[2, "acc099d9-1070-4c8d-bbfd-773f25aee929", "Me...er", "unit": "Wh"}]}]}]' [259 bytes]
2023-04-12 13:50:15,708 - DEBUG - < TEXT '[4, "acc099d9-1070-4c8d-bbfd-773f25aee929", {"e...the requested Action"}]' [187 bytes]
2023-04-12 13:50:15,778 - DEBUG - = connection is CLOSING
2023-04-12 13:50:15,778 - DEBUG - > CLOSE 1000 (OK) [2 bytes]
2023-04-12 13:50:15,791 - DEBUG - < CLOSE 1000 (OK) [2 bytes]
2023-04-12 13:50:15,795 - DEBUG - = connection is CLOSED
2023-04-12 13:50:40,870 - DEBUG - = connection is CONNECTING
2023-04-12 13:50:40,913 - DEBUG - > GET /ocpp16/ELA007C05/EVSCA050001 HTTP/1.1
2023-04-12 13:50:40,914 - DEBUG - > Host: ws.devevspcharger.uplus.co.kr
2023-04-12 13:50:40,914 - DEBUG - > Upgrade: websocket
2023-04-12 13:50:40,914 - DEBUG - > Connection: Upgrade
2023-04-12 13:50:40,914 - DEBUG - > Sec-WebSocket-Key: WnmIk2XBsLoOTanuUtrjIg==
2023-04-12 13:50:40,914 - DEBUG - > Sec-WebSocket-Version: 13
2023-04-12 13:50:40,915 - DEBUG - > Sec-WebSocket-Extensions: permessage-deflate; client_max_window_bits
2023-04-12 13:50:40,915 - DEBUG - > Sec-WebSocket-Protocol: ocpp1.6
2023-04-12 13:50:40,915 - DEBUG - > Authorization: Basic RVZBUjpFVkFSTEdV
2023-04-12 13:50:40,915 - DEBUG - > User-Agent: Python/3.11 websockets/10.4
2023-04-12 13:50:41,168 - DEBUG - < HTTP/1.1 101 Switching Protocols
2023-04-12 13:50:41,169 - DEBUG - < Connection: upgrade
2023-04-12 13:50:41,169 - DEBUG - < Date: Wed, 12 Apr 2023 04:50:41 GMT
2023-04-12 13:50:41,169 - DEBUG - < sec-websocket-protocol: ocpp1.6
2023-04-12 13:50:41,169 - DEBUG - < upgrade: websocket
2023-04-12 13:50:41,170 - DEBUG - < sec-websocket-accept: XzUqaFGC+jHc14MLVusnSx/ypG0=
2023-04-12 13:50:41,170 - DEBUG - < sec-websocket-extensions: permessage-deflate
2023-04-12 13:50:41,170 - DEBUG - < X-Cache: Miss from cloudfront
2023-04-12 13:50:41,170 - DEBUG - < Via: 1.1 3c5e765ef2333ef04ef6f44a2b66ec12.cloudfront.net (CloudFront)
2023-04-12 13:50:41,170 - DEBUG - < X-Amz-Cf-Pop: ICN57-P2
2023-04-12 13:50:41,170 - DEBUG - < X-Amz-Cf-Id: ArOEwEN1Oj2RWcXnTEMUK9Y3gMVj90vbGb80fQT23aTOjXrceIJyHQ==
2023-04-12 13:50:41,171 - DEBUG - = connection is OPEN
2023-04-12 13:50:42,205 - DEBUG - > TEXT '[2, "e88ca6c2-0786-435d-83a9-5e47d045b4e1", "Bo...ePointVendor": "EVAR"}]' [127 bytes]
2023-04-12 13:50:42,457 - DEBUG - < TEXT '[3, "e88ca6c2-0786-435d-83a9-5e47d045b4e1", {"s...42Z", "interval": 600}]' [123 bytes]
2023-04-12 13:50:43,515 - DEBUG - > TEXT '[2, "e88ca6c2-0786-435d-83a9-5e47d045b4e1", "St..."status": "Available"}]' [132 bytes]
2023-04-12 13:50:43,720 - DEBUG - < TEXT '[3, "e88ca6c2-0786-435d-83a9-5e47d045b4e1", {}]' [47 bytes]
2023-04-12 13:50:44,790 - DEBUG - > TEXT '[2, "e88ca6c2-0786-435d-83a9-5e47d045b4e1", "Au...": "1031040000069641"}]' [87 bytes]
2023-04-12 13:50:45,048 - DEBUG - < TEXT '[3, "e88ca6c2-0786-435d-83a9-5e47d045b4e1", {"i..."status": "Accepted"}}]' [82 bytes]
2023-04-12 13:50:46,082 - DEBUG - > TEXT '[2, "bfef50a3-527f-4694-bc5d-9f6b9877eedd", "St...2023-04-12T13:50:40Z"}]' [170 bytes]
2023-04-12 13:50:46,538 - DEBUG - < TEXT '[3, "bfef50a3-527f-4694-bc5d-9f6b9877eedd", {"t..."status": "Accepted"}}]' [110 bytes]
2023-04-12 13:50:47,573 - DEBUG - > TEXT '[2, "e88ca6c2-0786-435d-83a9-5e47d045b4e1", "St... "status": "Charging"}]' [131 bytes]
2023-04-12 13:50:47,774 - DEBUG - < TEXT '[3, "e88ca6c2-0786-435d-83a9-5e47d045b4e1", {}]' [47 bytes]
2023-04-12 13:50:48,841 - DEBUG - > TEXT '[2, "e3011ec2-07ac-48b1-9278-ed859d620998", "Me...er", "unit": "Wh"}]}]}]' [259 bytes]
2023-04-12 13:50:49,042 - DEBUG - < TEXT '[4, "e3011ec2-07ac-48b1-9278-ed859d620998", {"e...the requested Action"}]' [187 bytes]
2023-04-12 13:50:49,066 - DEBUG - = connection is CLOSING
2023-04-12 13:50:49,066 - DEBUG - > CLOSE 1000 (OK) [2 bytes]
2023-04-12 13:50:49,083 - DEBUG - < CLOSE 1000 (OK) [2 bytes]
2023-04-12 13:50:49,091 - DEBUG - = connection is CLOSED
2023-04-12 13:51:15,936 - DEBUG - = connection is CONNECTING
2023-04-12 13:51:15,991 - DEBUG - > GET /ocpp16/ELA007C05/EVSCA050001 HTTP/1.1
2023-04-12 13:51:15,991 - DEBUG - > Host: ws.devevspcharger.uplus.co.kr
2023-04-12 13:51:15,991 - DEBUG - > Upgrade: websocket
2023-04-12 13:51:15,991 - DEBUG - > Connection: Upgrade
2023-04-12 13:51:15,991 - DEBUG - > Sec-WebSocket-Key: /4rVXRKqF0jzyEIYyruqxQ==
2023-04-12 13:51:15,991 - DEBUG - > Sec-WebSocket-Version: 13
2023-04-12 13:51:15,992 - DEBUG - > Sec-WebSocket-Extensions: permessage-deflate; client_max_window_bits
2023-04-12 13:51:15,992 - DEBUG - > Sec-WebSocket-Protocol: ocpp1.6
2023-04-12 13:51:15,992 - DEBUG - > Authorization: Basic RVZBUjpFVkFSTEdV
2023-04-12 13:51:15,992 - DEBUG - > User-Agent: Python/3.11 websockets/10.4
2023-04-12 13:51:16,248 - DEBUG - < HTTP/1.1 101 Switching Protocols
2023-04-12 13:51:16,248 - DEBUG - < Connection: upgrade
2023-04-12 13:51:16,249 - DEBUG - < Date: Wed, 12 Apr 2023 04:51:16 GMT
2023-04-12 13:51:16,249 - DEBUG - < sec-websocket-protocol: ocpp1.6
2023-04-12 13:51:16,249 - DEBUG - < upgrade: websocket
2023-04-12 13:51:16,249 - DEBUG - < sec-websocket-accept: ZetY9KXqKM07iiIGXFvcm5rSVk4=
2023-04-12 13:51:16,249 - DEBUG - < sec-websocket-extensions: permessage-deflate
2023-04-12 13:51:16,249 - DEBUG - < X-Cache: Miss from cloudfront
2023-04-12 13:51:16,249 - DEBUG - < Via: 1.1 1c31b550dc04cf34ff9053b76a7eecc4.cloudfront.net (CloudFront)
2023-04-12 13:51:16,249 - DEBUG - < X-Amz-Cf-Pop: ICN57-P2
2023-04-12 13:51:16,249 - DEBUG - < X-Amz-Cf-Id: UeaKSNFa0Is0UcNnD4S6HY-vYK4XwTbsmk0JqlrQZ9_uKdt1jrmTZg==
2023-04-12 13:51:16,250 - DEBUG - = connection is OPEN
2023-04-12 13:51:17,279 - DEBUG - > TEXT '[2, "93b67b15-471b-4190-a74b-2911b9f43e1f", "Bo...ePointVendor": "EVAR"}]' [127 bytes]
2023-04-12 13:51:17,519 - DEBUG - < TEXT '[3, "93b67b15-471b-4190-a74b-2911b9f43e1f", {"s...17Z", "interval": 600}]' [123 bytes]
2023-04-12 13:51:18,537 - DEBUG - > TEXT '[2, "93b67b15-471b-4190-a74b-2911b9f43e1f", "St..."status": "Available"}]' [132 bytes]
2023-04-12 13:51:18,798 - DEBUG - < TEXT '[3, "93b67b15-471b-4190-a74b-2911b9f43e1f", {}]' [47 bytes]
2023-04-12 13:51:19,854 - DEBUG - > TEXT '[2, "93b67b15-471b-4190-a74b-2911b9f43e1f", "Au...": "1031040000069641"}]' [87 bytes]
2023-04-12 13:51:20,088 - DEBUG - < TEXT '[3, "93b67b15-471b-4190-a74b-2911b9f43e1f", {"i..."status": "Accepted"}}]' [82 bytes]
2023-04-12 13:51:21,239 - DEBUG - > TEXT '[2, "f55133d6-d56b-4f54-8d0f-2d0f059cf583", "St...2023-04-12T13:51:15Z"}]' [170 bytes]
2023-04-12 13:51:21,603 - DEBUG - < TEXT '[3, "f55133d6-d56b-4f54-8d0f-2d0f059cf583", {"t..."status": "Accepted"}}]' [110 bytes]
2023-04-12 13:51:22,666 - DEBUG - > TEXT '[2, "93b67b15-471b-4190-a74b-2911b9f43e1f", "St... "status": "Charging"}]' [131 bytes]
2023-04-12 13:51:22,865 - DEBUG - < TEXT '[3, "93b67b15-471b-4190-a74b-2911b9f43e1f", {}]' [47 bytes]
2023-04-12 13:51:23,952 - DEBUG - > TEXT '[2, "db564c25-88a8-491c-bb34-b7158f3cfb8c", "Me...er", "unit": "Wh"}]}]}]' [259 bytes]
2023-04-12 13:51:24,160 - DEBUG - < TEXT '[4, "db564c25-88a8-491c-bb34-b7158f3cfb8c", {"e...the requested Action"}]' [187 bytes]
2023-04-12 13:51:24,203 - DEBUG - = connection is CLOSING
2023-04-12 13:51:24,204 - DEBUG - > CLOSE 1000 (OK) [2 bytes]
2023-04-12 13:51:24,226 - DEBUG - < CLOSE 1000 (OK) [2 bytes]
2023-04-12 13:51:24,231 - DEBUG - = connection is CLOSED
2023-04-12 13:51:49,846 - DEBUG - = connection is CONNECTING
2023-04-12 13:51:49,876 - DEBUG - > GET /ocpp16/ELA007C05/EVSCA050001 HTTP/1.1
2023-04-12 13:51:49,876 - DEBUG - > Host: ws.devevspcharger.uplus.co.kr
2023-04-12 13:51:49,876 - DEBUG - > Upgrade: websocket
2023-04-12 13:51:49,877 - DEBUG - > Connection: Upgrade
2023-04-12 13:51:49,877 - DEBUG - > Sec-WebSocket-Key: CFK38WP4Rta6ra4hshw3Qg==
2023-04-12 13:51:49,877 - DEBUG - > Sec-WebSocket-Version: 13
2023-04-12 13:51:49,877 - DEBUG - > Sec-WebSocket-Extensions: permessage-deflate; client_max_window_bits
2023-04-12 13:51:49,877 - DEBUG - > Sec-WebSocket-Protocol: ocpp1.6
2023-04-12 13:51:49,878 - DEBUG - > Authorization: Basic RVZBUjpFVkFSTEdV
2023-04-12 13:51:49,878 - DEBUG - > User-Agent: Python/3.11 websockets/10.4
2023-04-12 13:51:50,146 - DEBUG - < HTTP/1.1 101 Switching Protocols
2023-04-12 13:51:50,146 - DEBUG - < Connection: upgrade
2023-04-12 13:51:50,146 - DEBUG - < Date: Wed, 12 Apr 2023 04:51:50 GMT
2023-04-12 13:51:50,146 - DEBUG - < sec-websocket-protocol: ocpp1.6
2023-04-12 13:51:50,147 - DEBUG - < upgrade: websocket
2023-04-12 13:51:50,147 - DEBUG - < sec-websocket-accept: LWU/tLWRaDPsaMR1Bq4vVfpuYZs=
2023-04-12 13:51:50,147 - DEBUG - < sec-websocket-extensions: permessage-deflate
2023-04-12 13:51:50,147 - DEBUG - < X-Cache: Miss from cloudfront
2023-04-12 13:51:50,147 - DEBUG - < Via: 1.1 818e6836f2ca3e700a5577179db933d8.cloudfront.net (CloudFront)
2023-04-12 13:51:50,147 - DEBUG - < X-Amz-Cf-Pop: ICN57-P2
2023-04-12 13:51:50,147 - DEBUG - < X-Amz-Cf-Id: sUSZGTH8UuuxYK8Mhdiq87jGJfJ86drShpmp3ETCS2VGyZv3wNSPqA==
2023-04-12 13:51:50,147 - DEBUG - = connection is OPEN
2023-04-12 13:51:51,173 - DEBUG - > TEXT '[2, "86f76f6f-4d01-45e6-adbb-ca0d6bd7296a", "Bo...ePointVendor": "EVAR"}]' [127 bytes]
2023-04-12 13:51:51,421 - DEBUG - < TEXT '[3, "86f76f6f-4d01-45e6-adbb-ca0d6bd7296a", {"s...51Z", "interval": 600}]' [123 bytes]
2023-04-12 13:51:52,467 - DEBUG - > TEXT '[2, "86f76f6f-4d01-45e6-adbb-ca0d6bd7296a", "St..."status": "Available"}]' [132 bytes]
2023-04-12 13:51:52,697 - DEBUG - < TEXT '[3, "86f76f6f-4d01-45e6-adbb-ca0d6bd7296a", {}]' [47 bytes]
2023-04-12 13:51:53,730 - DEBUG - > TEXT '[2, "86f76f6f-4d01-45e6-adbb-ca0d6bd7296a", "Au...": "1031040000069641"}]' [87 bytes]
2023-04-12 13:51:53,980 - DEBUG - < TEXT '[3, "86f76f6f-4d01-45e6-adbb-ca0d6bd7296a", {"i..."status": "Accepted"}}]' [82 bytes]
2023-04-12 13:51:55,005 - DEBUG - > TEXT '[2, "9495b6b1-ffa6-43db-8b4c-505d4b1bbcd4", "St...2023-04-12T13:51:49Z"}]' [170 bytes]
2023-04-12 13:51:55,375 - DEBUG - < TEXT '[3, "9495b6b1-ffa6-43db-8b4c-505d4b1bbcd4", {"t..."status": "Accepted"}}]' [110 bytes]
2023-04-12 13:51:56,412 - DEBUG - > TEXT '[2, "86f76f6f-4d01-45e6-adbb-ca0d6bd7296a", "St... "status": "Charging"}]' [131 bytes]
2023-04-12 13:51:56,597 - DEBUG - < TEXT '[3, "86f76f6f-4d01-45e6-adbb-ca0d6bd7296a", {}]' [47 bytes]
2023-04-12 13:51:57,634 - DEBUG - > TEXT '[2, "1d8d9f0e-c2e7-48bd-85af-4139b974056a", "Me...er", "unit": "Wh"}]}]}]' [259 bytes]
2023-04-12 13:51:57,818 - DEBUG - < TEXT '[4, "1d8d9f0e-c2e7-48bd-85af-4139b974056a", {"e...the requested Action"}]' [187 bytes]
2023-04-12 13:51:57,844 - DEBUG - = connection is CLOSING
2023-04-12 13:51:57,844 - DEBUG - > CLOSE 1000 (OK) [2 bytes]
2023-04-12 13:51:57,858 - DEBUG - < CLOSE 1000 (OK) [2 bytes]
2023-04-12 13:51:57,863 - DEBUG - = connection is CLOSED
2023-04-12 13:52:13,395 - DEBUG - = connection is CONNECTING
2023-04-12 13:52:13,425 - DEBUG - > GET /ocpp16/ELA007C05/EVSCA050001 HTTP/1.1
2023-04-12 13:52:13,425 - DEBUG - > Host: ws.devevspcharger.uplus.co.kr
2023-04-12 13:52:13,426 - DEBUG - > Upgrade: websocket
2023-04-12 13:52:13,426 - DEBUG - > Connection: Upgrade
2023-04-12 13:52:13,426 - DEBUG - > Sec-WebSocket-Key: P3aXuIqfEm+LZD6Hn7D//w==
2023-04-12 13:52:13,426 - DEBUG - > Sec-WebSocket-Version: 13
2023-04-12 13:52:13,426 - DEBUG - > Sec-WebSocket-Extensions: permessage-deflate; client_max_window_bits
2023-04-12 13:52:13,426 - DEBUG - > Sec-WebSocket-Protocol: ocpp1.6
2023-04-12 13:52:13,426 - DEBUG - > Authorization: Basic RVZBUjpFVkFSTEdV
2023-04-12 13:52:13,426 - DEBUG - > User-Agent: Python/3.11 websockets/10.4
2023-04-12 13:52:13,666 - DEBUG - < HTTP/1.1 101 Switching Protocols
2023-04-12 13:52:13,666 - DEBUG - < Connection: upgrade
2023-04-12 13:52:13,667 - DEBUG - < Date: Wed, 12 Apr 2023 04:52:13 GMT
2023-04-12 13:52:13,667 - DEBUG - < sec-websocket-protocol: ocpp1.6
2023-04-12 13:52:13,667 - DEBUG - < upgrade: websocket
2023-04-12 13:52:13,667 - DEBUG - < sec-websocket-accept: daJYWzRI1MmG9OEE3hkQpRiEw7k=
2023-04-12 13:52:13,667 - DEBUG - < sec-websocket-extensions: permessage-deflate
2023-04-12 13:52:13,667 - DEBUG - < X-Cache: Miss from cloudfront
2023-04-12 13:52:13,667 - DEBUG - < Via: 1.1 0deed69f96030eea747cb7bfcfd21562.cloudfront.net (CloudFront)
2023-04-12 13:52:13,667 - DEBUG - < X-Amz-Cf-Pop: ICN57-P2
2023-04-12 13:52:13,667 - DEBUG - < X-Amz-Cf-Id: zGcEglJEvMwEZlB0W_UCa2uPVqkxOCfHYR3WQn_q4aXrcqGXXl8Kdw==
2023-04-12 13:52:13,668 - DEBUG - = connection is OPEN
2023-04-12 13:52:14,694 - DEBUG - > TEXT '[2, "c590ae0c-d049-4c04-afd5-a2df2cc89607", "Bo...ePointVendor": "EVAR"}]' [127 bytes]
2023-04-12 13:52:14,967 - DEBUG - < TEXT '[3, "c590ae0c-d049-4c04-afd5-a2df2cc89607", {"s...14Z", "interval": 600}]' [123 bytes]
2023-04-12 13:52:16,017 - DEBUG - > TEXT '[2, "c590ae0c-d049-4c04-afd5-a2df2cc89607", "St..."status": "Available"}]' [132 bytes]
2023-04-12 13:52:16,229 - DEBUG - < TEXT '[3, "c590ae0c-d049-4c04-afd5-a2df2cc89607", {}]' [47 bytes]
2023-04-12 13:52:17,265 - DEBUG - > TEXT '[2, "c590ae0c-d049-4c04-afd5-a2df2cc89607", "Au...": "1031040000069641"}]' [87 bytes]
2023-04-12 13:52:17,478 - DEBUG - < TEXT '[3, "c590ae0c-d049-4c04-afd5-a2df2cc89607", {"i..."status": "Accepted"}}]' [82 bytes]
2023-04-12 13:52:18,507 - DEBUG - > TEXT '[2, "377029e9-3113-4c30-b8a9-82e6b4ab7cf5", "St...2023-04-12T13:52:13Z"}]' [170 bytes]
2023-04-12 13:52:18,862 - DEBUG - < TEXT '[3, "377029e9-3113-4c30-b8a9-82e6b4ab7cf5", {"t..."status": "Accepted"}}]' [110 bytes]
2023-04-12 13:52:19,903 - DEBUG - > TEXT '[2, "c590ae0c-d049-4c04-afd5-a2df2cc89607", "St... "status": "Charging"}]' [131 bytes]
2023-04-12 13:52:20,129 - DEBUG - < TEXT '[3, "c590ae0c-d049-4c04-afd5-a2df2cc89607", {}]' [47 bytes]
2023-04-12 13:52:21,176 - DEBUG - > TEXT '[2, "0df73c84-c067-4639-926d-23343d359734", "Me...er", "unit": "Wh"}]}]}]' [259 bytes]
2023-04-12 13:52:21,359 - DEBUG - < TEXT '[4, "0df73c84-c067-4639-926d-23343d359734", {"e...the requested Action"}]' [187 bytes]
2023-04-12 13:52:21,381 - DEBUG - = connection is CLOSING
2023-04-12 13:52:21,381 - DEBUG - > CLOSE 1000 (OK) [2 bytes]
2023-04-12 13:52:21,393 - DEBUG - < CLOSE 1000 (OK) [2 bytes]
2023-04-12 13:52:21,396 - DEBUG - = connection is CLOSED
2023-04-12 13:54:33,385 - DEBUG - = connection is CONNECTING
2023-04-12 13:54:33,417 - DEBUG - > GET /ocpp16/ELA007C05/EVSCA050001 HTTP/1.1
2023-04-12 13:54:33,418 - DEBUG - > Host: ws.devevspcharger.uplus.co.kr
2023-04-12 13:54:33,418 - DEBUG - > Upgrade: websocket
2023-04-12 13:54:33,418 - DEBUG - > Connection: Upgrade
2023-04-12 13:54:33,418 - DEBUG - > Sec-WebSocket-Key: WlfPpd7XlzWqieNeQAqz1A==
2023-04-12 13:54:33,418 - DEBUG - > Sec-WebSocket-Version: 13
2023-04-12 13:54:33,419 - DEBUG - > Sec-WebSocket-Extensions: permessage-deflate; client_max_window_bits
2023-04-12 13:54:33,419 - DEBUG - > Sec-WebSocket-Protocol: ocpp1.6
2023-04-12 13:54:33,419 - DEBUG - > Authorization: Basic RVZBUjpFVkFSTEdV
2023-04-12 13:54:33,419 - DEBUG - > User-Agent: Python/3.11 websockets/10.4
2023-04-12 13:54:33,873 - DEBUG - < HTTP/1.1 101 Switching Protocols
2023-04-12 13:54:33,873 - DEBUG - < Connection: upgrade
2023-04-12 13:54:33,874 - DEBUG - < Date: Wed, 12 Apr 2023 04:54:33 GMT
2023-04-12 13:54:33,874 - DEBUG - < sec-websocket-protocol: ocpp1.6
2023-04-12 13:54:33,874 - DEBUG - < upgrade: websocket
2023-04-12 13:54:33,874 - DEBUG - < sec-websocket-accept: tIacgqe4ZAUPGWwJyVIw8N0Upmg=
2023-04-12 13:54:33,874 - DEBUG - < sec-websocket-extensions: permessage-deflate
2023-04-12 13:54:33,874 - DEBUG - < X-Cache: Miss from cloudfront
2023-04-12 13:54:33,874 - DEBUG - < Via: 1.1 e649e91ecb78f4d44c5fc28ed185c6e0.cloudfront.net (CloudFront)
2023-04-12 13:54:33,874 - DEBUG - < X-Amz-Cf-Pop: ICN57-P2
2023-04-12 13:54:33,874 - DEBUG - < X-Amz-Cf-Id: 9sMd5Bc97A1eOeW_OxcBSd6TtmgLbch43j_1Aj7XTYqCcw0DVT8EUQ==
2023-04-12 13:54:33,874 - DEBUG - = connection is OPEN
2023-04-12 13:54:34,910 - DEBUG - > TEXT '[2, "60c1ed4b-3d97-4b7c-a6d6-e236cc949934", "Bo...ePointVendor": "EVAR"}]' [127 bytes]
2023-04-12 13:54:35,789 - DEBUG - < TEXT '[3, "60c1ed4b-3d97-4b7c-a6d6-e236cc949934", {"s...35Z", "interval": 600}]' [123 bytes]
2023-04-12 13:54:36,833 - DEBUG - > TEXT '[2, "60c1ed4b-3d97-4b7c-a6d6-e236cc949934", "St..."status": "Available"}]' [132 bytes]
2023-04-12 13:54:37,387 - DEBUG - < TEXT '[3, "60c1ed4b-3d97-4b7c-a6d6-e236cc949934", {}]' [47 bytes]
2023-04-12 13:54:38,424 - DEBUG - > TEXT '[2, "60c1ed4b-3d97-4b7c-a6d6-e236cc949934", "Au...": "1031040000069641"}]' [87 bytes]
2023-04-12 13:54:38,827 - DEBUG - < TEXT '[3, "60c1ed4b-3d97-4b7c-a6d6-e236cc949934", {"i..."status": "Accepted"}}]' [82 bytes]
2023-04-12 13:54:39,871 - DEBUG - > TEXT '[2, "dcf2733b-3850-4782-bd55-8e76ef2f52c0", "St...2023-04-12T13:54:33Z"}]' [170 bytes]
2023-04-12 13:54:40,515 - DEBUG - < TEXT '[3, "dcf2733b-3850-4782-bd55-8e76ef2f52c0", {"t..."status": "Accepted"}}]' [110 bytes]
2023-04-12 13:54:41,559 - DEBUG - > TEXT '[2, "60c1ed4b-3d97-4b7c-a6d6-e236cc949934", "St... "status": "Charging"}]' [131 bytes]
2023-04-12 13:54:41,791 - DEBUG - < TEXT '[3, "60c1ed4b-3d97-4b7c-a6d6-e236cc949934", {}]' [47 bytes]
2023-04-12 13:54:42,841 - DEBUG - > TEXT '[2, "34571515-ce62-46a1-8958-c1c44aadd6c3", "Me...er", "unit": "Wh"}]}]}]' [259 bytes]
2023-04-12 13:54:43,225 - DEBUG - < TEXT '[4, "34571515-ce62-46a1-8958-c1c44aadd6c3", {"e...the requested Action"}]' [187 bytes]
2023-04-12 13:54:43,247 - DEBUG - = connection is CLOSING
2023-04-12 13:54:43,247 - DEBUG - > CLOSE 1000 (OK) [2 bytes]
2023-04-12 13:54:43,255 - DEBUG - < CLOSE 1000 (OK) [2 bytes]
2023-04-12 13:54:43,263 - DEBUG - = connection is CLOSED
2023-04-12 13:54:54,435 - DEBUG - = connection is CONNECTING
2023-04-12 13:54:54,474 - DEBUG - > GET /ocpp16/ELA007C05/EVSCA050001 HTTP/1.1
2023-04-12 13:54:54,475 - DEBUG - > Host: ws.devevspcharger.uplus.co.kr
2023-04-12 13:54:54,475 - DEBUG - > Upgrade: websocket
2023-04-12 13:54:54,476 - DEBUG - > Connection: Upgrade
2023-04-12 13:54:54,476 - DEBUG - > Sec-WebSocket-Key: nwLijzdhB9ytFGE2R1J0dQ==
2023-04-12 13:54:54,476 - DEBUG - > Sec-WebSocket-Version: 13
2023-04-12 13:54:54,476 - DEBUG - > Sec-WebSocket-Extensions: permessage-deflate; client_max_window_bits
2023-04-12 13:54:54,477 - DEBUG - > Sec-WebSocket-Protocol: ocpp1.6
2023-04-12 13:54:54,477 - DEBUG - > Authorization: Basic RVZBUjpFVkFSTEdV
2023-04-12 13:54:54,477 - DEBUG - > User-Agent: Python/3.11 websockets/10.4
2023-04-12 13:54:54,750 - DEBUG - < HTTP/1.1 101 Switching Protocols
2023-04-12 13:54:54,750 - DEBUG - < Connection: upgrade
2023-04-12 13:54:54,751 - DEBUG - < Date: Wed, 12 Apr 2023 04:54:54 GMT
2023-04-12 13:54:54,751 - DEBUG - < sec-websocket-protocol: ocpp1.6
2023-04-12 13:54:54,751 - DEBUG - < upgrade: websocket
2023-04-12 13:54:54,751 - DEBUG - < sec-websocket-accept: BiLyENQ7NEQsTp90MrToFB16U/g=
2023-04-12 13:54:54,751 - DEBUG - < sec-websocket-extensions: permessage-deflate
2023-04-12 13:54:54,751 - DEBUG - < X-Cache: Miss from cloudfront
2023-04-12 13:54:54,751 - DEBUG - < Via: 1.1 1c31b550dc04cf34ff9053b76a7eecc4.cloudfront.net (CloudFront)
2023-04-12 13:54:54,751 - DEBUG - < X-Amz-Cf-Pop: ICN57-P2
2023-04-12 13:54:54,751 - DEBUG - < X-Amz-Cf-Id: U2gqItmcK-1rq0voPPz8BVAhoeTVcyYt7mbML13M_E0VrbQXI8yAMg==
2023-04-12 13:54:54,751 - DEBUG - = connection is OPEN
2023-04-12 13:54:55,779 - DEBUG - > TEXT '[2, "70080329-cdc5-4085-a1d0-cb36c0195a18", "Bo...ePointVendor": "EVAR"}]' [127 bytes]
2023-04-12 13:54:56,141 - DEBUG - < TEXT '[3, "70080329-cdc5-4085-a1d0-cb36c0195a18", {"s...56Z", "interval": 600}]' [123 bytes]
2023-04-12 13:54:57,160 - DEBUG - > TEXT '[2, "70080329-cdc5-4085-a1d0-cb36c0195a18", "St..."status": "Available"}]' [132 bytes]
2023-04-12 13:54:57,431 - DEBUG - < TEXT '[3, "70080329-cdc5-4085-a1d0-cb36c0195a18", {}]' [47 bytes]
2023-04-12 13:54:58,464 - DEBUG - > TEXT '[2, "70080329-cdc5-4085-a1d0-cb36c0195a18", "Au...": "1031040000069641"}]' [87 bytes]
2023-04-12 13:54:58,789 - DEBUG - < TEXT '[3, "70080329-cdc5-4085-a1d0-cb36c0195a18", {"i..."status": "Accepted"}}]' [82 bytes]
2023-04-12 13:54:59,809 - DEBUG - > TEXT '[2, "d3d9489f-57ce-48a1-995d-83c253b703ab", "St...2023-04-12T13:54:54Z"}]' [170 bytes]
2023-04-12 13:55:00,604 - DEBUG - < TEXT '[3, "d3d9489f-57ce-48a1-995d-83c253b703ab", {"t..."status": "Accepted"}}]' [110 bytes]
2023-04-12 13:55:01,657 - DEBUG - > TEXT '[2, "70080329-cdc5-4085-a1d0-cb36c0195a18", "St... "status": "Charging"}]' [131 bytes]
2023-04-12 13:55:01,859 - DEBUG - < TEXT '[3, "70080329-cdc5-4085-a1d0-cb36c0195a18", {}]' [47 bytes]
2023-04-12 13:55:02,919 - DEBUG - > TEXT '[2, "c5ab4963-b9f6-44c5-949b-e49e9afede14", "Me...er", "unit": "Wh"}]}]}]' [259 bytes]
2023-04-12 13:55:03,316 - DEBUG - < TEXT '[3, "c5ab4963-b9f6-44c5-949b-e49e9afede14", {}]' [47 bytes]
2023-04-12 13:55:04,383 - DEBUG - > TEXT '[2, "307ffa0f-7cb2-45d4-b7c2-86a79a2f48f0", "St...sactionId": 120533795}]' [149 bytes]
2023-04-12 13:55:04,995 - DEBUG - < TEXT '[3, "307ffa0f-7cb2-45d4-b7c2-86a79a2f48f0", {"i..."status": "Accepted"}}]' [82 bytes]
2023-04-12 13:55:06,045 - DEBUG - > TEXT '[2, "70080329-cdc5-4085-a1d0-cb36c0195a18", "St..."status": "Finishing"}]' [132 bytes]
2023-04-12 13:55:06,303 - DEBUG - < TEXT '[3, "70080329-cdc5-4085-a1d0-cb36c0195a18", {}]' [47 bytes]
2023-04-12 13:55:07,353 - DEBUG - > TEXT '[2, "70080329-cdc5-4085-a1d0-cb36c0195a18", "St..."status": "Available"}]' [132 bytes]
2023-04-12 13:55:07,599 - DEBUG - < TEXT '[3, "70080329-cdc5-4085-a1d0-cb36c0195a18", {}]' [47 bytes]
2023-04-12 13:55:07,625 - DEBUG - = connection is CLOSING
2023-04-12 13:55:07,625 - DEBUG - > CLOSE 1000 (OK) [2 bytes]
2023-04-12 13:55:07,633 - DEBUG - < CLOSE 1000 (OK) [2 bytes]
2023-04-12 13:55:07,639 - DEBUG - = connection is CLOSED
2023-04-12 13:56:21,993 - DEBUG - = connection is CONNECTING
2023-04-12 13:56:22,028 - DEBUG - > GET /ocpp16/ELA007C05/EVSCA050001 HTTP/1.1
2023-04-12 13:56:22,028 - DEBUG - > Host: ws.devevspcharger.uplus.co.kr
2023-04-12 13:56:22,028 - DEBUG - > Upgrade: websocket
2023-04-12 13:56:22,028 - DEBUG - > Connection: Upgrade
2023-04-12 13:56:22,028 - DEBUG - > Sec-WebSocket-Key: 8e4zz+GRW0rsxy2EuiosWg==
2023-04-12 13:56:22,029 - DEBUG - > Sec-WebSocket-Version: 13
2023-04-12 13:56:22,029 - DEBUG - > Sec-WebSocket-Extensions: permessage-deflate; client_max_window_bits
2023-04-12 13:56:22,029 - DEBUG - > Sec-WebSocket-Protocol: ocpp1.6
2023-04-12 13:56:22,029 - DEBUG - > Authorization: Basic RVZBUjpFVkFSTEdV
2023-04-12 13:56:22,029 - DEBUG - > User-Agent: Python/3.11 websockets/10.4
2023-04-12 13:56:22,602 - DEBUG - < HTTP/1.1 101 Switching Protocols
2023-04-12 13:56:22,602 - DEBUG - < Connection: upgrade
2023-04-12 13:56:22,602 - DEBUG - < Date: Wed, 12 Apr 2023 04:56:22 GMT
2023-04-12 13:56:22,602 - DEBUG - < sec-websocket-protocol: ocpp1.6
2023-04-12 13:56:22,602 - DEBUG - < upgrade: websocket
2023-04-12 13:56:22,602 - DEBUG - < sec-websocket-accept: 3omO+CJJ1qwE4Fh1eXW78AXoa7o=
2023-04-12 13:56:22,602 - DEBUG - < sec-websocket-extensions: permessage-deflate
2023-04-12 13:56:22,602 - DEBUG - < X-Cache: Miss from cloudfront
2023-04-12 13:56:22,602 - DEBUG - < Via: 1.1 702d274aeab676890c1a399c8e170886.cloudfront.net (CloudFront)
2023-04-12 13:56:22,603 - DEBUG - < X-Amz-Cf-Pop: ICN57-P2
2023-04-12 13:56:22,603 - DEBUG - < X-Amz-Cf-Id: XdD0tRaczg7OLf8zw9XiuKBTNOKxwVmKfAe7BSJywgyf0w8whcSePQ==
2023-04-12 13:56:22,603 - DEBUG - = connection is OPEN
2023-04-12 13:56:23,624 - DEBUG - > TEXT '[2, "4df15af6-34bc-45f0-9ebb-7ebf64017523", "Bo...ePointVendor": "EVAR"}]' [127 bytes]
2023-04-12 13:56:24,110 - DEBUG - < TEXT '[3, "4df15af6-34bc-45f0-9ebb-7ebf64017523", {"s...24Z", "interval": 600}]' [123 bytes]
2023-04-12 13:56:25,134 - DEBUG - > TEXT '[2, "4df15af6-34bc-45f0-9ebb-7ebf64017523", "St..."status": "Available"}]' [132 bytes]
2023-04-12 13:56:25,379 - DEBUG - < TEXT '[3, "4df15af6-34bc-45f0-9ebb-7ebf64017523", {}]' [47 bytes]
2023-04-12 13:56:26,407 - DEBUG - > TEXT '[2, "4df15af6-34bc-45f0-9ebb-7ebf64017523", "Au...": "1031040000069641"}]' [87 bytes]
2023-04-12 13:56:26,653 - DEBUG - < TEXT '[3, "4df15af6-34bc-45f0-9ebb-7ebf64017523", {"i..."status": "Accepted"}}]' [82 bytes]
2023-04-12 13:56:26,668 - DEBUG - = connection is CLOSING
2023-04-12 13:56:26,668 - DEBUG - > CLOSE 1000 (OK) [2 bytes]
2023-04-12 13:56:26,677 - DEBUG - < CLOSE 1000 (OK) [2 bytes]
2023-04-12 13:56:26,712 - DEBUG - = connection is CLOSED
2023-04-12 13:57:04,860 - DEBUG - = connection is CONNECTING
2023-04-12 13:57:04,908 - DEBUG - > GET /ocpp16/ELA007C05/EVSCA050001 HTTP/1.1
2023-04-12 13:57:04,908 - DEBUG - > Host: ws.devevspcharger.uplus.co.kr
2023-04-12 13:57:04,909 - DEBUG - > Upgrade: websocket
2023-04-12 13:57:04,909 - DEBUG - > Connection: Upgrade
2023-04-12 13:57:04,909 - DEBUG - > Sec-WebSocket-Key: A6gnWq6hMr1kCw5nBcTxFA==
2023-04-12 13:57:04,909 - DEBUG - > Sec-WebSocket-Version: 13
2023-04-12 13:57:04,909 - DEBUG - > Sec-WebSocket-Extensions: permessage-deflate; client_max_window_bits
2023-04-12 13:57:04,909 - DEBUG - > Sec-WebSocket-Protocol: ocpp1.6
2023-04-12 13:57:04,909 - DEBUG - > Authorization: Basic RVZBUjpFVkFSTEdV
2023-04-12 13:57:04,909 - DEBUG - > User-Agent: Python/3.11 websockets/10.4
2023-04-12 13:57:05,228 - DEBUG - < HTTP/1.1 101 Switching Protocols
2023-04-12 13:57:05,228 - DEBUG - < Connection: upgrade
2023-04-12 13:57:05,228 - DEBUG - < Date: Wed, 12 Apr 2023 04:57:05 GMT
2023-04-12 13:57:05,228 - DEBUG - < sec-websocket-protocol: ocpp1.6
2023-04-12 13:57:05,228 - DEBUG - < upgrade: websocket
2023-04-12 13:57:05,228 - DEBUG - < sec-websocket-accept: vfC1YBEihZsnIRBUVvJIJknZHE0=
2023-04-12 13:57:05,228 - DEBUG - < sec-websocket-extensions: permessage-deflate
2023-04-12 13:57:05,228 - DEBUG - < X-Cache: Miss from cloudfront
2023-04-12 13:57:05,228 - DEBUG - < Via: 1.1 bab1895e0b0b8d2cc8c02eee5d24db78.cloudfront.net (CloudFront)
2023-04-12 13:57:05,228 - DEBUG - < X-Amz-Cf-Pop: ICN57-P2
2023-04-12 13:57:05,228 - DEBUG - < X-Amz-Cf-Id: kaTZW9hdVD2Cl9f9Y7lFMy2YIHj-7w9SFudSOWWZlhdzNvSKgfYnNA==
2023-04-12 13:57:05,228 - DEBUG - = connection is OPEN
2023-04-12 13:57:05,250 - DEBUG - > TEXT '[2, "8c1ff6ce-e857-408e-97a2-c1c8182e97dd", "Bo...ePointVendor": "EVAR"}]' [127 bytes]
2023-04-12 13:57:05,612 - DEBUG - < TEXT '[3, "8c1ff6ce-e857-408e-97a2-c1c8182e97dd", {"s...05Z", "interval": 600}]' [123 bytes]
2023-04-12 13:57:05,628 - DEBUG - > TEXT '[2, "8c1ff6ce-e857-408e-97a2-c1c8182e97dd", "St..."status": "Available"}]' [132 bytes]
2023-04-12 13:57:05,897 - DEBUG - < TEXT '[3, "8c1ff6ce-e857-408e-97a2-c1c8182e97dd", {}]' [47 bytes]
2023-04-12 13:57:05,915 - DEBUG - > TEXT '[2, "8c1ff6ce-e857-408e-97a2-c1c8182e97dd", "Au...": "1031040000069641"}]' [87 bytes]
2023-04-12 13:57:06,205 - DEBUG - < TEXT '[3, "8c1ff6ce-e857-408e-97a2-c1c8182e97dd", {"i..."status": "Accepted"}}]' [82 bytes]
2023-04-12 13:57:06,226 - DEBUG - = connection is CLOSING
2023-04-12 13:57:06,226 - DEBUG - > CLOSE 1000 (OK) [2 bytes]
2023-04-12 13:57:06,240 - DEBUG - < CLOSE 1000 (OK) [2 bytes]
2023-04-12 13:57:06,246 - DEBUG - = connection is CLOSED
2023-04-12 13:57:06,256 - DEBUG - = connection is CONNECTING
2023-04-12 13:57:06,289 - DEBUG - > GET /ocpp16/ELA007C05/EVSCA050001 HTTP/1.1
2023-04-12 13:57:06,289 - DEBUG - > Host: ws.devevspcharger.uplus.co.kr
2023-04-12 13:57:06,290 - DEBUG - > Upgrade: websocket
2023-04-12 13:57:06,290 - DEBUG - > Connection: Upgrade
2023-04-12 13:57:06,290 - DEBUG - > Sec-WebSocket-Key: RkxVmZSUvG+RZ5sdTyxMpQ==
2023-04-12 13:57:06,290 - DEBUG - > Sec-WebSocket-Version: 13
2023-04-12 13:57:06,290 - DEBUG - > Sec-WebSocket-Extensions: permessage-deflate; client_max_window_bits
2023-04-12 13:57:06,290 - DEBUG - > Sec-WebSocket-Protocol: ocpp1.6
2023-04-12 13:57:06,290 - DEBUG - > Authorization: Basic RVZBUjpFVkFSTEdV
2023-04-12 13:57:06,290 - DEBUG - > User-Agent: Python/3.11 websockets/10.4
2023-04-12 13:57:06,552 - DEBUG - < HTTP/1.1 101 Switching Protocols
2023-04-12 13:57:06,552 - DEBUG - < Connection: upgrade
2023-04-12 13:57:06,553 - DEBUG - < Date: Wed, 12 Apr 2023 04:57:06 GMT
2023-04-12 13:57:06,554 - DEBUG - < sec-websocket-protocol: ocpp1.6
2023-04-12 13:57:06,554 - DEBUG - < upgrade: websocket
2023-04-12 13:57:06,554 - DEBUG - < sec-websocket-accept: Dh/3UOWX7JKCHZdandl0ZHH60PY=
2023-04-12 13:57:06,554 - DEBUG - < sec-websocket-extensions: permessage-deflate
2023-04-12 13:57:06,554 - DEBUG - < X-Cache: Miss from cloudfront
2023-04-12 13:57:06,554 - DEBUG - < Via: 1.1 0a9548baf65e130ce12c4d90cb22d962.cloudfront.net (CloudFront)
2023-04-12 13:57:06,554 - DEBUG - < X-Amz-Cf-Pop: ICN57-P2
2023-04-12 13:57:06,554 - DEBUG - < X-Amz-Cf-Id: uP9DO7zpMSgrmttj3BSOxi76QCcR5o-9503iTcHHFcXYaJogYyXDAA==
2023-04-12 13:57:06,554 - DEBUG - = connection is OPEN
2023-04-12 13:57:06,581 - DEBUG - > TEXT '[2, "8c1ff6ce-e857-408e-97a2-c1c8182e97dd", "Bo...ePointVendor": "EVAR"}]' [127 bytes]
2023-04-12 13:57:06,894 - DEBUG - < TEXT '[3, "8c1ff6ce-e857-408e-97a2-c1c8182e97dd", {"s...06Z", "interval": 600}]' [123 bytes]
2023-04-12 13:57:06,934 - DEBUG - > TEXT '[2, "8c1ff6ce-e857-408e-97a2-c1c8182e97dd", "St..."status": "Available"}]' [132 bytes]
2023-04-12 13:57:07,308 - DEBUG - < TEXT '[3, "8c1ff6ce-e857-408e-97a2-c1c8182e97dd", {}]' [47 bytes]
2023-04-12 13:57:07,335 - DEBUG - > TEXT '[2, "8c1ff6ce-e857-408e-97a2-c1c8182e97dd", "Au...": "1031040000069641"}]' [87 bytes]
2023-04-12 13:57:07,706 - DEBUG - < TEXT '[3, "8c1ff6ce-e857-408e-97a2-c1c8182e97dd", {"i..."status": "Accepted"}}]' [82 bytes]
2023-04-12 13:57:07,732 - DEBUG - > TEXT '[2, "1a2d74e4-a4a2-47d8-8217-a50a200dd08b", "St...2023-04-12T13:57:04Z"}]' [170 bytes]
2023-04-12 13:57:08,191 - DEBUG - < TEXT '[3, "1a2d74e4-a4a2-47d8-8217-a50a200dd08b", {"t..."status": "Accepted"}}]' [110 bytes]
2023-04-12 13:57:08,236 - DEBUG - > TEXT '[2, "8c1ff6ce-e857-408e-97a2-c1c8182e97dd", "St... "status": "Charging"}]' [131 bytes]
2023-04-12 13:57:08,446 - DEBUG - < TEXT '[3, "8c1ff6ce-e857-408e-97a2-c1c8182e97dd", {}]' [47 bytes]
2023-04-12 13:57:08,484 - DEBUG - > TEXT '[2, "759628f2-1e53-41e9-9a05-257774181a91", "Me...er", "unit": "Wh"}]}]}]' [259 bytes]
2023-04-12 13:57:08,813 - DEBUG - < TEXT '[3, "759628f2-1e53-41e9-9a05-257774181a91", {}]' [47 bytes]
2023-04-12 13:57:08,862 - DEBUG - > TEXT '[2, "dee8bee7-7d81-4847-af4f-084097d9db4e", "St...sactionId": 120533795}]' [149 bytes]
2023-04-12 13:57:09,229 - DEBUG - < TEXT '[3, "dee8bee7-7d81-4847-af4f-084097d9db4e", {"i..."status": "Accepted"}}]' [82 bytes]
2023-04-12 13:57:09,270 - DEBUG - > TEXT '[2, "8c1ff6ce-e857-408e-97a2-c1c8182e97dd", "St..."status": "Finishing"}]' [132 bytes]
2023-04-12 13:57:09,808 - DEBUG - < TEXT '[3, "8c1ff6ce-e857-408e-97a2-c1c8182e97dd", {}]' [47 bytes]
2023-04-12 13:57:09,854 - DEBUG - > TEXT '[2, "8c1ff6ce-e857-408e-97a2-c1c8182e97dd", "St..."status": "Available"}]' [132 bytes]
2023-04-12 13:57:10,091 - DEBUG - < TEXT '[3, "8c1ff6ce-e857-408e-97a2-c1c8182e97dd", {}]' [47 bytes]
2023-04-12 13:57:10,112 - DEBUG - = connection is CLOSING
2023-04-12 13:57:10,112 - DEBUG - > CLOSE 1000 (OK) [2 bytes]
2023-04-12 13:57:10,120 - DEBUG - < CLOSE 1000 (OK) [2 bytes]
2023-04-12 13:57:10,126 - DEBUG - = connection is CLOSED
2023-04-12 14:20:05,873 - DEBUG - = connection is CONNECTING
2023-04-12 14:20:06,008 - DEBUG - > GET /ocpp16/ELC050C-001/ELC050C-001-001 HTTP/1.1
2023-04-12 14:20:06,009 - DEBUG - > Host: ws.devevspcharger.uplus.co.kr
2023-04-12 14:20:06,009 - DEBUG - > Upgrade: websocket
2023-04-12 14:20:06,009 - DEBUG - > Connection: Upgrade
2023-04-12 14:20:06,010 - DEBUG - > Sec-WebSocket-Key: HxmD4+XTUBSd64DYLsUMHg==
2023-04-12 14:20:06,010 - DEBUG - > Sec-WebSocket-Version: 13
2023-04-12 14:20:06,010 - DEBUG - > Sec-WebSocket-Extensions: permessage-deflate; client_max_window_bits
2023-04-12 14:20:06,010 - DEBUG - > Sec-WebSocket-Protocol: ocpp1.6
2023-04-12 14:20:06,010 - DEBUG - > Authorization: Basic RVZBUjpFVkFSTEdV
2023-04-12 14:20:06,010 - DEBUG - > User-Agent: Python/3.11 websockets/10.4
2023-04-12 14:20:06,649 - DEBUG - < HTTP/1.1 101 Switching Protocols
2023-04-12 14:20:06,650 - DEBUG - < Connection: upgrade
2023-04-12 14:20:06,650 - DEBUG - < Date: Wed, 12 Apr 2023 05:20:06 GMT
2023-04-12 14:20:06,650 - DEBUG - < sec-websocket-protocol: ocpp1.6
2023-04-12 14:20:06,650 - DEBUG - < upgrade: websocket
2023-04-12 14:20:06,650 - DEBUG - < sec-websocket-accept: Fq3PinlSTe2iUp5PSaX7ToSEL8s=
2023-04-12 14:20:06,650 - DEBUG - < sec-websocket-extensions: permessage-deflate
2023-04-12 14:20:06,650 - DEBUG - < X-Cache: Miss from cloudfront
2023-04-12 14:20:06,651 - DEBUG - < Via: 1.1 0a9548baf65e130ce12c4d90cb22d962.cloudfront.net (CloudFront)
2023-04-12 14:20:06,651 - DEBUG - < X-Amz-Cf-Pop: ICN57-P2
2023-04-12 14:20:06,651 - DEBUG - < X-Amz-Cf-Id: ZkbbxNxX1ggLdQE_Tk1OP-prUIgSOdm-oxQ5G7Qb8_xsyfSGDiCI5Q==
2023-04-12 14:20:06,664 - DEBUG - = connection is OPEN
2023-04-12 14:20:06,716 - DEBUG - = connection is CLOSING
2023-04-12 14:20:06,716 - DEBUG - > CLOSE 1000 (OK) [2 bytes]
2023-04-12 14:20:06,731 - DEBUG - < CLOSE 1000 (OK) [2 bytes]
2023-04-12 14:20:06,737 - DEBUG - = connection is CLOSED
2023-04-12 14:21:52,838 - DEBUG - = connection is CONNECTING
2023-04-12 14:21:52,887 - DEBUG - > GET /ocpp16/ELC050C-001/ELC050C-001-001 HTTP/1.1
2023-04-12 14:21:52,887 - DEBUG - > Host: ws.devevspcharger.uplus.co.kr
2023-04-12 14:21:52,888 - DEBUG - > Upgrade: websocket
2023-04-12 14:21:52,888 - DEBUG - > Connection: Upgrade
2023-04-12 14:21:52,888 - DEBUG - > Sec-WebSocket-Key: +oC4gvWhGebDX/qgjXGAzg==
2023-04-12 14:21:52,888 - DEBUG - > Sec-WebSocket-Version: 13
2023-04-12 14:21:52,888 - DEBUG - > Sec-WebSocket-Extensions: permessage-deflate; client_max_window_bits
2023-04-12 14:21:52,888 - DEBUG - > Sec-WebSocket-Protocol: ocpp1.6
2023-04-12 14:21:52,889 - DEBUG - > Authorization: Basic RVZBUjpFVkFSTEdV
2023-04-12 14:21:52,889 - DEBUG - > User-Agent: Python/3.11 websockets/10.4
2023-04-12 14:21:53,411 - DEBUG - < HTTP/1.1 101 Switching Protocols
2023-04-12 14:21:53,411 - DEBUG - < Connection: upgrade
2023-04-12 14:21:53,411 - DEBUG - < Date: Wed, 12 Apr 2023 05:21:53 GMT
2023-04-12 14:21:53,411 - DEBUG - < sec-websocket-protocol: ocpp1.6
2023-04-12 14:21:53,412 - DEBUG - < upgrade: websocket
2023-04-12 14:21:53,412 - DEBUG - < sec-websocket-accept: 6Jw4VQmi70ViADYeFt6z86S90IA=
2023-04-12 14:21:53,412 - DEBUG - < sec-websocket-extensions: permessage-deflate
2023-04-12 14:21:53,412 - DEBUG - < X-Cache: Miss from cloudfront
2023-04-12 14:21:53,412 - DEBUG - < Via: 1.1 0a9548baf65e130ce12c4d90cb22d962.cloudfront.net (CloudFront)
2023-04-12 14:21:53,412 - DEBUG - < X-Amz-Cf-Pop: ICN57-P2
2023-04-12 14:21:53,412 - DEBUG - < X-Amz-Cf-Id: 6cQ7CGjSiDK8ybCkCLqPGBpo9reJQAJbztho7FS6aaP39ukvtoOujg==
2023-04-12 14:21:53,413 - DEBUG - = connection is OPEN
2023-04-12 14:21:53,438 - DEBUG - > TEXT '[2, "be48d481-6dd2-45e5-9e06-da1012a586c9", "Bo...r": "ELC050C-001-001"}]' [175 bytes]
2023-04-12 14:21:54,651 - DEBUG - < TEXT '[3, "be48d481-6dd2-45e5-9e06-da1012a586c9", {"s...54Z", "interval": 300}]' [123 bytes]
2023-04-12 14:22:13,418 - DEBUG - % sending keepalive ping
2023-04-12 14:22:13,418 - DEBUG - > PING a9 90 41 e3 [binary, 4 bytes]
2023-04-12 14:22:13,431 - DEBUG - < PONG a9 90 41 e3 [binary, 4 bytes]
2023-04-12 14:22:13,439 - DEBUG - % received keepalive pong
2023-04-12 14:22:33,442 - DEBUG - % sending keepalive ping
2023-04-12 14:22:33,443 - DEBUG - > PING 5f e8 dc 4a [binary, 4 bytes]
2023-04-12 14:22:33,459 - DEBUG - < PONG 5f e8 dc 4a [binary, 4 bytes]
2023-04-12 14:22:33,463 - DEBUG - % received keepalive pong
2023-04-12 14:22:53,447 - DEBUG - % sending keepalive ping
2023-04-12 14:22:53,448 - DEBUG - > PING c6 d0 60 1e [binary, 4 bytes]
2023-04-12 14:22:53,476 - DEBUG - < PONG c6 d0 60 1e [binary, 4 bytes]
2023-04-12 14:22:53,486 - DEBUG - % received keepalive pong
2023-04-12 14:23:14,978 - DEBUG - = connection is CONNECTING
2023-04-12 14:23:15,029 - DEBUG - > GET /ocpp16/ELC050C-001/ELC050C-001-001 HTTP/1.1
2023-04-12 14:23:15,029 - DEBUG - > Host: ws.devevspcharger.uplus.co.kr
2023-04-12 14:23:15,029 - DEBUG - > Upgrade: websocket
2023-04-12 14:23:15,029 - DEBUG - > Connection: Upgrade
2023-04-12 14:23:15,030 - DEBUG - > Sec-WebSocket-Key: cxd8I1FNqdYlIdNYKv0/+g==
2023-04-12 14:23:15,030 - DEBUG - > Sec-WebSocket-Version: 13
2023-04-12 14:23:15,030 - DEBUG - > Sec-WebSocket-Extensions: permessage-deflate; client_max_window_bits
2023-04-12 14:23:15,030 - DEBUG - > Sec-WebSocket-Protocol: ocpp1.6
2023-04-12 14:23:15,030 - DEBUG - > Authorization: Basic RVZBUjpFVkFSTEdV
2023-04-12 14:23:15,030 - DEBUG - > User-Agent: Python/3.11 websockets/10.4
2023-04-12 14:23:15,749 - DEBUG - < HTTP/1.1 101 Switching Protocols
2023-04-12 14:23:15,749 - DEBUG - < Connection: upgrade
2023-04-12 14:23:15,749 - DEBUG - < Date: Wed, 12 Apr 2023 05:23:15 GMT
2023-04-12 14:23:15,749 - DEBUG - < sec-websocket-protocol: ocpp1.6
2023-04-12 14:23:15,749 - DEBUG - < upgrade: websocket
2023-04-12 14:23:15,750 - DEBUG - < sec-websocket-accept: puAysFqJXU49W9SZIzVq/Iwir4I=
2023-04-12 14:23:15,750 - DEBUG - < sec-websocket-extensions: permessage-deflate
2023-04-12 14:23:15,750 - DEBUG - < X-Cache: Miss from cloudfront
2023-04-12 14:23:15,750 - DEBUG - < Via: 1.1 96d5e926418becbc899e1a730ab37236.cloudfront.net (CloudFront)
2023-04-12 14:23:15,750 - DEBUG - < X-Amz-Cf-Pop: ICN57-P2
2023-04-12 14:23:15,750 - DEBUG - < X-Amz-Cf-Id: 5b0F_zhJcliflL1HVn7W9MQNCwAt8kjrzOFcZaUHhkNWDSg95fDuFw==
2023-04-12 14:23:15,750 - DEBUG - = connection is OPEN
2023-04-12 14:23:15,771 - DEBUG - > TEXT '[2, "09165654-69b7-4268-b99a-3165a5df6903", "Bo...r": "ELC050C-001-001"}]' [175 bytes]
2023-04-12 14:23:16,235 - DEBUG - < TEXT '[3, "09165654-69b7-4268-b99a-3165a5df6903", {"s...16Z", "interval": 300}]' [123 bytes]
2023-04-12 14:23:18,857 - DEBUG - Starting new HTTPS connection (1): rgw.devevspcharger.uplus.co.kr:443
2023-04-12 14:23:20,295 - DEBUG - https://rgw.devevspcharger.uplus.co.kr:443 "POST /ioc HTTP/1.1" 200 148
2023-04-12 14:23:20,308 - DEBUG - < TEXT '[2, "ee1810ad-68d5-44cc-be29-30720e8f8cff", "Ge...izeRemoteTxRequests"]}]' [103 bytes]
2023-04-12 14:23:20,312 - ERROR - Task exception was never retrieved
future: <Task finished name='Task-2' coro=<ChargerSim.startEvent() done, defined at D:\workspace\wss\main.py:124> exception=TypeError("string indices must be integers, not 'str'")>
Traceback (most recent call last):
  File "D:\workspace\wss\main.py", line 144, in startEvent
    await self.charger.runcase(self.TC_selected if len(self.TC_selected.keys())>0 else self.TC)
  File "D:\workspace\wss\Charger.py", line 365, in runcase
    senddoc = self.ocppdocs[f"{recv[2]}Response"]
              ~~~~~~~~~~~~~^^^^^^^^^^^^^^^^^^^^^^
TypeError: string indices must be integers, not 'str'
2023-04-12 14:23:35,754 - DEBUG - % sending keepalive ping
2023-04-12 14:23:35,754 - DEBUG - > PING e7 e0 5f ef [binary, 4 bytes]
2023-04-12 14:23:35,765 - DEBUG - < PONG e7 e0 5f ef [binary, 4 bytes]
2023-04-12 14:23:35,769 - DEBUG - % received keepalive pong
2023-04-12 14:23:55,768 - DEBUG - % sending keepalive ping
2023-04-12 14:23:55,768 - DEBUG - > PING cb 64 db 82 [binary, 4 bytes]
2023-04-12 14:23:55,783 - DEBUG - < PONG cb 64 db 82 [binary, 4 bytes]
2023-04-12 14:23:55,788 - DEBUG - % received keepalive pong
2023-04-12 14:24:15,772 - DEBUG - % sending keepalive ping
2023-04-12 14:24:15,772 - DEBUG - > PING '"\u05fd\x7f' [text, 4 bytes]
2023-04-12 14:24:15,781 - DEBUG - < PONG '"\u05fd\x7f' [text, 4 bytes]
2023-04-12 14:24:15,787 - DEBUG - % received keepalive pong
2023-04-12 14:24:35,775 - DEBUG - % sending keepalive ping
2023-04-12 14:24:35,776 - DEBUG - > PING f5 6c 9c 1c [binary, 4 bytes]
2023-04-12 14:24:35,798 - DEBUG - < PONG f5 6c 9c 1c [binary, 4 bytes]
2023-04-12 14:24:35,806 - DEBUG - % received keepalive pong
2023-04-12 14:24:56,571 - DEBUG - = connection is CONNECTING
2023-04-12 14:24:56,621 - DEBUG - > GET /ocpp16/ELA007C05/EVSCA050001 HTTP/1.1
2023-04-12 14:24:56,621 - DEBUG - > Host: ws.devevspcharger.uplus.co.kr
2023-04-12 14:24:56,622 - DEBUG - > Upgrade: websocket
2023-04-12 14:24:56,622 - DEBUG - > Connection: Upgrade
2023-04-12 14:24:56,622 - DEBUG - > Sec-WebSocket-Key: ixOp7y55IPFjrZrsO8hwrQ==
2023-04-12 14:24:56,622 - DEBUG - > Sec-WebSocket-Version: 13
2023-04-12 14:24:56,622 - DEBUG - > Sec-WebSocket-Extensions: permessage-deflate; client_max_window_bits
2023-04-12 14:24:56,622 - DEBUG - > Sec-WebSocket-Protocol: ocpp1.6
2023-04-12 14:24:56,622 - DEBUG - > Authorization: Basic RVZBUjpFVkFSTEdV
2023-04-12 14:24:56,623 - DEBUG - > User-Agent: Python/3.11 websockets/10.4
2023-04-12 14:24:57,165 - DEBUG - < HTTP/1.1 101 Switching Protocols
2023-04-12 14:24:57,165 - DEBUG - < Connection: upgrade
2023-04-12 14:24:57,165 - DEBUG - < Date: Wed, 12 Apr 2023 05:24:57 GMT
2023-04-12 14:24:57,165 - DEBUG - < sec-websocket-protocol: ocpp1.6
2023-04-12 14:24:57,166 - DEBUG - < upgrade: websocket
2023-04-12 14:24:57,166 - DEBUG - < sec-websocket-accept: 5ugAipLciMoFXHuF5ffaw0BcrmE=
2023-04-12 14:24:57,166 - DEBUG - < sec-websocket-extensions: permessage-deflate
2023-04-12 14:24:57,166 - DEBUG - < X-Cache: Miss from cloudfront
2023-04-12 14:24:57,166 - DEBUG - < Via: 1.1 0a9548baf65e130ce12c4d90cb22d962.cloudfront.net (CloudFront)
2023-04-12 14:24:57,166 - DEBUG - < X-Amz-Cf-Pop: ICN57-P2
2023-04-12 14:24:57,166 - DEBUG - < X-Amz-Cf-Id: R7f1Eewwc9xmSHIoAO-BA32_q5VUoespL05dDMA2YbJUjUWzk5MQ1w==
2023-04-12 14:24:57,166 - DEBUG - = connection is OPEN
2023-04-12 14:24:57,196 - DEBUG - > TEXT '[2, "19c88ab8-f1b4-45bc-acc7-994a57c20b5d", "Bo...ePointVendor": "EVAR"}]' [127 bytes]
2023-04-12 14:24:57,596 - DEBUG - < TEXT '[3, "19c88ab8-f1b4-45bc-acc7-994a57c20b5d", {"s...57Z", "interval": 600}]' [123 bytes]
2023-04-12 14:24:57,612 - ERROR - Task exception was never retrieved
future: <Task finished name='Task-2' coro=<ChargerSim.startEvent() done, defined at D:\workspace\wss\main.py:124> exception=TypeError("string indices must be integers, not 'str'")>
Traceback (most recent call last):
  File "D:\workspace\wss\main.py", line 144, in startEvent
    await self.charger.runcase(self.TC_selected if len(self.TC_selected.keys())>0 else self.TC)
  File "D:\workspace\wss\Charger.py", line 343, in runcase
    doc = self.ocppdocs[c[1]]
          ~~~~~~~~~~~~~^^^^^^
TypeError: string indices must be integers, not 'str'
2023-04-12 14:25:06,621 - DEBUG - = connection is CONNECTING
2023-04-12 14:25:06,660 - DEBUG - > GET /ocpp16/ELA007C05/EVSCA050001 HTTP/1.1
2023-04-12 14:25:06,660 - DEBUG - > Host: ws.devevspcharger.uplus.co.kr
2023-04-12 14:25:06,660 - DEBUG - > Upgrade: websocket
2023-04-12 14:25:06,660 - DEBUG - > Connection: Upgrade
2023-04-12 14:25:06,661 - DEBUG - > Sec-WebSocket-Key: m7Q+1ZeasdKOR5s+ixY76g==
2023-04-12 14:25:06,661 - DEBUG - > Sec-WebSocket-Version: 13
2023-04-12 14:25:06,661 - DEBUG - > Sec-WebSocket-Extensions: permessage-deflate; client_max_window_bits
2023-04-12 14:25:06,661 - DEBUG - > Sec-WebSocket-Protocol: ocpp1.6
2023-04-12 14:25:06,661 - DEBUG - > Authorization: Basic RVZBUjpFVkFSTEdV
2023-04-12 14:25:06,661 - DEBUG - > User-Agent: Python/3.11 websockets/10.4
2023-04-12 14:25:06,962 - DEBUG - < HTTP/1.1 101 Switching Protocols
2023-04-12 14:25:06,962 - DEBUG - < Connection: upgrade
2023-04-12 14:25:06,962 - DEBUG - < Date: Wed, 12 Apr 2023 05:25:07 GMT
2023-04-12 14:25:06,962 - DEBUG - < sec-websocket-protocol: ocpp1.6
2023-04-12 14:25:06,962 - DEBUG - < upgrade: websocket
2023-04-12 14:25:06,962 - DEBUG - < sec-websocket-accept: DPuFzXkAT6O6n4Me/UZ470xACKw=
2023-04-12 14:25:06,962 - DEBUG - < sec-websocket-extensions: permessage-deflate
2023-04-12 14:25:06,962 - DEBUG - < X-Cache: Miss from cloudfront
2023-04-12 14:25:06,963 - DEBUG - < Via: 1.1 96d5e926418becbc899e1a730ab37236.cloudfront.net (CloudFront)
2023-04-12 14:25:06,963 - DEBUG - < X-Amz-Cf-Pop: ICN57-P2
2023-04-12 14:25:06,963 - DEBUG - < X-Amz-Cf-Id: jAoDGtkLam5rUFiNYoSutay_BAdZ9Bo5I51DqppOvdDMMaIxXOxoQA==
2023-04-12 14:25:06,963 - DEBUG - = connection is OPEN
2023-04-12 14:25:06,983 - DEBUG - > TEXT '[2, "7abe49bb-2a4d-4546-8c42-d766dcbf280b", "Bo...ePointVendor": "EVAR"}]' [127 bytes]
2023-04-12 14:25:07,251 - DEBUG - < TEXT '[3, "7abe49bb-2a4d-4546-8c42-d766dcbf280b", {"s...07Z", "interval": 600}]' [123 bytes]
2023-04-12 14:25:10,183 - DEBUG - Starting new HTTPS connection (1): rgw.devevspcharger.uplus.co.kr:443
2023-04-12 14:25:11,590 - DEBUG - https://rgw.devevspcharger.uplus.co.kr:443 "POST /ioc HTTP/1.1" 200 148
2023-04-12 14:25:11,602 - DEBUG - < TEXT '[2, "7b2230f6-23fe-45b0-b7b4-ceb1886c86b5", "Ge...izeRemoteTxRequests"]}]' [103 bytes]
2023-04-12 14:25:11,606 - DEBUG - > TEXT '[3, "7b2230f6-23fe-45b0-b7b4-ceb1886c86b5", {"c...ue", "value": "300"}]}]' [141 bytes]
2023-04-12 14:25:11,823 - DEBUG - < TEXT '' [0 bytes]
2023-04-12 14:25:17,178 - DEBUG - % sending keepalive ping
2023-04-12 14:25:17,179 - DEBUG - > PING '\u057a\\7' [text, 4 bytes]
2023-04-12 14:25:17,259 - DEBUG - < PONG '\u057a\\7' [text, 4 bytes]
2023-04-12 14:25:17,263 - DEBUG - % received keepalive pong
2023-04-12 14:25:28,653 - DEBUG - % sending keepalive ping
2023-04-12 14:25:28,653 - DEBUG - > PING "<<'E" [text, 4 bytes]
2023-04-12 14:25:28,665 - DEBUG - < PONG "<<'E" [text, 4 bytes]
2023-04-12 14:25:28,668 - DEBUG - % received keepalive pong
2023-04-12 14:25:37,275 - DEBUG - % sending keepalive ping
2023-04-12 14:25:37,275 - DEBUG - > PING 1a 8a c7 c0 [binary, 4 bytes]
2023-04-12 14:25:37,288 - DEBUG - < PONG 1a 8a c7 c0 [binary, 4 bytes]
2023-04-12 14:25:37,294 - DEBUG - % received keepalive pong
2023-04-12 14:25:40,594 - DEBUG - Starting new HTTPS connection (1): rgw.devevspcharger.uplus.co.kr:443
2023-04-12 14:25:41,002 - DEBUG - https://rgw.devevspcharger.uplus.co.kr:443 "POST /ioc HTTP/1.1" 200 164
2023-04-12 14:25:41,014 - DEBUG - < TEXT '[2, "9cc99f6d-9a57-4bbf-a2ac-065e5b4c12d0", "Ch...rval", "value": "300"}]' [119 bytes]
2023-04-12 14:25:41,019 - DEBUG - > TEXT '[3, "9cc99f6d-9a57-4bbf-a2ac-065e5b4c12d0", {"status": "Accepted"}]' [67 bytes]
2023-04-12 14:25:41,183 - DEBUG - < TEXT '' [0 bytes]
2023-04-12 14:25:41,222 - DEBUG - > TEXT '[2, "7abe49bb-2a4d-4546-8c42-d766dcbf280b", "St..."status": "Available"}]' [132 bytes]
2023-04-12 14:25:41,452 - DEBUG - < TEXT '[3, "7abe49bb-2a4d-4546-8c42-d766dcbf280b", {}]' [47 bytes]
2023-04-12 14:25:48,668 - DEBUG - % sending keepalive ping
2023-04-12 14:25:48,668 - DEBUG - > PING cb 02 34 b0 [binary, 4 bytes]
2023-04-12 14:25:48,680 - DEBUG - < PONG cb 02 34 b0 [binary, 4 bytes]
2023-04-12 14:25:48,685 - DEBUG - % received keepalive pong
2023-04-12 14:25:57,308 - DEBUG - % sending keepalive ping
2023-04-12 14:25:57,308 - DEBUG - > PING 41 f5 73 1f [binary, 4 bytes]
2023-04-12 14:25:57,318 - DEBUG - < PONG 41 f5 73 1f [binary, 4 bytes]
2023-04-12 14:25:57,322 - DEBUG - % received keepalive pong
2023-04-12 14:26:08,687 - DEBUG - % sending keepalive ping
2023-04-12 14:26:08,687 - DEBUG - > PING 'tsA*' [text, 4 bytes]
2023-04-12 14:26:08,705 - DEBUG - < PONG 'tsA*' [text, 4 bytes]
2023-04-12 14:26:08,707 - DEBUG - % received keepalive pong
2023-04-12 14:26:17,314 - DEBUG - % sending keepalive ping
2023-04-12 14:26:17,314 - DEBUG - > PING d3 c6 79 cb [binary, 4 bytes]
2023-04-12 14:26:17,326 - DEBUG - < PONG d3 c6 79 cb [binary, 4 bytes]
2023-04-12 14:26:17,331 - DEBUG - % received keepalive pong
2023-04-12 14:26:20,309 - DEBUG - < TEXT '[2, "20230412142620109", "RemoteStartTransactio...": "1031040000069641"}]' [148 bytes]
2023-04-12 14:26:20,338 - DEBUG - = connection is CLOSING
2023-04-12 14:26:20,338 - DEBUG - > CLOSE 1000 (OK) [2 bytes]
2023-04-12 14:26:20,348 - DEBUG - < CLOSE 1000 (OK) [2 bytes]
2023-04-12 14:26:20,351 - DEBUG - = connection is CLOSED
2023-04-12 14:26:37,318 - DEBUG - % sending keepalive ping
2023-04-12 14:26:37,318 - DEBUG - > PING 91 ac c0 cc [binary, 4 bytes]
2023-04-12 14:26:37,331 - DEBUG - < PONG 91 ac c0 cc [binary, 4 bytes]
2023-04-12 14:26:37,335 - DEBUG - % received keepalive pong
2023-04-12 14:26:57,318 - DEBUG - % sending keepalive ping
2023-04-12 14:26:57,319 - DEBUG - > PING 78 09 c1 77 [binary, 4 bytes]
2023-04-12 14:26:57,328 - DEBUG - < PONG 78 09 c1 77 [binary, 4 bytes]
2023-04-12 14:26:57,330 - DEBUG - % received keepalive pong
2023-04-12 14:27:17,315 - DEBUG - % sending keepalive ping
2023-04-12 14:27:17,316 - DEBUG - > PING bb 9b 2c c9 [binary, 4 bytes]
2023-04-12 14:27:17,329 - DEBUG - < PONG bb 9b 2c c9 [binary, 4 bytes]
2023-04-12 14:27:17,332 - DEBUG - % received keepalive pong
2023-04-12 14:27:37,334 - DEBUG - % sending keepalive ping
2023-04-12 14:27:37,334 - DEBUG - > PING 04 ae 9a e6 [binary, 4 bytes]
2023-04-12 14:27:37,360 - DEBUG - < PONG 04 ae 9a e6 [binary, 4 bytes]
2023-04-12 14:27:37,373 - DEBUG - % received keepalive pong
2023-04-12 14:27:57,389 - DEBUG - % sending keepalive ping
2023-04-12 14:27:57,389 - DEBUG - > PING 16 d6 76 0e [binary, 4 bytes]
2023-04-12 14:27:57,398 - DEBUG - < PONG 16 d6 76 0e [binary, 4 bytes]
2023-04-12 14:27:57,402 - DEBUG - % received keepalive pong
2023-04-12 14:28:17,431 - DEBUG - % sending keepalive ping
2023-04-12 14:28:17,431 - DEBUG - > PING 25 48 64 95 [binary, 4 bytes]
2023-04-12 14:28:17,489 - DEBUG - < PONG 25 48 64 95 [binary, 4 bytes]
2023-04-12 14:28:17,494 - DEBUG - % received keepalive pong
2023-04-12 14:28:30,895 - DEBUG - = connection is CONNECTING
2023-04-12 14:28:30,925 - DEBUG - > GET /ocpp16/ELA007C05/EVSCA050001 HTTP/1.1
2023-04-12 14:28:30,925 - DEBUG - > Host: ws.devevspcharger.uplus.co.kr
2023-04-12 14:28:30,925 - DEBUG - > Upgrade: websocket
2023-04-12 14:28:30,926 - DEBUG - > Connection: Upgrade
2023-04-12 14:28:30,926 - DEBUG - > Sec-WebSocket-Key: NaupJst3YBDWsvxznyP6Jg==
2023-04-12 14:28:30,926 - DEBUG - > Sec-WebSocket-Version: 13
2023-04-12 14:28:30,926 - DEBUG - > Sec-WebSocket-Extensions: permessage-deflate; client_max_window_bits
2023-04-12 14:28:30,926 - DEBUG - > Sec-WebSocket-Protocol: ocpp1.6
2023-04-12 14:28:30,926 - DEBUG - > Authorization: Basic RVZBUjpFVkFSTEdV
2023-04-12 14:28:30,926 - DEBUG - > User-Agent: Python/3.11 websockets/10.4
2023-04-12 14:28:31,489 - DEBUG - < HTTP/1.1 101 Switching Protocols
2023-04-12 14:28:31,489 - DEBUG - < Connection: upgrade
2023-04-12 14:28:31,490 - DEBUG - < Date: Wed, 12 Apr 2023 05:28:31 GMT
2023-04-12 14:28:31,490 - DEBUG - < sec-websocket-protocol: ocpp1.6
2023-04-12 14:28:31,490 - DEBUG - < upgrade: websocket
2023-04-12 14:28:31,490 - DEBUG - < sec-websocket-accept: CdLkq7EZJ4JbfeDjtd0DJ+CzSrw=
2023-04-12 14:28:31,490 - DEBUG - < sec-websocket-extensions: permessage-deflate
2023-04-12 14:28:31,490 - DEBUG - < X-Cache: Miss from cloudfront
2023-04-12 14:28:31,490 - DEBUG - < Via: 1.1 96d5e926418becbc899e1a730ab37236.cloudfront.net (CloudFront)
2023-04-12 14:28:31,490 - DEBUG - < X-Amz-Cf-Pop: ICN57-P2
2023-04-12 14:28:31,490 - DEBUG - < X-Amz-Cf-Id: X-WwkPdW2ZiiynwP2lcocVZrV7N4cRtGORMqLR0-H8SWGMGWT9Oe1g==
2023-04-12 14:28:31,490 - DEBUG - = connection is OPEN
2023-04-12 14:28:31,523 - DEBUG - > TEXT '[2, "c426b5f2-cdff-4c3e-a064-eb70619fb59f", "Bo...ePointVendor": "EVAR"}]' [127 bytes]
2023-04-12 14:28:31,936 - DEBUG - < TEXT '[3, "c426b5f2-cdff-4c3e-a064-eb70619fb59f", {"s...31Z", "interval": 600}]' [123 bytes]
2023-04-12 14:28:37,472 - DEBUG - % sending keepalive ping
2023-04-12 14:28:37,472 - DEBUG - > PING e2 7d 13 fb [binary, 4 bytes]
2023-04-12 14:28:37,484 - DEBUG - < PONG e2 7d 13 fb [binary, 4 bytes]
2023-04-12 14:28:37,489 - DEBUG - % received keepalive pong
2023-04-12 14:28:42,080 - DEBUG - Starting new HTTPS connection (1): rgw.devevspcharger.uplus.co.kr:443
2023-04-12 14:28:42,686 - DEBUG - https://rgw.devevspcharger.uplus.co.kr:443 "POST /ioc HTTP/1.1" 200 148
2023-04-12 14:28:42,699 - DEBUG - < TEXT '[2, "23467dcf-1923-4381-83f6-071b25be8d00", "Ge...izeRemoteTxRequests"]}]' [103 bytes]
2023-04-12 14:28:42,704 - DEBUG - > TEXT '[3, "23467dcf-1923-4381-83f6-071b25be8d00", {"c...ue", "value": "300"}]}]' [141 bytes]
2023-04-12 14:28:42,873 - DEBUG - < TEXT '' [0 bytes]
2023-04-12 14:28:45,922 - DEBUG - Starting new HTTPS connection (1): rgw.devevspcharger.uplus.co.kr:443
2023-04-12 14:28:46,323 - DEBUG - https://rgw.devevspcharger.uplus.co.kr:443 "POST /ioc HTTP/1.1" 200 164
2023-04-12 14:28:46,337 - DEBUG - < TEXT '[2, "7007a95c-411b-4406-9fc8-ed824b4d3f8d", "Ch...rval", "value": "300"}]' [119 bytes]
2023-04-12 14:28:46,343 - DEBUG - > TEXT '[3, "7007a95c-411b-4406-9fc8-ed824b4d3f8d", {"status": "Accepted"}]' [67 bytes]
2023-04-12 14:28:46,499 - DEBUG - < TEXT '' [0 bytes]
2023-04-12 14:28:46,537 - DEBUG - > TEXT '[2, "c426b5f2-cdff-4c3e-a064-eb70619fb59f", "St..."status": "Available"}]' [132 bytes]
2023-04-12 14:28:46,796 - DEBUG - < TEXT '[3, "c426b5f2-cdff-4c3e-a064-eb70619fb59f", {}]' [47 bytes]
2023-04-12 14:28:51,503 - DEBUG - % sending keepalive ping
2023-04-12 14:28:51,503 - DEBUG - > PING 12 93 f8 f5 [binary, 4 bytes]
2023-04-12 14:28:51,514 - DEBUG - < PONG 12 93 f8 f5 [binary, 4 bytes]
2023-04-12 14:28:51,521 - DEBUG - % received keepalive pong
2023-04-12 14:28:57,478 - DEBUG - % sending keepalive ping
2023-04-12 14:28:57,479 - DEBUG - > PING 29 8d 3c a1 [binary, 4 bytes]
2023-04-12 14:28:57,496 - DEBUG - < PONG 29 8d 3c a1 [binary, 4 bytes]
2023-04-12 14:28:57,500 - DEBUG - % received keepalive pong
2023-04-12 14:29:00,793 - DEBUG - < TEXT '[2, "20230412142900568", "RemoteStartTransactio...": "1031040000069641"}]' [148 bytes]
2023-04-12 14:29:00,824 - DEBUG - = connection is CLOSING
2023-04-12 14:29:00,824 - DEBUG - > CLOSE 1000 (OK) [2 bytes]
2023-04-12 14:29:00,833 - DEBUG - < CLOSE 1000 (OK) [2 bytes]
2023-04-12 14:29:00,838 - DEBUG - = connection is CLOSED
2023-04-12 14:29:17,506 - DEBUG - % sending keepalive ping
2023-04-12 14:29:17,506 - DEBUG - > PING ',U)j' [text, 4 bytes]
2023-04-12 14:29:17,516 - DEBUG - < PONG ',U)j' [text, 4 bytes]
2023-04-12 14:29:17,523 - DEBUG - % received keepalive pong
2023-04-12 14:29:45,618 - DEBUG - = connection is CONNECTING
2023-04-12 14:29:45,655 - DEBUG - > GET /ocpp16/ELC050C-001/ELC050C-001-001 HTTP/1.1
2023-04-12 14:29:45,655 - DEBUG - > Host: ws.devevspcharger.uplus.co.kr
2023-04-12 14:29:45,656 - DEBUG - > Upgrade: websocket
2023-04-12 14:29:45,656 - DEBUG - > Connection: Upgrade
2023-04-12 14:29:45,656 - DEBUG - > Sec-WebSocket-Key: nMpqovxyxEJ9fmT6gZQwMQ==
2023-04-12 14:29:45,656 - DEBUG - > Sec-WebSocket-Version: 13
2023-04-12 14:29:45,656 - DEBUG - > Sec-WebSocket-Extensions: permessage-deflate; client_max_window_bits
2023-04-12 14:29:45,656 - DEBUG - > Sec-WebSocket-Protocol: ocpp1.6
2023-04-12 14:29:45,656 - DEBUG - > Authorization: Basic RVZBUjpFVkFSTEdV
2023-04-12 14:29:45,656 - DEBUG - > User-Agent: Python/3.11 websockets/10.4
2023-04-12 14:29:46,302 - DEBUG - < HTTP/1.1 101 Switching Protocols
2023-04-12 14:29:46,303 - DEBUG - < Connection: upgrade
2023-04-12 14:29:46,303 - DEBUG - < Date: Wed, 12 Apr 2023 05:29:46 GMT
2023-04-12 14:29:46,303 - DEBUG - < sec-websocket-protocol: ocpp1.6
2023-04-12 14:29:46,303 - DEBUG - < upgrade: websocket
2023-04-12 14:29:46,303 - DEBUG - < sec-websocket-accept: vWqSA89ROl2p4IYHCeDKfd5IyAo=
2023-04-12 14:29:46,303 - DEBUG - < sec-websocket-extensions: permessage-deflate
2023-04-12 14:29:46,303 - DEBUG - < X-Cache: Miss from cloudfront
2023-04-12 14:29:46,303 - DEBUG - < Via: 1.1 9ae7abacc9e2c811909db23dbe603ad4.cloudfront.net (CloudFront)
2023-04-12 14:29:46,303 - DEBUG - < X-Amz-Cf-Pop: ICN57-P2
2023-04-12 14:29:46,303 - DEBUG - < X-Amz-Cf-Id: rmpp0Weh5r5gBl-sTMSVHEMQ8qye9d8_gtX-38Fts2uyMUWBQCsymw==
2023-04-12 14:29:46,304 - DEBUG - = connection is OPEN
2023-04-12 14:29:46,328 - DEBUG - > TEXT '[2, "6707ba43-8eba-4b1a-89e6-a2be5e00804c", "Bo...r": "ELC050C-001-001"}]' [175 bytes]
2023-04-12 14:29:46,612 - DEBUG - < TEXT '[3, "6707ba43-8eba-4b1a-89e6-a2be5e00804c", {"s...46Z", "interval": 300}]' [123 bytes]
2023-04-12 14:29:49,080 - DEBUG - Starting new HTTPS connection (1): rgw.devevspcharger.uplus.co.kr:443
2023-04-12 14:29:49,527 - DEBUG - https://rgw.devevspcharger.uplus.co.kr:443 "POST /ioc HTTP/1.1" 200 148
2023-04-12 14:29:49,536 - DEBUG - < TEXT '[2, "fc5389df-f52e-4613-bd86-f63e4682e1b9", "Ge...izeRemoteTxRequests"]}]' [103 bytes]
2023-04-12 14:29:49,540 - DEBUG - > TEXT '[3, "fc5389df-f52e-4613-bd86-f63e4682e1b9", {"c...ue", "value": "300"}]}]' [141 bytes]
2023-04-12 14:29:49,698 - DEBUG - < TEXT '' [0 bytes]
2023-04-12 14:29:52,424 - DEBUG - Starting new HTTPS connection (1): rgw.devevspcharger.uplus.co.kr:443
2023-04-12 14:29:52,861 - DEBUG - https://rgw.devevspcharger.uplus.co.kr:443 "POST /ioc HTTP/1.1" 200 164
2023-04-12 14:29:52,872 - DEBUG - < TEXT '[2, "340e731f-4a13-4a20-bd1a-e2043872538e", "Ch...rval", "value": "300"}]' [119 bytes]
2023-04-12 14:29:52,876 - DEBUG - > TEXT '[3, "340e731f-4a13-4a20-bd1a-e2043872538e", {"status": "Accepted"}]' [67 bytes]
2023-04-12 14:29:53,052 - DEBUG - < TEXT '' [0 bytes]
2023-04-12 14:29:53,085 - DEBUG - > TEXT '[2, "6707ba43-8eba-4b1a-89e6-a2be5e00804c", "St..."status": "Available"}]' [132 bytes]
2023-04-12 14:29:53,274 - DEBUG - < TEXT '[3, "6707ba43-8eba-4b1a-89e6-a2be5e00804c", {}]' [47 bytes]
2023-04-12 14:30:06,318 - DEBUG - % sending keepalive ping
2023-04-12 14:30:06,318 - DEBUG - > PING 03 c5 fe fb [binary, 4 bytes]
2023-04-12 14:30:06,637 - DEBUG - < PONG 03 c5 fe fb [binary, 4 bytes]
2023-04-12 14:30:06,642 - DEBUG - % received keepalive pong
2023-04-12 14:30:26,650 - DEBUG - % sending keepalive ping
2023-04-12 14:30:26,650 - DEBUG - > PING cf bb f5 90 [binary, 4 bytes]
2023-04-12 14:30:26,658 - DEBUG - < PONG cf bb f5 90 [binary, 4 bytes]
2023-04-12 14:30:26,665 - DEBUG - % received keepalive pong
2023-04-12 14:30:46,638 - DEBUG - % sending keepalive ping
2023-04-12 14:30:46,638 - DEBUG - > PING 42 6f ff fd [binary, 4 bytes]
2023-04-12 14:30:46,646 - DEBUG - < PONG 42 6f ff fd [binary, 4 bytes]
2023-04-12 14:30:46,648 - DEBUG - % received keepalive pong
2023-04-12 14:31:06,647 - DEBUG - % sending keepalive ping
2023-04-12 14:31:06,648 - DEBUG - > PING 40 d2 d9 2d [binary, 4 bytes]
2023-04-12 14:31:06,656 - DEBUG - < PONG 40 d2 d9 2d [binary, 4 bytes]
2023-04-12 14:31:06,664 - DEBUG - % received keepalive pong
2023-04-12 14:31:26,649 - DEBUG - % sending keepalive ping
2023-04-12 14:31:26,649 - DEBUG - > PING 9e a7 d9 d0 [binary, 4 bytes]
2023-04-12 14:31:26,659 - DEBUG - < PONG 9e a7 d9 d0 [binary, 4 bytes]
2023-04-12 14:31:26,663 - DEBUG - % received keepalive pong
2023-04-12 14:31:46,641 - DEBUG - % sending keepalive ping
2023-04-12 14:31:46,641 - DEBUG - > PING a8 63 7a 29 [binary, 4 bytes]
2023-04-12 14:31:46,649 - DEBUG - < PONG a8 63 7a 29 [binary, 4 bytes]
2023-04-12 14:31:46,652 - DEBUG - % received keepalive pong
2023-04-12 14:32:06,645 - DEBUG - % sending keepalive ping
2023-04-12 14:32:06,645 - DEBUG - > PING 80 44 25 06 [binary, 4 bytes]
2023-04-12 14:32:06,669 - DEBUG - < PONG 80 44 25 06 [binary, 4 bytes]
2023-04-12 14:32:06,674 - DEBUG - % received keepalive pong
2023-04-12 14:32:14,396 - DEBUG - = connection is CONNECTING
2023-04-12 14:32:14,432 - DEBUG - > GET /ocpp16/ELC050C-001/ELC050C-001-001 HTTP/1.1
2023-04-12 14:32:14,433 - DEBUG - > Host: ws.devevspcharger.uplus.co.kr
2023-04-12 14:32:14,433 - DEBUG - > Upgrade: websocket
2023-04-12 14:32:14,433 - DEBUG - > Connection: Upgrade
2023-04-12 14:32:14,434 - DEBUG - > Sec-WebSocket-Key: PSWg03RPbNB0kO2qIeYzpA==
2023-04-12 14:32:14,434 - DEBUG - > Sec-WebSocket-Version: 13
2023-04-12 14:32:14,434 - DEBUG - > Sec-WebSocket-Extensions: permessage-deflate; client_max_window_bits
2023-04-12 14:32:14,434 - DEBUG - > Sec-WebSocket-Protocol: ocpp1.6
2023-04-12 14:32:14,434 - DEBUG - > Authorization: Basic RVZBUjpFVkFSTEdV
2023-04-12 14:32:14,434 - DEBUG - > User-Agent: Python/3.11 websockets/10.4
2023-04-12 14:32:15,516 - DEBUG - < HTTP/1.1 101 Switching Protocols
2023-04-12 14:32:15,517 - DEBUG - < Connection: upgrade
2023-04-12 14:32:15,517 - DEBUG - < Date: Wed, 12 Apr 2023 05:32:15 GMT
2023-04-12 14:32:15,517 - DEBUG - < sec-websocket-protocol: ocpp1.6
2023-04-12 14:32:15,517 - DEBUG - < upgrade: websocket
2023-04-12 14:32:15,517 - DEBUG - < sec-websocket-accept: TvtGycjU8wsFmtYVciCeFyq2d6c=
2023-04-12 14:32:15,517 - DEBUG - < sec-websocket-extensions: permessage-deflate
2023-04-12 14:32:15,518 - DEBUG - < X-Cache: Miss from cloudfront
2023-04-12 14:32:15,518 - DEBUG - < Via: 1.1 1c2dddf38b53f960ce106f4047c232e4.cloudfront.net (CloudFront)
2023-04-12 14:32:15,518 - DEBUG - < X-Amz-Cf-Pop: ICN57-P2
2023-04-12 14:32:15,518 - DEBUG - < X-Amz-Cf-Id: hdudJ3eskjJHC6TPia2r2TxgTY43pu8OureNrn1MKbqTz_4i1PzBaw==
2023-04-12 14:32:15,518 - DEBUG - = connection is OPEN
2023-04-12 14:32:15,562 - DEBUG - > TEXT '[2, "b32cc51a-d6ba-49e6-a7c6-50b5f00059cb", "Bo...r": "ELC050C-001-001"}]' [175 bytes]
2023-04-12 14:32:16,105 - DEBUG - < TEXT '[3, "b32cc51a-d6ba-49e6-a7c6-50b5f00059cb", {"s...16Z", "interval": 300}]' [123 bytes]
2023-04-12 14:32:25,648 - DEBUG - Starting new HTTPS connection (1): rgw.devevspcharger.uplus.co.kr:443
2023-04-12 14:32:26,305 - DEBUG - https://rgw.devevspcharger.uplus.co.kr:443 "POST /ioc HTTP/1.1" 200 219
2023-04-12 14:32:26,316 - DEBUG - < TEXT '[2, "d4a800df-c152-4c55-a8d5-cdffa22663a4", "Ge...ue", "value": "300"}]}]' [174 bytes]
2023-04-12 14:32:26,350 - DEBUG - = connection is CLOSING
2023-04-12 14:32:26,351 - DEBUG - > CLOSE 1000 (OK) [2 bytes]
2023-04-12 14:32:26,361 - DEBUG - < CLOSE 1000 (OK) [2 bytes]
2023-04-12 14:32:26,368 - DEBUG - = connection is CLOSED
2023-04-12 14:32:26,680 - DEBUG - % sending keepalive ping
2023-04-12 14:32:26,680 - DEBUG - > PING e9 1f a8 1d [binary, 4 bytes]
2023-04-12 14:32:26,688 - DEBUG - < PONG e9 1f a8 1d [binary, 4 bytes]
2023-04-12 14:32:26,691 - DEBUG - % received keepalive pong
2023-04-12 14:32:29,938 - DEBUG - Starting new HTTPS connection (1): rgw.devevspcharger.uplus.co.kr:443
2023-04-12 14:32:30,302 - DEBUG - https://rgw.devevspcharger.uplus.co.kr:443 "POST /ioc HTTP/1.1" 200 77
2023-04-12 14:32:38,938 - DEBUG - = connection is CONNECTING
2023-04-12 14:32:38,979 - DEBUG - > GET /ocpp16/ELC050C-001/ELC050C-001-001 HTTP/1.1
2023-04-12 14:32:38,979 - DEBUG - > Host: ws.devevspcharger.uplus.co.kr
2023-04-12 14:32:38,979 - DEBUG - > Upgrade: websocket
2023-04-12 14:32:38,979 - DEBUG - > Connection: Upgrade
2023-04-12 14:32:38,980 - DEBUG - > Sec-WebSocket-Key: gGTU+ea8qhOiRYBFehCPQg==
2023-04-12 14:32:38,980 - DEBUG - > Sec-WebSocket-Version: 13
2023-04-12 14:32:38,980 - DEBUG - > Sec-WebSocket-Extensions: permessage-deflate; client_max_window_bits
2023-04-12 14:32:38,980 - DEBUG - > Sec-WebSocket-Protocol: ocpp1.6
2023-04-12 14:32:38,980 - DEBUG - > Authorization: Basic RVZBUjpFVkFSTEdV
2023-04-12 14:32:38,981 - DEBUG - > User-Agent: Python/3.11 websockets/10.4
2023-04-12 14:32:39,400 - DEBUG - < HTTP/1.1 101 Switching Protocols
2023-04-12 14:32:39,400 - DEBUG - < Connection: upgrade
2023-04-12 14:32:39,400 - DEBUG - < Date: Wed, 12 Apr 2023 05:32:39 GMT
2023-04-12 14:32:39,400 - DEBUG - < sec-websocket-protocol: ocpp1.6
2023-04-12 14:32:39,400 - DEBUG - < upgrade: websocket
2023-04-12 14:32:39,401 - DEBUG - < sec-websocket-accept: 7fMS4szNEAGgo3Zzs52HIGyoC3s=
2023-04-12 14:32:39,401 - DEBUG - < sec-websocket-extensions: permessage-deflate
2023-04-12 14:32:39,401 - DEBUG - < X-Cache: Miss from cloudfront
2023-04-12 14:32:39,401 - DEBUG - < Via: 1.1 e649e91ecb78f4d44c5fc28ed185c6e0.cloudfront.net (CloudFront)
2023-04-12 14:32:39,401 - DEBUG - < X-Amz-Cf-Pop: ICN57-P2
2023-04-12 14:32:39,401 - DEBUG - < X-Amz-Cf-Id: xqA2yVYxSA218WUqCDTrtYM-c-Lhqn0EQp1GEcSO9jrYkr2XBYAV4g==
2023-04-12 14:32:39,401 - DEBUG - = connection is OPEN
2023-04-12 14:32:39,445 - DEBUG - > TEXT '[2, "50cf6d65-42ba-4ac9-be56-c4f7136e24db", "Bo...r": "ELC050C-001-001"}]' [175 bytes]
2023-04-12 14:32:39,849 - DEBUG - < TEXT '[3, "50cf6d65-42ba-4ac9-be56-c4f7136e24db", {"s...39Z", "interval": 300}]' [123 bytes]
2023-04-12 14:32:42,510 - DEBUG - Starting new HTTPS connection (1): rgw.devevspcharger.uplus.co.kr:443
2023-04-12 14:32:43,023 - DEBUG - https://rgw.devevspcharger.uplus.co.kr:443 "POST /ioc HTTP/1.1" 200 148
2023-04-12 14:32:43,040 - DEBUG - < TEXT '[2, "fbfc84ed-0d2a-436b-ac66-503410857f0d", "Ge...izeRemoteTxRequests"]}]' [103 bytes]
2023-04-12 14:32:43,045 - DEBUG - > TEXT '[3, "fbfc84ed-0d2a-436b-ac66-503410857f0d", {"c...ue", "value": "300"}]}]' [141 bytes]
2023-04-12 14:32:43,797 - DEBUG - < TEXT '' [0 bytes]
2023-04-12 14:32:45,544 - DEBUG - Starting new HTTPS connection (1): rgw.devevspcharger.uplus.co.kr:443
2023-04-12 14:32:46,027 - DEBUG - https://rgw.devevspcharger.uplus.co.kr:443 "POST /ioc HTTP/1.1" 200 164
2023-04-12 14:32:46,061 - DEBUG - < TEXT '[2, "bcc8240e-50b5-40fb-b19a-f491c98b8a7f", "Ch...rval", "value": "300"}]' [119 bytes]
2023-04-12 14:32:46,070 - DEBUG - > TEXT '[3, "bcc8240e-50b5-40fb-b19a-f491c98b8a7f", {"status": "Accepted"}]' [67 bytes]
2023-04-12 14:32:46,256 - DEBUG - < TEXT '' [0 bytes]
2023-04-12 14:32:46,297 - DEBUG - > TEXT '[2, "50cf6d65-42ba-4ac9-be56-c4f7136e24db", "St..."status": "Available"}]' [132 bytes]
2023-04-12 14:32:46,697 - DEBUG - % sending keepalive ping
2023-04-12 14:32:46,698 - DEBUG - > PING 12 b4 fa 7c [binary, 4 bytes]
2023-04-12 14:32:46,717 - DEBUG - < PONG 12 b4 fa 7c [binary, 4 bytes]
2023-04-12 14:32:46,726 - DEBUG - % received keepalive pong
2023-04-12 14:32:47,020 - DEBUG - < TEXT '[3, "50cf6d65-42ba-4ac9-be56-c4f7136e24db", {}]' [47 bytes]
2023-04-12 14:32:59,390 - DEBUG - % sending keepalive ping
2023-04-12 14:32:59,390 - DEBUG - > PING 22 c9 8a ce [binary, 4 bytes]
2023-04-12 14:32:59,400 - DEBUG - < PONG 22 c9 8a ce [binary, 4 bytes]
2023-04-12 14:32:59,407 - DEBUG - % received keepalive pong
2023-04-12 14:33:06,726 - DEBUG - % sending keepalive ping
2023-04-12 14:33:06,727 - DEBUG - > PING e6 ba f5 d6 [binary, 4 bytes]
2023-04-12 14:33:06,734 - DEBUG - < PONG e6 ba f5 d6 [binary, 4 bytes]
2023-04-12 14:33:06,736 - DEBUG - % received keepalive pong
2023-04-12 14:33:19,388 - DEBUG - % sending keepalive ping
2023-04-12 14:33:19,389 - DEBUG - > PING 1d ea 7a 8e [binary, 4 bytes]
2023-04-12 14:33:19,399 - DEBUG - < PONG 1d ea 7a 8e [binary, 4 bytes]
2023-04-12 14:33:19,406 - DEBUG - % received keepalive pong
2023-04-12 14:33:26,730 - DEBUG - % sending keepalive ping
2023-04-12 14:33:26,730 - DEBUG - > PING '\u036bPB' [text, 4 bytes]
2023-04-12 14:33:26,756 - DEBUG - < PONG '\u036bPB' [text, 4 bytes]
2023-04-12 14:33:26,762 - DEBUG - % received keepalive pong
2023-04-12 14:33:39,396 - DEBUG - % sending keepalive ping
2023-04-12 14:33:39,396 - DEBUG - > PING 70 32 86 77 [binary, 4 bytes]
2023-04-12 14:33:39,406 - DEBUG - < PONG 70 32 86 77 [binary, 4 bytes]
2023-04-12 14:33:39,411 - DEBUG - % received keepalive pong
2023-04-12 14:33:46,763 - DEBUG - % sending keepalive ping
2023-04-12 14:33:46,763 - DEBUG - > PING e6 44 08 26 [binary, 4 bytes]
2023-04-12 14:33:46,840 - DEBUG - < PONG e6 44 08 26 [binary, 4 bytes]
2023-04-12 14:33:46,845 - DEBUG - % received keepalive pong
2023-04-12 14:33:59,392 - DEBUG - % sending keepalive ping
2023-04-12 14:33:59,392 - DEBUG - > PING 6c 55 ee 82 [binary, 4 bytes]
2023-04-12 14:33:59,401 - DEBUG - < PONG 6c 55 ee 82 [binary, 4 bytes]
2023-04-12 14:33:59,406 - DEBUG - % received keepalive pong
2023-04-12 14:34:06,841 - DEBUG - % sending keepalive ping
2023-04-12 14:34:06,841 - DEBUG - > PING 'U)l=' [text, 4 bytes]
2023-04-12 14:34:06,848 - DEBUG - < PONG 'U)l=' [text, 4 bytes]
2023-04-12 14:34:06,851 - DEBUG - % received keepalive pong
2023-04-12 14:34:19,401 - DEBUG - % sending keepalive ping
2023-04-12 14:34:19,401 - DEBUG - > PING 6d a0 60 2a [binary, 4 bytes]
2023-04-12 14:34:19,412 - DEBUG - < PONG 6d a0 60 2a [binary, 4 bytes]
2023-04-12 14:34:19,418 - DEBUG - % received keepalive pong
2023-04-12 14:34:26,845 - DEBUG - % sending keepalive ping
2023-04-12 14:34:26,845 - DEBUG - > PING 18 d7 eb e3 [binary, 4 bytes]
2023-04-12 14:34:26,853 - DEBUG - < PONG 18 d7 eb e3 [binary, 4 bytes]
2023-04-12 14:34:26,862 - DEBUG - % received keepalive pong
2023-04-12 14:34:39,422 - DEBUG - % sending keepalive ping
2023-04-12 14:34:39,422 - DEBUG - > PING 22 8e 29 c8 [binary, 4 bytes]
2023-04-12 14:34:39,437 - DEBUG - < PONG 22 8e 29 c8 [binary, 4 bytes]
2023-04-12 14:34:39,440 - DEBUG - % received keepalive pong
2023-04-12 14:34:46,849 - DEBUG - % sending keepalive ping
2023-04-12 14:34:46,849 - DEBUG - > PING 84 a9 fe a5 [binary, 4 bytes]
2023-04-12 14:34:46,866 - DEBUG - < PONG 84 a9 fe a5 [binary, 4 bytes]
2023-04-12 14:34:46,874 - DEBUG - % received keepalive pong
2023-04-12 14:34:59,441 - DEBUG - % sending keepalive ping
2023-04-12 14:34:59,441 - DEBUG - > PING a8 3c ea c6 [binary, 4 bytes]
2023-04-12 14:34:59,458 - DEBUG - < PONG a8 3c ea c6 [binary, 4 bytes]
2023-04-12 14:34:59,466 - DEBUG - % received keepalive pong
2023-04-12 14:35:06,875 - DEBUG - % sending keepalive ping
2023-04-12 14:35:06,876 - DEBUG - > PING fa e1 4c c2 [binary, 4 bytes]
2023-04-12 14:35:06,894 - DEBUG - < PONG fa e1 4c c2 [binary, 4 bytes]
2023-04-12 14:35:06,899 - DEBUG - % received keepalive pong
2023-04-12 14:35:19,478 - DEBUG - % sending keepalive ping
2023-04-12 14:35:19,478 - DEBUG - > PING 2d 8b ed cb [binary, 4 bytes]
2023-04-12 14:35:19,543 - DEBUG - < PONG 2d 8b ed cb [binary, 4 bytes]
2023-04-12 14:35:19,546 - DEBUG - % received keepalive pong
2023-04-12 14:35:26,890 - DEBUG - % sending keepalive ping
2023-04-12 14:35:26,890 - DEBUG - > PING e3 0c d6 23 [binary, 4 bytes]
2023-04-12 14:35:26,899 - DEBUG - < PONG e3 0c d6 23 [binary, 4 bytes]
2023-04-12 14:35:26,906 - DEBUG - % received keepalive pong
2023-04-12 14:35:39,554 - DEBUG - % sending keepalive ping
2023-04-12 14:35:39,554 - DEBUG - > PING 8c e6 90 df [binary, 4 bytes]
2023-04-12 14:35:39,569 - DEBUG - < PONG 8c e6 90 df [binary, 4 bytes]
2023-04-12 14:35:39,574 - DEBUG - % received keepalive pong
2023-04-12 14:35:46,893 - DEBUG - % sending keepalive ping
2023-04-12 14:35:46,894 - DEBUG - > PING e6 67 73 bd [binary, 4 bytes]
2023-04-12 14:35:46,968 - DEBUG - < PONG e6 67 73 bd [binary, 4 bytes]
2023-04-12 14:35:46,973 - DEBUG - % received keepalive pong
2023-04-12 14:35:59,561 - DEBUG - % sending keepalive ping
2023-04-12 14:35:59,561 - DEBUG - > PING dd 31 b8 58 [binary, 4 bytes]
2023-04-12 14:35:59,575 - DEBUG - < PONG dd 31 b8 58 [binary, 4 bytes]
2023-04-12 14:35:59,579 - DEBUG - % received keepalive pong
2023-04-12 14:36:06,977 - DEBUG - % sending keepalive ping
2023-04-12 14:36:06,977 - DEBUG - > PING ba 04 cb e4 [binary, 4 bytes]
2023-04-12 14:36:06,987 - DEBUG - < PONG ba 04 cb e4 [binary, 4 bytes]
2023-04-12 14:36:06,993 - DEBUG - % received keepalive pong
2023-04-12 14:36:19,572 - DEBUG - % sending keepalive ping
2023-04-12 14:36:19,573 - DEBUG - > PING 89 b5 2f 90 [binary, 4 bytes]
2023-04-12 14:36:19,595 - DEBUG - < PONG 89 b5 2f 90 [binary, 4 bytes]
2023-04-12 14:36:19,602 - DEBUG - % received keepalive pong
2023-04-12 14:36:26,972 - DEBUG - % sending keepalive ping
2023-04-12 14:36:26,972 - DEBUG - > PING 7a eb 17 96 [binary, 4 bytes]
2023-04-12 14:36:26,979 - DEBUG - < PONG 7a eb 17 96 [binary, 4 bytes]
2023-04-12 14:36:26,993 - DEBUG - % received keepalive pong
2023-04-12 14:36:39,603 - DEBUG - % sending keepalive ping
2023-04-12 14:36:39,603 - DEBUG - > PING 20 bb 08 1b [binary, 4 bytes]
2023-04-12 14:36:39,613 - DEBUG - < PONG 20 bb 08 1b [binary, 4 bytes]
2023-04-12 14:36:39,619 - DEBUG - % received keepalive pong
2023-04-12 14:36:46,968 - DEBUG - % sending keepalive ping
2023-04-12 14:36:46,968 - DEBUG - > PING 'c\x02>8' [text, 4 bytes]
2023-04-12 14:36:46,991 - DEBUG - < PONG 'c\x02>8' [text, 4 bytes]
2023-04-12 14:36:46,998 - DEBUG - % received keepalive pong
2023-04-12 14:36:59,630 - DEBUG - % sending keepalive ping
2023-04-12 14:36:59,631 - DEBUG - > PING 0b 8e 4c 07 [binary, 4 bytes]
2023-04-12 14:36:59,645 - DEBUG - < PONG 0b 8e 4c 07 [binary, 4 bytes]
2023-04-12 14:36:59,653 - DEBUG - % received keepalive pong
2023-04-12 14:37:07,010 - DEBUG - % sending keepalive ping
2023-04-12 14:37:07,010 - DEBUG - > PING "'@\u02c1" [text, 4 bytes]
2023-04-12 14:37:07,038 - DEBUG - < PONG "'@\u02c1" [text, 4 bytes]
2023-04-12 14:37:07,044 - DEBUG - % received keepalive pong
2023-04-12 14:37:19,651 - DEBUG - % sending keepalive ping
2023-04-12 14:37:19,651 - DEBUG - > PING '|E5l' [text, 4 bytes]
2023-04-12 14:37:19,666 - DEBUG - < PONG '|E5l' [text, 4 bytes]
2023-04-12 14:37:19,672 - DEBUG - % received keepalive pong
2023-04-12 14:37:27,053 - DEBUG - % sending keepalive ping
2023-04-12 14:37:27,053 - DEBUG - > PING 20 5d aa 6b [binary, 4 bytes]
2023-04-12 14:37:27,059 - DEBUG - < PONG 20 5d aa 6b [binary, 4 bytes]
2023-04-12 14:37:27,064 - DEBUG - % received keepalive pong
2023-04-12 14:37:39,680 - DEBUG - % sending keepalive ping
2023-04-12 14:37:39,680 - DEBUG - > PING a5 04 a3 6f [binary, 4 bytes]
2023-04-12 14:37:39,690 - DEBUG - < PONG a5 04 a3 6f [binary, 4 bytes]
2023-04-12 14:37:39,702 - DEBUG - % received keepalive pong
2023-04-12 14:37:47,070 - DEBUG - % sending keepalive ping
2023-04-12 14:37:47,071 - DEBUG - > PING 30 a7 25 c5 [binary, 4 bytes]
2023-04-12 14:37:47,083 - DEBUG - < PONG 30 a7 25 c5 [binary, 4 bytes]
2023-04-12 14:37:47,093 - DEBUG - % received keepalive pong
2023-04-12 14:37:59,695 - DEBUG - % sending keepalive ping
2023-04-12 14:37:59,696 - DEBUG - > PING 88 f0 0a 77 [binary, 4 bytes]
2023-04-12 14:37:59,711 - DEBUG - < PONG 88 f0 0a 77 [binary, 4 bytes]
2023-04-12 14:37:59,715 - DEBUG - % received keepalive pong
2023-04-12 14:38:07,092 - DEBUG - % sending keepalive ping
2023-04-12 14:38:07,092 - DEBUG - > PING 87 96 9b fb [binary, 4 bytes]
2023-04-12 14:38:07,101 - DEBUG - < PONG 87 96 9b fb [binary, 4 bytes]
2023-04-12 14:38:07,108 - DEBUG - % received keepalive pong
2023-04-12 14:38:19,728 - DEBUG - % sending keepalive ping
2023-04-12 14:38:19,728 - DEBUG - > PING dc 3e 1c 49 [binary, 4 bytes]
2023-04-12 14:38:19,737 - DEBUG - < PONG dc 3e 1c 49 [binary, 4 bytes]
2023-04-12 14:38:19,743 - DEBUG - % received keepalive pong
2023-04-12 14:38:47,595 - DEBUG - = connection is CONNECTING
2023-04-12 14:38:47,633 - DEBUG - > GET /ocpp16/ELC050C-001/ELC050C-001-001 HTTP/1.1
2023-04-12 14:38:47,633 - DEBUG - > Host: ws.devevspcharger.uplus.co.kr
2023-04-12 14:38:47,634 - DEBUG - > Upgrade: websocket
2023-04-12 14:38:47,634 - DEBUG - > Connection: Upgrade
2023-04-12 14:38:47,634 - DEBUG - > Sec-WebSocket-Key: FEFjDsGA0wAMd8Zi7KZS8w==
2023-04-12 14:38:47,634 - DEBUG - > Sec-WebSocket-Version: 13
2023-04-12 14:38:47,634 - DEBUG - > Sec-WebSocket-Extensions: permessage-deflate; client_max_window_bits
2023-04-12 14:38:47,634 - DEBUG - > Sec-WebSocket-Protocol: ocpp1.6
2023-04-12 14:38:47,634 - DEBUG - > Authorization: Basic RVZBUjpFVkFSTEdV
2023-04-12 14:38:47,634 - DEBUG - > User-Agent: Python/3.11 websockets/10.4
2023-04-12 14:38:48,961 - DEBUG - < HTTP/1.1 101 Switching Protocols
2023-04-12 14:38:48,961 - DEBUG - < Connection: upgrade
2023-04-12 14:38:48,961 - DEBUG - < Date: Wed, 12 Apr 2023 05:38:49 GMT
2023-04-12 14:38:48,961 - DEBUG - < sec-websocket-protocol: ocpp1.6
2023-04-12 14:38:48,961 - DEBUG - < upgrade: websocket
2023-04-12 14:38:48,961 - DEBUG - < sec-websocket-accept: 6RGKIuRcLZkV5qLq378zZiArO90=
2023-04-12 14:38:48,961 - DEBUG - < sec-websocket-extensions: permessage-deflate
2023-04-12 14:38:48,961 - DEBUG - < X-Cache: Miss from cloudfront
2023-04-12 14:38:48,961 - DEBUG - < Via: 1.1 c6882e0acaa56682be4bf45c4b8fd99a.cloudfront.net (CloudFront)
2023-04-12 14:38:48,961 - DEBUG - < X-Amz-Cf-Pop: ICN57-P2
2023-04-12 14:38:48,961 - DEBUG - < X-Amz-Cf-Id: -50ZNr9kjFc4cjrLY4qBIktWXRvaQ6PGMcV_bJxNf5wKcjEQtLxY-w==
2023-04-12 14:38:48,962 - DEBUG - = connection is OPEN
2023-04-12 14:38:49,026 - DEBUG - > TEXT '[2, "c2c7df8b-843f-4577-b8bd-4481e24431ad", "Bo...r": "ELC050C-001-001"}]' [175 bytes]
2023-04-12 14:38:49,627 - DEBUG - < TEXT '[3, "c2c7df8b-843f-4577-b8bd-4481e24431ad", {"s...49Z", "interval": 300}]' [123 bytes]
2023-04-12 14:38:54,326 - DEBUG - Starting new HTTPS connection (1): rgw.devevspcharger.uplus.co.kr:443
2023-04-12 14:38:55,788 - DEBUG - https://rgw.devevspcharger.uplus.co.kr:443 "POST /ioc HTTP/1.1" 200 148
2023-04-12 14:38:55,811 - DEBUG - < TEXT '[2, "83324b64-c4ac-40fb-9df4-5d0ca80f2d0f", "Ge...izeRemoteTxRequests"]}]' [103 bytes]
2023-04-12 14:38:55,818 - DEBUG - > TEXT '[3, "83324b64-c4ac-40fb-9df4-5d0ca80f2d0f", {"c...ue", "value": "300"}]}]' [141 bytes]
2023-04-12 14:38:55,979 - DEBUG - < TEXT '' [0 bytes]
2023-04-12 14:38:59,583 - DEBUG - Starting new HTTPS connection (1): rgw.devevspcharger.uplus.co.kr:443
2023-04-12 14:39:00,040 - DEBUG - https://rgw.devevspcharger.uplus.co.kr:443 "POST /ioc HTTP/1.1" 200 164
2023-04-12 14:39:00,058 - DEBUG - < TEXT '[2, "5f1717c7-5c70-4a37-8efb-a3aee042a6f8", "Ch...rval", "value": "300"}]' [119 bytes]
2023-04-12 14:39:00,066 - DEBUG - > TEXT '[3, "5f1717c7-5c70-4a37-8efb-a3aee042a6f8", {"status": "Accepted"}]' [67 bytes]
2023-04-12 14:39:00,240 - DEBUG - < TEXT '' [0 bytes]
2023-04-12 14:39:00,292 - DEBUG - > TEXT '[2, "c2c7df8b-843f-4577-b8bd-4481e24431ad", "St..."status": "Available"}]' [132 bytes]
2023-04-12 14:39:00,535 - DEBUG - < TEXT '[3, "c2c7df8b-843f-4577-b8bd-4481e24431ad", {}]' [47 bytes]
2023-04-12 14:39:08,976 - DEBUG - % sending keepalive ping
2023-04-12 14:39:08,977 - DEBUG - > PING 16 c3 5d 2c [binary, 4 bytes]
2023-04-12 14:39:08,985 - DEBUG - < PONG 16 c3 5d 2c [binary, 4 bytes]
2023-04-12 14:39:08,988 - DEBUG - % received keepalive pong
2023-04-12 14:39:28,975 - DEBUG - % sending keepalive ping
2023-04-12 14:39:28,976 - DEBUG - > PING fa 3c 04 fe [binary, 4 bytes]
2023-04-12 14:39:28,984 - DEBUG - < PONG fa 3c 04 fe [binary, 4 bytes]
2023-04-12 14:39:28,990 - DEBUG - % received keepalive pong
2023-04-12 14:39:48,968 - DEBUG - % sending keepalive ping
2023-04-12 14:39:48,969 - DEBUG - > PING 0f e7 0a 9f [binary, 4 bytes]
2023-04-12 14:39:48,992 - DEBUG - < PONG 0f e7 0a 9f [binary, 4 bytes]
2023-04-12 14:39:49,000 - DEBUG - % received keepalive pong
2023-04-12 14:40:09,009 - DEBUG - % sending keepalive ping
2023-04-12 14:40:09,010 - DEBUG - > PING 8c 12 94 b0 [binary, 4 bytes]
2023-04-12 14:40:09,039 - DEBUG - < PONG 8c 12 94 b0 [binary, 4 bytes]
2023-04-12 14:40:09,044 - DEBUG - % received keepalive pong
2023-04-12 14:40:29,049 - DEBUG - % sending keepalive ping
2023-04-12 14:40:29,049 - DEBUG - > PING cd 34 83 6c [binary, 4 bytes]
2023-04-12 14:40:29,063 - DEBUG - < PONG cd 34 83 6c [binary, 4 bytes]
2023-04-12 14:40:29,066 - DEBUG - % received keepalive pong
2023-04-12 14:40:49,058 - DEBUG - % sending keepalive ping
2023-04-12 14:40:49,059 - DEBUG - > PING 21 95 64 f4 [binary, 4 bytes]
2023-04-12 14:40:49,071 - DEBUG - < PONG 21 95 64 f4 [binary, 4 bytes]
2023-04-12 14:40:49,078 - DEBUG - % received keepalive pong
2023-04-12 14:41:09,067 - DEBUG - % sending keepalive ping
2023-04-12 14:41:09,067 - DEBUG - > PING c1 43 8b e5 [binary, 4 bytes]
2023-04-12 14:41:09,080 - DEBUG - < PONG c1 43 8b e5 [binary, 4 bytes]
2023-04-12 14:41:09,085 - DEBUG - % received keepalive pong
2023-04-12 14:41:29,074 - DEBUG - % sending keepalive ping
2023-04-12 14:41:29,074 - DEBUG - > PING 4f 66 d8 7a [binary, 4 bytes]
2023-04-12 14:41:29,085 - DEBUG - < PONG 4f 66 d8 7a [binary, 4 bytes]
2023-04-12 14:41:29,091 - DEBUG - % received keepalive pong
2023-04-12 14:41:49,097 - DEBUG - % sending keepalive ping
2023-04-12 14:41:49,097 - DEBUG - > PING 0a 50 b7 93 [binary, 4 bytes]
2023-04-12 14:41:49,107 - DEBUG - < PONG 0a 50 b7 93 [binary, 4 bytes]
2023-04-12 14:41:49,113 - DEBUG - % received keepalive pong
2023-04-12 14:42:09,104 - DEBUG - % sending keepalive ping
2023-04-12 14:42:09,104 - DEBUG - > PING '*FJN' [text, 4 bytes]
2023-04-12 14:42:09,140 - DEBUG - < PONG '*FJN' [text, 4 bytes]
2023-04-12 14:42:09,145 - DEBUG - % received keepalive pong
2023-04-12 14:42:29,142 - DEBUG - % sending keepalive ping
2023-04-12 14:42:29,142 - DEBUG - > PING 2e 11 80 b1 [binary, 4 bytes]
2023-04-12 14:42:29,169 - DEBUG - < PONG 2e 11 80 b1 [binary, 4 bytes]
2023-04-12 14:42:29,174 - DEBUG - % received keepalive pong
2023-04-12 14:42:49,175 - DEBUG - % sending keepalive ping
2023-04-12 14:42:49,177 - DEBUG - > PING 'NH\x1eb' [text, 4 bytes]
2023-04-12 14:42:49,191 - DEBUG - < PONG 'NH\x1eb' [text, 4 bytes]
2023-04-12 14:42:49,197 - DEBUG - % received keepalive pong
2023-04-12 14:43:09,187 - DEBUG - % sending keepalive ping
2023-04-12 14:43:09,187 - DEBUG - > PING fe ca ed 90 [binary, 4 bytes]
2023-04-12 14:43:09,203 - DEBUG - < PONG fe ca ed 90 [binary, 4 bytes]
2023-04-12 14:43:09,207 - DEBUG - % received keepalive pong
2023-04-12 14:43:29,189 - DEBUG - % sending keepalive ping
2023-04-12 14:43:29,190 - DEBUG - > PING 93 8f cf f3 [binary, 4 bytes]
2023-04-12 14:43:29,199 - DEBUG - < PONG 93 8f cf f3 [binary, 4 bytes]
2023-04-12 14:43:29,202 - DEBUG - % received keepalive pong
2023-04-12 14:43:44,892 - DEBUG - < TEXT '[2, "20230412144344587", "RemoteStartTransactio...": "1031040000069641"}]' [391 bytes]
2023-04-12 14:43:44,912 - DEBUG - > TEXT '[3, "20230412144344587", {"status": "Accepted"}]' [48 bytes]
2023-04-12 14:43:45,402 - DEBUG - < TEXT '' [0 bytes]
2023-04-12 14:43:45,466 - DEBUG - > TEXT '[2, "c2c7df8b-843f-4577-b8bd-4481e24431ad", "Au...": "1031040000069641"}]' [87 bytes]
2023-04-12 14:43:45,815 - DEBUG - < TEXT '[3, "c2c7df8b-843f-4577-b8bd-4481e24431ad", {"i...tus": "ConcurrentTx"}}]' [86 bytes]
2023-04-12 14:43:45,852 - DEBUG - = connection is CLOSING
2023-04-12 14:43:45,853 - DEBUG - > CLOSE 1000 (OK) [2 bytes]
2023-04-12 14:43:45,867 - DEBUG - < CLOSE 1000 (OK) [2 bytes]
2023-04-12 14:43:45,875 - DEBUG - = connection is CLOSED
2023-04-12 14:44:09,952 - DEBUG - = connection is CONNECTING
2023-04-12 14:44:09,992 - DEBUG - > GET /ocpp16/ELC050C-001/ELC050C-001-001 HTTP/1.1
2023-04-12 14:44:09,992 - DEBUG - > Host: ws.devevspcharger.uplus.co.kr
2023-04-12 14:44:09,992 - DEBUG - > Upgrade: websocket
2023-04-12 14:44:09,992 - DEBUG - > Connection: Upgrade
2023-04-12 14:44:09,993 - DEBUG - > Sec-WebSocket-Key: G8bH0HBDvpD54uF4mb7sBw==
2023-04-12 14:44:09,993 - DEBUG - > Sec-WebSocket-Version: 13
2023-04-12 14:44:09,993 - DEBUG - > Sec-WebSocket-Extensions: permessage-deflate; client_max_window_bits
2023-04-12 14:44:09,993 - DEBUG - > Sec-WebSocket-Protocol: ocpp1.6
2023-04-12 14:44:09,993 - DEBUG - > Authorization: Basic RVZBUjpFVkFSTEdV
2023-04-12 14:44:09,994 - DEBUG - > User-Agent: Python/3.11 websockets/10.4
2023-04-12 14:44:11,361 - DEBUG - < HTTP/1.1 101 Switching Protocols
2023-04-12 14:44:11,361 - DEBUG - < Connection: upgrade
2023-04-12 14:44:11,361 - DEBUG - < Date: Wed, 12 Apr 2023 05:44:11 GMT
2023-04-12 14:44:11,361 - DEBUG - < sec-websocket-protocol: ocpp1.6
2023-04-12 14:44:11,361 - DEBUG - < upgrade: websocket
2023-04-12 14:44:11,361 - DEBUG - < sec-websocket-accept: ITc7AE7/g+UEUuzW1YDN2CNaYno=
2023-04-12 14:44:11,361 - DEBUG - < sec-websocket-extensions: permessage-deflate
2023-04-12 14:44:11,361 - DEBUG - < X-Cache: Miss from cloudfront
2023-04-12 14:44:11,361 - DEBUG - < Via: 1.1 88978ba000ab6fbb0841a728290a8442.cloudfront.net (CloudFront)
2023-04-12 14:44:11,361 - DEBUG - < X-Amz-Cf-Pop: ICN57-P2
2023-04-12 14:44:11,362 - DEBUG - < X-Amz-Cf-Id: kU_pWbaJfPP0pyGAB6bEN9ItuDB7LYea5G-LTUJgCz6ZUauYPRStbA==
2023-04-12 14:44:11,362 - DEBUG - = connection is OPEN
2023-04-12 14:44:11,386 - DEBUG - > TEXT '[2, "1ff841ad-6d1f-413e-b548-080759604782", "Bo...r": "ELC050C-001-001"}]' [175 bytes]
2023-04-12 14:44:11,720 - DEBUG - < TEXT '[3, "1ff841ad-6d1f-413e-b548-080759604782", {"s...11Z", "interval": 300}]' [123 bytes]
2023-04-12 14:44:13,821 - DEBUG - Starting new HTTPS connection (1): rgw.devevspcharger.uplus.co.kr:443
2023-04-12 14:44:14,320 - DEBUG - https://rgw.devevspcharger.uplus.co.kr:443 "POST /ioc HTTP/1.1" 200 148
2023-04-12 14:44:14,343 - DEBUG - < TEXT '[2, "2dc7ecca-e693-446a-9181-9e4170cf8eb2", "Ge...izeRemoteTxRequests"]}]' [103 bytes]
2023-04-12 14:44:14,348 - DEBUG - > TEXT '[3, "2dc7ecca-e693-446a-9181-9e4170cf8eb2", {"c...ue", "value": "300"}]}]' [141 bytes]
2023-04-12 14:44:14,516 - DEBUG - < TEXT '' [0 bytes]
2023-04-12 14:44:17,069 - DEBUG - Starting new HTTPS connection (1): rgw.devevspcharger.uplus.co.kr:443
2023-04-12 14:44:17,509 - DEBUG - https://rgw.devevspcharger.uplus.co.kr:443 "POST /ioc HTTP/1.1" 200 164
2023-04-12 14:44:17,524 - DEBUG - < TEXT '[2, "2cd6403a-fc59-4577-80bf-8db3f9773155", "Ch...rval", "value": "300"}]' [119 bytes]
2023-04-12 14:44:17,534 - DEBUG - > TEXT '[3, "2cd6403a-fc59-4577-80bf-8db3f9773155", {"status": "Accepted"}]' [67 bytes]
2023-04-12 14:44:17,689 - DEBUG - < TEXT '' [0 bytes]
2023-04-12 14:44:17,721 - DEBUG - > TEXT '[2, "1ff841ad-6d1f-413e-b548-080759604782", "St..."status": "Available"}]' [132 bytes]
2023-04-12 14:44:17,935 - DEBUG - < TEXT '[3, "1ff841ad-6d1f-413e-b548-080759604782", {}]' [47 bytes]
2023-04-12 14:44:31,347 - DEBUG - % sending keepalive ping
2023-04-12 14:44:31,348 - DEBUG - > PING 03 a8 e9 0f [binary, 4 bytes]
2023-04-12 14:44:31,372 - DEBUG - < PONG 03 a8 e9 0f [binary, 4 bytes]
2023-04-12 14:44:31,379 - DEBUG - % received keepalive pong
2023-04-12 14:44:43,253 - DEBUG - < TEXT '[2, "20230412144443080", "RemoteStartTransactio...": "1031040000069641"}]' [391 bytes]
2023-04-12 14:44:43,266 - DEBUG - > TEXT '[3, "20230412144443080", {"status": "Accepted"}]' [48 bytes]
2023-04-12 14:44:43,429 - DEBUG - < TEXT '' [0 bytes]
2023-04-12 14:44:43,469 - DEBUG - > TEXT '[2, "1ff841ad-6d1f-413e-b548-080759604782", "Au...": "1031040000069641"}]' [87 bytes]
2023-04-12 14:44:43,766 - DEBUG - < TEXT '[3, "1ff841ad-6d1f-413e-b548-080759604782", {"i...tus": "ConcurrentTx"}}]' [86 bytes]
2023-04-12 14:44:43,789 - DEBUG - = connection is CLOSING
2023-04-12 14:44:43,790 - DEBUG - > CLOSE 1000 (OK) [2 bytes]
2023-04-12 14:44:43,798 - DEBUG - < CLOSE 1000 (OK) [2 bytes]
2023-04-12 14:44:43,804 - DEBUG - = connection is CLOSED
2023-04-12 14:46:53,421 - DEBUG - = connection is CONNECTING
2023-04-12 14:46:53,478 - DEBUG - > GET /ocpp16/ELC050C-001/ELC050C-001-001 HTTP/1.1
2023-04-12 14:46:53,478 - DEBUG - > Host: ws.devevspcharger.uplus.co.kr
2023-04-12 14:46:53,478 - DEBUG - > Upgrade: websocket
2023-04-12 14:46:53,478 - DEBUG - > Connection: Upgrade
2023-04-12 14:46:53,478 - DEBUG - > Sec-WebSocket-Key: Pty+F53IurYyGGocRBSSvw==
2023-04-12 14:46:53,478 - DEBUG - > Sec-WebSocket-Version: 13
2023-04-12 14:46:53,478 - DEBUG - > Sec-WebSocket-Extensions: permessage-deflate; client_max_window_bits
2023-04-12 14:46:53,479 - DEBUG - > Sec-WebSocket-Protocol: ocpp1.6
2023-04-12 14:46:53,479 - DEBUG - > Authorization: Basic RVZBUjpFVkFSTEdV
2023-04-12 14:46:53,479 - DEBUG - > User-Agent: Python/3.11 websockets/10.4
2023-04-12 14:46:54,109 - DEBUG - < HTTP/1.1 101 Switching Protocols
2023-04-12 14:46:54,109 - DEBUG - < Connection: upgrade
2023-04-12 14:46:54,109 - DEBUG - < Date: Wed, 12 Apr 2023 05:46:54 GMT
2023-04-12 14:46:54,110 - DEBUG - < sec-websocket-protocol: ocpp1.6
2023-04-12 14:46:54,110 - DEBUG - < upgrade: websocket
2023-04-12 14:46:54,110 - DEBUG - < sec-websocket-accept: PnFp6FwMej0CsJBcm/Mfubu8+lA=
2023-04-12 14:46:54,110 - DEBUG - < sec-websocket-extensions: permessage-deflate
2023-04-12 14:46:54,110 - DEBUG - < X-Cache: Miss from cloudfront
2023-04-12 14:46:54,110 - DEBUG - < Via: 1.1 e649e91ecb78f4d44c5fc28ed185c6e0.cloudfront.net (CloudFront)
2023-04-12 14:46:54,110 - DEBUG - < X-Amz-Cf-Pop: ICN57-P2
2023-04-12 14:46:54,110 - DEBUG - < X-Amz-Cf-Id: kr-X1UIvyanHIHilT3tnJOEs2xKRxCsOAv_grtby8_CBS-jQhgiHAA==
2023-04-12 14:46:54,111 - DEBUG - = connection is OPEN
2023-04-12 14:46:54,138 - DEBUG - > TEXT '[2, "cfd4a0ba-e83c-4705-8ca7-e28ab0f31c8f", "Bo...r": "ELC050C-001-001"}]' [175 bytes]
2023-04-12 14:46:54,622 - DEBUG - < TEXT '[3, "cfd4a0ba-e83c-4705-8ca7-e28ab0f31c8f", {"s...54Z", "interval": 300}]' [123 bytes]
2023-04-12 14:46:57,851 - DEBUG - Starting new HTTPS connection (1): rgw.devevspcharger.uplus.co.kr:443
2023-04-12 14:46:58,451 - DEBUG - https://rgw.devevspcharger.uplus.co.kr:443 "POST /ioc HTTP/1.1" 200 148
2023-04-12 14:46:58,467 - DEBUG - < TEXT '[2, "ed55ea65-f09f-4349-8fef-753ab4104716", "Ge...izeRemoteTxRequests"]}]' [103 bytes]
2023-04-12 14:46:58,474 - DEBUG - > TEXT '[3, "ed55ea65-f09f-4349-8fef-753ab4104716", {"c...ue", "value": "300"}]}]' [141 bytes]
2023-04-12 14:46:58,713 - DEBUG - < TEXT '' [0 bytes]
2023-04-12 14:47:00,502 - DEBUG - Starting new HTTPS connection (1): rgw.devevspcharger.uplus.co.kr:443
2023-04-12 14:47:00,912 - DEBUG - https://rgw.devevspcharger.uplus.co.kr:443 "POST /ioc HTTP/1.1" 200 164
2023-04-12 14:47:00,938 - DEBUG - < TEXT '[2, "73a8d50e-5b68-412e-a1ca-9019833c6946", "Ch...rval", "value": "300"}]' [119 bytes]
2023-04-12 14:47:00,946 - DEBUG - > TEXT '[3, "73a8d50e-5b68-412e-a1ca-9019833c6946", {"status": "Accepted"}]' [67 bytes]
2023-04-12 14:47:01,092 - DEBUG - < TEXT '' [0 bytes]
2023-04-12 14:47:01,146 - DEBUG - > TEXT '[2, "cfd4a0ba-e83c-4705-8ca7-e28ab0f31c8f", "St..."status": "Available"}]' [132 bytes]
2023-04-12 14:47:01,345 - DEBUG - < TEXT '[3, "cfd4a0ba-e83c-4705-8ca7-e28ab0f31c8f", {}]' [47 bytes]
2023-04-12 14:47:14,094 - DEBUG - % sending keepalive ping
2023-04-12 14:47:14,095 - DEBUG - > PING f5 ee 7a 3a [binary, 4 bytes]
2023-04-12 14:47:14,103 - DEBUG - < PONG f5 ee 7a 3a [binary, 4 bytes]
2023-04-12 14:47:14,109 - DEBUG - % received keepalive pong
2023-04-12 14:47:29,895 - DEBUG - < TEXT '[2, "20230412144729723", "RemoteStartTransactio...": "1031040000069641"}]' [391 bytes]
2023-04-12 14:47:29,900 - DEBUG - > TEXT '[3, "20230412144729723", {"status": "Accepted"}]' [48 bytes]
2023-04-12 14:47:30,107 - DEBUG - < TEXT '' [0 bytes]
2023-04-12 14:47:30,173 - DEBUG - > TEXT '[2, "cfd4a0ba-e83c-4705-8ca7-e28ab0f31c8f", "St..."status": "Preparing"}]' [132 bytes]
2023-04-12 14:47:30,372 - DEBUG - < TEXT '[3, "cfd4a0ba-e83c-4705-8ca7-e28ab0f31c8f", {}]' [47 bytes]
2023-04-12 14:47:30,424 - DEBUG - > TEXT '[2, "fa3c84f5-1d17-4a9b-8174-d14f97f7e7a1", "St...2023-04-12T14:46:53Z"}]' [170 bytes]
2023-04-12 14:47:30,868 - DEBUG - < TEXT '[3, "fa3c84f5-1d17-4a9b-8174-d14f97f7e7a1", {"t...tus": "ConcurrentTx"}}]' [114 bytes]
2023-04-12 14:47:30,898 - DEBUG - = connection is CLOSING
2023-04-12 14:47:30,898 - DEBUG - > CLOSE 1000 (OK) [2 bytes]
2023-04-12 14:47:30,911 - DEBUG - < CLOSE 1000 (OK) [2 bytes]
2023-04-12 14:47:30,929 - DEBUG - = connection is CLOSED
2023-04-12 14:52:11,342 - DEBUG - = connection is CONNECTING
2023-04-12 14:52:11,408 - DEBUG - > GET /ocpp16/ELC050C-001/ELC050C-001-001 HTTP/1.1
2023-04-12 14:52:11,408 - DEBUG - > Host: ws.devevspcharger.uplus.co.kr
2023-04-12 14:52:11,409 - DEBUG - > Upgrade: websocket
2023-04-12 14:52:11,409 - DEBUG - > Connection: Upgrade
2023-04-12 14:52:11,410 - DEBUG - > Sec-WebSocket-Key: xDesI37q3lBPnFTQ+uBLpQ==
2023-04-12 14:52:11,411 - DEBUG - > Sec-WebSocket-Version: 13
2023-04-12 14:52:11,411 - DEBUG - > Sec-WebSocket-Extensions: permessage-deflate; client_max_window_bits
2023-04-12 14:52:11,411 - DEBUG - > Sec-WebSocket-Protocol: ocpp1.6
2023-04-12 14:52:11,412 - DEBUG - > Authorization: Basic RVZBUjpFVkFSTEdV
2023-04-12 14:52:11,412 - DEBUG - > User-Agent: Python/3.11 websockets/10.4
2023-04-12 14:52:11,977 - DEBUG - < HTTP/1.1 101 Switching Protocols
2023-04-12 14:52:11,977 - DEBUG - < Connection: upgrade
2023-04-12 14:52:11,977 - DEBUG - < Date: Wed, 12 Apr 2023 05:52:12 GMT
2023-04-12 14:52:11,978 - DEBUG - < sec-websocket-protocol: ocpp1.6
2023-04-12 14:52:11,978 - DEBUG - < upgrade: websocket
2023-04-12 14:52:11,978 - DEBUG - < sec-websocket-accept: yows0QMHiAjMR1peV0sSBdRfzH8=
2023-04-12 14:52:11,978 - DEBUG - < sec-websocket-extensions: permessage-deflate
2023-04-12 14:52:11,978 - DEBUG - < X-Cache: Miss from cloudfront
2023-04-12 14:52:11,978 - DEBUG - < Via: 1.1 ba725da875f43fb311efeb484e55ed1a.cloudfront.net (CloudFront)
2023-04-12 14:52:11,978 - DEBUG - < X-Amz-Cf-Pop: ICN57-P2
2023-04-12 14:52:11,979 - DEBUG - < X-Amz-Cf-Id: aT8XW9I5BgrKGoQJ0WW29TFuVU-89Nv5RhKNkvX4MkWBS02cnYIkCQ==
2023-04-12 14:52:11,979 - DEBUG - = connection is OPEN
2023-04-12 14:52:12,016 - DEBUG - > TEXT '[2, "b7f3276c-292c-4e10-ab98-48773c3f580d", "Bo...r": "ELC050C-001-001"}]' [175 bytes]
2023-04-12 14:52:12,372 - DEBUG - < TEXT '[3, "b7f3276c-292c-4e10-ab98-48773c3f580d", {"s...12Z", "interval": 300}]' [123 bytes]
2023-04-12 14:52:14,826 - DEBUG - Starting new HTTPS connection (1): rgw.devevspcharger.uplus.co.kr:443
2023-04-12 14:52:15,480 - DEBUG - https://rgw.devevspcharger.uplus.co.kr:443 "POST /ioc HTTP/1.1" 200 148
2023-04-12 14:52:15,497 - DEBUG - < TEXT '[2, "69f7ffa0-971a-4cf5-94cd-0f5fce6af36a", "Ge...izeRemoteTxRequests"]}]' [103 bytes]
2023-04-12 14:52:15,504 - DEBUG - > TEXT '[3, "69f7ffa0-971a-4cf5-94cd-0f5fce6af36a", {"c...ue", "value": "300"}]}]' [141 bytes]
2023-04-12 14:52:15,712 - DEBUG - < TEXT '' [0 bytes]
2023-04-12 14:52:17,288 - DEBUG - Starting new HTTPS connection (1): rgw.devevspcharger.uplus.co.kr:443
2023-04-12 14:52:17,731 - DEBUG - https://rgw.devevspcharger.uplus.co.kr:443 "POST /ioc HTTP/1.1" 200 164
2023-04-12 14:52:17,743 - DEBUG - < TEXT '[2, "97cf50b6-1a11-47ff-8479-c2cfb036b2d1", "Ch...rval", "value": "300"}]' [119 bytes]
2023-04-12 14:52:17,753 - DEBUG - > TEXT '[3, "97cf50b6-1a11-47ff-8479-c2cfb036b2d1", {"status": "Accepted"}]' [67 bytes]
2023-04-12 14:52:17,924 - DEBUG - < TEXT '' [0 bytes]
2023-04-12 14:52:17,961 - DEBUG - > TEXT '[2, "b7f3276c-292c-4e10-ab98-48773c3f580d", "St..."status": "Available"}]' [132 bytes]
2023-04-12 14:52:18,216 - DEBUG - < TEXT '[3, "b7f3276c-292c-4e10-ab98-48773c3f580d", {}]' [47 bytes]
2023-04-12 14:52:31,981 - DEBUG - % sending keepalive ping
2023-04-12 14:52:31,981 - DEBUG - > PING 12 8d f0 f9 [binary, 4 bytes]
2023-04-12 14:52:31,991 - DEBUG - < PONG 12 8d f0 f9 [binary, 4 bytes]
2023-04-12 14:52:31,993 - DEBUG - % received keepalive pong
2023-04-12 14:52:36,817 - DEBUG - < TEXT '[2, "20230412145236621", "RemoteStartTransactio...": "1031040000069641"}]' [391 bytes]
2023-04-12 14:52:36,823 - DEBUG - > TEXT '[3, "20230412145236621", {"status": "Accepted"}]' [48 bytes]
2023-04-12 14:52:37,028 - DEBUG - < TEXT '' [0 bytes]
2023-04-12 14:52:37,074 - DEBUG - > TEXT '[2, "b7f3276c-292c-4e10-ab98-48773c3f580d", "St..."status": "Preparing"}]' [132 bytes]
2023-04-12 14:52:37,321 - DEBUG - < TEXT '[3, "b7f3276c-292c-4e10-ab98-48773c3f580d", {}]' [47 bytes]
2023-04-12 14:52:37,357 - DEBUG - > TEXT '[2, "1ed33299-fe87-48cd-bfb3-78660d55030e", "St...2023-04-12T14:52:11Z"}]' [170 bytes]
2023-04-12 14:52:37,732 - DEBUG - < TEXT '[3, "1ed33299-fe87-48cd-bfb3-78660d55030e", {"t..."status": "Accepted"}}]' [110 bytes]
2023-04-12 14:52:37,782 - DEBUG - > TEXT '[2, "b7f3276c-292c-4e10-ab98-48773c3f580d", "St... "status": "Charging"}]' [131 bytes]
2023-04-12 14:52:38,016 - DEBUG - < TEXT '[3, "b7f3276c-292c-4e10-ab98-48773c3f580d", {}]' [47 bytes]
2023-04-12 14:52:51,978 - DEBUG - % sending keepalive ping
2023-04-12 14:52:51,978 - DEBUG - > PING 08 ad e2 0b [binary, 4 bytes]
2023-04-12 14:52:51,998 - DEBUG - < PONG 08 ad e2 0b [binary, 4 bytes]
2023-04-12 14:52:52,001 - DEBUG - % received keepalive pong
2023-04-12 14:53:11,942 - DEBUG - < TEXT '[2, "20230412145236621", "RemoteStopTransaction...sactionId": 120533806}]' [79 bytes]
2023-04-12 14:53:11,950 - DEBUG - > TEXT '[3, "20230412145236621", {"status": "Accepted"}]' [48 bytes]
2023-04-12 14:53:12,005 - DEBUG - % sending keepalive ping
2023-04-12 14:53:12,005 - DEBUG - > PING 1d 18 40 eb [binary, 4 bytes]
2023-04-12 14:53:12,018 - DEBUG - < PONG 1d 18 40 eb [binary, 4 bytes]
2023-04-12 14:53:12,025 - DEBUG - % received keepalive pong
2023-04-12 14:53:12,248 - DEBUG - < TEXT '' [0 bytes]
2023-04-12 14:53:12,286 - DEBUG - > TEXT '[2, "d29c53ec-d228-42b1-8bd1-dc905481666b", "St...sactionId": 120533806}]' [149 bytes]
2023-04-12 14:53:12,651 - DEBUG - < TEXT '[3, "d29c53ec-d228-42b1-8bd1-dc905481666b", {"i..."status": "Accepted"}}]' [82 bytes]
2023-04-12 14:53:12,730 - DEBUG - > TEXT '[2, "b7f3276c-292c-4e10-ab98-48773c3f580d", "St..."status": "Finishing"}]' [132 bytes]
2023-04-12 14:53:12,940 - DEBUG - < TEXT '[3, "b7f3276c-292c-4e10-ab98-48773c3f580d", {}]' [47 bytes]
2023-04-12 14:53:13,005 - DEBUG - > TEXT '[2, "b7f3276c-292c-4e10-ab98-48773c3f580d", "St..."status": "Available"}]' [132 bytes]
2023-04-12 14:53:13,315 - DEBUG - < TEXT '[3, "b7f3276c-292c-4e10-ab98-48773c3f580d", {}]' [47 bytes]
2023-04-12 14:53:13,347 - DEBUG - = connection is CLOSING
2023-04-12 14:53:13,347 - DEBUG - > CLOSE 1000 (OK) [2 bytes]
2023-04-12 14:53:13,357 - DEBUG - < CLOSE 1000 (OK) [2 bytes]
2023-04-12 14:53:13,373 - DEBUG - = connection is CLOSED
2023-04-12 14:56:37,084 - DEBUG - = connection is CONNECTING
2023-04-12 14:56:37,120 - DEBUG - > GET /ocpp16/ELC050C-001/ELC050C-001-001 HTTP/1.1
2023-04-12 14:56:37,120 - DEBUG - > Host: ws.devevspcharger.uplus.co.kr
2023-04-12 14:56:37,120 - DEBUG - > Upgrade: websocket
2023-04-12 14:56:37,120 - DEBUG - > Connection: Upgrade
2023-04-12 14:56:37,120 - DEBUG - > Sec-WebSocket-Key: NkRQTQi6Uby97vKlETQ2aA==
2023-04-12 14:56:37,120 - DEBUG - > Sec-WebSocket-Version: 13
2023-04-12 14:56:37,120 - DEBUG - > Sec-WebSocket-Extensions: permessage-deflate; client_max_window_bits
2023-04-12 14:56:37,121 - DEBUG - > Sec-WebSocket-Protocol: ocpp1.6
2023-04-12 14:56:37,121 - DEBUG - > Authorization: Basic RVZBUjpFVkFSTEdV
2023-04-12 14:56:37,121 - DEBUG - > User-Agent: Python/3.11 websockets/10.4
2023-04-12 14:56:37,651 - DEBUG - < HTTP/1.1 101 Switching Protocols
2023-04-12 14:56:37,651 - DEBUG - < Connection: upgrade
2023-04-12 14:56:37,651 - DEBUG - < Date: Wed, 12 Apr 2023 05:56:37 GMT
2023-04-12 14:56:37,652 - DEBUG - < sec-websocket-protocol: ocpp1.6
2023-04-12 14:56:37,652 - DEBUG - < upgrade: websocket
2023-04-12 14:56:37,652 - DEBUG - < sec-websocket-accept: Vw5DpM7UomS8Oqqhovh96bdf+Jo=
2023-04-12 14:56:37,652 - DEBUG - < sec-websocket-extensions: permessage-deflate
2023-04-12 14:56:37,652 - DEBUG - < X-Cache: Miss from cloudfront
2023-04-12 14:56:37,652 - DEBUG - < Via: 1.1 bab1895e0b0b8d2cc8c02eee5d24db78.cloudfront.net (CloudFront)
2023-04-12 14:56:37,652 - DEBUG - < X-Amz-Cf-Pop: ICN57-P2
2023-04-12 14:56:37,652 - DEBUG - < X-Amz-Cf-Id: FbLIyNcpMRRXLirYDZ3LKryUDZ_JNerD-3gQAYExXymRVBcnKrkr7g==
2023-04-12 14:56:37,653 - DEBUG - = connection is OPEN
2023-04-12 14:56:37,673 - DEBUG - > TEXT '[2, "4612c0c7-c197-4b9d-8afb-7db237d30507", "Bo...r": "ELC050C-001-001"}]' [175 bytes]
2023-04-12 14:56:38,112 - DEBUG - < TEXT '[3, "4612c0c7-c197-4b9d-8afb-7db237d30507", {"s...38Z", "interval": 300}]' [123 bytes]
2023-04-12 14:56:38,155 - DEBUG - > TEXT '[2, "4612c0c7-c197-4b9d-8afb-7db237d30507", "St..."status": "Available"}]' [132 bytes]
2023-04-12 14:56:38,491 - DEBUG - < TEXT '[3, "4612c0c7-c197-4b9d-8afb-7db237d30507", {}]' [47 bytes]
2023-04-12 14:56:38,525 - DEBUG - > TEXT '[2, "4612c0c7-c197-4b9d-8afb-7db237d30507", "Au...": "1031040000069641"}]' [87 bytes]
2023-04-12 14:56:38,751 - DEBUG - < TEXT '[3, "4612c0c7-c197-4b9d-8afb-7db237d30507", {"i..."status": "Accepted"}}]' [82 bytes]
2023-04-12 14:56:38,774 - DEBUG - = connection is CLOSING
2023-04-12 14:56:38,774 - DEBUG - > CLOSE 1000 (OK) [2 bytes]
2023-04-12 14:56:38,782 - DEBUG - < CLOSE 1000 (OK) [2 bytes]
2023-04-12 14:56:38,786 - DEBUG - = connection is CLOSED
2023-04-12 14:56:50,670 - DEBUG - = connection is CONNECTING
2023-04-12 14:56:50,704 - DEBUG - > GET /ocpp16/ELC050C-001/ELC050C-001-001 HTTP/1.1
2023-04-12 14:56:50,704 - DEBUG - > Host: ws.devevspcharger.uplus.co.kr
2023-04-12 14:56:50,704 - DEBUG - > Upgrade: websocket
2023-04-12 14:56:50,704 - DEBUG - > Connection: Upgrade
2023-04-12 14:56:50,704 - DEBUG - > Sec-WebSocket-Key: EaleT2BrBgomfYjzUewL/g==
2023-04-12 14:56:50,705 - DEBUG - > Sec-WebSocket-Version: 13
2023-04-12 14:56:50,705 - DEBUG - > Sec-WebSocket-Extensions: permessage-deflate; client_max_window_bits
2023-04-12 14:56:50,705 - DEBUG - > Sec-WebSocket-Protocol: ocpp1.6
2023-04-12 14:56:50,705 - DEBUG - > Authorization: Basic RVZBUjpFVkFSTEdV
2023-04-12 14:56:50,705 - DEBUG - > User-Agent: Python/3.11 websockets/10.4
2023-04-12 14:56:51,036 - DEBUG - < HTTP/1.1 101 Switching Protocols
2023-04-12 14:56:51,037 - DEBUG - < Connection: upgrade
2023-04-12 14:56:51,037 - DEBUG - < Date: Wed, 12 Apr 2023 05:56:51 GMT
2023-04-12 14:56:51,037 - DEBUG - < sec-websocket-protocol: ocpp1.6
2023-04-12 14:56:51,037 - DEBUG - < upgrade: websocket
2023-04-12 14:56:51,037 - DEBUG - < sec-websocket-accept: IkFSFTsblWK2CZJ0o9vNVMqMiJQ=
2023-04-12 14:56:51,037 - DEBUG - < sec-websocket-extensions: permessage-deflate
2023-04-12 14:56:51,038 - DEBUG - < X-Cache: Miss from cloudfront
2023-04-12 14:56:51,038 - DEBUG - < Via: 1.1 d21d7f64d4ce2d8fcbb5fbee217cca5a.cloudfront.net (CloudFront)
2023-04-12 14:56:51,038 - DEBUG - < X-Amz-Cf-Pop: ICN57-P2
2023-04-12 14:56:51,038 - DEBUG - < X-Amz-Cf-Id: Z5yj7kIHpFb5h3G4ACH_ezcrAyuybeo7meEb97ZxPoVPRupKuNLnSA==
2023-04-12 14:56:51,038 - DEBUG - = connection is OPEN
2023-04-12 14:56:51,064 - DEBUG - > TEXT '[2, "bf107657-1c06-464c-9537-5cb2bb6a533d", "Bo...r": "ELC050C-001-001"}]' [175 bytes]
2023-04-12 14:56:51,327 - DEBUG - < TEXT '[3, "bf107657-1c06-464c-9537-5cb2bb6a533d", {"s...51Z", "interval": 300}]' [123 bytes]
2023-04-12 14:56:51,359 - DEBUG - > TEXT '[2, "bf107657-1c06-464c-9537-5cb2bb6a533d", "Au...": "1031040000069641"}]' [87 bytes]
2023-04-12 14:56:51,643 - DEBUG - < TEXT '[3, "bf107657-1c06-464c-9537-5cb2bb6a533d", {"i..."status": "Accepted"}}]' [82 bytes]
2023-04-12 14:56:51,677 - DEBUG - > TEXT '[2, "bf107657-1c06-464c-9537-5cb2bb6a533d", "St..."status": "Preparing"}]' [132 bytes]
2023-04-12 14:56:51,917 - DEBUG - < TEXT '[3, "bf107657-1c06-464c-9537-5cb2bb6a533d", {}]' [47 bytes]
2023-04-12 14:56:51,961 - DEBUG - > TEXT '[2, "eca387f8-e073-4294-b4ef-08824bd881c3", "St...2023-04-12T14:56:50Z"}]' [170 bytes]
2023-04-12 14:56:52,425 - DEBUG - < TEXT '[3, "eca387f8-e073-4294-b4ef-08824bd881c3", {"t..."status": "Accepted"}}]' [110 bytes]
2023-04-12 14:56:52,467 - DEBUG - > TEXT '[2, "bf107657-1c06-464c-9537-5cb2bb6a533d", "St... "status": "Charging"}]' [131 bytes]
2023-04-12 14:56:52,689 - DEBUG - < TEXT '[3, "bf107657-1c06-464c-9537-5cb2bb6a533d", {}]' [47 bytes]
2023-04-12 14:56:52,742 - DEBUG - > TEXT '[2, "67ac4903-bf29-4660-8ab9-ff1241fc4795", "Me...er", "unit": "Wh"}]}]}]' [259 bytes]
2023-04-12 14:56:53,095 - DEBUG - < TEXT '[3, "67ac4903-bf29-4660-8ab9-ff1241fc4795", {}]' [47 bytes]
2023-04-12 14:56:53,152 - DEBUG - > TEXT '[2, "544a2b10-ba15-4fcc-8490-700530d0b428", "St...sactionId": 120533807}]' [149 bytes]
2023-04-12 14:56:53,472 - DEBUG - < TEXT '[3, "544a2b10-ba15-4fcc-8490-700530d0b428", {"i..."status": "Accepted"}}]' [82 bytes]
2023-04-12 14:56:53,523 - DEBUG - > TEXT '[2, "bf107657-1c06-464c-9537-5cb2bb6a533d", "St..."status": "Finishing"}]' [132 bytes]
2023-04-12 14:56:53,710 - DEBUG - < TEXT '[3, "bf107657-1c06-464c-9537-5cb2bb6a533d", {}]' [47 bytes]
2023-04-12 14:56:53,759 - DEBUG - > TEXT '[2, "bf107657-1c06-464c-9537-5cb2bb6a533d", "St..."status": "Available"}]' [132 bytes]
2023-04-12 14:56:53,978 - DEBUG - < TEXT '[3, "bf107657-1c06-464c-9537-5cb2bb6a533d", {}]' [47 bytes]
2023-04-12 14:56:54,017 - DEBUG - = connection is CLOSING
2023-04-12 14:56:54,017 - DEBUG - > CLOSE 1000 (OK) [2 bytes]
2023-04-12 14:56:54,028 - DEBUG - < CLOSE 1000 (OK) [2 bytes]
2023-04-12 14:56:54,036 - DEBUG - = connection is CLOSED
2023-04-12 15:48:59,215 - DEBUG - = connection is CONNECTING
2023-04-12 15:48:59,266 - DEBUG - > GET /ocpp16/ELC100C-003/ELC100C-003-001 HTTP/1.1
2023-04-12 15:48:59,267 - DEBUG - > Host: ws.devevspcharger.uplus.co.kr
2023-04-12 15:48:59,268 - DEBUG - > Upgrade: websocket
2023-04-12 15:48:59,268 - DEBUG - > Connection: Upgrade
2023-04-12 15:48:59,268 - DEBUG - > Sec-WebSocket-Key: VOcv7uiE0sllxvqoZUeTCg==
2023-04-12 15:48:59,268 - DEBUG - > Sec-WebSocket-Version: 13
2023-04-12 15:48:59,268 - DEBUG - > Sec-WebSocket-Extensions: permessage-deflate; client_max_window_bits
2023-04-12 15:48:59,268 - DEBUG - > Sec-WebSocket-Protocol: ocpp1.6
2023-04-12 15:48:59,269 - DEBUG - > Authorization: Basic RVZBUjpFVkFSTEdV
2023-04-12 15:48:59,269 - DEBUG - > User-Agent: Python/3.11 websockets/10.4
2023-04-12 15:49:01,128 - DEBUG - < HTTP/1.1 101 Switching Protocols
2023-04-12 15:49:01,128 - DEBUG - < Connection: upgrade
2023-04-12 15:49:01,129 - DEBUG - < Date: Wed, 12 Apr 2023 06:49:01 GMT
2023-04-12 15:49:01,129 - DEBUG - < sec-websocket-protocol: ocpp1.6
2023-04-12 15:49:01,129 - DEBUG - < upgrade: websocket
2023-04-12 15:49:01,129 - DEBUG - < sec-websocket-accept: uFuzM4HPB6OmWUm8ngqNSrc8Baw=
2023-04-12 15:49:01,130 - DEBUG - < sec-websocket-extensions: permessage-deflate
2023-04-12 15:49:01,132 - DEBUG - < X-Cache: Miss from cloudfront
2023-04-12 15:49:01,132 - DEBUG - < Via: 1.1 a252aeda8ec1e2b582ae9a32f7c8d544.cloudfront.net (CloudFront)
2023-04-12 15:49:01,132 - DEBUG - < X-Amz-Cf-Pop: ICN57-P2
2023-04-12 15:49:01,132 - DEBUG - < X-Amz-Cf-Id: PkCiZ4nAjlTrUrGrgFwtPo6mb3Dh7ndL3L4pGs4yRp65vU9UQR72Bg==
2023-04-12 15:49:01,132 - DEBUG - = connection is OPEN
2023-04-12 15:49:01,166 - DEBUG - > TEXT '[2, "3e5817a5-2d61-41e7-a67c-85d10469917f", "Bo...r": "ELC050C-001-001"}]' [175 bytes]
2023-04-12 15:49:01,524 - DEBUG - < TEXT '[4, "3e5817a5-2d61-41e7-a67c-85d10469917f", {"e... system availability"}]' [161 bytes]
2023-04-12 15:49:01,554 - DEBUG - = connection is CLOSING
2023-04-12 15:49:01,554 - DEBUG - > CLOSE 1000 (OK) [2 bytes]
2023-04-12 15:49:01,569 - DEBUG - < CLOSE 1000 (OK) [2 bytes]
2023-04-12 15:49:01,573 - DEBUG - = connection is CLOSED
2023-04-12 15:51:31,918 - DEBUG - = connection is CONNECTING
2023-04-12 15:51:31,957 - DEBUG - > GET /ocpp16/ELC100C-003/ELC100C-003-001 HTTP/1.1
2023-04-12 15:51:31,957 - DEBUG - > Host: ws.devevspcharger.uplus.co.kr
2023-04-12 15:51:31,957 - DEBUG - > Upgrade: websocket
2023-04-12 15:51:31,957 - DEBUG - > Connection: Upgrade
2023-04-12 15:51:31,958 - DEBUG - > Sec-WebSocket-Key: dfDAkg5PQmlVFz71Aj8CYA==
2023-04-12 15:51:31,958 - DEBUG - > Sec-WebSocket-Version: 13
2023-04-12 15:51:31,958 - DEBUG - > Sec-WebSocket-Extensions: permessage-deflate; client_max_window_bits
2023-04-12 15:51:31,958 - DEBUG - > Sec-WebSocket-Protocol: ocpp1.6
2023-04-12 15:51:31,958 - DEBUG - > Authorization: Basic RVZBUjpFVkFSTEdV
2023-04-12 15:51:31,958 - DEBUG - > User-Agent: Python/3.11 websockets/10.4
2023-04-12 15:51:32,550 - DEBUG - < HTTP/1.1 101 Switching Protocols
2023-04-12 15:51:32,550 - DEBUG - < Connection: upgrade
2023-04-12 15:51:32,551 - DEBUG - < Date: Wed, 12 Apr 2023 06:51:32 GMT
2023-04-12 15:51:32,551 - DEBUG - < sec-websocket-protocol: ocpp1.6
2023-04-12 15:51:32,551 - DEBUG - < upgrade: websocket
2023-04-12 15:51:32,551 - DEBUG - < sec-websocket-accept: t2Jed9BFmil83CAgmJMh1aIZFjU=
2023-04-12 15:51:32,551 - DEBUG - < sec-websocket-extensions: permessage-deflate
2023-04-12 15:51:32,551 - DEBUG - < X-Cache: Miss from cloudfront
2023-04-12 15:51:32,551 - DEBUG - < Via: 1.1 d21d7f64d4ce2d8fcbb5fbee217cca5a.cloudfront.net (CloudFront)
2023-04-12 15:51:32,551 - DEBUG - < X-Amz-Cf-Pop: ICN57-P2
2023-04-12 15:51:32,551 - DEBUG - < X-Amz-Cf-Id: AlDgPjABhpDevhexIKWJtxTi5Eq2hsfXqzQ53HAOHSj9toONqYQo_w==
2023-04-12 15:51:32,552 - DEBUG - = connection is OPEN
2023-04-12 15:51:32,591 - DEBUG - > TEXT '[2, "e30d30a6-f9db-41b7-baff-d89a65a7c486", "Bo...r": "ELC050C-001-001"}]' [175 bytes]
2023-04-12 15:51:32,918 - DEBUG - < TEXT '[4, "e30d30a6-f9db-41b7-baff-d89a65a7c486", {"e... system availability"}]' [161 bytes]
2023-04-12 15:51:32,937 - DEBUG - = connection is CLOSING
2023-04-12 15:51:32,937 - DEBUG - > CLOSE 1000 (OK) [2 bytes]
2023-04-12 15:51:32,964 - DEBUG - < CLOSE 1000 (OK) [2 bytes]
2023-04-12 15:51:32,968 - DEBUG - = connection is CLOSED
2023-04-12 15:52:09,575 - DEBUG - = connection is CONNECTING
2023-04-12 15:52:09,616 - DEBUG - > GET /ocpp16/ELC100C-003/ELC100C-003-001 HTTP/1.1
2023-04-12 15:52:09,616 - DEBUG - > Host: ws.devevspcharger.uplus.co.kr
2023-04-12 15:52:09,616 - DEBUG - > Upgrade: websocket
2023-04-12 15:52:09,616 - DEBUG - > Connection: Upgrade
2023-04-12 15:52:09,617 - DEBUG - > Sec-WebSocket-Key: LVabLUWOnCmzpb+pFc2jLQ==
2023-04-12 15:52:09,618 - DEBUG - > Sec-WebSocket-Version: 13
2023-04-12 15:52:09,618 - DEBUG - > Sec-WebSocket-Extensions: permessage-deflate; client_max_window_bits
2023-04-12 15:52:09,618 - DEBUG - > Sec-WebSocket-Protocol: ocpp1.6
2023-04-12 15:52:09,618 - DEBUG - > Authorization: Basic RVZBUjpFVkFSTEdV
2023-04-12 15:52:09,618 - DEBUG - > User-Agent: Python/3.11 websockets/10.4
2023-04-12 15:52:10,017 - DEBUG - < HTTP/1.1 101 Switching Protocols
2023-04-12 15:52:10,017 - DEBUG - < Connection: upgrade
2023-04-12 15:52:10,017 - DEBUG - < Date: Wed, 12 Apr 2023 06:52:10 GMT
2023-04-12 15:52:10,017 - DEBUG - < sec-websocket-protocol: ocpp1.6
2023-04-12 15:52:10,017 - DEBUG - < upgrade: websocket
2023-04-12 15:52:10,017 - DEBUG - < sec-websocket-accept: NOBN2ydQNuIazcAFAeurvaWTxC0=
2023-04-12 15:52:10,017 - DEBUG - < sec-websocket-extensions: permessage-deflate
2023-04-12 15:52:10,017 - DEBUG - < X-Cache: Miss from cloudfront
2023-04-12 15:52:10,018 - DEBUG - < Via: 1.1 c6882e0acaa56682be4bf45c4b8fd99a.cloudfront.net (CloudFront)
2023-04-12 15:52:10,018 - DEBUG - < X-Amz-Cf-Pop: ICN57-P2
2023-04-12 15:52:10,018 - DEBUG - < X-Amz-Cf-Id: y5IhZiWcCfETra4AF8Ca14lubZt449EWExwNILHIzgrd35hP95GuBA==
2023-04-12 15:52:10,018 - DEBUG - = connection is OPEN
2023-04-12 15:52:10,043 - DEBUG - > TEXT '[2, "d1beef1b-3eac-4ab2-bd2d-ee454f1a98da", "Bo...r": "ELC050C-001-001"}]' [175 bytes]
2023-04-12 15:52:10,322 - DEBUG - < TEXT '[4, "d1beef1b-3eac-4ab2-bd2d-ee454f1a98da", {"e... system availability"}]' [161 bytes]
2023-04-12 15:52:10,339 - DEBUG - = connection is CLOSING
2023-04-12 15:52:10,340 - DEBUG - > CLOSE 1000 (OK) [2 bytes]
2023-04-12 15:52:10,351 - DEBUG - < CLOSE 1000 (OK) [2 bytes]
2023-04-12 15:52:10,354 - DEBUG - = connection is CLOSED
2023-04-12 15:52:23,193 - DEBUG - = connection is CONNECTING
2023-04-12 15:52:23,234 - DEBUG - > GET /ocpp16/ELC100C-003/ELC100C-003-001 HTTP/1.1
2023-04-12 15:52:23,235 - DEBUG - > Host: ws.devevspcharger.uplus.co.kr
2023-04-12 15:52:23,236 - DEBUG - > Upgrade: websocket
2023-04-12 15:52:23,236 - DEBUG - > Connection: Upgrade
2023-04-12 15:52:23,236 - DEBUG - > Sec-WebSocket-Key: +DJ6FMs9DY9H/AzirwrW/w==
2023-04-12 15:52:23,236 - DEBUG - > Sec-WebSocket-Version: 13
2023-04-12 15:52:23,236 - DEBUG - > Sec-WebSocket-Extensions: permessage-deflate; client_max_window_bits
2023-04-12 15:52:23,237 - DEBUG - > Sec-WebSocket-Protocol: ocpp1.6
2023-04-12 15:52:23,237 - DEBUG - > Authorization: Basic RVZBUjpFVkFSTEdV
2023-04-12 15:52:23,237 - DEBUG - > User-Agent: Python/3.11 websockets/10.4
2023-04-12 15:52:23,642 - DEBUG - < HTTP/1.1 101 Switching Protocols
2023-04-12 15:52:23,643 - DEBUG - < Connection: upgrade
2023-04-12 15:52:23,643 - DEBUG - < Date: Wed, 12 Apr 2023 06:52:23 GMT
2023-04-12 15:52:23,643 - DEBUG - < sec-websocket-protocol: ocpp1.6
2023-04-12 15:52:23,644 - DEBUG - < upgrade: websocket
2023-04-12 15:52:23,644 - DEBUG - < sec-websocket-accept: u5Ef6RuBHVVE1YYFMU/9xuH3pFI=
2023-04-12 15:52:23,645 - DEBUG - < sec-websocket-extensions: permessage-deflate
2023-04-12 15:52:23,645 - DEBUG - < X-Cache: Miss from cloudfront
2023-04-12 15:52:23,645 - DEBUG - < Via: 1.1 96d5e926418becbc899e1a730ab37236.cloudfront.net (CloudFront)
2023-04-12 15:52:23,645 - DEBUG - < X-Amz-Cf-Pop: ICN57-P2
2023-04-12 15:52:23,645 - DEBUG - < X-Amz-Cf-Id: EGlNycZYaBvXAM1R6doPY80qOcVGGS-TKCEDL2OyrEDdtZhREO_6mw==
2023-04-12 15:52:23,646 - DEBUG - = connection is OPEN
2023-04-12 15:52:23,674 - DEBUG - > TEXT '[2, "b1ceac9b-ff27-4fb1-bfa1-7dac5526a368", "Bo...r": "ELC050C-001-001"}]' [175 bytes]
2023-04-12 15:52:23,844 - DEBUG - < TEXT '[4, "b1ceac9b-ff27-4fb1-bfa1-7dac5526a368", {"e... system availability"}]' [161 bytes]
2023-04-12 15:52:23,872 - DEBUG - = connection is CLOSING
2023-04-12 15:52:23,872 - DEBUG - > CLOSE 1000 (OK) [2 bytes]
2023-04-12 15:52:23,887 - DEBUG - < CLOSE 1000 (OK) [2 bytes]
2023-04-12 15:52:23,895 - DEBUG - = connection is CLOSED
2023-04-12 15:52:33,711 - DEBUG - = connection is CONNECTING
2023-04-12 15:52:33,758 - DEBUG - > GET /ocpp16/ELC100C-003/ELC100C-003-001 HTTP/1.1
2023-04-12 15:52:33,759 - DEBUG - > Host: ws.devevspcharger.uplus.co.kr
2023-04-12 15:52:33,760 - DEBUG - > Upgrade: websocket
2023-04-12 15:52:33,760 - DEBUG - > Connection: Upgrade
2023-04-12 15:52:33,760 - DEBUG - > Sec-WebSocket-Key: 4WyZ9Qhnv9DYnSeQMw4SkA==
2023-04-12 15:52:33,760 - DEBUG - > Sec-WebSocket-Version: 13
2023-04-12 15:52:33,760 - DEBUG - > Sec-WebSocket-Extensions: permessage-deflate; client_max_window_bits
2023-04-12 15:52:33,760 - DEBUG - > Sec-WebSocket-Protocol: ocpp1.6
2023-04-12 15:52:33,760 - DEBUG - > Authorization: Basic RVZBUjpFVkFSTEdV
2023-04-12 15:52:33,761 - DEBUG - > User-Agent: Python/3.11 websockets/10.4
2023-04-12 15:52:34,041 - DEBUG - < HTTP/1.1 101 Switching Protocols
2023-04-12 15:52:34,041 - DEBUG - < Connection: upgrade
2023-04-12 15:52:34,041 - DEBUG - < Date: Wed, 12 Apr 2023 06:52:34 GMT
2023-04-12 15:52:34,041 - DEBUG - < sec-websocket-protocol: ocpp1.6
2023-04-12 15:52:34,043 - DEBUG - < upgrade: websocket
2023-04-12 15:52:34,043 - DEBUG - < sec-websocket-accept: K07UGJBL/5WVv+ULfsqWfLrH0NM=
2023-04-12 15:52:34,044 - DEBUG - < sec-websocket-extensions: permessage-deflate
2023-04-12 15:52:34,044 - DEBUG - < X-Cache: Miss from cloudfront
2023-04-12 15:52:34,044 - DEBUG - < Via: 1.1 b92faae7242f31be9bfc0ec3d134dfce.cloudfront.net (CloudFront)
2023-04-12 15:52:34,045 - DEBUG - < X-Amz-Cf-Pop: ICN57-P2
2023-04-12 15:52:34,045 - DEBUG - < X-Amz-Cf-Id: UyxB7R7sPpMbnlTfwfiNtAvBsDAfBM4LOfJMVJ54mC1y8kjVpCm0Kg==
2023-04-12 15:52:34,046 - DEBUG - = connection is OPEN
2023-04-12 15:52:34,072 - DEBUG - > TEXT '[2, "3fb86245-beb0-42da-baed-e8bcd440ccb4", "Bo...r": "ELC050C-001-001"}]' [175 bytes]
2023-04-12 15:52:34,324 - DEBUG - < TEXT '[4, "3fb86245-beb0-42da-baed-e8bcd440ccb4", {"e... system availability"}]' [161 bytes]
2023-04-12 15:52:34,352 - DEBUG - = connection is CLOSING
2023-04-12 15:52:34,352 - DEBUG - > CLOSE 1000 (OK) [2 bytes]
2023-04-12 15:52:34,378 - DEBUG - < CLOSE 1000 (OK) [2 bytes]
2023-04-12 15:52:34,383 - DEBUG - = connection is CLOSED
2023-04-12 15:52:57,530 - DEBUG - = connection is CONNECTING
2023-04-12 15:52:57,581 - DEBUG - > GET /ocpp16/ELC100C-003/ELC100C-003-001 HTTP/1.1
2023-04-12 15:52:57,581 - DEBUG - > Host: ws.devevspcharger.uplus.co.kr
2023-04-12 15:52:57,581 - DEBUG - > Upgrade: websocket
2023-04-12 15:52:57,581 - DEBUG - > Connection: Upgrade
2023-04-12 15:52:57,581 - DEBUG - > Sec-WebSocket-Key: Zk4wIubdu0jsiK5ux/8Www==
2023-04-12 15:52:57,581 - DEBUG - > Sec-WebSocket-Version: 13
2023-04-12 15:52:57,582 - DEBUG - > Sec-WebSocket-Extensions: permessage-deflate; client_max_window_bits
2023-04-12 15:52:57,582 - DEBUG - > Sec-WebSocket-Protocol: ocpp1.6
2023-04-12 15:52:57,582 - DEBUG - > Authorization: Basic RVZBUjpFVkFSTEdV
2023-04-12 15:52:57,582 - DEBUG - > User-Agent: Python/3.11 websockets/10.4
2023-04-12 15:52:57,847 - DEBUG - < HTTP/1.1 101 Switching Protocols
2023-04-12 15:52:57,847 - DEBUG - < Connection: upgrade
2023-04-12 15:52:57,847 - DEBUG - < Date: Wed, 12 Apr 2023 06:52:57 GMT
2023-04-12 15:52:57,847 - DEBUG - < sec-websocket-protocol: ocpp1.6
2023-04-12 15:52:57,848 - DEBUG - < upgrade: websocket
2023-04-12 15:52:57,848 - DEBUG - < sec-websocket-accept: FUlWO7kIiLELtBVBQ7nlyKNeprs=
2023-04-12 15:52:57,848 - DEBUG - < sec-websocket-extensions: permessage-deflate
2023-04-12 15:52:57,848 - DEBUG - < X-Cache: Miss from cloudfront
2023-04-12 15:52:57,848 - DEBUG - < Via: 1.1 9ae7abacc9e2c811909db23dbe603ad4.cloudfront.net (CloudFront)
2023-04-12 15:52:57,848 - DEBUG - < X-Amz-Cf-Pop: ICN57-P2
2023-04-12 15:52:57,848 - DEBUG - < X-Amz-Cf-Id: giHvh5AZ9aR0IY2PqLD91yt3Ld3c1I6eD0R0dfJ9euoqOaMEI9-v-w==
2023-04-12 15:52:57,849 - DEBUG - = connection is OPEN
2023-04-12 15:52:57,881 - DEBUG - > TEXT '[2, "dc22136e-9441-41ec-8cb0-650603b5e9ee", "Bo...r": "ELC050C-001-001"}]' [175 bytes]
2023-04-12 15:52:58,058 - DEBUG - < TEXT '[4, "dc22136e-9441-41ec-8cb0-650603b5e9ee", {"e... system availability"}]' [161 bytes]
2023-04-12 15:52:58,082 - DEBUG - = connection is CLOSING
2023-04-12 15:52:58,082 - DEBUG - > CLOSE 1000 (OK) [2 bytes]
2023-04-12 15:52:58,091 - DEBUG - < CLOSE 1000 (OK) [2 bytes]
2023-04-12 15:52:58,096 - DEBUG - = connection is CLOSED
2023-04-12 15:53:01,849 - DEBUG - = connection is CONNECTING
2023-04-12 15:53:01,916 - DEBUG - > GET /ocpp16/ELC100C-003/ELC100C-003-001 HTTP/1.1
2023-04-12 15:53:01,916 - DEBUG - > Host: ws.devevspcharger.uplus.co.kr
2023-04-12 15:53:01,917 - DEBUG - > Upgrade: websocket
2023-04-12 15:53:01,917 - DEBUG - > Connection: Upgrade
2023-04-12 15:53:01,917 - DEBUG - > Sec-WebSocket-Key: GZEyyhG9HXPBFc53Fbr+gw==
2023-04-12 15:53:01,917 - DEBUG - > Sec-WebSocket-Version: 13
2023-04-12 15:53:01,917 - DEBUG - > Sec-WebSocket-Extensions: permessage-deflate; client_max_window_bits
2023-04-12 15:53:01,918 - DEBUG - > Sec-WebSocket-Protocol: ocpp1.6
2023-04-12 15:53:01,918 - DEBUG - > Authorization: Basic RVZBUjpFVkFSTEdV
2023-04-12 15:53:01,918 - DEBUG - > User-Agent: Python/3.11 websockets/10.4
2023-04-12 15:53:02,326 - DEBUG - < HTTP/1.1 101 Switching Protocols
2023-04-12 15:53:02,326 - DEBUG - < Connection: upgrade
2023-04-12 15:53:02,326 - DEBUG - < Date: Wed, 12 Apr 2023 06:53:02 GMT
2023-04-12 15:53:02,326 - DEBUG - < sec-websocket-protocol: ocpp1.6
2023-04-12 15:53:02,326 - DEBUG - < upgrade: websocket
2023-04-12 15:53:02,327 - DEBUG - < sec-websocket-accept: jpKM2MgRVcam+UQBkrZCDzCf3xo=
2023-04-12 15:53:02,327 - DEBUG - < sec-websocket-extensions: permessage-deflate
2023-04-12 15:53:02,327 - DEBUG - < X-Cache: Miss from cloudfront
2023-04-12 15:53:02,327 - DEBUG - < Via: 1.1 d21d7f64d4ce2d8fcbb5fbee217cca5a.cloudfront.net (CloudFront)
2023-04-12 15:53:02,327 - DEBUG - < X-Amz-Cf-Pop: ICN57-P2
2023-04-12 15:53:02,327 - DEBUG - < X-Amz-Cf-Id: wweLKYkM4i7I2uEUBkY4pLzyG5jMIvbJVSTNr0_H9mGvx0a0T452aQ==
2023-04-12 15:53:02,327 - DEBUG - = connection is OPEN
2023-04-12 15:53:02,357 - DEBUG - > TEXT '[2, "f4905321-3c1f-4d8f-a232-49f478f1632c", "Bo...r": "ELC050C-001-001"}]' [175 bytes]
2023-04-12 15:53:02,561 - DEBUG - < TEXT '[4, "f4905321-3c1f-4d8f-a232-49f478f1632c", {"e... system availability"}]' [161 bytes]
2023-04-12 15:53:02,578 - DEBUG - = connection is CLOSING
2023-04-12 15:53:02,578 - DEBUG - > CLOSE 1000 (OK) [2 bytes]
2023-04-12 15:53:02,592 - DEBUG - < CLOSE 1000 (OK) [2 bytes]
2023-04-12 15:53:02,598 - DEBUG - = connection is CLOSED
2023-04-12 15:53:07,854 - DEBUG - = connection is CONNECTING
2023-04-12 15:53:07,892 - DEBUG - > GET /ocpp16/ELC100C-003/ELC100C-003-001 HTTP/1.1
2023-04-12 15:53:07,893 - DEBUG - > Host: ws.devevspcharger.uplus.co.kr
2023-04-12 15:53:07,893 - DEBUG - > Upgrade: websocket
2023-04-12 15:53:07,893 - DEBUG - > Connection: Upgrade
2023-04-12 15:53:07,893 - DEBUG - > Sec-WebSocket-Key: EWo6Dvk4d7yt4mxuzaBvHw==
2023-04-12 15:53:07,893 - DEBUG - > Sec-WebSocket-Version: 13
2023-04-12 15:53:07,893 - DEBUG - > Sec-WebSocket-Extensions: permessage-deflate; client_max_window_bits
2023-04-12 15:53:07,893 - DEBUG - > Sec-WebSocket-Protocol: ocpp1.6
2023-04-12 15:53:07,893 - DEBUG - > Authorization: Basic RVZBUjpFVkFSTEdV
2023-04-12 15:53:07,893 - DEBUG - > User-Agent: Python/3.11 websockets/10.4
2023-04-12 15:53:08,151 - DEBUG - < HTTP/1.1 101 Switching Protocols
2023-04-12 15:53:08,151 - DEBUG - < Connection: upgrade
2023-04-12 15:53:08,151 - DEBUG - < Date: Wed, 12 Apr 2023 06:53:08 GMT
2023-04-12 15:53:08,151 - DEBUG - < sec-websocket-protocol: ocpp1.6
2023-04-12 15:53:08,151 - DEBUG - < upgrade: websocket
2023-04-12 15:53:08,151 - DEBUG - < sec-websocket-accept: JpfEJXa3W1J1NOlA1e9i6WLEfE4=
2023-04-12 15:53:08,152 - DEBUG - < sec-websocket-extensions: permessage-deflate
2023-04-12 15:53:08,152 - DEBUG - < X-Cache: Miss from cloudfront
2023-04-12 15:53:08,152 - DEBUG - < Via: 1.1 c6882e0acaa56682be4bf45c4b8fd99a.cloudfront.net (CloudFront)
2023-04-12 15:53:08,152 - DEBUG - < X-Amz-Cf-Pop: ICN57-P2
2023-04-12 15:53:08,152 - DEBUG - < X-Amz-Cf-Id: WWFL3q_XoPd1pB1BZ3VhTrVINhuxfAah2ecww28YDw1ykcKCuLVihA==
2023-04-12 15:53:08,153 - DEBUG - = connection is OPEN
2023-04-12 15:53:08,179 - DEBUG - > TEXT '[2, "87703826-792f-477e-a7ce-de3cf0590914", "Bo...r": "ELC050C-001-001"}]' [175 bytes]
2023-04-12 15:53:08,360 - DEBUG - < TEXT '[4, "87703826-792f-477e-a7ce-de3cf0590914", {"e... system availability"}]' [161 bytes]
2023-04-12 15:53:08,379 - DEBUG - = connection is CLOSING
2023-04-12 15:53:08,380 - DEBUG - > CLOSE 1000 (OK) [2 bytes]
2023-04-12 15:53:08,393 - DEBUG - < CLOSE 1000 (OK) [2 bytes]
2023-04-12 15:53:08,401 - DEBUG - = connection is CLOSED
2023-04-12 15:57:22,161 - DEBUG - = connection is CONNECTING
2023-04-12 15:57:22,203 - DEBUG - > GET /ocpp16/ELC100C-003/ELC100C-003-001 HTTP/1.1
2023-04-12 15:57:22,203 - DEBUG - > Host: ws.devevspcharger.uplus.co.kr
2023-04-12 15:57:22,204 - DEBUG - > Upgrade: websocket
2023-04-12 15:57:22,204 - DEBUG - > Connection: Upgrade
2023-04-12 15:57:22,204 - DEBUG - > Sec-WebSocket-Key: ClrH4U/yxQ5jl8Dlpq5Ctw==
2023-04-12 15:57:22,204 - DEBUG - > Sec-WebSocket-Version: 13
2023-04-12 15:57:22,204 - DEBUG - > Sec-WebSocket-Extensions: permessage-deflate; client_max_window_bits
2023-04-12 15:57:22,205 - DEBUG - > Sec-WebSocket-Protocol: ocpp1.6
2023-04-12 15:57:22,205 - DEBUG - > Authorization: Basic RVZBUjpFVkFSTEdV
2023-04-12 15:57:22,206 - DEBUG - > User-Agent: Python/3.11 websockets/10.4
2023-04-12 15:57:22,794 - DEBUG - < HTTP/1.1 101 Switching Protocols
2023-04-12 15:57:22,794 - DEBUG - < Connection: upgrade
2023-04-12 15:57:22,795 - DEBUG - < Date: Wed, 12 Apr 2023 06:57:22 GMT
2023-04-12 15:57:22,795 - DEBUG - < sec-websocket-protocol: ocpp1.6
2023-04-12 15:57:22,795 - DEBUG - < upgrade: websocket
2023-04-12 15:57:22,795 - DEBUG - < sec-websocket-accept: NKyQtPnXLxo4uaiTrVMlbQGQ+6A=
2023-04-12 15:57:22,796 - DEBUG - < sec-websocket-extensions: permessage-deflate
2023-04-12 15:57:22,796 - DEBUG - < X-Cache: Miss from cloudfront
2023-04-12 15:57:22,796 - DEBUG - < Via: 1.1 818e6836f2ca3e700a5577179db933d8.cloudfront.net (CloudFront)
2023-04-12 15:57:22,796 - DEBUG - < X-Amz-Cf-Pop: ICN57-P2
2023-04-12 15:57:22,796 - DEBUG - < X-Amz-Cf-Id: MUM25kqAGjzXn0obedg9_U9NVFYFWczuNBHh51z6dEFkC6JKR_wIzw==
2023-04-12 15:57:22,797 - DEBUG - = connection is OPEN
2023-04-12 15:57:22,821 - DEBUG - > TEXT '[2, "383e40df-c53e-40f5-be30-cfde31611dd8", "Bo...r": "ELC050C-001-001"}]' [175 bytes]
2023-04-12 15:57:23,000 - DEBUG - < TEXT '[4, "383e40df-c53e-40f5-be30-cfde31611dd8", {"e... system availability"}]' [161 bytes]
2023-04-12 15:57:23,020 - DEBUG - = connection is CLOSING
2023-04-12 15:57:23,020 - DEBUG - > CLOSE 1000 (OK) [2 bytes]
2023-04-12 15:57:23,032 - DEBUG - < CLOSE 1000 (OK) [2 bytes]
2023-04-12 15:57:23,038 - DEBUG - = connection is CLOSED
2023-04-12 16:13:39,162 - DEBUG - = connection is CONNECTING
2023-04-12 16:13:39,224 - DEBUG - > GET /ocpp16/ELA007C05/EVSCA050001 HTTP/1.1
2023-04-12 16:13:39,224 - DEBUG - > Host: ws.devevspcharger.uplus.co.kr
2023-04-12 16:13:39,225 - DEBUG - > Upgrade: websocket
2023-04-12 16:13:39,225 - DEBUG - > Connection: Upgrade
2023-04-12 16:13:39,225 - DEBUG - > Sec-WebSocket-Key: ETojNjknljI89XLX8oY1Bw==
2023-04-12 16:13:39,225 - DEBUG - > Sec-WebSocket-Version: 13
2023-04-12 16:13:39,225 - DEBUG - > Sec-WebSocket-Extensions: permessage-deflate; client_max_window_bits
2023-04-12 16:13:39,225 - DEBUG - > Sec-WebSocket-Protocol: ocpp1.6
2023-04-12 16:13:39,225 - DEBUG - > Authorization: Basic RVZBUjpFVkFSTEdV
2023-04-12 16:13:39,226 - DEBUG - > User-Agent: Python/3.11 websockets/10.4
2023-04-12 16:13:40,676 - DEBUG - < HTTP/1.1 101 Switching Protocols
2023-04-12 16:13:40,676 - DEBUG - < Connection: upgrade
2023-04-12 16:13:40,676 - DEBUG - < Date: Wed, 12 Apr 2023 07:13:40 GMT
2023-04-12 16:13:40,676 - DEBUG - < sec-websocket-protocol: ocpp1.6
2023-04-12 16:13:40,676 - DEBUG - < upgrade: websocket
2023-04-12 16:13:40,677 - DEBUG - < sec-websocket-accept: JnQlWpuYfBkFrg5LQIHhciaC9eY=
2023-04-12 16:13:40,677 - DEBUG - < sec-websocket-extensions: permessage-deflate
2023-04-12 16:13:40,677 - DEBUG - < X-Cache: Miss from cloudfront
2023-04-12 16:13:40,677 - DEBUG - < Via: 1.1 ba725da875f43fb311efeb484e55ed1a.cloudfront.net (CloudFront)
2023-04-12 16:13:40,677 - DEBUG - < X-Amz-Cf-Pop: ICN57-P2
2023-04-12 16:13:40,677 - DEBUG - < X-Amz-Cf-Id: C-IU-tNx8zTBCHhAJ_zVxX6Tdmdvkqq1cHbTMDogaqJSxZ4RVduhdw==
2023-04-12 16:13:40,678 - DEBUG - = connection is OPEN
2023-04-12 16:13:40,710 - DEBUG - > TEXT '[2, "17510a32-6c88-4057-bb0c-9586dbbd0e98", "Bo...ePointVendor": "EVAR"}]' [127 bytes]
2023-04-12 16:13:41,329 - DEBUG - < TEXT '[3, "17510a32-6c88-4057-bb0c-9586dbbd0e98", {"s...41Z", "interval": 600}]' [123 bytes]
2023-04-12 16:13:41,367 - DEBUG - > TEXT '[2, "17510a32-6c88-4057-bb0c-9586dbbd0e98", "St..."status": "Available"}]' [132 bytes]
2023-04-12 16:13:41,744 - DEBUG - < TEXT '[3, "17510a32-6c88-4057-bb0c-9586dbbd0e98", {}]' [47 bytes]
2023-04-12 16:13:41,769 - DEBUG - > TEXT '[2, "17510a32-6c88-4057-bb0c-9586dbbd0e98", "Au...": "1031040000069641"}]' [87 bytes]
2023-04-12 16:13:42,132 - DEBUG - < TEXT '[3, "17510a32-6c88-4057-bb0c-9586dbbd0e98", {"i..."status": "Accepted"}}]' [82 bytes]
2023-04-12 16:13:42,159 - DEBUG - = connection is CLOSING
2023-04-12 16:13:42,159 - DEBUG - > CLOSE 1000 (OK) [2 bytes]
2023-04-12 16:13:42,171 - DEBUG - < CLOSE 1000 (OK) [2 bytes]
2023-04-12 16:13:42,176 - DEBUG - = connection is CLOSED
2023-04-12 16:19:03,755 - DEBUG - = connection is CONNECTING
2023-04-12 16:19:03,986 - DEBUG - > GET /ocpp16/ELA007C05/EVSCA050001 HTTP/1.1
2023-04-12 16:19:03,986 - DEBUG - > Host: ws.devevspcharger.uplus.co.kr
2023-04-12 16:19:03,986 - DEBUG - > Upgrade: websocket
2023-04-12 16:19:03,986 - DEBUG - > Connection: Upgrade
2023-04-12 16:19:03,986 - DEBUG - > Sec-WebSocket-Key: zn+GZlZhR4v4cM8uQEijlw==
2023-04-12 16:19:03,986 - DEBUG - > Sec-WebSocket-Version: 13
2023-04-12 16:19:03,986 - DEBUG - > Sec-WebSocket-Extensions: permessage-deflate; client_max_window_bits
2023-04-12 16:19:03,986 - DEBUG - > Sec-WebSocket-Protocol: ocpp1.6
2023-04-12 16:19:03,986 - DEBUG - > Authorization: Basic RVZBUjpFVkFSTEdV
2023-04-12 16:19:03,986 - DEBUG - > User-Agent: Python/3.11 websockets/10.4
2023-04-12 16:19:04,689 - DEBUG - < HTTP/1.1 101 Switching Protocols
2023-04-12 16:19:04,689 - DEBUG - < Connection: upgrade
2023-04-12 16:19:04,689 - DEBUG - < Date: Wed, 12 Apr 2023 07:19:04 GMT
2023-04-12 16:19:04,690 - DEBUG - < sec-websocket-protocol: ocpp1.6
2023-04-12 16:19:04,690 - DEBUG - < upgrade: websocket
2023-04-12 16:19:04,690 - DEBUG - < sec-websocket-accept: 5Upyx2aaG4/voeQ3eOc59WlHTCY=
2023-04-12 16:19:04,690 - DEBUG - < sec-websocket-extensions: permessage-deflate
2023-04-12 16:19:04,690 - DEBUG - < X-Cache: Miss from cloudfront
2023-04-12 16:19:04,691 - DEBUG - < Via: 1.1 c6ed8cd25e4ec3b0d1a9c72155758a62.cloudfront.net (CloudFront)
2023-04-12 16:19:04,691 - DEBUG - < X-Amz-Cf-Pop: ICN57-P2
2023-04-12 16:19:04,691 - DEBUG - < X-Amz-Cf-Id: npjqJlKaak3Bl-KpeCF8lKccerWB_X98v47ihPsRV8hICV-640maNQ==
2023-04-12 16:19:04,691 - DEBUG - = connection is OPEN
2023-04-12 16:19:04,726 - DEBUG - > TEXT '[2, "1e15eb72-3774-4c08-af5f-4bcfc2a97c2e", "Bo...ePointVendor": "EVAR"}]' [127 bytes]
2023-04-12 16:19:05,236 - DEBUG - < TEXT '[3, "1e15eb72-3774-4c08-af5f-4bcfc2a97c2e", {"s...05Z", "interval": 600}]' [123 bytes]
2023-04-12 16:19:11,137 - DEBUG - Starting new HTTPS connection (1): rgw.devevspcharger.uplus.co.kr:443
2023-04-12 16:19:11,857 - DEBUG - https://rgw.devevspcharger.uplus.co.kr:443 "POST /ioc HTTP/1.1" 200 148
2023-04-12 16:19:11,870 - DEBUG - < TEXT '[2, "d40af6e8-e0eb-424c-b3c1-69628fcc30e9", "Ge...izeRemoteTxRequests"]}]' [103 bytes]
2023-04-12 16:19:11,879 - DEBUG - > TEXT '[3, "d40af6e8-e0eb-424c-b3c1-69628fcc30e9", {"c...ue", "value": "300"}]}]' [141 bytes]
2023-04-12 16:19:12,623 - DEBUG - < TEXT '' [0 bytes]
2023-04-12 16:19:14,972 - DEBUG - Starting new HTTPS connection (1): rgw.devevspcharger.uplus.co.kr:443
2023-04-12 16:19:15,433 - DEBUG - https://rgw.devevspcharger.uplus.co.kr:443 "POST /ioc HTTP/1.1" 200 164
2023-04-12 16:19:15,448 - DEBUG - < TEXT '[2, "7eac1136-ffe3-4766-8e45-1576f7fe719a", "Ch...rval", "value": "300"}]' [119 bytes]
2023-04-12 16:19:15,452 - DEBUG - > TEXT '[3, "7eac1136-ffe3-4766-8e45-1576f7fe719a", {"status": "Accepted"}]' [67 bytes]
2023-04-12 16:19:15,648 - DEBUG - < TEXT '' [0 bytes]
2023-04-12 16:19:15,692 - DEBUG - > TEXT '[2, "1e15eb72-3774-4c08-af5f-4bcfc2a97c2e", "St..."status": "Available"}]' [132 bytes]
2023-04-12 16:19:15,935 - DEBUG - < TEXT '[3, "1e15eb72-3774-4c08-af5f-4bcfc2a97c2e", {}]' [47 bytes]
2023-04-12 16:19:24,692 - DEBUG - % sending keepalive ping
2023-04-12 16:19:24,693 - DEBUG - > PING 77 c8 e3 63 [binary, 4 bytes]
2023-04-12 16:19:24,709 - DEBUG - < PONG 77 c8 e3 63 [binary, 4 bytes]
2023-04-12 16:19:24,713 - DEBUG - % received keepalive pong
2023-04-12 16:19:44,698 - DEBUG - % sending keepalive ping
2023-04-12 16:19:44,698 - DEBUG - > PING ab 79 88 42 [binary, 4 bytes]
2023-04-12 16:19:44,716 - DEBUG - < PONG ab 79 88 42 [binary, 4 bytes]
2023-04-12 16:19:44,719 - DEBUG - % received keepalive pong
2023-04-12 16:20:04,740 - DEBUG - % sending keepalive ping
2023-04-12 16:20:04,740 - DEBUG - > PING 6c aa 5b 2c [binary, 4 bytes]
2023-04-12 16:20:04,760 - DEBUG - < PONG 6c aa 5b 2c [binary, 4 bytes]
2023-04-12 16:20:04,762 - DEBUG - % received keepalive pong
2023-04-12 16:20:24,776 - DEBUG - % sending keepalive ping
2023-04-12 16:20:24,776 - DEBUG - > PING 43 9b 2e ad [binary, 4 bytes]
2023-04-12 16:20:24,797 - DEBUG - < PONG 43 9b 2e ad [binary, 4 bytes]
2023-04-12 16:20:24,805 - DEBUG - % received keepalive pong
2023-04-12 16:20:25,063 - DEBUG - = connection is CONNECTING
2023-04-12 16:20:25,195 - DEBUG - > GET /ocpp16/ELC100C-003/ELC100C-003-001 HTTP/1.1
2023-04-12 16:20:25,195 - DEBUG - > Host: ws.devevspcharger.uplus.co.kr
2023-04-12 16:20:25,195 - DEBUG - > Upgrade: websocket
2023-04-12 16:20:25,195 - DEBUG - > Connection: Upgrade
2023-04-12 16:20:25,197 - DEBUG - > Sec-WebSocket-Key: QCcDGSRyO3Wr47V1Nt17kQ==
2023-04-12 16:20:25,197 - DEBUG - > Sec-WebSocket-Version: 13
2023-04-12 16:20:25,197 - DEBUG - > Sec-WebSocket-Extensions: permessage-deflate; client_max_window_bits
2023-04-12 16:20:25,197 - DEBUG - > Sec-WebSocket-Protocol: ocpp1.6
2023-04-12 16:20:25,197 - DEBUG - > Authorization: Basic RVZBUjpFVkFSTEdV
2023-04-12 16:20:25,197 - DEBUG - > User-Agent: Python/3.11 websockets/10.4
2023-04-12 16:20:25,784 - DEBUG - < HTTP/1.1 101 Switching Protocols
2023-04-12 16:20:25,784 - DEBUG - < Connection: upgrade
2023-04-12 16:20:25,784 - DEBUG - < Date: Wed, 12 Apr 2023 07:20:25 GMT
2023-04-12 16:20:25,784 - DEBUG - < sec-websocket-protocol: ocpp1.6
2023-04-12 16:20:25,785 - DEBUG - < upgrade: websocket
2023-04-12 16:20:25,785 - DEBUG - < sec-websocket-accept: zLnos8xEPr9TEDYVf6O/nzvS2Jw=
2023-04-12 16:20:25,785 - DEBUG - < sec-websocket-extensions: permessage-deflate
2023-04-12 16:20:25,785 - DEBUG - < X-Cache: Miss from cloudfront
2023-04-12 16:20:25,785 - DEBUG - < Via: 1.1 0c9ac74e4533d4cd2c0dd7de136ec086.cloudfront.net (CloudFront)
2023-04-12 16:20:25,785 - DEBUG - < X-Amz-Cf-Pop: ICN57-P2
2023-04-12 16:20:25,785 - DEBUG - < X-Amz-Cf-Id: Vy3BvJmvP-BhUM9Ne67DYxP4qhs_Xqp63Veh_yZcXapE5CNoV3DPpw==
2023-04-12 16:20:25,785 - DEBUG - = connection is OPEN
2023-04-12 16:20:25,824 - DEBUG - > TEXT '[2, "1b945b2f-7360-4e06-9883-86f5f161fda0", "Bo...r": "ELC100C-003-001"}]' [175 bytes]
2023-04-12 16:20:26,270 - DEBUG - < TEXT '[3, "1b945b2f-7360-4e06-9883-86f5f161fda0", {"s...26Z", "interval": 300}]' [123 bytes]
2023-04-12 16:20:26,320 - DEBUG - > TEXT '[2, "1b945b2f-7360-4e06-9883-86f5f161fda0", "St..."status": "Available"}]' [132 bytes]
2023-04-12 16:20:26,549 - DEBUG - < TEXT '[3, "1b945b2f-7360-4e06-9883-86f5f161fda0", {}]' [47 bytes]
2023-04-12 16:20:26,592 - DEBUG - > TEXT '[2, "1b945b2f-7360-4e06-9883-86f5f161fda0", "Au...": "1031040000069641"}]' [87 bytes]
2023-04-12 16:20:26,837 - DEBUG - < TEXT '[3, "1b945b2f-7360-4e06-9883-86f5f161fda0", {"i..."status": "Accepted"}}]' [82 bytes]
2023-04-12 16:20:26,881 - DEBUG - > TEXT '[2, "4c63d54c-1c82-43fe-ac4d-6ad288c95782", "St...2023-04-12T16:20:25Z"}]' [170 bytes]
2023-04-12 16:20:27,393 - DEBUG - < TEXT '[3, "4c63d54c-1c82-43fe-ac4d-6ad288c95782", {"t..."status": "Accepted"}}]' [110 bytes]
2023-04-12 16:20:27,449 - DEBUG - > TEXT '[2, "1b945b2f-7360-4e06-9883-86f5f161fda0", "St... "status": "Charging"}]' [131 bytes]
2023-04-12 16:20:27,747 - DEBUG - < TEXT '[3, "1b945b2f-7360-4e06-9883-86f5f161fda0", {}]' [47 bytes]
2023-04-12 16:20:27,794 - DEBUG - > TEXT '[2, "ac17ff4e-25de-4dc3-8c97-1632e3a15b68", "Me...er", "unit": "Wh"}]}]}]' [259 bytes]
2023-04-12 16:20:28,234 - DEBUG - < TEXT '[3, "ac17ff4e-25de-4dc3-8c97-1632e3a15b68", {}]' [47 bytes]
2023-04-12 16:20:28,289 - DEBUG - > TEXT '[2, "759e61a5-1e30-42dc-99c7-4e3cbe7503c4", "St...sactionId": 120533808}]' [149 bytes]
2023-04-12 16:20:28,731 - DEBUG - < TEXT '[3, "759e61a5-1e30-42dc-99c7-4e3cbe7503c4", {"i..."status": "Accepted"}}]' [82 bytes]
2023-04-12 16:20:28,803 - DEBUG - > TEXT '[2, "1b945b2f-7360-4e06-9883-86f5f161fda0", "St..."status": "Finishing"}]' [132 bytes]
2023-04-12 16:20:28,986 - DEBUG - < TEXT '[3, "1b945b2f-7360-4e06-9883-86f5f161fda0", {}]' [47 bytes]
2023-04-12 16:20:29,055 - DEBUG - > TEXT '[2, "1b945b2f-7360-4e06-9883-86f5f161fda0", "St..."status": "Available"}]' [132 bytes]
2023-04-12 16:20:29,277 - DEBUG - < TEXT '[3, "1b945b2f-7360-4e06-9883-86f5f161fda0", {}]' [47 bytes]
2023-04-12 16:20:29,309 - DEBUG - = connection is CLOSING
2023-04-12 16:20:29,309 - DEBUG - > CLOSE 1000 (OK) [2 bytes]
2023-04-12 16:20:29,323 - DEBUG - < CLOSE 1000 (OK) [2 bytes]
2023-04-12 16:20:29,328 - DEBUG - = connection is CLOSED
2023-04-12 16:20:42,883 - DEBUG - = connection is CONNECTING
2023-04-12 16:20:42,919 - DEBUG - > GET /ocpp16/ELC100C-003/ELC100C-003-001 HTTP/1.1
2023-04-12 16:20:42,920 - DEBUG - > Host: ws.devevspcharger.uplus.co.kr
2023-04-12 16:20:42,921 - DEBUG - > Upgrade: websocket
2023-04-12 16:20:42,921 - DEBUG - > Connection: Upgrade
2023-04-12 16:20:42,921 - DEBUG - > Sec-WebSocket-Key: sLSaU+uI6yIqiNM8cPnVUw==
2023-04-12 16:20:42,921 - DEBUG - > Sec-WebSocket-Version: 13
2023-04-12 16:20:42,921 - DEBUG - > Sec-WebSocket-Extensions: permessage-deflate; client_max_window_bits
2023-04-12 16:20:42,922 - DEBUG - > Sec-WebSocket-Protocol: ocpp1.6
2023-04-12 16:20:42,922 - DEBUG - > Authorization: Basic RVZBUjpFVkFSTEdV
2023-04-12 16:20:42,922 - DEBUG - > User-Agent: Python/3.11 websockets/10.4
2023-04-12 16:20:43,244 - DEBUG - < HTTP/1.1 101 Switching Protocols
2023-04-12 16:20:43,244 - DEBUG - < Connection: upgrade
2023-04-12 16:20:43,244 - DEBUG - < Date: Wed, 12 Apr 2023 07:20:43 GMT
2023-04-12 16:20:43,245 - DEBUG - < sec-websocket-protocol: ocpp1.6
2023-04-12 16:20:43,245 - DEBUG - < upgrade: websocket
2023-04-12 16:20:43,245 - DEBUG - < sec-websocket-accept: 0ExvlteWFEUbwMIF4PerkfkmESk=
2023-04-12 16:20:43,245 - DEBUG - < sec-websocket-extensions: permessage-deflate
2023-04-12 16:20:43,245 - DEBUG - < X-Cache: Miss from cloudfront
2023-04-12 16:20:43,245 - DEBUG - < Via: 1.1 623f9f4dd2fef338f4704e13bada95c8.cloudfront.net (CloudFront)
2023-04-12 16:20:43,245 - DEBUG - < X-Amz-Cf-Pop: ICN57-P2
2023-04-12 16:20:43,245 - DEBUG - < X-Amz-Cf-Id: bzEf62xHCpV5MCdQQKbKgT05VyhlwLWDWRvQtaksexMl-G7jRdUNjw==
2023-04-12 16:20:43,245 - DEBUG - = connection is OPEN
2023-04-12 16:20:43,276 - DEBUG - > TEXT '[2, "51ef70d4-e42f-4cee-a3b6-df686b9c0edd", "Bo...r": "ELC100C-003-001"}]' [175 bytes]
2023-04-12 16:20:43,546 - DEBUG - < TEXT '[3, "51ef70d4-e42f-4cee-a3b6-df686b9c0edd", {"s...43Z", "interval": 300}]' [123 bytes]
2023-04-12 16:20:44,814 - DEBUG - % sending keepalive ping
2023-04-12 16:20:44,814 - DEBUG - > PING 1d 68 5b c4 [binary, 4 bytes]
2023-04-12 16:20:44,845 - DEBUG - < PONG 1d 68 5b c4 [binary, 4 bytes]
2023-04-12 16:20:44,848 - DEBUG - % received keepalive pong
2023-04-12 16:20:45,370 - DEBUG - Starting new HTTPS connection (1): rgw.devevspcharger.uplus.co.kr:443
2023-04-12 16:20:46,051 - DEBUG - https://rgw.devevspcharger.uplus.co.kr:443 "POST /ioc HTTP/1.1" 200 148
2023-04-12 16:20:46,070 - DEBUG - < TEXT '[2, "50589d29-990c-4a78-b925-ac06c4d69b24", "Ge...izeRemoteTxRequests"]}]' [103 bytes]
2023-04-12 16:20:46,079 - DEBUG - > TEXT '[3, "50589d29-990c-4a78-b925-ac06c4d69b24", {"c...ue", "value": "300"}]}]' [141 bytes]
2023-04-12 16:20:46,242 - DEBUG - < TEXT '' [0 bytes]
2023-04-12 16:20:48,072 - DEBUG - Starting new HTTPS connection (1): rgw.devevspcharger.uplus.co.kr:443
2023-04-12 16:20:48,566 - DEBUG - https://rgw.devevspcharger.uplus.co.kr:443 "POST /ioc HTTP/1.1" 200 164
2023-04-12 16:20:48,581 - DEBUG - < TEXT '[2, "a8f65b60-1ff0-430c-a28a-b8607c7aec9c", "Ch...rval", "value": "300"}]' [119 bytes]
2023-04-12 16:20:48,587 - DEBUG - > TEXT '[3, "a8f65b60-1ff0-430c-a28a-b8607c7aec9c", {"status": "Accepted"}]' [67 bytes]
2023-04-12 16:20:48,770 - DEBUG - < TEXT '' [0 bytes]
2023-04-12 16:20:48,816 - DEBUG - > TEXT '[2, "51ef70d4-e42f-4cee-a3b6-df686b9c0edd", "St..."status": "Available"}]' [132 bytes]
2023-04-12 16:20:49,052 - DEBUG - < TEXT '[3, "51ef70d4-e42f-4cee-a3b6-df686b9c0edd", {}]' [47 bytes]
2023-04-12 16:21:03,251 - DEBUG - % sending keepalive ping
2023-04-12 16:21:03,251 - DEBUG - > PING 3d 18 e6 75 [binary, 4 bytes]
2023-04-12 16:21:03,263 - DEBUG - < PONG 3d 18 e6 75 [binary, 4 bytes]
2023-04-12 16:21:03,270 - DEBUG - % received keepalive pong
2023-04-12 16:21:04,841 - DEBUG - % sending keepalive ping
2023-04-12 16:21:04,842 - DEBUG - > PING 21 87 09 1d [binary, 4 bytes]
2023-04-12 16:21:04,857 - DEBUG - < PONG 21 87 09 1d [binary, 4 bytes]
2023-04-12 16:21:04,859 - DEBUG - % received keepalive pong
2023-04-12 16:21:06,275 - DEBUG - < TEXT '[2, "20230412162106059", "RemoteStartTransactio...": "1031040000069641"}]' [391 bytes]
2023-04-12 16:21:06,286 - DEBUG - > TEXT '[3, "20230412162106059", {"status": "Accepted"}]' [48 bytes]
2023-04-12 16:21:06,532 - DEBUG - < TEXT '' [0 bytes]
2023-04-12 16:21:06,589 - DEBUG - > TEXT '[2, "51ef70d4-e42f-4cee-a3b6-df686b9c0edd", "St..."status": "Preparing"}]' [132 bytes]
2023-04-12 16:21:06,836 - DEBUG - < TEXT '[3, "51ef70d4-e42f-4cee-a3b6-df686b9c0edd", {}]' [47 bytes]
2023-04-12 16:21:06,889 - DEBUG - > TEXT '[2, "22d4f314-21ea-446e-a36d-75b730df1e14", "St...2023-04-12T16:20:42Z"}]' [170 bytes]
2023-04-12 16:21:07,345 - DEBUG - < TEXT '[3, "22d4f314-21ea-446e-a36d-75b730df1e14", {"t..."status": "Accepted"}}]' [110 bytes]
2023-04-12 16:21:07,404 - DEBUG - > TEXT '[2, "51ef70d4-e42f-4cee-a3b6-df686b9c0edd", "St... "status": "Charging"}]' [131 bytes]
2023-04-12 16:21:07,638 - DEBUG - < TEXT '[3, "51ef70d4-e42f-4cee-a3b6-df686b9c0edd", {}]' [47 bytes]
2023-04-12 16:21:23,272 - DEBUG - % sending keepalive ping
2023-04-12 16:21:23,272 - DEBUG - > PING d5 24 1c f8 [binary, 4 bytes]
2023-04-12 16:21:23,291 - DEBUG - < PONG d5 24 1c f8 [binary, 4 bytes]
2023-04-12 16:21:23,294 - DEBUG - % received keepalive pong
2023-04-12 16:21:24,865 - DEBUG - % sending keepalive ping
2023-04-12 16:21:24,865 - DEBUG - > PING 4b b1 27 c1 [binary, 4 bytes]
2023-04-12 16:21:24,873 - DEBUG - < PONG 4b b1 27 c1 [binary, 4 bytes]
2023-04-12 16:21:24,879 - DEBUG - % received keepalive pong
2023-04-12 16:21:43,293 - DEBUG - % sending keepalive ping
2023-04-12 16:21:43,293 - DEBUG - > PING 02 a1 50 f2 [binary, 4 bytes]
2023-04-12 16:21:43,304 - DEBUG - < PONG 02 a1 50 f2 [binary, 4 bytes]
2023-04-12 16:21:43,310 - DEBUG - % received keepalive pong
2023-04-12 16:21:44,884 - DEBUG - % sending keepalive ping
2023-04-12 16:21:44,884 - DEBUG - > PING 38 aa 6c 0b [binary, 4 bytes]
2023-04-12 16:21:44,894 - DEBUG - < PONG 38 aa 6c 0b [binary, 4 bytes]
2023-04-12 16:21:44,900 - DEBUG - % received keepalive pong
2023-04-12 16:22:03,316 - DEBUG - % sending keepalive ping
2023-04-12 16:22:03,316 - DEBUG - > PING 17 05 89 94 [binary, 4 bytes]
2023-04-12 16:22:03,326 - DEBUG - < PONG 17 05 89 94 [binary, 4 bytes]
2023-04-12 16:22:03,332 - DEBUG - % received keepalive pong
2023-04-12 16:22:04,917 - DEBUG - % sending keepalive ping
2023-04-12 16:22:04,918 - DEBUG - > PING 7c 11 63 d6 [binary, 4 bytes]
2023-04-12 16:22:04,929 - DEBUG - < PONG 7c 11 63 d6 [binary, 4 bytes]
2023-04-12 16:22:04,932 - DEBUG - % received keepalive pong
2023-04-12 16:22:23,342 - DEBUG - % sending keepalive ping
2023-04-12 16:22:23,342 - DEBUG - > PING e1 fd 02 b5 [binary, 4 bytes]
2023-04-12 16:22:23,355 - DEBUG - < PONG e1 fd 02 b5 [binary, 4 bytes]
2023-04-12 16:22:23,360 - DEBUG - % received keepalive pong
2023-04-12 16:22:24,934 - DEBUG - % sending keepalive ping
2023-04-12 16:22:24,934 - DEBUG - > PING 76 dd 56 d3 [binary, 4 bytes]
2023-04-12 16:22:24,949 - DEBUG - < PONG 76 dd 56 d3 [binary, 4 bytes]
2023-04-12 16:22:24,952 - DEBUG - % received keepalive pong
2023-04-12 16:22:43,347 - DEBUG - % sending keepalive ping
2023-04-12 16:22:43,347 - DEBUG - > PING c6 14 bd 6b [binary, 4 bytes]
2023-04-12 16:22:43,357 - DEBUG - < PONG c6 14 bd 6b [binary, 4 bytes]
2023-04-12 16:22:43,364 - DEBUG - % received keepalive pong
2023-04-12 16:22:44,937 - DEBUG - % sending keepalive ping
2023-04-12 16:22:44,937 - DEBUG - > PING ec 2b 8c ae [binary, 4 bytes]
2023-04-12 16:22:44,948 - DEBUG - < PONG ec 2b 8c ae [binary, 4 bytes]
2023-04-12 16:22:44,955 - DEBUG - % received keepalive pong
2023-04-12 16:23:03,349 - DEBUG - % sending keepalive ping
2023-04-12 16:23:03,349 - DEBUG - > PING d1 c2 73 5b [binary, 4 bytes]
2023-04-12 16:23:03,358 - DEBUG - < PONG d1 c2 73 5b [binary, 4 bytes]
2023-04-12 16:23:03,365 - DEBUG - % received keepalive pong
2023-04-12 16:23:04,941 - DEBUG - % sending keepalive ping
2023-04-12 16:23:04,941 - DEBUG - > PING 8d 9e 0e 46 [binary, 4 bytes]
2023-04-12 16:23:04,951 - DEBUG - < PONG 8d 9e 0e 46 [binary, 4 bytes]
2023-04-12 16:23:04,957 - DEBUG - % received keepalive pong
2023-04-12 16:23:23,351 - DEBUG - % sending keepalive ping
2023-04-12 16:23:23,352 - DEBUG - > PING b0 a4 3f 7d [binary, 4 bytes]
2023-04-12 16:23:23,360 - DEBUG - < PONG b0 a4 3f 7d [binary, 4 bytes]
2023-04-12 16:23:23,366 - DEBUG - % received keepalive pong
2023-04-12 16:23:24,940 - DEBUG - % sending keepalive ping
2023-04-12 16:23:24,941 - DEBUG - > PING e3 9e 04 b3 [binary, 4 bytes]
2023-04-12 16:23:24,950 - DEBUG - < PONG e3 9e 04 b3 [binary, 4 bytes]
2023-04-12 16:23:24,958 - DEBUG - % received keepalive pong
2023-04-12 16:23:43,341 - DEBUG - % sending keepalive ping
2023-04-12 16:23:43,342 - DEBUG - > PING 44 84 d9 f7 [binary, 4 bytes]
2023-04-12 16:23:43,351 - DEBUG - < PONG 44 84 d9 f7 [binary, 4 bytes]
2023-04-12 16:23:43,357 - DEBUG - % received keepalive pong
2023-04-12 16:23:44,949 - DEBUG - % sending keepalive ping
2023-04-12 16:23:44,949 - DEBUG - > PING c2 03 67 c0 [binary, 4 bytes]
2023-04-12 16:23:44,962 - DEBUG - < PONG c2 03 67 c0 [binary, 4 bytes]
2023-04-12 16:23:44,967 - DEBUG - % received keepalive pong
2023-04-12 16:24:03,340 - DEBUG - % sending keepalive ping
2023-04-12 16:24:03,341 - DEBUG - > PING 58 b2 47 3c [binary, 4 bytes]
2023-04-12 16:24:03,349 - DEBUG - < PONG 58 b2 47 3c [binary, 4 bytes]
2023-04-12 16:24:03,353 - DEBUG - % received keepalive pong
2023-04-12 16:24:04,978 - DEBUG - % sending keepalive ping
2023-04-12 16:24:04,978 - DEBUG - > PING '\x02"\x0c>' [text, 4 bytes]
2023-04-12 16:24:04,988 - DEBUG - < PONG '\x02"\x0c>' [text, 4 bytes]
2023-04-12 16:24:04,993 - DEBUG - % received keepalive pong
2023-04-12 16:24:23,341 - DEBUG - % sending keepalive ping
2023-04-12 16:24:23,341 - DEBUG - > PING '\u07d8~2' [text, 4 bytes]
2023-04-12 16:24:23,598 - DEBUG - < PONG '\u07d8~2' [text, 4 bytes]
2023-04-12 16:24:23,601 - DEBUG - % received keepalive pong
2023-04-12 16:24:24,980 - DEBUG - % sending keepalive ping
2023-04-12 16:24:24,981 - DEBUG - > PING 50 b8 1f 15 [binary, 4 bytes]
2023-04-12 16:24:24,996 - DEBUG - < PONG 50 b8 1f 15 [binary, 4 bytes]
2023-04-12 16:24:25,000 - DEBUG - % received keepalive pong
2023-04-12 16:24:43,593 - DEBUG - % sending keepalive ping
2023-04-12 16:24:43,593 - DEBUG - > PING e7 ca 91 11 [binary, 4 bytes]
2023-04-12 16:24:43,603 - DEBUG - < PONG e7 ca 91 11 [binary, 4 bytes]
2023-04-12 16:24:43,609 - DEBUG - % received keepalive pong
2023-04-12 16:24:45,005 - DEBUG - % sending keepalive ping
2023-04-12 16:24:45,005 - DEBUG - > PING f1 91 df 4f [binary, 4 bytes]
2023-04-12 16:24:45,026 - DEBUG - < PONG f1 91 df 4f [binary, 4 bytes]
2023-04-12 16:24:45,029 - DEBUG - % received keepalive pong
2023-04-12 16:25:03,603 - DEBUG - % sending keepalive ping
2023-04-12 16:25:03,603 - DEBUG - > PING a2 ab 44 87 [binary, 4 bytes]
2023-04-12 16:25:03,626 - DEBUG - < PONG a2 ab 44 87 [binary, 4 bytes]
2023-04-12 16:25:03,631 - DEBUG - % received keepalive pong
2023-04-12 16:25:05,016 - DEBUG - % sending keepalive ping
2023-04-12 16:25:05,016 - DEBUG - > PING 9f 63 cc 93 [binary, 4 bytes]
2023-04-12 16:25:05,027 - DEBUG - < PONG 9f 63 cc 93 [binary, 4 bytes]
2023-04-12 16:25:05,033 - DEBUG - % received keepalive pong
2023-04-12 16:25:23,633 - DEBUG - % sending keepalive ping
2023-04-12 16:25:23,633 - DEBUG - > PING f7 3d bd 2e [binary, 4 bytes]
2023-04-12 16:25:23,649 - DEBUG - < PONG f7 3d bd 2e [binary, 4 bytes]
2023-04-12 16:25:23,652 - DEBUG - % received keepalive pong
2023-04-12 16:25:25,026 - DEBUG - % sending keepalive ping
2023-04-12 16:25:25,026 - DEBUG - > PING 50 c8 16 8b [binary, 4 bytes]
2023-04-12 16:25:25,039 - DEBUG - < PONG 50 c8 16 8b [binary, 4 bytes]
2023-04-12 16:25:25,045 - DEBUG - % received keepalive pong
2023-04-12 16:25:43,645 - DEBUG - % sending keepalive ping
2023-04-12 16:25:43,645 - DEBUG - > PING '\x16{z\x18' [text, 4 bytes]
2023-04-12 16:25:43,664 - DEBUG - < PONG '\x16{z\x18' [text, 4 bytes]
2023-04-12 16:25:43,679 - DEBUG - % received keepalive pong
2023-04-12 16:25:45,057 - DEBUG - % sending keepalive ping
2023-04-12 16:25:45,057 - DEBUG - > PING f6 aa 20 03 [binary, 4 bytes]
2023-04-12 16:25:45,080 - DEBUG - < PONG f6 aa 20 03 [binary, 4 bytes]
2023-04-12 16:25:45,094 - DEBUG - % received keepalive pong
2023-04-12 16:26:03,678 - DEBUG - % sending keepalive ping
2023-04-12 16:26:03,679 - DEBUG - > PING ab 3e 9e 0b [binary, 4 bytes]
2023-04-12 16:26:03,686 - DEBUG - < PONG ab 3e 9e 0b [binary, 4 bytes]
2023-04-12 16:26:03,690 - DEBUG - % received keepalive pong
2023-04-12 16:26:05,118 - DEBUG - % sending keepalive ping
2023-04-12 16:26:05,118 - DEBUG - > PING ea 81 41 69 [binary, 4 bytes]
2023-04-12 16:26:05,130 - DEBUG - < PONG ea 81 41 69 [binary, 4 bytes]
2023-04-12 16:26:05,135 - DEBUG - % received keepalive pong
2023-04-12 16:26:23,705 - DEBUG - % sending keepalive ping
2023-04-12 16:26:23,705 - DEBUG - > PING 2c 41 fb 20 [binary, 4 bytes]
2023-04-12 16:26:23,715 - DEBUG - < PONG 2c 41 fb 20 [binary, 4 bytes]
2023-04-12 16:26:23,723 - DEBUG - % received keepalive pong
2023-04-12 16:26:25,130 - DEBUG - % sending keepalive ping
2023-04-12 16:26:25,130 - DEBUG - > PING 08 a3 f2 12 [binary, 4 bytes]
2023-04-12 16:26:25,150 - DEBUG - < PONG 08 a3 f2 12 [binary, 4 bytes]
2023-04-12 16:26:25,155 - DEBUG - % received keepalive pong
2023-04-12 16:26:43,736 - DEBUG - % sending keepalive ping
2023-04-12 16:26:43,736 - DEBUG - > PING 18 f5 64 da [binary, 4 bytes]
2023-04-12 16:26:43,749 - DEBUG - < PONG 18 f5 64 da [binary, 4 bytes]
2023-04-12 16:26:43,753 - DEBUG - % received keepalive pong
2023-04-12 16:26:45,146 - DEBUG - % sending keepalive ping
2023-04-12 16:26:45,147 - DEBUG - > PING e9 8e f3 a1 [binary, 4 bytes]
2023-04-12 16:26:45,163 - DEBUG - < PONG e9 8e f3 a1 [binary, 4 bytes]
2023-04-12 16:26:45,168 - DEBUG - % received keepalive pong
2023-04-12 16:27:03,757 - DEBUG - % sending keepalive ping
2023-04-12 16:27:03,757 - DEBUG - > PING '\x13m\u04b1' [text, 4 bytes]
2023-04-12 16:27:03,767 - DEBUG - < PONG '\x13m\u04b1' [text, 4 bytes]
2023-04-12 16:27:03,768 - DEBUG - % received keepalive pong
2023-04-12 16:27:05,169 - DEBUG - % sending keepalive ping
2023-04-12 16:27:05,169 - DEBUG - > PING 74 08 a5 ab [binary, 4 bytes]
2023-04-12 16:27:05,178 - DEBUG - < PONG 74 08 a5 ab [binary, 4 bytes]
2023-04-12 16:27:05,179 - DEBUG - % received keepalive pong
2023-04-12 16:27:23,770 - DEBUG - % sending keepalive ping
2023-04-12 16:27:23,770 - DEBUG - > PING db 66 7c 85 [binary, 4 bytes]
2023-04-12 16:27:23,779 - DEBUG - < PONG db 66 7c 85 [binary, 4 bytes]
2023-04-12 16:27:23,785 - DEBUG - % received keepalive pong
2023-04-12 16:27:25,180 - DEBUG - % sending keepalive ping
2023-04-12 16:27:25,181 - DEBUG - > PING df 33 11 e1 [binary, 4 bytes]
2023-04-12 16:27:25,190 - DEBUG - < PONG df 33 11 e1 [binary, 4 bytes]
2023-04-12 16:27:25,191 - DEBUG - % received keepalive pong
2023-04-12 16:27:43,778 - DEBUG - % sending keepalive ping
2023-04-12 16:27:43,779 - DEBUG - > PING '@\x1e\x11C' [text, 4 bytes]
2023-04-12 16:27:43,795 - DEBUG - < PONG '@\x1e\x11C' [text, 4 bytes]
2023-04-12 16:27:43,800 - DEBUG - % received keepalive pong
2023-04-12 16:27:45,199 - DEBUG - % sending keepalive ping
2023-04-12 16:27:45,200 - DEBUG - > PING c6 bd 88 80 [binary, 4 bytes]
2023-04-12 16:27:45,225 - DEBUG - < PONG c6 bd 88 80 [binary, 4 bytes]
2023-04-12 16:27:45,226 - DEBUG - % received keepalive pong
2023-04-12 16:28:03,806 - DEBUG - % sending keepalive ping
2023-04-12 16:28:03,806 - DEBUG - > PING 72 15 3e ae [binary, 4 bytes]
2023-04-12 16:28:03,823 - DEBUG - < PONG 72 15 3e ae [binary, 4 bytes]
2023-04-12 16:28:03,824 - DEBUG - % received keepalive pong
2023-04-12 16:28:05,215 - DEBUG - % sending keepalive ping
2023-04-12 16:28:05,215 - DEBUG - > PING fc fb 56 a7 [binary, 4 bytes]
2023-04-12 16:28:05,231 - DEBUG - < PONG fc fb 56 a7 [binary, 4 bytes]
2023-04-12 16:28:05,234 - DEBUG - % received keepalive pong
2023-04-12 16:28:23,812 - DEBUG - % sending keepalive ping
2023-04-12 16:28:23,812 - DEBUG - > PING '[h\x05Z' [text, 4 bytes]
2023-04-12 16:28:23,827 - DEBUG - < PONG '[h\x05Z' [text, 4 bytes]
2023-04-12 16:28:23,829 - DEBUG - % received keepalive pong
2023-04-12 16:28:25,222 - DEBUG - % sending keepalive ping
2023-04-12 16:28:25,222 - DEBUG - > PING 0a df 63 a6 [binary, 4 bytes]
2023-04-12 16:28:25,307 - DEBUG - < PONG 0a df 63 a6 [binary, 4 bytes]
2023-04-12 16:28:25,313 - DEBUG - % received keepalive pong
2023-04-12 16:28:43,812 - DEBUG - % sending keepalive ping
2023-04-12 16:28:43,812 - DEBUG - > PING 79 ae db 3e [binary, 4 bytes]
2023-04-12 16:28:43,823 - DEBUG - < PONG 79 ae db 3e [binary, 4 bytes]
2023-04-12 16:28:43,827 - DEBUG - % received keepalive pong
2023-04-12 16:28:45,314 - DEBUG - % sending keepalive ping
2023-04-12 16:28:45,314 - DEBUG - > PING '}\u9b4c' [text, 4 bytes]
2023-04-12 16:28:45,513 - DEBUG - < PONG '}\u9b4c' [text, 4 bytes]
2023-04-12 16:28:45,515 - DEBUG - % received keepalive pong
2023-04-12 16:29:03,822 - DEBUG - % sending keepalive ping
2023-04-12 16:29:03,822 - DEBUG - > PING a2 a0 94 c6 [binary, 4 bytes]
2023-04-12 16:29:03,845 - DEBUG - < PONG a2 a0 94 c6 [binary, 4 bytes]
2023-04-12 16:29:03,849 - DEBUG - % received keepalive pong
2023-04-12 16:29:05,517 - DEBUG - % sending keepalive ping
2023-04-12 16:29:05,517 - DEBUG - > PING e8 0c d8 4b [binary, 4 bytes]
2023-04-12 16:29:05,527 - DEBUG - < PONG e8 0c d8 4b [binary, 4 bytes]
2023-04-12 16:29:05,528 - DEBUG - % received keepalive pong
2023-04-12 16:29:16,005 - DEBUG - = connection is CLOSING
2023-04-12 16:29:16,005 - DEBUG - > CLOSE 1000 (OK) [2 bytes]
2023-04-12 16:29:16,015 - DEBUG - < CLOSE 1000 (OK) [2 bytes]
2023-04-12 16:29:16,016 - DEBUG - = connection is CLOSED
2023-04-12 16:29:23,853 - DEBUG - % sending keepalive ping
2023-04-12 16:29:23,853 - DEBUG - > PING 80 ed ef 4e [binary, 4 bytes]
2023-04-12 16:29:23,862 - DEBUG - < PONG 80 ed ef 4e [binary, 4 bytes]
2023-04-12 16:29:23,867 - DEBUG - % received keepalive pong
2023-04-12 16:29:43,855 - DEBUG - % sending keepalive ping
2023-04-12 16:29:43,855 - DEBUG - > PING 'n;33' [text, 4 bytes]
2023-04-12 16:29:43,874 - DEBUG - < PONG 'n;33' [text, 4 bytes]
2023-04-12 16:29:43,878 - DEBUG - % received keepalive pong
2023-04-12 16:29:48,901 - DEBUG - = connection is CONNECTING
2023-04-12 16:29:48,942 - DEBUG - > GET /ocpp16/ELC100C-003/ELC100C-003-001 HTTP/1.1
2023-04-12 16:29:48,943 - DEBUG - > Host: ws.devevspcharger.uplus.co.kr
2023-04-12 16:29:48,944 - DEBUG - > Upgrade: websocket
2023-04-12 16:29:48,944 - DEBUG - > Connection: Upgrade
2023-04-12 16:29:48,944 - DEBUG - > Sec-WebSocket-Key: UYi/MRVbwDh0NLDvMKqsPw==
2023-04-12 16:29:48,944 - DEBUG - > Sec-WebSocket-Version: 13
2023-04-12 16:29:48,944 - DEBUG - > Sec-WebSocket-Extensions: permessage-deflate; client_max_window_bits
2023-04-12 16:29:48,944 - DEBUG - > Sec-WebSocket-Protocol: ocpp1.6
2023-04-12 16:29:48,945 - DEBUG - > Authorization: Basic RVZBUjpFVkFSTEdV
2023-04-12 16:29:48,945 - DEBUG - > User-Agent: Python/3.11 websockets/10.4
2023-04-12 16:29:50,418 - DEBUG - < HTTP/1.1 101 Switching Protocols
2023-04-12 16:29:50,418 - DEBUG - < Connection: upgrade
2023-04-12 16:29:50,418 - DEBUG - < Date: Wed, 12 Apr 2023 07:29:50 GMT
2023-04-12 16:29:50,419 - DEBUG - < sec-websocket-protocol: ocpp1.6
2023-04-12 16:29:50,419 - DEBUG - < upgrade: websocket
2023-04-12 16:29:50,419 - DEBUG - < sec-websocket-accept: f1DLENxwYhOAZ5RlwcTpwnrvt/8=
2023-04-12 16:29:50,419 - DEBUG - < sec-websocket-extensions: permessage-deflate
2023-04-12 16:29:50,420 - DEBUG - < X-Cache: Miss from cloudfront
2023-04-12 16:29:50,420 - DEBUG - < Via: 1.1 b44d57444172ed6851af596d1e886884.cloudfront.net (CloudFront)
2023-04-12 16:29:50,420 - DEBUG - < X-Amz-Cf-Pop: ICN54-C1
2023-04-12 16:29:50,421 - DEBUG - < X-Amz-Cf-Id: Pnyr3KUlPcHFI1uVr8BGEfzqKqyZImd2f30ZTrsozOmuedyopE1DWw==
2023-04-12 16:29:50,421 - DEBUG - = connection is OPEN
2023-04-12 16:29:50,461 - DEBUG - > TEXT '[2, "573ce3d8-1c25-4d6c-a49f-4148f6e17b87", "Bo...r": "ELC100C-003-001"}]' [175 bytes]
2023-04-12 16:29:50,936 - DEBUG - < TEXT '[3, "573ce3d8-1c25-4d6c-a49f-4148f6e17b87", {"s...50Z", "interval": 300}]' [123 bytes]
2023-04-12 16:29:55,007 - DEBUG - Starting new HTTPS connection (1): rgw.devevspcharger.uplus.co.kr:443
2023-04-12 16:29:55,449 - DEBUG - https://rgw.devevspcharger.uplus.co.kr:443 "POST /ioc HTTP/1.1" 200 148
2023-04-12 16:29:55,473 - DEBUG - < TEXT '[2, "40b761f5-1262-4997-8606-2629ed3226f9", "Ge...izeRemoteTxRequests"]}]' [103 bytes]
2023-04-12 16:29:55,479 - DEBUG - > TEXT '[3, "40b761f5-1262-4997-8606-2629ed3226f9", {"c...ue", "value": "300"}]}]' [141 bytes]
2023-04-12 16:29:55,642 - DEBUG - < TEXT '' [0 bytes]
2023-04-12 16:29:57,964 - DEBUG - Starting new HTTPS connection (1): rgw.devevspcharger.uplus.co.kr:443
2023-04-12 16:29:58,376 - DEBUG - https://rgw.devevspcharger.uplus.co.kr:443 "POST /ioc HTTP/1.1" 200 164
2023-04-12 16:29:58,404 - DEBUG - < TEXT '[2, "b6044afd-5abf-4f8e-98ba-b96d9fe044c4", "Ch...rval", "value": "300"}]' [119 bytes]
2023-04-12 16:29:58,417 - DEBUG - > TEXT '[3, "b6044afd-5abf-4f8e-98ba-b96d9fe044c4", {"status": "Accepted"}]' [67 bytes]
2023-04-12 16:29:58,572 - DEBUG - < TEXT '' [0 bytes]
2023-04-12 16:29:58,634 - DEBUG - > TEXT '[2, "573ce3d8-1c25-4d6c-a49f-4148f6e17b87", "St..."status": "Available"}]' [132 bytes]
2023-04-12 16:29:58,862 - DEBUG - < TEXT '[3, "573ce3d8-1c25-4d6c-a49f-4148f6e17b87", {}]' [47 bytes]
2023-04-12 16:30:03,871 - DEBUG - % sending keepalive ping
2023-04-12 16:30:03,871 - DEBUG - > PING ae 81 70 02 [binary, 4 bytes]
2023-04-12 16:30:03,901 - DEBUG - < PONG ae 81 70 02 [binary, 4 bytes]
2023-04-12 16:30:03,906 - DEBUG - % received keepalive pong
2023-04-12 16:30:09,312 - DEBUG - < TEXT '[2, "20230412163009127", "RemoteStartTransactio...": "1031040000069641"}]' [391 bytes]
2023-04-12 16:30:09,321 - DEBUG - > TEXT '[3, "20230412163009127", {"status": "Accepted"}]' [48 bytes]
2023-04-12 16:30:09,551 - DEBUG - < TEXT '' [0 bytes]
2023-04-12 16:30:09,611 - DEBUG - > TEXT '[2, "573ce3d8-1c25-4d6c-a49f-4148f6e17b87", "St..."status": "Preparing"}]' [132 bytes]
2023-04-12 16:30:09,917 - DEBUG - < TEXT '[3, "573ce3d8-1c25-4d6c-a49f-4148f6e17b87", {}]' [47 bytes]
2023-04-12 16:30:09,959 - DEBUG - > TEXT '[2, "3557eab7-4d74-4d90-befb-1ac6b095ab14", "St...2023-04-12T16:29:48Z"}]' [170 bytes]
2023-04-12 16:30:10,320 - DEBUG - < TEXT '[3, "3557eab7-4d74-4d90-befb-1ac6b095ab14", {"t..."status": "Accepted"}}]' [110 bytes]
2023-04-12 16:30:10,383 - DEBUG - > TEXT '[2, "573ce3d8-1c25-4d6c-a49f-4148f6e17b87", "St... "status": "Charging"}]' [131 bytes]
2023-04-12 16:30:10,435 - DEBUG - % sending keepalive ping
2023-04-12 16:30:10,435 - DEBUG - > PING bb 34 75 81 [binary, 4 bytes]
2023-04-12 16:30:10,453 - DEBUG - < PONG bb 34 75 81 [binary, 4 bytes]
2023-04-12 16:30:10,461 - DEBUG - % received keepalive pong
2023-04-12 16:30:10,590 - DEBUG - < TEXT '[3, "573ce3d8-1c25-4d6c-a49f-4148f6e17b87", {}]' [47 bytes]
2023-04-12 16:30:23,903 - DEBUG - % sending keepalive ping
2023-04-12 16:30:23,903 - DEBUG - > PING 82 7f dc 63 [binary, 4 bytes]
2023-04-12 16:30:23,913 - DEBUG - < PONG 82 7f dc 63 [binary, 4 bytes]
2023-04-12 16:30:23,920 - DEBUG - % received keepalive pong
2023-04-12 16:30:30,449 - DEBUG - % sending keepalive ping
2023-04-12 16:30:30,449 - DEBUG - > PING 4a 8b aa 92 [binary, 4 bytes]
2023-04-12 16:30:30,458 - DEBUG - < PONG 4a 8b aa 92 [binary, 4 bytes]
2023-04-12 16:30:30,463 - DEBUG - % received keepalive pong
2023-04-12 16:30:43,924 - DEBUG - % sending keepalive ping
2023-04-12 16:30:43,925 - DEBUG - > PING 6f cb ca 87 [binary, 4 bytes]
2023-04-12 16:30:43,947 - DEBUG - < PONG 6f cb ca 87 [binary, 4 bytes]
2023-04-12 16:30:43,958 - DEBUG - % received keepalive pong
2023-04-12 16:30:50,440 - DEBUG - % sending keepalive ping
2023-04-12 16:30:50,441 - DEBUG - > PING 1d cb cf 28 [binary, 4 bytes]
2023-04-12 16:30:50,453 - DEBUG - < PONG 1d cb cf 28 [binary, 4 bytes]
2023-04-12 16:30:50,458 - DEBUG - % received keepalive pong
2023-04-12 16:31:03,947 - DEBUG - % sending keepalive ping
2023-04-12 16:31:03,948 - DEBUG - > PING e5 de 8f 3a [binary, 4 bytes]
2023-04-12 16:31:03,967 - DEBUG - < PONG e5 de 8f 3a [binary, 4 bytes]
2023-04-12 16:31:03,971 - DEBUG - % received keepalive pong
2023-04-12 16:31:07,706 - DEBUG - = connection is CLOSING
2023-04-12 16:31:07,706 - DEBUG - > CLOSE 1000 (OK) [2 bytes]
2023-04-12 16:31:07,713 - DEBUG - < CLOSE 1000 (OK) [2 bytes]
2023-04-12 16:31:07,717 - DEBUG - = connection is CLOSED
2023-04-12 16:31:10,463 - DEBUG - % sending keepalive ping
2023-04-12 16:31:10,463 - DEBUG - > PING '\x1a(\x02\x19' [text, 4 bytes]
2023-04-12 16:31:10,477 - DEBUG - < PONG '\x1a(\x02\x19' [text, 4 bytes]
2023-04-12 16:31:10,481 - DEBUG - % received keepalive pong
2023-04-12 16:31:30,471 - DEBUG - % sending keepalive ping
2023-04-12 16:31:30,471 - DEBUG - > PING 48 d9 c8 cf [binary, 4 bytes]
2023-04-12 16:31:30,487 - DEBUG - < PONG 48 d9 c8 cf [binary, 4 bytes]
2023-04-12 16:31:30,489 - DEBUG - % received keepalive pong
2023-04-12 16:31:50,475 - DEBUG - % sending keepalive ping
2023-04-12 16:31:50,475 - DEBUG - > PING 36 f8 25 c3 [binary, 4 bytes]
2023-04-12 16:31:50,484 - DEBUG - < PONG 36 f8 25 c3 [binary, 4 bytes]
2023-04-12 16:31:50,487 - DEBUG - % received keepalive pong
2023-04-12 16:32:10,473 - DEBUG - % sending keepalive ping
2023-04-12 16:32:10,474 - DEBUG - > PING ec 46 2f 46 [binary, 4 bytes]
2023-04-12 16:32:10,489 - DEBUG - < PONG ec 46 2f 46 [binary, 4 bytes]
2023-04-12 16:32:10,494 - DEBUG - % received keepalive pong
2023-04-12 16:32:30,478 - DEBUG - % sending keepalive ping
2023-04-12 16:32:30,478 - DEBUG - > PING b5 8d 12 42 [binary, 4 bytes]
2023-04-12 16:32:30,492 - DEBUG - < PONG b5 8d 12 42 [binary, 4 bytes]
2023-04-12 16:32:30,495 - DEBUG - % received keepalive pong
2023-04-12 16:32:50,471 - DEBUG - % sending keepalive ping
2023-04-12 16:32:50,471 - DEBUG - > PING e7 a4 87 c7 [binary, 4 bytes]
2023-04-12 16:32:50,480 - DEBUG - < PONG e7 a4 87 c7 [binary, 4 bytes]
2023-04-12 16:32:50,485 - DEBUG - % received keepalive pong
2023-04-12 16:33:10,480 - DEBUG - % sending keepalive ping
2023-04-12 16:33:10,481 - DEBUG - > PING 9a b7 e8 90 [binary, 4 bytes]
2023-04-12 16:33:10,501 - DEBUG - < PONG 9a b7 e8 90 [binary, 4 bytes]
2023-04-12 16:33:10,513 - DEBUG - % received keepalive pong
2023-04-12 16:33:30,519 - DEBUG - % sending keepalive ping
2023-04-12 16:33:30,519 - DEBUG - > PING b1 db c7 70 [binary, 4 bytes]
2023-04-12 16:33:30,528 - DEBUG - < PONG b1 db c7 70 [binary, 4 bytes]
2023-04-12 16:33:30,535 - DEBUG - % received keepalive pong
2023-04-12 16:33:50,518 - DEBUG - % sending keepalive ping
2023-04-12 16:33:50,518 - DEBUG - > PING f4 02 63 a6 [binary, 4 bytes]
2023-04-12 16:33:50,527 - DEBUG - < PONG f4 02 63 a6 [binary, 4 bytes]
2023-04-12 16:33:50,536 - DEBUG - % received keepalive pong
2023-04-12 16:34:21,382 - DEBUG - = connection is CONNECTING
2023-04-12 16:34:21,429 - DEBUG - > GET /ocpp16/ELC100C-003/ELC100C-003-001 HTTP/1.1
2023-04-12 16:34:21,430 - DEBUG - > Host: ws.devevspcharger.uplus.co.kr
2023-04-12 16:34:21,430 - DEBUG - > Upgrade: websocket
2023-04-12 16:34:21,430 - DEBUG - > Connection: Upgrade
2023-04-12 16:34:21,430 - DEBUG - > Sec-WebSocket-Key: ly/g+jws0eGjphdrDVktaw==
2023-04-12 16:34:21,430 - DEBUG - > Sec-WebSocket-Version: 13
2023-04-12 16:34:21,431 - DEBUG - > Sec-WebSocket-Extensions: permessage-deflate; client_max_window_bits
2023-04-12 16:34:21,431 - DEBUG - > Sec-WebSocket-Protocol: ocpp1.6
2023-04-12 16:34:21,431 - DEBUG - > Authorization: Basic RVZBUjpFVkFSTEdV
2023-04-12 16:34:21,431 - DEBUG - > User-Agent: Python/3.11 websockets/10.4
2023-04-12 16:34:21,980 - DEBUG - < HTTP/1.1 101 Switching Protocols
2023-04-12 16:34:21,980 - DEBUG - < Connection: upgrade
2023-04-12 16:34:21,980 - DEBUG - < Date: Wed, 12 Apr 2023 07:34:22 GMT
2023-04-12 16:34:21,980 - DEBUG - < sec-websocket-protocol: ocpp1.6
2023-04-12 16:34:21,981 - DEBUG - < upgrade: websocket
2023-04-12 16:34:21,981 - DEBUG - < sec-websocket-accept: L41HjfRsb6isJ2BFRnKy03yaGtc=
2023-04-12 16:34:21,981 - DEBUG - < sec-websocket-extensions: permessage-deflate
2023-04-12 16:34:21,981 - DEBUG - < X-Cache: Miss from cloudfront
2023-04-12 16:34:21,981 - DEBUG - < Via: 1.1 623f9f4dd2fef338f4704e13bada95c8.cloudfront.net (CloudFront)
2023-04-12 16:34:21,981 - DEBUG - < X-Amz-Cf-Pop: ICN57-P2
2023-04-12 16:34:21,981 - DEBUG - < X-Amz-Cf-Id: 2RiT9ghwJbOgyPvXInta-ZKjf9KA8oJ3aIsKPh9MDCDaowmS1L3WBA==
2023-04-12 16:34:21,982 - DEBUG - = connection is OPEN
2023-04-12 16:34:22,016 - DEBUG - > TEXT '[2, "f99e4325-12c6-438b-96f6-595bca6e6d0d", "Bo...r": "ELC100C-003-001"}]' [175 bytes]
2023-04-12 16:34:23,142 - DEBUG - < TEXT '[3, "f99e4325-12c6-438b-96f6-595bca6e6d0d", {"s...22Z", "interval": 300}]' [123 bytes]
2023-04-12 16:34:25,502 - DEBUG - Starting new HTTPS connection (1): rgw.devevspcharger.uplus.co.kr:443
2023-04-12 16:34:25,901 - DEBUG - https://rgw.devevspcharger.uplus.co.kr:443 "POST /ioc HTTP/1.1" 200 148
2023-04-12 16:34:25,919 - DEBUG - < TEXT '[2, "8b420256-58e5-41d2-90db-7596a386b425", "Ge...izeRemoteTxRequests"]}]' [103 bytes]
2023-04-12 16:34:25,924 - DEBUG - > TEXT '[3, "8b420256-58e5-41d2-90db-7596a386b425", {"c...ue", "value": "300"}]}]' [141 bytes]
2023-04-12 16:34:26,100 - DEBUG - < TEXT '' [0 bytes]
2023-04-12 16:34:28,018 - DEBUG - Starting new HTTPS connection (1): rgw.devevspcharger.uplus.co.kr:443
2023-04-12 16:34:28,425 - DEBUG - https://rgw.devevspcharger.uplus.co.kr:443 "POST /ioc HTTP/1.1" 200 164
2023-04-12 16:34:28,443 - DEBUG - < TEXT '[2, "614ee5d1-86cb-4f3d-b928-932dfc995ae3", "Ch...rval", "value": "300"}]' [119 bytes]
2023-04-12 16:34:28,447 - DEBUG - > TEXT '[3, "614ee5d1-86cb-4f3d-b928-932dfc995ae3", {"status": "Accepted"}]' [67 bytes]
2023-04-12 16:34:28,619 - DEBUG - < TEXT '' [0 bytes]
2023-04-12 16:34:28,663 - DEBUG - > TEXT '[2, "f99e4325-12c6-438b-96f6-595bca6e6d0d", "St..."status": "Available"}]' [132 bytes]
2023-04-12 16:34:28,896 - DEBUG - < TEXT '[3, "f99e4325-12c6-438b-96f6-595bca6e6d0d", {}]' [47 bytes]
2023-04-12 16:34:41,977 - DEBUG - % sending keepalive ping
2023-04-12 16:34:41,978 - DEBUG - > PING 70 89 17 f7 [binary, 4 bytes]
2023-04-12 16:34:41,997 - DEBUG - < PONG 70 89 17 f7 [binary, 4 bytes]
2023-04-12 16:34:42,000 - DEBUG - % received keepalive pong
2023-04-12 16:34:47,397 - DEBUG - < TEXT '[2, "20230412163447205", "RemoteStartTransactio...": "1031040000069641"}]' [391 bytes]
2023-04-12 16:34:47,404 - DEBUG - > TEXT '[3, "20230412163447205", {"status": "Accepted"}]' [48 bytes]
2023-04-12 16:34:47,577 - DEBUG - < TEXT '' [0 bytes]
2023-04-12 16:34:47,626 - DEBUG - > TEXT '[2, "f99e4325-12c6-438b-96f6-595bca6e6d0d", "St..."status": "Preparing"}]' [132 bytes]
2023-04-12 16:34:47,859 - DEBUG - < TEXT '[3, "f99e4325-12c6-438b-96f6-595bca6e6d0d", {}]' [47 bytes]
2023-04-12 16:34:47,913 - DEBUG - = connection is CLOSING
2023-04-12 16:34:47,913 - DEBUG - > CLOSE 1000 (OK) [2 bytes]
2023-04-12 16:34:47,923 - DEBUG - < CLOSE 1000 (OK) [2 bytes]
2023-04-12 16:34:47,928 - DEBUG - = connection is CLOSED
2023-04-12 16:35:22,403 - DEBUG - = connection is CONNECTING
2023-04-12 16:35:22,464 - DEBUG - > GET /ocpp16/ELC100C-003/ELC100C-003-001 HTTP/1.1
2023-04-12 16:35:22,464 - DEBUG - > Host: ws.devevspcharger.uplus.co.kr
2023-04-12 16:35:22,465 - DEBUG - > Upgrade: websocket
2023-04-12 16:35:22,465 - DEBUG - > Connection: Upgrade
2023-04-12 16:35:22,465 - DEBUG - > Sec-WebSocket-Key: mXHwhQgqo4LX4f5o9WyjBQ==
2023-04-12 16:35:22,465 - DEBUG - > Sec-WebSocket-Version: 13
2023-04-12 16:35:22,465 - DEBUG - > Sec-WebSocket-Extensions: permessage-deflate; client_max_window_bits
2023-04-12 16:35:22,465 - DEBUG - > Sec-WebSocket-Protocol: ocpp1.6
2023-04-12 16:35:22,465 - DEBUG - > Authorization: Basic RVZBUjpFVkFSTEdV
2023-04-12 16:35:22,466 - DEBUG - > User-Agent: Python/3.11 websockets/10.4
2023-04-12 16:35:22,906 - DEBUG - < HTTP/1.1 101 Switching Protocols
2023-04-12 16:35:22,906 - DEBUG - < Connection: upgrade
2023-04-12 16:35:22,906 - DEBUG - < Date: Wed, 12 Apr 2023 07:35:23 GMT
2023-04-12 16:35:22,906 - DEBUG - < sec-websocket-protocol: ocpp1.6
2023-04-12 16:35:22,906 - DEBUG - < upgrade: websocket
2023-04-12 16:35:22,907 - DEBUG - < sec-websocket-accept: aCnZ8ccfRc4S+IIlPDfjWo2GBhI=
2023-04-12 16:35:22,907 - DEBUG - < sec-websocket-extensions: permessage-deflate
2023-04-12 16:35:22,907 - DEBUG - < X-Cache: Miss from cloudfront
2023-04-12 16:35:22,907 - DEBUG - < Via: 1.1 55a59d7976b41c233ff2e682cdd3901e.cloudfront.net (CloudFront)
2023-04-12 16:35:22,907 - DEBUG - < X-Amz-Cf-Pop: ICN57-P2
2023-04-12 16:35:22,907 - DEBUG - < X-Amz-Cf-Id: pGQUhLeF3R8kR6LD4Y2ggvACTdNU-jXLhzPO8j6itaPz3jYf_9pwQg==
2023-04-12 16:35:22,908 - DEBUG - = connection is OPEN
2023-04-12 16:35:22,933 - DEBUG - > TEXT '[2, "ef4f6ff4-07d7-4479-af1a-1e82f7033c86", "Bo...r": "ELC100C-003-001"}]' [175 bytes]
2023-04-12 16:35:23,220 - DEBUG - < TEXT '[3, "ef4f6ff4-07d7-4479-af1a-1e82f7033c86", {"s...23Z", "interval": 300}]' [123 bytes]
2023-04-12 16:35:24,994 - DEBUG - Starting new HTTPS connection (1): rgw.devevspcharger.uplus.co.kr:443
2023-04-12 16:35:25,398 - DEBUG - https://rgw.devevspcharger.uplus.co.kr:443 "POST /ioc HTTP/1.1" 200 148
2023-04-12 16:35:25,414 - DEBUG - < TEXT '[2, "871fa580-90aa-407d-9366-334996685fb2", "Ge...izeRemoteTxRequests"]}]' [103 bytes]
2023-04-12 16:35:25,418 - DEBUG - > TEXT '[3, "871fa580-90aa-407d-9366-334996685fb2", {"c...ue", "value": "300"}]}]' [141 bytes]
2023-04-12 16:35:25,575 - DEBUG - < TEXT '' [0 bytes]
2023-04-12 16:35:27,198 - DEBUG - Starting new HTTPS connection (1): rgw.devevspcharger.uplus.co.kr:443
2023-04-12 16:35:27,607 - DEBUG - https://rgw.devevspcharger.uplus.co.kr:443 "POST /ioc HTTP/1.1" 200 164
2023-04-12 16:35:27,624 - DEBUG - < TEXT '[2, "1e547788-5221-4217-af32-1b933450d2d2", "Ch...rval", "value": "300"}]' [119 bytes]
2023-04-12 16:35:27,631 - DEBUG - > TEXT '[3, "1e547788-5221-4217-af32-1b933450d2d2", {"status": "Accepted"}]' [67 bytes]
2023-04-12 16:35:27,803 - DEBUG - < TEXT '' [0 bytes]
2023-04-12 16:35:27,845 - DEBUG - > TEXT '[2, "ef4f6ff4-07d7-4479-af1a-1e82f7033c86", "St..."status": "Available"}]' [132 bytes]
2023-04-12 16:35:28,079 - DEBUG - < TEXT '[3, "ef4f6ff4-07d7-4479-af1a-1e82f7033c86", {}]' [47 bytes]
2023-04-12 16:35:42,893 - DEBUG - % sending keepalive ping
2023-04-12 16:35:42,893 - DEBUG - > PING ea 67 49 a7 [binary, 4 bytes]
2023-04-12 16:35:42,906 - DEBUG - < PONG ea 67 49 a7 [binary, 4 bytes]
2023-04-12 16:35:42,910 - DEBUG - % received keepalive pong
2023-04-12 16:36:02,911 - DEBUG - % sending keepalive ping
2023-04-12 16:36:02,911 - DEBUG - > PING '3xI<' [text, 4 bytes]
2023-04-12 16:36:02,925 - DEBUG - < PONG '3xI<' [text, 4 bytes]
2023-04-12 16:36:02,927 - DEBUG - % received keepalive pong
2023-04-12 16:36:05,505 - DEBUG - < TEXT '[2, "20230412163605321", "RemoteStartTransactio...": "1031040000069641"}]' [391 bytes]
2023-04-12 16:36:05,514 - DEBUG - > TEXT '[3, "20230412163605321", {"status": "Accepted"}]' [48 bytes]
2023-04-12 16:36:05,696 - DEBUG - < TEXT '' [0 bytes]
2023-04-12 16:36:05,751 - DEBUG - > TEXT '[2, "ef4f6ff4-07d7-4479-af1a-1e82f7033c86", "St..."status": "Preparing"}]' [132 bytes]
2023-04-12 16:36:05,956 - DEBUG - < TEXT '[3, "ef4f6ff4-07d7-4479-af1a-1e82f7033c86", {}]' [47 bytes]
2023-04-12 16:36:05,999 - DEBUG - > TEXT '[2, "81ffe0f6-c3b8-40ca-a3eb-42ef2f0adb89", "St...2023-04-12T16:35:22Z"}]' [170 bytes]
2023-04-12 16:36:06,352 - DEBUG - < TEXT '[3, "81ffe0f6-c3b8-40ca-a3eb-42ef2f0adb89", {"t..."status": "Accepted"}}]' [110 bytes]
2023-04-12 16:36:06,414 - DEBUG - > TEXT '[2, "ef4f6ff4-07d7-4479-af1a-1e82f7033c86", "St... "status": "Charging"}]' [131 bytes]
2023-04-12 16:36:06,606 - DEBUG - < TEXT '[3, "ef4f6ff4-07d7-4479-af1a-1e82f7033c86", {}]' [47 bytes]
2023-04-12 16:36:22,924 - DEBUG - % sending keepalive ping
2023-04-12 16:36:22,924 - DEBUG - > PING 53 a4 ca 16 [binary, 4 bytes]
2023-04-12 16:36:22,960 - DEBUG - < PONG 53 a4 ca 16 [binary, 4 bytes]
2023-04-12 16:36:22,964 - DEBUG - % received keepalive pong
2023-04-12 16:36:25,792 - DEBUG - < TEXT '[2, "f6-c3b8-40ca-a3eb-42ef2f0adb89", "RemoteSt...sactionId": 120533813}]' [92 bytes]
2023-04-12 16:36:25,797 - DEBUG - > TEXT '[3, "f6-c3b8-40ca-a3eb-42ef2f0adb89", {"status": "Accepted"}]' [61 bytes]
2023-04-12 16:36:25,963 - DEBUG - < TEXT '' [0 bytes]
2023-04-12 16:36:26,002 - DEBUG - > TEXT '[2, "7057ad35-5322-497a-b245-52a4c58efa41", "St...sactionId": 120533813}]' [149 bytes]
2023-04-12 16:36:26,346 - DEBUG - < TEXT '[3, "7057ad35-5322-497a-b245-52a4c58efa41", {"i..."status": "Accepted"}}]' [82 bytes]
2023-04-12 16:36:26,392 - DEBUG - > TEXT '[2, "ef4f6ff4-07d7-4479-af1a-1e82f7033c86", "St..."status": "Finishing"}]' [132 bytes]
2023-04-12 16:36:26,660 - DEBUG - < TEXT '[3, "ef4f6ff4-07d7-4479-af1a-1e82f7033c86", {}]' [47 bytes]
2023-04-12 16:36:26,696 - DEBUG - > TEXT '[2, "ef4f6ff4-07d7-4479-af1a-1e82f7033c86", "St..."status": "Available"}]' [132 bytes]
2023-04-12 16:36:26,912 - DEBUG - < TEXT '[3, "ef4f6ff4-07d7-4479-af1a-1e82f7033c86", {}]' [47 bytes]
2023-04-12 16:36:26,941 - DEBUG - = connection is CLOSING
2023-04-12 16:36:26,941 - DEBUG - > CLOSE 1000 (OK) [2 bytes]
2023-04-12 16:36:26,951 - DEBUG - < CLOSE 1000 (OK) [2 bytes]
2023-04-12 16:36:26,955 - DEBUG - = connection is CLOSED
2023-04-12 16:56:37,681 - DEBUG - = connection is CONNECTING
2023-04-12 16:56:37,725 - DEBUG - > GET /ocpp16/ELC100C-003/ELC100C-003-001 HTTP/1.1
2023-04-12 16:56:37,726 - DEBUG - > Host: ws.devevspcharger.uplus.co.kr
2023-04-12 16:56:37,726 - DEBUG - > Upgrade: websocket
2023-04-12 16:56:37,726 - DEBUG - > Connection: Upgrade
2023-04-12 16:56:37,726 - DEBUG - > Sec-WebSocket-Key: 1IxojC/9YXj01BC1hsvkOQ==
2023-04-12 16:56:37,727 - DEBUG - > Sec-WebSocket-Version: 13
2023-04-12 16:56:37,730 - DEBUG - > Sec-WebSocket-Extensions: permessage-deflate; client_max_window_bits
2023-04-12 16:56:37,731 - DEBUG - > Sec-WebSocket-Protocol: ocpp1.6
2023-04-12 16:56:37,731 - DEBUG - > Authorization: Basic RVZBUjpFVkFSTEdV
2023-04-12 16:56:37,731 - DEBUG - > User-Agent: Python/3.11 websockets/10.4
2023-04-12 16:56:39,112 - DEBUG - < HTTP/1.1 101 Switching Protocols
2023-04-12 16:56:39,112 - DEBUG - < Connection: upgrade
2023-04-12 16:56:39,112 - DEBUG - < Date: Wed, 12 Apr 2023 07:56:39 GMT
2023-04-12 16:56:39,113 - DEBUG - < sec-websocket-protocol: ocpp1.6
2023-04-12 16:56:39,113 - DEBUG - < upgrade: websocket
2023-04-12 16:56:39,113 - DEBUG - < sec-websocket-accept: uJ4n3uo0I+iLivLHF76uAD1TKL8=
2023-04-12 16:56:39,113 - DEBUG - < sec-websocket-extensions: permessage-deflate
2023-04-12 16:56:39,113 - DEBUG - < X-Cache: Miss from cloudfront
2023-04-12 16:56:39,113 - DEBUG - < Via: 1.1 3ced0108f56d0634c19ad34e6b299e80.cloudfront.net (CloudFront)
2023-04-12 16:56:39,113 - DEBUG - < X-Amz-Cf-Pop: ICN57-P2
2023-04-12 16:56:39,113 - DEBUG - < X-Amz-Cf-Id: G8Vjgp7remUezlTZaF5jNjYmk1pX-XR5TpXzx-IwYIuOljOOEULoAA==
2023-04-12 16:56:39,113 - DEBUG - = connection is OPEN
2023-04-12 16:56:39,143 - DEBUG - > TEXT '[2, "49386a96-2ca0-49e1-acbf-3b509441c817", "Bo...r": "ELC100C-003-001"}]' [175 bytes]
2023-04-12 16:56:39,606 - DEBUG - < TEXT '[3, "49386a96-2ca0-49e1-acbf-3b509441c817", {"s...39Z", "interval": 300}]' [123 bytes]
2023-04-12 16:56:39,646 - DEBUG - > TEXT '[2, "49386a96-2ca0-49e1-acbf-3b509441c817", "St..."status": "Available"}]' [132 bytes]
2023-04-12 16:56:39,944 - DEBUG - < TEXT '[3, "49386a96-2ca0-49e1-acbf-3b509441c817", {}]' [47 bytes]
2023-04-12 16:56:39,970 - DEBUG - > TEXT '[2, "49386a96-2ca0-49e1-acbf-3b509441c817", "Au...": "1031040000069641"}]' [87 bytes]
2023-04-12 16:56:40,306 - DEBUG - < TEXT '[3, "49386a96-2ca0-49e1-acbf-3b509441c817", {"i..."status": "Accepted"}}]' [82 bytes]
2023-04-12 16:56:40,337 - DEBUG - > TEXT '[2, "d440c053-5a96-4c58-8102-b04f7a003bb0", "St...2023-04-12T16:56:37Z"}]' [170 bytes]
2023-04-12 16:56:40,704 - DEBUG - < TEXT '[3, "d440c053-5a96-4c58-8102-b04f7a003bb0", {"t..."status": "Accepted"}}]' [110 bytes]
2023-04-12 16:56:40,740 - DEBUG - > TEXT '[2, "49386a96-2ca0-49e1-acbf-3b509441c817", "St... "status": "Charging"}]' [131 bytes]
2023-04-12 16:56:40,949 - DEBUG - < TEXT '[3, "49386a96-2ca0-49e1-acbf-3b509441c817", {}]' [47 bytes]
2023-04-12 16:56:41,001 - DEBUG - > TEXT '[2, "6b5fca17-852d-4256-bc65-3512ad61afaa", "Me...er", "unit": "Wh"}]}]}]' [259 bytes]
2023-04-12 16:56:41,204 - DEBUG - < TEXT '[4, "6b5fca17-852d-4256-bc65-3512ad61afaa", {"e...the requested Action"}]' [187 bytes]
2023-04-12 16:56:41,235 - DEBUG - = connection is CLOSING
2023-04-12 16:56:41,235 - DEBUG - > CLOSE 1000 (OK) [2 bytes]
2023-04-12 16:56:41,258 - DEBUG - < CLOSE 1000 (OK) [2 bytes]
2023-04-12 16:56:41,263 - DEBUG - = connection is CLOSED
2023-04-12 16:57:48,662 - DEBUG - = connection is CONNECTING
2023-04-12 16:57:48,712 - DEBUG - > GET /ocpp16/ELC100C-003/ELC100C-003-001 HTTP/1.1
2023-04-12 16:57:48,714 - DEBUG - > Host: ws.devevspcharger.uplus.co.kr
2023-04-12 16:57:48,714 - DEBUG - > Upgrade: websocket
2023-04-12 16:57:48,714 - DEBUG - > Connection: Upgrade
2023-04-12 16:57:48,715 - DEBUG - > Sec-WebSocket-Key: GXb1Ij4DXneURUH+kKt1Pg==
2023-04-12 16:57:48,715 - DEBUG - > Sec-WebSocket-Version: 13
2023-04-12 16:57:48,715 - DEBUG - > Sec-WebSocket-Extensions: permessage-deflate; client_max_window_bits
2023-04-12 16:57:48,715 - DEBUG - > Sec-WebSocket-Protocol: ocpp1.6
2023-04-12 16:57:48,715 - DEBUG - > Authorization: Basic RVZBUjpFVkFSTEdV
2023-04-12 16:57:48,715 - DEBUG - > User-Agent: Python/3.11 websockets/10.4
2023-04-12 16:57:50,046 - DEBUG - < HTTP/1.1 101 Switching Protocols
2023-04-12 16:57:50,047 - DEBUG - < Connection: upgrade
2023-04-12 16:57:50,047 - DEBUG - < Date: Wed, 12 Apr 2023 07:57:50 GMT
2023-04-12 16:57:50,047 - DEBUG - < sec-websocket-protocol: ocpp1.6
2023-04-12 16:57:50,047 - DEBUG - < upgrade: websocket
2023-04-12 16:57:50,047 - DEBUG - < sec-websocket-accept: DMQ9cUfkIcxiCQtb4aCNZQNd6Ao=
2023-04-12 16:57:50,047 - DEBUG - < sec-websocket-extensions: permessage-deflate
2023-04-12 16:57:50,047 - DEBUG - < X-Cache: Miss from cloudfront
2023-04-12 16:57:50,048 - DEBUG - < Via: 1.1 5b6f80c06c5584561e15bd2fd58882ee.cloudfront.net (CloudFront)
2023-04-12 16:57:50,049 - DEBUG - < X-Amz-Cf-Pop: ICN57-P2
2023-04-12 16:57:50,051 - DEBUG - < X-Amz-Cf-Id: 3I7YBIhl_EkkOPAfjF7HM37SbqmNfmtVFadvxsS2ulSYpZjOGYtZmg==
2023-04-12 16:57:50,051 - DEBUG - = connection is OPEN
2023-04-12 16:57:50,087 - DEBUG - > TEXT '[2, "e073aca1-8323-411a-bd45-87f9bfd840a6", "Bo...r": "ELC100C-003-001"}]' [175 bytes]
2023-04-12 16:57:50,376 - DEBUG - < TEXT '[3, "e073aca1-8323-411a-bd45-87f9bfd840a6", {"s...50Z", "interval": 300}]' [123 bytes]
2023-04-12 16:57:50,422 - DEBUG - > TEXT '[2, "e073aca1-8323-411a-bd45-87f9bfd840a6", "St..."status": "Available"}]' [132 bytes]
2023-04-12 16:57:50,751 - DEBUG - < TEXT '[3, "e073aca1-8323-411a-bd45-87f9bfd840a6", {}]' [47 bytes]
2023-04-12 16:57:50,795 - DEBUG - > TEXT '[2, "e073aca1-8323-411a-bd45-87f9bfd840a6", "Au...": "1031040000069641"}]' [87 bytes]
2023-04-12 16:57:50,983 - DEBUG - < TEXT '[3, "e073aca1-8323-411a-bd45-87f9bfd840a6", {"i..."status": "Accepted"}}]' [82 bytes]
2023-04-12 16:57:51,024 - DEBUG - > TEXT '[2, "78f6bb90-ccac-4071-9020-38731a589817", "St...2023-04-12T16:57:48Z"}]' [170 bytes]
2023-04-12 16:57:51,344 - DEBUG - < TEXT '[3, "78f6bb90-ccac-4071-9020-38731a589817", {"t..."status": "Accepted"}}]' [110 bytes]
2023-04-12 16:57:51,403 - DEBUG - > TEXT '[2, "e073aca1-8323-411a-bd45-87f9bfd840a6", "St... "status": "Charging"}]' [131 bytes]
2023-04-12 16:57:51,604 - DEBUG - < TEXT '[3, "e073aca1-8323-411a-bd45-87f9bfd840a6", {}]' [47 bytes]
2023-04-12 16:57:51,664 - DEBUG - > TEXT '[2, "cf251868-5718-495a-8775-1125c5a13b2c", "Me...er", "unit": "Wh"}]}]}]' [259 bytes]
2023-04-12 16:57:51,925 - DEBUG - < TEXT '[3, "cf251868-5718-495a-8775-1125c5a13b2c", {}]' [47 bytes]
2023-04-12 16:57:52,027 - DEBUG - > TEXT '[2, "53f27af2-3525-4abe-acef-21f09199e5d4", "St...sactionId": 120533814}]' [149 bytes]
2023-04-12 16:57:52,335 - DEBUG - < TEXT '[3, "53f27af2-3525-4abe-acef-21f09199e5d4", {"i..."status": "Accepted"}}]' [82 bytes]
2023-04-12 16:57:52,396 - DEBUG - > TEXT '[2, "e073aca1-8323-411a-bd45-87f9bfd840a6", "St..."status": "Finishing"}]' [132 bytes]
2023-04-12 16:57:52,586 - DEBUG - < TEXT '[3, "e073aca1-8323-411a-bd45-87f9bfd840a6", {}]' [47 bytes]
2023-04-12 16:57:52,659 - DEBUG - > TEXT '[2, "e073aca1-8323-411a-bd45-87f9bfd840a6", "St..."status": "Available"}]' [132 bytes]
2023-04-12 16:57:52,876 - DEBUG - < TEXT '[3, "e073aca1-8323-411a-bd45-87f9bfd840a6", {}]' [47 bytes]
2023-04-12 16:57:52,901 - DEBUG - = connection is CLOSING
2023-04-12 16:57:52,901 - DEBUG - > CLOSE 1000 (OK) [2 bytes]
2023-04-12 16:57:52,910 - DEBUG - < CLOSE 1000 (OK) [2 bytes]
2023-04-12 16:57:52,914 - DEBUG - = connection is CLOSED
2023-04-12 17:00:29,394 - DEBUG - = connection is CONNECTING
2023-04-12 17:00:29,432 - DEBUG - > GET /ocpp16/ELC100C-003/ELC100C-003-001 HTTP/1.1
2023-04-12 17:00:29,433 - DEBUG - > Host: ws.devevspcharger.uplus.co.kr
2023-04-12 17:00:29,434 - DEBUG - > Upgrade: websocket
2023-04-12 17:00:29,434 - DEBUG - > Connection: Upgrade
2023-04-12 17:00:29,434 - DEBUG - > Sec-WebSocket-Key: 7zZcMIu+H6+KxY3JYpXyiQ==
2023-04-12 17:00:29,434 - DEBUG - > Sec-WebSocket-Version: 13
2023-04-12 17:00:29,434 - DEBUG - > Sec-WebSocket-Extensions: permessage-deflate; client_max_window_bits
2023-04-12 17:00:29,434 - DEBUG - > Sec-WebSocket-Protocol: ocpp1.6
2023-04-12 17:00:29,434 - DEBUG - > Authorization: Basic RVZBUjpFVkFSTEdV
2023-04-12 17:00:29,434 - DEBUG - > User-Agent: Python/3.11 websockets/10.4
2023-04-12 17:00:30,052 - DEBUG - < HTTP/1.1 101 Switching Protocols
2023-04-12 17:00:30,052 - DEBUG - < Connection: upgrade
2023-04-12 17:00:30,053 - DEBUG - < Date: Wed, 12 Apr 2023 08:00:30 GMT
2023-04-12 17:00:30,053 - DEBUG - < sec-websocket-protocol: ocpp1.6
2023-04-12 17:00:30,053 - DEBUG - < upgrade: websocket
2023-04-12 17:00:30,053 - DEBUG - < sec-websocket-accept: Hf/beusR0uOZPR/48rjRBAJ/ilI=
2023-04-12 17:00:30,053 - DEBUG - < sec-websocket-extensions: permessage-deflate
2023-04-12 17:00:30,053 - DEBUG - < X-Cache: Miss from cloudfront
2023-04-12 17:00:30,056 - DEBUG - < Via: 1.1 8e619a006d3eebbe44543457c797a4f0.cloudfront.net (CloudFront)
2023-04-12 17:00:30,056 - DEBUG - < X-Amz-Cf-Pop: ICN57-P2
2023-04-12 17:00:30,056 - DEBUG - < X-Amz-Cf-Id: pSEQY3R0RIXjg4XMRKyehQnrTETvjce4eXT6aDD9kIb7GF5bl8_Rxg==
2023-04-12 17:00:30,057 - DEBUG - = connection is OPEN
2023-04-12 17:00:30,087 - DEBUG - > TEXT '[2, "bcf73aea-d975-4b0a-956d-12ddba70b025", "Bo...r": "ELC100C-003-001"}]' [175 bytes]
2023-04-12 17:00:30,531 - DEBUG - < TEXT '[3, "bcf73aea-d975-4b0a-956d-12ddba70b025", {"s...30Z", "interval": 300}]' [123 bytes]
2023-04-12 17:00:30,571 - DEBUG - > TEXT '[2, "bcf73aea-d975-4b0a-956d-12ddba70b025", "St..."status": "Available"}]' [132 bytes]
2023-04-12 17:00:30,791 - DEBUG - < TEXT '[3, "bcf73aea-d975-4b0a-956d-12ddba70b025", {}]' [47 bytes]
2023-04-12 17:00:30,829 - DEBUG - > TEXT '[2, "bcf73aea-d975-4b0a-956d-12ddba70b025", "Au...": "1031040000069641"}]' [87 bytes]
2023-04-12 17:00:31,074 - DEBUG - < TEXT '[3, "bcf73aea-d975-4b0a-956d-12ddba70b025", {"i..."status": "Accepted"}}]' [82 bytes]
2023-04-12 17:00:31,106 - DEBUG - = connection is CLOSING
2023-04-12 17:00:31,106 - DEBUG - > CLOSE 1000 (OK) [2 bytes]
2023-04-12 17:00:31,115 - DEBUG - < CLOSE 1000 (OK) [2 bytes]
2023-04-12 17:00:31,121 - DEBUG - = connection is CLOSED
2023-04-12 17:00:36,211 - DEBUG - = connection is CONNECTING
2023-04-12 17:00:36,250 - DEBUG - > GET /ocpp16/ELC100C-003/ELC100C-003-001 HTTP/1.1
2023-04-12 17:00:36,250 - DEBUG - > Host: ws.devevspcharger.uplus.co.kr
2023-04-12 17:00:36,250 - DEBUG - > Upgrade: websocket
2023-04-12 17:00:36,250 - DEBUG - > Connection: Upgrade
2023-04-12 17:00:36,251 - DEBUG - > Sec-WebSocket-Key: Sy1RGx6i0p6foQglsy4boA==
2023-04-12 17:00:36,251 - DEBUG - > Sec-WebSocket-Version: 13
2023-04-12 17:00:36,251 - DEBUG - > Sec-WebSocket-Extensions: permessage-deflate; client_max_window_bits
2023-04-12 17:00:36,251 - DEBUG - > Sec-WebSocket-Protocol: ocpp1.6
2023-04-12 17:00:36,251 - DEBUG - > Authorization: Basic RVZBUjpFVkFSTEdV
2023-04-12 17:00:36,251 - DEBUG - > User-Agent: Python/3.11 websockets/10.4
2023-04-12 17:00:36,478 - DEBUG - < HTTP/1.1 101 Switching Protocols
2023-04-12 17:00:36,478 - DEBUG - < Connection: upgrade
2023-04-12 17:00:36,479 - DEBUG - < Date: Wed, 12 Apr 2023 08:00:36 GMT
2023-04-12 17:00:36,479 - DEBUG - < sec-websocket-protocol: ocpp1.6
2023-04-12 17:00:36,479 - DEBUG - < upgrade: websocket
2023-04-12 17:00:36,480 - DEBUG - < sec-websocket-accept: GxuCxt9dc/rE3Y0KC45VRW/uJzY=
2023-04-12 17:00:36,480 - DEBUG - < sec-websocket-extensions: permessage-deflate
2023-04-12 17:00:36,480 - DEBUG - < X-Cache: Miss from cloudfront
2023-04-12 17:00:36,481 - DEBUG - < Via: 1.1 967cab954a1c41e7f76f472d706ab3a0.cloudfront.net (CloudFront)
2023-04-12 17:00:36,481 - DEBUG - < X-Amz-Cf-Pop: ICN57-P2
2023-04-12 17:00:36,482 - DEBUG - < X-Amz-Cf-Id: g1J_N9KYuewJ_vafV6aRDfZ09zdHF0yvTUO4odYxMj1sJAeQAUdZ8Q==
2023-04-12 17:00:36,484 - DEBUG - = connection is OPEN
2023-04-12 17:00:36,516 - DEBUG - > TEXT '[2, "7d73cd16-e029-4caf-8a1a-310b766d5064", "Bo...r": "ELC100C-003-001"}]' [175 bytes]
2023-04-12 17:00:36,816 - DEBUG - < TEXT '[3, "7d73cd16-e029-4caf-8a1a-310b766d5064", {"s...36Z", "interval": 300}]' [123 bytes]
2023-04-12 17:00:36,885 - DEBUG - > TEXT '[2, "7d73cd16-e029-4caf-8a1a-310b766d5064", "Au...": "1031040000069641"}]' [87 bytes]
2023-04-12 17:00:37,141 - DEBUG - < TEXT '[3, "7d73cd16-e029-4caf-8a1a-310b766d5064", {"i..."status": "Accepted"}}]' [82 bytes]
2023-04-12 17:00:37,169 - DEBUG - > TEXT '[2, "7d73cd16-e029-4caf-8a1a-310b766d5064", "St..."status": "Preparing"}]' [132 bytes]
2023-04-12 17:00:37,370 - DEBUG - < TEXT '[3, "7d73cd16-e029-4caf-8a1a-310b766d5064", {}]' [47 bytes]
2023-04-12 17:00:37,400 - DEBUG - > TEXT '[2, "ecbf89c3-4dc3-4b85-aa12-500d23fba3b6", "St...2023-04-12T17:00:36Z"}]' [170 bytes]
2023-04-12 17:00:37,827 - DEBUG - < TEXT '[3, "ecbf89c3-4dc3-4b85-aa12-500d23fba3b6", {"t..."status": "Accepted"}}]' [110 bytes]
2023-04-12 17:00:37,868 - DEBUG - > TEXT '[2, "7d73cd16-e029-4caf-8a1a-310b766d5064", "St... "status": "Charging"}]' [131 bytes]
2023-04-12 17:00:38,070 - DEBUG - < TEXT '[3, "7d73cd16-e029-4caf-8a1a-310b766d5064", {}]' [47 bytes]
2023-04-12 17:00:38,109 - DEBUG - > TEXT '[2, "b0fe0ba9-3bd7-4813-992b-07e314dd699c", "Me...er", "unit": "Wh"}]}]}]' [259 bytes]
2023-04-12 17:00:38,444 - DEBUG - < TEXT '[3, "b0fe0ba9-3bd7-4813-992b-07e314dd699c", {}]' [47 bytes]
2023-04-12 17:00:38,485 - DEBUG - > TEXT '[2, "663b85fc-317e-4e40-a64d-39dc1e014419", "St...sactionId": 120533815}]' [149 bytes]
2023-04-12 17:00:38,905 - DEBUG - < TEXT '[3, "663b85fc-317e-4e40-a64d-39dc1e014419", {"i..."status": "Accepted"}}]' [82 bytes]
2023-04-12 17:00:38,966 - DEBUG - > TEXT '[2, "7d73cd16-e029-4caf-8a1a-310b766d5064", "St..."status": "Finishing"}]' [132 bytes]
2023-04-12 17:00:39,146 - DEBUG - < TEXT '[3, "7d73cd16-e029-4caf-8a1a-310b766d5064", {}]' [47 bytes]
2023-04-12 17:00:39,203 - DEBUG - > TEXT '[2, "7d73cd16-e029-4caf-8a1a-310b766d5064", "St..."status": "Available"}]' [132 bytes]
2023-04-12 17:00:39,406 - DEBUG - < TEXT '[3, "7d73cd16-e029-4caf-8a1a-310b766d5064", {}]' [47 bytes]
2023-04-12 17:00:39,436 - DEBUG - = connection is CLOSING
2023-04-12 17:00:39,437 - DEBUG - > CLOSE 1000 (OK) [2 bytes]
2023-04-12 17:00:39,444 - DEBUG - < CLOSE 1000 (OK) [2 bytes]
2023-04-12 17:00:39,450 - DEBUG - = connection is CLOSED
2023-04-12 17:08:50,987 - DEBUG - = connection is CONNECTING
2023-04-12 17:08:51,024 - DEBUG - > GET /ocpp16/ELC100C-003/ELC100C-003-001 HTTP/1.1
2023-04-12 17:08:51,025 - DEBUG - > Host: ws.devevspcharger.uplus.co.kr
2023-04-12 17:08:51,025 - DEBUG - > Upgrade: websocket
2023-04-12 17:08:51,025 - DEBUG - > Connection: Upgrade
2023-04-12 17:08:51,025 - DEBUG - > Sec-WebSocket-Key: oVVgtX4/4xnUE04B2rfCoQ==
2023-04-12 17:08:51,026 - DEBUG - > Sec-WebSocket-Version: 13
2023-04-12 17:08:51,026 - DEBUG - > Sec-WebSocket-Extensions: permessage-deflate; client_max_window_bits
2023-04-12 17:08:51,026 - DEBUG - > Sec-WebSocket-Protocol: ocpp1.6
2023-04-12 17:08:51,026 - DEBUG - > Authorization: Basic RVZBUjpFVkFSTEdV
2023-04-12 17:08:51,026 - DEBUG - > User-Agent: Python/3.11 websockets/10.4
2023-04-12 17:08:52,350 - DEBUG - < HTTP/1.1 101 Switching Protocols
2023-04-12 17:08:52,351 - DEBUG - < Connection: upgrade
2023-04-12 17:08:52,351 - DEBUG - < Date: Wed, 12 Apr 2023 08:08:52 GMT
2023-04-12 17:08:52,351 - DEBUG - < sec-websocket-protocol: ocpp1.6
2023-04-12 17:08:52,351 - DEBUG - < upgrade: websocket
2023-04-12 17:08:52,351 - DEBUG - < sec-websocket-accept: w683uAq79z+Y3fgGEKw3RAgxJJs=
2023-04-12 17:08:52,351 - DEBUG - < sec-websocket-extensions: permessage-deflate
2023-04-12 17:08:52,351 - DEBUG - < X-Cache: Miss from cloudfront
2023-04-12 17:08:52,351 - DEBUG - < Via: 1.1 818e6836f2ca3e700a5577179db933d8.cloudfront.net (CloudFront)
2023-04-12 17:08:52,352 - DEBUG - < X-Amz-Cf-Pop: ICN57-P2
2023-04-12 17:08:52,352 - DEBUG - < X-Amz-Cf-Id: p5s365dF9usUYgjMEAGgCnENFMQA4kI3OqdRrWMagf7WMGdEfxvjBQ==
2023-04-12 17:08:52,352 - DEBUG - = connection is OPEN
2023-04-12 17:08:52,393 - DEBUG - > TEXT '[2, "bc5bbf5d-a3dd-466c-bc3a-d306770896f7", "Bo...r": "ELC100C-003-001"}]' [175 bytes]
2023-04-12 17:08:52,836 - DEBUG - < TEXT '[3, "bc5bbf5d-a3dd-466c-bc3a-d306770896f7", {"s...52Z", "interval": 300}]' [123 bytes]
2023-04-12 17:08:52,880 - DEBUG - > TEXT '[2, "bc5bbf5d-a3dd-466c-bc3a-d306770896f7", "St..."status": "Preparing"}]' [132 bytes]
2023-04-12 17:08:53,156 - DEBUG - < TEXT '[3, "bc5bbf5d-a3dd-466c-bc3a-d306770896f7", {}]' [47 bytes]
2023-04-12 17:08:53,187 - DEBUG - > TEXT '[2, "bc5bbf5d-a3dd-466c-bc3a-d306770896f7", "Au...": "1031040000069641"}]' [87 bytes]
2023-04-12 17:08:53,441 - DEBUG - < TEXT '[3, "bc5bbf5d-a3dd-466c-bc3a-d306770896f7", {"i..."status": "Accepted"}}]' [82 bytes]
2023-04-12 17:08:53,476 - DEBUG - > TEXT '[2, "4c404e05-7160-4081-9dec-b5d97dffc241", "St...2023-04-12T17:08:50Z"}]' [170 bytes]
2023-04-12 17:08:53,891 - DEBUG - < TEXT '[3, "4c404e05-7160-4081-9dec-b5d97dffc241", {"t..."status": "Accepted"}}]' [110 bytes]
2023-04-12 17:08:53,932 - DEBUG - > TEXT '[2, "bc5bbf5d-a3dd-466c-bc3a-d306770896f7", "St... "status": "Charging"}]' [131 bytes]
2023-04-12 17:08:54,114 - DEBUG - < TEXT '[3, "bc5bbf5d-a3dd-466c-bc3a-d306770896f7", {}]' [47 bytes]
2023-04-12 17:08:54,167 - DEBUG - > TEXT '[2, "e3224f67-cfcf-4886-a0d8-072cc9f2c587", "Me...er", "unit": "Wh"}]}]}]' [259 bytes]
2023-04-12 17:08:54,372 - DEBUG - < TEXT '[3, "e3224f67-cfcf-4886-a0d8-072cc9f2c587", {}]' [47 bytes]
2023-04-12 17:08:54,426 - DEBUG - > TEXT '[2, "bc5bbf5d-a3dd-466c-bc3a-d306770896f7", "St...tatus": "SuspendedEV"}]' [134 bytes]
2023-04-12 17:08:54,641 - DEBUG - < TEXT '[3, "bc5bbf5d-a3dd-466c-bc3a-d306770896f7", {}]' [47 bytes]
2023-04-12 17:08:54,703 - DEBUG - > TEXT '[2, "ca4cf0ec-bda4-4b7b-8ee0-a0f2174a3359", "St...sactionId": 120533816}]' [149 bytes]
2023-04-12 17:08:55,016 - DEBUG - < TEXT '[3, "ca4cf0ec-bda4-4b7b-8ee0-a0f2174a3359", {"i..."status": "Accepted"}}]' [82 bytes]
2023-04-12 17:08:55,070 - DEBUG - > TEXT '[2, "bc5bbf5d-a3dd-466c-bc3a-d306770896f7", "St..."status": "Finishing"}]' [132 bytes]
2023-04-12 17:08:55,275 - DEBUG - < TEXT '[3, "bc5bbf5d-a3dd-466c-bc3a-d306770896f7", {}]' [47 bytes]
2023-04-12 17:08:55,320 - DEBUG - > TEXT '[2, "bc5bbf5d-a3dd-466c-bc3a-d306770896f7", "St..."status": "Available"}]' [132 bytes]
2023-04-12 17:08:55,532 - DEBUG - < TEXT '[3, "bc5bbf5d-a3dd-466c-bc3a-d306770896f7", {}]' [47 bytes]
2023-04-12 17:08:55,560 - DEBUG - = connection is CLOSING
2023-04-12 17:08:55,560 - DEBUG - > CLOSE 1000 (OK) [2 bytes]
2023-04-12 17:08:55,570 - DEBUG - < CLOSE 1000 (OK) [2 bytes]
2023-04-12 17:08:55,575 - DEBUG - = connection is CLOSED
2023-04-12 17:39:51,354 - DEBUG - = connection is CONNECTING
2023-04-12 17:39:51,401 - DEBUG - > GET /ocpp16/ELC100C-003/ELC100C-003-001 HTTP/1.1
2023-04-12 17:39:51,401 - DEBUG - > Host: ws.devevspcharger.uplus.co.kr
2023-04-12 17:39:51,402 - DEBUG - > Upgrade: websocket
2023-04-12 17:39:51,402 - DEBUG - > Connection: Upgrade
2023-04-12 17:39:51,402 - DEBUG - > Sec-WebSocket-Key: p58y2kLoOnbW+wJtggU80w==
2023-04-12 17:39:51,402 - DEBUG - > Sec-WebSocket-Version: 13
2023-04-12 17:39:51,402 - DEBUG - > Sec-WebSocket-Extensions: permessage-deflate; client_max_window_bits
2023-04-12 17:39:51,402 - DEBUG - > Sec-WebSocket-Protocol: ocpp1.6
2023-04-12 17:39:51,402 - DEBUG - > Authorization: Basic RVZBUjpFVkFSTEdV
2023-04-12 17:39:51,402 - DEBUG - > User-Agent: Python/3.11 websockets/10.4
2023-04-12 17:39:52,883 - DEBUG - < HTTP/1.1 101 Switching Protocols
2023-04-12 17:39:52,884 - DEBUG - < Connection: upgrade
2023-04-12 17:39:52,884 - DEBUG - < Date: Wed, 12 Apr 2023 08:39:52 GMT
2023-04-12 17:39:52,884 - DEBUG - < sec-websocket-protocol: ocpp1.6
2023-04-12 17:39:52,884 - DEBUG - < upgrade: websocket
2023-04-12 17:39:52,885 - DEBUG - < sec-websocket-accept: bKyYA3k97KO7vMULnUmlyfnkr5k=
2023-04-12 17:39:52,885 - DEBUG - < sec-websocket-extensions: permessage-deflate
2023-04-12 17:39:52,885 - DEBUG - < X-Cache: Miss from cloudfront
2023-04-12 17:39:52,885 - DEBUG - < Via: 1.1 623f9f4dd2fef338f4704e13bada95c8.cloudfront.net (CloudFront)
2023-04-12 17:39:52,885 - DEBUG - < X-Amz-Cf-Pop: ICN57-P2
2023-04-12 17:39:52,885 - DEBUG - < X-Amz-Cf-Id: LoO1VxJKynpLEh8pT_8HaMJ79YEsTTRKgeNPB9avlZ-9FoVeMDQmMw==
2023-04-12 17:39:52,886 - DEBUG - = connection is OPEN
2023-04-12 17:39:52,920 - DEBUG - > TEXT '[2, "fc24d952-c549-4ca7-8ecf-81146e7b84e3", "Bo...r": "ELC100C-003-001"}]' [175 bytes]
2023-04-12 17:39:53,307 - DEBUG - < TEXT '[3, "fc24d952-c549-4ca7-8ecf-81146e7b84e3", {"s...53Z", "interval": 300}]' [123 bytes]
2023-04-12 17:39:56,037 - DEBUG - Starting new HTTPS connection (1): rgw.devevspcharger.uplus.co.kr:443
2023-04-12 17:39:57,480 - DEBUG - https://rgw.devevspcharger.uplus.co.kr:443 "POST /ioc HTTP/1.1" 200 163
2023-04-12 17:39:57,495 - DEBUG - < TEXT '[2, "66d769b8-911f-4c9a-9183-981712a7cc4c", "Ch...nKey", "value": "300"}]' [118 bytes]
2023-04-12 17:39:57,504 - DEBUG - > TEXT '[3, "66d769b8-911f-4c9a-9183-981712a7cc4c", {"status": "Accepted"}]' [67 bytes]
2023-04-12 17:39:57,691 - DEBUG - < TEXT '' [0 bytes]
2023-04-12 17:39:59,679 - DEBUG - Starting new HTTPS connection (1): rgw.devevspcharger.uplus.co.kr:443
2023-04-12 17:40:00,135 - DEBUG - https://rgw.devevspcharger.uplus.co.kr:443 "POST /ioc HTTP/1.1" 200 106
2023-04-12 17:40:00,146 - DEBUG - < TEXT '[2, "bc6248db-4a10-4c63-9aa0-3ad2c0efed42", "ClearCache", {}]' [61 bytes]
2023-04-12 17:40:00,151 - DEBUG - > TEXT '[3, "bc6248db-4a10-4c63-9aa0-3ad2c0efed42", {"status": "Accepted"}]' [67 bytes]
2023-04-12 17:40:00,329 - DEBUG - < TEXT '' [0 bytes]
2023-04-12 17:40:00,365 - DEBUG - > TEXT '[2, "fc24d952-c549-4ca7-8ecf-81146e7b84e3", "Au...": "1031040000069641"}]' [87 bytes]
2023-04-12 17:40:00,625 - DEBUG - < TEXT '[3, "fc24d952-c549-4ca7-8ecf-81146e7b84e3", {"i..."status": "Accepted"}}]' [82 bytes]
2023-04-12 17:40:00,665 - DEBUG - > TEXT '[2, "fc24d952-c549-4ca7-8ecf-81146e7b84e3", "St..."status": "Preparing"}]' [132 bytes]
2023-04-12 17:40:00,850 - DEBUG - < TEXT '[3, "fc24d952-c549-4ca7-8ecf-81146e7b84e3", {}]' [47 bytes]
2023-04-12 17:40:00,882 - DEBUG - > TEXT '[2, "fc24d952-c549-4ca7-8ecf-81146e7b84e3", "St..."status": "Available"}]' [132 bytes]
2023-04-12 17:40:01,100 - DEBUG - < TEXT '[3, "fc24d952-c549-4ca7-8ecf-81146e7b84e3", {}]' [47 bytes]
2023-04-12 17:40:01,126 - DEBUG - = connection is CLOSING
2023-04-12 17:40:01,126 - DEBUG - > CLOSE 1000 (OK) [2 bytes]
2023-04-12 17:40:01,137 - DEBUG - < CLOSE 1000 (OK) [2 bytes]
2023-04-12 17:40:01,146 - DEBUG - = connection is CLOSED
2023-04-12 17:40:12,853 - DEBUG - = connection is CONNECTING
2023-04-12 17:40:12,885 - DEBUG - > GET /ocpp16/ELC100C-003/ELC100C-003-001 HTTP/1.1
2023-04-12 17:40:12,885 - DEBUG - > Host: ws.devevspcharger.uplus.co.kr
2023-04-12 17:40:12,885 - DEBUG - > Upgrade: websocket
2023-04-12 17:40:12,885 - DEBUG - > Connection: Upgrade
2023-04-12 17:40:12,885 - DEBUG - > Sec-WebSocket-Key: IvhM7LkkEZEinW8gKruPSw==
2023-04-12 17:40:12,885 - DEBUG - > Sec-WebSocket-Version: 13
2023-04-12 17:40:12,885 - DEBUG - > Sec-WebSocket-Extensions: permessage-deflate; client_max_window_bits
2023-04-12 17:40:12,885 - DEBUG - > Sec-WebSocket-Protocol: ocpp1.6
2023-04-12 17:40:12,885 - DEBUG - > Authorization: Basic RVZBUjpFVkFSTEdV
2023-04-12 17:40:12,885 - DEBUG - > User-Agent: Python/3.11 websockets/10.4
2023-04-12 17:40:13,231 - DEBUG - < HTTP/1.1 101 Switching Protocols
2023-04-12 17:40:13,231 - DEBUG - < Connection: upgrade
2023-04-12 17:40:13,232 - DEBUG - < Date: Wed, 12 Apr 2023 08:40:13 GMT
2023-04-12 17:40:13,232 - DEBUG - < sec-websocket-protocol: ocpp1.6
2023-04-12 17:40:13,232 - DEBUG - < upgrade: websocket
2023-04-12 17:40:13,232 - DEBUG - < sec-websocket-accept: Fq+T/cxSHHKNFbdSzq3hemDznms=
2023-04-12 17:40:13,232 - DEBUG - < sec-websocket-extensions: permessage-deflate
2023-04-12 17:40:13,233 - DEBUG - < X-Cache: Miss from cloudfront
2023-04-12 17:40:13,233 - DEBUG - < Via: 1.1 9ce5dfe6a640bb6a762b3c2889e2317e.cloudfront.net (CloudFront)
2023-04-12 17:40:13,233 - DEBUG - < X-Amz-Cf-Pop: ICN57-P2
2023-04-12 17:40:13,233 - DEBUG - < X-Amz-Cf-Id: kdrpzJJL3STWZPqXZlfklcB_yJD3kC71sUeofOM4CrfrnuvO85P0lg==
2023-04-12 17:40:13,233 - DEBUG - = connection is OPEN
2023-04-12 17:40:13,262 - DEBUG - > TEXT '[2, "0067d07b-ab0c-4b81-b0c1-92cad292b581", "Bo...r": "ELC100C-003-001"}]' [175 bytes]
2023-04-12 17:40:13,529 - DEBUG - < TEXT '[3, "0067d07b-ab0c-4b81-b0c1-92cad292b581", {"s...13Z", "interval": 300}]' [123 bytes]
2023-04-12 17:40:18,282 - DEBUG - Starting new HTTPS connection (1): rgw.devevspcharger.uplus.co.kr:443
2023-04-12 17:40:18,644 - DEBUG - https://rgw.devevspcharger.uplus.co.kr:443 "POST /ioc HTTP/1.1" 200 115
2023-04-12 17:40:18,651 - DEBUG - < TEXT '[2, "cc7c7b31-9192-49bb-af42-66d0d3fc05bb", "Reset", {"type": "Hard"}]' [70 bytes]
2023-04-12 17:40:18,657 - DEBUG - > TEXT '[3, "cc7c7b31-9192-49bb-af42-66d0d3fc05bb", {"status": "Accepted"}]' [67 bytes]
2023-04-12 17:40:18,828 - DEBUG - < TEXT '' [0 bytes]
2023-04-12 17:40:18,841 - DEBUG - = connection is CLOSING
2023-04-12 17:40:18,841 - DEBUG - > CLOSE 1000 (OK) [2 bytes]
2023-04-12 17:40:18,850 - DEBUG - < CLOSE 1000 (OK) [2 bytes]
2023-04-12 17:40:18,856 - DEBUG - = connection is CLOSED
2023-04-12 17:53:21,920 - DEBUG - = connection is CONNECTING
2023-04-12 17:53:21,961 - DEBUG - > GET /ocpp16/ELC100C-003/ELC100C-003-001 HTTP/1.1
2023-04-12 17:53:21,961 - DEBUG - > Host: ws.devevspcharger.uplus.co.kr
2023-04-12 17:53:21,961 - DEBUG - > Upgrade: websocket
2023-04-12 17:53:21,961 - DEBUG - > Connection: Upgrade
2023-04-12 17:53:21,962 - DEBUG - > Sec-WebSocket-Key: 6LWzPnhlSTd8tlxYWyxD5Q==
2023-04-12 17:53:21,962 - DEBUG - > Sec-WebSocket-Version: 13
2023-04-12 17:53:21,962 - DEBUG - > Sec-WebSocket-Extensions: permessage-deflate; client_max_window_bits
2023-04-12 17:53:21,962 - DEBUG - > Sec-WebSocket-Protocol: ocpp1.6
2023-04-12 17:53:21,962 - DEBUG - > Authorization: Basic RVZBUjpFVkFSTEdV
2023-04-12 17:53:21,962 - DEBUG - > User-Agent: Python/3.11 websockets/10.4
2023-04-12 17:53:23,423 - DEBUG - < HTTP/1.1 101 Switching Protocols
2023-04-12 17:53:23,424 - DEBUG - < Connection: upgrade
2023-04-12 17:53:23,424 - DEBUG - < Date: Wed, 12 Apr 2023 08:53:23 GMT
2023-04-12 17:53:23,424 - DEBUG - < sec-websocket-protocol: ocpp1.6
2023-04-12 17:53:23,424 - DEBUG - < upgrade: websocket
2023-04-12 17:53:23,424 - DEBUG - < sec-websocket-accept: pcxwwcsLfQs3A9ZmRaS5U3RwEME=
2023-04-12 17:53:23,424 - DEBUG - < sec-websocket-extensions: permessage-deflate
2023-04-12 17:53:23,424 - DEBUG - < X-Cache: Miss from cloudfront
2023-04-12 17:53:23,424 - DEBUG - < Via: 1.1 0a9548baf65e130ce12c4d90cb22d962.cloudfront.net (CloudFront)
2023-04-12 17:53:23,424 - DEBUG - < X-Amz-Cf-Pop: ICN57-P2
2023-04-12 17:53:23,425 - DEBUG - < X-Amz-Cf-Id: AFB3UDVBWc15takxL-O15-5olYL2yogqo-QkefI98WmHwi3RtMrlaA==
2023-04-12 17:53:23,425 - DEBUG - = connection is OPEN
2023-04-12 17:53:23,454 - DEBUG - > TEXT '[2, "e32474a4-145f-4c5f-a4ff-8312ec8df74b", "Bo...r": "ELC100C-003-001"}]' [175 bytes]
2023-04-12 17:53:23,957 - DEBUG - < TEXT '[3, "e32474a4-145f-4c5f-a4ff-8312ec8df74b", {"s...23Z", "interval": 300}]' [123 bytes]
2023-04-12 17:53:27,671 - DEBUG - Starting new HTTPS connection (1): rgw.devevspcharger.uplus.co.kr:443
2023-04-12 17:53:29,172 - DEBUG - https://rgw.devevspcharger.uplus.co.kr:443 "POST /ioc HTTP/1.1" 200 148
2023-04-12 17:53:29,181 - DEBUG - < TEXT '[2, "5bd8fac9-d5c3-49b9-bd71-4fa1b72054ee", "Ge...izeRemoteTxRequests"]}]' [103 bytes]
2023-04-12 17:53:29,186 - DEBUG - > TEXT '[3, "5bd8fac9-d5c3-49b9-bd71-4fa1b72054ee", {"c... "status": "Accepted"}]' [139 bytes]
2023-04-12 17:53:29,365 - DEBUG - < TEXT '' [0 bytes]
2023-04-12 17:53:29,412 - DEBUG - > TEXT '[2, "e32474a4-145f-4c5f-a4ff-8312ec8df74b", "St..."status": "Preparing"}]' [132 bytes]
2023-04-12 17:53:29,620 - DEBUG - < TEXT '[3, "e32474a4-145f-4c5f-a4ff-8312ec8df74b", {}]' [47 bytes]
2023-04-12 17:53:43,423 - DEBUG - % sending keepalive ping
2023-04-12 17:53:43,432 - DEBUG - > PING 7e 21 23 84 [binary, 4 bytes]
2023-04-12 17:53:43,441 - DEBUG - < PONG 7e 21 23 84 [binary, 4 bytes]
2023-04-12 17:53:43,443 - DEBUG - % received keepalive pong
2023-04-12 17:54:03,434 - DEBUG - % sending keepalive ping
2023-04-12 17:54:03,434 - DEBUG - > PING a8 cd 9a 97 [binary, 4 bytes]
2023-04-12 17:54:03,445 - DEBUG - < PONG a8 cd 9a 97 [binary, 4 bytes]
2023-04-12 17:54:03,451 - DEBUG - % received keepalive pong
2023-04-12 17:54:23,444 - DEBUG - % sending keepalive ping
2023-04-12 17:54:23,445 - DEBUG - > PING ff 4d 17 43 [binary, 4 bytes]
2023-04-12 17:54:23,459 - DEBUG - < PONG ff 4d 17 43 [binary, 4 bytes]
2023-04-12 17:54:23,462 - DEBUG - % received keepalive pong
2023-04-12 17:54:35,321 - DEBUG - = connection is CONNECTING
2023-04-12 17:54:35,362 - DEBUG - > GET /ocpp16/ELC100C-003/ELC100C-003-001 HTTP/1.1
2023-04-12 17:54:35,362 - DEBUG - > Host: ws.devevspcharger.uplus.co.kr
2023-04-12 17:54:35,362 - DEBUG - > Upgrade: websocket
2023-04-12 17:54:35,362 - DEBUG - > Connection: Upgrade
2023-04-12 17:54:35,362 - DEBUG - > Sec-WebSocket-Key: eRifTbNQuQsQ6VV0Mfll0w==
2023-04-12 17:54:35,362 - DEBUG - > Sec-WebSocket-Version: 13
2023-04-12 17:54:35,363 - DEBUG - > Sec-WebSocket-Extensions: permessage-deflate; client_max_window_bits
2023-04-12 17:54:35,363 - DEBUG - > Sec-WebSocket-Protocol: ocpp1.6
2023-04-12 17:54:35,363 - DEBUG - > Authorization: Basic RVZBUjpFVkFSTEdV
2023-04-12 17:54:35,363 - DEBUG - > User-Agent: Python/3.11 websockets/10.4
2023-04-12 17:54:36,025 - DEBUG - < HTTP/1.1 101 Switching Protocols
2023-04-12 17:54:36,025 - DEBUG - < Connection: upgrade
2023-04-12 17:54:36,025 - DEBUG - < Date: Wed, 12 Apr 2023 08:54:36 GMT
2023-04-12 17:54:36,026 - DEBUG - < sec-websocket-protocol: ocpp1.6
2023-04-12 17:54:36,026 - DEBUG - < upgrade: websocket
2023-04-12 17:54:36,026 - DEBUG - < sec-websocket-accept: Jpj+QZOYxUhgVSlkx7cZYyCOVH0=
2023-04-12 17:54:36,026 - DEBUG - < sec-websocket-extensions: permessage-deflate
2023-04-12 17:54:36,026 - DEBUG - < X-Cache: Miss from cloudfront
2023-04-12 17:54:36,026 - DEBUG - < Via: 1.1 0c9ac74e4533d4cd2c0dd7de136ec086.cloudfront.net (CloudFront)
2023-04-12 17:54:36,026 - DEBUG - < X-Amz-Cf-Pop: ICN57-P2
2023-04-12 17:54:36,026 - DEBUG - < X-Amz-Cf-Id: 3yzL7f25DVDWZ2sb5YiQaC40LTIRAiSwjR0XyvCFPI3rCgLLjIeeYw==
2023-04-12 17:54:36,026 - DEBUG - = connection is OPEN
2023-04-12 17:54:36,057 - DEBUG - > TEXT '[2, "989692aa-050f-4db5-a72a-620a5c1d9119", "Bo...r": "ELC100C-003-001"}]' [175 bytes]
2023-04-12 17:54:36,513 - DEBUG - < TEXT '[3, "989692aa-050f-4db5-a72a-620a5c1d9119", {"s...36Z", "interval": 300}]' [123 bytes]
2023-04-12 17:54:36,539 - DEBUG - > TEXT '[2, "989692aa-050f-4db5-a72a-620a5c1d9119", "St..."status": "Available"}]' [132 bytes]
2023-04-12 17:54:36,755 - DEBUG - < TEXT '[3, "989692aa-050f-4db5-a72a-620a5c1d9119", {}]' [47 bytes]
2023-04-12 17:54:36,800 - DEBUG - > TEXT '[2, "989692aa-050f-4db5-a72a-620a5c1d9119", "Au...": "1031040000069641"}]' [87 bytes]
2023-04-12 17:54:37,056 - DEBUG - < TEXT '[3, "989692aa-050f-4db5-a72a-620a5c1d9119", {"i..."status": "Accepted"}}]' [82 bytes]
2023-04-12 17:54:37,076 - DEBUG - = connection is CLOSING
2023-04-12 17:54:37,076 - DEBUG - > CLOSE 1000 (OK) [2 bytes]
2023-04-12 17:54:37,088 - DEBUG - < CLOSE 1000 (OK) [2 bytes]
2023-04-12 17:54:37,092 - DEBUG - = connection is CLOSED
2023-04-12 17:54:43,443 - DEBUG - % sending keepalive ping
2023-04-12 17:54:43,444 - DEBUG - > PING '\x7f\x15{\x17' [text, 4 bytes]
2023-04-12 17:54:43,453 - DEBUG - < PONG '\x7f\x15{\x17' [text, 4 bytes]
2023-04-12 17:54:43,455 - DEBUG - % received keepalive pong
2023-04-12 17:55:03,448 - DEBUG - % sending keepalive ping
2023-04-12 17:55:03,454 - DEBUG - > PING 'o\u04ca3' [text, 4 bytes]
2023-04-12 17:55:03,510 - DEBUG - < PONG 'o\u04ca3' [text, 4 bytes]
2023-04-12 17:55:03,513 - DEBUG - % received keepalive pong
2023-04-12 17:55:19,570 - DEBUG - = connection is CONNECTING
2023-04-12 17:55:19,618 - DEBUG - > GET /ocpp16/ELC100C-003/ELC100C-003-001 HTTP/1.1
2023-04-12 17:55:19,621 - DEBUG - > Host: ws.devevspcharger.uplus.co.kr
2023-04-12 17:55:19,623 - DEBUG - > Upgrade: websocket
2023-04-12 17:55:19,624 - DEBUG - > Connection: Upgrade
2023-04-12 17:55:19,624 - DEBUG - > Sec-WebSocket-Key: c2idIpWhb1Jz/gY4G6wGrA==
2023-04-12 17:55:19,625 - DEBUG - > Sec-WebSocket-Version: 13
2023-04-12 17:55:19,625 - DEBUG - > Sec-WebSocket-Extensions: permessage-deflate; client_max_window_bits
2023-04-12 17:55:19,625 - DEBUG - > Sec-WebSocket-Protocol: ocpp1.6
2023-04-12 17:55:19,626 - DEBUG - > Authorization: Basic RVZBUjpFVkFSTEdV
2023-04-12 17:55:19,626 - DEBUG - > User-Agent: Python/3.11 websockets/10.4
2023-04-12 17:55:19,868 - DEBUG - < HTTP/1.1 101 Switching Protocols
2023-04-12 17:55:19,869 - DEBUG - < Connection: upgrade
2023-04-12 17:55:19,869 - DEBUG - < Date: Wed, 12 Apr 2023 08:55:19 GMT
2023-04-12 17:55:19,870 - DEBUG - < sec-websocket-protocol: ocpp1.6
2023-04-12 17:55:19,871 - DEBUG - < upgrade: websocket
2023-04-12 17:55:19,871 - DEBUG - < sec-websocket-accept: vA17XUeK+cjeZ0n/YwWVemqukYA=
2023-04-12 17:55:19,872 - DEBUG - < sec-websocket-extensions: permessage-deflate
2023-04-12 17:55:19,873 - DEBUG - < X-Cache: Miss from cloudfront
2023-04-12 17:55:19,874 - DEBUG - < Via: 1.1 1c31b550dc04cf34ff9053b76a7eecc4.cloudfront.net (CloudFront)
2023-04-12 17:55:19,874 - DEBUG - < X-Amz-Cf-Pop: ICN57-P2
2023-04-12 17:55:19,875 - DEBUG - < X-Amz-Cf-Id: P-Oz0xwRYtUTdKZqTTgG6u_AfGhT93CYsumt3tOmN_c_VE7igIPEfQ==
2023-04-12 17:55:19,879 - DEBUG - = connection is OPEN
2023-04-12 17:55:19,904 - DEBUG - > TEXT '[2, "4c595a0b-f7f8-474c-a4eb-12cdbf9f11fd", "Bo...r": "ELC100C-003-001"}]' [175 bytes]
2023-04-12 17:55:20,173 - DEBUG - < TEXT '[3, "4c595a0b-f7f8-474c-a4eb-12cdbf9f11fd", {"s...20Z", "interval": 300}]' [123 bytes]
2023-04-12 17:55:20,210 - DEBUG - > TEXT '[2, "4c595a0b-f7f8-474c-a4eb-12cdbf9f11fd", "St..."status": "Available"}]' [132 bytes]
2023-04-12 17:55:20,443 - DEBUG - < TEXT '[3, "4c595a0b-f7f8-474c-a4eb-12cdbf9f11fd", {}]' [47 bytes]
2023-04-12 17:55:20,476 - DEBUG - > TEXT '[2, "4c595a0b-f7f8-474c-a4eb-12cdbf9f11fd", "Au...": "1031040000069641"}]' [87 bytes]
2023-04-12 17:55:20,698 - DEBUG - < TEXT '[3, "4c595a0b-f7f8-474c-a4eb-12cdbf9f11fd", {"i..."status": "Accepted"}}]' [82 bytes]
2023-04-12 17:55:20,714 - DEBUG - = connection is CLOSING
2023-04-12 17:55:20,714 - DEBUG - > CLOSE 1000 (OK) [2 bytes]
2023-04-12 17:55:20,733 - DEBUG - < CLOSE 1000 (OK) [2 bytes]
2023-04-12 17:55:20,735 - DEBUG - = connection is CLOSED
2023-04-12 17:55:23,524 - DEBUG - % sending keepalive ping
2023-04-12 17:55:23,524 - DEBUG - > PING 85 24 b5 06 [binary, 4 bytes]
2023-04-12 17:55:23,541 - DEBUG - < PONG 85 24 b5 06 [binary, 4 bytes]
2023-04-12 17:55:23,547 - DEBUG - % received keepalive pong
2023-04-12 17:55:43,553 - DEBUG - % sending keepalive ping
2023-04-12 17:55:43,554 - DEBUG - > PING b1 a6 51 08 [binary, 4 bytes]
2023-04-12 17:55:43,577 - DEBUG - < PONG b1 a6 51 08 [binary, 4 bytes]
2023-04-12 17:55:43,586 - DEBUG - % received keepalive pong
2023-04-12 17:56:03,568 - DEBUG - % sending keepalive ping
2023-04-12 17:56:03,568 - DEBUG - > PING a9 3d 1b b5 [binary, 4 bytes]
2023-04-12 17:56:03,582 - DEBUG - < PONG a9 3d 1b b5 [binary, 4 bytes]
2023-04-12 17:56:03,586 - DEBUG - % received keepalive pong
2023-04-12 17:56:23,562 - DEBUG - % sending keepalive ping
2023-04-12 17:56:23,563 - DEBUG - > PING 95 1f 92 60 [binary, 4 bytes]
2023-04-12 17:56:23,583 - DEBUG - < PONG 95 1f 92 60 [binary, 4 bytes]
2023-04-12 17:56:23,586 - DEBUG - % received keepalive pong
2023-04-12 17:56:36,820 - DEBUG - = connection is CONNECTING
2023-04-12 17:56:36,857 - DEBUG - > GET /ocpp16/ELC100C-003/ELC100C-003-001 HTTP/1.1
2023-04-12 17:56:36,857 - DEBUG - > Host: ws.devevspcharger.uplus.co.kr
2023-04-12 17:56:36,858 - DEBUG - > Upgrade: websocket
2023-04-12 17:56:36,858 - DEBUG - > Connection: Upgrade
2023-04-12 17:56:36,858 - DEBUG - > Sec-WebSocket-Key: kUCJ7nZnEEZHp8aNeos+pA==
2023-04-12 17:56:36,858 - DEBUG - > Sec-WebSocket-Version: 13
2023-04-12 17:56:36,858 - DEBUG - > Sec-WebSocket-Extensions: permessage-deflate; client_max_window_bits
2023-04-12 17:56:36,858 - DEBUG - > Sec-WebSocket-Protocol: ocpp1.6
2023-04-12 17:56:36,858 - DEBUG - > Authorization: Basic RVZBUjpFVkFSTEdV
2023-04-12 17:56:36,858 - DEBUG - > User-Agent: Python/3.11 websockets/10.4
2023-04-12 17:56:37,446 - DEBUG - < HTTP/1.1 101 Switching Protocols
2023-04-12 17:56:37,446 - DEBUG - < Connection: upgrade
2023-04-12 17:56:37,446 - DEBUG - < Date: Wed, 12 Apr 2023 08:56:37 GMT
2023-04-12 17:56:37,446 - DEBUG - < sec-websocket-protocol: ocpp1.6
2023-04-12 17:56:37,446 - DEBUG - < upgrade: websocket
2023-04-12 17:56:37,446 - DEBUG - < sec-websocket-accept: 0w7q9wBdzXaxlRAb9AiUW56DE7k=
2023-04-12 17:56:37,447 - DEBUG - < sec-websocket-extensions: permessage-deflate
2023-04-12 17:56:37,447 - DEBUG - < X-Cache: Miss from cloudfront
2023-04-12 17:56:37,447 - DEBUG - < Via: 1.1 f282b142fde09f8a416a455a744cf300.cloudfront.net (CloudFront)
2023-04-12 17:56:37,447 - DEBUG - < X-Amz-Cf-Pop: ICN51-C1
2023-04-12 17:56:37,447 - DEBUG - < X-Amz-Cf-Id: bQg1UfuBUpP5CN4OmnoTAgLwgTOXVwjzP3ifHVmOzyqSwVAY4szghw==
2023-04-12 17:56:37,447 - DEBUG - = connection is OPEN
2023-04-12 17:56:37,469 - DEBUG - > TEXT '[2, "b4d46b44-6fc6-4577-b9fc-32f8389fa863", "Bo...r": "ELC100C-003-001"}]' [175 bytes]
2023-04-12 17:56:37,958 - DEBUG - < TEXT '[3, "b4d46b44-6fc6-4577-b9fc-32f8389fa863", {"s...37Z", "interval": 300}]' [123 bytes]
2023-04-12 17:56:37,997 - DEBUG - > TEXT '[2, "b4d46b44-6fc6-4577-b9fc-32f8389fa863", "St..."status": "Available"}]' [132 bytes]
2023-04-12 17:56:38,233 - DEBUG - < TEXT '[3, "b4d46b44-6fc6-4577-b9fc-32f8389fa863", {}]' [47 bytes]
2023-04-12 17:56:38,271 - DEBUG - > TEXT '[2, "b4d46b44-6fc6-4577-b9fc-32f8389fa863", "Au...": "1031040000069641"}]' [87 bytes]
2023-04-12 17:56:38,474 - DEBUG - < TEXT '[3, "b4d46b44-6fc6-4577-b9fc-32f8389fa863", {"i..."status": "Accepted"}}]' [82 bytes]
2023-04-12 17:56:38,493 - DEBUG - = connection is CLOSING
2023-04-12 17:56:38,493 - DEBUG - > CLOSE 1000 (OK) [2 bytes]
2023-04-12 17:56:38,502 - DEBUG - < CLOSE 1000 (OK) [2 bytes]
2023-04-12 17:56:38,506 - DEBUG - = connection is CLOSED
2023-04-12 17:56:43,571 - DEBUG - % sending keepalive ping
2023-04-12 17:56:43,572 - DEBUG - > PING 59 65 3e a0 [binary, 4 bytes]
2023-04-12 17:56:43,581 - DEBUG - < PONG 59 65 3e a0 [binary, 4 bytes]
2023-04-12 17:56:43,588 - DEBUG - % received keepalive pong
2023-04-12 17:57:03,573 - DEBUG - % sending keepalive ping
2023-04-12 17:57:03,573 - DEBUG - > PING 52 dd 84 b8 [binary, 4 bytes]
2023-04-12 17:57:03,583 - DEBUG - < PONG 52 dd 84 b8 [binary, 4 bytes]
2023-04-12 17:57:03,586 - DEBUG - % received keepalive pong
2023-04-12 17:57:13,026 - DEBUG - = connection is CONNECTING
2023-04-12 17:57:13,065 - DEBUG - > GET /ocpp16/ELC100C-003/ELC100C-003-001 HTTP/1.1
2023-04-12 17:57:13,066 - DEBUG - > Host: ws.devevspcharger.uplus.co.kr
2023-04-12 17:57:13,066 - DEBUG - > Upgrade: websocket
2023-04-12 17:57:13,066 - DEBUG - > Connection: Upgrade
2023-04-12 17:57:13,066 - DEBUG - > Sec-WebSocket-Key: /lrokI+2VnR6UWMwNdBsWA==
2023-04-12 17:57:13,066 - DEBUG - > Sec-WebSocket-Version: 13
2023-04-12 17:57:13,066 - DEBUG - > Sec-WebSocket-Extensions: permessage-deflate; client_max_window_bits
2023-04-12 17:57:13,066 - DEBUG - > Sec-WebSocket-Protocol: ocpp1.6
2023-04-12 17:57:13,066 - DEBUG - > Authorization: Basic RVZBUjpFVkFSTEdV
2023-04-12 17:57:13,066 - DEBUG - > User-Agent: Python/3.11 websockets/10.4
2023-04-12 17:57:13,335 - DEBUG - < HTTP/1.1 101 Switching Protocols
2023-04-12 17:57:13,335 - DEBUG - < Connection: upgrade
2023-04-12 17:57:13,335 - DEBUG - < Date: Wed, 12 Apr 2023 08:57:13 GMT
2023-04-12 17:57:13,335 - DEBUG - < sec-websocket-protocol: ocpp1.6
2023-04-12 17:57:13,336 - DEBUG - < upgrade: websocket
2023-04-12 17:57:13,336 - DEBUG - < sec-websocket-accept: qz6AcqynyvtdBNcV100hGzHoKA8=
2023-04-12 17:57:13,336 - DEBUG - < sec-websocket-extensions: permessage-deflate
2023-04-12 17:57:13,336 - DEBUG - < X-Cache: Miss from cloudfront
2023-04-12 17:57:13,336 - DEBUG - < Via: 1.1 8a8c4497d67be19bc853d07ee6aefac2.cloudfront.net (CloudFront)
2023-04-12 17:57:13,336 - DEBUG - < X-Amz-Cf-Pop: ICN51-C1
2023-04-12 17:57:13,336 - DEBUG - < X-Amz-Cf-Id: WkugpaUDqe4RO8f4flhcVs0hqsKLEXCfD8V0LVRTyav8pppk-XtQkA==
2023-04-12 17:57:13,336 - DEBUG - = connection is OPEN
2023-04-12 17:57:13,369 - DEBUG - > TEXT '[2, "568d5adc-876c-42bb-bc6e-23cbc48ba5b4", "Bo...r": "ELC100C-003-001"}]' [175 bytes]
2023-04-12 17:57:13,640 - DEBUG - < TEXT '[3, "568d5adc-876c-42bb-bc6e-23cbc48ba5b4", {"s...13Z", "interval": 300}]' [123 bytes]
2023-04-12 17:57:17,040 - DEBUG - Starting new HTTPS connection (1): rgw.devevspcharger.uplus.co.kr:443
2023-04-12 17:57:17,691 - DEBUG - https://rgw.devevspcharger.uplus.co.kr:443 "POST /ioc HTTP/1.1" 200 148
2023-04-12 17:57:17,705 - DEBUG - < TEXT '[2, "5647e6c5-5276-4694-8967-825b8fdfadc5", "Ge...izeRemoteTxRequests"]}]' [103 bytes]
2023-04-12 17:57:17,709 - DEBUG - > TEXT '[3, "5647e6c5-5276-4694-8967-825b8fdfadc5", {"c...ue", "value": "300"}]}]' [141 bytes]
2023-04-12 17:57:17,874 - DEBUG - < TEXT '' [0 bytes]
2023-04-12 17:57:19,698 - DEBUG - Starting new HTTPS connection (1): rgw.devevspcharger.uplus.co.kr:443
2023-04-12 17:57:20,215 - DEBUG - https://rgw.devevspcharger.uplus.co.kr:443 "POST /ioc HTTP/1.1" 200 164
2023-04-12 17:57:20,230 - DEBUG - < TEXT '[2, "fbcb819e-1533-4ec4-bf5f-461ac6724e89", "Ch...rval", "value": "300"}]' [119 bytes]
2023-04-12 17:57:20,239 - DEBUG - > TEXT '[3, "fbcb819e-1533-4ec4-bf5f-461ac6724e89", {"status": "Accepted"}]' [67 bytes]
2023-04-12 17:57:20,405 - DEBUG - < TEXT '' [0 bytes]
2023-04-12 17:57:20,448 - DEBUG - > TEXT '[2, "568d5adc-876c-42bb-bc6e-23cbc48ba5b4", "St..."status": "Available"}]' [132 bytes]
2023-04-12 17:57:20,641 - DEBUG - < TEXT '[3, "568d5adc-876c-42bb-bc6e-23cbc48ba5b4", {}]' [47 bytes]
2023-04-12 17:57:23,569 - DEBUG - % sending keepalive ping
2023-04-12 17:57:23,570 - DEBUG - > PING 58 c1 59 4a [binary, 4 bytes]
2023-04-12 17:57:23,579 - DEBUG - < PONG 58 c1 59 4a [binary, 4 bytes]
2023-04-12 17:57:23,583 - DEBUG - % received keepalive pong
2023-04-12 17:57:33,353 - DEBUG - % sending keepalive ping
2023-04-12 17:57:33,354 - DEBUG - > PING dc fc 81 f5 [binary, 4 bytes]
2023-04-12 17:57:33,366 - DEBUG - < PONG dc fc 81 f5 [binary, 4 bytes]
2023-04-12 17:57:33,370 - DEBUG - % received keepalive pong
2023-04-12 17:57:43,573 - DEBUG - % sending keepalive ping
2023-04-12 17:57:43,573 - DEBUG - > PING 9f 27 a0 27 [binary, 4 bytes]
2023-04-12 17:57:43,584 - DEBUG - < PONG 9f 27 a0 27 [binary, 4 bytes]
2023-04-12 17:57:43,586 - DEBUG - % received keepalive pong
2023-04-12 17:57:53,352 - DEBUG - % sending keepalive ping
2023-04-12 17:57:53,352 - DEBUG - > PING 8f fc b3 d6 [binary, 4 bytes]
2023-04-12 17:57:53,363 - DEBUG - < PONG 8f fc b3 d6 [binary, 4 bytes]
2023-04-12 17:57:53,366 - DEBUG - % received keepalive pong
2023-04-12 17:58:03,573 - DEBUG - % sending keepalive ping
2023-04-12 17:58:03,573 - DEBUG - > PING 27 ec b2 db [binary, 4 bytes]
2023-04-12 17:58:03,595 - DEBUG - < PONG 27 ec b2 db [binary, 4 bytes]
2023-04-12 17:58:03,600 - DEBUG - % received keepalive pong
2023-04-12 17:58:13,344 - DEBUG - % sending keepalive ping
2023-04-12 17:58:13,344 - DEBUG - > PING dc 4d e7 72 [binary, 4 bytes]
2023-04-12 17:58:13,356 - DEBUG - < PONG dc 4d e7 72 [binary, 4 bytes]
2023-04-12 17:58:13,363 - DEBUG - % received keepalive pong
2023-04-12 17:58:23,599 - DEBUG - % sending keepalive ping
2023-04-12 17:58:23,599 - DEBUG - > PING 9a 8b 0e 16 [binary, 4 bytes]
2023-04-12 17:58:23,609 - DEBUG - < PONG 9a 8b 0e 16 [binary, 4 bytes]
2023-04-12 17:58:23,622 - DEBUG - % received keepalive pong
2023-04-12 17:58:33,349 - DEBUG - % sending keepalive ping
2023-04-12 17:58:33,349 - DEBUG - > PING 99 00 00 bc [binary, 4 bytes]
2023-04-12 17:58:33,362 - DEBUG - < PONG 99 00 00 bc [binary, 4 bytes]
2023-04-12 17:58:33,369 - DEBUG - % received keepalive pong
2023-04-12 17:58:43,627 - DEBUG - % sending keepalive ping
2023-04-12 17:58:43,628 - DEBUG - > PING '9I\u06ac' [text, 4 bytes]
2023-04-12 17:58:43,663 - DEBUG - < PONG '9I\u06ac' [text, 4 bytes]
2023-04-12 17:58:43,666 - DEBUG - % received keepalive pong
2023-04-12 17:58:53,351 - DEBUG - % sending keepalive ping
2023-04-12 17:58:53,351 - DEBUG - > PING 94 58 11 d6 [binary, 4 bytes]
2023-04-12 17:58:53,361 - DEBUG - < PONG 94 58 11 d6 [binary, 4 bytes]
2023-04-12 17:58:53,368 - DEBUG - % received keepalive pong
2023-04-12 17:59:03,648 - DEBUG - % sending keepalive ping
2023-04-12 17:59:03,648 - DEBUG - > PING '\x17\x19\x15,' [text, 4 bytes]
2023-04-12 17:59:03,659 - DEBUG - < PONG '\x17\x19\x15,' [text, 4 bytes]
2023-04-12 17:59:03,664 - DEBUG - % received keepalive pong
2023-04-12 17:59:13,342 - DEBUG - % sending keepalive ping
2023-04-12 17:59:13,343 - DEBUG - > PING 0d b6 b3 06 [binary, 4 bytes]
2023-04-12 17:59:13,353 - DEBUG - < PONG 0d b6 b3 06 [binary, 4 bytes]
2023-04-12 17:59:13,361 - DEBUG - % received keepalive pong
2023-04-12 17:59:23,652 - DEBUG - % sending keepalive ping
2023-04-12 17:59:23,652 - DEBUG - > PING 'A>5\r' [text, 4 bytes]
2023-04-12 17:59:23,665 - DEBUG - < PONG 'A>5\r' [text, 4 bytes]
2023-04-12 17:59:23,669 - DEBUG - % received keepalive pong
2023-04-12 17:59:33,351 - DEBUG - % sending keepalive ping
2023-04-12 17:59:33,351 - DEBUG - > PING 77 bb 16 e9 [binary, 4 bytes]
2023-04-12 17:59:33,364 - DEBUG - < PONG 77 bb 16 e9 [binary, 4 bytes]
2023-04-12 17:59:33,366 - DEBUG - % received keepalive pong
2023-04-12 17:59:43,676 - DEBUG - % sending keepalive ping
2023-04-12 17:59:43,677 - DEBUG - > PING ec 77 5d f6 [binary, 4 bytes]
2023-04-12 17:59:43,687 - DEBUG - < PONG ec 77 5d f6 [binary, 4 bytes]
2023-04-12 17:59:43,692 - DEBUG - % received keepalive pong
2023-04-12 17:59:53,344 - DEBUG - % sending keepalive ping
2023-04-12 17:59:53,345 - DEBUG - > PING '\x129WD' [text, 4 bytes]
2023-04-12 17:59:53,355 - DEBUG - < PONG '\x129WD' [text, 4 bytes]
2023-04-12 17:59:53,360 - DEBUG - % received keepalive pong
2023-04-12 18:00:03,690 - DEBUG - % sending keepalive ping
2023-04-12 18:00:03,690 - DEBUG - > PING 95 88 84 e1 [binary, 4 bytes]
2023-04-12 18:00:03,703 - DEBUG - < PONG 95 88 84 e1 [binary, 4 bytes]
2023-04-12 18:00:03,707 - DEBUG - % received keepalive pong
2023-04-12 18:00:13,349 - DEBUG - % sending keepalive ping
2023-04-12 18:00:13,349 - DEBUG - > PING 64 a3 49 6f [binary, 4 bytes]
2023-04-12 18:00:13,359 - DEBUG - < PONG 64 a3 49 6f [binary, 4 bytes]
2023-04-12 18:00:13,365 - DEBUG - % received keepalive pong
2023-04-12 18:00:23,698 - DEBUG - % sending keepalive ping
2023-04-12 18:00:23,699 - DEBUG - > PING 1b 12 64 aa [binary, 4 bytes]
2023-04-12 18:00:23,717 - DEBUG - < PONG 1b 12 64 aa [binary, 4 bytes]
2023-04-12 18:00:23,720 - DEBUG - % received keepalive pong
2023-04-12 18:00:33,352 - DEBUG - % sending keepalive ping
2023-04-12 18:00:33,352 - DEBUG - > PING 's59d' [text, 4 bytes]
2023-04-12 18:00:33,368 - DEBUG - < PONG 's59d' [text, 4 bytes]
2023-04-12 18:00:33,384 - DEBUG - % received keepalive pong
2023-04-12 18:00:43,714 - DEBUG - % sending keepalive ping
2023-04-12 18:00:43,715 - DEBUG - > PING 56 f7 a1 a1 [binary, 4 bytes]
2023-04-12 18:00:43,726 - DEBUG - < PONG 56 f7 a1 a1 [binary, 4 bytes]
2023-04-12 18:00:43,732 - DEBUG - % received keepalive pong
2023-04-12 18:00:52,544 - DEBUG - = connection is CONNECTING
2023-04-12 18:00:52,608 - DEBUG - > GET /ocpp16/ELC100C-003/ELC100C-003-001 HTTP/1.1
2023-04-12 18:00:52,608 - DEBUG - > Host: ws.devevspcharger.uplus.co.kr
2023-04-12 18:00:52,608 - DEBUG - > Upgrade: websocket
2023-04-12 18:00:52,608 - DEBUG - > Connection: Upgrade
2023-04-12 18:00:52,609 - DEBUG - > Sec-WebSocket-Key: EpcDsZIAA4qB5OtCLGHnNA==
2023-04-12 18:00:52,609 - DEBUG - > Sec-WebSocket-Version: 13
2023-04-12 18:00:52,609 - DEBUG - > Sec-WebSocket-Extensions: permessage-deflate; client_max_window_bits
2023-04-12 18:00:52,609 - DEBUG - > Sec-WebSocket-Protocol: ocpp1.6
2023-04-12 18:00:52,609 - DEBUG - > Authorization: Basic RVZBUjpFVkFSTEdV
2023-04-12 18:00:52,609 - DEBUG - > User-Agent: Python/3.11 websockets/10.4
2023-04-12 18:00:53,260 - DEBUG - < HTTP/1.1 101 Switching Protocols
2023-04-12 18:00:53,260 - DEBUG - < Connection: upgrade
2023-04-12 18:00:53,260 - DEBUG - < Date: Wed, 12 Apr 2023 09:00:53 GMT
2023-04-12 18:00:53,260 - DEBUG - < sec-websocket-protocol: ocpp1.6
2023-04-12 18:00:53,261 - DEBUG - < upgrade: websocket
2023-04-12 18:00:53,261 - DEBUG - < sec-websocket-accept: /IwiUku6NSlhJzpWziY77mcgKRQ=
2023-04-12 18:00:53,261 - DEBUG - < sec-websocket-extensions: permessage-deflate
2023-04-12 18:00:53,261 - DEBUG - < X-Cache: Miss from cloudfront
2023-04-12 18:00:53,261 - DEBUG - < Via: 1.1 47d972c0543b96b8ef5a6c3258e80bf0.cloudfront.net (CloudFront)
2023-04-12 18:00:53,261 - DEBUG - < X-Amz-Cf-Pop: ICN57-P2
2023-04-12 18:00:53,262 - DEBUG - < X-Amz-Cf-Id: X9tvDdvVEYjTUUwgG6C48HP8aWMxi46ODU5MpJ20ZzcDsrqcrVXHWQ==
2023-04-12 18:00:53,262 - DEBUG - = connection is OPEN
2023-04-12 18:00:53,306 - DEBUG - > TEXT '[2, "8fc5039d-111c-4191-9229-d1266a2d0951", "Bo...r": "ELC100C-003-001"}]' [175 bytes]
2023-04-12 18:00:53,372 - DEBUG - % sending keepalive ping
2023-04-12 18:00:53,372 - DEBUG - > PING 50 34 a5 6e [binary, 4 bytes]
2023-04-12 18:00:53,387 - DEBUG - < PONG 50 34 a5 6e [binary, 4 bytes]
2023-04-12 18:00:53,391 - DEBUG - % received keepalive pong
2023-04-12 18:00:53,735 - DEBUG - < TEXT '[3, "8fc5039d-111c-4191-9229-d1266a2d0951", {"s...53Z", "interval": 300}]' [123 bytes]
2023-04-12 18:00:53,787 - DEBUG - > TEXT '[2, "8fc5039d-111c-4191-9229-d1266a2d0951", "St..."status": "Preparing"}]' [132 bytes]
2023-04-12 18:00:53,995 - DEBUG - < TEXT '[3, "8fc5039d-111c-4191-9229-d1266a2d0951", {}]' [47 bytes]
2023-04-12 18:00:54,038 - DEBUG - > TEXT '[2, "8fc5039d-111c-4191-9229-d1266a2d0951", "Au...": "1031040000069641"}]' [87 bytes]
2023-04-12 18:00:54,255 - DEBUG - < TEXT '[3, "8fc5039d-111c-4191-9229-d1266a2d0951", {"i..."status": "Accepted"}}]' [82 bytes]
2023-04-12 18:00:54,310 - DEBUG - > TEXT '[2, "85e6440e-558e-465c-8686-265738c4b3b2", "St...2023-04-12T18:00:52Z"}]' [170 bytes]
2023-04-12 18:00:54,659 - DEBUG - < TEXT '[3, "85e6440e-558e-465c-8686-265738c4b3b2", {"t..."status": "Accepted"}}]' [110 bytes]
2023-04-12 18:00:54,715 - DEBUG - > TEXT '[2, "8fc5039d-111c-4191-9229-d1266a2d0951", "St... "status": "Charging"}]' [131 bytes]
2023-04-12 18:00:54,959 - DEBUG - < TEXT '[3, "8fc5039d-111c-4191-9229-d1266a2d0951", {}]' [47 bytes]
2023-04-12 18:00:55,020 - DEBUG - > TEXT '[2, "c6da46fd-07ca-46db-a717-4b2864e3cab8", "Me...er", "unit": "Wh"}]}]}]' [259 bytes]
2023-04-12 18:00:55,355 - DEBUG - < TEXT '[3, "c6da46fd-07ca-46db-a717-4b2864e3cab8", {}]' [47 bytes]
2023-04-12 18:00:55,413 - DEBUG - > TEXT '[2, "8fc5039d-111c-4191-9229-d1266a2d0951", "St...tatus": "SuspendedEV"}]' [134 bytes]
2023-04-12 18:00:55,675 - DEBUG - < TEXT '[3, "8fc5039d-111c-4191-9229-d1266a2d0951", {}]' [47 bytes]
2023-04-12 18:00:55,753 - DEBUG - > TEXT '[2, "b70c57a1-33f4-49cd-bf4f-8d8ca8acd15d", "St...sactionId": 120533816}]' [149 bytes]
2023-04-12 18:00:56,149 - DEBUG - < TEXT '[3, "b70c57a1-33f4-49cd-bf4f-8d8ca8acd15d", {"i..."status": "Accepted"}}]' [82 bytes]
2023-04-12 18:00:56,216 - DEBUG - > TEXT '[2, "8fc5039d-111c-4191-9229-d1266a2d0951", "St..."status": "Finishing"}]' [132 bytes]
2023-04-12 18:00:56,417 - DEBUG - < TEXT '[3, "8fc5039d-111c-4191-9229-d1266a2d0951", {}]' [47 bytes]
2023-04-12 18:00:56,472 - DEBUG - > TEXT '[2, "8fc5039d-111c-4191-9229-d1266a2d0951", "St..."status": "Available"}]' [132 bytes]
2023-04-12 18:00:56,675 - DEBUG - < TEXT '[3, "8fc5039d-111c-4191-9229-d1266a2d0951", {}]' [47 bytes]
2023-04-12 18:00:56,707 - DEBUG - = connection is CLOSING
2023-04-12 18:00:56,707 - DEBUG - > CLOSE 1000 (OK) [2 bytes]
2023-04-12 18:00:56,717 - DEBUG - < CLOSE 1000 (OK) [2 bytes]
2023-04-12 18:00:56,721 - DEBUG - = connection is CLOSED
2023-04-12 18:01:03,723 - DEBUG - % sending keepalive ping
2023-04-12 18:01:03,723 - DEBUG - > PING 90 e3 8d dd [binary, 4 bytes]
2023-04-12 18:01:03,734 - DEBUG - < PONG 90 e3 8d dd [binary, 4 bytes]
2023-04-12 18:01:03,744 - DEBUG - % received keepalive pong
2023-04-12 18:01:13,387 - DEBUG - % sending keepalive ping
2023-04-12 18:01:13,387 - DEBUG - > PING bf e0 52 1d [binary, 4 bytes]
2023-04-12 18:01:13,398 - DEBUG - < PONG bf e0 52 1d [binary, 4 bytes]
2023-04-12 18:01:13,403 - DEBUG - % received keepalive pong
2023-04-12 18:01:23,727 - DEBUG - % sending keepalive ping
2023-04-12 18:01:23,728 - DEBUG - > PING 96 9a 3a 82 [binary, 4 bytes]
2023-04-12 18:01:23,737 - DEBUG - < PONG 96 9a 3a 82 [binary, 4 bytes]
2023-04-12 18:01:23,739 - DEBUG - % received keepalive pong
2023-04-12 18:01:33,394 - DEBUG - % sending keepalive ping
2023-04-12 18:01:33,394 - DEBUG - > PING 75 6a f4 a8 [binary, 4 bytes]
2023-04-12 18:01:33,406 - DEBUG - < PONG 75 6a f4 a8 [binary, 4 bytes]
2023-04-12 18:01:33,411 - DEBUG - % received keepalive pong
2023-04-12 18:01:43,725 - DEBUG - % sending keepalive ping
2023-04-12 18:01:43,725 - DEBUG - > PING 2b 2e 8e c4 [binary, 4 bytes]
2023-04-12 18:01:43,734 - DEBUG - < PONG 2b 2e 8e c4 [binary, 4 bytes]
2023-04-12 18:01:43,742 - DEBUG - % received keepalive pong
2023-04-12 18:01:53,397 - DEBUG - % sending keepalive ping
2023-04-12 18:01:53,397 - DEBUG - > PING 14 ec 2f 90 [binary, 4 bytes]
2023-04-12 18:01:53,408 - DEBUG - < PONG 14 ec 2f 90 [binary, 4 bytes]
2023-04-12 18:01:53,415 - DEBUG - % received keepalive pong
2023-04-12 18:02:03,725 - DEBUG - % sending keepalive ping
2023-04-12 18:02:03,725 - DEBUG - > PING d9 17 08 cd [binary, 4 bytes]
2023-04-12 18:02:03,740 - DEBUG - < PONG d9 17 08 cd [binary, 4 bytes]
2023-04-12 18:02:03,742 - DEBUG - % received keepalive pong
2023-04-12 18:02:13,392 - DEBUG - % sending keepalive ping
2023-04-12 18:02:13,392 - DEBUG - > PING 06 7d aa 31 [binary, 4 bytes]
2023-04-12 18:02:13,405 - DEBUG - < PONG 06 7d aa 31 [binary, 4 bytes]
2023-04-12 18:02:13,422 - DEBUG - % received keepalive pong
2023-04-12 18:02:23,719 - DEBUG - % sending keepalive ping
2023-04-12 18:02:23,719 - DEBUG - > PING '\u0a56\x0f' [text, 4 bytes]
2023-04-12 18:02:23,734 - DEBUG - < PONG '\u0a56\x0f' [text, 4 bytes]
2023-04-12 18:02:23,738 - DEBUG - % received keepalive pong
2023-04-12 18:02:33,425 - DEBUG - % sending keepalive ping
2023-04-12 18:02:33,425 - DEBUG - > PING 14 0e e5 95 [binary, 4 bytes]
2023-04-12 18:02:33,441 - DEBUG - < PONG 14 0e e5 95 [binary, 4 bytes]
2023-04-12 18:02:33,444 - DEBUG - % received keepalive pong
2023-04-12 18:02:43,724 - DEBUG - % sending keepalive ping
2023-04-12 18:02:43,724 - DEBUG - > PING 73 da 6c a9 [binary, 4 bytes]
2023-04-12 18:02:43,735 - DEBUG - < PONG 73 da 6c a9 [binary, 4 bytes]
2023-04-12 18:02:43,741 - DEBUG - % received keepalive pong
2023-04-12 18:02:53,442 - DEBUG - % sending keepalive ping
2023-04-12 18:02:53,443 - DEBUG - > PING 74 38 f2 64 [binary, 4 bytes]
2023-04-12 18:02:53,453 - DEBUG - < PONG 74 38 f2 64 [binary, 4 bytes]
2023-04-12 18:02:53,468 - DEBUG - % received keepalive pong
2023-04-12 18:03:03,727 - DEBUG - % sending keepalive ping
2023-04-12 18:03:03,728 - DEBUG - > PING '>KNj' [text, 4 bytes]
2023-04-12 18:03:03,748 - DEBUG - < PONG '>KNj' [text, 4 bytes]
2023-04-12 18:03:03,758 - DEBUG - % received keepalive pong
2023-04-12 18:03:13,472 - DEBUG - % sending keepalive ping
2023-04-12 18:03:13,472 - DEBUG - > PING b4 41 53 f9 [binary, 4 bytes]
2023-04-12 18:03:13,485 - DEBUG - < PONG b4 41 53 f9 [binary, 4 bytes]
2023-04-12 18:03:13,490 - DEBUG - % received keepalive pong
2023-04-12 18:03:23,752 - DEBUG - % sending keepalive ping
2023-04-12 18:03:23,752 - DEBUG - > PING 62 58 22 de [binary, 4 bytes]
2023-04-12 18:03:23,770 - DEBUG - < PONG 62 58 22 de [binary, 4 bytes]
2023-04-12 18:03:23,773 - DEBUG - % received keepalive pong
2023-04-12 18:03:29,691 - DEBUG - = connection is CLOSING
2023-04-12 18:03:29,691 - DEBUG - > CLOSE 1000 (OK) [2 bytes]
2023-04-12 18:03:29,708 - DEBUG - < CLOSE 1000 (OK) [2 bytes]
2023-04-12 18:03:29,714 - DEBUG - = connection is CLOSED
2023-04-12 18:03:33,477 - DEBUG - % sending keepalive ping
2023-04-12 18:03:33,477 - DEBUG - > PING f8 9f 4c c2 [binary, 4 bytes]
2023-04-12 18:03:33,488 - DEBUG - < PONG f8 9f 4c c2 [binary, 4 bytes]
2023-04-12 18:03:33,493 - DEBUG - % received keepalive pong
2023-04-12 18:03:53,465 - DEBUG - % sending keepalive ping
2023-04-12 18:03:53,465 - DEBUG - > PING cb 73 be 78 [binary, 4 bytes]
2023-04-12 18:03:53,480 - DEBUG - < PONG cb 73 be 78 [binary, 4 bytes]
2023-04-12 18:03:53,484 - DEBUG - % received keepalive pong
2023-04-12 18:04:13,476 - DEBUG - % sending keepalive ping
2023-04-12 18:04:13,476 - DEBUG - > PING 29 2c 8c f0 [binary, 4 bytes]
2023-04-12 18:04:13,486 - DEBUG - < PONG 29 2c 8c f0 [binary, 4 bytes]
2023-04-12 18:04:13,490 - DEBUG - % received keepalive pong
2023-04-12 18:04:19,751 - DEBUG - = connection is CONNECTING
2023-04-12 18:04:19,784 - DEBUG - > GET /ocpp16/ELC100C-003/ELC100C-003-001 HTTP/1.1
2023-04-12 18:04:19,785 - DEBUG - > Host: ws.devevspcharger.uplus.co.kr
2023-04-12 18:04:19,785 - DEBUG - > Upgrade: websocket
2023-04-12 18:04:19,785 - DEBUG - > Connection: Upgrade
2023-04-12 18:04:19,785 - DEBUG - > Sec-WebSocket-Key: RGzlxzUPinc8bWm1VIrovA==
2023-04-12 18:04:19,785 - DEBUG - > Sec-WebSocket-Version: 13
2023-04-12 18:04:19,785 - DEBUG - > Sec-WebSocket-Extensions: permessage-deflate; client_max_window_bits
2023-04-12 18:04:19,785 - DEBUG - > Sec-WebSocket-Protocol: ocpp1.6
2023-04-12 18:04:19,785 - DEBUG - > Authorization: Basic RVZBUjpFVkFSTEdV
2023-04-12 18:04:19,785 - DEBUG - > User-Agent: Python/3.11 websockets/10.4
2023-04-12 18:04:20,335 - DEBUG - < HTTP/1.1 101 Switching Protocols
2023-04-12 18:04:20,335 - DEBUG - < Connection: upgrade
2023-04-12 18:04:20,335 - DEBUG - < Date: Wed, 12 Apr 2023 09:04:20 GMT
2023-04-12 18:04:20,336 - DEBUG - < sec-websocket-protocol: ocpp1.6
2023-04-12 18:04:20,336 - DEBUG - < upgrade: websocket
2023-04-12 18:04:20,336 - DEBUG - < sec-websocket-accept: yNPCDSiCm9T4fHYJgsD0gl4aP2k=
2023-04-12 18:04:20,336 - DEBUG - < sec-websocket-extensions: permessage-deflate
2023-04-12 18:04:20,336 - DEBUG - < X-Cache: Miss from cloudfront
2023-04-12 18:04:20,336 - DEBUG - < Via: 1.1 967cab954a1c41e7f76f472d706ab3a0.cloudfront.net (CloudFront)
2023-04-12 18:04:20,336 - DEBUG - < X-Amz-Cf-Pop: ICN57-P2
2023-04-12 18:04:20,336 - DEBUG - < X-Amz-Cf-Id: BXISJOptD07A6jXvKrtPKh7xH07Pnjir_lsPXO0Hn4ANadmm0L4bdQ==
2023-04-12 18:04:20,337 - DEBUG - = connection is OPEN
2023-04-12 18:04:20,371 - DEBUG - > TEXT '[2, "bf5f65de-8e58-451d-98fd-e110b406c899", "Bo...r": "ELC100C-003-001"}]' [175 bytes]
2023-04-12 18:04:20,825 - DEBUG - < TEXT '[3, "bf5f65de-8e58-451d-98fd-e110b406c899", {"s...20Z", "interval": 300}]' [123 bytes]
2023-04-12 18:04:24,660 - DEBUG - Starting new HTTPS connection (1): rgw.devevspcharger.uplus.co.kr:443
2023-04-12 18:04:26,172 - DEBUG - https://rgw.devevspcharger.uplus.co.kr:443 "POST /ioc HTTP/1.1" 200 148
2023-04-12 18:04:26,182 - DEBUG - < TEXT '[2, "c7d5405d-f03e-42eb-b315-c4aea4740b96", "Ge...izeRemoteTxRequests"]}]' [103 bytes]
2023-04-12 18:04:26,189 - DEBUG - > TEXT '[3, "c7d5405d-f03e-42eb-b315-c4aea4740b96", {"c...ue", "value": "300"}]}]' [141 bytes]
2023-04-12 18:04:26,361 - DEBUG - < TEXT '' [0 bytes]
2023-04-12 18:04:28,322 - DEBUG - Starting new HTTPS connection (1): rgw.devevspcharger.uplus.co.kr:443
2023-04-12 18:04:28,733 - DEBUG - https://rgw.devevspcharger.uplus.co.kr:443 "POST /ioc HTTP/1.1" 200 164
2023-04-12 18:04:28,748 - DEBUG - < TEXT '[2, "9f853a6b-74ca-4e44-9d2f-730a54e764b5", "Ch...rval", "value": "300"}]' [119 bytes]
2023-04-12 18:04:28,756 - DEBUG - > TEXT '[3, "9f853a6b-74ca-4e44-9d2f-730a54e764b5", {"status": "Accepted"}]' [67 bytes]
2023-04-12 18:04:28,953 - DEBUG - < TEXT '' [0 bytes]
2023-04-12 18:04:28,988 - DEBUG - > TEXT '[2, "bf5f65de-8e58-451d-98fd-e110b406c899", "St..."status": "Available"}]' [132 bytes]
2023-04-12 18:04:29,222 - DEBUG - < TEXT '[3, "bf5f65de-8e58-451d-98fd-e110b406c899", {}]' [47 bytes]
2023-04-12 18:04:33,480 - DEBUG - % sending keepalive ping
2023-04-12 18:04:33,480 - DEBUG - > PING '\x11Zv;' [text, 4 bytes]
2023-04-12 18:04:33,493 - DEBUG - < PONG '\x11Zv;' [text, 4 bytes]
2023-04-12 18:04:33,497 - DEBUG - % received keepalive pong
2023-04-12 18:04:39,304 - DEBUG - < TEXT '[2, "20230412180439069", "RemoteStartTransactio...": "1031040000069641"}]' [391 bytes]
2023-04-12 18:04:39,317 - DEBUG - > TEXT '[3, "20230412180439069", {"status": "Accepted"}]' [48 bytes]
2023-04-12 18:04:39,478 - DEBUG - < TEXT '' [0 bytes]
2023-04-12 18:04:39,524 - DEBUG - > TEXT '[2, "bf5f65de-8e58-451d-98fd-e110b406c899", "St..."status": "Preparing"}]' [132 bytes]
2023-04-12 18:04:39,707 - DEBUG - < TEXT '[3, "bf5f65de-8e58-451d-98fd-e110b406c899", {}]' [47 bytes]
2023-04-12 18:04:39,761 - DEBUG - > TEXT '[2, "e548a1d1-64d6-43ad-b2af-7851dc1a8534", "St...2023-04-12T18:04:19Z"}]' [170 bytes]
2023-04-12 18:04:40,124 - DEBUG - < TEXT '[3, "e548a1d1-64d6-43ad-b2af-7851dc1a8534", {"t..."status": "Accepted"}}]' [110 bytes]
2023-04-12 18:04:40,183 - DEBUG - > TEXT '[2, "bf5f65de-8e58-451d-98fd-e110b406c899", "St... "status": "Charging"}]' [131 bytes]
2023-04-12 18:04:40,340 - DEBUG - % sending keepalive ping
2023-04-12 18:04:40,341 - DEBUG - > PING 76 da fb 5c [binary, 4 bytes]
2023-04-12 18:04:40,353 - DEBUG - < PONG 76 da fb 5c [binary, 4 bytes]
2023-04-12 18:04:40,369 - DEBUG - % received keepalive pong
2023-04-12 18:04:40,377 - DEBUG - < TEXT '[3, "bf5f65de-8e58-451d-98fd-e110b406c899", {}]' [47 bytes]
2023-04-12 18:04:53,500 - DEBUG - % sending keepalive ping
2023-04-12 18:04:53,500 - DEBUG - > PING a5 d2 ee 31 [binary, 4 bytes]
2023-04-12 18:04:53,510 - DEBUG - < PONG a5 d2 ee 31 [binary, 4 bytes]
2023-04-12 18:04:53,523 - DEBUG - % received keepalive pong
2023-04-12 18:05:00,230 - DEBUG - < TEXT '[2, "20230412180439069", "RemoteStopTransaction...sactionId": 120533818}]' [79 bytes]
2023-04-12 18:05:00,234 - DEBUG - > TEXT '[3, "20230412180439069", {"status": "Accepted"}]' [48 bytes]
2023-04-12 18:05:00,344 - DEBUG - % sending keepalive ping
2023-04-12 18:05:00,344 - DEBUG - > PING 1c 97 fa 01 [binary, 4 bytes]
2023-04-12 18:05:00,363 - DEBUG - < PONG 1c 97 fa 01 [binary, 4 bytes]
2023-04-12 18:05:00,366 - DEBUG - % received keepalive pong
2023-04-12 18:05:00,419 - DEBUG - < TEXT '' [0 bytes]
2023-04-12 18:05:00,454 - DEBUG - > TEXT '[2, "e0c302d7-5445-4067-be84-e78789706188", "St...sactionId": 120533818}]' [149 bytes]
2023-04-12 18:05:00,837 - DEBUG - < TEXT '[3, "e0c302d7-5445-4067-be84-e78789706188", {"i..."status": "Accepted"}}]' [82 bytes]
2023-04-12 18:05:00,872 - DEBUG - > TEXT '[2, "bf5f65de-8e58-451d-98fd-e110b406c899", "St..."status": "Finishing"}]' [132 bytes]
2023-04-12 18:05:01,079 - DEBUG - < TEXT '[3, "bf5f65de-8e58-451d-98fd-e110b406c899", {}]' [47 bytes]
2023-04-12 18:05:01,116 - DEBUG - > TEXT '[2, "bf5f65de-8e58-451d-98fd-e110b406c899", "St..."status": "Available"}]' [132 bytes]
2023-04-12 18:05:01,319 - DEBUG - < TEXT '[3, "bf5f65de-8e58-451d-98fd-e110b406c899", {}]' [47 bytes]
2023-04-12 18:05:01,343 - DEBUG - = connection is CLOSING
2023-04-12 18:05:01,343 - DEBUG - > CLOSE 1000 (OK) [2 bytes]
2023-04-12 18:05:01,357 - DEBUG - < CLOSE 1000 (OK) [2 bytes]
2023-04-12 18:05:01,362 - DEBUG - = connection is CLOSED
2023-04-12 18:05:13,522 - DEBUG - % sending keepalive ping
2023-04-12 18:05:13,522 - DEBUG - > PING 40 51 3e dc [binary, 4 bytes]
2023-04-12 18:05:13,537 - DEBUG - < PONG 40 51 3e dc [binary, 4 bytes]
2023-04-12 18:05:13,542 - DEBUG - % received keepalive pong
2023-04-12 18:05:33,556 - DEBUG - % sending keepalive ping
2023-04-12 18:05:33,556 - DEBUG - > PING 6f 67 7f 80 [binary, 4 bytes]
2023-04-12 18:05:33,568 - DEBUG - < PONG 6f 67 7f 80 [binary, 4 bytes]
2023-04-12 18:05:33,572 - DEBUG - % received keepalive pong
2023-04-12 18:05:53,571 - DEBUG - % sending keepalive ping
2023-04-12 18:05:53,572 - DEBUG - > PING 65 5e c9 e2 [binary, 4 bytes]
2023-04-12 18:05:53,585 - DEBUG - < PONG 65 5e c9 e2 [binary, 4 bytes]
2023-04-12 18:05:53,588 - DEBUG - % received keepalive pong
2023-04-12 18:06:13,584 - DEBUG - % sending keepalive ping
2023-04-12 18:06:13,584 - DEBUG - > PING 80 2c 8e 37 [binary, 4 bytes]
2023-04-12 18:06:13,603 - DEBUG - < PONG 80 2c 8e 37 [binary, 4 bytes]
2023-04-12 18:06:13,618 - DEBUG - % received keepalive pong
2023-04-13 08:24:28,393 - DEBUG - % sending keepalive ping
2023-04-13 08:24:28,393 - DEBUG - > PING 6f c2 4a 63 [binary, 4 bytes]
2023-04-13 08:24:28,403 - DEBUG - = connection is CLOSING
2023-04-13 08:24:28,403 - DEBUG - > CLOSE 1000 (OK) [2 bytes]
2023-04-13 08:24:46,318 - DEBUG - = connection is CLOSED
2023-04-13 09:04:42,377 - DEBUG - = connection is CONNECTING
2023-04-13 09:04:42,437 - DEBUG - > GET /ocpp16/ELC050C-001/ELC050C-001-001 HTTP/1.1
2023-04-13 09:04:42,437 - DEBUG - > Host: ws.devevspcharger.uplus.co.kr
2023-04-13 09:04:42,438 - DEBUG - > Upgrade: websocket
2023-04-13 09:04:42,438 - DEBUG - > Connection: Upgrade
2023-04-13 09:04:42,438 - DEBUG - > Sec-WebSocket-Key: fFt0EHWYW1YDfBjv9T9daw==
2023-04-13 09:04:42,438 - DEBUG - > Sec-WebSocket-Version: 13
2023-04-13 09:04:42,438 - DEBUG - > Sec-WebSocket-Extensions: permessage-deflate; client_max_window_bits
2023-04-13 09:04:42,438 - DEBUG - > Sec-WebSocket-Protocol: ocpp1.6
2023-04-13 09:04:42,438 - DEBUG - > Authorization: Basic RVZBUjpFVkFSTEdV
2023-04-13 09:04:42,438 - DEBUG - > User-Agent: Python/3.11 websockets/10.4
2023-04-13 09:04:43,895 - DEBUG - < HTTP/1.1 101 Switching Protocols
2023-04-13 09:04:43,895 - DEBUG - < Connection: upgrade
2023-04-13 09:04:43,896 - DEBUG - < Date: Thu, 13 Apr 2023 00:04:43 GMT
2023-04-13 09:04:43,896 - DEBUG - < sec-websocket-protocol: ocpp1.6
2023-04-13 09:04:43,897 - DEBUG - < upgrade: websocket
2023-04-13 09:04:43,897 - DEBUG - < sec-websocket-accept: WErsMeqs/MaMnnl3svZNv/cEABc=
2023-04-13 09:04:43,897 - DEBUG - < sec-websocket-extensions: permessage-deflate
2023-04-13 09:04:43,897 - DEBUG - < X-Cache: Miss from cloudfront
2023-04-13 09:04:43,897 - DEBUG - < Via: 1.1 c6ed8cd25e4ec3b0d1a9c72155758a62.cloudfront.net (CloudFront)
2023-04-13 09:04:43,898 - DEBUG - < X-Amz-Cf-Pop: ICN57-P2
2023-04-13 09:04:43,898 - DEBUG - < X-Amz-Cf-Id: MZjc5Oc4JVJI2DbpUW7mva6T7KOzEUVrI3zxbEDMBKKbaq9Eh-1umQ==
2023-04-13 09:04:43,898 - DEBUG - = connection is OPEN
2023-04-13 09:04:43,953 - DEBUG - > TEXT '[2, "a2095cb6-c2d7-43ac-a949-955ca3bd990c", "Bo...r": "ELC050C-001-001"}]' [175 bytes]
2023-04-13 09:04:44,494 - DEBUG - < TEXT '[3, "a2095cb6-c2d7-43ac-a949-955ca3bd990c", {"s...44Z", "interval": 300}]' [123 bytes]
2023-04-13 09:04:49,233 - DEBUG - Starting new HTTPS connection (1): rgw.devevspcharger.uplus.co.kr:443
2023-04-13 09:04:50,684 - DEBUG - https://rgw.devevspcharger.uplus.co.kr:443 "POST /ioc HTTP/1.1" 200 148
2023-04-13 09:04:50,699 - DEBUG - < TEXT '[2, "916a51d5-d512-47c0-8934-bd36ae2c80a1", "Ge...izeRemoteTxRequests"]}]' [103 bytes]
2023-04-13 09:04:50,704 - DEBUG - > TEXT '[3, "916a51d5-d512-47c0-8934-bd36ae2c80a1", {"c...ue", "value": "300"}]}]' [141 bytes]
2023-04-13 09:04:51,383 - DEBUG - < TEXT '' [0 bytes]
2023-04-13 09:04:53,363 - DEBUG - Starting new HTTPS connection (1): rgw.devevspcharger.uplus.co.kr:443
2023-04-13 09:04:53,807 - DEBUG - https://rgw.devevspcharger.uplus.co.kr:443 "POST /ioc HTTP/1.1" 200 164
2023-04-13 09:04:53,824 - DEBUG - < TEXT '[2, "429cf4da-9ba5-42c8-b47d-eefe76e31928", "Ch...rval", "value": "300"}]' [119 bytes]
2023-04-13 09:04:53,828 - DEBUG - > TEXT '[3, "429cf4da-9ba5-42c8-b47d-eefe76e31928", {"status": "Accepted"}]' [67 bytes]
2023-04-13 09:04:54,005 - DEBUG - < TEXT '' [0 bytes]
2023-04-13 09:04:54,048 - DEBUG - > TEXT '[2, "a2095cb6-c2d7-43ac-a949-955ca3bd990c", "St..."status": "Available"}]' [132 bytes]
2023-04-13 09:04:54,695 - DEBUG - < TEXT '[3, "a2095cb6-c2d7-43ac-a949-955ca3bd990c", {}]' [47 bytes]
2023-04-13 09:05:03,921 - DEBUG - % sending keepalive ping
2023-04-13 09:05:03,922 - DEBUG - > PING 66 1f 8e 7e [binary, 4 bytes]
2023-04-13 09:05:03,932 - DEBUG - < PONG 66 1f 8e 7e [binary, 4 bytes]
2023-04-13 09:05:03,937 - DEBUG - % received keepalive pong
2023-04-13 09:05:12,139 - DEBUG - < TEXT '[2, "20230413090511544", "RemoteStartTransactio...": "1031040000069641"}]' [391 bytes]
2023-04-13 09:05:12,157 - DEBUG - > TEXT '[3, "20230413090511544", {"status": "Accepted"}]' [48 bytes]
2023-04-13 09:05:12,986 - DEBUG - < TEXT '' [0 bytes]
2023-04-13 09:05:13,038 - DEBUG - > TEXT '[2, "a2095cb6-c2d7-43ac-a949-955ca3bd990c", "St..."status": "Preparing"}]' [132 bytes]
2023-04-13 09:05:13,258 - DEBUG - < TEXT '[3, "a2095cb6-c2d7-43ac-a949-955ca3bd990c", {}]' [47 bytes]
2023-04-13 09:05:13,298 - DEBUG - > TEXT '[2, "99bc7ca1-b23e-4897-8487-f0a570bb31df", "St...2023-04-13T09:04:42Z"}]' [170 bytes]
2023-04-13 09:05:14,281 - DEBUG - < TEXT '[3, "99bc7ca1-b23e-4897-8487-f0a570bb31df", {"t...tus": "ConcurrentTx"}}]' [114 bytes]
2023-04-13 09:05:14,320 - DEBUG - = connection is CLOSING
2023-04-13 09:05:14,320 - DEBUG - > CLOSE 1000 (OK) [2 bytes]
2023-04-13 09:05:14,331 - DEBUG - < CLOSE 1000 (OK) [2 bytes]
2023-04-13 09:05:14,335 - DEBUG - = connection is CLOSED
2023-04-13 09:13:16,657 - DEBUG - = connection is CONNECTING
2023-04-13 09:13:16,692 - DEBUG - > GET /ocpp16/ELC050C-001/ELC050C-001-001 HTTP/1.1
2023-04-13 09:13:16,692 - DEBUG - > Host: ws.devevspcharger.uplus.co.kr
2023-04-13 09:13:16,693 - DEBUG - > Upgrade: websocket
2023-04-13 09:13:16,693 - DEBUG - > Connection: Upgrade
2023-04-13 09:13:16,693 - DEBUG - > Sec-WebSocket-Key: yxVt4Axk514sk6PoCqiq+g==
2023-04-13 09:13:16,694 - DEBUG - > Sec-WebSocket-Version: 13
2023-04-13 09:13:16,694 - DEBUG - > Sec-WebSocket-Extensions: permessage-deflate; client_max_window_bits
2023-04-13 09:13:16,694 - DEBUG - > Sec-WebSocket-Protocol: ocpp1.6
2023-04-13 09:13:16,694 - DEBUG - > Authorization: Basic RVZBUjpFVkFSTEdV
2023-04-13 09:13:16,694 - DEBUG - > User-Agent: Python/3.11 websockets/10.4
2023-04-13 09:13:18,227 - DEBUG - < HTTP/1.1 101 Switching Protocols
2023-04-13 09:13:18,227 - DEBUG - < Connection: upgrade
2023-04-13 09:13:18,228 - DEBUG - < Date: Thu, 13 Apr 2023 00:13:18 GMT
2023-04-13 09:13:18,228 - DEBUG - < sec-websocket-protocol: ocpp1.6
2023-04-13 09:13:18,228 - DEBUG - < upgrade: websocket
2023-04-13 09:13:18,228 - DEBUG - < sec-websocket-accept: JRzc6js+T31Xobr0lSuV6GXmK/s=
2023-04-13 09:13:18,228 - DEBUG - < sec-websocket-extensions: permessage-deflate
2023-04-13 09:13:18,228 - DEBUG - < X-Cache: Miss from cloudfront
2023-04-13 09:13:18,228 - DEBUG - < Via: 1.1 623f9f4dd2fef338f4704e13bada95c8.cloudfront.net (CloudFront)
2023-04-13 09:13:18,228 - DEBUG - < X-Amz-Cf-Pop: ICN57-P2
2023-04-13 09:13:18,229 - DEBUG - < X-Amz-Cf-Id: Hh1lxwKQazgWPFV5Yi1qFPcvbqjv4BFqKhl9fGAQ6YdKlbW0uQrstA==
2023-04-13 09:13:18,230 - DEBUG - = connection is OPEN
2023-04-13 09:13:18,258 - DEBUG - > TEXT '[2, "52b89828-ee94-4971-879c-050271508482", "Bo...r": "ELC050C-001-001"}]' [175 bytes]
2023-04-13 09:13:18,707 - DEBUG - < TEXT '[3, "52b89828-ee94-4971-879c-050271508482", {"s...18Z", "interval": 300}]' [123 bytes]
2023-04-13 09:13:18,770 - DEBUG - > TEXT '[2, "52b89828-ee94-4971-879c-050271508482", "St..."status": "Available"}]' [132 bytes]
2023-04-13 09:13:18,981 - DEBUG - < TEXT '[3, "52b89828-ee94-4971-879c-050271508482", {}]' [47 bytes]
2023-04-13 09:13:19,026 - DEBUG - > TEXT '[2, "52b89828-ee94-4971-879c-050271508482", "Au...": "1031040000069641"}]' [87 bytes]
2023-04-13 09:13:19,372 - DEBUG - < TEXT '[3, "52b89828-ee94-4971-879c-050271508482", {"i...tus": "ConcurrentTx"}}]' [86 bytes]
2023-04-13 09:13:19,403 - DEBUG - = connection is CLOSING
2023-04-13 09:13:19,403 - DEBUG - > CLOSE 1000 (OK) [2 bytes]
2023-04-13 09:13:19,413 - DEBUG - < CLOSE 1000 (OK) [2 bytes]
2023-04-13 09:13:19,418 - DEBUG - = connection is CLOSED
2023-04-13 14:31:58,942 - DEBUG - = connection is CONNECTING
2023-04-13 14:31:59,022 - DEBUG - > GET /ocpp16/ELA007C01/EVSCA070007 HTTP/1.1
2023-04-13 14:31:59,022 - DEBUG - > Host: ws.devevspcharger.uplus.co.kr
2023-04-13 14:31:59,022 - DEBUG - > Upgrade: websocket
2023-04-13 14:31:59,023 - DEBUG - > Connection: Upgrade
2023-04-13 14:31:59,023 - DEBUG - > Sec-WebSocket-Key: t+b6Y00a2DCrwuOYDdQYLw==
2023-04-13 14:31:59,023 - DEBUG - > Sec-WebSocket-Version: 13
2023-04-13 14:31:59,023 - DEBUG - > Sec-WebSocket-Extensions: permessage-deflate; client_max_window_bits
2023-04-13 14:31:59,023 - DEBUG - > Sec-WebSocket-Protocol: ocpp1.6
2023-04-13 14:31:59,023 - DEBUG - > Authorization: Basic RVZBUjpFVkFSTEdV
2023-04-13 14:31:59,023 - DEBUG - > User-Agent: Python/3.11 websockets/10.4
2023-04-13 14:31:59,664 - DEBUG - < HTTP/1.1 101 Switching Protocols
2023-04-13 14:31:59,664 - DEBUG - < Connection: upgrade
2023-04-13 14:31:59,665 - DEBUG - < Date: Thu, 13 Apr 2023 05:31:59 GMT
2023-04-13 14:31:59,665 - DEBUG - < sec-websocket-protocol: ocpp1.6
2023-04-13 14:31:59,665 - DEBUG - < upgrade: websocket
2023-04-13 14:31:59,665 - DEBUG - < sec-websocket-accept: /sp+ceQ4pq/gmPjAhVzFr5VaKcc=
2023-04-13 14:31:59,665 - DEBUG - < sec-websocket-extensions: permessage-deflate
2023-04-13 14:31:59,665 - DEBUG - < X-Cache: Miss from cloudfront
2023-04-13 14:31:59,665 - DEBUG - < Via: 1.1 ba725da875f43fb311efeb484e55ed1a.cloudfront.net (CloudFront)
2023-04-13 14:31:59,665 - DEBUG - < X-Amz-Cf-Pop: ICN57-P2
2023-04-13 14:31:59,665 - DEBUG - < X-Amz-Cf-Id: 8wyDNgF8MjORsc3EctVnX9nmhWTXonfgdksbyAz9MRKWRG9FnizSOA==
2023-04-13 14:31:59,668 - DEBUG - = connection is OPEN
2023-04-13 14:31:59,825 - DEBUG - > TEXT '[2, "d0d9fad4-ccdc-44a3-b82a-782171e5c81c", "Bo...r": "ELC050C-001-001"}]' [173 bytes]
2023-04-13 14:32:00,915 - DEBUG - < TEXT '[4, "d0d9fad4-ccdc-44a3-b82a-782171e5c81c", {"e... system availability"}]' [161 bytes]
2023-04-13 14:32:00,947 - DEBUG - = connection is CLOSING
2023-04-13 14:32:00,947 - DEBUG - > CLOSE 1000 (OK) [2 bytes]
2023-04-13 14:32:00,957 - DEBUG - < CLOSE 1000 (OK) [2 bytes]
2023-04-13 14:32:00,963 - DEBUG - = connection is CLOSED
2023-04-13 14:33:18,038 - DEBUG - = connection is CONNECTING
2023-04-13 14:33:18,079 - DEBUG - > GET /ocpp16/ELA007C01/EVSCA070007 HTTP/1.1
2023-04-13 14:33:18,079 - DEBUG - > Host: ws.devevspcharger.uplus.co.kr
2023-04-13 14:33:18,079 - DEBUG - > Upgrade: websocket
2023-04-13 14:33:18,080 - DEBUG - > Connection: Upgrade
2023-04-13 14:33:18,080 - DEBUG - > Sec-WebSocket-Key: PhmKMI5lD6SPeMQNn9ToWg==
2023-04-13 14:33:18,080 - DEBUG - > Sec-WebSocket-Version: 13
2023-04-13 14:33:18,080 - DEBUG - > Sec-WebSocket-Extensions: permessage-deflate; client_max_window_bits
2023-04-13 14:33:18,080 - DEBUG - > Sec-WebSocket-Protocol: ocpp1.6
2023-04-13 14:33:18,080 - DEBUG - > Authorization: Basic RVZBUjpFVkFSTEdV
2023-04-13 14:33:18,081 - DEBUG - > User-Agent: Python/3.11 websockets/10.4
2023-04-13 14:33:18,585 - DEBUG - < HTTP/1.1 101 Switching Protocols
2023-04-13 14:33:18,586 - DEBUG - < Connection: upgrade
2023-04-13 14:33:18,586 - DEBUG - < Date: Thu, 13 Apr 2023 05:33:18 GMT
2023-04-13 14:33:18,586 - DEBUG - < sec-websocket-protocol: ocpp1.6
2023-04-13 14:33:18,586 - DEBUG - < upgrade: websocket
2023-04-13 14:33:18,586 - DEBUG - < sec-websocket-accept: ufLiKwHpm9Z02Oot+f5B0j1ROYg=
2023-04-13 14:33:18,586 - DEBUG - < sec-websocket-extensions: permessage-deflate
2023-04-13 14:33:18,587 - DEBUG - < X-Cache: Miss from cloudfront
2023-04-13 14:33:18,587 - DEBUG - < Via: 1.1 623f9f4dd2fef338f4704e13bada95c8.cloudfront.net (CloudFront)
2023-04-13 14:33:18,587 - DEBUG - < X-Amz-Cf-Pop: ICN57-P2
2023-04-13 14:33:18,587 - DEBUG - < X-Amz-Cf-Id: -0Nmvsyb4lCgjwV6o3S4c52pQIOhdjKGAeaYHyIPxO3rux_gGhdeUQ==
2023-04-13 14:33:18,588 - DEBUG - = connection is OPEN
2023-04-13 14:33:18,638 - DEBUG - > TEXT '[2, "c39b8b3c-272a-423e-bd7e-c3bf35fb1168", "Bo...umber": "EVSCA070007"}]' [169 bytes]
2023-04-13 14:33:19,821 - DEBUG - < TEXT '[3, "c39b8b3c-272a-423e-bd7e-c3bf35fb1168", {"s...18Z", "interval": 300}]' [123 bytes]
2023-04-13 14:33:19,884 - DEBUG - > TEXT '[2, "c39b8b3c-272a-423e-bd7e-c3bf35fb1168", "St..."status": "Available"}]' [132 bytes]
2023-04-13 14:33:20,164 - DEBUG - < TEXT '[3, "c39b8b3c-272a-423e-bd7e-c3bf35fb1168", {}]' [47 bytes]
2023-04-13 14:33:20,200 - DEBUG - > TEXT '[2, "c39b8b3c-272a-423e-bd7e-c3bf35fb1168", "Au...": "1031040000069641"}]' [87 bytes]
2023-04-13 14:33:20,556 - DEBUG - < TEXT '[3, "c39b8b3c-272a-423e-bd7e-c3bf35fb1168", {"i...tus": "ConcurrentTx"}}]' [86 bytes]
2023-04-13 14:33:20,591 - DEBUG - = connection is CLOSING
2023-04-13 14:33:20,591 - DEBUG - > CLOSE 1000 (OK) [2 bytes]
2023-04-13 14:33:20,607 - DEBUG - < CLOSE 1000 (OK) [2 bytes]
2023-04-13 14:33:20,616 - DEBUG - = connection is CLOSED
2023-04-13 14:34:22,580 - DEBUG - = connection is CONNECTING
2023-04-13 14:34:22,621 - DEBUG - > GET /ocpp16/ELA007C01/EVSCA070007 HTTP/1.1
2023-04-13 14:34:22,621 - DEBUG - > Host: ws.devevspcharger.uplus.co.kr
2023-04-13 14:34:22,622 - DEBUG - > Upgrade: websocket
2023-04-13 14:34:22,622 - DEBUG - > Connection: Upgrade
2023-04-13 14:34:22,622 - DEBUG - > Sec-WebSocket-Key: Pk0n1G76L3t0Ra7sV75ZmQ==
2023-04-13 14:34:22,622 - DEBUG - > Sec-WebSocket-Version: 13
2023-04-13 14:34:22,622 - DEBUG - > Sec-WebSocket-Extensions: permessage-deflate; client_max_window_bits
2023-04-13 14:34:22,622 - DEBUG - > Sec-WebSocket-Protocol: ocpp1.6
2023-04-13 14:34:22,622 - DEBUG - > Authorization: Basic RVZBUjpFVkFSTEdV
2023-04-13 14:34:22,623 - DEBUG - > User-Agent: Python/3.11 websockets/10.4
2023-04-13 14:34:23,071 - DEBUG - < HTTP/1.1 101 Switching Protocols
2023-04-13 14:34:23,071 - DEBUG - < Connection: upgrade
2023-04-13 14:34:23,072 - DEBUG - < Date: Thu, 13 Apr 2023 05:34:22 GMT
2023-04-13 14:34:23,072 - DEBUG - < sec-websocket-protocol: ocpp1.6
2023-04-13 14:34:23,072 - DEBUG - < upgrade: websocket
2023-04-13 14:34:23,072 - DEBUG - < sec-websocket-accept: 6JZCOQmwDP1kKpzCo/KyJnF4mf0=
2023-04-13 14:34:23,072 - DEBUG - < sec-websocket-extensions: permessage-deflate
2023-04-13 14:34:23,072 - DEBUG - < X-Cache: Miss from cloudfront
2023-04-13 14:34:23,072 - DEBUG - < Via: 1.1 398e2e4101ed255d172b5d628fa36f5c.cloudfront.net (CloudFront)
2023-04-13 14:34:23,073 - DEBUG - < X-Amz-Cf-Pop: ICN57-P2
2023-04-13 14:34:23,073 - DEBUG - < X-Amz-Cf-Id: -IA566z5BdGBW5bWpxkSXgHhob5TuFoJ036XDZCOLUtkkGopw6t5Rg==
2023-04-13 14:34:23,073 - DEBUG - = connection is OPEN
2023-04-13 14:34:23,111 - DEBUG - > TEXT '[2, "f5075c33-de24-4800-ae71-eefa5f38e803", "Bo...umber": "EVSCA070007"}]' [169 bytes]
2023-04-13 14:34:23,538 - DEBUG - < TEXT '[3, "f5075c33-de24-4800-ae71-eefa5f38e803", {"s...23Z", "interval": 300}]' [123 bytes]
2023-04-13 14:34:23,567 - DEBUG - > TEXT '[2, "f5075c33-de24-4800-ae71-eefa5f38e803", "St..."status": "Available"}]' [132 bytes]
2023-04-13 14:34:23,783 - DEBUG - < TEXT '[3, "f5075c33-de24-4800-ae71-eefa5f38e803", {}]' [47 bytes]
2023-04-13 14:34:23,808 - DEBUG - > TEXT '[2, "f5075c33-de24-4800-ae71-eefa5f38e803", "Au...": "1031040000069641"}]' [87 bytes]
2023-04-13 14:34:24,047 - DEBUG - < TEXT '[3, "f5075c33-de24-4800-ae71-eefa5f38e803", {"i..."status": "Accepted"}}]' [82 bytes]
2023-04-13 14:34:24,075 - DEBUG - = connection is CLOSING
2023-04-13 14:34:24,075 - DEBUG - > CLOSE 1000 (OK) [2 bytes]
2023-04-13 14:34:24,082 - DEBUG - < CLOSE 1000 (OK) [2 bytes]
2023-04-13 14:34:24,095 - DEBUG - = connection is CLOSED
2023-04-13 14:34:32,339 - DEBUG - = connection is CONNECTING
2023-04-13 14:34:32,374 - DEBUG - > GET /ocpp16/ELA007C01/EVSCA070007 HTTP/1.1
2023-04-13 14:34:32,374 - DEBUG - > Host: ws.devevspcharger.uplus.co.kr
2023-04-13 14:34:32,374 - DEBUG - > Upgrade: websocket
2023-04-13 14:34:32,374 - DEBUG - > Connection: Upgrade
2023-04-13 14:34:32,375 - DEBUG - > Sec-WebSocket-Key: EInxZnCJ4bbufVtVNaiQtw==
2023-04-13 14:34:32,375 - DEBUG - > Sec-WebSocket-Version: 13
2023-04-13 14:34:32,375 - DEBUG - > Sec-WebSocket-Extensions: permessage-deflate; client_max_window_bits
2023-04-13 14:34:32,375 - DEBUG - > Sec-WebSocket-Protocol: ocpp1.6
2023-04-13 14:34:32,375 - DEBUG - > Authorization: Basic RVZBUjpFVkFSTEdV
2023-04-13 14:34:32,375 - DEBUG - > User-Agent: Python/3.11 websockets/10.4
2023-04-13 14:34:32,590 - DEBUG - < HTTP/1.1 101 Switching Protocols
2023-04-13 14:34:32,590 - DEBUG - < Connection: upgrade
2023-04-13 14:34:32,590 - DEBUG - < Date: Thu, 13 Apr 2023 05:34:32 GMT
2023-04-13 14:34:32,590 - DEBUG - < sec-websocket-protocol: ocpp1.6
2023-04-13 14:34:32,590 - DEBUG - < upgrade: websocket
2023-04-13 14:34:32,590 - DEBUG - < sec-websocket-accept: UpHaHlm24x/PZJosMLYTPO2LM84=
2023-04-13 14:34:32,590 - DEBUG - < sec-websocket-extensions: permessage-deflate
2023-04-13 14:34:32,590 - DEBUG - < X-Cache: Miss from cloudfront
2023-04-13 14:34:32,590 - DEBUG - < Via: 1.1 818e6836f2ca3e700a5577179db933d8.cloudfront.net (CloudFront)
2023-04-13 14:34:32,591 - DEBUG - < X-Amz-Cf-Pop: ICN57-P2
2023-04-13 14:34:32,591 - DEBUG - < X-Amz-Cf-Id: pMuwN_hiCRN3Ve-hjFNAWPxYZTHfT2szOc0ATYifRqP0YWiMb872mw==
2023-04-13 14:34:32,591 - DEBUG - = connection is OPEN
2023-04-13 14:34:32,629 - DEBUG - > TEXT '[2, "13dc506b-0118-441c-aeeb-24c700df080b", "Bo...umber": "EVSCA070007"}]' [169 bytes]
2023-04-13 14:34:32,909 - DEBUG - < TEXT '[3, "13dc506b-0118-441c-aeeb-24c700df080b", {"s...32Z", "interval": 300}]' [123 bytes]
2023-04-13 14:34:32,945 - DEBUG - > TEXT '[2, "13dc506b-0118-441c-aeeb-24c700df080b", "St..."status": "Available"}]' [132 bytes]
2023-04-13 14:34:33,146 - DEBUG - < TEXT '[3, "13dc506b-0118-441c-aeeb-24c700df080b", {}]' [47 bytes]
2023-04-13 14:34:33,188 - DEBUG - > TEXT '[2, "13dc506b-0118-441c-aeeb-24c700df080b", "Au...": "1031040000069641"}]' [87 bytes]
2023-04-13 14:34:33,412 - DEBUG - < TEXT '[3, "13dc506b-0118-441c-aeeb-24c700df080b", {"i..."status": "Accepted"}}]' [82 bytes]
2023-04-13 14:34:33,487 - DEBUG - > TEXT '[2, "4840d1bb-5b68-496a-a21d-049de84535a7", "St...2023-04-13T14:34:32Z"}]' [170 bytes]
2023-04-13 14:34:33,971 - DEBUG - < TEXT '[3, "4840d1bb-5b68-496a-a21d-049de84535a7", {"t..."status": "Accepted"}}]' [110 bytes]
2023-04-13 14:34:34,026 - DEBUG - > TEXT '[2, "13dc506b-0118-441c-aeeb-24c700df080b", "St... "status": "Charging"}]' [131 bytes]
2023-04-13 14:34:34,353 - DEBUG - < TEXT '[3, "13dc506b-0118-441c-aeeb-24c700df080b", {}]' [47 bytes]
2023-04-13 14:34:34,428 - DEBUG - > TEXT '[2, "a4fad430-6d50-4b43-8e7f-d29bfb88074c", "Me...er", "unit": "Wh"}]}]}]' [259 bytes]
2023-04-13 14:34:35,050 - DEBUG - < TEXT '[3, "a4fad430-6d50-4b43-8e7f-d29bfb88074c", {}]' [47 bytes]
2023-04-13 14:34:35,115 - DEBUG - > TEXT '[2, "3ea10086-9ba7-4516-b536-ab6b31a18316", "St...sactionId": 120533820}]' [149 bytes]
2023-04-13 14:34:35,650 - DEBUG - < TEXT '[3, "3ea10086-9ba7-4516-b536-ab6b31a18316", {"i..."status": "Accepted"}}]' [82 bytes]
2023-04-13 14:34:35,727 - DEBUG - > TEXT '[2, "13dc506b-0118-441c-aeeb-24c700df080b", "St..."status": "Finishing"}]' [132 bytes]
2023-04-13 14:34:36,057 - DEBUG - < TEXT '[3, "13dc506b-0118-441c-aeeb-24c700df080b", {}]' [47 bytes]
2023-04-13 14:34:36,125 - DEBUG - > TEXT '[2, "13dc506b-0118-441c-aeeb-24c700df080b", "St..."status": "Available"}]' [132 bytes]
2023-04-13 14:34:36,452 - DEBUG - < TEXT '[3, "13dc506b-0118-441c-aeeb-24c700df080b", {}]' [47 bytes]
2023-04-13 14:34:36,481 - DEBUG - = connection is CLOSING
2023-04-13 14:34:36,481 - DEBUG - > CLOSE 1000 (OK) [2 bytes]
2023-04-13 14:34:36,492 - DEBUG - < CLOSE 1000 (OK) [2 bytes]
2023-04-13 14:34:36,496 - DEBUG - = connection is CLOSED
2023-04-13 14:36:24,645 - DEBUG - = connection is CONNECTING
2023-04-13 14:36:24,687 - DEBUG - > GET /ocpp16/ELA007C01/EVSCA070007 HTTP/1.1
2023-04-13 14:36:24,687 - DEBUG - > Host: ws.devevspcharger.uplus.co.kr
2023-04-13 14:36:24,687 - DEBUG - > Upgrade: websocket
2023-04-13 14:36:24,687 - DEBUG - > Connection: Upgrade
2023-04-13 14:36:24,688 - DEBUG - > Sec-WebSocket-Key: T282LtK7/zs2qPu2BD7WjQ==
2023-04-13 14:36:24,688 - DEBUG - > Sec-WebSocket-Version: 13
2023-04-13 14:36:24,688 - DEBUG - > Sec-WebSocket-Extensions: permessage-deflate; client_max_window_bits
2023-04-13 14:36:24,688 - DEBUG - > Sec-WebSocket-Protocol: ocpp1.6
2023-04-13 14:36:24,689 - DEBUG - > Authorization: Basic RVZBUjpFVkFSTEdV
2023-04-13 14:36:24,689 - DEBUG - > User-Agent: Python/3.11 websockets/10.4
2023-04-13 14:36:25,264 - DEBUG - < HTTP/1.1 101 Switching Protocols
2023-04-13 14:36:25,264 - DEBUG - < Connection: upgrade
2023-04-13 14:36:25,264 - DEBUG - < Date: Thu, 13 Apr 2023 05:36:25 GMT
2023-04-13 14:36:25,264 - DEBUG - < sec-websocket-protocol: ocpp1.6
2023-04-13 14:36:25,264 - DEBUG - < upgrade: websocket
2023-04-13 14:36:25,264 - DEBUG - < sec-websocket-accept: pfBkYUp46K/YLnZ/aza8UXkvFEo=
2023-04-13 14:36:25,264 - DEBUG - < sec-websocket-extensions: permessage-deflate
2023-04-13 14:36:25,264 - DEBUG - < X-Cache: Miss from cloudfront
2023-04-13 14:36:25,265 - DEBUG - < Via: 1.1 41a89bdb610eb303e698e5cb65ce5b76.cloudfront.net (CloudFront)
2023-04-13 14:36:25,265 - DEBUG - < X-Amz-Cf-Pop: ICN57-P2
2023-04-13 14:36:25,265 - DEBUG - < X-Amz-Cf-Id: MVkKSFbOTHZ1i0tQttKt-ZEKM_bYjwPM1W89YvD4nhvWQIUlgjBlzg==
2023-04-13 14:36:25,265 - DEBUG - = connection is OPEN
2023-04-13 14:36:25,297 - DEBUG - > TEXT '[2, "59c32cbb-8563-4769-8c65-8aa26d2ef5aa", "Bo...umber": "EVSCA070007"}]' [169 bytes]
2023-04-13 14:36:25,711 - DEBUG - < TEXT '[3, "59c32cbb-8563-4769-8c65-8aa26d2ef5aa", {"s...25Z", "interval": 300}]' [123 bytes]
2023-04-13 14:36:25,760 - DEBUG - > TEXT '[2, "59c32cbb-8563-4769-8c65-8aa26d2ef5aa", "St..."status": "Available"}]' [132 bytes]
2023-04-13 14:36:25,973 - DEBUG - < TEXT '[3, "59c32cbb-8563-4769-8c65-8aa26d2ef5aa", {}]' [47 bytes]
2023-04-13 14:36:26,012 - DEBUG - > TEXT '[2, "59c32cbb-8563-4769-8c65-8aa26d2ef5aa", "Au...": "1031040000069641"}]' [87 bytes]
2023-04-13 14:36:26,242 - DEBUG - < TEXT '[3, "59c32cbb-8563-4769-8c65-8aa26d2ef5aa", {"i..."status": "Accepted"}}]' [82 bytes]
2023-04-13 14:36:26,269 - DEBUG - = connection is CLOSING
2023-04-13 14:36:26,269 - DEBUG - > CLOSE 1000 (OK) [2 bytes]
2023-04-13 14:36:26,281 - DEBUG - < CLOSE 1000 (OK) [2 bytes]
2023-04-13 14:36:26,285 - DEBUG - = connection is CLOSED
2023-04-13 14:36:38,958 - DEBUG - = connection is CONNECTING
2023-04-13 14:36:38,994 - DEBUG - > GET /ocpp16/ELA007C01/EVSCA070007 HTTP/1.1
2023-04-13 14:36:38,996 - DEBUG - > Host: ws.devevspcharger.uplus.co.kr
2023-04-13 14:36:38,996 - DEBUG - > Upgrade: websocket
2023-04-13 14:36:38,996 - DEBUG - > Connection: Upgrade
2023-04-13 14:36:38,997 - DEBUG - > Sec-WebSocket-Key: T35yOlCYwtv3pGwpJatdOg==
2023-04-13 14:36:38,997 - DEBUG - > Sec-WebSocket-Version: 13
2023-04-13 14:36:38,997 - DEBUG - > Sec-WebSocket-Extensions: permessage-deflate; client_max_window_bits
2023-04-13 14:36:38,997 - DEBUG - > Sec-WebSocket-Protocol: ocpp1.6
2023-04-13 14:36:38,997 - DEBUG - > Authorization: Basic RVZBUjpFVkFSTEdV
2023-04-13 14:36:38,997 - DEBUG - > User-Agent: Python/3.11 websockets/10.4
2023-04-13 14:36:39,213 - DEBUG - < HTTP/1.1 101 Switching Protocols
2023-04-13 14:36:39,213 - DEBUG - < Connection: upgrade
2023-04-13 14:36:39,214 - DEBUG - < Date: Thu, 13 Apr 2023 05:36:39 GMT
2023-04-13 14:36:39,214 - DEBUG - < sec-websocket-protocol: ocpp1.6
2023-04-13 14:36:39,214 - DEBUG - < upgrade: websocket
2023-04-13 14:36:39,214 - DEBUG - < sec-websocket-accept: vPUA80FTJTy2RIDAP/d4evz11HA=
2023-04-13 14:36:39,214 - DEBUG - < sec-websocket-extensions: permessage-deflate
2023-04-13 14:36:39,214 - DEBUG - < X-Cache: Miss from cloudfront
2023-04-13 14:36:39,214 - DEBUG - < Via: 1.1 c6ed8cd25e4ec3b0d1a9c72155758a62.cloudfront.net (CloudFront)
2023-04-13 14:36:39,214 - DEBUG - < X-Amz-Cf-Pop: ICN57-P2
2023-04-13 14:36:39,214 - DEBUG - < X-Amz-Cf-Id: yhHZpYA-ZxitiTPUz-admUQv5lrSa5rWqJa1kGxbfqiY54iFE6Q9AA==
2023-04-13 14:36:39,215 - DEBUG - = connection is OPEN
2023-04-13 14:36:39,247 - DEBUG - > TEXT '[2, "fae4fcc2-fceb-4ab3-9ce0-06b007c8d37f", "Bo...umber": "EVSCA070007"}]' [169 bytes]
2023-04-13 14:36:39,569 - DEBUG - < TEXT '[3, "fae4fcc2-fceb-4ab3-9ce0-06b007c8d37f", {"s...39Z", "interval": 300}]' [123 bytes]
2023-04-13 14:36:39,606 - DEBUG - > TEXT '[2, "fae4fcc2-fceb-4ab3-9ce0-06b007c8d37f", "St..."status": "Available"}]' [132 bytes]
2023-04-13 14:36:39,807 - DEBUG - < TEXT '[3, "fae4fcc2-fceb-4ab3-9ce0-06b007c8d37f", {}]' [47 bytes]
2023-04-13 14:36:39,837 - DEBUG - > TEXT '[2, "fae4fcc2-fceb-4ab3-9ce0-06b007c8d37f", "Au...": "1031040000069641"}]' [87 bytes]
2023-04-13 14:36:40,090 - DEBUG - < TEXT '[3, "fae4fcc2-fceb-4ab3-9ce0-06b007c8d37f", {"i..."status": "Accepted"}}]' [82 bytes]
2023-04-13 14:36:40,107 - DEBUG - = connection is CLOSING
2023-04-13 14:36:40,107 - DEBUG - > CLOSE 1000 (OK) [2 bytes]
2023-04-13 14:36:40,129 - DEBUG - < CLOSE 1000 (OK) [2 bytes]
2023-04-13 14:36:40,135 - DEBUG - = connection is CLOSED
2023-04-13 14:36:47,025 - DEBUG - = connection is CONNECTING
2023-04-13 14:36:47,067 - DEBUG - > GET /ocpp16/ELA007C01/EVSCA070007 HTTP/1.1
2023-04-13 14:36:47,067 - DEBUG - > Host: ws.devevspcharger.uplus.co.kr
2023-04-13 14:36:47,067 - DEBUG - > Upgrade: websocket
2023-04-13 14:36:47,067 - DEBUG - > Connection: Upgrade
2023-04-13 14:36:47,067 - DEBUG - > Sec-WebSocket-Key: 7eekwMu31U5QBlyqlNenfA==
2023-04-13 14:36:47,067 - DEBUG - > Sec-WebSocket-Version: 13
2023-04-13 14:36:47,067 - DEBUG - > Sec-WebSocket-Extensions: permessage-deflate; client_max_window_bits
2023-04-13 14:36:47,068 - DEBUG - > Sec-WebSocket-Protocol: ocpp1.6
2023-04-13 14:36:47,068 - DEBUG - > Authorization: Basic RVZBUjpFVkFSTEdV
2023-04-13 14:36:47,068 - DEBUG - > User-Agent: Python/3.11 websockets/10.4
2023-04-13 14:36:47,310 - DEBUG - < HTTP/1.1 101 Switching Protocols
2023-04-13 14:36:47,312 - DEBUG - < Connection: upgrade
2023-04-13 14:36:47,312 - DEBUG - < Date: Thu, 13 Apr 2023 05:36:47 GMT
2023-04-13 14:36:47,312 - DEBUG - < sec-websocket-protocol: ocpp1.6
2023-04-13 14:36:47,313 - DEBUG - < upgrade: websocket
2023-04-13 14:36:47,313 - DEBUG - < sec-websocket-accept: enmC8OqeeQkF5agZNM06MkCmFBs=
2023-04-13 14:36:47,313 - DEBUG - < sec-websocket-extensions: permessage-deflate
2023-04-13 14:36:47,313 - DEBUG - < X-Cache: Miss from cloudfront
2023-04-13 14:36:47,313 - DEBUG - < Via: 1.1 0c9ac74e4533d4cd2c0dd7de136ec086.cloudfront.net (CloudFront)
2023-04-13 14:36:47,313 - DEBUG - < X-Amz-Cf-Pop: ICN57-P2
2023-04-13 14:36:47,313 - DEBUG - < X-Amz-Cf-Id: OxceILunhYSCZqAanocRsTB14l1NUy5CYN9P-dPiSGNjmeNaFXILlA==
2023-04-13 14:36:47,313 - DEBUG - = connection is OPEN
2023-04-13 14:36:47,338 - DEBUG - > TEXT '[2, "e94a4266-288b-4e20-92d3-936241b079bd", "Bo...umber": "EVSCA070007"}]' [169 bytes]
2023-04-13 14:36:47,610 - DEBUG - < TEXT '[3, "e94a4266-288b-4e20-92d3-936241b079bd", {"s...47Z", "interval": 300}]' [123 bytes]
2023-04-13 14:36:47,659 - DEBUG - > TEXT '[2, "e94a4266-288b-4e20-92d3-936241b079bd", "St..."status": "Available"}]' [132 bytes]
2023-04-13 14:36:47,877 - DEBUG - < TEXT '[3, "e94a4266-288b-4e20-92d3-936241b079bd", {}]' [47 bytes]
2023-04-13 14:36:47,919 - DEBUG - > TEXT '[2, "e94a4266-288b-4e20-92d3-936241b079bd", "Au...": "1031040000069641"}]' [87 bytes]
2023-04-13 14:36:48,145 - DEBUG - < TEXT '[3, "e94a4266-288b-4e20-92d3-936241b079bd", {"i..."status": "Accepted"}}]' [82 bytes]
2023-04-13 14:36:48,170 - DEBUG - = connection is CLOSING
2023-04-13 14:36:48,171 - DEBUG - > CLOSE 1000 (OK) [2 bytes]
2023-04-13 14:36:48,180 - DEBUG - < CLOSE 1000 (OK) [2 bytes]
2023-04-13 14:36:48,192 - DEBUG - = connection is CLOSED
2023-04-13 14:36:52,734 - DEBUG - = connection is CONNECTING
2023-04-13 14:36:52,772 - DEBUG - > GET /ocpp16/ELA007C01/EVSCA070007 HTTP/1.1
2023-04-13 14:36:52,773 - DEBUG - > Host: ws.devevspcharger.uplus.co.kr
2023-04-13 14:36:52,773 - DEBUG - > Upgrade: websocket
2023-04-13 14:36:52,780 - DEBUG - > Connection: Upgrade
2023-04-13 14:36:52,781 - DEBUG - > Sec-WebSocket-Key: vT6nLMnpYe2JapYaa4IFNg==
2023-04-13 14:36:52,781 - DEBUG - > Sec-WebSocket-Version: 13
2023-04-13 14:36:52,781 - DEBUG - > Sec-WebSocket-Extensions: permessage-deflate; client_max_window_bits
2023-04-13 14:36:52,781 - DEBUG - > Sec-WebSocket-Protocol: ocpp1.6
2023-04-13 14:36:52,781 - DEBUG - > Authorization: Basic RVZBUjpFVkFSTEdV
2023-04-13 14:36:52,781 - DEBUG - > User-Agent: Python/3.11 websockets/10.4
2023-04-13 14:36:53,011 - DEBUG - < HTTP/1.1 101 Switching Protocols
2023-04-13 14:36:53,011 - DEBUG - < Connection: upgrade
2023-04-13 14:36:53,011 - DEBUG - < Date: Thu, 13 Apr 2023 05:36:52 GMT
2023-04-13 14:36:53,012 - DEBUG - < sec-websocket-protocol: ocpp1.6
2023-04-13 14:36:53,012 - DEBUG - < upgrade: websocket
2023-04-13 14:36:53,012 - DEBUG - < sec-websocket-accept: FEg+zbl0CuuM+8JG5TlkQf94nIs=
2023-04-13 14:36:53,012 - DEBUG - < sec-websocket-extensions: permessage-deflate
2023-04-13 14:36:53,012 - DEBUG - < X-Cache: Miss from cloudfront
2023-04-13 14:36:53,012 - DEBUG - < Via: 1.1 1c2dddf38b53f960ce106f4047c232e4.cloudfront.net (CloudFront)
2023-04-13 14:36:53,012 - DEBUG - < X-Amz-Cf-Pop: ICN57-P2
2023-04-13 14:36:53,012 - DEBUG - < X-Amz-Cf-Id: uvcWxJGy-7Vo7WSs7lDVnc1BiIliPZqdEyLB9zGYhEd2TLjg5W_cUg==
2023-04-13 14:36:53,013 - DEBUG - = connection is OPEN
2023-04-13 14:36:53,045 - DEBUG - > TEXT '[2, "cf0335bc-2853-4c27-bdc0-4ecb683f30aa", "Bo...umber": "EVSCA070007"}]' [169 bytes]
2023-04-13 14:36:53,337 - DEBUG - < TEXT '[3, "cf0335bc-2853-4c27-bdc0-4ecb683f30aa", {"s...53Z", "interval": 300}]' [123 bytes]
2023-04-13 14:36:53,380 - DEBUG - > TEXT '[2, "cf0335bc-2853-4c27-bdc0-4ecb683f30aa", "St..."status": "Available"}]' [132 bytes]
2023-04-13 14:36:53,605 - DEBUG - < TEXT '[3, "cf0335bc-2853-4c27-bdc0-4ecb683f30aa", {}]' [47 bytes]
2023-04-13 14:36:53,640 - DEBUG - > TEXT '[2, "cf0335bc-2853-4c27-bdc0-4ecb683f30aa", "Au...": "1031040000069641"}]' [87 bytes]
2023-04-13 14:36:53,854 - DEBUG - < TEXT '[3, "cf0335bc-2853-4c27-bdc0-4ecb683f30aa", {"i..."status": "Accepted"}}]' [82 bytes]
2023-04-13 14:36:53,893 - DEBUG - > TEXT '[2, "a2490aba-eff6-4505-b640-13e479554be0", "St...2023-04-13T14:36:52Z"}]' [170 bytes]
2023-04-13 14:36:54,286 - DEBUG - < TEXT '[3, "a2490aba-eff6-4505-b640-13e479554be0", {"t..."status": "Accepted"}}]' [110 bytes]
2023-04-13 14:36:54,350 - DEBUG - > TEXT '[2, "cf0335bc-2853-4c27-bdc0-4ecb683f30aa", "St... "status": "Charging"}]' [131 bytes]
2023-04-13 14:36:54,545 - DEBUG - < TEXT '[3, "cf0335bc-2853-4c27-bdc0-4ecb683f30aa", {}]' [47 bytes]
2023-04-13 14:36:54,600 - DEBUG - > TEXT '[2, "6c1c8bce-c162-4702-8882-774a39f9639c", "Me...er", "unit": "Wh"}]}]}]' [259 bytes]
2023-04-13 14:36:54,825 - DEBUG - < TEXT '[3, "6c1c8bce-c162-4702-8882-774a39f9639c", {}]' [47 bytes]
2023-04-13 14:36:54,881 - DEBUG - > TEXT '[2, "4f4f5787-a44a-4f0a-aa87-216ea50b750b", "St...sactionId": 120533821}]' [149 bytes]
2023-04-13 14:36:55,209 - DEBUG - < TEXT '[3, "4f4f5787-a44a-4f0a-aa87-216ea50b750b", {"i..."status": "Accepted"}}]' [82 bytes]
2023-04-13 14:36:55,270 - DEBUG - > TEXT '[2, "cf0335bc-2853-4c27-bdc0-4ecb683f30aa", "St..."status": "Finishing"}]' [132 bytes]
2023-04-13 14:36:55,450 - DEBUG - < TEXT '[3, "cf0335bc-2853-4c27-bdc0-4ecb683f30aa", {}]' [47 bytes]
2023-04-13 14:36:55,507 - DEBUG - > TEXT '[2, "cf0335bc-2853-4c27-bdc0-4ecb683f30aa", "St..."status": "Available"}]' [132 bytes]
2023-04-13 14:36:55,690 - DEBUG - < TEXT '[3, "cf0335bc-2853-4c27-bdc0-4ecb683f30aa", {}]' [47 bytes]
2023-04-13 14:36:55,715 - DEBUG - = connection is CLOSING
2023-04-13 14:36:55,715 - DEBUG - > CLOSE 1000 (OK) [2 bytes]
2023-04-13 14:36:55,733 - DEBUG - < CLOSE 1000 (OK) [2 bytes]
2023-04-13 14:36:55,738 - DEBUG - = connection is CLOSED
2023-04-13 14:37:11,758 - DEBUG - = connection is CONNECTING
2023-04-13 14:37:11,799 - DEBUG - > GET /ocpp16/ELA007C01/EVSCA070007 HTTP/1.1
2023-04-13 14:37:11,800 - DEBUG - > Host: ws.devevspcharger.uplus.co.kr
2023-04-13 14:37:11,800 - DEBUG - > Upgrade: websocket
2023-04-13 14:37:11,800 - DEBUG - > Connection: Upgrade
2023-04-13 14:37:11,800 - DEBUG - > Sec-WebSocket-Key: riMD1fIOS6gOq/DdKXZ7eA==
2023-04-13 14:37:11,800 - DEBUG - > Sec-WebSocket-Version: 13
2023-04-13 14:37:11,800 - DEBUG - > Sec-WebSocket-Extensions: permessage-deflate; client_max_window_bits
2023-04-13 14:37:11,801 - DEBUG - > Sec-WebSocket-Protocol: ocpp1.6
2023-04-13 14:37:11,801 - DEBUG - > Authorization: Basic RVZBUjpFVkFSTEdV
2023-04-13 14:37:11,801 - DEBUG - > User-Agent: Python/3.11 websockets/10.4
2023-04-13 14:37:12,026 - DEBUG - < HTTP/1.1 101 Switching Protocols
2023-04-13 14:37:12,026 - DEBUG - < Connection: upgrade
2023-04-13 14:37:12,026 - DEBUG - < Date: Thu, 13 Apr 2023 05:37:11 GMT
2023-04-13 14:37:12,027 - DEBUG - < sec-websocket-protocol: ocpp1.6
2023-04-13 14:37:12,027 - DEBUG - < upgrade: websocket
2023-04-13 14:37:12,027 - DEBUG - < sec-websocket-accept: Wd51jMUIj9CUJgY0b3Wzg749+j0=
2023-04-13 14:37:12,027 - DEBUG - < sec-websocket-extensions: permessage-deflate
2023-04-13 14:37:12,027 - DEBUG - < X-Cache: Miss from cloudfront
2023-04-13 14:37:12,027 - DEBUG - < Via: 1.1 ec48eafa1d18635bc3f389669b28a5b8.cloudfront.net (CloudFront)
2023-04-13 14:37:12,028 - DEBUG - < X-Amz-Cf-Pop: ICN57-P2
2023-04-13 14:37:12,028 - DEBUG - < X-Amz-Cf-Id: jqvQae8aHKWd8VZZoDhbv3Tm3gCSQGg9PJ7UZsI_n-V7Z8fdJO2cRA==
2023-04-13 14:37:12,028 - DEBUG - = connection is OPEN
2023-04-13 14:37:12,068 - DEBUG - > TEXT '[2, "3b538481-af3b-4533-aa7c-542c5ac53a0a", "Bo...umber": "EVSCA070007"}]' [169 bytes]
2023-04-13 14:37:12,304 - DEBUG - < TEXT '[3, "3b538481-af3b-4533-aa7c-542c5ac53a0a", {"s...12Z", "interval": 300}]' [123 bytes]
2023-04-13 14:37:12,354 - DEBUG - > TEXT '[2, "3b538481-af3b-4533-aa7c-542c5ac53a0a", "Au...": "1031040000069641"}]' [87 bytes]
2023-04-13 14:37:12,591 - DEBUG - < TEXT '[3, "3b538481-af3b-4533-aa7c-542c5ac53a0a", {"i..."status": "Accepted"}}]' [82 bytes]
2023-04-13 14:37:12,645 - DEBUG - > TEXT '[2, "3b538481-af3b-4533-aa7c-542c5ac53a0a", "St..."status": "Preparing"}]' [132 bytes]
2023-04-13 14:37:12,825 - DEBUG - < TEXT '[3, "3b538481-af3b-4533-aa7c-542c5ac53a0a", {}]' [47 bytes]
2023-04-13 14:37:12,875 - DEBUG - > TEXT '[2, "f8551475-3b5a-4f6c-ad9a-7e3ec91d76a1", "St...2023-04-13T14:37:11Z"}]' [170 bytes]
2023-04-13 14:37:13,286 - DEBUG - < TEXT '[3, "f8551475-3b5a-4f6c-ad9a-7e3ec91d76a1", {"t..."status": "Accepted"}}]' [110 bytes]
2023-04-13 14:37:13,336 - DEBUG - > TEXT '[2, "3b538481-af3b-4533-aa7c-542c5ac53a0a", "St... "status": "Charging"}]' [131 bytes]
2023-04-13 14:37:13,524 - DEBUG - < TEXT '[3, "3b538481-af3b-4533-aa7c-542c5ac53a0a", {}]' [47 bytes]
2023-04-13 14:37:13,574 - DEBUG - > TEXT '[2, "4c28d53b-45eb-4911-85f6-ef8026fff748", "Me...er", "unit": "Wh"}]}]}]' [259 bytes]
2023-04-13 14:37:13,764 - DEBUG - < TEXT '[3, "4c28d53b-45eb-4911-85f6-ef8026fff748", {}]' [47 bytes]
2023-04-13 14:37:13,828 - DEBUG - > TEXT '[2, "43f2baae-f748-4d32-9732-dd8f824d9213", "St...sactionId": 120533822}]' [149 bytes]
2023-04-13 14:37:14,149 - DEBUG - < TEXT '[3, "43f2baae-f748-4d32-9732-dd8f824d9213", {"i..."status": "Accepted"}}]' [82 bytes]
2023-04-13 14:37:14,205 - DEBUG - > TEXT '[2, "3b538481-af3b-4533-aa7c-542c5ac53a0a", "St..."status": "Finishing"}]' [132 bytes]
2023-04-13 14:37:14,409 - DEBUG - < TEXT '[3, "3b538481-af3b-4533-aa7c-542c5ac53a0a", {}]' [47 bytes]
2023-04-13 14:37:14,467 - DEBUG - > TEXT '[2, "3b538481-af3b-4533-aa7c-542c5ac53a0a", "St..."status": "Available"}]' [132 bytes]
2023-04-13 14:37:14,664 - DEBUG - < TEXT '[3, "3b538481-af3b-4533-aa7c-542c5ac53a0a", {}]' [47 bytes]
2023-04-13 14:37:14,691 - DEBUG - = connection is CLOSING
2023-04-13 14:37:14,691 - DEBUG - > CLOSE 1000 (OK) [2 bytes]
2023-04-13 14:37:14,711 - DEBUG - < CLOSE 1000 (OK) [2 bytes]
2023-04-13 14:37:14,715 - DEBUG - = connection is CLOSED
2023-04-13 14:37:19,278 - DEBUG - = connection is CONNECTING
2023-04-13 14:37:19,314 - DEBUG - > GET /ocpp16/ELA007C01/EVSCA070007 HTTP/1.1
2023-04-13 14:37:19,314 - DEBUG - > Host: ws.devevspcharger.uplus.co.kr
2023-04-13 14:37:19,315 - DEBUG - > Upgrade: websocket
2023-04-13 14:37:19,315 - DEBUG - > Connection: Upgrade
2023-04-13 14:37:19,315 - DEBUG - > Sec-WebSocket-Key: 4AqT2AC1hy17676HpPnC+g==
2023-04-13 14:37:19,316 - DEBUG - > Sec-WebSocket-Version: 13
2023-04-13 14:37:19,316 - DEBUG - > Sec-WebSocket-Extensions: permessage-deflate; client_max_window_bits
2023-04-13 14:37:19,316 - DEBUG - > Sec-WebSocket-Protocol: ocpp1.6
2023-04-13 14:37:19,317 - DEBUG - > Authorization: Basic RVZBUjpFVkFSTEdV
2023-04-13 14:37:19,317 - DEBUG - > User-Agent: Python/3.11 websockets/10.4
2023-04-13 14:37:19,570 - DEBUG - < HTTP/1.1 101 Switching Protocols
2023-04-13 14:37:19,570 - DEBUG - < Connection: upgrade
2023-04-13 14:37:19,570 - DEBUG - < Date: Thu, 13 Apr 2023 05:37:19 GMT
2023-04-13 14:37:19,570 - DEBUG - < sec-websocket-protocol: ocpp1.6
2023-04-13 14:37:19,571 - DEBUG - < upgrade: websocket
2023-04-13 14:37:19,571 - DEBUG - < sec-websocket-accept: hJc2bYd+iDOpH5N2Rj+lxF5AfdQ=
2023-04-13 14:37:19,571 - DEBUG - < sec-websocket-extensions: permessage-deflate
2023-04-13 14:37:19,571 - DEBUG - < X-Cache: Miss from cloudfront
2023-04-13 14:37:19,571 - DEBUG - < Via: 1.1 8cd680512056914f119efae770348786.cloudfront.net (CloudFront)
2023-04-13 14:37:19,571 - DEBUG - < X-Amz-Cf-Pop: ICN57-P2
2023-04-13 14:37:19,571 - DEBUG - < X-Amz-Cf-Id: 3m45l8tZOS2j3UVAKbp1Kp5TFciogzXnezKjHzp7ocovOjz61yFgTA==
2023-04-13 14:37:19,571 - DEBUG - = connection is OPEN
2023-04-13 14:37:19,603 - DEBUG - > TEXT '[2, "ab75a838-e196-444e-89c3-181be711aa7e", "Bo...umber": "EVSCA070007"}]' [169 bytes]
2023-04-13 14:37:19,850 - DEBUG - < TEXT '[3, "ab75a838-e196-444e-89c3-181be711aa7e", {"s...19Z", "interval": 300}]' [123 bytes]
2023-04-13 14:37:19,889 - ERROR - Task exception was never retrieved
future: <Task finished name='Task-50' coro=<ChargerSim.startEvent() done, defined at D:\workspace\wss\main.py:124> exception=TypeError("string indices must be integers, not 'str'")>
Traceback (most recent call last):
  File "D:\workspace\wss\main.py", line 144, in startEvent
    await self.charger.runcase(self.TC_selected if len(self.TC_selected.keys())>0 else self.TC)
  File "D:\workspace\wss\Charger.py", line 343, in runcase
    doc = self.ocppdocs[c[1]]
          ~~~~~~~~~~~~~^^^^^^
TypeError: string indices must be integers, not 'str'
2023-04-13 14:37:39,580 - DEBUG - % sending keepalive ping
2023-04-13 14:37:39,580 - DEBUG - > PING bb 9c 85 44 [binary, 4 bytes]
2023-04-13 14:37:39,590 - DEBUG - < PONG bb 9c 85 44 [binary, 4 bytes]
2023-04-13 14:37:39,595 - DEBUG - % received keepalive pong
2023-04-13 14:37:59,572 - DEBUG - % sending keepalive ping
2023-04-13 14:37:59,572 - DEBUG - > PING cd 0c fe 29 [binary, 4 bytes]
2023-04-13 14:37:59,583 - DEBUG - < PONG cd 0c fe 29 [binary, 4 bytes]
2023-04-13 14:37:59,603 - DEBUG - % received keepalive pong
2023-04-13 14:38:04,783 - DEBUG - Starting new HTTPS connection (1): rgw.devevspcharger.uplus.co.kr:443
2023-04-13 14:38:06,229 - DEBUG - https://rgw.devevspcharger.uplus.co.kr:443 "POST /ioc HTTP/1.1" 200 163
2023-04-13 14:38:06,252 - DEBUG - < TEXT '[2, "72f5948b-6179-41c2-baa0-7857b5472e34", "Ch...nKey", "value": "300"}]' [118 bytes]
2023-04-13 14:38:16,469 - DEBUG - Starting new HTTPS connection (1): rgw.devevspcharger.uplus.co.kr:443
2023-04-13 14:38:16,921 - DEBUG - https://rgw.devevspcharger.uplus.co.kr:443 "POST /ioc HTTP/1.1" 200 163
2023-04-13 14:38:16,948 - DEBUG - < TEXT '[2, "fc9e4c38-afe5-4977-9c27-f3a78e10c964", "Ch...nKey", "value": "300"}]' [118 bytes]
2023-04-13 14:38:19,606 - DEBUG - % sending keepalive ping
2023-04-13 14:38:19,606 - DEBUG - > PING 7f 60 ab b7 [binary, 4 bytes]
2023-04-13 14:38:19,613 - DEBUG - < PONG 7f 60 ab b7 [binary, 4 bytes]
2023-04-13 14:38:19,623 - DEBUG - % received keepalive pong
2023-04-13 14:38:30,579 - DEBUG - = connection is CONNECTING
2023-04-13 14:38:30,610 - DEBUG - > GET /ocpp16/ELA007C01/EVSCA070007 HTTP/1.1
2023-04-13 14:38:30,610 - DEBUG - > Host: ws.devevspcharger.uplus.co.kr
2023-04-13 14:38:30,610 - DEBUG - > Upgrade: websocket
2023-04-13 14:38:30,611 - DEBUG - > Connection: Upgrade
2023-04-13 14:38:30,611 - DEBUG - > Sec-WebSocket-Key: g/uraPCt6q7E5M9GuOv1NQ==
2023-04-13 14:38:30,611 - DEBUG - > Sec-WebSocket-Version: 13
2023-04-13 14:38:30,611 - DEBUG - > Sec-WebSocket-Extensions: permessage-deflate; client_max_window_bits
2023-04-13 14:38:30,611 - DEBUG - > Sec-WebSocket-Protocol: ocpp1.6
2023-04-13 14:38:30,611 - DEBUG - > Authorization: Basic RVZBUjpFVkFSTEdV
2023-04-13 14:38:30,611 - DEBUG - > User-Agent: Python/3.11 websockets/10.4
2023-04-13 14:38:31,128 - DEBUG - < HTTP/1.1 101 Switching Protocols
2023-04-13 14:38:31,128 - DEBUG - < Connection: upgrade
2023-04-13 14:38:31,129 - DEBUG - < Date: Thu, 13 Apr 2023 05:38:31 GMT
2023-04-13 14:38:31,129 - DEBUG - < sec-websocket-protocol: ocpp1.6
2023-04-13 14:38:31,129 - DEBUG - < upgrade: websocket
2023-04-13 14:38:31,129 - DEBUG - < sec-websocket-accept: CIFIJrIBQPHj9mwAYfrID2UXsZs=
2023-04-13 14:38:31,129 - DEBUG - < sec-websocket-extensions: permessage-deflate
2023-04-13 14:38:31,129 - DEBUG - < X-Cache: Miss from cloudfront
2023-04-13 14:38:31,129 - DEBUG - < Via: 1.1 1c31b550dc04cf34ff9053b76a7eecc4.cloudfront.net (CloudFront)
2023-04-13 14:38:31,130 - DEBUG - < X-Amz-Cf-Pop: ICN57-P2
2023-04-13 14:38:31,130 - DEBUG - < X-Amz-Cf-Id: fxP7ICzvKB1VV7gNOJAJmBWBHrLQjbndCdZYecURB8JUh5eXvapH8A==
2023-04-13 14:38:31,130 - DEBUG - = connection is OPEN
2023-04-13 14:38:31,181 - DEBUG - > TEXT '[2, "58956482-3593-4423-8ab4-fc31f8788d19", "Bo...umber": "EVSCA070007"}]' [169 bytes]
2023-04-13 14:38:31,608 - DEBUG - < TEXT '[3, "58956482-3593-4423-8ab4-fc31f8788d19", {"s...31Z", "interval": 300}]' [123 bytes]
2023-04-13 14:38:34,416 - DEBUG - Starting new HTTPS connection (1): rgw.devevspcharger.uplus.co.kr:443
2023-04-13 14:38:34,823 - DEBUG - https://rgw.devevspcharger.uplus.co.kr:443 "POST /ioc HTTP/1.1" 200 163
2023-04-13 14:38:34,836 - DEBUG - < TEXT '[2, "ffd09a04-334e-44c9-b6d8-9e00a6d3a4ca", "Ch...nKey", "value": "300"}]' [118 bytes]
2023-04-13 14:38:34,848 - DEBUG - > TEXT '[3, "ffd09a04-334e-44c9-b6d8-9e00a6d3a4ca", {"status": "Accepted"}]' [67 bytes]
2023-04-13 14:38:35,330 - DEBUG - < TEXT '' [0 bytes]
2023-04-13 14:38:38,785 - DEBUG - Starting new HTTPS connection (1): rgw.devevspcharger.uplus.co.kr:443
2023-04-13 14:38:39,225 - DEBUG - https://rgw.devevspcharger.uplus.co.kr:443 "POST /ioc HTTP/1.1" 200 106
2023-04-13 14:38:39,239 - DEBUG - < TEXT '[2, "6b336efd-b37e-40ca-89fe-adb3cc6df318", "ClearCache", {}]' [61 bytes]
2023-04-13 14:38:39,252 - DEBUG - > TEXT '[3, "6b336efd-b37e-40ca-89fe-adb3cc6df318", {"status": "Accepted"}]' [67 bytes]
2023-04-13 14:38:39,388 - DEBUG - < TEXT '' [0 bytes]
2023-04-13 14:38:39,429 - DEBUG - > TEXT '[2, "58956482-3593-4423-8ab4-fc31f8788d19", "Au...": "1031040000069641"}]' [87 bytes]
2023-04-13 14:38:39,621 - DEBUG - % sending keepalive ping
2023-04-13 14:38:39,622 - DEBUG - > PING ea c9 3c 8b [binary, 4 bytes]
2023-04-13 14:38:39,636 - DEBUG - < PONG ea c9 3c 8b [binary, 4 bytes]
2023-04-13 14:38:39,638 - DEBUG - % received keepalive pong
2023-04-13 14:38:39,711 - DEBUG - < TEXT '[3, "58956482-3593-4423-8ab4-fc31f8788d19", {"i..."status": "Accepted"}}]' [82 bytes]
2023-04-13 14:38:39,744 - DEBUG - > TEXT '[2, "58956482-3593-4423-8ab4-fc31f8788d19", "St..."status": "Preparing"}]' [132 bytes]
2023-04-13 14:38:40,285 - DEBUG - < TEXT '[3, "58956482-3593-4423-8ab4-fc31f8788d19", {}]' [47 bytes]
2023-04-13 14:38:40,316 - DEBUG - > TEXT '[2, "58956482-3593-4423-8ab4-fc31f8788d19", "St..."status": "Available"}]' [132 bytes]
2023-04-13 14:38:40,488 - DEBUG - < TEXT '[3, "58956482-3593-4423-8ab4-fc31f8788d19", {}]' [47 bytes]
2023-04-13 14:38:40,514 - DEBUG - = connection is CLOSING
2023-04-13 14:38:40,514 - DEBUG - > CLOSE 1000 (OK) [2 bytes]
2023-04-13 14:38:40,520 - DEBUG - < CLOSE 1000 (OK) [2 bytes]
2023-04-13 14:38:40,526 - DEBUG - = connection is CLOSED
2023-04-13 14:38:59,621 - DEBUG - % sending keepalive ping
2023-04-13 14:38:59,622 - DEBUG - > PING 90 9f e3 36 [binary, 4 bytes]
2023-04-13 14:38:59,630 - DEBUG - < PONG 90 9f e3 36 [binary, 4 bytes]
2023-04-13 14:38:59,634 - DEBUG - % received keepalive pong
2023-04-13 14:39:19,629 - DEBUG - % sending keepalive ping
2023-04-13 14:39:19,629 - DEBUG - > PING 2d f8 dd 78 [binary, 4 bytes]
2023-04-13 14:39:19,639 - DEBUG - < PONG 2d f8 dd 78 [binary, 4 bytes]
2023-04-13 14:39:19,645 - DEBUG - % received keepalive pong
2023-04-13 14:39:39,647 - DEBUG - % sending keepalive ping
2023-04-13 14:39:39,648 - DEBUG - > PING d9 ed 55 55 [binary, 4 bytes]
2023-04-13 14:39:39,659 - DEBUG - < PONG d9 ed 55 55 [binary, 4 bytes]
2023-04-13 14:39:39,666 - DEBUG - % received keepalive pong
2023-04-13 14:39:59,653 - DEBUG - % sending keepalive ping
2023-04-13 14:39:59,653 - DEBUG - > PING 78 be 39 a3 [binary, 4 bytes]
2023-04-13 14:39:59,661 - DEBUG - < PONG 78 be 39 a3 [binary, 4 bytes]
2023-04-13 14:39:59,664 - DEBUG - % received keepalive pong
2023-04-13 14:40:19,649 - DEBUG - % sending keepalive ping
2023-04-13 14:40:19,649 - DEBUG - > PING '(\x07q\x08' [text, 4 bytes]
2023-04-13 14:40:19,658 - DEBUG - < PONG '(\x07q\x08' [text, 4 bytes]
2023-04-13 14:40:19,664 - DEBUG - % received keepalive pong
2023-04-13 14:40:39,650 - DEBUG - % sending keepalive ping
2023-04-13 14:40:39,650 - DEBUG - > PING 04 c8 2b 98 [binary, 4 bytes]
2023-04-13 14:40:39,659 - DEBUG - < PONG 04 c8 2b 98 [binary, 4 bytes]
2023-04-13 14:40:39,667 - DEBUG - % received keepalive pong
2023-04-13 14:40:59,658 - DEBUG - % sending keepalive ping
2023-04-13 14:40:59,658 - DEBUG - > PING '\u04564\x1a' [text, 4 bytes]
2023-04-13 14:40:59,742 - DEBUG - < PONG '\u04564\x1a' [text, 4 bytes]
2023-04-13 14:40:59,752 - DEBUG - % received keepalive pong
2023-04-13 14:41:17,884 - DEBUG - = connection is CONNECTING
2023-04-13 14:41:17,925 - DEBUG - > GET /ocpp16/ELA007C01/EVSCA070007 HTTP/1.1
2023-04-13 14:41:17,926 - DEBUG - > Host: ws.devevspcharger.uplus.co.kr
2023-04-13 14:41:17,926 - DEBUG - > Upgrade: websocket
2023-04-13 14:41:17,926 - DEBUG - > Connection: Upgrade
2023-04-13 14:41:17,927 - DEBUG - > Sec-WebSocket-Key: 2HAEHAcX2tJPzNy90MLA5Q==
2023-04-13 14:41:17,927 - DEBUG - > Sec-WebSocket-Version: 13
2023-04-13 14:41:17,928 - DEBUG - > Sec-WebSocket-Extensions: permessage-deflate; client_max_window_bits
2023-04-13 14:41:17,929 - DEBUG - > Sec-WebSocket-Protocol: ocpp1.6
2023-04-13 14:41:17,929 - DEBUG - > Authorization: Basic RVZBUjpFVkFSTEdV
2023-04-13 14:41:17,929 - DEBUG - > User-Agent: Python/3.11 websockets/10.4
2023-04-13 14:41:18,482 - DEBUG - < HTTP/1.1 101 Switching Protocols
2023-04-13 14:41:18,482 - DEBUG - < Connection: upgrade
2023-04-13 14:41:18,482 - DEBUG - < Date: Thu, 13 Apr 2023 05:41:18 GMT
2023-04-13 14:41:18,483 - DEBUG - < sec-websocket-protocol: ocpp1.6
2023-04-13 14:41:18,483 - DEBUG - < upgrade: websocket
2023-04-13 14:41:18,483 - DEBUG - < sec-websocket-accept: KliQyCbWRnfUrpOPIz4HrcN1U0I=
2023-04-13 14:41:18,483 - DEBUG - < sec-websocket-extensions: permessage-deflate
2023-04-13 14:41:18,483 - DEBUG - < X-Cache: Miss from cloudfront
2023-04-13 14:41:18,483 - DEBUG - < Via: 1.1 3c5e765ef2333ef04ef6f44a2b66ec12.cloudfront.net (CloudFront)
2023-04-13 14:41:18,483 - DEBUG - < X-Amz-Cf-Pop: ICN57-P2
2023-04-13 14:41:18,483 - DEBUG - < X-Amz-Cf-Id: ytNiVcrfREND9EUdjUQNPTOuI-N6lP63pOFwe8lgBDCqSA7twE5mSA==
2023-04-13 14:41:18,483 - DEBUG - = connection is OPEN
2023-04-13 14:41:18,512 - DEBUG - > TEXT '[2, "7ec08701-b7a0-494c-bdc5-773e56939190", "Bo...umber": "EVSCA070007"}]' [169 bytes]
2023-04-13 14:41:18,953 - DEBUG - < TEXT '[3, "7ec08701-b7a0-494c-bdc5-773e56939190", {"s...18Z", "interval": 300}]' [123 bytes]
2023-04-13 14:41:18,995 - DEBUG - > TEXT '[2, "7ec08701-b7a0-494c-bdc5-773e56939190", "St..."status": "Preparing"}]' [132 bytes]
2023-04-13 14:41:19,264 - DEBUG - < TEXT '[3, "7ec08701-b7a0-494c-bdc5-773e56939190", {}]' [47 bytes]
2023-04-13 14:41:19,297 - DEBUG - > TEXT '[2, "7ec08701-b7a0-494c-bdc5-773e56939190", "Au...": "1031040000069641"}]' [87 bytes]
2023-04-13 14:41:19,551 - DEBUG - < TEXT '[3, "7ec08701-b7a0-494c-bdc5-773e56939190", {"i..."status": "Accepted"}}]' [82 bytes]
2023-04-13 14:41:19,583 - DEBUG - > TEXT '[2, "70fcc9fb-8b26-4630-a28d-3ce16409a8db", "St...2023-04-13T14:41:17Z"}]' [170 bytes]
2023-04-13 14:41:19,743 - DEBUG - % sending keepalive ping
2023-04-13 14:41:19,744 - DEBUG - > PING 4c 5b 8e 83 [binary, 4 bytes]
2023-04-13 14:41:19,751 - DEBUG - < PONG 4c 5b 8e 83 [binary, 4 bytes]
2023-04-13 14:41:19,758 - DEBUG - % received keepalive pong
2023-04-13 14:41:19,960 - DEBUG - < TEXT '[3, "70fcc9fb-8b26-4630-a28d-3ce16409a8db", {"t..."status": "Accepted"}}]' [110 bytes]
2023-04-13 14:41:20,009 - DEBUG - > TEXT '[2, "7ec08701-b7a0-494c-bdc5-773e56939190", "St... "status": "Charging"}]' [131 bytes]
2023-04-13 14:41:20,212 - DEBUG - < TEXT '[3, "7ec08701-b7a0-494c-bdc5-773e56939190", {}]' [47 bytes]
2023-04-13 14:41:20,267 - DEBUG - > TEXT '[2, "214c3327-758c-4994-8809-979ba9d8eb16", "Me...er", "unit": "Wh"}]}]}]' [259 bytes]
2023-04-13 14:41:20,495 - DEBUG - < TEXT '[3, "214c3327-758c-4994-8809-979ba9d8eb16", {}]' [47 bytes]
2023-04-13 14:41:20,537 - DEBUG - > TEXT '[2, "7ec08701-b7a0-494c-bdc5-773e56939190", "St...tatus": "SuspendedEV"}]' [134 bytes]
2023-04-13 14:41:20,752 - DEBUG - < TEXT '[3, "7ec08701-b7a0-494c-bdc5-773e56939190", {}]' [47 bytes]
2023-04-13 14:41:20,805 - DEBUG - > TEXT '[2, "d1a121ed-13a6-4a5f-964d-23330c307e9f", "St...sactionId": 120533823}]' [149 bytes]
2023-04-13 14:41:21,210 - DEBUG - < TEXT '[3, "d1a121ed-13a6-4a5f-964d-23330c307e9f", {"i..."status": "Accepted"}}]' [82 bytes]
2023-04-13 14:41:21,268 - DEBUG - > TEXT '[2, "7ec08701-b7a0-494c-bdc5-773e56939190", "St..."status": "Finishing"}]' [132 bytes]
2023-04-13 14:41:21,456 - DEBUG - < TEXT '[3, "7ec08701-b7a0-494c-bdc5-773e56939190", {}]' [47 bytes]
2023-04-13 14:41:21,502 - DEBUG - > TEXT '[2, "7ec08701-b7a0-494c-bdc5-773e56939190", "St..."status": "Available"}]' [132 bytes]
2023-04-13 14:41:21,756 - DEBUG - < TEXT '[3, "7ec08701-b7a0-494c-bdc5-773e56939190", {}]' [47 bytes]
2023-04-13 14:41:21,778 - DEBUG - = connection is CLOSING
2023-04-13 14:41:21,779 - DEBUG - > CLOSE 1000 (OK) [2 bytes]
2023-04-13 14:41:21,791 - DEBUG - < CLOSE 1000 (OK) [2 bytes]
2023-04-13 14:41:21,794 - DEBUG - = connection is CLOSED
2023-04-13 14:41:39,551 - DEBUG - = connection is CONNECTING
2023-04-13 14:41:39,594 - DEBUG - > GET /ocpp16/ELA007C01/EVSCA070007 HTTP/1.1
2023-04-13 14:41:39,594 - DEBUG - > Host: ws.devevspcharger.uplus.co.kr
2023-04-13 14:41:39,594 - DEBUG - > Upgrade: websocket
2023-04-13 14:41:39,596 - DEBUG - > Connection: Upgrade
2023-04-13 14:41:39,597 - DEBUG - > Sec-WebSocket-Key: 058Gru1QXCkg/gHl12k2lA==
2023-04-13 14:41:39,598 - DEBUG - > Sec-WebSocket-Version: 13
2023-04-13 14:41:39,598 - DEBUG - > Sec-WebSocket-Extensions: permessage-deflate; client_max_window_bits
2023-04-13 14:41:39,598 - DEBUG - > Sec-WebSocket-Protocol: ocpp1.6
2023-04-13 14:41:39,598 - DEBUG - > Authorization: Basic RVZBUjpFVkFSTEdV
2023-04-13 14:41:39,599 - DEBUG - > User-Agent: Python/3.11 websockets/10.4
2023-04-13 14:41:39,749 - DEBUG - % sending keepalive ping
2023-04-13 14:41:39,749 - DEBUG - > PING 2f 8f d0 58 [binary, 4 bytes]
2023-04-13 14:41:39,759 - DEBUG - < PONG 2f 8f d0 58 [binary, 4 bytes]
2023-04-13 14:41:39,766 - DEBUG - % received keepalive pong
2023-04-13 14:41:39,856 - DEBUG - < HTTP/1.1 101 Switching Protocols
2023-04-13 14:41:39,856 - DEBUG - < Connection: upgrade
2023-04-13 14:41:39,856 - DEBUG - < Date: Thu, 13 Apr 2023 05:41:39 GMT
2023-04-13 14:41:39,857 - DEBUG - < sec-websocket-protocol: ocpp1.6
2023-04-13 14:41:39,857 - DEBUG - < upgrade: websocket
2023-04-13 14:41:39,857 - DEBUG - < sec-websocket-accept: KhVWAIW8LZVHe4qODjNW0i3md1A=
2023-04-13 14:41:39,857 - DEBUG - < sec-websocket-extensions: permessage-deflate
2023-04-13 14:41:39,857 - DEBUG - < X-Cache: Miss from cloudfront
2023-04-13 14:41:39,857 - DEBUG - < Via: 1.1 addf940186af6aa7dc864a17e45130c6.cloudfront.net (CloudFront)
2023-04-13 14:41:39,857 - DEBUG - < X-Amz-Cf-Pop: ICN57-P2
2023-04-13 14:41:39,857 - DEBUG - < X-Amz-Cf-Id: kIO-gAxmVA2NWj8rBKMtZeUYP1CPz6A9kCz_ujrhXyv2CB4gE7trng==
2023-04-13 14:41:39,857 - DEBUG - = connection is OPEN
2023-04-13 14:41:39,886 - DEBUG - > TEXT '[2, "336d684d-f415-4fc0-ba90-385a38496daa", "Bo...umber": "EVSCA070007"}]' [169 bytes]
2023-04-13 14:41:40,154 - DEBUG - < TEXT '[3, "336d684d-f415-4fc0-ba90-385a38496daa", {"s...39Z", "interval": 300}]' [123 bytes]
2023-04-13 14:41:42,030 - DEBUG - Starting new HTTPS connection (1): rgw.devevspcharger.uplus.co.kr:443
2023-04-13 14:41:42,701 - DEBUG - https://rgw.devevspcharger.uplus.co.kr:443 "POST /ioc HTTP/1.1" 200 115
2023-04-13 14:41:42,712 - DEBUG - < TEXT '[2, "37feba99-04c6-4e00-a5f6-2e357d7e850a", "Reset", {"type": "Hard"}]' [70 bytes]
2023-04-13 14:41:42,718 - DEBUG - > TEXT '[3, "37feba99-04c6-4e00-a5f6-2e357d7e850a", {"status": "Accepted"}]' [67 bytes]
2023-04-13 14:41:42,849 - DEBUG - < TEXT '' [0 bytes]
2023-04-13 14:41:42,870 - DEBUG - = connection is CLOSING
2023-04-13 14:41:42,870 - DEBUG - > CLOSE 1000 (OK) [2 bytes]
2023-04-13 14:41:42,879 - DEBUG - < CLOSE 1000 (OK) [2 bytes]
2023-04-13 14:41:42,893 - DEBUG - = connection is CLOSED
2023-04-13 14:41:50,214 - DEBUG - = connection is CONNECTING
2023-04-13 14:41:50,255 - DEBUG - > GET /ocpp16/ELA007C01/EVSCA070007 HTTP/1.1
2023-04-13 14:41:50,255 - DEBUG - > Host: ws.devevspcharger.uplus.co.kr
2023-04-13 14:41:50,256 - DEBUG - > Upgrade: websocket
2023-04-13 14:41:50,256 - DEBUG - > Connection: Upgrade
2023-04-13 14:41:50,256 - DEBUG - > Sec-WebSocket-Key: /DPgui40RAZRZfntXlr8Mg==
2023-04-13 14:41:50,257 - DEBUG - > Sec-WebSocket-Version: 13
2023-04-13 14:41:50,257 - DEBUG - > Sec-WebSocket-Extensions: permessage-deflate; client_max_window_bits
2023-04-13 14:41:50,257 - DEBUG - > Sec-WebSocket-Protocol: ocpp1.6
2023-04-13 14:41:50,257 - DEBUG - > Authorization: Basic RVZBUjpFVkFSTEdV
2023-04-13 14:41:50,257 - DEBUG - > User-Agent: Python/3.11 websockets/10.4
2023-04-13 14:41:50,460 - DEBUG - < HTTP/1.1 101 Switching Protocols
2023-04-13 14:41:50,461 - DEBUG - < Connection: upgrade
2023-04-13 14:41:50,461 - DEBUG - < Date: Thu, 13 Apr 2023 05:41:50 GMT
2023-04-13 14:41:50,461 - DEBUG - < sec-websocket-protocol: ocpp1.6
2023-04-13 14:41:50,462 - DEBUG - < upgrade: websocket
2023-04-13 14:41:50,462 - DEBUG - < sec-websocket-accept: UEGwqog3apJb8aaBoF6LFgJdjTU=
2023-04-13 14:41:50,462 - DEBUG - < sec-websocket-extensions: permessage-deflate
2023-04-13 14:41:50,463 - DEBUG - < X-Cache: Miss from cloudfront
2023-04-13 14:41:50,463 - DEBUG - < Via: 1.1 599ddd31480edfa35dadcdd2b13e5b12.cloudfront.net (CloudFront)
2023-04-13 14:41:50,464 - DEBUG - < X-Amz-Cf-Pop: ICN57-P2
2023-04-13 14:41:50,464 - DEBUG - < X-Amz-Cf-Id: YYxZHhiSS7ldASVgSPo-oJcWWHpy5jc6XIgGTIkNdFXBXW4neDC4zA==
2023-04-13 14:41:50,465 - DEBUG - = connection is OPEN
2023-04-13 14:41:50,517 - DEBUG - > TEXT '[2, "a375b44a-e84e-426c-8c74-bf6096b372db", "Bo...umber": "EVSCA070007"}]' [169 bytes]
2023-04-13 14:41:50,776 - DEBUG - < TEXT '[3, "a375b44a-e84e-426c-8c74-bf6096b372db", {"s...50Z", "interval": 300}]' [123 bytes]
2023-04-13 14:41:54,651 - DEBUG - Starting new HTTPS connection (1): rgw.devevspcharger.uplus.co.kr:443
2023-04-13 14:41:55,047 - DEBUG - https://rgw.devevspcharger.uplus.co.kr:443 "POST /ioc HTTP/1.1" 200 115
2023-04-13 14:41:55,060 - DEBUG - < TEXT '[2, "cb1c78a8-ed6b-4e19-96df-8760893e37df", "Reset", {"type": "Hard"}]' [70 bytes]
2023-04-13 14:41:55,065 - DEBUG - > TEXT '[3, "cb1c78a8-ed6b-4e19-96df-8760893e37df", {"status": "Accepted"}]' [67 bytes]
2023-04-13 14:41:55,232 - DEBUG - < TEXT '' [0 bytes]
2023-04-13 14:41:55,237 - DEBUG - = connection is CLOSING
2023-04-13 14:41:55,237 - DEBUG - > CLOSE 1000 (OK) [2 bytes]
2023-04-13 14:41:55,246 - DEBUG - < CLOSE 1000 (OK) [2 bytes]
2023-04-13 14:41:55,253 - DEBUG - = connection is CLOSED
2023-04-13 14:41:59,754 - DEBUG - % sending keepalive ping
2023-04-13 14:41:59,755 - DEBUG - > PING 98 86 91 94 [binary, 4 bytes]
2023-04-13 14:41:59,763 - DEBUG - < PONG 98 86 91 94 [binary, 4 bytes]
2023-04-13 14:41:59,765 - DEBUG - % received keepalive pong
2023-04-13 14:42:19,753 - DEBUG - % sending keepalive ping
2023-04-13 14:42:19,753 - DEBUG - > PING cb bd 95 5f [binary, 4 bytes]
2023-04-13 14:42:19,762 - DEBUG - < PONG cb bd 95 5f [binary, 4 bytes]
2023-04-13 14:42:19,768 - DEBUG - % received keepalive pong
2023-04-13 14:42:39,747 - DEBUG - % sending keepalive ping
2023-04-13 14:42:39,748 - DEBUG - > PING 06 10 1f a5 [binary, 4 bytes]
2023-04-13 14:42:39,758 - DEBUG - < PONG 06 10 1f a5 [binary, 4 bytes]
2023-04-13 14:42:39,765 - DEBUG - % received keepalive pong
2023-04-13 14:42:49,588 - DEBUG - = connection is CONNECTING
2023-04-13 14:42:49,625 - DEBUG - > GET /ocpp16/ELA007C01/EVSCA070007 HTTP/1.1
2023-04-13 14:42:49,626 - DEBUG - > Host: ws.devevspcharger.uplus.co.kr
2023-04-13 14:42:49,626 - DEBUG - > Upgrade: websocket
2023-04-13 14:42:49,626 - DEBUG - > Connection: Upgrade
2023-04-13 14:42:49,627 - DEBUG - > Sec-WebSocket-Key: v1GLQWDAM2uGum6qwkXo9g==
2023-04-13 14:42:49,627 - DEBUG - > Sec-WebSocket-Version: 13
2023-04-13 14:42:49,627 - DEBUG - > Sec-WebSocket-Extensions: permessage-deflate; client_max_window_bits
2023-04-13 14:42:49,627 - DEBUG - > Sec-WebSocket-Protocol: ocpp1.6
2023-04-13 14:42:49,627 - DEBUG - > Authorization: Basic RVZBUjpFVkFSTEdV
2023-04-13 14:42:49,628 - DEBUG - > User-Agent: Python/3.11 websockets/10.4
2023-04-13 14:42:49,834 - DEBUG - < HTTP/1.1 101 Switching Protocols
2023-04-13 14:42:49,834 - DEBUG - < Connection: upgrade
2023-04-13 14:42:49,834 - DEBUG - < Date: Thu, 13 Apr 2023 05:42:49 GMT
2023-04-13 14:42:49,834 - DEBUG - < sec-websocket-protocol: ocpp1.6
2023-04-13 14:42:49,834 - DEBUG - < upgrade: websocket
2023-04-13 14:42:49,835 - DEBUG - < sec-websocket-accept: tQeYdLXTkcZ+yj4m/90UQ5NXUsk=
2023-04-13 14:42:49,836 - DEBUG - < sec-websocket-extensions: permessage-deflate
2023-04-13 14:42:49,837 - DEBUG - < X-Cache: Miss from cloudfront
2023-04-13 14:42:49,837 - DEBUG - < Via: 1.1 a252aeda8ec1e2b582ae9a32f7c8d544.cloudfront.net (CloudFront)
2023-04-13 14:42:49,837 - DEBUG - < X-Amz-Cf-Pop: ICN57-P2
2023-04-13 14:42:49,837 - DEBUG - < X-Amz-Cf-Id: tnprvmoK99vkVjXChXm68YFrHilLDKAdovKsrVfI4Oi_ZXRGmT8r-g==
2023-04-13 14:42:49,838 - DEBUG - = connection is OPEN
2023-04-13 14:42:49,875 - DEBUG - > TEXT '[2, "75d84d2a-63b2-43d9-9ae9-7f43aad1768e", "Bo...umber": "EVSCA070007"}]' [169 bytes]
2023-04-13 14:42:50,178 - DEBUG - < TEXT '[3, "75d84d2a-63b2-43d9-9ae9-7f43aad1768e", {"s...49Z", "interval": 300}]' [123 bytes]
2023-04-13 14:42:57,298 - DEBUG - Starting new HTTPS connection (1): rgw.devevspcharger.uplus.co.kr:443
2023-04-13 14:42:57,744 - DEBUG - https://rgw.devevspcharger.uplus.co.kr:443 "POST /ioc HTTP/1.1" 200 115
2023-04-13 14:42:57,755 - DEBUG - < TEXT '[2, "6fc197c8-f966-4279-99ac-e9987db31d4c", "Reset", {"type": "Hard"}]' [70 bytes]
2023-04-13 14:42:57,763 - DEBUG - > TEXT '[3, "6fc197c8-f966-4279-99ac-e9987db31d4c", {"status": "Accepted"}]' [67 bytes]
2023-04-13 14:42:57,918 - DEBUG - < TEXT '' [0 bytes]
2023-04-13 14:42:57,928 - DEBUG - = connection is CLOSING
2023-04-13 14:42:57,929 - DEBUG - > CLOSE 1000 (OK) [2 bytes]
2023-04-13 14:42:57,936 - DEBUG - < CLOSE 1000 (OK) [2 bytes]
2023-04-13 14:42:57,943 - DEBUG - = connection is CLOSED
2023-04-13 14:42:59,755 - DEBUG - % sending keepalive ping
2023-04-13 14:42:59,756 - DEBUG - > PING 24 49 e3 ec [binary, 4 bytes]
2023-04-13 14:42:59,764 - DEBUG - < PONG 24 49 e3 ec [binary, 4 bytes]
2023-04-13 14:42:59,767 - DEBUG - % received keepalive pong
2023-04-13 14:43:08,930 - DEBUG - Starting new HTTPS connection (1): rgw.devevspcharger.uplus.co.kr:443
2023-04-13 14:43:09,327 - DEBUG - https://rgw.devevspcharger.uplus.co.kr:443 "POST /ioc HTTP/1.1" 200 77
2023-04-13 14:43:13,327 - DEBUG - Starting new HTTPS connection (1): rgw.devevspcharger.uplus.co.kr:443
2023-04-13 14:43:13,700 - DEBUG - https://rgw.devevspcharger.uplus.co.kr:443 "POST /ioc HTTP/1.1" 200 77
2023-04-13 14:43:19,748 - DEBUG - % sending keepalive ping
2023-04-13 14:43:19,748 - DEBUG - > PING a0 81 8b e7 [binary, 4 bytes]
2023-04-13 14:43:19,756 - DEBUG - < PONG a0 81 8b e7 [binary, 4 bytes]
2023-04-13 14:43:19,763 - DEBUG - % received keepalive pong
2023-04-13 14:43:24,632 - DEBUG - = connection is CONNECTING
2023-04-13 14:43:24,668 - DEBUG - > GET /ocpp16/ELA007C01/EVSCA070007 HTTP/1.1
2023-04-13 14:43:24,669 - DEBUG - > Host: ws.devevspcharger.uplus.co.kr
2023-04-13 14:43:24,669 - DEBUG - > Upgrade: websocket
2023-04-13 14:43:24,669 - DEBUG - > Connection: Upgrade
2023-04-13 14:43:24,670 - DEBUG - > Sec-WebSocket-Key: xa9Uko145MBtBQUGpaeFMg==
2023-04-13 14:43:24,670 - DEBUG - > Sec-WebSocket-Version: 13
2023-04-13 14:43:24,670 - DEBUG - > Sec-WebSocket-Extensions: permessage-deflate; client_max_window_bits
2023-04-13 14:43:24,671 - DEBUG - > Sec-WebSocket-Protocol: ocpp1.6
2023-04-13 14:43:24,671 - DEBUG - > Authorization: Basic RVZBUjpFVkFSTEdV
2023-04-13 14:43:24,671 - DEBUG - > User-Agent: Python/3.11 websockets/10.4
2023-04-13 14:43:24,872 - DEBUG - < HTTP/1.1 101 Switching Protocols
2023-04-13 14:43:24,872 - DEBUG - < Connection: upgrade
2023-04-13 14:43:24,872 - DEBUG - < Date: Thu, 13 Apr 2023 05:43:24 GMT
2023-04-13 14:43:24,872 - DEBUG - < sec-websocket-protocol: ocpp1.6
2023-04-13 14:43:24,872 - DEBUG - < upgrade: websocket
2023-04-13 14:43:24,872 - DEBUG - < sec-websocket-accept: lHFbSdEH7ur7ZevhHHmhJRiUVFc=
2023-04-13 14:43:24,872 - DEBUG - < sec-websocket-extensions: permessage-deflate
2023-04-13 14:43:24,873 - DEBUG - < X-Cache: Miss from cloudfront
2023-04-13 14:43:24,873 - DEBUG - < Via: 1.1 a252aeda8ec1e2b582ae9a32f7c8d544.cloudfront.net (CloudFront)
2023-04-13 14:43:24,873 - DEBUG - < X-Amz-Cf-Pop: ICN57-P2
2023-04-13 14:43:24,873 - DEBUG - < X-Amz-Cf-Id: jgGYZBTxfECyloWjlEWPpwdyLJHWEgB7ePIA5y2ZT3tW8yqBA-_QfQ==
2023-04-13 14:43:24,873 - DEBUG - = connection is OPEN
2023-04-13 14:43:24,923 - DEBUG - > TEXT '[2, "fde9eca9-603c-4904-a71d-990bd06bb7d5", "Bo...umber": "EVSCA070007"}]' [169 bytes]
2023-04-13 14:43:25,169 - DEBUG - < TEXT '[3, "fde9eca9-603c-4904-a71d-990bd06bb7d5", {"s...24Z", "interval": 300}]' [123 bytes]
2023-04-13 14:43:25,206 - DEBUG - > TEXT '[2, "fde9eca9-603c-4904-a71d-990bd06bb7d5", "St..."status": "Preparing"}]' [132 bytes]
2023-04-13 14:43:25,456 - DEBUG - < TEXT '[3, "fde9eca9-603c-4904-a71d-990bd06bb7d5", {}]' [47 bytes]
2023-04-13 14:43:25,489 - DEBUG - > TEXT '[2, "fde9eca9-603c-4904-a71d-990bd06bb7d5", "Au...": "1031040000069641"}]' [87 bytes]
2023-04-13 14:43:25,753 - DEBUG - < TEXT '[3, "fde9eca9-603c-4904-a71d-990bd06bb7d5", {"i..."status": "Accepted"}}]' [82 bytes]
2023-04-13 14:43:25,789 - DEBUG - > TEXT '[2, "61415222-2968-48e0-bff7-97d27664a2c5", "St...2023-04-13T14:43:24Z"}]' [170 bytes]
2023-04-13 14:43:26,254 - DEBUG - < TEXT '[3, "61415222-2968-48e0-bff7-97d27664a2c5", {"t..."status": "Accepted"}}]' [110 bytes]
2023-04-13 14:43:26,304 - DEBUG - > TEXT '[2, "fde9eca9-603c-4904-a71d-990bd06bb7d5", "St... "status": "Charging"}]' [131 bytes]
2023-04-13 14:43:26,551 - DEBUG - < TEXT '[3, "fde9eca9-603c-4904-a71d-990bd06bb7d5", {}]' [47 bytes]
2023-04-13 14:43:26,612 - DEBUG - > TEXT '[2, "a39caab8-100c-4fb9-8d39-38340b2817c6", "Me...er", "unit": "Wh"}]}]}]' [259 bytes]
2023-04-13 14:43:26,943 - DEBUG - < TEXT '[3, "a39caab8-100c-4fb9-8d39-38340b2817c6", {}]' [47 bytes]
2023-04-13 14:43:26,957 - ERROR - Task exception was never retrieved
future: <Task finished name='Task-90' coro=<ChargerSim.startEvent() done, defined at D:\workspace\wss\main.py:124> exception=TclError('item number "6" out of range')>
Traceback (most recent call last):
  File "D:\workspace\wss\main.py", line 144, in startEvent
    await self.charger.runcase(self.TC_selected if len(self.TC_selected.keys())>0 else self.TC)
  File "D:\workspace\wss\Charger.py", line 331, in runcase
    self.lst_tc.itemconfig(step_count, {'fg': 'green'})
  File "C:\Users\LGCNS\AppData\Local\Programs\Python\Python311\Lib\tkinter\__init__.py", line 3318, in itemconfigure
    return self._configure(('itemconfigure', index), cnf, kw)
           ^^^^^^^^^^^^^^^^^^^^^^^^^^^^^^^^^^^^^^^^^^^^^^^^^^
  File "C:\Users\LGCNS\AppData\Local\Programs\Python\Python311\Lib\tkinter\__init__.py", line 1692, in _configure
    self.tk.call(_flatten((self._w, cmd)) + self._options(cnf))
_tkinter.TclError: item number "6" out of range
2023-04-13 14:43:30,147 - DEBUG - = connection is CONNECTING
2023-04-13 14:43:30,190 - DEBUG - > GET /ocpp16/ELA007C01/EVSCA070007 HTTP/1.1
2023-04-13 14:43:30,190 - DEBUG - > Host: ws.devevspcharger.uplus.co.kr
2023-04-13 14:43:30,190 - DEBUG - > Upgrade: websocket
2023-04-13 14:43:30,190 - DEBUG - > Connection: Upgrade
2023-04-13 14:43:30,190 - DEBUG - > Sec-WebSocket-Key: eaEylr5pj9VysCszcdAuyA==
2023-04-13 14:43:30,191 - DEBUG - > Sec-WebSocket-Version: 13
2023-04-13 14:43:30,191 - DEBUG - > Sec-WebSocket-Extensions: permessage-deflate; client_max_window_bits
2023-04-13 14:43:30,191 - DEBUG - > Sec-WebSocket-Protocol: ocpp1.6
2023-04-13 14:43:30,191 - DEBUG - > Authorization: Basic RVZBUjpFVkFSTEdV
2023-04-13 14:43:30,191 - DEBUG - > User-Agent: Python/3.11 websockets/10.4
2023-04-13 14:43:30,458 - DEBUG - < HTTP/1.1 101 Switching Protocols
2023-04-13 14:43:30,458 - DEBUG - < Connection: upgrade
2023-04-13 14:43:30,458 - DEBUG - < Date: Thu, 13 Apr 2023 05:43:30 GMT
2023-04-13 14:43:30,459 - DEBUG - < sec-websocket-protocol: ocpp1.6
2023-04-13 14:43:30,459 - DEBUG - < upgrade: websocket
2023-04-13 14:43:30,459 - DEBUG - < sec-websocket-accept: 7rbYPlTVDnMhng/uzZ933BP3v8g=
2023-04-13 14:43:30,459 - DEBUG - < sec-websocket-extensions: permessage-deflate
2023-04-13 14:43:30,459 - DEBUG - < X-Cache: Miss from cloudfront
2023-04-13 14:43:30,459 - DEBUG - < Via: 1.1 398e2e4101ed255d172b5d628fa36f5c.cloudfront.net (CloudFront)
2023-04-13 14:43:30,459 - DEBUG - < X-Amz-Cf-Pop: ICN57-P2
2023-04-13 14:43:30,459 - DEBUG - < X-Amz-Cf-Id: F70MRX0atx3oyyCwdmG2YllPAyLiChIq3gsUsA8jj3sLNxlgtHRTKw==
2023-04-13 14:43:30,460 - DEBUG - = connection is OPEN
2023-04-13 14:43:30,499 - DEBUG - > TEXT '[2, "e2367fed-8692-4746-967b-0d986719f6d2", "Bo...umber": "EVSCA070007"}]' [169 bytes]
2023-04-13 14:43:30,737 - DEBUG - < TEXT '[3, "e2367fed-8692-4746-967b-0d986719f6d2", {"s...30Z", "interval": 300}]' [123 bytes]
2023-04-13 14:43:35,859 - DEBUG - Starting new HTTPS connection (1): rgw.devevspcharger.uplus.co.kr:443
2023-04-13 14:43:36,285 - DEBUG - https://rgw.devevspcharger.uplus.co.kr:443 "POST /ioc HTTP/1.1" 200 115
2023-04-13 14:43:36,297 - DEBUG - < TEXT '[2, "a516aea1-620d-4c43-a628-52461d2146e9", "Reset", {"type": "Hard"}]' [70 bytes]
2023-04-13 14:43:36,302 - DEBUG - > TEXT '[3, "a516aea1-620d-4c43-a628-52461d2146e9", {"status": "Accepted"}]' [67 bytes]
2023-04-13 14:43:36,472 - DEBUG - < TEXT '' [0 bytes]
2023-04-13 14:43:36,496 - DEBUG - = connection is CLOSING
2023-04-13 14:43:36,497 - DEBUG - > CLOSE 1000 (OK) [2 bytes]
2023-04-13 14:43:36,506 - DEBUG - < CLOSE 1000 (OK) [2 bytes]
2023-04-13 14:43:36,511 - DEBUG - = connection is CLOSED
2023-04-13 14:43:39,744 - DEBUG - % sending keepalive ping
2023-04-13 14:43:39,744 - DEBUG - > PING fb bc c5 db [binary, 4 bytes]
2023-04-13 14:43:39,753 - DEBUG - < PONG fb bc c5 db [binary, 4 bytes]
2023-04-13 14:43:39,760 - DEBUG - % received keepalive pong
2023-04-13 14:43:44,874 - DEBUG - % sending keepalive ping
2023-04-13 14:43:44,874 - DEBUG - > PING ac 9f 5e be [binary, 4 bytes]
2023-04-13 14:43:44,882 - DEBUG - < PONG ac 9f 5e be [binary, 4 bytes]
2023-04-13 14:43:44,885 - DEBUG - % received keepalive pong
2023-04-13 14:43:59,746 - DEBUG - % sending keepalive ping
2023-04-13 14:43:59,746 - DEBUG - > PING '*Y[\x1f' [text, 4 bytes]
2023-04-13 14:43:59,753 - DEBUG - < PONG '*Y[\x1f' [text, 4 bytes]
2023-04-13 14:43:59,760 - DEBUG - % received keepalive pong
2023-04-13 14:44:04,876 - DEBUG - % sending keepalive ping
2023-04-13 14:44:04,876 - DEBUG - > PING 03 eb aa e9 [binary, 4 bytes]
2023-04-13 14:44:04,887 - DEBUG - < PONG 03 eb aa e9 [binary, 4 bytes]
2023-04-13 14:44:04,893 - DEBUG - % received keepalive pong
2023-04-13 14:44:19,764 - DEBUG - % sending keepalive ping
2023-04-13 14:44:19,765 - DEBUG - > PING 23 9b 4f 31 [binary, 4 bytes]
2023-04-13 14:44:19,773 - DEBUG - < PONG 23 9b 4f 31 [binary, 4 bytes]
2023-04-13 14:44:19,782 - DEBUG - % received keepalive pong
2023-04-13 14:44:24,878 - DEBUG - % sending keepalive ping
2023-04-13 14:44:24,879 - DEBUG - > PING 4e 34 ee cc [binary, 4 bytes]
2023-04-13 14:44:24,891 - DEBUG - < PONG 4e 34 ee cc [binary, 4 bytes]
2023-04-13 14:44:24,896 - DEBUG - % received keepalive pong
2023-04-13 14:44:26,310 - DEBUG - = connection is CONNECTING
2023-04-13 14:44:26,342 - DEBUG - > GET /ocpp16/ELA007C01/EVSCA070007 HTTP/1.1
2023-04-13 14:44:26,342 - DEBUG - > Host: ws.devevspcharger.uplus.co.kr
2023-04-13 14:44:26,342 - DEBUG - > Upgrade: websocket
2023-04-13 14:44:26,343 - DEBUG - > Connection: Upgrade
2023-04-13 14:44:26,343 - DEBUG - > Sec-WebSocket-Key: +Q02tdlovM15RQCUoFxKEQ==
2023-04-13 14:44:26,343 - DEBUG - > Sec-WebSocket-Version: 13
2023-04-13 14:44:26,343 - DEBUG - > Sec-WebSocket-Extensions: permessage-deflate; client_max_window_bits
2023-04-13 14:44:26,343 - DEBUG - > Sec-WebSocket-Protocol: ocpp1.6
2023-04-13 14:44:26,343 - DEBUG - > Authorization: Basic RVZBUjpFVkFSTEdV
2023-04-13 14:44:26,343 - DEBUG - > User-Agent: Python/3.11 websockets/10.4
2023-04-13 14:44:26,578 - DEBUG - < HTTP/1.1 101 Switching Protocols
2023-04-13 14:44:26,579 - DEBUG - < Connection: upgrade
2023-04-13 14:44:26,579 - DEBUG - < Date: Thu, 13 Apr 2023 05:44:26 GMT
2023-04-13 14:44:26,579 - DEBUG - < sec-websocket-protocol: ocpp1.6
2023-04-13 14:44:26,579 - DEBUG - < upgrade: websocket
2023-04-13 14:44:26,579 - DEBUG - < sec-websocket-accept: KiFmBze4Jbaj5c0Zeo5YwXGKd3Y=
2023-04-13 14:44:26,579 - DEBUG - < sec-websocket-extensions: permessage-deflate
2023-04-13 14:44:26,579 - DEBUG - < X-Cache: Miss from cloudfront
2023-04-13 14:44:26,579 - DEBUG - < Via: 1.1 a252aeda8ec1e2b582ae9a32f7c8d544.cloudfront.net (CloudFront)
2023-04-13 14:44:26,579 - DEBUG - < X-Amz-Cf-Pop: ICN57-P2
2023-04-13 14:44:26,580 - DEBUG - < X-Amz-Cf-Id: 91lqvrn1Pru8u7o1wXrr78EESQ6YtXNU1km5LWhdQQmX9hD8uA7RTA==
2023-04-13 14:44:26,580 - DEBUG - = connection is OPEN
2023-04-13 14:44:26,619 - DEBUG - > TEXT '[2, "e199a674-30df-44ba-bb3f-ee3c92b28410", "Bo...umber": "EVSCA070007"}]' [169 bytes]
2023-04-13 14:44:26,872 - DEBUG - < TEXT '[3, "e199a674-30df-44ba-bb3f-ee3c92b28410", {"s...26Z", "interval": 300}]' [123 bytes]
2023-04-13 14:44:31,520 - DEBUG - Starting new HTTPS connection (1): rgw.devevspcharger.uplus.co.kr:443
2023-04-13 14:44:31,988 - DEBUG - https://rgw.devevspcharger.uplus.co.kr:443 "POST /ioc HTTP/1.1" 200 127
2023-04-13 14:44:32,000 - DEBUG - < TEXT '[2, "875c492c-ef3e-4b2b-acf5-26b9f752a9bf", "Un...r", {"connectorId": 1}]' [82 bytes]
2023-04-13 14:44:32,004 - DEBUG - > TEXT '[3, "875c492c-ef3e-4b2b-acf5-26b9f752a9bf", {"status": "UnlockFailed"}]' [71 bytes]
2023-04-13 14:44:32,171 - DEBUG - < TEXT '' [0 bytes]
2023-04-13 14:44:32,184 - DEBUG - = connection is CLOSING
2023-04-13 14:44:32,184 - DEBUG - > CLOSE 1000 (OK) [2 bytes]
2023-04-13 14:44:32,196 - DEBUG - < CLOSE 1000 (OK) [2 bytes]
2023-04-13 14:44:32,200 - DEBUG - = connection is CLOSED
2023-04-13 14:44:39,776 - DEBUG - % sending keepalive ping
2023-04-13 14:44:39,776 - DEBUG - > PING '\x1e*z\x06' [text, 4 bytes]
2023-04-13 14:44:39,784 - DEBUG - < PONG '\x1e*z\x06' [text, 4 bytes]
2023-04-13 14:44:39,791 - DEBUG - % received keepalive pong
2023-04-13 14:44:44,909 - DEBUG - % sending keepalive ping
2023-04-13 14:44:44,909 - DEBUG - > PING 39 40 79 fb [binary, 4 bytes]
2023-04-13 14:44:44,918 - DEBUG - < PONG 39 40 79 fb [binary, 4 bytes]
2023-04-13 14:44:44,923 - DEBUG - % received keepalive pong
2023-04-13 14:44:59,781 - DEBUG - % sending keepalive ping
2023-04-13 14:44:59,781 - DEBUG - > PING 5b 54 8b 12 [binary, 4 bytes]
2023-04-13 14:44:59,788 - DEBUG - < PONG 5b 54 8b 12 [binary, 4 bytes]
2023-04-13 14:44:59,791 - DEBUG - % received keepalive pong
2023-04-13 14:45:04,898 - DEBUG - % sending keepalive ping
2023-04-13 14:45:04,899 - DEBUG - > PING '\x11\x18.\x18' [text, 4 bytes]
2023-04-13 14:45:04,907 - DEBUG - < PONG '\x11\x18.\x18' [text, 4 bytes]
2023-04-13 14:45:04,916 - DEBUG - % received keepalive pong
2023-04-13 14:45:19,773 - DEBUG - % sending keepalive ping
2023-04-13 14:45:19,774 - DEBUG - > PING a3 f4 34 0c [binary, 4 bytes]
2023-04-13 14:45:19,781 - DEBUG - < PONG a3 f4 34 0c [binary, 4 bytes]
2023-04-13 14:45:19,785 - DEBUG - % received keepalive pong
2023-04-13 14:45:24,906 - DEBUG - % sending keepalive ping
2023-04-13 14:45:24,906 - DEBUG - > PING 04 34 9b 88 [binary, 4 bytes]
2023-04-13 14:45:24,918 - DEBUG - < PONG 04 34 9b 88 [binary, 4 bytes]
2023-04-13 14:45:24,934 - DEBUG - % received keepalive pong
2023-04-13 14:45:39,770 - DEBUG - % sending keepalive ping
2023-04-13 14:45:39,770 - DEBUG - > PING 28 7f 7a ab [binary, 4 bytes]
2023-04-13 14:45:39,780 - DEBUG - < PONG 28 7f 7a ab [binary, 4 bytes]
2023-04-13 14:45:39,787 - DEBUG - % received keepalive pong
2023-04-13 14:45:44,932 - DEBUG - % sending keepalive ping
2023-04-13 14:45:44,932 - DEBUG - > PING 8e 7d 82 da [binary, 4 bytes]
2023-04-13 14:45:44,940 - DEBUG - < PONG 8e 7d 82 da [binary, 4 bytes]
2023-04-13 14:45:44,949 - DEBUG - % received keepalive pong
2023-04-13 14:45:59,774 - DEBUG - % sending keepalive ping
2023-04-13 14:45:59,774 - DEBUG - > PING 8a c3 5d 3a [binary, 4 bytes]
2023-04-13 14:45:59,783 - DEBUG - < PONG 8a c3 5d 3a [binary, 4 bytes]
2023-04-13 14:45:59,790 - DEBUG - % received keepalive pong
2023-04-13 14:46:04,953 - DEBUG - % sending keepalive ping
2023-04-13 14:46:04,953 - DEBUG - > PING 9b 96 bb bf [binary, 4 bytes]
2023-04-13 14:46:04,962 - DEBUG - < PONG 9b 96 bb bf [binary, 4 bytes]
2023-04-13 14:46:04,969 - DEBUG - % received keepalive pong
2023-04-13 14:46:19,780 - DEBUG - % sending keepalive ping
2023-04-13 14:46:19,780 - DEBUG - > PING 61 97 32 29 [binary, 4 bytes]
2023-04-13 14:46:19,790 - DEBUG - < PONG 61 97 32 29 [binary, 4 bytes]
2023-04-13 14:46:19,797 - DEBUG - % received keepalive pong
2023-04-13 14:46:24,945 - DEBUG - % sending keepalive ping
2023-04-13 14:46:24,945 - DEBUG - > PING 51 32 8a a8 [binary, 4 bytes]
2023-04-13 14:46:24,954 - DEBUG - < PONG 51 32 8a a8 [binary, 4 bytes]
2023-04-13 14:46:24,961 - DEBUG - % received keepalive pong
2023-04-13 14:46:39,786 - DEBUG - % sending keepalive ping
2023-04-13 14:46:39,787 - DEBUG - > PING 36 b7 e2 d8 [binary, 4 bytes]
2023-04-13 14:46:39,796 - DEBUG - < PONG 36 b7 e2 d8 [binary, 4 bytes]
2023-04-13 14:46:39,811 - DEBUG - % received keepalive pong
2023-04-13 14:46:44,950 - DEBUG - % sending keepalive ping
2023-04-13 14:46:44,950 - DEBUG - > PING 1d 83 9d c4 [binary, 4 bytes]
2023-04-13 14:46:44,960 - DEBUG - < PONG 1d 83 9d c4 [binary, 4 bytes]
2023-04-13 14:46:44,966 - DEBUG - % received keepalive pong
2023-04-13 14:46:59,804 - DEBUG - % sending keepalive ping
2023-04-13 14:46:59,804 - DEBUG - > PING fd e0 7e 65 [binary, 4 bytes]
2023-04-13 14:46:59,814 - DEBUG - < PONG fd e0 7e 65 [binary, 4 bytes]
2023-04-13 14:46:59,821 - DEBUG - % received keepalive pong
2023-04-13 14:47:04,974 - DEBUG - % sending keepalive ping
2023-04-13 14:47:04,974 - DEBUG - > PING '3\u0731@' [text, 4 bytes]
2023-04-13 14:47:06,093 - DEBUG - < PONG '3\u0731@' [text, 4 bytes]
2023-04-13 14:47:06,105 - DEBUG - % received keepalive pong
2023-04-13 14:47:19,819 - DEBUG - % sending keepalive ping
2023-04-13 14:47:19,820 - DEBUG - > PING '^\u05ed#' [text, 4 bytes]
2023-04-13 14:47:19,827 - DEBUG - < PONG '^\u05ed#' [text, 4 bytes]
2023-04-13 14:47:19,831 - DEBUG - % received keepalive pong
2023-04-13 14:47:26,112 - DEBUG - % sending keepalive ping
2023-04-13 14:47:26,112 - DEBUG - > PING ec 5e 81 2a [binary, 4 bytes]
2023-04-13 14:47:26,123 - DEBUG - < PONG ec 5e 81 2a [binary, 4 bytes]
2023-04-13 14:47:26,128 - DEBUG - % received keepalive pong
2023-04-13 14:47:39,826 - DEBUG - % sending keepalive ping
2023-04-13 14:47:39,826 - DEBUG - > PING '?~;\x12' [text, 4 bytes]
2023-04-13 14:47:39,835 - DEBUG - < PONG '?~;\x12' [text, 4 bytes]
2023-04-13 14:47:39,842 - DEBUG - % received keepalive pong
2023-04-13 14:47:46,116 - DEBUG - % sending keepalive ping
2023-04-13 14:47:46,116 - DEBUG - > PING e3 4f 55 41 [binary, 4 bytes]
2023-04-13 14:47:46,124 - DEBUG - < PONG e3 4f 55 41 [binary, 4 bytes]
2023-04-13 14:47:46,127 - DEBUG - % received keepalive pong
2023-04-13 14:47:59,830 - DEBUG - % sending keepalive ping
2023-04-13 14:47:59,830 - DEBUG - > PING cc a4 8a c0 [binary, 4 bytes]
2023-04-13 14:47:59,838 - DEBUG - < PONG cc a4 8a c0 [binary, 4 bytes]
2023-04-13 14:47:59,841 - DEBUG - % received keepalive pong
2023-04-13 14:48:06,132 - DEBUG - % sending keepalive ping
2023-04-13 14:48:06,132 - DEBUG - > PING aa fd 03 1c [binary, 4 bytes]
2023-04-13 14:48:06,141 - DEBUG - < PONG aa fd 03 1c [binary, 4 bytes]
2023-04-13 14:48:06,144 - DEBUG - % received keepalive pong
2023-04-13 14:48:19,821 - DEBUG - % sending keepalive ping
2023-04-13 14:48:19,821 - DEBUG - > PING 7e 7c f4 be [binary, 4 bytes]
2023-04-13 14:48:19,828 - DEBUG - < PONG 7e 7c f4 be [binary, 4 bytes]
2023-04-13 14:48:19,831 - DEBUG - % received keepalive pong
2023-04-13 14:48:26,155 - DEBUG - % sending keepalive ping
2023-04-13 14:48:26,155 - DEBUG - > PING 8a 27 ef 52 [binary, 4 bytes]
2023-04-13 14:48:26,170 - DEBUG - < PONG 8a 27 ef 52 [binary, 4 bytes]
2023-04-13 14:48:26,175 - DEBUG - % received keepalive pong
2023-04-13 14:48:39,832 - DEBUG - % sending keepalive ping
2023-04-13 14:48:39,832 - DEBUG - > PING f5 44 bb 6f [binary, 4 bytes]
2023-04-13 14:48:39,840 - DEBUG - < PONG f5 44 bb 6f [binary, 4 bytes]
2023-04-13 14:48:39,844 - DEBUG - % received keepalive pong
2023-04-13 14:48:46,153 - DEBUG - % sending keepalive ping
2023-04-13 14:48:46,153 - DEBUG - > PING 7e df 4a 4b [binary, 4 bytes]
2023-04-13 14:48:46,166 - DEBUG - < PONG 7e df 4a 4b [binary, 4 bytes]
2023-04-13 14:48:46,170 - DEBUG - % received keepalive pong
2023-04-13 14:48:59,834 - DEBUG - % sending keepalive ping
2023-04-13 14:48:59,834 - DEBUG - > PING 1b 29 8f be [binary, 4 bytes]
2023-04-13 14:48:59,842 - DEBUG - < PONG 1b 29 8f be [binary, 4 bytes]
2023-04-13 14:48:59,850 - DEBUG - % received keepalive pong
2023-04-13 14:49:06,152 - DEBUG - % sending keepalive ping
2023-04-13 14:49:06,152 - DEBUG - > PING 94 72 55 be [binary, 4 bytes]
2023-04-13 14:49:06,161 - DEBUG - < PONG 94 72 55 be [binary, 4 bytes]
2023-04-13 14:49:06,168 - DEBUG - % received keepalive pong
2023-04-13 14:49:19,857 - DEBUG - % sending keepalive ping
2023-04-13 14:49:19,858 - DEBUG - > PING 49 30 ca 6f [binary, 4 bytes]
2023-04-13 14:49:19,866 - DEBUG - < PONG 49 30 ca 6f [binary, 4 bytes]
2023-04-13 14:49:19,872 - DEBUG - % received keepalive pong
2023-04-13 14:49:26,150 - DEBUG - % sending keepalive ping
2023-04-13 14:49:26,151 - DEBUG - > PING 7e 28 59 85 [binary, 4 bytes]
2023-04-13 14:49:26,163 - DEBUG - < PONG 7e 28 59 85 [binary, 4 bytes]
2023-04-13 14:49:26,173 - DEBUG - % received keepalive pong
2023-04-13 14:49:39,867 - DEBUG - % sending keepalive ping
2023-04-13 14:49:39,867 - DEBUG - > PING '0wZ\x01' [text, 4 bytes]
2023-04-13 14:49:39,875 - DEBUG - < PONG '0wZ\x01' [text, 4 bytes]
2023-04-13 14:49:39,883 - DEBUG - % received keepalive pong
2023-04-13 14:49:46,156 - DEBUG - % sending keepalive ping
2023-04-13 14:49:46,157 - DEBUG - > PING b1 44 49 55 [binary, 4 bytes]
2023-04-13 14:49:46,164 - DEBUG - < PONG b1 44 49 55 [binary, 4 bytes]
2023-04-13 14:49:46,170 - DEBUG - % received keepalive pong
2023-04-13 14:49:59,872 - DEBUG - % sending keepalive ping
2023-04-13 14:49:59,872 - DEBUG - > PING 5c fb 5e 9e [binary, 4 bytes]
2023-04-13 14:49:59,880 - DEBUG - < PONG 5c fb 5e 9e [binary, 4 bytes]
2023-04-13 14:49:59,888 - DEBUG - % received keepalive pong
2023-04-13 14:50:06,156 - DEBUG - % sending keepalive ping
2023-04-13 14:50:06,156 - DEBUG - > PING 0b da 0d c2 [binary, 4 bytes]
2023-04-13 14:50:06,166 - DEBUG - < PONG 0b da 0d c2 [binary, 4 bytes]
2023-04-13 14:50:06,173 - DEBUG - % received keepalive pong
2023-04-13 14:50:19,882 - DEBUG - % sending keepalive ping
2023-04-13 14:50:19,882 - DEBUG - > PING 51 fa 40 9a [binary, 4 bytes]
2023-04-13 14:50:19,890 - DEBUG - < PONG 51 fa 40 9a [binary, 4 bytes]
2023-04-13 14:50:19,898 - DEBUG - % received keepalive pong
2023-04-13 14:50:26,158 - DEBUG - % sending keepalive ping
2023-04-13 14:50:26,159 - DEBUG - > PING 87 11 cd ba [binary, 4 bytes]
2023-04-13 14:50:26,181 - DEBUG - < PONG 87 11 cd ba [binary, 4 bytes]
2023-04-13 14:50:26,190 - DEBUG - % received keepalive pong
2023-04-13 14:50:39,905 - DEBUG - % sending keepalive ping
2023-04-13 14:50:39,906 - DEBUG - > PING 7a a5 29 2b [binary, 4 bytes]
2023-04-13 14:50:39,915 - DEBUG - < PONG 7a a5 29 2b [binary, 4 bytes]
2023-04-13 14:50:39,924 - DEBUG - % received keepalive pong
2023-04-13 14:50:46,180 - DEBUG - % sending keepalive ping
2023-04-13 14:50:46,180 - DEBUG - > PING 4b da 4f c9 [binary, 4 bytes]
2023-04-13 14:50:46,189 - DEBUG - < PONG 4b da 4f c9 [binary, 4 bytes]
2023-04-13 14:50:46,197 - DEBUG - % received keepalive pong
2023-04-13 14:50:59,919 - DEBUG - % sending keepalive ping
2023-04-13 14:50:59,919 - DEBUG - > PING 'R&`\x1e' [text, 4 bytes]
2023-04-13 14:50:59,935 - DEBUG - < PONG 'R&`\x1e' [text, 4 bytes]
2023-04-13 14:50:59,952 - DEBUG - % received keepalive pong
2023-04-13 14:51:06,206 - DEBUG - % sending keepalive ping
2023-04-13 14:51:06,207 - DEBUG - > PING 7c cb 2e ac [binary, 4 bytes]
2023-04-13 14:51:06,216 - DEBUG - < PONG 7c cb 2e ac [binary, 4 bytes]
2023-04-13 14:51:06,222 - DEBUG - % received keepalive pong
2023-04-13 14:51:19,955 - DEBUG - % sending keepalive ping
2023-04-13 14:51:19,955 - DEBUG - > PING 'li\u04bd' [text, 4 bytes]
2023-04-13 14:51:19,973 - DEBUG - < PONG 'li\u04bd' [text, 4 bytes]
2023-04-13 14:51:19,979 - DEBUG - % received keepalive pong
2023-04-13 14:51:26,203 - DEBUG - % sending keepalive ping
2023-04-13 14:51:26,203 - DEBUG - > PING fc 0b 92 8c [binary, 4 bytes]
2023-04-13 14:51:26,218 - DEBUG - < PONG fc 0b 92 8c [binary, 4 bytes]
2023-04-13 14:51:26,225 - DEBUG - % received keepalive pong
2023-04-13 14:51:39,980 - DEBUG - % sending keepalive ping
2023-04-13 14:51:39,980 - DEBUG - > PING 55 fe d7 7f [binary, 4 bytes]
2023-04-13 14:51:39,989 - DEBUG - < PONG 55 fe d7 7f [binary, 4 bytes]
2023-04-13 14:51:39,998 - DEBUG - % received keepalive pong
2023-04-13 14:51:46,224 - DEBUG - % sending keepalive ping
2023-04-13 14:51:46,225 - DEBUG - > PING ed be e0 69 [binary, 4 bytes]
2023-04-13 14:51:46,235 - DEBUG - < PONG ed be e0 69 [binary, 4 bytes]
2023-04-13 14:51:46,244 - DEBUG - % received keepalive pong
2023-04-13 14:52:00,001 - DEBUG - % sending keepalive ping
2023-04-13 14:52:00,001 - DEBUG - > PING 71 9b 3b aa [binary, 4 bytes]
2023-04-13 14:52:00,010 - DEBUG - < PONG 71 9b 3b aa [binary, 4 bytes]
2023-04-13 14:52:00,017 - DEBUG - % received keepalive pong
2023-04-13 14:52:06,240 - DEBUG - % sending keepalive ping
2023-04-13 14:52:06,240 - DEBUG - > PING '*\x0c\x1dO' [text, 4 bytes]
2023-04-13 14:52:06,249 - DEBUG - < PONG '*\x0c\x1dO' [text, 4 bytes]
2023-04-13 14:52:06,262 - DEBUG - % received keepalive pong
2023-04-13 14:52:20,001 - DEBUG - % sending keepalive ping
2023-04-13 14:52:20,001 - DEBUG - > PING 4d 8a 7d 27 [binary, 4 bytes]
2023-04-13 14:52:20,009 - DEBUG - < PONG 4d 8a 7d 27 [binary, 4 bytes]
2023-04-13 14:52:20,013 - DEBUG - % received keepalive pong
2023-04-13 14:52:26,250 - DEBUG - % sending keepalive ping
2023-04-13 14:52:26,250 - DEBUG - > PING 38 c2 8e b1 [binary, 4 bytes]
2023-04-13 14:52:26,267 - DEBUG - < PONG 38 c2 8e b1 [binary, 4 bytes]
2023-04-13 14:52:26,276 - DEBUG - % received keepalive pong
2023-04-13 14:52:39,993 - DEBUG - % sending keepalive ping
2023-04-13 14:52:39,994 - DEBUG - > PING d9 78 95 25 [binary, 4 bytes]
2023-04-13 14:52:40,002 - DEBUG - < PONG d9 78 95 25 [binary, 4 bytes]
2023-04-13 14:52:40,010 - DEBUG - % received keepalive pong
2023-04-13 14:52:46,272 - DEBUG - % sending keepalive ping
2023-04-13 14:52:46,272 - DEBUG - > PING 91 cc 79 7a [binary, 4 bytes]
2023-04-13 14:52:46,281 - DEBUG - < PONG 91 cc 79 7a [binary, 4 bytes]
2023-04-13 14:52:46,288 - DEBUG - % received keepalive pong
2023-04-13 14:53:00,002 - DEBUG - % sending keepalive ping
2023-04-13 14:53:00,002 - DEBUG - > PING 76 f9 7e 44 [binary, 4 bytes]
2023-04-13 14:53:00,116 - DEBUG - < PONG 76 f9 7e 44 [binary, 4 bytes]
2023-04-13 14:53:00,125 - DEBUG - % received keepalive pong
2023-04-13 14:53:06,275 - DEBUG - % sending keepalive ping
2023-04-13 14:53:06,275 - DEBUG - > PING '~n\x1e~' [text, 4 bytes]
2023-04-13 14:53:06,284 - DEBUG - < PONG '~n\x1e~' [text, 4 bytes]
2023-04-13 14:53:06,294 - DEBUG - % received keepalive pong
2023-04-13 14:53:20,123 - DEBUG - % sending keepalive ping
2023-04-13 14:53:20,124 - DEBUG - > PING 73 83 e6 17 [binary, 4 bytes]
2023-04-13 14:53:20,159 - DEBUG - < PONG 73 83 e6 17 [binary, 4 bytes]
2023-04-13 14:53:20,165 - DEBUG - % received keepalive pong
2023-04-13 14:53:26,278 - DEBUG - % sending keepalive ping
2023-04-13 14:53:26,278 - DEBUG - > PING 47 d2 07 0c [binary, 4 bytes]
2023-04-13 14:53:26,288 - DEBUG - < PONG 47 d2 07 0c [binary, 4 bytes]
2023-04-13 14:53:26,295 - DEBUG - % received keepalive pong
2023-04-13 14:53:40,158 - DEBUG - % sending keepalive ping
2023-04-13 14:53:40,159 - DEBUG - > PING 7b a2 11 12 [binary, 4 bytes]
2023-04-13 14:53:40,173 - DEBUG - < PONG 7b a2 11 12 [binary, 4 bytes]
2023-04-13 14:53:40,179 - DEBUG - % received keepalive pong
2023-04-13 14:53:46,281 - DEBUG - % sending keepalive ping
2023-04-13 14:53:46,281 - DEBUG - > PING 66 9e 8c 80 [binary, 4 bytes]
2023-04-13 14:53:46,289 - DEBUG - < PONG 66 9e 8c 80 [binary, 4 bytes]
2023-04-13 14:53:46,296 - DEBUG - % received keepalive pong
2023-04-13 14:54:00,178 - DEBUG - % sending keepalive ping
2023-04-13 14:54:00,178 - DEBUG - > PING c6 25 b4 c5 [binary, 4 bytes]
2023-04-13 14:54:00,186 - DEBUG - < PONG c6 25 b4 c5 [binary, 4 bytes]
2023-04-13 14:54:00,189 - DEBUG - % received keepalive pong
2023-04-13 14:54:06,288 - DEBUG - % sending keepalive ping
2023-04-13 14:54:06,288 - DEBUG - > PING c4 e6 54 1e [binary, 4 bytes]
2023-04-13 14:54:06,297 - DEBUG - < PONG c4 e6 54 1e [binary, 4 bytes]
2023-04-13 14:54:06,307 - DEBUG - % received keepalive pong
2023-04-13 14:54:11,263 - DEBUG - = connection is CONNECTING
2023-04-13 14:54:11,296 - DEBUG - > GET /ocpp16/ELA007C01/EVSCA070007 HTTP/1.1
2023-04-13 14:54:11,296 - DEBUG - > Host: ws.devevspcharger.uplus.co.kr
2023-04-13 14:54:11,297 - DEBUG - > Upgrade: websocket
2023-04-13 14:54:11,297 - DEBUG - > Connection: Upgrade
2023-04-13 14:54:11,297 - DEBUG - > Sec-WebSocket-Key: KafyPgPCWxiSXL7fcR6s9Q==
2023-04-13 14:54:11,297 - DEBUG - > Sec-WebSocket-Version: 13
2023-04-13 14:54:11,297 - DEBUG - > Sec-WebSocket-Extensions: permessage-deflate; client_max_window_bits
2023-04-13 14:54:11,297 - DEBUG - > Sec-WebSocket-Protocol: ocpp1.6
2023-04-13 14:54:11,297 - DEBUG - > Authorization: Basic RVZBUjpFVkFSTEdV
2023-04-13 14:54:11,297 - DEBUG - > User-Agent: Python/3.11 websockets/10.4
2023-04-13 14:54:12,618 - DEBUG - < HTTP/1.1 101 Switching Protocols
2023-04-13 14:54:12,618 - DEBUG - < Connection: upgrade
2023-04-13 14:54:12,619 - DEBUG - < Date: Thu, 13 Apr 2023 05:54:12 GMT
2023-04-13 14:54:12,619 - DEBUG - < sec-websocket-protocol: ocpp1.6
2023-04-13 14:54:12,620 - DEBUG - < upgrade: websocket
2023-04-13 14:54:12,620 - DEBUG - < sec-websocket-accept: oBx9DqiaHYjdX7m5A4Mww7ynmVw=
2023-04-13 14:54:12,620 - DEBUG - < sec-websocket-extensions: permessage-deflate
2023-04-13 14:54:12,620 - DEBUG - < X-Cache: Miss from cloudfront
2023-04-13 14:54:12,622 - DEBUG - < Via: 1.1 967cab954a1c41e7f76f472d706ab3a0.cloudfront.net (CloudFront)
2023-04-13 14:54:12,623 - DEBUG - < X-Amz-Cf-Pop: ICN57-P2
2023-04-13 14:54:12,623 - DEBUG - < X-Amz-Cf-Id: xPX_cWwGL-S8hV6keHdLGFTY8iZ8GL5cz2PhcR91amz-OVoxQ4XXgg==
2023-04-13 14:54:12,624 - DEBUG - = connection is OPEN
2023-04-13 14:54:12,675 - DEBUG - > TEXT '[2, "005c3b78-edf2-4d6b-829e-e62d35ca5aba", "Bo...umber": "EVSCA070007"}]' [169 bytes]
2023-04-13 14:54:13,078 - DEBUG - < TEXT '[3, "005c3b78-edf2-4d6b-829e-e62d35ca5aba", {"s...12Z", "interval": 300}]' [123 bytes]
2023-04-13 14:54:13,112 - DEBUG - > TEXT '[2, "005c3b78-edf2-4d6b-829e-e62d35ca5aba", "St..."status": "Preparing"}]' [132 bytes]
2023-04-13 14:54:13,369 - DEBUG - < TEXT '[3, "005c3b78-edf2-4d6b-829e-e62d35ca5aba", {}]' [47 bytes]
2023-04-13 14:54:20,184 - DEBUG - % sending keepalive ping
2023-04-13 14:54:20,184 - DEBUG - > PING 99 e8 c4 fc [binary, 4 bytes]
2023-04-13 14:54:20,192 - DEBUG - < PONG 99 e8 c4 fc [binary, 4 bytes]
2023-04-13 14:54:20,196 - DEBUG - % received keepalive pong
2023-04-13 14:54:26,315 - DEBUG - % sending keepalive ping
2023-04-13 14:54:26,315 - DEBUG - > PING 11 f4 75 41 [binary, 4 bytes]
2023-04-13 14:54:26,324 - DEBUG - < PONG 11 f4 75 41 [binary, 4 bytes]
2023-04-13 14:54:26,326 - DEBUG - % received keepalive pong
2023-04-13 14:54:32,617 - DEBUG - % sending keepalive ping
2023-04-13 14:54:32,617 - DEBUG - > PING 66 5a 6e a4 [binary, 4 bytes]
2023-04-13 14:54:32,624 - DEBUG - < PONG 66 5a 6e a4 [binary, 4 bytes]
2023-04-13 14:54:32,629 - DEBUG - % received keepalive pong
2023-04-13 14:54:40,194 - DEBUG - % sending keepalive ping
2023-04-13 14:54:40,195 - DEBUG - > PING b1 da 98 d4 [binary, 4 bytes]
2023-04-13 14:54:40,203 - DEBUG - < PONG b1 da 98 d4 [binary, 4 bytes]
2023-04-13 14:54:40,210 - DEBUG - % received keepalive pong
2023-04-13 14:54:46,322 - DEBUG - % sending keepalive ping
2023-04-13 14:54:46,322 - DEBUG - > PING 5a ff 9f eb [binary, 4 bytes]
2023-04-13 14:54:46,347 - DEBUG - < PONG 5a ff 9f eb [binary, 4 bytes]
2023-04-13 14:54:46,361 - DEBUG - % received keepalive pong
2023-04-13 14:54:52,624 - DEBUG - % sending keepalive ping
2023-04-13 14:54:52,624 - DEBUG - > PING a2 a9 c8 8a [binary, 4 bytes]
2023-04-13 14:54:52,635 - DEBUG - < PONG a2 a9 c8 8a [binary, 4 bytes]
2023-04-13 14:54:52,645 - DEBUG - % received keepalive pong
2023-04-13 14:55:00,205 - DEBUG - % sending keepalive ping
2023-04-13 14:55:00,205 - DEBUG - > PING 86 98 b6 ea [binary, 4 bytes]
2023-04-13 14:55:00,215 - DEBUG - < PONG 86 98 b6 ea [binary, 4 bytes]
2023-04-13 14:55:00,222 - DEBUG - % received keepalive pong
2023-04-13 14:55:06,123 - DEBUG - < TEXT '[2, "22-2968-48e0-bff7-97d27664a2c5", "RemoteSt...sactionId": 120533824}]' [92 bytes]
2023-04-13 14:55:06,159 - DEBUG - = connection is CLOSING
2023-04-13 14:55:06,159 - DEBUG - > CLOSE 1000 (OK) [2 bytes]
2023-04-13 14:55:06,169 - DEBUG - < CLOSE 1000 (OK) [2 bytes]
2023-04-13 14:55:06,172 - DEBUG - = connection is CLOSED
2023-04-13 14:55:06,360 - DEBUG - % sending keepalive ping
2023-04-13 14:55:06,360 - DEBUG - > PING 19 1c 9e 17 [binary, 4 bytes]
2023-04-13 14:55:06,368 - DEBUG - < PONG 19 1c 9e 17 [binary, 4 bytes]
2023-04-13 14:55:06,374 - DEBUG - % received keepalive pong
2023-04-13 14:55:20,209 - DEBUG - % sending keepalive ping
2023-04-13 14:55:20,209 - DEBUG - > PING f1 75 51 e7 [binary, 4 bytes]
2023-04-13 14:55:20,217 - DEBUG - < PONG f1 75 51 e7 [binary, 4 bytes]
2023-04-13 14:55:20,220 - DEBUG - % received keepalive pong
2023-04-13 14:55:26,374 - DEBUG - % sending keepalive ping
2023-04-13 14:55:26,374 - DEBUG - > PING ac 41 6e 77 [binary, 4 bytes]
2023-04-13 14:55:26,384 - DEBUG - < PONG ac 41 6e 77 [binary, 4 bytes]
2023-04-13 14:55:26,386 - DEBUG - % received keepalive pong
2023-04-13 14:55:40,198 - DEBUG - % sending keepalive ping
2023-04-13 14:55:40,198 - DEBUG - > PING 08 aa 0d c2 [binary, 4 bytes]
2023-04-13 14:55:40,207 - DEBUG - < PONG 08 aa 0d c2 [binary, 4 bytes]
2023-04-13 14:55:40,220 - DEBUG - % received keepalive pong
2023-04-13 14:55:46,365 - DEBUG - % sending keepalive ping
2023-04-13 14:55:46,366 - DEBUG - > PING d9 4c de c1 [binary, 4 bytes]
2023-04-13 14:55:46,375 - DEBUG - < PONG d9 4c de c1 [binary, 4 bytes]
2023-04-13 14:55:46,382 - DEBUG - % received keepalive pong
2023-04-13 14:56:00,203 - DEBUG - % sending keepalive ping
2023-04-13 14:56:00,203 - DEBUG - > PING 6f 51 b7 b7 [binary, 4 bytes]
2023-04-13 14:56:00,211 - DEBUG - < PONG 6f 51 b7 b7 [binary, 4 bytes]
2023-04-13 14:56:00,214 - DEBUG - % received keepalive pong
2023-04-13 14:56:06,377 - DEBUG - % sending keepalive ping
2023-04-13 14:56:06,377 - DEBUG - > PING 14 e6 72 fc [binary, 4 bytes]
2023-04-13 14:56:06,387 - DEBUG - < PONG 14 e6 72 fc [binary, 4 bytes]
2023-04-13 14:56:06,393 - DEBUG - % received keepalive pong
2023-04-13 14:56:20,196 - DEBUG - % sending keepalive ping
2023-04-13 14:56:20,197 - DEBUG - > PING 26 66 2f 87 [binary, 4 bytes]
2023-04-13 14:56:20,204 - DEBUG - < PONG 26 66 2f 87 [binary, 4 bytes]
2023-04-13 14:56:20,212 - DEBUG - % received keepalive pong
2023-04-13 14:56:26,395 - DEBUG - % sending keepalive ping
2023-04-13 14:56:26,396 - DEBUG - > PING 9b 43 19 96 [binary, 4 bytes]
2023-04-13 14:56:26,404 - DEBUG - < PONG 9b 43 19 96 [binary, 4 bytes]
2023-04-13 14:56:26,412 - DEBUG - % received keepalive pong
2023-04-13 14:56:40,201 - DEBUG - % sending keepalive ping
2023-04-13 14:56:40,201 - DEBUG - > PING '\x16id%' [text, 4 bytes]
2023-04-13 14:56:40,212 - DEBUG - < PONG '\x16id%' [text, 4 bytes]
2023-04-13 14:56:40,219 - DEBUG - % received keepalive pong
2023-04-13 14:56:46,399 - DEBUG - % sending keepalive ping
2023-04-13 14:56:46,400 - DEBUG - > PING '\x0c7ZW' [text, 4 bytes]
2023-04-13 14:56:46,411 - DEBUG - < PONG '\x0c7ZW' [text, 4 bytes]
2023-04-13 14:56:46,422 - DEBUG - % received keepalive pong
2023-04-13 14:57:00,200 - DEBUG - % sending keepalive ping
2023-04-13 14:57:00,201 - DEBUG - > PING bf f2 c5 2c [binary, 4 bytes]
2023-04-13 14:57:00,218 - DEBUG - < PONG bf f2 c5 2c [binary, 4 bytes]
2023-04-13 14:57:00,222 - DEBUG - % received keepalive pong
2023-04-13 14:57:06,426 - DEBUG - % sending keepalive ping
2023-04-13 14:57:06,426 - DEBUG - > PING 'g;;Y' [text, 4 bytes]
2023-04-13 14:57:06,439 - DEBUG - < PONG 'g;;Y' [text, 4 bytes]
2023-04-13 14:57:06,450 - DEBUG - % received keepalive pong
2023-04-13 14:57:20,208 - DEBUG - % sending keepalive ping
2023-04-13 14:57:20,208 - DEBUG - > PING e9 0f cd ac [binary, 4 bytes]
2023-04-13 14:57:20,222 - DEBUG - < PONG e9 0f cd ac [binary, 4 bytes]
2023-04-13 14:57:20,227 - DEBUG - % received keepalive pong
2023-04-13 14:57:21,787 - DEBUG - = connection is CONNECTING
2023-04-13 14:57:21,823 - DEBUG - > GET /ocpp16/ELA007C01/EVSCA070007 HTTP/1.1
2023-04-13 14:57:21,823 - DEBUG - > Host: ws.devevspcharger.uplus.co.kr
2023-04-13 14:57:21,823 - DEBUG - > Upgrade: websocket
2023-04-13 14:57:21,823 - DEBUG - > Connection: Upgrade
2023-04-13 14:57:21,823 - DEBUG - > Sec-WebSocket-Key: Gr+s3UXaxo9jn2jdmo9sGg==
2023-04-13 14:57:21,823 - DEBUG - > Sec-WebSocket-Version: 13
2023-04-13 14:57:21,824 - DEBUG - > Sec-WebSocket-Extensions: permessage-deflate; client_max_window_bits
2023-04-13 14:57:21,825 - DEBUG - > Sec-WebSocket-Protocol: ocpp1.6
2023-04-13 14:57:21,826 - DEBUG - > Authorization: Basic RVZBUjpFVkFSTEdV
2023-04-13 14:57:21,826 - DEBUG - > User-Agent: Python/3.11 websockets/10.4
2023-04-13 14:57:22,375 - DEBUG - < HTTP/1.1 101 Switching Protocols
2023-04-13 14:57:22,375 - DEBUG - < Connection: upgrade
2023-04-13 14:57:22,375 - DEBUG - < Date: Thu, 13 Apr 2023 05:57:22 GMT
2023-04-13 14:57:22,375 - DEBUG - < sec-websocket-protocol: ocpp1.6
2023-04-13 14:57:22,375 - DEBUG - < upgrade: websocket
2023-04-13 14:57:22,375 - DEBUG - < sec-websocket-accept: rZWQSPXO9MhY4KA0z56moSH9E4s=
2023-04-13 14:57:22,376 - DEBUG - < sec-websocket-extensions: permessage-deflate
2023-04-13 14:57:22,376 - DEBUG - < X-Cache: Miss from cloudfront
2023-04-13 14:57:22,376 - DEBUG - < Via: 1.1 47d972c0543b96b8ef5a6c3258e80bf0.cloudfront.net (CloudFront)
2023-04-13 14:57:22,376 - DEBUG - < X-Amz-Cf-Pop: ICN57-P2
2023-04-13 14:57:22,376 - DEBUG - < X-Amz-Cf-Id: G1GRPwY1dPiDcBEsOM-QMFQCRuaXt3vSFvF-XpXJYzc1flXgA2s-_w==
2023-04-13 14:57:22,376 - DEBUG - = connection is OPEN
2023-04-13 14:57:22,432 - DEBUG - > TEXT '[2, "39448bad-74aa-4d54-abd5-8ed7851fb19b", "Bo...umber": "EVSCA070007"}]' [169 bytes]
2023-04-13 14:57:22,701 - DEBUG - < TEXT '[3, "39448bad-74aa-4d54-abd5-8ed7851fb19b", {"s...22Z", "interval": 300}]' [123 bytes]
2023-04-13 14:57:22,736 - DEBUG - > TEXT '[2, "39448bad-74aa-4d54-abd5-8ed7851fb19b", "St..."status": "Available"}]' [132 bytes]
2023-04-13 14:57:22,970 - DEBUG - < TEXT '[3, "39448bad-74aa-4d54-abd5-8ed7851fb19b", {}]' [47 bytes]
2023-04-13 14:57:23,003 - DEBUG - > TEXT '[2, "39448bad-74aa-4d54-abd5-8ed7851fb19b", "Au...": "1031040000069641"}]' [87 bytes]
2023-04-13 14:57:23,244 - DEBUG - < TEXT '[3, "39448bad-74aa-4d54-abd5-8ed7851fb19b", {"i..."status": "Accepted"}}]' [82 bytes]
2023-04-13 14:57:23,262 - DEBUG - = connection is CLOSING
2023-04-13 14:57:23,263 - DEBUG - > CLOSE 1000 (OK) [2 bytes]
2023-04-13 14:57:23,275 - DEBUG - < CLOSE 1000 (OK) [2 bytes]
2023-04-13 14:57:23,282 - DEBUG - = connection is CLOSED
2023-04-13 14:57:26,446 - DEBUG - % sending keepalive ping
2023-04-13 14:57:26,447 - DEBUG - > PING 4e 09 85 51 [binary, 4 bytes]
2023-04-13 14:57:26,454 - DEBUG - < PONG 4e 09 85 51 [binary, 4 bytes]
2023-04-13 14:57:26,457 - DEBUG - % received keepalive pong
2023-04-13 14:57:40,226 - DEBUG - % sending keepalive ping
2023-04-13 14:57:40,226 - DEBUG - > PING f8 d7 d7 b3 [binary, 4 bytes]
2023-04-13 14:57:40,237 - DEBUG - < PONG f8 d7 d7 b3 [binary, 4 bytes]
2023-04-13 14:57:40,243 - DEBUG - % received keepalive pong
2023-04-13 14:57:46,444 - DEBUG - % sending keepalive ping
2023-04-13 14:57:46,444 - DEBUG - > PING 8d df cc 16 [binary, 4 bytes]
2023-04-13 14:57:46,452 - DEBUG - < PONG 8d df cc 16 [binary, 4 bytes]
2023-04-13 14:57:46,458 - DEBUG - % received keepalive pong
2023-04-13 14:58:00,252 - DEBUG - % sending keepalive ping
2023-04-13 14:58:00,252 - DEBUG - > PING 92 15 6c c4 [binary, 4 bytes]
2023-04-13 14:58:00,259 - DEBUG - < PONG 92 15 6c c4 [binary, 4 bytes]
2023-04-13 14:58:00,263 - DEBUG - % received keepalive pong
2023-04-13 14:58:06,450 - DEBUG - % sending keepalive ping
2023-04-13 14:58:06,450 - DEBUG - > PING 8b 40 98 48 [binary, 4 bytes]
2023-04-13 14:58:06,464 - DEBUG - < PONG 8b 40 98 48 [binary, 4 bytes]
2023-04-13 14:58:06,467 - DEBUG - % received keepalive pong
2023-04-13 14:58:20,253 - DEBUG - % sending keepalive ping
2023-04-13 14:58:20,254 - DEBUG - > PING 8b dd 73 3c [binary, 4 bytes]
2023-04-13 14:58:20,261 - DEBUG - < PONG 8b dd 73 3c [binary, 4 bytes]
2023-04-13 14:58:20,264 - DEBUG - % received keepalive pong
2023-04-13 14:58:26,454 - DEBUG - % sending keepalive ping
2023-04-13 14:58:26,454 - DEBUG - > PING '\u07f6\u03dd' [text, 4 bytes]
2023-04-13 14:58:26,684 - DEBUG - < PONG '\u07f6\u03dd' [text, 4 bytes]
2023-04-13 14:58:26,687 - DEBUG - % received keepalive pong
2023-04-13 14:58:40,249 - DEBUG - % sending keepalive ping
2023-04-13 14:58:40,249 - DEBUG - > PING 9d c4 72 2a [binary, 4 bytes]
2023-04-13 14:58:40,257 - DEBUG - < PONG 9d c4 72 2a [binary, 4 bytes]
2023-04-13 14:58:40,260 - DEBUG - % received keepalive pong
2023-04-13 14:58:46,687 - DEBUG - % sending keepalive ping
2023-04-13 14:58:46,687 - DEBUG - > PING 98 f0 29 30 [binary, 4 bytes]
2023-04-13 14:58:46,696 - DEBUG - < PONG 98 f0 29 30 [binary, 4 bytes]
2023-04-13 14:58:46,703 - DEBUG - % received keepalive pong
2023-04-13 14:59:00,256 - DEBUG - % sending keepalive ping
2023-04-13 14:59:00,256 - DEBUG - > PING a8 c6 d4 5f [binary, 4 bytes]
2023-04-13 14:59:00,267 - DEBUG - < PONG a8 c6 d4 5f [binary, 4 bytes]
2023-04-13 14:59:00,275 - DEBUG - % received keepalive pong
2023-04-13 14:59:06,699 - DEBUG - % sending keepalive ping
2023-04-13 14:59:06,699 - DEBUG - > PING 70 39 ee 8b [binary, 4 bytes]
2023-04-13 14:59:06,718 - DEBUG - < PONG 70 39 ee 8b [binary, 4 bytes]
2023-04-13 14:59:06,721 - DEBUG - % received keepalive pong
2023-04-13 14:59:20,279 - DEBUG - % sending keepalive ping
2023-04-13 14:59:20,279 - DEBUG - > PING c0 3b 7a 96 [binary, 4 bytes]
2023-04-13 14:59:20,287 - DEBUG - < PONG c0 3b 7a 96 [binary, 4 bytes]
2023-04-13 14:59:20,298 - DEBUG - % received keepalive pong
2023-04-13 14:59:26,704 - DEBUG - % sending keepalive ping
2023-04-13 14:59:26,705 - DEBUG - > PING aa cb 4a 01 [binary, 4 bytes]
2023-04-13 14:59:26,712 - DEBUG - < PONG aa cb 4a 01 [binary, 4 bytes]
2023-04-13 14:59:26,714 - DEBUG - % received keepalive pong
2023-04-13 14:59:40,275 - DEBUG - % sending keepalive ping
2023-04-13 14:59:40,276 - DEBUG - > PING 9a 17 46 29 [binary, 4 bytes]
2023-04-13 14:59:40,283 - DEBUG - < PONG 9a 17 46 29 [binary, 4 bytes]
2023-04-13 14:59:40,287 - DEBUG - % received keepalive pong
2023-04-13 14:59:46,701 - DEBUG - % sending keepalive ping
2023-04-13 14:59:46,701 - DEBUG - > PING c7 ad 06 c1 [binary, 4 bytes]
2023-04-13 14:59:47,005 - DEBUG - < PONG c7 ad 06 c1 [binary, 4 bytes]
2023-04-13 14:59:47,010 - DEBUG - % received keepalive pong
2023-04-13 15:00:00,281 - DEBUG - % sending keepalive ping
2023-04-13 15:00:00,282 - DEBUG - > PING 66 75 b4 10 [binary, 4 bytes]
2023-04-13 15:00:00,290 - DEBUG - < PONG 66 75 b4 10 [binary, 4 bytes]
2023-04-13 15:00:00,298 - DEBUG - % received keepalive pong
2023-04-13 15:00:07,003 - DEBUG - % sending keepalive ping
2023-04-13 15:00:07,003 - DEBUG - > PING 3c 59 64 f8 [binary, 4 bytes]
2023-04-13 15:00:07,036 - DEBUG - < PONG 3c 59 64 f8 [binary, 4 bytes]
2023-04-13 15:00:07,040 - DEBUG - % received keepalive pong
2023-04-13 15:00:20,284 - DEBUG - % sending keepalive ping
2023-04-13 15:00:20,284 - DEBUG - > PING 12 34 8c 4e [binary, 4 bytes]
2023-04-13 15:00:20,292 - DEBUG - < PONG 12 34 8c 4e [binary, 4 bytes]
2023-04-13 15:00:20,295 - DEBUG - % received keepalive pong
2023-04-13 15:00:27,038 - DEBUG - % sending keepalive ping
2023-04-13 15:00:27,038 - DEBUG - > PING 3c ab cd 27 [binary, 4 bytes]
2023-04-13 15:00:27,046 - DEBUG - < PONG 3c ab cd 27 [binary, 4 bytes]
2023-04-13 15:00:27,063 - DEBUG - % received keepalive pong
2023-04-13 15:00:40,285 - DEBUG - % sending keepalive ping
2023-04-13 15:00:40,285 - DEBUG - > PING 'Q\x08\x02\x06' [text, 4 bytes]
2023-04-13 15:00:40,299 - DEBUG - < PONG 'Q\x08\x02\x06' [text, 4 bytes]
2023-04-13 15:00:40,304 - DEBUG - % received keepalive pong
2023-04-13 15:00:47,059 - DEBUG - % sending keepalive ping
2023-04-13 15:00:47,059 - DEBUG - > PING f5 3f c7 2e [binary, 4 bytes]
2023-04-13 15:00:47,069 - DEBUG - < PONG f5 3f c7 2e [binary, 4 bytes]
2023-04-13 15:00:47,074 - DEBUG - % received keepalive pong
2023-04-13 15:01:00,309 - DEBUG - % sending keepalive ping
2023-04-13 15:01:00,309 - DEBUG - > PING d4 77 32 f0 [binary, 4 bytes]
2023-04-13 15:01:00,327 - DEBUG - < PONG d4 77 32 f0 [binary, 4 bytes]
2023-04-13 15:01:00,342 - DEBUG - % received keepalive pong
2023-04-13 15:01:07,081 - DEBUG - % sending keepalive ping
2023-04-13 15:01:07,081 - DEBUG - > PING 32 22 4f f3 [binary, 4 bytes]
2023-04-13 15:01:07,097 - DEBUG - < PONG 32 22 4f f3 [binary, 4 bytes]
2023-04-13 15:01:07,101 - DEBUG - % received keepalive pong
2023-04-13 15:01:20,332 - DEBUG - % sending keepalive ping
2023-04-13 15:01:20,332 - DEBUG - > PING '}Z9W' [text, 4 bytes]
2023-04-13 15:01:20,342 - DEBUG - < PONG '}Z9W' [text, 4 bytes]
2023-04-13 15:01:20,348 - DEBUG - % received keepalive pong
2023-04-13 15:01:27,113 - DEBUG - % sending keepalive ping
2023-04-13 15:01:27,113 - DEBUG - > PING 3c dc 0f 1d [binary, 4 bytes]
2023-04-13 15:01:27,121 - DEBUG - < PONG 3c dc 0f 1d [binary, 4 bytes]
2023-04-13 15:01:27,127 - DEBUG - % received keepalive pong
2023-04-13 15:01:40,331 - DEBUG - % sending keepalive ping
2023-04-13 15:01:40,331 - DEBUG - > PING ac eb 89 97 [binary, 4 bytes]
2023-04-13 15:01:40,342 - DEBUG - < PONG ac eb 89 97 [binary, 4 bytes]
2023-04-13 15:01:40,347 - DEBUG - % received keepalive pong
2023-04-13 15:01:47,118 - DEBUG - % sending keepalive ping
2023-04-13 15:01:47,119 - DEBUG - > PING 2c 38 8c 2c [binary, 4 bytes]
2023-04-13 15:01:47,126 - DEBUG - < PONG 2c 38 8c 2c [binary, 4 bytes]
2023-04-13 15:01:47,134 - DEBUG - % received keepalive pong
2023-04-13 15:02:00,325 - DEBUG - % sending keepalive ping
2023-04-13 15:02:00,325 - DEBUG - > PING 5c 99 6c 7e [binary, 4 bytes]
2023-04-13 15:02:00,356 - DEBUG - < PONG 5c 99 6c 7e [binary, 4 bytes]
2023-04-13 15:02:00,361 - DEBUG - % received keepalive pong
2023-04-13 15:02:07,123 - DEBUG - % sending keepalive ping
2023-04-13 15:02:07,123 - DEBUG - > PING 05 f4 2c 50 [binary, 4 bytes]
2023-04-13 15:02:07,130 - DEBUG - < PONG 05 f4 2c 50 [binary, 4 bytes]
2023-04-13 15:02:07,137 - DEBUG - % received keepalive pong
2023-04-13 15:02:20,356 - DEBUG - % sending keepalive ping
2023-04-13 15:02:20,357 - DEBUG - > PING 2c 81 7b b3 [binary, 4 bytes]
2023-04-13 15:02:20,366 - DEBUG - < PONG 2c 81 7b b3 [binary, 4 bytes]
2023-04-13 15:02:20,372 - DEBUG - % received keepalive pong
2023-04-13 15:02:27,121 - DEBUG - % sending keepalive ping
2023-04-13 15:02:27,121 - DEBUG - > PING 59 7e 32 85 [binary, 4 bytes]
2023-04-13 15:02:27,129 - DEBUG - < PONG 59 7e 32 85 [binary, 4 bytes]
2023-04-13 15:02:27,135 - DEBUG - % received keepalive pong
2023-04-13 15:02:40,366 - DEBUG - % sending keepalive ping
2023-04-13 15:02:40,366 - DEBUG - > PING '+7!d' [text, 4 bytes]
2023-04-13 15:02:40,379 - DEBUG - < PONG '+7!d' [text, 4 bytes]
2023-04-13 15:02:40,384 - DEBUG - % received keepalive pong
2023-04-13 15:02:47,121 - DEBUG - % sending keepalive ping
2023-04-13 15:02:47,121 - DEBUG - > PING b2 63 69 0e [binary, 4 bytes]
2023-04-13 15:02:47,129 - DEBUG - < PONG b2 63 69 0e [binary, 4 bytes]
2023-04-13 15:02:47,133 - DEBUG - % received keepalive pong
2023-04-13 15:03:00,375 - DEBUG - % sending keepalive ping
2023-04-13 15:03:00,376 - DEBUG - > PING 9d 52 4e 65 [binary, 4 bytes]
2023-04-13 15:03:00,385 - DEBUG - < PONG 9d 52 4e 65 [binary, 4 bytes]
2023-04-13 15:03:00,391 - DEBUG - % received keepalive pong
2023-04-13 15:03:07,129 - DEBUG - % sending keepalive ping
2023-04-13 15:03:07,129 - DEBUG - > PING 63 93 5f f0 [binary, 4 bytes]
2023-04-13 15:03:07,138 - DEBUG - < PONG 63 93 5f f0 [binary, 4 bytes]
2023-04-13 15:03:07,145 - DEBUG - % received keepalive pong
2023-04-13 15:03:20,381 - DEBUG - % sending keepalive ping
2023-04-13 15:03:20,381 - DEBUG - > PING 38 f2 7b 9d [binary, 4 bytes]
2023-04-13 15:03:20,391 - DEBUG - < PONG 38 f2 7b 9d [binary, 4 bytes]
2023-04-13 15:03:20,397 - DEBUG - % received keepalive pong
2023-04-13 15:03:27,149 - DEBUG - % sending keepalive ping
2023-04-13 15:03:27,150 - DEBUG - > PING 79 8c 16 d8 [binary, 4 bytes]
2023-04-13 15:03:27,157 - DEBUG - < PONG 79 8c 16 d8 [binary, 4 bytes]
2023-04-13 15:03:27,160 - DEBUG - % received keepalive pong
2023-04-13 15:03:40,400 - DEBUG - % sending keepalive ping
2023-04-13 15:03:40,400 - DEBUG - > PING '*\x8ep' [text, 4 bytes]
2023-04-13 15:03:40,409 - DEBUG - < PONG '*\x8ep' [text, 4 bytes]
2023-04-13 15:03:40,417 - DEBUG - % received keepalive pong
2023-04-13 15:03:47,156 - DEBUG - % sending keepalive ping
2023-04-13 15:03:47,157 - DEBUG - > PING 69 12 32 dd [binary, 4 bytes]
2023-04-13 15:03:47,170 - DEBUG - < PONG 69 12 32 dd [binary, 4 bytes]
2023-04-13 15:03:47,174 - DEBUG - % received keepalive pong
2023-04-13 15:04:00,409 - DEBUG - % sending keepalive ping
2023-04-13 15:04:00,410 - DEBUG - > PING a1 6a 5e 95 [binary, 4 bytes]
2023-04-13 15:04:00,418 - DEBUG - < PONG a1 6a 5e 95 [binary, 4 bytes]
2023-04-13 15:04:00,424 - DEBUG - % received keepalive pong
2023-04-13 15:04:07,164 - DEBUG - % sending keepalive ping
2023-04-13 15:04:07,164 - DEBUG - > PING 78 dd 49 75 [binary, 4 bytes]
2023-04-13 15:04:07,172 - DEBUG - < PONG 78 dd 49 75 [binary, 4 bytes]
2023-04-13 15:04:07,179 - DEBUG - % received keepalive pong
2023-04-13 15:04:20,410 - DEBUG - % sending keepalive ping
2023-04-13 15:04:20,410 - DEBUG - > PING 3b a4 15 b3 [binary, 4 bytes]
2023-04-13 15:04:20,419 - DEBUG - < PONG 3b a4 15 b3 [binary, 4 bytes]
2023-04-13 15:04:20,425 - DEBUG - % received keepalive pong
2023-04-13 15:04:27,189 - DEBUG - % sending keepalive ping
2023-04-13 15:04:27,189 - DEBUG - > PING 82 0e fc 2e [binary, 4 bytes]
2023-04-13 15:04:27,196 - DEBUG - < PONG 82 0e fc 2e [binary, 4 bytes]
2023-04-13 15:04:27,200 - DEBUG - % received keepalive pong
2023-04-13 15:04:40,402 - DEBUG - % sending keepalive ping
2023-04-13 15:04:40,402 - DEBUG - > PING e5 a6 4c 0d [binary, 4 bytes]
2023-04-13 15:04:40,410 - DEBUG - < PONG e5 a6 4c 0d [binary, 4 bytes]
2023-04-13 15:04:40,416 - DEBUG - % received keepalive pong
2023-04-13 15:04:47,198 - DEBUG - % sending keepalive ping
2023-04-13 15:04:47,198 - DEBUG - > PING 2e 41 d0 c4 [binary, 4 bytes]
2023-04-13 15:04:47,206 - DEBUG - < PONG 2e 41 d0 c4 [binary, 4 bytes]
2023-04-13 15:04:47,210 - DEBUG - % received keepalive pong
2023-04-13 15:05:00,402 - DEBUG - % sending keepalive ping
2023-04-13 15:05:00,403 - DEBUG - > PING 7a f1 1d cd [binary, 4 bytes]
2023-04-13 15:05:00,413 - DEBUG - < PONG 7a f1 1d cd [binary, 4 bytes]
2023-04-13 15:05:00,421 - DEBUG - % received keepalive pong
2023-04-13 15:05:07,200 - DEBUG - % sending keepalive ping
2023-04-13 15:05:07,200 - DEBUG - > PING 22 d6 ca 41 [binary, 4 bytes]
2023-04-13 15:05:07,208 - DEBUG - < PONG 22 d6 ca 41 [binary, 4 bytes]
2023-04-13 15:05:07,214 - DEBUG - % received keepalive pong
2023-04-13 15:05:20,402 - DEBUG - % sending keepalive ping
2023-04-13 15:05:20,402 - DEBUG - > PING 74 a3 ee 78 [binary, 4 bytes]
2023-04-13 15:05:20,410 - DEBUG - < PONG 74 a3 ee 78 [binary, 4 bytes]
2023-04-13 15:05:20,417 - DEBUG - % received keepalive pong
2023-04-13 15:05:27,197 - DEBUG - % sending keepalive ping
2023-04-13 15:05:27,197 - DEBUG - > PING bc a5 31 e1 [binary, 4 bytes]
2023-04-13 15:05:27,205 - DEBUG - < PONG bc a5 31 e1 [binary, 4 bytes]
2023-04-13 15:05:27,209 - DEBUG - % received keepalive pong
2023-04-13 15:05:40,410 - DEBUG - % sending keepalive ping
2023-04-13 15:05:40,410 - DEBUG - > PING 55 bc da a7 [binary, 4 bytes]
2023-04-13 15:05:40,418 - DEBUG - < PONG 55 bc da a7 [binary, 4 bytes]
2023-04-13 15:05:40,421 - DEBUG - % received keepalive pong
2023-04-13 15:05:47,209 - DEBUG - % sending keepalive ping
2023-04-13 15:05:47,209 - DEBUG - > PING eb 45 f7 3c [binary, 4 bytes]
2023-04-13 15:05:47,227 - DEBUG - < PONG eb 45 f7 3c [binary, 4 bytes]
2023-04-13 15:05:47,231 - DEBUG - % received keepalive pong
2023-04-13 15:06:00,404 - DEBUG - % sending keepalive ping
2023-04-13 15:06:00,404 - DEBUG - > PING 14 a3 dc 2e [binary, 4 bytes]
2023-04-13 15:06:00,412 - DEBUG - < PONG 14 a3 dc 2e [binary, 4 bytes]
2023-04-13 15:06:00,421 - DEBUG - % received keepalive pong
2023-04-13 15:06:07,230 - DEBUG - % sending keepalive ping
2023-04-13 15:06:07,230 - DEBUG - > PING 0d ba a2 dd [binary, 4 bytes]
2023-04-13 15:06:07,238 - DEBUG - < PONG 0d ba a2 dd [binary, 4 bytes]
2023-04-13 15:06:07,246 - DEBUG - % received keepalive pong
2023-04-13 15:06:20,409 - DEBUG - % sending keepalive ping
2023-04-13 15:06:20,409 - DEBUG - > PING '\x15ahm' [text, 4 bytes]
2023-04-13 15:06:20,419 - DEBUG - < PONG '\x15ahm' [text, 4 bytes]
2023-04-13 15:06:20,424 - DEBUG - % received keepalive pong
2023-04-13 15:06:27,249 - DEBUG - % sending keepalive ping
2023-04-13 15:06:27,249 - DEBUG - > PING 7e 42 35 ab [binary, 4 bytes]
2023-04-13 15:06:27,263 - DEBUG - < PONG 7e 42 35 ab [binary, 4 bytes]
2023-04-13 15:06:27,272 - DEBUG - % received keepalive pong
2023-04-13 15:06:40,398 - DEBUG - % sending keepalive ping
2023-04-13 15:06:40,398 - DEBUG - > PING ed df c3 a9 [binary, 4 bytes]
2023-04-13 15:06:40,406 - DEBUG - < PONG ed df c3 a9 [binary, 4 bytes]
2023-04-13 15:06:40,409 - DEBUG - % received keepalive pong
2023-04-13 15:06:47,284 - DEBUG - % sending keepalive ping
2023-04-13 15:06:47,284 - DEBUG - > PING e5 1a 26 9d [binary, 4 bytes]
2023-04-13 15:06:47,301 - DEBUG - < PONG e5 1a 26 9d [binary, 4 bytes]
2023-04-13 15:06:47,305 - DEBUG - % received keepalive pong
2023-04-13 15:07:00,401 - DEBUG - % sending keepalive ping
2023-04-13 15:07:00,401 - DEBUG - > PING 80 70 b9 51 [binary, 4 bytes]
2023-04-13 15:07:00,422 - DEBUG - < PONG 80 70 b9 51 [binary, 4 bytes]
2023-04-13 15:07:00,446 - DEBUG - % received keepalive pong
2023-04-13 15:07:07,309 - DEBUG - % sending keepalive ping
2023-04-13 15:07:07,309 - DEBUG - > PING ed 2d 29 f8 [binary, 4 bytes]
2023-04-13 15:07:07,327 - DEBUG - < PONG ed 2d 29 f8 [binary, 4 bytes]
2023-04-13 15:07:07,329 - DEBUG - % received keepalive pong
2023-04-13 15:07:20,454 - DEBUG - % sending keepalive ping
2023-04-13 15:07:20,455 - DEBUG - > PING 8d 57 c2 5a [binary, 4 bytes]
2023-04-13 15:07:20,463 - DEBUG - < PONG 8d 57 c2 5a [binary, 4 bytes]
2023-04-13 15:07:20,469 - DEBUG - % received keepalive pong
2023-04-13 15:07:27,329 - DEBUG - % sending keepalive ping
2023-04-13 15:07:27,329 - DEBUG - > PING b2 ae 53 b2 [binary, 4 bytes]
2023-04-13 15:07:27,339 - DEBUG - < PONG b2 ae 53 b2 [binary, 4 bytes]
2023-04-13 15:07:27,345 - DEBUG - % received keepalive pong
2023-04-13 15:07:40,456 - DEBUG - % sending keepalive ping
2023-04-13 15:07:40,456 - DEBUG - > PING 68 7b 73 bc [binary, 4 bytes]
2023-04-13 15:07:40,464 - DEBUG - < PONG 68 7b 73 bc [binary, 4 bytes]
2023-04-13 15:07:40,468 - DEBUG - % received keepalive pong
2023-04-13 15:07:47,329 - DEBUG - % sending keepalive ping
2023-04-13 15:07:47,329 - DEBUG - > PING c6 e3 dd b4 [binary, 4 bytes]
2023-04-13 15:07:47,338 - DEBUG - < PONG c6 e3 dd b4 [binary, 4 bytes]
2023-04-13 15:07:47,352 - DEBUG - % received keepalive pong
2023-04-13 15:08:00,456 - DEBUG - % sending keepalive ping
2023-04-13 15:08:00,457 - DEBUG - > PING 88 e9 83 5a [binary, 4 bytes]
2023-04-13 15:08:00,467 - DEBUG - < PONG 88 e9 83 5a [binary, 4 bytes]
2023-04-13 15:08:00,474 - DEBUG - % received keepalive pong
2023-04-13 15:08:07,360 - DEBUG - % sending keepalive ping
2023-04-13 15:08:07,360 - DEBUG - > PING 73 cc e2 90 [binary, 4 bytes]
2023-04-13 15:08:07,413 - DEBUG - < PONG 73 cc e2 90 [binary, 4 bytes]
2023-04-13 15:08:07,424 - DEBUG - % received keepalive pong
2023-04-13 15:08:20,477 - DEBUG - % sending keepalive ping
2023-04-13 15:08:20,477 - DEBUG - > PING 40 95 1f 41 [binary, 4 bytes]
2023-04-13 15:08:20,485 - DEBUG - < PONG 40 95 1f 41 [binary, 4 bytes]
2023-04-13 15:08:20,488 - DEBUG - % received keepalive pong
2023-04-13 15:08:27,409 - DEBUG - % sending keepalive ping
2023-04-13 15:08:27,410 - DEBUG - > PING 76 ac 11 5d [binary, 4 bytes]
2023-04-13 15:08:27,418 - DEBUG - < PONG 76 ac 11 5d [binary, 4 bytes]
2023-04-13 15:08:27,425 - DEBUG - % received keepalive pong
2023-04-13 15:08:40,476 - DEBUG - % sending keepalive ping
2023-04-13 15:08:40,476 - DEBUG - > PING 42 cc 82 bf [binary, 4 bytes]
2023-04-13 15:08:40,484 - DEBUG - < PONG 42 cc 82 bf [binary, 4 bytes]
2023-04-13 15:08:40,490 - DEBUG - % received keepalive pong
2023-04-13 15:08:47,406 - DEBUG - % sending keepalive ping
2023-04-13 15:08:47,406 - DEBUG - > PING 9a 81 21 cf [binary, 4 bytes]
2023-04-13 15:08:47,414 - DEBUG - < PONG 9a 81 21 cf [binary, 4 bytes]
2023-04-13 15:08:47,423 - DEBUG - % received keepalive pong
2023-04-13 15:09:00,510 - DEBUG - % sending keepalive ping
2023-04-13 15:09:00,510 - DEBUG - > PING 22 fc 2a b4 [binary, 4 bytes]
2023-04-13 15:09:00,518 - DEBUG - < PONG 22 fc 2a b4 [binary, 4 bytes]
2023-04-13 15:09:00,521 - DEBUG - % received keepalive pong
2023-04-13 15:09:07,413 - DEBUG - % sending keepalive ping
2023-04-13 15:09:07,413 - DEBUG - > PING 5e 78 dc 6d [binary, 4 bytes]
2023-04-13 15:09:07,421 - DEBUG - < PONG 5e 78 dc 6d [binary, 4 bytes]
2023-04-13 15:09:07,424 - DEBUG - % received keepalive pong
2023-04-13 15:09:20,531 - DEBUG - % sending keepalive ping
2023-04-13 15:09:20,531 - DEBUG - > PING ef 5f 35 20 [binary, 4 bytes]
2023-04-13 15:09:20,540 - DEBUG - < PONG ef 5f 35 20 [binary, 4 bytes]
2023-04-13 15:09:20,549 - DEBUG - % received keepalive pong
2023-04-13 15:09:27,401 - DEBUG - % sending keepalive ping
2023-04-13 15:09:27,401 - DEBUG - > PING 'izq~' [text, 4 bytes]
2023-04-13 15:09:27,408 - DEBUG - < PONG 'izq~' [text, 4 bytes]
2023-04-13 15:09:27,417 - DEBUG - % received keepalive pong
2023-04-13 15:09:40,534 - DEBUG - % sending keepalive ping
2023-04-13 15:09:40,534 - DEBUG - > PING ed 4c 86 91 [binary, 4 bytes]
2023-04-13 15:09:40,543 - DEBUG - < PONG ed 4c 86 91 [binary, 4 bytes]
2023-04-13 15:09:40,550 - DEBUG - % received keepalive pong
2023-04-13 15:09:47,402 - DEBUG - % sending keepalive ping
2023-04-13 15:09:47,402 - DEBUG - > PING f2 86 16 a5 [binary, 4 bytes]
2023-04-13 15:09:47,411 - DEBUG - < PONG f2 86 16 a5 [binary, 4 bytes]
2023-04-13 15:09:47,418 - DEBUG - % received keepalive pong
2023-04-13 15:10:00,530 - DEBUG - % sending keepalive ping
2023-04-13 15:10:00,530 - DEBUG - > PING 9b 2a eb 6b [binary, 4 bytes]
2023-04-13 15:10:00,538 - DEBUG - < PONG 9b 2a eb 6b [binary, 4 bytes]
2023-04-13 15:10:00,546 - DEBUG - % received keepalive pong
2023-04-13 15:10:07,404 - DEBUG - % sending keepalive ping
2023-04-13 15:10:07,405 - DEBUG - > PING c0 4d de 19 [binary, 4 bytes]
2023-04-13 15:10:07,412 - DEBUG - < PONG c0 4d de 19 [binary, 4 bytes]
2023-04-13 15:10:07,419 - DEBUG - % received keepalive pong
2023-04-13 15:10:20,533 - DEBUG - % sending keepalive ping
2023-04-13 15:10:20,533 - DEBUG - > PING 39 0f b9 f1 [binary, 4 bytes]
2023-04-13 15:10:20,547 - DEBUG - < PONG 39 0f b9 f1 [binary, 4 bytes]
2023-04-13 15:10:20,552 - DEBUG - % received keepalive pong
2023-04-13 15:10:27,407 - DEBUG - % sending keepalive ping
2023-04-13 15:10:27,407 - DEBUG - > PING 60 b3 e4 23 [binary, 4 bytes]
2023-04-13 15:10:27,455 - DEBUG - < PONG 60 b3 e4 23 [binary, 4 bytes]
2023-04-13 15:10:27,468 - DEBUG - % received keepalive pong
2023-04-13 15:10:40,552 - DEBUG - % sending keepalive ping
2023-04-13 15:10:40,553 - DEBUG - > PING 'G\\<j' [text, 4 bytes]
2023-04-13 15:10:40,561 - DEBUG - < PONG 'G\\<j' [text, 4 bytes]
2023-04-13 15:10:40,563 - DEBUG - % received keepalive pong
2023-04-13 15:10:47,456 - DEBUG - % sending keepalive ping
2023-04-13 15:10:47,456 - DEBUG - > PING e1 b9 1b 00 [binary, 4 bytes]
2023-04-13 15:10:47,464 - DEBUG - < PONG e1 b9 1b 00 [binary, 4 bytes]
2023-04-13 15:10:47,467 - DEBUG - % received keepalive pong
2023-04-13 15:11:00,558 - DEBUG - % sending keepalive ping
2023-04-13 15:11:00,558 - DEBUG - > PING bd af e8 70 [binary, 4 bytes]
2023-04-13 15:11:00,566 - DEBUG - < PONG bd af e8 70 [binary, 4 bytes]
2023-04-13 15:11:00,573 - DEBUG - % received keepalive pong
2023-04-13 15:11:07,448 - DEBUG - % sending keepalive ping
2023-04-13 15:11:07,448 - DEBUG - > PING 41 81 f6 7f [binary, 4 bytes]
2023-04-13 15:11:07,458 - DEBUG - < PONG 41 81 f6 7f [binary, 4 bytes]
2023-04-13 15:11:07,466 - DEBUG - % received keepalive pong
2023-04-13 15:11:20,572 - DEBUG - % sending keepalive ping
2023-04-13 15:11:20,572 - DEBUG - > PING 0b d9 72 b1 [binary, 4 bytes]
2023-04-13 15:11:20,583 - DEBUG - < PONG 0b d9 72 b1 [binary, 4 bytes]
2023-04-13 15:11:20,590 - DEBUG - % received keepalive pong
2023-04-13 15:11:27,456 - DEBUG - % sending keepalive ping
2023-04-13 15:11:27,457 - DEBUG - > PING 12 e4 6d 03 [binary, 4 bytes]
2023-04-13 15:11:27,464 - DEBUG - < PONG 12 e4 6d 03 [binary, 4 bytes]
2023-04-13 15:11:27,468 - DEBUG - % received keepalive pong
2023-04-13 15:11:40,584 - DEBUG - % sending keepalive ping
2023-04-13 15:11:40,584 - DEBUG - > PING 60 a9 a7 60 [binary, 4 bytes]
2023-04-13 15:11:40,592 - DEBUG - < PONG 60 a9 a7 60 [binary, 4 bytes]
2023-04-13 15:11:40,595 - DEBUG - % received keepalive pong
2023-04-13 15:11:47,457 - DEBUG - % sending keepalive ping
2023-04-13 15:11:47,458 - DEBUG - > PING 1f 2c 04 c9 [binary, 4 bytes]
2023-04-13 15:11:47,466 - DEBUG - < PONG 1f 2c 04 c9 [binary, 4 bytes]
2023-04-13 15:11:47,469 - DEBUG - % received keepalive pong
2023-04-13 15:12:00,575 - DEBUG - % sending keepalive ping
2023-04-13 15:12:00,575 - DEBUG - > PING 53 d4 99 d2 [binary, 4 bytes]
2023-04-13 15:12:00,584 - DEBUG - < PONG 53 d4 99 d2 [binary, 4 bytes]
2023-04-13 15:12:00,590 - DEBUG - % received keepalive pong
2023-04-13 15:12:07,447 - DEBUG - % sending keepalive ping
2023-04-13 15:12:07,447 - DEBUG - > PING 'k\u0309d' [text, 4 bytes]
2023-04-13 15:12:07,467 - DEBUG - < PONG 'k\u0309d' [text, 4 bytes]
2023-04-13 15:12:07,472 - DEBUG - % received keepalive pong
2023-04-13 15:12:20,581 - DEBUG - % sending keepalive ping
2023-04-13 15:12:20,582 - DEBUG - > PING 8a 76 76 72 [binary, 4 bytes]
2023-04-13 15:12:20,590 - DEBUG - < PONG 8a 76 76 72 [binary, 4 bytes]
2023-04-13 15:12:20,594 - DEBUG - % received keepalive pong
2023-04-13 15:12:27,455 - DEBUG - % sending keepalive ping
2023-04-13 15:12:27,455 - DEBUG - > PING 30 99 d2 af [binary, 4 bytes]
2023-04-13 15:12:27,463 - DEBUG - < PONG 30 99 d2 af [binary, 4 bytes]
2023-04-13 15:12:27,466 - DEBUG - % received keepalive pong
2023-04-13 15:12:40,572 - DEBUG - % sending keepalive ping
2023-04-13 15:12:40,572 - DEBUG - > PING c5 5d ea 1a [binary, 4 bytes]
2023-04-13 15:12:40,580 - DEBUG - < PONG c5 5d ea 1a [binary, 4 bytes]
2023-04-13 15:12:40,588 - DEBUG - % received keepalive pong
2023-04-13 15:12:47,447 - DEBUG - % sending keepalive ping
2023-04-13 15:12:47,447 - DEBUG - > PING 73 9f 61 63 [binary, 4 bytes]
2023-04-13 15:12:47,454 - DEBUG - < PONG 73 9f 61 63 [binary, 4 bytes]
2023-04-13 15:12:47,457 - DEBUG - % received keepalive pong
2023-04-13 15:13:00,573 - DEBUG - % sending keepalive ping
2023-04-13 15:13:00,574 - DEBUG - > PING d1 fe 68 e6 [binary, 4 bytes]
2023-04-13 15:13:00,590 - DEBUG - < PONG d1 fe 68 e6 [binary, 4 bytes]
2023-04-13 15:13:00,595 - DEBUG - % received keepalive pong
2023-04-13 15:13:07,450 - DEBUG - % sending keepalive ping
2023-04-13 15:13:07,450 - DEBUG - > PING 04 c3 af f9 [binary, 4 bytes]
2023-04-13 15:13:07,461 - DEBUG - < PONG 04 c3 af f9 [binary, 4 bytes]
2023-04-13 15:13:07,467 - DEBUG - % received keepalive pong
2023-04-13 15:13:20,582 - DEBUG - % sending keepalive ping
2023-04-13 15:13:20,583 - DEBUG - > PING 'y\u04d1l' [text, 4 bytes]
2023-04-13 15:13:20,606 - DEBUG - < PONG 'y\u04d1l' [text, 4 bytes]
2023-04-13 15:13:20,610 - DEBUG - % received keepalive pong
2023-04-13 15:13:27,455 - DEBUG - % sending keepalive ping
2023-04-13 15:13:27,456 - DEBUG - > PING 03 80 37 04 [binary, 4 bytes]
2023-04-13 15:13:27,466 - DEBUG - < PONG 03 80 37 04 [binary, 4 bytes]
2023-04-13 15:13:27,487 - DEBUG - % received keepalive pong
2023-04-13 15:13:40,603 - DEBUG - % sending keepalive ping
2023-04-13 15:13:40,604 - DEBUG - > PING c1 58 23 94 [binary, 4 bytes]
2023-04-13 15:13:40,614 - DEBUG - < PONG c1 58 23 94 [binary, 4 bytes]
2023-04-13 15:13:40,620 - DEBUG - % received keepalive pong
2023-04-13 15:13:47,476 - DEBUG - % sending keepalive ping
2023-04-13 15:13:47,477 - DEBUG - > PING 0c 0f f2 2c [binary, 4 bytes]
2023-04-13 15:13:47,485 - DEBUG - < PONG 0c 0f f2 2c [binary, 4 bytes]
2023-04-13 15:13:47,499 - DEBUG - % received keepalive pong
2023-04-13 15:14:00,618 - DEBUG - % sending keepalive ping
2023-04-13 15:14:00,618 - DEBUG - > PING 1b 82 01 7d [binary, 4 bytes]
2023-04-13 15:14:00,628 - DEBUG - < PONG 1b 82 01 7d [binary, 4 bytes]
2023-04-13 15:14:00,637 - DEBUG - % received keepalive pong
2023-04-13 15:14:07,492 - DEBUG - % sending keepalive ping
2023-04-13 15:14:07,492 - DEBUG - > PING 6d 67 74 f8 [binary, 4 bytes]
2023-04-13 15:14:07,505 - DEBUG - < PONG 6d 67 74 f8 [binary, 4 bytes]
2023-04-13 15:14:07,510 - DEBUG - % received keepalive pong
2023-04-13 15:14:20,621 - DEBUG - % sending keepalive ping
2023-04-13 15:14:20,621 - DEBUG - > PING 'f(\x1b\x0b' [text, 4 bytes]
2023-04-13 15:14:20,629 - DEBUG - < PONG 'f(\x1b\x0b' [text, 4 bytes]
2023-04-13 15:14:20,633 - DEBUG - % received keepalive pong
2023-04-13 15:14:27,491 - DEBUG - % sending keepalive ping
2023-04-13 15:14:27,491 - DEBUG - > PING c0 37 7d 44 [binary, 4 bytes]
2023-04-13 15:14:27,499 - DEBUG - < PONG c0 37 7d 44 [binary, 4 bytes]
2023-04-13 15:14:27,502 - DEBUG - % received keepalive pong
2023-04-13 15:14:40,621 - DEBUG - % sending keepalive ping
2023-04-13 15:14:40,621 - DEBUG - > PING 33 a3 bc 3e [binary, 4 bytes]
2023-04-13 15:14:40,629 - DEBUG - < PONG 33 a3 bc 3e [binary, 4 bytes]
2023-04-13 15:14:40,647 - DEBUG - % received keepalive pong
2023-04-13 15:14:47,494 - DEBUG - % sending keepalive ping
2023-04-13 15:14:47,494 - DEBUG - > PING bd 06 20 47 [binary, 4 bytes]
2023-04-13 15:14:47,505 - DEBUG - < PONG bd 06 20 47 [binary, 4 bytes]
2023-04-13 15:14:47,519 - DEBUG - % received keepalive pong
2023-04-13 15:15:00,658 - DEBUG - % sending keepalive ping
2023-04-13 15:15:00,658 - DEBUG - > PING '\u0630\u0316' [text, 4 bytes]
2023-04-13 15:15:00,690 - DEBUG - < PONG '\u0630\u0316' [text, 4 bytes]
2023-04-13 15:15:00,694 - DEBUG - % received keepalive pong
2023-04-13 15:15:07,500 - DEBUG - % sending keepalive ping
2023-04-13 15:15:07,501 - DEBUG - > PING 3a 85 02 ca [binary, 4 bytes]
2023-04-13 15:15:07,511 - DEBUG - < PONG 3a 85 02 ca [binary, 4 bytes]
2023-04-13 15:15:07,518 - DEBUG - % received keepalive pong
2023-04-13 15:15:20,698 - DEBUG - % sending keepalive ping
2023-04-13 15:15:20,698 - DEBUG - > PING 41 71 86 00 [binary, 4 bytes]
2023-04-13 15:15:20,706 - DEBUG - < PONG 41 71 86 00 [binary, 4 bytes]
2023-04-13 15:15:20,714 - DEBUG - % received keepalive pong
2023-04-13 15:15:27,500 - DEBUG - % sending keepalive ping
2023-04-13 15:15:27,500 - DEBUG - > PING 2c 65 56 8d [binary, 4 bytes]
2023-04-13 15:15:27,509 - DEBUG - < PONG 2c 65 56 8d [binary, 4 bytes]
2023-04-13 15:15:27,514 - DEBUG - % received keepalive pong
2023-04-13 15:15:40,706 - DEBUG - % sending keepalive ping
2023-04-13 15:15:40,706 - DEBUG - > PING 07 b8 d6 37 [binary, 4 bytes]
2023-04-13 15:15:40,714 - DEBUG - < PONG 07 b8 d6 37 [binary, 4 bytes]
2023-04-13 15:15:40,721 - DEBUG - % received keepalive pong
2023-04-13 15:15:47,504 - DEBUG - % sending keepalive ping
2023-04-13 15:15:47,504 - DEBUG - > PING e5 c5 59 71 [binary, 4 bytes]
2023-04-13 15:15:47,512 - DEBUG - < PONG e5 c5 59 71 [binary, 4 bytes]
2023-04-13 15:15:47,515 - DEBUG - % received keepalive pong
2023-04-13 15:16:00,699 - DEBUG - % sending keepalive ping
2023-04-13 15:16:00,700 - DEBUG - > PING 'zbm|' [text, 4 bytes]
2023-04-13 15:16:00,709 - DEBUG - < PONG 'zbm|' [text, 4 bytes]
2023-04-13 15:16:00,716 - DEBUG - % received keepalive pong
2023-04-13 15:16:07,499 - DEBUG - % sending keepalive ping
2023-04-13 15:16:07,499 - DEBUG - > PING 00 da 3f 85 [binary, 4 bytes]
2023-04-13 15:16:07,518 - DEBUG - < PONG 00 da 3f 85 [binary, 4 bytes]
2023-04-13 15:16:07,522 - DEBUG - % received keepalive pong
2023-04-13 15:16:20,719 - DEBUG - % sending keepalive ping
2023-04-13 15:16:20,719 - DEBUG - > PING ac af 75 be [binary, 4 bytes]
2023-04-13 15:16:20,738 - DEBUG - < PONG ac af 75 be [binary, 4 bytes]
2023-04-13 15:16:20,741 - DEBUG - % received keepalive pong
2023-04-13 15:16:27,533 - DEBUG - % sending keepalive ping
2023-04-13 15:16:27,533 - DEBUG - > PING 38 e6 83 75 [binary, 4 bytes]
2023-04-13 15:16:27,550 - DEBUG - < PONG 38 e6 83 75 [binary, 4 bytes]
2023-04-13 15:16:27,554 - DEBUG - % received keepalive pong
2023-04-13 15:16:40,740 - DEBUG - % sending keepalive ping
2023-04-13 15:16:40,740 - DEBUG - > PING 48 21 e1 08 [binary, 4 bytes]
2023-04-13 15:16:40,748 - DEBUG - < PONG 48 21 e1 08 [binary, 4 bytes]
2023-04-13 15:16:40,755 - DEBUG - % received keepalive pong
2023-04-13 15:16:47,563 - DEBUG - % sending keepalive ping
2023-04-13 15:16:47,563 - DEBUG - > PING '|q~s' [text, 4 bytes]
2023-04-13 15:16:47,571 - DEBUG - < PONG '|q~s' [text, 4 bytes]
2023-04-13 15:16:47,574 - DEBUG - % received keepalive pong
2023-04-13 15:17:00,752 - DEBUG - % sending keepalive ping
2023-04-13 15:17:00,752 - DEBUG - > PING 72 54 89 2b [binary, 4 bytes]
2023-04-13 15:17:00,763 - DEBUG - < PONG 72 54 89 2b [binary, 4 bytes]
2023-04-13 15:17:00,769 - DEBUG - % received keepalive pong
2023-04-13 15:17:07,579 - DEBUG - % sending keepalive ping
2023-04-13 15:17:07,579 - DEBUG - > PING fa 4e c2 0d [binary, 4 bytes]
2023-04-13 15:17:07,587 - DEBUG - < PONG fa 4e c2 0d [binary, 4 bytes]
2023-04-13 15:17:07,589 - DEBUG - % received keepalive pong
2023-04-13 15:17:20,748 - DEBUG - % sending keepalive ping
2023-04-13 15:17:20,749 - DEBUG - > PING 2e 0c 67 db [binary, 4 bytes]
2023-04-13 15:17:20,756 - DEBUG - < PONG 2e 0c 67 db [binary, 4 bytes]
2023-04-13 15:17:20,763 - DEBUG - % received keepalive pong
2023-04-13 15:17:27,575 - DEBUG - % sending keepalive ping
2023-04-13 15:17:27,575 - DEBUG - > PING 57 7b c6 79 [binary, 4 bytes]
2023-04-13 15:17:27,584 - DEBUG - < PONG 57 7b c6 79 [binary, 4 bytes]
2023-04-13 15:17:27,593 - DEBUG - % received keepalive pong
2023-04-13 15:17:40,750 - DEBUG - % sending keepalive ping
2023-04-13 15:17:40,751 - DEBUG - > PING 46 ed a0 e5 [binary, 4 bytes]
2023-04-13 15:17:40,759 - DEBUG - < PONG 46 ed a0 e5 [binary, 4 bytes]
2023-04-13 15:17:40,763 - DEBUG - % received keepalive pong
2023-04-13 15:17:47,579 - DEBUG - % sending keepalive ping
2023-04-13 15:17:47,579 - DEBUG - > PING 84 5a 57 7d [binary, 4 bytes]
2023-04-13 15:17:47,587 - DEBUG - < PONG 84 5a 57 7d [binary, 4 bytes]
2023-04-13 15:17:47,590 - DEBUG - % received keepalive pong
2023-04-13 15:18:00,753 - DEBUG - % sending keepalive ping
2023-04-13 15:18:00,753 - DEBUG - > PING f8 27 6a 6a [binary, 4 bytes]
2023-04-13 15:18:00,764 - DEBUG - < PONG f8 27 6a 6a [binary, 4 bytes]
2023-04-13 15:18:00,770 - DEBUG - % received keepalive pong
2023-04-13 15:18:07,580 - DEBUG - % sending keepalive ping
2023-04-13 15:18:07,581 - DEBUG - > PING e3 41 0e fa [binary, 4 bytes]
2023-04-13 15:18:07,589 - DEBUG - < PONG e3 41 0e fa [binary, 4 bytes]
2023-04-13 15:18:07,596 - DEBUG - % received keepalive pong
2023-04-13 15:18:20,770 - DEBUG - % sending keepalive ping
2023-04-13 15:18:20,771 - DEBUG - > PING 95 0c 60 fe [binary, 4 bytes]
2023-04-13 15:18:20,780 - DEBUG - < PONG 95 0c 60 fe [binary, 4 bytes]
2023-04-13 15:18:20,786 - DEBUG - % received keepalive pong
2023-04-13 15:18:27,583 - DEBUG - % sending keepalive ping
2023-04-13 15:18:27,583 - DEBUG - > PING 69 1b 03 ed [binary, 4 bytes]
2023-04-13 15:18:27,592 - DEBUG - < PONG 69 1b 03 ed [binary, 4 bytes]
2023-04-13 15:18:27,596 - DEBUG - % received keepalive pong
2023-04-13 15:18:40,772 - DEBUG - % sending keepalive ping
2023-04-13 15:18:40,772 - DEBUG - > PING a6 54 84 6e [binary, 4 bytes]
2023-04-13 15:18:40,783 - DEBUG - < PONG a6 54 84 6e [binary, 4 bytes]
2023-04-13 15:18:40,791 - DEBUG - % received keepalive pong
2023-04-13 15:18:47,576 - DEBUG - % sending keepalive ping
2023-04-13 15:18:47,576 - DEBUG - > PING 1d b9 2d f2 [binary, 4 bytes]
2023-04-13 15:18:47,584 - DEBUG - < PONG 1d b9 2d f2 [binary, 4 bytes]
2023-04-13 15:18:47,592 - DEBUG - % received keepalive pong
2023-04-13 15:19:00,780 - DEBUG - % sending keepalive ping
2023-04-13 15:19:00,780 - DEBUG - > PING 4b b7 61 d8 [binary, 4 bytes]
2023-04-13 15:19:00,804 - DEBUG - < PONG 4b b7 61 d8 [binary, 4 bytes]
2023-04-13 15:19:00,813 - DEBUG - % received keepalive pong
2023-04-13 15:19:07,579 - DEBUG - % sending keepalive ping
2023-04-13 15:19:07,579 - DEBUG - > PING 37 72 cf 5a [binary, 4 bytes]
2023-04-13 15:19:07,586 - DEBUG - < PONG 37 72 cf 5a [binary, 4 bytes]
2023-04-13 15:19:07,589 - DEBUG - % received keepalive pong
2023-04-13 15:19:20,812 - DEBUG - % sending keepalive ping
2023-04-13 15:19:20,812 - DEBUG - > PING 07 2f 18 da [binary, 4 bytes]
2023-04-13 15:19:20,825 - DEBUG - < PONG 07 2f 18 da [binary, 4 bytes]
2023-04-13 15:19:20,829 - DEBUG - % received keepalive pong
2023-04-13 15:19:27,584 - DEBUG - % sending keepalive ping
2023-04-13 15:19:27,584 - DEBUG - > PING 7d 71 82 b9 [binary, 4 bytes]
2023-04-13 15:19:27,597 - DEBUG - < PONG 7d 71 82 b9 [binary, 4 bytes]
2023-04-13 15:19:27,604 - DEBUG - % received keepalive pong
2023-04-13 15:19:40,823 - DEBUG - % sending keepalive ping
2023-04-13 15:19:40,823 - DEBUG - > PING e5 d1 b1 7b [binary, 4 bytes]
2023-04-13 15:19:40,838 - DEBUG - < PONG e5 d1 b1 7b [binary, 4 bytes]
2023-04-13 15:19:40,841 - DEBUG - % received keepalive pong
2023-04-13 15:19:47,607 - DEBUG - % sending keepalive ping
2023-04-13 15:19:47,607 - DEBUG - > PING f6 53 84 e6 [binary, 4 bytes]
2023-04-13 15:19:47,615 - DEBUG - < PONG f6 53 84 e6 [binary, 4 bytes]
2023-04-13 15:19:47,622 - DEBUG - % received keepalive pong
2023-04-13 15:20:00,832 - DEBUG - % sending keepalive ping
2023-04-13 15:20:00,832 - DEBUG - > PING b5 31 44 43 [binary, 4 bytes]
2023-04-13 15:20:00,844 - DEBUG - < PONG b5 31 44 43 [binary, 4 bytes]
2023-04-13 15:20:00,855 - DEBUG - % received keepalive pong
2023-04-13 15:20:07,618 - DEBUG - % sending keepalive ping
2023-04-13 15:20:07,618 - DEBUG - > PING 16 ec fd b5 [binary, 4 bytes]
2023-04-13 15:20:07,633 - DEBUG - < PONG 16 ec fd b5 [binary, 4 bytes]
2023-04-13 15:20:07,637 - DEBUG - % received keepalive pong
2023-04-13 15:20:20,857 - DEBUG - % sending keepalive ping
2023-04-13 15:20:20,857 - DEBUG - > PING '9Mqi' [text, 4 bytes]
2023-04-13 15:20:20,869 - DEBUG - < PONG '9Mqi' [text, 4 bytes]
2023-04-13 15:20:20,874 - DEBUG - % received keepalive pong
2023-04-13 15:20:27,625 - DEBUG - % sending keepalive ping
2023-04-13 15:20:27,625 - DEBUG - > PING '{\x1fg~' [text, 4 bytes]
2023-04-13 15:20:27,632 - DEBUG - < PONG '{\x1fg~' [text, 4 bytes]
2023-04-13 15:20:27,636 - DEBUG - % received keepalive pong
2023-04-13 15:20:40,878 - DEBUG - % sending keepalive ping
2023-04-13 15:20:40,878 - DEBUG - > PING 6c 46 ec e5 [binary, 4 bytes]
2023-04-13 15:20:40,887 - DEBUG - < PONG 6c 46 ec e5 [binary, 4 bytes]
2023-04-13 15:20:40,893 - DEBUG - % received keepalive pong
2023-04-13 15:20:47,629 - DEBUG - % sending keepalive ping
2023-04-13 15:20:47,629 - DEBUG - > PING a1 66 36 09 [binary, 4 bytes]
2023-04-13 15:20:47,640 - DEBUG - < PONG a1 66 36 09 [binary, 4 bytes]
2023-04-13 15:20:47,646 - DEBUG - % received keepalive pong
2023-04-13 15:21:00,877 - DEBUG - % sending keepalive ping
2023-04-13 15:21:00,877 - DEBUG - > PING 29 d4 ad 86 [binary, 4 bytes]
2023-04-13 15:21:00,887 - DEBUG - < PONG 29 d4 ad 86 [binary, 4 bytes]
2023-04-13 15:21:00,893 - DEBUG - % received keepalive pong
2023-04-13 15:21:07,646 - DEBUG - % sending keepalive ping
2023-04-13 15:21:07,646 - DEBUG - > PING b0 53 de 93 [binary, 4 bytes]
2023-04-13 15:21:07,662 - DEBUG - < PONG b0 53 de 93 [binary, 4 bytes]
2023-04-13 15:21:07,665 - DEBUG - % received keepalive pong
2023-04-13 15:21:20,868 - DEBUG - % sending keepalive ping
2023-04-13 15:21:20,868 - DEBUG - > PING cd 30 95 ce [binary, 4 bytes]
2023-04-13 15:21:20,876 - DEBUG - < PONG cd 30 95 ce [binary, 4 bytes]
2023-04-13 15:21:20,878 - DEBUG - % received keepalive pong
2023-04-13 15:21:27,654 - DEBUG - % sending keepalive ping
2023-04-13 15:21:27,654 - DEBUG - > PING 24 58 c7 e9 [binary, 4 bytes]
2023-04-13 15:21:27,664 - DEBUG - < PONG 24 58 c7 e9 [binary, 4 bytes]
2023-04-13 15:21:27,668 - DEBUG - % received keepalive pong
2023-04-13 15:21:40,888 - DEBUG - % sending keepalive ping
2023-04-13 15:21:40,889 - DEBUG - > PING 5f ab cf 80 [binary, 4 bytes]
2023-04-13 15:21:40,898 - DEBUG - < PONG 5f ab cf 80 [binary, 4 bytes]
2023-04-13 15:21:40,905 - DEBUG - % received keepalive pong
2023-04-13 15:21:47,655 - DEBUG - % sending keepalive ping
2023-04-13 15:21:47,655 - DEBUG - > PING 0a b0 88 a8 [binary, 4 bytes]
2023-04-13 15:21:47,663 - DEBUG - < PONG 0a b0 88 a8 [binary, 4 bytes]
2023-04-13 15:21:47,667 - DEBUG - % received keepalive pong
2023-04-13 15:22:00,907 - DEBUG - % sending keepalive ping
2023-04-13 15:22:00,907 - DEBUG - > PING ac 8a 50 90 [binary, 4 bytes]
2023-04-13 15:22:00,915 - DEBUG - < PONG ac 8a 50 90 [binary, 4 bytes]
2023-04-13 15:22:00,918 - DEBUG - % received keepalive pong
2023-04-13 15:22:07,664 - DEBUG - % sending keepalive ping
2023-04-13 15:22:07,664 - DEBUG - > PING de 17 3f d1 [binary, 4 bytes]
2023-04-13 15:22:07,674 - DEBUG - < PONG de 17 3f d1 [binary, 4 bytes]
2023-04-13 15:22:07,680 - DEBUG - % received keepalive pong
2023-04-13 15:22:20,912 - DEBUG - % sending keepalive ping
2023-04-13 15:22:20,913 - DEBUG - > PING 88 72 d1 90 [binary, 4 bytes]
2023-04-13 15:22:20,921 - DEBUG - < PONG 88 72 d1 90 [binary, 4 bytes]
2023-04-13 15:22:20,928 - DEBUG - % received keepalive pong
2023-04-13 15:22:27,679 - DEBUG - % sending keepalive ping
2023-04-13 15:22:27,680 - DEBUG - > PING 9f c1 c4 37 [binary, 4 bytes]
2023-04-13 15:22:27,688 - DEBUG - < PONG 9f c1 c4 37 [binary, 4 bytes]
2023-04-13 15:22:27,691 - DEBUG - % received keepalive pong
2023-04-13 15:22:40,929 - DEBUG - % sending keepalive ping
2023-04-13 15:22:40,929 - DEBUG - > PING 60 92 26 00 [binary, 4 bytes]
2023-04-13 15:22:40,937 - DEBUG - < PONG 60 92 26 00 [binary, 4 bytes]
2023-04-13 15:22:40,940 - DEBUG - % received keepalive pong
2023-04-13 15:22:47,684 - DEBUG - % sending keepalive ping
2023-04-13 15:22:47,684 - DEBUG - > PING 98 b5 f2 c9 [binary, 4 bytes]
2023-04-13 15:22:47,692 - DEBUG - < PONG 98 b5 f2 c9 [binary, 4 bytes]
2023-04-13 15:22:47,699 - DEBUG - % received keepalive pong
2023-04-13 15:23:00,940 - DEBUG - % sending keepalive ping
2023-04-13 15:23:00,940 - DEBUG - > PING 8f 1c 92 15 [binary, 4 bytes]
2023-04-13 15:23:00,953 - DEBUG - < PONG 8f 1c 92 15 [binary, 4 bytes]
2023-04-13 15:23:00,957 - DEBUG - % received keepalive pong
2023-04-13 15:23:07,706 - DEBUG - % sending keepalive ping
2023-04-13 15:23:07,706 - DEBUG - > PING c4 85 8c ae [binary, 4 bytes]
2023-04-13 15:23:07,714 - DEBUG - < PONG c4 85 8c ae [binary, 4 bytes]
2023-04-13 15:23:07,717 - DEBUG - % received keepalive pong
2023-04-13 15:23:20,943 - DEBUG - % sending keepalive ping
2023-04-13 15:23:20,943 - DEBUG - > PING a9 b1 8f 0e [binary, 4 bytes]
2023-04-13 15:23:20,951 - DEBUG - < PONG a9 b1 8f 0e [binary, 4 bytes]
2023-04-13 15:23:20,953 - DEBUG - % received keepalive pong
2023-04-13 15:23:27,710 - DEBUG - % sending keepalive ping
2023-04-13 15:23:27,710 - DEBUG - > PING cd 44 22 ab [binary, 4 bytes]
2023-04-13 15:23:27,719 - DEBUG - < PONG cd 44 22 ab [binary, 4 bytes]
2023-04-13 15:23:27,726 - DEBUG - % received keepalive pong
2023-04-13 15:23:40,947 - DEBUG - % sending keepalive ping
2023-04-13 15:23:40,947 - DEBUG - > PING "p'fB" [text, 4 bytes]
2023-04-13 15:23:40,955 - DEBUG - < PONG "p'fB" [text, 4 bytes]
2023-04-13 15:23:40,962 - DEBUG - % received keepalive pong
2023-04-13 15:23:47,733 - DEBUG - % sending keepalive ping
2023-04-13 15:23:47,734 - DEBUG - > PING 4f 00 0e a8 [binary, 4 bytes]
2023-04-13 15:23:47,752 - DEBUG - < PONG 4f 00 0e a8 [binary, 4 bytes]
2023-04-13 15:23:47,758 - DEBUG - % received keepalive pong
2023-04-13 15:24:00,955 - DEBUG - % sending keepalive ping
2023-04-13 15:24:00,955 - DEBUG - > PING 34 99 ba bb [binary, 4 bytes]
2023-04-13 15:24:00,963 - DEBUG - < PONG 34 99 ba bb [binary, 4 bytes]
2023-04-13 15:24:00,966 - DEBUG - % received keepalive pong
2023-04-13 15:24:07,754 - DEBUG - % sending keepalive ping
2023-04-13 15:24:07,754 - DEBUG - > PING e9 8e 3b b1 [binary, 4 bytes]
2023-04-13 15:24:07,762 - DEBUG - < PONG e9 8e 3b b1 [binary, 4 bytes]
2023-04-13 15:24:07,765 - DEBUG - % received keepalive pong
2023-04-13 15:24:20,946 - DEBUG - % sending keepalive ping
2023-04-13 15:24:20,946 - DEBUG - > PING fe 8f 9d 42 [binary, 4 bytes]
2023-04-13 15:24:20,954 - DEBUG - < PONG fe 8f 9d 42 [binary, 4 bytes]
2023-04-13 15:24:20,957 - DEBUG - % received keepalive pong
2023-04-13 15:24:27,742 - DEBUG - % sending keepalive ping
2023-04-13 15:24:27,742 - DEBUG - > PING 9c 8f 60 30 [binary, 4 bytes]
2023-04-13 15:24:27,750 - DEBUG - < PONG 9c 8f 60 30 [binary, 4 bytes]
2023-04-13 15:24:27,753 - DEBUG - % received keepalive pong
2023-04-13 15:24:40,945 - DEBUG - % sending keepalive ping
2023-04-13 15:24:40,945 - DEBUG - > PING a5 cf de ba [binary, 4 bytes]
2023-04-13 15:24:40,958 - DEBUG - < PONG a5 cf de ba [binary, 4 bytes]
2023-04-13 15:24:40,962 - DEBUG - % received keepalive pong
2023-04-13 15:24:47,745 - DEBUG - % sending keepalive ping
2023-04-13 15:24:47,745 - DEBUG - > PING b8 4c d1 2f [binary, 4 bytes]
2023-04-13 15:24:47,757 - DEBUG - < PONG b8 4c d1 2f [binary, 4 bytes]
2023-04-13 15:24:47,761 - DEBUG - % received keepalive pong
2023-04-13 15:25:00,949 - DEBUG - % sending keepalive ping
2023-04-13 15:25:00,949 - DEBUG - > PING c2 76 3e 0f [binary, 4 bytes]
2023-04-13 15:25:00,957 - DEBUG - < PONG c2 76 3e 0f [binary, 4 bytes]
2023-04-13 15:25:00,964 - DEBUG - % received keepalive pong
2023-04-13 15:25:07,749 - DEBUG - % sending keepalive ping
2023-04-13 15:25:07,750 - DEBUG - > PING 'tle/' [text, 4 bytes]
2023-04-13 15:25:07,758 - DEBUG - < PONG 'tle/' [text, 4 bytes]
2023-04-13 15:25:07,763 - DEBUG - % received keepalive pong
2023-04-13 15:25:20,951 - DEBUG - % sending keepalive ping
2023-04-13 15:25:20,951 - DEBUG - > PING 'Y=\x1cK' [text, 4 bytes]
2023-04-13 15:25:20,976 - DEBUG - < PONG 'Y=\x1cK' [text, 4 bytes]
2023-04-13 15:25:20,991 - DEBUG - % received keepalive pong
2023-04-13 15:25:27,754 - DEBUG - % sending keepalive ping
2023-04-13 15:25:27,755 - DEBUG - > PING 23 e4 e1 57 [binary, 4 bytes]
2023-04-13 15:25:27,762 - DEBUG - < PONG 23 e4 e1 57 [binary, 4 bytes]
2023-04-13 15:25:27,765 - DEBUG - % received keepalive pong
2023-04-13 15:25:40,994 - DEBUG - % sending keepalive ping
2023-04-13 15:25:40,994 - DEBUG - > PING 18 d1 d9 f7 [binary, 4 bytes]
2023-04-13 15:25:41,003 - DEBUG - < PONG 18 d1 d9 f7 [binary, 4 bytes]
2023-04-13 15:25:41,012 - DEBUG - % received keepalive pong
2023-04-13 15:25:47,752 - DEBUG - % sending keepalive ping
2023-04-13 15:25:47,752 - DEBUG - > PING da 9d c3 7f [binary, 4 bytes]
2023-04-13 15:25:47,761 - DEBUG - < PONG da 9d c3 7f [binary, 4 bytes]
2023-04-13 15:25:47,767 - DEBUG - % received keepalive pong
2023-04-13 15:26:00,997 - DEBUG - % sending keepalive ping
2023-04-13 15:26:00,997 - DEBUG - > PING 05 2d ae 5d [binary, 4 bytes]
2023-04-13 15:26:01,007 - DEBUG - < PONG 05 2d ae 5d [binary, 4 bytes]
2023-04-13 15:26:01,013 - DEBUG - % received keepalive pong
2023-04-13 15:26:07,747 - DEBUG - % sending keepalive ping
2023-04-13 15:26:07,748 - DEBUG - > PING 0c 13 a9 ba [binary, 4 bytes]
2023-04-13 15:26:07,755 - DEBUG - < PONG 0c 13 a9 ba [binary, 4 bytes]
2023-04-13 15:26:07,758 - DEBUG - % received keepalive pong
2023-04-13 15:26:21,003 - DEBUG - % sending keepalive ping
2023-04-13 15:26:21,003 - DEBUG - > PING e8 30 71 a9 [binary, 4 bytes]
2023-04-13 15:26:21,012 - DEBUG - < PONG e8 30 71 a9 [binary, 4 bytes]
2023-04-13 15:26:21,016 - DEBUG - % received keepalive pong
2023-04-13 15:26:27,743 - DEBUG - % sending keepalive ping
2023-04-13 15:26:27,743 - DEBUG - > PING b8 c7 15 8e [binary, 4 bytes]
2023-04-13 15:26:27,751 - DEBUG - < PONG b8 c7 15 8e [binary, 4 bytes]
2023-04-13 15:26:27,758 - DEBUG - % received keepalive pong
2023-04-13 15:26:40,995 - DEBUG - % sending keepalive ping
2023-04-13 15:26:40,995 - DEBUG - > PING 87 07 a9 be [binary, 4 bytes]
2023-04-13 15:26:41,005 - DEBUG - < PONG 87 07 a9 be [binary, 4 bytes]
2023-04-13 15:26:41,010 - DEBUG - % received keepalive pong
2023-04-13 15:26:47,750 - DEBUG - % sending keepalive ping
2023-04-13 15:26:47,750 - DEBUG - > PING dc bd 3b ae [binary, 4 bytes]
2023-04-13 15:26:47,758 - DEBUG - < PONG dc bd 3b ae [binary, 4 bytes]
2023-04-13 15:26:47,764 - DEBUG - % received keepalive pong
2023-04-13 15:27:01,005 - DEBUG - % sending keepalive ping
2023-04-13 15:27:01,006 - DEBUG - > PING 89 2a 32 c8 [binary, 4 bytes]
2023-04-13 15:27:01,019 - DEBUG - < PONG 89 2a 32 c8 [binary, 4 bytes]
2023-04-13 15:27:01,024 - DEBUG - % received keepalive pong
2023-04-13 15:27:07,743 - DEBUG - % sending keepalive ping
2023-04-13 15:27:07,743 - DEBUG - > PING 'Zy\x0fr' [text, 4 bytes]
2023-04-13 15:27:07,788 - DEBUG - < PONG 'Zy\x0fr' [text, 4 bytes]
2023-04-13 15:27:07,791 - DEBUG - % received keepalive pong
2023-04-13 15:27:21,024 - DEBUG - % sending keepalive ping
2023-04-13 15:27:21,024 - DEBUG - > PING b1 09 3a 92 [binary, 4 bytes]
2023-04-13 15:27:21,031 - DEBUG - < PONG b1 09 3a 92 [binary, 4 bytes]
2023-04-13 15:27:21,036 - DEBUG - % received keepalive pong
2023-04-13 15:27:27,777 - DEBUG - % sending keepalive ping
2023-04-13 15:27:27,778 - DEBUG - > PING 'V\tH[' [text, 4 bytes]
2023-04-13 15:27:27,830 - DEBUG - < PONG 'V\tH[' [text, 4 bytes]
2023-04-13 15:27:27,834 - DEBUG - % received keepalive pong
2023-04-13 15:27:41,027 - DEBUG - % sending keepalive ping
2023-04-13 15:27:41,027 - DEBUG - > PING 'q-\x14\r' [text, 4 bytes]
2023-04-13 15:27:41,042 - DEBUG - < PONG 'q-\x14\r' [text, 4 bytes]
2023-04-13 15:27:41,052 - DEBUG - % received keepalive pong
2023-04-13 15:27:47,826 - DEBUG - % sending keepalive ping
2023-04-13 15:27:47,826 - DEBUG - > PING 04 f7 4c ea [binary, 4 bytes]
2023-04-13 15:27:47,834 - DEBUG - < PONG 04 f7 4c ea [binary, 4 bytes]
2023-04-13 15:27:47,837 - DEBUG - % received keepalive pong
2023-04-13 15:28:01,064 - DEBUG - % sending keepalive ping
2023-04-13 15:28:01,064 - DEBUG - > PING 79 ba 58 d8 [binary, 4 bytes]
2023-04-13 15:28:01,074 - DEBUG - < PONG 79 ba 58 d8 [binary, 4 bytes]
2023-04-13 15:28:01,087 - DEBUG - % received keepalive pong
2023-04-13 15:28:07,829 - DEBUG - % sending keepalive ping
2023-04-13 15:28:07,829 - DEBUG - > PING '\n\u0788\x16' [text, 4 bytes]
2023-04-13 15:28:07,878 - DEBUG - < PONG '\n\u0788\x16' [text, 4 bytes]
2023-04-13 15:28:07,881 - DEBUG - % received keepalive pong
2023-04-13 15:28:21,079 - DEBUG - % sending keepalive ping
2023-04-13 15:28:21,079 - DEBUG - > PING a5 55 80 ee [binary, 4 bytes]
2023-04-13 15:28:21,090 - DEBUG - < PONG a5 55 80 ee [binary, 4 bytes]
2023-04-13 15:28:21,096 - DEBUG - % received keepalive pong
2023-04-13 15:28:27,876 - DEBUG - % sending keepalive ping
2023-04-13 15:28:27,877 - DEBUG - > PING 8a d5 05 fd [binary, 4 bytes]
2023-04-13 15:28:27,884 - DEBUG - < PONG 8a d5 05 fd [binary, 4 bytes]
2023-04-13 15:28:27,892 - DEBUG - % received keepalive pong
2023-04-13 15:28:41,085 - DEBUG - % sending keepalive ping
2023-04-13 15:28:41,085 - DEBUG - > PING 8b 32 71 ef [binary, 4 bytes]
2023-04-13 15:28:41,093 - DEBUG - < PONG 8b 32 71 ef [binary, 4 bytes]
2023-04-13 15:28:41,101 - DEBUG - % received keepalive pong
2023-04-13 15:28:47,880 - DEBUG - % sending keepalive ping
2023-04-13 15:28:47,881 - DEBUG - > PING da e7 fe 07 [binary, 4 bytes]
2023-04-13 15:28:47,889 - DEBUG - < PONG da e7 fe 07 [binary, 4 bytes]
2023-04-13 15:28:47,892 - DEBUG - % received keepalive pong
2023-04-13 15:29:01,105 - DEBUG - % sending keepalive ping
2023-04-13 15:29:01,106 - DEBUG - > PING 2c 03 a9 b2 [binary, 4 bytes]
2023-04-13 15:29:01,115 - DEBUG - < PONG 2c 03 a9 b2 [binary, 4 bytes]
2023-04-13 15:29:01,122 - DEBUG - % received keepalive pong
2023-04-13 15:29:07,872 - DEBUG - % sending keepalive ping
2023-04-13 15:29:07,872 - DEBUG - > PING f7 89 97 62 [binary, 4 bytes]
2023-04-13 15:29:07,886 - DEBUG - < PONG f7 89 97 62 [binary, 4 bytes]
2023-04-13 15:29:07,899 - DEBUG - % received keepalive pong
2023-04-13 15:29:21,125 - DEBUG - % sending keepalive ping
2023-04-13 15:29:21,126 - DEBUG - > PING 80 d4 38 b1 [binary, 4 bytes]
2023-04-13 15:29:21,135 - DEBUG - < PONG 80 d4 38 b1 [binary, 4 bytes]
2023-04-13 15:29:21,149 - DEBUG - % received keepalive pong
2023-04-13 15:29:27,897 - DEBUG - % sending keepalive ping
2023-04-13 15:29:27,897 - DEBUG - > PING 90 85 3d 2b [binary, 4 bytes]
2023-04-13 15:29:27,904 - DEBUG - < PONG 90 85 3d 2b [binary, 4 bytes]
2023-04-13 15:29:27,907 - DEBUG - % received keepalive pong
2023-04-13 15:29:41,146 - DEBUG - % sending keepalive ping
2023-04-13 15:29:41,147 - DEBUG - > PING 57 7a cf 7d [binary, 4 bytes]
2023-04-13 15:29:41,157 - DEBUG - < PONG 57 7a cf 7d [binary, 4 bytes]
2023-04-13 15:29:41,164 - DEBUG - % received keepalive pong
2023-04-13 15:29:47,898 - DEBUG - % sending keepalive ping
2023-04-13 15:29:47,898 - DEBUG - > PING 82 ff 44 9b [binary, 4 bytes]
2023-04-13 15:29:47,906 - DEBUG - < PONG 82 ff 44 9b [binary, 4 bytes]
2023-04-13 15:29:47,909 - DEBUG - % received keepalive pong
2023-04-13 15:30:01,161 - DEBUG - % sending keepalive ping
2023-04-13 15:30:01,161 - DEBUG - > PING 'jjIh' [text, 4 bytes]
2023-04-13 15:30:01,175 - DEBUG - < PONG 'jjIh' [text, 4 bytes]
2023-04-13 15:30:01,180 - DEBUG - % received keepalive pong
2023-04-13 15:30:07,901 - DEBUG - % sending keepalive ping
2023-04-13 15:30:07,901 - DEBUG - > PING b9 9c 05 de [binary, 4 bytes]
2023-04-13 15:30:07,909 - DEBUG - < PONG b9 9c 05 de [binary, 4 bytes]
2023-04-13 15:30:07,913 - DEBUG - % received keepalive pong
2023-04-13 15:30:21,199 - DEBUG - % sending keepalive ping
2023-04-13 15:30:21,199 - DEBUG - > PING 03 bc 55 48 [binary, 4 bytes]
2023-04-13 15:30:21,208 - DEBUG - < PONG 03 bc 55 48 [binary, 4 bytes]
2023-04-13 15:30:21,216 - DEBUG - % received keepalive pong
2023-04-13 15:30:27,908 - DEBUG - % sending keepalive ping
2023-04-13 15:30:27,908 - DEBUG - > PING 9d 53 27 b2 [binary, 4 bytes]
2023-04-13 15:30:27,918 - DEBUG - < PONG 9d 53 27 b2 [binary, 4 bytes]
2023-04-13 15:30:27,924 - DEBUG - % received keepalive pong
2023-04-13 15:30:41,202 - DEBUG - % sending keepalive ping
2023-04-13 15:30:41,202 - DEBUG - > PING 5f 49 2f f9 [binary, 4 bytes]
2023-04-13 15:30:41,210 - DEBUG - < PONG 5f 49 2f f9 [binary, 4 bytes]
2023-04-13 15:30:41,224 - DEBUG - % received keepalive pong
2023-04-13 15:30:47,907 - DEBUG - % sending keepalive ping
2023-04-13 15:30:47,907 - DEBUG - > PING a9 23 04 0f [binary, 4 bytes]
2023-04-13 15:30:47,915 - DEBUG - < PONG a9 23 04 0f [binary, 4 bytes]
2023-04-13 15:30:47,918 - DEBUG - % received keepalive pong
2023-04-13 15:31:01,233 - DEBUG - % sending keepalive ping
2023-04-13 15:31:01,233 - DEBUG - > PING 96 72 b5 42 [binary, 4 bytes]
2023-04-13 15:31:01,245 - DEBUG - < PONG 96 72 b5 42 [binary, 4 bytes]
2023-04-13 15:31:01,251 - DEBUG - % received keepalive pong
2023-04-13 15:31:07,908 - DEBUG - % sending keepalive ping
2023-04-13 15:31:07,908 - DEBUG - > PING 86 46 99 43 [binary, 4 bytes]
2023-04-13 15:31:07,916 - DEBUG - < PONG 86 46 99 43 [binary, 4 bytes]
2023-04-13 15:31:07,920 - DEBUG - % received keepalive pong
2023-04-13 15:31:21,256 - DEBUG - % sending keepalive ping
2023-04-13 15:31:21,256 - DEBUG - > PING '\x1b]<g' [text, 4 bytes]
2023-04-13 15:31:21,264 - DEBUG - < PONG '\x1b]<g' [text, 4 bytes]
2023-04-13 15:31:21,266 - DEBUG - % received keepalive pong
2023-04-13 15:31:27,902 - DEBUG - % sending keepalive ping
2023-04-13 15:31:27,902 - DEBUG - > PING dd d3 5b ff [binary, 4 bytes]
2023-04-13 15:31:27,909 - DEBUG - < PONG dd d3 5b ff [binary, 4 bytes]
2023-04-13 15:31:27,916 - DEBUG - % received keepalive pong
2023-04-13 15:31:41,259 - DEBUG - % sending keepalive ping
2023-04-13 15:31:41,259 - DEBUG - > PING 1c 00 b5 29 [binary, 4 bytes]
2023-04-13 15:31:41,276 - DEBUG - < PONG 1c 00 b5 29 [binary, 4 bytes]
2023-04-13 15:31:41,278 - DEBUG - % received keepalive pong
2023-04-13 15:31:47,922 - DEBUG - % sending keepalive ping
2023-04-13 15:31:47,922 - DEBUG - > PING a5 98 34 3f [binary, 4 bytes]
2023-04-13 15:31:47,931 - DEBUG - < PONG a5 98 34 3f [binary, 4 bytes]
2023-04-13 15:31:47,940 - DEBUG - % received keepalive pong
2023-04-13 15:32:01,280 - DEBUG - % sending keepalive ping
2023-04-13 15:32:01,280 - DEBUG - > PING 8c 4b 73 8b [binary, 4 bytes]
2023-04-13 15:32:01,290 - DEBUG - < PONG 8c 4b 73 8b [binary, 4 bytes]
2023-04-13 15:32:01,295 - DEBUG - % received keepalive pong
2023-04-13 15:32:07,930 - DEBUG - % sending keepalive ping
2023-04-13 15:32:07,931 - DEBUG - > PING '¥év\x01' [text, 4 bytes]
2023-04-13 15:32:07,979 - DEBUG - < PONG '¥év\x01' [text, 4 bytes]
2023-04-13 15:32:07,982 - DEBUG - % received keepalive pong
2023-04-13 15:32:21,283 - DEBUG - % sending keepalive ping
2023-04-13 15:32:21,283 - DEBUG - > PING 69 58 80 cf [binary, 4 bytes]
2023-04-13 15:32:21,293 - DEBUG - < PONG 69 58 80 cf [binary, 4 bytes]
2023-04-13 15:32:21,300 - DEBUG - % received keepalive pong
2023-04-13 15:32:27,975 - DEBUG - % sending keepalive ping
2023-04-13 15:32:27,976 - DEBUG - > PING 53 c7 22 52 [binary, 4 bytes]
2023-04-13 15:32:27,985 - DEBUG - < PONG 53 c7 22 52 [binary, 4 bytes]
2023-04-13 15:32:27,991 - DEBUG - % received keepalive pong
2023-04-13 15:32:41,285 - DEBUG - % sending keepalive ping
2023-04-13 15:32:41,286 - DEBUG - > PING c4 da 19 a6 [binary, 4 bytes]
2023-04-13 15:32:41,341 - DEBUG - < PONG c4 da 19 a6 [binary, 4 bytes]
2023-04-13 15:32:41,357 - DEBUG - % received keepalive pong
2023-04-13 15:32:47,995 - DEBUG - % sending keepalive ping
2023-04-13 15:32:47,995 - DEBUG - > PING d4 57 d5 3f [binary, 4 bytes]
2023-04-13 15:32:48,003 - DEBUG - < PONG d4 57 d5 3f [binary, 4 bytes]
2023-04-13 15:32:48,010 - DEBUG - % received keepalive pong
2023-04-13 15:33:01,363 - DEBUG - % sending keepalive ping
2023-04-13 15:33:01,363 - DEBUG - > PING ae 68 48 d0 [binary, 4 bytes]
2023-04-13 15:33:01,371 - DEBUG - < PONG ae 68 48 d0 [binary, 4 bytes]
2023-04-13 15:33:01,378 - DEBUG - % received keepalive pong
2023-04-13 15:33:07,994 - DEBUG - % sending keepalive ping
2023-04-13 15:33:07,994 - DEBUG - > PING 8b 99 9e 3d [binary, 4 bytes]
2023-04-13 15:33:08,003 - DEBUG - < PONG 8b 99 9e 3d [binary, 4 bytes]
2023-04-13 15:33:08,009 - DEBUG - % received keepalive pong
2023-04-13 15:33:21,370 - DEBUG - % sending keepalive ping
2023-04-13 15:33:21,370 - DEBUG - > PING f8 5d 63 32 [binary, 4 bytes]
2023-04-13 15:33:21,380 - DEBUG - < PONG f8 5d 63 32 [binary, 4 bytes]
2023-04-13 15:33:21,385 - DEBUG - % received keepalive pong
2023-04-13 15:33:28,003 - DEBUG - % sending keepalive ping
2023-04-13 15:33:28,003 - DEBUG - > PING 75 e7 f7 64 [binary, 4 bytes]
2023-04-13 15:33:28,012 - DEBUG - < PONG 75 e7 f7 64 [binary, 4 bytes]
2023-04-13 15:33:28,014 - DEBUG - % received keepalive pong
2023-04-13 15:33:41,373 - DEBUG - % sending keepalive ping
2023-04-13 15:33:41,373 - DEBUG - > PING 98 7e 74 ff [binary, 4 bytes]
2023-04-13 15:33:41,385 - DEBUG - < PONG 98 7e 74 ff [binary, 4 bytes]
2023-04-13 15:33:41,397 - DEBUG - % received keepalive pong
2023-04-13 15:33:47,995 - DEBUG - % sending keepalive ping
2023-04-13 15:33:47,995 - DEBUG - > PING 'mb#h' [text, 4 bytes]
2023-04-13 15:33:48,003 - DEBUG - < PONG 'mb#h' [text, 4 bytes]
2023-04-13 15:33:48,010 - DEBUG - % received keepalive pong
2023-04-13 15:34:01,410 - DEBUG - % sending keepalive ping
2023-04-13 15:34:01,410 - DEBUG - > PING 3d 2d 1b ba [binary, 4 bytes]
2023-04-13 15:34:01,419 - DEBUG - < PONG 3d 2d 1b ba [binary, 4 bytes]
2023-04-13 15:34:01,426 - DEBUG - % received keepalive pong
2023-04-13 15:34:07,995 - DEBUG - % sending keepalive ping
2023-04-13 15:34:07,995 - DEBUG - > PING fd 56 f6 a5 [binary, 4 bytes]
2023-04-13 15:34:08,003 - DEBUG - < PONG fd 56 f6 a5 [binary, 4 bytes]
2023-04-13 15:34:08,011 - DEBUG - % received keepalive pong
2023-04-13 15:34:21,409 - DEBUG - % sending keepalive ping
2023-04-13 15:34:21,409 - DEBUG - > PING 18 a4 d7 1b [binary, 4 bytes]
2023-04-13 15:34:21,421 - DEBUG - < PONG 18 a4 d7 1b [binary, 4 bytes]
2023-04-13 15:34:21,426 - DEBUG - % received keepalive pong
2023-04-13 15:34:28,014 - DEBUG - % sending keepalive ping
2023-04-13 15:34:28,014 - DEBUG - > PING 46 eb b6 37 [binary, 4 bytes]
2023-04-13 15:34:28,023 - DEBUG - < PONG 46 eb b6 37 [binary, 4 bytes]
2023-04-13 15:34:28,041 - DEBUG - % received keepalive pong
2023-04-13 15:34:41,413 - DEBUG - % sending keepalive ping
2023-04-13 15:34:41,414 - DEBUG - > PING 4b 41 9f ee [binary, 4 bytes]
2023-04-13 15:34:41,422 - DEBUG - < PONG 4b 41 9f ee [binary, 4 bytes]
2023-04-13 15:34:41,424 - DEBUG - % received keepalive pong
2023-04-13 15:34:48,029 - DEBUG - % sending keepalive ping
2023-04-13 15:34:48,030 - DEBUG - > PING 58 bf b2 25 [binary, 4 bytes]
2023-04-13 15:34:48,038 - DEBUG - < PONG 58 bf b2 25 [binary, 4 bytes]
2023-04-13 15:34:48,041 - DEBUG - % received keepalive pong
2023-04-13 15:35:01,401 - DEBUG - % sending keepalive ping
2023-04-13 15:35:01,401 - DEBUG - > PING c1 f6 48 29 [binary, 4 bytes]
2023-04-13 15:35:01,428 - DEBUG - < PONG c1 f6 48 29 [binary, 4 bytes]
2023-04-13 15:35:01,434 - DEBUG - % received keepalive pong
2023-04-13 15:35:08,033 - DEBUG - % sending keepalive ping
2023-04-13 15:35:08,033 - DEBUG - > PING 2b e7 4f 67 [binary, 4 bytes]
2023-04-13 15:35:08,041 - DEBUG - < PONG 2b e7 4f 67 [binary, 4 bytes]
2023-04-13 15:35:08,048 - DEBUG - % received keepalive pong
2023-04-13 15:35:21,437 - DEBUG - % sending keepalive ping
2023-04-13 15:35:21,437 - DEBUG - > PING 3d 6a ed 20 [binary, 4 bytes]
2023-04-13 15:35:21,449 - DEBUG - < PONG 3d 6a ed 20 [binary, 4 bytes]
2023-04-13 15:35:21,459 - DEBUG - % received keepalive pong
2023-04-13 15:35:28,027 - DEBUG - % sending keepalive ping
2023-04-13 15:35:28,027 - DEBUG - > PING 67 79 f5 10 [binary, 4 bytes]
2023-04-13 15:35:28,064 - DEBUG - < PONG 67 79 f5 10 [binary, 4 bytes]
2023-04-13 15:35:28,072 - DEBUG - % received keepalive pong
2023-04-13 15:35:41,453 - DEBUG - % sending keepalive ping
2023-04-13 15:35:41,453 - DEBUG - > PING 23 d9 f2 77 [binary, 4 bytes]
2023-04-13 15:35:41,461 - DEBUG - < PONG 23 d9 f2 77 [binary, 4 bytes]
2023-04-13 15:35:41,464 - DEBUG - % received keepalive pong
2023-04-13 15:35:48,071 - DEBUG - % sending keepalive ping
2023-04-13 15:35:48,071 - DEBUG - > PING 5b 79 f6 bd [binary, 4 bytes]
2023-04-13 15:35:48,079 - DEBUG - < PONG 5b 79 f6 bd [binary, 4 bytes]
2023-04-13 15:35:48,082 - DEBUG - % received keepalive pong
2023-04-13 15:36:01,443 - DEBUG - % sending keepalive ping
2023-04-13 15:36:01,443 - DEBUG - > PING fd f6 7d 95 [binary, 4 bytes]
2023-04-13 15:36:01,452 - DEBUG - < PONG fd f6 7d 95 [binary, 4 bytes]
2023-04-13 15:36:01,455 - DEBUG - % received keepalive pong
2023-04-13 15:36:08,078 - DEBUG - % sending keepalive ping
2023-04-13 15:36:08,078 - DEBUG - > PING 24 14 08 9d [binary, 4 bytes]
2023-04-13 15:36:08,089 - DEBUG - < PONG 24 14 08 9d [binary, 4 bytes]
2023-04-13 15:36:08,093 - DEBUG - % received keepalive pong
2023-04-13 15:36:21,447 - DEBUG - % sending keepalive ping
2023-04-13 15:36:21,447 - DEBUG - > PING b6 55 74 96 [binary, 4 bytes]
2023-04-13 15:36:21,463 - DEBUG - < PONG b6 55 74 96 [binary, 4 bytes]
2023-04-13 15:36:21,468 - DEBUG - % received keepalive pong
2023-04-13 15:36:28,082 - DEBUG - % sending keepalive ping
2023-04-13 15:36:28,083 - DEBUG - > PING f5 cb 77 dc [binary, 4 bytes]
2023-04-13 15:36:28,091 - DEBUG - < PONG f5 cb 77 dc [binary, 4 bytes]
2023-04-13 15:36:28,094 - DEBUG - % received keepalive pong
2023-04-13 15:36:41,454 - DEBUG - % sending keepalive ping
2023-04-13 15:36:41,454 - DEBUG - > PING b0 56 34 7b [binary, 4 bytes]
2023-04-13 15:36:41,464 - DEBUG - < PONG b0 56 34 7b [binary, 4 bytes]
2023-04-13 15:36:41,470 - DEBUG - % received keepalive pong
2023-04-13 15:36:48,073 - DEBUG - % sending keepalive ping
2023-04-13 15:36:48,073 - DEBUG - > PING 9a a9 bb 83 [binary, 4 bytes]
2023-04-13 15:36:48,081 - DEBUG - < PONG 9a a9 bb 83 [binary, 4 bytes]
2023-04-13 15:36:48,087 - DEBUG - % received keepalive pong
2023-04-13 15:37:01,448 - DEBUG - % sending keepalive ping
2023-04-13 15:37:01,448 - DEBUG - > PING '\x0e\x0eD@' [text, 4 bytes]
2023-04-13 15:37:01,457 - DEBUG - < PONG '\x0e\x0eD@' [text, 4 bytes]
2023-04-13 15:37:01,463 - DEBUG - % received keepalive pong
2023-04-13 15:37:08,078 - DEBUG - % sending keepalive ping
2023-04-13 15:37:08,078 - DEBUG - > PING a3 40 1e d9 [binary, 4 bytes]
2023-04-13 15:37:08,095 - DEBUG - < PONG a3 40 1e d9 [binary, 4 bytes]
2023-04-13 15:37:08,098 - DEBUG - % received keepalive pong
2023-04-13 15:37:21,444 - DEBUG - % sending keepalive ping
2023-04-13 15:37:21,445 - DEBUG - > PING 9e 32 9f 6f [binary, 4 bytes]
2023-04-13 15:37:21,456 - DEBUG - < PONG 9e 32 9f 6f [binary, 4 bytes]
2023-04-13 15:37:21,463 - DEBUG - % received keepalive pong
2023-04-13 15:37:28,076 - DEBUG - % sending keepalive ping
2023-04-13 15:37:28,076 - DEBUG - > PING 4b 37 76 fd [binary, 4 bytes]
2023-04-13 15:37:28,086 - DEBUG - < PONG 4b 37 76 fd [binary, 4 bytes]
2023-04-13 15:37:28,092 - DEBUG - % received keepalive pong
2023-04-13 15:37:41,459 - DEBUG - % sending keepalive ping
2023-04-13 15:37:41,460 - DEBUG - > PING 62 41 92 60 [binary, 4 bytes]
2023-04-13 15:37:41,470 - DEBUG - < PONG 62 41 92 60 [binary, 4 bytes]
2023-04-13 15:37:41,477 - DEBUG - % received keepalive pong
2023-04-13 15:37:48,081 - DEBUG - % sending keepalive ping
2023-04-13 15:37:48,081 - DEBUG - > PING 2a de 75 0f [binary, 4 bytes]
2023-04-13 15:37:48,103 - DEBUG - < PONG 2a de 75 0f [binary, 4 bytes]
2023-04-13 15:37:48,110 - DEBUG - % received keepalive pong
2023-04-13 15:38:01,480 - DEBUG - % sending keepalive ping
2023-04-13 15:38:01,480 - DEBUG - > PING ef 69 00 c2 [binary, 4 bytes]
2023-04-13 15:38:01,490 - DEBUG - < PONG ef 69 00 c2 [binary, 4 bytes]
2023-04-13 15:38:01,497 - DEBUG - % received keepalive pong
2023-04-13 15:38:08,102 - DEBUG - % sending keepalive ping
2023-04-13 15:38:08,103 - DEBUG - > PING f7 24 c4 d8 [binary, 4 bytes]
2023-04-13 15:38:08,124 - DEBUG - < PONG f7 24 c4 d8 [binary, 4 bytes]
2023-04-13 15:38:08,130 - DEBUG - % received keepalive pong
2023-04-13 15:38:21,490 - DEBUG - % sending keepalive ping
2023-04-13 15:38:21,490 - DEBUG - > PING c4 0e 33 18 [binary, 4 bytes]
2023-04-13 15:38:21,506 - DEBUG - < PONG c4 0e 33 18 [binary, 4 bytes]
2023-04-13 15:38:21,514 - DEBUG - % received keepalive pong
2023-04-13 15:38:28,118 - DEBUG - % sending keepalive ping
2023-04-13 15:38:28,118 - DEBUG - > PING 14 6d 1a e8 [binary, 4 bytes]
2023-04-13 15:38:28,127 - DEBUG - < PONG 14 6d 1a e8 [binary, 4 bytes]
2023-04-13 15:38:28,130 - DEBUG - % received keepalive pong
2023-04-13 15:38:41,506 - DEBUG - % sending keepalive ping
2023-04-13 15:38:41,506 - DEBUG - > PING e7 39 03 0a [binary, 4 bytes]
2023-04-13 15:38:41,514 - DEBUG - < PONG e7 39 03 0a [binary, 4 bytes]
2023-04-13 15:38:41,517 - DEBUG - % received keepalive pong
2023-04-13 15:38:48,126 - DEBUG - % sending keepalive ping
2023-04-13 15:38:48,126 - DEBUG - > PING 'Q>\x0bY' [text, 4 bytes]
2023-04-13 15:38:48,135 - DEBUG - < PONG 'Q>\x0bY' [text, 4 bytes]
2023-04-13 15:38:48,142 - DEBUG - % received keepalive pong
2023-04-13 15:39:01,499 - DEBUG - % sending keepalive ping
2023-04-13 15:39:01,499 - DEBUG - > PING d0 03 66 c2 [binary, 4 bytes]
2023-04-13 15:39:01,508 - DEBUG - < PONG d0 03 66 c2 [binary, 4 bytes]
2023-04-13 15:39:01,513 - DEBUG - % received keepalive pong
2023-04-13 15:39:08,118 - DEBUG - % sending keepalive ping
2023-04-13 15:39:08,119 - DEBUG - > PING 93 c7 ff db [binary, 4 bytes]
2023-04-13 15:39:08,126 - DEBUG - < PONG 93 c7 ff db [binary, 4 bytes]
2023-04-13 15:39:08,131 - DEBUG - % received keepalive pong
2023-04-13 15:39:21,493 - DEBUG - % sending keepalive ping
2023-04-13 15:39:21,493 - DEBUG - > PING eb fa d7 70 [binary, 4 bytes]
2023-04-13 15:39:21,509 - DEBUG - < PONG eb fa d7 70 [binary, 4 bytes]
2023-04-13 15:39:21,519 - DEBUG - % received keepalive pong
2023-04-13 15:39:28,128 - DEBUG - % sending keepalive ping
2023-04-13 15:39:28,128 - DEBUG - > PING 1d 27 37 e1 [binary, 4 bytes]
2023-04-13 15:39:28,147 - DEBUG - < PONG 1d 27 37 e1 [binary, 4 bytes]
2023-04-13 15:39:28,150 - DEBUG - % received keepalive pong
2023-04-13 15:39:41,497 - DEBUG - % sending keepalive ping
2023-04-13 15:39:41,498 - DEBUG - > PING a8 cd 29 d7 [binary, 4 bytes]
2023-04-13 15:39:41,506 - DEBUG - < PONG a8 cd 29 d7 [binary, 4 bytes]
2023-04-13 15:39:41,510 - DEBUG - % received keepalive pong
2023-04-13 15:39:48,146 - DEBUG - % sending keepalive ping
2023-04-13 15:39:48,147 - DEBUG - > PING 9c ad a8 05 [binary, 4 bytes]
2023-04-13 15:39:48,155 - DEBUG - < PONG 9c ad a8 05 [binary, 4 bytes]
2023-04-13 15:39:48,161 - DEBUG - % received keepalive pong
2023-04-13 15:40:01,506 - DEBUG - % sending keepalive ping
2023-04-13 15:40:01,506 - DEBUG - > PING 62 df e3 8c [binary, 4 bytes]
2023-04-13 15:40:01,520 - DEBUG - < PONG 62 df e3 8c [binary, 4 bytes]
2023-04-13 15:40:01,524 - DEBUG - % received keepalive pong
2023-04-13 15:40:08,150 - DEBUG - % sending keepalive ping
2023-04-13 15:40:08,150 - DEBUG - > PING ff a3 e1 f0 [binary, 4 bytes]
2023-04-13 15:40:08,162 - DEBUG - < PONG ff a3 e1 f0 [binary, 4 bytes]
2023-04-13 15:40:08,167 - DEBUG - % received keepalive pong
2023-04-13 15:40:21,528 - DEBUG - % sending keepalive ping
2023-04-13 15:40:21,528 - DEBUG - > PING dc bc 28 8c [binary, 4 bytes]
2023-04-13 15:40:21,540 - DEBUG - < PONG dc bc 28 8c [binary, 4 bytes]
2023-04-13 15:40:21,547 - DEBUG - % received keepalive pong
2023-04-13 15:40:28,159 - DEBUG - % sending keepalive ping
2023-04-13 15:40:28,159 - DEBUG - > PING a1 78 6c cb [binary, 4 bytes]
2023-04-13 15:40:28,169 - DEBUG - < PONG a1 78 6c cb [binary, 4 bytes]
2023-04-13 15:40:28,175 - DEBUG - % received keepalive pong
2023-04-13 15:40:41,538 - DEBUG - % sending keepalive ping
2023-04-13 15:40:41,538 - DEBUG - > PING 8c 72 83 0f [binary, 4 bytes]
2023-04-13 15:40:41,546 - DEBUG - < PONG 8c 72 83 0f [binary, 4 bytes]
2023-04-13 15:40:41,554 - DEBUG - % received keepalive pong
2023-04-13 15:40:48,153 - DEBUG - % sending keepalive ping
2023-04-13 15:40:48,153 - DEBUG - > PING '>O\nv' [text, 4 bytes]
2023-04-13 15:40:48,165 - DEBUG - < PONG '>O\nv' [text, 4 bytes]
2023-04-13 15:40:48,170 - DEBUG - % received keepalive pong
2023-04-13 15:41:01,555 - DEBUG - % sending keepalive ping
2023-04-13 15:41:01,555 - DEBUG - > PING b6 7d 7a 2a [binary, 4 bytes]
2023-04-13 15:41:01,563 - DEBUG - < PONG b6 7d 7a 2a [binary, 4 bytes]
2023-04-13 15:41:01,566 - DEBUG - % received keepalive pong
2023-04-13 15:41:08,162 - DEBUG - % sending keepalive ping
2023-04-13 15:41:08,162 - DEBUG - > PING c6 65 82 49 [binary, 4 bytes]
2023-04-13 15:41:08,170 - DEBUG - < PONG c6 65 82 49 [binary, 4 bytes]
2023-04-13 15:41:08,172 - DEBUG - % received keepalive pong
2023-04-13 15:41:21,559 - DEBUG - % sending keepalive ping
2023-04-13 15:41:21,560 - DEBUG - > PING a2 2a f8 55 [binary, 4 bytes]
2023-04-13 15:41:21,571 - DEBUG - < PONG a2 2a f8 55 [binary, 4 bytes]
2023-04-13 15:41:21,578 - DEBUG - % received keepalive pong
2023-04-13 15:41:28,150 - DEBUG - % sending keepalive ping
2023-04-13 15:41:28,150 - DEBUG - > PING d2 a4 e6 c2 [binary, 4 bytes]
2023-04-13 15:41:28,160 - DEBUG - < PONG d2 a4 e6 c2 [binary, 4 bytes]
2023-04-13 15:41:28,167 - DEBUG - % received keepalive pong
2023-04-13 15:41:41,578 - DEBUG - % sending keepalive ping
2023-04-13 15:41:41,578 - DEBUG - > PING '~5~R' [text, 4 bytes]
2023-04-13 15:41:41,589 - DEBUG - < PONG '~5~R' [text, 4 bytes]
2023-04-13 15:41:41,595 - DEBUG - % received keepalive pong
2023-04-13 15:41:48,150 - DEBUG - % sending keepalive ping
2023-04-13 15:41:48,150 - DEBUG - > PING c2 78 5d 35 [binary, 4 bytes]
2023-04-13 15:41:48,158 - DEBUG - < PONG c2 78 5d 35 [binary, 4 bytes]
2023-04-13 15:41:48,161 - DEBUG - % received keepalive pong
2023-04-13 15:42:01,586 - DEBUG - % sending keepalive ping
2023-04-13 15:42:01,586 - DEBUG - > PING d6 65 6c b9 [binary, 4 bytes]
2023-04-13 15:42:01,594 - DEBUG - < PONG d6 65 6c b9 [binary, 4 bytes]
2023-04-13 15:42:01,597 - DEBUG - % received keepalive pong
2023-04-13 15:42:08,158 - DEBUG - % sending keepalive ping
2023-04-13 15:42:08,158 - DEBUG - > PING cc 54 3a 8d [binary, 4 bytes]
2023-04-13 15:42:08,167 - DEBUG - < PONG cc 54 3a 8d [binary, 4 bytes]
2023-04-13 15:42:08,173 - DEBUG - % received keepalive pong
2023-04-13 15:42:21,604 - DEBUG - % sending keepalive ping
2023-04-13 15:42:21,604 - DEBUG - > PING 68 e9 38 99 [binary, 4 bytes]
2023-04-13 15:42:21,614 - DEBUG - < PONG 68 e9 38 99 [binary, 4 bytes]
2023-04-13 15:42:21,621 - DEBUG - % received keepalive pong
2023-04-13 15:42:28,149 - DEBUG - % sending keepalive ping
2023-04-13 15:42:28,150 - DEBUG - > PING 6d be 78 9d [binary, 4 bytes]
2023-04-13 15:42:28,158 - DEBUG - < PONG 6d be 78 9d [binary, 4 bytes]
2023-04-13 15:42:28,164 - DEBUG - % received keepalive pong
2023-04-13 15:42:41,627 - DEBUG - % sending keepalive ping
2023-04-13 15:42:41,628 - DEBUG - > PING 07 ea 03 a8 [binary, 4 bytes]
2023-04-13 15:42:41,635 - DEBUG - < PONG 07 ea 03 a8 [binary, 4 bytes]
2023-04-13 15:42:41,644 - DEBUG - % received keepalive pong
2023-04-13 15:42:48,157 - DEBUG - % sending keepalive ping
2023-04-13 15:42:48,157 - DEBUG - > PING d9 73 af 7d [binary, 4 bytes]
2023-04-13 15:42:48,165 - DEBUG - < PONG d9 73 af 7d [binary, 4 bytes]
2023-04-13 15:42:48,168 - DEBUG - % received keepalive pong
2023-04-13 15:43:01,617 - DEBUG - % sending keepalive ping
2023-04-13 15:43:01,618 - DEBUG - > PING '#\x01} ' [text, 4 bytes]
2023-04-13 15:43:01,627 - DEBUG - < PONG '#\x01} ' [text, 4 bytes]
2023-04-13 15:43:01,634 - DEBUG - % received keepalive pong
2023-04-13 15:43:08,173 - DEBUG - % sending keepalive ping
2023-04-13 15:43:08,174 - DEBUG - > PING a0 ba 6d fa [binary, 4 bytes]
2023-04-13 15:43:08,183 - DEBUG - < PONG a0 ba 6d fa [binary, 4 bytes]
2023-04-13 15:43:08,191 - DEBUG - % received keepalive pong
2023-04-13 15:43:21,621 - DEBUG - % sending keepalive ping
2023-04-13 15:43:21,621 - DEBUG - > PING 40 1b 71 93 [binary, 4 bytes]
2023-04-13 15:43:21,630 - DEBUG - < PONG 40 1b 71 93 [binary, 4 bytes]
2023-04-13 15:43:21,637 - DEBUG - % received keepalive pong
2023-04-13 15:43:28,179 - DEBUG - % sending keepalive ping
2023-04-13 15:43:28,179 - DEBUG - > PING f5 5a 22 8b [binary, 4 bytes]
2023-04-13 15:43:28,187 - DEBUG - < PONG f5 5a 22 8b [binary, 4 bytes]
2023-04-13 15:43:28,189 - DEBUG - % received keepalive pong
2023-04-13 15:43:41,625 - DEBUG - % sending keepalive ping
2023-04-13 15:43:41,625 - DEBUG - > PING 8f 24 9a a3 [binary, 4 bytes]
2023-04-13 15:43:41,634 - DEBUG - < PONG 8f 24 9a a3 [binary, 4 bytes]
2023-04-13 15:43:41,644 - DEBUG - % received keepalive pong
2023-04-13 15:43:48,186 - DEBUG - % sending keepalive ping
2023-04-13 15:43:48,186 - DEBUG - > PING 45 8b ba 71 [binary, 4 bytes]
2023-04-13 15:43:48,194 - DEBUG - < PONG 45 8b ba 71 [binary, 4 bytes]
2023-04-13 15:43:48,198 - DEBUG - % received keepalive pong
2023-04-13 15:44:01,630 - DEBUG - % sending keepalive ping
2023-04-13 15:44:01,631 - DEBUG - > PING f9 c3 d5 2d [binary, 4 bytes]
2023-04-13 15:44:01,639 - DEBUG - < PONG f9 c3 d5 2d [binary, 4 bytes]
2023-04-13 15:44:01,642 - DEBUG - % received keepalive pong
2023-04-13 15:44:08,203 - DEBUG - % sending keepalive ping
2023-04-13 15:44:08,203 - DEBUG - > PING 16 ff f4 d1 [binary, 4 bytes]
2023-04-13 15:44:08,212 - DEBUG - < PONG 16 ff f4 d1 [binary, 4 bytes]
2023-04-13 15:44:08,218 - DEBUG - % received keepalive pong
2023-04-13 15:44:21,621 - DEBUG - % sending keepalive ping
2023-04-13 15:44:21,621 - DEBUG - > PING 76 ef f1 5b [binary, 4 bytes]
2023-04-13 15:44:21,630 - DEBUG - < PONG 76 ef f1 5b [binary, 4 bytes]
2023-04-13 15:44:21,639 - DEBUG - % received keepalive pong
2023-04-13 15:44:28,206 - DEBUG - % sending keepalive ping
2023-04-13 15:44:28,206 - DEBUG - > PING fc 49 0c ad [binary, 4 bytes]
2023-04-13 15:44:28,214 - DEBUG - < PONG fc 49 0c ad [binary, 4 bytes]
2023-04-13 15:44:28,218 - DEBUG - % received keepalive pong
2023-04-13 15:44:41,624 - DEBUG - % sending keepalive ping
2023-04-13 15:44:41,624 - DEBUG - > PING 26 eb f3 c1 [binary, 4 bytes]
2023-04-13 15:44:41,640 - DEBUG - < PONG 26 eb f3 c1 [binary, 4 bytes]
2023-04-13 15:44:41,644 - DEBUG - % received keepalive pong
2023-04-13 15:44:48,197 - DEBUG - % sending keepalive ping
2023-04-13 15:44:48,197 - DEBUG - > PING c7 d4 b9 e5 [binary, 4 bytes]
2023-04-13 15:44:48,207 - DEBUG - < PONG c7 d4 b9 e5 [binary, 4 bytes]
2023-04-13 15:44:48,218 - DEBUG - % received keepalive pong
2023-04-13 15:45:01,622 - DEBUG - % sending keepalive ping
2023-04-13 15:45:01,622 - DEBUG - > PING 86 19 17 c1 [binary, 4 bytes]
2023-04-13 15:45:01,637 - DEBUG - < PONG 86 19 17 c1 [binary, 4 bytes]
2023-04-13 15:45:01,643 - DEBUG - % received keepalive pong
2023-04-13 15:45:08,208 - DEBUG - % sending keepalive ping
2023-04-13 15:45:08,208 - DEBUG - > PING '[ \x14A' [text, 4 bytes]
2023-04-13 15:45:08,236 - DEBUG - < PONG '[ \x14A' [text, 4 bytes]
2023-04-13 15:45:08,242 - DEBUG - % received keepalive pong
2023-04-13 15:45:21,626 - DEBUG - % sending keepalive ping
2023-04-13 15:45:21,627 - DEBUG - > PING e4 e1 1e 82 [binary, 4 bytes]
2023-04-13 15:45:21,645 - DEBUG - < PONG e4 e1 1e 82 [binary, 4 bytes]
2023-04-13 15:45:21,650 - DEBUG - % received keepalive pong
2023-04-13 15:45:28,243 - DEBUG - % sending keepalive ping
2023-04-13 15:45:28,243 - DEBUG - > PING 'K\x18`#' [text, 4 bytes]
2023-04-13 15:45:28,253 - DEBUG - < PONG 'K\x18`#' [text, 4 bytes]
2023-04-13 15:45:28,259 - DEBUG - % received keepalive pong
2023-04-13 15:45:41,647 - DEBUG - % sending keepalive ping
2023-04-13 15:45:41,648 - DEBUG - > PING 8e 91 f1 81 [binary, 4 bytes]
2023-04-13 15:45:41,656 - DEBUG - < PONG 8e 91 f1 81 [binary, 4 bytes]
2023-04-13 15:45:41,658 - DEBUG - % received keepalive pong
2023-04-13 15:45:48,254 - DEBUG - % sending keepalive ping
2023-04-13 15:45:48,254 - DEBUG - > PING d2 2e fa 0a [binary, 4 bytes]
2023-04-13 15:45:48,261 - DEBUG - < PONG d2 2e fa 0a [binary, 4 bytes]
2023-04-13 15:45:48,263 - DEBUG - % received keepalive pong
2023-04-13 15:46:01,659 - DEBUG - % sending keepalive ping
2023-04-13 15:46:01,659 - DEBUG - > PING 98 55 3c ef [binary, 4 bytes]
2023-04-13 15:46:01,669 - DEBUG - < PONG 98 55 3c ef [binary, 4 bytes]
2023-04-13 15:46:01,676 - DEBUG - % received keepalive pong
2023-04-13 15:46:08,246 - DEBUG - % sending keepalive ping
2023-04-13 15:46:08,246 - DEBUG - > PING '({\x12\x7f' [text, 4 bytes]
2023-04-13 15:46:08,253 - DEBUG - < PONG '({\x12\x7f' [text, 4 bytes]
2023-04-13 15:46:08,257 - DEBUG - % received keepalive pong
2023-04-13 15:46:21,675 - DEBUG - % sending keepalive ping
2023-04-13 15:46:21,676 - DEBUG - > PING c0 bb 7a 30 [binary, 4 bytes]
2023-04-13 15:46:21,683 - DEBUG - < PONG c0 bb 7a 30 [binary, 4 bytes]
2023-04-13 15:46:21,692 - DEBUG - % received keepalive pong
2023-04-13 15:46:28,248 - DEBUG - % sending keepalive ping
2023-04-13 15:46:28,248 - DEBUG - > PING f3 e3 10 75 [binary, 4 bytes]
2023-04-13 15:46:28,255 - DEBUG - < PONG f3 e3 10 75 [binary, 4 bytes]
2023-04-13 15:46:28,259 - DEBUG - % received keepalive pong
2023-04-13 15:46:41,679 - DEBUG - % sending keepalive ping
2023-04-13 15:46:41,680 - DEBUG - > PING '.-N\x03' [text, 4 bytes]
2023-04-13 15:46:41,689 - DEBUG - < PONG '.-N\x03' [text, 4 bytes]
2023-04-13 15:46:41,694 - DEBUG - % received keepalive pong
2023-04-13 15:46:48,253 - DEBUG - % sending keepalive ping
2023-04-13 15:46:48,253 - DEBUG - > PING fa 13 7e ae [binary, 4 bytes]
2023-04-13 15:46:48,260 - DEBUG - < PONG fa 13 7e ae [binary, 4 bytes]
2023-04-13 15:46:48,262 - DEBUG - % received keepalive pong
2023-04-13 15:47:01,698 - DEBUG - % sending keepalive ping
2023-04-13 15:47:01,698 - DEBUG - > PING b3 1b 5e ff [binary, 4 bytes]
2023-04-13 15:47:01,706 - DEBUG - < PONG b3 1b 5e ff [binary, 4 bytes]
2023-04-13 15:47:01,709 - DEBUG - % received keepalive pong
2023-04-13 15:47:08,243 - DEBUG - % sending keepalive ping
2023-04-13 15:47:08,243 - DEBUG - > PING aa 45 d9 ea [binary, 4 bytes]
2023-04-13 15:47:08,292 - DEBUG - < PONG aa 45 d9 ea [binary, 4 bytes]
2023-04-13 15:47:08,296 - DEBUG - % received keepalive pong
2023-04-13 15:47:21,705 - DEBUG - % sending keepalive ping
2023-04-13 15:47:21,705 - DEBUG - > PING 40 a3 eb 7c [binary, 4 bytes]
2023-04-13 15:47:21,717 - DEBUG - < PONG 40 a3 eb 7c [binary, 4 bytes]
2023-04-13 15:47:21,729 - DEBUG - % received keepalive pong
2023-04-13 15:47:28,282 - DEBUG - % sending keepalive ping
2023-04-13 15:47:28,282 - DEBUG - > PING '5tLl' [text, 4 bytes]
2023-04-13 15:47:28,291 - DEBUG - < PONG '5tLl' [text, 4 bytes]
2023-04-13 15:47:28,297 - DEBUG - % received keepalive pong
2023-04-13 15:47:41,729 - DEBUG - % sending keepalive ping
2023-04-13 15:47:41,730 - DEBUG - > PING d1 65 14 61 [binary, 4 bytes]
2023-04-13 15:47:41,738 - DEBUG - < PONG d1 65 14 61 [binary, 4 bytes]
2023-04-13 15:47:41,744 - DEBUG - % received keepalive pong
2023-04-13 15:47:48,285 - DEBUG - % sending keepalive ping
2023-04-13 15:47:48,285 - DEBUG - > PING cd dd d3 da [binary, 4 bytes]
2023-04-13 15:47:48,302 - DEBUG - < PONG cd dd d3 da [binary, 4 bytes]
2023-04-13 15:47:48,305 - DEBUG - % received keepalive pong
2023-04-13 15:48:01,749 - DEBUG - % sending keepalive ping
2023-04-13 15:48:01,750 - DEBUG - > PING 's\x17yx' [text, 4 bytes]
2023-04-13 15:48:01,759 - DEBUG - < PONG 's\x17yx' [text, 4 bytes]
2023-04-13 15:48:01,764 - DEBUG - % received keepalive pong
2023-04-13 15:48:08,305 - DEBUG - % sending keepalive ping
2023-04-13 15:48:08,306 - DEBUG - > PING f1 da 48 13 [binary, 4 bytes]
2023-04-13 15:48:08,313 - DEBUG - < PONG f1 da 48 13 [binary, 4 bytes]
2023-04-13 15:48:08,316 - DEBUG - % received keepalive pong
2023-04-13 15:48:21,751 - DEBUG - % sending keepalive ping
2023-04-13 15:48:21,751 - DEBUG - > PING ad 9d cd df [binary, 4 bytes]
2023-04-13 15:48:21,759 - DEBUG - < PONG ad 9d cd df [binary, 4 bytes]
2023-04-13 15:48:21,763 - DEBUG - % received keepalive pong
2023-04-13 15:48:28,312 - DEBUG - % sending keepalive ping
2023-04-13 15:48:28,312 - DEBUG - > PING b7 fb 4f dc [binary, 4 bytes]
2023-04-13 15:48:28,321 - DEBUG - < PONG b7 fb 4f dc [binary, 4 bytes]
2023-04-13 15:48:28,326 - DEBUG - % received keepalive pong
2023-04-13 15:48:41,744 - DEBUG - % sending keepalive ping
2023-04-13 15:48:41,744 - DEBUG - > PING b7 42 04 38 [binary, 4 bytes]
2023-04-13 15:48:41,752 - DEBUG - < PONG b7 42 04 38 [binary, 4 bytes]
2023-04-13 15:48:41,756 - DEBUG - % received keepalive pong
2023-04-13 15:48:48,331 - DEBUG - % sending keepalive ping
2023-04-13 15:48:48,332 - DEBUG - > PING c9 aa 8e 36 [binary, 4 bytes]
2023-04-13 15:48:48,344 - DEBUG - < PONG c9 aa 8e 36 [binary, 4 bytes]
2023-04-13 15:48:48,349 - DEBUG - % received keepalive pong
2023-04-13 15:49:01,745 - DEBUG - % sending keepalive ping
2023-04-13 15:49:01,745 - DEBUG - > PING b6 fc 40 80 [binary, 4 bytes]
2023-04-13 15:49:01,753 - DEBUG - < PONG b6 fc 40 80 [binary, 4 bytes]
2023-04-13 15:49:01,757 - DEBUG - % received keepalive pong
2023-04-13 15:49:08,362 - DEBUG - % sending keepalive ping
2023-04-13 15:49:08,363 - DEBUG - > PING 21 f7 d3 c7 [binary, 4 bytes]
2023-04-13 15:49:08,371 - DEBUG - < PONG 21 f7 d3 c7 [binary, 4 bytes]
2023-04-13 15:49:08,378 - DEBUG - % received keepalive pong
2023-04-13 15:49:21,745 - DEBUG - % sending keepalive ping
2023-04-13 15:49:21,745 - DEBUG - > PING 3e 69 a0 f5 [binary, 4 bytes]
2023-04-13 15:49:21,756 - DEBUG - < PONG 3e 69 a0 f5 [binary, 4 bytes]
2023-04-13 15:49:21,762 - DEBUG - % received keepalive pong
2023-04-13 15:49:28,377 - DEBUG - % sending keepalive ping
2023-04-13 15:49:28,377 - DEBUG - > PING 86 5b 24 5e [binary, 4 bytes]
2023-04-13 15:49:28,386 - DEBUG - < PONG 86 5b 24 5e [binary, 4 bytes]
2023-04-13 15:49:28,393 - DEBUG - % received keepalive pong
2023-04-13 15:49:41,745 - DEBUG - % sending keepalive ping
2023-04-13 15:49:41,746 - DEBUG - > PING 30 85 76 92 [binary, 4 bytes]
2023-04-13 15:49:41,771 - DEBUG - < PONG 30 85 76 92 [binary, 4 bytes]
2023-04-13 15:49:41,778 - DEBUG - % received keepalive pong
2023-04-13 15:49:48,380 - DEBUG - % sending keepalive ping
2023-04-13 15:49:48,380 - DEBUG - > PING 47 a5 73 8f [binary, 4 bytes]
2023-04-13 15:49:48,390 - DEBUG - < PONG 47 a5 73 8f [binary, 4 bytes]
2023-04-13 15:49:48,396 - DEBUG - % received keepalive pong
2023-04-13 15:50:01,778 - DEBUG - % sending keepalive ping
2023-04-13 15:50:01,778 - DEBUG - > PING 18 60 b3 cb [binary, 4 bytes]
2023-04-13 15:50:01,788 - DEBUG - < PONG 18 60 b3 cb [binary, 4 bytes]
2023-04-13 15:50:01,799 - DEBUG - % received keepalive pong
2023-04-13 15:50:08,408 - DEBUG - % sending keepalive ping
2023-04-13 15:50:08,408 - DEBUG - > PING 7f 09 69 ef [binary, 4 bytes]
2023-04-13 15:50:08,420 - DEBUG - < PONG 7f 09 69 ef [binary, 4 bytes]
2023-04-13 15:50:08,432 - DEBUG - % received keepalive pong
2023-04-13 15:50:21,782 - DEBUG - % sending keepalive ping
2023-04-13 15:50:21,782 - DEBUG - > PING 4d ce 5c 07 [binary, 4 bytes]
2023-04-13 15:50:21,790 - DEBUG - < PONG 4d ce 5c 07 [binary, 4 bytes]
2023-04-13 15:50:21,797 - DEBUG - % received keepalive pong
2023-04-13 15:50:28,444 - DEBUG - % sending keepalive ping
2023-04-13 15:50:28,444 - DEBUG - > PING 8c bc 0f 7d [binary, 4 bytes]
2023-04-13 15:50:28,453 - DEBUG - < PONG 8c bc 0f 7d [binary, 4 bytes]
2023-04-13 15:50:28,458 - DEBUG - % received keepalive pong
2023-04-13 15:50:41,785 - DEBUG - % sending keepalive ping
2023-04-13 15:50:41,785 - DEBUG - > PING a4 ec bc ed [binary, 4 bytes]
2023-04-13 15:50:41,803 - DEBUG - < PONG a4 ec bc ed [binary, 4 bytes]
2023-04-13 15:50:41,807 - DEBUG - % received keepalive pong
2023-04-13 15:50:48,466 - DEBUG - % sending keepalive ping
2023-04-13 15:50:48,467 - DEBUG - > PING 2a a7 a6 c3 [binary, 4 bytes]
2023-04-13 15:50:48,480 - DEBUG - < PONG 2a a7 a6 c3 [binary, 4 bytes]
2023-04-13 15:50:48,484 - DEBUG - % received keepalive pong
2023-04-13 15:51:01,802 - DEBUG - % sending keepalive ping
2023-04-13 15:51:01,802 - DEBUG - > PING 5d c0 d8 9e [binary, 4 bytes]
2023-04-13 15:51:01,814 - DEBUG - < PONG 5d c0 d8 9e [binary, 4 bytes]
2023-04-13 15:51:01,820 - DEBUG - % received keepalive pong
2023-04-13 15:51:08,480 - DEBUG - % sending keepalive ping
2023-04-13 15:51:08,480 - DEBUG - > PING a7 7c f0 3b [binary, 4 bytes]
2023-04-13 15:51:08,488 - DEBUG - < PONG a7 7c f0 3b [binary, 4 bytes]
2023-04-13 15:51:08,494 - DEBUG - % received keepalive pong
2023-04-13 15:51:21,824 - DEBUG - % sending keepalive ping
2023-04-13 15:51:21,824 - DEBUG - > PING bc d6 48 bf [binary, 4 bytes]
2023-04-13 15:51:21,837 - DEBUG - < PONG bc d6 48 bf [binary, 4 bytes]
2023-04-13 15:51:21,841 - DEBUG - % received keepalive pong
2023-04-13 15:51:28,502 - DEBUG - % sending keepalive ping
2023-04-13 15:51:28,502 - DEBUG - > PING ae 70 dc fd [binary, 4 bytes]
2023-04-13 15:51:28,513 - DEBUG - < PONG ae 70 dc fd [binary, 4 bytes]
2023-04-13 15:51:28,519 - DEBUG - % received keepalive pong
2023-04-13 15:51:41,829 - DEBUG - % sending keepalive ping
2023-04-13 15:51:41,829 - DEBUG - > PING 75 4d e5 a5 [binary, 4 bytes]
2023-04-13 15:51:41,839 - DEBUG - < PONG 75 4d e5 a5 [binary, 4 bytes]
2023-04-13 15:51:41,845 - DEBUG - % received keepalive pong
2023-04-13 15:51:48,494 - DEBUG - % sending keepalive ping
2023-04-13 15:51:48,495 - DEBUG - > PING 77 36 a0 95 [binary, 4 bytes]
2023-04-13 15:51:48,505 - DEBUG - < PONG 77 36 a0 95 [binary, 4 bytes]
2023-04-13 15:51:48,513 - DEBUG - % received keepalive pong
2023-04-13 15:52:01,833 - DEBUG - % sending keepalive ping
2023-04-13 15:52:01,833 - DEBUG - > PING 1a 65 16 ec [binary, 4 bytes]
2023-04-13 15:52:01,845 - DEBUG - < PONG 1a 65 16 ec [binary, 4 bytes]
2023-04-13 15:52:01,852 - DEBUG - % received keepalive pong
2023-04-13 15:52:08,511 - DEBUG - % sending keepalive ping
2023-04-13 15:52:08,511 - DEBUG - > PING 34 8a f6 cc [binary, 4 bytes]
2023-04-13 15:52:08,576 - DEBUG - < PONG 34 8a f6 cc [binary, 4 bytes]
2023-04-13 15:52:08,579 - DEBUG - % received keepalive pong
2023-04-13 15:52:21,854 - DEBUG - % sending keepalive ping
2023-04-13 15:52:21,854 - DEBUG - > PING dd d8 9c af [binary, 4 bytes]
2023-04-13 15:52:21,864 - DEBUG - < PONG dd d8 9c af [binary, 4 bytes]
2023-04-13 15:52:21,871 - DEBUG - % received keepalive pong
2023-04-13 15:52:28,574 - DEBUG - % sending keepalive ping
2023-04-13 15:52:28,575 - DEBUG - > PING a6 ed 7e 68 [binary, 4 bytes]
2023-04-13 15:52:28,582 - DEBUG - < PONG a6 ed 7e 68 [binary, 4 bytes]
2023-04-13 15:52:28,586 - DEBUG - % received keepalive pong
2023-04-13 15:52:41,880 - DEBUG - % sending keepalive ping
2023-04-13 15:52:41,881 - DEBUG - > PING d9 ae f2 ca [binary, 4 bytes]
2023-04-13 15:52:41,889 - DEBUG - < PONG d9 ae f2 ca [binary, 4 bytes]
2023-04-13 15:52:41,892 - DEBUG - % received keepalive pong
2023-04-13 15:52:48,576 - DEBUG - % sending keepalive ping
2023-04-13 15:52:48,576 - DEBUG - > PING 3e b4 37 1d [binary, 4 bytes]
2023-04-13 15:52:48,585 - DEBUG - < PONG 3e b4 37 1d [binary, 4 bytes]
2023-04-13 15:52:48,591 - DEBUG - % received keepalive pong
2023-04-13 15:53:01,875 - DEBUG - % sending keepalive ping
2023-04-13 15:53:01,875 - DEBUG - > PING 16 9d d7 45 [binary, 4 bytes]
2023-04-13 15:53:01,884 - DEBUG - < PONG 16 9d d7 45 [binary, 4 bytes]
2023-04-13 15:53:01,891 - DEBUG - % received keepalive pong
2023-04-13 15:53:08,583 - DEBUG - % sending keepalive ping
2023-04-13 15:53:08,583 - DEBUG - > PING '\u072f\x17\x16' [text, 4 bytes]
2023-04-13 15:53:08,599 - DEBUG - < PONG '\u072f\x17\x16' [text, 4 bytes]
2023-04-13 15:53:08,602 - DEBUG - % received keepalive pong
2023-04-13 15:53:21,882 - DEBUG - % sending keepalive ping
2023-04-13 15:53:21,882 - DEBUG - > PING 62 7d a3 ac [binary, 4 bytes]
2023-04-13 15:53:21,890 - DEBUG - < PONG 62 7d a3 ac [binary, 4 bytes]
2023-04-13 15:53:21,893 - DEBUG - % received keepalive pong
2023-04-13 15:53:28,608 - DEBUG - % sending keepalive ping
2023-04-13 15:53:28,609 - DEBUG - > PING 3a a6 17 4b [binary, 4 bytes]
2023-04-13 15:53:28,618 - DEBUG - < PONG 3a a6 17 4b [binary, 4 bytes]
2023-04-13 15:53:28,625 - DEBUG - % received keepalive pong
2023-04-13 15:53:41,872 - DEBUG - % sending keepalive ping
2023-04-13 15:53:41,872 - DEBUG - > PING ae 07 6e 9b [binary, 4 bytes]
2023-04-13 15:53:41,880 - DEBUG - < PONG ae 07 6e 9b [binary, 4 bytes]
2023-04-13 15:53:41,883 - DEBUG - % received keepalive pong
2023-04-13 15:53:48,629 - DEBUG - % sending keepalive ping
2023-04-13 15:53:48,629 - DEBUG - > PING '?.R6' [text, 4 bytes]
2023-04-13 15:53:48,659 - DEBUG - < PONG '?.R6' [text, 4 bytes]
2023-04-13 15:53:48,662 - DEBUG - % received keepalive pong
2023-04-13 15:54:01,877 - DEBUG - % sending keepalive ping
2023-04-13 15:54:01,877 - DEBUG - > PING 35 6a b4 7b [binary, 4 bytes]
2023-04-13 15:54:01,889 - DEBUG - < PONG 35 6a b4 7b [binary, 4 bytes]
2023-04-13 15:54:01,899 - DEBUG - % received keepalive pong
2023-04-13 15:54:08,663 - DEBUG - % sending keepalive ping
2023-04-13 15:54:08,663 - DEBUG - > PING 86 e7 b4 88 [binary, 4 bytes]
2023-04-13 15:54:08,672 - DEBUG - < PONG 86 e7 b4 88 [binary, 4 bytes]
2023-04-13 15:54:08,674 - DEBUG - % received keepalive pong
2023-04-13 15:54:21,900 - DEBUG - % sending keepalive ping
2023-04-13 15:54:21,900 - DEBUG - > PING be 8a af e2 [binary, 4 bytes]
2023-04-13 15:54:21,908 - DEBUG - < PONG be 8a af e2 [binary, 4 bytes]
2023-04-13 15:54:21,910 - DEBUG - % received keepalive pong
2023-04-13 15:54:28,679 - DEBUG - % sending keepalive ping
2023-04-13 15:54:28,679 - DEBUG - > PING fc 58 1e b1 [binary, 4 bytes]
2023-04-13 15:54:28,688 - DEBUG - < PONG fc 58 1e b1 [binary, 4 bytes]
2023-04-13 15:54:28,700 - DEBUG - % received keepalive pong
2023-04-13 15:54:41,902 - DEBUG - % sending keepalive ping
2023-04-13 15:54:41,902 - DEBUG - > PING e9 54 ac 79 [binary, 4 bytes]
2023-04-13 15:54:41,911 - DEBUG - < PONG e9 54 ac 79 [binary, 4 bytes]
2023-04-13 15:54:41,919 - DEBUG - % received keepalive pong
2023-04-13 15:54:48,702 - DEBUG - % sending keepalive ping
2023-04-13 15:54:48,703 - DEBUG - > PING bd 43 0d a0 [binary, 4 bytes]
2023-04-13 15:54:48,710 - DEBUG - < PONG bd 43 0d a0 [binary, 4 bytes]
2023-04-13 15:54:48,713 - DEBUG - % received keepalive pong
2023-04-13 15:55:01,908 - DEBUG - % sending keepalive ping
2023-04-13 15:55:01,909 - DEBUG - > PING 7b 6f 7d 91 [binary, 4 bytes]
2023-04-13 15:55:01,916 - DEBUG - < PONG 7b 6f 7d 91 [binary, 4 bytes]
2023-04-13 15:55:01,922 - DEBUG - % received keepalive pong
2023-04-13 15:55:08,705 - DEBUG - % sending keepalive ping
2023-04-13 15:55:08,705 - DEBUG - > PING 0f d5 d6 e8 [binary, 4 bytes]
2023-04-13 15:55:08,719 - DEBUG - < PONG 0f d5 d6 e8 [binary, 4 bytes]
2023-04-13 15:55:08,724 - DEBUG - % received keepalive pong
2023-04-13 15:55:21,911 - DEBUG - % sending keepalive ping
2023-04-13 15:55:21,911 - DEBUG - > PING 22 8f 13 e9 [binary, 4 bytes]
2023-04-13 15:55:21,919 - DEBUG - < PONG 22 8f 13 e9 [binary, 4 bytes]
2023-04-13 15:55:21,926 - DEBUG - % received keepalive pong
2023-04-13 15:55:28,727 - DEBUG - % sending keepalive ping
2023-04-13 15:55:28,727 - DEBUG - > PING a2 3c 8a be [binary, 4 bytes]
2023-04-13 15:55:28,743 - DEBUG - < PONG a2 3c 8a be [binary, 4 bytes]
2023-04-13 15:55:28,746 - DEBUG - % received keepalive pong
2023-04-13 15:55:41,902 - DEBUG - % sending keepalive ping
2023-04-13 15:55:41,902 - DEBUG - > PING 10 f0 06 27 [binary, 4 bytes]
2023-04-13 15:55:41,911 - DEBUG - < PONG 10 f0 06 27 [binary, 4 bytes]
2023-04-13 15:55:41,920 - DEBUG - % received keepalive pong
2023-04-13 15:55:48,748 - DEBUG - % sending keepalive ping
2023-04-13 15:55:48,748 - DEBUG - > PING ef d3 1a 8e [binary, 4 bytes]
2023-04-13 15:55:48,755 - DEBUG - < PONG ef d3 1a 8e [binary, 4 bytes]
2023-04-13 15:55:48,761 - DEBUG - % received keepalive pong
2023-04-13 15:56:01,907 - DEBUG - % sending keepalive ping
2023-04-13 15:56:01,907 - DEBUG - > PING a2 10 e6 3c [binary, 4 bytes]
2023-04-13 15:56:01,929 - DEBUG - < PONG a2 10 e6 3c [binary, 4 bytes]
2023-04-13 15:56:01,933 - DEBUG - % received keepalive pong
2023-04-13 15:56:08,751 - DEBUG - % sending keepalive ping
2023-04-13 15:56:08,752 - DEBUG - > PING 91 1d c1 c3 [binary, 4 bytes]
2023-04-13 15:56:08,761 - DEBUG - < PONG 91 1d c1 c3 [binary, 4 bytes]
2023-04-13 15:56:08,763 - DEBUG - % received keepalive pong
2023-04-13 15:56:21,929 - DEBUG - % sending keepalive ping
2023-04-13 15:56:21,930 - DEBUG - > PING c8 f1 9a 78 [binary, 4 bytes]
2023-04-13 15:56:21,940 - DEBUG - < PONG c8 f1 9a 78 [binary, 4 bytes]
2023-04-13 15:56:21,947 - DEBUG - % received keepalive pong
2023-04-13 15:56:28,744 - DEBUG - % sending keepalive ping
2023-04-13 15:56:28,744 - DEBUG - > PING af 18 67 a8 [binary, 4 bytes]
2023-04-13 15:56:28,755 - DEBUG - < PONG af 18 67 a8 [binary, 4 bytes]
2023-04-13 15:56:28,760 - DEBUG - % received keepalive pong
2023-04-13 15:56:41,948 - DEBUG - % sending keepalive ping
2023-04-13 15:56:41,948 - DEBUG - > PING 92 ad 49 93 [binary, 4 bytes]
2023-04-13 15:56:41,956 - DEBUG - < PONG 92 ad 49 93 [binary, 4 bytes]
2023-04-13 15:56:41,959 - DEBUG - % received keepalive pong
2023-04-13 15:56:48,747 - DEBUG - % sending keepalive ping
2023-04-13 15:56:48,747 - DEBUG - > PING 72 c2 8a fb [binary, 4 bytes]
2023-04-13 15:56:48,755 - DEBUG - < PONG 72 c2 8a fb [binary, 4 bytes]
2023-04-13 15:56:48,763 - DEBUG - % received keepalive pong
2023-04-13 15:57:01,957 - DEBUG - % sending keepalive ping
2023-04-13 15:57:01,957 - DEBUG - > PING 53 d1 f5 8f [binary, 4 bytes]
2023-04-13 15:57:01,966 - DEBUG - < PONG 53 d1 f5 8f [binary, 4 bytes]
2023-04-13 15:57:01,981 - DEBUG - % received keepalive pong
2023-04-13 15:57:08,752 - DEBUG - % sending keepalive ping
2023-04-13 15:57:08,753 - DEBUG - > PING 35 e3 b9 eb [binary, 4 bytes]
2023-04-13 15:57:08,760 - DEBUG - < PONG 35 e3 b9 eb [binary, 4 bytes]
2023-04-13 15:57:08,763 - DEBUG - % received keepalive pong
2023-04-13 15:57:21,986 - DEBUG - % sending keepalive ping
2023-04-13 15:57:21,987 - DEBUG - > PING c5 33 44 82 [binary, 4 bytes]
2023-04-13 15:57:21,994 - DEBUG - < PONG c5 33 44 82 [binary, 4 bytes]
2023-04-13 15:57:21,997 - DEBUG - % received keepalive pong
2023-04-13 15:57:28,740 - DEBUG - % sending keepalive ping
2023-04-13 15:57:28,740 - DEBUG - > PING 33 55 86 4d [binary, 4 bytes]
2023-04-13 15:57:28,749 - DEBUG - < PONG 33 55 86 4d [binary, 4 bytes]
2023-04-13 15:57:28,756 - DEBUG - % received keepalive pong
2023-04-13 15:57:41,995 - DEBUG - % sending keepalive ping
2023-04-13 15:57:41,995 - DEBUG - > PING 9c 9c c0 9d [binary, 4 bytes]
2023-04-13 15:57:42,008 - DEBUG - < PONG 9c 9c c0 9d [binary, 4 bytes]
2023-04-13 15:57:42,018 - DEBUG - % received keepalive pong
2023-04-13 15:57:48,747 - DEBUG - % sending keepalive ping
2023-04-13 15:57:48,747 - DEBUG - > PING 19 56 f6 a9 [binary, 4 bytes]
2023-04-13 15:57:48,755 - DEBUG - < PONG 19 56 f6 a9 [binary, 4 bytes]
2023-04-13 15:57:48,757 - DEBUG - % received keepalive pong
2023-04-13 15:58:02,000 - DEBUG - % sending keepalive ping
2023-04-13 15:58:02,000 - DEBUG - > PING 6b 34 41 f2 [binary, 4 bytes]
2023-04-13 15:58:02,009 - DEBUG - < PONG 6b 34 41 f2 [binary, 4 bytes]
2023-04-13 15:58:02,018 - DEBUG - % received keepalive pong
2023-04-13 15:58:08,754 - DEBUG - % sending keepalive ping
2023-04-13 15:58:08,754 - DEBUG - > PING d2 e4 90 df [binary, 4 bytes]
2023-04-13 15:58:08,763 - DEBUG - < PONG d2 e4 90 df [binary, 4 bytes]
2023-04-13 15:58:08,770 - DEBUG - % received keepalive pong
2023-04-13 15:58:21,995 - DEBUG - % sending keepalive ping
2023-04-13 15:58:21,995 - DEBUG - > PING fe da 3d 6d [binary, 4 bytes]
2023-04-13 15:58:22,002 - DEBUG - < PONG fe da 3d 6d [binary, 4 bytes]
2023-04-13 15:58:22,005 - DEBUG - % received keepalive pong
2023-04-13 15:58:28,748 - DEBUG - % sending keepalive ping
2023-04-13 15:58:28,748 - DEBUG - > PING fb 74 d8 6d [binary, 4 bytes]
2023-04-13 15:58:28,756 - DEBUG - < PONG fb 74 d8 6d [binary, 4 bytes]
2023-04-13 15:58:28,765 - DEBUG - % received keepalive pong
2023-04-13 15:58:41,996 - DEBUG - % sending keepalive ping
2023-04-13 15:58:41,996 - DEBUG - > PING bb 5e eb 81 [binary, 4 bytes]
2023-04-13 15:58:42,004 - DEBUG - < PONG bb 5e eb 81 [binary, 4 bytes]
2023-04-13 15:58:42,008 - DEBUG - % received keepalive pong
2023-04-13 15:58:48,750 - DEBUG - % sending keepalive ping
2023-04-13 15:58:48,750 - DEBUG - > PING c0 84 b5 90 [binary, 4 bytes]
2023-04-13 15:58:48,760 - DEBUG - < PONG c0 84 b5 90 [binary, 4 bytes]
2023-04-13 15:58:48,768 - DEBUG - % received keepalive pong
2023-04-13 15:59:02,001 - DEBUG - % sending keepalive ping
2023-04-13 15:59:02,002 - DEBUG - > PING 4c 85 6d d0 [binary, 4 bytes]
2023-04-13 15:59:02,010 - DEBUG - < PONG 4c 85 6d d0 [binary, 4 bytes]
2023-04-13 15:59:02,017 - DEBUG - % received keepalive pong
2023-04-13 15:59:08,755 - DEBUG - % sending keepalive ping
2023-04-13 15:59:08,755 - DEBUG - > PING 'y\n\u05cb' [text, 4 bytes]
2023-04-13 15:59:08,763 - DEBUG - < PONG 'y\n\u05cb' [text, 4 bytes]
2023-04-13 15:59:08,765 - DEBUG - % received keepalive pong
2023-04-13 15:59:22,016 - DEBUG - % sending keepalive ping
2023-04-13 15:59:22,017 - DEBUG - > PING d1 c1 a2 ad [binary, 4 bytes]
2023-04-13 15:59:22,024 - DEBUG - < PONG d1 c1 a2 ad [binary, 4 bytes]
2023-04-13 15:59:22,033 - DEBUG - % received keepalive pong
2023-04-13 15:59:28,754 - DEBUG - % sending keepalive ping
2023-04-13 15:59:28,754 - DEBUG - > PING 06 e2 f7 39 [binary, 4 bytes]
2023-04-13 15:59:28,771 - DEBUG - < PONG 06 e2 f7 39 [binary, 4 bytes]
2023-04-13 15:59:28,775 - DEBUG - % received keepalive pong
2023-04-13 15:59:42,031 - DEBUG - % sending keepalive ping
2023-04-13 15:59:42,031 - DEBUG - > PING 5f f5 10 ba [binary, 4 bytes]
2023-04-13 15:59:42,040 - DEBUG - < PONG 5f f5 10 ba [binary, 4 bytes]
2023-04-13 15:59:42,043 - DEBUG - % received keepalive pong
2023-04-13 15:59:48,774 - DEBUG - % sending keepalive ping
2023-04-13 15:59:48,774 - DEBUG - > PING f1 2c a8 8e [binary, 4 bytes]
2023-04-13 15:59:48,788 - DEBUG - < PONG f1 2c a8 8e [binary, 4 bytes]
2023-04-13 15:59:48,794 - DEBUG - % received keepalive pong
2023-04-13 16:00:02,036 - DEBUG - % sending keepalive ping
2023-04-13 16:00:02,036 - DEBUG - > PING 39 c9 0c e8 [binary, 4 bytes]
2023-04-13 16:00:02,046 - DEBUG - < PONG 39 c9 0c e8 [binary, 4 bytes]
2023-04-13 16:00:02,054 - DEBUG - % received keepalive pong
2023-04-13 16:00:08,774 - DEBUG - % sending keepalive ping
2023-04-13 16:00:08,775 - DEBUG - > PING 'XQ6(' [text, 4 bytes]
2023-04-13 16:00:08,786 - DEBUG - < PONG 'XQ6(' [text, 4 bytes]
2023-04-13 16:00:08,799 - DEBUG - % received keepalive pong
2023-04-13 16:00:22,056 - DEBUG - % sending keepalive ping
2023-04-13 16:00:22,057 - DEBUG - > PING cc 7a 16 18 [binary, 4 bytes]
2023-04-13 16:00:22,064 - DEBUG - < PONG cc 7a 16 18 [binary, 4 bytes]
2023-04-13 16:00:22,073 - DEBUG - % received keepalive pong
2023-04-13 16:00:28,779 - DEBUG - % sending keepalive ping
2023-04-13 16:00:28,779 - DEBUG - > PING 05 2f f2 c4 [binary, 4 bytes]
2023-04-13 16:00:28,790 - DEBUG - < PONG 05 2f f2 c4 [binary, 4 bytes]
2023-04-13 16:00:28,797 - DEBUG - % received keepalive pong
2023-04-13 16:00:42,078 - DEBUG - % sending keepalive ping
2023-04-13 16:00:42,078 - DEBUG - > PING 05 d4 ca 64 [binary, 4 bytes]
2023-04-13 16:00:42,087 - DEBUG - < PONG 05 d4 ca 64 [binary, 4 bytes]
2023-04-13 16:00:42,090 - DEBUG - % received keepalive pong
2023-04-13 16:00:48,787 - DEBUG - % sending keepalive ping
2023-04-13 16:00:48,787 - DEBUG - > PING 8e 57 58 bf [binary, 4 bytes]
2023-04-13 16:00:48,794 - DEBUG - < PONG 8e 57 58 bf [binary, 4 bytes]
2023-04-13 16:00:48,804 - DEBUG - % received keepalive pong
2023-04-13 16:01:02,082 - DEBUG - % sending keepalive ping
2023-04-13 16:01:02,083 - DEBUG - > PING 3d 14 ed 69 [binary, 4 bytes]
2023-04-13 16:01:02,095 - DEBUG - < PONG 3d 14 ed 69 [binary, 4 bytes]
2023-04-13 16:01:02,103 - DEBUG - % received keepalive pong
2023-04-13 16:01:08,805 - DEBUG - % sending keepalive ping
2023-04-13 16:01:08,805 - DEBUG - > PING 8b 37 e7 f0 [binary, 4 bytes]
2023-04-13 16:01:08,814 - DEBUG - < PONG 8b 37 e7 f0 [binary, 4 bytes]
2023-04-13 16:01:08,817 - DEBUG - % received keepalive pong
2023-04-13 16:01:22,100 - DEBUG - % sending keepalive ping
2023-04-13 16:01:22,100 - DEBUG - > PING 6d 33 91 da [binary, 4 bytes]
2023-04-13 16:01:22,108 - DEBUG - < PONG 6d 33 91 da [binary, 4 bytes]
2023-04-13 16:01:22,111 - DEBUG - % received keepalive pong
2023-04-13 16:01:28,806 - DEBUG - % sending keepalive ping
2023-04-13 16:01:28,806 - DEBUG - > PING cd 4b 81 61 [binary, 4 bytes]
2023-04-13 16:01:28,814 - DEBUG - < PONG cd 4b 81 61 [binary, 4 bytes]
2023-04-13 16:01:28,817 - DEBUG - % received keepalive pong
2023-04-13 16:01:42,103 - DEBUG - % sending keepalive ping
2023-04-13 16:01:42,103 - DEBUG - > PING 70 ce d7 f5 [binary, 4 bytes]
2023-04-13 16:01:42,111 - DEBUG - < PONG 70 ce d7 f5 [binary, 4 bytes]
2023-04-13 16:01:42,114 - DEBUG - % received keepalive pong
2023-04-13 16:01:48,803 - DEBUG - % sending keepalive ping
2023-04-13 16:01:48,803 - DEBUG - > PING 9b dd ac 6c [binary, 4 bytes]
2023-04-13 16:01:48,811 - DEBUG - < PONG 9b dd ac 6c [binary, 4 bytes]
2023-04-13 16:01:48,815 - DEBUG - % received keepalive pong
2023-04-13 16:02:02,104 - DEBUG - % sending keepalive ping
2023-04-13 16:02:02,105 - DEBUG - > PING 70 a8 d5 92 [binary, 4 bytes]
2023-04-13 16:02:02,117 - DEBUG - < PONG 70 a8 d5 92 [binary, 4 bytes]
2023-04-13 16:02:02,122 - DEBUG - % received keepalive pong
2023-04-13 16:02:08,808 - DEBUG - % sending keepalive ping
2023-04-13 16:02:08,809 - DEBUG - > PING c7 40 7d 4a [binary, 4 bytes]
2023-04-13 16:02:08,818 - DEBUG - < PONG c7 40 7d 4a [binary, 4 bytes]
2023-04-13 16:02:08,821 - DEBUG - % received keepalive pong
2023-04-13 16:02:22,123 - DEBUG - % sending keepalive ping
2023-04-13 16:02:22,124 - DEBUG - > PING c8 67 67 81 [binary, 4 bytes]
2023-04-13 16:02:22,131 - DEBUG - < PONG c8 67 67 81 [binary, 4 bytes]
2023-04-13 16:02:22,138 - DEBUG - % received keepalive pong
2023-04-13 16:02:28,819 - DEBUG - % sending keepalive ping
2023-04-13 16:02:28,819 - DEBUG - > PING b9 07 00 a8 [binary, 4 bytes]
2023-04-13 16:02:28,828 - DEBUG - < PONG b9 07 00 a8 [binary, 4 bytes]
2023-04-13 16:02:28,831 - DEBUG - % received keepalive pong
2023-04-13 16:02:42,127 - DEBUG - % sending keepalive ping
2023-04-13 16:02:42,128 - DEBUG - > PING 1e 94 79 a3 [binary, 4 bytes]
2023-04-13 16:02:42,136 - DEBUG - < PONG 1e 94 79 a3 [binary, 4 bytes]
2023-04-13 16:02:42,143 - DEBUG - % received keepalive pong
2023-04-13 16:02:48,819 - DEBUG - % sending keepalive ping
2023-04-13 16:02:48,820 - DEBUG - > PING da c7 dd 67 [binary, 4 bytes]
2023-04-13 16:02:48,880 - DEBUG - < PONG da c7 dd 67 [binary, 4 bytes]
2023-04-13 16:02:48,883 - DEBUG - % received keepalive pong
2023-04-13 16:03:02,118 - DEBUG - % sending keepalive ping
2023-04-13 16:03:02,118 - DEBUG - > PING 42 e9 32 66 [binary, 4 bytes]
2023-04-13 16:03:02,127 - DEBUG - < PONG 42 e9 32 66 [binary, 4 bytes]
2023-04-13 16:03:02,133 - DEBUG - % received keepalive pong
2023-04-13 16:03:08,873 - DEBUG - % sending keepalive ping
2023-04-13 16:03:08,873 - DEBUG - > PING '\u0626\x0cT' [text, 4 bytes]
2023-04-13 16:03:08,898 - DEBUG - < PONG '\u0626\x0cT' [text, 4 bytes]
2023-04-13 16:03:08,904 - DEBUG - % received keepalive pong
2023-04-13 16:03:22,121 - DEBUG - % sending keepalive ping
2023-04-13 16:03:22,121 - DEBUG - > PING a8 19 3d d2 [binary, 4 bytes]
2023-04-13 16:03:22,130 - DEBUG - < PONG a8 19 3d d2 [binary, 4 bytes]
2023-04-13 16:03:22,137 - DEBUG - % received keepalive pong
2023-04-13 16:03:28,904 - DEBUG - % sending keepalive ping
2023-04-13 16:03:28,904 - DEBUG - > PING 8d 7f ad 33 [binary, 4 bytes]
2023-04-13 16:03:28,912 - DEBUG - < PONG 8d 7f ad 33 [binary, 4 bytes]
2023-04-13 16:03:28,917 - DEBUG - % received keepalive pong
2023-04-13 16:03:42,125 - DEBUG - % sending keepalive ping
2023-04-13 16:03:42,126 - DEBUG - > PING 98 57 44 0e [binary, 4 bytes]
2023-04-13 16:03:42,134 - DEBUG - < PONG 98 57 44 0e [binary, 4 bytes]
2023-04-13 16:03:42,138 - DEBUG - % received keepalive pong
2023-04-13 16:03:48,911 - DEBUG - % sending keepalive ping
2023-04-13 16:03:48,911 - DEBUG - > PING 17 b7 31 0b [binary, 4 bytes]
2023-04-13 16:03:48,921 - DEBUG - < PONG 17 b7 31 0b [binary, 4 bytes]
2023-04-13 16:03:48,928 - DEBUG - % received keepalive pong
2023-04-13 16:04:02,116 - DEBUG - % sending keepalive ping
2023-04-13 16:04:02,116 - DEBUG - > PING a1 e2 e8 ea [binary, 4 bytes]
2023-04-13 16:04:02,125 - DEBUG - < PONG a1 e2 e8 ea [binary, 4 bytes]
2023-04-13 16:04:02,127 - DEBUG - % received keepalive pong
2023-04-13 16:04:08,931 - DEBUG - % sending keepalive ping
2023-04-13 16:04:08,932 - DEBUG - > PING 07 0a b1 07 [binary, 4 bytes]
2023-04-13 16:04:08,940 - DEBUG - < PONG 07 0a b1 07 [binary, 4 bytes]
2023-04-13 16:04:08,944 - DEBUG - % received keepalive pong
2023-04-13 16:04:22,126 - DEBUG - % sending keepalive ping
2023-04-13 16:04:22,126 - DEBUG - > PING d8 8f 29 9f [binary, 4 bytes]
2023-04-13 16:04:22,135 - DEBUG - < PONG d8 8f 29 9f [binary, 4 bytes]
2023-04-13 16:04:22,139 - DEBUG - % received keepalive pong
2023-04-13 16:04:28,954 - DEBUG - % sending keepalive ping
2023-04-13 16:04:28,955 - DEBUG - > PING 82 ec 03 c0 [binary, 4 bytes]
2023-04-13 16:04:28,962 - DEBUG - < PONG 82 ec 03 c0 [binary, 4 bytes]
2023-04-13 16:04:28,966 - DEBUG - % received keepalive pong
2023-04-13 16:04:42,129 - DEBUG - % sending keepalive ping
2023-04-13 16:04:42,129 - DEBUG - > PING a4 65 36 65 [binary, 4 bytes]
2023-04-13 16:04:42,142 - DEBUG - < PONG a4 65 36 65 [binary, 4 bytes]
2023-04-13 16:04:42,148 - DEBUG - % received keepalive pong
2023-04-13 16:04:48,947 - DEBUG - % sending keepalive ping
2023-04-13 16:04:48,947 - DEBUG - > PING 7e d6 ef 17 [binary, 4 bytes]
2023-04-13 16:04:48,959 - DEBUG - < PONG 7e d6 ef 17 [binary, 4 bytes]
2023-04-13 16:04:48,964 - DEBUG - % received keepalive pong
2023-04-13 16:05:02,152 - DEBUG - % sending keepalive ping
2023-04-13 16:05:02,153 - DEBUG - > PING b2 28 4b 6a [binary, 4 bytes]
2023-04-13 16:05:02,192 - DEBUG - < PONG b2 28 4b 6a [binary, 4 bytes]
2023-04-13 16:05:02,201 - DEBUG - % received keepalive pong
2023-04-13 16:05:08,954 - DEBUG - % sending keepalive ping
2023-04-13 16:05:08,954 - DEBUG - > PING 3c 87 a7 ca [binary, 4 bytes]
2023-04-13 16:05:08,968 - DEBUG - < PONG 3c 87 a7 ca [binary, 4 bytes]
2023-04-13 16:05:08,978 - DEBUG - % received keepalive pong
2023-04-13 16:05:22,207 - DEBUG - % sending keepalive ping
2023-04-13 16:05:22,207 - DEBUG - > PING 23 b8 71 d4 [binary, 4 bytes]
2023-04-13 16:05:22,216 - DEBUG - < PONG 23 b8 71 d4 [binary, 4 bytes]
2023-04-13 16:05:22,223 - DEBUG - % received keepalive pong
2023-04-13 16:05:28,987 - DEBUG - % sending keepalive ping
2023-04-13 16:05:28,987 - DEBUG - > PING 0f 84 6a cf [binary, 4 bytes]
2023-04-13 16:05:28,994 - DEBUG - < PONG 0f 84 6a cf [binary, 4 bytes]
2023-04-13 16:05:28,998 - DEBUG - % received keepalive pong
2023-04-13 16:05:42,205 - DEBUG - % sending keepalive ping
2023-04-13 16:05:42,205 - DEBUG - > PING 6e 4a 93 91 [binary, 4 bytes]
2023-04-13 16:05:42,213 - DEBUG - < PONG 6e 4a 93 91 [binary, 4 bytes]
2023-04-13 16:05:42,217 - DEBUG - % received keepalive pong
2023-04-13 16:05:48,990 - DEBUG - % sending keepalive ping
2023-04-13 16:05:48,990 - DEBUG - > PING 36 c5 1f ca [binary, 4 bytes]
2023-04-13 16:05:48,998 - DEBUG - < PONG 36 c5 1f ca [binary, 4 bytes]
2023-04-13 16:05:49,004 - DEBUG - % received keepalive pong
2023-04-13 16:06:02,196 - DEBUG - % sending keepalive ping
2023-04-13 16:06:02,196 - DEBUG - > PING b4 58 f7 d2 [binary, 4 bytes]
2023-04-13 16:06:02,221 - DEBUG - < PONG b4 58 f7 d2 [binary, 4 bytes]
2023-04-13 16:06:02,233 - DEBUG - % received keepalive pong
2023-04-13 16:06:08,994 - DEBUG - % sending keepalive ping
2023-04-13 16:06:08,994 - DEBUG - > PING 83 13 2d 62 [binary, 4 bytes]
2023-04-13 16:06:09,001 - DEBUG - < PONG 83 13 2d 62 [binary, 4 bytes]
2023-04-13 16:06:09,003 - DEBUG - % received keepalive pong
2023-04-13 16:06:22,232 - DEBUG - % sending keepalive ping
2023-04-13 16:06:22,233 - DEBUG - > PING 19 b6 7a e6 [binary, 4 bytes]
2023-04-13 16:06:22,294 - DEBUG - < PONG 19 b6 7a e6 [binary, 4 bytes]
2023-04-13 16:06:22,305 - DEBUG - % received keepalive pong
2023-04-13 16:06:29,000 - DEBUG - % sending keepalive ping
2023-04-13 16:06:29,001 - DEBUG - > PING 5c 14 03 aa [binary, 4 bytes]
2023-04-13 16:06:29,008 - DEBUG - < PONG 5c 14 03 aa [binary, 4 bytes]
2023-04-13 16:06:29,011 - DEBUG - % received keepalive pong
2023-04-13 16:06:42,311 - DEBUG - % sending keepalive ping
2023-04-13 16:06:42,311 - DEBUG - > PING cb cb ac b9 [binary, 4 bytes]
2023-04-13 16:06:42,319 - DEBUG - < PONG cb cb ac b9 [binary, 4 bytes]
2023-04-13 16:06:42,326 - DEBUG - % received keepalive pong
2023-04-13 16:06:49,002 - DEBUG - % sending keepalive ping
2023-04-13 16:06:49,002 - DEBUG - > PING b6 10 fb 7e [binary, 4 bytes]
2023-04-13 16:06:49,009 - DEBUG - < PONG b6 10 fb 7e [binary, 4 bytes]
2023-04-13 16:06:49,012 - DEBUG - % received keepalive pong
2023-04-13 16:07:02,324 - DEBUG - % sending keepalive ping
2023-04-13 16:07:02,324 - DEBUG - > PING 35 f8 08 35 [binary, 4 bytes]
2023-04-13 16:07:02,333 - DEBUG - < PONG 35 f8 08 35 [binary, 4 bytes]
2023-04-13 16:07:02,341 - DEBUG - % received keepalive pong
2023-04-13 16:07:09,001 - DEBUG - % sending keepalive ping
2023-04-13 16:07:09,002 - DEBUG - > PING 38 c6 8d b0 [binary, 4 bytes]
2023-04-13 16:07:09,009 - DEBUG - < PONG 38 c6 8d b0 [binary, 4 bytes]
2023-04-13 16:07:09,012 - DEBUG - % received keepalive pong
2023-04-13 16:07:22,328 - DEBUG - % sending keepalive ping
2023-04-13 16:07:22,328 - DEBUG - > PING ac b4 fd c1 [binary, 4 bytes]
2023-04-13 16:07:22,336 - DEBUG - < PONG ac b4 fd c1 [binary, 4 bytes]
2023-04-13 16:07:22,339 - DEBUG - % received keepalive pong
2023-04-13 16:07:28,995 - DEBUG - % sending keepalive ping
2023-04-13 16:07:28,995 - DEBUG - > PING 03 dc ec 0c [binary, 4 bytes]
2023-04-13 16:07:29,002 - DEBUG - < PONG 03 dc ec 0c [binary, 4 bytes]
2023-04-13 16:07:29,005 - DEBUG - % received keepalive pong
2023-04-13 16:07:42,322 - DEBUG - % sending keepalive ping
2023-04-13 16:07:42,322 - DEBUG - > PING 11 ac 6f be [binary, 4 bytes]
2023-04-13 16:07:42,335 - DEBUG - < PONG 11 ac 6f be [binary, 4 bytes]
2023-04-13 16:07:42,339 - DEBUG - % received keepalive pong
2023-04-13 16:07:48,998 - DEBUG - % sending keepalive ping
2023-04-13 16:07:48,999 - DEBUG - > PING 31 d0 3d e0 [binary, 4 bytes]
2023-04-13 16:07:49,006 - DEBUG - < PONG 31 d0 3d e0 [binary, 4 bytes]
2023-04-13 16:07:49,009 - DEBUG - % received keepalive pong
2023-04-13 16:08:02,324 - DEBUG - % sending keepalive ping
2023-04-13 16:08:02,325 - DEBUG - > PING 7d 0a 87 83 [binary, 4 bytes]
2023-04-13 16:08:02,333 - DEBUG - < PONG 7d 0a 87 83 [binary, 4 bytes]
2023-04-13 16:08:02,337 - DEBUG - % received keepalive pong
2023-04-13 16:08:09,000 - DEBUG - % sending keepalive ping
2023-04-13 16:08:09,000 - DEBUG - > PING 77 d1 19 50 [binary, 4 bytes]
2023-04-13 16:08:09,054 - DEBUG - < PONG 77 d1 19 50 [binary, 4 bytes]
2023-04-13 16:08:09,058 - DEBUG - % received keepalive pong
2023-04-13 16:08:22,325 - DEBUG - % sending keepalive ping
2023-04-13 16:08:22,325 - DEBUG - > PING 7d b1 83 03 [binary, 4 bytes]
2023-04-13 16:08:22,334 - DEBUG - < PONG 7d b1 83 03 [binary, 4 bytes]
2023-04-13 16:08:22,337 - DEBUG - % received keepalive pong
2023-04-13 16:08:29,064 - DEBUG - % sending keepalive ping
2023-04-13 16:08:29,064 - DEBUG - > PING ';c\x16,' [text, 4 bytes]
2023-04-13 16:08:29,071 - DEBUG - < PONG ';c\x16,' [text, 4 bytes]
2023-04-13 16:08:29,075 - DEBUG - % received keepalive pong
2023-04-13 16:08:42,328 - DEBUG - % sending keepalive ping
2023-04-13 16:08:42,329 - DEBUG - > PING cf 92 a5 01 [binary, 4 bytes]
2023-04-13 16:08:42,337 - DEBUG - < PONG cf 92 a5 01 [binary, 4 bytes]
2023-04-13 16:08:42,340 - DEBUG - % received keepalive pong
2023-04-13 16:08:49,076 - DEBUG - % sending keepalive ping
2023-04-13 16:08:49,076 - DEBUG - > PING f8 94 03 c8 [binary, 4 bytes]
2023-04-13 16:08:49,085 - DEBUG - < PONG f8 94 03 c8 [binary, 4 bytes]
2023-04-13 16:08:49,088 - DEBUG - % received keepalive pong
2023-04-13 16:09:02,324 - DEBUG - % sending keepalive ping
2023-04-13 16:09:02,324 - DEBUG - > PING 6a cb 26 5e [binary, 4 bytes]
2023-04-13 16:09:02,340 - DEBUG - < PONG 6a cb 26 5e [binary, 4 bytes]
2023-04-13 16:09:02,343 - DEBUG - % received keepalive pong
2023-04-13 16:09:09,080 - DEBUG - % sending keepalive ping
2023-04-13 16:09:09,080 - DEBUG - > PING 'oPk}' [text, 4 bytes]
2023-04-13 16:09:09,087 - DEBUG - < PONG 'oPk}' [text, 4 bytes]
2023-04-13 16:09:09,090 - DEBUG - % received keepalive pong
2023-04-13 16:09:22,330 - DEBUG - % sending keepalive ping
2023-04-13 16:09:22,330 - DEBUG - > PING f7 8e 70 e9 [binary, 4 bytes]
2023-04-13 16:09:22,338 - DEBUG - < PONG f7 8e 70 e9 [binary, 4 bytes]
2023-04-13 16:09:22,342 - DEBUG - % received keepalive pong
2023-04-13 16:09:29,084 - DEBUG - % sending keepalive ping
2023-04-13 16:09:29,084 - DEBUG - > PING 18 5d 61 a3 [binary, 4 bytes]
2023-04-13 16:09:29,096 - DEBUG - < PONG 18 5d 61 a3 [binary, 4 bytes]
2023-04-13 16:09:29,102 - DEBUG - % received keepalive pong
2023-04-13 16:09:42,319 - DEBUG - % sending keepalive ping
2023-04-13 16:09:42,319 - DEBUG - > PING 'E|qX' [text, 4 bytes]
2023-04-13 16:09:42,341 - DEBUG - < PONG 'E|qX' [text, 4 bytes]
2023-04-13 16:09:42,345 - DEBUG - % received keepalive pong
2023-04-13 16:09:49,105 - DEBUG - % sending keepalive ping
2023-04-13 16:09:49,105 - DEBUG - > PING a9 4c 6e e2 [binary, 4 bytes]
2023-04-13 16:09:49,113 - DEBUG - < PONG a9 4c 6e e2 [binary, 4 bytes]
2023-04-13 16:09:49,120 - DEBUG - % received keepalive pong
2023-04-13 16:10:02,327 - DEBUG - % sending keepalive ping
2023-04-13 16:10:02,327 - DEBUG - > PING 49 83 32 16 [binary, 4 bytes]
2023-04-13 16:10:02,337 - DEBUG - < PONG 49 83 32 16 [binary, 4 bytes]
2023-04-13 16:10:02,340 - DEBUG - % received keepalive pong
2023-04-13 16:10:09,121 - DEBUG - % sending keepalive ping
2023-04-13 16:10:09,121 - DEBUG - > PING 5b 6c a5 eb [binary, 4 bytes]
2023-04-13 16:10:09,131 - DEBUG - < PONG 5b 6c a5 eb [binary, 4 bytes]
2023-04-13 16:10:09,138 - DEBUG - % received keepalive pong
2023-04-13 16:10:22,327 - DEBUG - % sending keepalive ping
2023-04-13 16:10:22,328 - DEBUG - > PING 1f fb 1c 37 [binary, 4 bytes]
2023-04-13 16:10:22,335 - DEBUG - < PONG 1f fb 1c 37 [binary, 4 bytes]
2023-04-13 16:10:22,338 - DEBUG - % received keepalive pong
2023-04-13 16:10:29,126 - DEBUG - % sending keepalive ping
2023-04-13 16:10:29,126 - DEBUG - > PING ea c1 8f 1d [binary, 4 bytes]
2023-04-13 16:10:29,135 - DEBUG - < PONG ea c1 8f 1d [binary, 4 bytes]
2023-04-13 16:10:29,144 - DEBUG - % received keepalive pong
2023-04-13 16:10:42,330 - DEBUG - % sending keepalive ping
2023-04-13 16:10:42,330 - DEBUG - > PING 38 e8 31 6d [binary, 4 bytes]
2023-04-13 16:10:42,345 - DEBUG - < PONG 38 e8 31 6d [binary, 4 bytes]
2023-04-13 16:10:42,348 - DEBUG - % received keepalive pong
2023-04-13 16:10:49,124 - DEBUG - % sending keepalive ping
2023-04-13 16:10:49,124 - DEBUG - > PING b1 18 4b 08 [binary, 4 bytes]
2023-04-13 16:10:49,135 - DEBUG - < PONG b1 18 4b 08 [binary, 4 bytes]
2023-04-13 16:10:49,141 - DEBUG - % received keepalive pong
2023-04-13 16:11:02,355 - DEBUG - % sending keepalive ping
2023-04-13 16:11:02,355 - DEBUG - > PING 'a\x05(\x06' [text, 4 bytes]
2023-04-13 16:11:02,383 - DEBUG - < PONG 'a\x05(\x06' [text, 4 bytes]
2023-04-13 16:11:02,388 - DEBUG - % received keepalive pong
2023-04-13 16:11:09,126 - DEBUG - % sending keepalive ping
2023-04-13 16:11:09,126 - DEBUG - > PING '*.9P' [text, 4 bytes]
2023-04-13 16:11:09,136 - DEBUG - < PONG '*.9P' [text, 4 bytes]
2023-04-13 16:11:09,150 - DEBUG - % received keepalive pong
2023-04-13 16:11:22,375 - DEBUG - % sending keepalive ping
2023-04-13 16:11:22,375 - DEBUG - > PING b7 98 6a c8 [binary, 4 bytes]
2023-04-13 16:11:22,382 - DEBUG - < PONG b7 98 6a c8 [binary, 4 bytes]
2023-04-13 16:11:22,386 - DEBUG - % received keepalive pong
2023-04-13 16:11:29,156 - DEBUG - % sending keepalive ping
2023-04-13 16:11:29,157 - DEBUG - > PING d1 58 0f 6a [binary, 4 bytes]
2023-04-13 16:11:29,167 - DEBUG - < PONG d1 58 0f 6a [binary, 4 bytes]
2023-04-13 16:11:29,171 - DEBUG - % received keepalive pong
2023-04-13 16:11:42,375 - DEBUG - % sending keepalive ping
2023-04-13 16:11:42,375 - DEBUG - > PING fd 3e c6 36 [binary, 4 bytes]
2023-04-13 16:11:42,387 - DEBUG - < PONG fd 3e c6 36 [binary, 4 bytes]
2023-04-13 16:11:42,393 - DEBUG - % received keepalive pong
2023-04-13 16:11:49,160 - DEBUG - % sending keepalive ping
2023-04-13 16:11:49,161 - DEBUG - > PING 17 3c 22 c1 [binary, 4 bytes]
2023-04-13 16:11:49,176 - DEBUG - < PONG 17 3c 22 c1 [binary, 4 bytes]
2023-04-13 16:11:49,180 - DEBUG - % received keepalive pong
2023-04-13 16:12:02,377 - DEBUG - % sending keepalive ping
2023-04-13 16:12:02,377 - DEBUG - > PING 90 f9 bb d2 [binary, 4 bytes]
2023-04-13 16:12:02,403 - DEBUG - < PONG 90 f9 bb d2 [binary, 4 bytes]
2023-04-13 16:12:02,410 - DEBUG - % received keepalive pong
2023-04-13 16:12:09,189 - DEBUG - % sending keepalive ping
2023-04-13 16:12:09,189 - DEBUG - > PING 9f 7a 6a 52 [binary, 4 bytes]
2023-04-13 16:12:09,203 - DEBUG - < PONG 9f 7a 6a 52 [binary, 4 bytes]
2023-04-13 16:12:09,207 - DEBUG - % received keepalive pong
2023-04-13 16:12:22,409 - DEBUG - % sending keepalive ping
2023-04-13 16:12:22,409 - DEBUG - > PING 2b 26 d2 4d [binary, 4 bytes]
2023-04-13 16:12:22,417 - DEBUG - < PONG 2b 26 d2 4d [binary, 4 bytes]
2023-04-13 16:12:22,420 - DEBUG - % received keepalive pong
2023-04-13 16:12:29,207 - DEBUG - % sending keepalive ping
2023-04-13 16:12:29,207 - DEBUG - > PING b9 7d 58 84 [binary, 4 bytes]
2023-04-13 16:12:29,216 - DEBUG - < PONG b9 7d 58 84 [binary, 4 bytes]
2023-04-13 16:12:29,222 - DEBUG - % received keepalive pong
2023-04-13 16:12:42,400 - DEBUG - % sending keepalive ping
2023-04-13 16:12:42,400 - DEBUG - > PING 8a b0 a2 ef [binary, 4 bytes]
2023-04-13 16:12:42,412 - DEBUG - < PONG 8a b0 a2 ef [binary, 4 bytes]
2023-04-13 16:12:42,425 - DEBUG - % received keepalive pong
2023-04-13 16:12:49,197 - DEBUG - % sending keepalive ping
2023-04-13 16:12:49,198 - DEBUG - > PING 6a f9 45 64 [binary, 4 bytes]
2023-04-13 16:12:49,206 - DEBUG - < PONG 6a f9 45 64 [binary, 4 bytes]
2023-04-13 16:12:49,213 - DEBUG - % received keepalive pong
2023-04-13 16:13:02,403 - DEBUG - % sending keepalive ping
2023-04-13 16:13:02,403 - DEBUG - > PING f8 91 71 a2 [binary, 4 bytes]
2023-04-13 16:13:02,415 - DEBUG - < PONG f8 91 71 a2 [binary, 4 bytes]
2023-04-13 16:13:02,420 - DEBUG - % received keepalive pong
2023-04-13 16:13:09,199 - DEBUG - % sending keepalive ping
2023-04-13 16:13:09,199 - DEBUG - > PING c7 22 8f 91 [binary, 4 bytes]
2023-04-13 16:13:09,208 - DEBUG - < PONG c7 22 8f 91 [binary, 4 bytes]
2023-04-13 16:13:09,214 - DEBUG - % received keepalive pong
2023-04-13 16:13:22,409 - DEBUG - % sending keepalive ping
2023-04-13 16:13:22,410 - DEBUG - > PING 9d 91 a8 a2 [binary, 4 bytes]
2023-04-13 16:13:22,419 - DEBUG - < PONG 9d 91 a8 a2 [binary, 4 bytes]
2023-04-13 16:13:22,424 - DEBUG - % received keepalive pong
2023-04-13 16:13:29,194 - DEBUG - % sending keepalive ping
2023-04-13 16:13:29,194 - DEBUG - > PING c9 24 d3 bb [binary, 4 bytes]
2023-04-13 16:13:29,201 - DEBUG - < PONG c9 24 d3 bb [binary, 4 bytes]
2023-04-13 16:13:29,206 - DEBUG - % received keepalive pong
2023-04-13 16:13:42,401 - DEBUG - % sending keepalive ping
2023-04-13 16:13:42,402 - DEBUG - > PING 62 92 18 c9 [binary, 4 bytes]
2023-04-13 16:13:42,411 - DEBUG - < PONG 62 92 18 c9 [binary, 4 bytes]
2023-04-13 16:13:42,418 - DEBUG - % received keepalive pong
2023-04-13 16:13:49,197 - DEBUG - % sending keepalive ping
2023-04-13 16:13:49,197 - DEBUG - > PING 66 bd 07 12 [binary, 4 bytes]
2023-04-13 16:13:49,205 - DEBUG - < PONG 66 bd 07 12 [binary, 4 bytes]
2023-04-13 16:13:49,208 - DEBUG - % received keepalive pong
2023-04-13 16:14:02,399 - DEBUG - % sending keepalive ping
2023-04-13 16:14:02,400 - DEBUG - > PING 12 84 0c dd [binary, 4 bytes]
2023-04-13 16:14:02,519 - DEBUG - < PONG 12 84 0c dd [binary, 4 bytes]
2023-04-13 16:14:02,523 - DEBUG - % received keepalive pong
2023-04-13 16:14:09,203 - DEBUG - % sending keepalive ping
2023-04-13 16:14:09,204 - DEBUG - > PING 04 ac 03 dc [binary, 4 bytes]
2023-04-13 16:14:09,212 - DEBUG - < PONG 04 ac 03 dc [binary, 4 bytes]
2023-04-13 16:14:09,221 - DEBUG - % received keepalive pong
2023-04-13 16:14:22,525 - DEBUG - % sending keepalive ping
2023-04-13 16:14:22,532 - DEBUG - > PING f5 db 58 1a [binary, 4 bytes]
2023-04-13 16:14:22,556 - DEBUG - < PONG f5 db 58 1a [binary, 4 bytes]
2023-04-13 16:14:22,563 - DEBUG - % received keepalive pong
2023-04-13 16:14:29,204 - DEBUG - % sending keepalive ping
2023-04-13 16:14:29,204 - DEBUG - > PING 8e 80 d3 96 [binary, 4 bytes]
2023-04-13 16:14:29,220 - DEBUG - < PONG 8e 80 d3 96 [binary, 4 bytes]
2023-04-13 16:14:29,223 - DEBUG - % received keepalive pong
2023-04-13 16:14:42,559 - DEBUG - % sending keepalive ping
2023-04-13 16:14:42,559 - DEBUG - > PING da f1 28 ed [binary, 4 bytes]
2023-04-13 16:14:42,568 - DEBUG - < PONG da f1 28 ed [binary, 4 bytes]
2023-04-13 16:14:42,574 - DEBUG - % received keepalive pong
2023-04-13 16:14:49,205 - DEBUG - % sending keepalive ping
2023-04-13 16:14:49,206 - DEBUG - > PING 3d bc 79 60 [binary, 4 bytes]
2023-04-13 16:14:49,213 - DEBUG - < PONG 3d bc 79 60 [binary, 4 bytes]
2023-04-13 16:14:49,216 - DEBUG - % received keepalive pong
2023-04-13 16:15:02,584 - DEBUG - % sending keepalive ping
2023-04-13 16:15:02,584 - DEBUG - > PING 3a c9 e3 01 [binary, 4 bytes]
2023-04-13 16:15:02,594 - DEBUG - < PONG 3a c9 e3 01 [binary, 4 bytes]
2023-04-13 16:15:02,598 - DEBUG - % received keepalive pong
2023-04-13 16:15:09,199 - DEBUG - % sending keepalive ping
2023-04-13 16:15:09,199 - DEBUG - > PING d7 4b 0b e1 [binary, 4 bytes]
2023-04-13 16:15:09,207 - DEBUG - < PONG d7 4b 0b e1 [binary, 4 bytes]
2023-04-13 16:15:09,209 - DEBUG - % received keepalive pong
2023-04-13 16:15:22,570 - DEBUG - % sending keepalive ping
2023-04-13 16:15:22,571 - DEBUG - > PING f7 1d df 0f [binary, 4 bytes]
2023-04-13 16:15:22,578 - DEBUG - < PONG f7 1d df 0f [binary, 4 bytes]
2023-04-13 16:15:22,580 - DEBUG - % received keepalive pong
2023-04-13 16:15:29,205 - DEBUG - % sending keepalive ping
2023-04-13 16:15:29,205 - DEBUG - > PING bd 30 34 93 [binary, 4 bytes]
2023-04-13 16:15:29,214 - DEBUG - < PONG bd 30 34 93 [binary, 4 bytes]
2023-04-13 16:15:29,215 - DEBUG - % received keepalive pong
2023-04-13 16:15:42,578 - DEBUG - % sending keepalive ping
2023-04-13 16:15:42,578 - DEBUG - > PING 0e ec 17 3d [binary, 4 bytes]
2023-04-13 16:15:42,588 - DEBUG - < PONG 0e ec 17 3d [binary, 4 bytes]
2023-04-13 16:15:42,589 - DEBUG - % received keepalive pong
2023-04-13 16:15:49,195 - DEBUG - % sending keepalive ping
2023-04-13 16:15:49,196 - DEBUG - > PING a3 4f 37 cc [binary, 4 bytes]
2023-04-13 16:15:49,226 - DEBUG - < PONG a3 4f 37 cc [binary, 4 bytes]
2023-04-13 16:15:49,228 - DEBUG - % received keepalive pong
2023-04-13 16:16:02,579 - DEBUG - % sending keepalive ping
2023-04-13 16:16:02,580 - DEBUG - > PING 08 ba cc 06 [binary, 4 bytes]
2023-04-13 16:16:02,588 - DEBUG - < PONG 08 ba cc 06 [binary, 4 bytes]
2023-04-13 16:16:02,590 - DEBUG - % received keepalive pong
2023-04-13 16:16:09,233 - DEBUG - % sending keepalive ping
2023-04-13 16:16:09,233 - DEBUG - > PING cc ea 6c 9b [binary, 4 bytes]
2023-04-13 16:16:09,240 - DEBUG - < PONG cc ea 6c 9b [binary, 4 bytes]
2023-04-13 16:16:09,242 - DEBUG - % received keepalive pong
2023-04-13 16:16:22,576 - DEBUG - % sending keepalive ping
2023-04-13 16:16:22,576 - DEBUG - > PING 70 2a 8b 55 [binary, 4 bytes]
2023-04-13 16:16:22,586 - DEBUG - < PONG 70 2a 8b 55 [binary, 4 bytes]
2023-04-13 16:16:22,588 - DEBUG - % received keepalive pong
2023-04-13 16:16:29,240 - DEBUG - % sending keepalive ping
2023-04-13 16:16:29,240 - DEBUG - > PING 'Gp:\x18' [text, 4 bytes]
2023-04-13 16:16:29,249 - DEBUG - < PONG 'Gp:\x18' [text, 4 bytes]
2023-04-13 16:16:29,251 - DEBUG - % received keepalive pong
2023-04-13 16:16:42,577 - DEBUG - % sending keepalive ping
2023-04-13 16:16:42,577 - DEBUG - > PING 2f 50 46 83 [binary, 4 bytes]
2023-04-13 16:16:42,585 - DEBUG - < PONG 2f 50 46 83 [binary, 4 bytes]
2023-04-13 16:16:42,587 - DEBUG - % received keepalive pong
2023-04-13 16:16:49,254 - DEBUG - % sending keepalive ping
2023-04-13 16:16:49,254 - DEBUG - > PING ef 78 36 d5 [binary, 4 bytes]
2023-04-13 16:16:49,293 - DEBUG - < PONG ef 78 36 d5 [binary, 4 bytes]
2023-04-13 16:16:49,296 - DEBUG - % received keepalive pong
2023-04-13 16:17:02,579 - DEBUG - % sending keepalive ping
2023-04-13 16:17:02,579 - DEBUG - > PING c9 ea 92 dc [binary, 4 bytes]
2023-04-13 16:17:02,588 - DEBUG - < PONG c9 ea 92 dc [binary, 4 bytes]
2023-04-13 16:17:02,590 - DEBUG - % received keepalive pong
2023-04-13 16:17:09,286 - DEBUG - % sending keepalive ping
2023-04-13 16:17:09,287 - DEBUG - > PING '\x1d G\x19' [text, 4 bytes]
2023-04-13 16:17:09,295 - DEBUG - < PONG '\x1d G\x19' [text, 4 bytes]
2023-04-13 16:17:09,296 - DEBUG - % received keepalive pong
2023-04-13 16:17:22,582 - DEBUG - % sending keepalive ping
2023-04-13 16:17:22,582 - DEBUG - > PING ad 63 91 95 [binary, 4 bytes]
2023-04-13 16:17:22,591 - DEBUG - < PONG ad 63 91 95 [binary, 4 bytes]
2023-04-13 16:17:22,592 - DEBUG - % received keepalive pong
2023-04-13 16:17:29,279 - DEBUG - % sending keepalive ping
2023-04-13 16:17:29,279 - DEBUG - > PING 97 5c dd 80 [binary, 4 bytes]
2023-04-13 16:17:29,286 - DEBUG - < PONG 97 5c dd 80 [binary, 4 bytes]
2023-04-13 16:17:29,288 - DEBUG - % received keepalive pong
2023-04-13 16:17:42,575 - DEBUG - % sending keepalive ping
2023-04-13 16:17:42,575 - DEBUG - > PING 46 a5 59 3f [binary, 4 bytes]
2023-04-13 16:17:42,584 - DEBUG - < PONG 46 a5 59 3f [binary, 4 bytes]
2023-04-13 16:17:42,586 - DEBUG - % received keepalive pong
2023-04-13 16:17:49,283 - DEBUG - % sending keepalive ping
2023-04-13 16:17:49,283 - DEBUG - > PING 33 12 d6 27 [binary, 4 bytes]
2023-04-13 16:17:49,294 - DEBUG - < PONG 33 12 d6 27 [binary, 4 bytes]
2023-04-13 16:17:49,295 - DEBUG - % received keepalive pong
2023-04-13 16:18:02,579 - DEBUG - % sending keepalive ping
2023-04-13 16:18:02,579 - DEBUG - > PING bc 0e 68 86 [binary, 4 bytes]
2023-04-13 16:18:02,587 - DEBUG - < PONG bc 0e 68 86 [binary, 4 bytes]
2023-04-13 16:18:02,589 - DEBUG - % received keepalive pong
2023-04-13 16:18:09,272 - DEBUG - % sending keepalive ping
2023-04-13 16:18:09,273 - DEBUG - > PING 36 93 a8 69 [binary, 4 bytes]
2023-04-13 16:18:09,280 - DEBUG - < PONG 36 93 a8 69 [binary, 4 bytes]
2023-04-13 16:18:09,283 - DEBUG - % received keepalive pong
2023-04-13 16:18:22,570 - DEBUG - % sending keepalive ping
2023-04-13 16:18:22,570 - DEBUG - > PING ed c8 40 25 [binary, 4 bytes]
2023-04-13 16:18:22,578 - DEBUG - < PONG ed c8 40 25 [binary, 4 bytes]
2023-04-13 16:18:22,581 - DEBUG - % received keepalive pong
2023-04-13 16:18:29,277 - DEBUG - % sending keepalive ping
2023-04-13 16:18:29,277 - DEBUG - > PING 6c 85 d0 98 [binary, 4 bytes]
2023-04-13 16:18:29,284 - DEBUG - < PONG 6c 85 d0 98 [binary, 4 bytes]
2023-04-13 16:18:29,285 - DEBUG - % received keepalive pong
2023-04-13 16:18:42,576 - DEBUG - % sending keepalive ping
2023-04-13 16:18:42,576 - DEBUG - > PING 22 aa 9f 39 [binary, 4 bytes]
2023-04-13 16:18:42,584 - DEBUG - < PONG 22 aa 9f 39 [binary, 4 bytes]
2023-04-13 16:18:42,586 - DEBUG - % received keepalive pong
2023-04-13 16:18:49,283 - DEBUG - % sending keepalive ping
2023-04-13 16:18:49,283 - DEBUG - > PING 53 a9 b0 34 [binary, 4 bytes]
2023-04-13 16:18:49,292 - DEBUG - < PONG 53 a9 b0 34 [binary, 4 bytes]
2023-04-13 16:18:49,294 - DEBUG - % received keepalive pong
2023-04-13 16:19:02,581 - DEBUG - % sending keepalive ping
2023-04-13 16:19:02,582 - DEBUG - > PING f7 ed 46 88 [binary, 4 bytes]
2023-04-13 16:19:02,590 - DEBUG - < PONG f7 ed 46 88 [binary, 4 bytes]
2023-04-13 16:19:02,591 - DEBUG - % received keepalive pong
2023-04-13 16:19:09,277 - DEBUG - % sending keepalive ping
2023-04-13 16:19:09,277 - DEBUG - > PING 52 96 cd a7 [binary, 4 bytes]
2023-04-13 16:19:09,286 - DEBUG - < PONG 52 96 cd a7 [binary, 4 bytes]
2023-04-13 16:19:09,287 - DEBUG - % received keepalive pong
2023-04-13 16:19:22,574 - DEBUG - % sending keepalive ping
2023-04-13 16:19:22,574 - DEBUG - > PING 31 b1 6e df [binary, 4 bytes]
2023-04-13 16:19:22,593 - DEBUG - < PONG 31 b1 6e df [binary, 4 bytes]
2023-04-13 16:19:22,594 - DEBUG - % received keepalive pong
2023-04-13 16:19:29,282 - DEBUG - % sending keepalive ping
2023-04-13 16:19:29,282 - DEBUG - > PING 47 4b 01 9d [binary, 4 bytes]
2023-04-13 16:19:29,291 - DEBUG - < PONG 47 4b 01 9d [binary, 4 bytes]
2023-04-13 16:19:29,292 - DEBUG - % received keepalive pong
2023-04-13 16:19:42,578 - DEBUG - % sending keepalive ping
2023-04-13 16:19:42,578 - DEBUG - > PING c6 fa f9 d6 [binary, 4 bytes]
2023-04-13 16:19:42,585 - DEBUG - < PONG c6 fa f9 d6 [binary, 4 bytes]
2023-04-13 16:19:42,587 - DEBUG - % received keepalive pong
2023-04-13 16:19:49,283 - DEBUG - % sending keepalive ping
2023-04-13 16:19:49,284 - DEBUG - > PING 23 f6 0b 7f [binary, 4 bytes]
2023-04-13 16:19:49,299 - DEBUG - < PONG 23 f6 0b 7f [binary, 4 bytes]
2023-04-13 16:19:49,300 - DEBUG - % received keepalive pong
2023-04-13 16:20:02,584 - DEBUG - % sending keepalive ping
2023-04-13 16:20:02,584 - DEBUG - > PING e9 b3 0b c2 [binary, 4 bytes]
2023-04-13 16:20:02,592 - DEBUG - < PONG e9 b3 0b c2 [binary, 4 bytes]
2023-04-13 16:20:02,597 - DEBUG - % received keepalive pong
2023-04-13 16:20:09,288 - DEBUG - % sending keepalive ping
2023-04-13 16:20:09,288 - DEBUG - > PING b0 14 e0 e7 [binary, 4 bytes]
2023-04-13 16:20:09,296 - DEBUG - < PONG b0 14 e0 e7 [binary, 4 bytes]
2023-04-13 16:20:09,297 - DEBUG - % received keepalive pong
2023-04-13 16:20:22,584 - DEBUG - % sending keepalive ping
2023-04-13 16:20:22,584 - DEBUG - > PING 61 1b fe 76 [binary, 4 bytes]
2023-04-13 16:20:22,658 - DEBUG - < PONG 61 1b fe 76 [binary, 4 bytes]
2023-04-13 16:20:22,659 - DEBUG - % received keepalive pong
2023-04-13 16:20:29,278 - DEBUG - % sending keepalive ping
2023-04-13 16:20:29,278 - DEBUG - > PING bb c4 24 75 [binary, 4 bytes]
2023-04-13 16:20:29,289 - DEBUG - < PONG bb c4 24 75 [binary, 4 bytes]
2023-04-13 16:20:29,290 - DEBUG - % received keepalive pong
2023-04-13 16:20:42,649 - DEBUG - % sending keepalive ping
2023-04-13 16:20:42,649 - DEBUG - > PING 18 8a 26 0b [binary, 4 bytes]
2023-04-13 16:20:42,662 - DEBUG - < PONG 18 8a 26 0b [binary, 4 bytes]
2023-04-13 16:20:42,666 - DEBUG - % received keepalive pong
2023-04-13 16:20:49,279 - DEBUG - % sending keepalive ping
2023-04-13 16:20:49,279 - DEBUG - > PING '\u06664}' [text, 4 bytes]
2023-04-13 16:20:49,289 - DEBUG - < PONG '\u06664}' [text, 4 bytes]
2023-04-13 16:20:49,291 - DEBUG - % received keepalive pong
2023-04-13 16:21:02,653 - DEBUG - % sending keepalive ping
2023-04-13 16:21:02,653 - DEBUG - > PING 'q)}V' [text, 4 bytes]
2023-04-13 16:21:02,662 - DEBUG - < PONG 'q)}V' [text, 4 bytes]
2023-04-13 16:21:02,667 - DEBUG - % received keepalive pong
2023-04-13 16:21:09,285 - DEBUG - % sending keepalive ping
2023-04-13 16:21:09,285 - DEBUG - > PING c0 bb 39 18 [binary, 4 bytes]
2023-04-13 16:21:09,292 - DEBUG - < PONG c0 bb 39 18 [binary, 4 bytes]
2023-04-13 16:21:09,294 - DEBUG - % received keepalive pong
2023-04-13 16:21:22,656 - DEBUG - % sending keepalive ping
2023-04-13 16:21:22,656 - DEBUG - > PING b5 0e 0d 56 [binary, 4 bytes]
2023-04-13 16:21:22,664 - DEBUG - < PONG b5 0e 0d 56 [binary, 4 bytes]
2023-04-13 16:21:22,666 - DEBUG - % received keepalive pong
2023-04-13 16:21:29,276 - DEBUG - % sending keepalive ping
2023-04-13 16:21:29,276 - DEBUG - > PING '\u056fM\x14' [text, 4 bytes]
2023-04-13 16:21:29,284 - DEBUG - < PONG '\u056fM\x14' [text, 4 bytes]
2023-04-13 16:21:29,286 - DEBUG - % received keepalive pong
2023-04-13 16:21:42,660 - DEBUG - % sending keepalive ping
2023-04-13 16:21:42,660 - DEBUG - > PING 'm\x0ca\x14' [text, 4 bytes]
2023-04-13 16:21:42,668 - DEBUG - < PONG 'm\x0ca\x14' [text, 4 bytes]
2023-04-13 16:21:42,670 - DEBUG - % received keepalive pong
2023-04-13 16:21:49,280 - DEBUG - % sending keepalive ping
2023-04-13 16:21:49,281 - DEBUG - > PING b7 da ac 08 [binary, 4 bytes]
2023-04-13 16:21:49,290 - DEBUG - < PONG b7 da ac 08 [binary, 4 bytes]
2023-04-13 16:21:49,296 - DEBUG - % received keepalive pong
2023-04-13 16:22:02,649 - DEBUG - % sending keepalive ping
2023-04-13 16:22:02,649 - DEBUG - > PING 49 af a3 72 [binary, 4 bytes]
2023-04-13 16:22:02,657 - DEBUG - < PONG 49 af a3 72 [binary, 4 bytes]
2023-04-13 16:22:02,659 - DEBUG - % received keepalive pong
2023-04-13 16:22:09,296 - DEBUG - % sending keepalive ping
2023-04-13 16:22:09,296 - DEBUG - > PING 85 d1 19 6f [binary, 4 bytes]
2023-04-13 16:22:09,305 - DEBUG - < PONG 85 d1 19 6f [binary, 4 bytes]
2023-04-13 16:22:09,307 - DEBUG - % received keepalive pong
2023-04-13 16:22:22,650 - DEBUG - % sending keepalive ping
2023-04-13 16:22:22,650 - DEBUG - > PING 56 4b e2 16 [binary, 4 bytes]
2023-04-13 16:22:22,662 - DEBUG - < PONG 56 4b e2 16 [binary, 4 bytes]
2023-04-13 16:22:22,667 - DEBUG - % received keepalive pong
2023-04-13 16:22:29,313 - DEBUG - % sending keepalive ping
2023-04-13 16:22:29,313 - DEBUG - > PING a5 85 ee 9e [binary, 4 bytes]
2023-04-13 16:22:29,321 - DEBUG - < PONG a5 85 ee 9e [binary, 4 bytes]
2023-04-13 16:22:29,323 - DEBUG - % received keepalive pong
2023-04-13 16:22:42,652 - DEBUG - % sending keepalive ping
2023-04-13 16:22:42,653 - DEBUG - > PING 30 7a cf da [binary, 4 bytes]
2023-04-13 16:22:42,662 - DEBUG - < PONG 30 7a cf da [binary, 4 bytes]
2023-04-13 16:22:42,664 - DEBUG - % received keepalive pong
2023-04-13 16:22:49,330 - DEBUG - % sending keepalive ping
2023-04-13 16:22:49,330 - DEBUG - > PING 8b 5f a3 a6 [binary, 4 bytes]
2023-04-13 16:22:49,338 - DEBUG - < PONG 8b 5f a3 a6 [binary, 4 bytes]
2023-04-13 16:22:49,340 - DEBUG - % received keepalive pong
2023-04-13 16:23:02,659 - DEBUG - % sending keepalive ping
2023-04-13 16:23:02,659 - DEBUG - > PING ad 69 f6 e6 [binary, 4 bytes]
2023-04-13 16:23:02,668 - DEBUG - < PONG ad 69 f6 e6 [binary, 4 bytes]
2023-04-13 16:23:02,669 - DEBUG - % received keepalive pong
2023-04-13 16:23:09,328 - DEBUG - % sending keepalive ping
2023-04-13 16:23:09,329 - DEBUG - > PING 38 c5 24 bf [binary, 4 bytes]
2023-04-13 16:23:09,342 - DEBUG - < PONG 38 c5 24 bf [binary, 4 bytes]
2023-04-13 16:23:09,345 - DEBUG - % received keepalive pong
2023-04-13 16:23:22,657 - DEBUG - % sending keepalive ping
2023-04-13 16:23:22,657 - DEBUG - > PING 94 cd ef 96 [binary, 4 bytes]
2023-04-13 16:23:22,665 - DEBUG - < PONG 94 cd ef 96 [binary, 4 bytes]
2023-04-13 16:23:22,667 - DEBUG - % received keepalive pong
2023-04-13 16:23:29,323 - DEBUG - % sending keepalive ping
2023-04-13 16:23:29,324 - DEBUG - > PING 8f 69 f6 f7 [binary, 4 bytes]
2023-04-13 16:23:29,331 - DEBUG - < PONG 8f 69 f6 f7 [binary, 4 bytes]
2023-04-13 16:23:29,333 - DEBUG - % received keepalive pong
2023-04-13 16:23:42,651 - DEBUG - % sending keepalive ping
2023-04-13 16:23:42,651 - DEBUG - > PING be 4e 8a f8 [binary, 4 bytes]
2023-04-13 16:23:42,659 - DEBUG - < PONG be 4e 8a f8 [binary, 4 bytes]
2023-04-13 16:23:42,661 - DEBUG - % received keepalive pong
2023-04-13 16:23:49,329 - DEBUG - % sending keepalive ping
2023-04-13 16:23:49,329 - DEBUG - > PING 1d 3d 36 8a [binary, 4 bytes]
2023-04-13 16:23:49,338 - DEBUG - < PONG 1d 3d 36 8a [binary, 4 bytes]
2023-04-13 16:23:49,340 - DEBUG - % received keepalive pong
2023-04-13 16:24:02,661 - DEBUG - % sending keepalive ping
2023-04-13 16:24:02,661 - DEBUG - > PING c4 9e e1 0f [binary, 4 bytes]
2023-04-13 16:24:02,673 - DEBUG - < PONG c4 9e e1 0f [binary, 4 bytes]
2023-04-13 16:24:02,675 - DEBUG - % received keepalive pong
2023-04-13 16:24:09,325 - DEBUG - % sending keepalive ping
2023-04-13 16:24:09,325 - DEBUG - > PING df a8 b5 ac [binary, 4 bytes]
2023-04-13 16:24:09,357 - DEBUG - < PONG df a8 b5 ac [binary, 4 bytes]
2023-04-13 16:24:09,358 - DEBUG - % received keepalive pong
2023-04-13 16:24:22,654 - DEBUG - % sending keepalive ping
2023-04-13 16:24:22,654 - DEBUG - > PING d2 88 f3 53 [binary, 4 bytes]
2023-04-13 16:24:22,663 - DEBUG - < PONG d2 88 f3 53 [binary, 4 bytes]
2023-04-13 16:24:22,664 - DEBUG - % received keepalive pong
2023-04-13 16:24:29,352 - DEBUG - % sending keepalive ping
2023-04-13 16:24:29,352 - DEBUG - > PING 84 e4 07 46 [binary, 4 bytes]
2023-04-13 16:24:29,361 - DEBUG - < PONG 84 e4 07 46 [binary, 4 bytes]
2023-04-13 16:24:29,364 - DEBUG - % received keepalive pong
2023-04-13 16:24:42,649 - DEBUG - % sending keepalive ping
2023-04-13 16:24:42,649 - DEBUG - > PING 9c 6b c8 6c [binary, 4 bytes]
2023-04-13 16:24:42,663 - DEBUG - < PONG 9c 6b c8 6c [binary, 4 bytes]
2023-04-13 16:24:42,665 - DEBUG - % received keepalive pong
2023-04-13 16:24:49,357 - DEBUG - % sending keepalive ping
2023-04-13 16:24:49,358 - DEBUG - > PING 70 6f 3c a3 [binary, 4 bytes]
2023-04-13 16:24:49,366 - DEBUG - < PONG 70 6f 3c a3 [binary, 4 bytes]
2023-04-13 16:24:49,368 - DEBUG - % received keepalive pong
2023-04-13 16:25:02,654 - DEBUG - % sending keepalive ping
2023-04-13 16:25:02,654 - DEBUG - > PING 'FW]$' [text, 4 bytes]
2023-04-13 16:25:02,740 - DEBUG - < PONG 'FW]$' [text, 4 bytes]
2023-04-13 16:25:02,744 - DEBUG - % received keepalive pong
2023-04-13 16:25:09,377 - DEBUG - % sending keepalive ping
2023-04-13 16:25:09,378 - DEBUG - > PING 3e 9b d9 ac [binary, 4 bytes]
2023-04-13 16:25:09,385 - DEBUG - < PONG 3e 9b d9 ac [binary, 4 bytes]
2023-04-13 16:25:09,386 - DEBUG - % received keepalive pong
2023-04-13 16:25:22,750 - DEBUG - % sending keepalive ping
2023-04-13 16:25:22,750 - DEBUG - > PING 0d 05 e5 ff [binary, 4 bytes]
2023-04-13 16:25:22,758 - DEBUG - < PONG 0d 05 e5 ff [binary, 4 bytes]
2023-04-13 16:25:22,761 - DEBUG - % received keepalive pong
2023-04-13 16:25:29,368 - DEBUG - % sending keepalive ping
2023-04-13 16:25:29,369 - DEBUG - > PING 7e ec e2 47 [binary, 4 bytes]
2023-04-13 16:25:29,379 - DEBUG - < PONG 7e ec e2 47 [binary, 4 bytes]
2023-04-13 16:25:29,384 - DEBUG - % received keepalive pong
2023-04-13 16:25:42,754 - DEBUG - % sending keepalive ping
2023-04-13 16:25:42,754 - DEBUG - > PING '}T\x17d' [text, 4 bytes]
2023-04-13 16:25:42,762 - DEBUG - < PONG '}T\x17d' [text, 4 bytes]
2023-04-13 16:25:42,764 - DEBUG - % received keepalive pong
2023-04-13 16:25:49,370 - DEBUG - % sending keepalive ping
2023-04-13 16:25:49,371 - DEBUG - > PING 'Án' [text, 4 bytes]
2023-04-13 16:25:49,402 - DEBUG - < PONG 'Án' [text, 4 bytes]
2023-04-13 16:25:49,404 - DEBUG - % received keepalive pong
2023-04-13 16:26:02,742 - DEBUG - % sending keepalive ping
2023-04-13 16:26:02,742 - DEBUG - > PING 30 78 f3 f1 [binary, 4 bytes]
2023-04-13 16:26:02,750 - DEBUG - < PONG 30 78 f3 f1 [binary, 4 bytes]
2023-04-13 16:26:02,751 - DEBUG - % received keepalive pong
2023-04-13 16:26:09,405 - DEBUG - % sending keepalive ping
2023-04-13 16:26:09,405 - DEBUG - > PING 65 13 8b a8 [binary, 4 bytes]
2023-04-13 16:26:09,413 - DEBUG - < PONG 65 13 8b a8 [binary, 4 bytes]
2023-04-13 16:26:09,415 - DEBUG - % received keepalive pong
2023-04-13 16:26:22,740 - DEBUG - % sending keepalive ping
2023-04-13 16:26:22,740 - DEBUG - > PING 04 35 75 b5 [binary, 4 bytes]
2023-04-13 16:26:22,755 - DEBUG - < PONG 04 35 75 b5 [binary, 4 bytes]
2023-04-13 16:26:22,756 - DEBUG - % received keepalive pong
2023-04-13 16:26:29,402 - DEBUG - % sending keepalive ping
2023-04-13 16:26:29,402 - DEBUG - > PING 13 17 47 bc [binary, 4 bytes]
2023-04-13 16:26:29,410 - DEBUG - < PONG 13 17 47 bc [binary, 4 bytes]
2023-04-13 16:26:29,412 - DEBUG - % received keepalive pong
2023-04-13 16:26:42,755 - DEBUG - % sending keepalive ping
2023-04-13 16:26:42,755 - DEBUG - > PING cb b8 a9 e2 [binary, 4 bytes]
2023-04-13 16:26:42,763 - DEBUG - < PONG cb b8 a9 e2 [binary, 4 bytes]
2023-04-13 16:26:42,764 - DEBUG - % received keepalive pong
2023-04-13 16:26:49,402 - DEBUG - % sending keepalive ping
2023-04-13 16:26:49,403 - DEBUG - > PING cc 00 43 89 [binary, 4 bytes]
2023-04-13 16:26:49,411 - DEBUG - < PONG cc 00 43 89 [binary, 4 bytes]
2023-04-13 16:26:49,413 - DEBUG - % received keepalive pong
2023-04-13 16:27:02,744 - DEBUG - % sending keepalive ping
2023-04-13 16:27:02,745 - DEBUG - > PING 85 f6 7a e4 [binary, 4 bytes]
2023-04-13 16:27:02,779 - DEBUG - < PONG 85 f6 7a e4 [binary, 4 bytes]
2023-04-13 16:27:02,781 - DEBUG - % received keepalive pong
2023-04-13 16:27:09,407 - DEBUG - % sending keepalive ping
2023-04-13 16:27:09,408 - DEBUG - > PING c1 1f 7a fb [binary, 4 bytes]
2023-04-13 16:27:09,437 - DEBUG - < PONG c1 1f 7a fb [binary, 4 bytes]
2023-04-13 16:27:09,439 - DEBUG - % received keepalive pong
2023-04-13 16:27:22,774 - DEBUG - % sending keepalive ping
2023-04-13 16:27:22,774 - DEBUG - > PING fe a0 c4 ec [binary, 4 bytes]
2023-04-13 16:27:22,783 - DEBUG - < PONG fe a0 c4 ec [binary, 4 bytes]
2023-04-13 16:27:22,785 - DEBUG - % received keepalive pong
2023-04-13 16:27:29,436 - DEBUG - % sending keepalive ping
2023-04-13 16:27:29,436 - DEBUG - > PING 6a 0e 5d fd [binary, 4 bytes]
2023-04-13 16:27:29,444 - DEBUG - < PONG 6a 0e 5d fd [binary, 4 bytes]
2023-04-13 16:27:29,446 - DEBUG - % received keepalive pong
2023-04-13 16:27:42,775 - DEBUG - % sending keepalive ping
2023-04-13 16:27:42,775 - DEBUG - > PING a5 31 6f aa [binary, 4 bytes]
2023-04-13 16:27:42,784 - DEBUG - < PONG a5 31 6f aa [binary, 4 bytes]
2023-04-13 16:27:42,785 - DEBUG - % received keepalive pong
2023-04-13 16:27:49,452 - DEBUG - % sending keepalive ping
2023-04-13 16:27:49,452 - DEBUG - > PING 65 50 5a ac [binary, 4 bytes]
2023-04-13 16:27:49,462 - DEBUG - < PONG 65 50 5a ac [binary, 4 bytes]
2023-04-13 16:27:49,467 - DEBUG - % received keepalive pong
2023-04-13 16:28:02,777 - DEBUG - % sending keepalive ping
2023-04-13 16:28:02,777 - DEBUG - > PING '.1sA' [text, 4 bytes]
2023-04-13 16:28:02,811 - DEBUG - < PONG '.1sA' [text, 4 bytes]
2023-04-13 16:28:02,818 - DEBUG - % received keepalive pong
2023-04-13 16:28:09,456 - DEBUG - % sending keepalive ping
2023-04-13 16:28:09,457 - DEBUG - > PING 'jp\n.' [text, 4 bytes]
2023-04-13 16:28:09,464 - DEBUG - < PONG 'jp\n.' [text, 4 bytes]
2023-04-13 16:28:09,465 - DEBUG - % received keepalive pong
2023-04-13 16:28:22,825 - DEBUG - % sending keepalive ping
2023-04-13 16:28:22,825 - DEBUG - > PING d3 f3 be f2 [binary, 4 bytes]
2023-04-13 16:28:22,834 - DEBUG - < PONG d3 f3 be f2 [binary, 4 bytes]
2023-04-13 16:28:22,836 - DEBUG - % received keepalive pong
2023-04-13 16:28:29,445 - DEBUG - % sending keepalive ping
2023-04-13 16:28:29,446 - DEBUG - > PING 23 05 82 34 [binary, 4 bytes]
2023-04-13 16:28:29,453 - DEBUG - < PONG 23 05 82 34 [binary, 4 bytes]
2023-04-13 16:28:29,455 - DEBUG - % received keepalive pong
2023-04-13 16:28:42,833 - DEBUG - % sending keepalive ping
2023-04-13 16:28:42,833 - DEBUG - > PING 58 fb 6f b2 [binary, 4 bytes]
2023-04-13 16:28:42,841 - DEBUG - < PONG 58 fb 6f b2 [binary, 4 bytes]
2023-04-13 16:28:42,843 - DEBUG - % received keepalive pong
2023-04-13 16:28:49,451 - DEBUG - % sending keepalive ping
2023-04-13 16:28:49,451 - DEBUG - > PING 06 14 dc 53 [binary, 4 bytes]
2023-04-13 16:28:49,460 - DEBUG - < PONG 06 14 dc 53 [binary, 4 bytes]
2023-04-13 16:28:49,462 - DEBUG - % received keepalive pong
2023-04-13 16:29:02,821 - DEBUG - % sending keepalive ping
2023-04-13 16:29:02,822 - DEBUG - > PING c9 f2 72 d3 [binary, 4 bytes]
2023-04-13 16:29:02,837 - DEBUG - < PONG c9 f2 72 d3 [binary, 4 bytes]
2023-04-13 16:29:02,839 - DEBUG - % received keepalive pong
2023-04-13 16:29:09,459 - DEBUG - % sending keepalive ping
2023-04-13 16:29:09,459 - DEBUG - > PING f1 4c ce 83 [binary, 4 bytes]
2023-04-13 16:29:09,485 - DEBUG - < PONG f1 4c ce 83 [binary, 4 bytes]
2023-04-13 16:29:09,491 - DEBUG - % received keepalive pong
2023-04-13 16:29:22,828 - DEBUG - % sending keepalive ping
2023-04-13 16:29:22,828 - DEBUG - > PING 9a 77 70 1e [binary, 4 bytes]
2023-04-13 16:29:22,837 - DEBUG - < PONG 9a 77 70 1e [binary, 4 bytes]
2023-04-13 16:29:22,838 - DEBUG - % received keepalive pong
2023-04-13 16:29:29,505 - DEBUG - % sending keepalive ping
2023-04-13 16:29:29,505 - DEBUG - > PING 30 59 fe ec [binary, 4 bytes]
2023-04-13 16:29:29,513 - DEBUG - < PONG 30 59 fe ec [binary, 4 bytes]
2023-04-13 16:29:29,515 - DEBUG - % received keepalive pong
2023-04-13 16:29:42,831 - DEBUG - % sending keepalive ping
2023-04-13 16:29:42,831 - DEBUG - > PING 29 84 78 5d [binary, 4 bytes]
2023-04-13 16:29:42,838 - DEBUG - < PONG 29 84 78 5d [binary, 4 bytes]
2023-04-13 16:29:42,840 - DEBUG - % received keepalive pong
2023-04-13 16:29:49,499 - DEBUG - % sending keepalive ping
2023-04-13 16:29:49,499 - DEBUG - > PING '\u0572tv' [text, 4 bytes]
2023-04-13 16:29:49,509 - DEBUG - < PONG '\u0572tv' [text, 4 bytes]
2023-04-13 16:29:49,511 - DEBUG - % received keepalive pong
2023-04-13 16:30:02,827 - DEBUG - % sending keepalive ping
2023-04-13 16:30:02,827 - DEBUG - > PING c5 88 bc fe [binary, 4 bytes]
2023-04-13 16:30:02,837 - DEBUG - < PONG c5 88 bc fe [binary, 4 bytes]
2023-04-13 16:30:02,840 - DEBUG - % received keepalive pong
2023-04-13 16:30:09,502 - DEBUG - % sending keepalive ping
2023-04-13 16:30:09,503 - DEBUG - > PING b2 2c 0d a8 [binary, 4 bytes]
2023-04-13 16:30:09,512 - DEBUG - < PONG b2 2c 0d a8 [binary, 4 bytes]
2023-04-13 16:30:09,513 - DEBUG - % received keepalive pong
2023-04-13 16:30:22,825 - DEBUG - % sending keepalive ping
2023-04-13 16:30:22,825 - DEBUG - > PING f9 b7 8d ec [binary, 4 bytes]
2023-04-13 16:30:22,834 - DEBUG - < PONG f9 b7 8d ec [binary, 4 bytes]
2023-04-13 16:30:22,840 - DEBUG - % received keepalive pong
2023-04-13 16:30:29,495 - DEBUG - % sending keepalive ping
2023-04-13 16:30:29,496 - DEBUG - > PING 04 5b 80 79 [binary, 4 bytes]
2023-04-13 16:30:29,508 - DEBUG - < PONG 04 5b 80 79 [binary, 4 bytes]
2023-04-13 16:30:29,511 - DEBUG - % received keepalive pong
2023-04-13 16:30:42,830 - DEBUG - % sending keepalive ping
2023-04-13 16:30:42,830 - DEBUG - > PING cf 1d 18 6c [binary, 4 bytes]
2023-04-13 16:30:42,850 - DEBUG - < PONG cf 1d 18 6c [binary, 4 bytes]
2023-04-13 16:30:42,853 - DEBUG - % received keepalive pong
2023-04-13 16:30:49,505 - DEBUG - % sending keepalive ping
2023-04-13 16:30:49,505 - DEBUG - > PING 0f be fc 8f [binary, 4 bytes]
2023-04-13 16:30:49,519 - DEBUG - < PONG 0f be fc 8f [binary, 4 bytes]
2023-04-13 16:30:49,522 - DEBUG - % received keepalive pong
2023-04-13 16:31:02,859 - DEBUG - % sending keepalive ping
2023-04-13 16:31:02,859 - DEBUG - > PING 09 a8 87 40 [binary, 4 bytes]
2023-04-13 16:31:02,867 - DEBUG - < PONG 09 a8 87 40 [binary, 4 bytes]
2023-04-13 16:31:02,870 - DEBUG - % received keepalive pong
2023-04-13 16:31:09,534 - DEBUG - % sending keepalive ping
2023-04-13 16:31:09,534 - DEBUG - > PING 87 f4 44 a1 [binary, 4 bytes]
2023-04-13 16:31:09,543 - DEBUG - < PONG 87 f4 44 a1 [binary, 4 bytes]
2023-04-13 16:31:09,549 - DEBUG - % received keepalive pong
2023-04-13 16:31:22,871 - DEBUG - % sending keepalive ping
2023-04-13 16:31:22,871 - DEBUG - > PING 49 70 0c be [binary, 4 bytes]
2023-04-13 16:31:22,879 - DEBUG - < PONG 49 70 0c be [binary, 4 bytes]
2023-04-13 16:31:22,881 - DEBUG - % received keepalive pong
2023-04-13 16:31:29,533 - DEBUG - % sending keepalive ping
2023-04-13 16:31:29,533 - DEBUG - > PING 47 c0 85 17 [binary, 4 bytes]
2023-04-13 16:31:29,542 - DEBUG - < PONG 47 c0 85 17 [binary, 4 bytes]
2023-04-13 16:31:29,544 - DEBUG - % received keepalive pong
2023-04-13 16:31:42,873 - DEBUG - % sending keepalive ping
2023-04-13 16:31:42,874 - DEBUG - > PING 82 32 a1 60 [binary, 4 bytes]
2023-04-13 16:31:42,882 - DEBUG - < PONG 82 32 a1 60 [binary, 4 bytes]
2023-04-13 16:31:42,884 - DEBUG - % received keepalive pong
2023-04-13 16:31:49,535 - DEBUG - % sending keepalive ping
2023-04-13 16:31:49,536 - DEBUG - > PING 5c e1 66 80 [binary, 4 bytes]
2023-04-13 16:31:49,544 - DEBUG - < PONG 5c e1 66 80 [binary, 4 bytes]
2023-04-13 16:31:49,546 - DEBUG - % received keepalive pong
2023-04-13 16:32:02,879 - DEBUG - % sending keepalive ping
2023-04-13 16:32:02,880 - DEBUG - > PING d6 b5 c7 f8 [binary, 4 bytes]
2023-04-13 16:32:02,891 - DEBUG - < PONG d6 b5 c7 f8 [binary, 4 bytes]
2023-04-13 16:32:02,892 - DEBUG - % received keepalive pong
2023-04-13 16:32:09,532 - DEBUG - % sending keepalive ping
2023-04-13 16:32:09,533 - DEBUG - > PING 2a d2 11 22 [binary, 4 bytes]
2023-04-13 16:32:09,541 - DEBUG - < PONG 2a d2 11 22 [binary, 4 bytes]
2023-04-13 16:32:09,543 - DEBUG - % received keepalive pong
2023-04-13 16:32:22,877 - DEBUG - % sending keepalive ping
2023-04-13 16:32:22,877 - DEBUG - > PING bb 9a d8 bf [binary, 4 bytes]
2023-04-13 16:32:22,892 - DEBUG - < PONG bb 9a d8 bf [binary, 4 bytes]
2023-04-13 16:32:22,893 - DEBUG - % received keepalive pong
2023-04-13 16:32:29,523 - DEBUG - % sending keepalive ping
2023-04-13 16:32:29,523 - DEBUG - > PING '5p\u05c3' [text, 4 bytes]
2023-04-13 16:32:29,539 - DEBUG - < PONG '5p\u05c3' [text, 4 bytes]
2023-04-13 16:32:29,540 - DEBUG - % received keepalive pong
2023-04-13 16:32:42,875 - DEBUG - % sending keepalive ping
2023-04-13 16:32:42,876 - DEBUG - > PING 6f 9a 29 c7 [binary, 4 bytes]
2023-04-13 16:32:42,883 - DEBUG - < PONG 6f 9a 29 c7 [binary, 4 bytes]
2023-04-13 16:32:42,886 - DEBUG - % received keepalive pong
2023-04-13 16:32:49,525 - DEBUG - % sending keepalive ping
2023-04-13 16:32:49,525 - DEBUG - > PING 4e 9d 34 3c [binary, 4 bytes]
2023-04-13 16:32:49,537 - DEBUG - < PONG 4e 9d 34 3c [binary, 4 bytes]
2023-04-13 16:32:49,539 - DEBUG - % received keepalive pong
2023-04-13 16:33:02,877 - DEBUG - % sending keepalive ping
2023-04-13 16:33:02,877 - DEBUG - > PING 19 1f 04 d4 [binary, 4 bytes]
2023-04-13 16:33:02,890 - DEBUG - < PONG 19 1f 04 d4 [binary, 4 bytes]
2023-04-13 16:33:02,898 - DEBUG - % received keepalive pong
2023-04-13 16:33:09,524 - DEBUG - % sending keepalive ping
2023-04-13 16:33:09,524 - DEBUG - > PING 04 b6 61 20 [binary, 4 bytes]
2023-04-13 16:33:09,534 - DEBUG - < PONG 04 b6 61 20 [binary, 4 bytes]
2023-04-13 16:33:09,548 - DEBUG - % received keepalive pong
2023-04-13 16:33:22,896 - DEBUG - % sending keepalive ping
2023-04-13 16:33:22,896 - DEBUG - > PING 69 18 1e bc [binary, 4 bytes]
2023-04-13 16:33:22,906 - DEBUG - < PONG 69 18 1e bc [binary, 4 bytes]
2023-04-13 16:33:22,907 - DEBUG - % received keepalive pong
2023-04-13 16:33:29,529 - DEBUG - % sending keepalive ping
2023-04-13 16:33:29,530 - DEBUG - > PING 71 b0 07 ee [binary, 4 bytes]
2023-04-13 16:33:29,541 - DEBUG - < PONG 71 b0 07 ee [binary, 4 bytes]
2023-04-13 16:33:29,544 - DEBUG - % received keepalive pong
2023-04-13 16:33:42,903 - DEBUG - % sending keepalive ping
2023-04-13 16:33:42,903 - DEBUG - > PING dd b9 5c 8e [binary, 4 bytes]
2023-04-13 16:33:42,914 - DEBUG - < PONG dd b9 5c 8e [binary, 4 bytes]
2023-04-13 16:33:42,918 - DEBUG - % received keepalive pong
2023-04-13 16:33:49,534 - DEBUG - % sending keepalive ping
2023-04-13 16:33:49,534 - DEBUG - > PING 10 44 d9 db [binary, 4 bytes]
2023-04-13 16:33:49,542 - DEBUG - < PONG 10 44 d9 db [binary, 4 bytes]
2023-04-13 16:33:49,544 - DEBUG - % received keepalive pong
2023-04-13 16:34:02,908 - DEBUG - % sending keepalive ping
2023-04-13 16:34:02,908 - DEBUG - > PING fc 75 e4 6f [binary, 4 bytes]
2023-04-13 16:34:02,919 - DEBUG - < PONG fc 75 e4 6f [binary, 4 bytes]
2023-04-13 16:34:02,922 - DEBUG - % received keepalive pong
2023-04-13 16:34:09,539 - DEBUG - % sending keepalive ping
2023-04-13 16:34:09,539 - DEBUG - > PING 70 4c 9a 5f [binary, 4 bytes]
2023-04-13 16:34:09,548 - DEBUG - < PONG 70 4c 9a 5f [binary, 4 bytes]
2023-04-13 16:34:09,557 - DEBUG - % received keepalive pong
2023-04-13 16:34:22,911 - DEBUG - % sending keepalive ping
2023-04-13 16:34:22,912 - DEBUG - > PING 54 ad cf 53 [binary, 4 bytes]
2023-04-13 16:34:22,921 - DEBUG - < PONG 54 ad cf 53 [binary, 4 bytes]
2023-04-13 16:34:22,925 - DEBUG - % received keepalive pong
2023-04-13 16:34:29,556 - DEBUG - % sending keepalive ping
2023-04-13 16:34:29,556 - DEBUG - > PING f6 4b 6f 21 [binary, 4 bytes]
2023-04-13 16:34:29,564 - DEBUG - < PONG f6 4b 6f 21 [binary, 4 bytes]
2023-04-13 16:34:29,565 - DEBUG - % received keepalive pong
2023-04-13 16:34:42,904 - DEBUG - % sending keepalive ping
2023-04-13 16:34:42,904 - DEBUG - > PING 23 52 63 d0 [binary, 4 bytes]
2023-04-13 16:34:42,913 - DEBUG - < PONG 23 52 63 d0 [binary, 4 bytes]
2023-04-13 16:34:42,914 - DEBUG - % received keepalive pong
2023-04-13 16:34:49,567 - DEBUG - % sending keepalive ping
2023-04-13 16:34:49,567 - DEBUG - > PING '\u053eyG' [text, 4 bytes]
2023-04-13 16:34:49,577 - DEBUG - < PONG '\u053eyG' [text, 4 bytes]
2023-04-13 16:34:49,579 - DEBUG - % received keepalive pong
2023-04-13 16:35:02,906 - DEBUG - % sending keepalive ping
2023-04-13 16:35:02,906 - DEBUG - > PING f1 3d 3f 9b [binary, 4 bytes]
2023-04-13 16:35:02,915 - DEBUG - < PONG f1 3d 3f 9b [binary, 4 bytes]
2023-04-13 16:35:02,917 - DEBUG - % received keepalive pong
2023-04-13 16:35:09,571 - DEBUG - % sending keepalive ping
2023-04-13 16:35:09,572 - DEBUG - > PING 96 e3 e4 3f [binary, 4 bytes]
2023-04-13 16:35:09,579 - DEBUG - < PONG 96 e3 e4 3f [binary, 4 bytes]
2023-04-13 16:35:09,583 - DEBUG - % received keepalive pong
2023-04-13 16:35:22,911 - DEBUG - % sending keepalive ping
2023-04-13 16:35:22,911 - DEBUG - > PING 8b ee 51 29 [binary, 4 bytes]
2023-04-13 16:35:22,919 - DEBUG - < PONG 8b ee 51 29 [binary, 4 bytes]
2023-04-13 16:35:22,922 - DEBUG - % received keepalive pong
2023-04-13 16:35:29,574 - DEBUG - % sending keepalive ping
2023-04-13 16:35:29,574 - DEBUG - > PING e9 7f ea 4a [binary, 4 bytes]
2023-04-13 16:35:29,589 - DEBUG - < PONG e9 7f ea 4a [binary, 4 bytes]
2023-04-13 16:35:29,590 - DEBUG - % received keepalive pong
2023-04-13 16:35:42,901 - DEBUG - % sending keepalive ping
2023-04-13 16:35:42,901 - DEBUG - > PING 0e fe 5c ec [binary, 4 bytes]
2023-04-13 16:35:42,911 - DEBUG - < PONG 0e fe 5c ec [binary, 4 bytes]
2023-04-13 16:35:42,915 - DEBUG - % received keepalive pong
2023-04-13 16:35:49,579 - DEBUG - % sending keepalive ping
2023-04-13 16:35:49,579 - DEBUG - > PING de 7a 6a c3 [binary, 4 bytes]
2023-04-13 16:35:49,597 - DEBUG - < PONG de 7a 6a c3 [binary, 4 bytes]
2023-04-13 16:35:49,598 - DEBUG - % received keepalive pong
2023-04-13 16:36:02,898 - DEBUG - % sending keepalive ping
2023-04-13 16:36:02,899 - DEBUG - > PING b4 9a 1c 09 [binary, 4 bytes]
2023-04-13 16:36:02,974 - DEBUG - < PONG b4 9a 1c 09 [binary, 4 bytes]
2023-04-13 16:36:02,978 - DEBUG - % received keepalive pong
2023-04-13 16:36:09,608 - DEBUG - % sending keepalive ping
2023-04-13 16:36:09,609 - DEBUG - > PING a5 1a 06 e0 [binary, 4 bytes]
2023-04-13 16:36:09,626 - DEBUG - < PONG a5 1a 06 e0 [binary, 4 bytes]
2023-04-13 16:36:09,629 - DEBUG - % received keepalive pong
2023-04-13 16:36:22,981 - DEBUG - % sending keepalive ping
2023-04-13 16:36:22,981 - DEBUG - > PING e8 0f 47 3e [binary, 4 bytes]
2023-04-13 16:36:22,990 - DEBUG - < PONG e8 0f 47 3e [binary, 4 bytes]
2023-04-13 16:36:22,991 - DEBUG - % received keepalive pong
2023-04-13 16:36:29,629 - DEBUG - % sending keepalive ping
2023-04-13 16:36:29,629 - DEBUG - > PING 77 4e 15 f8 [binary, 4 bytes]
2023-04-13 16:36:29,639 - DEBUG - < PONG 77 4e 15 f8 [binary, 4 bytes]
2023-04-13 16:36:29,640 - DEBUG - % received keepalive pong
2023-04-13 16:36:43,001 - DEBUG - % sending keepalive ping
2023-04-13 16:36:43,001 - DEBUG - > PING ac 85 22 6b [binary, 4 bytes]
2023-04-13 16:36:43,009 - DEBUG - < PONG ac 85 22 6b [binary, 4 bytes]
2023-04-13 16:36:43,010 - DEBUG - % received keepalive pong
2023-04-13 16:36:49,624 - DEBUG - % sending keepalive ping
2023-04-13 16:36:49,624 - DEBUG - > PING 'H\x04Y\x02' [text, 4 bytes]
2023-04-13 16:36:49,632 - DEBUG - < PONG 'H\x04Y\x02' [text, 4 bytes]
2023-04-13 16:36:49,634 - DEBUG - % received keepalive pong
2023-04-13 16:37:02,999 - DEBUG - % sending keepalive ping
2023-04-13 16:37:02,999 - DEBUG - > PING 95 57 db e0 [binary, 4 bytes]
2023-04-13 16:37:03,007 - DEBUG - < PONG 95 57 db e0 [binary, 4 bytes]
2023-04-13 16:37:03,009 - DEBUG - % received keepalive pong
2023-04-13 16:37:09,631 - DEBUG - % sending keepalive ping
2023-04-13 16:37:09,631 - DEBUG - > PING 10 e6 e9 99 [binary, 4 bytes]
2023-04-13 16:37:09,640 - DEBUG - < PONG 10 e6 e9 99 [binary, 4 bytes]
2023-04-13 16:37:09,642 - DEBUG - % received keepalive pong
2023-04-13 16:37:19,388 - DEBUG - < CLOSE 1001 (going away) Going away [12 bytes]
2023-04-13 16:37:19,389 - DEBUG - = connection is CLOSING
2023-04-13 16:37:19,389 - DEBUG - > CLOSE 1001 (going away) Going away [12 bytes]
2023-04-13 16:37:19,401 - DEBUG - = connection is CLOSED
2023-04-13 16:37:29,620 - DEBUG - % sending keepalive ping
2023-04-13 16:37:29,621 - DEBUG - > PING a8 c3 2a ab [binary, 4 bytes]
2023-04-13 16:37:29,636 - DEBUG - < PONG a8 c3 2a ab [binary, 4 bytes]
2023-04-13 16:37:29,637 - DEBUG - % received keepalive pong
2023-04-13 16:37:49,625 - DEBUG - % sending keepalive ping
2023-04-13 16:37:49,626 - DEBUG - > PING 90 ce b0 d2 [binary, 4 bytes]
2023-04-13 16:37:49,635 - DEBUG - < PONG 90 ce b0 d2 [binary, 4 bytes]
2023-04-13 16:37:49,637 - DEBUG - % received keepalive pong
2023-04-13 16:38:09,619 - DEBUG - % sending keepalive ping
2023-04-13 16:38:09,620 - DEBUG - > PING 3c 96 c0 b3 [binary, 4 bytes]
2023-04-13 16:38:09,631 - DEBUG - < PONG 3c 96 c0 b3 [binary, 4 bytes]
2023-04-13 16:38:09,635 - DEBUG - % received keepalive pong
2023-04-13 16:38:29,620 - DEBUG - % sending keepalive ping
2023-04-13 16:38:29,621 - DEBUG - > PING eb 7c 68 86 [binary, 4 bytes]
2023-04-13 16:38:29,630 - DEBUG - < PONG eb 7c 68 86 [binary, 4 bytes]
2023-04-13 16:38:29,632 - DEBUG - % received keepalive pong
2023-04-13 16:38:49,621 - DEBUG - % sending keepalive ping
2023-04-13 16:38:49,622 - DEBUG - > PING 00 21 80 e3 [binary, 4 bytes]
2023-04-13 16:38:49,633 - DEBUG - < PONG 00 21 80 e3 [binary, 4 bytes]
2023-04-13 16:38:49,637 - DEBUG - % received keepalive pong
2023-04-13 16:39:09,629 - DEBUG - % sending keepalive ping
2023-04-13 16:39:09,630 - DEBUG - > PING ad 1c ac 11 [binary, 4 bytes]
2023-04-13 16:39:09,639 - DEBUG - < PONG ad 1c ac 11 [binary, 4 bytes]
2023-04-13 16:39:09,640 - DEBUG - % received keepalive pong
2023-04-13 16:39:29,618 - DEBUG - % sending keepalive ping
2023-04-13 16:39:29,618 - DEBUG - > PING 17 12 84 9a [binary, 4 bytes]
2023-04-13 16:39:29,630 - DEBUG - < PONG 17 12 84 9a [binary, 4 bytes]
2023-04-13 16:39:29,633 - DEBUG - % received keepalive pong
2023-04-13 16:39:49,622 - DEBUG - % sending keepalive ping
2023-04-13 16:39:49,622 - DEBUG - > PING 90 0c 7e b8 [binary, 4 bytes]
2023-04-13 16:39:49,630 - DEBUG - < PONG 90 0c 7e b8 [binary, 4 bytes]
2023-04-13 16:39:49,633 - DEBUG - % received keepalive pong
2023-04-13 16:40:09,629 - DEBUG - % sending keepalive ping
2023-04-13 16:40:09,629 - DEBUG - > PING 07 33 82 f6 [binary, 4 bytes]
2023-04-13 16:40:09,638 - DEBUG - < PONG 07 33 82 f6 [binary, 4 bytes]
2023-04-13 16:40:09,640 - DEBUG - % received keepalive pong
2023-04-13 16:40:29,619 - DEBUG - % sending keepalive ping
2023-04-13 16:40:29,619 - DEBUG - > PING 93 71 dc 56 [binary, 4 bytes]
2023-04-13 16:40:29,626 - DEBUG - < PONG 93 71 dc 56 [binary, 4 bytes]
2023-04-13 16:40:29,628 - DEBUG - % received keepalive pong
2023-04-13 16:40:49,624 - DEBUG - % sending keepalive ping
2023-04-13 16:40:49,624 - DEBUG - > PING 33 08 44 9e [binary, 4 bytes]
2023-04-13 16:40:49,632 - DEBUG - < PONG 33 08 44 9e [binary, 4 bytes]
2023-04-13 16:40:49,634 - DEBUG - % received keepalive pong
2023-04-13 16:41:09,617 - DEBUG - % sending keepalive ping
2023-04-13 16:41:09,617 - DEBUG - > PING 16 70 80 1e [binary, 4 bytes]
2023-04-13 16:41:09,629 - DEBUG - < PONG 16 70 80 1e [binary, 4 bytes]
2023-04-13 16:41:09,636 - DEBUG - % received keepalive pong
2023-04-13 16:41:29,626 - DEBUG - % sending keepalive ping
2023-04-13 16:41:29,626 - DEBUG - > PING f5 2a 54 0a [binary, 4 bytes]
2023-04-13 16:41:29,635 - DEBUG - < PONG f5 2a 54 0a [binary, 4 bytes]
2023-04-13 16:41:29,641 - DEBUG - % received keepalive pong
2023-04-13 16:41:49,629 - DEBUG - % sending keepalive ping
2023-04-13 16:41:49,629 - DEBUG - > PING 0c 21 b7 3a [binary, 4 bytes]
2023-04-13 16:41:49,637 - DEBUG - < PONG 0c 21 b7 3a [binary, 4 bytes]
2023-04-13 16:41:49,640 - DEBUG - % received keepalive pong
2023-04-13 16:42:09,617 - DEBUG - % sending keepalive ping
2023-04-13 16:42:09,618 - DEBUG - > PING 51 a2 1b 73 [binary, 4 bytes]
2023-04-13 16:42:09,628 - DEBUG - < PONG 51 a2 1b 73 [binary, 4 bytes]
2023-04-13 16:42:09,631 - DEBUG - % received keepalive pong
2023-04-13 16:42:29,621 - DEBUG - % sending keepalive ping
2023-04-13 16:42:29,621 - DEBUG - > PING ee ed c9 bb [binary, 4 bytes]
2023-04-13 16:42:29,636 - DEBUG - < PONG ee ed c9 bb [binary, 4 bytes]
2023-04-13 16:42:29,637 - DEBUG - % received keepalive pong
2023-04-13 16:42:49,620 - DEBUG - % sending keepalive ping
2023-04-13 16:42:49,621 - DEBUG - > PING 84 15 d2 74 [binary, 4 bytes]
2023-04-13 16:42:49,629 - DEBUG - < PONG 84 15 d2 74 [binary, 4 bytes]
2023-04-13 16:42:49,630 - DEBUG - % received keepalive pong
2023-04-13 16:43:09,623 - DEBUG - % sending keepalive ping
2023-04-13 16:43:09,623 - DEBUG - > PING 7f 0e 89 9d [binary, 4 bytes]
2023-04-13 16:43:09,631 - DEBUG - < PONG 7f 0e 89 9d [binary, 4 bytes]
2023-04-13 16:43:09,635 - DEBUG - % received keepalive pong
2023-04-13 16:43:24,723 - DEBUG - < CLOSE 1001 (going away) Going away [12 bytes]
2023-04-13 16:43:24,723 - DEBUG - = connection is CLOSING
2023-04-13 16:43:24,723 - DEBUG - > CLOSE 1001 (going away) Going away [12 bytes]
2023-04-13 16:43:24,733 - DEBUG - = connection is CLOSED
2023-04-17 09:43:47,402 - DEBUG - = connection is CONNECTING
2023-04-17 09:43:47,477 - DEBUG - > GET /ocpp16/ELA007C05/EVSCA050001 HTTP/1.1
2023-04-17 09:43:47,477 - DEBUG - > Host: ws.devevspcharger.uplus.co.kr
2023-04-17 09:43:47,478 - DEBUG - > Upgrade: websocket
2023-04-17 09:43:47,478 - DEBUG - > Connection: Upgrade
2023-04-17 09:43:47,478 - DEBUG - > Sec-WebSocket-Key: bI91KzsPopqHNlltA+YGbA==
2023-04-17 09:43:47,478 - DEBUG - > Sec-WebSocket-Version: 13
2023-04-17 09:43:47,478 - DEBUG - > Sec-WebSocket-Extensions: permessage-deflate; client_max_window_bits
2023-04-17 09:43:47,478 - DEBUG - > Sec-WebSocket-Protocol: ocpp1.6
2023-04-17 09:43:47,478 - DEBUG - > Authorization: Basic RVZBUjpFVkFSTEdV
2023-04-17 09:43:47,478 - DEBUG - > User-Agent: Python/3.11 websockets/10.4
2023-04-17 09:43:48,989 - DEBUG - < HTTP/1.1 101 Switching Protocols
2023-04-17 09:43:48,989 - DEBUG - < Connection: upgrade
2023-04-17 09:43:48,989 - DEBUG - < Date: Mon, 17 Apr 2023 00:43:37 GMT
2023-04-17 09:43:48,989 - DEBUG - < sec-websocket-protocol: ocpp1.6
2023-04-17 09:43:48,990 - DEBUG - < upgrade: websocket
2023-04-17 09:43:48,990 - DEBUG - < sec-websocket-accept: 3LaomoMQP9E6tRgU1kLFKrASsQ4=
2023-04-17 09:43:48,990 - DEBUG - < sec-websocket-extensions: permessage-deflate
2023-04-17 09:43:48,990 - DEBUG - < X-Cache: Miss from cloudfront
2023-04-17 09:43:48,990 - DEBUG - < Via: 1.1 702d274aeab676890c1a399c8e170886.cloudfront.net (CloudFront)
2023-04-17 09:43:48,990 - DEBUG - < X-Amz-Cf-Pop: ICN57-P2
2023-04-17 09:43:48,990 - DEBUG - < X-Amz-Cf-Id: FKD6rqE0gSU6J6M9HnjQG1PE0S51D4eu5EaLUdfgGOdEJfKaiQ9pmw==
2023-04-17 09:43:48,998 - DEBUG - = connection is OPEN
2023-04-17 09:43:49,019 - DEBUG - > TEXT '[2, "056ed49f-ac3f-42dd-aa87-c5660a2c4edf", "Bo...ePointVendor": "EVAR"}]' [127 bytes]
2023-04-17 09:43:49,597 - DEBUG - < TEXT '[3, "056ed49f-ac3f-42dd-aa87-c5660a2c4edf", {"s...38Z", "interval": 600}]' [123 bytes]
2023-04-17 09:43:49,614 - DEBUG - > TEXT '[2, "056ed49f-ac3f-42dd-aa87-c5660a2c4edf", "St..."status": "Available"}]' [132 bytes]
2023-04-17 09:43:50,806 - DEBUG - < TEXT '[3, "056ed49f-ac3f-42dd-aa87-c5660a2c4edf", {}]' [47 bytes]
2023-04-17 09:43:50,827 - DEBUG - > TEXT '[2, "056ed49f-ac3f-42dd-aa87-c5660a2c4edf", "Au...": "1031040000069641"}]' [87 bytes]
2023-04-17 09:43:51,377 - DEBUG - < TEXT '[3, "056ed49f-ac3f-42dd-aa87-c5660a2c4edf", {"i..."status": "Accepted"}}]' [82 bytes]
2023-04-17 09:43:51,397 - DEBUG - = connection is CLOSING
2023-04-17 09:43:51,397 - DEBUG - > CLOSE 1000 (OK) [2 bytes]
2023-04-17 09:43:51,405 - DEBUG - < CLOSE 1000 (OK) [2 bytes]
2023-04-17 09:43:51,411 - DEBUG - = connection is CLOSED
2023-04-17 10:09:03,822 - DEBUG - = connection is CONNECTING
2023-04-17 10:09:03,861 - DEBUG - > GET /ocpp16/ELA007C05/EVSCA050001 HTTP/1.1
2023-04-17 10:09:03,861 - DEBUG - > Host: ws.devevspcharger.uplus.co.kr
2023-04-17 10:09:03,862 - DEBUG - > Upgrade: websocket
2023-04-17 10:09:03,862 - DEBUG - > Connection: Upgrade
2023-04-17 10:09:03,862 - DEBUG - > Sec-WebSocket-Key: J5rjw2TnK3cBlRIPjIqBsg==
2023-04-17 10:09:03,862 - DEBUG - > Sec-WebSocket-Version: 13
2023-04-17 10:09:03,862 - DEBUG - > Sec-WebSocket-Extensions: permessage-deflate; client_max_window_bits
2023-04-17 10:09:03,863 - DEBUG - > Sec-WebSocket-Protocol: ocpp1.6
2023-04-17 10:09:03,863 - DEBUG - > Authorization: Basic RVZBUjpFVkFSTEdV
2023-04-17 10:09:03,863 - DEBUG - > User-Agent: Python/3.11 websockets/10.4
2023-04-17 10:09:04,069 - DEBUG - < HTTP/1.1 101 Switching Protocols
2023-04-17 10:09:04,069 - DEBUG - < Connection: upgrade
2023-04-17 10:09:04,069 - DEBUG - < Date: Mon, 17 Apr 2023 01:08:53 GMT
2023-04-17 10:09:04,069 - DEBUG - < sec-websocket-protocol: ocpp1.6
2023-04-17 10:09:04,069 - DEBUG - < upgrade: websocket
2023-04-17 10:09:04,069 - DEBUG - < sec-websocket-accept: Gbk2BrT/N1Loq0JYlod4umKAyDQ=
2023-04-17 10:09:04,069 - DEBUG - < sec-websocket-extensions: permessage-deflate
2023-04-17 10:09:04,069 - DEBUG - < X-Cache: Miss from cloudfront
2023-04-17 10:09:04,069 - DEBUG - < Via: 1.1 0deed69f96030eea747cb7bfcfd21562.cloudfront.net (CloudFront)
2023-04-17 10:09:04,070 - DEBUG - < X-Amz-Cf-Pop: ICN57-P2
2023-04-17 10:09:04,070 - DEBUG - < X-Amz-Cf-Id: NSaEsIAL0QxOOlBsOaPSxhgoW_euPJ049xg1GGykEMJc-G39nP_7wA==
2023-04-17 10:09:04,070 - DEBUG - = connection is OPEN
2023-04-17 10:09:04,093 - DEBUG - > TEXT '[2, "d1e1c110-a61c-44e2-8c57-3951fc1899de", "Bo...ePointVendor": "EVAR"}]' [127 bytes]
2023-04-17 10:09:04,513 - DEBUG - < TEXT '[3, "d1e1c110-a61c-44e2-8c57-3951fc1899de", {"s...53Z", "interval": 600}]' [123 bytes]
2023-04-17 10:09:04,553 - DEBUG - > TEXT '[2, "d1e1c110-a61c-44e2-8c57-3951fc1899de", "St..."status": "Available"}]' [132 bytes]
2023-04-17 10:09:04,772 - DEBUG - < TEXT '[3, "d1e1c110-a61c-44e2-8c57-3951fc1899de", {}]' [47 bytes]
2023-04-17 10:09:04,805 - DEBUG - > TEXT '[2, "d1e1c110-a61c-44e2-8c57-3951fc1899de", "Au...": "1031040000069641"}]' [87 bytes]
2023-04-17 10:09:06,322 - DEBUG - < TEXT '[3, "d1e1c110-a61c-44e2-8c57-3951fc1899de", {"i..."status": "Accepted"}}]' [82 bytes]
2023-04-17 10:09:06,348 - DEBUG - = connection is CLOSING
2023-04-17 10:09:06,349 - DEBUG - > CLOSE 1000 (OK) [2 bytes]
2023-04-17 10:09:06,356 - DEBUG - < CLOSE 1000 (OK) [2 bytes]
2023-04-17 10:09:06,360 - DEBUG - = connection is CLOSED
2023-04-17 10:10:25,706 - DEBUG - = connection is CONNECTING
2023-04-17 10:10:25,754 - DEBUG - > GET /ocpp16/ELA007C05/EVSCA050001 HTTP/1.1
2023-04-17 10:10:25,754 - DEBUG - > Host: ws.devevspcharger.uplus.co.kr
2023-04-17 10:10:25,754 - DEBUG - > Upgrade: websocket
2023-04-17 10:10:25,754 - DEBUG - > Connection: Upgrade
2023-04-17 10:10:25,754 - DEBUG - > Sec-WebSocket-Key: elSB7BBXvsOkLSX+HEM9ug==
2023-04-17 10:10:25,755 - DEBUG - > Sec-WebSocket-Version: 13
2023-04-17 10:10:25,755 - DEBUG - > Sec-WebSocket-Extensions: permessage-deflate; client_max_window_bits
2023-04-17 10:10:25,755 - DEBUG - > Sec-WebSocket-Protocol: ocpp1.6
2023-04-17 10:10:25,755 - DEBUG - > Authorization: Basic RVZBUjpFVkFSTEdV
2023-04-17 10:10:25,755 - DEBUG - > User-Agent: Python/3.11 websockets/10.4
2023-04-17 10:10:26,426 - DEBUG - < HTTP/1.1 101 Switching Protocols
2023-04-17 10:10:26,426 - DEBUG - < Connection: upgrade
2023-04-17 10:10:26,427 - DEBUG - < Date: Mon, 17 Apr 2023 01:10:15 GMT
2023-04-17 10:10:26,428 - DEBUG - < sec-websocket-protocol: ocpp1.6
2023-04-17 10:10:26,428 - DEBUG - < upgrade: websocket
2023-04-17 10:10:26,428 - DEBUG - < sec-websocket-accept: iKIV6ZZvWPOaR/yfTA5GefvSaRo=
2023-04-17 10:10:26,429 - DEBUG - < sec-websocket-extensions: permessage-deflate
2023-04-17 10:10:26,429 - DEBUG - < X-Cache: Miss from cloudfront
2023-04-17 10:10:26,429 - DEBUG - < Via: 1.1 ed381f097aa0b01d66b2d35ea090af18.cloudfront.net (CloudFront)
2023-04-17 10:10:26,429 - DEBUG - < X-Amz-Cf-Pop: ICN51-C2
2023-04-17 10:10:26,429 - DEBUG - < X-Amz-Cf-Id: XZWdTp4zA5h44gyV48U-IaYPVNEWrMHAmGVK7nRt9q75MjKxXEjWvA==
2023-04-17 10:10:26,429 - DEBUG - = connection is OPEN
2023-04-17 10:10:26,465 - DEBUG - > TEXT '[2, "6490ee6f-282c-4c9e-8eaf-db023cb63018", "Bo...ePointVendor": "EVAR"}]' [127 bytes]
2023-04-17 10:10:26,894 - DEBUG - < TEXT '[3, "6490ee6f-282c-4c9e-8eaf-db023cb63018", {"s...15Z", "interval": 600}]' [123 bytes]
2023-04-17 10:10:26,939 - DEBUG - > TEXT '[2, "6490ee6f-282c-4c9e-8eaf-db023cb63018", "St..."status": "Available"}]' [132 bytes]
2023-04-17 10:10:27,176 - DEBUG - < TEXT '[3, "6490ee6f-282c-4c9e-8eaf-db023cb63018", {}]' [47 bytes]
2023-04-17 10:10:27,208 - DEBUG - > TEXT '[2, "6490ee6f-282c-4c9e-8eaf-db023cb63018", "Au...": "1031040000069641"}]' [87 bytes]
2023-04-17 10:10:27,459 - DEBUG - < TEXT '[3, "6490ee6f-282c-4c9e-8eaf-db023cb63018", {"i..."status": "Accepted"}}]' [82 bytes]
2023-04-17 10:10:27,491 - DEBUG - > TEXT '[2, "a424a3d8-5d96-49e0-bd95-0fa3806e2d77", "St...2023-04-17T10:10:25Z"}]' [170 bytes]
2023-04-17 10:10:28,736 - DEBUG - < TEXT '[3, "a424a3d8-5d96-49e0-bd95-0fa3806e2d77", {"t..."status": "Accepted"}}]' [110 bytes]
2023-04-17 10:10:28,792 - DEBUG - > TEXT '[2, "6490ee6f-282c-4c9e-8eaf-db023cb63018", "St... "status": "Charging"}]' [131 bytes]
2023-04-17 10:10:28,997 - DEBUG - < TEXT '[3, "6490ee6f-282c-4c9e-8eaf-db023cb63018", {}]' [47 bytes]
2023-04-17 10:10:29,048 - DEBUG - > TEXT '[2, "bb53ec01-4251-4d30-828e-33e49368d5db", "Me...er", "unit": "Wh"}]}]}]' [259 bytes]
2023-04-17 10:10:29,400 - DEBUG - < TEXT '[3, "bb53ec01-4251-4d30-828e-33e49368d5db", {}]' [47 bytes]
2023-04-17 10:10:29,450 - DEBUG - > TEXT '[2, "b0544d6e-e43e-4e26-888a-6a5c2504e5f7", "St...sactionId": 120533827}]' [149 bytes]
2023-04-17 10:10:30,075 - DEBUG - < TEXT '[3, "b0544d6e-e43e-4e26-888a-6a5c2504e5f7", {"i..."status": "Accepted"}}]' [82 bytes]
2023-04-17 10:10:30,136 - DEBUG - > TEXT '[2, "6490ee6f-282c-4c9e-8eaf-db023cb63018", "St..."status": "Finishing"}]' [132 bytes]
2023-04-17 10:10:30,344 - DEBUG - < TEXT '[3, "6490ee6f-282c-4c9e-8eaf-db023cb63018", {}]' [47 bytes]
2023-04-17 10:10:30,400 - DEBUG - > TEXT '[2, "6490ee6f-282c-4c9e-8eaf-db023cb63018", "St..."status": "Available"}]' [132 bytes]
2023-04-17 10:10:30,595 - DEBUG - < TEXT '[3, "6490ee6f-282c-4c9e-8eaf-db023cb63018", {}]' [47 bytes]
2023-04-17 10:10:30,620 - DEBUG - = connection is CLOSING
2023-04-17 10:10:30,621 - DEBUG - > CLOSE 1000 (OK) [2 bytes]
2023-04-17 10:10:30,633 - DEBUG - < CLOSE 1000 (OK) [2 bytes]
2023-04-17 10:10:30,638 - DEBUG - = connection is CLOSED
2023-04-17 10:12:19,862 - DEBUG - = connection is CONNECTING
2023-04-17 10:12:19,895 - DEBUG - > GET /ocpp16/ELA007C05/EVSCA050001 HTTP/1.1
2023-04-17 10:12:19,896 - DEBUG - > Host: ws.devevspcharger.uplus.co.kr
2023-04-17 10:12:19,896 - DEBUG - > Upgrade: websocket
2023-04-17 10:12:19,896 - DEBUG - > Connection: Upgrade
2023-04-17 10:12:19,896 - DEBUG - > Sec-WebSocket-Key: iYUl1A29DSgrUH9XAa0G8Q==
2023-04-17 10:12:19,896 - DEBUG - > Sec-WebSocket-Version: 13
2023-04-17 10:12:19,896 - DEBUG - > Sec-WebSocket-Extensions: permessage-deflate; client_max_window_bits
2023-04-17 10:12:19,896 - DEBUG - > Sec-WebSocket-Protocol: ocpp1.6
2023-04-17 10:12:19,896 - DEBUG - > Authorization: Basic RVZBUjpFVkFSTEdV
2023-04-17 10:12:19,896 - DEBUG - > User-Agent: Python/3.11 websockets/10.4
2023-04-17 10:12:20,408 - DEBUG - < HTTP/1.1 101 Switching Protocols
2023-04-17 10:12:20,409 - DEBUG - < Connection: upgrade
2023-04-17 10:12:20,409 - DEBUG - < Date: Mon, 17 Apr 2023 01:12:09 GMT
2023-04-17 10:12:20,409 - DEBUG - < sec-websocket-protocol: ocpp1.6
2023-04-17 10:12:20,409 - DEBUG - < upgrade: websocket
2023-04-17 10:12:20,409 - DEBUG - < sec-websocket-accept: KFeYFekMK95qkgcMqi7q04OBV4U=
2023-04-17 10:12:20,410 - DEBUG - < sec-websocket-extensions: permessage-deflate
2023-04-17 10:12:20,410 - DEBUG - < X-Cache: Miss from cloudfront
2023-04-17 10:12:20,410 - DEBUG - < Via: 1.1 013a9ec825a751410eced78024a9ae1a.cloudfront.net (CloudFront)
2023-04-17 10:12:20,410 - DEBUG - < X-Amz-Cf-Pop: ICN57-P2
2023-04-17 10:12:20,410 - DEBUG - < X-Amz-Cf-Id: 2l0wmbCy0nsVj8EboYsoKAoIjyRelxWtPj7lW_2kW5oC0YsiaYpIYA==
2023-04-17 10:12:20,410 - DEBUG - = connection is OPEN
2023-04-17 10:12:20,437 - DEBUG - > TEXT '[2, "a46e480d-c533-4a04-a4ba-a27aa6d8acd3", "Bo...ePointVendor": "EVAR"}]' [127 bytes]
2023-04-17 10:12:20,854 - DEBUG - < TEXT '[3, "a46e480d-c533-4a04-a4ba-a27aa6d8acd3", {"s...09Z", "interval": 600}]' [123 bytes]
2023-04-17 10:12:20,886 - DEBUG - > TEXT '[2, "a46e480d-c533-4a04-a4ba-a27aa6d8acd3", "Au...": "1031040000069641"}]' [87 bytes]
2023-04-17 10:12:21,194 - DEBUG - < TEXT '[3, "a46e480d-c533-4a04-a4ba-a27aa6d8acd3", {"i..."status": "Accepted"}}]' [82 bytes]
2023-04-17 10:12:21,228 - DEBUG - > TEXT '[2, "a46e480d-c533-4a04-a4ba-a27aa6d8acd3", "St..."status": "Preparing"}]' [132 bytes]
2023-04-17 10:12:21,424 - DEBUG - < TEXT '[3, "a46e480d-c533-4a04-a4ba-a27aa6d8acd3", {}]' [47 bytes]
2023-04-17 10:12:21,447 - DEBUG - > TEXT '[2, "e1a93ef5-41de-4d8d-b401-9ebb861730ee", "St...2023-04-17T10:12:19Z"}]' [170 bytes]
2023-04-17 10:12:22,000 - DEBUG - < TEXT '[3, "e1a93ef5-41de-4d8d-b401-9ebb861730ee", {"t..."status": "Accepted"}}]' [110 bytes]
2023-04-17 10:12:22,042 - DEBUG - > TEXT '[2, "a46e480d-c533-4a04-a4ba-a27aa6d8acd3", "St... "status": "Charging"}]' [131 bytes]
2023-04-17 10:12:22,231 - DEBUG - < TEXT '[3, "a46e480d-c533-4a04-a4ba-a27aa6d8acd3", {}]' [47 bytes]
2023-04-17 10:12:22,273 - DEBUG - > TEXT '[2, "b0b2ab5f-1f90-4ef7-9ee0-842b0346e50e", "Me...er", "unit": "Wh"}]}]}]' [259 bytes]
2023-04-17 10:12:22,514 - DEBUG - < TEXT '[3, "b0b2ab5f-1f90-4ef7-9ee0-842b0346e50e", {}]' [47 bytes]
2023-04-17 10:12:22,552 - DEBUG - > TEXT '[2, "b632ba79-a1f9-46ab-ac3f-5139ae5a1503", "St...sactionId": 120533828}]' [149 bytes]
2023-04-17 10:12:23,013 - DEBUG - < TEXT '[3, "b632ba79-a1f9-46ab-ac3f-5139ae5a1503", {"i..."status": "Accepted"}}]' [82 bytes]
2023-04-17 10:12:23,063 - DEBUG - > TEXT '[2, "a46e480d-c533-4a04-a4ba-a27aa6d8acd3", "St..."status": "Finishing"}]' [132 bytes]
2023-04-17 10:12:23,277 - DEBUG - < TEXT '[3, "a46e480d-c533-4a04-a4ba-a27aa6d8acd3", {}]' [47 bytes]
2023-04-17 10:12:23,322 - DEBUG - > TEXT '[2, "a46e480d-c533-4a04-a4ba-a27aa6d8acd3", "St..."status": "Available"}]' [132 bytes]
2023-04-17 10:12:23,533 - DEBUG - < TEXT '[3, "a46e480d-c533-4a04-a4ba-a27aa6d8acd3", {}]' [47 bytes]
2023-04-17 10:12:23,557 - DEBUG - = connection is CLOSING
2023-04-17 10:12:23,558 - DEBUG - > CLOSE 1000 (OK) [2 bytes]
2023-04-17 10:12:23,565 - DEBUG - < CLOSE 1000 (OK) [2 bytes]
2023-04-17 10:12:23,568 - DEBUG - = connection is CLOSED
2023-04-17 10:13:32,025 - DEBUG - = connection is CONNECTING
2023-04-17 10:13:32,063 - DEBUG - > GET /ocpp16/ELA007C05/EVSCA050001 HTTP/1.1
2023-04-17 10:13:32,064 - DEBUG - > Host: ws.devevspcharger.uplus.co.kr
2023-04-17 10:13:32,064 - DEBUG - > Upgrade: websocket
2023-04-17 10:13:32,064 - DEBUG - > Connection: Upgrade
2023-04-17 10:13:32,064 - DEBUG - > Sec-WebSocket-Key: ia/Hwp8LSIMZ4Ha3bXWy7A==
2023-04-17 10:13:32,064 - DEBUG - > Sec-WebSocket-Version: 13
2023-04-17 10:13:32,064 - DEBUG - > Sec-WebSocket-Extensions: permessage-deflate; client_max_window_bits
2023-04-17 10:13:32,064 - DEBUG - > Sec-WebSocket-Protocol: ocpp1.6
2023-04-17 10:13:32,065 - DEBUG - > Authorization: Basic RVZBUjpFVkFSTEdV
2023-04-17 10:13:32,065 - DEBUG - > User-Agent: Python/3.11 websockets/10.4
2023-04-17 10:13:32,554 - DEBUG - < HTTP/1.1 101 Switching Protocols
2023-04-17 10:13:32,554 - DEBUG - < Connection: upgrade
2023-04-17 10:13:32,554 - DEBUG - < Date: Mon, 17 Apr 2023 01:13:21 GMT
2023-04-17 10:13:32,554 - DEBUG - < sec-websocket-protocol: ocpp1.6
2023-04-17 10:13:32,554 - DEBUG - < upgrade: websocket
2023-04-17 10:13:32,555 - DEBUG - < sec-websocket-accept: SYBTKTd9+4i+ckOK5TFkyrsn7Yg=
2023-04-17 10:13:32,555 - DEBUG - < sec-websocket-extensions: permessage-deflate
2023-04-17 10:13:32,555 - DEBUG - < X-Cache: Miss from cloudfront
2023-04-17 10:13:32,555 - DEBUG - < Via: 1.1 8e619a006d3eebbe44543457c797a4f0.cloudfront.net (CloudFront)
2023-04-17 10:13:32,555 - DEBUG - < X-Amz-Cf-Pop: ICN57-P2
2023-04-17 10:13:32,555 - DEBUG - < X-Amz-Cf-Id: TzlAOTfzWfAy1RUKD007v7WjBYhcgb1H8xur4dhrWbikawOyeTP5QA==
2023-04-17 10:13:32,555 - DEBUG - = connection is OPEN
2023-04-17 10:13:32,584 - DEBUG - > TEXT '[2, "e7f037c1-8918-4bed-905e-56e146085d65", "Bo...ePointVendor": "EVAR"}]' [127 bytes]
2023-04-17 10:13:33,101 - DEBUG - < TEXT '[3, "e7f037c1-8918-4bed-905e-56e146085d65", {"s...21Z", "interval": 600}]' [123 bytes]
2023-04-17 10:13:33,133 - ERROR - Task exception was never retrieved
future: <Task finished name='Task-20' coro=<ChargerSim.startEvent() done, defined at D:\workspace\wss\main.py:124> exception=TypeError("string indices must be integers, not 'str'")>
Traceback (most recent call last):
  File "D:\workspace\wss\main.py", line 144, in startEvent
    await self.charger.runcase(self.TC_selected if len(self.TC_selected.keys())>0 else self.TC)
  File "D:\workspace\wss\Charger.py", line 343, in runcase
    doc = self.ocppdocs[c[1]]
          ~~~~~~~~~~~~~^^^^^^
TypeError: string indices must be integers, not 'str'
2023-04-17 10:13:51,760 - DEBUG - = connection is CONNECTING
2023-04-17 10:13:51,793 - DEBUG - > GET /ocpp16/ELA007C05/EVSCA050001 HTTP/1.1
2023-04-17 10:13:51,793 - DEBUG - > Host: ws.devevspcharger.uplus.co.kr
2023-04-17 10:13:51,793 - DEBUG - > Upgrade: websocket
2023-04-17 10:13:51,793 - DEBUG - > Connection: Upgrade
2023-04-17 10:13:51,794 - DEBUG - > Sec-WebSocket-Key: 4us9yz8AB65ZOMJxw+irdg==
2023-04-17 10:13:51,794 - DEBUG - > Sec-WebSocket-Version: 13
2023-04-17 10:13:51,794 - DEBUG - > Sec-WebSocket-Extensions: permessage-deflate; client_max_window_bits
2023-04-17 10:13:51,794 - DEBUG - > Sec-WebSocket-Protocol: ocpp1.6
2023-04-17 10:13:51,794 - DEBUG - > Authorization: Basic RVZBUjpFVkFSTEdV
2023-04-17 10:13:51,794 - DEBUG - > User-Agent: Python/3.11 websockets/10.4
2023-04-17 10:13:52,081 - DEBUG - < HTTP/1.1 101 Switching Protocols
2023-04-17 10:13:52,081 - DEBUG - < Connection: upgrade
2023-04-17 10:13:52,081 - DEBUG - < Date: Mon, 17 Apr 2023 01:13:41 GMT
2023-04-17 10:13:52,081 - DEBUG - < sec-websocket-protocol: ocpp1.6
2023-04-17 10:13:52,081 - DEBUG - < upgrade: websocket
2023-04-17 10:13:52,081 - DEBUG - < sec-websocket-accept: /tmMvathHqKTiUAa6iPJuw2eVB8=
2023-04-17 10:13:52,081 - DEBUG - < sec-websocket-extensions: permessage-deflate
2023-04-17 10:13:52,081 - DEBUG - < X-Cache: Miss from cloudfront
2023-04-17 10:13:52,081 - DEBUG - < Via: 1.1 98cc70c99d4e07b8cd37265dc48c5a54.cloudfront.net (CloudFront)
2023-04-17 10:13:52,082 - DEBUG - < X-Amz-Cf-Pop: ICN57-P2
2023-04-17 10:13:52,082 - DEBUG - < X-Amz-Cf-Id: b349fwfqyw37GdmTGwaOPXbUfKJwpa_nJgJIYbh7rz44nlJYgS02Ow==
2023-04-17 10:13:52,082 - DEBUG - = connection is OPEN
2023-04-17 10:13:52,111 - DEBUG - > TEXT '[2, "8d2789b8-1173-42ba-b75b-19b930d14901", "Bo...ePointVendor": "EVAR"}]' [127 bytes]
2023-04-17 10:13:52,396 - DEBUG - < TEXT '[3, "8d2789b8-1173-42ba-b75b-19b930d14901", {"s...41Z", "interval": 600}]' [123 bytes]
2023-04-17 10:13:52,423 - ERROR - Task exception was never retrieved
future: <Task finished name='Task-25' coro=<ChargerSim.startEvent() done, defined at D:\workspace\wss\main.py:124> exception=TypeError("string indices must be integers, not 'str'")>
Traceback (most recent call last):
  File "D:\workspace\wss\main.py", line 144, in startEvent
    await self.charger.runcase(self.TC_selected if len(self.TC_selected.keys())>0 else self.TC)
  File "D:\workspace\wss\Charger.py", line 343, in runcase
    doc = self.ocppdocs[c[1]]
          ~~~~~~~~~~~~~^^^^^^
TypeError: string indices must be integers, not 'str'
2023-04-17 10:13:52,568 - DEBUG - % sending keepalive ping
2023-04-17 10:13:52,568 - DEBUG - > PING '\u02ad\x11\x12' [text, 4 bytes]
2023-04-17 10:13:52,618 - DEBUG - < PONG '\u02ad\x11\x12' [text, 4 bytes]
2023-04-17 10:13:52,620 - DEBUG - % received keepalive pong
2023-04-17 10:14:05,721 - DEBUG - = connection is CONNECTING
2023-04-17 10:14:05,752 - DEBUG - > GET /ocpp16/ELA007C05/EVSCA050001 HTTP/1.1
2023-04-17 10:14:05,752 - DEBUG - > Host: ws.devevspcharger.uplus.co.kr
2023-04-17 10:14:05,753 - DEBUG - > Upgrade: websocket
2023-04-17 10:14:05,753 - DEBUG - > Connection: Upgrade
2023-04-17 10:14:05,753 - DEBUG - > Sec-WebSocket-Key: Xrrf3MEq0dgTaLZ6mqtN9A==
2023-04-17 10:14:05,753 - DEBUG - > Sec-WebSocket-Version: 13
2023-04-17 10:14:05,753 - DEBUG - > Sec-WebSocket-Extensions: permessage-deflate; client_max_window_bits
2023-04-17 10:14:05,753 - DEBUG - > Sec-WebSocket-Protocol: ocpp1.6
2023-04-17 10:14:05,753 - DEBUG - > Authorization: Basic RVZBUjpFVkFSTEdV
2023-04-17 10:14:05,753 - DEBUG - > User-Agent: Python/3.11 websockets/10.4
2023-04-17 10:14:06,014 - DEBUG - < HTTP/1.1 101 Switching Protocols
2023-04-17 10:14:06,014 - DEBUG - < Connection: upgrade
2023-04-17 10:14:06,014 - DEBUG - < Date: Mon, 17 Apr 2023 01:13:54 GMT
2023-04-17 10:14:06,014 - DEBUG - < sec-websocket-protocol: ocpp1.6
2023-04-17 10:14:06,014 - DEBUG - < upgrade: websocket
2023-04-17 10:14:06,014 - DEBUG - < sec-websocket-accept: /7Qp342IFoNsZQCF1EEI6g/lRJo=
2023-04-17 10:14:06,014 - DEBUG - < sec-websocket-extensions: permessage-deflate
2023-04-17 10:14:06,014 - DEBUG - < X-Cache: Miss from cloudfront
2023-04-17 10:14:06,014 - DEBUG - < Via: 1.1 96d5e926418becbc899e1a730ab37236.cloudfront.net (CloudFront)
2023-04-17 10:14:06,014 - DEBUG - < X-Amz-Cf-Pop: ICN57-P2
2023-04-17 10:14:06,015 - DEBUG - < X-Amz-Cf-Id: RBA7Po-QkPwRsvpnFYD_SwTDDn8Ej2NEI_Du_hjJDJ8DPHmT1TN3tQ==
2023-04-17 10:14:06,015 - DEBUG - = connection is OPEN
2023-04-17 10:14:06,039 - DEBUG - > TEXT '[2, "ed6e2dbc-461b-4165-8521-9094d67034d3", "Bo...ePointVendor": "EVAR"}]' [127 bytes]
2023-04-17 10:14:06,317 - DEBUG - < TEXT '[3, "ed6e2dbc-461b-4165-8521-9094d67034d3", {"s...55Z", "interval": 600}]' [123 bytes]
2023-04-17 10:14:08,568 - DEBUG - Starting new HTTPS connection (1): rgw.devevspcharger.uplus.co.kr:443
2023-04-17 10:14:09,969 - DEBUG - https://rgw.devevspcharger.uplus.co.kr:443 "POST /ioc HTTP/1.1" 200 163
2023-04-17 10:14:09,984 - DEBUG - < TEXT '[2, "9b0a020d-4562-4de2-9266-bb714242bb7b", "Ch...nKey", "value": "300"}]' [118 bytes]
2023-04-17 10:14:09,988 - DEBUG - > TEXT '[3, "9b0a020d-4562-4de2-9266-bb714242bb7b", {"status": "Accepted"}]' [67 bytes]
2023-04-17 10:14:10,484 - DEBUG - < TEXT '' [0 bytes]
2023-04-17 10:14:12,092 - DEBUG - % sending keepalive ping
2023-04-17 10:14:12,092 - DEBUG - > PING 18 2f a8 d0 [binary, 4 bytes]
2023-04-17 10:14:12,099 - DEBUG - < PONG 18 2f a8 d0 [binary, 4 bytes]
2023-04-17 10:14:12,102 - DEBUG - % received keepalive pong
2023-04-17 10:14:12,595 - DEBUG - % sending keepalive ping
2023-04-17 10:14:12,595 - DEBUG - > PING 7e fd ae b6 [binary, 4 bytes]
2023-04-17 10:14:12,604 - DEBUG - < PONG 7e fd ae b6 [binary, 4 bytes]
2023-04-17 10:14:12,606 - DEBUG - % received keepalive pong
2023-04-17 10:14:14,921 - DEBUG - Starting new HTTPS connection (1): rgw.devevspcharger.uplus.co.kr:443
2023-04-17 10:14:15,354 - DEBUG - https://rgw.devevspcharger.uplus.co.kr:443 "POST /ioc HTTP/1.1" 200 106
2023-04-17 10:14:15,365 - DEBUG - < TEXT '[2, "17fdc1f4-fa8e-44b1-a6e0-244a5e1f5680", "ClearCache", {}]' [61 bytes]
2023-04-17 10:14:15,370 - DEBUG - > TEXT '[3, "17fdc1f4-fa8e-44b1-a6e0-244a5e1f5680", {"status": "Accepted"}]' [67 bytes]
2023-04-17 10:14:15,510 - DEBUG - < TEXT '' [0 bytes]
2023-04-17 10:14:15,539 - DEBUG - > TEXT '[2, "ed6e2dbc-461b-4165-8521-9094d67034d3", "Au...": "1031040000069641"}]' [87 bytes]
2023-04-17 10:14:15,808 - DEBUG - < TEXT '[3, "ed6e2dbc-461b-4165-8521-9094d67034d3", {"i..."status": "Accepted"}}]' [82 bytes]
2023-04-17 10:14:15,834 - DEBUG - > TEXT '[2, "ed6e2dbc-461b-4165-8521-9094d67034d3", "St..."status": "Preparing"}]' [132 bytes]
2023-04-17 10:14:16,013 - DEBUG - < TEXT '[3, "ed6e2dbc-461b-4165-8521-9094d67034d3", {}]' [47 bytes]
2023-04-17 10:14:16,037 - DEBUG - > TEXT '[2, "ed6e2dbc-461b-4165-8521-9094d67034d3", "St..."status": "Available"}]' [132 bytes]
2023-04-17 10:14:16,268 - DEBUG - < TEXT '[3, "ed6e2dbc-461b-4165-8521-9094d67034d3", {}]' [47 bytes]
2023-04-17 10:14:16,285 - DEBUG - = connection is CLOSING
2023-04-17 10:14:16,285 - DEBUG - > CLOSE 1000 (OK) [2 bytes]
2023-04-17 10:14:16,293 - DEBUG - < CLOSE 1000 (OK) [2 bytes]
2023-04-17 10:14:16,302 - DEBUG - = connection is CLOSED
2023-04-17 10:14:32,100 - DEBUG - % sending keepalive ping
2023-04-17 10:14:32,100 - DEBUG - > PING 05 b0 e3 0f [binary, 4 bytes]
2023-04-17 10:14:32,107 - DEBUG - < PONG 05 b0 e3 0f [binary, 4 bytes]
2023-04-17 10:14:32,115 - DEBUG - % received keepalive pong
2023-04-17 10:14:32,593 - DEBUG - % sending keepalive ping
2023-04-17 10:14:32,593 - DEBUG - > PING 'L\x17\x16M' [text, 4 bytes]
2023-04-17 10:14:32,603 - DEBUG - < PONG 'L\x17\x16M' [text, 4 bytes]
2023-04-17 10:14:32,610 - DEBUG - % received keepalive pong
2023-04-17 10:14:52,103 - DEBUG - % sending keepalive ping
2023-04-17 10:14:52,103 - DEBUG - > PING b3 1d 7d 66 [binary, 4 bytes]
2023-04-17 10:14:52,125 - DEBUG - < PONG b3 1d 7d 66 [binary, 4 bytes]
2023-04-17 10:14:52,127 - DEBUG - % received keepalive pong
2023-04-17 10:14:52,602 - DEBUG - % sending keepalive ping
2023-04-17 10:14:52,602 - DEBUG - > PING 00 03 54 83 [binary, 4 bytes]
2023-04-17 10:14:52,610 - DEBUG - < PONG 00 03 54 83 [binary, 4 bytes]
2023-04-17 10:14:52,614 - DEBUG - % received keepalive pong
2023-04-17 10:15:12,123 - DEBUG - % sending keepalive ping
2023-04-17 10:15:12,123 - DEBUG - > PING 'J\x01y0' [text, 4 bytes]
2023-04-17 10:15:12,130 - DEBUG - < PONG 'J\x01y0' [text, 4 bytes]
2023-04-17 10:15:12,133 - DEBUG - % received keepalive pong
2023-04-17 10:15:12,596 - DEBUG - % sending keepalive ping
2023-04-17 10:15:12,596 - DEBUG - > PING 80 68 39 49 [binary, 4 bytes]
2023-04-17 10:15:12,604 - DEBUG - < PONG 80 68 39 49 [binary, 4 bytes]
2023-04-17 10:15:12,609 - DEBUG - % received keepalive pong
2023-04-17 10:15:32,126 - DEBUG - % sending keepalive ping
2023-04-17 10:15:32,126 - DEBUG - > PING 89 b1 86 86 [binary, 4 bytes]
2023-04-17 10:15:32,133 - DEBUG - < PONG 89 b1 86 86 [binary, 4 bytes]
2023-04-17 10:15:32,136 - DEBUG - % received keepalive pong
2023-04-17 10:15:32,606 - DEBUG - % sending keepalive ping
2023-04-17 10:15:32,606 - DEBUG - > PING '\x01rH3' [text, 4 bytes]
2023-04-17 10:15:32,614 - DEBUG - < PONG '\x01rH3' [text, 4 bytes]
2023-04-17 10:15:32,618 - DEBUG - % received keepalive pong
2023-04-17 10:15:52,147 - DEBUG - % sending keepalive ping
2023-04-17 10:15:52,148 - DEBUG - > PING 5d aa 77 c9 [binary, 4 bytes]
2023-04-17 10:15:52,159 - DEBUG - < PONG 5d aa 77 c9 [binary, 4 bytes]
2023-04-17 10:15:52,162 - DEBUG - % received keepalive pong
2023-04-17 10:15:52,606 - DEBUG - % sending keepalive ping
2023-04-17 10:15:52,607 - DEBUG - > PING fd 82 84 8b [binary, 4 bytes]
2023-04-17 10:15:52,614 - DEBUG - < PONG fd 82 84 8b [binary, 4 bytes]
2023-04-17 10:15:52,617 - DEBUG - % received keepalive pong
2023-04-17 10:16:09,604 - DEBUG - = connection is CONNECTING
2023-04-17 10:16:09,638 - DEBUG - > GET /ocpp16/ELA007C05/EVSCA050001 HTTP/1.1
2023-04-17 10:16:09,639 - DEBUG - > Host: ws.devevspcharger.uplus.co.kr
2023-04-17 10:16:09,639 - DEBUG - > Upgrade: websocket
2023-04-17 10:16:09,639 - DEBUG - > Connection: Upgrade
2023-04-17 10:16:09,639 - DEBUG - > Sec-WebSocket-Key: aS1hr/MXZNGAc9HQW41ANA==
2023-04-17 10:16:09,639 - DEBUG - > Sec-WebSocket-Version: 13
2023-04-17 10:16:09,639 - DEBUG - > Sec-WebSocket-Extensions: permessage-deflate; client_max_window_bits
2023-04-17 10:16:09,639 - DEBUG - > Sec-WebSocket-Protocol: ocpp1.6
2023-04-17 10:16:09,639 - DEBUG - > Authorization: Basic RVZBUjpFVkFSTEdV
2023-04-17 10:16:09,640 - DEBUG - > User-Agent: Python/3.11 websockets/10.4
2023-04-17 10:16:09,873 - DEBUG - < HTTP/1.1 101 Switching Protocols
2023-04-17 10:16:09,874 - DEBUG - < Connection: upgrade
2023-04-17 10:16:09,874 - DEBUG - < Date: Mon, 17 Apr 2023 01:15:58 GMT
2023-04-17 10:16:09,874 - DEBUG - < sec-websocket-protocol: ocpp1.6
2023-04-17 10:16:09,874 - DEBUG - < upgrade: websocket
2023-04-17 10:16:09,874 - DEBUG - < sec-websocket-accept: mGLw6gUoN6xlVegRpgJM8mm8n8U=
2023-04-17 10:16:09,874 - DEBUG - < sec-websocket-extensions: permessage-deflate
2023-04-17 10:16:09,874 - DEBUG - < X-Cache: Miss from cloudfront
2023-04-17 10:16:09,874 - DEBUG - < Via: 1.1 0a9548baf65e130ce12c4d90cb22d962.cloudfront.net (CloudFront)
2023-04-17 10:16:09,875 - DEBUG - < X-Amz-Cf-Pop: ICN57-P2
2023-04-17 10:16:09,875 - DEBUG - < X-Amz-Cf-Id: NjAi7ojmK_LuBRtHE4Vwrs3hU2zVfAjAeeuMu7ACLX0chhKFaOL8IA==
2023-04-17 10:16:09,875 - DEBUG - = connection is OPEN
2023-04-17 10:16:09,899 - DEBUG - > TEXT '[2, "f25c83ff-e240-4750-a6e5-64078d043a6e", "Bo...ePointVendor": "EVAR"}]' [127 bytes]
2023-04-17 10:16:10,331 - DEBUG - < TEXT '[3, "f25c83ff-e240-4750-a6e5-64078d043a6e", {"s...59Z", "interval": 600}]' [123 bytes]
2023-04-17 10:16:10,363 - DEBUG - > TEXT '[2, "f25c83ff-e240-4750-a6e5-64078d043a6e", "St..."status": "Preparing"}]' [132 bytes]
2023-04-17 10:16:10,601 - DEBUG - < TEXT '[3, "f25c83ff-e240-4750-a6e5-64078d043a6e", {}]' [47 bytes]
2023-04-17 10:16:10,632 - DEBUG - > TEXT '[2, "f25c83ff-e240-4750-a6e5-64078d043a6e", "Au...": "1031040000069641"}]' [87 bytes]
2023-04-17 10:16:10,929 - DEBUG - < TEXT '[3, "f25c83ff-e240-4750-a6e5-64078d043a6e", {"i..."status": "Accepted"}}]' [82 bytes]
2023-04-17 10:16:10,958 - DEBUG - > TEXT '[2, "8bc742f2-a2de-40c7-a679-67c1d4dcc4bf", "St...2023-04-17T10:16:09Z"}]' [170 bytes]
2023-04-17 10:16:11,605 - DEBUG - < TEXT '[3, "8bc742f2-a2de-40c7-a679-67c1d4dcc4bf", {"t..."status": "Accepted"}}]' [110 bytes]
2023-04-17 10:16:11,645 - DEBUG - > TEXT '[2, "f25c83ff-e240-4750-a6e5-64078d043a6e", "St... "status": "Charging"}]' [131 bytes]
2023-04-17 10:16:11,894 - DEBUG - < TEXT '[3, "f25c83ff-e240-4750-a6e5-64078d043a6e", {}]' [47 bytes]
2023-04-17 10:16:11,935 - DEBUG - > TEXT '[2, "415f5805-d042-4ed5-8476-251b67fef907", "Me...er", "unit": "Wh"}]}]}]' [259 bytes]
2023-04-17 10:16:12,138 - DEBUG - % sending keepalive ping
2023-04-17 10:16:12,138 - DEBUG - > PING ce ac 28 d6 [binary, 4 bytes]
2023-04-17 10:16:12,146 - DEBUG - < PONG ce ac 28 d6 [binary, 4 bytes]
2023-04-17 10:16:12,148 - DEBUG - % received keepalive pong
2023-04-17 10:16:12,372 - DEBUG - < TEXT '[3, "415f5805-d042-4ed5-8476-251b67fef907", {}]' [47 bytes]
2023-04-17 10:16:12,408 - DEBUG - > TEXT '[2, "f25c83ff-e240-4750-a6e5-64078d043a6e", "St...tatus": "SuspendedEV"}]' [134 bytes]
2023-04-17 10:16:12,591 - DEBUG - < TEXT '[3, "f25c83ff-e240-4750-a6e5-64078d043a6e", {}]' [47 bytes]
2023-04-17 10:16:12,596 - DEBUG - % sending keepalive ping
2023-04-17 10:16:12,597 - DEBUG - > PING 30 16 9b 37 [binary, 4 bytes]
2023-04-17 10:16:12,638 - DEBUG - > TEXT '[2, "b1de29b5-acb3-4a6e-8566-40d3df292a04", "St...sactionId": 120533829}]' [149 bytes]
2023-04-17 10:16:12,665 - DEBUG - < PONG 30 16 9b 37 [binary, 4 bytes]
2023-04-17 10:16:12,668 - DEBUG - % received keepalive pong
2023-04-17 10:16:13,062 - DEBUG - < TEXT '[3, "b1de29b5-acb3-4a6e-8566-40d3df292a04", {"i..."status": "Accepted"}}]' [82 bytes]
2023-04-17 10:16:13,107 - DEBUG - > TEXT '[2, "f25c83ff-e240-4750-a6e5-64078d043a6e", "St..."status": "Finishing"}]' [132 bytes]
2023-04-17 10:16:13,315 - DEBUG - < TEXT '[3, "f25c83ff-e240-4750-a6e5-64078d043a6e", {}]' [47 bytes]
2023-04-17 10:16:13,352 - DEBUG - > TEXT '[2, "f25c83ff-e240-4750-a6e5-64078d043a6e", "St..."status": "Available"}]' [132 bytes]
2023-04-17 10:16:13,695 - DEBUG - < TEXT '[3, "f25c83ff-e240-4750-a6e5-64078d043a6e", {}]' [47 bytes]
2023-04-17 10:16:13,720 - DEBUG - = connection is CLOSING
2023-04-17 10:16:13,720 - DEBUG - > CLOSE 1000 (OK) [2 bytes]
2023-04-17 10:16:13,728 - DEBUG - < CLOSE 1000 (OK) [2 bytes]
2023-04-17 10:16:13,734 - DEBUG - = connection is CLOSED
2023-04-17 10:16:32,143 - DEBUG - % sending keepalive ping
2023-04-17 10:16:32,143 - DEBUG - > PING 38 c0 43 fd [binary, 4 bytes]
2023-04-17 10:16:32,152 - DEBUG - < PONG 38 c0 43 fd [binary, 4 bytes]
2023-04-17 10:16:32,158 - DEBUG - % received keepalive pong
2023-04-17 10:16:32,678 - DEBUG - % sending keepalive ping
2023-04-17 10:16:32,679 - DEBUG - > PING 45 24 be b6 [binary, 4 bytes]
2023-04-17 10:16:32,687 - DEBUG - < PONG 45 24 be b6 [binary, 4 bytes]
2023-04-17 10:16:32,689 - DEBUG - % received keepalive pong
2023-04-17 10:16:52,151 - DEBUG - % sending keepalive ping
2023-04-17 10:16:52,151 - DEBUG - > PING 48 f9 4d f5 [binary, 4 bytes]
2023-04-17 10:16:52,158 - DEBUG - < PONG 48 f9 4d f5 [binary, 4 bytes]
2023-04-17 10:16:52,161 - DEBUG - % received keepalive pong
2023-04-17 10:16:52,696 - DEBUG - % sending keepalive ping
2023-04-17 10:16:52,696 - DEBUG - > PING b4 80 73 78 [binary, 4 bytes]
2023-04-17 10:16:52,704 - DEBUG - < PONG b4 80 73 78 [binary, 4 bytes]
2023-04-17 10:16:52,708 - DEBUG - % received keepalive pong
2023-04-17 10:17:10,652 - DEBUG - = connection is CONNECTING
2023-04-17 10:17:10,685 - DEBUG - > GET /ocpp16/ELA007C05/EVSCA050001 HTTP/1.1
2023-04-17 10:17:10,685 - DEBUG - > Host: ws.devevspcharger.uplus.co.kr
2023-04-17 10:17:10,685 - DEBUG - > Upgrade: websocket
2023-04-17 10:17:10,685 - DEBUG - > Connection: Upgrade
2023-04-17 10:17:10,685 - DEBUG - > Sec-WebSocket-Key: Y9mYm/hvERFSn08QUtCycA==
2023-04-17 10:17:10,686 - DEBUG - > Sec-WebSocket-Version: 13
2023-04-17 10:17:10,686 - DEBUG - > Sec-WebSocket-Extensions: permessage-deflate; client_max_window_bits
2023-04-17 10:17:10,686 - DEBUG - > Sec-WebSocket-Protocol: ocpp1.6
2023-04-17 10:17:10,686 - DEBUG - > Authorization: Basic RVZBUjpFVkFSTEdV
2023-04-17 10:17:10,686 - DEBUG - > User-Agent: Python/3.11 websockets/10.4
2023-04-17 10:17:10,992 - DEBUG - < HTTP/1.1 101 Switching Protocols
2023-04-17 10:17:10,992 - DEBUG - < Connection: upgrade
2023-04-17 10:17:10,992 - DEBUG - < Date: Mon, 17 Apr 2023 01:16:59 GMT
2023-04-17 10:17:10,992 - DEBUG - < sec-websocket-protocol: ocpp1.6
2023-04-17 10:17:10,992 - DEBUG - < upgrade: websocket
2023-04-17 10:17:10,992 - DEBUG - < sec-websocket-accept: ePo2pgXwV6q4kxfjZ4pkMwxn8w4=
2023-04-17 10:17:10,993 - DEBUG - < sec-websocket-extensions: permessage-deflate
2023-04-17 10:17:10,993 - DEBUG - < X-Cache: Miss from cloudfront
2023-04-17 10:17:10,993 - DEBUG - < Via: 1.1 516246c62af452cb1f8d77c8f3af9faa.cloudfront.net (CloudFront)
2023-04-17 10:17:10,993 - DEBUG - < X-Amz-Cf-Pop: ICN57-P2
2023-04-17 10:17:10,993 - DEBUG - < X-Amz-Cf-Id: Zo0iUHRurci3hDHnyMeNhFzmHMBC2TjaVe3_uwXxk-oUrD1KoQhzfw==
2023-04-17 10:17:10,993 - DEBUG - = connection is OPEN
2023-04-17 10:17:11,021 - DEBUG - > TEXT '[2, "c7bef9f5-62b9-49c1-bf48-fc57ba134aa8", "Bo...ePointVendor": "EVAR"}]' [127 bytes]
2023-04-17 10:17:11,310 - DEBUG - < TEXT '[3, "c7bef9f5-62b9-49c1-bf48-fc57ba134aa8", {"s...00Z", "interval": 600}]' [123 bytes]
2023-04-17 10:17:12,141 - DEBUG - % sending keepalive ping
2023-04-17 10:17:12,141 - DEBUG - > PING 6f 2b a2 88 [binary, 4 bytes]
2023-04-17 10:17:12,151 - DEBUG - < PONG 6f 2b a2 88 [binary, 4 bytes]
2023-04-17 10:17:12,158 - DEBUG - % received keepalive pong
2023-04-17 10:17:12,695 - DEBUG - % sending keepalive ping
2023-04-17 10:17:12,695 - DEBUG - > PING '"\x06=o' [text, 4 bytes]
2023-04-17 10:17:12,704 - DEBUG - < PONG '"\x06=o' [text, 4 bytes]
2023-04-17 10:17:12,707 - DEBUG - % received keepalive pong
2023-04-17 10:17:14,509 - DEBUG - Starting new HTTPS connection (1): rgw.devevspcharger.uplus.co.kr:443
2023-04-17 10:17:15,125 - DEBUG - https://rgw.devevspcharger.uplus.co.kr:443 "POST /ioc HTTP/1.1" 200 115
2023-04-17 10:17:15,131 - DEBUG - < TEXT '[2, "9ea530c0-c99a-4599-abb7-cdf53324089d", "Reset", {"type": "Hard"}]' [70 bytes]
2023-04-17 10:17:15,135 - DEBUG - > TEXT '[3, "9ea530c0-c99a-4599-abb7-cdf53324089d", {"status": "Accepted"}]' [67 bytes]
2023-04-17 10:17:15,271 - DEBUG - < TEXT '' [0 bytes]
2023-04-17 10:17:15,321 - DEBUG - = connection is CLOSING
2023-04-17 10:17:15,321 - DEBUG - > CLOSE 1000 (OK) [2 bytes]
2023-04-17 10:17:15,328 - DEBUG - < CLOSE 1000 (OK) [2 bytes]
2023-04-17 10:17:15,333 - DEBUG - = connection is CLOSED
2023-04-17 10:17:32,144 - DEBUG - % sending keepalive ping
2023-04-17 10:17:32,144 - DEBUG - > PING 45 f8 64 35 [binary, 4 bytes]
2023-04-17 10:17:32,152 - DEBUG - < PONG 45 f8 64 35 [binary, 4 bytes]
2023-04-17 10:17:32,158 - DEBUG - % received keepalive pong
2023-04-17 10:17:32,687 - DEBUG - % sending keepalive ping
2023-04-17 10:17:32,688 - DEBUG - > PING a5 e8 13 fd [binary, 4 bytes]
2023-04-17 10:17:32,696 - DEBUG - < PONG a5 e8 13 fd [binary, 4 bytes]
2023-04-17 10:17:32,702 - DEBUG - % received keepalive pong
2023-04-17 10:17:52,141 - DEBUG - % sending keepalive ping
2023-04-17 10:17:52,142 - DEBUG - > PING 12 8d a1 29 [binary, 4 bytes]
2023-04-17 10:17:52,149 - DEBUG - < PONG 12 8d a1 29 [binary, 4 bytes]
2023-04-17 10:17:52,151 - DEBUG - % received keepalive pong
2023-04-17 10:17:52,695 - DEBUG - % sending keepalive ping
2023-04-17 10:17:52,695 - DEBUG - > PING 9d 82 f9 7d [binary, 4 bytes]
2023-04-17 10:17:52,703 - DEBUG - < PONG 9d 82 f9 7d [binary, 4 bytes]
2023-04-17 10:17:52,706 - DEBUG - % received keepalive pong
2023-04-17 10:17:55,595 - DEBUG - = connection is CONNECTING
2023-04-17 10:17:55,636 - DEBUG - > GET /ocpp16/ELA007C05/EVSCA050001 HTTP/1.1
2023-04-17 10:17:55,636 - DEBUG - > Host: ws.devevspcharger.uplus.co.kr
2023-04-17 10:17:55,636 - DEBUG - > Upgrade: websocket
2023-04-17 10:17:55,636 - DEBUG - > Connection: Upgrade
2023-04-17 10:17:55,636 - DEBUG - > Sec-WebSocket-Key: dnzTz8befAQdVmf2+/0zsA==
2023-04-17 10:17:55,636 - DEBUG - > Sec-WebSocket-Version: 13
2023-04-17 10:17:55,636 - DEBUG - > Sec-WebSocket-Extensions: permessage-deflate; client_max_window_bits
2023-04-17 10:17:55,637 - DEBUG - > Sec-WebSocket-Protocol: ocpp1.6
2023-04-17 10:17:55,637 - DEBUG - > Authorization: Basic RVZBUjpFVkFSTEdV
2023-04-17 10:17:55,637 - DEBUG - > User-Agent: Python/3.11 websockets/10.4
2023-04-17 10:17:55,855 - DEBUG - < HTTP/1.1 101 Switching Protocols
2023-04-17 10:17:55,856 - DEBUG - < Connection: upgrade
2023-04-17 10:17:55,856 - DEBUG - < Date: Mon, 17 Apr 2023 01:17:44 GMT
2023-04-17 10:17:55,856 - DEBUG - < sec-websocket-protocol: ocpp1.6
2023-04-17 10:17:55,856 - DEBUG - < upgrade: websocket
2023-04-17 10:17:55,856 - DEBUG - < sec-websocket-accept: qUJbKpTTNUSGH4Eu4531HqpgdgY=
2023-04-17 10:17:55,856 - DEBUG - < sec-websocket-extensions: permessage-deflate
2023-04-17 10:17:55,856 - DEBUG - < X-Cache: Miss from cloudfront
2023-04-17 10:17:55,857 - DEBUG - < Via: 1.1 5b6f80c06c5584561e15bd2fd58882ee.cloudfront.net (CloudFront)
2023-04-17 10:17:55,857 - DEBUG - < X-Amz-Cf-Pop: ICN57-P2
2023-04-17 10:17:55,857 - DEBUG - < X-Amz-Cf-Id: UFBcWpW03ZdDQod1I9KsRcdgNgkSMN3_LWSkXnkGUiI_ucr1E2n1GQ==
2023-04-17 10:17:55,857 - DEBUG - = connection is OPEN
2023-04-17 10:17:55,887 - DEBUG - > TEXT '[2, "491aeff7-4c5e-46e7-b943-a291f92925fc", "Bo...ePointVendor": "EVAR"}]' [127 bytes]
2023-04-17 10:17:56,130 - DEBUG - < TEXT '[3, "491aeff7-4c5e-46e7-b943-a291f92925fc", {"s...44Z", "interval": 600}]' [123 bytes]
2023-04-17 10:17:59,518 - DEBUG - Starting new HTTPS connection (1): rgw.devevspcharger.uplus.co.kr:443
2023-04-17 10:17:59,915 - DEBUG - https://rgw.devevspcharger.uplus.co.kr:443 "POST /ioc HTTP/1.1" 200 148
2023-04-17 10:17:59,927 - DEBUG - < TEXT '[2, "6a8b9a3b-ed02-4e92-a3cb-0b7231a31823", "Ge...izeRemoteTxRequests"]}]' [103 bytes]
2023-04-17 10:17:59,930 - DEBUG - > TEXT '[3, "6a8b9a3b-ed02-4e92-a3cb-0b7231a31823", {"c... "status": "Accepted"}]' [139 bytes]
2023-04-17 10:18:00,085 - DEBUG - < TEXT '' [0 bytes]
2023-04-17 10:18:00,126 - DEBUG - > TEXT '[2, "491aeff7-4c5e-46e7-b943-a291f92925fc", "St..."status": "Preparing"}]' [132 bytes]
2023-04-17 10:18:00,351 - DEBUG - < TEXT '[3, "491aeff7-4c5e-46e7-b943-a291f92925fc", {}]' [47 bytes]
2023-04-17 10:18:02,950 - DEBUG - Starting new HTTPS connection (1): rgw.devevspcharger.uplus.co.kr:443
2023-04-17 10:18:03,389 - DEBUG - https://rgw.devevspcharger.uplus.co.kr:443 "POST /ioc HTTP/1.1" 200 145
2023-04-17 10:18:03,400 - DEBUG - < TEXT '[2, "45c09d03-a4f5-4210-aa91-fb1a28fdffc6", "Re...": "1031040000069641"}]' [100 bytes]
2023-04-17 10:18:03,406 - DEBUG - > TEXT '[3, "45c09d03-a4f5-4210-aa91-fb1a28fdffc6", {"status": "Accepted"}]' [67 bytes]
2023-04-17 10:18:03,551 - DEBUG - < TEXT '' [0 bytes]
2023-04-17 10:18:03,589 - DEBUG - > TEXT '[2, "491aeff7-4c5e-46e7-b943-a291f92925fc", "Au...": "1031040000069641"}]' [87 bytes]
2023-04-17 10:18:03,810 - DEBUG - < TEXT '[3, "491aeff7-4c5e-46e7-b943-a291f92925fc", {"i..."status": "Accepted"}}]' [82 bytes]
2023-04-17 10:18:03,855 - DEBUG - > TEXT '[2, "b62eb601-5efb-4f1b-b663-f2aa295f38a6", "St...2023-04-17T10:17:55Z"}]' [170 bytes]
2023-04-17 10:18:04,272 - DEBUG - < TEXT '[3, "b62eb601-5efb-4f1b-b663-f2aa295f38a6", {"t..."status": "Accepted"}}]' [110 bytes]
2023-04-17 10:18:04,315 - DEBUG - > TEXT '[2, "491aeff7-4c5e-46e7-b943-a291f92925fc", "St... "status": "Charging"}]' [131 bytes]
2023-04-17 10:18:04,472 - DEBUG - < TEXT '[3, "491aeff7-4c5e-46e7-b943-a291f92925fc", {}]' [47 bytes]
2023-04-17 10:18:04,506 - DEBUG - > TEXT '[2, "36c0b15d-e57c-40eb-ad0c-e48cea48ef3a", "St...sactionId": 120533830}]' [149 bytes]
2023-04-17 10:18:04,898 - DEBUG - < TEXT '[3, "36c0b15d-e57c-40eb-ad0c-e48cea48ef3a", {"i..."status": "Accepted"}}]' [82 bytes]
2023-04-17 10:18:04,939 - DEBUG - > TEXT '[2, "491aeff7-4c5e-46e7-b943-a291f92925fc", "St..."status": "Finishing"}]' [132 bytes]
2023-04-17 10:18:05,130 - DEBUG - < TEXT '[3, "491aeff7-4c5e-46e7-b943-a291f92925fc", {}]' [47 bytes]
2023-04-17 10:18:05,162 - DEBUG - > TEXT '[2, "491aeff7-4c5e-46e7-b943-a291f92925fc", "St..."status": "Available"}]' [132 bytes]
2023-04-17 10:18:05,332 - DEBUG - < TEXT '[3, "491aeff7-4c5e-46e7-b943-a291f92925fc", {}]' [47 bytes]
2023-04-17 10:18:05,356 - DEBUG - = connection is CLOSING
2023-04-17 10:18:05,356 - DEBUG - > CLOSE 1000 (OK) [2 bytes]
2023-04-17 10:18:05,363 - DEBUG - < CLOSE 1000 (OK) [2 bytes]
2023-04-17 10:18:05,366 - DEBUG - = connection is CLOSED
2023-04-17 10:18:12,147 - DEBUG - % sending keepalive ping
2023-04-17 10:18:12,147 - DEBUG - > PING da db 24 c7 [binary, 4 bytes]
2023-04-17 10:18:12,154 - DEBUG - < PONG da db 24 c7 [binary, 4 bytes]
2023-04-17 10:18:12,157 - DEBUG - % received keepalive pong
2023-04-17 10:18:12,695 - DEBUG - % sending keepalive ping
2023-04-17 10:18:12,695 - DEBUG - > PING 58 31 e6 4d [binary, 4 bytes]
2023-04-17 10:18:12,706 - DEBUG - < PONG 58 31 e6 4d [binary, 4 bytes]
2023-04-17 10:18:12,708 - DEBUG - % received keepalive pong
2023-04-17 10:18:32,150 - DEBUG - % sending keepalive ping
2023-04-17 10:18:32,150 - DEBUG - > PING 9c aa 00 da [binary, 4 bytes]
2023-04-17 10:18:32,158 - DEBUG - < PONG 9c aa 00 da [binary, 4 bytes]
2023-04-17 10:18:32,160 - DEBUG - % received keepalive pong
2023-04-17 10:18:32,692 - DEBUG - % sending keepalive ping
2023-04-17 10:18:32,692 - DEBUG - > PING '`gcL' [text, 4 bytes]
2023-04-17 10:18:32,700 - DEBUG - < PONG '`gcL' [text, 4 bytes]
2023-04-17 10:18:32,717 - DEBUG - % received keepalive pong
2023-04-17 10:18:52,147 - DEBUG - % sending keepalive ping
2023-04-17 10:18:52,147 - DEBUG - > PING a8 a0 c6 82 [binary, 4 bytes]
2023-04-17 10:18:52,155 - DEBUG - < PONG a8 a0 c6 82 [binary, 4 bytes]
2023-04-17 10:18:52,159 - DEBUG - % received keepalive pong
2023-04-17 10:18:52,718 - DEBUG - % sending keepalive ping
2023-04-17 10:18:52,718 - DEBUG - > PING 8f e8 86 bd [binary, 4 bytes]
2023-04-17 10:18:52,727 - DEBUG - < PONG 8f e8 86 bd [binary, 4 bytes]
2023-04-17 10:18:52,732 - DEBUG - % received keepalive pong
2023-04-17 10:19:12,145 - DEBUG - % sending keepalive ping
2023-04-17 10:19:12,145 - DEBUG - > PING 06 76 5c 9b [binary, 4 bytes]
2023-04-17 10:19:12,152 - DEBUG - < PONG 06 76 5c 9b [binary, 4 bytes]
2023-04-17 10:19:12,155 - DEBUG - % received keepalive pong
2023-04-17 10:19:12,736 - DEBUG - % sending keepalive ping
2023-04-17 10:19:12,737 - DEBUG - > PING 86 c4 37 d5 [binary, 4 bytes]
2023-04-17 10:19:12,745 - DEBUG - < PONG 86 c4 37 d5 [binary, 4 bytes]
2023-04-17 10:19:12,760 - DEBUG - % received keepalive pong
2023-04-17 10:19:12,767 - DEBUG - = connection is CONNECTING
2023-04-17 10:19:12,802 - DEBUG - > GET /ocpp16/ELA007C05/EVSCA050001 HTTP/1.1
2023-04-17 10:19:12,802 - DEBUG - > Host: ws.devevspcharger.uplus.co.kr
2023-04-17 10:19:12,802 - DEBUG - > Upgrade: websocket
2023-04-17 10:19:12,802 - DEBUG - > Connection: Upgrade
2023-04-17 10:19:12,802 - DEBUG - > Sec-WebSocket-Key: wpg/eE4V97fNZCLP5DKAUg==
2023-04-17 10:19:12,802 - DEBUG - > Sec-WebSocket-Version: 13
2023-04-17 10:19:12,802 - DEBUG - > Sec-WebSocket-Extensions: permessage-deflate; client_max_window_bits
2023-04-17 10:19:12,802 - DEBUG - > Sec-WebSocket-Protocol: ocpp1.6
2023-04-17 10:19:12,803 - DEBUG - > Authorization: Basic RVZBUjpFVkFSTEdV
2023-04-17 10:19:12,803 - DEBUG - > User-Agent: Python/3.11 websockets/10.4
2023-04-17 10:19:13,024 - DEBUG - < HTTP/1.1 101 Switching Protocols
2023-04-17 10:19:13,024 - DEBUG - < Connection: upgrade
2023-04-17 10:19:13,024 - DEBUG - < Date: Mon, 17 Apr 2023 01:19:01 GMT
2023-04-17 10:19:13,024 - DEBUG - < sec-websocket-protocol: ocpp1.6
2023-04-17 10:19:13,024 - DEBUG - < upgrade: websocket
2023-04-17 10:19:13,025 - DEBUG - < sec-websocket-accept: RAJvA+J7DE5kKc1RZyZx8gxjPjI=
2023-04-17 10:19:13,025 - DEBUG - < sec-websocket-extensions: permessage-deflate
2023-04-17 10:19:13,025 - DEBUG - < X-Cache: Miss from cloudfront
2023-04-17 10:19:13,025 - DEBUG - < Via: 1.1 3544dee363e510a888d5171c071b297e.cloudfront.net (CloudFront)
2023-04-17 10:19:13,025 - DEBUG - < X-Amz-Cf-Pop: ICN57-P2
2023-04-17 10:19:13,025 - DEBUG - < X-Amz-Cf-Id: wmw8jv30oUL8GI8zS5Pwc-Dq6a3WM54Y-TfMELYPj06m9nesBu0Cvw==
2023-04-17 10:19:13,026 - DEBUG - = connection is OPEN
2023-04-17 10:19:13,063 - DEBUG - > TEXT '[2, "b48541ba-5c13-4048-9fd4-5e6687eb82e1", "Bo...ePointVendor": "EVAR"}]' [127 bytes]
2023-04-17 10:19:13,631 - DEBUG - < TEXT '[3, "b48541ba-5c13-4048-9fd4-5e6687eb82e1", {"s...02Z", "interval": 600}]' [123 bytes]
2023-04-17 10:19:15,875 - DEBUG - Starting new HTTPS connection (1): rgw.devevspcharger.uplus.co.kr:443
2023-04-17 10:19:16,330 - DEBUG - https://rgw.devevspcharger.uplus.co.kr:443 "POST /ioc HTTP/1.1" 200 148
2023-04-17 10:19:16,343 - DEBUG - < TEXT '[2, "7cb80f3c-9649-4a8b-8bca-e94486e99397", "Ge...izeRemoteTxRequests"]}]' [103 bytes]
2023-04-17 10:19:16,351 - DEBUG - > TEXT '[3, "7cb80f3c-9649-4a8b-8bca-e94486e99397", {"c...ue", "value": "300"}]}]' [141 bytes]
2023-04-17 10:19:16,491 - DEBUG - < TEXT '' [0 bytes]
2023-04-17 10:19:20,286 - DEBUG - Starting new HTTPS connection (1): rgw.devevspcharger.uplus.co.kr:443
2023-04-17 10:19:20,735 - DEBUG - https://rgw.devevspcharger.uplus.co.kr:443 "POST /ioc HTTP/1.1" 200 164
2023-04-17 10:19:20,751 - DEBUG - < TEXT '[2, "184c2ab6-64e3-4827-90f2-f4d2a8189362", "Ch...rval", "value": "300"}]' [119 bytes]
2023-04-17 10:19:20,755 - DEBUG - > TEXT '[3, "184c2ab6-64e3-4827-90f2-f4d2a8189362", {"status": "Accepted"}]' [67 bytes]
2023-04-17 10:19:20,892 - DEBUG - < TEXT '' [0 bytes]
2023-04-17 10:19:20,927 - DEBUG - > TEXT '[2, "b48541ba-5c13-4048-9fd4-5e6687eb82e1", "St..."status": "Available"}]' [132 bytes]
2023-04-17 10:19:21,116 - DEBUG - < TEXT '[3, "b48541ba-5c13-4048-9fd4-5e6687eb82e1", {}]' [47 bytes]
2023-04-17 10:19:23,599 - DEBUG - Starting new HTTPS connection (1): rgw.devevspcharger.uplus.co.kr:443
2023-04-17 10:19:24,011 - DEBUG - https://rgw.devevspcharger.uplus.co.kr:443 "POST /ioc HTTP/1.1" 200 145
2023-04-17 10:19:24,027 - DEBUG - < TEXT '[2, "ac0e2a59-024f-443c-af29-e4f9cef50003", "Re...": "1031040000069641"}]' [100 bytes]
2023-04-17 10:19:24,034 - DEBUG - > TEXT '[3, "ac0e2a59-024f-443c-af29-e4f9cef50003", {"status": "Accepted"}]' [67 bytes]
2023-04-17 10:19:24,200 - DEBUG - < TEXT '' [0 bytes]
2023-04-17 10:19:24,234 - DEBUG - > TEXT '[2, "b48541ba-5c13-4048-9fd4-5e6687eb82e1", "Au...": "1031040000069641"}]' [87 bytes]
2023-04-17 10:19:24,471 - DEBUG - < TEXT '[3, "b48541ba-5c13-4048-9fd4-5e6687eb82e1", {"i..."status": "Accepted"}}]' [82 bytes]
2023-04-17 10:19:24,529 - DEBUG - > TEXT '[2, "b48541ba-5c13-4048-9fd4-5e6687eb82e1", "St..."status": "Preparing"}]' [132 bytes]
2023-04-17 10:19:24,712 - DEBUG - < TEXT '[3, "b48541ba-5c13-4048-9fd4-5e6687eb82e1", {}]' [47 bytes]
2023-04-17 10:19:24,751 - DEBUG - > TEXT '[2, "7bf0675d-770c-403c-a14d-0ab9f5742ac1", "St...2023-04-17T10:19:12Z"}]' [170 bytes]
2023-04-17 10:19:25,119 - DEBUG - < TEXT '[3, "7bf0675d-770c-403c-a14d-0ab9f5742ac1", {"t..."status": "Accepted"}}]' [110 bytes]
2023-04-17 10:19:25,165 - DEBUG - > TEXT '[2, "b48541ba-5c13-4048-9fd4-5e6687eb82e1", "St... "status": "Charging"}]' [131 bytes]
2023-04-17 10:19:25,354 - DEBUG - < TEXT '[3, "b48541ba-5c13-4048-9fd4-5e6687eb82e1", {}]' [47 bytes]
2023-04-17 10:19:29,303 - DEBUG - Starting new HTTPS connection (1): rgw.devevspcharger.uplus.co.kr:443
2023-04-17 10:19:29,732 - DEBUG - https://rgw.devevspcharger.uplus.co.kr:443 "POST /ioc HTTP/1.1" 200 143
2023-04-17 10:19:29,746 - DEBUG - < TEXT '[2, "e2ebd2cc-eab3-44a0-9cd1-b37bc38088d2", "Re...sactionId": 120533831}]' [98 bytes]
2023-04-17 10:19:29,751 - DEBUG - > TEXT '[3, "e2ebd2cc-eab3-44a0-9cd1-b37bc38088d2", {"status": "Accepted"}]' [67 bytes]
2023-04-17 10:19:29,891 - DEBUG - < TEXT '' [0 bytes]
2023-04-17 10:19:29,924 - DEBUG - > TEXT '[2, "e597223a-af5a-4b6f-82e9-66ad94901d26", "St...sactionId": 120533831}]' [149 bytes]
2023-04-17 10:19:30,331 - DEBUG - < TEXT '[3, "e597223a-af5a-4b6f-82e9-66ad94901d26", {"i..."status": "Accepted"}}]' [82 bytes]
2023-04-17 10:19:30,365 - DEBUG - > TEXT '[2, "b48541ba-5c13-4048-9fd4-5e6687eb82e1", "St..."status": "Finishing"}]' [132 bytes]
2023-04-17 10:19:30,533 - DEBUG - < TEXT '[3, "b48541ba-5c13-4048-9fd4-5e6687eb82e1", {}]' [47 bytes]
2023-04-17 10:19:30,574 - DEBUG - > TEXT '[2, "b48541ba-5c13-4048-9fd4-5e6687eb82e1", "St..."status": "Available"}]' [132 bytes]
2023-04-17 10:19:30,752 - DEBUG - < TEXT '[3, "b48541ba-5c13-4048-9fd4-5e6687eb82e1", {}]' [47 bytes]
2023-04-17 10:19:30,773 - DEBUG - = connection is CLOSING
2023-04-17 10:19:30,773 - DEBUG - > CLOSE 1000 (OK) [2 bytes]
2023-04-17 10:19:30,781 - DEBUG - < CLOSE 1000 (OK) [2 bytes]
2023-04-17 10:19:30,787 - DEBUG - = connection is CLOSED
2023-04-17 10:19:32,142 - DEBUG - % sending keepalive ping
2023-04-17 10:19:32,143 - DEBUG - > PING 7b 67 ba 38 [binary, 4 bytes]
2023-04-17 10:19:32,150 - DEBUG - < PONG 7b 67 ba 38 [binary, 4 bytes]
2023-04-17 10:19:32,154 - DEBUG - % received keepalive pong
2023-04-17 10:19:32,746 - DEBUG - % sending keepalive ping
2023-04-17 10:19:32,746 - DEBUG - > PING af 70 3c 56 [binary, 4 bytes]
2023-04-17 10:19:32,755 - DEBUG - < PONG af 70 3c 56 [binary, 4 bytes]
2023-04-17 10:19:32,757 - DEBUG - % received keepalive pong
2023-04-17 10:19:52,137 - DEBUG - % sending keepalive ping
2023-04-17 10:19:52,137 - DEBUG - > PING bf a9 58 e6 [binary, 4 bytes]
2023-04-17 10:19:52,144 - DEBUG - < PONG bf a9 58 e6 [binary, 4 bytes]
2023-04-17 10:19:52,147 - DEBUG - % received keepalive pong
2023-04-17 10:19:52,757 - DEBUG - % sending keepalive ping
2023-04-17 10:19:52,757 - DEBUG - > PING 1d 4f f1 12 [binary, 4 bytes]
2023-04-17 10:19:52,778 - DEBUG - < PONG 1d 4f f1 12 [binary, 4 bytes]
2023-04-17 10:19:52,782 - DEBUG - % received keepalive pong
2023-04-17 10:20:12,149 - DEBUG - % sending keepalive ping
2023-04-17 10:20:12,149 - DEBUG - > PING 6c ab 11 d8 [binary, 4 bytes]
2023-04-17 10:20:12,160 - DEBUG - < PONG 6c ab 11 d8 [binary, 4 bytes]
2023-04-17 10:20:12,165 - DEBUG - % received keepalive pong
2023-04-17 10:20:12,763 - DEBUG - % sending keepalive ping
2023-04-17 10:20:12,764 - DEBUG - > PING 44 b3 cb 96 [binary, 4 bytes]
2023-04-17 10:20:12,772 - DEBUG - < PONG 44 b3 cb 96 [binary, 4 bytes]
2023-04-17 10:20:12,775 - DEBUG - % received keepalive pong
2023-04-17 10:20:32,141 - DEBUG - % sending keepalive ping
2023-04-17 10:20:32,141 - DEBUG - > PING 3b cf c5 e1 [binary, 4 bytes]
2023-04-17 10:20:32,149 - DEBUG - < PONG 3b cf c5 e1 [binary, 4 bytes]
2023-04-17 10:20:32,154 - DEBUG - % received keepalive pong
2023-04-17 10:20:32,771 - DEBUG - % sending keepalive ping
2023-04-17 10:20:32,772 - DEBUG - > PING e6 5c 60 94 [binary, 4 bytes]
2023-04-17 10:20:32,780 - DEBUG - < PONG e6 5c 60 94 [binary, 4 bytes]
2023-04-17 10:20:32,784 - DEBUG - % received keepalive pong
2023-04-17 10:20:36,702 - DEBUG - = connection is CONNECTING
2023-04-17 10:20:36,735 - DEBUG - > GET /ocpp16/ELA007C05/EVSCA050001 HTTP/1.1
2023-04-17 10:20:36,736 - DEBUG - > Host: ws.devevspcharger.uplus.co.kr
2023-04-17 10:20:36,736 - DEBUG - > Upgrade: websocket
2023-04-17 10:20:36,736 - DEBUG - > Connection: Upgrade
2023-04-17 10:20:36,736 - DEBUG - > Sec-WebSocket-Key: fPXYfD4TNZBVjiPmUQtphw==
2023-04-17 10:20:36,736 - DEBUG - > Sec-WebSocket-Version: 13
2023-04-17 10:20:36,736 - DEBUG - > Sec-WebSocket-Extensions: permessage-deflate; client_max_window_bits
2023-04-17 10:20:36,736 - DEBUG - > Sec-WebSocket-Protocol: ocpp1.6
2023-04-17 10:20:36,737 - DEBUG - > Authorization: Basic RVZBUjpFVkFSTEdV
2023-04-17 10:20:36,737 - DEBUG - > User-Agent: Python/3.11 websockets/10.4
2023-04-17 10:20:37,221 - DEBUG - < HTTP/1.1 101 Switching Protocols
2023-04-17 10:20:37,222 - DEBUG - < Connection: upgrade
2023-04-17 10:20:37,222 - DEBUG - < Date: Mon, 17 Apr 2023 01:20:26 GMT
2023-04-17 10:20:37,222 - DEBUG - < sec-websocket-protocol: ocpp1.6
2023-04-17 10:20:37,222 - DEBUG - < upgrade: websocket
2023-04-17 10:20:37,223 - DEBUG - < sec-websocket-accept: jikSRofvzujHPLWXwShOdzpyWPE=
2023-04-17 10:20:37,223 - DEBUG - < sec-websocket-extensions: permessage-deflate
2023-04-17 10:20:37,223 - DEBUG - < X-Cache: Miss from cloudfront
2023-04-17 10:20:37,223 - DEBUG - < Via: 1.1 b92faae7242f31be9bfc0ec3d134dfce.cloudfront.net (CloudFront)
2023-04-17 10:20:37,223 - DEBUG - < X-Amz-Cf-Pop: ICN57-P2
2023-04-17 10:20:37,223 - DEBUG - < X-Amz-Cf-Id: jRwxBpQQlTNkE6j2N2z4YP-kWR_TamjTu_5d9eMby-9y5tle_M6rBg==
2023-04-17 10:20:37,224 - DEBUG - = connection is OPEN
2023-04-17 10:20:37,270 - DEBUG - > TEXT '[2, "ddd86918-d205-4619-a4ed-9e8d938f9dde", "Bo...ePointVendor": "EVAR"}]' [127 bytes]
2023-04-17 10:20:37,693 - DEBUG - < TEXT '[3, "ddd86918-d205-4619-a4ed-9e8d938f9dde", {"s...26Z", "interval": 600}]' [123 bytes]
2023-04-17 10:20:42,213 - DEBUG - Starting new HTTPS connection (1): rgw.devevspcharger.uplus.co.kr:443
2023-04-17 10:20:42,824 - DEBUG - https://rgw.devevspcharger.uplus.co.kr:443 "POST /ioc HTTP/1.1" 200 145
2023-04-17 10:20:42,837 - DEBUG - < TEXT '[2, "0edbd145-00de-4448-8408-81d4366c5aea", "Re...": "1031040000069641"}]' [100 bytes]
2023-04-17 10:20:42,846 - DEBUG - > TEXT '[3, "0edbd145-00de-4448-8408-81d4366c5aea", {"status": "Accepted"}]' [67 bytes]
2023-04-17 10:20:42,999 - DEBUG - < TEXT '' [0 bytes]
2023-04-17 10:20:43,030 - DEBUG - > TEXT '[2, "ddd86918-d205-4619-a4ed-9e8d938f9dde", "Au...": "1031040000069641"}]' [87 bytes]
2023-04-17 10:20:43,311 - DEBUG - < TEXT '[3, "ddd86918-d205-4619-a4ed-9e8d938f9dde", {"i..."status": "Accepted"}}]' [82 bytes]
2023-04-17 10:20:43,348 - DEBUG - > TEXT '[2, "ddd86918-d205-4619-a4ed-9e8d938f9dde", "St..."status": "Preparing"}]' [132 bytes]
2023-04-17 10:20:43,560 - DEBUG - < TEXT '[3, "ddd86918-d205-4619-a4ed-9e8d938f9dde", {}]' [47 bytes]
2023-04-17 10:20:43,590 - DEBUG - > TEXT '[2, "ddd86918-d205-4619-a4ed-9e8d938f9dde", "St..."status": "Available"}]' [132 bytes]
2023-04-17 10:20:43,774 - DEBUG - < TEXT '[3, "ddd86918-d205-4619-a4ed-9e8d938f9dde", {}]' [47 bytes]
2023-04-17 10:20:43,792 - DEBUG - = connection is CLOSING
2023-04-17 10:20:43,793 - DEBUG - > CLOSE 1000 (OK) [2 bytes]
2023-04-17 10:20:43,802 - DEBUG - < CLOSE 1000 (OK) [2 bytes]
2023-04-17 10:20:43,805 - DEBUG - = connection is CLOSED
2023-04-17 10:20:52,147 - DEBUG - % sending keepalive ping
2023-04-17 10:20:52,147 - DEBUG - > PING c8 39 ad d2 [binary, 4 bytes]
2023-04-17 10:20:52,154 - DEBUG - < PONG c8 39 ad d2 [binary, 4 bytes]
2023-04-17 10:20:52,157 - DEBUG - % received keepalive pong
2023-04-17 10:20:52,777 - DEBUG - % sending keepalive ping
2023-04-17 10:20:52,777 - DEBUG - > PING 55 aa 8a ec [binary, 4 bytes]
2023-04-17 10:20:52,785 - DEBUG - < PONG 55 aa 8a ec [binary, 4 bytes]
2023-04-17 10:20:52,788 - DEBUG - % received keepalive pong
2023-04-17 10:21:12,151 - DEBUG - % sending keepalive ping
2023-04-17 10:21:12,151 - DEBUG - > PING 90 6f 74 02 [binary, 4 bytes]
2023-04-17 10:21:12,158 - DEBUG - < PONG 90 6f 74 02 [binary, 4 bytes]
2023-04-17 10:21:12,161 - DEBUG - % received keepalive pong
2023-04-17 10:21:12,768 - DEBUG - % sending keepalive ping
2023-04-17 10:21:12,768 - DEBUG - > PING a7 c4 5e 75 [binary, 4 bytes]
2023-04-17 10:21:12,778 - DEBUG - < PONG a7 c4 5e 75 [binary, 4 bytes]
2023-04-17 10:21:12,780 - DEBUG - % received keepalive pong
2023-04-17 10:21:32,167 - DEBUG - % sending keepalive ping
2023-04-17 10:21:32,168 - DEBUG - > PING '=e%\x02' [text, 4 bytes]
2023-04-17 10:21:32,174 - DEBUG - ! failing connection with code 1006
2023-04-17 10:21:32,182 - DEBUG - = connection is CLOSED
2023-04-17 10:21:32,765 - DEBUG - % sending keepalive ping
2023-04-17 10:21:32,765 - DEBUG - > PING 83 4c 6b 7b [binary, 4 bytes]
2023-04-17 10:21:32,781 - DEBUG - < PONG 83 4c 6b 7b [binary, 4 bytes]
2023-04-17 10:21:32,785 - DEBUG - % received keepalive pong
2023-04-17 10:21:52,777 - DEBUG - % sending keepalive ping
2023-04-17 10:21:52,778 - DEBUG - > PING 'o\x18 1' [text, 4 bytes]
2023-04-17 10:21:52,786 - DEBUG - < PONG 'o\x18 1' [text, 4 bytes]
2023-04-17 10:21:52,794 - DEBUG - % received keepalive pong
2023-04-17 10:22:12,804 - DEBUG - % sending keepalive ping
2023-04-17 10:22:12,804 - DEBUG - > PING 37 11 b9 67 [binary, 4 bytes]
2023-04-17 10:22:12,812 - DEBUG - < PONG 37 11 b9 67 [binary, 4 bytes]
2023-04-17 10:22:12,815 - DEBUG - % received keepalive pong
2023-04-17 10:22:17,701 - DEBUG - = connection is CONNECTING
2023-04-17 10:22:17,731 - DEBUG - > GET /ocpp16/ELA007C05/EVSCA050001 HTTP/1.1
2023-04-17 10:22:17,731 - DEBUG - > Host: ws.devevspcharger.uplus.co.kr
2023-04-17 10:22:17,731 - DEBUG - > Upgrade: websocket
2023-04-17 10:22:17,732 - DEBUG - > Connection: Upgrade
2023-04-17 10:22:17,732 - DEBUG - > Sec-WebSocket-Key: r7/WZDKQS2HUyomNtXrLYg==
2023-04-17 10:22:17,732 - DEBUG - > Sec-WebSocket-Version: 13
2023-04-17 10:22:17,732 - DEBUG - > Sec-WebSocket-Extensions: permessage-deflate; client_max_window_bits
2023-04-17 10:22:17,732 - DEBUG - > Sec-WebSocket-Protocol: ocpp1.6
2023-04-17 10:22:17,732 - DEBUG - > Authorization: Basic RVZBUjpFVkFSTEdV
2023-04-17 10:22:17,732 - DEBUG - > User-Agent: Python/3.11 websockets/10.4
2023-04-17 10:22:18,221 - DEBUG - < HTTP/1.1 101 Switching Protocols
2023-04-17 10:22:18,221 - DEBUG - < Connection: upgrade
2023-04-17 10:22:18,221 - DEBUG - < Date: Mon, 17 Apr 2023 01:22:07 GMT
2023-04-17 10:22:18,221 - DEBUG - < sec-websocket-protocol: ocpp1.6
2023-04-17 10:22:18,221 - DEBUG - < upgrade: websocket
2023-04-17 10:22:18,221 - DEBUG - < sec-websocket-accept: qU1LoEW9HM4JLVNmIZXMZ7QIx6k=
2023-04-17 10:22:18,221 - DEBUG - < sec-websocket-extensions: permessage-deflate
2023-04-17 10:22:18,221 - DEBUG - < X-Cache: Miss from cloudfront
2023-04-17 10:22:18,221 - DEBUG - < Via: 1.1 623f9f4dd2fef338f4704e13bada95c8.cloudfront.net (CloudFront)
2023-04-17 10:22:18,222 - DEBUG - < X-Amz-Cf-Pop: ICN57-P2
2023-04-17 10:22:18,222 - DEBUG - < X-Amz-Cf-Id: _ecVmWK9E7TPfEi8qK0cTzbmySt6TPIyMqmtrLHnN7mI1ky_IGvQTQ==
2023-04-17 10:22:18,222 - DEBUG - = connection is OPEN
2023-04-17 10:22:18,245 - DEBUG - > TEXT '[2, "f3dfa506-8e59-48a2-a536-ca552bdfd562", "Bo...ePointVendor": "EVAR"}]' [127 bytes]
2023-04-17 10:22:18,703 - DEBUG - < TEXT '[3, "f3dfa506-8e59-48a2-a536-ca552bdfd562", {"s...07Z", "interval": 600}]' [123 bytes]
2023-04-17 10:22:22,134 - DEBUG - Starting new HTTPS connection (1): rgw.devevspcharger.uplus.co.kr:443
2023-04-17 10:22:22,732 - DEBUG - https://rgw.devevspcharger.uplus.co.kr:443 "POST /ioc HTTP/1.1" 200 148
2023-04-17 10:22:22,745 - DEBUG - < TEXT '[2, "99d08d97-500d-407e-ab65-fe245ecc6aff", "Ge...izeRemoteTxRequests"]}]' [103 bytes]
2023-04-17 10:22:22,749 - DEBUG - > TEXT '[3, "99d08d97-500d-407e-ab65-fe245ecc6aff", {"c... "readonly": "true"}]}]' [117 bytes]
2023-04-17 10:22:22,893 - DEBUG - < TEXT '' [0 bytes]
2023-04-17 10:22:22,937 - DEBUG - > TEXT '[2, "f3dfa506-8e59-48a2-a536-ca552bdfd562", "St..."status": "Preparing"}]' [132 bytes]
2023-04-17 10:22:23,130 - DEBUG - < TEXT '[3, "f3dfa506-8e59-48a2-a536-ca552bdfd562", {}]' [47 bytes]
2023-04-17 10:22:25,141 - DEBUG - Starting new HTTPS connection (1): rgw.devevspcharger.uplus.co.kr:443
2023-04-17 10:22:25,534 - DEBUG - https://rgw.devevspcharger.uplus.co.kr:443 "POST /ioc HTTP/1.1" 200 145
2023-04-17 10:22:25,551 - DEBUG - < TEXT '[2, "5c6be8a2-f254-488a-a688-d41c4bef70b0", "Re...": "1031040000069641"}]' [100 bytes]
2023-04-17 10:22:25,559 - DEBUG - > TEXT '[3, "5c6be8a2-f254-488a-a688-d41c4bef70b0", {"status": "Accepted"}]' [67 bytes]
2023-04-17 10:22:25,723 - DEBUG - < TEXT '' [0 bytes]
2023-04-17 10:22:25,764 - DEBUG - > TEXT '[2, "f3dfa506-8e59-48a2-a536-ca552bdfd562", "Au...": "1031040000069641"}]' [87 bytes]
2023-04-17 10:22:25,983 - DEBUG - < TEXT '[3, "f3dfa506-8e59-48a2-a536-ca552bdfd562", {"i..."status": "Accepted"}}]' [82 bytes]
2023-04-17 10:22:26,024 - DEBUG - > TEXT '[2, "e5edfc97-ff1f-46fb-9224-6cb2a539d54b", "St...2023-04-17T10:22:17Z"}]' [170 bytes]
2023-04-17 10:22:26,442 - DEBUG - < TEXT '[3, "e5edfc97-ff1f-46fb-9224-6cb2a539d54b", {"t..."status": "Accepted"}}]' [110 bytes]
2023-04-17 10:22:26,484 - DEBUG - > TEXT '[2, "f3dfa506-8e59-48a2-a536-ca552bdfd562", "St... "status": "Charging"}]' [131 bytes]
2023-04-17 10:22:26,671 - DEBUG - < TEXT '[3, "f3dfa506-8e59-48a2-a536-ca552bdfd562", {}]' [47 bytes]
2023-04-17 10:22:29,968 - DEBUG - Starting new HTTPS connection (1): rgw.devevspcharger.uplus.co.kr:443
2023-04-17 10:22:30,414 - DEBUG - https://rgw.devevspcharger.uplus.co.kr:443 "POST /ioc HTTP/1.1" 200 143
2023-04-17 10:22:30,429 - DEBUG - < TEXT '[2, "9ccc6a94-9aab-45b3-9ea8-61349e048d0b", "Re...sactionId": 120533832}]' [98 bytes]
2023-04-17 10:22:30,433 - DEBUG - > TEXT '[3, "9ccc6a94-9aab-45b3-9ea8-61349e048d0b", {"status": "Accepted"}]' [67 bytes]
2023-04-17 10:22:30,600 - DEBUG - < TEXT '' [0 bytes]
2023-04-17 10:22:30,639 - DEBUG - > TEXT '[2, "ac39b0b1-105f-4393-b82f-1b6d1eadfa8f", "St...sactionId": 120533832}]' [149 bytes]
2023-04-17 10:22:31,024 - DEBUG - < TEXT '[3, "ac39b0b1-105f-4393-b82f-1b6d1eadfa8f", {"i..."status": "Accepted"}}]' [82 bytes]
2023-04-17 10:22:31,068 - DEBUG - > TEXT '[2, "f3dfa506-8e59-48a2-a536-ca552bdfd562", "St..."status": "Finishing"}]' [132 bytes]
2023-04-17 10:22:31,283 - DEBUG - < TEXT '[3, "f3dfa506-8e59-48a2-a536-ca552bdfd562", {}]' [47 bytes]
2023-04-17 10:22:31,335 - DEBUG - > TEXT '[2, "f3dfa506-8e59-48a2-a536-ca552bdfd562", "St..."status": "Available"}]' [132 bytes]
2023-04-17 10:22:31,561 - DEBUG - < TEXT '[3, "f3dfa506-8e59-48a2-a536-ca552bdfd562", {}]' [47 bytes]
2023-04-17 10:22:31,582 - DEBUG - = connection is CLOSING
2023-04-17 10:22:31,582 - DEBUG - > CLOSE 1000 (OK) [2 bytes]
2023-04-17 10:22:31,591 - DEBUG - < CLOSE 1000 (OK) [2 bytes]
2023-04-17 10:22:31,595 - DEBUG - = connection is CLOSED
2023-04-17 10:22:32,817 - DEBUG - % sending keepalive ping
2023-04-17 10:22:32,818 - DEBUG - > PING 4a ea 20 ca [binary, 4 bytes]
2023-04-17 10:22:32,826 - DEBUG - < PONG 4a ea 20 ca [binary, 4 bytes]
2023-04-17 10:22:32,831 - DEBUG - % received keepalive pong
2023-04-17 10:22:52,822 - DEBUG - % sending keepalive ping
2023-04-17 10:22:52,823 - DEBUG - > PING 7e c7 db 3a [binary, 4 bytes]
2023-04-17 10:22:52,831 - DEBUG - < PONG 7e c7 db 3a [binary, 4 bytes]
2023-04-17 10:22:52,834 - DEBUG - % received keepalive pong
2023-04-17 10:23:12,830 - DEBUG - % sending keepalive ping
2023-04-17 10:23:12,830 - DEBUG - > PING 08 fb b0 94 [binary, 4 bytes]
2023-04-17 10:23:12,839 - DEBUG - < PONG 08 fb b0 94 [binary, 4 bytes]
2023-04-17 10:23:12,849 - DEBUG - % received keepalive pong
2023-04-17 10:23:14,129 - DEBUG - = connection is CONNECTING
2023-04-17 10:23:14,169 - DEBUG - > GET /ocpp16/ELA007C05/EVSCA050001 HTTP/1.1
2023-04-17 10:23:14,170 - DEBUG - > Host: ws.devevspcharger.uplus.co.kr
2023-04-17 10:23:14,170 - DEBUG - > Upgrade: websocket
2023-04-17 10:23:14,170 - DEBUG - > Connection: Upgrade
2023-04-17 10:23:14,170 - DEBUG - > Sec-WebSocket-Key: ntvEXMHSf7BErHR2GMnuBg==
2023-04-17 10:23:14,170 - DEBUG - > Sec-WebSocket-Version: 13
2023-04-17 10:23:14,171 - DEBUG - > Sec-WebSocket-Extensions: permessage-deflate; client_max_window_bits
2023-04-17 10:23:14,171 - DEBUG - > Sec-WebSocket-Protocol: ocpp1.6
2023-04-17 10:23:14,171 - DEBUG - > Authorization: Basic RVZBUjpFVkFSTEdV
2023-04-17 10:23:14,171 - DEBUG - > User-Agent: Python/3.11 websockets/10.4
2023-04-17 10:23:14,394 - DEBUG - < HTTP/1.1 101 Switching Protocols
2023-04-17 10:23:14,394 - DEBUG - < Connection: upgrade
2023-04-17 10:23:14,394 - DEBUG - < Date: Mon, 17 Apr 2023 01:23:03 GMT
2023-04-17 10:23:14,394 - DEBUG - < sec-websocket-protocol: ocpp1.6
2023-04-17 10:23:14,395 - DEBUG - < upgrade: websocket
2023-04-17 10:23:14,395 - DEBUG - < sec-websocket-accept: nvLPWlM2Sm9OVLDfj47Fmie3dhA=
2023-04-17 10:23:14,395 - DEBUG - < sec-websocket-extensions: permessage-deflate
2023-04-17 10:23:14,395 - DEBUG - < X-Cache: Miss from cloudfront
2023-04-17 10:23:14,395 - DEBUG - < Via: 1.1 0deed69f96030eea747cb7bfcfd21562.cloudfront.net (CloudFront)
2023-04-17 10:23:14,395 - DEBUG - < X-Amz-Cf-Pop: ICN57-P2
2023-04-17 10:23:14,395 - DEBUG - < X-Amz-Cf-Id: zkDu0ENtTPHVezjABOHcrUk1RPs8gzAz3e1i3qAPPrtaDP-g2L6QpA==
2023-04-17 10:23:14,395 - DEBUG - = connection is OPEN
2023-04-17 10:23:14,424 - DEBUG - > TEXT '[2, "ae608fed-bbfa-435b-a94e-6b1fa2bbbf7c", "Bo...ePointVendor": "EVAR"}]' [127 bytes]
2023-04-17 10:23:14,685 - DEBUG - < TEXT '[3, "ae608fed-bbfa-435b-a94e-6b1fa2bbbf7c", {"s...03Z", "interval": 600}]' [123 bytes]
2023-04-17 10:23:18,734 - DEBUG - Starting new HTTPS connection (1): rgw.devevspcharger.uplus.co.kr:443
2023-04-17 10:23:19,154 - DEBUG - https://rgw.devevspcharger.uplus.co.kr:443 "POST /ioc HTTP/1.1" 200 153
2023-04-17 10:23:19,164 - DEBUG - < TEXT '[2, "e1be6716-253a-4683-a66a-e4dfd92f152a", "Ch...ve", "connectorId": 1}]' [108 bytes]
2023-04-17 10:23:19,168 - DEBUG - > TEXT '[2, "e1be6716-253a-4683-a66a-e4dfd92f152a", {"status": "Accepted"}]' [67 bytes]
2023-04-17 10:23:19,233 - DEBUG - < TEXT '{"message": "Internal server error", "connectio...Id":"Df3bcGdHoE0Fvmg="}' [103 bytes]
2023-04-17 10:23:19,276 - DEBUG - > TEXT '[2, "ae608fed-bbfa-435b-a94e-6b1fa2bbbf7c", "St...tatus": "Unavailable"}]' [134 bytes]
2023-04-17 10:23:19,487 - DEBUG - < TEXT '[3, "ae608fed-bbfa-435b-a94e-6b1fa2bbbf7c", {}]' [47 bytes]
2023-04-17 10:23:21,930 - DEBUG - Starting new HTTPS connection (1): rgw.devevspcharger.uplus.co.kr:443
2023-04-17 10:23:22,353 - DEBUG - https://rgw.devevspcharger.uplus.co.kr:443 "POST /ioc HTTP/1.1" 200 115
2023-04-17 10:23:22,384 - DEBUG - < TEXT '[2, "12d3d9be-5ad2-4ab6-b77c-347a0c9c5d30", "Reset", {"type": "Hard"}]' [70 bytes]
2023-04-17 10:23:22,393 - DEBUG - > TEXT '[3, "12d3d9be-5ad2-4ab6-b77c-347a0c9c5d30", {"status": "Accepted"}]' [67 bytes]
2023-04-17 10:23:22,543 - DEBUG - < TEXT '' [0 bytes]
2023-04-17 10:23:22,570 - DEBUG - > TEXT '[2, "ae608fed-bbfa-435b-a94e-6b1fa2bbbf7c", "Bo...ePointVendor": "EVAR"}]' [127 bytes]
2023-04-17 10:23:22,843 - DEBUG - < TEXT '[3, "ae608fed-bbfa-435b-a94e-6b1fa2bbbf7c", {"s...11Z", "interval": 600}]' [123 bytes]
2023-04-17 10:23:22,885 - DEBUG - > TEXT '[2, "ae608fed-bbfa-435b-a94e-6b1fa2bbbf7c", "St...tatus": "Unavailable"}]' [134 bytes]
2023-04-17 10:23:23,107 - DEBUG - < TEXT '[3, "ae608fed-bbfa-435b-a94e-6b1fa2bbbf7c", {}]' [47 bytes]
2023-04-17 10:23:23,140 - DEBUG - > TEXT '[2, "ae608fed-bbfa-435b-a94e-6b1fa2bbbf7c", "St..."status": "Available"}]' [132 bytes]
2023-04-17 10:23:23,342 - DEBUG - < TEXT '[3, "ae608fed-bbfa-435b-a94e-6b1fa2bbbf7c", {}]' [47 bytes]
2023-04-17 10:23:25,605 - DEBUG - Starting new HTTPS connection (1): rgw.devevspcharger.uplus.co.kr:443
2023-04-17 10:23:26,015 - DEBUG - https://rgw.devevspcharger.uplus.co.kr:443 "POST /ioc HTTP/1.1" 200 151
2023-04-17 10:23:26,025 - DEBUG - < TEXT '[2, "2cbcf673-41cb-4a4b-b5ea-0771353cbb69", "Ch...ve", "connectorId": 1}]' [106 bytes]
2023-04-17 10:23:26,032 - DEBUG - > TEXT '[2, "2cbcf673-41cb-4a4b-b5ea-0771353cbb69", {"status": "Accepted"}]' [67 bytes]
2023-04-17 10:23:26,123 - DEBUG - < TEXT '{"message": "Internal server error", "connectio...Id":"Df3cgG7IIE0FXTg="}' [103 bytes]
2023-04-17 10:23:26,163 - DEBUG - > TEXT '[2, "ae608fed-bbfa-435b-a94e-6b1fa2bbbf7c", "St..."status": "Available"}]' [132 bytes]
2023-04-17 10:23:26,385 - DEBUG - < TEXT '[3, "ae608fed-bbfa-435b-a94e-6b1fa2bbbf7c", {}]' [47 bytes]
2023-04-17 10:23:26,403 - DEBUG - = connection is CLOSING
2023-04-17 10:23:26,403 - DEBUG - > CLOSE 1000 (OK) [2 bytes]
2023-04-17 10:23:26,412 - DEBUG - < CLOSE 1000 (OK) [2 bytes]
2023-04-17 10:23:26,415 - DEBUG - = connection is CLOSED
2023-04-17 10:23:32,844 - DEBUG - % sending keepalive ping
2023-04-17 10:23:32,844 - DEBUG - > PING ac ab 52 6c [binary, 4 bytes]
2023-04-17 10:23:32,853 - DEBUG - < PONG ac ab 52 6c [binary, 4 bytes]
2023-04-17 10:23:32,856 - DEBUG - % received keepalive pong
2023-04-17 10:23:52,855 - DEBUG - % sending keepalive ping
2023-04-17 10:23:52,856 - DEBUG - > PING 82 20 87 dc [binary, 4 bytes]
2023-04-17 10:23:52,864 - DEBUG - < PONG 82 20 87 dc [binary, 4 bytes]
2023-04-17 10:23:52,866 - DEBUG - % received keepalive pong
2023-04-17 10:24:09,243 - DEBUG - = connection is CONNECTING
2023-04-17 10:24:09,274 - DEBUG - > GET /ocpp16/ELA007C05/EVSCA050001 HTTP/1.1
2023-04-17 10:24:09,274 - DEBUG - > Host: ws.devevspcharger.uplus.co.kr
2023-04-17 10:24:09,274 - DEBUG - > Upgrade: websocket
2023-04-17 10:24:09,274 - DEBUG - > Connection: Upgrade
2023-04-17 10:24:09,275 - DEBUG - > Sec-WebSocket-Key: QWo7EebZ2DBV2z9TmBIvoA==
2023-04-17 10:24:09,275 - DEBUG - > Sec-WebSocket-Version: 13
2023-04-17 10:24:09,275 - DEBUG - > Sec-WebSocket-Extensions: permessage-deflate; client_max_window_bits
2023-04-17 10:24:09,275 - DEBUG - > Sec-WebSocket-Protocol: ocpp1.6
2023-04-17 10:24:09,275 - DEBUG - > Authorization: Basic RVZBUjpFVkFSTEdV
2023-04-17 10:24:09,275 - DEBUG - > User-Agent: Python/3.11 websockets/10.4
2023-04-17 10:24:09,505 - DEBUG - < HTTP/1.1 101 Switching Protocols
2023-04-17 10:24:09,506 - DEBUG - < Connection: upgrade
2023-04-17 10:24:09,506 - DEBUG - < Date: Mon, 17 Apr 2023 01:23:58 GMT
2023-04-17 10:24:09,506 - DEBUG - < sec-websocket-protocol: ocpp1.6
2023-04-17 10:24:09,506 - DEBUG - < upgrade: websocket
2023-04-17 10:24:09,506 - DEBUG - < sec-websocket-accept: wXOq5hjtdTuNnO798NQpQJnsxD4=
2023-04-17 10:24:09,507 - DEBUG - < sec-websocket-extensions: permessage-deflate
2023-04-17 10:24:09,507 - DEBUG - < X-Cache: Miss from cloudfront
2023-04-17 10:24:09,507 - DEBUG - < Via: 1.1 a252aeda8ec1e2b582ae9a32f7c8d544.cloudfront.net (CloudFront)
2023-04-17 10:24:09,507 - DEBUG - < X-Amz-Cf-Pop: ICN57-P2
2023-04-17 10:24:09,508 - DEBUG - < X-Amz-Cf-Id: MMS8JKRL1kvRljIJGejMs5jwUjNIrklshHsO_ZronCYwxIewjmVgyQ==
2023-04-17 10:24:09,508 - DEBUG - = connection is OPEN
2023-04-17 10:24:09,549 - DEBUG - > TEXT '[2, "57d42c10-7bbf-49c8-85fe-37e0e51fc774", "Bo...ePointVendor": "EVAR"}]' [127 bytes]
2023-04-17 10:24:09,822 - DEBUG - < TEXT '[3, "57d42c10-7bbf-49c8-85fe-37e0e51fc774", {"s...58Z", "interval": 600}]' [123 bytes]
2023-04-17 10:24:11,958 - DEBUG - Starting new HTTPS connection (1): rgw.devevspcharger.uplus.co.kr:443
2023-04-17 10:24:12,395 - DEBUG - https://rgw.devevspcharger.uplus.co.kr:443 "POST /ioc HTTP/1.1" 200 153
2023-04-17 10:24:12,405 - DEBUG - < TEXT '[2, "25708d65-ef76-4c83-bcd3-87aee28322df", "Ch...ve", "connectorId": 1}]' [108 bytes]
2023-04-17 10:24:12,413 - DEBUG - > TEXT '[2, "25708d65-ef76-4c83-bcd3-87aee28322df", {"status": "Accepted"}]' [67 bytes]
2023-04-17 10:24:12,461 - DEBUG - < TEXT '{"message": "Internal server error", "connectio...Id":"Df3jwGpnIE0Fb0w="}' [103 bytes]
2023-04-17 10:24:12,501 - DEBUG - > TEXT '[2, "57d42c10-7bbf-49c8-85fe-37e0e51fc774", "St...tatus": "Unavailable"}]' [134 bytes]
2023-04-17 10:24:12,705 - DEBUG - < TEXT '[3, "57d42c10-7bbf-49c8-85fe-37e0e51fc774", {}]' [47 bytes]
2023-04-17 10:24:12,854 - DEBUG - % sending keepalive ping
2023-04-17 10:24:12,854 - DEBUG - > PING '\x1eZx\x07' [text, 4 bytes]
2023-04-17 10:24:12,863 - DEBUG - < PONG '\x1eZx\x07' [text, 4 bytes]
2023-04-17 10:24:12,866 - DEBUG - % received keepalive pong
2023-04-17 10:24:14,830 - DEBUG - Starting new HTTPS connection (1): rgw.devevspcharger.uplus.co.kr:443
2023-04-17 10:24:15,260 - DEBUG - https://rgw.devevspcharger.uplus.co.kr:443 "POST /ioc HTTP/1.1" 200 115
2023-04-17 10:24:15,291 - DEBUG - < TEXT '[2, "9449ac1f-ea39-4bf3-9f4d-584317222a46", "Reset", {"type": "Hard"}]' [70 bytes]
2023-04-17 10:24:15,296 - DEBUG - > TEXT '[3, "9449ac1f-ea39-4bf3-9f4d-584317222a46", {"status": "Accepted"}]' [67 bytes]
2023-04-17 10:24:15,442 - DEBUG - < TEXT '' [0 bytes]
2023-04-17 10:24:15,467 - DEBUG - > TEXT '[2, "57d42c10-7bbf-49c8-85fe-37e0e51fc774", "Bo...ePointVendor": "EVAR"}]' [127 bytes]
2023-04-17 10:24:15,747 - DEBUG - < TEXT '[3, "57d42c10-7bbf-49c8-85fe-37e0e51fc774", {"s...04Z", "interval": 600}]' [123 bytes]
2023-04-17 10:24:15,781 - DEBUG - > TEXT '[2, "57d42c10-7bbf-49c8-85fe-37e0e51fc774", "St...tatus": "Unavailable"}]' [134 bytes]
2023-04-17 10:24:15,967 - DEBUG - < TEXT '[3, "57d42c10-7bbf-49c8-85fe-37e0e51fc774", {}]' [47 bytes]
2023-04-17 10:24:16,002 - DEBUG - > TEXT '[2, "57d42c10-7bbf-49c8-85fe-37e0e51fc774", "St..."status": "Available"}]' [132 bytes]
2023-04-17 10:24:16,222 - DEBUG - < TEXT '[3, "57d42c10-7bbf-49c8-85fe-37e0e51fc774", {}]' [47 bytes]
2023-04-17 10:24:19,017 - DEBUG - Starting new HTTPS connection (1): rgw.devevspcharger.uplus.co.kr:443
2023-04-17 10:24:19,455 - DEBUG - https://rgw.devevspcharger.uplus.co.kr:443 "POST /ioc HTTP/1.1" 200 151
2023-04-17 10:24:19,469 - DEBUG - < TEXT '[2, "ed5b8b37-092a-4ce4-bb69-1cf359ce5c6a", "Ch...ve", "connectorId": 1}]' [106 bytes]
2023-04-17 10:24:19,473 - DEBUG - > TEXT '[2, "ed5b8b37-092a-4ce4-bb69-1cf359ce5c6a", {"status": "Accepted"}]' [67 bytes]
2023-04-17 10:24:19,542 - DEBUG - < TEXT '{"message": "Internal server error", "connectio...Id":"Df3k3HUEIE0FpMQ="}' [103 bytes]
2023-04-17 10:24:19,586 - DEBUG - > TEXT '[2, "57d42c10-7bbf-49c8-85fe-37e0e51fc774", "St..."status": "Available"}]' [132 bytes]
2023-04-17 10:24:19,904 - DEBUG - < TEXT '[3, "57d42c10-7bbf-49c8-85fe-37e0e51fc774", {}]' [47 bytes]
2023-04-17 10:24:19,921 - DEBUG - = connection is CLOSING
2023-04-17 10:24:19,921 - DEBUG - > CLOSE 1000 (OK) [2 bytes]
2023-04-17 10:24:19,928 - DEBUG - < CLOSE 1000 (OK) [2 bytes]
2023-04-17 10:24:19,934 - DEBUG - = connection is CLOSED
2023-04-17 10:24:32,844 - DEBUG - % sending keepalive ping
2023-04-17 10:24:32,845 - DEBUG - > PING a7 21 f7 78 [binary, 4 bytes]
2023-04-17 10:24:32,853 - DEBUG - < PONG a7 21 f7 78 [binary, 4 bytes]
2023-04-17 10:24:32,860 - DEBUG - % received keepalive pong
2023-04-17 10:24:52,851 - DEBUG - % sending keepalive ping
2023-04-17 10:24:52,851 - DEBUG - > PING 84 82 73 84 [binary, 4 bytes]
2023-04-17 10:24:52,859 - DEBUG - < PONG 84 82 73 84 [binary, 4 bytes]
2023-04-17 10:24:52,863 - DEBUG - % received keepalive pong
2023-04-17 10:25:11,945 - DEBUG - = connection is CONNECTING
2023-04-17 10:25:11,972 - DEBUG - > GET /ocpp16/ELA007C05/EVSCA050001 HTTP/1.1
2023-04-17 10:25:11,972 - DEBUG - > Host: ws.devevspcharger.uplus.co.kr
2023-04-17 10:25:11,975 - DEBUG - > Upgrade: websocket
2023-04-17 10:25:11,976 - DEBUG - > Connection: Upgrade
2023-04-17 10:25:11,976 - DEBUG - > Sec-WebSocket-Key: N1AzqSLBLtltQ/aDoE3deA==
2023-04-17 10:25:11,976 - DEBUG - > Sec-WebSocket-Version: 13
2023-04-17 10:25:11,976 - DEBUG - > Sec-WebSocket-Extensions: permessage-deflate; client_max_window_bits
2023-04-17 10:25:11,976 - DEBUG - > Sec-WebSocket-Protocol: ocpp1.6
2023-04-17 10:25:11,976 - DEBUG - > Authorization: Basic RVZBUjpFVkFSTEdV
2023-04-17 10:25:11,976 - DEBUG - > User-Agent: Python/3.11 websockets/10.4
2023-04-17 10:25:12,246 - DEBUG - < HTTP/1.1 101 Switching Protocols
2023-04-17 10:25:12,246 - DEBUG - < Connection: upgrade
2023-04-17 10:25:12,247 - DEBUG - < Date: Mon, 17 Apr 2023 01:25:01 GMT
2023-04-17 10:25:12,247 - DEBUG - < sec-websocket-protocol: ocpp1.6
2023-04-17 10:25:12,247 - DEBUG - < upgrade: websocket
2023-04-17 10:25:12,247 - DEBUG - < sec-websocket-accept: qfkobKB7n8sF0+8YqhbIDxIMJH8=
2023-04-17 10:25:12,247 - DEBUG - < sec-websocket-extensions: permessage-deflate
2023-04-17 10:25:12,247 - DEBUG - < X-Cache: Miss from cloudfront
2023-04-17 10:25:12,247 - DEBUG - < Via: 1.1 96d5e926418becbc899e1a730ab37236.cloudfront.net (CloudFront)
2023-04-17 10:25:12,247 - DEBUG - < X-Amz-Cf-Pop: ICN57-P2
2023-04-17 10:25:12,247 - DEBUG - < X-Amz-Cf-Id: pa1sZWUCK-fV-cB1IFhhxhKcTXv1B6C7DiiMNL4IPcVbcPCZOWnWWQ==
2023-04-17 10:25:12,248 - DEBUG - = connection is OPEN
2023-04-17 10:25:12,856 - DEBUG - % sending keepalive ping
2023-04-17 10:25:12,856 - DEBUG - > PING 91 1a 2c 70 [binary, 4 bytes]
2023-04-17 10:25:12,868 - DEBUG - < PONG 91 1a 2c 70 [binary, 4 bytes]
2023-04-17 10:25:12,873 - DEBUG - % received keepalive pong
2023-04-17 10:25:14,321 - DEBUG - Starting new HTTPS connection (1): rgw.devevspcharger.uplus.co.kr:443
2023-04-17 10:25:14,759 - DEBUG - https://rgw.devevspcharger.uplus.co.kr:443 "POST /ioc HTTP/1.1" 200 127
2023-04-17 10:25:14,769 - DEBUG - < TEXT '[2, "4c56f5ea-9b8c-44a6-9de8-504dd01a8a82", "Un...r", {"connectorId": 1}]' [82 bytes]
2023-04-17 10:25:14,778 - DEBUG - > TEXT '[3, "4c56f5ea-9b8c-44a6-9de8-504dd01a8a82", {"status": "Unlocked"}]' [67 bytes]
2023-04-17 10:25:14,922 - DEBUG - < TEXT '' [0 bytes]
2023-04-17 10:25:14,935 - DEBUG - = connection is CLOSING
2023-04-17 10:25:14,935 - DEBUG - > CLOSE 1000 (OK) [2 bytes]
2023-04-17 10:25:14,944 - DEBUG - < CLOSE 1000 (OK) [2 bytes]
2023-04-17 10:25:14,951 - DEBUG - = connection is CLOSED
2023-04-17 10:25:32,883 - DEBUG - % sending keepalive ping
2023-04-17 10:25:32,883 - DEBUG - > PING 96 1a d3 45 [binary, 4 bytes]
2023-04-17 10:25:32,892 - DEBUG - < PONG 96 1a d3 45 [binary, 4 bytes]
2023-04-17 10:25:32,914 - DEBUG - % received keepalive pong
2023-04-17 10:25:40,228 - DEBUG - = connection is CONNECTING
2023-04-17 10:25:40,262 - DEBUG - > GET /ocpp16/ELA007C05/EVSCA050001 HTTP/1.1
2023-04-17 10:25:40,262 - DEBUG - > Host: ws.devevspcharger.uplus.co.kr
2023-04-17 10:25:40,263 - DEBUG - > Upgrade: websocket
2023-04-17 10:25:40,263 - DEBUG - > Connection: Upgrade
2023-04-17 10:25:40,263 - DEBUG - > Sec-WebSocket-Key: HliETXP/SlirI9CJaxZBGg==
2023-04-17 10:25:40,263 - DEBUG - > Sec-WebSocket-Version: 13
2023-04-17 10:25:40,263 - DEBUG - > Sec-WebSocket-Extensions: permessage-deflate; client_max_window_bits
2023-04-17 10:25:40,263 - DEBUG - > Sec-WebSocket-Protocol: ocpp1.6
2023-04-17 10:25:40,263 - DEBUG - > Authorization: Basic RVZBUjpFVkFSTEdV
2023-04-17 10:25:40,264 - DEBUG - > User-Agent: Python/3.11 websockets/10.4
2023-04-17 10:25:40,585 - DEBUG - < HTTP/1.1 101 Switching Protocols
2023-04-17 10:25:40,585 - DEBUG - < Connection: upgrade
2023-04-17 10:25:40,585 - DEBUG - < Date: Mon, 17 Apr 2023 01:25:29 GMT
2023-04-17 10:25:40,585 - DEBUG - < sec-websocket-protocol: ocpp1.6
2023-04-17 10:25:40,585 - DEBUG - < upgrade: websocket
2023-04-17 10:25:40,585 - DEBUG - < sec-websocket-accept: K7mLKA7tRUYd7LRyA2yLv6F73qc=
2023-04-17 10:25:40,585 - DEBUG - < sec-websocket-extensions: permessage-deflate
2023-04-17 10:25:40,585 - DEBUG - < X-Cache: Miss from cloudfront
2023-04-17 10:25:40,586 - DEBUG - < Via: 1.1 8cd680512056914f119efae770348786.cloudfront.net (CloudFront)
2023-04-17 10:25:40,586 - DEBUG - < X-Amz-Cf-Pop: ICN57-P2
2023-04-17 10:25:40,586 - DEBUG - < X-Amz-Cf-Id: f4py2VdUjl0KrHA4PXKO2YUz0HLVkiTQcceE4aXJEB1pzLUVyl1VfA==
2023-04-17 10:25:40,586 - DEBUG - = connection is OPEN
2023-04-17 10:25:43,554 - DEBUG - Starting new HTTPS connection (1): rgw.devevspcharger.uplus.co.kr:443
2023-04-17 10:25:43,995 - DEBUG - https://rgw.devevspcharger.uplus.co.kr:443 "POST /ioc HTTP/1.1" 200 127
2023-04-17 10:25:44,001 - DEBUG - < TEXT '[2, "18cb4848-b6a0-4dc2-b8bc-ea4e0bb96395", "Un...r", {"connectorId": 1}]' [82 bytes]
2023-04-17 10:25:44,005 - DEBUG - > TEXT '[3, "18cb4848-b6a0-4dc2-b8bc-ea4e0bb96395", {"status": "NotSupported"}]' [71 bytes]
2023-04-17 10:25:44,162 - DEBUG - < TEXT '' [0 bytes]
2023-04-17 10:25:44,172 - DEBUG - = connection is CLOSING
2023-04-17 10:25:44,172 - DEBUG - > CLOSE 1000 (OK) [2 bytes]
2023-04-17 10:25:44,179 - DEBUG - < CLOSE 1000 (OK) [2 bytes]
2023-04-17 10:25:44,185 - DEBUG - = connection is CLOSED
2023-04-17 10:25:52,887 - DEBUG - % sending keepalive ping
2023-04-17 10:25:52,887 - DEBUG - > PING 29 7b ee dd [binary, 4 bytes]
2023-04-17 10:25:52,895 - DEBUG - < PONG 29 7b ee dd [binary, 4 bytes]
2023-04-17 10:25:52,900 - DEBUG - % received keepalive pong
2023-04-17 10:26:12,901 - DEBUG - % sending keepalive ping
2023-04-17 10:26:12,901 - DEBUG - > PING '\nODz' [text, 4 bytes]
2023-04-17 10:26:12,911 - DEBUG - < PONG '\nODz' [text, 4 bytes]
2023-04-17 10:26:12,916 - DEBUG - % received keepalive pong
2023-04-17 10:26:32,894 - DEBUG - % sending keepalive ping
2023-04-17 10:26:32,894 - DEBUG - > PING 6e 8e 0d 68 [binary, 4 bytes]
2023-04-17 10:26:32,908 - DEBUG - < PONG 6e 8e 0d 68 [binary, 4 bytes]
2023-04-17 10:26:32,913 - DEBUG - % received keepalive pong
2023-04-17 10:26:52,889 - DEBUG - % sending keepalive ping
2023-04-17 10:26:52,889 - DEBUG - > PING ",/'K" [text, 4 bytes]
2023-04-17 10:26:52,910 - DEBUG - < PONG ",/'K" [text, 4 bytes]
2023-04-17 10:26:52,913 - DEBUG - % received keepalive pong
2023-04-17 10:27:12,891 - DEBUG - % sending keepalive ping
2023-04-17 10:27:12,891 - DEBUG - > PING 57 b1 12 b3 [binary, 4 bytes]
2023-04-17 10:27:12,899 - DEBUG - < PONG 57 b1 12 b3 [binary, 4 bytes]
2023-04-17 10:27:12,902 - DEBUG - % received keepalive pong
2023-04-17 10:27:32,901 - DEBUG - % sending keepalive ping
2023-04-17 10:27:32,901 - DEBUG - > PING '\x1c$m\x07' [text, 4 bytes]
2023-04-17 10:27:32,910 - DEBUG - < PONG '\x1c$m\x07' [text, 4 bytes]
2023-04-17 10:27:32,912 - DEBUG - % received keepalive pong
2023-04-17 10:27:52,888 - DEBUG - % sending keepalive ping
2023-04-17 10:27:52,888 - DEBUG - > PING 02 72 a1 9e [binary, 4 bytes]
2023-04-17 10:27:52,898 - DEBUG - < PONG 02 72 a1 9e [binary, 4 bytes]
2023-04-17 10:27:52,905 - DEBUG - % received keepalive pong
2023-04-17 10:28:12,899 - DEBUG - % sending keepalive ping
2023-04-17 10:28:12,899 - DEBUG - > PING 31 f9 fc c7 [binary, 4 bytes]
2023-04-17 10:28:12,908 - DEBUG - < PONG 31 f9 fc c7 [binary, 4 bytes]
2023-04-17 10:28:12,912 - DEBUG - % received keepalive pong
2023-04-17 10:28:32,903 - DEBUG - % sending keepalive ping
2023-04-17 10:28:32,903 - DEBUG - > PING 88 12 be 98 [binary, 4 bytes]
2023-04-17 10:28:32,912 - DEBUG - < PONG 88 12 be 98 [binary, 4 bytes]
2023-04-17 10:28:32,919 - DEBUG - % received keepalive pong
2023-04-17 10:28:52,926 - DEBUG - % sending keepalive ping
2023-04-17 10:28:52,926 - DEBUG - > PING a9 c7 f9 e7 [binary, 4 bytes]
2023-04-17 10:28:52,939 - DEBUG - < PONG a9 c7 f9 e7 [binary, 4 bytes]
2023-04-17 10:28:52,944 - DEBUG - % received keepalive pong
2023-04-17 10:29:12,946 - DEBUG - % sending keepalive ping
2023-04-17 10:29:12,946 - DEBUG - > PING 93 08 ba f8 [binary, 4 bytes]
2023-04-17 10:29:12,955 - DEBUG - < PONG 93 08 ba f8 [binary, 4 bytes]
2023-04-17 10:29:12,962 - DEBUG - % received keepalive pong
2023-04-17 10:29:32,943 - DEBUG - % sending keepalive ping
2023-04-17 10:29:32,943 - DEBUG - > PING 91 88 2c dd [binary, 4 bytes]
2023-04-17 10:29:32,952 - DEBUG - < PONG 91 88 2c dd [binary, 4 bytes]
2023-04-17 10:29:32,955 - DEBUG - % received keepalive pong
2023-04-17 10:29:52,939 - DEBUG - % sending keepalive ping
2023-04-17 10:29:52,939 - DEBUG - > PING e4 e0 0e 56 [binary, 4 bytes]
2023-04-17 10:29:52,962 - DEBUG - < PONG e4 e0 0e 56 [binary, 4 bytes]
2023-04-17 10:29:52,968 - DEBUG - % received keepalive pong
2023-04-17 10:30:12,974 - DEBUG - % sending keepalive ping
2023-04-17 10:30:12,975 - DEBUG - > PING 1e 05 04 d8 [binary, 4 bytes]
2023-04-17 10:30:12,983 - DEBUG - < PONG 1e 05 04 d8 [binary, 4 bytes]
2023-04-17 10:30:12,987 - DEBUG - % received keepalive pong
2023-04-17 10:30:32,966 - DEBUG - % sending keepalive ping
2023-04-17 10:30:32,966 - DEBUG - > PING 41 bb 09 35 [binary, 4 bytes]
2023-04-17 10:30:32,975 - DEBUG - < PONG 41 bb 09 35 [binary, 4 bytes]
2023-04-17 10:30:32,981 - DEBUG - % received keepalive pong
2023-04-17 10:30:52,976 - DEBUG - % sending keepalive ping
2023-04-17 10:30:52,977 - DEBUG - > PING '\u0747\x01Z' [text, 4 bytes]
2023-04-17 10:30:53,281 - DEBUG - < PONG '\u0747\x01Z' [text, 4 bytes]
2023-04-17 10:30:53,284 - DEBUG - % received keepalive pong
2023-04-17 10:31:13,262 - DEBUG - % sending keepalive ping
2023-04-17 10:31:13,262 - DEBUG - > PING a9 93 8b c7 [binary, 4 bytes]
2023-04-17 10:31:13,274 - DEBUG - < PONG a9 93 8b c7 [binary, 4 bytes]
2023-04-17 10:31:13,280 - DEBUG - % received keepalive pong
2023-04-17 10:31:33,271 - DEBUG - % sending keepalive ping
2023-04-17 10:31:33,272 - DEBUG - > PING f4 07 03 ad [binary, 4 bytes]
2023-04-17 10:31:33,280 - DEBUG - < PONG f4 07 03 ad [binary, 4 bytes]
2023-04-17 10:31:33,283 - DEBUG - % received keepalive pong
2023-04-17 10:31:53,277 - DEBUG - % sending keepalive ping
2023-04-17 10:31:53,278 - DEBUG - > PING 49 6e 17 a6 [binary, 4 bytes]
2023-04-17 10:31:53,285 - DEBUG - < PONG 49 6e 17 a6 [binary, 4 bytes]
2023-04-17 10:31:53,293 - DEBUG - % received keepalive pong
2023-04-17 10:32:13,300 - DEBUG - % sending keepalive ping
2023-04-17 10:32:13,301 - DEBUG - > PING 8c 53 7d e2 [binary, 4 bytes]
2023-04-17 10:32:13,310 - DEBUG - < PONG 8c 53 7d e2 [binary, 4 bytes]
2023-04-17 10:32:13,315 - DEBUG - % received keepalive pong
2023-04-17 10:32:33,318 - DEBUG - % sending keepalive ping
2023-04-17 10:32:33,318 - DEBUG - > PING 84 5a 38 d2 [binary, 4 bytes]
2023-04-17 10:32:33,327 - DEBUG - < PONG 84 5a 38 d2 [binary, 4 bytes]
2023-04-17 10:32:33,330 - DEBUG - % received keepalive pong
2023-04-17 10:32:53,315 - DEBUG - % sending keepalive ping
2023-04-17 10:32:53,316 - DEBUG - > PING 1c ba c3 15 [binary, 4 bytes]
2023-04-17 10:32:53,324 - DEBUG - < PONG 1c ba c3 15 [binary, 4 bytes]
2023-04-17 10:32:53,328 - DEBUG - % received keepalive pong
2023-04-17 10:33:13,319 - DEBUG - % sending keepalive ping
2023-04-17 10:33:13,319 - DEBUG - > PING 4c b2 88 ca [binary, 4 bytes]
2023-04-17 10:33:13,332 - DEBUG - < PONG 4c b2 88 ca [binary, 4 bytes]
2023-04-17 10:33:13,336 - DEBUG - % received keepalive pong
2023-04-17 10:33:33,314 - DEBUG - % sending keepalive ping
2023-04-17 10:33:33,314 - DEBUG - > PING 6e 1d 46 db [binary, 4 bytes]
2023-04-17 10:33:33,322 - DEBUG - < PONG 6e 1d 46 db [binary, 4 bytes]
2023-04-17 10:33:33,325 - DEBUG - % received keepalive pong
2023-04-17 10:33:53,324 - DEBUG - % sending keepalive ping
2023-04-17 10:33:53,324 - DEBUG - > PING 97 3d 42 e0 [binary, 4 bytes]
2023-04-17 10:33:53,334 - DEBUG - < PONG 97 3d 42 e0 [binary, 4 bytes]
2023-04-17 10:33:53,341 - DEBUG - % received keepalive pong
2023-04-17 10:34:13,354 - DEBUG - % sending keepalive ping
2023-04-17 10:34:13,354 - DEBUG - > PING 44 d6 5b 97 [binary, 4 bytes]
2023-04-17 10:34:13,362 - DEBUG - < PONG 44 d6 5b 97 [binary, 4 bytes]
2023-04-17 10:34:13,366 - DEBUG - % received keepalive pong
2023-04-17 10:34:33,349 - DEBUG - % sending keepalive ping
2023-04-17 10:34:33,349 - DEBUG - > PING 18 ec 43 34 [binary, 4 bytes]
2023-04-17 10:34:33,358 - DEBUG - < PONG 18 ec 43 34 [binary, 4 bytes]
2023-04-17 10:34:33,366 - DEBUG - % received keepalive pong
2023-04-17 10:34:53,347 - DEBUG - % sending keepalive ping
2023-04-17 10:34:53,347 - DEBUG - > PING f3 0e 13 ac [binary, 4 bytes]
2023-04-17 10:34:53,359 - DEBUG - < PONG f3 0e 13 ac [binary, 4 bytes]
2023-04-17 10:34:53,366 - DEBUG - % received keepalive pong
2023-04-17 10:35:13,353 - DEBUG - % sending keepalive ping
2023-04-17 10:35:13,354 - DEBUG - > PING ac 44 b3 a0 [binary, 4 bytes]
2023-04-17 10:35:13,365 - DEBUG - < PONG ac 44 b3 a0 [binary, 4 bytes]
2023-04-17 10:35:13,372 - DEBUG - % received keepalive pong
2023-04-17 10:35:33,374 - DEBUG - % sending keepalive ping
2023-04-17 10:35:33,374 - DEBUG - > PING 4d de 55 83 [binary, 4 bytes]
2023-04-17 10:35:33,382 - DEBUG - < PONG 4d de 55 83 [binary, 4 bytes]
2023-04-17 10:35:33,387 - DEBUG - % received keepalive pong
2023-04-17 10:35:53,397 - DEBUG - % sending keepalive ping
2023-04-17 10:35:53,398 - DEBUG - > PING 23 ba 99 1b [binary, 4 bytes]
2023-04-17 10:35:53,407 - DEBUG - < PONG 23 ba 99 1b [binary, 4 bytes]
2023-04-17 10:35:53,409 - DEBUG - % received keepalive pong
2023-04-17 10:36:13,395 - DEBUG - % sending keepalive ping
2023-04-17 10:36:13,395 - DEBUG - > PING 17 bd 70 65 [binary, 4 bytes]
2023-04-17 10:36:13,403 - DEBUG - < PONG 17 bd 70 65 [binary, 4 bytes]
2023-04-17 10:36:13,410 - DEBUG - % received keepalive pong
2023-04-17 10:36:33,402 - DEBUG - % sending keepalive ping
2023-04-17 10:36:33,402 - DEBUG - > PING d6 07 60 84 [binary, 4 bytes]
2023-04-17 10:36:33,412 - DEBUG - < PONG d6 07 60 84 [binary, 4 bytes]
2023-04-17 10:36:33,414 - DEBUG - % received keepalive pong
2023-04-17 10:36:53,401 - DEBUG - % sending keepalive ping
2023-04-17 10:36:53,401 - DEBUG - > PING 14 0d 97 00 [binary, 4 bytes]
2023-04-17 10:36:53,411 - DEBUG - < PONG 14 0d 97 00 [binary, 4 bytes]
2023-04-17 10:36:53,419 - DEBUG - % received keepalive pong
2023-04-17 10:37:13,427 - DEBUG - % sending keepalive ping
2023-04-17 10:37:13,428 - DEBUG - > PING 7d ed 4e c7 [binary, 4 bytes]
2023-04-17 10:37:13,436 - DEBUG - < PONG 7d ed 4e c7 [binary, 4 bytes]
2023-04-17 10:37:13,441 - DEBUG - % received keepalive pong
2023-04-17 10:37:33,444 - DEBUG - % sending keepalive ping
2023-04-17 10:37:33,444 - DEBUG - > PING e5 9b 67 1b [binary, 4 bytes]
2023-04-17 10:37:33,458 - DEBUG - < PONG e5 9b 67 1b [binary, 4 bytes]
2023-04-17 10:37:33,462 - DEBUG - % received keepalive pong
2023-04-17 10:37:53,446 - DEBUG - % sending keepalive ping
2023-04-17 10:37:53,446 - DEBUG - > PING db 5c ae 63 [binary, 4 bytes]
2023-04-17 10:37:53,456 - DEBUG - < PONG db 5c ae 63 [binary, 4 bytes]
2023-04-17 10:37:53,462 - DEBUG - % received keepalive pong
2023-04-17 10:38:13,443 - DEBUG - % sending keepalive ping
2023-04-17 10:38:13,444 - DEBUG - > PING a5 11 1b 4b [binary, 4 bytes]
2023-04-17 10:38:13,452 - DEBUG - < PONG a5 11 1b 4b [binary, 4 bytes]
2023-04-17 10:38:13,455 - DEBUG - % received keepalive pong
2023-04-17 10:38:33,436 - DEBUG - % sending keepalive ping
2023-04-17 10:38:33,436 - DEBUG - > PING f8 10 06 0c [binary, 4 bytes]
2023-04-17 10:38:33,446 - DEBUG - < PONG f8 10 06 0c [binary, 4 bytes]
2023-04-17 10:38:33,453 - DEBUG - % received keepalive pong
2023-04-17 10:38:53,447 - DEBUG - % sending keepalive ping
2023-04-17 10:38:53,447 - DEBUG - > PING 16 54 da 5e [binary, 4 bytes]
2023-04-17 10:38:53,459 - DEBUG - < PONG 16 54 da 5e [binary, 4 bytes]
2023-04-17 10:38:53,463 - DEBUG - % received keepalive pong
2023-04-17 10:39:13,447 - DEBUG - % sending keepalive ping
2023-04-17 10:39:13,448 - DEBUG - > PING 1f 96 e8 59 [binary, 4 bytes]
2023-04-17 10:39:13,456 - DEBUG - < PONG 1f 96 e8 59 [binary, 4 bytes]
2023-04-17 10:39:13,459 - DEBUG - % received keepalive pong
2023-04-17 10:39:33,441 - DEBUG - % sending keepalive ping
2023-04-17 10:39:33,441 - DEBUG - > PING 18 a3 fa c5 [binary, 4 bytes]
2023-04-17 10:39:33,452 - DEBUG - < PONG 18 a3 fa c5 [binary, 4 bytes]
2023-04-17 10:39:33,460 - DEBUG - % received keepalive pong
2023-04-17 10:39:53,444 - DEBUG - % sending keepalive ping
2023-04-17 10:39:53,444 - DEBUG - > PING df 67 69 49 [binary, 4 bytes]
2023-04-17 10:39:53,456 - DEBUG - < PONG df 67 69 49 [binary, 4 bytes]
2023-04-17 10:39:53,462 - DEBUG - % received keepalive pong
2023-04-17 10:40:13,435 - DEBUG - % sending keepalive ping
2023-04-17 10:40:13,435 - DEBUG - > PING b3 ce 75 88 [binary, 4 bytes]
2023-04-17 10:40:13,443 - DEBUG - < PONG b3 ce 75 88 [binary, 4 bytes]
2023-04-17 10:40:13,446 - DEBUG - % received keepalive pong
2023-04-17 10:40:33,440 - DEBUG - % sending keepalive ping
2023-04-17 10:40:33,441 - DEBUG - > PING 51 32 35 d3 [binary, 4 bytes]
2023-04-17 10:40:33,448 - DEBUG - < PONG 51 32 35 d3 [binary, 4 bytes]
2023-04-17 10:40:33,457 - DEBUG - % received keepalive pong
2023-04-17 10:40:53,441 - DEBUG - % sending keepalive ping
2023-04-17 10:40:53,441 - DEBUG - > PING f2 57 63 dc [binary, 4 bytes]
2023-04-17 10:40:53,456 - DEBUG - < PONG f2 57 63 dc [binary, 4 bytes]
2023-04-17 10:40:53,459 - DEBUG - % received keepalive pong
2023-04-17 10:41:13,449 - DEBUG - % sending keepalive ping
2023-04-17 10:41:13,449 - DEBUG - > PING 6a e5 0d 38 [binary, 4 bytes]
2023-04-17 10:41:13,457 - DEBUG - < PONG 6a e5 0d 38 [binary, 4 bytes]
2023-04-17 10:41:13,461 - DEBUG - % received keepalive pong
2023-04-17 10:41:33,445 - DEBUG - % sending keepalive ping
2023-04-17 10:41:33,445 - DEBUG - > PING c4 f7 b2 4f [binary, 4 bytes]
2023-04-17 10:41:33,453 - DEBUG - < PONG c4 f7 b2 4f [binary, 4 bytes]
2023-04-17 10:41:33,458 - DEBUG - % received keepalive pong
2023-04-17 10:41:53,449 - DEBUG - % sending keepalive ping
2023-04-17 10:41:53,450 - DEBUG - > PING 7a 03 92 4d [binary, 4 bytes]
2023-04-17 10:41:53,460 - DEBUG - < PONG 7a 03 92 4d [binary, 4 bytes]
2023-04-17 10:41:53,467 - DEBUG - % received keepalive pong
2023-04-17 10:42:13,465 - DEBUG - % sending keepalive ping
2023-04-17 10:42:13,466 - DEBUG - > PING 02 64 53 86 [binary, 4 bytes]
2023-04-17 10:42:13,475 - DEBUG - < PONG 02 64 53 86 [binary, 4 bytes]
2023-04-17 10:42:13,478 - DEBUG - % received keepalive pong
2023-04-17 10:42:33,477 - DEBUG - % sending keepalive ping
2023-04-17 10:42:33,477 - DEBUG - > PING 30 a3 60 5c [binary, 4 bytes]
2023-04-17 10:42:33,485 - DEBUG - < PONG 30 a3 60 5c [binary, 4 bytes]
2023-04-17 10:42:33,488 - DEBUG - % received keepalive pong
2023-04-17 10:42:53,476 - DEBUG - % sending keepalive ping
2023-04-17 10:42:53,476 - DEBUG - > PING f7 bb f2 cb [binary, 4 bytes]
2023-04-17 10:42:53,484 - DEBUG - < PONG f7 bb f2 cb [binary, 4 bytes]
2023-04-17 10:42:53,487 - DEBUG - % received keepalive pong
2023-04-17 10:43:13,476 - DEBUG - % sending keepalive ping
2023-04-17 10:43:13,476 - DEBUG - > PING 'y\x1a3\x1c' [text, 4 bytes]
2023-04-17 10:43:13,488 - DEBUG - < PONG 'y\x1a3\x1c' [text, 4 bytes]
2023-04-17 10:43:13,501 - DEBUG - % received keepalive pong
2023-04-17 10:43:33,497 - DEBUG - % sending keepalive ping
2023-04-17 10:43:33,497 - DEBUG - > PING 38 30 d3 59 [binary, 4 bytes]
2023-04-17 10:43:33,506 - DEBUG - < PONG 38 30 d3 59 [binary, 4 bytes]
2023-04-17 10:43:33,512 - DEBUG - % received keepalive pong
2023-04-17 10:43:53,522 - DEBUG - % sending keepalive ping
2023-04-17 10:43:53,522 - DEBUG - > PING 61 b7 89 43 [binary, 4 bytes]
2023-04-17 10:43:53,532 - DEBUG - < PONG 61 b7 89 43 [binary, 4 bytes]
2023-04-17 10:43:53,534 - DEBUG - % received keepalive pong
2023-04-17 10:44:13,513 - DEBUG - % sending keepalive ping
2023-04-17 10:44:13,513 - DEBUG - > PING 5a c3 74 93 [binary, 4 bytes]
2023-04-17 10:44:13,521 - DEBUG - < PONG 5a c3 74 93 [binary, 4 bytes]
2023-04-17 10:44:13,524 - DEBUG - % received keepalive pong
2023-04-17 10:44:33,519 - DEBUG - % sending keepalive ping
2023-04-17 10:44:33,520 - DEBUG - > PING fa 96 bd 36 [binary, 4 bytes]
2023-04-17 10:44:33,528 - DEBUG - < PONG fa 96 bd 36 [binary, 4 bytes]
2023-04-17 10:44:33,535 - DEBUG - % received keepalive pong
2023-04-17 10:44:53,519 - DEBUG - % sending keepalive ping
2023-04-17 10:44:53,520 - DEBUG - > PING 15 8d 9f a1 [binary, 4 bytes]
2023-04-17 10:44:53,529 - DEBUG - < PONG 15 8d 9f a1 [binary, 4 bytes]
2023-04-17 10:44:53,536 - DEBUG - % received keepalive pong
2023-04-17 10:45:13,525 - DEBUG - % sending keepalive ping
2023-04-17 10:45:13,525 - DEBUG - > PING e4 2e d9 65 [binary, 4 bytes]
2023-04-17 10:45:13,543 - DEBUG - < PONG e4 2e d9 65 [binary, 4 bytes]
2023-04-17 10:45:13,547 - DEBUG - % received keepalive pong
2023-04-17 10:45:33,544 - DEBUG - % sending keepalive ping
2023-04-17 10:45:33,544 - DEBUG - > PING 41 10 87 d1 [binary, 4 bytes]
2023-04-17 10:45:33,649 - DEBUG - < PONG 41 10 87 d1 [binary, 4 bytes]
2023-04-17 10:45:33,656 - DEBUG - % received keepalive pong
2023-04-17 10:45:53,647 - DEBUG - % sending keepalive ping
2023-04-17 10:45:53,647 - DEBUG - > PING 54 a5 c0 07 [binary, 4 bytes]
2023-04-17 10:45:53,657 - DEBUG - < PONG 54 a5 c0 07 [binary, 4 bytes]
2023-04-17 10:45:53,659 - DEBUG - % received keepalive pong
2023-04-17 10:46:13,647 - DEBUG - % sending keepalive ping
2023-04-17 10:46:13,647 - DEBUG - > PING 03 ff 45 59 [binary, 4 bytes]
2023-04-17 10:46:13,658 - DEBUG - < PONG 03 ff 45 59 [binary, 4 bytes]
2023-04-17 10:46:13,664 - DEBUG - % received keepalive pong
2023-04-17 10:46:33,654 - DEBUG - % sending keepalive ping
2023-04-17 10:46:33,654 - DEBUG - > PING '{P|R' [text, 4 bytes]
2023-04-17 10:46:33,662 - DEBUG - < PONG '{P|R' [text, 4 bytes]
2023-04-17 10:46:33,670 - DEBUG - % received keepalive pong
2023-04-17 10:46:53,668 - DEBUG - % sending keepalive ping
2023-04-17 10:46:53,668 - DEBUG - > PING ba 54 a8 86 [binary, 4 bytes]
2023-04-17 10:46:53,676 - DEBUG - < PONG ba 54 a8 86 [binary, 4 bytes]
2023-04-17 10:46:53,680 - DEBUG - % received keepalive pong
2023-04-17 10:47:13,670 - DEBUG - % sending keepalive ping
2023-04-17 10:47:13,670 - DEBUG - > PING 30 10 bc 37 [binary, 4 bytes]
2023-04-17 10:47:13,687 - DEBUG - < PONG 30 10 bc 37 [binary, 4 bytes]
2023-04-17 10:47:13,691 - DEBUG - % received keepalive pong
2023-04-17 10:47:33,697 - DEBUG - % sending keepalive ping
2023-04-17 10:47:33,697 - DEBUG - > PING f8 ae 95 b5 [binary, 4 bytes]
2023-04-17 10:47:33,706 - DEBUG - < PONG f8 ae 95 b5 [binary, 4 bytes]
2023-04-17 10:47:33,710 - DEBUG - % received keepalive pong
2023-04-17 10:47:53,695 - DEBUG - % sending keepalive ping
2023-04-17 10:47:53,696 - DEBUG - > PING ba 2c 26 8e [binary, 4 bytes]
2023-04-17 10:47:53,703 - DEBUG - < PONG ba 2c 26 8e [binary, 4 bytes]
2023-04-17 10:47:53,711 - DEBUG - % received keepalive pong
2023-04-17 10:48:13,696 - DEBUG - % sending keepalive ping
2023-04-17 10:48:13,696 - DEBUG - > PING 97 a4 f7 fa [binary, 4 bytes]
2023-04-17 10:48:13,704 - DEBUG - < PONG 97 a4 f7 fa [binary, 4 bytes]
2023-04-17 10:48:13,707 - DEBUG - % received keepalive pong
2023-04-17 10:48:33,698 - DEBUG - % sending keepalive ping
2023-04-17 10:48:33,698 - DEBUG - > PING eb 46 d1 df [binary, 4 bytes]
2023-04-17 10:48:33,706 - DEBUG - < PONG eb 46 d1 df [binary, 4 bytes]
2023-04-17 10:48:33,709 - DEBUG - % received keepalive pong
2023-04-17 10:48:53,691 - DEBUG - % sending keepalive ping
2023-04-17 10:48:53,692 - DEBUG - > PING 88 24 e5 50 [binary, 4 bytes]
2023-04-17 10:48:53,700 - DEBUG - < PONG 88 24 e5 50 [binary, 4 bytes]
2023-04-17 10:48:53,702 - DEBUG - % received keepalive pong
2023-04-17 10:49:13,710 - DEBUG - % sending keepalive ping
2023-04-17 10:49:13,710 - DEBUG - > PING 20 35 11 98 [binary, 4 bytes]
2023-04-17 10:49:13,718 - DEBUG - < PONG 20 35 11 98 [binary, 4 bytes]
2023-04-17 10:49:13,722 - DEBUG - % received keepalive pong
2023-04-17 10:49:33,726 - DEBUG - % sending keepalive ping
2023-04-17 10:49:33,726 - DEBUG - > PING '\x15¢ª\x1f' [text, 4 bytes]
2023-04-17 10:49:33,778 - DEBUG - < PONG '\x15¢ª\x1f' [text, 4 bytes]
2023-04-17 10:49:33,780 - DEBUG - % received keepalive pong
2023-04-17 10:49:53,764 - DEBUG - % sending keepalive ping
2023-04-17 10:49:53,764 - DEBUG - > PING 6d f3 32 bb [binary, 4 bytes]
2023-04-17 10:49:53,772 - DEBUG - < PONG 6d f3 32 bb [binary, 4 bytes]
2023-04-17 10:49:53,775 - DEBUG - % received keepalive pong
2023-04-17 10:50:13,765 - DEBUG - % sending keepalive ping
2023-04-17 10:50:13,765 - DEBUG - > PING dd 32 d8 90 [binary, 4 bytes]
2023-04-17 10:50:13,774 - DEBUG - < PONG dd 32 d8 90 [binary, 4 bytes]
2023-04-17 10:50:13,780 - DEBUG - % received keepalive pong
2023-04-17 10:50:33,772 - DEBUG - % sending keepalive ping
2023-04-17 10:50:33,774 - DEBUG - > PING d5 58 b5 8e [binary, 4 bytes]
2023-04-17 10:50:33,888 - DEBUG - < PONG d5 58 b5 8e [binary, 4 bytes]
2023-04-17 10:50:33,929 - DEBUG - % received keepalive pong
2023-04-17 10:50:53,926 - DEBUG - % sending keepalive ping
2023-04-17 10:50:53,927 - DEBUG - > PING f3 7f 36 ad [binary, 4 bytes]
2023-04-17 10:50:53,935 - DEBUG - < PONG f3 7f 36 ad [binary, 4 bytes]
2023-04-17 10:50:53,938 - DEBUG - % received keepalive pong
2023-04-17 10:51:13,948 - DEBUG - % sending keepalive ping
2023-04-17 10:51:13,948 - DEBUG - > PING c6 f5 57 e5 [binary, 4 bytes]
2023-04-17 10:51:13,961 - DEBUG - < PONG c6 f5 57 e5 [binary, 4 bytes]
2023-04-17 10:51:13,965 - DEBUG - % received keepalive pong
2023-04-17 10:51:33,979 - DEBUG - % sending keepalive ping
2023-04-17 10:51:33,979 - DEBUG - > PING a4 48 6a a9 [binary, 4 bytes]
2023-04-17 10:51:33,990 - DEBUG - < PONG a4 48 6a a9 [binary, 4 bytes]
2023-04-17 10:51:33,996 - DEBUG - % received keepalive pong
2023-04-17 10:51:54,000 - DEBUG - % sending keepalive ping
2023-04-17 10:51:54,000 - DEBUG - > PING 17 2a d0 d6 [binary, 4 bytes]
2023-04-17 10:51:54,016 - DEBUG - < PONG 17 2a d0 d6 [binary, 4 bytes]
2023-04-17 10:51:54,024 - DEBUG - % received keepalive pong
2023-04-17 10:52:14,022 - DEBUG - % sending keepalive ping
2023-04-17 10:52:14,022 - DEBUG - > PING '-\u070a9' [text, 4 bytes]
2023-04-17 10:52:14,040 - DEBUG - < PONG '-\u070a9' [text, 4 bytes]
2023-04-17 10:52:14,043 - DEBUG - % received keepalive pong
2023-04-17 10:52:34,053 - DEBUG - % sending keepalive ping
2023-04-17 10:52:34,053 - DEBUG - > PING b3 a8 fb 35 [binary, 4 bytes]
2023-04-17 10:52:34,066 - DEBUG - < PONG b3 a8 fb 35 [binary, 4 bytes]
2023-04-17 10:52:34,071 - DEBUG - % received keepalive pong
2023-04-17 10:52:54,069 - DEBUG - % sending keepalive ping
2023-04-17 10:52:54,069 - DEBUG - > PING f6 12 cf ae [binary, 4 bytes]
2023-04-17 10:52:54,079 - DEBUG - < PONG f6 12 cf ae [binary, 4 bytes]
2023-04-17 10:52:54,086 - DEBUG - % received keepalive pong
2023-04-17 10:53:14,068 - DEBUG - % sending keepalive ping
2023-04-17 10:53:14,069 - DEBUG - > PING f5 89 29 91 [binary, 4 bytes]
2023-04-17 10:53:14,077 - DEBUG - < PONG f5 89 29 91 [binary, 4 bytes]
2023-04-17 10:53:14,083 - DEBUG - % received keepalive pong
2023-04-17 10:53:34,073 - DEBUG - % sending keepalive ping
2023-04-17 10:53:34,073 - DEBUG - > PING 20 a6 42 99 [binary, 4 bytes]
2023-04-17 10:53:34,082 - DEBUG - < PONG 20 a6 42 99 [binary, 4 bytes]
2023-04-17 10:53:34,085 - DEBUG - % received keepalive pong
2023-04-17 10:53:54,072 - DEBUG - % sending keepalive ping
2023-04-17 10:53:54,072 - DEBUG - > PING 41 de fe c8 [binary, 4 bytes]
2023-04-17 10:53:54,085 - DEBUG - < PONG 41 de fe c8 [binary, 4 bytes]
2023-04-17 10:53:54,093 - DEBUG - % received keepalive pong
2023-04-17 10:54:14,098 - DEBUG - % sending keepalive ping
2023-04-17 10:54:14,099 - DEBUG - > PING e9 87 52 24 [binary, 4 bytes]
2023-04-17 10:54:14,108 - DEBUG - < PONG e9 87 52 24 [binary, 4 bytes]
2023-04-17 10:54:14,112 - DEBUG - % received keepalive pong
2023-04-17 10:54:34,107 - DEBUG - % sending keepalive ping
2023-04-17 10:54:34,108 - DEBUG - > PING aa 96 ad 96 [binary, 4 bytes]
2023-04-17 10:54:34,128 - DEBUG - < PONG aa 96 ad 96 [binary, 4 bytes]
2023-04-17 10:54:34,138 - DEBUG - % received keepalive pong
2023-04-17 10:54:54,145 - DEBUG - % sending keepalive ping
2023-04-17 10:54:54,146 - DEBUG - > PING 6e 16 f8 78 [binary, 4 bytes]
2023-04-17 10:54:54,155 - DEBUG - < PONG 6e 16 f8 78 [binary, 4 bytes]
2023-04-17 10:54:54,157 - DEBUG - % received keepalive pong
2023-04-17 10:55:14,142 - DEBUG - % sending keepalive ping
2023-04-17 10:55:14,143 - DEBUG - > PING 2d a1 b3 92 [binary, 4 bytes]
2023-04-17 10:55:14,152 - DEBUG - < PONG 2d a1 b3 92 [binary, 4 bytes]
2023-04-17 10:55:14,160 - DEBUG - % received keepalive pong
2023-04-17 10:55:34,151 - DEBUG - % sending keepalive ping
2023-04-17 10:55:34,151 - DEBUG - > PING a9 21 79 ac [binary, 4 bytes]
2023-04-17 10:55:34,160 - DEBUG - < PONG a9 21 79 ac [binary, 4 bytes]
2023-04-17 10:55:34,166 - DEBUG - % received keepalive pong
2023-04-17 10:55:54,148 - DEBUG - % sending keepalive ping
2023-04-17 10:55:54,149 - DEBUG - > PING 5f cf f3 14 [binary, 4 bytes]
2023-04-17 10:55:54,159 - DEBUG - < PONG 5f cf f3 14 [binary, 4 bytes]
2023-04-17 10:55:54,165 - DEBUG - % received keepalive pong
2023-04-17 10:56:14,145 - DEBUG - % sending keepalive ping
2023-04-17 10:56:14,145 - DEBUG - > PING d1 b4 f9 a6 [binary, 4 bytes]
2023-04-17 10:56:14,154 - DEBUG - < PONG d1 b4 f9 a6 [binary, 4 bytes]
2023-04-17 10:56:14,164 - DEBUG - % received keepalive pong
2023-04-17 10:56:34,150 - DEBUG - % sending keepalive ping
2023-04-17 10:56:34,151 - DEBUG - > PING 7f be 7f 1b [binary, 4 bytes]
2023-04-17 10:56:34,159 - DEBUG - < PONG 7f be 7f 1b [binary, 4 bytes]
2023-04-17 10:56:34,163 - DEBUG - % received keepalive pong
2023-04-17 10:56:54,154 - DEBUG - % sending keepalive ping
2023-04-17 10:56:54,154 - DEBUG - > PING 52 a1 fc 02 [binary, 4 bytes]
2023-04-17 10:56:54,162 - DEBUG - < PONG 52 a1 fc 02 [binary, 4 bytes]
2023-04-17 10:56:54,169 - DEBUG - % received keepalive pong
2023-04-17 10:57:14,169 - DEBUG - % sending keepalive ping
2023-04-17 10:57:14,170 - DEBUG - > PING ':d\x07y' [text, 4 bytes]
2023-04-17 10:57:14,178 - DEBUG - < PONG ':d\x07y' [text, 4 bytes]
2023-04-17 10:57:14,181 - DEBUG - % received keepalive pong
2023-04-17 10:57:34,180 - DEBUG - % sending keepalive ping
2023-04-17 10:57:34,180 - DEBUG - > PING 73 d4 20 0e [binary, 4 bytes]
2023-04-17 10:57:34,188 - DEBUG - < PONG 73 d4 20 0e [binary, 4 bytes]
2023-04-17 10:57:34,191 - DEBUG - % received keepalive pong
2023-04-17 10:57:54,192 - DEBUG - % sending keepalive ping
2023-04-17 10:57:54,193 - DEBUG - > PING 18 84 45 74 [binary, 4 bytes]
2023-04-17 10:57:54,201 - DEBUG - < PONG 18 84 45 74 [binary, 4 bytes]
2023-04-17 10:57:54,211 - DEBUG - % received keepalive pong
2023-04-17 10:58:14,196 - DEBUG - % sending keepalive ping
2023-04-17 10:58:14,196 - DEBUG - > PING 18 bd 81 d7 [binary, 4 bytes]
2023-04-17 10:58:14,204 - DEBUG - < PONG 18 bd 81 d7 [binary, 4 bytes]
2023-04-17 10:58:14,207 - DEBUG - % received keepalive pong
2023-04-17 10:58:34,193 - DEBUG - % sending keepalive ping
2023-04-17 10:58:34,193 - DEBUG - > PING a4 a5 86 b1 [binary, 4 bytes]
2023-04-17 10:58:34,203 - DEBUG - < PONG a4 a5 86 b1 [binary, 4 bytes]
2023-04-17 10:58:34,209 - DEBUG - % received keepalive pong
2023-04-17 10:58:54,191 - DEBUG - % sending keepalive ping
2023-04-17 10:58:54,191 - DEBUG - > PING 76 8f 3a f0 [binary, 4 bytes]
2023-04-17 10:58:54,202 - DEBUG - < PONG 76 8f 3a f0 [binary, 4 bytes]
2023-04-17 10:58:54,210 - DEBUG - % received keepalive pong
2023-04-17 10:59:14,189 - DEBUG - % sending keepalive ping
2023-04-17 10:59:14,189 - DEBUG - > PING 42 93 84 77 [binary, 4 bytes]
2023-04-17 10:59:14,197 - DEBUG - < PONG 42 93 84 77 [binary, 4 bytes]
2023-04-17 10:59:14,202 - DEBUG - % received keepalive pong
2023-04-17 10:59:34,195 - DEBUG - % sending keepalive ping
2023-04-17 10:59:34,196 - DEBUG - > PING 66 d1 c8 a1 [binary, 4 bytes]
2023-04-17 10:59:34,205 - DEBUG - < PONG 66 d1 c8 a1 [binary, 4 bytes]
2023-04-17 10:59:34,209 - DEBUG - % received keepalive pong
2023-04-17 10:59:54,193 - DEBUG - % sending keepalive ping
2023-04-17 10:59:54,193 - DEBUG - > PING f0 b5 7a d3 [binary, 4 bytes]
2023-04-17 10:59:54,202 - DEBUG - < PONG f0 b5 7a d3 [binary, 4 bytes]
2023-04-17 10:59:54,209 - DEBUG - % received keepalive pong
2023-04-17 11:00:14,196 - DEBUG - % sending keepalive ping
2023-04-17 11:00:14,196 - DEBUG - > PING 1a 27 a4 b7 [binary, 4 bytes]
2023-04-17 11:00:14,207 - DEBUG - < PONG 1a 27 a4 b7 [binary, 4 bytes]
2023-04-17 11:00:14,210 - DEBUG - % received keepalive pong
2023-04-17 11:00:34,186 - DEBUG - % sending keepalive ping
2023-04-17 11:00:34,186 - DEBUG - > PING 03 ca 30 20 [binary, 4 bytes]
2023-04-17 11:00:34,197 - DEBUG - < PONG 03 ca 30 20 [binary, 4 bytes]
2023-04-17 11:00:34,204 - DEBUG - % received keepalive pong
2023-04-17 11:00:54,189 - DEBUG - % sending keepalive ping
2023-04-17 11:00:54,189 - DEBUG - > PING d8 64 ea 62 [binary, 4 bytes]
2023-04-17 11:00:54,197 - DEBUG - < PONG d8 64 ea 62 [binary, 4 bytes]
2023-04-17 11:00:54,200 - DEBUG - % received keepalive pong
2023-04-17 11:01:14,195 - DEBUG - % sending keepalive ping
2023-04-17 11:01:14,195 - DEBUG - > PING f1 7d 87 13 [binary, 4 bytes]
2023-04-17 11:01:14,204 - DEBUG - < PONG f1 7d 87 13 [binary, 4 bytes]
2023-04-17 11:01:14,208 - DEBUG - % received keepalive pong
2023-04-17 11:01:34,197 - DEBUG - % sending keepalive ping
2023-04-17 11:01:34,197 - DEBUG - > PING fd ba 03 46 [binary, 4 bytes]
2023-04-17 11:01:34,205 - DEBUG - < PONG fd ba 03 46 [binary, 4 bytes]
2023-04-17 11:01:34,215 - DEBUG - % received keepalive pong
2023-04-17 11:01:54,214 - DEBUG - % sending keepalive ping
2023-04-17 11:01:54,215 - DEBUG - > PING c0 f5 1b 5c [binary, 4 bytes]
2023-04-17 11:01:54,223 - DEBUG - < PONG c0 f5 1b 5c [binary, 4 bytes]
2023-04-17 11:01:54,227 - DEBUG - % received keepalive pong
2023-04-17 11:02:14,218 - DEBUG - % sending keepalive ping
2023-04-17 11:02:14,218 - DEBUG - > PING 1d d9 52 96 [binary, 4 bytes]
2023-04-17 11:02:14,235 - DEBUG - < PONG 1d d9 52 96 [binary, 4 bytes]
2023-04-17 11:02:14,240 - DEBUG - % received keepalive pong
2023-04-17 11:02:34,218 - DEBUG - % sending keepalive ping
2023-04-17 11:02:34,218 - DEBUG - > PING 89 a1 4c fa [binary, 4 bytes]
2023-04-17 11:02:34,228 - DEBUG - < PONG 89 a1 4c fa [binary, 4 bytes]
2023-04-17 11:02:34,235 - DEBUG - % received keepalive pong
2023-04-17 11:02:54,234 - DEBUG - % sending keepalive ping
2023-04-17 11:02:54,234 - DEBUG - > PING b4 75 6e 80 [binary, 4 bytes]
2023-04-17 11:02:54,243 - DEBUG - < PONG b4 75 6e 80 [binary, 4 bytes]
2023-04-17 11:02:54,250 - DEBUG - % received keepalive pong
2023-04-17 11:03:14,257 - DEBUG - % sending keepalive ping
2023-04-17 11:03:14,257 - DEBUG - > PING 3f 02 f7 d7 [binary, 4 bytes]
2023-04-17 11:03:14,266 - DEBUG - < PONG 3f 02 f7 d7 [binary, 4 bytes]
2023-04-17 11:03:14,274 - DEBUG - % received keepalive pong
2023-04-17 11:03:34,262 - DEBUG - % sending keepalive ping
2023-04-17 11:03:34,263 - DEBUG - > PING 35 60 f2 a5 [binary, 4 bytes]
2023-04-17 11:03:34,272 - DEBUG - < PONG 35 60 f2 a5 [binary, 4 bytes]
2023-04-17 11:03:34,278 - DEBUG - % received keepalive pong
2023-04-17 11:03:54,265 - DEBUG - % sending keepalive ping
2023-04-17 11:03:54,266 - DEBUG - > PING 61 c7 44 82 [binary, 4 bytes]
2023-04-17 11:03:54,274 - DEBUG - < PONG 61 c7 44 82 [binary, 4 bytes]
2023-04-17 11:03:54,277 - DEBUG - % received keepalive pong
2023-04-17 11:04:14,262 - DEBUG - % sending keepalive ping
2023-04-17 11:04:14,263 - DEBUG - > PING f6 f5 96 70 [binary, 4 bytes]
2023-04-17 11:04:14,271 - DEBUG - < PONG f6 f5 96 70 [binary, 4 bytes]
2023-04-17 11:04:14,275 - DEBUG - % received keepalive pong
2023-04-17 11:04:34,276 - DEBUG - % sending keepalive ping
2023-04-17 11:04:34,277 - DEBUG - > PING 19 f4 d1 5b [binary, 4 bytes]
2023-04-17 11:04:34,285 - DEBUG - < PONG 19 f4 d1 5b [binary, 4 bytes]
2023-04-17 11:04:34,293 - DEBUG - % received keepalive pong
2023-04-17 11:04:54,301 - DEBUG - % sending keepalive ping
2023-04-17 11:04:54,301 - DEBUG - > PING 15 19 fa d1 [binary, 4 bytes]
2023-04-17 11:04:54,309 - DEBUG - < PONG 15 19 fa d1 [binary, 4 bytes]
2023-04-17 11:04:54,312 - DEBUG - % received keepalive pong
2023-04-17 11:05:14,315 - DEBUG - % sending keepalive ping
2023-04-17 11:05:14,316 - DEBUG - > PING 88 de 14 39 [binary, 4 bytes]
2023-04-17 11:05:14,326 - DEBUG - < PONG 88 de 14 39 [binary, 4 bytes]
2023-04-17 11:05:14,333 - DEBUG - % received keepalive pong
2023-04-17 11:05:34,314 - DEBUG - % sending keepalive ping
2023-04-17 11:05:34,314 - DEBUG - > PING 0b 8c 81 f8 [binary, 4 bytes]
2023-04-17 11:05:34,322 - DEBUG - < PONG 0b 8c 81 f8 [binary, 4 bytes]
2023-04-17 11:05:34,325 - DEBUG - % received keepalive pong
2023-04-17 11:05:54,314 - DEBUG - % sending keepalive ping
2023-04-17 11:05:54,314 - DEBUG - > PING 8c e0 78 91 [binary, 4 bytes]
2023-04-17 11:05:54,323 - DEBUG - < PONG 8c e0 78 91 [binary, 4 bytes]
2023-04-17 11:05:54,326 - DEBUG - % received keepalive pong
2023-04-17 11:06:14,318 - DEBUG - % sending keepalive ping
2023-04-17 11:06:14,318 - DEBUG - > PING c8 77 44 0c [binary, 4 bytes]
2023-04-17 11:06:14,337 - DEBUG - < PONG c8 77 44 0c [binary, 4 bytes]
2023-04-17 11:06:14,341 - DEBUG - % received keepalive pong
2023-04-17 11:06:34,346 - DEBUG - % sending keepalive ping
2023-04-17 11:06:34,346 - DEBUG - > PING 2d 1d c8 65 [binary, 4 bytes]
2023-04-17 11:06:34,356 - DEBUG - < PONG 2d 1d c8 65 [binary, 4 bytes]
2023-04-17 11:06:34,363 - DEBUG - % received keepalive pong
2023-04-17 11:06:54,354 - DEBUG - % sending keepalive ping
2023-04-17 11:06:54,354 - DEBUG - > PING 82 dd 5d 48 [binary, 4 bytes]
2023-04-17 11:06:54,363 - DEBUG - < PONG 82 dd 5d 48 [binary, 4 bytes]
2023-04-17 11:06:54,365 - DEBUG - % received keepalive pong
2023-04-17 11:07:14,355 - DEBUG - % sending keepalive ping
2023-04-17 11:07:14,355 - DEBUG - > PING de 9f 83 fe [binary, 4 bytes]
2023-04-17 11:07:14,370 - DEBUG - < PONG de 9f 83 fe [binary, 4 bytes]
2023-04-17 11:07:14,371 - DEBUG - % received keepalive pong
2023-04-17 11:07:34,380 - DEBUG - % sending keepalive ping
2023-04-17 11:07:34,380 - DEBUG - > PING 8f c9 4d 00 [binary, 4 bytes]
2023-04-17 11:07:34,389 - DEBUG - < PONG 8f c9 4d 00 [binary, 4 bytes]
2023-04-17 11:07:34,391 - DEBUG - % received keepalive pong
2023-04-17 11:07:54,394 - DEBUG - % sending keepalive ping
2023-04-17 11:07:54,394 - DEBUG - > PING 0a 63 bd d4 [binary, 4 bytes]
2023-04-17 11:07:54,405 - DEBUG - < PONG 0a 63 bd d4 [binary, 4 bytes]
2023-04-17 11:07:54,407 - DEBUG - % received keepalive pong
2023-04-17 11:08:14,397 - DEBUG - % sending keepalive ping
2023-04-17 11:08:14,397 - DEBUG - > PING f8 29 55 0b [binary, 4 bytes]
2023-04-17 11:08:14,408 - DEBUG - < PONG f8 29 55 0b [binary, 4 bytes]
2023-04-17 11:08:14,410 - DEBUG - % received keepalive pong
2023-04-17 11:08:34,400 - DEBUG - % sending keepalive ping
2023-04-17 11:08:34,400 - DEBUG - > PING 0d a6 eb 30 [binary, 4 bytes]
2023-04-17 11:08:34,409 - DEBUG - < PONG 0d a6 eb 30 [binary, 4 bytes]
2023-04-17 11:08:34,411 - DEBUG - % received keepalive pong
2023-04-17 11:08:54,395 - DEBUG - % sending keepalive ping
2023-04-17 11:08:54,395 - DEBUG - > PING db 21 fa e7 [binary, 4 bytes]
2023-04-17 11:08:54,404 - DEBUG - < PONG db 21 fa e7 [binary, 4 bytes]
2023-04-17 11:08:54,404 - DEBUG - % received keepalive pong
2023-04-17 11:09:14,402 - DEBUG - % sending keepalive ping
2023-04-17 11:09:14,402 - DEBUG - > PING 5c ed d1 03 [binary, 4 bytes]
2023-04-17 11:09:14,414 - DEBUG - < PONG 5c ed d1 03 [binary, 4 bytes]
2023-04-17 11:09:14,419 - DEBUG - % received keepalive pong
2023-04-17 11:09:34,424 - DEBUG - % sending keepalive ping
2023-04-17 11:09:34,424 - DEBUG - > PING c6 46 6c 24 [binary, 4 bytes]
2023-04-17 11:09:34,440 - DEBUG - < PONG c6 46 6c 24 [binary, 4 bytes]
2023-04-17 11:09:34,444 - DEBUG - % received keepalive pong
2023-04-17 11:09:54,441 - DEBUG - % sending keepalive ping
2023-04-17 11:09:54,441 - DEBUG - > PING a5 5b 76 81 [binary, 4 bytes]
2023-04-17 11:09:54,454 - DEBUG - < PONG a5 5b 76 81 [binary, 4 bytes]
2023-04-17 11:09:54,458 - DEBUG - % received keepalive pong
2023-04-17 11:10:14,447 - DEBUG - % sending keepalive ping
2023-04-17 11:10:14,447 - DEBUG - > PING 0e 86 a5 29 [binary, 4 bytes]
2023-04-17 11:10:14,466 - DEBUG - < PONG 0e 86 a5 29 [binary, 4 bytes]
2023-04-17 11:10:14,467 - DEBUG - % received keepalive pong
2023-04-17 11:10:34,465 - DEBUG - % sending keepalive ping
2023-04-17 11:10:34,465 - DEBUG - > PING 56 5e f3 f3 [binary, 4 bytes]
2023-04-17 11:10:34,473 - DEBUG - < PONG 56 5e f3 f3 [binary, 4 bytes]
2023-04-17 11:10:34,474 - DEBUG - % received keepalive pong
2023-04-17 11:10:54,476 - DEBUG - % sending keepalive ping
2023-04-17 11:10:54,476 - DEBUG - > PING 7b 6f 13 d5 [binary, 4 bytes]
2023-04-17 11:10:54,485 - DEBUG - < PONG 7b 6f 13 d5 [binary, 4 bytes]
2023-04-17 11:10:54,486 - DEBUG - % received keepalive pong
2023-04-17 11:11:14,476 - DEBUG - % sending keepalive ping
2023-04-17 11:11:14,476 - DEBUG - > PING 94 55 93 02 [binary, 4 bytes]
2023-04-17 11:11:14,492 - DEBUG - < PONG 94 55 93 02 [binary, 4 bytes]
2023-04-17 11:11:14,495 - DEBUG - % received keepalive pong
2023-04-17 11:11:34,476 - DEBUG - % sending keepalive ping
2023-04-17 11:11:34,476 - DEBUG - > PING 9f 2d 4e 30 [binary, 4 bytes]
2023-04-17 11:11:34,484 - DEBUG - < PONG 9f 2d 4e 30 [binary, 4 bytes]
2023-04-17 11:11:34,486 - DEBUG - % received keepalive pong
2023-04-17 11:11:54,471 - DEBUG - % sending keepalive ping
2023-04-17 11:11:54,471 - DEBUG - > PING cd 9b 8b d9 [binary, 4 bytes]
2023-04-17 11:11:54,480 - DEBUG - < PONG cd 9b 8b d9 [binary, 4 bytes]
2023-04-17 11:11:54,486 - DEBUG - % received keepalive pong
2023-04-17 11:12:14,466 - DEBUG - % sending keepalive ping
2023-04-17 11:12:14,466 - DEBUG - > PING c2 c7 69 7c [binary, 4 bytes]
2023-04-17 11:12:14,474 - DEBUG - < PONG c2 c7 69 7c [binary, 4 bytes]
2023-04-17 11:12:14,475 - DEBUG - % received keepalive pong
2023-04-17 11:12:34,477 - DEBUG - % sending keepalive ping
2023-04-17 11:12:34,477 - DEBUG - > PING 1b e4 37 8b [binary, 4 bytes]
2023-04-17 11:12:34,487 - DEBUG - < PONG 1b e4 37 8b [binary, 4 bytes]
2023-04-17 11:12:34,489 - DEBUG - % received keepalive pong
2023-04-17 11:12:54,472 - DEBUG - % sending keepalive ping
2023-04-17 11:12:54,472 - DEBUG - > PING 76 4d f2 57 [binary, 4 bytes]
2023-04-17 11:12:54,482 - DEBUG - < PONG 76 4d f2 57 [binary, 4 bytes]
2023-04-17 11:12:54,484 - DEBUG - % received keepalive pong
2023-04-17 11:13:14,480 - DEBUG - % sending keepalive ping
2023-04-17 11:13:14,480 - DEBUG - > PING 50 21 0c c7 [binary, 4 bytes]
2023-04-17 11:13:14,489 - DEBUG - < PONG 50 21 0c c7 [binary, 4 bytes]
2023-04-17 11:13:14,491 - DEBUG - % received keepalive pong
2023-04-17 11:13:34,472 - DEBUG - % sending keepalive ping
2023-04-17 11:13:34,472 - DEBUG - > PING 49 c0 66 97 [binary, 4 bytes]
2023-04-17 11:13:34,480 - DEBUG - < PONG 49 c0 66 97 [binary, 4 bytes]
2023-04-17 11:13:34,482 - DEBUG - % received keepalive pong
2023-04-17 11:13:54,472 - DEBUG - % sending keepalive ping
2023-04-17 11:13:54,472 - DEBUG - > PING 35 2f b4 37 [binary, 4 bytes]
2023-04-17 11:13:54,480 - DEBUG - < PONG 35 2f b4 37 [binary, 4 bytes]
2023-04-17 11:13:54,482 - DEBUG - % received keepalive pong
2023-04-17 11:14:14,467 - DEBUG - % sending keepalive ping
2023-04-17 11:14:14,468 - DEBUG - > PING 02 78 23 f7 [binary, 4 bytes]
2023-04-17 11:14:14,478 - DEBUG - < PONG 02 78 23 f7 [binary, 4 bytes]
2023-04-17 11:14:14,479 - DEBUG - % received keepalive pong
2023-04-17 11:14:34,470 - DEBUG - % sending keepalive ping
2023-04-17 11:14:34,470 - DEBUG - > PING 'yV\x1aN' [text, 4 bytes]
2023-04-17 11:14:34,499 - DEBUG - < PONG 'yV\x1aN' [text, 4 bytes]
2023-04-17 11:14:34,500 - DEBUG - % received keepalive pong
2023-04-17 11:14:54,505 - DEBUG - % sending keepalive ping
2023-04-17 11:14:54,505 - DEBUG - > PING 73 d3 d8 a8 [binary, 4 bytes]
2023-04-17 11:14:54,514 - DEBUG - < PONG 73 d3 d8 a8 [binary, 4 bytes]
2023-04-17 11:14:54,515 - DEBUG - % received keepalive pong
2023-04-17 11:15:14,518 - DEBUG - % sending keepalive ping
2023-04-17 11:15:14,519 - DEBUG - > PING 67 67 a0 20 [binary, 4 bytes]
2023-04-17 11:15:14,529 - DEBUG - < PONG 67 67 a0 20 [binary, 4 bytes]
2023-04-17 11:15:14,530 - DEBUG - % received keepalive pong
2023-04-17 11:15:34,519 - DEBUG - % sending keepalive ping
2023-04-17 11:15:34,519 - DEBUG - > PING dc 3a 78 09 [binary, 4 bytes]
2023-04-17 11:15:34,528 - DEBUG - < PONG dc 3a 78 09 [binary, 4 bytes]
2023-04-17 11:15:34,529 - DEBUG - % received keepalive pong
2023-04-17 11:15:54,522 - DEBUG - % sending keepalive ping
2023-04-17 11:15:54,522 - DEBUG - > PING 'ec\x12<' [text, 4 bytes]
2023-04-17 11:15:54,548 - DEBUG - < PONG 'ec\x12<' [text, 4 bytes]
2023-04-17 11:15:54,553 - DEBUG - % received keepalive pong
2023-04-17 11:16:14,547 - DEBUG - % sending keepalive ping
2023-04-17 11:16:14,547 - DEBUG - > PING a8 18 1c 31 [binary, 4 bytes]
2023-04-17 11:16:14,557 - DEBUG - < PONG a8 18 1c 31 [binary, 4 bytes]
2023-04-17 11:16:14,559 - DEBUG - % received keepalive pong
2023-04-17 11:16:34,564 - DEBUG - % sending keepalive ping
2023-04-17 11:16:34,564 - DEBUG - > PING f0 e9 ed 49 [binary, 4 bytes]
2023-04-17 11:16:34,572 - DEBUG - < PONG f0 e9 ed 49 [binary, 4 bytes]
2023-04-17 11:16:34,573 - DEBUG - % received keepalive pong
2023-04-17 11:16:54,573 - DEBUG - % sending keepalive ping
2023-04-17 11:16:54,574 - DEBUG - > PING c5 ea 83 57 [binary, 4 bytes]
2023-04-17 11:16:54,582 - DEBUG - < PONG c5 ea 83 57 [binary, 4 bytes]
2023-04-17 11:16:54,583 - DEBUG - % received keepalive pong
2023-04-17 11:17:14,570 - DEBUG - % sending keepalive ping
2023-04-17 11:17:14,570 - DEBUG - > PING 57 e4 61 f8 [binary, 4 bytes]
2023-04-17 11:17:14,582 - DEBUG - < PONG 57 e4 61 f8 [binary, 4 bytes]
2023-04-17 11:17:14,586 - DEBUG - % received keepalive pong
2023-04-17 11:17:34,579 - DEBUG - % sending keepalive ping
2023-04-17 11:17:34,580 - DEBUG - > PING 88 d3 98 ac [binary, 4 bytes]
2023-04-17 11:17:34,590 - DEBUG - < PONG 88 d3 98 ac [binary, 4 bytes]
2023-04-17 11:17:34,614 - DEBUG - % received keepalive pong
2023-04-17 11:17:43,787 - DEBUG - = connection is CONNECTING
2023-04-17 11:17:43,831 - DEBUG - > GET /ocpp16/ELA007C05/EVSCA050001 HTTP/1.1
2023-04-17 11:17:43,831 - DEBUG - > Host: ws.devevspcharger.uplus.co.kr
2023-04-17 11:17:43,832 - DEBUG - > Upgrade: websocket
2023-04-17 11:17:43,832 - DEBUG - > Connection: Upgrade
2023-04-17 11:17:43,832 - DEBUG - > Sec-WebSocket-Key: O6zvtFZs3tSP7QTK3dIp1Q==
2023-04-17 11:17:43,832 - DEBUG - > Sec-WebSocket-Version: 13
2023-04-17 11:17:43,832 - DEBUG - > Sec-WebSocket-Extensions: permessage-deflate; client_max_window_bits
2023-04-17 11:17:43,832 - DEBUG - > Sec-WebSocket-Protocol: ocpp1.6
2023-04-17 11:17:43,833 - DEBUG - > Authorization: Basic RVZBUjpFVkFSTEdV
2023-04-17 11:17:43,833 - DEBUG - > User-Agent: Python/3.11 websockets/10.4
2023-04-17 11:17:45,320 - DEBUG - < HTTP/1.1 101 Switching Protocols
2023-04-17 11:17:45,321 - DEBUG - < Connection: upgrade
2023-04-17 11:17:45,321 - DEBUG - < Date: Mon, 17 Apr 2023 02:17:34 GMT
2023-04-17 11:17:45,321 - DEBUG - < sec-websocket-protocol: ocpp1.6
2023-04-17 11:17:45,321 - DEBUG - < upgrade: websocket
2023-04-17 11:17:45,321 - DEBUG - < sec-websocket-accept: g+IWLZw4I49oewqoO5ptqFvSoSc=
2023-04-17 11:17:45,321 - DEBUG - < sec-websocket-extensions: permessage-deflate
2023-04-17 11:17:45,321 - DEBUG - < X-Cache: Miss from cloudfront
2023-04-17 11:17:45,321 - DEBUG - < Via: 1.1 398e2e4101ed255d172b5d628fa36f5c.cloudfront.net (CloudFront)
2023-04-17 11:17:45,321 - DEBUG - < X-Amz-Cf-Pop: ICN57-P2
2023-04-17 11:17:45,321 - DEBUG - < X-Amz-Cf-Id: SJfCmeJiIQDFsvi1TP1Z4O_Or3HVmoAzltdBRNopZ5S47C2hWCJBWg==
2023-04-17 11:17:45,322 - DEBUG - = connection is OPEN
2023-04-17 11:17:45,353 - DEBUG - > TEXT '[2, "06eb3c9a-b85e-45c3-8a01-8f299eb2ed74", "Bo...ePointVendor": "EVAR"}]' [127 bytes]
2023-04-17 11:17:46,355 - DEBUG - < TEXT '[3, "06eb3c9a-b85e-45c3-8a01-8f299eb2ed74", {"s...34Z", "interval": 600}]' [123 bytes]
2023-04-17 11:17:46,371 - ERROR - Task exception was never retrieved
future: <Task finished name='Task-2' coro=<ChargerSim.startEvent() done, defined at D:\workspace\wss\main.py:124> exception=TypeError("string indices must be integers, not 'str'")>
Traceback (most recent call last):
  File "D:\workspace\wss\main.py", line 144, in startEvent
    await self.charger.runcase(self.TC_selected if len(self.TC_selected.keys())>0 else self.TC)
  File "D:\workspace\wss\Charger.py", line 343, in runcase
    doc = self.ocppdocs[c[1]]
          ~~~~~~~~~~~~~^^^^^^
TypeError: string indices must be integers, not 'str'
2023-04-17 11:18:05,319 - DEBUG - % sending keepalive ping
2023-04-17 11:18:05,319 - DEBUG - > PING b0 31 ed 30 [binary, 4 bytes]
2023-04-17 11:18:05,326 - DEBUG - < PONG b0 31 ed 30 [binary, 4 bytes]
2023-04-17 11:18:05,329 - DEBUG - % received keepalive pong
2023-04-17 11:18:07,279 - DEBUG - = connection is CONNECTING
2023-04-17 11:18:07,309 - DEBUG - > GET /ocpp16/ELA007C05/EVSCA050001 HTTP/1.1
2023-04-17 11:18:07,309 - DEBUG - > Host: ws.devevspcharger.uplus.co.kr
2023-04-17 11:18:07,310 - DEBUG - > Upgrade: websocket
2023-04-17 11:18:07,310 - DEBUG - > Connection: Upgrade
2023-04-17 11:18:07,310 - DEBUG - > Sec-WebSocket-Key: H48ZwaVI97HAGabtL5vzcw==
2023-04-17 11:18:07,310 - DEBUG - > Sec-WebSocket-Version: 13
2023-04-17 11:18:07,310 - DEBUG - > Sec-WebSocket-Extensions: permessage-deflate; client_max_window_bits
2023-04-17 11:18:07,310 - DEBUG - > Sec-WebSocket-Protocol: ocpp1.6
2023-04-17 11:18:07,310 - DEBUG - > Authorization: Basic RVZBUjpFVkFSTEdV
2023-04-17 11:18:07,310 - DEBUG - > User-Agent: Python/3.11 websockets/10.4
2023-04-17 11:18:07,577 - DEBUG - < HTTP/1.1 101 Switching Protocols
2023-04-17 11:18:07,577 - DEBUG - < Connection: upgrade
2023-04-17 11:18:07,578 - DEBUG - < Date: Mon, 17 Apr 2023 02:17:56 GMT
2023-04-17 11:18:07,578 - DEBUG - < sec-websocket-protocol: ocpp1.6
2023-04-17 11:18:07,578 - DEBUG - < upgrade: websocket
2023-04-17 11:18:07,578 - DEBUG - < sec-websocket-accept: Yt7FrWXP2F/TqJCTV+L4BsNpnCA=
2023-04-17 11:18:07,578 - DEBUG - < sec-websocket-extensions: permessage-deflate
2023-04-17 11:18:07,578 - DEBUG - < X-Cache: Miss from cloudfront
2023-04-17 11:18:07,578 - DEBUG - < Via: 1.1 82b32d3cf0884f8ba64486d5e981bdb8.cloudfront.net (CloudFront)
2023-04-17 11:18:07,578 - DEBUG - < X-Amz-Cf-Pop: ICN57-P2
2023-04-17 11:18:07,578 - DEBUG - < X-Amz-Cf-Id: zhLdlw8pquXUlw2T_Fy0XvdLuiqyCQzEDHveC_IY2wKPYPW7YDu-sA==
2023-04-17 11:18:07,579 - DEBUG - = connection is OPEN
2023-04-17 11:18:07,599 - DEBUG - > TEXT '[2, "a7563abb-0f82-4603-804a-6699b27c97b8", "Bo...ePointVendor": "EVAR"}]' [127 bytes]
2023-04-17 11:18:07,862 - DEBUG - < TEXT '[3, "a7563abb-0f82-4603-804a-6699b27c97b8", {"s...56Z", "interval": 600}]' [123 bytes]
2023-04-17 11:18:07,892 - ERROR - Task exception was never retrieved
future: <Task finished name='Task-7' coro=<ChargerSim.startEvent() done, defined at D:\workspace\wss\main.py:124> exception=TypeError("string indices must be integers, not 'str'")>
Traceback (most recent call last):
  File "D:\workspace\wss\main.py", line 144, in startEvent
    await self.charger.runcase(self.TC_selected if len(self.TC_selected.keys())>0 else self.TC)
  File "D:\workspace\wss\Charger.py", line 343, in runcase
    doc = self.ocppdocs[c[1]]
          ~~~~~~~~~~~~~^^^^^^
TypeError: string indices must be integers, not 'str'
2023-04-17 11:18:14,070 - DEBUG - = connection is CONNECTING
2023-04-17 11:18:14,101 - DEBUG - > GET /ocpp16/ELA007C05/EVSCA050001 HTTP/1.1
2023-04-17 11:18:14,101 - DEBUG - > Host: ws.devevspcharger.uplus.co.kr
2023-04-17 11:18:14,101 - DEBUG - > Upgrade: websocket
2023-04-17 11:18:14,101 - DEBUG - > Connection: Upgrade
2023-04-17 11:18:14,101 - DEBUG - > Sec-WebSocket-Key: mmqYcse94/H9C+qE0KsvSg==
2023-04-17 11:18:14,101 - DEBUG - > Sec-WebSocket-Version: 13
2023-04-17 11:18:14,101 - DEBUG - > Sec-WebSocket-Extensions: permessage-deflate; client_max_window_bits
2023-04-17 11:18:14,101 - DEBUG - > Sec-WebSocket-Protocol: ocpp1.6
2023-04-17 11:18:14,102 - DEBUG - > Authorization: Basic RVZBUjpFVkFSTEdV
2023-04-17 11:18:14,102 - DEBUG - > User-Agent: Python/3.11 websockets/10.4
2023-04-17 11:18:14,354 - DEBUG - < HTTP/1.1 101 Switching Protocols
2023-04-17 11:18:14,354 - DEBUG - < Connection: upgrade
2023-04-17 11:18:14,354 - DEBUG - < Date: Mon, 17 Apr 2023 02:18:03 GMT
2023-04-17 11:18:14,355 - DEBUG - < sec-websocket-protocol: ocpp1.6
2023-04-17 11:18:14,355 - DEBUG - < upgrade: websocket
2023-04-17 11:18:14,355 - DEBUG - < sec-websocket-accept: MF6zwretG4B63XNWrDy1WHk1EOI=
2023-04-17 11:18:14,355 - DEBUG - < sec-websocket-extensions: permessage-deflate
2023-04-17 11:18:14,355 - DEBUG - < X-Cache: Miss from cloudfront
2023-04-17 11:18:14,355 - DEBUG - < Via: 1.1 398e2e4101ed255d172b5d628fa36f5c.cloudfront.net (CloudFront)
2023-04-17 11:18:14,355 - DEBUG - < X-Amz-Cf-Pop: ICN57-P2
2023-04-17 11:18:14,355 - DEBUG - < X-Amz-Cf-Id: 2E9CHosMc9ofRV0fjx0sMrpE_APCAMflmixnambK_jKFDSjtj5NqJw==
2023-04-17 11:18:14,355 - DEBUG - = connection is OPEN
2023-04-17 11:18:14,385 - DEBUG - > TEXT '[2, "8e826ada-e43b-4eab-a390-0a27be08c444", "Bo...ePointVendor": "EVAR"}]' [127 bytes]
2023-04-17 11:18:14,682 - DEBUG - < TEXT '[3, "8e826ada-e43b-4eab-a390-0a27be08c444", {"s...03Z", "interval": 600}]' [123 bytes]
2023-04-17 11:18:14,719 - ERROR - Task exception was never retrieved
future: <Task finished name='Task-12' coro=<ChargerSim.startEvent() done, defined at D:\workspace\wss\main.py:124> exception=TypeError("string indices must be integers, not 'str'")>
Traceback (most recent call last):
  File "D:\workspace\wss\main.py", line 144, in startEvent
    await self.charger.runcase(self.TC_selected if len(self.TC_selected.keys())>0 else self.TC)
  File "D:\workspace\wss\Charger.py", line 343, in runcase
    doc = self.ocppdocs[c[1]]
          ~~~~~~~~~~~~~^^^^^^
TypeError: string indices must be integers, not 'str'
2023-04-17 11:18:19,918 - DEBUG - = connection is CONNECTING
2023-04-17 11:18:19,947 - DEBUG - > GET /ocpp16/ELA007C05/EVSCA050001 HTTP/1.1
2023-04-17 11:18:19,948 - DEBUG - > Host: ws.devevspcharger.uplus.co.kr
2023-04-17 11:18:19,948 - DEBUG - > Upgrade: websocket
2023-04-17 11:18:19,948 - DEBUG - > Connection: Upgrade
2023-04-17 11:18:19,948 - DEBUG - > Sec-WebSocket-Key: kR4V/uwpak1WcCYBPj44RQ==
2023-04-17 11:18:19,948 - DEBUG - > Sec-WebSocket-Version: 13
2023-04-17 11:18:19,948 - DEBUG - > Sec-WebSocket-Extensions: permessage-deflate; client_max_window_bits
2023-04-17 11:18:19,948 - DEBUG - > Sec-WebSocket-Protocol: ocpp1.6
2023-04-17 11:18:19,948 - DEBUG - > Authorization: Basic RVZBUjpFVkFSTEdV
2023-04-17 11:18:19,948 - DEBUG - > User-Agent: Python/3.11 websockets/10.4
2023-04-17 11:18:20,197 - DEBUG - < HTTP/1.1 101 Switching Protocols
2023-04-17 11:18:20,197 - DEBUG - < Connection: upgrade
2023-04-17 11:18:20,197 - DEBUG - < Date: Mon, 17 Apr 2023 02:18:09 GMT
2023-04-17 11:18:20,197 - DEBUG - < sec-websocket-protocol: ocpp1.6
2023-04-17 11:18:20,197 - DEBUG - < upgrade: websocket
2023-04-17 11:18:20,197 - DEBUG - < sec-websocket-accept: 2mXPmmbMXQtrR9CCkmqznX2Uid0=
2023-04-17 11:18:20,197 - DEBUG - < sec-websocket-extensions: permessage-deflate
2023-04-17 11:18:20,197 - DEBUG - < X-Cache: Miss from cloudfront
2023-04-17 11:18:20,197 - DEBUG - < Via: 1.1 ec48eafa1d18635bc3f389669b28a5b8.cloudfront.net (CloudFront)
2023-04-17 11:18:20,197 - DEBUG - < X-Amz-Cf-Pop: ICN57-P2
2023-04-17 11:18:20,198 - DEBUG - < X-Amz-Cf-Id: jjnSe6gPn454o-9LLN0NEVjObU_C-njQZRQwuS-1n4pty1e9RZpIxA==
2023-04-17 11:18:20,198 - DEBUG - = connection is OPEN
2023-04-17 11:18:20,225 - DEBUG - > TEXT '[2, "51a9f453-35ea-4b1a-a47e-43df0cab27a0", "Bo...ePointVendor": "EVAR"}]' [127 bytes]
2023-04-17 11:18:20,482 - DEBUG - < TEXT '[3, "51a9f453-35ea-4b1a-a47e-43df0cab27a0", {"s...09Z", "interval": 600}]' [123 bytes]
2023-04-17 11:18:23,215 - DEBUG - Starting new HTTPS connection (1): rgw.devevspcharger.uplus.co.kr:443
2023-04-17 11:18:24,672 - DEBUG - https://rgw.devevspcharger.uplus.co.kr:443 "POST /ioc HTTP/1.1" 200 166
2023-04-17 11:18:24,687 - DEBUG - < TEXT '[2, "039fbed1-7179-4ec8-b3b6-b4dcec1b024b", "Ch...led", "value": "true"}]' [121 bytes]
2023-04-17 11:18:24,692 - DEBUG - > TEXT '[3, "039fbed1-7179-4ec8-b3b6-b4dcec1b024b", {"status": "Accepted"}]' [67 bytes]
2023-04-17 11:18:24,842 - DEBUG - < TEXT '' [0 bytes]
2023-04-17 11:18:25,320 - DEBUG - % sending keepalive ping
2023-04-17 11:18:25,320 - DEBUG - > PING ad 6d 5b 26 [binary, 4 bytes]
2023-04-17 11:18:25,331 - DEBUG - < PONG ad 6d 5b 26 [binary, 4 bytes]
2023-04-17 11:18:25,336 - DEBUG - % received keepalive pong
2023-04-17 11:18:27,599 - DEBUG - % sending keepalive ping
2023-04-17 11:18:27,599 - DEBUG - > PING 32 57 4e f5 [binary, 4 bytes]
2023-04-17 11:18:27,607 - DEBUG - < PONG 32 57 4e f5 [binary, 4 bytes]
2023-04-17 11:18:27,610 - DEBUG - % received keepalive pong
2023-04-17 11:18:34,353 - DEBUG - % sending keepalive ping
2023-04-17 11:18:34,354 - DEBUG - > PING bb fe fc df [binary, 4 bytes]
2023-04-17 11:18:34,361 - DEBUG - < PONG bb fe fc df [binary, 4 bytes]
2023-04-17 11:18:34,363 - DEBUG - % received keepalive pong
2023-04-17 11:18:40,195 - DEBUG - % sending keepalive ping
2023-04-17 11:18:40,195 - DEBUG - > PING a4 0d 01 74 [binary, 4 bytes]
2023-04-17 11:18:40,203 - DEBUG - < PONG a4 0d 01 74 [binary, 4 bytes]
2023-04-17 11:18:40,206 - DEBUG - % received keepalive pong
2023-04-17 11:18:45,318 - DEBUG - % sending keepalive ping
2023-04-17 11:18:45,319 - DEBUG - > PING 0f b6 67 2b [binary, 4 bytes]
2023-04-17 11:18:45,326 - DEBUG - < PONG 0f b6 67 2b [binary, 4 bytes]
2023-04-17 11:18:45,328 - DEBUG - % received keepalive pong
2023-04-17 11:18:47,601 - DEBUG - % sending keepalive ping
2023-04-17 11:18:47,602 - DEBUG - > PING '\x08P¥Ô' [text, 4 bytes]
2023-04-17 11:18:47,609 - DEBUG - < PONG '\x08P¥Ô' [text, 4 bytes]
2023-04-17 11:18:47,612 - DEBUG - % received keepalive pong
2023-04-17 11:18:54,353 - DEBUG - % sending keepalive ping
2023-04-17 11:18:54,353 - DEBUG - > PING b6 08 38 20 [binary, 4 bytes]
2023-04-17 11:18:54,359 - DEBUG - < PONG b6 08 38 20 [binary, 4 bytes]
2023-04-17 11:18:54,361 - DEBUG - % received keepalive pong
2023-04-17 11:19:00,196 - DEBUG - % sending keepalive ping
2023-04-17 11:19:00,196 - DEBUG - > PING fa 20 13 f9 [binary, 4 bytes]
2023-04-17 11:19:00,204 - DEBUG - < PONG fa 20 13 f9 [binary, 4 bytes]
2023-04-17 11:19:00,208 - DEBUG - % received keepalive pong
2023-04-17 11:19:05,314 - DEBUG - % sending keepalive ping
2023-04-17 11:19:05,315 - DEBUG - > PING f8 d1 86 c2 [binary, 4 bytes]
2023-04-17 11:19:05,322 - DEBUG - < PONG f8 d1 86 c2 [binary, 4 bytes]
2023-04-17 11:19:05,325 - DEBUG - % received keepalive pong
2023-04-17 11:19:07,612 - DEBUG - % sending keepalive ping
2023-04-17 11:19:07,612 - DEBUG - > PING 5e 1a 85 0d [binary, 4 bytes]
2023-04-17 11:19:07,620 - DEBUG - < PONG 5e 1a 85 0d [binary, 4 bytes]
2023-04-17 11:19:07,622 - DEBUG - % received keepalive pong
2023-04-17 11:19:14,349 - DEBUG - % sending keepalive ping
2023-04-17 11:19:14,349 - DEBUG - > PING 87 12 6c dc [binary, 4 bytes]
2023-04-17 11:19:14,362 - DEBUG - < PONG 87 12 6c dc [binary, 4 bytes]
2023-04-17 11:19:14,366 - DEBUG - % received keepalive pong
2023-04-17 11:19:20,183 - DEBUG - % sending keepalive ping
2023-04-17 11:19:20,183 - DEBUG - > PING e8 c4 5c 4f [binary, 4 bytes]
2023-04-17 11:19:20,192 - DEBUG - < PONG e8 c4 5c 4f [binary, 4 bytes]
2023-04-17 11:19:20,195 - DEBUG - % received keepalive pong
2023-04-17 11:19:25,319 - DEBUG - % sending keepalive ping
2023-04-17 11:19:25,319 - DEBUG - > PING 51 65 47 c5 [binary, 4 bytes]
2023-04-17 11:19:25,326 - DEBUG - < PONG 51 65 47 c5 [binary, 4 bytes]
2023-04-17 11:19:25,329 - DEBUG - % received keepalive pong
2023-04-17 11:19:27,621 - DEBUG - % sending keepalive ping
2023-04-17 11:19:27,622 - DEBUG - > PING a3 62 8f 4c [binary, 4 bytes]
2023-04-17 11:19:27,630 - DEBUG - < PONG a3 62 8f 4c [binary, 4 bytes]
2023-04-17 11:19:27,634 - DEBUG - % received keepalive pong
2023-04-17 11:19:34,351 - DEBUG - % sending keepalive ping
2023-04-17 11:19:34,351 - DEBUG - > PING 's\x1e\x0bC' [text, 4 bytes]
2023-04-17 11:19:34,359 - DEBUG - < PONG 's\x1e\x0bC' [text, 4 bytes]
2023-04-17 11:19:34,362 - DEBUG - % received keepalive pong
2023-04-17 11:19:40,194 - DEBUG - % sending keepalive ping
2023-04-17 11:19:40,194 - DEBUG - > PING e5 ba dc e6 [binary, 4 bytes]
2023-04-17 11:19:40,205 - DEBUG - < PONG e5 ba dc e6 [binary, 4 bytes]
2023-04-17 11:19:40,208 - DEBUG - % received keepalive pong
2023-04-17 11:19:45,320 - DEBUG - % sending keepalive ping
2023-04-17 11:19:45,320 - DEBUG - > PING ce a3 94 4c [binary, 4 bytes]
2023-04-17 11:19:45,328 - DEBUG - < PONG ce a3 94 4c [binary, 4 bytes]
2023-04-17 11:19:45,331 - DEBUG - % received keepalive pong
2023-04-17 11:19:47,622 - DEBUG - % sending keepalive ping
2023-04-17 11:19:47,622 - DEBUG - > PING f7 fe be 8e [binary, 4 bytes]
2023-04-17 11:19:47,639 - DEBUG - < PONG f7 fe be 8e [binary, 4 bytes]
2023-04-17 11:19:47,641 - DEBUG - % received keepalive pong
2023-04-17 11:19:54,350 - DEBUG - % sending keepalive ping
2023-04-17 11:19:54,350 - DEBUG - > PING a4 9a 42 03 [binary, 4 bytes]
2023-04-17 11:19:54,356 - DEBUG - < PONG a4 9a 42 03 [binary, 4 bytes]
2023-04-17 11:19:54,359 - DEBUG - % received keepalive pong
2023-04-17 11:20:00,193 - DEBUG - % sending keepalive ping
2023-04-17 11:20:00,193 - DEBUG - > PING dc 66 93 42 [binary, 4 bytes]
2023-04-17 11:20:00,200 - DEBUG - < PONG dc 66 93 42 [binary, 4 bytes]
2023-04-17 11:20:00,204 - DEBUG - % received keepalive pong
2023-04-17 11:20:05,314 - DEBUG - % sending keepalive ping
2023-04-17 11:20:05,314 - DEBUG - > PING f9 02 9b 3b [binary, 4 bytes]
2023-04-17 11:20:05,323 - DEBUG - < PONG f9 02 9b 3b [binary, 4 bytes]
2023-04-17 11:20:05,325 - DEBUG - % received keepalive pong
2023-04-17 11:20:07,650 - DEBUG - % sending keepalive ping
2023-04-17 11:20:07,651 - DEBUG - > PING 1f eb 0a f5 [binary, 4 bytes]
2023-04-17 11:20:07,659 - DEBUG - < PONG 1f eb 0a f5 [binary, 4 bytes]
2023-04-17 11:20:07,661 - DEBUG - % received keepalive pong
2023-04-17 11:20:14,342 - DEBUG - % sending keepalive ping
2023-04-17 11:20:14,343 - DEBUG - > PING 79 ea d8 11 [binary, 4 bytes]
2023-04-17 11:20:14,349 - DEBUG - < PONG 79 ea d8 11 [binary, 4 bytes]
2023-04-17 11:20:14,352 - DEBUG - % received keepalive pong
2023-04-17 11:20:20,191 - DEBUG - % sending keepalive ping
2023-04-17 11:20:20,192 - DEBUG - > PING e9 08 f7 04 [binary, 4 bytes]
2023-04-17 11:20:20,201 - DEBUG - < PONG e9 08 f7 04 [binary, 4 bytes]
2023-04-17 11:20:20,208 - DEBUG - % received keepalive pong
2023-04-17 11:20:25,323 - DEBUG - % sending keepalive ping
2023-04-17 11:20:25,323 - DEBUG - > PING a4 ee fa 98 [binary, 4 bytes]
2023-04-17 11:20:25,331 - DEBUG - < PONG a4 ee fa 98 [binary, 4 bytes]
2023-04-17 11:20:25,334 - DEBUG - % received keepalive pong
2023-04-17 11:20:27,648 - DEBUG - % sending keepalive ping
2023-04-17 11:20:27,648 - DEBUG - > PING 76 fd 85 be [binary, 4 bytes]
2023-04-17 11:20:27,656 - DEBUG - < PONG 76 fd 85 be [binary, 4 bytes]
2023-04-17 11:20:27,659 - DEBUG - % received keepalive pong
2023-04-17 11:20:34,340 - DEBUG - % sending keepalive ping
2023-04-17 11:20:34,340 - DEBUG - > PING 51 60 bf 73 [binary, 4 bytes]
2023-04-17 11:20:34,348 - DEBUG - < PONG 51 60 bf 73 [binary, 4 bytes]
2023-04-17 11:20:34,350 - DEBUG - % received keepalive pong
2023-04-17 11:20:40,194 - DEBUG - % sending keepalive ping
2023-04-17 11:20:40,194 - DEBUG - > PING c5 9c be dc [binary, 4 bytes]
2023-04-17 11:20:40,202 - DEBUG - < PONG c5 9c be dc [binary, 4 bytes]
2023-04-17 11:20:40,205 - DEBUG - % received keepalive pong
2023-04-17 11:20:45,315 - DEBUG - % sending keepalive ping
2023-04-17 11:20:45,315 - DEBUG - > PING 2d f3 8f 64 [binary, 4 bytes]
2023-04-17 11:20:45,323 - DEBUG - < PONG 2d f3 8f 64 [binary, 4 bytes]
2023-04-17 11:20:45,326 - DEBUG - % received keepalive pong
2023-04-17 11:20:47,640 - DEBUG - % sending keepalive ping
2023-04-17 11:20:47,640 - DEBUG - > PING 34 f3 08 0e [binary, 4 bytes]
2023-04-17 11:20:47,648 - DEBUG - < PONG 34 f3 08 0e [binary, 4 bytes]
2023-04-17 11:20:47,651 - DEBUG - % received keepalive pong
2023-04-17 11:20:54,347 - DEBUG - % sending keepalive ping
2023-04-17 11:20:54,347 - DEBUG - > PING '\u6eb9[' [text, 4 bytes]
2023-04-17 11:20:54,578 - DEBUG - < PONG '\u6eb9[' [text, 4 bytes]
2023-04-17 11:20:54,584 - DEBUG - % received keepalive pong
2023-04-17 11:21:00,190 - DEBUG - % sending keepalive ping
2023-04-17 11:21:00,191 - DEBUG - > PING ae 13 5f a7 [binary, 4 bytes]
2023-04-17 11:21:00,198 - DEBUG - < PONG ae 13 5f a7 [binary, 4 bytes]
2023-04-17 11:21:00,202 - DEBUG - % received keepalive pong
2023-04-17 11:21:05,323 - DEBUG - % sending keepalive ping
2023-04-17 11:21:05,323 - DEBUG - > PING '7,\x0f\x7f' [text, 4 bytes]
2023-04-17 11:21:05,331 - DEBUG - < PONG '7,\x0f\x7f' [text, 4 bytes]
2023-04-17 11:21:05,333 - DEBUG - % received keepalive pong
2023-04-17 11:21:07,643 - DEBUG - % sending keepalive ping
2023-04-17 11:21:07,643 - DEBUG - > PING a0 a2 1e dd [binary, 4 bytes]
2023-04-17 11:21:07,655 - DEBUG - < PONG a0 a2 1e dd [binary, 4 bytes]
2023-04-17 11:21:07,660 - DEBUG - % received keepalive pong
2023-04-17 11:21:14,574 - DEBUG - % sending keepalive ping
2023-04-17 11:21:14,574 - DEBUG - > PING 52 33 f8 62 [binary, 4 bytes]
2023-04-17 11:21:14,584 - DEBUG - < PONG 52 33 f8 62 [binary, 4 bytes]
2023-04-17 11:21:14,590 - DEBUG - % received keepalive pong
2023-04-17 11:21:20,194 - DEBUG - % sending keepalive ping
2023-04-17 11:21:20,194 - DEBUG - > PING e6 52 2e aa [binary, 4 bytes]
2023-04-17 11:21:20,202 - DEBUG - < PONG e6 52 2e aa [binary, 4 bytes]
2023-04-17 11:21:20,205 - DEBUG - % received keepalive pong
2023-04-17 11:21:25,317 - DEBUG - % sending keepalive ping
2023-04-17 11:21:25,317 - DEBUG - > PING a5 41 e1 60 [binary, 4 bytes]
2023-04-17 11:21:25,325 - DEBUG - < PONG a5 41 e1 60 [binary, 4 bytes]
2023-04-17 11:21:25,328 - DEBUG - % received keepalive pong
2023-04-17 11:21:27,650 - DEBUG - % sending keepalive ping
2023-04-17 11:21:27,650 - DEBUG - > PING a6 25 97 0d [binary, 4 bytes]
2023-04-17 11:21:27,658 - DEBUG - < PONG a6 25 97 0d [binary, 4 bytes]
2023-04-17 11:21:27,660 - DEBUG - % received keepalive pong
2023-04-17 11:21:34,595 - DEBUG - % sending keepalive ping
2023-04-17 11:21:34,596 - DEBUG - > PING 62 64 3a a7 [binary, 4 bytes]
2023-04-17 11:21:34,619 - DEBUG - < PONG 62 64 3a a7 [binary, 4 bytes]
2023-04-17 11:21:34,623 - DEBUG - % received keepalive pong
2023-04-17 11:21:40,193 - DEBUG - % sending keepalive ping
2023-04-17 11:21:40,194 - DEBUG - > PING cf f3 0c e5 [binary, 4 bytes]
2023-04-17 11:21:40,201 - DEBUG - < PONG cf f3 0c e5 [binary, 4 bytes]
2023-04-17 11:21:40,206 - DEBUG - % received keepalive pong
2023-04-17 11:21:45,322 - DEBUG - % sending keepalive ping
2023-04-17 11:21:45,323 - DEBUG - > PING 54 c6 32 49 [binary, 4 bytes]
2023-04-17 11:21:45,330 - DEBUG - < PONG 54 c6 32 49 [binary, 4 bytes]
2023-04-17 11:21:45,332 - DEBUG - % received keepalive pong
2023-04-17 11:21:47,642 - DEBUG - % sending keepalive ping
2023-04-17 11:21:47,642 - DEBUG - > PING d2 06 70 24 [binary, 4 bytes]
2023-04-17 11:21:47,649 - DEBUG - < PONG d2 06 70 24 [binary, 4 bytes]
2023-04-17 11:21:47,652 - DEBUG - % received keepalive pong
2023-04-17 11:21:54,631 - DEBUG - % sending keepalive ping
2023-04-17 11:21:54,632 - DEBUG - > PING 58 ca 9b dd [binary, 4 bytes]
2023-04-17 11:21:54,638 - DEBUG - < PONG 58 ca 9b dd [binary, 4 bytes]
2023-04-17 11:21:54,643 - DEBUG - % received keepalive pong
2023-04-17 11:22:00,197 - DEBUG - % sending keepalive ping
2023-04-17 11:22:00,198 - DEBUG - > PING 45 4d 48 92 [binary, 4 bytes]
2023-04-17 11:22:00,207 - DEBUG - < PONG 45 4d 48 92 [binary, 4 bytes]
2023-04-17 11:22:00,214 - DEBUG - % received keepalive pong
2023-04-17 11:22:05,321 - DEBUG - % sending keepalive ping
2023-04-17 11:22:05,321 - DEBUG - > PING a9 c2 d1 6c [binary, 4 bytes]
2023-04-17 11:22:05,348 - DEBUG - < PONG a9 c2 d1 6c [binary, 4 bytes]
2023-04-17 11:22:05,357 - DEBUG - % received keepalive pong
2023-04-17 11:22:07,649 - DEBUG - % sending keepalive ping
2023-04-17 11:22:07,649 - DEBUG - > PING d0 57 8d 8b [binary, 4 bytes]
2023-04-17 11:22:07,659 - DEBUG - < PONG d0 57 8d 8b [binary, 4 bytes]
2023-04-17 11:22:07,662 - DEBUG - % received keepalive pong
2023-04-17 11:22:14,639 - DEBUG - % sending keepalive ping
2023-04-17 11:22:14,639 - DEBUG - > PING c1 c0 23 29 [binary, 4 bytes]
2023-04-17 11:22:14,646 - DEBUG - < PONG c1 c0 23 29 [binary, 4 bytes]
2023-04-17 11:22:14,648 - DEBUG - % received keepalive pong
2023-04-17 11:22:20,226 - DEBUG - % sending keepalive ping
2023-04-17 11:22:20,226 - DEBUG - > PING cd 4e 61 89 [binary, 4 bytes]
2023-04-17 11:22:20,234 - DEBUG - < PONG cd 4e 61 89 [binary, 4 bytes]
2023-04-17 11:22:20,237 - DEBUG - % received keepalive pong
2023-04-17 11:22:25,343 - DEBUG - % sending keepalive ping
2023-04-17 11:22:25,343 - DEBUG - > PING cb d8 56 9d [binary, 4 bytes]
2023-04-17 11:22:25,350 - DEBUG - < PONG cb d8 56 9d [binary, 4 bytes]
2023-04-17 11:22:25,353 - DEBUG - % received keepalive pong
2023-04-17 11:22:27,651 - DEBUG - % sending keepalive ping
2023-04-17 11:22:27,651 - DEBUG - > PING b8 6a dd 80 [binary, 4 bytes]
2023-04-17 11:22:27,658 - DEBUG - < PONG b8 6a dd 80 [binary, 4 bytes]
2023-04-17 11:22:27,661 - DEBUG - % received keepalive pong
2023-04-17 11:22:34,647 - DEBUG - % sending keepalive ping
2023-04-17 11:22:34,647 - DEBUG - > PING fc cf d7 6a [binary, 4 bytes]
2023-04-17 11:22:34,654 - DEBUG - < PONG fc cf d7 6a [binary, 4 bytes]
2023-04-17 11:22:34,656 - DEBUG - % received keepalive pong
2023-04-17 11:22:40,221 - DEBUG - % sending keepalive ping
2023-04-17 11:22:40,221 - DEBUG - > PING c1 6e 6a b4 [binary, 4 bytes]
2023-04-17 11:22:40,228 - DEBUG - < PONG c1 6e 6a b4 [binary, 4 bytes]
2023-04-17 11:22:40,232 - DEBUG - % received keepalive pong
2023-04-17 11:22:45,354 - DEBUG - % sending keepalive ping
2023-04-17 11:22:45,354 - DEBUG - > PING 47 eb 51 b1 [binary, 4 bytes]
2023-04-17 11:22:45,361 - DEBUG - < PONG 47 eb 51 b1 [binary, 4 bytes]
2023-04-17 11:22:45,365 - DEBUG - % received keepalive pong
2023-04-17 11:22:47,647 - DEBUG - % sending keepalive ping
2023-04-17 11:22:47,647 - DEBUG - > PING 09 5e eb 13 [binary, 4 bytes]
2023-04-17 11:22:47,655 - DEBUG - < PONG 09 5e eb 13 [binary, 4 bytes]
2023-04-17 11:22:47,657 - DEBUG - % received keepalive pong
2023-04-17 11:22:54,643 - DEBUG - % sending keepalive ping
2023-04-17 11:22:54,643 - DEBUG - > PING d8 13 96 9a [binary, 4 bytes]
2023-04-17 11:22:54,653 - DEBUG - < PONG d8 13 96 9a [binary, 4 bytes]
2023-04-17 11:22:54,659 - DEBUG - % received keepalive pong
2023-04-17 11:23:00,230 - DEBUG - % sending keepalive ping
2023-04-17 11:23:00,230 - DEBUG - > PING d9 ef 7c 57 [binary, 4 bytes]
2023-04-17 11:23:00,239 - DEBUG - < PONG d9 ef 7c 57 [binary, 4 bytes]
2023-04-17 11:23:00,246 - DEBUG - % received keepalive pong
2023-04-17 11:23:05,347 - DEBUG - % sending keepalive ping
2023-04-17 11:23:05,347 - DEBUG - > PING 43 04 b0 08 [binary, 4 bytes]
2023-04-17 11:23:05,355 - DEBUG - < PONG 43 04 b0 08 [binary, 4 bytes]
2023-04-17 11:23:05,358 - DEBUG - % received keepalive pong
2023-04-17 11:23:07,646 - DEBUG - % sending keepalive ping
2023-04-17 11:23:07,646 - DEBUG - > PING ad 99 58 e9 [binary, 4 bytes]
2023-04-17 11:23:07,657 - DEBUG - < PONG ad 99 58 e9 [binary, 4 bytes]
2023-04-17 11:23:07,663 - DEBUG - % received keepalive pong
2023-04-17 11:23:14,643 - DEBUG - % sending keepalive ping
2023-04-17 11:23:14,643 - DEBUG - > PING 62 66 53 f3 [binary, 4 bytes]
2023-04-17 11:23:14,648 - DEBUG - < PONG 62 66 53 f3 [binary, 4 bytes]
2023-04-17 11:23:14,651 - DEBUG - % received keepalive pong
2023-04-17 11:23:20,250 - DEBUG - % sending keepalive ping
2023-04-17 11:23:20,250 - DEBUG - > PING 95 46 fd 96 [binary, 4 bytes]
2023-04-17 11:23:20,261 - DEBUG - < PONG 95 46 fd 96 [binary, 4 bytes]
2023-04-17 11:23:20,262 - DEBUG - % received keepalive pong
2023-04-17 11:23:25,353 - DEBUG - % sending keepalive ping
2023-04-17 11:23:25,353 - DEBUG - > PING ad 0b cb 60 [binary, 4 bytes]
2023-04-17 11:23:25,361 - DEBUG - < PONG ad 0b cb 60 [binary, 4 bytes]
2023-04-17 11:23:25,364 - DEBUG - % received keepalive pong
2023-04-17 11:23:27,647 - DEBUG - % sending keepalive ping
2023-04-17 11:23:27,648 - DEBUG - > PING 'Q\x1bW*' [text, 4 bytes]
2023-04-17 11:23:27,658 - DEBUG - < PONG 'Q\x1bW*' [text, 4 bytes]
2023-04-17 11:23:27,664 - DEBUG - % received keepalive pong
2023-04-17 11:23:34,643 - DEBUG - % sending keepalive ping
2023-04-17 11:23:34,644 - DEBUG - > PING 40 8f bb 12 [binary, 4 bytes]
2023-04-17 11:23:34,650 - DEBUG - < PONG 40 8f bb 12 [binary, 4 bytes]
2023-04-17 11:23:34,653 - DEBUG - % received keepalive pong
2023-04-17 11:23:40,267 - DEBUG - % sending keepalive ping
2023-04-17 11:23:40,267 - DEBUG - > PING 57 cb cc 72 [binary, 4 bytes]
2023-04-17 11:23:40,274 - DEBUG - < PONG 57 cb cc 72 [binary, 4 bytes]
2023-04-17 11:23:40,276 - DEBUG - % received keepalive pong
2023-04-17 11:23:45,348 - DEBUG - % sending keepalive ping
2023-04-17 11:23:45,348 - DEBUG - > PING 29 1b cd 0c [binary, 4 bytes]
2023-04-17 11:23:45,356 - DEBUG - < PONG 29 1b cd 0c [binary, 4 bytes]
2023-04-17 11:23:45,359 - DEBUG - % received keepalive pong
2023-04-17 11:23:47,651 - DEBUG - % sending keepalive ping
2023-04-17 11:23:47,652 - DEBUG - > PING 54 8c 13 83 [binary, 4 bytes]
2023-04-17 11:23:47,659 - DEBUG - < PONG 54 8c 13 83 [binary, 4 bytes]
2023-04-17 11:23:47,662 - DEBUG - % received keepalive pong
2023-04-17 11:23:54,652 - DEBUG - % sending keepalive ping
2023-04-17 11:23:54,654 - DEBUG - > PING c6 aa 9c 75 [binary, 4 bytes]
2023-04-17 11:23:54,661 - DEBUG - < PONG c6 aa 9c 75 [binary, 4 bytes]
2023-04-17 11:23:54,664 - DEBUG - % received keepalive pong
2023-04-17 11:24:00,270 - DEBUG - % sending keepalive ping
2023-04-17 11:24:00,270 - DEBUG - > PING c8 a4 c0 70 [binary, 4 bytes]
2023-04-17 11:24:00,277 - DEBUG - < PONG c8 a4 c0 70 [binary, 4 bytes]
2023-04-17 11:24:00,280 - DEBUG - % received keepalive pong
2023-04-17 11:24:05,350 - DEBUG - % sending keepalive ping
2023-04-17 11:24:05,350 - DEBUG - > PING 9b 5e 64 a1 [binary, 4 bytes]
2023-04-17 11:24:05,357 - DEBUG - < PONG 9b 5e 64 a1 [binary, 4 bytes]
2023-04-17 11:24:05,359 - DEBUG - % received keepalive pong
2023-04-17 11:24:07,653 - DEBUG - % sending keepalive ping
2023-04-17 11:24:07,653 - DEBUG - > PING 'UD\u0658' [text, 4 bytes]
2023-04-17 11:24:07,872 - DEBUG - < PONG 'UD\u0658' [text, 4 bytes]
2023-04-17 11:24:07,876 - DEBUG - % received keepalive pong
2023-04-17 11:24:14,641 - DEBUG - % sending keepalive ping
2023-04-17 11:24:14,642 - DEBUG - > PING '*OT0' [text, 4 bytes]
2023-04-17 11:24:14,648 - DEBUG - < PONG '*OT0' [text, 4 bytes]
2023-04-17 11:24:14,650 - DEBUG - % received keepalive pong
2023-04-17 11:24:20,268 - DEBUG - % sending keepalive ping
2023-04-17 11:24:20,268 - DEBUG - > PING 77 8a 3e 9c [binary, 4 bytes]
2023-04-17 11:24:20,275 - DEBUG - < PONG 77 8a 3e 9c [binary, 4 bytes]
2023-04-17 11:24:20,277 - DEBUG - % received keepalive pong
2023-04-17 11:24:25,341 - DEBUG - % sending keepalive ping
2023-04-17 11:24:25,341 - DEBUG - > PING 81 af 7d 79 [binary, 4 bytes]
2023-04-17 11:24:25,350 - DEBUG - < PONG 81 af 7d 79 [binary, 4 bytes]
2023-04-17 11:24:25,353 - DEBUG - % received keepalive pong
2023-04-17 11:24:27,870 - DEBUG - % sending keepalive ping
2023-04-17 11:24:27,871 - DEBUG - > PING 9f 06 4e 8c [binary, 4 bytes]
2023-04-17 11:24:27,878 - DEBUG - < PONG 9f 06 4e 8c [binary, 4 bytes]
2023-04-17 11:24:27,881 - DEBUG - % received keepalive pong
2023-04-17 11:24:34,650 - DEBUG - % sending keepalive ping
2023-04-17 11:24:34,650 - DEBUG - > PING '\x18,sn' [text, 4 bytes]
2023-04-17 11:24:34,658 - DEBUG - < PONG '\x18,sn' [text, 4 bytes]
2023-04-17 11:24:34,660 - DEBUG - % received keepalive pong
2023-04-17 11:24:40,267 - DEBUG - % sending keepalive ping
2023-04-17 11:24:40,267 - DEBUG - > PING ec 89 61 d5 [binary, 4 bytes]
2023-04-17 11:24:40,274 - DEBUG - < PONG ec 89 61 d5 [binary, 4 bytes]
2023-04-17 11:24:40,277 - DEBUG - % received keepalive pong
2023-04-17 11:24:45,344 - DEBUG - % sending keepalive ping
2023-04-17 11:24:45,344 - DEBUG - > PING 29 ee 17 99 [binary, 4 bytes]
2023-04-17 11:24:45,350 - DEBUG - < PONG 29 ee 17 99 [binary, 4 bytes]
2023-04-17 11:24:45,353 - DEBUG - % received keepalive pong
2023-04-17 11:24:47,879 - DEBUG - % sending keepalive ping
2023-04-17 11:24:47,879 - DEBUG - > PING 3d 7a 60 a8 [binary, 4 bytes]
2023-04-17 11:24:47,887 - DEBUG - < PONG 3d 7a 60 a8 [binary, 4 bytes]
2023-04-17 11:24:47,890 - DEBUG - % received keepalive pong
2023-04-17 11:24:54,642 - DEBUG - % sending keepalive ping
2023-04-17 11:24:54,642 - DEBUG - > PING 24 44 4c cc [binary, 4 bytes]
2023-04-17 11:24:54,649 - DEBUG - < PONG 24 44 4c cc [binary, 4 bytes]
2023-04-17 11:24:54,652 - DEBUG - % received keepalive pong
2023-04-17 11:25:00,264 - DEBUG - % sending keepalive ping
2023-04-17 11:25:00,264 - DEBUG - > PING 70 b0 8f a0 [binary, 4 bytes]
2023-04-17 11:25:00,272 - DEBUG - < PONG 70 b0 8f a0 [binary, 4 bytes]
2023-04-17 11:25:00,274 - DEBUG - % received keepalive pong
2023-04-17 11:25:05,345 - DEBUG - % sending keepalive ping
2023-04-17 11:25:05,346 - DEBUG - > PING 0c 85 a9 4f [binary, 4 bytes]
2023-04-17 11:25:05,353 - DEBUG - < PONG 0c 85 a9 4f [binary, 4 bytes]
2023-04-17 11:25:05,355 - DEBUG - % received keepalive pong
2023-04-17 11:25:07,899 - DEBUG - % sending keepalive ping
2023-04-17 11:25:07,899 - DEBUG - > PING f7 f5 e2 79 [binary, 4 bytes]
2023-04-17 11:25:07,908 - DEBUG - < PONG f7 f5 e2 79 [binary, 4 bytes]
2023-04-17 11:25:07,910 - DEBUG - % received keepalive pong
2023-04-17 11:25:14,650 - DEBUG - % sending keepalive ping
2023-04-17 11:25:14,650 - DEBUG - > PING b4 14 48 8d [binary, 4 bytes]
2023-04-17 11:25:14,663 - DEBUG - < PONG b4 14 48 8d [binary, 4 bytes]
2023-04-17 11:25:14,668 - DEBUG - % received keepalive pong
2023-04-17 11:25:20,273 - DEBUG - % sending keepalive ping
2023-04-17 11:25:20,273 - DEBUG - > PING b2 27 4c 65 [binary, 4 bytes]
2023-04-17 11:25:20,353 - DEBUG - < PONG b2 27 4c 65 [binary, 4 bytes]
2023-04-17 11:25:20,355 - DEBUG - % received keepalive pong
2023-04-17 11:25:25,345 - DEBUG - % sending keepalive ping
2023-04-17 11:25:25,345 - DEBUG - > PING d6 8e 25 96 [binary, 4 bytes]
2023-04-17 11:25:25,355 - DEBUG - < PONG d6 8e 25 96 [binary, 4 bytes]
2023-04-17 11:25:25,362 - DEBUG - % received keepalive pong
2023-04-17 11:25:27,901 - DEBUG - % sending keepalive ping
2023-04-17 11:25:27,901 - DEBUG - > PING 0d b6 60 ab [binary, 4 bytes]
2023-04-17 11:25:27,909 - DEBUG - < PONG 0d b6 60 ab [binary, 4 bytes]
2023-04-17 11:25:27,912 - DEBUG - % received keepalive pong
2023-04-17 11:25:34,671 - DEBUG - % sending keepalive ping
2023-04-17 11:25:34,671 - DEBUG - > PING '24Y\x1f' [text, 4 bytes]
2023-04-17 11:25:34,679 - DEBUG - < PONG '24Y\x1f' [text, 4 bytes]
2023-04-17 11:25:34,681 - DEBUG - % received keepalive pong
2023-04-17 11:25:40,357 - DEBUG - % sending keepalive ping
2023-04-17 11:25:40,357 - DEBUG - > PING 81 72 01 b0 [binary, 4 bytes]
2023-04-17 11:25:40,365 - DEBUG - < PONG 81 72 01 b0 [binary, 4 bytes]
2023-04-17 11:25:40,367 - DEBUG - % received keepalive pong
2023-04-17 11:25:45,346 - DEBUG - % sending keepalive ping
2023-04-17 11:25:45,346 - DEBUG - > PING 0c 36 e7 97 [binary, 4 bytes]
2023-04-17 11:25:45,356 - DEBUG - < PONG 0c 36 e7 97 [binary, 4 bytes]
2023-04-17 11:25:45,362 - DEBUG - % received keepalive pong
2023-04-17 11:25:47,893 - DEBUG - % sending keepalive ping
2023-04-17 11:25:47,893 - DEBUG - > PING d1 e4 70 af [binary, 4 bytes]
2023-04-17 11:25:47,902 - DEBUG - < PONG d1 e4 70 af [binary, 4 bytes]
2023-04-17 11:25:47,905 - DEBUG - % received keepalive pong
2023-04-17 11:25:54,674 - DEBUG - % sending keepalive ping
2023-04-17 11:25:54,674 - DEBUG - > PING 7b da c6 43 [binary, 4 bytes]
2023-04-17 11:25:54,681 - DEBUG - < PONG 7b da c6 43 [binary, 4 bytes]
2023-04-17 11:25:54,685 - DEBUG - % received keepalive pong
2023-04-17 11:26:00,363 - DEBUG - % sending keepalive ping
2023-04-17 11:26:00,363 - DEBUG - > PING c7 fb b7 d5 [binary, 4 bytes]
2023-04-17 11:26:00,370 - DEBUG - < PONG c7 fb b7 d5 [binary, 4 bytes]
2023-04-17 11:26:00,375 - DEBUG - % received keepalive pong
2023-04-17 11:26:05,341 - DEBUG - % sending keepalive ping
2023-04-17 11:26:05,341 - DEBUG - > PING cf 55 bf 52 [binary, 4 bytes]
2023-04-17 11:26:05,348 - DEBUG - < PONG cf 55 bf 52 [binary, 4 bytes]
2023-04-17 11:26:05,350 - DEBUG - % received keepalive pong
2023-04-17 11:26:07,893 - DEBUG - % sending keepalive ping
2023-04-17 11:26:07,893 - DEBUG - > PING 50 e0 e2 91 [binary, 4 bytes]
2023-04-17 11:26:07,901 - DEBUG - < PONG 50 e0 e2 91 [binary, 4 bytes]
2023-04-17 11:26:07,903 - DEBUG - % received keepalive pong
2023-04-17 11:26:14,683 - DEBUG - % sending keepalive ping
2023-04-17 11:26:14,683 - DEBUG - > PING d2 cf e4 c2 [binary, 4 bytes]
2023-04-17 11:26:14,690 - DEBUG - < PONG d2 cf e4 c2 [binary, 4 bytes]
2023-04-17 11:26:14,692 - DEBUG - % received keepalive pong
2023-04-17 11:26:20,377 - DEBUG - % sending keepalive ping
2023-04-17 11:26:20,377 - DEBUG - > PING fb e4 32 2c [binary, 4 bytes]
2023-04-17 11:26:20,389 - DEBUG - < PONG fb e4 32 2c [binary, 4 bytes]
2023-04-17 11:26:20,394 - DEBUG - % received keepalive pong
2023-04-17 11:26:25,353 - DEBUG - % sending keepalive ping
2023-04-17 11:26:25,354 - DEBUG - > PING 98 df 2c 08 [binary, 4 bytes]
2023-04-17 11:26:25,361 - DEBUG - < PONG 98 df 2c 08 [binary, 4 bytes]
2023-04-17 11:26:25,364 - DEBUG - % received keepalive pong
2023-04-17 11:26:27,901 - DEBUG - % sending keepalive ping
2023-04-17 11:26:27,901 - DEBUG - > PING 0d cf 04 a2 [binary, 4 bytes]
2023-04-17 11:26:27,909 - DEBUG - < PONG 0d cf 04 a2 [binary, 4 bytes]
2023-04-17 11:26:27,912 - DEBUG - % received keepalive pong
2023-04-17 11:26:34,699 - DEBUG - % sending keepalive ping
2023-04-17 11:26:34,700 - DEBUG - > PING 90 a5 0d c3 [binary, 4 bytes]
2023-04-17 11:26:34,707 - DEBUG - < PONG 90 a5 0d c3 [binary, 4 bytes]
2023-04-17 11:26:34,709 - DEBUG - % received keepalive pong
2023-04-17 11:26:40,389 - DEBUG - % sending keepalive ping
2023-04-17 11:26:40,389 - DEBUG - > PING 34 97 d9 b3 [binary, 4 bytes]
2023-04-17 11:26:40,398 - DEBUG - < PONG 34 97 d9 b3 [binary, 4 bytes]
2023-04-17 11:26:40,401 - DEBUG - % received keepalive pong
2023-04-17 11:26:45,350 - DEBUG - % sending keepalive ping
2023-04-17 11:26:45,350 - DEBUG - > PING 12 b5 23 7f [binary, 4 bytes]
2023-04-17 11:26:45,358 - DEBUG - < PONG 12 b5 23 7f [binary, 4 bytes]
2023-04-17 11:26:45,360 - DEBUG - % received keepalive pong
2023-04-17 11:26:47,888 - DEBUG - % sending keepalive ping
2023-04-17 11:26:47,889 - DEBUG - > PING d0 d8 9d 1a [binary, 4 bytes]
2023-04-17 11:26:47,896 - DEBUG - < PONG d0 d8 9d 1a [binary, 4 bytes]
2023-04-17 11:26:47,899 - DEBUG - % received keepalive pong
2023-04-17 11:26:54,690 - DEBUG - % sending keepalive ping
2023-04-17 11:26:54,690 - DEBUG - > PING 1b 80 04 5e [binary, 4 bytes]
2023-04-17 11:26:54,696 - DEBUG - < PONG 1b 80 04 5e [binary, 4 bytes]
2023-04-17 11:26:54,699 - DEBUG - % received keepalive pong
2023-04-17 11:27:00,392 - DEBUG - % sending keepalive ping
2023-04-17 11:27:00,393 - DEBUG - > PING 6f f9 8d 61 [binary, 4 bytes]
2023-04-17 11:27:00,400 - DEBUG - < PONG 6f f9 8d 61 [binary, 4 bytes]
2023-04-17 11:27:00,403 - DEBUG - % received keepalive pong
2023-04-17 11:27:05,343 - DEBUG - % sending keepalive ping
2023-04-17 11:27:05,343 - DEBUG - > PING be 9a 2d 21 [binary, 4 bytes]
2023-04-17 11:27:05,351 - DEBUG - < PONG be 9a 2d 21 [binary, 4 bytes]
2023-04-17 11:27:05,353 - DEBUG - % received keepalive pong
2023-04-17 11:27:07,894 - DEBUG - % sending keepalive ping
2023-04-17 11:27:07,894 - DEBUG - > PING b3 9e 8b 07 [binary, 4 bytes]
2023-04-17 11:27:07,902 - DEBUG - < PONG b3 9e 8b 07 [binary, 4 bytes]
2023-04-17 11:27:07,905 - DEBUG - % received keepalive pong
2023-04-17 11:27:14,687 - DEBUG - % sending keepalive ping
2023-04-17 11:27:14,688 - DEBUG - > PING f2 ce 60 28 [binary, 4 bytes]
2023-04-17 11:27:14,694 - DEBUG - < PONG f2 ce 60 28 [binary, 4 bytes]
2023-04-17 11:27:14,697 - DEBUG - % received keepalive pong
2023-04-17 11:27:20,394 - DEBUG - % sending keepalive ping
2023-04-17 11:27:20,394 - DEBUG - > PING 42 e5 b9 e6 [binary, 4 bytes]
2023-04-17 11:27:20,401 - DEBUG - < PONG 42 e5 b9 e6 [binary, 4 bytes]
2023-04-17 11:27:20,404 - DEBUG - % received keepalive pong
2023-04-17 11:27:25,340 - DEBUG - % sending keepalive ping
2023-04-17 11:27:25,340 - DEBUG - > PING bb e2 27 32 [binary, 4 bytes]
2023-04-17 11:27:25,347 - DEBUG - < PONG bb e2 27 32 [binary, 4 bytes]
2023-04-17 11:27:25,350 - DEBUG - % received keepalive pong
2023-04-17 11:27:27,898 - DEBUG - % sending keepalive ping
2023-04-17 11:27:27,898 - DEBUG - > PING 0b 04 c9 f2 [binary, 4 bytes]
2023-04-17 11:27:27,906 - DEBUG - < PONG 0b 04 c9 f2 [binary, 4 bytes]
2023-04-17 11:27:27,908 - DEBUG - % received keepalive pong
2023-04-17 11:27:34,695 - DEBUG - % sending keepalive ping
2023-04-17 11:27:34,695 - DEBUG - > PING 39 4a 99 15 [binary, 4 bytes]
2023-04-17 11:27:34,702 - DEBUG - < PONG 39 4a 99 15 [binary, 4 bytes]
2023-04-17 11:27:34,705 - DEBUG - % received keepalive pong
2023-04-17 11:27:40,397 - DEBUG - % sending keepalive ping
2023-04-17 11:27:40,398 - DEBUG - > PING bb d5 4e b2 [binary, 4 bytes]
2023-04-17 11:27:40,405 - DEBUG - < PONG bb d5 4e b2 [binary, 4 bytes]
2023-04-17 11:27:40,408 - DEBUG - % received keepalive pong
2023-04-17 11:27:45,340 - DEBUG - % sending keepalive ping
2023-04-17 11:27:45,340 - DEBUG - > PING 1a cd 96 80 [binary, 4 bytes]
2023-04-17 11:27:45,347 - DEBUG - < PONG 1a cd 96 80 [binary, 4 bytes]
2023-04-17 11:27:45,350 - DEBUG - % received keepalive pong
2023-04-17 11:27:47,890 - DEBUG - % sending keepalive ping
2023-04-17 11:27:47,891 - DEBUG - > PING b3 1a 93 92 [binary, 4 bytes]
2023-04-17 11:27:47,903 - DEBUG - < PONG b3 1a 93 92 [binary, 4 bytes]
2023-04-17 11:27:47,907 - DEBUG - % received keepalive pong
2023-04-17 11:27:54,688 - DEBUG - % sending keepalive ping
2023-04-17 11:27:54,688 - DEBUG - > PING c8 69 59 28 [binary, 4 bytes]
2023-04-17 11:27:54,696 - DEBUG - < PONG c8 69 59 28 [binary, 4 bytes]
2023-04-17 11:27:54,698 - DEBUG - % received keepalive pong
2023-04-17 11:28:00,392 - DEBUG - % sending keepalive ping
2023-04-17 11:28:00,392 - DEBUG - > PING 39 7a 7a b6 [binary, 4 bytes]
2023-04-17 11:28:00,404 - DEBUG - < PONG 39 7a 7a b6 [binary, 4 bytes]
2023-04-17 11:28:00,410 - DEBUG - % received keepalive pong
2023-04-17 11:28:05,346 - DEBUG - % sending keepalive ping
2023-04-17 11:28:05,347 - DEBUG - > PING 4c 34 ad 09 [binary, 4 bytes]
2023-04-17 11:28:05,355 - DEBUG - < PONG 4c 34 ad 09 [binary, 4 bytes]
2023-04-17 11:28:05,359 - DEBUG - % received keepalive pong
2023-04-17 11:28:07,893 - DEBUG - % sending keepalive ping
2023-04-17 11:28:07,893 - DEBUG - > PING 5a fb 86 f2 [binary, 4 bytes]
2023-04-17 11:28:07,902 - DEBUG - < PONG 5a fb 86 f2 [binary, 4 bytes]
2023-04-17 11:28:07,904 - DEBUG - % received keepalive pong
2023-04-17 11:28:14,693 - DEBUG - % sending keepalive ping
2023-04-17 11:28:14,693 - DEBUG - > PING a6 d8 dd be [binary, 4 bytes]
2023-04-17 11:28:14,700 - DEBUG - < PONG a6 d8 dd be [binary, 4 bytes]
2023-04-17 11:28:14,703 - DEBUG - % received keepalive pong
2023-04-17 11:28:20,397 - DEBUG - % sending keepalive ping
2023-04-17 11:28:20,397 - DEBUG - > PING ea 66 86 9e [binary, 4 bytes]
2023-04-17 11:28:20,405 - DEBUG - < PONG ea 66 86 9e [binary, 4 bytes]
2023-04-17 11:28:20,408 - DEBUG - % received keepalive pong
2023-04-17 11:28:24,894 - DEBUG - = connection is CLOSING
2023-04-17 11:28:24,894 - DEBUG - > CLOSE 1000 (OK) [2 bytes]
2023-04-17 11:28:24,901 - DEBUG - < CLOSE 1000 (OK) [2 bytes]
2023-04-17 11:28:24,908 - DEBUG - = connection is CLOSED
2023-04-17 11:28:25,351 - DEBUG - % sending keepalive ping
2023-04-17 11:28:25,351 - DEBUG - > PING cd 90 e4 06 [binary, 4 bytes]
2023-04-17 11:28:25,360 - DEBUG - < PONG cd 90 e4 06 [binary, 4 bytes]
2023-04-17 11:28:25,364 - DEBUG - % received keepalive pong
2023-04-17 11:28:27,900 - DEBUG - % sending keepalive ping
2023-04-17 11:28:27,900 - DEBUG - > PING a2 a9 d4 e0 [binary, 4 bytes]
2023-04-17 11:28:27,909 - DEBUG - < PONG a2 a9 d4 e0 [binary, 4 bytes]
2023-04-17 11:28:27,911 - DEBUG - % received keepalive pong
2023-04-17 11:28:34,687 - DEBUG - % sending keepalive ping
2023-04-17 11:28:34,688 - DEBUG - > PING 93 3a ce b7 [binary, 4 bytes]
2023-04-17 11:28:34,694 - DEBUG - < PONG 93 3a ce b7 [binary, 4 bytes]
2023-04-17 11:28:34,696 - DEBUG - % received keepalive pong
2023-04-17 11:28:45,351 - DEBUG - % sending keepalive ping
2023-04-17 11:28:45,351 - DEBUG - > PING d5 41 06 18 [binary, 4 bytes]
2023-04-17 11:28:45,360 - DEBUG - < PONG d5 41 06 18 [binary, 4 bytes]
2023-04-17 11:28:45,362 - DEBUG - % received keepalive pong
2023-04-17 11:28:47,898 - DEBUG - % sending keepalive ping
2023-04-17 11:28:47,898 - DEBUG - > PING bd 6b 14 7a [binary, 4 bytes]
2023-04-17 11:28:47,905 - DEBUG - < PONG bd 6b 14 7a [binary, 4 bytes]
2023-04-17 11:28:47,907 - DEBUG - % received keepalive pong
2023-04-17 11:28:54,696 - DEBUG - % sending keepalive ping
2023-04-17 11:28:54,696 - DEBUG - > PING fd e4 b5 c9 [binary, 4 bytes]
2023-04-17 11:28:54,703 - DEBUG - < PONG fd e4 b5 c9 [binary, 4 bytes]
2023-04-17 11:28:54,705 - DEBUG - % received keepalive pong
2023-04-17 11:29:05,353 - DEBUG - % sending keepalive ping
2023-04-17 11:29:05,353 - DEBUG - > PING 04 24 85 00 [binary, 4 bytes]
2023-04-17 11:29:05,360 - DEBUG - < PONG 04 24 85 00 [binary, 4 bytes]
2023-04-17 11:29:05,362 - DEBUG - % received keepalive pong
2023-04-17 11:29:07,893 - DEBUG - % sending keepalive ping
2023-04-17 11:29:07,893 - DEBUG - > PING 13 74 dc 28 [binary, 4 bytes]
2023-04-17 11:29:07,903 - DEBUG - < PONG 13 74 dc 28 [binary, 4 bytes]
2023-04-17 11:29:07,905 - DEBUG - % received keepalive pong
2023-04-17 11:29:14,699 - DEBUG - % sending keepalive ping
2023-04-17 11:29:14,699 - DEBUG - > PING 38 74 e0 08 [binary, 4 bytes]
2023-04-17 11:29:14,705 - DEBUG - < PONG 38 74 e0 08 [binary, 4 bytes]
2023-04-17 11:29:14,708 - DEBUG - % received keepalive pong
2023-04-17 11:29:25,345 - DEBUG - % sending keepalive ping
2023-04-17 11:29:25,345 - DEBUG - > PING e7 6e e6 9e [binary, 4 bytes]
2023-04-17 11:29:25,951 - DEBUG - < PONG e7 6e e6 9e [binary, 4 bytes]
2023-04-17 11:29:25,954 - DEBUG - % received keepalive pong
2023-04-17 11:29:27,889 - DEBUG - % sending keepalive ping
2023-04-17 11:29:27,890 - DEBUG - > PING 44 7f 94 e4 [binary, 4 bytes]
2023-04-17 11:29:27,897 - DEBUG - < PONG 44 7f 94 e4 [binary, 4 bytes]
2023-04-17 11:29:27,900 - DEBUG - % received keepalive pong
2023-04-17 11:29:34,685 - DEBUG - % sending keepalive ping
2023-04-17 11:29:34,686 - DEBUG - > PING 81 f5 01 7d [binary, 4 bytes]
2023-04-17 11:29:34,692 - DEBUG - < PONG 81 f5 01 7d [binary, 4 bytes]
2023-04-17 11:29:34,694 - DEBUG - % received keepalive pong
2023-04-17 11:29:45,946 - DEBUG - % sending keepalive ping
2023-04-17 11:29:45,946 - DEBUG - > PING 41 ce 5c d0 [binary, 4 bytes]
2023-04-17 11:29:45,953 - DEBUG - < PONG 41 ce 5c d0 [binary, 4 bytes]
2023-04-17 11:29:45,956 - DEBUG - % received keepalive pong
2023-04-17 11:29:47,886 - DEBUG - % sending keepalive ping
2023-04-17 11:29:47,886 - DEBUG - > PING c4 d3 49 ba [binary, 4 bytes]
2023-04-17 11:29:47,896 - DEBUG - < PONG c4 d3 49 ba [binary, 4 bytes]
2023-04-17 11:29:47,899 - DEBUG - % received keepalive pong
2023-04-17 11:29:54,691 - DEBUG - % sending keepalive ping
2023-04-17 11:29:54,691 - DEBUG - > PING d3 4c c4 5a [binary, 4 bytes]
2023-04-17 11:29:54,706 - DEBUG - < PONG d3 4c c4 5a [binary, 4 bytes]
2023-04-17 11:29:54,709 - DEBUG - % received keepalive pong
2023-04-17 11:30:05,938 - DEBUG - % sending keepalive ping
2023-04-17 11:30:05,938 - DEBUG - > PING 43 79 b1 0e [binary, 4 bytes]
2023-04-17 11:30:05,952 - DEBUG - < PONG 43 79 b1 0e [binary, 4 bytes]
2023-04-17 11:30:05,955 - DEBUG - % received keepalive pong
2023-04-17 11:30:07,892 - DEBUG - % sending keepalive ping
2023-04-17 11:30:07,893 - DEBUG - > PING 9b 8f a6 5b [binary, 4 bytes]
2023-04-17 11:30:07,903 - DEBUG - < PONG 9b 8f a6 5b [binary, 4 bytes]
2023-04-17 11:30:07,906 - DEBUG - % received keepalive pong
2023-04-17 11:30:14,694 - DEBUG - % sending keepalive ping
2023-04-17 11:30:14,694 - DEBUG - > PING 00 ea 90 cd [binary, 4 bytes]
2023-04-17 11:30:14,702 - DEBUG - < PONG 00 ea 90 cd [binary, 4 bytes]
2023-04-17 11:30:14,705 - DEBUG - % received keepalive pong
2023-04-17 11:30:25,933 - DEBUG - % sending keepalive ping
2023-04-17 11:30:25,933 - DEBUG - > PING fa e3 a9 ed [binary, 4 bytes]
2023-04-17 11:30:25,940 - DEBUG - < PONG fa e3 a9 ed [binary, 4 bytes]
2023-04-17 11:30:25,942 - DEBUG - % received keepalive pong
2023-04-17 11:30:27,900 - DEBUG - % sending keepalive ping
2023-04-17 11:30:27,901 - DEBUG - > PING 15 b7 7e 4e [binary, 4 bytes]
2023-04-17 11:30:27,909 - DEBUG - < PONG 15 b7 7e 4e [binary, 4 bytes]
2023-04-17 11:30:27,912 - DEBUG - % received keepalive pong
2023-04-17 11:30:34,695 - DEBUG - % sending keepalive ping
2023-04-17 11:30:34,696 - DEBUG - > PING f3 e1 e0 12 [binary, 4 bytes]
2023-04-17 11:30:34,703 - DEBUG - < PONG f3 e1 e0 12 [binary, 4 bytes]
2023-04-17 11:30:34,713 - DEBUG - % received keepalive pong
2023-04-17 11:30:45,936 - DEBUG - % sending keepalive ping
2023-04-17 11:30:45,937 - DEBUG - > PING e3 80 28 5f [binary, 4 bytes]
2023-04-17 11:30:45,946 - DEBUG - < PONG e3 80 28 5f [binary, 4 bytes]
2023-04-17 11:30:45,948 - DEBUG - % received keepalive pong
2023-04-17 11:30:47,898 - DEBUG - % sending keepalive ping
2023-04-17 11:30:47,898 - DEBUG - > PING 21 64 9c bb [binary, 4 bytes]
2023-04-17 11:30:47,908 - DEBUG - < PONG 21 64 9c bb [binary, 4 bytes]
2023-04-17 11:30:47,910 - DEBUG - % received keepalive pong
2023-04-17 11:30:54,698 - DEBUG - % sending keepalive ping
2023-04-17 11:30:54,698 - DEBUG - > PING a6 62 ac 1b [binary, 4 bytes]
2023-04-17 11:30:54,705 - DEBUG - < PONG a6 62 ac 1b [binary, 4 bytes]
2023-04-17 11:30:54,707 - DEBUG - % received keepalive pong
2023-04-17 11:31:05,941 - DEBUG - % sending keepalive ping
2023-04-17 11:31:05,941 - DEBUG - > PING 6c d1 d5 72 [binary, 4 bytes]
2023-04-17 11:31:05,948 - DEBUG - < PONG 6c d1 d5 72 [binary, 4 bytes]
2023-04-17 11:31:05,952 - DEBUG - % received keepalive pong
2023-04-17 11:31:07,890 - DEBUG - % sending keepalive ping
2023-04-17 11:31:07,890 - DEBUG - > PING d2 27 be 9f [binary, 4 bytes]
2023-04-17 11:31:07,899 - DEBUG - < PONG d2 27 be 9f [binary, 4 bytes]
2023-04-17 11:31:07,902 - DEBUG - % received keepalive pong
2023-04-17 11:31:14,696 - DEBUG - % sending keepalive ping
2023-04-17 11:31:14,696 - DEBUG - > PING 12 8c 8f f6 [binary, 4 bytes]
2023-04-17 11:31:14,702 - DEBUG - < PONG 12 8c 8f f6 [binary, 4 bytes]
2023-04-17 11:31:14,705 - DEBUG - % received keepalive pong
2023-04-17 11:31:25,941 - DEBUG - % sending keepalive ping
2023-04-17 11:31:25,941 - DEBUG - > PING 77 61 82 8e [binary, 4 bytes]
2023-04-17 11:31:25,950 - DEBUG - < PONG 77 61 82 8e [binary, 4 bytes]
2023-04-17 11:31:25,954 - DEBUG - % received keepalive pong
2023-04-17 11:31:27,901 - DEBUG - % sending keepalive ping
2023-04-17 11:31:27,901 - DEBUG - > PING 36 8b de 53 [binary, 4 bytes]
2023-04-17 11:31:27,909 - DEBUG - < PONG 36 8b de 53 [binary, 4 bytes]
2023-04-17 11:31:27,912 - DEBUG - % received keepalive pong
2023-04-17 11:31:34,700 - DEBUG - % sending keepalive ping
2023-04-17 11:31:34,700 - DEBUG - > PING ad e7 34 c2 [binary, 4 bytes]
2023-04-17 11:31:34,707 - DEBUG - < PONG ad e7 34 c2 [binary, 4 bytes]
2023-04-17 11:31:34,710 - DEBUG - % received keepalive pong
2023-04-17 11:31:45,957 - DEBUG - % sending keepalive ping
2023-04-17 11:31:45,957 - DEBUG - > PING 20 8b 78 e2 [binary, 4 bytes]
2023-04-17 11:31:45,964 - DEBUG - < PONG 20 8b 78 e2 [binary, 4 bytes]
2023-04-17 11:31:45,967 - DEBUG - % received keepalive pong
2023-04-17 11:31:47,901 - DEBUG - % sending keepalive ping
2023-04-17 11:31:47,901 - DEBUG - > PING d3 ba a0 e6 [binary, 4 bytes]
2023-04-17 11:31:47,909 - DEBUG - < PONG d3 ba a0 e6 [binary, 4 bytes]
2023-04-17 11:31:47,911 - DEBUG - % received keepalive pong
2023-04-17 11:31:54,694 - DEBUG - % sending keepalive ping
2023-04-17 11:31:54,694 - DEBUG - > PING fa b3 fd c3 [binary, 4 bytes]
2023-04-17 11:31:54,701 - DEBUG - < PONG fa b3 fd c3 [binary, 4 bytes]
2023-04-17 11:31:54,704 - DEBUG - % received keepalive pong
2023-04-17 11:32:05,969 - DEBUG - % sending keepalive ping
2023-04-17 11:32:05,970 - DEBUG - > PING f0 c6 da 8e [binary, 4 bytes]
2023-04-17 11:32:05,977 - DEBUG - < PONG f0 c6 da 8e [binary, 4 bytes]
2023-04-17 11:32:05,980 - DEBUG - % received keepalive pong
2023-04-17 11:32:07,906 - DEBUG - % sending keepalive ping
2023-04-17 11:32:07,907 - DEBUG - > PING cd a8 ca ce [binary, 4 bytes]
2023-04-17 11:32:07,920 - DEBUG - < PONG cd a8 ca ce [binary, 4 bytes]
2023-04-17 11:32:07,921 - DEBUG - % received keepalive pong
2023-04-17 11:32:14,693 - DEBUG - % sending keepalive ping
2023-04-17 11:32:14,694 - DEBUG - > PING 4c b1 97 01 [binary, 4 bytes]
2023-04-17 11:32:14,701 - DEBUG - < PONG 4c b1 97 01 [binary, 4 bytes]
2023-04-17 11:32:14,703 - DEBUG - % received keepalive pong
2023-04-17 11:32:25,968 - DEBUG - % sending keepalive ping
2023-04-17 11:32:25,968 - DEBUG - > PING 57 65 c5 f8 [binary, 4 bytes]
2023-04-17 11:32:25,975 - DEBUG - < PONG 57 65 c5 f8 [binary, 4 bytes]
2023-04-17 11:32:25,977 - DEBUG - % received keepalive pong
2023-04-17 11:32:27,931 - DEBUG - % sending keepalive ping
2023-04-17 11:32:27,931 - DEBUG - > PING 46 80 ab b5 [binary, 4 bytes]
2023-04-17 11:32:27,942 - DEBUG - < PONG 46 80 ab b5 [binary, 4 bytes]
2023-04-17 11:32:27,947 - DEBUG - % received keepalive pong
2023-04-17 11:32:34,698 - DEBUG - % sending keepalive ping
2023-04-17 11:32:34,698 - DEBUG - > PING 31 63 aa b9 [binary, 4 bytes]
2023-04-17 11:32:34,710 - DEBUG - < PONG 31 63 aa b9 [binary, 4 bytes]
2023-04-17 11:32:34,715 - DEBUG - % received keepalive pong
2023-04-17 11:32:45,970 - DEBUG - % sending keepalive ping
2023-04-17 11:32:45,970 - DEBUG - > PING 9a 22 9d 30 [binary, 4 bytes]
2023-04-17 11:32:45,978 - DEBUG - < PONG 9a 22 9d 30 [binary, 4 bytes]
2023-04-17 11:32:45,983 - DEBUG - % received keepalive pong
2023-04-17 11:32:47,940 - DEBUG - % sending keepalive ping
2023-04-17 11:32:47,940 - DEBUG - > PING 71 ba e5 b8 [binary, 4 bytes]
2023-04-17 11:32:47,949 - DEBUG - < PONG 71 ba e5 b8 [binary, 4 bytes]
2023-04-17 11:32:47,951 - DEBUG - % received keepalive pong
2023-04-17 11:32:54,723 - DEBUG - % sending keepalive ping
2023-04-17 11:32:54,723 - DEBUG - > PING 74 85 2e 1a [binary, 4 bytes]
2023-04-17 11:32:54,734 - DEBUG - < PONG 74 85 2e 1a [binary, 4 bytes]
2023-04-17 11:32:54,739 - DEBUG - % received keepalive pong
2023-04-17 11:33:05,974 - DEBUG - % sending keepalive ping
2023-04-17 11:33:05,974 - DEBUG - > PING 3d 0e de de [binary, 4 bytes]
2023-04-17 11:33:05,982 - DEBUG - < PONG 3d 0e de de [binary, 4 bytes]
2023-04-17 11:33:05,984 - DEBUG - % received keepalive pong
2023-04-17 11:33:07,938 - DEBUG - % sending keepalive ping
2023-04-17 11:33:07,938 - DEBUG - > PING 4d 5c fa 5b [binary, 4 bytes]
2023-04-17 11:33:07,946 - DEBUG - < PONG 4d 5c fa 5b [binary, 4 bytes]
2023-04-17 11:33:07,950 - DEBUG - % received keepalive pong
2023-04-17 11:33:14,726 - DEBUG - % sending keepalive ping
2023-04-17 11:33:14,726 - DEBUG - > PING 94 55 fa 6f [binary, 4 bytes]
2023-04-17 11:33:14,734 - DEBUG - < PONG 94 55 fa 6f [binary, 4 bytes]
2023-04-17 11:33:14,737 - DEBUG - % received keepalive pong
2023-04-17 11:33:25,981 - DEBUG - % sending keepalive ping
2023-04-17 11:33:25,981 - DEBUG - > PING a7 b7 d3 18 [binary, 4 bytes]
2023-04-17 11:33:25,989 - DEBUG - < PONG a7 b7 d3 18 [binary, 4 bytes]
2023-04-17 11:33:25,992 - DEBUG - % received keepalive pong
2023-04-17 11:33:27,950 - DEBUG - % sending keepalive ping
2023-04-17 11:33:27,950 - DEBUG - > PING 5f 78 62 aa [binary, 4 bytes]
2023-04-17 11:33:27,958 - DEBUG - < PONG 5f 78 62 aa [binary, 4 bytes]
2023-04-17 11:33:27,960 - DEBUG - % received keepalive pong
2023-04-17 11:33:34,727 - DEBUG - % sending keepalive ping
2023-04-17 11:33:34,727 - DEBUG - > PING ff 30 98 d4 [binary, 4 bytes]
2023-04-17 11:33:34,734 - DEBUG - < PONG ff 30 98 d4 [binary, 4 bytes]
2023-04-17 11:33:34,737 - DEBUG - % received keepalive pong
2023-04-17 11:33:45,977 - DEBUG - % sending keepalive ping
2023-04-17 11:33:45,977 - DEBUG - > PING 76 46 e6 1b [binary, 4 bytes]
2023-04-17 11:33:45,984 - DEBUG - < PONG 76 46 e6 1b [binary, 4 bytes]
2023-04-17 11:33:45,986 - DEBUG - % received keepalive pong
2023-04-17 11:33:47,946 - DEBUG - % sending keepalive ping
2023-04-17 11:33:47,946 - DEBUG - > PING 4f c9 76 ad [binary, 4 bytes]
2023-04-17 11:33:47,954 - DEBUG - < PONG 4f c9 76 ad [binary, 4 bytes]
2023-04-17 11:33:47,957 - DEBUG - % received keepalive pong
2023-04-17 11:33:54,727 - DEBUG - % sending keepalive ping
2023-04-17 11:33:54,727 - DEBUG - > PING 6d fc dd f7 [binary, 4 bytes]
2023-04-17 11:33:54,734 - DEBUG - < PONG 6d fc dd f7 [binary, 4 bytes]
2023-04-17 11:33:54,736 - DEBUG - % received keepalive pong
2023-04-17 11:34:05,973 - DEBUG - % sending keepalive ping
2023-04-17 11:34:05,973 - DEBUG - > PING 68 c0 8c 21 [binary, 4 bytes]
2023-04-17 11:34:05,980 - DEBUG - < PONG 68 c0 8c 21 [binary, 4 bytes]
2023-04-17 11:34:05,983 - DEBUG - % received keepalive pong
2023-04-17 11:34:07,942 - DEBUG - % sending keepalive ping
2023-04-17 11:34:07,942 - DEBUG - > PING '\u06f0iV' [text, 4 bytes]
2023-04-17 11:34:07,954 - DEBUG - < PONG '\u06f0iV' [text, 4 bytes]
2023-04-17 11:34:07,960 - DEBUG - % received keepalive pong
2023-04-17 11:34:14,725 - DEBUG - % sending keepalive ping
2023-04-17 11:34:14,725 - DEBUG - > PING 93 f0 ef d1 [binary, 4 bytes]
2023-04-17 11:34:14,745 - DEBUG - < PONG 93 f0 ef d1 [binary, 4 bytes]
2023-04-17 11:34:14,749 - DEBUG - % received keepalive pong
2023-04-17 11:34:25,969 - DEBUG - % sending keepalive ping
2023-04-17 11:34:25,969 - DEBUG - > PING 'u\x1fw\x00' [text, 4 bytes]
2023-04-17 11:34:25,980 - DEBUG - < PONG 'u\x1fw\x00' [text, 4 bytes]
2023-04-17 11:34:25,984 - DEBUG - % received keepalive pong
2023-04-17 11:34:27,946 - DEBUG - % sending keepalive ping
2023-04-17 11:34:27,946 - DEBUG - > PING 56 d7 01 06 [binary, 4 bytes]
2023-04-17 11:34:27,955 - DEBUG - < PONG 56 d7 01 06 [binary, 4 bytes]
2023-04-17 11:34:27,957 - DEBUG - % received keepalive pong
2023-04-17 11:34:34,746 - DEBUG - % sending keepalive ping
2023-04-17 11:34:34,747 - DEBUG - > PING 5a 02 ae 52 [binary, 4 bytes]
2023-04-17 11:34:34,753 - DEBUG - < PONG 5a 02 ae 52 [binary, 4 bytes]
2023-04-17 11:34:34,755 - DEBUG - % received keepalive pong
2023-04-17 11:34:45,971 - DEBUG - % sending keepalive ping
2023-04-17 11:34:45,971 - DEBUG - > PING 19 ac de 71 [binary, 4 bytes]
2023-04-17 11:34:45,980 - DEBUG - < PONG 19 ac de 71 [binary, 4 bytes]
2023-04-17 11:34:45,982 - DEBUG - % received keepalive pong
2023-04-17 11:34:47,947 - DEBUG - % sending keepalive ping
2023-04-17 11:34:47,947 - DEBUG - > PING e3 c0 8b 03 [binary, 4 bytes]
2023-04-17 11:34:47,955 - DEBUG - < PONG e3 c0 8b 03 [binary, 4 bytes]
2023-04-17 11:34:47,958 - DEBUG - % received keepalive pong
2023-04-17 11:34:54,747 - DEBUG - % sending keepalive ping
2023-04-17 11:34:54,748 - DEBUG - > PING 84 bf ab 38 [binary, 4 bytes]
2023-04-17 11:34:54,754 - DEBUG - < PONG 84 bf ab 38 [binary, 4 bytes]
2023-04-17 11:34:54,758 - DEBUG - % received keepalive pong
2023-04-17 11:35:05,980 - DEBUG - % sending keepalive ping
2023-04-17 11:35:05,980 - DEBUG - > PING ba 8a 99 6b [binary, 4 bytes]
2023-04-17 11:35:05,988 - DEBUG - < PONG ba 8a 99 6b [binary, 4 bytes]
2023-04-17 11:35:05,990 - DEBUG - % received keepalive pong
2023-04-17 11:35:07,936 - DEBUG - % sending keepalive ping
2023-04-17 11:35:07,936 - DEBUG - > PING e2 18 e1 bd [binary, 4 bytes]
2023-04-17 11:35:07,981 - DEBUG - < PONG e2 18 e1 bd [binary, 4 bytes]
2023-04-17 11:35:07,986 - DEBUG - % received keepalive pong
2023-04-17 11:35:14,761 - DEBUG - % sending keepalive ping
2023-04-17 11:35:14,761 - DEBUG - > PING f0 bd 3b c1 [binary, 4 bytes]
2023-04-17 11:35:14,769 - DEBUG - < PONG f0 bd 3b c1 [binary, 4 bytes]
2023-04-17 11:35:14,772 - DEBUG - % received keepalive pong
2023-04-17 11:35:25,976 - DEBUG - % sending keepalive ping
2023-04-17 11:35:25,976 - DEBUG - > PING 7a 9b 4e ec [binary, 4 bytes]
2023-04-17 11:35:25,986 - DEBUG - < PONG 7a 9b 4e ec [binary, 4 bytes]
2023-04-17 11:35:25,989 - DEBUG - % received keepalive pong
2023-04-17 11:35:27,966 - DEBUG - % sending keepalive ping
2023-04-17 11:35:27,967 - DEBUG - > PING 75 99 42 01 [binary, 4 bytes]
2023-04-17 11:35:27,974 - DEBUG - < PONG 75 99 42 01 [binary, 4 bytes]
2023-04-17 11:35:27,976 - DEBUG - % received keepalive pong
2023-04-17 11:35:34,777 - DEBUG - % sending keepalive ping
2023-04-17 11:35:34,778 - DEBUG - > PING d7 cb 47 25 [binary, 4 bytes]
2023-04-17 11:35:34,788 - DEBUG - < PONG d7 cb 47 25 [binary, 4 bytes]
2023-04-17 11:35:34,791 - DEBUG - % received keepalive pong
2023-04-17 11:35:45,968 - DEBUG - % sending keepalive ping
2023-04-17 11:35:45,968 - DEBUG - > PING 10 3b 89 10 [binary, 4 bytes]
2023-04-17 11:35:45,976 - DEBUG - < PONG 10 3b 89 10 [binary, 4 bytes]
2023-04-17 11:35:45,981 - DEBUG - % received keepalive pong
2023-04-17 11:35:47,979 - DEBUG - % sending keepalive ping
2023-04-17 11:35:47,980 - DEBUG - > PING e2 28 a8 fb [binary, 4 bytes]
2023-04-17 11:35:47,987 - DEBUG - < PONG e2 28 a8 fb [binary, 4 bytes]
2023-04-17 11:35:47,989 - DEBUG - % received keepalive pong
2023-04-17 11:35:54,768 - DEBUG - % sending keepalive ping
2023-04-17 11:35:54,768 - DEBUG - > PING 57 03 3a 96 [binary, 4 bytes]
2023-04-17 11:35:54,775 - DEBUG - < PONG 57 03 3a 96 [binary, 4 bytes]
2023-04-17 11:35:54,784 - DEBUG - % received keepalive pong
2023-04-17 11:36:05,978 - DEBUG - % sending keepalive ping
2023-04-17 11:36:05,978 - DEBUG - > PING '\rC\x145' [text, 4 bytes]
2023-04-17 11:36:05,986 - DEBUG - < PONG '\rC\x145' [text, 4 bytes]
2023-04-17 11:36:05,988 - DEBUG - % received keepalive pong
2023-04-17 11:36:07,971 - DEBUG - % sending keepalive ping
2023-04-17 11:36:07,971 - DEBUG - > PING 09 e4 e5 79 [binary, 4 bytes]
2023-04-17 11:36:08,033 - DEBUG - < PONG 09 e4 e5 79 [binary, 4 bytes]
2023-04-17 11:36:08,036 - DEBUG - % received keepalive pong
2023-04-17 11:36:14,764 - DEBUG - % sending keepalive ping
2023-04-17 11:36:14,764 - DEBUG - > PING a4 26 c3 6e [binary, 4 bytes]
2023-04-17 11:36:14,771 - DEBUG - < PONG a4 26 c3 6e [binary, 4 bytes]
2023-04-17 11:36:14,773 - DEBUG - % received keepalive pong
2023-04-17 11:36:25,975 - DEBUG - % sending keepalive ping
2023-04-17 11:36:25,975 - DEBUG - > PING fa 84 9d 05 [binary, 4 bytes]
2023-04-17 11:36:25,982 - DEBUG - < PONG fa 84 9d 05 [binary, 4 bytes]
2023-04-17 11:36:25,985 - DEBUG - % received keepalive pong
2023-04-17 11:36:28,028 - DEBUG - % sending keepalive ping
2023-04-17 11:36:28,028 - DEBUG - > PING 17 48 bf 96 [binary, 4 bytes]
2023-04-17 11:36:28,036 - DEBUG - < PONG 17 48 bf 96 [binary, 4 bytes]
2023-04-17 11:36:28,037 - DEBUG - % received keepalive pong
2023-04-17 11:36:34,775 - DEBUG - % sending keepalive ping
2023-04-17 11:36:34,775 - DEBUG - > PING 's9\x1bQ' [text, 4 bytes]
2023-04-17 11:36:34,783 - DEBUG - < PONG 's9\x1bQ' [text, 4 bytes]
2023-04-17 11:36:34,786 - DEBUG - % received keepalive pong
2023-04-17 11:36:45,975 - DEBUG - % sending keepalive ping
2023-04-17 11:36:45,975 - DEBUG - > PING 82 30 a0 5e [binary, 4 bytes]
2023-04-17 11:36:45,982 - DEBUG - < PONG 82 30 a0 5e [binary, 4 bytes]
2023-04-17 11:36:45,985 - DEBUG - % received keepalive pong
2023-04-17 11:36:48,027 - DEBUG - % sending keepalive ping
2023-04-17 11:36:48,028 - DEBUG - > PING 01 14 fe d7 [binary, 4 bytes]
2023-04-17 11:36:48,035 - DEBUG - < PONG 01 14 fe d7 [binary, 4 bytes]
2023-04-17 11:36:48,037 - DEBUG - % received keepalive pong
2023-04-17 11:36:54,768 - DEBUG - % sending keepalive ping
2023-04-17 11:36:54,768 - DEBUG - > PING 25 ea 01 7b [binary, 4 bytes]
2023-04-17 11:36:54,777 - DEBUG - < PONG 25 ea 01 7b [binary, 4 bytes]
2023-04-17 11:36:54,780 - DEBUG - % received keepalive pong
2023-04-17 11:37:05,969 - DEBUG - % sending keepalive ping
2023-04-17 11:37:05,969 - DEBUG - > PING f7 51 42 82 [binary, 4 bytes]
2023-04-17 11:37:05,977 - DEBUG - < PONG f7 51 42 82 [binary, 4 bytes]
2023-04-17 11:37:05,979 - DEBUG - % received keepalive pong
2023-04-17 11:37:08,020 - DEBUG - % sending keepalive ping
2023-04-17 11:37:08,020 - DEBUG - > PING a7 8c 97 01 [binary, 4 bytes]
2023-04-17 11:37:08,028 - DEBUG - < PONG a7 8c 97 01 [binary, 4 bytes]
2023-04-17 11:37:08,031 - DEBUG - % received keepalive pong
2023-04-17 11:37:14,769 - DEBUG - % sending keepalive ping
2023-04-17 11:37:14,769 - DEBUG - > PING '},QO' [text, 4 bytes]
2023-04-17 11:37:14,778 - DEBUG - < PONG '},QO' [text, 4 bytes]
2023-04-17 11:37:14,781 - DEBUG - % received keepalive pong
2023-04-17 11:37:25,971 - DEBUG - % sending keepalive ping
2023-04-17 11:37:25,971 - DEBUG - > PING e2 f2 46 09 [binary, 4 bytes]
2023-04-17 11:37:25,979 - DEBUG - < PONG e2 f2 46 09 [binary, 4 bytes]
2023-04-17 11:37:25,981 - DEBUG - % received keepalive pong
2023-04-17 11:37:28,025 - DEBUG - % sending keepalive ping
2023-04-17 11:37:28,025 - DEBUG - > PING ec 97 5e 08 [binary, 4 bytes]
2023-04-17 11:37:28,033 - DEBUG - < PONG ec 97 5e 08 [binary, 4 bytes]
2023-04-17 11:37:28,036 - DEBUG - % received keepalive pong
2023-04-17 11:37:34,773 - DEBUG - % sending keepalive ping
2023-04-17 11:37:34,774 - DEBUG - > PING 'zwZn' [text, 4 bytes]
2023-04-17 11:37:34,784 - DEBUG - < PONG 'zwZn' [text, 4 bytes]
2023-04-17 11:37:34,786 - DEBUG - % received keepalive pong
2023-04-17 11:37:45,978 - DEBUG - % sending keepalive ping
2023-04-17 11:37:45,978 - DEBUG - > PING 52 90 46 a6 [binary, 4 bytes]
2023-04-17 11:37:45,986 - DEBUG - < PONG 52 90 46 a6 [binary, 4 bytes]
2023-04-17 11:37:45,989 - DEBUG - % received keepalive pong
2023-04-17 11:37:48,013 - DEBUG - % sending keepalive ping
2023-04-17 11:37:48,013 - DEBUG - > PING 95 d3 a4 77 [binary, 4 bytes]
2023-04-17 11:37:48,021 - DEBUG - < PONG 95 d3 a4 77 [binary, 4 bytes]
2023-04-17 11:37:48,024 - DEBUG - % received keepalive pong
2023-04-17 11:37:54,763 - DEBUG - % sending keepalive ping
2023-04-17 11:37:54,763 - DEBUG - > PING 4d aa ba 18 [binary, 4 bytes]
2023-04-17 11:37:54,774 - DEBUG - < PONG 4d aa ba 18 [binary, 4 bytes]
2023-04-17 11:37:54,776 - DEBUG - % received keepalive pong
2023-04-17 11:38:05,978 - DEBUG - % sending keepalive ping
2023-04-17 11:38:05,978 - DEBUG - > PING bf a7 1a 9d [binary, 4 bytes]
2023-04-17 11:38:05,990 - DEBUG - < PONG bf a7 1a 9d [binary, 4 bytes]
2023-04-17 11:38:05,995 - DEBUG - % received keepalive pong
2023-04-17 11:38:08,014 - DEBUG - % sending keepalive ping
2023-04-17 11:38:08,014 - DEBUG - > PING c8 07 63 17 [binary, 4 bytes]
2023-04-17 11:38:08,022 - DEBUG - < PONG c8 07 63 17 [binary, 4 bytes]
2023-04-17 11:38:08,025 - DEBUG - % received keepalive pong
2023-04-17 11:38:14,772 - DEBUG - % sending keepalive ping
2023-04-17 11:38:14,773 - DEBUG - > PING ca 5e 65 99 [binary, 4 bytes]
2023-04-17 11:38:14,781 - DEBUG - < PONG ca 5e 65 99 [binary, 4 bytes]
2023-04-17 11:38:14,783 - DEBUG - % received keepalive pong
2023-04-17 11:38:25,976 - DEBUG - % sending keepalive ping
2023-04-17 11:38:25,976 - DEBUG - > PING 61 16 43 bd [binary, 4 bytes]
2023-04-17 11:38:25,984 - DEBUG - < PONG 61 16 43 bd [binary, 4 bytes]
2023-04-17 11:38:25,987 - DEBUG - % received keepalive pong
2023-04-17 11:38:28,016 - DEBUG - % sending keepalive ping
2023-04-17 11:38:28,016 - DEBUG - > PING 2e 17 b2 62 [binary, 4 bytes]
2023-04-17 11:38:28,024 - DEBUG - < PONG 2e 17 b2 62 [binary, 4 bytes]
2023-04-17 11:38:28,027 - DEBUG - % received keepalive pong
2023-04-17 11:38:34,773 - DEBUG - % sending keepalive ping
2023-04-17 11:38:34,773 - DEBUG - > PING af 6d c5 33 [binary, 4 bytes]
2023-04-17 11:38:34,779 - DEBUG - < PONG af 6d c5 33 [binary, 4 bytes]
2023-04-17 11:38:34,782 - DEBUG - % received keepalive pong
2023-04-17 11:38:45,975 - DEBUG - % sending keepalive ping
2023-04-17 11:38:45,975 - DEBUG - > PING 4f 1c 48 b4 [binary, 4 bytes]
2023-04-17 11:38:45,982 - DEBUG - < PONG 4f 1c 48 b4 [binary, 4 bytes]
2023-04-17 11:38:45,984 - DEBUG - % received keepalive pong
2023-04-17 11:38:48,022 - DEBUG - % sending keepalive ping
2023-04-17 11:38:48,022 - DEBUG - > PING 92 e7 d6 8e [binary, 4 bytes]
2023-04-17 11:38:48,031 - DEBUG - < PONG 92 e7 d6 8e [binary, 4 bytes]
2023-04-17 11:38:48,033 - DEBUG - % received keepalive pong
2023-04-17 11:38:54,769 - DEBUG - % sending keepalive ping
2023-04-17 11:38:54,769 - DEBUG - > PING b1 68 9a aa [binary, 4 bytes]
2023-04-17 11:38:54,776 - DEBUG - < PONG b1 68 9a aa [binary, 4 bytes]
2023-04-17 11:38:54,779 - DEBUG - % received keepalive pong
2023-04-17 11:39:05,965 - DEBUG - % sending keepalive ping
2023-04-17 11:39:05,965 - DEBUG - > PING 6c c5 7b 83 [binary, 4 bytes]
2023-04-17 11:39:05,973 - DEBUG - < PONG 6c c5 7b 83 [binary, 4 bytes]
2023-04-17 11:39:05,975 - DEBUG - % received keepalive pong
2023-04-17 11:39:08,022 - DEBUG - % sending keepalive ping
2023-04-17 11:39:08,022 - DEBUG - > PING ' \x10Ta' [text, 4 bytes]
2023-04-17 11:39:08,031 - DEBUG - < PONG ' \x10Ta' [text, 4 bytes]
2023-04-17 11:39:08,034 - DEBUG - % received keepalive pong
2023-04-17 11:39:14,761 - DEBUG - % sending keepalive ping
2023-04-17 11:39:14,762 - DEBUG - > PING 76 27 64 8e [binary, 4 bytes]
2023-04-17 11:39:14,768 - DEBUG - < PONG 76 27 64 8e [binary, 4 bytes]
2023-04-17 11:39:14,771 - DEBUG - % received keepalive pong
2023-04-17 11:39:25,977 - DEBUG - % sending keepalive ping
2023-04-17 11:39:25,977 - DEBUG - > PING 48 6b f1 79 [binary, 4 bytes]
2023-04-17 11:39:25,985 - DEBUG - < PONG 48 6b f1 79 [binary, 4 bytes]
2023-04-17 11:39:25,989 - DEBUG - % received keepalive pong
2023-04-17 11:39:28,018 - DEBUG - % sending keepalive ping
2023-04-17 11:39:28,019 - DEBUG - > PING 16 0e 0c 94 [binary, 4 bytes]
2023-04-17 11:39:28,027 - DEBUG - < PONG 16 0e 0c 94 [binary, 4 bytes]
2023-04-17 11:39:28,035 - DEBUG - % received keepalive pong
2023-04-17 11:39:34,764 - DEBUG - % sending keepalive ping
2023-04-17 11:39:34,765 - DEBUG - > PING 3f 70 72 d7 [binary, 4 bytes]
2023-04-17 11:39:34,771 - DEBUG - < PONG 3f 70 72 d7 [binary, 4 bytes]
2023-04-17 11:39:34,772 - DEBUG - % received keepalive pong
2023-04-17 11:39:45,970 - DEBUG - % sending keepalive ping
2023-04-17 11:39:45,970 - DEBUG - > PING fe 71 59 8b [binary, 4 bytes]
2023-04-17 11:39:45,978 - DEBUG - < PONG fe 71 59 8b [binary, 4 bytes]
2023-04-17 11:39:45,981 - DEBUG - % received keepalive pong
2023-04-17 11:39:48,022 - DEBUG - % sending keepalive ping
2023-04-17 11:39:48,022 - DEBUG - > PING 9f dd 95 66 [binary, 4 bytes]
2023-04-17 11:39:48,030 - DEBUG - < PONG 9f dd 95 66 [binary, 4 bytes]
2023-04-17 11:39:48,034 - DEBUG - % received keepalive pong
2023-04-17 11:39:54,772 - DEBUG - % sending keepalive ping
2023-04-17 11:39:54,772 - DEBUG - > PING e2 1f c9 6e [binary, 4 bytes]
2023-04-17 11:39:54,779 - DEBUG - < PONG e2 1f c9 6e [binary, 4 bytes]
2023-04-17 11:39:54,781 - DEBUG - % received keepalive pong
2023-04-17 11:40:05,968 - DEBUG - % sending keepalive ping
2023-04-17 11:40:05,968 - DEBUG - > PING 23 ee 33 fa [binary, 4 bytes]
2023-04-17 11:40:05,975 - DEBUG - < PONG 23 ee 33 fa [binary, 4 bytes]
2023-04-17 11:40:05,977 - DEBUG - % received keepalive pong
2023-04-17 11:40:08,020 - DEBUG - % sending keepalive ping
2023-04-17 11:40:08,020 - DEBUG - > PING 9b 86 f6 fd [binary, 4 bytes]
2023-04-17 11:40:08,028 - DEBUG - < PONG 9b 86 f6 fd [binary, 4 bytes]
2023-04-17 11:40:08,030 - DEBUG - % received keepalive pong
2023-04-17 11:40:14,769 - DEBUG - % sending keepalive ping
2023-04-17 11:40:14,769 - DEBUG - > PING 64 b2 06 51 [binary, 4 bytes]
2023-04-17 11:40:14,783 - DEBUG - < PONG 64 b2 06 51 [binary, 4 bytes]
2023-04-17 11:40:14,786 - DEBUG - % received keepalive pong
2023-04-17 11:40:25,975 - DEBUG - % sending keepalive ping
2023-04-17 11:40:25,975 - DEBUG - > PING c4 57 82 a6 [binary, 4 bytes]
2023-04-17 11:40:25,983 - DEBUG - < PONG c4 57 82 a6 [binary, 4 bytes]
2023-04-17 11:40:25,986 - DEBUG - % received keepalive pong
2023-04-17 11:40:28,019 - DEBUG - % sending keepalive ping
2023-04-17 11:40:28,020 - DEBUG - > PING bf bc c3 de [binary, 4 bytes]
2023-04-17 11:40:28,028 - DEBUG - < PONG bf bc c3 de [binary, 4 bytes]
2023-04-17 11:40:28,032 - DEBUG - % received keepalive pong
2023-04-17 11:40:34,775 - DEBUG - % sending keepalive ping
2023-04-17 11:40:34,775 - DEBUG - > PING fe 96 e7 e2 [binary, 4 bytes]
2023-04-17 11:40:34,785 - DEBUG - < PONG fe 96 e7 e2 [binary, 4 bytes]
2023-04-17 11:40:34,787 - DEBUG - % received keepalive pong
2023-04-17 11:40:45,975 - DEBUG - % sending keepalive ping
2023-04-17 11:40:45,975 - DEBUG - > PING 11 74 ec cc [binary, 4 bytes]
2023-04-17 11:40:45,987 - DEBUG - < PONG 11 74 ec cc [binary, 4 bytes]
2023-04-17 11:40:45,991 - DEBUG - % received keepalive pong
2023-04-17 11:40:48,016 - DEBUG - % sending keepalive ping
2023-04-17 11:40:48,017 - DEBUG - > PING 05 4b 82 26 [binary, 4 bytes]
2023-04-17 11:40:48,025 - DEBUG - < PONG 05 4b 82 26 [binary, 4 bytes]
2023-04-17 11:40:48,027 - DEBUG - % received keepalive pong
2023-04-17 11:40:54,775 - DEBUG - % sending keepalive ping
2023-04-17 11:40:54,776 - DEBUG - > PING 71 81 8c 8b [binary, 4 bytes]
2023-04-17 11:40:54,782 - DEBUG - < PONG 71 81 8c 8b [binary, 4 bytes]
2023-04-17 11:40:54,785 - DEBUG - % received keepalive pong
2023-04-17 11:41:05,976 - DEBUG - % sending keepalive ping
2023-04-17 11:41:05,976 - DEBUG - > PING b7 6a 88 16 [binary, 4 bytes]
2023-04-17 11:41:05,983 - DEBUG - < PONG b7 6a 88 16 [binary, 4 bytes]
2023-04-17 11:41:05,987 - DEBUG - % received keepalive pong
2023-04-17 11:41:08,019 - DEBUG - % sending keepalive ping
2023-04-17 11:41:08,019 - DEBUG - > PING 57 aa 20 92 [binary, 4 bytes]
2023-04-17 11:41:08,030 - DEBUG - < PONG 57 aa 20 92 [binary, 4 bytes]
2023-04-17 11:41:08,032 - DEBUG - % received keepalive pong
2023-04-17 11:41:14,773 - DEBUG - % sending keepalive ping
2023-04-17 11:41:14,773 - DEBUG - > PING 62 be f3 4b [binary, 4 bytes]
2023-04-17 11:41:14,783 - DEBUG - < PONG 62 be f3 4b [binary, 4 bytes]
2023-04-17 11:41:14,785 - DEBUG - % received keepalive pong
2023-04-17 11:41:25,973 - DEBUG - % sending keepalive ping
2023-04-17 11:41:25,973 - DEBUG - > PING 96 9e 86 a0 [binary, 4 bytes]
2023-04-17 11:41:25,980 - DEBUG - < PONG 96 9e 86 a0 [binary, 4 bytes]
2023-04-17 11:41:25,984 - DEBUG - % received keepalive pong
2023-04-17 11:41:28,013 - DEBUG - % sending keepalive ping
2023-04-17 11:41:28,014 - DEBUG - > PING b8 56 de e6 [binary, 4 bytes]
2023-04-17 11:41:28,033 - DEBUG - < PONG b8 56 de e6 [binary, 4 bytes]
2023-04-17 11:41:28,036 - DEBUG - % received keepalive pong
2023-04-17 11:41:34,769 - DEBUG - % sending keepalive ping
2023-04-17 11:41:34,769 - DEBUG - > PING 35 6d e7 5f [binary, 4 bytes]
2023-04-17 11:41:34,776 - DEBUG - < PONG 35 6d e7 5f [binary, 4 bytes]
2023-04-17 11:41:34,779 - DEBUG - % received keepalive pong
2023-04-17 11:41:45,970 - DEBUG - % sending keepalive ping
2023-04-17 11:41:45,971 - DEBUG - > PING 1d 10 ab 65 [binary, 4 bytes]
2023-04-17 11:41:45,978 - DEBUG - < PONG 1d 10 ab 65 [binary, 4 bytes]
2023-04-17 11:41:45,980 - DEBUG - % received keepalive pong
2023-04-17 11:41:48,013 - DEBUG - % sending keepalive ping
2023-04-17 11:41:48,013 - DEBUG - > PING aa 79 25 1a [binary, 4 bytes]
2023-04-17 11:41:48,021 - DEBUG - < PONG aa 79 25 1a [binary, 4 bytes]
2023-04-17 11:41:48,024 - DEBUG - % received keepalive pong
2023-04-17 11:41:54,763 - DEBUG - % sending keepalive ping
2023-04-17 11:41:54,763 - DEBUG - > PING f8 36 b1 9a [binary, 4 bytes]
2023-04-17 11:41:54,785 - DEBUG - < PONG f8 36 b1 9a [binary, 4 bytes]
2023-04-17 11:41:54,787 - DEBUG - % received keepalive pong
2023-04-17 11:42:05,965 - DEBUG - % sending keepalive ping
2023-04-17 11:42:05,965 - DEBUG - > PING 43 07 fe 4e [binary, 4 bytes]
2023-04-17 11:42:05,979 - DEBUG - < PONG 43 07 fe 4e [binary, 4 bytes]
2023-04-17 11:42:05,983 - DEBUG - % received keepalive pong
2023-04-17 11:42:08,017 - DEBUG - % sending keepalive ping
2023-04-17 11:42:08,017 - DEBUG - > PING 5c f1 92 8c [binary, 4 bytes]
2023-04-17 11:42:08,026 - DEBUG - < PONG 5c f1 92 8c [binary, 4 bytes]
2023-04-17 11:42:08,029 - DEBUG - % received keepalive pong
2023-04-17 11:42:14,766 - DEBUG - % sending keepalive ping
2023-04-17 11:42:14,766 - DEBUG - > PING 96 ec 00 f6 [binary, 4 bytes]
2023-04-17 11:42:14,773 - DEBUG - < PONG 96 ec 00 f6 [binary, 4 bytes]
2023-04-17 11:42:14,775 - DEBUG - % received keepalive pong
2023-04-17 11:42:25,970 - DEBUG - % sending keepalive ping
2023-04-17 11:42:25,971 - DEBUG - > PING e1 9f 9c ad [binary, 4 bytes]
2023-04-17 11:42:25,978 - DEBUG - < PONG e1 9f 9c ad [binary, 4 bytes]
2023-04-17 11:42:25,980 - DEBUG - % received keepalive pong
2023-04-17 11:42:28,016 - DEBUG - % sending keepalive ping
2023-04-17 11:42:28,017 - DEBUG - > PING d3 64 21 06 [binary, 4 bytes]
2023-04-17 11:42:28,026 - DEBUG - < PONG d3 64 21 06 [binary, 4 bytes]
2023-04-17 11:42:28,030 - DEBUG - % received keepalive pong
2023-04-17 11:42:34,774 - DEBUG - % sending keepalive ping
2023-04-17 11:42:34,775 - DEBUG - > PING a8 8d 43 c5 [binary, 4 bytes]
2023-04-17 11:42:34,791 - DEBUG - < PONG a8 8d 43 c5 [binary, 4 bytes]
2023-04-17 11:42:34,799 - DEBUG - % received keepalive pong
2023-04-17 11:42:45,972 - DEBUG - % sending keepalive ping
2023-04-17 11:42:45,972 - DEBUG - > PING 2c e7 2c b7 [binary, 4 bytes]
2023-04-17 11:42:46,001 - DEBUG - < PONG 2c e7 2c b7 [binary, 4 bytes]
2023-04-17 11:42:46,004 - DEBUG - % received keepalive pong
2023-04-17 11:42:48,022 - DEBUG - % sending keepalive ping
2023-04-17 11:42:48,022 - DEBUG - > PING 6f a8 69 96 [binary, 4 bytes]
2023-04-17 11:42:48,030 - DEBUG - < PONG 6f a8 69 96 [binary, 4 bytes]
2023-04-17 11:42:48,032 - DEBUG - % received keepalive pong
2023-04-17 11:42:54,806 - DEBUG - % sending keepalive ping
2023-04-17 11:42:54,806 - DEBUG - > PING 'ChnF' [text, 4 bytes]
2023-04-17 11:42:54,814 - DEBUG - < PONG 'ChnF' [text, 4 bytes]
2023-04-17 11:42:54,816 - DEBUG - % received keepalive pong
2023-04-17 11:43:06,004 - DEBUG - % sending keepalive ping
2023-04-17 11:43:06,004 - DEBUG - > PING 59 16 34 80 [binary, 4 bytes]
2023-04-17 11:43:06,012 - DEBUG - < PONG 59 16 34 80 [binary, 4 bytes]
2023-04-17 11:43:06,014 - DEBUG - % received keepalive pong
2023-04-17 11:43:08,025 - DEBUG - % sending keepalive ping
2023-04-17 11:43:08,026 - DEBUG - > PING a9 59 8e 92 [binary, 4 bytes]
2023-04-17 11:43:08,034 - DEBUG - < PONG a9 59 8e 92 [binary, 4 bytes]
2023-04-17 11:43:08,036 - DEBUG - % received keepalive pong
2023-04-17 11:43:14,823 - DEBUG - % sending keepalive ping
2023-04-17 11:43:14,823 - DEBUG - > PING 4d 8b 94 0c [binary, 4 bytes]
2023-04-17 11:43:14,830 - DEBUG - < PONG 4d 8b 94 0c [binary, 4 bytes]
2023-04-17 11:43:14,832 - DEBUG - % received keepalive pong
2023-04-17 11:43:26,024 - DEBUG - % sending keepalive ping
2023-04-17 11:43:26,024 - DEBUG - > PING 7b 26 30 c2 [binary, 4 bytes]
2023-04-17 11:43:26,032 - DEBUG - < PONG 7b 26 30 c2 [binary, 4 bytes]
2023-04-17 11:43:26,035 - DEBUG - % received keepalive pong
2023-04-17 11:43:28,015 - DEBUG - % sending keepalive ping
2023-04-17 11:43:28,015 - DEBUG - > PING b1 76 e7 c5 [binary, 4 bytes]
2023-04-17 11:43:28,023 - DEBUG - < PONG b1 76 e7 c5 [binary, 4 bytes]
2023-04-17 11:43:28,027 - DEBUG - % received keepalive pong
2023-04-17 11:43:34,814 - DEBUG - % sending keepalive ping
2023-04-17 11:43:34,815 - DEBUG - > PING e8 78 94 f7 [binary, 4 bytes]
2023-04-17 11:43:34,821 - DEBUG - < PONG e8 78 94 f7 [binary, 4 bytes]
2023-04-17 11:43:34,825 - DEBUG - % received keepalive pong
2023-04-17 11:43:46,022 - DEBUG - % sending keepalive ping
2023-04-17 11:43:46,022 - DEBUG - > PING e9 fa 8f e0 [binary, 4 bytes]
2023-04-17 11:43:46,030 - DEBUG - < PONG e9 fa 8f e0 [binary, 4 bytes]
2023-04-17 11:43:46,033 - DEBUG - % received keepalive pong
2023-04-17 11:43:48,016 - DEBUG - % sending keepalive ping
2023-04-17 11:43:48,016 - DEBUG - > PING 53 3a ae 18 [binary, 4 bytes]
2023-04-17 11:43:48,027 - DEBUG - < PONG 53 3a ae 18 [binary, 4 bytes]
2023-04-17 11:43:48,030 - DEBUG - % received keepalive pong
2023-04-17 11:43:54,823 - DEBUG - % sending keepalive ping
2023-04-17 11:43:54,823 - DEBUG - > PING 28 2c 82 ec [binary, 4 bytes]
2023-04-17 11:43:54,835 - DEBUG - < PONG 28 2c 82 ec [binary, 4 bytes]
2023-04-17 11:43:54,839 - DEBUG - % received keepalive pong
2023-04-17 11:44:06,022 - DEBUG - % sending keepalive ping
2023-04-17 11:44:06,022 - DEBUG - > PING 53 a7 b5 08 [binary, 4 bytes]
2023-04-17 11:44:06,030 - DEBUG - < PONG 53 a7 b5 08 [binary, 4 bytes]
2023-04-17 11:44:06,033 - DEBUG - % received keepalive pong
2023-04-17 11:44:08,020 - DEBUG - % sending keepalive ping
2023-04-17 11:44:08,020 - DEBUG - > PING 2a bb d5 83 [binary, 4 bytes]
2023-04-17 11:44:08,028 - DEBUG - < PONG 2a bb d5 83 [binary, 4 bytes]
2023-04-17 11:44:08,031 - DEBUG - % received keepalive pong
2023-04-17 11:44:14,851 - DEBUG - % sending keepalive ping
2023-04-17 11:44:14,852 - DEBUG - > PING fb 08 ee 15 [binary, 4 bytes]
2023-04-17 11:44:14,858 - DEBUG - < PONG fb 08 ee 15 [binary, 4 bytes]
2023-04-17 11:44:14,861 - DEBUG - % received keepalive pong
2023-04-17 11:44:26,027 - DEBUG - % sending keepalive ping
2023-04-17 11:44:26,027 - DEBUG - > PING 'pC.T' [text, 4 bytes]
2023-04-17 11:44:26,036 - DEBUG - < PONG 'pC.T' [text, 4 bytes]
2023-04-17 11:44:26,040 - DEBUG - % received keepalive pong
2023-04-17 11:44:28,015 - DEBUG - % sending keepalive ping
2023-04-17 11:44:28,015 - DEBUG - > PING a2 66 39 81 [binary, 4 bytes]
2023-04-17 11:44:28,024 - DEBUG - < PONG a2 66 39 81 [binary, 4 bytes]
2023-04-17 11:44:28,026 - DEBUG - % received keepalive pong
2023-04-17 11:44:34,853 - DEBUG - % sending keepalive ping
2023-04-17 11:44:34,853 - DEBUG - > PING 10 81 18 74 [binary, 4 bytes]
2023-04-17 11:44:34,866 - DEBUG - < PONG 10 81 18 74 [binary, 4 bytes]
2023-04-17 11:44:34,870 - DEBUG - % received keepalive pong
2023-04-17 11:44:46,025 - DEBUG - % sending keepalive ping
2023-04-17 11:44:46,026 - DEBUG - > PING 0d b8 e9 e5 [binary, 4 bytes]
2023-04-17 11:44:46,033 - DEBUG - < PONG 0d b8 e9 e5 [binary, 4 bytes]
2023-04-17 11:44:46,035 - DEBUG - % received keepalive pong
2023-04-17 11:44:48,018 - DEBUG - % sending keepalive ping
2023-04-17 11:44:48,018 - DEBUG - > PING 3c 87 d1 da [binary, 4 bytes]
2023-04-17 11:44:48,026 - DEBUG - < PONG 3c 87 d1 da [binary, 4 bytes]
2023-04-17 11:44:48,028 - DEBUG - % received keepalive pong
2023-04-17 11:44:54,879 - DEBUG - % sending keepalive ping
2023-04-17 11:44:54,879 - DEBUG - > PING aa 90 93 87 [binary, 4 bytes]
2023-04-17 11:44:54,886 - DEBUG - < PONG aa 90 93 87 [binary, 4 bytes]
2023-04-17 11:44:54,888 - DEBUG - % received keepalive pong
2023-04-17 11:45:06,017 - DEBUG - % sending keepalive ping
2023-04-17 11:45:06,018 - DEBUG - > PING 72 20 96 c8 [binary, 4 bytes]
2023-04-17 11:45:06,026 - DEBUG - < PONG 72 20 96 c8 [binary, 4 bytes]
2023-04-17 11:45:06,028 - DEBUG - % received keepalive pong
2023-04-17 11:45:08,016 - DEBUG - % sending keepalive ping
2023-04-17 11:45:08,016 - DEBUG - > PING f0 c5 c0 c9 [binary, 4 bytes]
2023-04-17 11:45:08,024 - DEBUG - < PONG f0 c5 c0 c9 [binary, 4 bytes]
2023-04-17 11:45:08,028 - DEBUG - % received keepalive pong
2023-04-17 11:45:14,889 - DEBUG - % sending keepalive ping
2023-04-17 11:45:14,889 - DEBUG - > PING 8a 19 8a cc [binary, 4 bytes]
2023-04-17 11:45:14,897 - DEBUG - < PONG 8a 19 8a cc [binary, 4 bytes]
2023-04-17 11:45:14,899 - DEBUG - % received keepalive pong
2023-04-17 11:45:26,012 - DEBUG - % sending keepalive ping
2023-04-17 11:45:26,013 - DEBUG - > PING 76 f0 8f dc [binary, 4 bytes]
2023-04-17 11:45:26,020 - DEBUG - < PONG 76 f0 8f dc [binary, 4 bytes]
2023-04-17 11:45:26,023 - DEBUG - % received keepalive pong
2023-04-17 11:45:28,026 - DEBUG - % sending keepalive ping
2023-04-17 11:45:28,026 - DEBUG - > PING 31 87 dd 44 [binary, 4 bytes]
2023-04-17 11:45:28,034 - DEBUG - < PONG 31 87 dd 44 [binary, 4 bytes]
2023-04-17 11:45:28,037 - DEBUG - % received keepalive pong
2023-04-17 11:45:34,894 - DEBUG - % sending keepalive ping
2023-04-17 11:45:34,894 - DEBUG - > PING 2e e0 f4 03 [binary, 4 bytes]
2023-04-17 11:45:34,902 - DEBUG - < PONG 2e e0 f4 03 [binary, 4 bytes]
2023-04-17 11:45:34,904 - DEBUG - % received keepalive pong
2023-04-17 11:45:46,020 - DEBUG - % sending keepalive ping
2023-04-17 11:45:46,020 - DEBUG - > PING fc c4 39 87 [binary, 4 bytes]
2023-04-17 11:45:46,028 - DEBUG - < PONG fc c4 39 87 [binary, 4 bytes]
2023-04-17 11:45:46,030 - DEBUG - % received keepalive pong
2023-04-17 11:45:48,026 - DEBUG - % sending keepalive ping
2023-04-17 11:45:48,026 - DEBUG - > PING a5 61 76 bd [binary, 4 bytes]
2023-04-17 11:45:48,036 - DEBUG - < PONG a5 61 76 bd [binary, 4 bytes]
2023-04-17 11:45:48,038 - DEBUG - % received keepalive pong
2023-04-17 11:45:54,892 - DEBUG - % sending keepalive ping
2023-04-17 11:45:54,893 - DEBUG - > PING '\u0565t@' [text, 4 bytes]
2023-04-17 11:45:54,902 - DEBUG - < PONG '\u0565t@' [text, 4 bytes]
2023-04-17 11:45:54,903 - DEBUG - % received keepalive pong
2023-04-17 11:46:06,023 - DEBUG - % sending keepalive ping
2023-04-17 11:46:06,023 - DEBUG - > PING 6b e7 62 7a [binary, 4 bytes]
2023-04-17 11:46:06,033 - DEBUG - < PONG 6b e7 62 7a [binary, 4 bytes]
2023-04-17 11:46:06,037 - DEBUG - % received keepalive pong
2023-04-17 11:46:08,021 - DEBUG - % sending keepalive ping
2023-04-17 11:46:08,021 - DEBUG - > PING 53 d3 29 c7 [binary, 4 bytes]
2023-04-17 11:46:08,029 - DEBUG - < PONG 53 d3 29 c7 [binary, 4 bytes]
2023-04-17 11:46:08,032 - DEBUG - % received keepalive pong
2023-04-17 11:46:14,902 - DEBUG - % sending keepalive ping
2023-04-17 11:46:14,903 - DEBUG - > PING "Q'G7" [text, 4 bytes]
2023-04-17 11:46:14,909 - DEBUG - < PONG "Q'G7" [text, 4 bytes]
2023-04-17 11:46:14,912 - DEBUG - % received keepalive pong
2023-04-17 11:46:26,026 - DEBUG - % sending keepalive ping
2023-04-17 11:46:26,026 - DEBUG - > PING dd 73 f5 f1 [binary, 4 bytes]
2023-04-17 11:46:26,054 - DEBUG - < PONG dd 73 f5 f1 [binary, 4 bytes]
2023-04-17 11:46:26,056 - DEBUG - % received keepalive pong
2023-04-17 11:46:28,018 - DEBUG - % sending keepalive ping
2023-04-17 11:46:28,019 - DEBUG - > PING 11 63 dc 5b [binary, 4 bytes]
2023-04-17 11:46:28,027 - DEBUG - < PONG 11 63 dc 5b [binary, 4 bytes]
2023-04-17 11:46:28,029 - DEBUG - % received keepalive pong
2023-04-17 11:46:34,887 - DEBUG - % sending keepalive ping
2023-04-17 11:46:34,887 - DEBUG - > PING e1 d9 d9 76 [binary, 4 bytes]
2023-04-17 11:46:34,894 - DEBUG - < PONG e1 d9 d9 76 [binary, 4 bytes]
2023-04-17 11:46:34,896 - DEBUG - % received keepalive pong
2023-04-17 11:46:46,047 - DEBUG - % sending keepalive ping
2023-04-17 11:46:46,047 - DEBUG - > PING 67 a1 b8 be [binary, 4 bytes]
2023-04-17 11:46:46,054 - DEBUG - < PONG 67 a1 b8 be [binary, 4 bytes]
2023-04-17 11:46:46,056 - DEBUG - % received keepalive pong
2023-04-17 11:46:48,024 - DEBUG - % sending keepalive ping
2023-04-17 11:46:48,024 - DEBUG - > PING a9 14 5a cf [binary, 4 bytes]
2023-04-17 11:46:48,032 - DEBUG - < PONG a9 14 5a cf [binary, 4 bytes]
2023-04-17 11:46:48,034 - DEBUG - % received keepalive pong
2023-04-17 11:46:54,889 - DEBUG - % sending keepalive ping
2023-04-17 11:46:54,889 - DEBUG - > PING 83 62 d9 ad [binary, 4 bytes]
2023-04-17 11:46:54,896 - DEBUG - < PONG 83 62 d9 ad [binary, 4 bytes]
2023-04-17 11:46:54,898 - DEBUG - % received keepalive pong
2023-04-17 11:47:06,047 - DEBUG - % sending keepalive ping
2023-04-17 11:47:06,048 - DEBUG - > PING 1d 03 cf 0d [binary, 4 bytes]
2023-04-17 11:47:06,056 - DEBUG - < PONG 1d 03 cf 0d [binary, 4 bytes]
2023-04-17 11:47:06,059 - DEBUG - % received keepalive pong
2023-04-17 11:47:08,025 - DEBUG - % sending keepalive ping
2023-04-17 11:47:08,025 - DEBUG - > PING 37 8e 43 4e [binary, 4 bytes]
2023-04-17 11:47:08,035 - DEBUG - < PONG 37 8e 43 4e [binary, 4 bytes]
2023-04-17 11:47:08,037 - DEBUG - % received keepalive pong
2023-04-17 11:47:14,887 - DEBUG - % sending keepalive ping
2023-04-17 11:47:14,887 - DEBUG - > PING 0e 57 1a ff [binary, 4 bytes]
2023-04-17 11:47:14,893 - DEBUG - < PONG 0e 57 1a ff [binary, 4 bytes]
2023-04-17 11:47:14,897 - DEBUG - % received keepalive pong
2023-04-17 11:47:26,064 - DEBUG - % sending keepalive ping
2023-04-17 11:47:26,064 - DEBUG - > PING 4f e4 58 00 [binary, 4 bytes]
2023-04-17 11:47:26,072 - DEBUG - < PONG 4f e4 58 00 [binary, 4 bytes]
2023-04-17 11:47:26,075 - DEBUG - % received keepalive pong
2023-04-17 11:47:28,020 - DEBUG - % sending keepalive ping
2023-04-17 11:47:28,020 - DEBUG - > PING c5 78 26 05 [binary, 4 bytes]
2023-04-17 11:47:28,029 - DEBUG - < PONG c5 78 26 05 [binary, 4 bytes]
2023-04-17 11:47:28,032 - DEBUG - % received keepalive pong
2023-04-17 11:47:34,899 - DEBUG - % sending keepalive ping
2023-04-17 11:47:34,899 - DEBUG - > PING 95 92 74 52 [binary, 4 bytes]
2023-04-17 11:47:34,907 - DEBUG - < PONG 95 92 74 52 [binary, 4 bytes]
2023-04-17 11:47:34,909 - DEBUG - % received keepalive pong
2023-04-17 11:47:46,061 - DEBUG - % sending keepalive ping
2023-04-17 11:47:46,061 - DEBUG - > PING 7e dd 2b 0b [binary, 4 bytes]
2023-04-17 11:47:46,069 - DEBUG - < PONG 7e dd 2b 0b [binary, 4 bytes]
2023-04-17 11:47:46,072 - DEBUG - % received keepalive pong
2023-04-17 11:47:48,020 - DEBUG - % sending keepalive ping
2023-04-17 11:47:48,020 - DEBUG - > PING 86 91 7c a2 [binary, 4 bytes]
2023-04-17 11:47:48,032 - DEBUG - < PONG 86 91 7c a2 [binary, 4 bytes]
2023-04-17 11:47:48,036 - DEBUG - % received keepalive pong
2023-04-17 11:47:54,888 - DEBUG - % sending keepalive ping
2023-04-17 11:47:54,888 - DEBUG - > PING c1 15 3a 10 [binary, 4 bytes]
2023-04-17 11:47:54,895 - DEBUG - < PONG c1 15 3a 10 [binary, 4 bytes]
2023-04-17 11:47:54,896 - DEBUG - % received keepalive pong
2023-04-17 11:48:06,059 - DEBUG - % sending keepalive ping
2023-04-17 11:48:06,059 - DEBUG - > PING b7 77 6a 48 [binary, 4 bytes]
2023-04-17 11:48:06,067 - DEBUG - < PONG b7 77 6a 48 [binary, 4 bytes]
2023-04-17 11:48:06,068 - DEBUG - % received keepalive pong
2023-04-17 11:48:08,021 - DEBUG - % sending keepalive ping
2023-04-17 11:48:08,021 - DEBUG - > PING '\x05L\x14H' [text, 4 bytes]
2023-04-17 11:48:08,028 - DEBUG - < PONG '\x05L\x14H' [text, 4 bytes]
2023-04-17 11:48:08,031 - DEBUG - % received keepalive pong
2023-04-17 11:48:14,895 - DEBUG - % sending keepalive ping
2023-04-17 11:48:14,896 - DEBUG - > PING e7 8a ff ff [binary, 4 bytes]
2023-04-17 11:48:14,903 - DEBUG - < PONG e7 8a ff ff [binary, 4 bytes]
2023-04-17 11:48:14,911 - DEBUG - % received keepalive pong
2023-04-17 11:48:26,067 - DEBUG - % sending keepalive ping
2023-04-17 11:48:26,067 - DEBUG - > PING 0e dc 92 f7 [binary, 4 bytes]
2023-04-17 11:48:26,075 - DEBUG - < PONG 0e dc 92 f7 [binary, 4 bytes]
2023-04-17 11:48:26,077 - DEBUG - % received keepalive pong
2023-04-17 11:48:28,022 - DEBUG - % sending keepalive ping
2023-04-17 11:48:28,022 - DEBUG - > PING ']\x1cH\x00' [text, 4 bytes]
2023-04-17 11:48:28,031 - DEBUG - < PONG ']\x1cH\x00' [text, 4 bytes]
2023-04-17 11:48:28,033 - DEBUG - % received keepalive pong
2023-04-17 11:48:34,888 - DEBUG - % sending keepalive ping
2023-04-17 11:48:34,888 - DEBUG - > PING 01 48 fa df [binary, 4 bytes]
2023-04-17 11:48:34,895 - DEBUG - < PONG 01 48 fa df [binary, 4 bytes]
2023-04-17 11:48:34,898 - DEBUG - % received keepalive pong
2023-04-17 11:48:46,066 - DEBUG - % sending keepalive ping
2023-04-17 11:48:46,066 - DEBUG - > PING 03 5b 89 95 [binary, 4 bytes]
2023-04-17 11:48:46,075 - DEBUG - < PONG 03 5b 89 95 [binary, 4 bytes]
2023-04-17 11:48:46,079 - DEBUG - % received keepalive pong
2023-04-17 11:48:48,021 - DEBUG - % sending keepalive ping
2023-04-17 11:48:48,021 - DEBUG - > PING '2\x16\u04e2' [text, 4 bytes]
2023-04-17 11:48:48,032 - DEBUG - < PONG '2\x16\u04e2' [text, 4 bytes]
2023-04-17 11:48:48,037 - DEBUG - % received keepalive pong
2023-04-17 11:48:54,895 - DEBUG - % sending keepalive ping
2023-04-17 11:48:54,896 - DEBUG - > PING c7 ab 3f e0 [binary, 4 bytes]
2023-04-17 11:48:54,902 - DEBUG - < PONG c7 ab 3f e0 [binary, 4 bytes]
2023-04-17 11:48:54,904 - DEBUG - % received keepalive pong
2023-04-17 11:49:06,059 - DEBUG - % sending keepalive ping
2023-04-17 11:49:06,059 - DEBUG - > PING 38 65 2c 8e [binary, 4 bytes]
2023-04-17 11:49:06,066 - DEBUG - < PONG 38 65 2c 8e [binary, 4 bytes]
2023-04-17 11:49:06,074 - DEBUG - % received keepalive pong
2023-04-17 11:49:08,028 - DEBUG - % sending keepalive ping
2023-04-17 11:49:08,028 - DEBUG - > PING f3 e5 af 5d [binary, 4 bytes]
2023-04-17 11:49:08,036 - DEBUG - < PONG f3 e5 af 5d [binary, 4 bytes]
2023-04-17 11:49:08,040 - DEBUG - % received keepalive pong
2023-04-17 11:49:14,889 - DEBUG - % sending keepalive ping
2023-04-17 11:49:14,890 - DEBUG - > PING 6f a6 e1 bd [binary, 4 bytes]
2023-04-17 11:49:14,896 - DEBUG - < PONG 6f a6 e1 bd [binary, 4 bytes]
2023-04-17 11:49:14,900 - DEBUG - % received keepalive pong
2023-04-17 11:49:26,069 - DEBUG - % sending keepalive ping
2023-04-17 11:49:26,069 - DEBUG - > PING 3a 98 89 cc [binary, 4 bytes]
2023-04-17 11:49:26,077 - DEBUG - < PONG 3a 98 89 cc [binary, 4 bytes]
2023-04-17 11:49:26,078 - DEBUG - % received keepalive pong
2023-04-17 11:49:28,025 - DEBUG - % sending keepalive ping
2023-04-17 11:49:28,025 - DEBUG - > PING 8b 70 01 51 [binary, 4 bytes]
2023-04-17 11:49:28,034 - DEBUG - < PONG 8b 70 01 51 [binary, 4 bytes]
2023-04-17 11:49:28,036 - DEBUG - % received keepalive pong
2023-04-17 11:49:34,901 - DEBUG - % sending keepalive ping
2023-04-17 11:49:34,902 - DEBUG - > PING 2e f8 61 01 [binary, 4 bytes]
2023-04-17 11:49:34,909 - DEBUG - < PONG 2e f8 61 01 [binary, 4 bytes]
2023-04-17 11:49:34,911 - DEBUG - % received keepalive pong
2023-04-17 11:49:46,070 - DEBUG - % sending keepalive ping
2023-04-17 11:49:46,071 - DEBUG - > PING 4f 0e 8b 20 [binary, 4 bytes]
2023-04-17 11:49:46,078 - DEBUG - < PONG 4f 0e 8b 20 [binary, 4 bytes]
2023-04-17 11:49:46,081 - DEBUG - % received keepalive pong
2023-04-17 11:49:48,019 - DEBUG - % sending keepalive ping
2023-04-17 11:49:48,019 - DEBUG - > PING cd 38 4d 39 [binary, 4 bytes]
2023-04-17 11:49:48,026 - DEBUG - < PONG cd 38 4d 39 [binary, 4 bytes]
2023-04-17 11:49:48,031 - DEBUG - % received keepalive pong
2023-04-17 11:49:54,901 - DEBUG - % sending keepalive ping
2023-04-17 11:49:54,901 - DEBUG - > PING ':sj\\' [text, 4 bytes]
2023-04-17 11:49:54,907 - DEBUG - < PONG ':sj\\' [text, 4 bytes]
2023-04-17 11:49:54,909 - DEBUG - % received keepalive pong
2023-04-17 11:50:06,060 - DEBUG - % sending keepalive ping
2023-04-17 11:50:06,060 - DEBUG - > PING 16 8b 9d 7a [binary, 4 bytes]
2023-04-17 11:50:06,067 - DEBUG - < PONG 16 8b 9d 7a [binary, 4 bytes]
2023-04-17 11:50:06,069 - DEBUG - % received keepalive pong
2023-04-17 11:50:08,023 - DEBUG - % sending keepalive ping
2023-04-17 11:50:08,023 - DEBUG - > PING a6 21 28 ba [binary, 4 bytes]
2023-04-17 11:50:08,030 - DEBUG - < PONG a6 21 28 ba [binary, 4 bytes]
2023-04-17 11:50:08,032 - DEBUG - % received keepalive pong
2023-04-17 11:50:14,897 - DEBUG - % sending keepalive ping
2023-04-17 11:50:14,897 - DEBUG - > PING 69 1f bb b0 [binary, 4 bytes]
2023-04-17 11:50:14,906 - DEBUG - < PONG 69 1f bb b0 [binary, 4 bytes]
2023-04-17 11:50:14,908 - DEBUG - % received keepalive pong
2023-04-17 11:50:26,063 - DEBUG - % sending keepalive ping
2023-04-17 11:50:26,063 - DEBUG - > PING ea c8 bb db [binary, 4 bytes]
2023-04-17 11:50:26,073 - DEBUG - < PONG ea c8 bb db [binary, 4 bytes]
2023-04-17 11:50:26,077 - DEBUG - % received keepalive pong
2023-04-17 11:50:28,027 - DEBUG - % sending keepalive ping
2023-04-17 11:50:28,027 - DEBUG - > PING 82 26 98 c1 [binary, 4 bytes]
2023-04-17 11:50:28,350 - DEBUG - < PONG 82 26 98 c1 [binary, 4 bytes]
2023-04-17 11:50:28,353 - DEBUG - % received keepalive pong
2023-04-17 11:50:34,891 - DEBUG - % sending keepalive ping
2023-04-17 11:50:34,891 - DEBUG - > PING f4 01 f7 7a [binary, 4 bytes]
2023-04-17 11:50:34,898 - DEBUG - < PONG f4 01 f7 7a [binary, 4 bytes]
2023-04-17 11:50:34,900 - DEBUG - % received keepalive pong
2023-04-17 11:50:46,073 - DEBUG - % sending keepalive ping
2023-04-17 11:50:46,073 - DEBUG - > PING 19 ef 1c d8 [binary, 4 bytes]
2023-04-17 11:50:46,082 - DEBUG - < PONG 19 ef 1c d8 [binary, 4 bytes]
2023-04-17 11:50:46,085 - DEBUG - % received keepalive pong
2023-04-17 11:50:48,343 - DEBUG - % sending keepalive ping
2023-04-17 11:50:48,343 - DEBUG - > PING 69 2a ef 58 [binary, 4 bytes]
2023-04-17 11:50:48,351 - DEBUG - < PONG 69 2a ef 58 [binary, 4 bytes]
2023-04-17 11:50:48,354 - DEBUG - % received keepalive pong
2023-04-17 11:50:54,887 - DEBUG - % sending keepalive ping
2023-04-17 11:50:54,887 - DEBUG - > PING 8c f5 24 b3 [binary, 4 bytes]
2023-04-17 11:50:54,893 - DEBUG - < PONG 8c f5 24 b3 [binary, 4 bytes]
2023-04-17 11:50:54,896 - DEBUG - % received keepalive pong
2023-04-17 11:51:06,062 - DEBUG - % sending keepalive ping
2023-04-17 11:51:06,062 - DEBUG - > PING 5d fd d7 d4 [binary, 4 bytes]
2023-04-17 11:51:06,069 - DEBUG - < PONG 5d fd d7 d4 [binary, 4 bytes]
2023-04-17 11:51:06,071 - DEBUG - % received keepalive pong
2023-04-17 11:51:08,344 - DEBUG - % sending keepalive ping
2023-04-17 11:51:08,344 - DEBUG - > PING 97 5f e6 94 [binary, 4 bytes]
2023-04-17 11:51:08,352 - DEBUG - < PONG 97 5f e6 94 [binary, 4 bytes]
2023-04-17 11:51:08,356 - DEBUG - % received keepalive pong
2023-04-17 11:51:14,896 - DEBUG - % sending keepalive ping
2023-04-17 11:51:14,896 - DEBUG - > PING 2a 4c 62 de [binary, 4 bytes]
2023-04-17 11:51:14,909 - DEBUG - < PONG 2a 4c 62 de [binary, 4 bytes]
2023-04-17 11:51:14,913 - DEBUG - % received keepalive pong
2023-04-17 11:51:26,069 - DEBUG - % sending keepalive ping
2023-04-17 11:51:26,070 - DEBUG - > PING 54 03 a3 7e [binary, 4 bytes]
2023-04-17 11:51:26,077 - DEBUG - < PONG 54 03 a3 7e [binary, 4 bytes]
2023-04-17 11:51:26,079 - DEBUG - % received keepalive pong
2023-04-17 11:51:28,351 - DEBUG - % sending keepalive ping
2023-04-17 11:51:28,352 - DEBUG - > PING 0c 40 bc 64 [binary, 4 bytes]
2023-04-17 11:51:28,360 - DEBUG - < PONG 0c 40 bc 64 [binary, 4 bytes]
2023-04-17 11:51:28,362 - DEBUG - % received keepalive pong
2023-04-17 11:51:34,893 - DEBUG - % sending keepalive ping
2023-04-17 11:51:34,894 - DEBUG - > PING 6a f3 76 b5 [binary, 4 bytes]
2023-04-17 11:51:34,903 - DEBUG - < PONG 6a f3 76 b5 [binary, 4 bytes]
2023-04-17 11:51:34,905 - DEBUG - % received keepalive pong
2023-04-17 11:51:46,062 - DEBUG - % sending keepalive ping
2023-04-17 11:51:46,062 - DEBUG - > PING 11 03 05 85 [binary, 4 bytes]
2023-04-17 11:51:46,075 - DEBUG - < PONG 11 03 05 85 [binary, 4 bytes]
2023-04-17 11:51:46,080 - DEBUG - % received keepalive pong
2023-04-17 11:51:48,342 - DEBUG - % sending keepalive ping
2023-04-17 11:51:48,342 - DEBUG - > PING d5 14 79 ed [binary, 4 bytes]
2023-04-17 11:51:48,350 - DEBUG - < PONG d5 14 79 ed [binary, 4 bytes]
2023-04-17 11:51:48,353 - DEBUG - % received keepalive pong
2023-04-17 11:51:54,893 - DEBUG - % sending keepalive ping
2023-04-17 11:51:54,894 - DEBUG - > PING df df 15 6b [binary, 4 bytes]
2023-04-17 11:51:54,903 - DEBUG - < PONG df df 15 6b [binary, 4 bytes]
2023-04-17 11:51:54,905 - DEBUG - % received keepalive pong
2023-04-17 11:52:06,073 - DEBUG - % sending keepalive ping
2023-04-17 11:52:06,073 - DEBUG - > PING '\u06f1J ' [text, 4 bytes]
2023-04-17 11:52:06,081 - DEBUG - < PONG '\u06f1J ' [text, 4 bytes]
2023-04-17 11:52:06,083 - DEBUG - % received keepalive pong
2023-04-17 11:52:08,342 - DEBUG - % sending keepalive ping
2023-04-17 11:52:08,342 - DEBUG - > PING 1e bf ac 53 [binary, 4 bytes]
2023-04-17 11:52:08,350 - DEBUG - < PONG 1e bf ac 53 [binary, 4 bytes]
2023-04-17 11:52:08,353 - DEBUG - % received keepalive pong
2023-04-17 11:52:14,896 - DEBUG - % sending keepalive ping
2023-04-17 11:52:14,897 - DEBUG - > PING b3 f8 37 0e [binary, 4 bytes]
2023-04-17 11:52:14,911 - DEBUG - < PONG b3 f8 37 0e [binary, 4 bytes]
2023-04-17 11:52:14,914 - DEBUG - % received keepalive pong
2023-04-17 11:52:26,064 - DEBUG - % sending keepalive ping
2023-04-17 11:52:26,064 - DEBUG - > PING 'p\tM$' [text, 4 bytes]
2023-04-17 11:52:26,076 - DEBUG - < PONG 'p\tM$' [text, 4 bytes]
2023-04-17 11:52:26,080 - DEBUG - % received keepalive pong
2023-04-17 11:52:28,342 - DEBUG - % sending keepalive ping
2023-04-17 11:52:28,342 - DEBUG - > PING e9 48 9b 35 [binary, 4 bytes]
2023-04-17 11:52:28,350 - DEBUG - < PONG e9 48 9b 35 [binary, 4 bytes]
2023-04-17 11:52:28,353 - DEBUG - % received keepalive pong
2023-04-17 11:52:34,888 - DEBUG - % sending keepalive ping
2023-04-17 11:52:34,888 - DEBUG - > PING 98 e7 4a bf [binary, 4 bytes]
2023-04-17 11:52:34,895 - DEBUG - < PONG 98 e7 4a bf [binary, 4 bytes]
2023-04-17 11:52:34,897 - DEBUG - % received keepalive pong
2023-04-17 11:52:46,074 - DEBUG - % sending keepalive ping
2023-04-17 11:52:46,074 - DEBUG - > PING 2d 60 be 8a [binary, 4 bytes]
2023-04-17 11:52:46,082 - DEBUG - < PONG 2d 60 be 8a [binary, 4 bytes]
2023-04-17 11:52:46,084 - DEBUG - % received keepalive pong
2023-04-17 11:52:48,350 - DEBUG - % sending keepalive ping
2023-04-17 11:52:48,350 - DEBUG - > PING '}M\x03a' [text, 4 bytes]
2023-04-17 11:52:48,358 - DEBUG - < PONG '}M\x03a' [text, 4 bytes]
2023-04-17 11:52:48,361 - DEBUG - % received keepalive pong
2023-04-17 11:52:54,899 - DEBUG - % sending keepalive ping
2023-04-17 11:52:54,900 - DEBUG - > PING d1 b9 79 b5 [binary, 4 bytes]
2023-04-17 11:52:54,908 - DEBUG - < PONG d1 b9 79 b5 [binary, 4 bytes]
2023-04-17 11:52:54,912 - DEBUG - % received keepalive pong
2023-04-17 11:53:06,069 - DEBUG - % sending keepalive ping
2023-04-17 11:53:06,069 - DEBUG - > PING 0b b8 34 ab [binary, 4 bytes]
2023-04-17 11:53:06,076 - DEBUG - < PONG 0b b8 34 ab [binary, 4 bytes]
2023-04-17 11:53:06,079 - DEBUG - % received keepalive pong
2023-04-17 11:53:08,342 - DEBUG - % sending keepalive ping
2023-04-17 11:53:08,342 - DEBUG - > PING da 7a e1 98 [binary, 4 bytes]
2023-04-17 11:53:08,350 - DEBUG - < PONG da 7a e1 98 [binary, 4 bytes]
2023-04-17 11:53:08,354 - DEBUG - % received keepalive pong
2023-04-17 11:53:14,900 - DEBUG - % sending keepalive ping
2023-04-17 11:53:14,900 - DEBUG - > PING 59 65 29 f4 [binary, 4 bytes]
2023-04-17 11:53:14,907 - DEBUG - < PONG 59 65 29 f4 [binary, 4 bytes]
2023-04-17 11:53:14,910 - DEBUG - % received keepalive pong
2023-04-17 11:53:26,065 - DEBUG - % sending keepalive ping
2023-04-17 11:53:26,065 - DEBUG - > PING 5f a4 5d 42 [binary, 4 bytes]
2023-04-17 11:53:26,073 - DEBUG - < PONG 5f a4 5d 42 [binary, 4 bytes]
2023-04-17 11:53:26,076 - DEBUG - % received keepalive pong
2023-04-17 11:53:28,352 - DEBUG - % sending keepalive ping
2023-04-17 11:53:28,352 - DEBUG - > PING 73 19 ff 9f [binary, 4 bytes]
2023-04-17 11:53:28,361 - DEBUG - < PONG 73 19 ff 9f [binary, 4 bytes]
2023-04-17 11:53:28,366 - DEBUG - % received keepalive pong
2023-04-17 11:53:34,899 - DEBUG - % sending keepalive ping
2023-04-17 11:53:34,899 - DEBUG - > PING f6 28 b1 de [binary, 4 bytes]
2023-04-17 11:53:34,907 - DEBUG - < PONG f6 28 b1 de [binary, 4 bytes]
2023-04-17 11:53:34,909 - DEBUG - % received keepalive pong
2023-04-17 11:53:46,069 - DEBUG - % sending keepalive ping
2023-04-17 11:53:46,070 - DEBUG - > PING 'f"[\x05' [text, 4 bytes]
2023-04-17 11:53:46,077 - DEBUG - < PONG 'f"[\x05' [text, 4 bytes]
2023-04-17 11:53:46,080 - DEBUG - % received keepalive pong
2023-04-17 11:53:48,346 - DEBUG - % sending keepalive ping
2023-04-17 11:53:48,346 - DEBUG - > PING 01 cf b5 fc [binary, 4 bytes]
2023-04-17 11:53:48,362 - DEBUG - < PONG 01 cf b5 fc [binary, 4 bytes]
2023-04-17 11:53:48,364 - DEBUG - % received keepalive pong
2023-04-17 11:53:54,905 - DEBUG - % sending keepalive ping
2023-04-17 11:53:54,906 - DEBUG - > PING df 37 a3 22 [binary, 4 bytes]
2023-04-17 11:53:54,915 - DEBUG - < PONG df 37 a3 22 [binary, 4 bytes]
2023-04-17 11:53:54,927 - DEBUG - % received keepalive pong
2023-04-17 11:54:06,067 - DEBUG - % sending keepalive ping
2023-04-17 11:54:06,067 - DEBUG - > PING 46 e2 48 f9 [binary, 4 bytes]
2023-04-17 11:54:06,074 - DEBUG - < PONG 46 e2 48 f9 [binary, 4 bytes]
2023-04-17 11:54:06,076 - DEBUG - % received keepalive pong
2023-04-17 11:54:08,349 - DEBUG - % sending keepalive ping
2023-04-17 11:54:08,349 - DEBUG - > PING 77 46 81 30 [binary, 4 bytes]
2023-04-17 11:54:08,356 - DEBUG - < PONG 77 46 81 30 [binary, 4 bytes]
2023-04-17 11:54:08,359 - DEBUG - % received keepalive pong
2023-04-17 11:54:14,928 - DEBUG - % sending keepalive ping
2023-04-17 11:54:14,928 - DEBUG - > PING 76 a0 ad f3 [binary, 4 bytes]
2023-04-17 11:54:14,935 - DEBUG - < PONG 76 a0 ad f3 [binary, 4 bytes]
2023-04-17 11:54:14,938 - DEBUG - % received keepalive pong
2023-04-17 11:54:26,064 - DEBUG - % sending keepalive ping
2023-04-17 11:54:26,064 - DEBUG - > PING '\x0eI\x00:' [text, 4 bytes]
2023-04-17 11:54:26,074 - DEBUG - < PONG '\x0eI\x00:' [text, 4 bytes]
2023-04-17 11:54:26,077 - DEBUG - % received keepalive pong
2023-04-17 11:54:28,342 - DEBUG - % sending keepalive ping
2023-04-17 11:54:28,342 - DEBUG - > PING 67 c9 52 8b [binary, 4 bytes]
2023-04-17 11:54:28,351 - DEBUG - < PONG 67 c9 52 8b [binary, 4 bytes]
2023-04-17 11:54:28,354 - DEBUG - % received keepalive pong
2023-04-17 11:54:34,939 - DEBUG - % sending keepalive ping
2023-04-17 11:54:34,939 - DEBUG - > PING ab 5c 9d 76 [binary, 4 bytes]
2023-04-17 11:54:34,946 - DEBUG - < PONG ab 5c 9d 76 [binary, 4 bytes]
2023-04-17 11:54:34,949 - DEBUG - % received keepalive pong
2023-04-17 11:54:46,059 - DEBUG - % sending keepalive ping
2023-04-17 11:54:46,059 - DEBUG - > PING '\x01U\x1ef' [text, 4 bytes]
2023-04-17 11:54:46,068 - DEBUG - < PONG '\x01U\x1ef' [text, 4 bytes]
2023-04-17 11:54:46,071 - DEBUG - % received keepalive pong
2023-04-17 11:54:48,347 - DEBUG - % sending keepalive ping
2023-04-17 11:54:48,348 - DEBUG - > PING 96 3c d9 7d [binary, 4 bytes]
2023-04-17 11:54:48,355 - DEBUG - < PONG 96 3c d9 7d [binary, 4 bytes]
2023-04-17 11:54:48,358 - DEBUG - % received keepalive pong
2023-04-17 11:54:54,948 - DEBUG - % sending keepalive ping
2023-04-17 11:54:54,948 - DEBUG - > PING 56 29 c8 4d [binary, 4 bytes]
2023-04-17 11:54:54,956 - DEBUG - < PONG 56 29 c8 4d [binary, 4 bytes]
2023-04-17 11:54:54,958 - DEBUG - % received keepalive pong
2023-04-17 11:55:06,072 - DEBUG - % sending keepalive ping
2023-04-17 11:55:06,072 - DEBUG - > PING ad 52 df ff [binary, 4 bytes]
2023-04-17 11:55:06,088 - DEBUG - < PONG ad 52 df ff [binary, 4 bytes]
2023-04-17 11:55:06,091 - DEBUG - % received keepalive pong
2023-04-17 11:55:08,353 - DEBUG - % sending keepalive ping
2023-04-17 11:55:08,353 - DEBUG - > PING 42 70 2b c7 [binary, 4 bytes]
2023-04-17 11:55:08,360 - DEBUG - < PONG 42 70 2b c7 [binary, 4 bytes]
2023-04-17 11:55:08,363 - DEBUG - % received keepalive pong
2023-04-17 11:55:14,935 - DEBUG - % sending keepalive ping
2023-04-17 11:55:14,935 - DEBUG - > PING 85 e2 da 33 [binary, 4 bytes]
2023-04-17 11:55:14,943 - DEBUG - < PONG 85 e2 da 33 [binary, 4 bytes]
2023-04-17 11:55:14,945 - DEBUG - % received keepalive pong
2023-04-17 11:55:26,098 - DEBUG - % sending keepalive ping
2023-04-17 11:55:26,098 - DEBUG - > PING a9 8f fb 49 [binary, 4 bytes]
2023-04-17 11:55:26,106 - DEBUG - < PONG a9 8f fb 49 [binary, 4 bytes]
2023-04-17 11:55:26,109 - DEBUG - % received keepalive pong
2023-04-17 11:55:28,344 - DEBUG - % sending keepalive ping
2023-04-17 11:55:28,344 - DEBUG - > PING 91 f9 a6 df [binary, 4 bytes]
2023-04-17 11:55:28,352 - DEBUG - < PONG 91 f9 a6 df [binary, 4 bytes]
2023-04-17 11:55:28,355 - DEBUG - % received keepalive pong
2023-04-17 11:55:34,953 - DEBUG - % sending keepalive ping
2023-04-17 11:55:34,953 - DEBUG - > PING d8 ce 6f 11 [binary, 4 bytes]
2023-04-17 11:55:34,961 - DEBUG - < PONG d8 ce 6f 11 [binary, 4 bytes]
2023-04-17 11:55:34,963 - DEBUG - % received keepalive pong
2023-04-17 11:55:46,101 - DEBUG - % sending keepalive ping
2023-04-17 11:55:46,102 - DEBUG - > PING 6b d3 e1 95 [binary, 4 bytes]
2023-04-17 11:55:46,118 - DEBUG - < PONG 6b d3 e1 95 [binary, 4 bytes]
2023-04-17 11:55:46,121 - DEBUG - % received keepalive pong
2023-04-17 11:55:48,348 - DEBUG - % sending keepalive ping
2023-04-17 11:55:48,348 - DEBUG - > PING 91 5b 45 d2 [binary, 4 bytes]
2023-04-17 11:55:48,357 - DEBUG - < PONG 91 5b 45 d2 [binary, 4 bytes]
2023-04-17 11:55:48,362 - DEBUG - % received keepalive pong
2023-04-17 11:55:54,937 - DEBUG - % sending keepalive ping
2023-04-17 11:55:54,937 - DEBUG - > PING 5b cb 13 74 [binary, 4 bytes]
2023-04-17 11:55:54,944 - DEBUG - < PONG 5b cb 13 74 [binary, 4 bytes]
2023-04-17 11:55:54,947 - DEBUG - % received keepalive pong
2023-04-17 11:56:06,132 - DEBUG - % sending keepalive ping
2023-04-17 11:56:06,132 - DEBUG - > PING 'M\tFC' [text, 4 bytes]
2023-04-17 11:56:06,139 - DEBUG - < PONG 'M\tFC' [text, 4 bytes]
2023-04-17 11:56:06,145 - DEBUG - % received keepalive pong
2023-04-17 11:56:08,350 - DEBUG - % sending keepalive ping
2023-04-17 11:56:08,351 - DEBUG - > PING 56 9c 67 fd [binary, 4 bytes]
2023-04-17 11:56:08,362 - DEBUG - < PONG 56 9c 67 fd [binary, 4 bytes]
2023-04-17 11:56:08,364 - DEBUG - % received keepalive pong
2023-04-17 11:56:14,945 - DEBUG - % sending keepalive ping
2023-04-17 11:56:14,945 - DEBUG - > PING ae da 48 8d [binary, 4 bytes]
2023-04-17 11:56:14,951 - DEBUG - < PONG ae da 48 8d [binary, 4 bytes]
2023-04-17 11:56:14,954 - DEBUG - % received keepalive pong
2023-04-17 11:56:26,148 - DEBUG - % sending keepalive ping
2023-04-17 11:56:26,148 - DEBUG - > PING 3b 4d 02 92 [binary, 4 bytes]
2023-04-17 11:56:26,186 - DEBUG - < PONG 3b 4d 02 92 [binary, 4 bytes]
2023-04-17 11:56:26,190 - DEBUG - % received keepalive pong
2023-04-17 11:56:28,342 - DEBUG - % sending keepalive ping
2023-04-17 11:56:28,342 - DEBUG - > PING 53 87 56 1d [binary, 4 bytes]
2023-04-17 11:56:28,350 - DEBUG - < PONG 53 87 56 1d [binary, 4 bytes]
2023-04-17 11:56:28,352 - DEBUG - % received keepalive pong
2023-04-17 11:56:34,945 - DEBUG - % sending keepalive ping
2023-04-17 11:56:34,945 - DEBUG - > PING 0b 2a f7 f2 [binary, 4 bytes]
2023-04-17 11:56:34,954 - DEBUG - < PONG 0b 2a f7 f2 [binary, 4 bytes]
2023-04-17 11:56:34,957 - DEBUG - % received keepalive pong
2023-04-17 11:56:46,191 - DEBUG - % sending keepalive ping
2023-04-17 11:56:46,192 - DEBUG - > PING 70 76 c9 71 [binary, 4 bytes]
2023-04-17 11:56:46,199 - DEBUG - < PONG 70 76 c9 71 [binary, 4 bytes]
2023-04-17 11:56:46,202 - DEBUG - % received keepalive pong
2023-04-17 11:56:48,352 - DEBUG - % sending keepalive ping
2023-04-17 11:56:48,352 - DEBUG - > PING 84 ba 36 2a [binary, 4 bytes]
2023-04-17 11:56:48,360 - DEBUG - < PONG 84 ba 36 2a [binary, 4 bytes]
2023-04-17 11:56:48,363 - DEBUG - % received keepalive pong
2023-04-17 11:56:54,935 - DEBUG - % sending keepalive ping
2023-04-17 11:56:54,935 - DEBUG - > PING 1c 08 c1 43 [binary, 4 bytes]
2023-04-17 11:56:54,942 - DEBUG - < PONG 1c 08 c1 43 [binary, 4 bytes]
2023-04-17 11:56:54,944 - DEBUG - % received keepalive pong
2023-04-17 11:57:06,196 - DEBUG - % sending keepalive ping
2023-04-17 11:57:06,196 - DEBUG - > PING 7d db c0 cc [binary, 4 bytes]
2023-04-17 11:57:06,204 - DEBUG - < PONG 7d db c0 cc [binary, 4 bytes]
2023-04-17 11:57:06,207 - DEBUG - % received keepalive pong
2023-04-17 11:57:08,350 - DEBUG - % sending keepalive ping
2023-04-17 11:57:08,351 - DEBUG - > PING a5 89 f4 23 [binary, 4 bytes]
2023-04-17 11:57:08,360 - DEBUG - < PONG a5 89 f4 23 [binary, 4 bytes]
2023-04-17 11:57:08,363 - DEBUG - % received keepalive pong
2023-04-17 11:57:14,935 - DEBUG - % sending keepalive ping
2023-04-17 11:57:14,935 - DEBUG - > PING cf cf 7e 79 [binary, 4 bytes]
2023-04-17 11:57:14,942 - DEBUG - < PONG cf cf 7e 79 [binary, 4 bytes]
2023-04-17 11:57:14,945 - DEBUG - % received keepalive pong
2023-04-17 11:57:26,186 - DEBUG - % sending keepalive ping
2023-04-17 11:57:26,187 - DEBUG - > PING af 72 94 94 [binary, 4 bytes]
2023-04-17 11:57:26,194 - DEBUG - < PONG af 72 94 94 [binary, 4 bytes]
2023-04-17 11:57:26,196 - DEBUG - % received keepalive pong
2023-04-17 11:57:28,346 - DEBUG - % sending keepalive ping
2023-04-17 11:57:28,347 - DEBUG - > PING c2 85 e6 96 [binary, 4 bytes]
2023-04-17 11:57:28,354 - DEBUG - < PONG c2 85 e6 96 [binary, 4 bytes]
2023-04-17 11:57:28,357 - DEBUG - % received keepalive pong
2023-04-17 11:57:34,936 - DEBUG - % sending keepalive ping
2023-04-17 11:57:34,936 - DEBUG - > PING 7e 9c 08 fe [binary, 4 bytes]
2023-04-17 11:57:34,943 - DEBUG - < PONG 7e 9c 08 fe [binary, 4 bytes]
2023-04-17 11:57:34,945 - DEBUG - % received keepalive pong
2023-04-17 11:57:46,191 - DEBUG - % sending keepalive ping
2023-04-17 11:57:46,191 - DEBUG - > PING 9c 3b 06 2b [binary, 4 bytes]
2023-04-17 11:57:46,199 - DEBUG - < PONG 9c 3b 06 2b [binary, 4 bytes]
2023-04-17 11:57:46,203 - DEBUG - % received keepalive pong
2023-04-17 11:57:48,346 - DEBUG - % sending keepalive ping
2023-04-17 11:57:48,346 - DEBUG - > PING 57 78 d3 67 [binary, 4 bytes]
2023-04-17 11:57:48,354 - DEBUG - < PONG 57 78 d3 67 [binary, 4 bytes]
2023-04-17 11:57:48,356 - DEBUG - % received keepalive pong
2023-04-17 11:57:54,933 - DEBUG - % sending keepalive ping
2023-04-17 11:57:54,933 - DEBUG - > PING c6 ac ee c9 [binary, 4 bytes]
2023-04-17 11:57:54,940 - DEBUG - < PONG c6 ac ee c9 [binary, 4 bytes]
2023-04-17 11:57:54,942 - DEBUG - % received keepalive pong
2023-04-17 11:58:06,192 - DEBUG - % sending keepalive ping
2023-04-17 11:58:06,192 - DEBUG - > PING 3d f9 6c d0 [binary, 4 bytes]
2023-04-17 11:58:06,201 - DEBUG - < PONG 3d f9 6c d0 [binary, 4 bytes]
2023-04-17 11:58:06,204 - DEBUG - % received keepalive pong
2023-04-17 11:58:08,352 - DEBUG - % sending keepalive ping
2023-04-17 11:58:08,352 - DEBUG - > PING 46 24 d1 65 [binary, 4 bytes]
2023-04-17 11:58:08,362 - DEBUG - < PONG 46 24 d1 65 [binary, 4 bytes]
2023-04-17 11:58:08,367 - DEBUG - % received keepalive pong
2023-04-17 11:58:14,949 - DEBUG - % sending keepalive ping
2023-04-17 11:58:14,949 - DEBUG - > PING 96 fe c0 68 [binary, 4 bytes]
2023-04-17 11:58:14,969 - DEBUG - < PONG 96 fe c0 68 [binary, 4 bytes]
2023-04-17 11:58:14,972 - DEBUG - % received keepalive pong
2023-04-17 11:58:26,192 - DEBUG - % sending keepalive ping
2023-04-17 11:58:26,193 - DEBUG - > PING 23 d0 70 20 [binary, 4 bytes]
2023-04-17 11:58:26,200 - DEBUG - < PONG 23 d0 70 20 [binary, 4 bytes]
2023-04-17 11:58:26,204 - DEBUG - % received keepalive pong
2023-04-17 11:58:28,347 - DEBUG - % sending keepalive ping
2023-04-17 11:58:28,348 - DEBUG - > PING c7 e4 5d ad [binary, 4 bytes]
2023-04-17 11:58:28,355 - DEBUG - < PONG c7 e4 5d ad [binary, 4 bytes]
2023-04-17 11:58:28,357 - DEBUG - % received keepalive pong
2023-04-17 11:58:34,968 - DEBUG - % sending keepalive ping
2023-04-17 11:58:34,968 - DEBUG - > PING 0e e3 3c 8d [binary, 4 bytes]
2023-04-17 11:58:34,976 - DEBUG - < PONG 0e e3 3c 8d [binary, 4 bytes]
2023-04-17 11:58:34,979 - DEBUG - % received keepalive pong
2023-04-17 11:58:46,189 - DEBUG - % sending keepalive ping
2023-04-17 11:58:46,189 - DEBUG - > PING 50 b9 bf 3c [binary, 4 bytes]
2023-04-17 11:58:46,196 - DEBUG - < PONG 50 b9 bf 3c [binary, 4 bytes]
2023-04-17 11:58:46,200 - DEBUG - % received keepalive pong
2023-04-17 11:58:48,343 - DEBUG - % sending keepalive ping
2023-04-17 11:58:48,343 - DEBUG - > PING df 63 e9 3d [binary, 4 bytes]
2023-04-17 11:58:48,351 - DEBUG - < PONG df 63 e9 3d [binary, 4 bytes]
2023-04-17 11:58:48,354 - DEBUG - % received keepalive pong
2023-04-17 11:58:54,979 - DEBUG - % sending keepalive ping
2023-04-17 11:58:54,979 - DEBUG - > PING 2b ae 6a ea [binary, 4 bytes]
2023-04-17 11:58:54,986 - DEBUG - < PONG 2b ae 6a ea [binary, 4 bytes]
2023-04-17 11:58:54,989 - DEBUG - % received keepalive pong
2023-04-17 11:59:06,195 - DEBUG - % sending keepalive ping
2023-04-17 11:59:06,195 - DEBUG - > PING c1 e5 53 26 [binary, 4 bytes]
2023-04-17 11:59:06,205 - DEBUG - < PONG c1 e5 53 26 [binary, 4 bytes]
2023-04-17 11:59:06,211 - DEBUG - % received keepalive pong
2023-04-17 11:59:08,344 - DEBUG - % sending keepalive ping
2023-04-17 11:59:08,344 - DEBUG - > PING 60 fe df e8 [binary, 4 bytes]
2023-04-17 11:59:08,352 - DEBUG - < PONG 60 fe df e8 [binary, 4 bytes]
2023-04-17 11:59:08,354 - DEBUG - % received keepalive pong
2023-04-17 11:59:14,970 - DEBUG - % sending keepalive ping
2023-04-17 11:59:14,970 - DEBUG - > PING 09 f4 45 fd [binary, 4 bytes]
2023-04-17 11:59:14,976 - DEBUG - < PONG 09 f4 45 fd [binary, 4 bytes]
2023-04-17 11:59:14,978 - DEBUG - % received keepalive pong
2023-04-17 11:59:26,195 - DEBUG - % sending keepalive ping
2023-04-17 11:59:26,195 - DEBUG - > PING fb c5 fe 42 [binary, 4 bytes]
2023-04-17 11:59:26,203 - DEBUG - < PONG fb c5 fe 42 [binary, 4 bytes]
2023-04-17 11:59:26,205 - DEBUG - % received keepalive pong
2023-04-17 11:59:28,351 - DEBUG - % sending keepalive ping
2023-04-17 11:59:28,351 - DEBUG - > PING b2 13 3e 1a [binary, 4 bytes]
2023-04-17 11:59:28,362 - DEBUG - < PONG b2 13 3e 1a [binary, 4 bytes]
2023-04-17 11:59:28,364 - DEBUG - % received keepalive pong
2023-04-17 11:59:34,972 - DEBUG - % sending keepalive ping
2023-04-17 11:59:34,973 - DEBUG - > PING 5d 92 e2 1e [binary, 4 bytes]
2023-04-17 11:59:34,979 - DEBUG - < PONG 5d 92 e2 1e [binary, 4 bytes]
2023-04-17 11:59:34,982 - DEBUG - % received keepalive pong
2023-04-17 11:59:46,184 - DEBUG - % sending keepalive ping
2023-04-17 11:59:46,185 - DEBUG - > PING fa ba 8f ea [binary, 4 bytes]
2023-04-17 11:59:46,192 - DEBUG - < PONG fa ba 8f ea [binary, 4 bytes]
2023-04-17 11:59:46,196 - DEBUG - % received keepalive pong
2023-04-17 11:59:48,348 - DEBUG - % sending keepalive ping
2023-04-17 11:59:48,349 - DEBUG - > PING 93 d6 c0 8b [binary, 4 bytes]
2023-04-17 11:59:48,357 - DEBUG - < PONG 93 d6 c0 8b [binary, 4 bytes]
2023-04-17 11:59:48,359 - DEBUG - % received keepalive pong
2023-04-17 11:59:54,974 - DEBUG - % sending keepalive ping
2023-04-17 11:59:54,974 - DEBUG - > PING a6 89 21 1e [binary, 4 bytes]
2023-04-17 11:59:54,982 - DEBUG - < PONG a6 89 21 1e [binary, 4 bytes]
2023-04-17 11:59:54,987 - DEBUG - % received keepalive pong
2023-04-17 12:00:06,183 - DEBUG - % sending keepalive ping
2023-04-17 12:00:06,184 - DEBUG - > PING 70 aa 03 6c [binary, 4 bytes]
2023-04-17 12:00:06,191 - DEBUG - < PONG 70 aa 03 6c [binary, 4 bytes]
2023-04-17 12:00:06,195 - DEBUG - % received keepalive pong
2023-04-17 12:00:08,348 - DEBUG - % sending keepalive ping
2023-04-17 12:00:08,348 - DEBUG - > PING 74 81 25 37 [binary, 4 bytes]
2023-04-17 12:00:08,356 - DEBUG - < PONG 74 81 25 37 [binary, 4 bytes]
2023-04-17 12:00:08,359 - DEBUG - % received keepalive pong
2023-04-17 12:00:14,976 - DEBUG - % sending keepalive ping
2023-04-17 12:00:14,976 - DEBUG - > PING ea 8c 1b 15 [binary, 4 bytes]
2023-04-17 12:00:14,984 - DEBUG - < PONG ea 8c 1b 15 [binary, 4 bytes]
2023-04-17 12:00:14,985 - DEBUG - % received keepalive pong
2023-04-17 12:00:26,195 - DEBUG - % sending keepalive ping
2023-04-17 12:00:26,195 - DEBUG - > PING b1 b4 79 a3 [binary, 4 bytes]
2023-04-17 12:00:26,204 - DEBUG - < PONG b1 b4 79 a3 [binary, 4 bytes]
2023-04-17 12:00:26,206 - DEBUG - % received keepalive pong
2023-04-17 12:00:28,349 - DEBUG - % sending keepalive ping
2023-04-17 12:00:28,349 - DEBUG - > PING 74 3e de 5b [binary, 4 bytes]
2023-04-17 12:00:28,356 - DEBUG - < PONG 74 3e de 5b [binary, 4 bytes]
2023-04-17 12:00:28,360 - DEBUG - % received keepalive pong
2023-04-17 12:00:34,972 - DEBUG - % sending keepalive ping
2023-04-17 12:00:34,972 - DEBUG - > PING 'oA<$' [text, 4 bytes]
2023-04-17 12:00:34,978 - DEBUG - < PONG 'oA<$' [text, 4 bytes]
2023-04-17 12:00:34,981 - DEBUG - % received keepalive pong
2023-04-17 12:00:46,186 - DEBUG - % sending keepalive ping
2023-04-17 12:00:46,186 - DEBUG - > PING c1 e1 ab c1 [binary, 4 bytes]
2023-04-17 12:00:46,194 - DEBUG - < PONG c1 e1 ab c1 [binary, 4 bytes]
2023-04-17 12:00:46,198 - DEBUG - % received keepalive pong
2023-04-17 12:00:48,350 - DEBUG - % sending keepalive ping
2023-04-17 12:00:48,350 - DEBUG - > PING 1b 4d 89 e1 [binary, 4 bytes]
2023-04-17 12:00:48,358 - DEBUG - < PONG 1b 4d 89 e1 [binary, 4 bytes]
2023-04-17 12:00:48,360 - DEBUG - % received keepalive pong
2023-04-17 12:00:54,972 - DEBUG - % sending keepalive ping
2023-04-17 12:00:54,972 - DEBUG - > PING 13 a9 50 ce [binary, 4 bytes]
2023-04-17 12:00:54,980 - DEBUG - < PONG 13 a9 50 ce [binary, 4 bytes]
2023-04-17 12:00:54,982 - DEBUG - % received keepalive pong
2023-04-17 12:01:06,191 - DEBUG - % sending keepalive ping
2023-04-17 12:01:06,191 - DEBUG - > PING 7a 83 60 ce [binary, 4 bytes]
2023-04-17 12:01:06,201 - DEBUG - < PONG 7a 83 60 ce [binary, 4 bytes]
2023-04-17 12:01:06,204 - DEBUG - % received keepalive pong
2023-04-17 12:01:08,354 - DEBUG - % sending keepalive ping
2023-04-17 12:01:08,355 - DEBUG - > PING ff 25 72 80 [binary, 4 bytes]
2023-04-17 12:01:08,362 - DEBUG - < PONG ff 25 72 80 [binary, 4 bytes]
2023-04-17 12:01:08,365 - DEBUG - % received keepalive pong
2023-04-17 12:01:14,970 - DEBUG - % sending keepalive ping
2023-04-17 12:01:14,970 - DEBUG - > PING 9b 06 19 b5 [binary, 4 bytes]
2023-04-17 12:01:14,978 - DEBUG - < PONG 9b 06 19 b5 [binary, 4 bytes]
2023-04-17 12:01:14,981 - DEBUG - % received keepalive pong
2023-04-17 12:01:26,198 - DEBUG - % sending keepalive ping
2023-04-17 12:01:26,199 - DEBUG - > PING 05 77 45 8a [binary, 4 bytes]
2023-04-17 12:01:26,214 - DEBUG - < PONG 05 77 45 8a [binary, 4 bytes]
2023-04-17 12:01:26,220 - DEBUG - % received keepalive pong
2023-04-17 12:01:28,346 - DEBUG - % sending keepalive ping
2023-04-17 12:01:28,347 - DEBUG - > PING c8 3f ad 57 [binary, 4 bytes]
2023-04-17 12:01:28,354 - DEBUG - < PONG c8 3f ad 57 [binary, 4 bytes]
2023-04-17 12:01:28,364 - DEBUG - % received keepalive pong
2023-04-17 12:01:34,970 - DEBUG - % sending keepalive ping
2023-04-17 12:01:34,970 - DEBUG - > PING 9a b0 70 80 [binary, 4 bytes]
2023-04-17 12:01:34,984 - DEBUG - < PONG 9a b0 70 80 [binary, 4 bytes]
2023-04-17 12:01:34,988 - DEBUG - % received keepalive pong
2023-04-17 12:01:46,224 - DEBUG - % sending keepalive ping
2023-04-17 12:01:46,225 - DEBUG - > PING 49 15 25 86 [binary, 4 bytes]
2023-04-17 12:01:46,234 - DEBUG - < PONG 49 15 25 86 [binary, 4 bytes]
2023-04-17 12:01:46,243 - DEBUG - % received keepalive pong
2023-04-17 12:01:48,351 - DEBUG - % sending keepalive ping
2023-04-17 12:01:48,352 - DEBUG - > PING aa fa f6 0a [binary, 4 bytes]
2023-04-17 12:01:48,360 - DEBUG - < PONG aa fa f6 0a [binary, 4 bytes]
2023-04-17 12:01:48,364 - DEBUG - % received keepalive pong
2023-04-17 12:01:54,969 - DEBUG - % sending keepalive ping
2023-04-17 12:01:54,970 - DEBUG - > PING b0 f3 ea b1 [binary, 4 bytes]
2023-04-17 12:01:54,978 - DEBUG - < PONG b0 f3 ea b1 [binary, 4 bytes]
2023-04-17 12:01:54,981 - DEBUG - % received keepalive pong
2023-04-17 12:02:06,215 - DEBUG - % sending keepalive ping
2023-04-17 12:02:06,215 - DEBUG - > PING 0f 1a 9c 6b [binary, 4 bytes]
2023-04-17 12:02:06,222 - DEBUG - < PONG 0f 1a 9c 6b [binary, 4 bytes]
2023-04-17 12:02:06,227 - DEBUG - % received keepalive pong
2023-04-17 12:02:08,344 - DEBUG - % sending keepalive ping
2023-04-17 12:02:08,344 - DEBUG - > PING 58 b4 29 bc [binary, 4 bytes]
2023-04-17 12:02:08,351 - DEBUG - < PONG 58 b4 29 bc [binary, 4 bytes]
2023-04-17 12:02:08,355 - DEBUG - % received keepalive pong
2023-04-17 12:02:14,970 - DEBUG - % sending keepalive ping
2023-04-17 12:02:14,970 - DEBUG - > PING 63 5d c3 6e [binary, 4 bytes]
2023-04-17 12:02:14,978 - DEBUG - < PONG 63 5d c3 6e [binary, 4 bytes]
2023-04-17 12:02:14,982 - DEBUG - % received keepalive pong
2023-04-17 12:02:26,222 - DEBUG - % sending keepalive ping
2023-04-17 12:02:26,222 - DEBUG - > PING '/`+t' [text, 4 bytes]
2023-04-17 12:02:26,230 - DEBUG - < PONG '/`+t' [text, 4 bytes]
2023-04-17 12:02:26,234 - DEBUG - % received keepalive pong
2023-04-17 12:02:28,350 - DEBUG - % sending keepalive ping
2023-04-17 12:02:28,350 - DEBUG - > PING b0 20 b3 48 [binary, 4 bytes]
2023-04-17 12:02:28,358 - DEBUG - < PONG b0 20 b3 48 [binary, 4 bytes]
2023-04-17 12:02:28,363 - DEBUG - % received keepalive pong
2023-04-17 12:02:34,974 - DEBUG - % sending keepalive ping
2023-04-17 12:02:34,975 - DEBUG - > PING 0c 0e 48 85 [binary, 4 bytes]
2023-04-17 12:02:34,983 - DEBUG - < PONG 0c 0e 48 85 [binary, 4 bytes]
2023-04-17 12:02:34,990 - DEBUG - % received keepalive pong
2023-04-17 12:02:46,218 - DEBUG - % sending keepalive ping
2023-04-17 12:02:46,218 - DEBUG - > PING b0 9a 80 47 [binary, 4 bytes]
2023-04-17 12:02:46,227 - DEBUG - < PONG b0 9a 80 47 [binary, 4 bytes]
2023-04-17 12:02:46,233 - DEBUG - % received keepalive pong
2023-04-17 12:02:48,353 - DEBUG - % sending keepalive ping
2023-04-17 12:02:48,353 - DEBUG - > PING b0 68 ac 7e [binary, 4 bytes]
2023-04-17 12:02:48,363 - DEBUG - < PONG b0 68 ac 7e [binary, 4 bytes]
2023-04-17 12:02:48,372 - DEBUG - % received keepalive pong
2023-04-17 12:02:54,974 - DEBUG - % sending keepalive ping
2023-04-17 12:02:54,974 - DEBUG - > PING 78 92 00 26 [binary, 4 bytes]
2023-04-17 12:02:54,982 - DEBUG - < PONG 78 92 00 26 [binary, 4 bytes]
2023-04-17 12:02:54,987 - DEBUG - % received keepalive pong
2023-04-17 12:03:06,217 - DEBUG - % sending keepalive ping
2023-04-17 12:03:06,217 - DEBUG - > PING '\x05\u067a\x04' [text, 4 bytes]
2023-04-17 12:03:06,290 - DEBUG - < PONG '\x05\u067a\x04' [text, 4 bytes]
2023-04-17 12:03:06,295 - DEBUG - % received keepalive pong
2023-04-17 12:03:08,385 - DEBUG - % sending keepalive ping
2023-04-17 12:03:08,385 - DEBUG - > PING ff 27 df 3b [binary, 4 bytes]
2023-04-17 12:03:08,393 - DEBUG - < PONG ff 27 df 3b [binary, 4 bytes]
2023-04-17 12:03:08,396 - DEBUG - % received keepalive pong
2023-04-17 12:03:14,974 - DEBUG - % sending keepalive ping
2023-04-17 12:03:14,974 - DEBUG - > PING 'Go\u0273' [text, 4 bytes]
2023-04-17 12:03:14,981 - DEBUG - < PONG 'Go\u0273' [text, 4 bytes]
2023-04-17 12:03:14,985 - DEBUG - % received keepalive pong
2023-04-17 12:03:26,303 - DEBUG - % sending keepalive ping
2023-04-17 12:03:26,303 - DEBUG - > PING 'G\x14\x17c' [text, 4 bytes]
2023-04-17 12:03:26,311 - DEBUG - < PONG 'G\x14\x17c' [text, 4 bytes]
2023-04-17 12:03:26,314 - DEBUG - % received keepalive pong
2023-04-17 12:03:28,399 - DEBUG - % sending keepalive ping
2023-04-17 12:03:28,400 - DEBUG - > PING 93 96 c4 d4 [binary, 4 bytes]
2023-04-17 12:03:28,408 - DEBUG - < PONG 93 96 c4 d4 [binary, 4 bytes]
2023-04-17 12:03:28,411 - DEBUG - % received keepalive pong
2023-04-17 12:03:34,974 - DEBUG - % sending keepalive ping
2023-04-17 12:03:34,974 - DEBUG - > PING '\x1aie$' [text, 4 bytes]
2023-04-17 12:03:34,980 - DEBUG - < PONG '\x1aie$' [text, 4 bytes]
2023-04-17 12:03:34,983 - DEBUG - % received keepalive pong
2023-04-17 12:03:46,312 - DEBUG - % sending keepalive ping
2023-04-17 12:03:46,312 - DEBUG - > PING 38 cf 49 05 [binary, 4 bytes]
2023-04-17 12:03:46,321 - DEBUG - < PONG 38 cf 49 05 [binary, 4 bytes]
2023-04-17 12:03:46,326 - DEBUG - % received keepalive pong
2023-04-17 12:03:48,401 - DEBUG - % sending keepalive ping
2023-04-17 12:03:48,401 - DEBUG - > PING f1 45 e9 f0 [binary, 4 bytes]
2023-04-17 12:03:48,410 - DEBUG - < PONG f1 45 e9 f0 [binary, 4 bytes]
2023-04-17 12:03:48,413 - DEBUG - % received keepalive pong
2023-04-17 12:03:54,976 - DEBUG - % sending keepalive ping
2023-04-17 12:03:54,976 - DEBUG - > PING 'cf@F' [text, 4 bytes]
2023-04-17 12:03:54,983 - DEBUG - < PONG 'cf@F' [text, 4 bytes]
2023-04-17 12:03:54,988 - DEBUG - % received keepalive pong
2023-04-17 12:04:06,317 - DEBUG - % sending keepalive ping
2023-04-17 12:04:06,318 - DEBUG - > PING '\t¥æ\x0f' [text, 4 bytes]
2023-04-17 12:04:06,653 - DEBUG - < PONG '\t¥æ\x0f' [text, 4 bytes]
2023-04-17 12:04:06,656 - DEBUG - % received keepalive pong
2023-04-17 12:04:08,394 - DEBUG - % sending keepalive ping
2023-04-17 12:04:08,395 - DEBUG - > PING '*IaI' [text, 4 bytes]
2023-04-17 12:04:08,403 - DEBUG - < PONG '*IaI' [text, 4 bytes]
2023-04-17 12:04:08,407 - DEBUG - % received keepalive pong
2023-04-17 12:04:14,977 - DEBUG - % sending keepalive ping
2023-04-17 12:04:14,977 - DEBUG - > PING 94 79 07 d2 [binary, 4 bytes]
2023-04-17 12:04:15,002 - DEBUG - < PONG 94 79 07 d2 [binary, 4 bytes]
2023-04-17 12:04:15,006 - DEBUG - % received keepalive pong
2023-04-17 12:04:26,639 - DEBUG - % sending keepalive ping
2023-04-17 12:04:26,639 - DEBUG - > PING ee fc 20 89 [binary, 4 bytes]
2023-04-17 12:04:26,647 - DEBUG - < PONG ee fc 20 89 [binary, 4 bytes]
2023-04-17 12:04:26,649 - DEBUG - % received keepalive pong
2023-04-17 12:04:28,398 - DEBUG - % sending keepalive ping
2023-04-17 12:04:28,398 - DEBUG - > PING 59 2d a8 48 [binary, 4 bytes]
2023-04-17 12:04:28,405 - DEBUG - < PONG 59 2d a8 48 [binary, 4 bytes]
2023-04-17 12:04:28,408 - DEBUG - % received keepalive pong
2023-04-17 12:04:35,004 - DEBUG - % sending keepalive ping
2023-04-17 12:04:35,004 - DEBUG - > PING 2d f6 47 14 [binary, 4 bytes]
2023-04-17 12:04:35,013 - DEBUG - < PONG 2d f6 47 14 [binary, 4 bytes]
2023-04-17 12:04:35,017 - DEBUG - % received keepalive pong
2023-04-17 12:04:46,645 - DEBUG - % sending keepalive ping
2023-04-17 12:04:46,645 - DEBUG - > PING 19 3a f6 64 [binary, 4 bytes]
2023-04-17 12:04:46,654 - DEBUG - < PONG 19 3a f6 64 [binary, 4 bytes]
2023-04-17 12:04:46,657 - DEBUG - % received keepalive pong
2023-04-17 12:04:48,391 - DEBUG - % sending keepalive ping
2023-04-17 12:04:48,391 - DEBUG - > PING a8 b2 1f 50 [binary, 4 bytes]
2023-04-17 12:04:48,401 - DEBUG - < PONG a8 b2 1f 50 [binary, 4 bytes]
2023-04-17 12:04:48,406 - DEBUG - % received keepalive pong
2023-04-17 12:04:55,016 - DEBUG - % sending keepalive ping
2023-04-17 12:04:55,016 - DEBUG - > PING a5 e3 bc e5 [binary, 4 bytes]
2023-04-17 12:04:55,036 - DEBUG - < PONG a5 e3 bc e5 [binary, 4 bytes]
2023-04-17 12:04:55,040 - DEBUG - % received keepalive pong
2023-04-17 12:05:06,642 - DEBUG - % sending keepalive ping
2023-04-17 12:05:06,643 - DEBUG - > PING 43 43 91 69 [binary, 4 bytes]
2023-04-17 12:05:06,650 - DEBUG - < PONG 43 43 91 69 [binary, 4 bytes]
2023-04-17 12:05:06,654 - DEBUG - % received keepalive pong
2023-04-17 12:05:08,392 - DEBUG - % sending keepalive ping
2023-04-17 12:05:08,392 - DEBUG - > PING c5 89 9b 2d [binary, 4 bytes]
2023-04-17 12:05:08,400 - DEBUG - < PONG c5 89 9b 2d [binary, 4 bytes]
2023-04-17 12:05:08,403 - DEBUG - % received keepalive pong
2023-04-17 12:05:15,026 - DEBUG - % sending keepalive ping
2023-04-17 12:05:15,026 - DEBUG - > PING 54 1c 56 f2 [binary, 4 bytes]
2023-04-17 12:05:15,033 - DEBUG - < PONG 54 1c 56 f2 [binary, 4 bytes]
2023-04-17 12:05:15,036 - DEBUG - % received keepalive pong
2023-04-17 12:05:26,651 - DEBUG - % sending keepalive ping
2023-04-17 12:05:26,651 - DEBUG - > PING 61 b8 6a 14 [binary, 4 bytes]
2023-04-17 12:05:26,659 - DEBUG - < PONG 61 b8 6a 14 [binary, 4 bytes]
2023-04-17 12:05:26,662 - DEBUG - % received keepalive pong
2023-04-17 12:05:28,392 - DEBUG - % sending keepalive ping
2023-04-17 12:05:28,393 - DEBUG - > PING 8b 11 75 43 [binary, 4 bytes]
2023-04-17 12:05:28,406 - DEBUG - < PONG 8b 11 75 43 [binary, 4 bytes]
2023-04-17 12:05:28,411 - DEBUG - % received keepalive pong
2023-04-17 12:05:35,026 - DEBUG - % sending keepalive ping
2023-04-17 12:05:35,027 - DEBUG - > PING 72 04 b5 7f [binary, 4 bytes]
2023-04-17 12:05:35,033 - DEBUG - < PONG 72 04 b5 7f [binary, 4 bytes]
2023-04-17 12:05:35,038 - DEBUG - % received keepalive pong
2023-04-17 12:05:46,645 - DEBUG - % sending keepalive ping
2023-04-17 12:05:46,645 - DEBUG - > PING 0c f3 b7 6a [binary, 4 bytes]
2023-04-17 12:05:46,654 - DEBUG - < PONG 0c f3 b7 6a [binary, 4 bytes]
2023-04-17 12:05:46,658 - DEBUG - % received keepalive pong
2023-04-17 12:05:48,397 - DEBUG - % sending keepalive ping
2023-04-17 12:05:48,397 - DEBUG - > PING a6 4d 4b ec [binary, 4 bytes]
2023-04-17 12:05:48,408 - DEBUG - < PONG a6 4d 4b ec [binary, 4 bytes]
2023-04-17 12:05:48,413 - DEBUG - % received keepalive pong
2023-04-17 12:05:55,013 - DEBUG - % sending keepalive ping
2023-04-17 12:05:55,013 - DEBUG - > PING 6f dd 69 99 [binary, 4 bytes]
2023-04-17 12:05:55,022 - DEBUG - < PONG 6f dd 69 99 [binary, 4 bytes]
2023-04-17 12:05:55,025 - DEBUG - % received keepalive pong
2023-04-17 12:06:06,645 - DEBUG - % sending keepalive ping
2023-04-17 12:06:06,645 - DEBUG - > PING '\t)\u0582' [text, 4 bytes]
2023-04-17 12:06:06,652 - DEBUG - < PONG '\t)\u0582' [text, 4 bytes]
2023-04-17 12:06:06,656 - DEBUG - % received keepalive pong
2023-04-17 12:06:08,392 - DEBUG - % sending keepalive ping
2023-04-17 12:06:08,392 - DEBUG - > PING be 7e 56 c4 [binary, 4 bytes]
2023-04-17 12:06:08,402 - DEBUG - < PONG be 7e 56 c4 [binary, 4 bytes]
2023-04-17 12:06:08,409 - DEBUG - % received keepalive pong
2023-04-17 12:06:15,012 - DEBUG - % sending keepalive ping
2023-04-17 12:06:15,012 - DEBUG - > PING 19 be d5 70 [binary, 4 bytes]
2023-04-17 12:06:15,019 - DEBUG - < PONG 19 be d5 70 [binary, 4 bytes]
2023-04-17 12:06:15,023 - DEBUG - % received keepalive pong
2023-04-17 12:06:26,642 - DEBUG - % sending keepalive ping
2023-04-17 12:06:26,642 - DEBUG - > PING a3 d1 60 67 [binary, 4 bytes]
2023-04-17 12:06:26,650 - DEBUG - < PONG a3 d1 60 67 [binary, 4 bytes]
2023-04-17 12:06:26,653 - DEBUG - % received keepalive pong
2023-04-17 12:06:28,394 - DEBUG - % sending keepalive ping
2023-04-17 12:06:28,394 - DEBUG - > PING fa 49 93 a2 [binary, 4 bytes]
2023-04-17 12:06:28,401 - DEBUG - < PONG fa 49 93 a2 [binary, 4 bytes]
2023-04-17 12:06:28,404 - DEBUG - % received keepalive pong
2023-04-17 12:06:35,011 - DEBUG - % sending keepalive ping
2023-04-17 12:06:35,011 - DEBUG - > PING 74 df 2f 23 [binary, 4 bytes]
2023-04-17 12:06:35,019 - DEBUG - < PONG 74 df 2f 23 [binary, 4 bytes]
2023-04-17 12:06:35,022 - DEBUG - % received keepalive pong
2023-04-17 12:06:46,641 - DEBUG - % sending keepalive ping
2023-04-17 12:06:46,641 - DEBUG - > PING 2b 21 a3 e9 [binary, 4 bytes]
2023-04-17 12:06:46,648 - DEBUG - < PONG 2b 21 a3 e9 [binary, 4 bytes]
2023-04-17 12:06:46,652 - DEBUG - % received keepalive pong
2023-04-17 12:06:48,389 - DEBUG - % sending keepalive ping
2023-04-17 12:06:48,390 - DEBUG - > PING 'X~W\x1e' [text, 4 bytes]
2023-04-17 12:06:48,397 - DEBUG - < PONG 'X~W\x1e' [text, 4 bytes]
2023-04-17 12:06:48,400 - DEBUG - % received keepalive pong
2023-04-17 12:06:55,023 - DEBUG - % sending keepalive ping
2023-04-17 12:06:55,023 - DEBUG - > PING 98 45 07 f9 [binary, 4 bytes]
2023-04-17 12:06:55,038 - DEBUG - < PONG 98 45 07 f9 [binary, 4 bytes]
2023-04-17 12:06:55,041 - DEBUG - % received keepalive pong
2023-04-17 12:07:06,644 - DEBUG - % sending keepalive ping
2023-04-17 12:07:06,645 - DEBUG - > PING 21 1f 9f 9e [binary, 4 bytes]
2023-04-17 12:07:06,652 - DEBUG - < PONG 21 1f 9f 9e [binary, 4 bytes]
2023-04-17 12:07:06,654 - DEBUG - % received keepalive pong
2023-04-17 12:07:08,394 - DEBUG - % sending keepalive ping
2023-04-17 12:07:08,394 - DEBUG - > PING a2 41 af 7b [binary, 4 bytes]
2023-04-17 12:07:08,401 - DEBUG - < PONG a2 41 af 7b [binary, 4 bytes]
2023-04-17 12:07:08,404 - DEBUG - % received keepalive pong
2023-04-17 12:07:15,046 - DEBUG - % sending keepalive ping
2023-04-17 12:07:15,046 - DEBUG - > PING d6 df 01 10 [binary, 4 bytes]
2023-04-17 12:07:15,052 - DEBUG - < PONG d6 df 01 10 [binary, 4 bytes]
2023-04-17 12:07:15,055 - DEBUG - % received keepalive pong
2023-04-17 12:07:26,639 - DEBUG - % sending keepalive ping
2023-04-17 12:07:26,640 - DEBUG - > PING 11 19 04 bd [binary, 4 bytes]
2023-04-17 12:07:26,648 - DEBUG - < PONG 11 19 04 bd [binary, 4 bytes]
2023-04-17 12:07:26,650 - DEBUG - % received keepalive pong
2023-04-17 12:07:28,391 - DEBUG - % sending keepalive ping
2023-04-17 12:07:28,391 - DEBUG - > PING 70 a3 22 a6 [binary, 4 bytes]
2023-04-17 12:07:28,399 - DEBUG - < PONG 70 a3 22 a6 [binary, 4 bytes]
2023-04-17 12:07:28,401 - DEBUG - % received keepalive pong
2023-04-17 12:07:35,047 - DEBUG - % sending keepalive ping
2023-04-17 12:07:35,047 - DEBUG - > PING 73 fd 35 72 [binary, 4 bytes]
2023-04-17 12:07:35,055 - DEBUG - < PONG 73 fd 35 72 [binary, 4 bytes]
2023-04-17 12:07:35,057 - DEBUG - % received keepalive pong
2023-04-17 12:07:46,647 - DEBUG - % sending keepalive ping
2023-04-17 12:07:46,647 - DEBUG - > PING e0 49 5d dd [binary, 4 bytes]
2023-04-17 12:07:46,655 - DEBUG - < PONG e0 49 5d dd [binary, 4 bytes]
2023-04-17 12:07:46,658 - DEBUG - % received keepalive pong
2023-04-17 12:07:48,397 - DEBUG - % sending keepalive ping
2023-04-17 12:07:48,397 - DEBUG - > PING 8f 91 34 ed [binary, 4 bytes]
2023-04-17 12:07:48,405 - DEBUG - < PONG 8f 91 34 ed [binary, 4 bytes]
2023-04-17 12:07:48,407 - DEBUG - % received keepalive pong
2023-04-17 12:07:55,054 - DEBUG - % sending keepalive ping
2023-04-17 12:07:55,054 - DEBUG - > PING dc 9f f7 b8 [binary, 4 bytes]
2023-04-17 12:07:55,062 - DEBUG - < PONG dc 9f f7 b8 [binary, 4 bytes]
2023-04-17 12:07:55,064 - DEBUG - % received keepalive pong
2023-04-17 12:08:06,641 - DEBUG - % sending keepalive ping
2023-04-17 12:08:06,641 - DEBUG - > PING cb 5b ff 0d [binary, 4 bytes]
2023-04-17 12:08:06,650 - DEBUG - < PONG cb 5b ff 0d [binary, 4 bytes]
2023-04-17 12:08:06,653 - DEBUG - % received keepalive pong
2023-04-17 12:08:08,396 - DEBUG - % sending keepalive ping
2023-04-17 12:08:08,396 - DEBUG - > PING e8 13 f6 df [binary, 4 bytes]
2023-04-17 12:08:08,407 - DEBUG - < PONG e8 13 f6 df [binary, 4 bytes]
2023-04-17 12:08:08,410 - DEBUG - % received keepalive pong
2023-04-17 12:08:15,072 - DEBUG - % sending keepalive ping
2023-04-17 12:08:15,072 - DEBUG - > PING e4 b4 3f 64 [binary, 4 bytes]
2023-04-17 12:08:15,079 - DEBUG - < PONG e4 b4 3f 64 [binary, 4 bytes]
2023-04-17 12:08:15,082 - DEBUG - % received keepalive pong
2023-04-17 12:08:26,650 - DEBUG - % sending keepalive ping
2023-04-17 12:08:26,650 - DEBUG - > PING cf eb ac 38 [binary, 4 bytes]
2023-04-17 12:08:26,657 - DEBUG - < PONG cf eb ac 38 [binary, 4 bytes]
2023-04-17 12:08:26,660 - DEBUG - % received keepalive pong
2023-04-17 12:08:28,389 - DEBUG - % sending keepalive ping
2023-04-17 12:08:28,389 - DEBUG - > PING a0 d2 26 4e [binary, 4 bytes]
2023-04-17 12:08:28,397 - DEBUG - < PONG a0 d2 26 4e [binary, 4 bytes]
2023-04-17 12:08:28,400 - DEBUG - % received keepalive pong
2023-04-17 12:08:35,073 - DEBUG - % sending keepalive ping
2023-04-17 12:08:35,073 - DEBUG - > PING d7 71 19 47 [binary, 4 bytes]
2023-04-17 12:08:35,080 - DEBUG - < PONG d7 71 19 47 [binary, 4 bytes]
2023-04-17 12:08:35,082 - DEBUG - % received keepalive pong
2023-04-17 12:08:46,647 - DEBUG - % sending keepalive ping
2023-04-17 12:08:46,647 - DEBUG - > PING 12 01 ae 74 [binary, 4 bytes]
2023-04-17 12:08:46,656 - DEBUG - < PONG 12 01 ae 74 [binary, 4 bytes]
2023-04-17 12:08:46,658 - DEBUG - % received keepalive pong
2023-04-17 12:08:48,387 - DEBUG - % sending keepalive ping
2023-04-17 12:08:48,387 - DEBUG - > PING 1b ee 44 8b [binary, 4 bytes]
2023-04-17 12:08:48,394 - DEBUG - < PONG 1b ee 44 8b [binary, 4 bytes]
2023-04-17 12:08:48,398 - DEBUG - % received keepalive pong
2023-04-17 12:08:55,072 - DEBUG - % sending keepalive ping
2023-04-17 12:08:55,072 - DEBUG - > PING 8e 04 0f 61 [binary, 4 bytes]
2023-04-17 12:08:55,082 - DEBUG - < PONG 8e 04 0f 61 [binary, 4 bytes]
2023-04-17 12:08:55,085 - DEBUG - % received keepalive pong
2023-04-17 12:09:06,639 - DEBUG - % sending keepalive ping
2023-04-17 12:09:06,640 - DEBUG - > PING 40 8c 9e f5 [binary, 4 bytes]
2023-04-17 12:09:06,648 - DEBUG - < PONG 40 8c 9e f5 [binary, 4 bytes]
2023-04-17 12:09:06,653 - DEBUG - % received keepalive pong
2023-04-17 12:09:08,392 - DEBUG - % sending keepalive ping
2023-04-17 12:09:08,392 - DEBUG - > PING 6b d0 33 d1 [binary, 4 bytes]
2023-04-17 12:09:08,400 - DEBUG - < PONG 6b d0 33 d1 [binary, 4 bytes]
2023-04-17 12:09:08,403 - DEBUG - % received keepalive pong
2023-04-17 12:09:15,065 - DEBUG - % sending keepalive ping
2023-04-17 12:09:15,066 - DEBUG - > PING 8b 91 ae ea [binary, 4 bytes]
2023-04-17 12:09:15,073 - DEBUG - < PONG 8b 91 ae ea [binary, 4 bytes]
2023-04-17 12:09:15,075 - DEBUG - % received keepalive pong
2023-04-17 12:09:26,650 - DEBUG - % sending keepalive ping
2023-04-17 12:09:26,650 - DEBUG - > PING d1 d5 62 a2 [binary, 4 bytes]
2023-04-17 12:09:26,657 - DEBUG - < PONG d1 d5 62 a2 [binary, 4 bytes]
2023-04-17 12:09:26,660 - DEBUG - % received keepalive pong
2023-04-17 12:09:28,390 - DEBUG - % sending keepalive ping
2023-04-17 12:09:28,390 - DEBUG - > PING 40 8a b5 eb [binary, 4 bytes]
2023-04-17 12:09:28,399 - DEBUG - < PONG 40 8a b5 eb [binary, 4 bytes]
2023-04-17 12:09:28,402 - DEBUG - % received keepalive pong
2023-04-17 12:09:35,070 - DEBUG - % sending keepalive ping
2023-04-17 12:09:35,071 - DEBUG - > PING 1f ec 5c 4a [binary, 4 bytes]
2023-04-17 12:09:35,081 - DEBUG - < PONG 1f ec 5c 4a [binary, 4 bytes]
2023-04-17 12:09:35,083 - DEBUG - % received keepalive pong
2023-04-17 12:09:46,648 - DEBUG - % sending keepalive ping
2023-04-17 12:09:46,648 - DEBUG - > PING 2c 38 76 8d [binary, 4 bytes]
2023-04-17 12:09:46,672 - DEBUG - < PONG 2c 38 76 8d [binary, 4 bytes]
2023-04-17 12:09:46,676 - DEBUG - % received keepalive pong
2023-04-17 12:09:48,390 - DEBUG - % sending keepalive ping
2023-04-17 12:09:48,390 - DEBUG - > PING 06 c5 5c 5c [binary, 4 bytes]
2023-04-17 12:09:48,398 - DEBUG - < PONG 06 c5 5c 5c [binary, 4 bytes]
2023-04-17 12:09:48,402 - DEBUG - % received keepalive pong
2023-04-17 12:09:55,058 - DEBUG - % sending keepalive ping
2023-04-17 12:09:55,058 - DEBUG - > PING 95 51 5b 77 [binary, 4 bytes]
2023-04-17 12:09:55,065 - DEBUG - < PONG 95 51 5b 77 [binary, 4 bytes]
2023-04-17 12:09:55,067 - DEBUG - % received keepalive pong
2023-04-17 12:10:06,679 - DEBUG - % sending keepalive ping
2023-04-17 12:10:06,679 - DEBUG - > PING 1e 7f 22 eb [binary, 4 bytes]
2023-04-17 12:10:06,687 - DEBUG - < PONG 1e 7f 22 eb [binary, 4 bytes]
2023-04-17 12:10:06,689 - DEBUG - % received keepalive pong
2023-04-17 12:10:08,397 - DEBUG - % sending keepalive ping
2023-04-17 12:10:08,397 - DEBUG - > PING 90 cd 11 e0 [binary, 4 bytes]
2023-04-17 12:10:08,405 - DEBUG - < PONG 90 cd 11 e0 [binary, 4 bytes]
2023-04-17 12:10:08,409 - DEBUG - % received keepalive pong
2023-04-17 12:10:15,066 - DEBUG - % sending keepalive ping
2023-04-17 12:10:15,066 - DEBUG - > PING 48 46 e8 c5 [binary, 4 bytes]
2023-04-17 12:10:15,073 - DEBUG - < PONG 48 46 e8 c5 [binary, 4 bytes]
2023-04-17 12:10:15,075 - DEBUG - % received keepalive pong
2023-04-17 12:10:26,688 - DEBUG - % sending keepalive ping
2023-04-17 12:10:26,688 - DEBUG - > PING d8 b0 01 ca [binary, 4 bytes]
2023-04-17 12:10:26,696 - DEBUG - < PONG d8 b0 01 ca [binary, 4 bytes]
2023-04-17 12:10:26,700 - DEBUG - % received keepalive pong
2023-04-17 12:10:28,389 - DEBUG - % sending keepalive ping
2023-04-17 12:10:28,389 - DEBUG - > PING 5b b3 e0 66 [binary, 4 bytes]
2023-04-17 12:10:28,397 - DEBUG - < PONG 5b b3 e0 66 [binary, 4 bytes]
2023-04-17 12:10:28,400 - DEBUG - % received keepalive pong
2023-04-17 12:10:35,073 - DEBUG - % sending keepalive ping
2023-04-17 12:10:35,073 - DEBUG - > PING 58 d5 fc da [binary, 4 bytes]
2023-04-17 12:10:35,079 - DEBUG - < PONG 58 d5 fc da [binary, 4 bytes]
2023-04-17 12:10:35,082 - DEBUG - % received keepalive pong
2023-04-17 12:10:46,698 - DEBUG - % sending keepalive ping
2023-04-17 12:10:46,698 - DEBUG - > PING 39 9b 25 3b [binary, 4 bytes]
2023-04-17 12:10:46,705 - DEBUG - < PONG 39 9b 25 3b [binary, 4 bytes]
2023-04-17 12:10:46,708 - DEBUG - % received keepalive pong
2023-04-17 12:10:48,391 - DEBUG - % sending keepalive ping
2023-04-17 12:10:48,392 - DEBUG - > PING '+G.R' [text, 4 bytes]
2023-04-17 12:10:48,401 - DEBUG - < PONG '+G.R' [text, 4 bytes]
2023-04-17 12:10:48,404 - DEBUG - % received keepalive pong
2023-04-17 12:10:55,071 - DEBUG - % sending keepalive ping
2023-04-17 12:10:55,072 - DEBUG - > PING b4 65 8f 1e [binary, 4 bytes]
2023-04-17 12:10:55,078 - DEBUG - < PONG b4 65 8f 1e [binary, 4 bytes]
2023-04-17 12:10:55,081 - DEBUG - % received keepalive pong
2023-04-17 12:11:06,690 - DEBUG - % sending keepalive ping
2023-04-17 12:11:06,690 - DEBUG - > PING ff d0 e2 b2 [binary, 4 bytes]
2023-04-17 12:11:06,698 - DEBUG - < PONG ff d0 e2 b2 [binary, 4 bytes]
2023-04-17 12:11:06,700 - DEBUG - % received keepalive pong
2023-04-17 12:11:08,402 - DEBUG - % sending keepalive ping
2023-04-17 12:11:08,402 - DEBUG - > PING fa 61 47 97 [binary, 4 bytes]
2023-04-17 12:11:08,409 - DEBUG - < PONG fa 61 47 97 [binary, 4 bytes]
2023-04-17 12:11:08,412 - DEBUG - % received keepalive pong
2023-04-17 12:11:15,060 - DEBUG - % sending keepalive ping
2023-04-17 12:11:15,060 - DEBUG - > PING bf 34 b4 74 [binary, 4 bytes]
2023-04-17 12:11:15,068 - DEBUG - < PONG bf 34 b4 74 [binary, 4 bytes]
2023-04-17 12:11:15,070 - DEBUG - % received keepalive pong
2023-04-17 12:11:26,695 - DEBUG - % sending keepalive ping
2023-04-17 12:11:26,695 - DEBUG - > PING 89 fc fb 13 [binary, 4 bytes]
2023-04-17 12:11:26,705 - DEBUG - < PONG 89 fc fb 13 [binary, 4 bytes]
2023-04-17 12:11:26,708 - DEBUG - % received keepalive pong
2023-04-17 12:11:28,392 - DEBUG - % sending keepalive ping
2023-04-17 12:11:28,393 - DEBUG - > PING 6d ad e7 83 [binary, 4 bytes]
2023-04-17 12:11:28,400 - DEBUG - < PONG 6d ad e7 83 [binary, 4 bytes]
2023-04-17 12:11:28,403 - DEBUG - % received keepalive pong
2023-04-17 12:11:35,070 - DEBUG - % sending keepalive ping
2023-04-17 12:11:35,070 - DEBUG - > PING '\u024a\x1d\x03' [text, 4 bytes]
2023-04-17 12:11:35,079 - DEBUG - < PONG '\u024a\x1d\x03' [text, 4 bytes]
2023-04-17 12:11:35,082 - DEBUG - % received keepalive pong
2023-04-17 12:11:46,696 - DEBUG - % sending keepalive ping
2023-04-17 12:11:46,696 - DEBUG - > PING ce 73 f6 4e [binary, 4 bytes]
2023-04-17 12:11:46,705 - DEBUG - < PONG ce 73 f6 4e [binary, 4 bytes]
2023-04-17 12:11:46,708 - DEBUG - % received keepalive pong
2023-04-17 12:11:48,392 - DEBUG - % sending keepalive ping
2023-04-17 12:11:48,392 - DEBUG - > PING d4 a7 c1 94 [binary, 4 bytes]
2023-04-17 12:11:48,402 - DEBUG - < PONG d4 a7 c1 94 [binary, 4 bytes]
2023-04-17 12:11:48,404 - DEBUG - % received keepalive pong
2023-04-17 12:11:55,066 - DEBUG - % sending keepalive ping
2023-04-17 12:11:55,067 - DEBUG - > PING 0f f7 e6 65 [binary, 4 bytes]
2023-04-17 12:11:55,073 - DEBUG - < PONG 0f f7 e6 65 [binary, 4 bytes]
2023-04-17 12:11:55,077 - DEBUG - % received keepalive pong
2023-04-17 12:12:06,692 - DEBUG - % sending keepalive ping
2023-04-17 12:12:06,692 - DEBUG - > PING aa b0 58 56 [binary, 4 bytes]
2023-04-17 12:12:06,709 - DEBUG - < PONG aa b0 58 56 [binary, 4 bytes]
2023-04-17 12:12:06,712 - DEBUG - % received keepalive pong
2023-04-17 12:12:08,392 - DEBUG - % sending keepalive ping
2023-04-17 12:12:08,392 - DEBUG - > PING 45 95 7f db [binary, 4 bytes]
2023-04-17 12:12:08,402 - DEBUG - < PONG 45 95 7f db [binary, 4 bytes]
2023-04-17 12:12:08,406 - DEBUG - % received keepalive pong
2023-04-17 12:12:15,071 - DEBUG - % sending keepalive ping
2023-04-17 12:12:15,071 - DEBUG - > PING a5 04 37 1c [binary, 4 bytes]
2023-04-17 12:12:15,078 - DEBUG - < PONG a5 04 37 1c [binary, 4 bytes]
2023-04-17 12:12:15,081 - DEBUG - % received keepalive pong
2023-04-17 12:12:26,688 - DEBUG - % sending keepalive ping
2023-04-17 12:12:26,688 - DEBUG - > PING '\x04QG\x12' [text, 4 bytes]
2023-04-17 12:12:26,695 - DEBUG - < PONG '\x04QG\x12' [text, 4 bytes]
2023-04-17 12:12:26,698 - DEBUG - % received keepalive pong
2023-04-17 12:12:28,394 - DEBUG - % sending keepalive ping
2023-04-17 12:12:28,394 - DEBUG - > PING 38 b3 b4 9b [binary, 4 bytes]
2023-04-17 12:12:28,403 - DEBUG - < PONG 38 b3 b4 9b [binary, 4 bytes]
2023-04-17 12:12:28,405 - DEBUG - % received keepalive pong
2023-04-17 12:12:35,070 - DEBUG - % sending keepalive ping
2023-04-17 12:12:35,070 - DEBUG - > PING 62 0f 9c f9 [binary, 4 bytes]
2023-04-17 12:12:35,076 - DEBUG - < PONG 62 0f 9c f9 [binary, 4 bytes]
2023-04-17 12:12:35,079 - DEBUG - % received keepalive pong
2023-04-17 12:12:46,692 - DEBUG - % sending keepalive ping
2023-04-17 12:12:46,692 - DEBUG - > PING ba 69 da d5 [binary, 4 bytes]
2023-04-17 12:12:46,700 - DEBUG - < PONG ba 69 da d5 [binary, 4 bytes]
2023-04-17 12:12:46,705 - DEBUG - % received keepalive pong
2023-04-17 12:12:48,396 - DEBUG - % sending keepalive ping
2023-04-17 12:12:48,396 - DEBUG - > PING fd 2f d5 c7 [binary, 4 bytes]
2023-04-17 12:12:48,406 - DEBUG - < PONG fd 2f d5 c7 [binary, 4 bytes]
2023-04-17 12:12:48,410 - DEBUG - % received keepalive pong
2023-04-17 12:12:55,068 - DEBUG - % sending keepalive ping
2023-04-17 12:12:55,069 - DEBUG - > PING f4 ff 2e 5b [binary, 4 bytes]
2023-04-17 12:12:55,075 - DEBUG - < PONG f4 ff 2e 5b [binary, 4 bytes]
2023-04-17 12:12:55,077 - DEBUG - % received keepalive pong
2023-04-17 12:13:06,694 - DEBUG - % sending keepalive ping
2023-04-17 12:13:06,694 - DEBUG - > PING 6b 59 b6 36 [binary, 4 bytes]
2023-04-17 12:13:06,701 - DEBUG - < PONG 6b 59 b6 36 [binary, 4 bytes]
2023-04-17 12:13:06,704 - DEBUG - % received keepalive pong
2023-04-17 12:13:08,387 - DEBUG - % sending keepalive ping
2023-04-17 12:13:08,387 - DEBUG - > PING '\\aK\x00' [text, 4 bytes]
2023-04-17 12:13:08,395 - DEBUG - < PONG '\\aK\x00' [text, 4 bytes]
2023-04-17 12:13:08,397 - DEBUG - % received keepalive pong
2023-04-17 12:13:15,072 - DEBUG - % sending keepalive ping
2023-04-17 12:13:15,072 - DEBUG - > PING b3 8d 6a 28 [binary, 4 bytes]
2023-04-17 12:13:15,080 - DEBUG - < PONG b3 8d 6a 28 [binary, 4 bytes]
2023-04-17 12:13:15,082 - DEBUG - % received keepalive pong
2023-04-17 12:13:26,689 - DEBUG - % sending keepalive ping
2023-04-17 12:13:26,689 - DEBUG - > PING 99 6d e8 66 [binary, 4 bytes]
2023-04-17 12:13:26,697 - DEBUG - < PONG 99 6d e8 66 [binary, 4 bytes]
2023-04-17 12:13:26,700 - DEBUG - % received keepalive pong
2023-04-17 12:13:28,389 - DEBUG - % sending keepalive ping
2023-04-17 12:13:28,389 - DEBUG - > PING 3f 77 b5 57 [binary, 4 bytes]
2023-04-17 12:13:28,399 - DEBUG - < PONG 3f 77 b5 57 [binary, 4 bytes]
2023-04-17 12:13:28,407 - DEBUG - % received keepalive pong
2023-04-17 12:13:35,062 - DEBUG - % sending keepalive ping
2023-04-17 12:13:35,063 - DEBUG - > PING ab 40 82 c1 [binary, 4 bytes]
2023-04-17 12:13:35,070 - DEBUG - < PONG ab 40 82 c1 [binary, 4 bytes]
2023-04-17 12:13:35,073 - DEBUG - % received keepalive pong
2023-04-17 12:13:46,694 - DEBUG - % sending keepalive ping
2023-04-17 12:13:46,694 - DEBUG - > PING '\x00\x18\u0784' [text, 4 bytes]
2023-04-17 12:13:46,921 - DEBUG - < PONG '\x00\x18\u0784' [text, 4 bytes]
2023-04-17 12:13:46,926 - DEBUG - % received keepalive pong
2023-04-17 12:13:48,398 - DEBUG - % sending keepalive ping
2023-04-17 12:13:48,398 - DEBUG - > PING 39 18 12 80 [binary, 4 bytes]
2023-04-17 12:13:48,406 - DEBUG - < PONG 39 18 12 80 [binary, 4 bytes]
2023-04-17 12:13:48,409 - DEBUG - % received keepalive pong
2023-04-17 12:13:55,065 - DEBUG - % sending keepalive ping
2023-04-17 12:13:55,065 - DEBUG - > PING 22 fd f8 57 [binary, 4 bytes]
2023-04-17 12:13:55,073 - DEBUG - < PONG 22 fd f8 57 [binary, 4 bytes]
2023-04-17 12:13:55,077 - DEBUG - % received keepalive pong
2023-04-17 12:14:06,923 - DEBUG - % sending keepalive ping
2023-04-17 12:14:06,923 - DEBUG - > PING fc d7 cd b6 [binary, 4 bytes]
2023-04-17 12:14:06,930 - DEBUG - < PONG fc d7 cd b6 [binary, 4 bytes]
2023-04-17 12:14:06,933 - DEBUG - % received keepalive pong
2023-04-17 12:14:08,391 - DEBUG - % sending keepalive ping
2023-04-17 12:14:08,392 - DEBUG - > PING 'B\x1f\u059b' [text, 4 bytes]
2023-04-17 12:14:08,437 - DEBUG - < PONG 'B\x1f\u059b' [text, 4 bytes]
2023-04-17 12:14:08,443 - DEBUG - % received keepalive pong
2023-04-17 12:14:15,063 - DEBUG - % sending keepalive ping
2023-04-17 12:14:15,063 - DEBUG - > PING 86 31 64 81 [binary, 4 bytes]
2023-04-17 12:14:15,070 - DEBUG - < PONG 86 31 64 81 [binary, 4 bytes]
2023-04-17 12:14:15,072 - DEBUG - % received keepalive pong
2023-04-17 12:14:26,943 - DEBUG - % sending keepalive ping
2023-04-17 12:14:26,943 - DEBUG - > PING 6a a7 2b 95 [binary, 4 bytes]
2023-04-17 12:14:26,951 - DEBUG - < PONG 6a a7 2b 95 [binary, 4 bytes]
2023-04-17 12:14:26,959 - DEBUG - % received keepalive pong
2023-04-17 12:14:28,436 - DEBUG - % sending keepalive ping
2023-04-17 12:14:28,436 - DEBUG - > PING 54 c5 f9 56 [binary, 4 bytes]
2023-04-17 12:14:28,444 - DEBUG - < PONG 54 c5 f9 56 [binary, 4 bytes]
2023-04-17 12:14:28,449 - DEBUG - % received keepalive pong
2023-04-17 12:14:35,058 - DEBUG - % sending keepalive ping
2023-04-17 12:14:35,058 - DEBUG - > PING 52 25 d9 7e [binary, 4 bytes]
2023-04-17 12:14:35,083 - DEBUG - < PONG 52 25 d9 7e [binary, 4 bytes]
2023-04-17 12:14:35,086 - DEBUG - % received keepalive pong
2023-04-17 12:14:46,950 - DEBUG - % sending keepalive ping
2023-04-17 12:14:46,950 - DEBUG - > PING 13 9c f8 27 [binary, 4 bytes]
2023-04-17 12:14:46,957 - DEBUG - < PONG 13 9c f8 27 [binary, 4 bytes]
2023-04-17 12:14:46,960 - DEBUG - % received keepalive pong
2023-04-17 12:14:48,435 - DEBUG - % sending keepalive ping
2023-04-17 12:14:48,435 - DEBUG - > PING '\x7f@\u06be' [text, 4 bytes]
2023-04-17 12:14:48,446 - DEBUG - < PONG '\x7f@\u06be' [text, 4 bytes]
2023-04-17 12:14:48,450 - DEBUG - % received keepalive pong
2023-04-17 12:14:55,061 - DEBUG - % sending keepalive ping
2023-04-17 12:14:55,061 - DEBUG - > PING 72 dc 29 6b [binary, 4 bytes]
2023-04-17 12:14:55,068 - DEBUG - < PONG 72 dc 29 6b [binary, 4 bytes]
2023-04-17 12:14:55,070 - DEBUG - % received keepalive pong
2023-04-17 12:15:06,936 - DEBUG - % sending keepalive ping
2023-04-17 12:15:06,936 - DEBUG - > PING 17 50 ea 68 [binary, 4 bytes]
2023-04-17 12:15:06,943 - DEBUG - < PONG 17 50 ea 68 [binary, 4 bytes]
2023-04-17 12:15:06,945 - DEBUG - % received keepalive pong
2023-04-17 12:15:08,449 - DEBUG - % sending keepalive ping
2023-04-17 12:15:08,449 - DEBUG - > PING 46 cc 57 f2 [binary, 4 bytes]
2023-04-17 12:15:08,463 - DEBUG - < PONG 46 cc 57 f2 [binary, 4 bytes]
2023-04-17 12:15:08,467 - DEBUG - % received keepalive pong
2023-04-17 12:15:15,059 - DEBUG - % sending keepalive ping
2023-04-17 12:15:15,059 - DEBUG - > PING 95 a4 b0 f9 [binary, 4 bytes]
2023-04-17 12:15:15,069 - DEBUG - < PONG 95 a4 b0 f9 [binary, 4 bytes]
2023-04-17 12:15:15,071 - DEBUG - % received keepalive pong
2023-04-17 12:15:26,944 - DEBUG - % sending keepalive ping
2023-04-17 12:15:26,944 - DEBUG - > PING b0 63 16 52 [binary, 4 bytes]
2023-04-17 12:15:26,951 - DEBUG - < PONG b0 63 16 52 [binary, 4 bytes]
2023-04-17 12:15:26,954 - DEBUG - % received keepalive pong
2023-04-17 12:15:28,464 - DEBUG - % sending keepalive ping
2023-04-17 12:15:28,465 - DEBUG - > PING 60 c7 f0 42 [binary, 4 bytes]
2023-04-17 12:15:28,472 - DEBUG - < PONG 60 c7 f0 42 [binary, 4 bytes]
2023-04-17 12:15:28,474 - DEBUG - % received keepalive pong
2023-04-17 12:15:35,060 - DEBUG - % sending keepalive ping
2023-04-17 12:15:35,061 - DEBUG - > PING 11 cb 24 eb [binary, 4 bytes]
2023-04-17 12:15:35,067 - DEBUG - < PONG 11 cb 24 eb [binary, 4 bytes]
2023-04-17 12:15:35,069 - DEBUG - % received keepalive pong
2023-04-17 12:15:46,944 - DEBUG - % sending keepalive ping
2023-04-17 12:15:46,945 - DEBUG - > PING 7c 8a 1f 58 [binary, 4 bytes]
2023-04-17 12:15:46,952 - DEBUG - < PONG 7c 8a 1f 58 [binary, 4 bytes]
2023-04-17 12:15:46,955 - DEBUG - % received keepalive pong
2023-04-17 12:15:48,467 - DEBUG - % sending keepalive ping
2023-04-17 12:15:48,467 - DEBUG - > PING 31 9b 62 0f [binary, 4 bytes]
2023-04-17 12:15:48,478 - DEBUG - < PONG 31 9b 62 0f [binary, 4 bytes]
2023-04-17 12:15:48,481 - DEBUG - % received keepalive pong
2023-04-17 12:15:55,070 - DEBUG - % sending keepalive ping
2023-04-17 12:15:55,070 - DEBUG - > PING 7c 7e f0 40 [binary, 4 bytes]
2023-04-17 12:15:55,077 - DEBUG - < PONG 7c 7e f0 40 [binary, 4 bytes]
2023-04-17 12:15:55,080 - DEBUG - % received keepalive pong
2023-04-17 12:16:06,962 - DEBUG - % sending keepalive ping
2023-04-17 12:16:06,962 - DEBUG - > PING 09 2f a5 7f [binary, 4 bytes]
2023-04-17 12:16:06,969 - DEBUG - < PONG 09 2f a5 7f [binary, 4 bytes]
2023-04-17 12:16:06,971 - DEBUG - % received keepalive pong
2023-04-17 12:16:08,475 - DEBUG - % sending keepalive ping
2023-04-17 12:16:08,475 - DEBUG - > PING b1 fc b1 d4 [binary, 4 bytes]
2023-04-17 12:16:08,482 - DEBUG - < PONG b1 fc b1 d4 [binary, 4 bytes]
2023-04-17 12:16:08,485 - DEBUG - % received keepalive pong
2023-04-17 12:16:15,063 - DEBUG - % sending keepalive ping
2023-04-17 12:16:15,063 - DEBUG - > PING 41 a5 7e c3 [binary, 4 bytes]
2023-04-17 12:16:15,075 - DEBUG - < PONG 41 a5 7e c3 [binary, 4 bytes]
2023-04-17 12:16:15,080 - DEBUG - % received keepalive pong
2023-04-17 12:16:26,964 - DEBUG - % sending keepalive ping
2023-04-17 12:16:26,965 - DEBUG - > PING 'b{5:' [text, 4 bytes]
2023-04-17 12:16:26,972 - DEBUG - < PONG 'b{5:' [text, 4 bytes]
2023-04-17 12:16:26,974 - DEBUG - % received keepalive pong
2023-04-17 12:16:28,475 - DEBUG - % sending keepalive ping
2023-04-17 12:16:28,476 - DEBUG - > PING 24 95 fc d8 [binary, 4 bytes]
2023-04-17 12:16:28,489 - DEBUG - < PONG 24 95 fc d8 [binary, 4 bytes]
2023-04-17 12:16:28,494 - DEBUG - % received keepalive pong
2023-04-17 12:16:35,069 - DEBUG - % sending keepalive ping
2023-04-17 12:16:35,069 - DEBUG - > PING c2 53 05 d5 [binary, 4 bytes]
2023-04-17 12:16:35,075 - DEBUG - < PONG c2 53 05 d5 [binary, 4 bytes]
2023-04-17 12:16:35,077 - DEBUG - % received keepalive pong
2023-04-17 12:16:46,976 - DEBUG - % sending keepalive ping
2023-04-17 12:16:46,976 - DEBUG - > PING 8d 5e 0f 60 [binary, 4 bytes]
2023-04-17 12:16:46,985 - DEBUG - < PONG 8d 5e 0f 60 [binary, 4 bytes]
2023-04-17 12:16:46,988 - DEBUG - % received keepalive pong
2023-04-17 12:16:48,472 - DEBUG - % sending keepalive ping
2023-04-17 12:16:48,473 - DEBUG - > PING 8b f7 7f ba [binary, 4 bytes]
2023-04-17 12:16:48,481 - DEBUG - < PONG 8b f7 7f ba [binary, 4 bytes]
2023-04-17 12:16:48,484 - DEBUG - % received keepalive pong
2023-04-17 12:16:55,061 - DEBUG - % sending keepalive ping
2023-04-17 12:16:55,061 - DEBUG - > PING 5e da d9 db [binary, 4 bytes]
2023-04-17 12:16:55,068 - DEBUG - < PONG 5e da d9 db [binary, 4 bytes]
2023-04-17 12:16:55,071 - DEBUG - % received keepalive pong
2023-04-17 12:17:06,966 - DEBUG - % sending keepalive ping
2023-04-17 12:17:06,966 - DEBUG - > PING 67 97 df 20 [binary, 4 bytes]
2023-04-17 12:17:06,973 - DEBUG - < PONG 67 97 df 20 [binary, 4 bytes]
2023-04-17 12:17:06,976 - DEBUG - % received keepalive pong
2023-04-17 12:17:08,465 - DEBUG - % sending keepalive ping
2023-04-17 12:17:08,465 - DEBUG - > PING 57 01 f2 04 [binary, 4 bytes]
2023-04-17 12:17:08,473 - DEBUG - < PONG 57 01 f2 04 [binary, 4 bytes]
2023-04-17 12:17:08,476 - DEBUG - % received keepalive pong
2023-04-17 12:17:15,070 - DEBUG - % sending keepalive ping
2023-04-17 12:17:15,070 - DEBUG - > PING ea d0 f6 b0 [binary, 4 bytes]
2023-04-17 12:17:15,077 - DEBUG - < PONG ea d0 f6 b0 [binary, 4 bytes]
2023-04-17 12:17:15,081 - DEBUG - % received keepalive pong
2023-04-17 12:17:26,970 - DEBUG - % sending keepalive ping
2023-04-17 12:17:26,970 - DEBUG - > PING ee 23 4a c0 [binary, 4 bytes]
2023-04-17 12:17:26,977 - DEBUG - < PONG ee 23 4a c0 [binary, 4 bytes]
2023-04-17 12:17:26,980 - DEBUG - % received keepalive pong
2023-04-17 12:17:28,464 - DEBUG - % sending keepalive ping
2023-04-17 12:17:28,464 - DEBUG - > PING 62 4f b4 1a [binary, 4 bytes]
2023-04-17 12:17:28,471 - DEBUG - < PONG 62 4f b4 1a [binary, 4 bytes]
2023-04-17 12:17:28,473 - DEBUG - % received keepalive pong
2023-04-17 12:17:35,066 - DEBUG - % sending keepalive ping
2023-04-17 12:17:35,066 - DEBUG - > PING '6$l\x7f' [text, 4 bytes]
2023-04-17 12:17:35,073 - DEBUG - < PONG '6$l\x7f' [text, 4 bytes]
2023-04-17 12:17:35,076 - DEBUG - % received keepalive pong
2023-04-17 12:17:46,974 - DEBUG - % sending keepalive ping
2023-04-17 12:17:46,974 - DEBUG - > PING 6d 1a df cc [binary, 4 bytes]
2023-04-17 12:17:46,982 - DEBUG - < PONG 6d 1a df cc [binary, 4 bytes]
2023-04-17 12:17:46,985 - DEBUG - % received keepalive pong
2023-04-17 12:17:48,472 - DEBUG - % sending keepalive ping
2023-04-17 12:17:48,472 - DEBUG - > PING a0 b2 63 ff [binary, 4 bytes]
2023-04-17 12:17:48,480 - DEBUG - < PONG a0 b2 63 ff [binary, 4 bytes]
2023-04-17 12:17:48,483 - DEBUG - % received keepalive pong
2023-04-17 12:17:55,060 - DEBUG - % sending keepalive ping
2023-04-17 12:17:55,060 - DEBUG - > PING 8f 6e f3 a5 [binary, 4 bytes]
2023-04-17 12:17:55,070 - DEBUG - < PONG 8f 6e f3 a5 [binary, 4 bytes]
2023-04-17 12:17:55,073 - DEBUG - % received keepalive pong
2023-04-17 12:18:06,977 - DEBUG - % sending keepalive ping
2023-04-17 12:18:06,977 - DEBUG - > PING 8e e1 7a f3 [binary, 4 bytes]
2023-04-17 12:18:06,984 - DEBUG - < PONG 8e e1 7a f3 [binary, 4 bytes]
2023-04-17 12:18:06,987 - DEBUG - % received keepalive pong
2023-04-17 12:18:08,479 - DEBUG - % sending keepalive ping
2023-04-17 12:18:08,479 - DEBUG - > PING '\x0b>B-' [text, 4 bytes]
2023-04-17 12:18:08,486 - DEBUG - < PONG '\x0b>B-' [text, 4 bytes]
2023-04-17 12:18:08,488 - DEBUG - % received keepalive pong
2023-04-17 12:18:15,072 - DEBUG - % sending keepalive ping
2023-04-17 12:18:15,073 - DEBUG - > PING 6d 6f 96 e2 [binary, 4 bytes]
2023-04-17 12:18:15,080 - DEBUG - < PONG 6d 6f 96 e2 [binary, 4 bytes]
2023-04-17 12:18:15,082 - DEBUG - % received keepalive pong
2023-04-17 12:18:26,977 - DEBUG - % sending keepalive ping
2023-04-17 12:18:26,977 - DEBUG - > PING 2c ee 8c 4c [binary, 4 bytes]
2023-04-17 12:18:26,985 - DEBUG - < PONG 2c ee 8c 4c [binary, 4 bytes]
2023-04-17 12:18:26,987 - DEBUG - % received keepalive pong
2023-04-17 12:18:28,466 - DEBUG - % sending keepalive ping
2023-04-17 12:18:28,466 - DEBUG - > PING 9a 0a fb e2 [binary, 4 bytes]
2023-04-17 12:18:28,475 - DEBUG - < PONG 9a 0a fb e2 [binary, 4 bytes]
2023-04-17 12:18:28,480 - DEBUG - % received keepalive pong
2023-04-17 12:18:35,064 - DEBUG - % sending keepalive ping
2023-04-17 12:18:35,064 - DEBUG - > PING 28 54 8b 1f [binary, 4 bytes]
2023-04-17 12:18:35,071 - DEBUG - < PONG 28 54 8b 1f [binary, 4 bytes]
2023-04-17 12:18:35,073 - DEBUG - % received keepalive pong
2023-04-17 12:18:46,966 - DEBUG - % sending keepalive ping
2023-04-17 12:18:46,966 - DEBUG - > PING fa 1a d6 b6 [binary, 4 bytes]
2023-04-17 12:18:46,974 - DEBUG - < PONG fa 1a d6 b6 [binary, 4 bytes]
2023-04-17 12:18:46,977 - DEBUG - % received keepalive pong
2023-04-17 12:18:48,466 - DEBUG - % sending keepalive ping
2023-04-17 12:18:48,466 - DEBUG - > PING cc 2e ae 00 [binary, 4 bytes]
2023-04-17 12:18:48,473 - DEBUG - < PONG cc 2e ae 00 [binary, 4 bytes]
2023-04-17 12:18:48,476 - DEBUG - % received keepalive pong
2023-04-17 12:18:55,071 - DEBUG - % sending keepalive ping
2023-04-17 12:18:55,071 - DEBUG - > PING 0f c8 dc e6 [binary, 4 bytes]
2023-04-17 12:18:55,083 - DEBUG - < PONG 0f c8 dc e6 [binary, 4 bytes]
2023-04-17 12:18:55,092 - DEBUG - % received keepalive pong
2023-04-17 12:19:06,964 - DEBUG - % sending keepalive ping
2023-04-17 12:19:06,964 - DEBUG - > PING 05 cd 78 d3 [binary, 4 bytes]
2023-04-17 12:19:06,971 - DEBUG - < PONG 05 cd 78 d3 [binary, 4 bytes]
2023-04-17 12:19:06,974 - DEBUG - % received keepalive pong
2023-04-17 12:19:08,476 - DEBUG - % sending keepalive ping
2023-04-17 12:19:08,476 - DEBUG - > PING a7 70 c0 43 [binary, 4 bytes]
2023-04-17 12:19:08,483 - DEBUG - < PONG a7 70 c0 43 [binary, 4 bytes]
2023-04-17 12:19:08,487 - DEBUG - % received keepalive pong
2023-04-17 12:19:15,090 - DEBUG - % sending keepalive ping
2023-04-17 12:19:15,090 - DEBUG - > PING '\x07\x0e\u01d2' [text, 4 bytes]
2023-04-17 12:19:15,101 - DEBUG - < PONG '\x07\x0e\u01d2' [text, 4 bytes]
2023-04-17 12:19:15,104 - DEBUG - % received keepalive pong
2023-04-17 12:19:26,978 - DEBUG - % sending keepalive ping
2023-04-17 12:19:26,978 - DEBUG - > PING 87 2b 78 08 [binary, 4 bytes]
2023-04-17 12:19:26,986 - DEBUG - < PONG 87 2b 78 08 [binary, 4 bytes]
2023-04-17 12:19:26,988 - DEBUG - % received keepalive pong
2023-04-17 12:19:28,471 - DEBUG - % sending keepalive ping
2023-04-17 12:19:28,471 - DEBUG - > PING b1 6c 98 70 [binary, 4 bytes]
2023-04-17 12:19:28,480 - DEBUG - < PONG b1 6c 98 70 [binary, 4 bytes]
2023-04-17 12:19:28,483 - DEBUG - % received keepalive pong
2023-04-17 12:19:35,097 - DEBUG - % sending keepalive ping
2023-04-17 12:19:35,097 - DEBUG - > PING 3f 8b cb e0 [binary, 4 bytes]
2023-04-17 12:19:35,103 - DEBUG - < PONG 3f 8b cb e0 [binary, 4 bytes]
2023-04-17 12:19:35,106 - DEBUG - % received keepalive pong
2023-04-17 12:19:46,980 - DEBUG - % sending keepalive ping
2023-04-17 12:19:46,980 - DEBUG - > PING '\x13yM\x12' [text, 4 bytes]
2023-04-17 12:19:46,988 - DEBUG - < PONG '\x13yM\x12' [text, 4 bytes]
2023-04-17 12:19:46,991 - DEBUG - % received keepalive pong
2023-04-17 12:19:48,469 - DEBUG - % sending keepalive ping
2023-04-17 12:19:48,469 - DEBUG - > PING f1 81 fa 11 [binary, 4 bytes]
2023-04-17 12:19:48,478 - DEBUG - < PONG f1 81 fa 11 [binary, 4 bytes]
2023-04-17 12:19:48,485 - DEBUG - % received keepalive pong
2023-04-17 12:19:55,103 - DEBUG - % sending keepalive ping
2023-04-17 12:19:55,103 - DEBUG - > PING 85 a4 3e ab [binary, 4 bytes]
2023-04-17 12:19:55,118 - DEBUG - < PONG 85 a4 3e ab [binary, 4 bytes]
2023-04-17 12:19:55,121 - DEBUG - % received keepalive pong
2023-04-17 12:20:06,978 - DEBUG - % sending keepalive ping
2023-04-17 12:20:06,978 - DEBUG - > PING 18 4a b0 45 [binary, 4 bytes]
2023-04-17 12:20:06,986 - DEBUG - < PONG 18 4a b0 45 [binary, 4 bytes]
2023-04-17 12:20:06,990 - DEBUG - % received keepalive pong
2023-04-17 12:20:08,479 - DEBUG - % sending keepalive ping
2023-04-17 12:20:08,480 - DEBUG - > PING bf c4 d4 ee [binary, 4 bytes]
2023-04-17 12:20:08,488 - DEBUG - < PONG bf c4 d4 ee [binary, 4 bytes]
2023-04-17 12:20:08,490 - DEBUG - % received keepalive pong
2023-04-17 12:20:15,120 - DEBUG - % sending keepalive ping
2023-04-17 12:20:15,121 - DEBUG - > PING 6a 74 f6 93 [binary, 4 bytes]
2023-04-17 12:20:15,128 - DEBUG - < PONG 6a 74 f6 93 [binary, 4 bytes]
2023-04-17 12:20:15,130 - DEBUG - % received keepalive pong
2023-04-17 12:20:26,965 - DEBUG - % sending keepalive ping
2023-04-17 12:20:26,965 - DEBUG - > PING 52 0f 75 ae [binary, 4 bytes]
2023-04-17 12:20:26,972 - DEBUG - < PONG 52 0f 75 ae [binary, 4 bytes]
2023-04-17 12:20:26,974 - DEBUG - % received keepalive pong
2023-04-17 12:20:28,472 - DEBUG - % sending keepalive ping
2023-04-17 12:20:28,472 - DEBUG - > PING 'Y\x06;4' [text, 4 bytes]
2023-04-17 12:20:28,481 - DEBUG - < PONG 'Y\x06;4' [text, 4 bytes]
2023-04-17 12:20:28,483 - DEBUG - % received keepalive pong
2023-04-17 12:20:35,129 - DEBUG - % sending keepalive ping
2023-04-17 12:20:35,129 - DEBUG - > PING a7 4d 9d 2d [binary, 4 bytes]
2023-04-17 12:20:35,135 - DEBUG - < PONG a7 4d 9d 2d [binary, 4 bytes]
2023-04-17 12:20:35,138 - DEBUG - % received keepalive pong
2023-04-17 12:20:46,976 - DEBUG - % sending keepalive ping
2023-04-17 12:20:46,976 - DEBUG - > PING 29 38 93 b6 [binary, 4 bytes]
2023-04-17 12:20:46,984 - DEBUG - < PONG 29 38 93 b6 [binary, 4 bytes]
2023-04-17 12:20:46,986 - DEBUG - % received keepalive pong
2023-04-17 12:20:48,478 - DEBUG - % sending keepalive ping
2023-04-17 12:20:48,478 - DEBUG - > PING e6 6a 4d 9e [binary, 4 bytes]
2023-04-17 12:20:48,485 - DEBUG - < PONG e6 6a 4d 9e [binary, 4 bytes]
2023-04-17 12:20:48,488 - DEBUG - % received keepalive pong
2023-04-17 12:20:55,141 - DEBUG - % sending keepalive ping
2023-04-17 12:20:55,141 - DEBUG - > PING 8b a6 3a cd [binary, 4 bytes]
2023-04-17 12:20:55,149 - DEBUG - < PONG 8b a6 3a cd [binary, 4 bytes]
2023-04-17 12:20:55,152 - DEBUG - % received keepalive pong
2023-04-17 12:21:06,970 - DEBUG - % sending keepalive ping
2023-04-17 12:21:06,970 - DEBUG - > PING 0c fd 20 f8 [binary, 4 bytes]
2023-04-17 12:21:06,981 - DEBUG - < PONG 0c fd 20 f8 [binary, 4 bytes]
2023-04-17 12:21:06,986 - DEBUG - % received keepalive pong
2023-04-17 12:21:08,472 - DEBUG - % sending keepalive ping
2023-04-17 12:21:08,472 - DEBUG - > PING 39 1f d2 df [binary, 4 bytes]
2023-04-17 12:21:08,480 - DEBUG - < PONG 39 1f d2 df [binary, 4 bytes]
2023-04-17 12:21:08,482 - DEBUG - % received keepalive pong
2023-04-17 12:21:15,142 - DEBUG - % sending keepalive ping
2023-04-17 12:21:15,142 - DEBUG - > PING b9 51 e5 a9 [binary, 4 bytes]
2023-04-17 12:21:15,148 - DEBUG - < PONG b9 51 e5 a9 [binary, 4 bytes]
2023-04-17 12:21:15,150 - DEBUG - % received keepalive pong
2023-04-17 12:21:26,968 - DEBUG - % sending keepalive ping
2023-04-17 12:21:26,969 - DEBUG - > PING 84 fc 6e 59 [binary, 4 bytes]
2023-04-17 12:21:26,976 - DEBUG - < PONG 84 fc 6e 59 [binary, 4 bytes]
2023-04-17 12:21:26,979 - DEBUG - % received keepalive pong
2023-04-17 12:21:28,479 - DEBUG - % sending keepalive ping
2023-04-17 12:21:28,479 - DEBUG - > PING 06 a9 f4 b7 [binary, 4 bytes]
2023-04-17 12:21:28,489 - DEBUG - < PONG 06 a9 f4 b7 [binary, 4 bytes]
2023-04-17 12:21:28,491 - DEBUG - % received keepalive pong
2023-04-17 12:21:35,145 - DEBUG - % sending keepalive ping
2023-04-17 12:21:35,145 - DEBUG - > PING 42 52 b2 81 [binary, 4 bytes]
2023-04-17 12:21:35,152 - DEBUG - < PONG 42 52 b2 81 [binary, 4 bytes]
2023-04-17 12:21:35,155 - DEBUG - % received keepalive pong
2023-04-17 12:21:46,979 - DEBUG - % sending keepalive ping
2023-04-17 12:21:46,979 - DEBUG - > PING b6 97 0d 4a [binary, 4 bytes]
2023-04-17 12:21:46,986 - DEBUG - < PONG b6 97 0d 4a [binary, 4 bytes]
2023-04-17 12:21:46,989 - DEBUG - % received keepalive pong
2023-04-17 12:21:48,477 - DEBUG - % sending keepalive ping
2023-04-17 12:21:48,477 - DEBUG - > PING b7 79 73 3a [binary, 4 bytes]
2023-04-17 12:21:48,485 - DEBUG - < PONG b7 79 73 3a [binary, 4 bytes]
2023-04-17 12:21:48,487 - DEBUG - % received keepalive pong
2023-04-17 12:21:55,140 - DEBUG - % sending keepalive ping
2023-04-17 12:21:55,140 - DEBUG - > PING 93 d7 6e 82 [binary, 4 bytes]
2023-04-17 12:21:55,148 - DEBUG - < PONG 93 d7 6e 82 [binary, 4 bytes]
2023-04-17 12:21:55,150 - DEBUG - % received keepalive pong
2023-04-17 12:22:06,970 - DEBUG - % sending keepalive ping
2023-04-17 12:22:06,971 - DEBUG - > PING '©§0a' [text, 4 bytes]
2023-04-17 12:22:06,978 - DEBUG - < PONG '©§0a' [text, 4 bytes]
2023-04-17 12:22:06,982 - DEBUG - % received keepalive pong
2023-04-17 12:22:08,472 - DEBUG - % sending keepalive ping
2023-04-17 12:22:08,473 - DEBUG - > PING 64 6d 95 c1 [binary, 4 bytes]
2023-04-17 12:22:08,481 - DEBUG - < PONG 64 6d 95 c1 [binary, 4 bytes]
2023-04-17 12:22:08,484 - DEBUG - % received keepalive pong
2023-04-17 12:22:15,139 - DEBUG - % sending keepalive ping
2023-04-17 12:22:15,139 - DEBUG - > PING 07 98 33 31 [binary, 4 bytes]
2023-04-17 12:22:15,147 - DEBUG - < PONG 07 98 33 31 [binary, 4 bytes]
2023-04-17 12:22:15,150 - DEBUG - % received keepalive pong
2023-04-17 12:22:26,975 - DEBUG - % sending keepalive ping
2023-04-17 12:22:26,975 - DEBUG - > PING 80 eb d6 89 [binary, 4 bytes]
2023-04-17 12:22:26,984 - DEBUG - < PONG 80 eb d6 89 [binary, 4 bytes]
2023-04-17 12:22:26,987 - DEBUG - % received keepalive pong
2023-04-17 12:22:28,475 - DEBUG - % sending keepalive ping
2023-04-17 12:22:28,475 - DEBUG - > PING f4 3e 45 e0 [binary, 4 bytes]
2023-04-17 12:22:28,483 - DEBUG - < PONG f4 3e 45 e0 [binary, 4 bytes]
2023-04-17 12:22:28,486 - DEBUG - % received keepalive pong
2023-04-17 12:22:35,149 - DEBUG - % sending keepalive ping
2023-04-17 12:22:35,149 - DEBUG - > PING aa dc 05 6a [binary, 4 bytes]
2023-04-17 12:22:35,156 - DEBUG - < PONG aa dc 05 6a [binary, 4 bytes]
2023-04-17 12:22:35,158 - DEBUG - % received keepalive pong
2023-04-17 12:22:46,971 - DEBUG - % sending keepalive ping
2023-04-17 12:22:46,971 - DEBUG - > PING 8b 0d 8b da [binary, 4 bytes]
2023-04-17 12:22:46,980 - DEBUG - < PONG 8b 0d 8b da [binary, 4 bytes]
2023-04-17 12:22:46,981 - DEBUG - % received keepalive pong
2023-04-17 12:22:48,469 - DEBUG - % sending keepalive ping
2023-04-17 12:22:48,469 - DEBUG - > PING 5a c9 71 23 [binary, 4 bytes]
2023-04-17 12:22:48,476 - DEBUG - < PONG 5a c9 71 23 [binary, 4 bytes]
2023-04-17 12:22:48,478 - DEBUG - % received keepalive pong
2023-04-17 12:22:55,148 - DEBUG - % sending keepalive ping
2023-04-17 12:22:55,149 - DEBUG - > PING 6d fc 64 14 [binary, 4 bytes]
2023-04-17 12:22:55,168 - DEBUG - < PONG 6d fc 64 14 [binary, 4 bytes]
2023-04-17 12:22:55,171 - DEBUG - % received keepalive pong
2023-04-17 12:23:06,973 - DEBUG - % sending keepalive ping
2023-04-17 12:23:06,973 - DEBUG - > PING ce c5 2a d0 [binary, 4 bytes]
2023-04-17 12:23:06,987 - DEBUG - < PONG ce c5 2a d0 [binary, 4 bytes]
2023-04-17 12:23:06,990 - DEBUG - % received keepalive pong
2023-04-17 12:23:08,471 - DEBUG - % sending keepalive ping
2023-04-17 12:23:08,471 - DEBUG - > PING a9 b7 75 b3 [binary, 4 bytes]
2023-04-17 12:23:08,479 - DEBUG - < PONG a9 b7 75 b3 [binary, 4 bytes]
2023-04-17 12:23:08,481 - DEBUG - % received keepalive pong
2023-04-17 12:23:15,169 - DEBUG - % sending keepalive ping
2023-04-17 12:23:15,169 - DEBUG - > PING 66 7e 08 9a [binary, 4 bytes]
2023-04-17 12:23:15,176 - DEBUG - < PONG 66 7e 08 9a [binary, 4 bytes]
2023-04-17 12:23:15,179 - DEBUG - % received keepalive pong
2023-04-17 12:23:26,970 - DEBUG - % sending keepalive ping
2023-04-17 12:23:26,970 - DEBUG - > PING 00 80 9e e0 [binary, 4 bytes]
2023-04-17 12:23:27,001 - DEBUG - < PONG 00 80 9e e0 [binary, 4 bytes]
2023-04-17 12:23:27,005 - DEBUG - % received keepalive pong
2023-04-17 12:23:28,474 - DEBUG - % sending keepalive ping
2023-04-17 12:23:28,474 - DEBUG - > PING 'Os.q' [text, 4 bytes]
2023-04-17 12:23:28,482 - DEBUG - < PONG 'Os.q' [text, 4 bytes]
2023-04-17 12:23:28,485 - DEBUG - % received keepalive pong
2023-04-17 12:23:35,182 - DEBUG - % sending keepalive ping
2023-04-17 12:23:35,183 - DEBUG - > PING 6f d2 52 f6 [binary, 4 bytes]
2023-04-17 12:23:35,190 - DEBUG - < PONG 6f d2 52 f6 [binary, 4 bytes]
2023-04-17 12:23:35,192 - DEBUG - % received keepalive pong
2023-04-17 12:23:47,000 - DEBUG - % sending keepalive ping
2023-04-17 12:23:47,000 - DEBUG - > PING 77 a4 08 f1 [binary, 4 bytes]
2023-04-17 12:23:47,007 - DEBUG - < PONG 77 a4 08 f1 [binary, 4 bytes]
2023-04-17 12:23:47,009 - DEBUG - % received keepalive pong
2023-04-17 12:23:48,467 - DEBUG - % sending keepalive ping
2023-04-17 12:23:48,468 - DEBUG - > PING db e3 3b dd [binary, 4 bytes]
2023-04-17 12:23:48,488 - DEBUG - < PONG db e3 3b dd [binary, 4 bytes]
2023-04-17 12:23:48,490 - DEBUG - % received keepalive pong
2023-04-17 12:23:55,186 - DEBUG - % sending keepalive ping
2023-04-17 12:23:55,187 - DEBUG - > PING 9b 86 63 31 [binary, 4 bytes]
2023-04-17 12:23:55,267 - DEBUG - < PONG 9b 86 63 31 [binary, 4 bytes]
2023-04-17 12:23:55,270 - DEBUG - % received keepalive pong
2023-04-17 12:24:07,007 - DEBUG - % sending keepalive ping
2023-04-17 12:24:07,007 - DEBUG - > PING ba f9 77 e7 [binary, 4 bytes]
2023-04-17 12:24:07,015 - DEBUG - < PONG ba f9 77 e7 [binary, 4 bytes]
2023-04-17 12:24:07,017 - DEBUG - % received keepalive pong
2023-04-17 12:24:08,467 - DEBUG - % sending keepalive ping
2023-04-17 12:24:08,467 - DEBUG - > PING 86 83 ec 3f [binary, 4 bytes]
2023-04-17 12:24:08,475 - DEBUG - < PONG 86 83 ec 3f [binary, 4 bytes]
2023-04-17 12:24:08,479 - DEBUG - % received keepalive pong
2023-04-17 12:24:15,270 - DEBUG - % sending keepalive ping
2023-04-17 12:24:15,270 - DEBUG - > PING 57 56 f3 f4 [binary, 4 bytes]
2023-04-17 12:24:15,280 - DEBUG - < PONG 57 56 f3 f4 [binary, 4 bytes]
2023-04-17 12:24:15,287 - DEBUG - % received keepalive pong
2023-04-17 12:24:27,019 - DEBUG - % sending keepalive ping
2023-04-17 12:24:27,019 - DEBUG - > PING cc da 98 98 [binary, 4 bytes]
2023-04-17 12:24:27,029 - DEBUG - < PONG cc da 98 98 [binary, 4 bytes]
2023-04-17 12:24:27,033 - DEBUG - % received keepalive pong
2023-04-17 12:24:28,472 - DEBUG - % sending keepalive ping
2023-04-17 12:24:28,472 - DEBUG - > PING a9 24 d9 90 [binary, 4 bytes]
2023-04-17 12:24:28,482 - DEBUG - < PONG a9 24 d9 90 [binary, 4 bytes]
2023-04-17 12:24:28,488 - DEBUG - % received keepalive pong
2023-04-17 12:24:35,266 - DEBUG - % sending keepalive ping
2023-04-17 12:24:35,266 - DEBUG - > PING 2b 94 63 ad [binary, 4 bytes]
2023-04-17 12:24:35,273 - DEBUG - < PONG 2b 94 63 ad [binary, 4 bytes]
2023-04-17 12:24:35,275 - DEBUG - % received keepalive pong
2023-04-17 12:24:47,023 - DEBUG - % sending keepalive ping
2023-04-17 12:24:47,023 - DEBUG - > PING 0a b6 c6 99 [binary, 4 bytes]
2023-04-17 12:24:47,037 - DEBUG - < PONG 0a b6 c6 99 [binary, 4 bytes]
2023-04-17 12:24:47,042 - DEBUG - % received keepalive pong
2023-04-17 12:24:48,475 - DEBUG - % sending keepalive ping
2023-04-17 12:24:48,475 - DEBUG - > PING 88 a4 bd 4b [binary, 4 bytes]
2023-04-17 12:24:48,483 - DEBUG - < PONG 88 a4 bd 4b [binary, 4 bytes]
2023-04-17 12:24:48,485 - DEBUG - % received keepalive pong
2023-04-17 12:24:55,272 - DEBUG - % sending keepalive ping
2023-04-17 12:24:55,273 - DEBUG - > PING '-Q\r\x08' [text, 4 bytes]
2023-04-17 12:24:55,281 - DEBUG - < PONG '-Q\r\x08' [text, 4 bytes]
2023-04-17 12:24:55,289 - DEBUG - % received keepalive pong
2023-04-17 12:25:07,021 - DEBUG - % sending keepalive ping
2023-04-17 12:25:07,021 - DEBUG - > PING cb d8 bc 70 [binary, 4 bytes]
2023-04-17 12:25:07,029 - DEBUG - < PONG cb d8 bc 70 [binary, 4 bytes]
2023-04-17 12:25:07,033 - DEBUG - % received keepalive pong
2023-04-17 12:25:08,473 - DEBUG - % sending keepalive ping
2023-04-17 12:25:08,473 - DEBUG - > PING e3 29 04 c4 [binary, 4 bytes]
2023-04-17 12:25:08,480 - DEBUG - < PONG e3 29 04 c4 [binary, 4 bytes]
2023-04-17 12:25:08,483 - DEBUG - % received keepalive pong
2023-04-17 12:25:15,263 - DEBUG - % sending keepalive ping
2023-04-17 12:25:15,263 - DEBUG - > PING '\noTX' [text, 4 bytes]
2023-04-17 12:25:15,270 - DEBUG - < PONG '\noTX' [text, 4 bytes]
2023-04-17 12:25:15,272 - DEBUG - % received keepalive pong
2023-04-17 12:25:27,018 - DEBUG - % sending keepalive ping
2023-04-17 12:25:27,018 - DEBUG - > PING 3f 01 80 12 [binary, 4 bytes]
2023-04-17 12:25:27,027 - DEBUG - < PONG 3f 01 80 12 [binary, 4 bytes]
2023-04-17 12:25:27,029 - DEBUG - % received keepalive pong
2023-04-17 12:25:28,476 - DEBUG - % sending keepalive ping
2023-04-17 12:25:28,476 - DEBUG - > PING 64 24 c3 49 [binary, 4 bytes]
2023-04-17 12:25:28,484 - DEBUG - < PONG 64 24 c3 49 [binary, 4 bytes]
2023-04-17 12:25:28,488 - DEBUG - % received keepalive pong
2023-04-17 12:25:35,274 - DEBUG - % sending keepalive ping
2023-04-17 12:25:35,275 - DEBUG - > PING 2d 2b 92 4a [binary, 4 bytes]
2023-04-17 12:25:35,281 - DEBUG - < PONG 2d 2b 92 4a [binary, 4 bytes]
2023-04-17 12:25:35,284 - DEBUG - % received keepalive pong
2023-04-17 12:25:47,026 - DEBUG - % sending keepalive ping
2023-04-17 12:25:47,026 - DEBUG - > PING 4b 1a e7 58 [binary, 4 bytes]
2023-04-17 12:25:47,033 - DEBUG - < PONG 4b 1a e7 58 [binary, 4 bytes]
2023-04-17 12:25:47,035 - DEBUG - % received keepalive pong
2023-04-17 12:25:48,471 - DEBUG - % sending keepalive ping
2023-04-17 12:25:48,472 - DEBUG - > PING dd e0 af 07 [binary, 4 bytes]
2023-04-17 12:25:48,480 - DEBUG - < PONG dd e0 af 07 [binary, 4 bytes]
2023-04-17 12:25:48,482 - DEBUG - % received keepalive pong
2023-04-17 12:25:55,270 - DEBUG - % sending keepalive ping
2023-04-17 12:25:55,270 - DEBUG - > PING 22 2b 54 be [binary, 4 bytes]
2023-04-17 12:25:55,277 - DEBUG - < PONG 22 2b 54 be [binary, 4 bytes]
2023-04-17 12:25:55,280 - DEBUG - % received keepalive pong
2023-04-17 12:26:07,016 - DEBUG - % sending keepalive ping
2023-04-17 12:26:07,016 - DEBUG - > PING f4 12 cd 8d [binary, 4 bytes]
2023-04-17 12:26:07,053 - DEBUG - < PONG f4 12 cd 8d [binary, 4 bytes]
2023-04-17 12:26:07,057 - DEBUG - % received keepalive pong
2023-04-17 12:26:08,467 - DEBUG - % sending keepalive ping
2023-04-17 12:26:08,467 - DEBUG - > PING 53 ea 7d 26 [binary, 4 bytes]
2023-04-17 12:26:08,475 - DEBUG - < PONG 53 ea 7d 26 [binary, 4 bytes]
2023-04-17 12:26:08,477 - DEBUG - % received keepalive pong
2023-04-17 12:26:15,277 - DEBUG - % sending keepalive ping
2023-04-17 12:26:15,277 - DEBUG - > PING 55 45 37 ed [binary, 4 bytes]
2023-04-17 12:26:15,284 - DEBUG - < PONG 55 45 37 ed [binary, 4 bytes]
2023-04-17 12:26:15,286 - DEBUG - % received keepalive pong
2023-04-17 12:26:27,048 - DEBUG - % sending keepalive ping
2023-04-17 12:26:27,048 - DEBUG - > PING c3 ea 1b 5e [binary, 4 bytes]
2023-04-17 12:26:27,056 - DEBUG - < PONG c3 ea 1b 5e [binary, 4 bytes]
2023-04-17 12:26:27,061 - DEBUG - % received keepalive pong
2023-04-17 12:26:28,476 - DEBUG - % sending keepalive ping
2023-04-17 12:26:28,476 - DEBUG - > PING 78 e4 da 79 [binary, 4 bytes]
2023-04-17 12:26:28,484 - DEBUG - < PONG 78 e4 da 79 [binary, 4 bytes]
2023-04-17 12:26:28,486 - DEBUG - % received keepalive pong
2023-04-17 12:26:35,263 - DEBUG - % sending keepalive ping
2023-04-17 12:26:35,263 - DEBUG - > PING c2 ce 46 6a [binary, 4 bytes]
2023-04-17 12:26:35,270 - DEBUG - < PONG c2 ce 46 6a [binary, 4 bytes]
2023-04-17 12:26:35,274 - DEBUG - % received keepalive pong
2023-04-17 12:26:47,065 - DEBUG - % sending keepalive ping
2023-04-17 12:26:47,065 - DEBUG - > PING fd 22 fb e5 [binary, 4 bytes]
2023-04-17 12:26:47,072 - DEBUG - < PONG fd 22 fb e5 [binary, 4 bytes]
2023-04-17 12:26:47,075 - DEBUG - % received keepalive pong
2023-04-17 12:26:48,470 - DEBUG - % sending keepalive ping
2023-04-17 12:26:48,470 - DEBUG - > PING 2b d0 be b2 [binary, 4 bytes]
2023-04-17 12:26:48,478 - DEBUG - < PONG 2b d0 be b2 [binary, 4 bytes]
2023-04-17 12:26:48,480 - DEBUG - % received keepalive pong
2023-04-17 12:26:55,272 - DEBUG - % sending keepalive ping
2023-04-17 12:26:55,273 - DEBUG - > PING 52 25 d7 12 [binary, 4 bytes]
2023-04-17 12:26:55,280 - DEBUG - < PONG 52 25 d7 12 [binary, 4 bytes]
2023-04-17 12:26:55,283 - DEBUG - % received keepalive pong
2023-04-17 12:27:07,072 - DEBUG - % sending keepalive ping
2023-04-17 12:27:07,072 - DEBUG - > PING ff 21 da 75 [binary, 4 bytes]
2023-04-17 12:27:07,082 - DEBUG - < PONG ff 21 da 75 [binary, 4 bytes]
2023-04-17 12:27:07,084 - DEBUG - % received keepalive pong
2023-04-17 12:27:08,470 - DEBUG - % sending keepalive ping
2023-04-17 12:27:08,470 - DEBUG - > PING 1c a6 29 b8 [binary, 4 bytes]
2023-04-17 12:27:08,477 - DEBUG - < PONG 1c a6 29 b8 [binary, 4 bytes]
2023-04-17 12:27:08,480 - DEBUG - % received keepalive pong
2023-04-17 12:27:15,277 - DEBUG - % sending keepalive ping
2023-04-17 12:27:15,277 - DEBUG - > PING 60 0d 59 fa [binary, 4 bytes]
2023-04-17 12:27:15,284 - DEBUG - < PONG 60 0d 59 fa [binary, 4 bytes]
2023-04-17 12:27:15,287 - DEBUG - % received keepalive pong
2023-04-17 12:27:27,069 - DEBUG - % sending keepalive ping
2023-04-17 12:27:27,070 - DEBUG - > PING a3 7e 04 0b [binary, 4 bytes]
2023-04-17 12:27:27,077 - DEBUG - < PONG a3 7e 04 0b [binary, 4 bytes]
2023-04-17 12:27:27,080 - DEBUG - % received keepalive pong
2023-04-17 12:27:28,467 - DEBUG - % sending keepalive ping
2023-04-17 12:27:28,467 - DEBUG - > PING b7 7f ed 36 [binary, 4 bytes]
2023-04-17 12:27:28,476 - DEBUG - < PONG b7 7f ed 36 [binary, 4 bytes]
2023-04-17 12:27:28,480 - DEBUG - % received keepalive pong
2023-04-17 12:27:35,274 - DEBUG - % sending keepalive ping
2023-04-17 12:27:35,274 - DEBUG - > PING 86 b0 5c 3a [binary, 4 bytes]
2023-04-17 12:27:35,280 - DEBUG - < PONG 86 b0 5c 3a [binary, 4 bytes]
2023-04-17 12:27:35,283 - DEBUG - % received keepalive pong
2023-04-17 12:27:47,063 - DEBUG - % sending keepalive ping
2023-04-17 12:27:47,063 - DEBUG - > PING c5 76 e9 85 [binary, 4 bytes]
2023-04-17 12:27:47,071 - DEBUG - < PONG c5 76 e9 85 [binary, 4 bytes]
2023-04-17 12:27:47,073 - DEBUG - % received keepalive pong
2023-04-17 12:27:48,474 - DEBUG - % sending keepalive ping
2023-04-17 12:27:48,474 - DEBUG - > PING be 3a 9d 1b [binary, 4 bytes]
2023-04-17 12:27:48,483 - DEBUG - < PONG be 3a 9d 1b [binary, 4 bytes]
2023-04-17 12:27:48,485 - DEBUG - % received keepalive pong
2023-04-17 12:27:55,268 - DEBUG - % sending keepalive ping
2023-04-17 12:27:55,269 - DEBUG - > PING 72 6e b6 c0 [binary, 4 bytes]
2023-04-17 12:27:55,278 - DEBUG - < PONG 72 6e b6 c0 [binary, 4 bytes]
2023-04-17 12:27:55,281 - DEBUG - % received keepalive pong
2023-04-17 12:28:07,075 - DEBUG - % sending keepalive ping
2023-04-17 12:28:07,075 - DEBUG - > PING '\u06f2y\x7f' [text, 4 bytes]
2023-04-17 12:28:07,084 - DEBUG - < PONG '\u06f2y\x7f' [text, 4 bytes]
2023-04-17 12:28:07,090 - DEBUG - % received keepalive pong
2023-04-17 12:28:08,473 - DEBUG - % sending keepalive ping
2023-04-17 12:28:08,473 - DEBUG - > PING c6 e1 bc ec [binary, 4 bytes]
2023-04-17 12:28:08,480 - DEBUG - < PONG c6 e1 bc ec [binary, 4 bytes]
2023-04-17 12:28:08,483 - DEBUG - % received keepalive pong
2023-04-17 12:28:15,266 - DEBUG - % sending keepalive ping
2023-04-17 12:28:15,266 - DEBUG - > PING 56 47 46 fb [binary, 4 bytes]
2023-04-17 12:28:15,273 - DEBUG - < PONG 56 47 46 fb [binary, 4 bytes]
2023-04-17 12:28:15,275 - DEBUG - % received keepalive pong
2023-04-17 12:28:27,100 - DEBUG - % sending keepalive ping
2023-04-17 12:28:27,100 - DEBUG - > PING 'r&\x029' [text, 4 bytes]
2023-04-17 12:28:27,108 - DEBUG - < PONG 'r&\x029' [text, 4 bytes]
2023-04-17 12:28:27,110 - DEBUG - % received keepalive pong
2023-04-17 12:28:28,472 - DEBUG - % sending keepalive ping
2023-04-17 12:28:28,472 - DEBUG - > PING 94 87 34 9f [binary, 4 bytes]
2023-04-17 12:28:28,547 - DEBUG - < PONG 94 87 34 9f [binary, 4 bytes]
2023-04-17 12:28:28,549 - DEBUG - % received keepalive pong
2023-04-17 12:28:35,277 - DEBUG - % sending keepalive ping
2023-04-17 12:28:35,277 - DEBUG - > PING 62 ec 30 98 [binary, 4 bytes]
2023-04-17 12:28:35,389 - DEBUG - < PONG 62 ec 30 98 [binary, 4 bytes]
2023-04-17 12:28:35,393 - DEBUG - % received keepalive pong
2023-04-17 12:28:47,104 - DEBUG - % sending keepalive ping
2023-04-17 12:28:47,104 - DEBUG - > PING 37 e6 77 3d [binary, 4 bytes]
2023-04-17 12:28:47,125 - DEBUG - < PONG 37 e6 77 3d [binary, 4 bytes]
2023-04-17 12:28:47,128 - DEBUG - % received keepalive pong
2023-04-17 12:28:48,556 - DEBUG - % sending keepalive ping
2023-04-17 12:28:48,557 - DEBUG - > PING 30 d3 44 98 [binary, 4 bytes]
2023-04-17 12:28:48,568 - DEBUG - < PONG 30 d3 44 98 [binary, 4 bytes]
2023-04-17 12:28:48,573 - DEBUG - % received keepalive pong
2023-04-17 12:28:55,403 - DEBUG - % sending keepalive ping
2023-04-17 12:28:55,404 - DEBUG - > PING fc 61 67 19 [binary, 4 bytes]
2023-04-17 12:28:55,410 - DEBUG - < PONG fc 61 67 19 [binary, 4 bytes]
2023-04-17 12:28:55,417 - DEBUG - % received keepalive pong
2023-04-17 12:29:07,122 - DEBUG - % sending keepalive ping
2023-04-17 12:29:07,122 - DEBUG - > PING ab d1 03 f5 [binary, 4 bytes]
2023-04-17 12:29:07,131 - DEBUG - < PONG ab d1 03 f5 [binary, 4 bytes]
2023-04-17 12:29:07,134 - DEBUG - % received keepalive pong
2023-04-17 12:29:08,568 - DEBUG - % sending keepalive ping
2023-04-17 12:29:08,568 - DEBUG - > PING 5b 30 76 dd [binary, 4 bytes]
2023-04-17 12:29:08,577 - DEBUG - < PONG 5b 30 76 dd [binary, 4 bytes]
2023-04-17 12:29:08,581 - DEBUG - % received keepalive pong
2023-04-17 12:29:15,434 - DEBUG - % sending keepalive ping
2023-04-17 12:29:15,434 - DEBUG - > PING f2 a5 e4 d3 [binary, 4 bytes]
2023-04-17 12:29:15,441 - DEBUG - < PONG f2 a5 e4 d3 [binary, 4 bytes]
2023-04-17 12:29:15,444 - DEBUG - % received keepalive pong
2023-04-17 12:29:15,514 - DEBUG - = connection is CONNECTING
2023-04-17 12:29:15,567 - DEBUG - > GET /ocpp16/ELA007C05/EVSCA050001 HTTP/1.1
2023-04-17 12:29:15,567 - DEBUG - > Host: ws.devevspcharger.uplus.co.kr
2023-04-17 12:29:15,567 - DEBUG - > Upgrade: websocket
2023-04-17 12:29:15,567 - DEBUG - > Connection: Upgrade
2023-04-17 12:29:15,567 - DEBUG - > Sec-WebSocket-Key: JJ9ctVtK2Di+G2mELFlD3A==
2023-04-17 12:29:15,568 - DEBUG - > Sec-WebSocket-Version: 13
2023-04-17 12:29:15,568 - DEBUG - > Sec-WebSocket-Extensions: permessage-deflate; client_max_window_bits
2023-04-17 12:29:15,568 - DEBUG - > Sec-WebSocket-Protocol: ocpp1.6
2023-04-17 12:29:15,568 - DEBUG - > Authorization: Basic RVZBUjpFVkFSTEdV
2023-04-17 12:29:15,568 - DEBUG - > User-Agent: Python/3.11 websockets/10.4
2023-04-17 12:29:16,996 - DEBUG - < HTTP/1.1 101 Switching Protocols
2023-04-17 12:29:16,996 - DEBUG - < Connection: upgrade
2023-04-17 12:29:16,996 - DEBUG - < Date: Mon, 17 Apr 2023 03:29:05 GMT
2023-04-17 12:29:16,996 - DEBUG - < sec-websocket-protocol: ocpp1.6
2023-04-17 12:29:16,996 - DEBUG - < upgrade: websocket
2023-04-17 12:29:16,996 - DEBUG - < sec-websocket-accept: poEpexkkmxxTIQqp0/YkbV0qrNA=
2023-04-17 12:29:16,997 - DEBUG - < sec-websocket-extensions: permessage-deflate
2023-04-17 12:29:16,997 - DEBUG - < X-Cache: Miss from cloudfront
2023-04-17 12:29:16,997 - DEBUG - < Via: 1.1 8cd680512056914f119efae770348786.cloudfront.net (CloudFront)
2023-04-17 12:29:16,997 - DEBUG - < X-Amz-Cf-Pop: ICN57-P2
2023-04-17 12:29:16,997 - DEBUG - < X-Amz-Cf-Id: n-q4X6Yl8V4VnmUTAppw86REky0kPomWL6XbTxDwwQQo6WjPORW7pA==
2023-04-17 12:29:17,003 - DEBUG - = connection is OPEN
2023-04-17 12:29:17,043 - DEBUG - > TEXT '[2, "5dd2c32b-64a1-41c2-8d59-2ee05450f99d", "Bo...ePointVendor": "EVAR"}]' [127 bytes]
2023-04-17 12:29:17,475 - DEBUG - < TEXT '[3, "5dd2c32b-64a1-41c2-8d59-2ee05450f99d", {"s...06Z", "interval": 600}]' [123 bytes]
2023-04-17 12:29:21,039 - DEBUG - Starting new HTTPS connection (1): rgw.devevspcharger.uplus.co.kr:443
2023-04-17 12:29:22,478 - DEBUG - https://rgw.devevspcharger.uplus.co.kr:443 "POST /ioc HTTP/1.1" 200 166
2023-04-17 12:29:22,495 - DEBUG - < TEXT '[2, "71e3a1fa-0c45-4887-bf3f-dcbd61553f9a", "Ch...led", "value": "true"}]' [121 bytes]
2023-04-17 12:29:22,500 - DEBUG - > TEXT '[3, "71e3a1fa-0c45-4887-bf3f-dcbd61553f9a", {"status": "Accepted"}]' [67 bytes]
2023-04-17 12:29:22,659 - DEBUG - < TEXT '' [0 bytes]
2023-04-17 12:29:25,571 - DEBUG - Starting new HTTPS connection (1): rgw.devevspcharger.uplus.co.kr:443
2023-04-17 12:29:26,015 - DEBUG - https://rgw.devevspcharger.uplus.co.kr:443 "POST /ioc HTTP/1.1" 200 166
2023-04-17 12:29:26,030 - DEBUG - < TEXT '[2, "805643b7-5d01-4c08-92d3-c9eed19f03b2", "Ch...sts", "value": "true"}]' [121 bytes]
2023-04-17 12:29:26,035 - DEBUG - > TEXT '[3, "805643b7-5d01-4c08-92d3-c9eed19f03b2", {"status": "Accepted"}]' [67 bytes]
2023-04-17 12:29:26,175 - DEBUG - < TEXT '' [0 bytes]
2023-04-17 12:29:27,131 - DEBUG - % sending keepalive ping
2023-04-17 12:29:27,131 - DEBUG - > PING 37 b5 1b da [binary, 4 bytes]
2023-04-17 12:29:27,140 - DEBUG - < PONG 37 b5 1b da [binary, 4 bytes]
2023-04-17 12:29:27,143 - DEBUG - % received keepalive pong
2023-04-17 12:29:28,563 - DEBUG - % sending keepalive ping
2023-04-17 12:29:28,563 - DEBUG - > PING 'l2$-' [text, 4 bytes]
2023-04-17 12:29:28,572 - DEBUG - < PONG 'l2$-' [text, 4 bytes]
2023-04-17 12:29:28,578 - DEBUG - % received keepalive pong
2023-04-17 12:29:29,462 - DEBUG - Starting new HTTPS connection (1): rgw.devevspcharger.uplus.co.kr:443
2023-04-17 12:29:29,913 - DEBUG - https://rgw.devevspcharger.uplus.co.kr:443 "POST /ioc HTTP/1.1" 200 158
2023-04-17 12:29:29,926 - DEBUG - < TEXT '[2, "be3b9252-2a2b-41d1-ae27-f75ba5e36337", "Ch...ize", "value": "true"}]' [113 bytes]
2023-04-17 12:29:29,929 - DEBUG - > TEXT '[3, "be3b9252-2a2b-41d1-ae27-f75ba5e36337", {"status": "Accepted"}]' [67 bytes]
2023-04-17 12:29:30,114 - DEBUG - < TEXT '' [0 bytes]
2023-04-17 12:29:32,757 - DEBUG - Starting new HTTPS connection (1): rgw.devevspcharger.uplus.co.kr:443
2023-04-17 12:29:33,155 - DEBUG - https://rgw.devevspcharger.uplus.co.kr:443 "POST /ioc HTTP/1.1" 200 106
2023-04-17 12:29:33,165 - DEBUG - < TEXT '[2, "d901a21a-12fb-4a6d-a01a-0425d9b13bfe", "ClearCache", {}]' [61 bytes]
2023-04-17 12:29:33,171 - DEBUG - > TEXT '[3, "d901a21a-12fb-4a6d-a01a-0425d9b13bfe", {"status": "Accepted"}]' [67 bytes]
2023-04-17 12:29:33,314 - DEBUG - < TEXT '' [0 bytes]
2023-04-17 12:29:33,362 - DEBUG - > TEXT '[2, "5dd2c32b-64a1-41c2-8d59-2ee05450f99d", "St..."status": "Preparing"}]' [132 bytes]
2023-04-17 12:29:33,543 - DEBUG - < TEXT '[3, "5dd2c32b-64a1-41c2-8d59-2ee05450f99d", {}]' [47 bytes]
2023-04-17 12:29:35,480 - DEBUG - % sending keepalive ping
2023-04-17 12:29:35,481 - DEBUG - > PING ce 58 22 55 [binary, 4 bytes]
2023-04-17 12:29:35,489 - DEBUG - < PONG ce 58 22 55 [binary, 4 bytes]
2023-04-17 12:29:35,493 - DEBUG - % received keepalive pong
2023-04-17 12:29:36,450 - DEBUG - Starting new HTTPS connection (1): rgw.devevspcharger.uplus.co.kr:443
2023-04-17 12:29:36,855 - DEBUG - https://rgw.devevspcharger.uplus.co.kr:443 "POST /ioc HTTP/1.1" 200 145
2023-04-17 12:29:36,866 - DEBUG - < TEXT '[2, "450924cb-7b2f-4a6c-b8a2-ca80a25fd357", "Re...": "1031040000069641"}]' [100 bytes]
2023-04-17 12:29:36,874 - DEBUG - > TEXT '[3, "450924cb-7b2f-4a6c-b8a2-ca80a25fd357", {"status": "Accepted"}]' [67 bytes]
2023-04-17 12:29:37,010 - DEBUG - < TEXT '' [0 bytes]
2023-04-17 12:29:37,047 - DEBUG - > TEXT '[2, "5dd2c32b-64a1-41c2-8d59-2ee05450f99d", "Au...": "1031040000069641"}]' [87 bytes]
2023-04-17 12:29:37,048 - DEBUG - % sending keepalive ping
2023-04-17 12:29:37,048 - DEBUG - > PING fa dc 9d f9 [binary, 4 bytes]
2023-04-17 12:29:37,075 - DEBUG - < PONG fa dc 9d f9 [binary, 4 bytes]
2023-04-17 12:29:37,077 - DEBUG - % received keepalive pong
2023-04-17 12:29:37,331 - DEBUG - < TEXT '[3, "5dd2c32b-64a1-41c2-8d59-2ee05450f99d", {"i..."status": "Accepted"}}]' [82 bytes]
2023-04-17 12:29:37,378 - DEBUG - > TEXT '[2, "3c45e1bc-6831-4dec-acb7-1f1e38efd7fe", "St...2023-04-17T12:29:15Z"}]' [170 bytes]
2023-04-17 12:29:37,841 - DEBUG - < TEXT '[3, "3c45e1bc-6831-4dec-acb7-1f1e38efd7fe", {"t..."status": "Accepted"}}]' [110 bytes]
2023-04-17 12:29:37,896 - DEBUG - > TEXT '[2, "5dd2c32b-64a1-41c2-8d59-2ee05450f99d", "St... "status": "Charging"}]' [131 bytes]
2023-04-17 12:29:38,070 - DEBUG - < TEXT '[3, "5dd2c32b-64a1-41c2-8d59-2ee05450f99d", {}]' [47 bytes]
2023-04-17 12:29:38,113 - DEBUG - > TEXT '[2, "e19dc0a1-c972-4935-9894-76bed784c273", "St...sactionId": 120533835}]' [149 bytes]
2023-04-17 12:29:38,456 - DEBUG - < TEXT '[3, "e19dc0a1-c972-4935-9894-76bed784c273", {"i..."status": "Accepted"}}]' [82 bytes]
2023-04-17 12:29:38,505 - DEBUG - > TEXT '[2, "5dd2c32b-64a1-41c2-8d59-2ee05450f99d", "St..."status": "Finishing"}]' [132 bytes]
2023-04-17 12:29:38,709 - DEBUG - < TEXT '[3, "5dd2c32b-64a1-41c2-8d59-2ee05450f99d", {}]' [47 bytes]
2023-04-17 12:29:38,749 - DEBUG - > TEXT '[2, "5dd2c32b-64a1-41c2-8d59-2ee05450f99d", "St..."status": "Available"}]' [132 bytes]
2023-04-17 12:29:38,932 - DEBUG - < TEXT '[3, "5dd2c32b-64a1-41c2-8d59-2ee05450f99d", {}]' [47 bytes]
2023-04-17 12:29:41,366 - DEBUG - Starting new HTTPS connection (1): rgw.devevspcharger.uplus.co.kr:443
2023-04-17 12:29:41,774 - DEBUG - https://rgw.devevspcharger.uplus.co.kr:443 "POST /ioc HTTP/1.1" 200 145
2023-04-17 12:29:41,788 - DEBUG - < TEXT '[2, "d5aa5923-7cea-486e-857d-475e70572b2b", "Re...": "1031040000069641"}]' [100 bytes]
2023-04-17 12:29:41,793 - DEBUG - > TEXT '[3, "d5aa5923-7cea-486e-857d-475e70572b2b", {"status": "Accepted"}]' [67 bytes]
2023-04-17 12:29:41,931 - DEBUG - < TEXT '' [0 bytes]
2023-04-17 12:29:41,964 - DEBUG - > TEXT '[2, "87085c5e-f287-41c8-9424-270a4716b02a", "St...2023-04-17T12:29:15Z"}]' [170 bytes]
2023-04-17 12:29:42,460 - DEBUG - < TEXT '[3, "87085c5e-f287-41c8-9424-270a4716b02a", {"t..."status": "Accepted"}}]' [110 bytes]
2023-04-17 12:29:42,497 - DEBUG - > TEXT '[2, "5dd2c32b-64a1-41c2-8d59-2ee05450f99d", "St... "status": "Charging"}]' [131 bytes]
2023-04-17 12:29:42,671 - DEBUG - < TEXT '[3, "5dd2c32b-64a1-41c2-8d59-2ee05450f99d", {}]' [47 bytes]
2023-04-17 12:29:42,710 - DEBUG - > TEXT '[2, "2b6701ff-cd6f-4a7e-9c0c-ad4ff1e852e8", "St...sactionId": 120533836}]' [149 bytes]
2023-04-17 12:29:43,035 - DEBUG - < TEXT '[3, "2b6701ff-cd6f-4a7e-9c0c-ad4ff1e852e8", {"i..."status": "Accepted"}}]' [82 bytes]
2023-04-17 12:29:43,079 - DEBUG - > TEXT '[2, "5dd2c32b-64a1-41c2-8d59-2ee05450f99d", "St..."status": "Finishing"}]' [132 bytes]
2023-04-17 12:29:43,271 - DEBUG - < TEXT '[3, "5dd2c32b-64a1-41c2-8d59-2ee05450f99d", {}]' [47 bytes]
2023-04-17 12:29:43,311 - DEBUG - > TEXT '[2, "5dd2c32b-64a1-41c2-8d59-2ee05450f99d", "St..."status": "Available"}]' [132 bytes]
2023-04-17 12:29:43,515 - DEBUG - < TEXT '[3, "5dd2c32b-64a1-41c2-8d59-2ee05450f99d", {}]' [47 bytes]
2023-04-17 12:29:43,554 - DEBUG - = connection is CLOSING
2023-04-17 12:29:43,554 - DEBUG - > CLOSE 1000 (OK) [2 bytes]
2023-04-17 12:29:43,562 - DEBUG - < CLOSE 1000 (OK) [2 bytes]
2023-04-17 12:29:43,569 - DEBUG - = connection is CLOSED
2023-04-17 12:29:51,362 - DEBUG - % sending keepalive ping
2023-04-17 12:29:51,362 - DEBUG - > PING 6c a8 42 66 [binary, 4 bytes]
2023-04-17 12:29:51,363 - DEBUG - % sending keepalive ping
2023-04-17 12:29:51,363 - DEBUG - > PING 66 7e dd 02 [binary, 4 bytes]
2023-04-17 12:29:51,369 - DEBUG - < PONG 6c a8 42 66 [binary, 4 bytes]
2023-04-17 12:29:51,384 - DEBUG - < PONG 66 7e dd 02 [binary, 4 bytes]
2023-04-17 12:29:51,387 - DEBUG - % received keepalive pong
2023-04-17 12:29:51,394 - DEBUG - % received keepalive pong
2023-04-17 12:29:55,468 - DEBUG - % sending keepalive ping
2023-04-17 12:29:55,469 - DEBUG - > PING 80 87 85 b8 [binary, 4 bytes]
2023-04-17 12:29:55,477 - DEBUG - < PONG 80 87 85 b8 [binary, 4 bytes]
2023-04-17 12:29:55,480 - DEBUG - % received keepalive pong
2023-04-17 12:30:11,394 - DEBUG - % sending keepalive ping
2023-04-17 12:30:11,394 - DEBUG - > PING c3 f7 80 c2 [binary, 4 bytes]
2023-04-17 12:30:11,394 - DEBUG - % sending keepalive ping
2023-04-17 12:30:11,394 - DEBUG - > PING 8e 08 82 bd [binary, 4 bytes]
2023-04-17 12:30:11,401 - DEBUG - < PONG 8e 08 82 bd [binary, 4 bytes]
2023-04-17 12:30:11,404 - DEBUG - < PONG c3 f7 80 c2 [binary, 4 bytes]
2023-04-17 12:30:11,407 - DEBUG - % received keepalive pong
2023-04-17 12:30:11,412 - DEBUG - % received keepalive pong
2023-04-17 12:30:15,480 - DEBUG - % sending keepalive ping
2023-04-17 12:30:15,480 - DEBUG - > PING ac ed 2d 62 [binary, 4 bytes]
2023-04-17 12:30:15,487 - DEBUG - < PONG ac ed 2d 62 [binary, 4 bytes]
2023-04-17 12:30:15,491 - DEBUG - % received keepalive pong
2023-04-17 12:30:31,390 - DEBUG - % sending keepalive ping
2023-04-17 12:30:31,390 - DEBUG - > PING e1 9e 3b b6 [binary, 4 bytes]
2023-04-17 12:30:31,391 - DEBUG - % sending keepalive ping
2023-04-17 12:30:31,391 - DEBUG - > PING de 0d bd fe [binary, 4 bytes]
2023-04-17 12:30:31,398 - DEBUG - < PONG e1 9e 3b b6 [binary, 4 bytes]
2023-04-17 12:30:31,403 - DEBUG - < PONG de 0d bd fe [binary, 4 bytes]
2023-04-17 12:30:31,409 - DEBUG - % received keepalive pong
2023-04-17 12:30:31,414 - DEBUG - % received keepalive pong
2023-04-17 12:30:35,469 - DEBUG - % sending keepalive ping
2023-04-17 12:30:35,469 - DEBUG - > PING d1 f8 1e cc [binary, 4 bytes]
2023-04-17 12:30:35,476 - DEBUG - < PONG d1 f8 1e cc [binary, 4 bytes]
2023-04-17 12:30:35,480 - DEBUG - % received keepalive pong
2023-04-17 12:30:51,390 - DEBUG - % sending keepalive ping
2023-04-17 12:30:51,390 - DEBUG - > PING 62 74 cc c0 [binary, 4 bytes]
2023-04-17 12:30:51,391 - DEBUG - % sending keepalive ping
2023-04-17 12:30:51,391 - DEBUG - > PING '\u018e}d' [text, 4 bytes]
2023-04-17 12:30:51,399 - DEBUG - < PONG 62 74 cc c0 [binary, 4 bytes]
2023-04-17 12:30:51,405 - DEBUG - < PONG '\u018e}d' [text, 4 bytes]
2023-04-17 12:30:51,408 - DEBUG - % received keepalive pong
2023-04-17 12:30:51,411 - DEBUG - % received keepalive pong
2023-04-17 12:30:55,475 - DEBUG - % sending keepalive ping
2023-04-17 12:30:55,475 - DEBUG - > PING f7 59 a7 1f [binary, 4 bytes]
2023-04-17 12:30:55,482 - DEBUG - < PONG f7 59 a7 1f [binary, 4 bytes]
2023-04-17 12:30:55,486 - DEBUG - % received keepalive pong
2023-04-17 12:31:11,391 - DEBUG - % sending keepalive ping
2023-04-17 12:31:11,392 - DEBUG - > PING e1 24 f3 ff [binary, 4 bytes]
2023-04-17 12:31:11,393 - DEBUG - % sending keepalive ping
2023-04-17 12:31:11,393 - DEBUG - > PING ed d9 b6 37 [binary, 4 bytes]
2023-04-17 12:31:11,403 - DEBUG - < PONG e1 24 f3 ff [binary, 4 bytes]
2023-04-17 12:31:11,404 - DEBUG - < PONG ed d9 b6 37 [binary, 4 bytes]
2023-04-17 12:31:11,409 - DEBUG - % received keepalive pong
2023-04-17 12:31:11,410 - DEBUG - % received keepalive pong
2023-04-17 12:31:15,467 - DEBUG - % sending keepalive ping
2023-04-17 12:31:15,467 - DEBUG - > PING 95 0b ef 3c [binary, 4 bytes]
2023-04-17 12:31:15,475 - DEBUG - < PONG 95 0b ef 3c [binary, 4 bytes]
2023-04-17 12:31:15,479 - DEBUG - % received keepalive pong
2023-04-17 12:31:31,394 - DEBUG - % sending keepalive ping
2023-04-17 12:31:31,394 - DEBUG - > PING '\\W:\x13' [text, 4 bytes]
2023-04-17 12:31:31,396 - DEBUG - % sending keepalive ping
2023-04-17 12:31:31,396 - DEBUG - > PING '\x0e\u071dB' [text, 4 bytes]
2023-04-17 12:31:31,667 - DEBUG - < PONG '\\W:\x13' [text, 4 bytes]
2023-04-17 12:31:31,668 - DEBUG - < PONG '\x0e\u071dB' [text, 4 bytes]
2023-04-17 12:31:31,676 - DEBUG - % received keepalive pong
2023-04-17 12:31:31,677 - DEBUG - % received keepalive pong
2023-04-17 12:31:35,482 - DEBUG - % sending keepalive ping
2023-04-17 12:31:35,482 - DEBUG - > PING 74 a8 28 3f [binary, 4 bytes]
2023-04-17 12:31:35,492 - DEBUG - < PONG 74 a8 28 3f [binary, 4 bytes]
2023-04-17 12:31:35,501 - DEBUG - % received keepalive pong
2023-04-17 12:31:51,688 - DEBUG - % sending keepalive ping
2023-04-17 12:31:51,688 - DEBUG - > PING 0c 3a d8 e8 [binary, 4 bytes]
2023-04-17 12:31:51,689 - DEBUG - % sending keepalive ping
2023-04-17 12:31:51,689 - DEBUG - > PING d8 91 e9 21 [binary, 4 bytes]
2023-04-17 12:31:51,698 - DEBUG - < PONG 0c 3a d8 e8 [binary, 4 bytes]
2023-04-17 12:31:51,699 - DEBUG - < PONG d8 91 e9 21 [binary, 4 bytes]
2023-04-17 12:31:51,705 - DEBUG - % received keepalive pong
2023-04-17 12:31:51,706 - DEBUG - % received keepalive pong
2023-04-17 12:31:55,500 - DEBUG - % sending keepalive ping
2023-04-17 12:31:55,500 - DEBUG - > PING db ab d0 7a [binary, 4 bytes]
2023-04-17 12:31:55,507 - DEBUG - < PONG db ab d0 7a [binary, 4 bytes]
2023-04-17 12:31:55,512 - DEBUG - % received keepalive pong
2023-04-17 12:32:11,697 - DEBUG - % sending keepalive ping
2023-04-17 12:32:11,698 - DEBUG - > PING 40 45 7d c6 [binary, 4 bytes]
2023-04-17 12:32:11,699 - DEBUG - % sending keepalive ping
2023-04-17 12:32:11,699 - DEBUG - > PING ad 89 83 fb [binary, 4 bytes]
2023-04-17 12:32:11,707 - DEBUG - < PONG 40 45 7d c6 [binary, 4 bytes]
2023-04-17 12:32:11,708 - DEBUG - < PONG ad 89 83 fb [binary, 4 bytes]
2023-04-17 12:32:11,715 - DEBUG - % received keepalive pong
2023-04-17 12:32:11,715 - DEBUG - % received keepalive pong
2023-04-17 12:32:15,519 - DEBUG - % sending keepalive ping
2023-04-17 12:32:15,519 - DEBUG - > PING 1c 49 c5 1f [binary, 4 bytes]
2023-04-17 12:32:15,526 - DEBUG - < PONG 1c 49 c5 1f [binary, 4 bytes]
2023-04-17 12:32:15,531 - DEBUG - % received keepalive pong
2023-04-17 12:32:31,729 - DEBUG - % sending keepalive ping
2023-04-17 12:32:31,730 - DEBUG - > PING 17 5f a7 cb [binary, 4 bytes]
2023-04-17 12:32:31,730 - DEBUG - % sending keepalive ping
2023-04-17 12:32:31,730 - DEBUG - > PING 50 b5 71 24 [binary, 4 bytes]
2023-04-17 12:32:31,737 - DEBUG - < PONG 17 5f a7 cb [binary, 4 bytes]
2023-04-17 12:32:31,742 - DEBUG - < PONG 50 b5 71 24 [binary, 4 bytes]
2023-04-17 12:32:31,749 - DEBUG - % received keepalive pong
2023-04-17 12:32:31,752 - DEBUG - % received keepalive pong
2023-04-17 12:32:35,524 - DEBUG - % sending keepalive ping
2023-04-17 12:32:35,524 - DEBUG - > PING b4 31 b0 ba [binary, 4 bytes]
2023-04-17 12:32:35,531 - DEBUG - < PONG b4 31 b0 ba [binary, 4 bytes]
2023-04-17 12:32:35,534 - DEBUG - % received keepalive pong
2023-04-17 12:32:51,756 - DEBUG - % sending keepalive ping
2023-04-17 12:32:51,757 - DEBUG - > PING 24 38 bf b1 [binary, 4 bytes]
2023-04-17 12:32:51,757 - DEBUG - % sending keepalive ping
2023-04-17 12:32:51,758 - DEBUG - > PING 32 c1 cb 98 [binary, 4 bytes]
2023-04-17 12:32:51,765 - DEBUG - < PONG 32 c1 cb 98 [binary, 4 bytes]
2023-04-17 12:32:51,769 - DEBUG - < PONG 24 38 bf b1 [binary, 4 bytes]
2023-04-17 12:32:51,774 - DEBUG - % received keepalive pong
2023-04-17 12:32:51,777 - DEBUG - % received keepalive pong
2023-04-17 12:32:55,512 - DEBUG - % sending keepalive ping
2023-04-17 12:32:55,512 - DEBUG - > PING be 47 c5 17 [binary, 4 bytes]
2023-04-17 12:32:55,520 - DEBUG - < PONG be 47 c5 17 [binary, 4 bytes]
2023-04-17 12:32:55,522 - DEBUG - % received keepalive pong
2023-04-17 12:33:11,766 - DEBUG - % sending keepalive ping
2023-04-17 12:33:11,766 - DEBUG - > PING e7 29 e0 ab [binary, 4 bytes]
2023-04-17 12:33:11,767 - DEBUG - % sending keepalive ping
2023-04-17 12:33:11,767 - DEBUG - > PING bc 35 b9 5d [binary, 4 bytes]
2023-04-17 12:33:11,774 - DEBUG - < PONG e7 29 e0 ab [binary, 4 bytes]
2023-04-17 12:33:11,777 - DEBUG - < PONG bc 35 b9 5d [binary, 4 bytes]
2023-04-17 12:33:11,780 - DEBUG - % received keepalive pong
2023-04-17 12:33:11,789 - DEBUG - % received keepalive pong
2023-04-17 12:33:15,513 - DEBUG - % sending keepalive ping
2023-04-17 12:33:15,513 - DEBUG - > PING e4 a6 72 7f [binary, 4 bytes]
2023-04-17 12:33:15,521 - DEBUG - < PONG e4 a6 72 7f [binary, 4 bytes]
2023-04-17 12:33:15,526 - DEBUG - % received keepalive pong
2023-04-17 12:33:31,765 - DEBUG - % sending keepalive ping
2023-04-17 12:33:31,765 - DEBUG - > PING 81 91 7a 12 [binary, 4 bytes]
2023-04-17 12:33:31,766 - DEBUG - % sending keepalive ping
2023-04-17 12:33:31,766 - DEBUG - > PING 9b a6 49 38 [binary, 4 bytes]
2023-04-17 12:33:31,773 - DEBUG - < PONG 81 91 7a 12 [binary, 4 bytes]
2023-04-17 12:33:31,777 - DEBUG - < PONG 9b a6 49 38 [binary, 4 bytes]
2023-04-17 12:33:31,783 - DEBUG - % received keepalive pong
2023-04-17 12:33:31,785 - DEBUG - % received keepalive pong
2023-04-17 12:33:35,514 - DEBUG - % sending keepalive ping
2023-04-17 12:33:35,514 - DEBUG - > PING 3d 7f 94 0f [binary, 4 bytes]
2023-04-17 12:33:35,522 - DEBUG - < PONG 3d 7f 94 0f [binary, 4 bytes]
2023-04-17 12:33:35,528 - DEBUG - % received keepalive pong
2023-04-17 12:33:51,771 - DEBUG - % sending keepalive ping
2023-04-17 12:33:51,771 - DEBUG - > PING 11 98 b3 fd [binary, 4 bytes]
2023-04-17 12:33:51,772 - DEBUG - % sending keepalive ping
2023-04-17 12:33:51,772 - DEBUG - > PING 35 01 ce 42 [binary, 4 bytes]
2023-04-17 12:33:51,780 - DEBUG - < PONG 11 98 b3 fd [binary, 4 bytes]
2023-04-17 12:33:51,781 - DEBUG - < PONG 35 01 ce 42 [binary, 4 bytes]
2023-04-17 12:33:51,786 - DEBUG - % received keepalive pong
2023-04-17 12:33:51,787 - DEBUG - % received keepalive pong
2023-04-17 12:33:55,522 - DEBUG - % sending keepalive ping
2023-04-17 12:33:55,522 - DEBUG - > PING ed a6 fa 9d [binary, 4 bytes]
2023-04-17 12:33:55,531 - DEBUG - < PONG ed a6 fa 9d [binary, 4 bytes]
2023-04-17 12:33:55,538 - DEBUG - % received keepalive pong
2023-04-17 12:34:11,769 - DEBUG - % sending keepalive ping
2023-04-17 12:34:11,770 - DEBUG - > PING fd 93 04 6f [binary, 4 bytes]
2023-04-17 12:34:11,770 - DEBUG - % sending keepalive ping
2023-04-17 12:34:11,770 - DEBUG - > PING a8 f6 c5 f1 [binary, 4 bytes]
2023-04-17 12:34:11,779 - DEBUG - < PONG a8 f6 c5 f1 [binary, 4 bytes]
2023-04-17 12:34:11,780 - DEBUG - < PONG fd 93 04 6f [binary, 4 bytes]
2023-04-17 12:34:11,788 - DEBUG - % received keepalive pong
2023-04-17 12:34:11,788 - DEBUG - % received keepalive pong
2023-04-17 12:34:15,526 - DEBUG - % sending keepalive ping
2023-04-17 12:34:15,526 - DEBUG - > PING dd dd f5 87 [binary, 4 bytes]
2023-04-17 12:34:15,533 - DEBUG - < PONG dd dd f5 87 [binary, 4 bytes]
2023-04-17 12:34:15,537 - DEBUG - % received keepalive pong
2023-04-17 12:34:31,775 - DEBUG - % sending keepalive ping
2023-04-17 12:34:31,775 - DEBUG - > PING 28 70 41 91 [binary, 4 bytes]
2023-04-17 12:34:31,776 - DEBUG - % sending keepalive ping
2023-04-17 12:34:31,777 - DEBUG - > PING 9e 22 d7 02 [binary, 4 bytes]
2023-04-17 12:34:31,783 - DEBUG - < PONG 28 70 41 91 [binary, 4 bytes]
2023-04-17 12:34:31,787 - DEBUG - < PONG 9e 22 d7 02 [binary, 4 bytes]
2023-04-17 12:34:31,794 - DEBUG - % received keepalive pong
2023-04-17 12:34:31,799 - DEBUG - % received keepalive pong
2023-04-17 12:34:35,525 - DEBUG - % sending keepalive ping
2023-04-17 12:34:35,525 - DEBUG - > PING 64 49 68 a3 [binary, 4 bytes]
2023-04-17 12:34:35,532 - DEBUG - < PONG 64 49 68 a3 [binary, 4 bytes]
2023-04-17 12:34:35,536 - DEBUG - % received keepalive pong
2023-04-17 12:34:51,802 - DEBUG - % sending keepalive ping
2023-04-17 12:34:51,802 - DEBUG - > PING e8 39 72 95 [binary, 4 bytes]
2023-04-17 12:34:51,803 - DEBUG - % sending keepalive ping
2023-04-17 12:34:51,803 - DEBUG - > PING c9 17 32 50 [binary, 4 bytes]
2023-04-17 12:34:51,811 - DEBUG - < PONG e8 39 72 95 [binary, 4 bytes]
2023-04-17 12:34:51,816 - DEBUG - < PONG c9 17 32 50 [binary, 4 bytes]
2023-04-17 12:34:51,820 - DEBUG - % received keepalive pong
2023-04-17 12:34:51,825 - DEBUG - % received keepalive pong
2023-04-17 12:34:55,514 - DEBUG - % sending keepalive ping
2023-04-17 12:34:55,515 - DEBUG - > PING d3 19 6b ca [binary, 4 bytes]
2023-04-17 12:34:55,522 - DEBUG - < PONG d3 19 6b ca [binary, 4 bytes]
2023-04-17 12:34:55,525 - DEBUG - % received keepalive pong
2023-04-17 12:35:11,810 - DEBUG - % sending keepalive ping
2023-04-17 12:35:11,810 - DEBUG - > PING ea 79 a8 c8 [binary, 4 bytes]
2023-04-17 12:35:11,811 - DEBUG - % sending keepalive ping
2023-04-17 12:35:11,811 - DEBUG - > PING '?n0-' [text, 4 bytes]
2023-04-17 12:35:11,818 - DEBUG - < PONG '?n0-' [text, 4 bytes]
2023-04-17 12:35:11,820 - DEBUG - < PONG ea 79 a8 c8 [binary, 4 bytes]
2023-04-17 12:35:11,822 - DEBUG - % received keepalive pong
2023-04-17 12:35:11,824 - DEBUG - % received keepalive pong
2023-04-17 12:35:15,519 - DEBUG - % sending keepalive ping
2023-04-17 12:35:15,519 - DEBUG - > PING 50 74 13 ee [binary, 4 bytes]
2023-04-17 12:35:15,528 - DEBUG - < PONG 50 74 13 ee [binary, 4 bytes]
2023-04-17 12:35:15,532 - DEBUG - % received keepalive pong
2023-04-17 12:35:31,816 - DEBUG - % sending keepalive ping
2023-04-17 12:35:31,817 - DEBUG - > PING dc 01 d0 42 [binary, 4 bytes]
2023-04-17 12:35:31,817 - DEBUG - % sending keepalive ping
2023-04-17 12:35:31,818 - DEBUG - > PING 3a 9a c0 d6 [binary, 4 bytes]
2023-04-17 12:35:31,825 - DEBUG - < PONG dc 01 d0 42 [binary, 4 bytes]
2023-04-17 12:35:31,828 - DEBUG - < PONG 3a 9a c0 d6 [binary, 4 bytes]
2023-04-17 12:35:31,833 - DEBUG - % received keepalive pong
2023-04-17 12:35:31,838 - DEBUG - % received keepalive pong
2023-04-17 12:35:35,516 - DEBUG - % sending keepalive ping
2023-04-17 12:35:35,516 - DEBUG - > PING 15 95 e8 29 [binary, 4 bytes]
2023-04-17 12:35:35,530 - DEBUG - < PONG 15 95 e8 29 [binary, 4 bytes]
2023-04-17 12:35:35,534 - DEBUG - % received keepalive pong
2023-04-17 12:35:51,817 - DEBUG - % sending keepalive ping
2023-04-17 12:35:51,818 - DEBUG - > PING d5 79 df 32 [binary, 4 bytes]
2023-04-17 12:35:51,825 - DEBUG - < PONG d5 79 df 32 [binary, 4 bytes]
2023-04-17 12:35:51,829 - DEBUG - % received keepalive pong
2023-04-17 12:35:51,849 - DEBUG - % sending keepalive ping
2023-04-17 12:35:51,849 - DEBUG - > PING 6b 5b cf 32 [binary, 4 bytes]
2023-04-17 12:35:51,857 - DEBUG - < PONG 6b 5b cf 32 [binary, 4 bytes]
2023-04-17 12:35:51,860 - DEBUG - % received keepalive pong
2023-04-17 12:35:55,517 - DEBUG - % sending keepalive ping
2023-04-17 12:35:55,517 - DEBUG - > PING 81 d6 2e 7b [binary, 4 bytes]
2023-04-17 12:35:55,523 - DEBUG - < PONG 81 d6 2e 7b [binary, 4 bytes]
2023-04-17 12:35:55,527 - DEBUG - % received keepalive pong
2023-04-17 12:36:11,815 - DEBUG - % sending keepalive ping
2023-04-17 12:36:11,815 - DEBUG - > PING 18 ff d0 1e [binary, 4 bytes]
2023-04-17 12:36:11,822 - DEBUG - < PONG 18 ff d0 1e [binary, 4 bytes]
2023-04-17 12:36:11,825 - DEBUG - % received keepalive pong
2023-04-17 12:36:11,846 - DEBUG - % sending keepalive ping
2023-04-17 12:36:11,846 - DEBUG - > PING '0Lpy' [text, 4 bytes]
2023-04-17 12:36:11,854 - DEBUG - < PONG '0Lpy' [text, 4 bytes]
2023-04-17 12:36:11,857 - DEBUG - % received keepalive pong
2023-04-17 12:36:15,513 - DEBUG - % sending keepalive ping
2023-04-17 12:36:15,513 - DEBUG - > PING 0f 8d 73 b5 [binary, 4 bytes]
2023-04-17 12:36:15,521 - DEBUG - < PONG 0f 8d 73 b5 [binary, 4 bytes]
2023-04-17 12:36:15,526 - DEBUG - % received keepalive pong
2023-04-17 12:36:31,811 - DEBUG - % sending keepalive ping
2023-04-17 12:36:31,812 - DEBUG - > PING 1b 60 a7 02 [binary, 4 bytes]
2023-04-17 12:36:31,819 - DEBUG - < PONG 1b 60 a7 02 [binary, 4 bytes]
2023-04-17 12:36:31,822 - DEBUG - % received keepalive pong
2023-04-17 12:36:31,843 - DEBUG - % sending keepalive ping
2023-04-17 12:36:31,843 - DEBUG - > PING d5 5f 6d d8 [binary, 4 bytes]
2023-04-17 12:36:31,851 - DEBUG - < PONG d5 5f 6d d8 [binary, 4 bytes]
2023-04-17 12:36:31,861 - DEBUG - % received keepalive pong
2023-04-17 12:36:35,514 - DEBUG - % sending keepalive ping
2023-04-17 12:36:35,514 - DEBUG - > PING b1 b7 34 5c [binary, 4 bytes]
2023-04-17 12:36:35,521 - DEBUG - < PONG b1 b7 34 5c [binary, 4 bytes]
2023-04-17 12:36:35,524 - DEBUG - % received keepalive pong
2023-04-17 12:36:51,810 - DEBUG - % sending keepalive ping
2023-04-17 12:36:51,810 - DEBUG - > PING 4d 3f e3 cd [binary, 4 bytes]
2023-04-17 12:36:51,818 - DEBUG - < PONG 4d 3f e3 cd [binary, 4 bytes]
2023-04-17 12:36:51,823 - DEBUG - % received keepalive pong
2023-04-17 12:36:51,858 - DEBUG - % sending keepalive ping
2023-04-17 12:36:51,858 - DEBUG - > PING c5 19 0d 8d [binary, 4 bytes]
2023-04-17 12:36:51,866 - DEBUG - < PONG c5 19 0d 8d [binary, 4 bytes]
2023-04-17 12:36:51,869 - DEBUG - % received keepalive pong
2023-04-17 12:36:55,518 - DEBUG - % sending keepalive ping
2023-04-17 12:36:55,518 - DEBUG - > PING 9b ba d0 27 [binary, 4 bytes]
2023-04-17 12:36:55,524 - DEBUG - < PONG 9b ba d0 27 [binary, 4 bytes]
2023-04-17 12:36:55,529 - DEBUG - % received keepalive pong
2023-04-17 12:37:11,815 - DEBUG - % sending keepalive ping
2023-04-17 12:37:11,815 - DEBUG - > PING dd 51 59 87 [binary, 4 bytes]
2023-04-17 12:37:11,823 - DEBUG - < PONG dd 51 59 87 [binary, 4 bytes]
2023-04-17 12:37:11,828 - DEBUG - % received keepalive pong
2023-04-17 12:37:11,847 - DEBUG - % sending keepalive ping
2023-04-17 12:37:11,848 - DEBUG - > PING a4 f3 57 a9 [binary, 4 bytes]
2023-04-17 12:37:11,855 - DEBUG - < PONG a4 f3 57 a9 [binary, 4 bytes]
2023-04-17 12:37:11,859 - DEBUG - % received keepalive pong
2023-04-17 12:37:15,525 - DEBUG - % sending keepalive ping
2023-04-17 12:37:15,525 - DEBUG - > PING e1 56 f9 a6 [binary, 4 bytes]
2023-04-17 12:37:15,534 - DEBUG - < PONG e1 56 f9 a6 [binary, 4 bytes]
2023-04-17 12:37:15,540 - DEBUG - % received keepalive pong
2023-04-17 12:37:31,810 - DEBUG - % sending keepalive ping
2023-04-17 12:37:31,810 - DEBUG - > PING 34 5b b9 c1 [binary, 4 bytes]
2023-04-17 12:37:31,830 - DEBUG - < PONG 34 5b b9 c1 [binary, 4 bytes]
2023-04-17 12:37:31,834 - DEBUG - % received keepalive pong
2023-04-17 12:37:31,858 - DEBUG - % sending keepalive ping
2023-04-17 12:37:31,858 - DEBUG - > PING de e9 42 8d [binary, 4 bytes]
2023-04-17 12:37:31,866 - DEBUG - < PONG de e9 42 8d [binary, 4 bytes]
2023-04-17 12:37:31,869 - DEBUG - % received keepalive pong
2023-04-17 12:37:35,516 - DEBUG - % sending keepalive ping
2023-04-17 12:37:35,516 - DEBUG - > PING c3 02 b1 9b [binary, 4 bytes]
2023-04-17 12:37:35,526 - DEBUG - < PONG c3 02 b1 9b [binary, 4 bytes]
2023-04-17 12:37:35,530 - DEBUG - % received keepalive pong
2023-04-17 12:38:02,666 - DEBUG - = connection is CONNECTING
2023-04-17 12:38:02,716 - DEBUG - > GET /ocpp16/ELA007C05/EVSCA050001 HTTP/1.1
2023-04-17 12:38:02,717 - DEBUG - > Host: ws.devevspcharger.uplus.co.kr
2023-04-17 12:38:02,717 - DEBUG - > Upgrade: websocket
2023-04-17 12:38:02,717 - DEBUG - > Connection: Upgrade
2023-04-17 12:38:02,717 - DEBUG - > Sec-WebSocket-Key: wU06XUiqZm3eOSMjrCHhPA==
2023-04-17 12:38:02,717 - DEBUG - > Sec-WebSocket-Version: 13
2023-04-17 12:38:02,717 - DEBUG - > Sec-WebSocket-Extensions: permessage-deflate; client_max_window_bits
2023-04-17 12:38:02,717 - DEBUG - > Sec-WebSocket-Protocol: ocpp1.6
2023-04-17 12:38:02,718 - DEBUG - > Authorization: Basic RVZBUjpFVkFSTEdV
2023-04-17 12:38:02,718 - DEBUG - > User-Agent: Python/3.11 websockets/10.4
2023-04-17 12:38:04,036 - DEBUG - < HTTP/1.1 101 Switching Protocols
2023-04-17 12:38:04,036 - DEBUG - < Connection: upgrade
2023-04-17 12:38:04,036 - DEBUG - < Date: Mon, 17 Apr 2023 03:37:52 GMT
2023-04-17 12:38:04,036 - DEBUG - < sec-websocket-protocol: ocpp1.6
2023-04-17 12:38:04,036 - DEBUG - < upgrade: websocket
2023-04-17 12:38:04,036 - DEBUG - < sec-websocket-accept: OLbImjO3a8ayxaw0mDDf4OEPDMo=
2023-04-17 12:38:04,036 - DEBUG - < sec-websocket-extensions: permessage-deflate
2023-04-17 12:38:04,037 - DEBUG - < X-Cache: Miss from cloudfront
2023-04-17 12:38:04,037 - DEBUG - < Via: 1.1 d4e4051c0925e57d2970506624ed755a.cloudfront.net (CloudFront)
2023-04-17 12:38:04,037 - DEBUG - < X-Amz-Cf-Pop: ICN54-C1
2023-04-17 12:38:04,037 - DEBUG - < X-Amz-Cf-Id: rRqyz5uw5HclKL7IQ4zT74bBYrtys_wyW0Sz-pH85nSRFbC8AsYtBQ==
2023-04-17 12:38:04,043 - DEBUG - = connection is OPEN
2023-04-17 12:38:04,151 - DEBUG - > TEXT '[2, "29a99103-d81f-4335-9418-bd6664e11b2d", "Bo...ePointVendor": "EVAR"}]' [127 bytes]
2023-04-17 12:38:04,439 - DEBUG - < TEXT '[3, "29a99103-d81f-4335-9418-bd6664e11b2d", {"s...53Z", "interval": 600}]' [123 bytes]
2023-04-17 12:38:07,356 - DEBUG - Starting new HTTPS connection (1): rgw.devevspcharger.uplus.co.kr:443
2023-04-17 12:38:08,723 - DEBUG - https://rgw.devevspcharger.uplus.co.kr:443 "POST /ioc HTTP/1.1" 200 166
2023-04-17 12:38:08,742 - DEBUG - < TEXT '[2, "1b81dfa8-52d8-41c7-ad1a-bdccfb9ebe2e", "Ch...led", "value": "true"}]' [121 bytes]
2023-04-17 12:38:08,747 - DEBUG - > TEXT '[3, "1b81dfa8-52d8-41c7-ad1a-bdccfb9ebe2e", {"status": "Accepted"}]' [67 bytes]
2023-04-17 12:38:08,893 - DEBUG - < TEXT '' [0 bytes]
2023-04-17 12:38:11,719 - DEBUG - Starting new HTTPS connection (1): rgw.devevspcharger.uplus.co.kr:443
2023-04-17 12:38:12,162 - DEBUG - https://rgw.devevspcharger.uplus.co.kr:443 "POST /ioc HTTP/1.1" 200 158
2023-04-17 12:38:12,174 - DEBUG - < TEXT '[2, "a75ba6c2-52c8-4be9-af8e-931d13a90651", "Ch...ize", "value": "true"}]' [113 bytes]
2023-04-17 12:38:12,180 - DEBUG - > TEXT '[3, "a75ba6c2-52c8-4be9-af8e-931d13a90651", {"status": "Accepted"}]' [67 bytes]
2023-04-17 12:38:12,315 - DEBUG - < TEXT '' [0 bytes]
2023-04-17 12:38:14,750 - DEBUG - Starting new HTTPS connection (1): rgw.devevspcharger.uplus.co.kr:443
2023-04-17 12:38:15,179 - DEBUG - https://rgw.devevspcharger.uplus.co.kr:443 "POST /ioc HTTP/1.1" 200 156
2023-04-17 12:38:15,195 - DEBUG - < TEXT '[2, "cc2caa67-b81d-4ae9-bf45-af606af45baf", "Ch...meOut", "value": "60"}]' [111 bytes]
2023-04-17 12:38:15,204 - DEBUG - > TEXT '[3, "cc2caa67-b81d-4ae9-bf45-af606af45baf", {"status": "Accepted"}]' [67 bytes]
2023-04-17 12:38:15,373 - DEBUG - < TEXT '' [0 bytes]
2023-04-17 12:38:15,405 - DEBUG - > TEXT '[2, "29a99103-d81f-4335-9418-bd6664e11b2d", "Au...": "1031040000069641"}]' [87 bytes]
2023-04-17 12:38:15,695 - DEBUG - < TEXT '[3, "29a99103-d81f-4335-9418-bd6664e11b2d", {"i..."status": "Accepted"}}]' [82 bytes]
2023-04-17 12:38:15,729 - DEBUG - > TEXT '[2, "29a99103-d81f-4335-9418-bd6664e11b2d", "St..."status": "Preparing"}]' [132 bytes]
2023-04-17 12:38:15,914 - DEBUG - < TEXT '[3, "29a99103-d81f-4335-9418-bd6664e11b2d", {}]' [47 bytes]
2023-04-17 12:38:15,944 - DEBUG - > TEXT '[2, "29a99103-d81f-4335-9418-bd6664e11b2d", "St..."status": "Available"}]' [132 bytes]
2023-04-17 12:38:16,162 - DEBUG - < TEXT '[3, "29a99103-d81f-4335-9418-bd6664e11b2d", {}]' [47 bytes]
2023-04-17 12:38:18,643 - DEBUG - Starting new HTTPS connection (1): rgw.devevspcharger.uplus.co.kr:443
2023-04-17 12:38:19,022 - DEBUG - https://rgw.devevspcharger.uplus.co.kr:443 "POST /ioc HTTP/1.1" 200 106
2023-04-17 12:38:19,035 - DEBUG - < TEXT '[2, "36983b1d-ce5d-4f96-8a51-16ce1a62f906", "ClearCache", {}]' [61 bytes]
2023-04-17 12:38:19,040 - DEBUG - > TEXT '[3, "36983b1d-ce5d-4f96-8a51-16ce1a62f906", {"status": "Accepted"}]' [67 bytes]
2023-04-17 12:38:19,176 - DEBUG - < TEXT '' [0 bytes]
2023-04-17 12:38:19,200 - DEBUG - > TEXT '[2, "29a99103-d81f-4335-9418-bd6664e11b2d", "Au...": "1031040000069641"}]' [87 bytes]
2023-04-17 12:38:19,420 - DEBUG - < TEXT '[3, "29a99103-d81f-4335-9418-bd6664e11b2d", {"i..."status": "Accepted"}}]' [82 bytes]
2023-04-17 12:38:19,437 - DEBUG - = connection is CLOSING
2023-04-17 12:38:19,438 - DEBUG - > CLOSE 1000 (OK) [2 bytes]
2023-04-17 12:38:19,448 - DEBUG - < CLOSE 1000 (OK) [2 bytes]
2023-04-17 12:38:19,454 - DEBUG - = connection is CLOSED
2023-04-17 12:39:57,579 - DEBUG - = connection is CONNECTING
2023-04-17 12:39:57,617 - DEBUG - > GET /ocpp16/ELA007C05/EVSCA050001 HTTP/1.1
2023-04-17 12:39:57,617 - DEBUG - > Host: ws.devevspcharger.uplus.co.kr
2023-04-17 12:39:57,618 - DEBUG - > Upgrade: websocket
2023-04-17 12:39:57,618 - DEBUG - > Connection: Upgrade
2023-04-17 12:39:57,618 - DEBUG - > Sec-WebSocket-Key: 60+WF/Hry0GKzZT3h1dSUQ==
2023-04-17 12:39:57,618 - DEBUG - > Sec-WebSocket-Version: 13
2023-04-17 12:39:57,618 - DEBUG - > Sec-WebSocket-Extensions: permessage-deflate; client_max_window_bits
2023-04-17 12:39:57,618 - DEBUG - > Sec-WebSocket-Protocol: ocpp1.6
2023-04-17 12:39:57,618 - DEBUG - > Authorization: Basic RVZBUjpFVkFSTEdV
2023-04-17 12:39:57,618 - DEBUG - > User-Agent: Python/3.11 websockets/10.4
2023-04-17 12:39:58,175 - DEBUG - < HTTP/1.1 101 Switching Protocols
2023-04-17 12:39:58,175 - DEBUG - < Connection: upgrade
2023-04-17 12:39:58,175 - DEBUG - < Date: Mon, 17 Apr 2023 03:39:47 GMT
2023-04-17 12:39:58,175 - DEBUG - < sec-websocket-protocol: ocpp1.6
2023-04-17 12:39:58,175 - DEBUG - < upgrade: websocket
2023-04-17 12:39:58,175 - DEBUG - < sec-websocket-accept: rwso9KLkQsXwixKlTsdlRpMFM9g=
2023-04-17 12:39:58,176 - DEBUG - < sec-websocket-extensions: permessage-deflate
2023-04-17 12:39:58,176 - DEBUG - < X-Cache: Miss from cloudfront
2023-04-17 12:39:58,176 - DEBUG - < Via: 1.1 5b6f80c06c5584561e15bd2fd58882ee.cloudfront.net (CloudFront)
2023-04-17 12:39:58,176 - DEBUG - < X-Amz-Cf-Pop: ICN57-P2
2023-04-17 12:39:58,176 - DEBUG - < X-Amz-Cf-Id: Dc1eY75A9YmFXkUS3PhFQI6_9tGQWra-LlSwRocHMiGm36ajBZP1XQ==
2023-04-17 12:39:58,176 - DEBUG - = connection is OPEN
2023-04-17 12:39:58,198 - DEBUG - > TEXT '[2, "e398f5e0-720c-4b92-8e41-f15f03426b08", "Bo...ePointVendor": "EVAR"}]' [127 bytes]
2023-04-17 12:39:58,653 - DEBUG - < TEXT '[3, "e398f5e0-720c-4b92-8e41-f15f03426b08", {"s...47Z", "interval": 600}]' [123 bytes]
2023-04-17 12:40:01,240 - DEBUG - Starting new HTTPS connection (1): rgw.devevspcharger.uplus.co.kr:443
2023-04-17 12:40:01,803 - DEBUG - https://rgw.devevspcharger.uplus.co.kr:443 "POST /ioc HTTP/1.1" 200 148
2023-04-17 12:40:01,816 - DEBUG - < TEXT '[2, "ca14da31-d6b3-4ee2-880a-b39bcd7f4898", "Ge...izeRemoteTxRequests"]}]' [103 bytes]
2023-04-17 12:40:01,820 - DEBUG - > TEXT '[3, "ca14da31-d6b3-4ee2-880a-b39bcd7f4898", {"c... "status": "Accepted"}]' [139 bytes]
2023-04-17 12:40:01,954 - DEBUG - < TEXT '' [0 bytes]
2023-04-17 12:40:01,996 - DEBUG - > TEXT '[2, "e398f5e0-720c-4b92-8e41-f15f03426b08", "St..."status": "Preparing"}]' [132 bytes]
2023-04-17 12:40:02,173 - DEBUG - < TEXT '[3, "e398f5e0-720c-4b92-8e41-f15f03426b08", {}]' [47 bytes]
2023-04-17 12:40:04,625 - DEBUG - Starting new HTTPS connection (1): rgw.devevspcharger.uplus.co.kr:443
2023-04-17 12:40:05,030 - DEBUG - https://rgw.devevspcharger.uplus.co.kr:443 "POST /ioc HTTP/1.1" 200 145
2023-04-17 12:40:05,043 - DEBUG - < TEXT '[2, "cfe1a4d4-5f96-4bcb-9145-13daa8432959", "Re...": "1031040000069641"}]' [100 bytes]
2023-04-17 12:40:05,048 - DEBUG - > TEXT '[3, "cfe1a4d4-5f96-4bcb-9145-13daa8432959", {"status": "Accepted"}]' [67 bytes]
2023-04-17 12:40:05,195 - DEBUG - < TEXT '' [0 bytes]
2023-04-17 12:40:05,240 - DEBUG - > TEXT '[2, "e398f5e0-720c-4b92-8e41-f15f03426b08", "Au...": "1031040000069641"}]' [87 bytes]
2023-04-17 12:40:05,492 - DEBUG - < TEXT '[3, "e398f5e0-720c-4b92-8e41-f15f03426b08", {"i..."status": "Accepted"}}]' [82 bytes]
2023-04-17 12:40:05,534 - DEBUG - > TEXT '[2, "dd75aadf-41bf-40e6-9127-39c6d366503c", "St...2023-04-17T12:39:57Z"}]' [170 bytes]
2023-04-17 12:40:05,912 - DEBUG - < TEXT '[3, "dd75aadf-41bf-40e6-9127-39c6d366503c", {"t..."status": "Accepted"}}]' [110 bytes]
2023-04-17 12:40:05,990 - DEBUG - > TEXT '[2, "e398f5e0-720c-4b92-8e41-f15f03426b08", "St... "status": "Charging"}]' [131 bytes]
2023-04-17 12:40:06,174 - DEBUG - < TEXT '[3, "e398f5e0-720c-4b92-8e41-f15f03426b08", {}]' [47 bytes]
2023-04-17 12:40:06,210 - DEBUG - > TEXT '[2, "465f17f3-b61a-4849-9b3d-154dafff3eb8", "St...sactionId": 120533837}]' [149 bytes]
2023-04-17 12:40:06,639 - DEBUG - < TEXT '[3, "465f17f3-b61a-4849-9b3d-154dafff3eb8", {"i..."status": "Accepted"}}]' [82 bytes]
2023-04-17 12:40:06,677 - DEBUG - > TEXT '[2, "e398f5e0-720c-4b92-8e41-f15f03426b08", "St..."status": "Finishing"}]' [132 bytes]
2023-04-17 12:40:06,855 - DEBUG - < TEXT '[3, "e398f5e0-720c-4b92-8e41-f15f03426b08", {}]' [47 bytes]
2023-04-17 12:40:06,891 - DEBUG - > TEXT '[2, "e398f5e0-720c-4b92-8e41-f15f03426b08", "St..."status": "Available"}]' [132 bytes]
2023-04-17 12:40:07,074 - DEBUG - < TEXT '[3, "e398f5e0-720c-4b92-8e41-f15f03426b08", {}]' [47 bytes]
2023-04-17 12:40:07,096 - DEBUG - = connection is CLOSING
2023-04-17 12:40:07,096 - DEBUG - > CLOSE 1000 (OK) [2 bytes]
2023-04-17 12:40:07,103 - DEBUG - < CLOSE 1000 (OK) [2 bytes]
2023-04-17 12:40:07,108 - DEBUG - = connection is CLOSED
2023-04-17 12:41:16,011 - DEBUG - = connection is CONNECTING
2023-04-17 12:41:16,046 - DEBUG - > GET /ocpp16/ELA007C05/EVSCA050001 HTTP/1.1
2023-04-17 12:41:16,047 - DEBUG - > Host: ws.devevspcharger.uplus.co.kr
2023-04-17 12:41:16,047 - DEBUG - > Upgrade: websocket
2023-04-17 12:41:16,047 - DEBUG - > Connection: Upgrade
2023-04-17 12:41:16,047 - DEBUG - > Sec-WebSocket-Key: KZILzyOoXCx5o4WCWb3fZQ==
2023-04-17 12:41:16,047 - DEBUG - > Sec-WebSocket-Version: 13
2023-04-17 12:41:16,047 - DEBUG - > Sec-WebSocket-Extensions: permessage-deflate; client_max_window_bits
2023-04-17 12:41:16,048 - DEBUG - > Sec-WebSocket-Protocol: ocpp1.6
2023-04-17 12:41:16,048 - DEBUG - > Authorization: Basic RVZBUjpFVkFSTEdV
2023-04-17 12:41:16,048 - DEBUG - > User-Agent: Python/3.11 websockets/10.4
2023-04-17 12:41:16,727 - DEBUG - < HTTP/1.1 101 Switching Protocols
2023-04-17 12:41:16,727 - DEBUG - < Connection: upgrade
2023-04-17 12:41:16,727 - DEBUG - < Date: Mon, 17 Apr 2023 03:41:05 GMT
2023-04-17 12:41:16,727 - DEBUG - < sec-websocket-protocol: ocpp1.6
2023-04-17 12:41:16,727 - DEBUG - < upgrade: websocket
2023-04-17 12:41:16,727 - DEBUG - < sec-websocket-accept: zKZlTxzwYUbA/+5golC5EfHYFhY=
2023-04-17 12:41:16,727 - DEBUG - < sec-websocket-extensions: permessage-deflate
2023-04-17 12:41:16,727 - DEBUG - < X-Cache: Miss from cloudfront
2023-04-17 12:41:16,727 - DEBUG - < Via: 1.1 b92faae7242f31be9bfc0ec3d134dfce.cloudfront.net (CloudFront)
2023-04-17 12:41:16,727 - DEBUG - < X-Amz-Cf-Pop: ICN57-P2
2023-04-17 12:41:16,728 - DEBUG - < X-Amz-Cf-Id: sQyv6jrSK9pS_NvRgnGOOwzP4llif0qkksnip5dlm4-tFm8LWZXN4g==
2023-04-17 12:41:16,728 - DEBUG - = connection is OPEN
2023-04-17 12:41:16,752 - DEBUG - > TEXT '[2, "62d92b68-0095-4de1-bb53-58957dd5872a", "Bo...ePointVendor": "EVAR"}]' [127 bytes]
2023-04-17 12:41:17,176 - DEBUG - < TEXT '[3, "62d92b68-0095-4de1-bb53-58957dd5872a", {"s...05Z", "interval": 600}]' [123 bytes]
2023-04-17 12:41:20,003 - DEBUG - Starting new HTTPS connection (1): rgw.devevspcharger.uplus.co.kr:443
2023-04-17 12:41:20,603 - DEBUG - https://rgw.devevspcharger.uplus.co.kr:443 "POST /ioc HTTP/1.1" 200 148
2023-04-17 12:41:20,614 - DEBUG - < TEXT '[2, "0a8943b6-b72b-4bf9-b0bd-a0d7f8ac6716", "Ge...izeRemoteTxRequests"]}]' [103 bytes]
2023-04-17 12:41:20,620 - DEBUG - > TEXT '[3, "0a8943b6-b72b-4bf9-b0bd-a0d7f8ac6716", {"c...ue", "value": "300"}]}]' [141 bytes]
2023-04-17 12:41:20,737 - DEBUG - < TEXT '' [0 bytes]
2023-04-17 12:41:22,407 - DEBUG - Starting new HTTPS connection (1): rgw.devevspcharger.uplus.co.kr:443
2023-04-17 12:41:22,781 - DEBUG - https://rgw.devevspcharger.uplus.co.kr:443 "POST /ioc HTTP/1.1" 200 164
2023-04-17 12:41:22,795 - DEBUG - < TEXT '[2, "fad916a5-c06b-4719-86dd-1f62747ea5df", "Ch...rval", "value": "300"}]' [119 bytes]
2023-04-17 12:41:22,801 - DEBUG - > TEXT '[3, "fad916a5-c06b-4719-86dd-1f62747ea5df", {"status": "Accepted"}]' [67 bytes]
2023-04-17 12:41:22,942 - DEBUG - < TEXT '' [0 bytes]
2023-04-17 12:41:23,007 - DEBUG - > TEXT '[2, "62d92b68-0095-4de1-bb53-58957dd5872a", "St..."status": "Available"}]' [132 bytes]
2023-04-17 12:41:23,215 - DEBUG - < TEXT '[3, "62d92b68-0095-4de1-bb53-58957dd5872a", {}]' [47 bytes]
2023-04-17 12:41:25,007 - DEBUG - Starting new HTTPS connection (1): rgw.devevspcharger.uplus.co.kr:443
2023-04-17 12:41:25,401 - DEBUG - https://rgw.devevspcharger.uplus.co.kr:443 "POST /ioc HTTP/1.1" 200 145
2023-04-17 12:41:25,417 - DEBUG - < TEXT '[2, "ada02878-5202-4ea0-a7d3-dac05bff5781", "Re...": "1031040000069641"}]' [100 bytes]
2023-04-17 12:41:25,423 - DEBUG - > TEXT '[3, "ada02878-5202-4ea0-a7d3-dac05bff5781", {"status": "Accepted"}]' [67 bytes]
2023-04-17 12:41:25,556 - DEBUG - < TEXT '' [0 bytes]
2023-04-17 12:41:25,584 - DEBUG - > TEXT '[2, "62d92b68-0095-4de1-bb53-58957dd5872a", "Au...": "1031040000069641"}]' [87 bytes]
2023-04-17 12:41:25,794 - DEBUG - < TEXT '[3, "62d92b68-0095-4de1-bb53-58957dd5872a", {"i..."status": "Accepted"}}]' [82 bytes]
2023-04-17 12:41:25,827 - DEBUG - > TEXT '[2, "62d92b68-0095-4de1-bb53-58957dd5872a", "St..."status": "Preparing"}]' [132 bytes]
2023-04-17 12:41:26,131 - DEBUG - < TEXT '[3, "62d92b68-0095-4de1-bb53-58957dd5872a", {}]' [47 bytes]
2023-04-17 12:41:26,172 - DEBUG - > TEXT '[2, "54c8116a-c17a-4987-9470-b487ae473cfd", "St...2023-04-17T12:41:15Z"}]' [170 bytes]
2023-04-17 12:41:26,559 - DEBUG - < TEXT '[3, "54c8116a-c17a-4987-9470-b487ae473cfd", {"t..."status": "Accepted"}}]' [110 bytes]
2023-04-17 12:41:26,597 - DEBUG - > TEXT '[2, "62d92b68-0095-4de1-bb53-58957dd5872a", "St... "status": "Charging"}]' [131 bytes]
2023-04-17 12:41:26,775 - DEBUG - < TEXT '[3, "62d92b68-0095-4de1-bb53-58957dd5872a", {}]' [47 bytes]
2023-04-17 12:41:29,558 - DEBUG - Starting new HTTPS connection (1): rgw.devevspcharger.uplus.co.kr:443
2023-04-17 12:41:29,964 - DEBUG - https://rgw.devevspcharger.uplus.co.kr:443 "POST /ioc HTTP/1.1" 200 143
2023-04-17 12:41:29,975 - DEBUG - < TEXT '[2, "cae89ee0-cb67-4bec-a631-72d31e90f675", "Re...sactionId": 120533838}]' [98 bytes]
2023-04-17 12:41:29,978 - DEBUG - > TEXT '[3, "cae89ee0-cb67-4bec-a631-72d31e90f675", {"status": "Accepted"}]' [67 bytes]
2023-04-17 12:41:30,134 - DEBUG - < TEXT '' [0 bytes]
2023-04-17 12:41:30,166 - DEBUG - > TEXT '[2, "8ed3f966-dd36-4aa9-85fc-8be4215c911f", "St...sactionId": 120533838}]' [149 bytes]
2023-04-17 12:41:30,515 - DEBUG - < TEXT '[3, "8ed3f966-dd36-4aa9-85fc-8be4215c911f", {"i..."status": "Accepted"}}]' [82 bytes]
2023-04-17 12:41:30,554 - DEBUG - > TEXT '[2, "62d92b68-0095-4de1-bb53-58957dd5872a", "St..."status": "Finishing"}]' [132 bytes]
2023-04-17 12:41:30,737 - DEBUG - < TEXT '[3, "62d92b68-0095-4de1-bb53-58957dd5872a", {}]' [47 bytes]
2023-04-17 12:41:30,777 - DEBUG - > TEXT '[2, "62d92b68-0095-4de1-bb53-58957dd5872a", "St..."status": "Available"}]' [132 bytes]
2023-04-17 12:41:30,975 - DEBUG - < TEXT '[3, "62d92b68-0095-4de1-bb53-58957dd5872a", {}]' [47 bytes]
2023-04-17 12:41:30,999 - DEBUG - = connection is CLOSING
2023-04-17 12:41:31,000 - DEBUG - > CLOSE 1000 (OK) [2 bytes]
2023-04-17 12:41:31,008 - DEBUG - < CLOSE 1000 (OK) [2 bytes]
2023-04-17 12:41:31,015 - DEBUG - = connection is CLOSED
2023-04-17 12:42:52,488 - DEBUG - = connection is CONNECTING
2023-04-17 12:42:52,518 - DEBUG - > GET /ocpp16/ELA007C05/EVSCA050001 HTTP/1.1
2023-04-17 12:42:52,519 - DEBUG - > Host: ws.devevspcharger.uplus.co.kr
2023-04-17 12:42:52,520 - DEBUG - > Upgrade: websocket
2023-04-17 12:42:52,520 - DEBUG - > Connection: Upgrade
2023-04-17 12:42:52,520 - DEBUG - > Sec-WebSocket-Key: UD0KUbSX8K+gPIP/RwSKQg==
2023-04-17 12:42:52,520 - DEBUG - > Sec-WebSocket-Version: 13
2023-04-17 12:42:52,520 - DEBUG - > Sec-WebSocket-Extensions: permessage-deflate; client_max_window_bits
2023-04-17 12:42:52,520 - DEBUG - > Sec-WebSocket-Protocol: ocpp1.6
2023-04-17 12:42:52,520 - DEBUG - > Authorization: Basic RVZBUjpFVkFSTEdV
2023-04-17 12:42:52,520 - DEBUG - > User-Agent: Python/3.11 websockets/10.4
2023-04-17 12:42:53,037 - DEBUG - < HTTP/1.1 101 Switching Protocols
2023-04-17 12:42:53,038 - DEBUG - < Connection: upgrade
2023-04-17 12:42:53,038 - DEBUG - < Date: Mon, 17 Apr 2023 03:42:41 GMT
2023-04-17 12:42:53,038 - DEBUG - < sec-websocket-protocol: ocpp1.6
2023-04-17 12:42:53,038 - DEBUG - < upgrade: websocket
2023-04-17 12:42:53,038 - DEBUG - < sec-websocket-accept: K81gvbl+uJG3qRkniwikH4f7jFM=
2023-04-17 12:42:53,038 - DEBUG - < sec-websocket-extensions: permessage-deflate
2023-04-17 12:42:53,038 - DEBUG - < X-Cache: Miss from cloudfront
2023-04-17 12:42:53,038 - DEBUG - < Via: 1.1 9ae7abacc9e2c811909db23dbe603ad4.cloudfront.net (CloudFront)
2023-04-17 12:42:53,038 - DEBUG - < X-Amz-Cf-Pop: ICN57-P2
2023-04-17 12:42:53,038 - DEBUG - < X-Amz-Cf-Id: PV0JJAtPI4wCm8YkULxwrIWr1Zn3bJEhoEAimiFn75035P6ijUyYqg==
2023-04-17 12:42:53,039 - DEBUG - = connection is OPEN
2023-04-17 12:42:53,067 - DEBUG - > TEXT '[2, "e93878d4-f8f2-43f0-9248-b9244f5d8e19", "Bo...ePointVendor": "EVAR"}]' [127 bytes]
2023-04-17 12:42:53,319 - DEBUG - < TEXT '[3, "e93878d4-f8f2-43f0-9248-b9244f5d8e19", {"s...42Z", "interval": 600}]' [123 bytes]
2023-04-17 12:42:55,547 - DEBUG - Starting new HTTPS connection (1): rgw.devevspcharger.uplus.co.kr:443
2023-04-17 12:42:56,105 - DEBUG - https://rgw.devevspcharger.uplus.co.kr:443 "POST /ioc HTTP/1.1" 200 145
2023-04-17 12:42:56,115 - DEBUG - < TEXT '[2, "1fff53fb-0261-4745-9b86-cb3e58f7e051", "Re...": "1031040000069641"}]' [100 bytes]
2023-04-17 12:42:56,120 - DEBUG - > TEXT '[3, "1fff53fb-0261-4745-9b86-cb3e58f7e051", {"status": "Accepted"}]' [67 bytes]
2023-04-17 12:42:56,276 - DEBUG - < TEXT '' [0 bytes]
2023-04-17 12:42:56,302 - DEBUG - > TEXT '[2, "e93878d4-f8f2-43f0-9248-b9244f5d8e19", "Au...": "1031040000069641"}]' [87 bytes]
2023-04-17 12:42:56,615 - DEBUG - < TEXT '[3, "e93878d4-f8f2-43f0-9248-b9244f5d8e19", {"i..."status": "Accepted"}}]' [82 bytes]
2023-04-17 12:42:56,660 - DEBUG - > TEXT '[2, "e93878d4-f8f2-43f0-9248-b9244f5d8e19", "St..."status": "Preparing"}]' [132 bytes]
2023-04-17 12:42:56,842 - DEBUG - < TEXT '[3, "e93878d4-f8f2-43f0-9248-b9244f5d8e19", {}]' [47 bytes]
2023-04-17 12:42:56,877 - DEBUG - > TEXT '[2, "e93878d4-f8f2-43f0-9248-b9244f5d8e19", "St..."status": "Available"}]' [132 bytes]
2023-04-17 12:42:57,056 - DEBUG - < TEXT '[3, "e93878d4-f8f2-43f0-9248-b9244f5d8e19", {}]' [47 bytes]
2023-04-17 12:42:57,076 - DEBUG - = connection is CLOSING
2023-04-17 12:42:57,076 - DEBUG - > CLOSE 1000 (OK) [2 bytes]
2023-04-17 12:42:57,084 - DEBUG - < CLOSE 1000 (OK) [2 bytes]
2023-04-17 12:42:57,090 - DEBUG - = connection is CLOSED
2023-04-17 12:43:43,415 - DEBUG - = connection is CONNECTING
2023-04-17 12:43:43,446 - DEBUG - > GET /ocpp16/ELA007C05/EVSCA050001 HTTP/1.1
2023-04-17 12:43:43,447 - DEBUG - > Host: ws.devevspcharger.uplus.co.kr
2023-04-17 12:43:43,447 - DEBUG - > Upgrade: websocket
2023-04-17 12:43:43,447 - DEBUG - > Connection: Upgrade
2023-04-17 12:43:43,447 - DEBUG - > Sec-WebSocket-Key: FriyR3y5PVgOHVBClUmJiA==
2023-04-17 12:43:43,447 - DEBUG - > Sec-WebSocket-Version: 13
2023-04-17 12:43:43,447 - DEBUG - > Sec-WebSocket-Extensions: permessage-deflate; client_max_window_bits
2023-04-17 12:43:43,447 - DEBUG - > Sec-WebSocket-Protocol: ocpp1.6
2023-04-17 12:43:43,447 - DEBUG - > Authorization: Basic RVZBUjpFVkFSTEdV
2023-04-17 12:43:43,447 - DEBUG - > User-Agent: Python/3.11 websockets/10.4
2023-04-17 12:43:43,718 - DEBUG - < HTTP/1.1 101 Switching Protocols
2023-04-17 12:43:43,718 - DEBUG - < Connection: upgrade
2023-04-17 12:43:43,718 - DEBUG - < Date: Mon, 17 Apr 2023 03:43:32 GMT
2023-04-17 12:43:43,718 - DEBUG - < sec-websocket-protocol: ocpp1.6
2023-04-17 12:43:43,718 - DEBUG - < upgrade: websocket
2023-04-17 12:43:43,718 - DEBUG - < sec-websocket-accept: rPG33JjGjIqrSpnB3/D93JgprC8=
2023-04-17 12:43:43,719 - DEBUG - < sec-websocket-extensions: permessage-deflate
2023-04-17 12:43:43,719 - DEBUG - < X-Cache: Miss from cloudfront
2023-04-17 12:43:43,719 - DEBUG - < Via: 1.1 d21d7f64d4ce2d8fcbb5fbee217cca5a.cloudfront.net (CloudFront)
2023-04-17 12:43:43,719 - DEBUG - < X-Amz-Cf-Pop: ICN57-P2
2023-04-17 12:43:43,719 - DEBUG - < X-Amz-Cf-Id: Sz2sY42omYqAk1zQd1OC88ZzvlMAhQwLfHuqEoSEgqcmCiyOEBkEDw==
2023-04-17 12:43:43,719 - DEBUG - = connection is OPEN
2023-04-17 12:43:43,747 - DEBUG - > TEXT '[2, "5d350244-90b8-4ac4-a098-025aee2ded61", "Bo...ePointVendor": "EVAR"}]' [127 bytes]
2023-04-17 12:43:43,996 - DEBUG - < TEXT '[3, "5d350244-90b8-4ac4-a098-025aee2ded61", {"s...32Z", "interval": 600}]' [123 bytes]
2023-04-17 12:43:46,048 - DEBUG - Starting new HTTPS connection (1): rgw.devevspcharger.uplus.co.kr:443
2023-04-17 12:43:46,443 - DEBUG - https://rgw.devevspcharger.uplus.co.kr:443 "POST /ioc HTTP/1.1" 200 148
2023-04-17 12:43:46,453 - DEBUG - < TEXT '[2, "8b5eaf70-d081-4a1a-8e2d-505f4494092d", "Ge...izeRemoteTxRequests"]}]' [103 bytes]
2023-04-17 12:43:46,457 - DEBUG - > TEXT '[3, "8b5eaf70-d081-4a1a-8e2d-505f4494092d", {"c... "readonly": "true"}]}]' [117 bytes]
2023-04-17 12:43:46,615 - DEBUG - < TEXT '' [0 bytes]
2023-04-17 12:43:46,659 - DEBUG - > TEXT '[2, "5d350244-90b8-4ac4-a098-025aee2ded61", "St..."status": "Preparing"}]' [132 bytes]
2023-04-17 12:43:46,837 - DEBUG - < TEXT '[3, "5d350244-90b8-4ac4-a098-025aee2ded61", {}]' [47 bytes]
2023-04-17 12:43:49,057 - DEBUG - Starting new HTTPS connection (1): rgw.devevspcharger.uplus.co.kr:443
2023-04-17 12:43:49,484 - DEBUG - https://rgw.devevspcharger.uplus.co.kr:443 "POST /ioc HTTP/1.1" 200 145
2023-04-17 12:43:49,499 - DEBUG - < TEXT '[2, "560d67ca-950b-448f-b712-caf5c481d2fb", "Re...": "1031040000069641"}]' [100 bytes]
2023-04-17 12:43:49,504 - DEBUG - > TEXT '[3, "560d67ca-950b-448f-b712-caf5c481d2fb", {"status": "Accepted"}]' [67 bytes]
2023-04-17 12:43:49,636 - DEBUG - < TEXT '' [0 bytes]
2023-04-17 12:43:49,677 - DEBUG - > TEXT '[2, "5d350244-90b8-4ac4-a098-025aee2ded61", "Au...": "1031040000069641"}]' [87 bytes]
2023-04-17 12:43:49,916 - DEBUG - < TEXT '[3, "5d350244-90b8-4ac4-a098-025aee2ded61", {"i..."status": "Accepted"}}]' [82 bytes]
2023-04-17 12:43:49,952 - DEBUG - > TEXT '[2, "38391ba5-7c08-4f0c-8338-0e5ce8ea28eb", "St...2023-04-17T12:43:43Z"}]' [170 bytes]
2023-04-17 12:43:50,316 - DEBUG - < TEXT '[3, "38391ba5-7c08-4f0c-8338-0e5ce8ea28eb", {"t..."status": "Accepted"}}]' [110 bytes]
2023-04-17 12:43:50,362 - DEBUG - > TEXT '[2, "5d350244-90b8-4ac4-a098-025aee2ded61", "St... "status": "Charging"}]' [131 bytes]
2023-04-17 12:43:50,557 - DEBUG - < TEXT '[3, "5d350244-90b8-4ac4-a098-025aee2ded61", {}]' [47 bytes]
2023-04-17 12:43:52,761 - DEBUG - Starting new HTTPS connection (1): rgw.devevspcharger.uplus.co.kr:443
2023-04-17 12:43:53,144 - DEBUG - https://rgw.devevspcharger.uplus.co.kr:443 "POST /ioc HTTP/1.1" 200 143
2023-04-17 12:43:53,158 - DEBUG - < TEXT '[2, "37a0dbba-4e4e-40c4-ad24-27439d10e473", "Re...sactionId": 120533839}]' [98 bytes]
2023-04-17 12:43:53,163 - DEBUG - > TEXT '[3, "37a0dbba-4e4e-40c4-ad24-27439d10e473", {"status": "Accepted"}]' [67 bytes]
2023-04-17 12:43:53,316 - DEBUG - < TEXT '' [0 bytes]
2023-04-17 12:43:53,356 - DEBUG - > TEXT '[2, "46242b5a-18bb-4c1b-aee3-da274123d03f", "St...sactionId": 120533839}]' [149 bytes]
2023-04-17 12:43:53,720 - DEBUG - < TEXT '[3, "46242b5a-18bb-4c1b-aee3-da274123d03f", {"i..."status": "Accepted"}}]' [82 bytes]
2023-04-17 12:43:53,759 - DEBUG - > TEXT '[2, "5d350244-90b8-4ac4-a098-025aee2ded61", "St..."status": "Finishing"}]' [132 bytes]
2023-04-17 12:43:53,937 - DEBUG - < TEXT '[3, "5d350244-90b8-4ac4-a098-025aee2ded61", {}]' [47 bytes]
2023-04-17 12:43:53,980 - DEBUG - > TEXT '[2, "5d350244-90b8-4ac4-a098-025aee2ded61", "St..."status": "Available"}]' [132 bytes]
2023-04-17 12:43:54,158 - DEBUG - < TEXT '[3, "5d350244-90b8-4ac4-a098-025aee2ded61", {}]' [47 bytes]
2023-04-17 12:43:54,176 - DEBUG - = connection is CLOSING
2023-04-17 12:43:54,176 - DEBUG - > CLOSE 1000 (OK) [2 bytes]
2023-04-17 12:43:54,185 - DEBUG - < CLOSE 1000 (OK) [2 bytes]
2023-04-17 12:43:54,188 - DEBUG - = connection is CLOSED
2023-04-17 12:50:40,928 - DEBUG - = connection is CONNECTING
2023-04-17 12:50:40,963 - DEBUG - > GET /ocpp16/ELA007C05/EVSCA050001 HTTP/1.1
2023-04-17 12:50:40,963 - DEBUG - > Host: ws.devevspcharger.uplus.co.kr
2023-04-17 12:50:40,963 - DEBUG - > Upgrade: websocket
2023-04-17 12:50:40,964 - DEBUG - > Connection: Upgrade
2023-04-17 12:50:40,964 - DEBUG - > Sec-WebSocket-Key: AUKlb3CJtHjXXTX4M0ygiw==
2023-04-17 12:50:40,964 - DEBUG - > Sec-WebSocket-Version: 13
2023-04-17 12:50:40,964 - DEBUG - > Sec-WebSocket-Extensions: permessage-deflate; client_max_window_bits
2023-04-17 12:50:40,964 - DEBUG - > Sec-WebSocket-Protocol: ocpp1.6
2023-04-17 12:50:40,965 - DEBUG - > Authorization: Basic RVZBUjpFVkFSTEdV
2023-04-17 12:50:40,965 - DEBUG - > User-Agent: Python/3.11 websockets/10.4
2023-04-17 12:50:42,335 - DEBUG - < HTTP/1.1 101 Switching Protocols
2023-04-17 12:50:42,336 - DEBUG - < Connection: upgrade
2023-04-17 12:50:42,336 - DEBUG - < Date: Mon, 17 Apr 2023 03:50:31 GMT
2023-04-17 12:50:42,336 - DEBUG - < sec-websocket-protocol: ocpp1.6
2023-04-17 12:50:42,336 - DEBUG - < upgrade: websocket
2023-04-17 12:50:42,336 - DEBUG - < sec-websocket-accept: chqE8UCsa0+gLyp/Bb+9wHjSm2o=
2023-04-17 12:50:42,336 - DEBUG - < sec-websocket-extensions: permessage-deflate
2023-04-17 12:50:42,336 - DEBUG - < X-Cache: Miss from cloudfront
2023-04-17 12:50:42,336 - DEBUG - < Via: 1.1 9ae7abacc9e2c811909db23dbe603ad4.cloudfront.net (CloudFront)
2023-04-17 12:50:42,336 - DEBUG - < X-Amz-Cf-Pop: ICN57-P2
2023-04-17 12:50:42,336 - DEBUG - < X-Amz-Cf-Id: pCvXtT-Iz7q-8tulF2mCjUSSEUk1PrUW8aAlEb3r1JKPvlZvdsUEzA==
2023-04-17 12:50:42,337 - DEBUG - = connection is OPEN
2023-04-17 12:50:42,362 - DEBUG - > TEXT '[2, "969f00bc-2701-4730-a135-e0bfe20e2085", "Bo...ePointVendor": "EVAR"}]' [127 bytes]
2023-04-17 12:50:42,771 - DEBUG - < TEXT '[3, "969f00bc-2701-4730-a135-e0bfe20e2085", {"s...31Z", "interval": 600}]' [123 bytes]
2023-04-17 12:50:46,280 - DEBUG - Starting new HTTPS connection (1): rgw.devevspcharger.uplus.co.kr:443
2023-04-17 12:50:47,717 - DEBUG - https://rgw.devevspcharger.uplus.co.kr:443 "POST /ioc HTTP/1.1" 200 153
2023-04-17 12:50:47,730 - DEBUG - < TEXT '[2, "bba49ef0-22c5-4ac8-9cd8-abe7a7af5262", "Ch...ve", "connectorId": 1}]' [108 bytes]
2023-04-17 12:50:47,738 - DEBUG - > TEXT '[2, "bba49ef0-22c5-4ac8-9cd8-abe7a7af5262", {"status": "Accepted"}]' [67 bytes]
2023-04-17 12:50:47,819 - DEBUG - < TEXT '{"message": "Internal server error", "connectio...Id":"DgNCBHkwoE0FvXg="}' [103 bytes]
2023-04-17 12:50:47,840 - DEBUG - > TEXT '[2, "969f00bc-2701-4730-a135-e0bfe20e2085", "St...tatus": "Unavailable"}]' [134 bytes]
2023-04-17 12:50:48,039 - DEBUG - < TEXT '[3, "969f00bc-2701-4730-a135-e0bfe20e2085", {}]' [47 bytes]
2023-04-17 12:50:50,935 - DEBUG - Starting new HTTPS connection (1): rgw.devevspcharger.uplus.co.kr:443
2023-04-17 12:50:51,398 - DEBUG - https://rgw.devevspcharger.uplus.co.kr:443 "POST /ioc HTTP/1.1" 200 115
2023-04-17 12:50:51,406 - DEBUG - < TEXT '[2, "4bcc84f2-9740-4eae-9250-a2c22d6c6d48", "Reset", {"type": "Hard"}]' [70 bytes]
2023-04-17 12:50:51,409 - DEBUG - > TEXT '[3, "4bcc84f2-9740-4eae-9250-a2c22d6c6d48", {"status": "Accepted"}]' [67 bytes]
2023-04-17 12:50:51,564 - DEBUG - < TEXT '' [0 bytes]
2023-04-17 12:50:51,594 - DEBUG - > TEXT '[2, "969f00bc-2701-4730-a135-e0bfe20e2085", "Bo...ePointVendor": "EVAR"}]' [127 bytes]
2023-04-17 12:50:51,840 - DEBUG - < TEXT '[3, "969f00bc-2701-4730-a135-e0bfe20e2085", {"s...40Z", "interval": 600}]' [123 bytes]
2023-04-17 12:50:51,882 - DEBUG - > TEXT '[2, "969f00bc-2701-4730-a135-e0bfe20e2085", "St...tatus": "Unavailable"}]' [134 bytes]
2023-04-17 12:50:52,079 - DEBUG - < TEXT '[3, "969f00bc-2701-4730-a135-e0bfe20e2085", {}]' [47 bytes]
2023-04-17 12:50:52,114 - DEBUG - > TEXT '[2, "969f00bc-2701-4730-a135-e0bfe20e2085", "St..."status": "Available"}]' [132 bytes]
2023-04-17 12:50:52,319 - DEBUG - < TEXT '[3, "969f00bc-2701-4730-a135-e0bfe20e2085", {}]' [47 bytes]
2023-04-17 12:50:56,456 - DEBUG - Starting new HTTPS connection (1): rgw.devevspcharger.uplus.co.kr:443
2023-04-17 12:50:56,877 - DEBUG - https://rgw.devevspcharger.uplus.co.kr:443 "POST /ioc HTTP/1.1" 200 151
2023-04-17 12:50:56,886 - DEBUG - < TEXT '[2, "c4a4ca04-98d0-42d5-bea8-0acadc4944d9", "Ch...ve", "connectorId": 1}]' [106 bytes]
2023-04-17 12:50:56,891 - DEBUG - > TEXT '[2, "c4a4ca04-98d0-42d5-bea8-0acadc4944d9", {"status": "Accepted"}]' [67 bytes]
2023-04-17 12:50:56,960 - DEBUG - < TEXT '{"message": "Internal server error", "connectio...Id":"DgNDdGcFoE0FkbA="}' [103 bytes]
2023-04-17 12:50:57,005 - DEBUG - > TEXT '[2, "969f00bc-2701-4730-a135-e0bfe20e2085", "St..."status": "Available"}]' [132 bytes]
2023-04-17 12:50:57,226 - DEBUG - < TEXT '[3, "969f00bc-2701-4730-a135-e0bfe20e2085", {}]' [47 bytes]
2023-04-17 12:50:57,249 - DEBUG - = connection is CLOSING
2023-04-17 12:50:57,249 - DEBUG - > CLOSE 1000 (OK) [2 bytes]
2023-04-17 12:50:57,259 - DEBUG - < CLOSE 1000 (OK) [2 bytes]
2023-04-17 12:50:57,263 - DEBUG - = connection is CLOSED
2023-04-17 12:51:59,466 - DEBUG - = connection is CONNECTING
2023-04-17 12:51:59,497 - DEBUG - > GET /ocpp16/ELA007C05/EVSCA050001 HTTP/1.1
2023-04-17 12:51:59,498 - DEBUG - > Host: ws.devevspcharger.uplus.co.kr
2023-04-17 12:51:59,498 - DEBUG - > Upgrade: websocket
2023-04-17 12:51:59,498 - DEBUG - > Connection: Upgrade
2023-04-17 12:51:59,498 - DEBUG - > Sec-WebSocket-Key: EahPoHmPyF6PQfCoBh0zTg==
2023-04-17 12:51:59,498 - DEBUG - > Sec-WebSocket-Version: 13
2023-04-17 12:51:59,498 - DEBUG - > Sec-WebSocket-Extensions: permessage-deflate; client_max_window_bits
2023-04-17 12:51:59,498 - DEBUG - > Sec-WebSocket-Protocol: ocpp1.6
2023-04-17 12:51:59,498 - DEBUG - > Authorization: Basic RVZBUjpFVkFSTEdV
2023-04-17 12:51:59,498 - DEBUG - > User-Agent: Python/3.11 websockets/10.4
2023-04-17 12:52:00,060 - DEBUG - < HTTP/1.1 101 Switching Protocols
2023-04-17 12:52:00,061 - DEBUG - < Connection: upgrade
2023-04-17 12:52:00,061 - DEBUG - < Date: Mon, 17 Apr 2023 03:51:48 GMT
2023-04-17 12:52:00,061 - DEBUG - < sec-websocket-protocol: ocpp1.6
2023-04-17 12:52:00,062 - DEBUG - < upgrade: websocket
2023-04-17 12:52:00,062 - DEBUG - < sec-websocket-accept: VcFr7nA2xBjN9D6UdVzIfWohEq0=
2023-04-17 12:52:00,062 - DEBUG - < sec-websocket-extensions: permessage-deflate
2023-04-17 12:52:00,063 - DEBUG - < X-Cache: Miss from cloudfront
2023-04-17 12:52:00,063 - DEBUG - < Via: 1.1 818e6836f2ca3e700a5577179db933d8.cloudfront.net (CloudFront)
2023-04-17 12:52:00,064 - DEBUG - < X-Amz-Cf-Pop: ICN57-P2
2023-04-17 12:52:00,064 - DEBUG - < X-Amz-Cf-Id: n031PjXjwJyIR4YOk3z7hP05UAKd8-Dofd6SgiLU1G9RQy6OXgSYFg==
2023-04-17 12:52:00,065 - DEBUG - = connection is OPEN
2023-04-17 12:52:00,096 - DEBUG - > TEXT '[2, "3dd1cf1c-8fd2-4e1f-82d8-6965937be3ce", "Bo...ePointVendor": "EVAR"}]' [127 bytes]
2023-04-17 12:52:00,538 - DEBUG - < TEXT '[3, "3dd1cf1c-8fd2-4e1f-82d8-6965937be3ce", {"s...49Z", "interval": 600}]' [123 bytes]
2023-04-17 12:52:03,782 - DEBUG - Starting new HTTPS connection (1): rgw.devevspcharger.uplus.co.kr:443
2023-04-17 12:52:04,383 - DEBUG - https://rgw.devevspcharger.uplus.co.kr:443 "POST /ioc HTTP/1.1" 200 153
2023-04-17 12:52:04,393 - DEBUG - < TEXT '[2, "03f72f24-b7c5-40cf-9514-11c9c52cc365", "Ch...ve", "connectorId": 1}]' [108 bytes]
2023-04-17 12:52:04,399 - DEBUG - > TEXT '[2, "03f72f24-b7c5-40cf-9514-11c9c52cc365", {"status": "Accepted"}]' [67 bytes]
2023-04-17 12:52:04,460 - DEBUG - < TEXT '{"message": "Internal server error", "connectio...Id":"DgNOAFekoE0Fp3Q="}' [103 bytes]
2023-04-17 12:52:04,502 - DEBUG - > TEXT '[2, "3dd1cf1c-8fd2-4e1f-82d8-6965937be3ce", "St...tatus": "Unavailable"}]' [134 bytes]
2023-04-17 12:52:04,699 - DEBUG - < TEXT '[3, "3dd1cf1c-8fd2-4e1f-82d8-6965937be3ce", {}]' [47 bytes]
2023-04-17 12:52:06,826 - DEBUG - Starting new HTTPS connection (1): rgw.devevspcharger.uplus.co.kr:443
2023-04-17 12:52:07,221 - DEBUG - https://rgw.devevspcharger.uplus.co.kr:443 "POST /ioc HTTP/1.1" 200 115
2023-04-17 12:52:07,233 - DEBUG - < TEXT '[2, "c567a619-b7c8-4a31-a5fb-7740857d4609", "Reset", {"type": "Soft"}]' [70 bytes]
2023-04-17 12:52:07,239 - DEBUG - > TEXT '[3, "c567a619-b7c8-4a31-a5fb-7740857d4609", {"status": "Accepted"}]' [67 bytes]
2023-04-17 12:52:07,400 - DEBUG - < TEXT '' [0 bytes]
2023-04-17 12:52:07,424 - DEBUG - > TEXT '[2, "3dd1cf1c-8fd2-4e1f-82d8-6965937be3ce", "Bo...ePointVendor": "EVAR"}]' [127 bytes]
2023-04-17 12:52:07,679 - DEBUG - < TEXT '[3, "3dd1cf1c-8fd2-4e1f-82d8-6965937be3ce", {"s...56Z", "interval": 600}]' [123 bytes]
2023-04-17 12:52:07,716 - DEBUG - > TEXT '[2, "3dd1cf1c-8fd2-4e1f-82d8-6965937be3ce", "St...tatus": "Unavailable"}]' [134 bytes]
2023-04-17 12:52:07,899 - DEBUG - < TEXT '[3, "3dd1cf1c-8fd2-4e1f-82d8-6965937be3ce", {}]' [47 bytes]
2023-04-17 12:52:07,934 - DEBUG - > TEXT '[2, "3dd1cf1c-8fd2-4e1f-82d8-6965937be3ce", "St..."status": "Available"}]' [132 bytes]
2023-04-17 12:52:08,138 - DEBUG - < TEXT '[3, "3dd1cf1c-8fd2-4e1f-82d8-6965937be3ce", {}]' [47 bytes]
2023-04-17 12:52:10,413 - DEBUG - Starting new HTTPS connection (1): rgw.devevspcharger.uplus.co.kr:443
2023-04-17 12:52:10,821 - DEBUG - https://rgw.devevspcharger.uplus.co.kr:443 "POST /ioc HTTP/1.1" 200 151
2023-04-17 12:52:10,834 - DEBUG - < TEXT '[2, "458501de-5587-4746-8e46-acbed8d1361b", "Ch...ve", "connectorId": 1}]' [106 bytes]
2023-04-17 12:52:10,837 - DEBUG - > TEXT '[2, "458501de-5587-4746-8e46-acbed8d1361b", {"status": "Accepted"}]' [67 bytes]
2023-04-17 12:52:10,917 - DEBUG - < TEXT '{"message": "Internal server error", "connectio...Id":"DgNPAFjRoE0FVvw="}' [103 bytes]
2023-04-17 12:52:10,960 - DEBUG - > TEXT '[2, "3dd1cf1c-8fd2-4e1f-82d8-6965937be3ce", "St..."status": "Available"}]' [132 bytes]
2023-04-17 12:52:11,180 - DEBUG - < TEXT '[3, "3dd1cf1c-8fd2-4e1f-82d8-6965937be3ce", {}]' [47 bytes]
2023-04-17 12:52:11,200 - DEBUG - = connection is CLOSING
2023-04-17 12:52:11,201 - DEBUG - > CLOSE 1000 (OK) [2 bytes]
2023-04-17 12:52:11,207 - DEBUG - < CLOSE 1000 (OK) [2 bytes]
2023-04-17 12:52:11,211 - DEBUG - = connection is CLOSED
2023-04-17 12:53:10,697 - DEBUG - = connection is CONNECTING
2023-04-17 12:53:10,730 - DEBUG - > GET /ocpp16/ELA007C05/EVSCA050001 HTTP/1.1
2023-04-17 12:53:10,730 - DEBUG - > Host: ws.devevspcharger.uplus.co.kr
2023-04-17 12:53:10,730 - DEBUG - > Upgrade: websocket
2023-04-17 12:53:10,731 - DEBUG - > Connection: Upgrade
2023-04-17 12:53:10,731 - DEBUG - > Sec-WebSocket-Key: tgDl8lkxRggVa5zBo+ATpw==
2023-04-17 12:53:10,731 - DEBUG - > Sec-WebSocket-Version: 13
2023-04-17 12:53:10,731 - DEBUG - > Sec-WebSocket-Extensions: permessage-deflate; client_max_window_bits
2023-04-17 12:53:10,731 - DEBUG - > Sec-WebSocket-Protocol: ocpp1.6
2023-04-17 12:53:10,731 - DEBUG - > Authorization: Basic RVZBUjpFVkFSTEdV
2023-04-17 12:53:10,731 - DEBUG - > User-Agent: Python/3.11 websockets/10.4
2023-04-17 12:53:11,239 - DEBUG - < HTTP/1.1 101 Switching Protocols
2023-04-17 12:53:11,239 - DEBUG - < Connection: upgrade
2023-04-17 12:53:11,239 - DEBUG - < Date: Mon, 17 Apr 2023 03:53:00 GMT
2023-04-17 12:53:11,239 - DEBUG - < sec-websocket-protocol: ocpp1.6
2023-04-17 12:53:11,239 - DEBUG - < upgrade: websocket
2023-04-17 12:53:11,240 - DEBUG - < sec-websocket-accept: ctHD+ML78eY5ZWzgw/5+jANUGB8=
2023-04-17 12:53:11,240 - DEBUG - < sec-websocket-extensions: permessage-deflate
2023-04-17 12:53:11,240 - DEBUG - < X-Cache: Miss from cloudfront
2023-04-17 12:53:11,240 - DEBUG - < Via: 1.1 398e2e4101ed255d172b5d628fa36f5c.cloudfront.net (CloudFront)
2023-04-17 12:53:11,240 - DEBUG - < X-Amz-Cf-Pop: ICN57-P2
2023-04-17 12:53:11,240 - DEBUG - < X-Amz-Cf-Id: LvuB6qy2hIf_RnOXnLB3iO9tfKAsTti27wqIWGNoV_bsDygD-LSSUA==
2023-04-17 12:53:11,240 - DEBUG - = connection is OPEN
2023-04-17 12:53:13,109 - DEBUG - Starting new HTTPS connection (1): rgw.devevspcharger.uplus.co.kr:443
2023-04-17 12:53:13,580 - DEBUG - https://rgw.devevspcharger.uplus.co.kr:443 "POST /ioc HTTP/1.1" 200 127
2023-04-17 12:53:13,588 - DEBUG - < TEXT '[2, "a9848e7c-3bfd-4209-9104-3a344c33e5d3", "Un...r", {"connectorId": 1}]' [82 bytes]
2023-04-17 12:53:13,593 - DEBUG - > TEXT '[3, "a9848e7c-3bfd-4209-9104-3a344c33e5d3", {"status": "Unlocked"}]' [67 bytes]
2023-04-17 12:53:13,766 - DEBUG - < TEXT '' [0 bytes]
2023-04-17 12:53:13,783 - DEBUG - = connection is CLOSING
2023-04-17 12:53:13,783 - DEBUG - > CLOSE 1000 (OK) [2 bytes]
2023-04-17 12:53:13,792 - DEBUG - < CLOSE 1000 (OK) [2 bytes]
2023-04-17 12:53:13,813 - DEBUG - = connection is CLOSED
2023-04-17 12:53:32,193 - DEBUG - = connection is CONNECTING
2023-04-17 12:53:32,223 - DEBUG - > GET /ocpp16/ELA007C05/EVSCA050001 HTTP/1.1
2023-04-17 12:53:32,224 - DEBUG - > Host: ws.devevspcharger.uplus.co.kr
2023-04-17 12:53:32,224 - DEBUG - > Upgrade: websocket
2023-04-17 12:53:32,224 - DEBUG - > Connection: Upgrade
2023-04-17 12:53:32,224 - DEBUG - > Sec-WebSocket-Key: uPJV5zE97M63RoxTyKS/yA==
2023-04-17 12:53:32,224 - DEBUG - > Sec-WebSocket-Version: 13
2023-04-17 12:53:32,224 - DEBUG - > Sec-WebSocket-Extensions: permessage-deflate; client_max_window_bits
2023-04-17 12:53:32,224 - DEBUG - > Sec-WebSocket-Protocol: ocpp1.6
2023-04-17 12:53:32,224 - DEBUG - > Authorization: Basic RVZBUjpFVkFSTEdV
2023-04-17 12:53:32,225 - DEBUG - > User-Agent: Python/3.11 websockets/10.4
2023-04-17 12:53:32,465 - DEBUG - < HTTP/1.1 101 Switching Protocols
2023-04-17 12:53:32,466 - DEBUG - < Connection: upgrade
2023-04-17 12:53:32,467 - DEBUG - < Date: Mon, 17 Apr 2023 03:53:21 GMT
2023-04-17 12:53:32,467 - DEBUG - < sec-websocket-protocol: ocpp1.6
2023-04-17 12:53:32,467 - DEBUG - < upgrade: websocket
2023-04-17 12:53:32,467 - DEBUG - < sec-websocket-accept: 9+Rf1NNCE7wqOZnnkcdGhogXzag=
2023-04-17 12:53:32,467 - DEBUG - < sec-websocket-extensions: permessage-deflate
2023-04-17 12:53:32,467 - DEBUG - < X-Cache: Miss from cloudfront
2023-04-17 12:53:32,467 - DEBUG - < Via: 1.1 0c9ac74e4533d4cd2c0dd7de136ec086.cloudfront.net (CloudFront)
2023-04-17 12:53:32,467 - DEBUG - < X-Amz-Cf-Pop: ICN57-P2
2023-04-17 12:53:32,467 - DEBUG - < X-Amz-Cf-Id: vcyaKs47Ob-jTDmbPzoU5prWbf6zu2tsgPASYGA2Q1VRU3cwVDYhqw==
2023-04-17 12:53:32,467 - DEBUG - = connection is OPEN
2023-04-17 12:53:37,957 - DEBUG - Starting new HTTPS connection (1): rgw.devevspcharger.uplus.co.kr:443
2023-04-17 12:53:38,381 - DEBUG - https://rgw.devevspcharger.uplus.co.kr:443 "POST /ioc HTTP/1.1" 200 127
2023-04-17 12:53:38,394 - DEBUG - < TEXT '[2, "2db07f3d-03ef-4cd2-9347-831f77618e03", "Un...r", {"connectorId": 1}]' [82 bytes]
2023-04-17 12:53:38,399 - DEBUG - > TEXT '[3, "2db07f3d-03ef-4cd2-9347-831f77618e03", {"status": "NotSupported"}]' [71 bytes]
2023-04-17 12:53:38,539 - DEBUG - < TEXT '' [0 bytes]
2023-04-17 12:53:38,548 - DEBUG - = connection is CLOSING
2023-04-17 12:53:38,548 - DEBUG - > CLOSE 1000 (OK) [2 bytes]
2023-04-17 12:53:38,556 - DEBUG - < CLOSE 1000 (OK) [2 bytes]
2023-04-17 12:53:38,558 - DEBUG - = connection is CLOSED
2023-04-17 12:54:21,763 - DEBUG - = connection is CONNECTING
2023-04-17 12:54:21,803 - DEBUG - > GET /ocpp16/ELA007C05/EVSCA050001 HTTP/1.1
2023-04-17 12:54:21,803 - DEBUG - > Host: ws.devevspcharger.uplus.co.kr
2023-04-17 12:54:21,804 - DEBUG - > Upgrade: websocket
2023-04-17 12:54:21,804 - DEBUG - > Connection: Upgrade
2023-04-17 12:54:21,804 - DEBUG - > Sec-WebSocket-Key: ydTR6YY1obyLv2kbS5EKKA==
2023-04-17 12:54:21,804 - DEBUG - > Sec-WebSocket-Version: 13
2023-04-17 12:54:21,804 - DEBUG - > Sec-WebSocket-Extensions: permessage-deflate; client_max_window_bits
2023-04-17 12:54:21,804 - DEBUG - > Sec-WebSocket-Protocol: ocpp1.6
2023-04-17 12:54:21,804 - DEBUG - > Authorization: Basic RVZBUjpFVkFSTEdV
2023-04-17 12:54:21,804 - DEBUG - > User-Agent: Python/3.11 websockets/10.4
2023-04-17 12:54:22,035 - DEBUG - < HTTP/1.1 101 Switching Protocols
2023-04-17 12:54:22,036 - DEBUG - < Connection: upgrade
2023-04-17 12:54:22,036 - DEBUG - < Date: Mon, 17 Apr 2023 03:54:10 GMT
2023-04-17 12:54:22,036 - DEBUG - < sec-websocket-protocol: ocpp1.6
2023-04-17 12:54:22,036 - DEBUG - < upgrade: websocket
2023-04-17 12:54:22,036 - DEBUG - < sec-websocket-accept: lFegs1fdlJCX/dxQT9s6JCo61pc=
2023-04-17 12:54:22,036 - DEBUG - < sec-websocket-extensions: permessage-deflate
2023-04-17 12:54:22,036 - DEBUG - < X-Cache: Miss from cloudfront
2023-04-17 12:54:22,037 - DEBUG - < Via: 1.1 9ce5dfe6a640bb6a762b3c2889e2317e.cloudfront.net (CloudFront)
2023-04-17 12:54:22,037 - DEBUG - < X-Amz-Cf-Pop: ICN57-P2
2023-04-17 12:54:22,037 - DEBUG - < X-Amz-Cf-Id: r8A44V6qGRdrL9uz0p_geJBZEBsqGI20Ny29wyh7QfhBA_zwKc_LCg==
2023-04-17 12:54:22,037 - DEBUG - = connection is OPEN
2023-04-17 12:54:24,356 - DEBUG - Starting new HTTPS connection (1): rgw.devevspcharger.uplus.co.kr:443
2023-04-17 12:54:24,802 - DEBUG - https://rgw.devevspcharger.uplus.co.kr:443 "POST /ioc HTTP/1.1" 200 147
2023-04-17 12:54:24,814 - DEBUG - < TEXT '[2, "cb2ed68c-7f25-460a-b00a-faa1fc31714a", "Ge...rtedFeatureProfiles"]}]' [102 bytes]
2023-04-17 12:54:24,818 - DEBUG - > TEXT '[3, "cb2ed68c-7f25-460a-b00a-faa1fc31714a", {"c..."}], "unknownKey": {}}]' [142 bytes]
2023-04-17 12:54:24,967 - DEBUG - < TEXT '' [0 bytes]
2023-04-17 12:54:27,014 - DEBUG - Starting new HTTPS connection (1): rgw.devevspcharger.uplus.co.kr:443
2023-04-17 12:54:27,442 - DEBUG - https://rgw.devevspcharger.uplus.co.kr:443 "POST /ioc HTTP/1.1" 200 121
2023-04-17 12:54:27,453 - DEBUG - < TEXT '[2, "9fe5714a-63bb-4e66-9f6f-ea1a5a084dbd", "Ge...guration", {"key": []}]' [76 bytes]
2023-04-17 12:54:27,457 - DEBUG - > TEXT '[3, "9fe5714a-63bb-4e66-9f6f-ea1a5a084dbd", {"c... "readonly": "true"}]}]' [232 bytes]
2023-04-17 12:54:27,621 - DEBUG - < TEXT '' [0 bytes]
2023-04-17 12:54:27,649 - DEBUG - > TEXT '[2, "58187228-648f-4be5-bb9a-8aeb3e7017d5", "St..."status": "Available"}]' [132 bytes]
2023-04-17 12:54:27,842 - DEBUG - < TEXT '[3, "58187228-648f-4be5-bb9a-8aeb3e7017d5", {}]' [47 bytes]
2023-04-17 12:54:27,861 - DEBUG - = connection is CLOSING
2023-04-17 12:54:27,862 - DEBUG - > CLOSE 1000 (OK) [2 bytes]
2023-04-17 12:54:27,870 - DEBUG - < CLOSE 1000 (OK) [2 bytes]
2023-04-17 12:54:27,875 - DEBUG - = connection is CLOSED
2023-04-17 12:55:13,296 - DEBUG - = connection is CONNECTING
2023-04-17 12:55:13,326 - DEBUG - > GET /ocpp16/ELA007C05/EVSCA050001 HTTP/1.1
2023-04-17 12:55:13,326 - DEBUG - > Host: ws.devevspcharger.uplus.co.kr
2023-04-17 12:55:13,326 - DEBUG - > Upgrade: websocket
2023-04-17 12:55:13,326 - DEBUG - > Connection: Upgrade
2023-04-17 12:55:13,326 - DEBUG - > Sec-WebSocket-Key: sTl/KfpS9l0InI7a5xhY9w==
2023-04-17 12:55:13,326 - DEBUG - > Sec-WebSocket-Version: 13
2023-04-17 12:55:13,326 - DEBUG - > Sec-WebSocket-Extensions: permessage-deflate; client_max_window_bits
2023-04-17 12:55:13,326 - DEBUG - > Sec-WebSocket-Protocol: ocpp1.6
2023-04-17 12:55:13,326 - DEBUG - > Authorization: Basic RVZBUjpFVkFSTEdV
2023-04-17 12:55:13,326 - DEBUG - > User-Agent: Python/3.11 websockets/10.4
2023-04-17 12:55:13,595 - DEBUG - < HTTP/1.1 101 Switching Protocols
2023-04-17 12:55:13,595 - DEBUG - < Connection: upgrade
2023-04-17 12:55:13,595 - DEBUG - < Date: Mon, 17 Apr 2023 03:55:02 GMT
2023-04-17 12:55:13,596 - DEBUG - < sec-websocket-protocol: ocpp1.6
2023-04-17 12:55:13,596 - DEBUG - < upgrade: websocket
2023-04-17 12:55:13,597 - DEBUG - < sec-websocket-accept: WNAHdbZtTxPX7tc4ywRK3pmLtdY=
2023-04-17 12:55:13,597 - DEBUG - < sec-websocket-extensions: permessage-deflate
2023-04-17 12:55:13,597 - DEBUG - < X-Cache: Miss from cloudfront
2023-04-17 12:55:13,597 - DEBUG - < Via: 1.1 5a0f884e3a21756e824f803c83d7f3d0.cloudfront.net (CloudFront)
2023-04-17 12:55:13,597 - DEBUG - < X-Amz-Cf-Pop: ICN57-P2
2023-04-17 12:55:13,597 - DEBUG - < X-Amz-Cf-Id: M0gBoTFJrIMlWW9MW0rLzXWt3AfYUcuZpBKGvbrdDS-qxn4G-4c-8g==
2023-04-17 12:55:13,597 - DEBUG - = connection is OPEN
2023-04-17 12:55:15,443 - DEBUG - Starting new HTTPS connection (1): rgw.devevspcharger.uplus.co.kr:443
2023-04-17 12:55:15,880 - DEBUG - https://rgw.devevspcharger.uplus.co.kr:443 "POST /ioc HTTP/1.1" 200 147
2023-04-17 12:55:15,904 - DEBUG - < TEXT '[2, "ef9cab1d-302b-4e0f-98eb-3e54c4b97c6f", "Ge...rtedFeatureProfiles"]}]' [102 bytes]
2023-04-17 12:55:15,908 - DEBUG - > TEXT '[3, "ef9cab1d-302b-4e0f-98eb-3e54c4b97c6f", {"c..."}], "unknownKey": {}}]' [142 bytes]
2023-04-17 12:55:16,080 - DEBUG - < TEXT '' [0 bytes]
2023-04-17 12:55:16,116 - DEBUG - > TEXT '[2, "de9c5756-a760-4560-ab53-1737be38db8e", "St..."status": "Available"}]' [132 bytes]
2023-04-17 12:55:16,360 - DEBUG - < TEXT '[3, "de9c5756-a760-4560-ab53-1737be38db8e", {}]' [47 bytes]
2023-04-17 12:55:16,376 - DEBUG - = connection is CLOSING
2023-04-17 12:55:16,376 - DEBUG - > CLOSE 1000 (OK) [2 bytes]
2023-04-17 12:55:16,384 - DEBUG - < CLOSE 1000 (OK) [2 bytes]
2023-04-17 12:55:16,389 - DEBUG - = connection is CLOSED
2023-04-17 12:56:13,191 - DEBUG - = connection is CONNECTING
2023-04-17 12:56:13,270 - DEBUG - > GET /ocpp16/ELA007C05/EVSCA050001 HTTP/1.1
2023-04-17 12:56:13,271 - DEBUG - > Host: ws.devevspcharger.uplus.co.kr
2023-04-17 12:56:13,271 - DEBUG - > Upgrade: websocket
2023-04-17 12:56:13,271 - DEBUG - > Connection: Upgrade
2023-04-17 12:56:13,272 - DEBUG - > Sec-WebSocket-Key: efs/nAQIxEpOOqKGTe9u/g==
2023-04-17 12:56:13,272 - DEBUG - > Sec-WebSocket-Version: 13
2023-04-17 12:56:13,272 - DEBUG - > Sec-WebSocket-Extensions: permessage-deflate; client_max_window_bits
2023-04-17 12:56:13,272 - DEBUG - > Sec-WebSocket-Protocol: ocpp1.6
2023-04-17 12:56:13,272 - DEBUG - > Authorization: Basic RVZBUjpFVkFSTEdV
2023-04-17 12:56:13,272 - DEBUG - > User-Agent: Python/3.11 websockets/10.4
2023-04-17 12:56:13,515 - DEBUG - < HTTP/1.1 101 Switching Protocols
2023-04-17 12:56:13,515 - DEBUG - < Connection: upgrade
2023-04-17 12:56:13,516 - DEBUG - < Date: Mon, 17 Apr 2023 03:56:02 GMT
2023-04-17 12:56:13,516 - DEBUG - < sec-websocket-protocol: ocpp1.6
2023-04-17 12:56:13,516 - DEBUG - < upgrade: websocket
2023-04-17 12:56:13,516 - DEBUG - < sec-websocket-accept: 2ApG+nZtIgqjQDVVMU55j0Ipybk=
2023-04-17 12:56:13,516 - DEBUG - < sec-websocket-extensions: permessage-deflate
2023-04-17 12:56:13,516 - DEBUG - < X-Cache: Miss from cloudfront
2023-04-17 12:56:13,516 - DEBUG - < Via: 1.1 013a9ec825a751410eced78024a9ae1a.cloudfront.net (CloudFront)
2023-04-17 12:56:13,516 - DEBUG - < X-Amz-Cf-Pop: ICN57-P2
2023-04-17 12:56:13,516 - DEBUG - < X-Amz-Cf-Id: 2idzEuKSrRSBiAMmZLeEFweI6bQyaSwIDE5CpADJXAHQT6x0mWg7XA==
2023-04-17 12:56:13,517 - DEBUG - = connection is OPEN
2023-04-17 12:56:13,549 - DEBUG - > TEXT '[2, "641df3c5-8377-4c3a-9cfe-293ad10ff299", "Bo...ePointVendor": "EVAR"}]' [127 bytes]
2023-04-17 12:56:13,821 - DEBUG - < TEXT '[3, "641df3c5-8377-4c3a-9cfe-293ad10ff299", {"s...02Z", "interval": 600}]' [123 bytes]
2023-04-17 12:56:16,416 - DEBUG - Starting new HTTPS connection (1): rgw.devevspcharger.uplus.co.kr:443
2023-04-17 12:56:16,992 - DEBUG - https://rgw.devevspcharger.uplus.co.kr:443 "POST /ioc HTTP/1.1" 200 164
2023-04-17 12:56:17,004 - DEBUG - < TEXT '[2, "4cdda96a-6e39-487f-9a84-a5b381ed975b", "Ch...rval", "value": "300"}]' [119 bytes]
2023-04-17 12:56:17,010 - DEBUG - > TEXT '[3, "4cdda96a-6e39-487f-9a84-a5b381ed975b", {"status": "Accepted"}]' [67 bytes]
2023-04-17 12:56:17,197 - DEBUG - < TEXT '' [0 bytes]
2023-04-17 12:56:19,476 - DEBUG - Starting new HTTPS connection (1): rgw.devevspcharger.uplus.co.kr:443
2023-04-17 12:56:19,916 - DEBUG - https://rgw.devevspcharger.uplus.co.kr:443 "POST /ioc HTTP/1.1" 200 147
2023-04-17 12:56:19,930 - DEBUG - < TEXT '[2, "a93cac74-66f5-415c-8876-4295993395b2", "Ge...ValueSampleInterval"]}]' [102 bytes]
2023-04-17 12:56:19,935 - DEBUG - > TEXT '[3, "a93cac74-66f5-415c-8876-4295993395b2", {"c...ue", "value": "300"}]}]' [140 bytes]
2023-04-17 12:56:20,099 - DEBUG - < TEXT '' [0 bytes]
2023-04-17 12:56:20,116 - DEBUG - = connection is CLOSING
2023-04-17 12:56:20,117 - DEBUG - > CLOSE 1000 (OK) [2 bytes]
2023-04-17 12:56:20,123 - DEBUG - < CLOSE 1000 (OK) [2 bytes]
2023-04-17 12:56:20,127 - DEBUG - = connection is CLOSED
2023-04-17 12:57:12,655 - DEBUG - = connection is CONNECTING
2023-04-17 12:57:12,696 - DEBUG - > GET /ocpp16/ELA007C05/EVSCA050001 HTTP/1.1
2023-04-17 12:57:12,696 - DEBUG - > Host: ws.devevspcharger.uplus.co.kr
2023-04-17 12:57:12,696 - DEBUG - > Upgrade: websocket
2023-04-17 12:57:12,696 - DEBUG - > Connection: Upgrade
2023-04-17 12:57:12,696 - DEBUG - > Sec-WebSocket-Key: xBqBRZRam2vt59Lg1yJXkw==
2023-04-17 12:57:12,696 - DEBUG - > Sec-WebSocket-Version: 13
2023-04-17 12:57:12,697 - DEBUG - > Sec-WebSocket-Extensions: permessage-deflate; client_max_window_bits
2023-04-17 12:57:12,697 - DEBUG - > Sec-WebSocket-Protocol: ocpp1.6
2023-04-17 12:57:12,697 - DEBUG - > Authorization: Basic RVZBUjpFVkFSTEdV
2023-04-17 12:57:12,697 - DEBUG - > User-Agent: Python/3.11 websockets/10.4
2023-04-17 12:57:13,098 - DEBUG - < HTTP/1.1 101 Switching Protocols
2023-04-17 12:57:13,098 - DEBUG - < Connection: upgrade
2023-04-17 12:57:13,098 - DEBUG - < Date: Mon, 17 Apr 2023 03:57:02 GMT
2023-04-17 12:57:13,098 - DEBUG - < sec-websocket-protocol: ocpp1.6
2023-04-17 12:57:13,099 - DEBUG - < upgrade: websocket
2023-04-17 12:57:13,099 - DEBUG - < sec-websocket-accept: vafDumBZjMa5m+VKiGtK6IIoeQ0=
2023-04-17 12:57:13,099 - DEBUG - < sec-websocket-extensions: permessage-deflate
2023-04-17 12:57:13,099 - DEBUG - < X-Cache: Miss from cloudfront
2023-04-17 12:57:13,099 - DEBUG - < Via: 1.1 88978ba000ab6fbb0841a728290a8442.cloudfront.net (CloudFront)
2023-04-17 12:57:13,099 - DEBUG - < X-Amz-Cf-Pop: ICN57-P2
2023-04-17 12:57:13,099 - DEBUG - < X-Amz-Cf-Id: VkLOnYhIHhCv1nW3TKKaGspVTDlbBZtL8UroHQRk3BWTBGju-DHQnQ==
2023-04-17 12:57:13,099 - DEBUG - = connection is OPEN
2023-04-17 12:57:13,133 - DEBUG - > TEXT '[2, "86afa86a-8135-48cd-a898-1b6b0939e0ab", "Bo...ePointVendor": "EVAR"}]' [127 bytes]
2023-04-17 12:57:13,480 - DEBUG - < TEXT '[3, "86afa86a-8135-48cd-a898-1b6b0939e0ab", {"s...02Z", "interval": 600}]' [123 bytes]
2023-04-17 12:57:18,353 - DEBUG - Starting new HTTPS connection (1): rgw.devevspcharger.uplus.co.kr:443
2023-04-17 12:57:18,765 - DEBUG - https://rgw.devevspcharger.uplus.co.kr:443 "POST /ioc HTTP/1.1" 200 161
2023-04-17 12:57:18,782 - DEBUG - < TEXT '[2, "f856acf4-a2bb-449f-a4bf-7a0cd1906311", "Ch...tion", "value": "300"}]' [116 bytes]
2023-04-17 12:57:18,789 - DEBUG - > TEXT '[3, "f856acf4-a2bb-449f-a4bf-7a0cd1906311", {"status": "Accepted"}]' [67 bytes]
2023-04-17 12:57:18,922 - DEBUG - < TEXT '' [0 bytes]
2023-04-17 12:57:21,465 - DEBUG - Starting new HTTPS connection (1): rgw.devevspcharger.uplus.co.kr:443
2023-04-17 12:57:21,870 - DEBUG - https://rgw.devevspcharger.uplus.co.kr:443 "POST /ioc HTTP/1.1" 200 158
2023-04-17 12:57:21,884 - DEBUG - < TEXT '[2, "eadf7a85-ab96-43db-831e-fcdcb81ad9d8", "Ch...ize", "value": "true"}]' [113 bytes]
2023-04-17 12:57:21,890 - DEBUG - > TEXT '[3, "eadf7a85-ab96-43db-831e-fcdcb81ad9d8", {"status": "Accepted"}]' [67 bytes]
2023-04-17 12:57:22,044 - DEBUG - < TEXT '' [0 bytes]
2023-04-17 12:57:22,078 - DEBUG - > TEXT '[2, "86afa86a-8135-48cd-a898-1b6b0939e0ab", "St..."status": "Preparing"}]' [132 bytes]
2023-04-17 12:57:22,241 - DEBUG - < TEXT '[3, "86afa86a-8135-48cd-a898-1b6b0939e0ab", {}]' [47 bytes]
2023-04-17 12:57:22,281 - DEBUG - > TEXT '[2, "86afa86a-8135-48cd-a898-1b6b0939e0ab", "Au...": "1031040000069642"}]' [87 bytes]
2023-04-17 12:57:22,529 - DEBUG - < TEXT '[3, "86afa86a-8135-48cd-a898-1b6b0939e0ab", {"i...023-04-17T12:57:11Z"}}]' [119 bytes]
2023-04-17 12:57:22,550 - DEBUG - = connection is CLOSING
2023-04-17 12:57:22,550 - DEBUG - > CLOSE 1000 (OK) [2 bytes]
2023-04-17 12:57:22,563 - DEBUG - < CLOSE 1000 (OK) [2 bytes]
2023-04-17 12:57:22,567 - DEBUG - = connection is CLOSED
2023-04-17 12:58:11,284 - DEBUG - = connection is CONNECTING
2023-04-17 12:58:11,319 - DEBUG - > GET /ocpp16/ELA007C05/EVSCA050001 HTTP/1.1
2023-04-17 12:58:11,319 - DEBUG - > Host: ws.devevspcharger.uplus.co.kr
2023-04-17 12:58:11,319 - DEBUG - > Upgrade: websocket
2023-04-17 12:58:11,320 - DEBUG - > Connection: Upgrade
2023-04-17 12:58:11,320 - DEBUG - > Sec-WebSocket-Key: EAa5OhIJf78rkx/1hJaXFg==
2023-04-17 12:58:11,320 - DEBUG - > Sec-WebSocket-Version: 13
2023-04-17 12:58:11,320 - DEBUG - > Sec-WebSocket-Extensions: permessage-deflate; client_max_window_bits
2023-04-17 12:58:11,320 - DEBUG - > Sec-WebSocket-Protocol: ocpp1.6
2023-04-17 12:58:11,320 - DEBUG - > Authorization: Basic RVZBUjpFVkFSTEdV
2023-04-17 12:58:11,321 - DEBUG - > User-Agent: Python/3.11 websockets/10.4
2023-04-17 12:58:11,634 - DEBUG - < HTTP/1.1 101 Switching Protocols
2023-04-17 12:58:11,634 - DEBUG - < Connection: upgrade
2023-04-17 12:58:11,634 - DEBUG - < Date: Mon, 17 Apr 2023 03:58:00 GMT
2023-04-17 12:58:11,634 - DEBUG - < sec-websocket-protocol: ocpp1.6
2023-04-17 12:58:11,634 - DEBUG - < upgrade: websocket
2023-04-17 12:58:11,634 - DEBUG - < sec-websocket-accept: CFVnTt8j2A84T20dTETZgfH3FJA=
2023-04-17 12:58:11,635 - DEBUG - < sec-websocket-extensions: permessage-deflate
2023-04-17 12:58:11,635 - DEBUG - < X-Cache: Miss from cloudfront
2023-04-17 12:58:11,635 - DEBUG - < Via: 1.1 8f3b5bd06c88b05153b59aab44e9aeb6.cloudfront.net (CloudFront)
2023-04-17 12:58:11,635 - DEBUG - < X-Amz-Cf-Pop: ICN54-C1
2023-04-17 12:58:11,635 - DEBUG - < X-Amz-Cf-Id: TUwWPcCrzBqFDewvc9zJx41ReTQzl-aoVXb-nvRwAJh98jBO3Gc7Bg==
2023-04-17 12:58:11,635 - DEBUG - = connection is OPEN
2023-04-17 12:58:11,657 - DEBUG - > TEXT '[2, "ae8661cc-61db-4880-bb8b-c08e30760302", "Bo...ePointVendor": "EVAR"}]' [127 bytes]
2023-04-17 12:58:11,921 - DEBUG - < TEXT '[3, "ae8661cc-61db-4880-bb8b-c08e30760302", {"s...00Z", "interval": 600}]' [123 bytes]
2023-04-17 12:58:13,916 - DEBUG - Starting new HTTPS connection (1): rgw.devevspcharger.uplus.co.kr:443
2023-04-17 12:58:14,338 - DEBUG - https://rgw.devevspcharger.uplus.co.kr:443 "POST /ioc HTTP/1.1" 200 161
2023-04-17 12:58:14,352 - DEBUG - < TEXT '[2, "6a08f842-0468-4101-b98a-f3755b0c0a10", "Ch...tion", "value": "300"}]' [116 bytes]
2023-04-17 12:58:14,356 - DEBUG - > TEXT '[3, "6a08f842-0468-4101-b98a-f3755b0c0a10", {"status": "Accepted"}]' [67 bytes]
2023-04-17 12:58:14,522 - DEBUG - < TEXT '' [0 bytes]
2023-04-17 12:58:16,462 - DEBUG - Starting new HTTPS connection (1): rgw.devevspcharger.uplus.co.kr:443
2023-04-17 12:58:16,886 - DEBUG - https://rgw.devevspcharger.uplus.co.kr:443 "POST /ioc HTTP/1.1" 200 158
2023-04-17 12:58:16,896 - DEBUG - < TEXT '[2, "6f871c81-8de6-418d-9b49-4483927b1224", "Ch...ize", "value": "true"}]' [113 bytes]
2023-04-17 12:58:16,899 - DEBUG - > TEXT '[3, "6f871c81-8de6-418d-9b49-4483927b1224", {"status": "Accepted"}]' [67 bytes]
2023-04-17 12:58:17,040 - DEBUG - < TEXT '' [0 bytes]
2023-04-17 12:58:17,070 - DEBUG - > TEXT '[2, "ae8661cc-61db-4880-bb8b-c08e30760302", "St..."status": "Preparing"}]' [132 bytes]
2023-04-17 12:58:17,265 - DEBUG - < TEXT '[3, "ae8661cc-61db-4880-bb8b-c08e30760302", {}]' [47 bytes]
2023-04-17 12:58:17,296 - DEBUG - > TEXT '[2, "ae8661cc-61db-4880-bb8b-c08e30760302", "Au...": "4688452679863511"}]' [87 bytes]
2023-04-17 12:58:17,521 - DEBUG - < TEXT '[3, "ae8661cc-61db-4880-bb8b-c08e30760302", {"i...{"status": "Expired"}}]' [81 bytes]
2023-04-17 12:58:17,539 - DEBUG - = connection is CLOSING
2023-04-17 12:58:17,540 - DEBUG - > CLOSE 1000 (OK) [2 bytes]
2023-04-17 12:58:17,546 - DEBUG - < CLOSE 1000 (OK) [2 bytes]
2023-04-17 12:58:17,551 - DEBUG - = connection is CLOSED
2023-04-17 12:59:04,697 - DEBUG - = connection is CONNECTING
2023-04-17 12:59:04,731 - DEBUG - > GET /ocpp16/ELA007C05/EVSCA050001 HTTP/1.1
2023-04-17 12:59:04,731 - DEBUG - > Host: ws.devevspcharger.uplus.co.kr
2023-04-17 12:59:04,732 - DEBUG - > Upgrade: websocket
2023-04-17 12:59:04,732 - DEBUG - > Connection: Upgrade
2023-04-17 12:59:04,732 - DEBUG - > Sec-WebSocket-Key: 4oEBcBuGLje4JfVj0Cl4kQ==
2023-04-17 12:59:04,733 - DEBUG - > Sec-WebSocket-Version: 13
2023-04-17 12:59:04,733 - DEBUG - > Sec-WebSocket-Extensions: permessage-deflate; client_max_window_bits
2023-04-17 12:59:04,733 - DEBUG - > Sec-WebSocket-Protocol: ocpp1.6
2023-04-17 12:59:04,733 - DEBUG - > Authorization: Basic RVZBUjpFVkFSTEdV
2023-04-17 12:59:04,733 - DEBUG - > User-Agent: Python/3.11 websockets/10.4
2023-04-17 12:59:05,035 - DEBUG - < HTTP/1.1 101 Switching Protocols
2023-04-17 12:59:05,036 - DEBUG - < Connection: upgrade
2023-04-17 12:59:05,036 - DEBUG - < Date: Mon, 17 Apr 2023 03:58:53 GMT
2023-04-17 12:59:05,036 - DEBUG - < sec-websocket-protocol: ocpp1.6
2023-04-17 12:59:05,036 - DEBUG - < upgrade: websocket
2023-04-17 12:59:05,036 - DEBUG - < sec-websocket-accept: XP775+rp0tFZXj+p1kjPclrDDVQ=
2023-04-17 12:59:05,036 - DEBUG - < sec-websocket-extensions: permessage-deflate
2023-04-17 12:59:05,036 - DEBUG - < X-Cache: Miss from cloudfront
2023-04-17 12:59:05,036 - DEBUG - < Via: 1.1 b3a2b4f90d70e58fd6e90d30378021ae.cloudfront.net (CloudFront)
2023-04-17 12:59:05,036 - DEBUG - < X-Amz-Cf-Pop: ICN54-C1
2023-04-17 12:59:05,036 - DEBUG - < X-Amz-Cf-Id: JVQ6uff3IUsy5CovgT86kQJArMGYY7Ttx1FPhIDwhORxz_NeUZrqGA==
2023-04-17 12:59:05,037 - DEBUG - = connection is OPEN
2023-04-17 12:59:05,062 - DEBUG - > TEXT '[2, "bf29b901-d2fa-46da-93f3-82631df9ed0a", "Bo...ePointVendor": "EVAR"}]' [127 bytes]
2023-04-17 12:59:05,306 - DEBUG - < TEXT '[3, "bf29b901-d2fa-46da-93f3-82631df9ed0a", {"s...54Z", "interval": 600}]' [123 bytes]
2023-04-17 12:59:07,792 - DEBUG - Starting new HTTPS connection (1): rgw.devevspcharger.uplus.co.kr:443
2023-04-17 12:59:08,205 - DEBUG - https://rgw.devevspcharger.uplus.co.kr:443 "POST /ioc HTTP/1.1" 200 161
2023-04-17 12:59:08,218 - DEBUG - < TEXT '[2, "24f6d3c2-7b5e-46ea-b4f9-ae7a6c26622e", "Ch...tion", "value": "300"}]' [116 bytes]
2023-04-17 12:59:08,222 - DEBUG - > TEXT '[3, "24f6d3c2-7b5e-46ea-b4f9-ae7a6c26622e", {"status": "Accepted"}]' [67 bytes]
2023-04-17 12:59:08,380 - DEBUG - < TEXT '' [0 bytes]
2023-04-17 12:59:10,681 - DEBUG - Starting new HTTPS connection (1): rgw.devevspcharger.uplus.co.kr:443
2023-04-17 12:59:11,090 - DEBUG - https://rgw.devevspcharger.uplus.co.kr:443 "POST /ioc HTTP/1.1" 200 158
2023-04-17 12:59:11,105 - DEBUG - < TEXT '[2, "e93e794b-d538-49b1-b163-f8b0b98ab28c", "Ch...ize", "value": "true"}]' [113 bytes]
2023-04-17 12:59:11,111 - DEBUG - > TEXT '[3, "e93e794b-d538-49b1-b163-f8b0b98ab28c", {"status": "Accepted"}]' [67 bytes]
2023-04-17 12:59:11,281 - DEBUG - < TEXT '' [0 bytes]
2023-04-17 12:59:11,315 - DEBUG - > TEXT '[2, "bf29b901-d2fa-46da-93f3-82631df9ed0a", "St..."status": "Preparing"}]' [132 bytes]
2023-04-17 12:59:11,521 - DEBUG - < TEXT '[3, "bf29b901-d2fa-46da-93f3-82631df9ed0a", {}]' [47 bytes]
2023-04-17 12:59:11,552 - DEBUG - > TEXT '[2, "bf29b901-d2fa-46da-93f3-82631df9ed0a", "Au...": "1031040000069642"}]' [87 bytes]
2023-04-17 12:59:11,761 - DEBUG - < TEXT '[3, "bf29b901-d2fa-46da-93f3-82631df9ed0a", {"i...023-04-17T12:59:00Z"}}]' [119 bytes]
2023-04-17 12:59:11,780 - DEBUG - = connection is CLOSING
2023-04-17 12:59:11,780 - DEBUG - > CLOSE 1000 (OK) [2 bytes]
2023-04-17 12:59:11,787 - DEBUG - < CLOSE 1000 (OK) [2 bytes]
2023-04-17 12:59:11,790 - DEBUG - = connection is CLOSED
2023-04-17 13:00:00,206 - DEBUG - = connection is CONNECTING
2023-04-17 13:00:00,240 - DEBUG - > GET /ocpp16/ELA007C05/EVSCA050001 HTTP/1.1
2023-04-17 13:00:00,241 - DEBUG - > Host: ws.devevspcharger.uplus.co.kr
2023-04-17 13:00:00,241 - DEBUG - > Upgrade: websocket
2023-04-17 13:00:00,241 - DEBUG - > Connection: Upgrade
2023-04-17 13:00:00,241 - DEBUG - > Sec-WebSocket-Key: 3T+FazVT7GEV3guR2HJB6w==
2023-04-17 13:00:00,241 - DEBUG - > Sec-WebSocket-Version: 13
2023-04-17 13:00:00,241 - DEBUG - > Sec-WebSocket-Extensions: permessage-deflate; client_max_window_bits
2023-04-17 13:00:00,241 - DEBUG - > Sec-WebSocket-Protocol: ocpp1.6
2023-04-17 13:00:00,241 - DEBUG - > Authorization: Basic RVZBUjpFVkFSTEdV
2023-04-17 13:00:00,241 - DEBUG - > User-Agent: Python/3.11 websockets/10.4
2023-04-17 13:00:00,496 - DEBUG - < HTTP/1.1 101 Switching Protocols
2023-04-17 13:00:00,497 - DEBUG - < Connection: upgrade
2023-04-17 13:00:00,497 - DEBUG - < Date: Mon, 17 Apr 2023 03:59:49 GMT
2023-04-17 13:00:00,497 - DEBUG - < sec-websocket-protocol: ocpp1.6
2023-04-17 13:00:00,497 - DEBUG - < upgrade: websocket
2023-04-17 13:00:00,498 - DEBUG - < sec-websocket-accept: T6N+HT54JAz9eIFHqVeec+ffbbY=
2023-04-17 13:00:00,498 - DEBUG - < sec-websocket-extensions: permessage-deflate
2023-04-17 13:00:00,498 - DEBUG - < X-Cache: Miss from cloudfront
2023-04-17 13:00:00,498 - DEBUG - < Via: 1.1 818e6836f2ca3e700a5577179db933d8.cloudfront.net (CloudFront)
2023-04-17 13:00:00,498 - DEBUG - < X-Amz-Cf-Pop: ICN57-P2
2023-04-17 13:00:00,498 - DEBUG - < X-Amz-Cf-Id: SXvTki1VgAA7HTAziulLpmsQHzYD9gZxIdEys5a_Dgm0mggRvhztbA==
2023-04-17 13:00:00,498 - DEBUG - = connection is OPEN
2023-04-17 13:00:00,520 - DEBUG - > TEXT '[2, "0fb0c7f1-bbd5-494e-bcea-37ec5e4f46df", "Bo...ePointVendor": "EVAR"}]' [127 bytes]
2023-04-17 13:00:00,764 - DEBUG - < TEXT '[3, "0fb0c7f1-bbd5-494e-bcea-37ec5e4f46df", {"s...49Z", "interval": 600}]' [123 bytes]
2023-04-17 13:00:02,789 - DEBUG - Starting new HTTPS connection (1): rgw.devevspcharger.uplus.co.kr:443
2023-04-17 13:00:03,231 - DEBUG - https://rgw.devevspcharger.uplus.co.kr:443 "POST /ioc HTTP/1.1" 200 148
2023-04-17 13:00:03,248 - DEBUG - < TEXT '[2, "53c3732b-0ecc-41bb-9358-5fdfeab6f591", "Ge...izeRemoteTxRequests"]}]' [103 bytes]
2023-04-17 13:00:03,255 - DEBUG - > TEXT '[3, "53c3732b-0ecc-41bb-9358-5fdfeab6f591", {"c...ue", "value": "300"}]}]' [141 bytes]
2023-04-17 13:00:03,384 - DEBUG - < TEXT '' [0 bytes]
2023-04-17 13:00:05,153 - DEBUG - Starting new HTTPS connection (1): rgw.devevspcharger.uplus.co.kr:443
2023-04-17 13:00:05,555 - DEBUG - https://rgw.devevspcharger.uplus.co.kr:443 "POST /ioc HTTP/1.1" 200 145
2023-04-17 13:00:05,575 - DEBUG - < TEXT '[2, "101dcbb6-eba0-4760-af74-6b7e9660d467", "Re...": "1031040000069641"}]' [100 bytes]
2023-04-17 13:00:05,583 - DEBUG - > TEXT '[3, "101dcbb6-eba0-4760-af74-6b7e9660d467", {"status": "Accepted"}]' [67 bytes]
2023-04-17 13:00:05,721 - DEBUG - < TEXT '' [0 bytes]
2023-04-17 13:00:05,769 - DEBUG - > TEXT '[2, "0fb0c7f1-bbd5-494e-bcea-37ec5e4f46df", "Au...": "1031040000069641"}]' [87 bytes]
2023-04-17 13:00:05,961 - DEBUG - < TEXT '[3, "0fb0c7f1-bbd5-494e-bcea-37ec5e4f46df", {"i..."status": "Accepted"}}]' [82 bytes]
2023-04-17 13:00:05,998 - DEBUG - > TEXT '[2, "0fb0c7f1-bbd5-494e-bcea-37ec5e4f46df", "St..."status": "Preparing"}]' [132 bytes]
2023-04-17 13:00:06,199 - DEBUG - < TEXT '[3, "0fb0c7f1-bbd5-494e-bcea-37ec5e4f46df", {}]' [47 bytes]
2023-04-17 13:00:06,233 - DEBUG - > TEXT '[2, "0fb0c7f1-bbd5-494e-bcea-37ec5e4f46df", "St..., "status": "Faulted"}]' [143 bytes]
2023-04-17 13:00:06,422 - DEBUG - < TEXT '[3, "0fb0c7f1-bbd5-494e-bcea-37ec5e4f46df", {}]' [47 bytes]
2023-04-17 13:00:06,449 - DEBUG - = connection is CLOSING
2023-04-17 13:00:06,449 - DEBUG - > CLOSE 1000 (OK) [2 bytes]
2023-04-17 13:00:06,460 - DEBUG - < CLOSE 1000 (OK) [2 bytes]
2023-04-17 13:00:06,463 - DEBUG - = connection is CLOSED
2023-04-17 13:01:29,225 - DEBUG - = connection is CONNECTING
2023-04-17 13:01:29,254 - DEBUG - > GET /ocpp16/ELA007C05/EVSCA050001 HTTP/1.1
2023-04-17 13:01:29,254 - DEBUG - > Host: ws.devevspcharger.uplus.co.kr
2023-04-17 13:01:29,254 - DEBUG - > Upgrade: websocket
2023-04-17 13:01:29,254 - DEBUG - > Connection: Upgrade
2023-04-17 13:01:29,254 - DEBUG - > Sec-WebSocket-Key: YyJDeD5qq2mw2J58q7ac+Q==
2023-04-17 13:01:29,254 - DEBUG - > Sec-WebSocket-Version: 13
2023-04-17 13:01:29,254 - DEBUG - > Sec-WebSocket-Extensions: permessage-deflate; client_max_window_bits
2023-04-17 13:01:29,254 - DEBUG - > Sec-WebSocket-Protocol: ocpp1.6
2023-04-17 13:01:29,255 - DEBUG - > Authorization: Basic RVZBUjpFVkFSTEdV
2023-04-17 13:01:29,255 - DEBUG - > User-Agent: Python/3.11 websockets/10.4
2023-04-17 13:01:29,781 - DEBUG - < HTTP/1.1 101 Switching Protocols
2023-04-17 13:01:29,781 - DEBUG - < Connection: upgrade
2023-04-17 13:01:29,781 - DEBUG - < Date: Mon, 17 Apr 2023 04:01:18 GMT
2023-04-17 13:01:29,781 - DEBUG - < sec-websocket-protocol: ocpp1.6
2023-04-17 13:01:29,781 - DEBUG - < upgrade: websocket
2023-04-17 13:01:29,782 - DEBUG - < sec-websocket-accept: 1MZuqUdAa/m2J8ckSkEIQ8W27A4=
2023-04-17 13:01:29,782 - DEBUG - < sec-websocket-extensions: permessage-deflate
2023-04-17 13:01:29,782 - DEBUG - < X-Cache: Miss from cloudfront
2023-04-17 13:01:29,782 - DEBUG - < Via: 1.1 d4e4051c0925e57d2970506624ed755a.cloudfront.net (CloudFront)
2023-04-17 13:01:29,782 - DEBUG - < X-Amz-Cf-Pop: ICN54-C1
2023-04-17 13:01:29,782 - DEBUG - < X-Amz-Cf-Id: plpgmd-xc1tJmSfLsS8EzY56CNWDdU4S15AX84lpgtaP99Y0bXYDNw==
2023-04-17 13:01:29,782 - DEBUG - = connection is OPEN
2023-04-17 13:01:29,800 - DEBUG - > TEXT '[2, "aca202c0-2f21-459b-8bd7-579d3cc45dd8", "Bo...ePointVendor": "EVAR"}]' [127 bytes]
2023-04-17 13:01:30,262 - DEBUG - < TEXT '[3, "aca202c0-2f21-459b-8bd7-579d3cc45dd8", {"s...19Z", "interval": 600}]' [123 bytes]
2023-04-17 13:01:32,726 - DEBUG - Starting new HTTPS connection (1): rgw.devevspcharger.uplus.co.kr:443
2023-04-17 13:01:33,328 - DEBUG - https://rgw.devevspcharger.uplus.co.kr:443 "POST /ioc HTTP/1.1" 200 147
2023-04-17 13:01:33,342 - DEBUG - < TEXT '[2, "a40f06bb-3563-44fd-ab44-0993786f41fc", "Se... "updateType": "Full"}]' [102 bytes]
2023-04-17 13:01:33,346 - DEBUG - > TEXT '[3, "a40f06bb-3563-44fd-ab44-0993786f41fc", {"status": "NotSupported"}]' [71 bytes]
2023-04-17 13:01:33,502 - DEBUG - < TEXT '' [0 bytes]
2023-04-17 13:01:33,520 - DEBUG - = connection is CLOSING
2023-04-17 13:01:33,520 - DEBUG - > CLOSE 1000 (OK) [2 bytes]
2023-04-17 13:01:33,526 - DEBUG - < CLOSE 1000 (OK) [2 bytes]
2023-04-17 13:01:33,536 - DEBUG - = connection is CLOSED
2023-04-17 13:02:58,618 - DEBUG - = connection is CONNECTING
2023-04-17 13:02:58,656 - DEBUG - > GET /ocpp16/ELA007C05/EVSCA050001 HTTP/1.1
2023-04-17 13:02:58,656 - DEBUG - > Host: ws.devevspcharger.uplus.co.kr
2023-04-17 13:02:58,657 - DEBUG - > Upgrade: websocket
2023-04-17 13:02:58,657 - DEBUG - > Connection: Upgrade
2023-04-17 13:02:58,657 - DEBUG - > Sec-WebSocket-Key: ZXmVseMIdn+nSGldUSsvoA==
2023-04-17 13:02:58,657 - DEBUG - > Sec-WebSocket-Version: 13
2023-04-17 13:02:58,658 - DEBUG - > Sec-WebSocket-Extensions: permessage-deflate; client_max_window_bits
2023-04-17 13:02:58,658 - DEBUG - > Sec-WebSocket-Protocol: ocpp1.6
2023-04-17 13:02:58,658 - DEBUG - > Authorization: Basic RVZBUjpFVkFSTEdV
2023-04-17 13:02:58,658 - DEBUG - > User-Agent: Python/3.11 websockets/10.4
2023-04-17 13:02:59,197 - DEBUG - < HTTP/1.1 101 Switching Protocols
2023-04-17 13:02:59,198 - DEBUG - < Connection: upgrade
2023-04-17 13:02:59,199 - DEBUG - < Date: Mon, 17 Apr 2023 04:02:48 GMT
2023-04-17 13:02:59,200 - DEBUG - < sec-websocket-protocol: ocpp1.6
2023-04-17 13:02:59,200 - DEBUG - < upgrade: websocket
2023-04-17 13:02:59,200 - DEBUG - < sec-websocket-accept: 0TPO8UhVw27NZVMnJ6pGSIw2rr4=
2023-04-17 13:02:59,200 - DEBUG - < sec-websocket-extensions: permessage-deflate
2023-04-17 13:02:59,200 - DEBUG - < X-Cache: Miss from cloudfront
2023-04-17 13:02:59,201 - DEBUG - < Via: 1.1 c6ed8cd25e4ec3b0d1a9c72155758a62.cloudfront.net (CloudFront)
2023-04-17 13:02:59,201 - DEBUG - < X-Amz-Cf-Pop: ICN57-P2
2023-04-17 13:02:59,201 - DEBUG - < X-Amz-Cf-Id: 4oZ0ZyOfZjuChkqfKmIC7Ykyvh2He_m6IXYIILtkCYYsWH0OhvnXJw==
2023-04-17 13:02:59,201 - DEBUG - = connection is OPEN
2023-04-17 13:02:59,241 - DEBUG - > TEXT '[2, "b7926cb7-2c85-4b99-bd3d-0cd965552ea9", "Bo...ePointVendor": "EVAR"}]' [127 bytes]
2023-04-17 13:02:59,484 - DEBUG - < TEXT '[3, "b7926cb7-2c85-4b99-bd3d-0cd965552ea9", {"s...48Z", "interval": 600}]' [123 bytes]
2023-04-17 13:03:01,562 - DEBUG - Starting new HTTPS connection (1): rgw.devevspcharger.uplus.co.kr:443
2023-04-17 13:03:02,191 - DEBUG - https://rgw.devevspcharger.uplus.co.kr:443 "POST /ioc HTTP/1.1" 200 159
2023-04-17 13:03:02,202 - DEBUG - < TEXT '[2, "673f2e9f-8f9b-4193-9cb9-7250bc75f5cd", "Ch...ze", "value": "false"}]' [114 bytes]
2023-04-17 13:03:02,205 - DEBUG - > TEXT '[3, "673f2e9f-8f9b-4193-9cb9-7250bc75f5cd", {"status": "Accepted"}]' [67 bytes]
2023-04-17 13:03:02,342 - DEBUG - < TEXT '' [0 bytes]
2023-04-17 13:03:04,267 - DEBUG - Starting new HTTPS connection (1): rgw.devevspcharger.uplus.co.kr:443
2023-04-17 13:03:04,709 - DEBUG - https://rgw.devevspcharger.uplus.co.kr:443 "POST /ioc HTTP/1.1" 200 148
2023-04-17 13:03:04,722 - DEBUG - < TEXT '[2, "db54a1d1-c277-4baf-acb8-a1110c329a8a", "Ge...izeRemoteTxRequests"]}]' [103 bytes]
2023-04-17 13:03:04,727 - DEBUG - > TEXT '[3, "db54a1d1-c277-4baf-acb8-a1110c329a8a", {"c...ue", "value": "300"}]}]' [141 bytes]
2023-04-17 13:03:04,872 - DEBUG - < TEXT '' [0 bytes]
2023-04-17 13:03:04,922 - DEBUG - > TEXT '[2, "b7926cb7-2c85-4b99-bd3d-0cd965552ea9", "St..."status": "Preparing"}]' [132 bytes]
2023-04-17 13:03:05,143 - DEBUG - < TEXT '[3, "b7926cb7-2c85-4b99-bd3d-0cd965552ea9", {}]' [47 bytes]
2023-04-17 13:03:06,957 - DEBUG - Starting new HTTPS connection (1): rgw.devevspcharger.uplus.co.kr:443
2023-04-17 13:03:07,410 - DEBUG - https://rgw.devevspcharger.uplus.co.kr:443 "POST /ioc HTTP/1.1" 200 145
2023-04-17 13:03:07,424 - DEBUG - < TEXT '[2, "8f5aea6e-6737-4748-af43-87f8f880876c", "Re...": "1031040000069641"}]' [100 bytes]
2023-04-17 13:03:07,431 - DEBUG - > TEXT '[3, "8f5aea6e-6737-4748-af43-87f8f880876c", {"status": "Accepted"}]' [67 bytes]
2023-04-17 13:03:07,583 - DEBUG - < TEXT '' [0 bytes]
2023-04-17 13:03:07,623 - DEBUG - > TEXT '[2, "62af9389-8194-40ed-a224-7bd5290ad210", "St...2023-04-17T13:02:58Z"}]' [170 bytes]
2023-04-17 13:03:08,085 - DEBUG - < TEXT '[3, "62af9389-8194-40ed-a224-7bd5290ad210", {"t..."status": "Accepted"}}]' [110 bytes]
2023-04-17 13:03:08,135 - DEBUG - > TEXT '[2, "b7926cb7-2c85-4b99-bd3d-0cd965552ea9", "St... "status": "Charging"}]' [131 bytes]
2023-04-17 13:03:08,323 - DEBUG - < TEXT '[3, "b7926cb7-2c85-4b99-bd3d-0cd965552ea9", {}]' [47 bytes]
2023-04-17 13:03:19,216 - DEBUG - % sending keepalive ping
2023-04-17 13:03:19,217 - DEBUG - > PING e5 d9 97 78 [binary, 4 bytes]
2023-04-17 13:03:19,229 - DEBUG - < PONG e5 d9 97 78 [binary, 4 bytes]
2023-04-17 13:03:19,235 - DEBUG - % received keepalive pong
2023-04-17 13:03:39,226 - DEBUG - % sending keepalive ping
2023-04-17 13:03:39,226 - DEBUG - > PING 86 75 20 09 [binary, 4 bytes]
2023-04-17 13:03:39,235 - DEBUG - < PONG 86 75 20 09 [binary, 4 bytes]
2023-04-17 13:03:39,238 - DEBUG - % received keepalive pong
2023-04-17 13:03:59,215 - DEBUG - % sending keepalive ping
2023-04-17 13:03:59,215 - DEBUG - > PING e0 00 31 47 [binary, 4 bytes]
2023-04-17 13:03:59,223 - DEBUG - < PONG e0 00 31 47 [binary, 4 bytes]
2023-04-17 13:03:59,226 - DEBUG - % received keepalive pong
2023-04-17 13:04:19,222 - DEBUG - % sending keepalive ping
2023-04-17 13:04:19,223 - DEBUG - > PING ac 37 a7 e8 [binary, 4 bytes]
2023-04-17 13:04:19,232 - DEBUG - < PONG ac 37 a7 e8 [binary, 4 bytes]
2023-04-17 13:04:19,237 - DEBUG - % received keepalive pong
2023-04-17 13:04:39,227 - DEBUG - % sending keepalive ping
2023-04-17 13:04:39,227 - DEBUG - > PING 41 9d 46 75 [binary, 4 bytes]
2023-04-17 13:04:39,247 - DEBUG - < PONG 41 9d 46 75 [binary, 4 bytes]
2023-04-17 13:04:39,275 - DEBUG - % received keepalive pong
2023-04-17 13:04:54,103 - DEBUG - = connection is CONNECTING
2023-04-17 13:04:54,133 - DEBUG - > GET /ocpp16/ELA007C05/EVSCA050001 HTTP/1.1
2023-04-17 13:04:54,133 - DEBUG - > Host: ws.devevspcharger.uplus.co.kr
2023-04-17 13:04:54,133 - DEBUG - > Upgrade: websocket
2023-04-17 13:04:54,133 - DEBUG - > Connection: Upgrade
2023-04-17 13:04:54,133 - DEBUG - > Sec-WebSocket-Key: 3MPfBHQxjBjSD5KEPJYZ9Q==
2023-04-17 13:04:54,133 - DEBUG - > Sec-WebSocket-Version: 13
2023-04-17 13:04:54,133 - DEBUG - > Sec-WebSocket-Extensions: permessage-deflate; client_max_window_bits
2023-04-17 13:04:54,133 - DEBUG - > Sec-WebSocket-Protocol: ocpp1.6
2023-04-17 13:04:54,134 - DEBUG - > Authorization: Basic RVZBUjpFVkFSTEdV
2023-04-17 13:04:54,134 - DEBUG - > User-Agent: Python/3.11 websockets/10.4
2023-04-17 13:04:54,751 - DEBUG - < HTTP/1.1 101 Switching Protocols
2023-04-17 13:04:54,751 - DEBUG - < Connection: upgrade
2023-04-17 13:04:54,751 - DEBUG - < Date: Mon, 17 Apr 2023 04:04:43 GMT
2023-04-17 13:04:54,751 - DEBUG - < sec-websocket-protocol: ocpp1.6
2023-04-17 13:04:54,752 - DEBUG - < upgrade: websocket
2023-04-17 13:04:54,752 - DEBUG - < sec-websocket-accept: uz6XONORFpv0jj4Dth7gpvTVUWY=
2023-04-17 13:04:54,752 - DEBUG - < sec-websocket-extensions: permessage-deflate
2023-04-17 13:04:54,752 - DEBUG - < X-Cache: Miss from cloudfront
2023-04-17 13:04:54,752 - DEBUG - < Via: 1.1 9ae7abacc9e2c811909db23dbe603ad4.cloudfront.net (CloudFront)
2023-04-17 13:04:54,753 - DEBUG - < X-Amz-Cf-Pop: ICN57-P2
2023-04-17 13:04:54,753 - DEBUG - < X-Amz-Cf-Id: l3LDES2dMvUUxMKhMeMrg1kQlxlCtfSS9rcaTM6q4F4Ee2sNEWKRJg==
2023-04-17 13:04:54,753 - DEBUG - = connection is OPEN
2023-04-17 13:04:54,792 - DEBUG - > TEXT '[2, "650a6294-de60-4741-b415-353b92ca007a", "Bo...ePointVendor": "EVAR"}]' [127 bytes]
2023-04-17 13:04:55,207 - DEBUG - < TEXT '[3, "650a6294-de60-4741-b415-353b92ca007a", {"s...43Z", "interval": 600}]' [123 bytes]
2023-04-17 13:04:58,899 - DEBUG - Starting new HTTPS connection (1): rgw.devevspcharger.uplus.co.kr:443
2023-04-17 13:04:59,510 - DEBUG - https://rgw.devevspcharger.uplus.co.kr:443 "POST /ioc HTTP/1.1" 200 148
2023-04-17 13:04:59,520 - DEBUG - < TEXT '[2, "5bd501a1-bf4c-418a-b2fa-97cb43aaf66e", "Ge...izeRemoteTxRequests"]}]' [103 bytes]
2023-04-17 13:04:59,520 - DEBUG - % sending keepalive ping
2023-04-17 13:04:59,520 - DEBUG - > PING 2b 93 4d 01 [binary, 4 bytes]
2023-04-17 13:04:59,524 - DEBUG - > TEXT '[3, "5bd501a1-bf4c-418a-b2fa-97cb43aaf66e", {"c...ue", "value": "300"}]}]' [141 bytes]
2023-04-17 13:04:59,545 - DEBUG - < PONG 2b 93 4d 01 [binary, 4 bytes]
2023-04-17 13:04:59,547 - DEBUG - % received keepalive pong
2023-04-17 13:04:59,685 - DEBUG - < TEXT '' [0 bytes]
2023-04-17 13:04:59,736 - DEBUG - > TEXT '[2, "650a6294-de60-4741-b415-353b92ca007a", "St..."status": "Preparing"}]' [132 bytes]
2023-04-17 13:04:59,925 - DEBUG - < TEXT '[3, "650a6294-de60-4741-b415-353b92ca007a", {}]' [47 bytes]
2023-04-17 13:05:14,777 - DEBUG - % sending keepalive ping
2023-04-17 13:05:14,778 - DEBUG - > PING 3e ff 2e b5 [binary, 4 bytes]
2023-04-17 13:05:14,785 - DEBUG - < PONG 3e ff 2e b5 [binary, 4 bytes]
2023-04-17 13:05:14,788 - DEBUG - % received keepalive pong
2023-04-17 13:05:19,546 - DEBUG - % sending keepalive ping
2023-04-17 13:05:19,546 - DEBUG - > PING d2 88 57 c6 [binary, 4 bytes]
2023-04-17 13:05:19,555 - DEBUG - < PONG d2 88 57 c6 [binary, 4 bytes]
2023-04-17 13:05:19,561 - DEBUG - % received keepalive pong
2023-04-17 13:05:34,778 - DEBUG - % sending keepalive ping
2023-04-17 13:05:34,779 - DEBUG - > PING 'Dm\u04a4' [text, 4 bytes]
2023-04-17 13:05:34,801 - DEBUG - < PONG 'Dm\u04a4' [text, 4 bytes]
2023-04-17 13:05:34,805 - DEBUG - % received keepalive pong
2023-04-17 13:05:39,570 - DEBUG - % sending keepalive ping
2023-04-17 13:05:39,570 - DEBUG - > PING 2d 49 a0 26 [binary, 4 bytes]
2023-04-17 13:05:39,581 - DEBUG - < PONG 2d 49 a0 26 [binary, 4 bytes]
2023-04-17 13:05:39,586 - DEBUG - % received keepalive pong
2023-04-17 13:05:54,803 - DEBUG - % sending keepalive ping
2023-04-17 13:05:54,803 - DEBUG - > PING 'AS¢¬' [text, 4 bytes]
2023-04-17 13:05:54,811 - DEBUG - < PONG 'AS¢¬' [text, 4 bytes]
2023-04-17 13:05:54,815 - DEBUG - % received keepalive pong
2023-04-17 13:05:59,561 - DEBUG - % sending keepalive ping
2023-04-17 13:05:59,562 - DEBUG - > PING 5e 6f b9 8b [binary, 4 bytes]
2023-04-17 13:05:59,570 - DEBUG - < PONG 5e 6f b9 8b [binary, 4 bytes]
2023-04-17 13:05:59,573 - DEBUG - % received keepalive pong
2023-04-17 13:06:14,762 - DEBUG - = connection is CONNECTING
2023-04-17 13:06:14,793 - DEBUG - > GET /ocpp16/ELA007C05/EVSCA050001 HTTP/1.1
2023-04-17 13:06:14,793 - DEBUG - > Host: ws.devevspcharger.uplus.co.kr
2023-04-17 13:06:14,794 - DEBUG - > Upgrade: websocket
2023-04-17 13:06:14,794 - DEBUG - > Connection: Upgrade
2023-04-17 13:06:14,794 - DEBUG - > Sec-WebSocket-Key: F1Bj13MSGpr0BG1ZIaLz3w==
2023-04-17 13:06:14,794 - DEBUG - > Sec-WebSocket-Version: 13
2023-04-17 13:06:14,794 - DEBUG - > Sec-WebSocket-Extensions: permessage-deflate; client_max_window_bits
2023-04-17 13:06:14,794 - DEBUG - > Sec-WebSocket-Protocol: ocpp1.6
2023-04-17 13:06:14,794 - DEBUG - > Authorization: Basic RVZBUjpFVkFSTEdV
2023-04-17 13:06:14,794 - DEBUG - > User-Agent: Python/3.11 websockets/10.4
2023-04-17 13:06:14,820 - DEBUG - % sending keepalive ping
2023-04-17 13:06:14,820 - DEBUG - > PING 91 54 c0 88 [binary, 4 bytes]
2023-04-17 13:06:14,828 - DEBUG - < PONG 91 54 c0 88 [binary, 4 bytes]
2023-04-17 13:06:14,831 - DEBUG - % received keepalive pong
2023-04-17 13:06:15,331 - DEBUG - < HTTP/1.1 101 Switching Protocols
2023-04-17 13:06:15,331 - DEBUG - < Connection: upgrade
2023-04-17 13:06:15,331 - DEBUG - < Date: Mon, 17 Apr 2023 04:06:04 GMT
2023-04-17 13:06:15,331 - DEBUG - < sec-websocket-protocol: ocpp1.6
2023-04-17 13:06:15,331 - DEBUG - < upgrade: websocket
2023-04-17 13:06:15,332 - DEBUG - < sec-websocket-accept: wqFRiItmOLGbkg5Ja8ktzMA5IlI=
2023-04-17 13:06:15,332 - DEBUG - < sec-websocket-extensions: permessage-deflate
2023-04-17 13:06:15,332 - DEBUG - < X-Cache: Miss from cloudfront
2023-04-17 13:06:15,332 - DEBUG - < Via: 1.1 0deed69f96030eea747cb7bfcfd21562.cloudfront.net (CloudFront)
2023-04-17 13:06:15,332 - DEBUG - < X-Amz-Cf-Pop: ICN57-P2
2023-04-17 13:06:15,332 - DEBUG - < X-Amz-Cf-Id: Lr_hKeEDfSutlJHflB7rYGkZaqtuV_wb8kx4x8qMp-2SMh92NY0Bbg==
2023-04-17 13:06:15,332 - DEBUG - = connection is OPEN
2023-04-17 13:06:15,386 - DEBUG - > TEXT '[2, "58760d6e-2cfa-4c7c-826c-367e5f686380", "Bo...ePointVendor": "EVAR"}]' [127 bytes]
2023-04-17 13:06:15,807 - DEBUG - < TEXT '[3, "58760d6e-2cfa-4c7c-826c-367e5f686380", {"s...04Z", "interval": 600}]' [123 bytes]
2023-04-17 13:06:18,035 - DEBUG - Starting new HTTPS connection (1): rgw.devevspcharger.uplus.co.kr:443
2023-04-17 13:06:18,672 - DEBUG - https://rgw.devevspcharger.uplus.co.kr:443 "POST /ioc HTTP/1.1" 200 127
2023-04-17 13:06:18,680 - DEBUG - < TEXT '[2, "5005c84b-9e63-4964-8804-68d5fa957c78", "Un...r", {"connectorId": 1}]' [82 bytes]
2023-04-17 13:06:18,684 - DEBUG - > TEXT '[3, "5005c84b-9e63-4964-8804-68d5fa957c78", {"status": "UnlockFailed"}]' [71 bytes]
2023-04-17 13:06:18,824 - DEBUG - < TEXT '' [0 bytes]
2023-04-17 13:06:18,839 - DEBUG - = connection is CLOSING
2023-04-17 13:06:18,839 - DEBUG - > CLOSE 1000 (OK) [2 bytes]
2023-04-17 13:06:18,865 - DEBUG - < CLOSE 1000 (OK) [2 bytes]
2023-04-17 13:06:18,868 - DEBUG - = connection is CLOSED
2023-04-17 13:06:19,563 - DEBUG - % sending keepalive ping
2023-04-17 13:06:19,563 - DEBUG - > PING 2f 45 c5 40 [binary, 4 bytes]
2023-04-17 13:06:19,573 - DEBUG - < PONG 2f 45 c5 40 [binary, 4 bytes]
2023-04-17 13:06:19,579 - DEBUG - % received keepalive pong
2023-04-17 13:06:34,815 - DEBUG - % sending keepalive ping
2023-04-17 13:06:34,815 - DEBUG - > PING 75 82 5b fc [binary, 4 bytes]
2023-04-17 13:06:34,823 - DEBUG - < PONG 75 82 5b fc [binary, 4 bytes]
2023-04-17 13:06:34,829 - DEBUG - % received keepalive pong
2023-04-17 13:06:39,572 - DEBUG - % sending keepalive ping
2023-04-17 13:06:39,573 - DEBUG - > PING a0 f6 97 3a [binary, 4 bytes]
2023-04-17 13:06:39,581 - DEBUG - < PONG a0 f6 97 3a [binary, 4 bytes]
2023-04-17 13:06:39,585 - DEBUG - % received keepalive pong
2023-04-17 13:06:54,818 - DEBUG - % sending keepalive ping
2023-04-17 13:06:54,819 - DEBUG - > PING 55 54 87 52 [binary, 4 bytes]
2023-04-17 13:06:54,834 - DEBUG - < PONG 55 54 87 52 [binary, 4 bytes]
2023-04-17 13:06:54,841 - DEBUG - % received keepalive pong
2023-04-17 13:06:59,562 - DEBUG - % sending keepalive ping
2023-04-17 13:06:59,562 - DEBUG - > PING 26 1e 8d 3a [binary, 4 bytes]
2023-04-17 13:06:59,570 - DEBUG - < PONG 26 1e 8d 3a [binary, 4 bytes]
2023-04-17 13:06:59,575 - DEBUG - % received keepalive pong
2023-04-17 13:07:14,843 - DEBUG - % sending keepalive ping
2023-04-17 13:07:14,844 - DEBUG - > PING e5 97 94 ce [binary, 4 bytes]
2023-04-17 13:07:14,856 - DEBUG - < PONG e5 97 94 ce [binary, 4 bytes]
2023-04-17 13:07:14,862 - DEBUG - % received keepalive pong
2023-04-17 13:07:19,568 - DEBUG - % sending keepalive ping
2023-04-17 13:07:19,568 - DEBUG - > PING 6d cd ca bc [binary, 4 bytes]
2023-04-17 13:07:19,576 - DEBUG - < PONG 6d cd ca bc [binary, 4 bytes]
2023-04-17 13:07:19,584 - DEBUG - % received keepalive pong
2023-04-17 13:07:20,664 - DEBUG - = connection is CONNECTING
2023-04-17 13:07:20,695 - DEBUG - > GET /ocpp16/ELA007C05/EVSCA050001 HTTP/1.1
2023-04-17 13:07:20,695 - DEBUG - > Host: ws.devevspcharger.uplus.co.kr
2023-04-17 13:07:20,695 - DEBUG - > Upgrade: websocket
2023-04-17 13:07:20,695 - DEBUG - > Connection: Upgrade
2023-04-17 13:07:20,695 - DEBUG - > Sec-WebSocket-Key: PTm+UyV6MDpxXC24u/AjWg==
2023-04-17 13:07:20,696 - DEBUG - > Sec-WebSocket-Version: 13
2023-04-17 13:07:20,696 - DEBUG - > Sec-WebSocket-Extensions: permessage-deflate; client_max_window_bits
2023-04-17 13:07:20,696 - DEBUG - > Sec-WebSocket-Protocol: ocpp1.6
2023-04-17 13:07:20,696 - DEBUG - > Authorization: Basic RVZBUjpFVkFSTEdV
2023-04-17 13:07:20,696 - DEBUG - > User-Agent: Python/3.11 websockets/10.4
2023-04-17 13:07:21,239 - DEBUG - < HTTP/1.1 101 Switching Protocols
2023-04-17 13:07:21,239 - DEBUG - < Connection: upgrade
2023-04-17 13:07:21,239 - DEBUG - < Date: Mon, 17 Apr 2023 04:07:10 GMT
2023-04-17 13:07:21,239 - DEBUG - < sec-websocket-protocol: ocpp1.6
2023-04-17 13:07:21,239 - DEBUG - < upgrade: websocket
2023-04-17 13:07:21,239 - DEBUG - < sec-websocket-accept: 6mNacnYS9Vl+DZo8g9O+2L7nIOI=
2023-04-17 13:07:21,240 - DEBUG - < sec-websocket-extensions: permessage-deflate
2023-04-17 13:07:21,240 - DEBUG - < X-Cache: Miss from cloudfront
2023-04-17 13:07:21,240 - DEBUG - < Via: 1.1 ba725da875f43fb311efeb484e55ed1a.cloudfront.net (CloudFront)
2023-04-17 13:07:21,240 - DEBUG - < X-Amz-Cf-Pop: ICN57-P2
2023-04-17 13:07:21,240 - DEBUG - < X-Amz-Cf-Id: 8HHCudINGPHeMPW4nEl-C0xsXnVcvTV_d7mgiujYt0T3hk8Gd4EJqg==
2023-04-17 13:07:21,240 - DEBUG - = connection is OPEN
2023-04-17 13:07:21,271 - DEBUG - > TEXT '[2, "57ff639b-b65c-4e34-9205-3b22c15fc024", "Bo...ePointVendor": "EVAR"}]' [127 bytes]
2023-04-17 13:07:21,586 - DEBUG - < TEXT '[3, "57ff639b-b65c-4e34-9205-3b22c15fc024", {"s...10Z", "interval": 600}]' [123 bytes]
2023-04-17 13:07:21,616 - DEBUG - > TEXT '[2, "57ff639b-b65c-4e34-9205-3b22c15fc024", "St..."status": "Preparing"}]' [132 bytes]
2023-04-17 13:07:21,804 - DEBUG - < TEXT '[3, "57ff639b-b65c-4e34-9205-3b22c15fc024", {}]' [47 bytes]
2023-04-17 13:07:23,644 - DEBUG - Starting new HTTPS connection (1): rgw.devevspcharger.uplus.co.kr:443
2023-04-17 13:07:24,251 - DEBUG - https://rgw.devevspcharger.uplus.co.kr:443 "POST /ioc HTTP/1.1" 200 145
2023-04-17 13:07:24,264 - DEBUG - < TEXT '[2, "21d9b632-a4a5-4a9d-9224-7ed9ea84fb9f", "Re...": "1031040000069641"}]' [100 bytes]
2023-04-17 13:07:24,269 - DEBUG - > TEXT '[3, "21d9b632-a4a5-4a9d-9224-7ed9ea84fb9f", {"status": "Accepted"}]' [67 bytes]
2023-04-17 13:07:24,405 - DEBUG - < TEXT '' [0 bytes]
2023-04-17 13:07:24,438 - DEBUG - > TEXT '[2, "57ff639b-b65c-4e34-9205-3b22c15fc024", "Au...": "1031040000069641"}]' [87 bytes]
2023-04-17 13:07:24,688 - DEBUG - < TEXT '[3, "57ff639b-b65c-4e34-9205-3b22c15fc024", {"i..."status": "Accepted"}}]' [82 bytes]
2023-04-17 13:07:24,727 - DEBUG - > TEXT '[2, "93430cc4-3940-44da-b2e0-213cc22a348e", "St...2023-04-17T13:07:20Z"}]' [170 bytes]
2023-04-17 13:07:25,128 - DEBUG - < TEXT '[3, "93430cc4-3940-44da-b2e0-213cc22a348e", {"t..."status": "Accepted"}}]' [110 bytes]
2023-04-17 13:07:25,168 - DEBUG - > TEXT '[2, "57ff639b-b65c-4e34-9205-3b22c15fc024", "St... "status": "Charging"}]' [131 bytes]
2023-04-17 13:07:25,345 - DEBUG - < TEXT '[3, "57ff639b-b65c-4e34-9205-3b22c15fc024", {}]' [47 bytes]
2023-04-17 13:07:25,376 - DEBUG - > TEXT '[2, "57ff639b-b65c-4e34-9205-3b22c15fc024", "Bo...ePointVendor": "EVAR"}]' [127 bytes]
2023-04-17 13:07:25,645 - DEBUG - < TEXT '[3, "57ff639b-b65c-4e34-9205-3b22c15fc024", {"s...14Z", "interval": 600}]' [123 bytes]
2023-04-17 13:07:25,685 - DEBUG - > TEXT '[2, "57ff639b-b65c-4e34-9205-3b22c15fc024", "St...tatus": "Unavailable"}]' [134 bytes]
2023-04-17 13:07:25,907 - DEBUG - < TEXT '[3, "57ff639b-b65c-4e34-9205-3b22c15fc024", {}]' [47 bytes]
2023-04-17 13:07:25,952 - DEBUG - > TEXT '[2, "3e38dac0-687d-4348-908f-a94b6f94c525", "St...23-04-17T13:07:20Z"}]}]' [359 bytes]
2023-04-17 13:07:26,276 - DEBUG - < TEXT '[3, "3e38dac0-687d-4348-908f-a94b6f94c525", {"i..."status": "Accepted"}}]' [82 bytes]
2023-04-17 13:07:26,318 - DEBUG - > TEXT '[2, "57ff639b-b65c-4e34-9205-3b22c15fc024", "St..."status": "Finishing"}]' [132 bytes]
2023-04-17 13:07:26,524 - DEBUG - < TEXT '[3, "57ff639b-b65c-4e34-9205-3b22c15fc024", {}]' [47 bytes]
2023-04-17 13:07:26,544 - DEBUG - = connection is CLOSING
2023-04-17 13:07:26,544 - DEBUG - > CLOSE 1000 (OK) [2 bytes]
2023-04-17 13:07:26,552 - DEBUG - < CLOSE 1000 (OK) [2 bytes]
2023-04-17 13:07:26,554 - DEBUG - = connection is CLOSED
2023-04-17 13:07:34,852 - DEBUG - % sending keepalive ping
2023-04-17 13:07:34,852 - DEBUG - > PING f8 ff 05 73 [binary, 4 bytes]
2023-04-17 13:07:34,861 - DEBUG - < PONG f8 ff 05 73 [binary, 4 bytes]
2023-04-17 13:07:34,864 - DEBUG - % received keepalive pong
2023-04-17 13:07:39,565 - DEBUG - % sending keepalive ping
2023-04-17 13:07:39,566 - DEBUG - > PING ef a5 10 7e [binary, 4 bytes]
2023-04-17 13:07:39,575 - DEBUG - < PONG ef a5 10 7e [binary, 4 bytes]
2023-04-17 13:07:39,582 - DEBUG - % received keepalive pong
2023-04-17 13:07:54,851 - DEBUG - % sending keepalive ping
2023-04-17 13:07:54,852 - DEBUG - > PING 23 f9 9b ec [binary, 4 bytes]
2023-04-17 13:07:54,859 - DEBUG - < PONG 23 f9 9b ec [binary, 4 bytes]
2023-04-17 13:07:54,862 - DEBUG - % received keepalive pong
2023-04-17 13:07:59,563 - DEBUG - % sending keepalive ping
2023-04-17 13:07:59,563 - DEBUG - > PING a9 c6 53 01 [binary, 4 bytes]
2023-04-17 13:07:59,572 - DEBUG - < PONG a9 c6 53 01 [binary, 4 bytes]
2023-04-17 13:07:59,577 - DEBUG - % received keepalive pong
2023-04-17 13:08:07,539 - DEBUG - = connection is CONNECTING
2023-04-17 13:08:07,567 - DEBUG - > GET /ocpp16/ELA007C05/EVSCA050001 HTTP/1.1
2023-04-17 13:08:07,567 - DEBUG - > Host: ws.devevspcharger.uplus.co.kr
2023-04-17 13:08:07,567 - DEBUG - > Upgrade: websocket
2023-04-17 13:08:07,567 - DEBUG - > Connection: Upgrade
2023-04-17 13:08:07,567 - DEBUG - > Sec-WebSocket-Key: HIKAU9mTDRk1VhjMRdRJKg==
2023-04-17 13:08:07,567 - DEBUG - > Sec-WebSocket-Version: 13
2023-04-17 13:08:07,567 - DEBUG - > Sec-WebSocket-Extensions: permessage-deflate; client_max_window_bits
2023-04-17 13:08:07,568 - DEBUG - > Sec-WebSocket-Protocol: ocpp1.6
2023-04-17 13:08:07,568 - DEBUG - > Authorization: Basic RVZBUjpFVkFSTEdV
2023-04-17 13:08:07,568 - DEBUG - > User-Agent: Python/3.11 websockets/10.4
2023-04-17 13:08:07,799 - DEBUG - < HTTP/1.1 101 Switching Protocols
2023-04-17 13:08:07,800 - DEBUG - < Connection: upgrade
2023-04-17 13:08:07,800 - DEBUG - < Date: Mon, 17 Apr 2023 04:07:56 GMT
2023-04-17 13:08:07,800 - DEBUG - < sec-websocket-protocol: ocpp1.6
2023-04-17 13:08:07,800 - DEBUG - < upgrade: websocket
2023-04-17 13:08:07,800 - DEBUG - < sec-websocket-accept: MhieyJ6ZEXO0wMRy9LgIKlRuub8=
2023-04-17 13:08:07,800 - DEBUG - < sec-websocket-extensions: permessage-deflate
2023-04-17 13:08:07,800 - DEBUG - < X-Cache: Miss from cloudfront
2023-04-17 13:08:07,801 - DEBUG - < Via: 1.1 0deed69f96030eea747cb7bfcfd21562.cloudfront.net (CloudFront)
2023-04-17 13:08:07,801 - DEBUG - < X-Amz-Cf-Pop: ICN57-P2
2023-04-17 13:08:07,801 - DEBUG - < X-Amz-Cf-Id: DpTii-Beua3CFJFcc5sg6dCmbhjcdNyk8ug-1aKMoNEWYvsADstS_Q==
2023-04-17 13:08:07,801 - DEBUG - = connection is OPEN
2023-04-17 13:08:07,821 - DEBUG - > TEXT '[2, "10551f5e-3d61-44bd-b8cf-f63c2d0936c8", "Bo...ePointVendor": "EVAR"}]' [127 bytes]
2023-04-17 13:08:08,554 - DEBUG - < TEXT '[3, "10551f5e-3d61-44bd-b8cf-f63c2d0936c8", {"s...57Z", "interval": 600}]' [123 bytes]
2023-04-17 13:08:10,814 - DEBUG - Starting new HTTPS connection (1): rgw.devevspcharger.uplus.co.kr:443
2023-04-17 13:08:11,233 - DEBUG - https://rgw.devevspcharger.uplus.co.kr:443 "POST /ioc HTTP/1.1" 200 167
2023-04-17 13:08:11,272 - DEBUG - < TEXT '[2, "a5ff3dae-e7ef-4df8-802c-6a16f17a939a", "Ch...nId", "value": "true"}]' [122 bytes]
2023-04-17 13:08:11,277 - DEBUG - > TEXT '[3, "a5ff3dae-e7ef-4df8-802c-6a16f17a939a", {"status": "Accepted"}]' [67 bytes]
2023-04-17 13:08:11,412 - DEBUG - < TEXT '' [0 bytes]
2023-04-17 13:08:13,109 - DEBUG - Starting new HTTPS connection (1): rgw.devevspcharger.uplus.co.kr:443
2023-04-17 13:08:13,513 - DEBUG - https://rgw.devevspcharger.uplus.co.kr:443 "POST /ioc HTTP/1.1" 200 162
2023-04-17 13:08:13,526 - DEBUG - < TEXT '[2, "f25a6fbe-5166-407d-a512-599fb82ffb4a", "Ch...ine", "value": "true"}]' [117 bytes]
2023-04-17 13:08:13,531 - DEBUG - > TEXT '[3, "f25a6fbe-5166-407d-a512-599fb82ffb4a", {"status": "Accepted"}]' [67 bytes]
2023-04-17 13:08:13,683 - DEBUG - < TEXT '' [0 bytes]
2023-04-17 13:08:14,854 - DEBUG - % sending keepalive ping
2023-04-17 13:08:14,854 - DEBUG - > PING '\u0356?#' [text, 4 bytes]
2023-04-17 13:08:15,023 - DEBUG - < PONG '\u0356?#' [text, 4 bytes]
2023-04-17 13:08:15,027 - DEBUG - % received keepalive pong
2023-04-17 13:08:16,534 - DEBUG - Starting new HTTPS connection (1): rgw.devevspcharger.uplus.co.kr:443
2023-04-17 13:08:16,954 - DEBUG - https://rgw.devevspcharger.uplus.co.kr:443 "POST /ioc HTTP/1.1" 200 106
2023-04-17 13:08:16,961 - DEBUG - < TEXT '[2, "3a152349-6f91-46f7-b7b3-f0316e7008c3", "ClearCache", {}]' [61 bytes]
2023-04-17 13:08:16,967 - DEBUG - > TEXT '[3, "3a152349-6f91-46f7-b7b3-f0316e7008c3", {"status": "Accepted"}]' [67 bytes]
2023-04-17 13:08:17,131 - DEBUG - < TEXT '' [0 bytes]
2023-04-17 13:08:17,161 - DEBUG - > TEXT '[2, "f32380cf-338a-4223-8cbb-4f3a3eef3817", "St...2023-04-17T13:08:07Z"}]' [170 bytes]
2023-04-17 13:08:17,601 - DEBUG - < TEXT '[3, "f32380cf-338a-4223-8cbb-4f3a3eef3817", {"t..."status": "Accepted"}}]' [110 bytes]
2023-04-17 13:08:17,639 - DEBUG - > TEXT '[2, "10551f5e-3d61-44bd-b8cf-f63c2d0936c8", "St... "status": "Charging"}]' [131 bytes]
2023-04-17 13:08:17,851 - DEBUG - < TEXT '[3, "10551f5e-3d61-44bd-b8cf-f63c2d0936c8", {}]' [47 bytes]
2023-04-17 13:08:17,883 - DEBUG - > TEXT '[2, "e6841dff-f8fb-43ea-9f41-2273b904d237", "St...42, "reason": "Local"}]' [168 bytes]
2023-04-17 13:08:18,230 - DEBUG - < TEXT '[3, "e6841dff-f8fb-43ea-9f41-2273b904d237", {"i..."status": "Accepted"}}]' [82 bytes]
2023-04-17 13:08:18,267 - DEBUG - > TEXT '[2, "10551f5e-3d61-44bd-b8cf-f63c2d0936c8", "St..."status": "Finishing"}]' [132 bytes]
2023-04-17 13:08:18,451 - DEBUG - < TEXT '[3, "10551f5e-3d61-44bd-b8cf-f63c2d0936c8", {}]' [47 bytes]
2023-04-17 13:08:18,488 - DEBUG - > TEXT '[2, "10551f5e-3d61-44bd-b8cf-f63c2d0936c8", "St..."status": "Available"}]' [132 bytes]
2023-04-17 13:08:18,698 - DEBUG - < TEXT '[3, "10551f5e-3d61-44bd-b8cf-f63c2d0936c8", {}]' [47 bytes]
2023-04-17 13:08:18,731 - DEBUG - = connection is CLOSING
2023-04-17 13:08:18,731 - DEBUG - > CLOSE 1000 (OK) [2 bytes]
2023-04-17 13:08:18,740 - DEBUG - < CLOSE 1000 (OK) [2 bytes]
2023-04-17 13:08:18,744 - DEBUG - = connection is CLOSED
2023-04-17 13:08:19,579 - DEBUG - % sending keepalive ping
2023-04-17 13:08:19,580 - DEBUG - > PING db 1a a9 d6 [binary, 4 bytes]
2023-04-17 13:08:19,588 - DEBUG - < PONG db 1a a9 d6 [binary, 4 bytes]
2023-04-17 13:08:19,593 - DEBUG - % received keepalive pong
2023-04-17 13:08:35,019 - DEBUG - % sending keepalive ping
2023-04-17 13:08:35,019 - DEBUG - > PING 30 9b 6b a2 [binary, 4 bytes]
2023-04-17 13:08:35,027 - DEBUG - < PONG 30 9b 6b a2 [binary, 4 bytes]
2023-04-17 13:08:35,030 - DEBUG - % received keepalive pong
2023-04-17 13:08:39,596 - DEBUG - % sending keepalive ping
2023-04-17 13:08:39,596 - DEBUG - > PING b2 89 49 89 [binary, 4 bytes]
2023-04-17 13:08:39,604 - DEBUG - < PONG b2 89 49 89 [binary, 4 bytes]
2023-04-17 13:08:39,609 - DEBUG - % received keepalive pong
2023-04-17 13:08:55,027 - DEBUG - % sending keepalive ping
2023-04-17 13:08:55,027 - DEBUG - > PING 4f 26 0a bd [binary, 4 bytes]
2023-04-17 13:08:55,035 - DEBUG - < PONG 4f 26 0a bd [binary, 4 bytes]
2023-04-17 13:08:55,038 - DEBUG - % received keepalive pong
2023-04-17 13:08:59,602 - DEBUG - % sending keepalive ping
2023-04-17 13:08:59,602 - DEBUG - > PING 8e e8 66 16 [binary, 4 bytes]
2023-04-17 13:08:59,615 - DEBUG - < PONG 8e e8 66 16 [binary, 4 bytes]
2023-04-17 13:08:59,620 - DEBUG - % received keepalive pong
2023-04-17 13:09:15,021 - DEBUG - % sending keepalive ping
2023-04-17 13:09:15,021 - DEBUG - > PING a4 cd 4a 07 [binary, 4 bytes]
2023-04-17 13:09:15,029 - DEBUG - < PONG a4 cd 4a 07 [binary, 4 bytes]
2023-04-17 13:09:15,034 - DEBUG - % received keepalive pong
2023-04-17 13:09:19,630 - DEBUG - % sending keepalive ping
2023-04-17 13:09:19,631 - DEBUG - > PING 14 16 92 68 [binary, 4 bytes]
2023-04-17 13:09:19,639 - DEBUG - < PONG 14 16 92 68 [binary, 4 bytes]
2023-04-17 13:09:19,644 - DEBUG - % received keepalive pong
2023-04-17 13:09:35,028 - DEBUG - % sending keepalive ping
2023-04-17 13:09:35,029 - DEBUG - > PING 1e 89 f4 49 [binary, 4 bytes]
2023-04-17 13:09:35,037 - DEBUG - < PONG 1e 89 f4 49 [binary, 4 bytes]
2023-04-17 13:09:35,041 - DEBUG - % received keepalive pong
2023-04-17 13:09:39,651 - DEBUG - % sending keepalive ping
2023-04-17 13:09:39,651 - DEBUG - > PING d9 ce 4b ea [binary, 4 bytes]
2023-04-17 13:09:39,659 - DEBUG - < PONG d9 ce 4b ea [binary, 4 bytes]
2023-04-17 13:09:39,663 - DEBUG - % received keepalive pong
2023-04-17 13:09:55,017 - DEBUG - % sending keepalive ping
2023-04-17 13:09:55,017 - DEBUG - > PING c3 a8 99 7c [binary, 4 bytes]
2023-04-17 13:09:55,028 - DEBUG - < PONG c3 a8 99 7c [binary, 4 bytes]
2023-04-17 13:09:55,034 - DEBUG - % received keepalive pong
2023-04-17 13:09:59,648 - DEBUG - % sending keepalive ping
2023-04-17 13:09:59,648 - DEBUG - > PING d7 50 00 10 [binary, 4 bytes]
2023-04-17 13:09:59,656 - DEBUG - < PONG d7 50 00 10 [binary, 4 bytes]
2023-04-17 13:09:59,659 - DEBUG - % received keepalive pong
2023-04-17 13:10:14,457 - DEBUG - = connection is CONNECTING
2023-04-17 13:10:14,491 - DEBUG - > GET /ocpp16/ELA007C05/EVSCA050001 HTTP/1.1
2023-04-17 13:10:14,493 - DEBUG - > Host: ws.devevspcharger.uplus.co.kr
2023-04-17 13:10:14,493 - DEBUG - > Upgrade: websocket
2023-04-17 13:10:14,493 - DEBUG - > Connection: Upgrade
2023-04-17 13:10:14,493 - DEBUG - > Sec-WebSocket-Key: fsif+X+70kChwi79XIEMUQ==
2023-04-17 13:10:14,493 - DEBUG - > Sec-WebSocket-Version: 13
2023-04-17 13:10:14,493 - DEBUG - > Sec-WebSocket-Extensions: permessage-deflate; client_max_window_bits
2023-04-17 13:10:14,493 - DEBUG - > Sec-WebSocket-Protocol: ocpp1.6
2023-04-17 13:10:14,494 - DEBUG - > Authorization: Basic RVZBUjpFVkFSTEdV
2023-04-17 13:10:14,494 - DEBUG - > User-Agent: Python/3.11 websockets/10.4
2023-04-17 13:10:15,040 - DEBUG - % sending keepalive ping
2023-04-17 13:10:15,040 - DEBUG - > PING 82 da cf 63 [binary, 4 bytes]
2023-04-17 13:10:15,053 - DEBUG - < PONG 82 da cf 63 [binary, 4 bytes]
2023-04-17 13:10:15,056 - DEBUG - % received keepalive pong
2023-04-17 13:10:15,063 - DEBUG - < HTTP/1.1 101 Switching Protocols
2023-04-17 13:10:15,063 - DEBUG - < Connection: upgrade
2023-04-17 13:10:15,063 - DEBUG - < Date: Mon, 17 Apr 2023 04:10:03 GMT
2023-04-17 13:10:15,063 - DEBUG - < sec-websocket-protocol: ocpp1.6
2023-04-17 13:10:15,063 - DEBUG - < upgrade: websocket
2023-04-17 13:10:15,063 - DEBUG - < sec-websocket-accept: CAp6rTP1g4p5EKmMguGc70FBOLc=
2023-04-17 13:10:15,064 - DEBUG - < sec-websocket-extensions: permessage-deflate
2023-04-17 13:10:15,064 - DEBUG - < X-Cache: Miss from cloudfront
2023-04-17 13:10:15,064 - DEBUG - < Via: 1.1 3c5e765ef2333ef04ef6f44a2b66ec12.cloudfront.net (CloudFront)
2023-04-17 13:10:15,064 - DEBUG - < X-Amz-Cf-Pop: ICN57-P2
2023-04-17 13:10:15,064 - DEBUG - < X-Amz-Cf-Id: rJDSa2tiG7KA6oiY4UIW5LbV3QVTH64onQ1ZdWZpTkPwyzvUNcRK2A==
2023-04-17 13:10:15,064 - DEBUG - = connection is OPEN
2023-04-17 13:10:15,090 - DEBUG - > TEXT '[2, "b696a708-e76d-42aa-8b7a-7371456a5132", "Bo...ePointVendor": "EVAR"}]' [127 bytes]
2023-04-17 13:10:15,599 - DEBUG - < TEXT '[3, "b696a708-e76d-42aa-8b7a-7371456a5132", {"s...04Z", "interval": 600}]' [123 bytes]
2023-04-17 13:10:17,546 - DEBUG - Starting new HTTPS connection (1): rgw.devevspcharger.uplus.co.kr:443
2023-04-17 13:10:18,142 - DEBUG - https://rgw.devevspcharger.uplus.co.kr:443 "POST /ioc HTTP/1.1" 200 167
2023-04-17 13:10:18,154 - DEBUG - < TEXT '[2, "d5749237-aa6e-4f94-a2b5-efadec30ef86", "Ch...nId", "value": "true"}]' [122 bytes]
2023-04-17 13:10:18,161 - DEBUG - > TEXT '[3, "d5749237-aa6e-4f94-a2b5-efadec30ef86", {"status": "Accepted"}]' [67 bytes]
2023-04-17 13:10:18,334 - DEBUG - < TEXT '' [0 bytes]
2023-04-17 13:10:19,660 - DEBUG - % sending keepalive ping
2023-04-17 13:10:19,660 - DEBUG - > PING '\x0c*5Q' [text, 4 bytes]
2023-04-17 13:10:19,668 - DEBUG - < PONG '\x0c*5Q' [text, 4 bytes]
2023-04-17 13:10:19,671 - DEBUG - % received keepalive pong
2023-04-17 13:10:20,369 - DEBUG - Starting new HTTPS connection (1): rgw.devevspcharger.uplus.co.kr:443
2023-04-17 13:10:20,781 - DEBUG - https://rgw.devevspcharger.uplus.co.kr:443 "POST /ioc HTTP/1.1" 200 162
2023-04-17 13:10:20,792 - DEBUG - < TEXT '[2, "a9abf19f-4f34-4add-950a-f3d733a12316", "Ch...ine", "value": "true"}]' [117 bytes]
2023-04-17 13:10:20,796 - DEBUG - > TEXT '[3, "a9abf19f-4f34-4add-950a-f3d733a12316", {"status": "Accepted"}]' [67 bytes]
2023-04-17 13:10:20,934 - DEBUG - < TEXT '' [0 bytes]
2023-04-17 13:10:23,429 - DEBUG - Starting new HTTPS connection (1): rgw.devevspcharger.uplus.co.kr:443
2023-04-17 13:10:24,159 - DEBUG - https://rgw.devevspcharger.uplus.co.kr:443 "POST /ioc HTTP/1.1" 200 106
2023-04-17 13:10:24,167 - DEBUG - < TEXT '[2, "87938cc3-2037-415e-9bc2-b5b36a620a76", "ClearCache", {}]' [61 bytes]
2023-04-17 13:10:24,171 - DEBUG - > TEXT '[3, "87938cc3-2037-415e-9bc2-b5b36a620a76", {"status": "Accepted"}]' [67 bytes]
2023-04-17 13:10:24,338 - DEBUG - < TEXT '' [0 bytes]
2023-04-17 13:10:24,364 - DEBUG - > TEXT '[2, "e51d3847-f287-4c39-86d9-d64a8cb70034", "St...2023-04-17T13:10:14Z"}]' [170 bytes]
2023-04-17 13:10:24,594 - DEBUG - < TEXT '[3, "e51d3847-f287-4c39-86d9-d64a8cb70034", {"t...{"status": "Invalid"}}]' [102 bytes]
2023-04-17 13:10:24,627 - DEBUG - > TEXT '[2, "b696a708-e76d-42aa-8b7a-7371456a5132", "St... "status": "Charging"}]' [131 bytes]
2023-04-17 13:10:24,821 - DEBUG - < TEXT '[3, "b696a708-e76d-42aa-8b7a-7371456a5132", {}]' [47 bytes]
2023-04-17 13:10:24,848 - DEBUG - > TEXT '[2, "0c8a2944-ff16-4a6a-bc3a-3c534428f8c9", "St...ason": "DeAuthorized"}]' [168 bytes]
2023-04-17 13:10:25,016 - DEBUG - < TEXT '[4, "0c8a2944-ff16-4a6a-bc3a-3c534428f8c9", {"e...ck your request data"}]' [143 bytes]
2023-04-17 13:10:25,040 - DEBUG - = connection is CLOSING
2023-04-17 13:10:25,040 - DEBUG - > CLOSE 1000 (OK) [2 bytes]
2023-04-17 13:10:25,047 - DEBUG - < CLOSE 1000 (OK) [2 bytes]
2023-04-17 13:10:25,055 - DEBUG - = connection is CLOSED
2023-04-17 13:10:35,050 - DEBUG - % sending keepalive ping
2023-04-17 13:10:35,051 - DEBUG - > PING 97 93 f7 a1 [binary, 4 bytes]
2023-04-17 13:10:35,062 - DEBUG - < PONG 97 93 f7 a1 [binary, 4 bytes]
2023-04-17 13:10:35,072 - DEBUG - % received keepalive pong
2023-04-17 13:10:39,668 - DEBUG - % sending keepalive ping
2023-04-17 13:10:39,669 - DEBUG - > PING 36 59 87 67 [binary, 4 bytes]
2023-04-17 13:10:39,677 - DEBUG - < PONG 36 59 87 67 [binary, 4 bytes]
2023-04-17 13:10:39,680 - DEBUG - % received keepalive pong
2023-04-17 13:10:55,062 - DEBUG - % sending keepalive ping
2023-04-17 13:10:55,062 - DEBUG - > PING b8 e6 f2 5f [binary, 4 bytes]
2023-04-17 13:10:55,069 - DEBUG - < PONG b8 e6 f2 5f [binary, 4 bytes]
2023-04-17 13:10:55,072 - DEBUG - % received keepalive pong
2023-04-17 13:10:59,679 - DEBUG - % sending keepalive ping
2023-04-17 13:10:59,679 - DEBUG - > PING eb 63 19 f4 [binary, 4 bytes]
2023-04-17 13:10:59,713 - DEBUG - < PONG eb 63 19 f4 [binary, 4 bytes]
2023-04-17 13:10:59,716 - DEBUG - % received keepalive pong
2023-04-17 13:11:15,067 - DEBUG - % sending keepalive ping
2023-04-17 13:11:15,067 - DEBUG - > PING e9 c5 b4 96 [binary, 4 bytes]
2023-04-17 13:11:15,075 - DEBUG - < PONG e9 c5 b4 96 [binary, 4 bytes]
2023-04-17 13:11:15,078 - DEBUG - % received keepalive pong
2023-04-17 13:11:19,722 - DEBUG - % sending keepalive ping
2023-04-17 13:11:19,722 - DEBUG - > PING aa 46 72 4c [binary, 4 bytes]
2023-04-17 13:11:19,730 - DEBUG - < PONG aa 46 72 4c [binary, 4 bytes]
2023-04-17 13:11:19,737 - DEBUG - % received keepalive pong
2023-04-17 13:11:35,068 - DEBUG - % sending keepalive ping
2023-04-17 13:11:35,068 - DEBUG - > PING 67 82 15 98 [binary, 4 bytes]
2023-04-17 13:11:35,077 - DEBUG - < PONG 67 82 15 98 [binary, 4 bytes]
2023-04-17 13:11:35,080 - DEBUG - % received keepalive pong
2023-04-17 13:11:39,726 - DEBUG - % sending keepalive ping
2023-04-17 13:11:39,726 - DEBUG - > PING '=\u0793\x04' [text, 4 bytes]
2023-04-17 13:11:40,016 - DEBUG - < PONG '=\u0793\x04' [text, 4 bytes]
2023-04-17 13:11:40,019 - DEBUG - % received keepalive pong
2023-04-17 13:11:55,070 - DEBUG - % sending keepalive ping
2023-04-17 13:11:55,070 - DEBUG - > PING 39 61 82 9f [binary, 4 bytes]
2023-04-17 13:11:55,079 - DEBUG - < PONG 39 61 82 9f [binary, 4 bytes]
2023-04-17 13:11:55,082 - DEBUG - % received keepalive pong
2023-04-17 13:12:00,011 - DEBUG - % sending keepalive ping
2023-04-17 13:12:00,012 - DEBUG - > PING 94 77 df ed [binary, 4 bytes]
2023-04-17 13:12:00,020 - DEBUG - < PONG 94 77 df ed [binary, 4 bytes]
2023-04-17 13:12:00,024 - DEBUG - % received keepalive pong
2023-04-17 13:12:15,071 - DEBUG - % sending keepalive ping
2023-04-17 13:12:15,071 - DEBUG - > PING 8a 1c 8c fa [binary, 4 bytes]
2023-04-17 13:12:15,084 - DEBUG - < PONG 8a 1c 8c fa [binary, 4 bytes]
2023-04-17 13:12:15,089 - DEBUG - % received keepalive pong
2023-04-17 13:12:20,022 - DEBUG - % sending keepalive ping
2023-04-17 13:12:20,023 - DEBUG - > PING a0 0f 74 25 [binary, 4 bytes]
2023-04-17 13:12:20,031 - DEBUG - < PONG a0 0f 74 25 [binary, 4 bytes]
2023-04-17 13:12:20,033 - DEBUG - % received keepalive pong
2023-04-17 13:12:35,102 - DEBUG - % sending keepalive ping
2023-04-17 13:12:35,102 - DEBUG - > PING '\xce5|' [text, 4 bytes]
2023-04-17 13:12:35,129 - DEBUG - < PONG '\xce5|' [text, 4 bytes]
2023-04-17 13:12:35,135 - DEBUG - % received keepalive pong
2023-04-17 13:12:40,029 - DEBUG - % sending keepalive ping
2023-04-17 13:12:40,029 - DEBUG - > PING b3 28 d1 3c [binary, 4 bytes]
2023-04-17 13:12:40,037 - DEBUG - < PONG b3 28 d1 3c [binary, 4 bytes]
2023-04-17 13:12:40,039 - DEBUG - % received keepalive pong
2023-04-17 13:12:55,128 - DEBUG - % sending keepalive ping
2023-04-17 13:12:55,128 - DEBUG - > PING 08 93 2a e9 [binary, 4 bytes]
2023-04-17 13:12:55,136 - DEBUG - < PONG 08 93 2a e9 [binary, 4 bytes]
2023-04-17 13:12:55,140 - DEBUG - % received keepalive pong
2023-04-17 13:13:00,023 - DEBUG - % sending keepalive ping
2023-04-17 13:13:00,023 - DEBUG - > PING b3 5e 5f f1 [binary, 4 bytes]
2023-04-17 13:13:00,032 - DEBUG - < PONG b3 5e 5f f1 [binary, 4 bytes]
2023-04-17 13:13:00,039 - DEBUG - % received keepalive pong
2023-04-17 13:13:08,406 - DEBUG - = connection is CLOSING
2023-04-17 13:13:08,407 - DEBUG - > CLOSE 1000 (OK) [2 bytes]
2023-04-17 13:13:08,415 - DEBUG - < CLOSE 1000 (OK) [2 bytes]
2023-04-17 13:13:08,419 - DEBUG - = connection is CLOSED
2023-04-17 13:13:14,891 - DEBUG - = connection is CONNECTING
2023-04-17 13:13:14,926 - DEBUG - > GET /ocpp16/ELA007C05/EVSCA050001 HTTP/1.1
2023-04-17 13:13:14,927 - DEBUG - > Host: ws.devevspcharger.uplus.co.kr
2023-04-17 13:13:14,927 - DEBUG - > Upgrade: websocket
2023-04-17 13:13:14,927 - DEBUG - > Connection: Upgrade
2023-04-17 13:13:14,927 - DEBUG - > Sec-WebSocket-Key: 6rb6CveECQMoK0fqBrjNew==
2023-04-17 13:13:14,928 - DEBUG - > Sec-WebSocket-Version: 13
2023-04-17 13:13:14,928 - DEBUG - > Sec-WebSocket-Extensions: permessage-deflate; client_max_window_bits
2023-04-17 13:13:14,928 - DEBUG - > Sec-WebSocket-Protocol: ocpp1.6
2023-04-17 13:13:14,928 - DEBUG - > Authorization: Basic RVZBUjpFVkFSTEdV
2023-04-17 13:13:14,928 - DEBUG - > User-Agent: Python/3.11 websockets/10.4
2023-04-17 13:13:15,142 - DEBUG - % sending keepalive ping
2023-04-17 13:13:15,142 - DEBUG - > PING fa df 75 f3 [binary, 4 bytes]
2023-04-17 13:13:15,153 - DEBUG - < PONG fa df 75 f3 [binary, 4 bytes]
2023-04-17 13:13:15,159 - DEBUG - % received keepalive pong
2023-04-17 13:13:15,461 - DEBUG - < HTTP/1.1 101 Switching Protocols
2023-04-17 13:13:15,461 - DEBUG - < Connection: upgrade
2023-04-17 13:13:15,461 - DEBUG - < Date: Mon, 17 Apr 2023 04:13:04 GMT
2023-04-17 13:13:15,461 - DEBUG - < sec-websocket-protocol: ocpp1.6
2023-04-17 13:13:15,461 - DEBUG - < upgrade: websocket
2023-04-17 13:13:15,461 - DEBUG - < sec-websocket-accept: Ic/JmjnmVNf/xrfqJz0Ys1fUobM=
2023-04-17 13:13:15,461 - DEBUG - < sec-websocket-extensions: permessage-deflate
2023-04-17 13:13:15,462 - DEBUG - < X-Cache: Miss from cloudfront
2023-04-17 13:13:15,462 - DEBUG - < Via: 1.1 2f061b9f7c9e6f3de68229cddaa32e46.cloudfront.net (CloudFront)
2023-04-17 13:13:15,462 - DEBUG - < X-Amz-Cf-Pop: ICN54-C1
2023-04-17 13:13:15,462 - DEBUG - < X-Amz-Cf-Id: lHqZgmhU6KxGSY-uoBBTIbRXkGgAEOO1ey7SE8WZIR61uYrmk6U0mw==
2023-04-17 13:13:15,462 - DEBUG - = connection is OPEN
2023-04-17 13:13:15,486 - DEBUG - > TEXT '[2, "238402ef-52b2-4161-a800-c0c9b6372ddc", "Bo...ePointVendor": "EVAR"}]' [127 bytes]
2023-04-17 13:13:15,858 - DEBUG - < TEXT '[3, "238402ef-52b2-4161-a800-c0c9b6372ddc", {"s...04Z", "interval": 600}]' [123 bytes]
2023-04-17 13:13:19,341 - DEBUG - Starting new HTTPS connection (1): rgw.devevspcharger.uplus.co.kr:443
2023-04-17 13:13:19,910 - DEBUG - https://rgw.devevspcharger.uplus.co.kr:443 "POST /ioc HTTP/1.1" 200 167
2023-04-17 13:13:19,921 - DEBUG - < TEXT '[2, "f192815c-df51-43bd-9b38-6611e6ea5bd4", "Ch...nId", "value": "true"}]' [122 bytes]
2023-04-17 13:13:19,928 - DEBUG - > TEXT '[3, "f192815c-df51-43bd-9b38-6611e6ea5bd4", {"status": "Accepted"}]' [67 bytes]
2023-04-17 13:13:20,077 - DEBUG - < TEXT '' [0 bytes]
2023-04-17 13:13:23,651 - DEBUG - Starting new HTTPS connection (1): rgw.devevspcharger.uplus.co.kr:443
2023-04-17 13:13:24,048 - DEBUG - https://rgw.devevspcharger.uplus.co.kr:443 "POST /ioc HTTP/1.1" 200 162
2023-04-17 13:13:24,062 - DEBUG - < TEXT '[2, "2180f1d8-c73e-424e-aa17-2796dc770084", "Ch...ine", "value": "true"}]' [117 bytes]
2023-04-17 13:13:24,070 - DEBUG - > TEXT '[3, "2180f1d8-c73e-424e-aa17-2796dc770084", {"status": "Accepted"}]' [67 bytes]
2023-04-17 13:13:24,225 - DEBUG - < TEXT '' [0 bytes]
2023-04-17 13:13:31,081 - DEBUG - Starting new HTTPS connection (1): rgw.devevspcharger.uplus.co.kr:443
2023-04-17 13:13:31,479 - DEBUG - https://rgw.devevspcharger.uplus.co.kr:443 "POST /ioc HTTP/1.1" 200 106
2023-04-17 13:13:31,485 - DEBUG - < TEXT '[2, "85a61884-3e62-49eb-bc0b-64be44a20599", "ClearCache", {}]' [61 bytes]
2023-04-17 13:13:31,491 - DEBUG - > TEXT '[3, "85a61884-3e62-49eb-bc0b-64be44a20599", {"status": "Accepted"}]' [67 bytes]
2023-04-17 13:13:31,645 - DEBUG - < TEXT '' [0 bytes]
2023-04-17 13:13:31,672 - DEBUG - > TEXT '[2, "e0a1803d-9e81-45ac-9c1f-ff1aab0bdade", "St...2023-04-17T13:13:14Z"}]' [170 bytes]
2023-04-17 13:13:31,907 - DEBUG - < TEXT '[3, "e0a1803d-9e81-45ac-9c1f-ff1aab0bdade", {"t...{"status": "Invalid"}}]' [102 bytes]
2023-04-17 13:13:31,937 - DEBUG - > TEXT '[2, "238402ef-52b2-4161-a800-c0c9b6372ddc", "St... "status": "Charging"}]' [131 bytes]
2023-04-17 13:13:32,117 - DEBUG - < TEXT '[3, "238402ef-52b2-4161-a800-c0c9b6372ddc", {}]' [47 bytes]
2023-04-17 13:13:32,164 - DEBUG - > TEXT '[2, "b57ba1c8-bbc8-4ff3-9d87-ba0a1253c89d", "St...ason": "DeAuthorized"}]' [168 bytes]
2023-04-17 13:13:32,300 - DEBUG - < TEXT '[4, "b57ba1c8-bbc8-4ff3-9d87-ba0a1253c89d", {"e...ck your request data"}]' [143 bytes]
2023-04-17 13:13:32,324 - DEBUG - = connection is CLOSING
2023-04-17 13:13:32,324 - DEBUG - > CLOSE 1000 (OK) [2 bytes]
2023-04-17 13:13:32,331 - DEBUG - < CLOSE 1000 (OK) [2 bytes]
2023-04-17 13:13:32,336 - DEBUG - = connection is CLOSED
2023-04-17 13:13:35,145 - DEBUG - % sending keepalive ping
2023-04-17 13:13:35,145 - DEBUG - > PING c1 f0 6b eb [binary, 4 bytes]
2023-04-17 13:13:35,154 - DEBUG - < PONG c1 f0 6b eb [binary, 4 bytes]
2023-04-17 13:13:35,164 - DEBUG - % received keepalive pong
2023-04-17 13:13:55,150 - DEBUG - % sending keepalive ping
2023-04-17 13:13:55,151 - DEBUG - > PING ae 43 a7 5b [binary, 4 bytes]
2023-04-17 13:13:55,159 - DEBUG - < PONG ae 43 a7 5b [binary, 4 bytes]
2023-04-17 13:13:55,161 - DEBUG - % received keepalive pong
2023-04-17 13:14:15,137 - DEBUG - % sending keepalive ping
2023-04-17 13:14:15,138 - DEBUG - > PING c8 6e e9 29 [binary, 4 bytes]
2023-04-17 13:14:15,149 - DEBUG - < PONG c8 6e e9 29 [binary, 4 bytes]
2023-04-17 13:14:15,155 - DEBUG - % received keepalive pong
2023-04-17 13:14:35,143 - DEBUG - % sending keepalive ping
2023-04-17 13:14:35,143 - DEBUG - > PING 65 9d 17 ad [binary, 4 bytes]
2023-04-17 13:14:35,151 - DEBUG - < PONG 65 9d 17 ad [binary, 4 bytes]
2023-04-17 13:14:35,153 - DEBUG - % received keepalive pong
2023-04-17 13:14:55,139 - DEBUG - % sending keepalive ping
2023-04-17 13:14:55,139 - DEBUG - > PING bd f3 e8 d8 [binary, 4 bytes]
2023-04-17 13:14:55,147 - DEBUG - < PONG bd f3 e8 d8 [binary, 4 bytes]
2023-04-17 13:14:55,154 - DEBUG - % received keepalive pong
2023-04-17 13:14:59,974 - DEBUG - = connection is CLOSING
2023-04-17 13:14:59,974 - DEBUG - > CLOSE 1000 (OK) [2 bytes]
2023-04-17 13:14:59,983 - DEBUG - < CLOSE 1000 (OK) [2 bytes]
2023-04-17 13:14:59,988 - DEBUG - = connection is CLOSED
2023-04-17 13:19:11,898 - DEBUG - = connection is CONNECTING
2023-04-17 13:19:11,934 - DEBUG - > GET /ocpp16/ELA007C05/EVSCA050001 HTTP/1.1
2023-04-17 13:19:11,934 - DEBUG - > Host: ws.devevspcharger.uplus.co.kr
2023-04-17 13:19:11,935 - DEBUG - > Upgrade: websocket
2023-04-17 13:19:11,935 - DEBUG - > Connection: Upgrade
2023-04-17 13:19:11,935 - DEBUG - > Sec-WebSocket-Key: Te25QGaHwjtEhkDH8GMi9A==
2023-04-17 13:19:11,935 - DEBUG - > Sec-WebSocket-Version: 13
2023-04-17 13:19:11,935 - DEBUG - > Sec-WebSocket-Extensions: permessage-deflate; client_max_window_bits
2023-04-17 13:19:11,935 - DEBUG - > Sec-WebSocket-Protocol: ocpp1.6
2023-04-17 13:19:11,935 - DEBUG - > Authorization: Basic RVZBUjpFVkFSTEdV
2023-04-17 13:19:11,935 - DEBUG - > User-Agent: Python/3.11 websockets/10.4
2023-04-17 13:19:12,483 - DEBUG - < HTTP/1.1 101 Switching Protocols
2023-04-17 13:19:12,484 - DEBUG - < Connection: upgrade
2023-04-17 13:19:12,485 - DEBUG - < Date: Mon, 17 Apr 2023 04:19:01 GMT
2023-04-17 13:19:12,486 - DEBUG - < sec-websocket-protocol: ocpp1.6
2023-04-17 13:19:12,486 - DEBUG - < upgrade: websocket
2023-04-17 13:19:12,486 - DEBUG - < sec-websocket-accept: fS1EcRsrsAvpdasd2C+kR6wB89U=
2023-04-17 13:19:12,486 - DEBUG - < sec-websocket-extensions: permessage-deflate
2023-04-17 13:19:12,486 - DEBUG - < X-Cache: Miss from cloudfront
2023-04-17 13:19:12,486 - DEBUG - < Via: 1.1 3191831ae41fb8010dc82317a4824110.cloudfront.net (CloudFront)
2023-04-17 13:19:12,486 - DEBUG - < X-Amz-Cf-Pop: ICN54-C1
2023-04-17 13:19:12,486 - DEBUG - < X-Amz-Cf-Id: ccTq0EzqqLretZaIUG9rOT3Ru-nyPIAPIqiazQ9OqVOEvCPHvK3E3A==
2023-04-17 13:19:12,486 - DEBUG - = connection is OPEN
2023-04-17 13:19:12,506 - DEBUG - > TEXT '[2, "92e0ce5d-a761-4623-8d63-1e408fdfa89c", "Bo...ePointVendor": "EVAR"}]' [127 bytes]
2023-04-17 13:19:12,947 - DEBUG - < TEXT '[3, "92e0ce5d-a761-4623-8d63-1e408fdfa89c", {"s...01Z", "interval": 600}]' [123 bytes]
2023-04-17 13:19:12,985 - DEBUG - > TEXT '[2, "92e0ce5d-a761-4623-8d63-1e408fdfa89c", "St..."status": "Preparing"}]' [132 bytes]
2023-04-17 13:19:13,164 - DEBUG - < TEXT '[3, "92e0ce5d-a761-4623-8d63-1e408fdfa89c", {}]' [47 bytes]
2023-04-17 13:19:13,196 - DEBUG - > TEXT '[2, "28647c91-9648-4cf2-9b45-5b4976f58457", "St...2023-04-17T13:19:11Z"}]' [166 bytes]
2023-04-17 13:19:13,587 - DEBUG - < TEXT '[3, "28647c91-9648-4cf2-9b45-5b4976f58457", {"t..."status": "Accepted"}}]' [110 bytes]
2023-04-17 13:19:13,625 - DEBUG - > TEXT '[2, "92e0ce5d-a761-4623-8d63-1e408fdfa89c", "St... "status": "Charging"}]' [131 bytes]
2023-04-17 13:19:13,806 - DEBUG - < TEXT '[3, "92e0ce5d-a761-4623-8d63-1e408fdfa89c", {}]' [47 bytes]
2023-04-17 13:19:13,862 - DEBUG - > TEXT '[2, "0299d733-5017-432d-bdf9-aa64321121d0", "St...43, "reason": "Local"}]' [168 bytes]
2023-04-17 13:19:14,224 - DEBUG - < TEXT '[3, "0299d733-5017-432d-bdf9-aa64321121d0", {"i..."status": "Accepted"}}]' [82 bytes]
2023-04-17 13:19:14,274 - DEBUG - > TEXT '[2, "92e0ce5d-a761-4623-8d63-1e408fdfa89c", "St..."status": "Finishing"}]' [132 bytes]
2023-04-17 13:19:14,470 - DEBUG - < TEXT '[3, "92e0ce5d-a761-4623-8d63-1e408fdfa89c", {}]' [47 bytes]
2023-04-17 13:19:14,519 - DEBUG - > TEXT '[2, "92e0ce5d-a761-4623-8d63-1e408fdfa89c", "St..."status": "Available"}]' [132 bytes]
2023-04-17 13:19:14,705 - DEBUG - < TEXT '[3, "92e0ce5d-a761-4623-8d63-1e408fdfa89c", {}]' [47 bytes]
2023-04-17 13:19:14,726 - DEBUG - = connection is CLOSING
2023-04-17 13:19:14,726 - DEBUG - > CLOSE 1000 (OK) [2 bytes]
2023-04-17 13:19:14,736 - DEBUG - < CLOSE 1000 (OK) [2 bytes]
2023-04-17 13:19:14,739 - DEBUG - = connection is CLOSED
2023-04-17 13:20:07,090 - DEBUG - = connection is CONNECTING
2023-04-17 13:20:07,131 - DEBUG - > GET /ocpp16/ELA007C05/EVSCA050001 HTTP/1.1
2023-04-17 13:20:07,131 - DEBUG - > Host: ws.devevspcharger.uplus.co.kr
2023-04-17 13:20:07,131 - DEBUG - > Upgrade: websocket
2023-04-17 13:20:07,131 - DEBUG - > Connection: Upgrade
2023-04-17 13:20:07,132 - DEBUG - > Sec-WebSocket-Key: GLKcUa/iVCwP5ZvJK8qVew==
2023-04-17 13:20:07,132 - DEBUG - > Sec-WebSocket-Version: 13
2023-04-17 13:20:07,132 - DEBUG - > Sec-WebSocket-Extensions: permessage-deflate; client_max_window_bits
2023-04-17 13:20:07,132 - DEBUG - > Sec-WebSocket-Protocol: ocpp1.6
2023-04-17 13:20:07,132 - DEBUG - > Authorization: Basic RVZBUjpFVkFSTEdV
2023-04-17 13:20:07,132 - DEBUG - > User-Agent: Python/3.11 websockets/10.4
2023-04-17 13:20:07,506 - DEBUG - < HTTP/1.1 101 Switching Protocols
2023-04-17 13:20:07,506 - DEBUG - < Connection: upgrade
2023-04-17 13:20:07,506 - DEBUG - < Date: Mon, 17 Apr 2023 04:19:56 GMT
2023-04-17 13:20:07,506 - DEBUG - < sec-websocket-protocol: ocpp1.6
2023-04-17 13:20:07,507 - DEBUG - < upgrade: websocket
2023-04-17 13:20:07,507 - DEBUG - < sec-websocket-accept: X59ezSUmlFiiS6mC6jp6IPsdDSo=
2023-04-17 13:20:07,507 - DEBUG - < sec-websocket-extensions: permessage-deflate
2023-04-17 13:20:07,507 - DEBUG - < X-Cache: Miss from cloudfront
2023-04-17 13:20:07,507 - DEBUG - < Via: 1.1 22c92c86c2aba40c7735177b2c63e046.cloudfront.net (CloudFront)
2023-04-17 13:20:07,507 - DEBUG - < X-Amz-Cf-Pop: ICN54-C1
2023-04-17 13:20:07,507 - DEBUG - < X-Amz-Cf-Id: 4rywcb-2PlB_HDGPlbFhScXpZlO3xrXF9SJnzEauWRLqo0fvaaj9HQ==
2023-04-17 13:20:07,507 - DEBUG - = connection is OPEN
2023-04-17 13:20:07,537 - DEBUG - > TEXT '[2, "a2174a02-8747-4590-aea9-a257485ba3d5", "Bo...ePointVendor": "EVAR"}]' [127 bytes]
2023-04-17 13:20:07,832 - DEBUG - < TEXT '[3, "a2174a02-8747-4590-aea9-a257485ba3d5", {"s...56Z", "interval": 600}]' [123 bytes]
2023-04-17 13:20:10,831 - DEBUG - Starting new HTTPS connection (1): rgw.devevspcharger.uplus.co.kr:443
2023-04-17 13:20:12,268 - DEBUG - https://rgw.devevspcharger.uplus.co.kr:443 "POST /ioc HTTP/1.1" 200 146
2023-04-17 13:20:12,287 - DEBUG - < TEXT '[2, "587201b6-70e1-41c8-9a26-9ac59b3f8274", "Ch...sting", "value": "-1"}]' [101 bytes]
2023-04-17 13:20:12,292 - DEBUG - > TEXT '[3, "587201b6-70e1-41c8-9a26-9ac59b3f8274", {"status": "NotSupported"}]' [71 bytes]
2023-04-17 13:20:12,465 - DEBUG - < TEXT '' [0 bytes]
2023-04-17 13:20:12,478 - DEBUG - = connection is CLOSING
2023-04-17 13:20:12,478 - DEBUG - > CLOSE 1000 (OK) [2 bytes]
2023-04-17 13:20:12,486 - DEBUG - < CLOSE 1000 (OK) [2 bytes]
2023-04-17 13:20:12,492 - DEBUG - = connection is CLOSED
2023-04-17 13:20:34,332 - DEBUG - = connection is CONNECTING
2023-04-17 13:20:34,365 - DEBUG - > GET /ocpp16/ELA007C05/EVSCA050001 HTTP/1.1
2023-04-17 13:20:34,365 - DEBUG - > Host: ws.devevspcharger.uplus.co.kr
2023-04-17 13:20:34,365 - DEBUG - > Upgrade: websocket
2023-04-17 13:20:34,365 - DEBUG - > Connection: Upgrade
2023-04-17 13:20:34,365 - DEBUG - > Sec-WebSocket-Key: OwXTTwYfaUn+ZM/C0YFCBw==
2023-04-17 13:20:34,365 - DEBUG - > Sec-WebSocket-Version: 13
2023-04-17 13:20:34,365 - DEBUG - > Sec-WebSocket-Extensions: permessage-deflate; client_max_window_bits
2023-04-17 13:20:34,366 - DEBUG - > Sec-WebSocket-Protocol: ocpp1.6
2023-04-17 13:20:34,366 - DEBUG - > Authorization: Basic RVZBUjpFVkFSTEdV
2023-04-17 13:20:34,366 - DEBUG - > User-Agent: Python/3.11 websockets/10.4
2023-04-17 13:20:34,609 - DEBUG - < HTTP/1.1 101 Switching Protocols
2023-04-17 13:20:34,610 - DEBUG - < Connection: upgrade
2023-04-17 13:20:34,610 - DEBUG - < Date: Mon, 17 Apr 2023 04:20:23 GMT
2023-04-17 13:20:34,610 - DEBUG - < sec-websocket-protocol: ocpp1.6
2023-04-17 13:20:34,610 - DEBUG - < upgrade: websocket
2023-04-17 13:20:34,610 - DEBUG - < sec-websocket-accept: 0OU1VB1uyPKrqruMVKZUyRemanY=
2023-04-17 13:20:34,610 - DEBUG - < sec-websocket-extensions: permessage-deflate
2023-04-17 13:20:34,610 - DEBUG - < X-Cache: Miss from cloudfront
2023-04-17 13:20:34,611 - DEBUG - < Via: 1.1 55a59d7976b41c233ff2e682cdd3901e.cloudfront.net (CloudFront)
2023-04-17 13:20:34,611 - DEBUG - < X-Amz-Cf-Pop: ICN57-P2
2023-04-17 13:20:34,611 - DEBUG - < X-Amz-Cf-Id: wLJeOVf9mbH-NuMgMQpRsLvLeTWE0w8Gy9Ry7XBlfqNjhMnE2Wzxjw==
2023-04-17 13:20:34,611 - DEBUG - = connection is OPEN
2023-04-17 13:20:34,648 - DEBUG - > TEXT '[2, "a380f970-f4fe-4ef7-8a5a-5031cc853ddd", "Bo...ePointVendor": "EVAR"}]' [127 bytes]
2023-04-17 13:20:34,929 - DEBUG - < TEXT '[3, "a380f970-f4fe-4ef7-8a5a-5031cc853ddd", {"s...23Z", "interval": 600}]' [123 bytes]
2023-04-17 13:20:37,337 - DEBUG - Starting new HTTPS connection (1): rgw.devevspcharger.uplus.co.kr:443
2023-04-17 13:20:37,713 - DEBUG - https://rgw.devevspcharger.uplus.co.kr:443 "POST /ioc HTTP/1.1" 200 163
2023-04-17 13:20:37,726 - DEBUG - < TEXT '[2, "59a1abce-2b6f-42d0-9d32-ef544373a0e6", "Ch...erval", "value": "-1"}]' [118 bytes]
2023-04-17 13:20:37,729 - DEBUG - > TEXT '[3, "59a1abce-2b6f-42d0-9d32-ef544373a0e6", {"status": "Rejected"}]' [67 bytes]
2023-04-17 13:20:37,885 - DEBUG - < TEXT '' [0 bytes]
2023-04-17 13:20:37,905 - DEBUG - = connection is CLOSING
2023-04-17 13:20:37,905 - DEBUG - > CLOSE 1000 (OK) [2 bytes]
2023-04-17 13:20:37,916 - DEBUG - < CLOSE 1000 (OK) [2 bytes]
2023-04-17 13:20:37,922 - DEBUG - = connection is CLOSED
2023-04-17 13:23:40,393 - DEBUG - = connection is CONNECTING
2023-04-17 13:23:40,423 - DEBUG - > GET /ocpp16/ELA007C05/EVSCA050001 HTTP/1.1
2023-04-17 13:23:40,423 - DEBUG - > Host: ws.devevspcharger.uplus.co.kr
2023-04-17 13:23:40,424 - DEBUG - > Upgrade: websocket
2023-04-17 13:23:40,424 - DEBUG - > Connection: Upgrade
2023-04-17 13:23:40,424 - DEBUG - > Sec-WebSocket-Key: evElIZf/g8PCGOhMPXOV8g==
2023-04-17 13:23:40,424 - DEBUG - > Sec-WebSocket-Version: 13
2023-04-17 13:23:40,424 - DEBUG - > Sec-WebSocket-Extensions: permessage-deflate; client_max_window_bits
2023-04-17 13:23:40,424 - DEBUG - > Sec-WebSocket-Protocol: ocpp1.6
2023-04-17 13:23:40,424 - DEBUG - > Authorization: Basic RVZBUjpFVkFSTEdV
2023-04-17 13:23:40,424 - DEBUG - > User-Agent: Python/3.11 websockets/10.4
2023-04-17 13:23:40,947 - DEBUG - < HTTP/1.1 101 Switching Protocols
2023-04-17 13:23:40,947 - DEBUG - < Connection: upgrade
2023-04-17 13:23:40,948 - DEBUG - < Date: Mon, 17 Apr 2023 04:23:29 GMT
2023-04-17 13:23:40,948 - DEBUG - < sec-websocket-protocol: ocpp1.6
2023-04-17 13:23:40,948 - DEBUG - < upgrade: websocket
2023-04-17 13:23:40,948 - DEBUG - < sec-websocket-accept: sLxWZ3fk+tbvfr3hANhC529Fu6M=
2023-04-17 13:23:40,948 - DEBUG - < sec-websocket-extensions: permessage-deflate
2023-04-17 13:23:40,948 - DEBUG - < X-Cache: Miss from cloudfront
2023-04-17 13:23:40,948 - DEBUG - < Via: 1.1 599ddd31480edfa35dadcdd2b13e5b12.cloudfront.net (CloudFront)
2023-04-17 13:23:40,948 - DEBUG - < X-Amz-Cf-Pop: ICN57-P2
2023-04-17 13:23:40,949 - DEBUG - < X-Amz-Cf-Id: iTBixVv3sd75P5gs4bImP3IcEX1q5VIsguHwMxDLvNp4w5inzhwXZg==
2023-04-17 13:23:40,949 - DEBUG - = connection is OPEN
2023-04-17 13:23:40,985 - DEBUG - > TEXT '[2, "b6ced39a-ab63-44f6-9113-d09e908155b0", "Bo...ePointVendor": "EVAR"}]' [127 bytes]
2023-04-17 13:23:41,414 - DEBUG - < TEXT '[3, "b6ced39a-ab63-44f6-9113-d09e908155b0", {"s...30Z", "interval": 600}]' [123 bytes]
2023-04-17 13:23:41,463 - DEBUG - > TEXT '[2, "e25c3768-b9f4-4b75-a8ae-49accbf678f0", "Da..., "data": "Test Data"}]' [127 bytes]
2023-04-17 13:23:41,648 - DEBUG - < TEXT '[3, "e25c3768-b9f4-4b75-a8ae-49accbf678f0", {"s...s": "UnknownVendorId"}]' [74 bytes]
2023-04-17 13:23:41,676 - DEBUG - = connection is CLOSING
2023-04-17 13:23:41,676 - DEBUG - > CLOSE 1000 (OK) [2 bytes]
2023-04-17 13:23:41,687 - DEBUG - < CLOSE 1000 (OK) [2 bytes]
2023-04-17 13:23:41,693 - DEBUG - = connection is CLOSED
2023-04-17 13:32:27,679 - DEBUG - = connection is CONNECTING
2023-04-17 13:32:27,714 - DEBUG - > GET /ocpp16/ELA007C05/EVSCA050001 HTTP/1.1
2023-04-17 13:32:27,715 - DEBUG - > Host: ws.devevspcharger.uplus.co.kr
2023-04-17 13:32:27,715 - DEBUG - > Upgrade: websocket
2023-04-17 13:32:27,715 - DEBUG - > Connection: Upgrade
2023-04-17 13:32:27,715 - DEBUG - > Sec-WebSocket-Key: ktPjo7THYiQvqf7M3E0oOA==
2023-04-17 13:32:27,715 - DEBUG - > Sec-WebSocket-Version: 13
2023-04-17 13:32:27,715 - DEBUG - > Sec-WebSocket-Extensions: permessage-deflate; client_max_window_bits
2023-04-17 13:32:27,716 - DEBUG - > Sec-WebSocket-Protocol: ocpp1.6
2023-04-17 13:32:27,716 - DEBUG - > Authorization: Basic RVZBUjpFVkFSTEdV
2023-04-17 13:32:27,716 - DEBUG - > User-Agent: Python/3.11 websockets/10.4
2023-04-17 13:32:29,110 - DEBUG - < HTTP/1.1 101 Switching Protocols
2023-04-17 13:32:29,110 - DEBUG - < Connection: upgrade
2023-04-17 13:32:29,110 - DEBUG - < Date: Mon, 17 Apr 2023 04:32:18 GMT
2023-04-17 13:32:29,110 - DEBUG - < sec-websocket-protocol: ocpp1.6
2023-04-17 13:32:29,110 - DEBUG - < upgrade: websocket
2023-04-17 13:32:29,110 - DEBUG - < sec-websocket-accept: KvjAL2xran/H4XZUNrv2Drb8xXs=
2023-04-17 13:32:29,111 - DEBUG - < sec-websocket-extensions: permessage-deflate
2023-04-17 13:32:29,111 - DEBUG - < X-Cache: Miss from cloudfront
2023-04-17 13:32:29,111 - DEBUG - < Via: 1.1 41a89bdb610eb303e698e5cb65ce5b76.cloudfront.net (CloudFront)
2023-04-17 13:32:29,111 - DEBUG - < X-Amz-Cf-Pop: ICN57-P2
2023-04-17 13:32:29,111 - DEBUG - < X-Amz-Cf-Id: ORE4mQsFvaS8SS10no_gjCoVQytMPl1xu7wPabRtIFzYMo85jlw_DQ==
2023-04-17 13:32:29,111 - DEBUG - = connection is OPEN
2023-04-17 13:32:29,143 - DEBUG - > TEXT '[2, "4c7810c1-9d5f-4007-abbb-0b8ff995a626", "Bo...ePointVendor": "EVAR"}]' [127 bytes]
2023-04-17 13:32:29,418 - DEBUG - < TEXT '[3, "4c7810c1-9d5f-4007-abbb-0b8ff995a626", {"s...18Z", "interval": 600}]' [123 bytes]
2023-04-17 13:32:31,426 - DEBUG - Starting new HTTPS connection (1): rgw.devevspcharger.uplus.co.kr:443
2023-04-17 13:32:32,868 - DEBUG - https://rgw.devevspcharger.uplus.co.kr:443 "POST /ioc HTTP/1.1" 200 161
2023-04-17 13:32:32,885 - DEBUG - < TEXT '[2, "33803146-ca1b-4acf-a2d5-b30c813d1fd3", "Ch...led", "value": "true"}]' [116 bytes]
2023-04-17 13:32:32,893 - DEBUG - > TEXT '[3, "33803146-ca1b-4acf-a2d5-b30c813d1fd3", {"status": "Accepted"}]' [67 bytes]
2023-04-17 13:32:33,058 - DEBUG - < TEXT '' [0 bytes]
2023-04-17 13:32:34,675 - DEBUG - Starting new HTTPS connection (1): rgw.devevspcharger.uplus.co.kr:443
2023-04-17 13:32:35,103 - DEBUG - https://rgw.devevspcharger.uplus.co.kr:443 "POST /ioc HTTP/1.1" 200 147
2023-04-17 13:32:35,126 - DEBUG - < TEXT '[2, "84d3a46c-bd3b-4095-adb1-eac2bdeccfef", "Se... "updateType": "Full"}]' [102 bytes]
2023-04-17 13:32:35,135 - DEBUG - > TEXT '[3, "84d3a46c-bd3b-4095-adb1-eac2bdeccfef", {"s... "", "listVersion": 0}]' [77 bytes]
2023-04-17 13:32:35,278 - DEBUG - < TEXT '' [0 bytes]
2023-04-17 13:32:35,294 - DEBUG - = connection is CLOSING
2023-04-17 13:32:35,294 - DEBUG - > CLOSE 1000 (OK) [2 bytes]
2023-04-17 13:32:35,303 - DEBUG - < CLOSE 1000 (OK) [2 bytes]
2023-04-17 13:32:35,307 - DEBUG - = connection is CLOSED
2023-04-17 13:33:49,713 - DEBUG - = connection is CONNECTING
2023-04-17 13:33:49,747 - DEBUG - > GET /ocpp16/ELA007C05/EVSCA050001 HTTP/1.1
2023-04-17 13:33:49,748 - DEBUG - > Host: ws.devevspcharger.uplus.co.kr
2023-04-17 13:33:49,748 - DEBUG - > Upgrade: websocket
2023-04-17 13:33:49,748 - DEBUG - > Connection: Upgrade
2023-04-17 13:33:49,748 - DEBUG - > Sec-WebSocket-Key: TRZJl2L1qjxRzwTKuFq/Vw==
2023-04-17 13:33:49,748 - DEBUG - > Sec-WebSocket-Version: 13
2023-04-17 13:33:49,748 - DEBUG - > Sec-WebSocket-Extensions: permessage-deflate; client_max_window_bits
2023-04-17 13:33:49,748 - DEBUG - > Sec-WebSocket-Protocol: ocpp1.6
2023-04-17 13:33:49,748 - DEBUG - > Authorization: Basic RVZBUjpFVkFSTEdV
2023-04-17 13:33:49,748 - DEBUG - > User-Agent: Python/3.11 websockets/10.4
2023-04-17 13:33:50,337 - DEBUG - < HTTP/1.1 101 Switching Protocols
2023-04-17 13:33:50,337 - DEBUG - < Connection: upgrade
2023-04-17 13:33:50,338 - DEBUG - < Date: Mon, 17 Apr 2023 04:33:39 GMT
2023-04-17 13:33:50,338 - DEBUG - < sec-websocket-protocol: ocpp1.6
2023-04-17 13:33:50,338 - DEBUG - < upgrade: websocket
2023-04-17 13:33:50,338 - DEBUG - < sec-websocket-accept: IM4R/AG8WzEEUvdR4YJG/gn1D00=
2023-04-17 13:33:50,338 - DEBUG - < sec-websocket-extensions: permessage-deflate
2023-04-17 13:33:50,338 - DEBUG - < X-Cache: Miss from cloudfront
2023-04-17 13:33:50,338 - DEBUG - < Via: 1.1 a252aeda8ec1e2b582ae9a32f7c8d544.cloudfront.net (CloudFront)
2023-04-17 13:33:50,338 - DEBUG - < X-Amz-Cf-Pop: ICN57-P2
2023-04-17 13:33:50,338 - DEBUG - < X-Amz-Cf-Id: _OAjjSbpsXm_BykuehF08HsJMRe5ZxUpE8KROeSHG_WR3j_0CJUCcg==
2023-04-17 13:33:50,338 - DEBUG - = connection is OPEN
2023-04-17 13:33:50,373 - DEBUG - > TEXT '[2, "6538f8ad-6305-496e-872d-c82eb931d7ae", "Bo...ePointVendor": "EVAR"}]' [127 bytes]
2023-04-17 13:33:50,770 - DEBUG - < TEXT '[3, "6538f8ad-6305-496e-872d-c82eb931d7ae", {"s...39Z", "interval": 600}]' [123 bytes]
2023-04-17 13:33:52,234 - DEBUG - Starting new HTTPS connection (1): rgw.devevspcharger.uplus.co.kr:443
2023-04-17 13:33:53,542 - DEBUG - https://rgw.devevspcharger.uplus.co.kr:443 "POST /ioc HTTP/1.1" 200 147
2023-04-17 13:33:53,561 - DEBUG - < TEXT '[2, "2f1f8280-d25b-4e43-a643-e648db7f43b9", "Se... "updateType": "Full"}]' [102 bytes]
2023-04-17 13:33:53,565 - DEBUG - > TEXT '[3, "2f1f8280-d25b-4e43-a643-e648db7f43b9", {"status": "Failed"}]' [65 bytes]
2023-04-17 13:33:53,703 - DEBUG - < TEXT '' [0 bytes]
2023-04-17 13:33:53,719 - DEBUG - = connection is CLOSING
2023-04-17 13:33:53,719 - DEBUG - > CLOSE 1000 (OK) [2 bytes]
2023-04-17 13:33:53,725 - DEBUG - < CLOSE 1000 (OK) [2 bytes]
2023-04-17 13:33:53,730 - DEBUG - = connection is CLOSED
2023-04-17 13:34:56,514 - DEBUG - = connection is CONNECTING
2023-04-17 13:34:56,546 - DEBUG - > GET /ocpp16/ELA007C05/EVSCA050001 HTTP/1.1
2023-04-17 13:34:56,547 - DEBUG - > Host: ws.devevspcharger.uplus.co.kr
2023-04-17 13:34:56,547 - DEBUG - > Upgrade: websocket
2023-04-17 13:34:56,547 - DEBUG - > Connection: Upgrade
2023-04-17 13:34:56,547 - DEBUG - > Sec-WebSocket-Key: itXLkOoSqVZCOxOMgNzxsA==
2023-04-17 13:34:56,547 - DEBUG - > Sec-WebSocket-Version: 13
2023-04-17 13:34:56,548 - DEBUG - > Sec-WebSocket-Extensions: permessage-deflate; client_max_window_bits
2023-04-17 13:34:56,548 - DEBUG - > Sec-WebSocket-Protocol: ocpp1.6
2023-04-17 13:34:56,548 - DEBUG - > Authorization: Basic RVZBUjpFVkFSTEdV
2023-04-17 13:34:56,548 - DEBUG - > User-Agent: Python/3.11 websockets/10.4
2023-04-17 13:34:56,751 - DEBUG - < HTTP/1.1 101 Switching Protocols
2023-04-17 13:34:56,751 - DEBUG - < Connection: upgrade
2023-04-17 13:34:56,752 - DEBUG - < Date: Mon, 17 Apr 2023 04:34:45 GMT
2023-04-17 13:34:56,752 - DEBUG - < sec-websocket-protocol: ocpp1.6
2023-04-17 13:34:56,752 - DEBUG - < upgrade: websocket
2023-04-17 13:34:56,752 - DEBUG - < sec-websocket-accept: Mq4m1mjGLPVXE23QuoUA24SSEiI=
2023-04-17 13:34:56,752 - DEBUG - < sec-websocket-extensions: permessage-deflate
2023-04-17 13:34:56,752 - DEBUG - < X-Cache: Miss from cloudfront
2023-04-17 13:34:56,752 - DEBUG - < Via: 1.1 a252aeda8ec1e2b582ae9a32f7c8d544.cloudfront.net (CloudFront)
2023-04-17 13:34:56,752 - DEBUG - < X-Amz-Cf-Pop: ICN57-P2
2023-04-17 13:34:56,752 - DEBUG - < X-Amz-Cf-Id: NrdGXkIihVTy-cWHc0P-WZKPCfKSIOIiAC9zJgEX20rOIDbmv09OZQ==
2023-04-17 13:34:56,752 - DEBUG - = connection is OPEN
2023-04-17 13:34:56,783 - DEBUG - > TEXT '[2, "697992d9-4875-482e-84ba-1af0871f8991", "Bo...ePointVendor": "EVAR"}]' [127 bytes]
2023-04-17 13:34:57,081 - DEBUG - < TEXT '[3, "697992d9-4875-482e-84ba-1af0871f8991", {"s...45Z", "interval": 600}]' [123 bytes]
2023-04-17 13:34:59,120 - DEBUG - Starting new HTTPS connection (1): rgw.devevspcharger.uplus.co.kr:443
2023-04-17 13:34:59,696 - DEBUG - https://rgw.devevspcharger.uplus.co.kr:443 "POST /ioc HTTP/1.1" 200 147
2023-04-17 13:34:59,713 - DEBUG - < TEXT '[2, "2bd7fb37-6b04-4af4-b4e3-3e67a3eb9017", "Se... "updateType": "Full"}]' [102 bytes]
2023-04-17 13:34:59,717 - DEBUG - > TEXT '[3, "2bd7fb37-6b04-4af4-b4e3-3e67a3eb9017", {"status": "Accepted"}]' [67 bytes]
2023-04-17 13:34:59,882 - DEBUG - < TEXT '' [0 bytes]
2023-04-17 13:34:59,898 - DEBUG - = connection is CLOSING
2023-04-17 13:34:59,898 - DEBUG - > CLOSE 1000 (OK) [2 bytes]
2023-04-17 13:34:59,915 - DEBUG - < CLOSE 1000 (OK) [2 bytes]
2023-04-17 13:34:59,921 - DEBUG - = connection is CLOSED
2023-04-17 13:35:43,422 - DEBUG - = connection is CONNECTING
2023-04-17 13:35:43,456 - DEBUG - > GET /ocpp16/ELA007C05/EVSCA050001 HTTP/1.1
2023-04-17 13:35:43,456 - DEBUG - > Host: ws.devevspcharger.uplus.co.kr
2023-04-17 13:35:43,457 - DEBUG - > Upgrade: websocket
2023-04-17 13:35:43,457 - DEBUG - > Connection: Upgrade
2023-04-17 13:35:43,457 - DEBUG - > Sec-WebSocket-Key: 1SgyDcKbPkJA/qFlbM1iZw==
2023-04-17 13:35:43,457 - DEBUG - > Sec-WebSocket-Version: 13
2023-04-17 13:35:43,457 - DEBUG - > Sec-WebSocket-Extensions: permessage-deflate; client_max_window_bits
2023-04-17 13:35:43,457 - DEBUG - > Sec-WebSocket-Protocol: ocpp1.6
2023-04-17 13:35:43,457 - DEBUG - > Authorization: Basic RVZBUjpFVkFSTEdV
2023-04-17 13:35:43,457 - DEBUG - > User-Agent: Python/3.11 websockets/10.4
2023-04-17 13:35:43,829 - DEBUG - < HTTP/1.1 101 Switching Protocols
2023-04-17 13:35:43,829 - DEBUG - < Connection: upgrade
2023-04-17 13:35:43,829 - DEBUG - < Date: Mon, 17 Apr 2023 04:35:32 GMT
2023-04-17 13:35:43,829 - DEBUG - < sec-websocket-protocol: ocpp1.6
2023-04-17 13:35:43,829 - DEBUG - < upgrade: websocket
2023-04-17 13:35:43,830 - DEBUG - < sec-websocket-accept: y1bkIOrq7llogSYdm/jmr7Ob1UU=
2023-04-17 13:35:43,830 - DEBUG - < sec-websocket-extensions: permessage-deflate
2023-04-17 13:35:43,830 - DEBUG - < X-Cache: Miss from cloudfront
2023-04-17 13:35:43,830 - DEBUG - < Via: 1.1 599ddd31480edfa35dadcdd2b13e5b12.cloudfront.net (CloudFront)
2023-04-17 13:35:43,830 - DEBUG - < X-Amz-Cf-Pop: ICN57-P2
2023-04-17 13:35:43,830 - DEBUG - < X-Amz-Cf-Id: JhDUhpTDVrnxunRlhcbX1bL_zh6o5_Y-sBQsFA9R4ttXwr4Jg59tLg==
2023-04-17 13:35:43,830 - DEBUG - = connection is OPEN
2023-04-17 13:35:43,876 - DEBUG - > TEXT '[2, "4d9d6314-55c4-49e0-9bfa-473c65226d50", "Bo...ePointVendor": "EVAR"}]' [127 bytes]
2023-04-17 13:35:44,238 - DEBUG - < TEXT '[3, "4d9d6314-55c4-49e0-9bfa-473c65226d50", {"s...32Z", "interval": 600}]' [123 bytes]
2023-04-17 13:35:46,529 - DEBUG - Starting new HTTPS connection (1): rgw.devevspcharger.uplus.co.kr:443
2023-04-17 13:35:46,937 - DEBUG - https://rgw.devevspcharger.uplus.co.kr:443 "POST /ioc HTTP/1.1" 200 155
2023-04-17 13:35:46,952 - DEBUG - < TEXT '[2, "b7d5de8f-fa86-415c-a119-1f839f245445", "Se...Type": "Differential"}]' [110 bytes]
2023-04-17 13:35:46,958 - DEBUG - > TEXT '[3, "b7d5de8f-fa86-415c-a119-1f839f245445", {"status": "Accepted"}]' [67 bytes]
2023-04-17 13:35:47,125 - DEBUG - < TEXT '' [0 bytes]
2023-04-17 13:35:47,141 - DEBUG - = connection is CLOSING
2023-04-17 13:35:47,142 - DEBUG - > CLOSE 1000 (OK) [2 bytes]
2023-04-17 13:35:47,150 - DEBUG - < CLOSE 1000 (OK) [2 bytes]
2023-04-17 13:35:47,154 - DEBUG - = connection is CLOSED
2023-04-17 13:36:25,449 - DEBUG - = connection is CONNECTING
2023-04-17 13:36:25,483 - DEBUG - > GET /ocpp16/ELA007C05/EVSCA050001 HTTP/1.1
2023-04-17 13:36:25,484 - DEBUG - > Host: ws.devevspcharger.uplus.co.kr
2023-04-17 13:36:25,484 - DEBUG - > Upgrade: websocket
2023-04-17 13:36:25,484 - DEBUG - > Connection: Upgrade
2023-04-17 13:36:25,484 - DEBUG - > Sec-WebSocket-Key: ppNQhf7BGklQHcwUSeQQuA==
2023-04-17 13:36:25,485 - DEBUG - > Sec-WebSocket-Version: 13
2023-04-17 13:36:25,485 - DEBUG - > Sec-WebSocket-Extensions: permessage-deflate; client_max_window_bits
2023-04-17 13:36:25,485 - DEBUG - > Sec-WebSocket-Protocol: ocpp1.6
2023-04-17 13:36:25,485 - DEBUG - > Authorization: Basic RVZBUjpFVkFSTEdV
2023-04-17 13:36:25,485 - DEBUG - > User-Agent: Python/3.11 websockets/10.4
2023-04-17 13:36:25,738 - DEBUG - < HTTP/1.1 101 Switching Protocols
2023-04-17 13:36:25,739 - DEBUG - < Connection: upgrade
2023-04-17 13:36:25,739 - DEBUG - < Date: Mon, 17 Apr 2023 04:36:14 GMT
2023-04-17 13:36:25,739 - DEBUG - < sec-websocket-protocol: ocpp1.6
2023-04-17 13:36:25,739 - DEBUG - < upgrade: websocket
2023-04-17 13:36:25,739 - DEBUG - < sec-websocket-accept: wVbh1sQwuv+GjKtpwxY1geuXZAU=
2023-04-17 13:36:25,739 - DEBUG - < sec-websocket-extensions: permessage-deflate
2023-04-17 13:36:25,740 - DEBUG - < X-Cache: Miss from cloudfront
2023-04-17 13:36:25,740 - DEBUG - < Via: 1.1 0a9548baf65e130ce12c4d90cb22d962.cloudfront.net (CloudFront)
2023-04-17 13:36:25,740 - DEBUG - < X-Amz-Cf-Pop: ICN57-P2
2023-04-17 13:36:25,740 - DEBUG - < X-Amz-Cf-Id: GfXk-hAmlux56oONcMgPT1cofrysdkloBLfRTurEZVH0EHlQ_hpD7A==
2023-04-17 13:36:25,740 - DEBUG - = connection is OPEN
2023-04-17 13:36:25,776 - DEBUG - > TEXT '[2, "5021558f-7b78-4cc8-ab1c-ac07321eda0b", "Bo...ePointVendor": "EVAR"}]' [127 bytes]
2023-04-17 13:36:26,043 - DEBUG - < TEXT '[3, "5021558f-7b78-4cc8-ab1c-ac07321eda0b", {"s...14Z", "interval": 600}]' [123 bytes]
2023-04-17 13:36:28,203 - DEBUG - Starting new HTTPS connection (1): rgw.devevspcharger.uplus.co.kr:443
2023-04-17 13:36:28,603 - DEBUG - https://rgw.devevspcharger.uplus.co.kr:443 "POST /ioc HTTP/1.1" 200 178
2023-04-17 13:36:28,622 - DEBUG - < TEXT '[2, "be5ba59d-49af-4f9b-b2f0-11e38d86993f", "Up...2023-04-15T10:15:00Z"}]' [133 bytes]
2023-04-17 13:36:28,627 - DEBUG - > TEXT '[3, "be5ba59d-49af-4f9b-b2f0-11e38d86993f", {}]' [47 bytes]
2023-04-17 13:36:28,829 - DEBUG - < TEXT '' [0 bytes]
2023-04-17 13:36:28,864 - DEBUG - > TEXT '[2, "5021558f-7b78-4cc8-ab1c-ac07321eda0b", "St...tatus": "Unavailable"}]' [134 bytes]
2023-04-17 13:36:29,065 - DEBUG - < TEXT '[3, "5021558f-7b78-4cc8-ab1c-ac07321eda0b", {}]' [47 bytes]
2023-04-17 13:36:29,107 - DEBUG - > TEXT '[2, "09a4824f-6f3a-4827-9fca-3d761431cf83", "Fi...tatus": "Downloading"}]' [100 bytes]
2023-04-17 13:36:29,303 - DEBUG - < TEXT '[3, "09a4824f-6f3a-4827-9fca-3d761431cf83", {}]' [47 bytes]
2023-04-17 13:36:29,359 - DEBUG - > TEXT '[2, "a1018f44-31c6-4a7b-8857-13c3dfd667f0", "Fi...status": "Downloaded"}]' [99 bytes]
2023-04-17 13:36:29,554 - DEBUG - < TEXT '[3, "a1018f44-31c6-4a7b-8857-13c3dfd667f0", {}]' [47 bytes]
2023-04-17 13:36:29,593 - DEBUG - > TEXT '[2, "9b194aec-5adc-4c0d-9784-0172b85f8096", "Fi...status": "Installing"}]' [99 bytes]
2023-04-17 13:36:29,785 - DEBUG - < TEXT '[3, "9b194aec-5adc-4c0d-9784-0172b85f8096", {}]' [47 bytes]
2023-04-17 13:36:29,833 - DEBUG - > TEXT '[2, "5021558f-7b78-4cc8-ab1c-ac07321eda0b", "St...tatus": "Unavailable"}]' [134 bytes]
2023-04-17 13:36:30,025 - DEBUG - < TEXT '[3, "5021558f-7b78-4cc8-ab1c-ac07321eda0b", {}]' [47 bytes]
2023-04-17 13:36:30,074 - DEBUG - > TEXT '[2, "7e9fcacd-883a-449f-9521-0d61720f4b6c", "Fi..."status": "Installed"}]' [98 bytes]
2023-04-17 13:36:30,266 - DEBUG - < TEXT '[3, "7e9fcacd-883a-449f-9521-0d61720f4b6c", {}]' [47 bytes]
2023-04-17 13:36:30,313 - DEBUG - > TEXT '[2, "5021558f-7b78-4cc8-ab1c-ac07321eda0b", "Bo...ePointVendor": "EVAR"}]' [127 bytes]
2023-04-17 13:36:30,583 - DEBUG - < TEXT '[3, "5021558f-7b78-4cc8-ab1c-ac07321eda0b", {"s...19Z", "interval": 600}]' [123 bytes]
2023-04-17 13:36:30,642 - DEBUG - > TEXT '[2, "5021558f-7b78-4cc8-ab1c-ac07321eda0b", "St..."status": "Available"}]' [132 bytes]
2023-04-17 13:36:30,846 - DEBUG - < TEXT '[3, "5021558f-7b78-4cc8-ab1c-ac07321eda0b", {}]' [47 bytes]
2023-04-17 13:36:30,875 - DEBUG - = connection is CLOSING
2023-04-17 13:36:30,875 - DEBUG - > CLOSE 1000 (OK) [2 bytes]
2023-04-17 13:36:30,887 - DEBUG - < CLOSE 1000 (OK) [2 bytes]
2023-04-17 13:36:30,891 - DEBUG - = connection is CLOSED
2023-04-17 13:37:23,071 - DEBUG - = connection is CONNECTING
2023-04-17 13:37:23,107 - DEBUG - > GET /ocpp16/ELA007C05/EVSCA050001 HTTP/1.1
2023-04-17 13:37:23,108 - DEBUG - > Host: ws.devevspcharger.uplus.co.kr
2023-04-17 13:37:23,109 - DEBUG - > Upgrade: websocket
2023-04-17 13:37:23,109 - DEBUG - > Connection: Upgrade
2023-04-17 13:37:23,109 - DEBUG - > Sec-WebSocket-Key: NNvBjZ8OLYkQYpPzkbWe/w==
2023-04-17 13:37:23,109 - DEBUG - > Sec-WebSocket-Version: 13
2023-04-17 13:37:23,109 - DEBUG - > Sec-WebSocket-Extensions: permessage-deflate; client_max_window_bits
2023-04-17 13:37:23,109 - DEBUG - > Sec-WebSocket-Protocol: ocpp1.6
2023-04-17 13:37:23,109 - DEBUG - > Authorization: Basic RVZBUjpFVkFSTEdV
2023-04-17 13:37:23,109 - DEBUG - > User-Agent: Python/3.11 websockets/10.4
2023-04-17 13:37:23,366 - DEBUG - < HTTP/1.1 101 Switching Protocols
2023-04-17 13:37:23,366 - DEBUG - < Connection: upgrade
2023-04-17 13:37:23,366 - DEBUG - < Date: Mon, 17 Apr 2023 04:37:12 GMT
2023-04-17 13:37:23,367 - DEBUG - < sec-websocket-protocol: ocpp1.6
2023-04-17 13:37:23,367 - DEBUG - < upgrade: websocket
2023-04-17 13:37:23,367 - DEBUG - < sec-websocket-accept: 14EOIOJX17RI+FBK9ZLFcCIcJeQ=
2023-04-17 13:37:23,367 - DEBUG - < sec-websocket-extensions: permessage-deflate
2023-04-17 13:37:23,367 - DEBUG - < X-Cache: Miss from cloudfront
2023-04-17 13:37:23,367 - DEBUG - < Via: 1.1 0a9548baf65e130ce12c4d90cb22d962.cloudfront.net (CloudFront)
2023-04-17 13:37:23,367 - DEBUG - < X-Amz-Cf-Pop: ICN57-P2
2023-04-17 13:37:23,367 - DEBUG - < X-Amz-Cf-Id: Z_kbGVxSkueWzKKs1Y9XjWAh0uBxywUOwG9Yinz9xGrAl2Ds3d0-vQ==
2023-04-17 13:37:23,368 - DEBUG - = connection is OPEN
2023-04-17 13:37:23,398 - DEBUG - > TEXT '[2, "926c9b41-e07b-4e6e-b70d-21f605ca19b9", "Bo...ePointVendor": "EVAR"}]' [127 bytes]
2023-04-17 13:37:23,643 - DEBUG - < TEXT '[3, "926c9b41-e07b-4e6e-b70d-21f605ca19b9", {"s...12Z", "interval": 600}]' [123 bytes]
2023-04-17 13:37:25,565 - DEBUG - Starting new HTTPS connection (1): rgw.devevspcharger.uplus.co.kr:443
2023-04-17 13:37:25,940 - DEBUG - https://rgw.devevspcharger.uplus.co.kr:443 "POST /ioc HTTP/1.1" 200 180
2023-04-17 13:37:25,954 - DEBUG - < TEXT '[2, "092864ff-89fe-4f98-8baf-641df800d4fb", "Up...2023-04-15T10:15:00Z"}]' [135 bytes]
2023-04-17 13:37:25,961 - DEBUG - > TEXT '[3, "092864ff-89fe-4f98-8baf-641df800d4fb", {}]' [47 bytes]
2023-04-17 13:37:26,103 - DEBUG - < TEXT '' [0 bytes]
2023-04-17 13:37:26,136 - DEBUG - > TEXT '[2, "926c9b41-e07b-4e6e-b70d-21f605ca19b9", "St...tatus": "Unavailable"}]' [134 bytes]
2023-04-17 13:37:26,342 - DEBUG - < TEXT '[3, "926c9b41-e07b-4e6e-b70d-21f605ca19b9", {}]' [47 bytes]
2023-04-17 13:37:26,376 - DEBUG - > TEXT '[2, "9c77c4d3-c58e-42dc-b203-59125d19ffcd", "Fi...tatus": "Downloading"}]' [100 bytes]
2023-04-17 13:37:26,584 - DEBUG - < TEXT '[3, "9c77c4d3-c58e-42dc-b203-59125d19ffcd", {}]' [47 bytes]
2023-04-17 13:37:26,616 - DEBUG - > TEXT '[2, "a2402349-8f04-418d-95da-c8426fe2d33c", "Fi...status": "Downloaded"}]' [99 bytes]
2023-04-17 13:37:26,805 - DEBUG - < TEXT '[3, "a2402349-8f04-418d-95da-c8426fe2d33c", {}]' [47 bytes]
2023-04-17 13:37:26,839 - DEBUG - > TEXT '[2, "e8453863-f28b-4767-bd90-3a6c39fb83ae", "Fi...status": "Installing"}]' [99 bytes]
2023-04-17 13:37:27,024 - DEBUG - < TEXT '[3, "e8453863-f28b-4767-bd90-3a6c39fb83ae", {}]' [47 bytes]
2023-04-17 13:37:27,063 - DEBUG - > TEXT '[2, "926c9b41-e07b-4e6e-b70d-21f605ca19b9", "St...tatus": "Unavailable"}]' [134 bytes]
2023-04-17 13:37:27,243 - DEBUG - < TEXT '[3, "926c9b41-e07b-4e6e-b70d-21f605ca19b9", {}]' [47 bytes]
2023-04-17 13:37:27,285 - DEBUG - > TEXT '[2, "e1b73397-820d-46bd-a6ab-5e2475ace3c4", "Fi..."status": "Installed"}]' [98 bytes]
2023-04-17 13:37:27,444 - DEBUG - < TEXT '[3, "e1b73397-820d-46bd-a6ab-5e2475ace3c4", {}]' [47 bytes]
2023-04-17 13:37:27,484 - DEBUG - > TEXT '[2, "926c9b41-e07b-4e6e-b70d-21f605ca19b9", "Bo...ePointVendor": "EVAR"}]' [127 bytes]
2023-04-17 13:37:27,722 - DEBUG - < TEXT '[3, "926c9b41-e07b-4e6e-b70d-21f605ca19b9", {"s...16Z", "interval": 600}]' [123 bytes]
2023-04-17 13:37:27,756 - DEBUG - > TEXT '[2, "926c9b41-e07b-4e6e-b70d-21f605ca19b9", "St..."status": "Available"}]' [132 bytes]
2023-04-17 13:37:27,932 - DEBUG - < TEXT '[3, "926c9b41-e07b-4e6e-b70d-21f605ca19b9", {}]' [47 bytes]
2023-04-17 13:37:27,955 - DEBUG - = connection is CLOSING
2023-04-17 13:37:27,956 - DEBUG - > CLOSE 1000 (OK) [2 bytes]
2023-04-17 13:37:27,963 - DEBUG - < CLOSE 1000 (OK) [2 bytes]
2023-04-17 13:37:27,971 - DEBUG - = connection is CLOSED
2023-04-17 13:38:19,803 - DEBUG - = connection is CONNECTING
2023-04-17 13:38:19,835 - DEBUG - > GET /ocpp16/ELA007C05/EVSCA050001 HTTP/1.1
2023-04-17 13:38:19,836 - DEBUG - > Host: ws.devevspcharger.uplus.co.kr
2023-04-17 13:38:19,836 - DEBUG - > Upgrade: websocket
2023-04-17 13:38:19,836 - DEBUG - > Connection: Upgrade
2023-04-17 13:38:19,836 - DEBUG - > Sec-WebSocket-Key: Gc1SjzE1zu/KonQYoAbI8A==
2023-04-17 13:38:19,836 - DEBUG - > Sec-WebSocket-Version: 13
2023-04-17 13:38:19,836 - DEBUG - > Sec-WebSocket-Extensions: permessage-deflate; client_max_window_bits
2023-04-17 13:38:19,836 - DEBUG - > Sec-WebSocket-Protocol: ocpp1.6
2023-04-17 13:38:19,837 - DEBUG - > Authorization: Basic RVZBUjpFVkFSTEdV
2023-04-17 13:38:19,837 - DEBUG - > User-Agent: Python/3.11 websockets/10.4
2023-04-17 13:38:20,123 - DEBUG - < HTTP/1.1 101 Switching Protocols
2023-04-17 13:38:20,123 - DEBUG - < Connection: upgrade
2023-04-17 13:38:20,124 - DEBUG - < Date: Mon, 17 Apr 2023 04:38:09 GMT
2023-04-17 13:38:20,124 - DEBUG - < sec-websocket-protocol: ocpp1.6
2023-04-17 13:38:20,124 - DEBUG - < upgrade: websocket
2023-04-17 13:38:20,124 - DEBUG - < sec-websocket-accept: bDCnaJtqc9qcYjNm+LdeBVnT5s8=
2023-04-17 13:38:20,124 - DEBUG - < sec-websocket-extensions: permessage-deflate
2023-04-17 13:38:20,124 - DEBUG - < X-Cache: Miss from cloudfront
2023-04-17 13:38:20,124 - DEBUG - < Via: 1.1 1c31b550dc04cf34ff9053b76a7eecc4.cloudfront.net (CloudFront)
2023-04-17 13:38:20,124 - DEBUG - < X-Amz-Cf-Pop: ICN57-P2
2023-04-17 13:38:20,124 - DEBUG - < X-Amz-Cf-Id: KoXNQO3BhZlOmi89G5c_H8AfkZSq2pzcGZ7ydSzvKteLi_8hkc5Mgw==
2023-04-17 13:38:20,125 - DEBUG - = connection is OPEN
2023-04-17 13:38:20,154 - DEBUG - > TEXT '[2, "8929b5d7-70f5-4a8c-a409-f2b1c2b2502f", "Bo...ePointVendor": "EVAR"}]' [127 bytes]
2023-04-17 13:38:20,405 - DEBUG - < TEXT '[3, "8929b5d7-70f5-4a8c-a409-f2b1c2b2502f", {"s...09Z", "interval": 600}]' [123 bytes]
2023-04-17 13:38:22,699 - DEBUG - Starting new HTTPS connection (1): rgw.devevspcharger.uplus.co.kr:443
2023-04-17 13:38:23,098 - DEBUG - https://rgw.devevspcharger.uplus.co.kr:443 "POST /ioc HTTP/1.1" 200 181
2023-04-17 13:38:23,111 - DEBUG - < TEXT '[2, "ffec815f-a6b8-4bf4-b864-b320c4744f25", "Up...2023-04-15T10:15:00Z"}]' [136 bytes]
2023-04-17 13:38:23,116 - DEBUG - > TEXT '[3, "ffec815f-a6b8-4bf4-b864-b320c4744f25", {}]' [47 bytes]
2023-04-17 13:38:23,265 - DEBUG - < TEXT '' [0 bytes]
2023-04-17 13:38:23,296 - DEBUG - > TEXT '[2, "8929b5d7-70f5-4a8c-a409-f2b1c2b2502f", "St...tatus": "Unavailable"}]' [134 bytes]
2023-04-17 13:38:23,483 - DEBUG - < TEXT '[3, "8929b5d7-70f5-4a8c-a409-f2b1c2b2502f", {}]' [47 bytes]
2023-04-17 13:38:23,517 - DEBUG - > TEXT '[2, "dfa27d7c-7a65-4176-8a6f-54e428403d0a", "Fi...tatus": "Downloading"}]' [100 bytes]
2023-04-17 13:38:23,704 - DEBUG - < TEXT '[3, "dfa27d7c-7a65-4176-8a6f-54e428403d0a", {}]' [47 bytes]
2023-04-17 13:38:23,742 - DEBUG - > TEXT '[2, "058293d6-a253-40e9-94ee-ed6c54120236", "Fi...status": "Downloaded"}]' [99 bytes]
2023-04-17 13:38:23,925 - DEBUG - < TEXT '[3, "058293d6-a253-40e9-94ee-ed6c54120236", {}]' [47 bytes]
2023-04-17 13:38:23,966 - DEBUG - > TEXT '[2, "ced5e009-ffea-4472-825a-78dd2f2942b4", "Fi...status": "Installing"}]' [99 bytes]
2023-04-17 13:38:24,145 - DEBUG - < TEXT '[3, "ced5e009-ffea-4472-825a-78dd2f2942b4", {}]' [47 bytes]
2023-04-17 13:38:24,210 - DEBUG - > TEXT '[2, "8929b5d7-70f5-4a8c-a409-f2b1c2b2502f", "St...tatus": "Unavailable"}]' [134 bytes]
2023-04-17 13:38:24,388 - DEBUG - < TEXT '[3, "8929b5d7-70f5-4a8c-a409-f2b1c2b2502f", {}]' [47 bytes]
2023-04-17 13:38:24,436 - DEBUG - > TEXT '[2, "d212da2e-db5f-4dae-a01f-824d43549baa", "Fi... "InstallationFailed"}]' [107 bytes]
2023-04-17 13:38:24,626 - DEBUG - < TEXT '[3, "d212da2e-db5f-4dae-a01f-824d43549baa", {}]' [47 bytes]
2023-04-17 13:38:24,677 - DEBUG - > TEXT '[2, "8929b5d7-70f5-4a8c-a409-f2b1c2b2502f", "Bo...ePointVendor": "EVAR"}]' [127 bytes]
2023-04-17 13:38:24,924 - DEBUG - < TEXT '[3, "8929b5d7-70f5-4a8c-a409-f2b1c2b2502f", {"s...13Z", "interval": 600}]' [123 bytes]
2023-04-17 13:38:24,970 - DEBUG - > TEXT '[2, "8929b5d7-70f5-4a8c-a409-f2b1c2b2502f", "St..."status": "Available"}]' [132 bytes]
2023-04-17 13:38:25,184 - DEBUG - < TEXT '[3, "8929b5d7-70f5-4a8c-a409-f2b1c2b2502f", {}]' [47 bytes]
2023-04-17 13:38:25,215 - DEBUG - = connection is CLOSING
2023-04-17 13:38:25,216 - DEBUG - > CLOSE 1000 (OK) [2 bytes]
2023-04-17 13:38:25,223 - DEBUG - < CLOSE 1000 (OK) [2 bytes]
2023-04-17 13:38:25,226 - DEBUG - = connection is CLOSED
2023-04-17 13:38:55,528 - DEBUG - = connection is CONNECTING
2023-04-17 13:38:55,560 - DEBUG - > GET /ocpp16/ELA007C05/EVSCA050001 HTTP/1.1
2023-04-17 13:38:55,561 - DEBUG - > Host: ws.devevspcharger.uplus.co.kr
2023-04-17 13:38:55,561 - DEBUG - > Upgrade: websocket
2023-04-17 13:38:55,561 - DEBUG - > Connection: Upgrade
2023-04-17 13:38:55,561 - DEBUG - > Sec-WebSocket-Key: tzSwmesKYo/p3JbRpzm/VQ==
2023-04-17 13:38:55,561 - DEBUG - > Sec-WebSocket-Version: 13
2023-04-17 13:38:55,561 - DEBUG - > Sec-WebSocket-Extensions: permessage-deflate; client_max_window_bits
2023-04-17 13:38:55,561 - DEBUG - > Sec-WebSocket-Protocol: ocpp1.6
2023-04-17 13:38:55,561 - DEBUG - > Authorization: Basic RVZBUjpFVkFSTEdV
2023-04-17 13:38:55,561 - DEBUG - > User-Agent: Python/3.11 websockets/10.4
2023-04-17 13:38:55,777 - DEBUG - < HTTP/1.1 101 Switching Protocols
2023-04-17 13:38:55,778 - DEBUG - < Connection: upgrade
2023-04-17 13:38:55,778 - DEBUG - < Date: Mon, 17 Apr 2023 04:38:44 GMT
2023-04-17 13:38:55,778 - DEBUG - < sec-websocket-protocol: ocpp1.6
2023-04-17 13:38:55,778 - DEBUG - < upgrade: websocket
2023-04-17 13:38:55,778 - DEBUG - < sec-websocket-accept: gRGz0+XdmVrWSHvlb+22MQTkMss=
2023-04-17 13:38:55,778 - DEBUG - < sec-websocket-extensions: permessage-deflate
2023-04-17 13:38:55,778 - DEBUG - < X-Cache: Miss from cloudfront
2023-04-17 13:38:55,779 - DEBUG - < Via: 1.1 623f9f4dd2fef338f4704e13bada95c8.cloudfront.net (CloudFront)
2023-04-17 13:38:55,779 - DEBUG - < X-Amz-Cf-Pop: ICN57-P2
2023-04-17 13:38:55,779 - DEBUG - < X-Amz-Cf-Id: 9gWP3o0fN6MKlYRSaWuAKnLCydvPGa4pRlnd6egWfLqx3xdw6Wo1Sw==
2023-04-17 13:38:55,779 - DEBUG - = connection is OPEN
2023-04-17 13:38:55,809 - DEBUG - > TEXT '[2, "ba0c3c92-2d47-4aac-bbb0-f19899696bdb", "Bo...ePointVendor": "EVAR"}]' [127 bytes]
2023-04-17 13:38:56,097 - DEBUG - < TEXT '[3, "ba0c3c92-2d47-4aac-bbb0-f19899696bdb", {"s...44Z", "interval": 600}]' [123 bytes]
2023-04-17 13:38:57,996 - DEBUG - Starting new HTTPS connection (1): rgw.devevspcharger.uplus.co.kr:443
2023-04-17 13:38:58,398 - DEBUG - https://rgw.devevspcharger.uplus.co.kr:443 "POST /ioc HTTP/1.1" 200 204
2023-04-17 13:38:58,415 - DEBUG - < TEXT '[2, "aa5b3b36-9353-4076-ad1a-4a3e3c822082", "Ge...2023-04-17T13:38:57Z"}]' [159 bytes]
2023-04-17 13:38:58,423 - DEBUG - > TEXT '[3, "aa5b3b36-9353-4076-ad1a-4a3e3c822082", {"f...filename_diagnostics"}]' [81 bytes]
2023-04-17 13:38:58,587 - DEBUG - < TEXT '' [0 bytes]
2023-04-17 13:38:58,625 - DEBUG - > TEXT '[2, "a9a909e5-3eca-43e5-a04e-4b0327605f1a", "Di..."status": "Uploading"}]' [101 bytes]
2023-04-17 13:38:58,856 - DEBUG - < TEXT '[3, "a9a909e5-3eca-43e5-a04e-4b0327605f1a", {}]' [47 bytes]
2023-04-17 13:38:58,903 - DEBUG - > TEXT '[2, "54258aec-8ba2-46a9-af64-4c30b1dc774c", "Di...{"status": "Uploaded"}]' [100 bytes]
2023-04-17 13:38:59,110 - DEBUG - < TEXT '[3, "54258aec-8ba2-46a9-af64-4c30b1dc774c", {}]' [47 bytes]
2023-04-17 13:38:59,130 - DEBUG - = connection is CLOSING
2023-04-17 13:38:59,130 - DEBUG - > CLOSE 1000 (OK) [2 bytes]
2023-04-17 13:38:59,140 - DEBUG - < CLOSE 1000 (OK) [2 bytes]
2023-04-17 13:38:59,146 - DEBUG - = connection is CLOSED
2023-04-17 13:39:58,554 - DEBUG - = connection is CONNECTING
2023-04-17 13:39:58,592 - DEBUG - > GET /ocpp16/ELA007C05/EVSCA050001 HTTP/1.1
2023-04-17 13:39:58,593 - DEBUG - > Host: ws.devevspcharger.uplus.co.kr
2023-04-17 13:39:58,593 - DEBUG - > Upgrade: websocket
2023-04-17 13:39:58,593 - DEBUG - > Connection: Upgrade
2023-04-17 13:39:58,593 - DEBUG - > Sec-WebSocket-Key: nftW682fI2FdM3NNMnbnAQ==
2023-04-17 13:39:58,593 - DEBUG - > Sec-WebSocket-Version: 13
2023-04-17 13:39:58,593 - DEBUG - > Sec-WebSocket-Extensions: permessage-deflate; client_max_window_bits
2023-04-17 13:39:58,593 - DEBUG - > Sec-WebSocket-Protocol: ocpp1.6
2023-04-17 13:39:58,593 - DEBUG - > Authorization: Basic RVZBUjpFVkFSTEdV
2023-04-17 13:39:58,593 - DEBUG - > User-Agent: Python/3.11 websockets/10.4
2023-04-17 13:39:58,895 - DEBUG - < HTTP/1.1 101 Switching Protocols
2023-04-17 13:39:58,895 - DEBUG - < Connection: upgrade
2023-04-17 13:39:58,895 - DEBUG - < Date: Mon, 17 Apr 2023 04:39:47 GMT
2023-04-17 13:39:58,895 - DEBUG - < sec-websocket-protocol: ocpp1.6
2023-04-17 13:39:58,896 - DEBUG - < upgrade: websocket
2023-04-17 13:39:58,896 - DEBUG - < sec-websocket-accept: XKNLOySpTZrxIjmwufwM44nAXWo=
2023-04-17 13:39:58,896 - DEBUG - < sec-websocket-extensions: permessage-deflate
2023-04-17 13:39:58,896 - DEBUG - < X-Cache: Miss from cloudfront
2023-04-17 13:39:58,896 - DEBUG - < Via: 1.1 a252aeda8ec1e2b582ae9a32f7c8d544.cloudfront.net (CloudFront)
2023-04-17 13:39:58,896 - DEBUG - < X-Amz-Cf-Pop: ICN57-P2
2023-04-17 13:39:58,896 - DEBUG - < X-Amz-Cf-Id: pY73l6czVIP9QUJjYabjyguJ9AfLK5XgMcAnpHzjBNLoKD6PeHG19w==
2023-04-17 13:39:58,896 - DEBUG - = connection is OPEN
2023-04-17 13:39:58,931 - DEBUG - > TEXT '[2, "1b155182-ed6e-4ee9-a514-f51ce76ef900", "Bo...ePointVendor": "EVAR"}]' [127 bytes]
2023-04-17 13:39:59,165 - DEBUG - < TEXT '[3, "1b155182-ed6e-4ee9-a514-f51ce76ef900", {"s...47Z", "interval": 600}]' [123 bytes]
2023-04-17 13:40:01,658 - DEBUG - Starting new HTTPS connection (1): rgw.devevspcharger.uplus.co.kr:443
2023-04-17 13:40:02,097 - DEBUG - https://rgw.devevspcharger.uplus.co.kr:443 "POST /ioc HTTP/1.1" 200 197
2023-04-17 13:40:02,108 - DEBUG - < TEXT '[2, "fa8ff22e-da17-4976-993d-7d1e9ffccb47", "Ge...2023-04-17T13:40:01Z"}]' [152 bytes]
2023-04-17 13:40:02,112 - DEBUG - > TEXT '[3, "fa8ff22e-da17-4976-993d-7d1e9ffccb47", {"f...filename_diagnostics"}]' [81 bytes]
2023-04-17 13:40:02,269 - DEBUG - < TEXT '' [0 bytes]
2023-04-17 13:40:02,286 - DEBUG - > TEXT '[2, "3955266e-7761-4b3f-85b7-1580fc88c8b2", "Di..."status": "Uploading"}]' [101 bytes]
2023-04-17 13:40:02,465 - DEBUG - < TEXT '[3, "3955266e-7761-4b3f-85b7-1580fc88c8b2", {}]' [47 bytes]
2023-04-17 13:40:02,491 - DEBUG - > TEXT '[2, "834bdceb-ea83-472b-b4dd-484cf6e18a60", "Di...atus": "UploadFailed"}]' [104 bytes]
2023-04-17 13:40:02,667 - DEBUG - < TEXT '[3, "834bdceb-ea83-472b-b4dd-484cf6e18a60", {}]' [47 bytes]
2023-04-17 13:40:02,686 - DEBUG - = connection is CLOSING
2023-04-17 13:40:02,686 - DEBUG - > CLOSE 1000 (OK) [2 bytes]
2023-04-17 13:40:02,693 - DEBUG - < CLOSE 1000 (OK) [2 bytes]
2023-04-17 13:40:02,698 - DEBUG - = connection is CLOSED
2023-04-17 13:40:37,594 - DEBUG - = connection is CONNECTING
2023-04-17 13:40:37,634 - DEBUG - > GET /ocpp16/ELA007C05/EVSCA050002 HTTP/1.1
2023-04-17 13:40:37,634 - DEBUG - > Host: ws.devevspcharger.uplus.co.kr
2023-04-17 13:40:37,634 - DEBUG - > Upgrade: websocket
2023-04-17 13:40:37,634 - DEBUG - > Connection: Upgrade
2023-04-17 13:40:37,635 - DEBUG - > Sec-WebSocket-Key: NAVApUrjXDhZcaW4gzhTZA==
2023-04-17 13:40:37,635 - DEBUG - > Sec-WebSocket-Version: 13
2023-04-17 13:40:37,635 - DEBUG - > Sec-WebSocket-Extensions: permessage-deflate; client_max_window_bits
2023-04-17 13:40:37,635 - DEBUG - > Sec-WebSocket-Protocol: ocpp1.6
2023-04-17 13:40:37,635 - DEBUG - > Authorization: Basic RVZBUjpFVkFSTEdV
2023-04-17 13:40:37,635 - DEBUG - > User-Agent: Python/3.11 websockets/10.4
2023-04-17 13:40:37,870 - DEBUG - < HTTP/1.1 101 Switching Protocols
2023-04-17 13:40:37,870 - DEBUG - < Connection: upgrade
2023-04-17 13:40:37,871 - DEBUG - < Date: Mon, 17 Apr 2023 04:40:26 GMT
2023-04-17 13:40:37,871 - DEBUG - < sec-websocket-protocol: ocpp1.6
2023-04-17 13:40:37,871 - DEBUG - < upgrade: websocket
2023-04-17 13:40:37,871 - DEBUG - < sec-websocket-accept: PGEp0l12H+CqQAegc3Xo7M9CA3Q=
2023-04-17 13:40:37,872 - DEBUG - < sec-websocket-extensions: permessage-deflate
2023-04-17 13:40:37,872 - DEBUG - < X-Cache: Miss from cloudfront
2023-04-17 13:40:37,872 - DEBUG - < Via: 1.1 1c2dddf38b53f960ce106f4047c232e4.cloudfront.net (CloudFront)
2023-04-17 13:40:37,872 - DEBUG - < X-Amz-Cf-Pop: ICN57-P2
2023-04-17 13:40:37,872 - DEBUG - < X-Amz-Cf-Id: lcsHW4UHdKWIH6EAil87byCKeQH7qo84NPRI7fMktNc4eyFvBSo2yQ==
2023-04-17 13:40:37,872 - DEBUG - = connection is OPEN
2023-04-17 13:40:37,895 - DEBUG - > TEXT '[2, "a0f3e1c0-1350-4d38-803a-e410cd0c09ff", "Bo...ePointVendor": "EVAR"}]' [127 bytes]
2023-04-17 13:40:38,168 - DEBUG - < TEXT '[3, "a0f3e1c0-1350-4d38-803a-e410cd0c09ff", {"s...26Z", "interval": 600}]' [123 bytes]
2023-04-17 13:40:57,885 - DEBUG - % sending keepalive ping
2023-04-17 13:40:57,886 - DEBUG - > PING 7c f9 14 2e [binary, 4 bytes]
2023-04-17 13:40:57,904 - DEBUG - < PONG 7c f9 14 2e [binary, 4 bytes]
2023-04-17 13:40:57,908 - DEBUG - % received keepalive pong
2023-04-17 13:41:17,893 - DEBUG - % sending keepalive ping
2023-04-17 13:41:17,893 - DEBUG - > PING 31 fd 24 58 [binary, 4 bytes]
2023-04-17 13:41:17,902 - DEBUG - < PONG 31 fd 24 58 [binary, 4 bytes]
2023-04-17 13:41:17,908 - DEBUG - % received keepalive pong
2023-04-17 13:41:18,067 - DEBUG - Starting new HTTPS connection (1): rgw.devevspcharger.uplus.co.kr:443
2023-04-17 13:41:18,659 - DEBUG - https://rgw.devevspcharger.uplus.co.kr:443 "POST /ioc HTTP/1.1" 200 217
2023-04-17 13:41:18,675 - DEBUG - < TEXT '[2, "6de0e92e-7a7b-46d7-a98e-c84a07284010", "Re...rvationId": 120533082}]' [172 bytes]
2023-04-17 13:41:18,682 - DEBUG - > TEXT '[3, "6de0e92e-7a7b-46d7-a98e-c84a07284010", {"status": "Accepted"}]' [67 bytes]
2023-04-17 13:41:18,847 - DEBUG - < TEXT '' [0 bytes]
2023-04-17 13:41:18,896 - DEBUG - > TEXT '[2, "a0f3e1c0-1350-4d38-803a-e410cd0c09ff", "St... "status": "Reserved"}]' [131 bytes]
2023-04-17 13:41:19,087 - DEBUG - < TEXT '[3, "a0f3e1c0-1350-4d38-803a-e410cd0c09ff", {}]' [47 bytes]
2023-04-17 13:41:19,129 - DEBUG - > TEXT '[2, "a0f3e1c0-1350-4d38-803a-e410cd0c09ff", "Au...": "1031040000069641"}]' [87 bytes]
2023-04-17 13:41:19,408 - DEBUG - < TEXT '[3, "a0f3e1c0-1350-4d38-803a-e410cd0c09ff", {"i...tus": "ConcurrentTx"}}]' [86 bytes]
2023-04-17 13:41:19,460 - DEBUG - > TEXT '[2, "a0f3e1c0-1350-4d38-803a-e410cd0c09ff", "St..."status": "Preparing"}]' [132 bytes]
2023-04-17 13:41:19,646 - DEBUG - < TEXT '[3, "a0f3e1c0-1350-4d38-803a-e410cd0c09ff", {}]' [47 bytes]
2023-04-17 13:41:19,702 - DEBUG - = connection is CLOSING
2023-04-17 13:41:19,703 - DEBUG - > CLOSE 1000 (OK) [2 bytes]
2023-04-17 13:41:19,711 - DEBUG - < CLOSE 1000 (OK) [2 bytes]
2023-04-17 13:41:19,716 - DEBUG - = connection is CLOSED
2023-04-17 13:42:44,233 - DEBUG - = connection is CONNECTING
2023-04-17 13:42:44,265 - DEBUG - > GET /ocpp16/ELA007C05/EVSCA050002 HTTP/1.1
2023-04-17 13:42:44,265 - DEBUG - > Host: ws.devevspcharger.uplus.co.kr
2023-04-17 13:42:44,266 - DEBUG - > Upgrade: websocket
2023-04-17 13:42:44,266 - DEBUG - > Connection: Upgrade
2023-04-17 13:42:44,266 - DEBUG - > Sec-WebSocket-Key: mptsUsz3DE+lN+d73JAAew==
2023-04-17 13:42:44,266 - DEBUG - > Sec-WebSocket-Version: 13
2023-04-17 13:42:44,266 - DEBUG - > Sec-WebSocket-Extensions: permessage-deflate; client_max_window_bits
2023-04-17 13:42:44,266 - DEBUG - > Sec-WebSocket-Protocol: ocpp1.6
2023-04-17 13:42:44,266 - DEBUG - > Authorization: Basic RVZBUjpFVkFSTEdV
2023-04-17 13:42:44,266 - DEBUG - > User-Agent: Python/3.11 websockets/10.4
2023-04-17 13:42:44,798 - DEBUG - < HTTP/1.1 101 Switching Protocols
2023-04-17 13:42:44,798 - DEBUG - < Connection: upgrade
2023-04-17 13:42:44,798 - DEBUG - < Date: Mon, 17 Apr 2023 04:42:33 GMT
2023-04-17 13:42:44,798 - DEBUG - < sec-websocket-protocol: ocpp1.6
2023-04-17 13:42:44,798 - DEBUG - < upgrade: websocket
2023-04-17 13:42:44,798 - DEBUG - < sec-websocket-accept: EROVLG5qV51TfhabBJbyyVXTSUc=
2023-04-17 13:42:44,798 - DEBUG - < sec-websocket-extensions: permessage-deflate
2023-04-17 13:42:44,798 - DEBUG - < X-Cache: Miss from cloudfront
2023-04-17 13:42:44,798 - DEBUG - < Via: 1.1 398e2e4101ed255d172b5d628fa36f5c.cloudfront.net (CloudFront)
2023-04-17 13:42:44,798 - DEBUG - < X-Amz-Cf-Pop: ICN57-P2
2023-04-17 13:42:44,799 - DEBUG - < X-Amz-Cf-Id: 22w6jL_cIVqz2xXkC5tOgT1Bvj1dIJsWqVvyeW_7LRckEs7OPoxHyw==
2023-04-17 13:42:44,799 - DEBUG - = connection is OPEN
2023-04-17 13:42:44,827 - DEBUG - > TEXT '[2, "ceb2f1ad-cb3a-4910-9dc6-146a3f4bb2b5", "Bo...ePointVendor": "EVAR"}]' [127 bytes]
2023-04-17 13:42:45,089 - DEBUG - < TEXT '[3, "ceb2f1ad-cb3a-4910-9dc6-146a3f4bb2b5", {"s...33Z", "interval": 600}]' [123 bytes]
2023-04-17 13:42:48,953 - DEBUG - Starting new HTTPS connection (1): rgw.devevspcharger.uplus.co.kr:443
2023-04-17 13:42:49,566 - DEBUG - https://rgw.devevspcharger.uplus.co.kr:443 "POST /ioc HTTP/1.1" 200 217
2023-04-17 13:42:49,580 - DEBUG - < TEXT '[2, "74c48ac8-c157-4436-941b-53077aa51cc8", "Re...rvationId": 120533082}]' [172 bytes]
2023-04-17 13:42:49,584 - DEBUG - > TEXT '[3, "74c48ac8-c157-4436-941b-53077aa51cc8", {"status": "Accepted"}]' [67 bytes]
2023-04-17 13:42:49,757 - DEBUG - < TEXT '' [0 bytes]
2023-04-17 13:42:49,795 - DEBUG - > TEXT '[2, "ceb2f1ad-cb3a-4910-9dc6-146a3f4bb2b5", "St... "status": "Reserved"}]' [131 bytes]
2023-04-17 13:42:49,989 - DEBUG - < TEXT '[3, "ceb2f1ad-cb3a-4910-9dc6-146a3f4bb2b5", {}]' [47 bytes]
2023-04-17 13:42:50,022 - DEBUG - > TEXT '[2, "ceb2f1ad-cb3a-4910-9dc6-146a3f4bb2b5", "Au...": "1031040000069641"}]' [87 bytes]
2023-04-17 13:42:50,249 - DEBUG - < TEXT '[3, "ceb2f1ad-cb3a-4910-9dc6-146a3f4bb2b5", {"i..."status": "Accepted"}}]' [82 bytes]
2023-04-17 13:42:50,284 - DEBUG - > TEXT '[2, "ceb2f1ad-cb3a-4910-9dc6-146a3f4bb2b5", "St..."status": "Preparing"}]' [132 bytes]
2023-04-17 13:42:50,476 - DEBUG - < TEXT '[3, "ceb2f1ad-cb3a-4910-9dc6-146a3f4bb2b5", {}]' [47 bytes]
2023-04-17 13:42:50,504 - DEBUG - > TEXT '[2, "4421a06b-98a5-4cca-b886-12699e319b41", "St...rvationId": 120533082}]' [198 bytes]
2023-04-17 13:42:51,011 - DEBUG - < TEXT '[3, "4421a06b-98a5-4cca-b886-12699e319b41", {"t..."status": "Accepted"}}]' [110 bytes]
2023-04-17 13:42:51,166 - DEBUG - > TEXT '[2, "ceb2f1ad-cb3a-4910-9dc6-146a3f4bb2b5", "St... "status": "Charging"}]' [131 bytes]
2023-04-17 13:42:51,348 - DEBUG - < TEXT '[3, "ceb2f1ad-cb3a-4910-9dc6-146a3f4bb2b5", {}]' [47 bytes]
2023-04-17 13:42:51,373 - DEBUG - = connection is CLOSING
2023-04-17 13:42:51,373 - DEBUG - > CLOSE 1000 (OK) [2 bytes]
2023-04-17 13:42:51,383 - DEBUG - < CLOSE 1000 (OK) [2 bytes]
2023-04-17 13:42:51,389 - DEBUG - = connection is CLOSED
2023-04-17 13:46:54,464 - DEBUG - = connection is CONNECTING
2023-04-17 13:46:54,508 - DEBUG - > GET /ocpp16/ELA007C05/EVSCA050002 HTTP/1.1
2023-04-17 13:46:54,508 - DEBUG - > Host: ws.devevspcharger.uplus.co.kr
2023-04-17 13:46:54,508 - DEBUG - > Upgrade: websocket
2023-04-17 13:46:54,508 - DEBUG - > Connection: Upgrade
2023-04-17 13:46:54,509 - DEBUG - > Sec-WebSocket-Key: RRkVoTeeWExEMf6qL75Veg==
2023-04-17 13:46:54,509 - DEBUG - > Sec-WebSocket-Version: 13
2023-04-17 13:46:54,509 - DEBUG - > Sec-WebSocket-Extensions: permessage-deflate; client_max_window_bits
2023-04-17 13:46:54,509 - DEBUG - > Sec-WebSocket-Protocol: ocpp1.6
2023-04-17 13:46:54,509 - DEBUG - > Authorization: Basic RVZBUjpFVkFSTEdV
2023-04-17 13:46:54,509 - DEBUG - > User-Agent: Python/3.11 websockets/10.4
2023-04-17 13:46:54,750 - DEBUG - < HTTP/1.1 101 Switching Protocols
2023-04-17 13:46:54,751 - DEBUG - < Connection: upgrade
2023-04-17 13:46:54,751 - DEBUG - < Date: Mon, 17 Apr 2023 04:46:43 GMT
2023-04-17 13:46:54,751 - DEBUG - < sec-websocket-protocol: ocpp1.6
2023-04-17 13:46:54,751 - DEBUG - < upgrade: websocket
2023-04-17 13:46:54,751 - DEBUG - < sec-websocket-accept: YupfaYE705WKBQTQZUXqL14LfK4=
2023-04-17 13:46:54,751 - DEBUG - < sec-websocket-extensions: permessage-deflate
2023-04-17 13:46:54,751 - DEBUG - < X-Cache: Miss from cloudfront
2023-04-17 13:46:54,752 - DEBUG - < Via: 1.1 96d5e926418becbc899e1a730ab37236.cloudfront.net (CloudFront)
2023-04-17 13:46:54,752 - DEBUG - < X-Amz-Cf-Pop: ICN57-P2
2023-04-17 13:46:54,752 - DEBUG - < X-Amz-Cf-Id: vjlYvtI0OkWwXoW0Uj3FqM37pxDIVCMWnBPV658XWWedA-_DUVTQIQ==
2023-04-17 13:46:54,752 - DEBUG - = connection is OPEN
2023-04-17 13:46:54,777 - DEBUG - > TEXT '[2, "13b9ba19-38a7-477f-b94e-36cc1d51c2f0", "Bo...ePointVendor": "EVAR"}]' [127 bytes]
2023-04-17 13:46:55,033 - DEBUG - < TEXT '[3, "13b9ba19-38a7-477f-b94e-36cc1d51c2f0", {"s...43Z", "interval": 600}]' [123 bytes]
2023-04-17 13:46:55,049 - ERROR - Task exception was never retrieved
future: <Task finished name='Task-2' coro=<ChargerSim.startEvent() done, defined at D:\workspace\wss\main.py:124> exception=TypeError("string indices must be integers, not 'str'")>
Traceback (most recent call last):
  File "D:\workspace\wss\main.py", line 144, in startEvent
    await self.charger.runcase(self.TC_selected if len(self.TC_selected.keys())>0 else self.TC)
  File "D:\workspace\wss\Charger.py", line 343, in runcase
    doc = self.ocppdocs[c[1]]
          ~~~~~~~~~~~~~^^^^^^
TypeError: string indices must be integers, not 'str'
2023-04-17 13:46:58,617 - DEBUG - = connection is CONNECTING
2023-04-17 13:46:58,655 - DEBUG - > GET /ocpp16/ELA007C05/EVSCA050002 HTTP/1.1
2023-04-17 13:46:58,657 - DEBUG - > Host: ws.devevspcharger.uplus.co.kr
2023-04-17 13:46:58,657 - DEBUG - > Upgrade: websocket
2023-04-17 13:46:58,657 - DEBUG - > Connection: Upgrade
2023-04-17 13:46:58,657 - DEBUG - > Sec-WebSocket-Key: nMV+S5pNUtCfugQAbaHcxQ==
2023-04-17 13:46:58,657 - DEBUG - > Sec-WebSocket-Version: 13
2023-04-17 13:46:58,657 - DEBUG - > Sec-WebSocket-Extensions: permessage-deflate; client_max_window_bits
2023-04-17 13:46:58,657 - DEBUG - > Sec-WebSocket-Protocol: ocpp1.6
2023-04-17 13:46:58,657 - DEBUG - > Authorization: Basic RVZBUjpFVkFSTEdV
2023-04-17 13:46:58,658 - DEBUG - > User-Agent: Python/3.11 websockets/10.4
2023-04-17 13:46:58,982 - DEBUG - < HTTP/1.1 101 Switching Protocols
2023-04-17 13:46:58,982 - DEBUG - < Connection: upgrade
2023-04-17 13:46:58,982 - DEBUG - < Date: Mon, 17 Apr 2023 04:46:47 GMT
2023-04-17 13:46:58,982 - DEBUG - < sec-websocket-protocol: ocpp1.6
2023-04-17 13:46:58,982 - DEBUG - < upgrade: websocket
2023-04-17 13:46:58,982 - DEBUG - < sec-websocket-accept: d7tnjjbKNsRIM723WQR9OJo1MSo=
2023-04-17 13:46:58,983 - DEBUG - < sec-websocket-extensions: permessage-deflate
2023-04-17 13:46:58,983 - DEBUG - < X-Cache: Miss from cloudfront
2023-04-17 13:46:58,983 - DEBUG - < Via: 1.1 9ae7abacc9e2c811909db23dbe603ad4.cloudfront.net (CloudFront)
2023-04-17 13:46:58,983 - DEBUG - < X-Amz-Cf-Pop: ICN57-P2
2023-04-17 13:46:58,983 - DEBUG - < X-Amz-Cf-Id: sp0viPwT8UCVNhyRrfzlCAex0nuG1p9yvKnTVBFAR9354Rbe_xIIXA==
2023-04-17 13:46:58,983 - DEBUG - = connection is OPEN
2023-04-17 13:46:59,004 - DEBUG - > TEXT '[2, "4fb06d16-2570-45db-9e65-e9deaccd3257", "Bo...ePointVendor": "EVAR"}]' [127 bytes]
2023-04-17 13:46:59,257 - DEBUG - < TEXT '[3, "4fb06d16-2570-45db-9e65-e9deaccd3257", {"s...48Z", "interval": 600}]' [123 bytes]
2023-04-17 13:47:06,570 - DEBUG - Starting new HTTPS connection (1): rgw.devevspcharger.uplus.co.kr:443
2023-04-17 13:47:07,159 - DEBUG - https://rgw.devevspcharger.uplus.co.kr:443 "POST /ioc HTTP/1.1" 200 217
2023-04-17 13:47:07,172 - DEBUG - < TEXT '[2, "c05fc6aa-cf5e-4233-99bf-7602bf3ed1dd", "Re...rvationId": 120533082}]' [172 bytes]
2023-04-17 13:47:07,179 - DEBUG - > TEXT '[3, "c05fc6aa-cf5e-4233-99bf-7602bf3ed1dd", {"status": "Accepted"}]' [67 bytes]
2023-04-17 13:47:07,315 - DEBUG - < TEXT '' [0 bytes]
2023-04-17 13:47:07,353 - DEBUG - > TEXT '[2, "4fb06d16-2570-45db-9e65-e9deaccd3257", "St... "status": "Reserved"}]' [131 bytes]
2023-04-17 13:47:07,533 - DEBUG - < TEXT '[3, "4fb06d16-2570-45db-9e65-e9deaccd3257", {}]' [47 bytes]
2023-04-17 13:47:07,569 - DEBUG - > TEXT '[2, "4fb06d16-2570-45db-9e65-e9deaccd3257", "Au...": "1031040000069641"}]' [87 bytes]
2023-04-17 13:47:07,812 - DEBUG - < TEXT '[3, "4fb06d16-2570-45db-9e65-e9deaccd3257", {"i..."status": "Accepted"}}]' [82 bytes]
2023-04-17 13:47:07,847 - DEBUG - > TEXT '[2, "4fb06d16-2570-45db-9e65-e9deaccd3257", "St..."status": "Preparing"}]' [132 bytes]
2023-04-17 13:47:08,031 - DEBUG - < TEXT '[3, "4fb06d16-2570-45db-9e65-e9deaccd3257", {}]' [47 bytes]
2023-04-17 13:47:08,075 - DEBUG - = connection is CLOSING
2023-04-17 13:47:08,075 - DEBUG - > CLOSE 1000 (OK) [2 bytes]
2023-04-17 13:47:08,083 - DEBUG - < CLOSE 1000 (OK) [2 bytes]
2023-04-17 13:47:08,088 - DEBUG - = connection is CLOSED
2023-04-17 13:47:14,753 - DEBUG - % sending keepalive ping
2023-04-17 13:47:14,753 - DEBUG - > PING b9 0f 75 ce [binary, 4 bytes]
2023-04-17 13:47:14,767 - DEBUG - < PONG b9 0f 75 ce [binary, 4 bytes]
2023-04-17 13:47:14,771 - DEBUG - % received keepalive pong
2023-04-17 13:47:24,264 - DEBUG - = connection is CONNECTING
2023-04-17 13:47:24,296 - DEBUG - > GET /ocpp16/ELA007C05/EVSCA050002 HTTP/1.1
2023-04-17 13:47:24,296 - DEBUG - > Host: ws.devevspcharger.uplus.co.kr
2023-04-17 13:47:24,297 - DEBUG - > Upgrade: websocket
2023-04-17 13:47:24,297 - DEBUG - > Connection: Upgrade
2023-04-17 13:47:24,297 - DEBUG - > Sec-WebSocket-Key: fb1376iFiIdRGIL5bEOeig==
2023-04-17 13:47:24,297 - DEBUG - > Sec-WebSocket-Version: 13
2023-04-17 13:47:24,297 - DEBUG - > Sec-WebSocket-Extensions: permessage-deflate; client_max_window_bits
2023-04-17 13:47:24,297 - DEBUG - > Sec-WebSocket-Protocol: ocpp1.6
2023-04-17 13:47:24,297 - DEBUG - > Authorization: Basic RVZBUjpFVkFSTEdV
2023-04-17 13:47:24,297 - DEBUG - > User-Agent: Python/3.11 websockets/10.4
2023-04-17 13:47:24,521 - DEBUG - < HTTP/1.1 101 Switching Protocols
2023-04-17 13:47:24,521 - DEBUG - < Connection: upgrade
2023-04-17 13:47:24,521 - DEBUG - < Date: Mon, 17 Apr 2023 04:47:13 GMT
2023-04-17 13:47:24,521 - DEBUG - < sec-websocket-protocol: ocpp1.6
2023-04-17 13:47:24,521 - DEBUG - < upgrade: websocket
2023-04-17 13:47:24,522 - DEBUG - < sec-websocket-accept: tNXsVojhWRMipQu7IBamVqeDR4E=
2023-04-17 13:47:24,522 - DEBUG - < sec-websocket-extensions: permessage-deflate
2023-04-17 13:47:24,522 - DEBUG - < X-Cache: Miss from cloudfront
2023-04-17 13:47:24,522 - DEBUG - < Via: 1.1 88978ba000ab6fbb0841a728290a8442.cloudfront.net (CloudFront)
2023-04-17 13:47:24,522 - DEBUG - < X-Amz-Cf-Pop: ICN57-P2
2023-04-17 13:47:24,522 - DEBUG - < X-Amz-Cf-Id: AvJ0vG8d3fQWZZhCPCo7VV1w1tEe5VJJuKgcjjBBZaSdVVtU8fpsLg==
2023-04-17 13:47:24,522 - DEBUG - = connection is OPEN
2023-04-17 13:47:24,545 - DEBUG - > TEXT '[2, "b0e6b132-bb83-4b0a-8baa-29168b5632f5", "Bo...ePointVendor": "EVAR"}]' [127 bytes]
2023-04-17 13:47:24,816 - DEBUG - < TEXT '[3, "b0e6b132-bb83-4b0a-8baa-29168b5632f5", {"s...13Z", "interval": 600}]' [123 bytes]
2023-04-17 13:47:27,730 - DEBUG - Starting new HTTPS connection (1): rgw.devevspcharger.uplus.co.kr:443
2023-04-17 13:47:28,124 - DEBUG - https://rgw.devevspcharger.uplus.co.kr:443 "POST /ioc HTTP/1.1" 200 217
2023-04-17 13:47:28,140 - DEBUG - < TEXT '[2, "91c78a3e-ca20-461c-89d1-ad43a7d2d112", "Re...rvationId": 120533082}]' [172 bytes]
2023-04-17 13:47:28,147 - DEBUG - > TEXT '[3, "91c78a3e-ca20-461c-89d1-ad43a7d2d112", {"status": "Accepted"}]' [67 bytes]
2023-04-17 13:47:28,314 - DEBUG - < TEXT '' [0 bytes]
2023-04-17 13:47:28,367 - DEBUG - > TEXT '[2, "b0e6b132-bb83-4b0a-8baa-29168b5632f5", "St... "status": "Reserved"}]' [131 bytes]
2023-04-17 13:47:28,575 - DEBUG - < TEXT '[3, "b0e6b132-bb83-4b0a-8baa-29168b5632f5", {}]' [47 bytes]
2023-04-17 13:47:28,617 - DEBUG - > TEXT '[2, "b0e6b132-bb83-4b0a-8baa-29168b5632f5", "Au...": "1031040000069641"}]' [87 bytes]
2023-04-17 13:47:28,866 - DEBUG - < TEXT '[3, "b0e6b132-bb83-4b0a-8baa-29168b5632f5", {"i..."status": "Accepted"}}]' [82 bytes]
2023-04-17 13:47:28,904 - DEBUG - > TEXT '[2, "b0e6b132-bb83-4b0a-8baa-29168b5632f5", "St..."status": "Preparing"}]' [132 bytes]
2023-04-17 13:47:29,096 - DEBUG - < TEXT '[3, "b0e6b132-bb83-4b0a-8baa-29168b5632f5", {}]' [47 bytes]
2023-04-17 13:47:29,134 - DEBUG - > TEXT '[2, "2721a5d8-0de8-4ebb-9430-8c264b494a21", "St...rvationId": 120533082}]' [198 bytes]
2023-04-17 13:47:29,476 - DEBUG - < TEXT '[3, "2721a5d8-0de8-4ebb-9430-8c264b494a21", {"t..."status": "Accepted"}}]' [110 bytes]
2023-04-17 13:47:29,529 - DEBUG - > TEXT '[2, "b0e6b132-bb83-4b0a-8baa-29168b5632f5", "St... "status": "Charging"}]' [131 bytes]
2023-04-17 13:47:29,725 - DEBUG - < TEXT '[3, "b0e6b132-bb83-4b0a-8baa-29168b5632f5", {}]' [47 bytes]
2023-04-17 13:47:29,760 - DEBUG - = connection is CLOSING
2023-04-17 13:47:29,760 - DEBUG - > CLOSE 1000 (OK) [2 bytes]
2023-04-17 13:47:29,779 - DEBUG - < CLOSE 1000 (OK) [2 bytes]
2023-04-17 13:47:29,783 - DEBUG - = connection is CLOSED
2023-04-17 13:47:34,768 - DEBUG - % sending keepalive ping
2023-04-17 13:47:34,768 - DEBUG - > PING 8c 01 a5 91 [binary, 4 bytes]
2023-04-17 13:47:34,776 - DEBUG - < PONG 8c 01 a5 91 [binary, 4 bytes]
2023-04-17 13:47:34,779 - DEBUG - % received keepalive pong
2023-04-17 13:47:54,769 - DEBUG - % sending keepalive ping
2023-04-17 13:47:54,770 - DEBUG - > PING e3 9c e1 cf [binary, 4 bytes]
2023-04-17 13:47:54,777 - DEBUG - < PONG e3 9c e1 cf [binary, 4 bytes]
2023-04-17 13:47:54,779 - DEBUG - % received keepalive pong
2023-04-17 13:48:14,767 - DEBUG - % sending keepalive ping
2023-04-17 13:48:14,767 - DEBUG - > PING b8 ab 9e f9 [binary, 4 bytes]
2023-04-17 13:48:14,775 - DEBUG - < PONG b8 ab 9e f9 [binary, 4 bytes]
2023-04-17 13:48:14,781 - DEBUG - % received keepalive pong
2023-04-17 13:48:34,769 - DEBUG - % sending keepalive ping
2023-04-17 13:48:34,769 - DEBUG - > PING 70 94 1c 61 [binary, 4 bytes]
2023-04-17 13:48:34,776 - DEBUG - < PONG 70 94 1c 61 [binary, 4 bytes]
2023-04-17 13:48:34,780 - DEBUG - % received keepalive pong
2023-04-17 13:48:44,500 - DEBUG - = connection is CONNECTING
2023-04-17 13:48:44,539 - DEBUG - > GET /ocpp16/ELA007C05/EVSCA050002 HTTP/1.1
2023-04-17 13:48:44,540 - DEBUG - > Host: ws.devevspcharger.uplus.co.kr
2023-04-17 13:48:44,540 - DEBUG - > Upgrade: websocket
2023-04-17 13:48:44,540 - DEBUG - > Connection: Upgrade
2023-04-17 13:48:44,540 - DEBUG - > Sec-WebSocket-Key: HLZBF5I+39rxYsxI4mKOwQ==
2023-04-17 13:48:44,540 - DEBUG - > Sec-WebSocket-Version: 13
2023-04-17 13:48:44,540 - DEBUG - > Sec-WebSocket-Extensions: permessage-deflate; client_max_window_bits
2023-04-17 13:48:44,540 - DEBUG - > Sec-WebSocket-Protocol: ocpp1.6
2023-04-17 13:48:44,540 - DEBUG - > Authorization: Basic RVZBUjpFVkFSTEdV
2023-04-17 13:48:44,540 - DEBUG - > User-Agent: Python/3.11 websockets/10.4
2023-04-17 13:48:45,042 - DEBUG - < HTTP/1.1 101 Switching Protocols
2023-04-17 13:48:45,042 - DEBUG - < Connection: upgrade
2023-04-17 13:48:45,042 - DEBUG - < Date: Mon, 17 Apr 2023 04:48:33 GMT
2023-04-17 13:48:45,042 - DEBUG - < sec-websocket-protocol: ocpp1.6
2023-04-17 13:48:45,042 - DEBUG - < upgrade: websocket
2023-04-17 13:48:45,042 - DEBUG - < sec-websocket-accept: FPwUa4oKQFbf6H+WJR2UscTojnI=
2023-04-17 13:48:45,042 - DEBUG - < sec-websocket-extensions: permessage-deflate
2023-04-17 13:48:45,043 - DEBUG - < X-Cache: Miss from cloudfront
2023-04-17 13:48:45,043 - DEBUG - < Via: 1.1 e649e91ecb78f4d44c5fc28ed185c6e0.cloudfront.net (CloudFront)
2023-04-17 13:48:45,043 - DEBUG - < X-Amz-Cf-Pop: ICN57-P2
2023-04-17 13:48:45,043 - DEBUG - < X-Amz-Cf-Id: CWI8asWzsyWkG6b9KYoEcdyHPlytdg2s9MC2cimnyLc32c3Nctm0Ew==
2023-04-17 13:48:45,043 - DEBUG - = connection is OPEN
2023-04-17 13:48:45,065 - DEBUG - > TEXT '[2, "74bb86ce-5dcd-46c2-b976-3a6db2977d41", "Bo...ePointVendor": "EVAR"}]' [127 bytes]
2023-04-17 13:48:45,499 - DEBUG - < TEXT '[3, "74bb86ce-5dcd-46c2-b976-3a6db2977d41", {"s...34Z", "interval": 600}]' [123 bytes]
2023-04-17 13:48:48,145 - DEBUG - Starting new HTTPS connection (1): rgw.devevspcharger.uplus.co.kr:443
2023-04-17 13:48:48,723 - DEBUG - https://rgw.devevspcharger.uplus.co.kr:443 "POST /ioc HTTP/1.1" 200 217
2023-04-17 13:48:48,731 - DEBUG - < TEXT '[2, "c882595b-cedf-464d-9ac6-6821b13ba072", "Re...rvationId": 120533082}]' [172 bytes]
2023-04-17 13:48:48,737 - DEBUG - > TEXT '[3, "c882595b-cedf-464d-9ac6-6821b13ba072", {"status": "Accepted"}]' [67 bytes]
2023-04-17 13:48:48,913 - DEBUG - < TEXT '' [0 bytes]
2023-04-17 13:48:48,947 - DEBUG - > TEXT '[2, "74bb86ce-5dcd-46c2-b976-3a6db2977d41", "St... "status": "Reserved"}]' [131 bytes]
2023-04-17 13:48:49,157 - DEBUG - < TEXT '[3, "74bb86ce-5dcd-46c2-b976-3a6db2977d41", {}]' [47 bytes]
2023-04-17 13:48:49,190 - DEBUG - > TEXT '[2, "74bb86ce-5dcd-46c2-b976-3a6db2977d41", "Au...": "1031040000069641"}]' [87 bytes]
2023-04-17 13:48:49,455 - DEBUG - < TEXT '[3, "74bb86ce-5dcd-46c2-b976-3a6db2977d41", {"i..."status": "Accepted"}}]' [82 bytes]
2023-04-17 13:48:49,485 - DEBUG - > TEXT '[2, "74bb86ce-5dcd-46c2-b976-3a6db2977d41", "St..."status": "Preparing"}]' [132 bytes]
2023-04-17 13:48:49,675 - DEBUG - < TEXT '[3, "74bb86ce-5dcd-46c2-b976-3a6db2977d41", {}]' [47 bytes]
2023-04-17 13:48:49,705 - DEBUG - > TEXT '[2, "aaf3b154-8a20-4b2c-b997-7b647ee8115f", "St...rvationId": 120533082}]' [198 bytes]
2023-04-17 13:48:50,117 - DEBUG - < TEXT '[3, "aaf3b154-8a20-4b2c-b997-7b647ee8115f", {"t..."status": "Accepted"}}]' [110 bytes]
2023-04-17 13:48:50,152 - DEBUG - > TEXT '[2, "74bb86ce-5dcd-46c2-b976-3a6db2977d41", "St... "status": "Charging"}]' [131 bytes]
2023-04-17 13:48:50,335 - DEBUG - < TEXT '[3, "74bb86ce-5dcd-46c2-b976-3a6db2977d41", {}]' [47 bytes]
2023-04-17 13:48:50,355 - DEBUG - = connection is CLOSING
2023-04-17 13:48:50,355 - DEBUG - > CLOSE 1000 (OK) [2 bytes]
2023-04-17 13:48:50,363 - DEBUG - < CLOSE 1000 (OK) [2 bytes]
2023-04-17 13:48:50,369 - DEBUG - = connection is CLOSED
2023-04-17 13:48:54,773 - DEBUG - % sending keepalive ping
2023-04-17 13:48:54,774 - DEBUG - > PING bf cf e4 77 [binary, 4 bytes]
2023-04-17 13:48:54,781 - DEBUG - < PONG bf cf e4 77 [binary, 4 bytes]
2023-04-17 13:48:54,783 - DEBUG - % received keepalive pong
2023-04-17 13:49:14,767 - DEBUG - % sending keepalive ping
2023-04-17 13:49:14,768 - DEBUG - > PING 57 d3 48 bb [binary, 4 bytes]
2023-04-17 13:49:14,776 - DEBUG - < PONG 57 d3 48 bb [binary, 4 bytes]
2023-04-17 13:49:14,784 - DEBUG - % received keepalive pong
2023-04-17 13:49:34,769 - DEBUG - % sending keepalive ping
2023-04-17 13:49:34,770 - DEBUG - > PING e8 c7 21 0f [binary, 4 bytes]
2023-04-17 13:49:34,777 - DEBUG - < PONG e8 c7 21 0f [binary, 4 bytes]
2023-04-17 13:49:34,781 - DEBUG - % received keepalive pong
2023-04-17 13:49:54,767 - DEBUG - % sending keepalive ping
2023-04-17 13:49:54,768 - DEBUG - > PING e0 a0 dc 35 [binary, 4 bytes]
2023-04-17 13:49:54,775 - DEBUG - < PONG e0 a0 dc 35 [binary, 4 bytes]
2023-04-17 13:49:54,778 - DEBUG - % received keepalive pong
2023-04-17 13:50:07,198 - DEBUG - = connection is CONNECTING
2023-04-17 13:50:07,233 - DEBUG - > GET /ocpp16/ELA007C05/EVSCA050002 HTTP/1.1
2023-04-17 13:50:07,233 - DEBUG - > Host: ws.devevspcharger.uplus.co.kr
2023-04-17 13:50:07,236 - DEBUG - > Upgrade: websocket
2023-04-17 13:50:07,237 - DEBUG - > Connection: Upgrade
2023-04-17 13:50:07,237 - DEBUG - > Sec-WebSocket-Key: rKr/Lh7zpRHC1BrjfHEnyg==
2023-04-17 13:50:07,237 - DEBUG - > Sec-WebSocket-Version: 13
2023-04-17 13:50:07,237 - DEBUG - > Sec-WebSocket-Extensions: permessage-deflate; client_max_window_bits
2023-04-17 13:50:07,237 - DEBUG - > Sec-WebSocket-Protocol: ocpp1.6
2023-04-17 13:50:07,237 - DEBUG - > Authorization: Basic RVZBUjpFVkFSTEdV
2023-04-17 13:50:07,237 - DEBUG - > User-Agent: Python/3.11 websockets/10.4
2023-04-17 13:50:07,753 - DEBUG - < HTTP/1.1 101 Switching Protocols
2023-04-17 13:50:07,753 - DEBUG - < Connection: upgrade
2023-04-17 13:50:07,753 - DEBUG - < Date: Mon, 17 Apr 2023 04:49:56 GMT
2023-04-17 13:50:07,753 - DEBUG - < sec-websocket-protocol: ocpp1.6
2023-04-17 13:50:07,754 - DEBUG - < upgrade: websocket
2023-04-17 13:50:07,754 - DEBUG - < sec-websocket-accept: FF4FEM8PICH1MO7q2Y6jnYcaiRc=
2023-04-17 13:50:07,756 - DEBUG - < sec-websocket-extensions: permessage-deflate
2023-04-17 13:50:07,756 - DEBUG - < X-Cache: Miss from cloudfront
2023-04-17 13:50:07,756 - DEBUG - < Via: 1.1 5a0f884e3a21756e824f803c83d7f3d0.cloudfront.net (CloudFront)
2023-04-17 13:50:07,757 - DEBUG - < X-Amz-Cf-Pop: ICN57-P2
2023-04-17 13:50:07,757 - DEBUG - < X-Amz-Cf-Id: lqaOW5w-L85LqO6WObpYphs-K5483VZrZZvZdletUIK8gxp7LYQ8dQ==
2023-04-17 13:50:07,757 - DEBUG - = connection is OPEN
2023-04-17 13:50:07,782 - DEBUG - > TEXT '[2, "d48126f3-1dd4-4b48-96a3-6740e0ab4335", "Bo...ePointVendor": "EVAR"}]' [127 bytes]
2023-04-17 13:50:08,196 - DEBUG - < TEXT '[3, "d48126f3-1dd4-4b48-96a3-6740e0ab4335", {"s...56Z", "interval": 600}]' [123 bytes]
2023-04-17 13:50:10,579 - DEBUG - Starting new HTTPS connection (1): rgw.devevspcharger.uplus.co.kr:443
2023-04-17 13:50:11,228 - DEBUG - https://rgw.devevspcharger.uplus.co.kr:443 "POST /ioc HTTP/1.1" 200 217
2023-04-17 13:50:11,241 - DEBUG - < TEXT '[2, "f273e70f-71ff-41cc-81e4-c62ece901697", "Re...rvationId": 120533082}]' [172 bytes]
2023-04-17 13:50:11,246 - DEBUG - > TEXT '[3, "f273e70f-71ff-41cc-81e4-c62ece901697", {"status": "Occupied"}]' [67 bytes]
2023-04-17 13:50:11,417 - DEBUG - < TEXT '' [0 bytes]
2023-04-17 13:50:11,437 - DEBUG - = connection is CLOSING
2023-04-17 13:50:11,437 - DEBUG - > CLOSE 1000 (OK) [2 bytes]
2023-04-17 13:50:11,447 - DEBUG - < CLOSE 1000 (OK) [2 bytes]
2023-04-17 13:50:11,452 - DEBUG - = connection is CLOSED
2023-04-17 13:50:14,770 - DEBUG - % sending keepalive ping
2023-04-17 13:50:14,770 - DEBUG - > PING 'c~N8' [text, 4 bytes]
2023-04-17 13:50:14,778 - DEBUG - < PONG 'c~N8' [text, 4 bytes]
2023-04-17 13:50:14,781 - DEBUG - % received keepalive pong
2023-04-17 13:50:34,764 - DEBUG - % sending keepalive ping
2023-04-17 13:50:34,765 - DEBUG - > PING ab 1c 05 f0 [binary, 4 bytes]
2023-04-17 13:50:34,772 - DEBUG - < PONG ab 1c 05 f0 [binary, 4 bytes]
2023-04-17 13:50:34,777 - DEBUG - % received keepalive pong
2023-04-17 13:50:47,793 - DEBUG - = connection is CONNECTING
2023-04-17 13:50:47,823 - DEBUG - > GET /ocpp16/ELA007C05/EVSCA050002 HTTP/1.1
2023-04-17 13:50:47,823 - DEBUG - > Host: ws.devevspcharger.uplus.co.kr
2023-04-17 13:50:47,823 - DEBUG - > Upgrade: websocket
2023-04-17 13:50:47,823 - DEBUG - > Connection: Upgrade
2023-04-17 13:50:47,823 - DEBUG - > Sec-WebSocket-Key: n8HFrIkquySNcZGeFJrb/Q==
2023-04-17 13:50:47,823 - DEBUG - > Sec-WebSocket-Version: 13
2023-04-17 13:50:47,823 - DEBUG - > Sec-WebSocket-Extensions: permessage-deflate; client_max_window_bits
2023-04-17 13:50:47,824 - DEBUG - > Sec-WebSocket-Protocol: ocpp1.6
2023-04-17 13:50:47,824 - DEBUG - > Authorization: Basic RVZBUjpFVkFSTEdV
2023-04-17 13:50:47,824 - DEBUG - > User-Agent: Python/3.11 websockets/10.4
2023-04-17 13:50:48,049 - DEBUG - < HTTP/1.1 101 Switching Protocols
2023-04-17 13:50:48,050 - DEBUG - < Connection: upgrade
2023-04-17 13:50:48,050 - DEBUG - < Date: Mon, 17 Apr 2023 04:50:36 GMT
2023-04-17 13:50:48,050 - DEBUG - < sec-websocket-protocol: ocpp1.6
2023-04-17 13:50:48,050 - DEBUG - < upgrade: websocket
2023-04-17 13:50:48,050 - DEBUG - < sec-websocket-accept: qm8Ym0FznK0Yu4vBaKiZUMmdwlo=
2023-04-17 13:50:48,050 - DEBUG - < sec-websocket-extensions: permessage-deflate
2023-04-17 13:50:48,050 - DEBUG - < X-Cache: Miss from cloudfront
2023-04-17 13:50:48,050 - DEBUG - < Via: 1.1 8e619a006d3eebbe44543457c797a4f0.cloudfront.net (CloudFront)
2023-04-17 13:50:48,051 - DEBUG - < X-Amz-Cf-Pop: ICN57-P2
2023-04-17 13:50:48,051 - DEBUG - < X-Amz-Cf-Id: zTmeIOvy-w38xRWQRRIQoW4CHlwaWE5hJE7892JWeyvETlg48vo1-A==
2023-04-17 13:50:48,051 - DEBUG - = connection is OPEN
2023-04-17 13:50:48,085 - DEBUG - > TEXT '[2, "81eb4523-fb13-40db-b6f0-149c38a284e5", "Bo...ePointVendor": "EVAR"}]' [127 bytes]
2023-04-17 13:50:48,340 - DEBUG - < TEXT '[3, "81eb4523-fb13-40db-b6f0-149c38a284e5", {"s...37Z", "interval": 600}]' [123 bytes]
2023-04-17 13:50:50,698 - DEBUG - Starting new HTTPS connection (1): rgw.devevspcharger.uplus.co.kr:443
2023-04-17 13:50:51,174 - DEBUG - https://rgw.devevspcharger.uplus.co.kr:443 "POST /ioc HTTP/1.1" 200 217
2023-04-17 13:50:51,189 - DEBUG - < TEXT '[2, "ada479cb-d22e-4d39-9586-b7a31798c640", "Re...rvationId": 120533082}]' [172 bytes]
2023-04-17 13:50:51,196 - DEBUG - > TEXT '[3, "ada479cb-d22e-4d39-9586-b7a31798c640", {"status": "Unavailable"}]' [70 bytes]
2023-04-17 13:50:51,356 - DEBUG - < TEXT '' [0 bytes]
2023-04-17 13:50:51,368 - DEBUG - = connection is CLOSING
2023-04-17 13:50:51,368 - DEBUG - > CLOSE 1000 (OK) [2 bytes]
2023-04-17 13:50:51,376 - DEBUG - < CLOSE 1000 (OK) [2 bytes]
2023-04-17 13:50:51,380 - DEBUG - = connection is CLOSED
2023-04-17 13:50:54,777 - DEBUG - % sending keepalive ping
2023-04-17 13:50:54,778 - DEBUG - > PING '{M\u075a' [text, 4 bytes]
2023-04-17 13:50:54,896 - DEBUG - < PONG '{M\u075a' [text, 4 bytes]
2023-04-17 13:50:54,899 - DEBUG - % received keepalive pong
2023-04-17 13:51:14,900 - DEBUG - % sending keepalive ping
2023-04-17 13:51:14,901 - DEBUG - > PING 8a 10 31 ed [binary, 4 bytes]
2023-04-17 13:51:14,914 - DEBUG - < PONG 8a 10 31 ed [binary, 4 bytes]
2023-04-17 13:51:14,920 - DEBUG - % received keepalive pong
2023-04-17 13:51:17,497 - DEBUG - = connection is CONNECTING
2023-04-17 13:51:17,533 - DEBUG - > GET /ocpp16/ELA007C05/EVSCA050002 HTTP/1.1
2023-04-17 13:51:17,533 - DEBUG - > Host: ws.devevspcharger.uplus.co.kr
2023-04-17 13:51:17,533 - DEBUG - > Upgrade: websocket
2023-04-17 13:51:17,533 - DEBUG - > Connection: Upgrade
2023-04-17 13:51:17,533 - DEBUG - > Sec-WebSocket-Key: t97JZ499jEsqaE0tqKAwzA==
2023-04-17 13:51:17,534 - DEBUG - > Sec-WebSocket-Version: 13
2023-04-17 13:51:17,534 - DEBUG - > Sec-WebSocket-Extensions: permessage-deflate; client_max_window_bits
2023-04-17 13:51:17,534 - DEBUG - > Sec-WebSocket-Protocol: ocpp1.6
2023-04-17 13:51:17,535 - DEBUG - > Authorization: Basic RVZBUjpFVkFSTEdV
2023-04-17 13:51:17,535 - DEBUG - > User-Agent: Python/3.11 websockets/10.4
2023-04-17 13:51:17,795 - DEBUG - < HTTP/1.1 101 Switching Protocols
2023-04-17 13:51:17,795 - DEBUG - < Connection: upgrade
2023-04-17 13:51:17,796 - DEBUG - < Date: Mon, 17 Apr 2023 04:51:06 GMT
2023-04-17 13:51:17,796 - DEBUG - < sec-websocket-protocol: ocpp1.6
2023-04-17 13:51:17,796 - DEBUG - < upgrade: websocket
2023-04-17 13:51:17,796 - DEBUG - < sec-websocket-accept: iIyTAYXACxxeU3elKDbRb+MGluQ=
2023-04-17 13:51:17,796 - DEBUG - < sec-websocket-extensions: permessage-deflate
2023-04-17 13:51:17,797 - DEBUG - < X-Cache: Miss from cloudfront
2023-04-17 13:51:17,798 - DEBUG - < Via: 1.1 1c2dddf38b53f960ce106f4047c232e4.cloudfront.net (CloudFront)
2023-04-17 13:51:17,798 - DEBUG - < X-Amz-Cf-Pop: ICN57-P2
2023-04-17 13:51:17,798 - DEBUG - < X-Amz-Cf-Id: 9lNpZBW7miRYCJqyUbo8hB4DoOOBIzmECc6tFWNxZKKZTkbTCyDkAg==
2023-04-17 13:51:17,798 - DEBUG - = connection is OPEN
2023-04-17 13:51:17,869 - DEBUG - > TEXT '[2, "346ac17d-994b-44a2-8fba-9859eb676298", "Bo...ePointVendor": "EVAR"}]' [127 bytes]
2023-04-17 13:51:18,168 - DEBUG - < TEXT '[3, "346ac17d-994b-44a2-8fba-9859eb676298", {"s...06Z", "interval": 600}]' [123 bytes]
2023-04-17 13:51:20,457 - DEBUG - Starting new HTTPS connection (1): rgw.devevspcharger.uplus.co.kr:443
2023-04-17 13:51:20,926 - DEBUG - https://rgw.devevspcharger.uplus.co.kr:443 "POST /ioc HTTP/1.1" 200 217
2023-04-17 13:51:20,939 - DEBUG - < TEXT '[2, "1df89d78-4809-4b51-ae62-ad12ab0f3149", "Re...rvationId": 120533082}]' [172 bytes]
2023-04-17 13:51:20,946 - DEBUG - > TEXT '[3, "1df89d78-4809-4b51-ae62-ad12ab0f3149", {"status": "Rejected"}]' [67 bytes]
2023-04-17 13:51:21,118 - DEBUG - < TEXT '' [0 bytes]
2023-04-17 13:51:21,135 - DEBUG - = connection is CLOSING
2023-04-17 13:51:21,135 - DEBUG - > CLOSE 1000 (OK) [2 bytes]
2023-04-17 13:51:21,143 - DEBUG - < CLOSE 1000 (OK) [2 bytes]
2023-04-17 13:51:21,149 - DEBUG - = connection is CLOSED
2023-04-17 13:51:34,922 - DEBUG - % sending keepalive ping
2023-04-17 13:51:34,923 - DEBUG - > PING fa cd 66 29 [binary, 4 bytes]
2023-04-17 13:51:34,931 - DEBUG - < PONG fa cd 66 29 [binary, 4 bytes]
2023-04-17 13:51:34,940 - DEBUG - % received keepalive pong
2023-04-17 13:51:54,943 - DEBUG - % sending keepalive ping
2023-04-17 13:51:54,943 - DEBUG - > PING 67 ee 99 6f [binary, 4 bytes]
2023-04-17 13:51:54,951 - DEBUG - < PONG 67 ee 99 6f [binary, 4 bytes]
2023-04-17 13:51:54,957 - DEBUG - % received keepalive pong
2023-04-17 13:52:04,298 - DEBUG - = connection is CONNECTING
2023-04-17 13:52:04,330 - DEBUG - > GET /ocpp16/ELA007C05/EVSCA050002 HTTP/1.1
2023-04-17 13:52:04,330 - DEBUG - > Host: ws.devevspcharger.uplus.co.kr
2023-04-17 13:52:04,331 - DEBUG - > Upgrade: websocket
2023-04-17 13:52:04,331 - DEBUG - > Connection: Upgrade
2023-04-17 13:52:04,331 - DEBUG - > Sec-WebSocket-Key: Km4TWOcPUJ2AV9QWavxQ2A==
2023-04-17 13:52:04,331 - DEBUG - > Sec-WebSocket-Version: 13
2023-04-17 13:52:04,331 - DEBUG - > Sec-WebSocket-Extensions: permessage-deflate; client_max_window_bits
2023-04-17 13:52:04,331 - DEBUG - > Sec-WebSocket-Protocol: ocpp1.6
2023-04-17 13:52:04,331 - DEBUG - > Authorization: Basic RVZBUjpFVkFSTEdV
2023-04-17 13:52:04,331 - DEBUG - > User-Agent: Python/3.11 websockets/10.4
2023-04-17 13:52:04,591 - DEBUG - < HTTP/1.1 101 Switching Protocols
2023-04-17 13:52:04,591 - DEBUG - < Connection: upgrade
2023-04-17 13:52:04,591 - DEBUG - < Date: Mon, 17 Apr 2023 04:51:53 GMT
2023-04-17 13:52:04,592 - DEBUG - < sec-websocket-protocol: ocpp1.6
2023-04-17 13:52:04,592 - DEBUG - < upgrade: websocket
2023-04-17 13:52:04,592 - DEBUG - < sec-websocket-accept: Os+yCjpSGbm2uRT8jRERznRMooM=
2023-04-17 13:52:04,592 - DEBUG - < sec-websocket-extensions: permessage-deflate
2023-04-17 13:52:04,592 - DEBUG - < X-Cache: Miss from cloudfront
2023-04-17 13:52:04,592 - DEBUG - < Via: 1.1 d21d7f64d4ce2d8fcbb5fbee217cca5a.cloudfront.net (CloudFront)
2023-04-17 13:52:04,592 - DEBUG - < X-Amz-Cf-Pop: ICN57-P2
2023-04-17 13:52:04,592 - DEBUG - < X-Amz-Cf-Id: t7J7rKHfQFs82yFYlWJeass1ft7FKjZqna-C4UbphKzxn9rn0RhT4w==
2023-04-17 13:52:04,592 - DEBUG - = connection is OPEN
2023-04-17 13:52:04,640 - DEBUG - > TEXT '[2, "efec680e-e5e8-4928-bd62-7eeaf44efc6e", "Bo...ePointVendor": "EVAR"}]' [127 bytes]
2023-04-17 13:52:04,877 - DEBUG - < TEXT '[3, "efec680e-e5e8-4928-bd62-7eeaf44efc6e", {"s...53Z", "interval": 600}]' [123 bytes]
2023-04-17 13:52:07,370 - DEBUG - Starting new HTTPS connection (1): rgw.devevspcharger.uplus.co.kr:443
2023-04-17 13:52:07,765 - DEBUG - https://rgw.devevspcharger.uplus.co.kr:443 "POST /ioc HTTP/1.1" 200 217
2023-04-17 13:52:07,777 - DEBUG - < TEXT '[2, "6a394e83-2987-4406-be75-5401ab429d37", "Re...rvationId": 120533082}]' [172 bytes]
2023-04-17 13:52:07,783 - DEBUG - > TEXT '[3, "6a394e83-2987-4406-be75-5401ab429d37", {"status": "Reserved"}]' [67 bytes]
2023-04-17 13:52:07,937 - DEBUG - < TEXT '' [0 bytes]
2023-04-17 13:52:07,951 - DEBUG - = connection is CLOSING
2023-04-17 13:52:07,951 - DEBUG - > CLOSE 1000 (OK) [2 bytes]
2023-04-17 13:52:07,959 - DEBUG - < CLOSE 1000 (OK) [2 bytes]
2023-04-17 13:52:07,965 - DEBUG - = connection is CLOSED
2023-04-17 13:52:14,951 - DEBUG - % sending keepalive ping
2023-04-17 13:52:14,951 - DEBUG - > PING b1 04 bd e4 [binary, 4 bytes]
2023-04-17 13:52:14,983 - DEBUG - < PONG b1 04 bd e4 [binary, 4 bytes]
2023-04-17 13:52:14,985 - DEBUG - % received keepalive pong
2023-04-17 13:52:34,981 - DEBUG - % sending keepalive ping
2023-04-17 13:52:34,981 - DEBUG - > PING 0f ff 57 22 [binary, 4 bytes]
2023-04-17 13:52:34,992 - DEBUG - < PONG 0f ff 57 22 [binary, 4 bytes]
2023-04-17 13:52:35,002 - DEBUG - % received keepalive pong
2023-04-17 13:52:49,300 - DEBUG - = connection is CONNECTING
2023-04-17 13:52:49,346 - DEBUG - > GET /ocpp16/ELA007C05/EVSCA050002 HTTP/1.1
2023-04-17 13:52:49,347 - DEBUG - > Host: ws.devevspcharger.uplus.co.kr
2023-04-17 13:52:49,347 - DEBUG - > Upgrade: websocket
2023-04-17 13:52:49,347 - DEBUG - > Connection: Upgrade
2023-04-17 13:52:49,348 - DEBUG - > Sec-WebSocket-Key: qjGu0pD781Yt+qF2P5zm1A==
2023-04-17 13:52:49,349 - DEBUG - > Sec-WebSocket-Version: 13
2023-04-17 13:52:49,349 - DEBUG - > Sec-WebSocket-Extensions: permessage-deflate; client_max_window_bits
2023-04-17 13:52:49,350 - DEBUG - > Sec-WebSocket-Protocol: ocpp1.6
2023-04-17 13:52:49,350 - DEBUG - > Authorization: Basic RVZBUjpFVkFSTEdV
2023-04-17 13:52:49,350 - DEBUG - > User-Agent: Python/3.11 websockets/10.4
2023-04-17 13:52:49,564 - DEBUG - < HTTP/1.1 101 Switching Protocols
2023-04-17 13:52:49,564 - DEBUG - < Connection: upgrade
2023-04-17 13:52:49,565 - DEBUG - < Date: Mon, 17 Apr 2023 04:52:38 GMT
2023-04-17 13:52:49,565 - DEBUG - < sec-websocket-protocol: ocpp1.6
2023-04-17 13:52:49,565 - DEBUG - < upgrade: websocket
2023-04-17 13:52:49,565 - DEBUG - < sec-websocket-accept: SCrY0m8Vein22YBeJEBFq0tul5k=
2023-04-17 13:52:49,565 - DEBUG - < sec-websocket-extensions: permessage-deflate
2023-04-17 13:52:49,565 - DEBUG - < X-Cache: Miss from cloudfront
2023-04-17 13:52:49,565 - DEBUG - < Via: 1.1 c6ed8cd25e4ec3b0d1a9c72155758a62.cloudfront.net (CloudFront)
2023-04-17 13:52:49,566 - DEBUG - < X-Amz-Cf-Pop: ICN57-P2
2023-04-17 13:52:49,566 - DEBUG - < X-Amz-Cf-Id: DK9XWzLJsTrVeYapWH6bIvgQBtdF5BajkIBogl3K-5DAtjgrOyrmVw==
2023-04-17 13:52:49,567 - DEBUG - = connection is OPEN
2023-04-17 13:52:49,608 - DEBUG - > TEXT '[2, "cbf9af34-1a7c-4648-8b6e-9079b3993fa6", "Bo...ePointVendor": "EVAR"}]' [127 bytes]
2023-04-17 13:52:49,876 - DEBUG - < TEXT '[3, "cbf9af34-1a7c-4648-8b6e-9079b3993fa6", {"s...38Z", "interval": 600}]' [123 bytes]
2023-04-17 13:52:52,343 - DEBUG - Starting new HTTPS connection (1): rgw.devevspcharger.uplus.co.kr:443
2023-04-17 13:52:52,818 - DEBUG - https://rgw.devevspcharger.uplus.co.kr:443 "POST /ioc HTTP/1.1" 200 217
2023-04-17 13:52:52,835 - DEBUG - < TEXT '[2, "2c6b17a4-c910-43dc-8fa3-3fbd67c3f3e1", "Re...rvationId": 120533082}]' [172 bytes]
2023-04-17 13:52:52,840 - DEBUG - > TEXT '[3, "2c6b17a4-c910-43dc-8fa3-3fbd67c3f3e1", {"status": "Accepted"}]' [67 bytes]
2023-04-17 13:52:52,976 - DEBUG - < TEXT '' [0 bytes]
2023-04-17 13:52:53,027 - DEBUG - > TEXT '[2, "cbf9af34-1a7c-4648-8b6e-9079b3993fa6", "St... "status": "Reserved"}]' [131 bytes]
2023-04-17 13:52:53,216 - DEBUG - < TEXT '[3, "cbf9af34-1a7c-4648-8b6e-9079b3993fa6", {}]' [47 bytes]
2023-04-17 13:52:55,006 - DEBUG - % sending keepalive ping
2023-04-17 13:52:55,006 - DEBUG - > PING ac 34 83 e2 [binary, 4 bytes]
2023-04-17 13:52:55,013 - DEBUG - < PONG ac 34 83 e2 [binary, 4 bytes]
2023-04-17 13:52:55,016 - DEBUG - % received keepalive pong
2023-04-17 13:52:56,182 - DEBUG - Starting new HTTPS connection (1): rgw.devevspcharger.uplus.co.kr:443
2023-04-17 13:52:56,587 - DEBUG - https://rgw.devevspcharger.uplus.co.kr:443 "POST /ioc HTTP/1.1" 200 77
2023-04-17 13:53:06,763 - DEBUG - Starting new HTTPS connection (1): rgw.devevspcharger.uplus.co.kr:443
2023-04-17 13:53:07,105 - DEBUG - https://rgw.devevspcharger.uplus.co.kr:443 "POST /ioc HTTP/1.1" 200 77
2023-04-17 13:53:09,569 - DEBUG - % sending keepalive ping
2023-04-17 13:53:09,569 - DEBUG - > PING a2 6f 8e 38 [binary, 4 bytes]
2023-04-17 13:53:09,578 - DEBUG - < PONG a2 6f 8e 38 [binary, 4 bytes]
2023-04-17 13:53:09,581 - DEBUG - % received keepalive pong
2023-04-17 13:53:15,016 - DEBUG - % sending keepalive ping
2023-04-17 13:53:15,016 - DEBUG - > PING ab 6b af 4a [binary, 4 bytes]
2023-04-17 13:53:15,050 - DEBUG - < PONG ab 6b af 4a [binary, 4 bytes]
2023-04-17 13:53:15,052 - DEBUG - % received keepalive pong
2023-04-17 13:53:21,158 - DEBUG - Starting new HTTPS connection (1): rgw.devevspcharger.uplus.co.kr:443
2023-04-17 13:53:21,514 - DEBUG - https://rgw.devevspcharger.uplus.co.kr:443 "POST /ioc HTTP/1.1" 200 77
2023-04-17 13:53:28,119 - DEBUG - = connection is CONNECTING
2023-04-17 13:53:28,150 - DEBUG - > GET /ocpp16/ELA007C05/EVSCA050002 HTTP/1.1
2023-04-17 13:53:28,150 - DEBUG - > Host: ws.devevspcharger.uplus.co.kr
2023-04-17 13:53:28,150 - DEBUG - > Upgrade: websocket
2023-04-17 13:53:28,151 - DEBUG - > Connection: Upgrade
2023-04-17 13:53:28,151 - DEBUG - > Sec-WebSocket-Key: YF0IeSoxrqd1aM6SCz8A+g==
2023-04-17 13:53:28,151 - DEBUG - > Sec-WebSocket-Version: 13
2023-04-17 13:53:28,151 - DEBUG - > Sec-WebSocket-Extensions: permessage-deflate; client_max_window_bits
2023-04-17 13:53:28,151 - DEBUG - > Sec-WebSocket-Protocol: ocpp1.6
2023-04-17 13:53:28,151 - DEBUG - > Authorization: Basic RVZBUjpFVkFSTEdV
2023-04-17 13:53:28,151 - DEBUG - > User-Agent: Python/3.11 websockets/10.4
2023-04-17 13:53:28,432 - DEBUG - < HTTP/1.1 101 Switching Protocols
2023-04-17 13:53:28,432 - DEBUG - < Connection: upgrade
2023-04-17 13:53:28,432 - DEBUG - < Date: Mon, 17 Apr 2023 04:53:17 GMT
2023-04-17 13:53:28,433 - DEBUG - < sec-websocket-protocol: ocpp1.6
2023-04-17 13:53:28,433 - DEBUG - < upgrade: websocket
2023-04-17 13:53:28,433 - DEBUG - < sec-websocket-accept: CRviKbabljFLgFWigdEQSTfKSN0=
2023-04-17 13:53:28,433 - DEBUG - < sec-websocket-extensions: permessage-deflate
2023-04-17 13:53:28,434 - DEBUG - < X-Cache: Miss from cloudfront
2023-04-17 13:53:28,434 - DEBUG - < Via: 1.1 599ddd31480edfa35dadcdd2b13e5b12.cloudfront.net (CloudFront)
2023-04-17 13:53:28,434 - DEBUG - < X-Amz-Cf-Pop: ICN57-P2
2023-04-17 13:53:28,434 - DEBUG - < X-Amz-Cf-Id: ROiZQB5oqFtxy3Ee1zeDfdZQyYDlmJveqATOm76oQxlPkvamGgr-tw==
2023-04-17 13:53:28,434 - DEBUG - = connection is OPEN
2023-04-17 13:53:28,501 - DEBUG - > TEXT '[2, "bd1946a6-23fc-41dd-9449-b5e61f094376", "Bo...ePointVendor": "EVAR"}]' [127 bytes]
2023-04-17 13:53:28,720 - DEBUG - < TEXT '[3, "bd1946a6-23fc-41dd-9449-b5e61f094376", {"s...17Z", "interval": 600}]' [123 bytes]
2023-04-17 13:53:29,573 - DEBUG - % sending keepalive ping
2023-04-17 13:53:29,574 - DEBUG - > PING 'R31r' [text, 4 bytes]
2023-04-17 13:53:29,594 - DEBUG - < PONG 'R31r' [text, 4 bytes]
2023-04-17 13:53:29,601 - DEBUG - % received keepalive pong
2023-04-17 13:53:30,922 - DEBUG - Starting new HTTPS connection (1): rgw.devevspcharger.uplus.co.kr:443
2023-04-17 13:53:31,347 - DEBUG - https://rgw.devevspcharger.uplus.co.kr:443 "POST /ioc HTTP/1.1" 200 217
2023-04-17 13:53:31,359 - DEBUG - < TEXT '[2, "db3f497e-8f9e-41e6-8e52-b1b4c7843e79", "Re...rvationId": 120533082}]' [172 bytes]
2023-04-17 13:53:31,367 - DEBUG - > TEXT '[3, "db3f497e-8f9e-41e6-8e52-b1b4c7843e79", {"status": "Accepted"}]' [67 bytes]
2023-04-17 13:53:31,518 - DEBUG - < TEXT '' [0 bytes]
2023-04-17 13:53:31,562 - DEBUG - > TEXT '[2, "bd1946a6-23fc-41dd-9449-b5e61f094376", "St... "status": "Reserved"}]' [131 bytes]
2023-04-17 13:53:31,745 - DEBUG - < TEXT '[3, "bd1946a6-23fc-41dd-9449-b5e61f094376", {}]' [47 bytes]
2023-04-17 13:53:33,996 - DEBUG - Starting new HTTPS connection (1): rgw.devevspcharger.uplus.co.kr:443
2023-04-17 13:53:34,383 - DEBUG - https://rgw.devevspcharger.uplus.co.kr:443 "POST /ioc HTTP/1.1" 200 77
2023-04-17 13:53:35,056 - DEBUG - % sending keepalive ping
2023-04-17 13:53:35,056 - DEBUG - > PING 33 c5 38 f2 [binary, 4 bytes]
2023-04-17 13:53:35,064 - DEBUG - < PONG 33 c5 38 f2 [binary, 4 bytes]
2023-04-17 13:53:35,067 - DEBUG - % received keepalive pong
2023-04-17 13:53:48,435 - DEBUG - % sending keepalive ping
2023-04-17 13:53:48,436 - DEBUG - > PING 51 d2 5b 37 [binary, 4 bytes]
2023-04-17 13:53:48,452 - DEBUG - < PONG 51 d2 5b 37 [binary, 4 bytes]
2023-04-17 13:53:48,455 - DEBUG - % received keepalive pong
2023-04-17 13:53:49,591 - DEBUG - % sending keepalive ping
2023-04-17 13:53:49,591 - DEBUG - > PING 2f a6 53 4b [binary, 4 bytes]
2023-04-17 13:53:49,601 - DEBUG - < PONG 2f a6 53 4b [binary, 4 bytes]
2023-04-17 13:53:49,608 - DEBUG - % received keepalive pong
2023-04-17 13:53:55,059 - DEBUG - % sending keepalive ping
2023-04-17 13:53:55,060 - DEBUG - > PING a4 05 35 5d [binary, 4 bytes]
2023-04-17 13:53:55,066 - DEBUG - < PONG a4 05 35 5d [binary, 4 bytes]
2023-04-17 13:53:55,069 - DEBUG - % received keepalive pong
2023-04-17 13:54:08,432 - DEBUG - % sending keepalive ping
2023-04-17 13:54:08,432 - DEBUG - > PING 89 03 65 da [binary, 4 bytes]
2023-04-17 13:54:08,446 - DEBUG - < PONG 89 03 65 da [binary, 4 bytes]
2023-04-17 13:54:08,450 - DEBUG - % received keepalive pong
2023-04-17 13:54:09,592 - DEBUG - % sending keepalive ping
2023-04-17 13:54:09,593 - DEBUG - > PING f2 29 82 c2 [binary, 4 bytes]
2023-04-17 13:54:09,600 - DEBUG - < PONG f2 29 82 c2 [binary, 4 bytes]
2023-04-17 13:54:09,603 - DEBUG - % received keepalive pong
2023-04-17 13:54:15,069 - DEBUG - % sending keepalive ping
2023-04-17 13:54:15,069 - DEBUG - > PING e9 6c 97 f1 [binary, 4 bytes]
2023-04-17 13:54:15,076 - DEBUG - < PONG e9 6c 97 f1 [binary, 4 bytes]
2023-04-17 13:54:15,085 - DEBUG - % received keepalive pong
2023-04-17 13:54:20,261 - DEBUG - = connection is CONNECTING
2023-04-17 13:54:20,291 - DEBUG - > GET /ocpp16/ELA007C05/EVSCA050002 HTTP/1.1
2023-04-17 13:54:20,291 - DEBUG - > Host: ws.devevspcharger.uplus.co.kr
2023-04-17 13:54:20,291 - DEBUG - > Upgrade: websocket
2023-04-17 13:54:20,291 - DEBUG - > Connection: Upgrade
2023-04-17 13:54:20,291 - DEBUG - > Sec-WebSocket-Key: eJ3MPJu7do3yBNPrYF3oeA==
2023-04-17 13:54:20,291 - DEBUG - > Sec-WebSocket-Version: 13
2023-04-17 13:54:20,291 - DEBUG - > Sec-WebSocket-Extensions: permessage-deflate; client_max_window_bits
2023-04-17 13:54:20,291 - DEBUG - > Sec-WebSocket-Protocol: ocpp1.6
2023-04-17 13:54:20,291 - DEBUG - > Authorization: Basic RVZBUjpFVkFSTEdV
2023-04-17 13:54:20,291 - DEBUG - > User-Agent: Python/3.11 websockets/10.4
2023-04-17 13:54:20,571 - DEBUG - < HTTP/1.1 101 Switching Protocols
2023-04-17 13:54:20,571 - DEBUG - < Connection: upgrade
2023-04-17 13:54:20,571 - DEBUG - < Date: Mon, 17 Apr 2023 04:54:09 GMT
2023-04-17 13:54:20,571 - DEBUG - < sec-websocket-protocol: ocpp1.6
2023-04-17 13:54:20,571 - DEBUG - < upgrade: websocket
2023-04-17 13:54:20,571 - DEBUG - < sec-websocket-accept: YVShoNBOjmYZIY+QO8lUbPedWi4=
2023-04-17 13:54:20,571 - DEBUG - < sec-websocket-extensions: permessage-deflate
2023-04-17 13:54:20,571 - DEBUG - < X-Cache: Miss from cloudfront
2023-04-17 13:54:20,571 - DEBUG - < Via: 1.1 47d972c0543b96b8ef5a6c3258e80bf0.cloudfront.net (CloudFront)
2023-04-17 13:54:20,571 - DEBUG - < X-Amz-Cf-Pop: ICN57-P2
2023-04-17 13:54:20,571 - DEBUG - < X-Amz-Cf-Id: 7vAjgDmHPr3gHPrfnCc3mUhBX2ns05lElKh6PJze_QYT_XxVso3GEQ==
2023-04-17 13:54:20,572 - DEBUG - = connection is OPEN
2023-04-17 13:54:20,618 - DEBUG - > TEXT '[2, "d1f14214-460d-4da6-95f7-c5d281723032", "Bo...ePointVendor": "EVAR"}]' [127 bytes]
2023-04-17 13:54:20,870 - DEBUG - < TEXT '[3, "d1f14214-460d-4da6-95f7-c5d281723032", {"s...09Z", "interval": 600}]' [123 bytes]
2023-04-17 13:54:28,448 - DEBUG - % sending keepalive ping
2023-04-17 13:54:28,448 - DEBUG - > PING 72 98 30 6d [binary, 4 bytes]
2023-04-17 13:54:28,455 - DEBUG - < PONG 72 98 30 6d [binary, 4 bytes]
2023-04-17 13:54:28,462 - DEBUG - % received keepalive pong
2023-04-17 13:54:29,591 - DEBUG - % sending keepalive ping
2023-04-17 13:54:29,591 - DEBUG - > PING 'Ub3#' [text, 4 bytes]
2023-04-17 13:54:29,598 - DEBUG - < PONG 'Ub3#' [text, 4 bytes]
2023-04-17 13:54:29,608 - DEBUG - % received keepalive pong
2023-04-17 13:54:29,855 - DEBUG - Starting new HTTPS connection (1): rgw.devevspcharger.uplus.co.kr:443
2023-04-17 13:54:30,251 - DEBUG - https://rgw.devevspcharger.uplus.co.kr:443 "POST /ioc HTTP/1.1" 200 217
2023-04-17 13:54:30,265 - DEBUG - < TEXT '[2, "ff8b2a35-6337-448a-94b6-5fd0dc5b83a0", "Re...rvationId": 120533082}]' [172 bytes]
2023-04-17 13:54:30,268 - DEBUG - > TEXT '[3, "ff8b2a35-6337-448a-94b6-5fd0dc5b83a0", {"status": "Accepted"}]' [67 bytes]
2023-04-17 13:54:30,436 - DEBUG - < TEXT '' [0 bytes]
2023-04-17 13:54:30,486 - DEBUG - > TEXT '[2, "d1f14214-460d-4da6-95f7-c5d281723032", "St... "status": "Reserved"}]' [131 bytes]
2023-04-17 13:54:30,658 - DEBUG - < TEXT '[3, "d1f14214-460d-4da6-95f7-c5d281723032", {}]' [47 bytes]
2023-04-17 13:54:35,062 - DEBUG - % sending keepalive ping
2023-04-17 13:54:35,062 - DEBUG - > PING eb 03 f7 44 [binary, 4 bytes]
2023-04-17 13:54:35,069 - DEBUG - < PONG eb 03 f7 44 [binary, 4 bytes]
2023-04-17 13:54:35,074 - DEBUG - % received keepalive pong
2023-04-17 13:54:37,253 - DEBUG - Starting new HTTPS connection (1): rgw.devevspcharger.uplus.co.kr:443
2023-04-17 13:54:37,588 - DEBUG - https://rgw.devevspcharger.uplus.co.kr:443 "POST /ioc HTTP/1.1" 200 77
2023-04-17 13:54:40,572 - DEBUG - % sending keepalive ping
2023-04-17 13:54:40,572 - DEBUG - > PING d6 30 60 58 [binary, 4 bytes]
2023-04-17 13:54:40,580 - DEBUG - < PONG d6 30 60 58 [binary, 4 bytes]
2023-04-17 13:54:40,587 - DEBUG - % received keepalive pong
2023-04-17 13:54:48,441 - DEBUG - % sending keepalive ping
2023-04-17 13:54:48,442 - DEBUG - > PING b2 03 a0 44 [binary, 4 bytes]
2023-04-17 13:54:48,448 - DEBUG - < PONG b2 03 a0 44 [binary, 4 bytes]
2023-04-17 13:54:48,451 - DEBUG - % received keepalive pong
2023-04-17 13:54:49,598 - DEBUG - % sending keepalive ping
2023-04-17 13:54:49,598 - DEBUG - > PING ee a2 a4 e9 [binary, 4 bytes]
2023-04-17 13:54:49,605 - DEBUG - < PONG ee a2 a4 e9 [binary, 4 bytes]
2023-04-17 13:54:49,608 - DEBUG - % received keepalive pong
2023-04-17 13:54:55,071 - DEBUG - % sending keepalive ping
2023-04-17 13:54:55,072 - DEBUG - > PING f7 fb ea 58 [binary, 4 bytes]
2023-04-17 13:54:55,082 - DEBUG - < PONG f7 fb ea 58 [binary, 4 bytes]
2023-04-17 13:54:55,087 - DEBUG - % received keepalive pong
2023-04-17 13:55:00,568 - DEBUG - % sending keepalive ping
2023-04-17 13:55:00,568 - DEBUG - > PING c0 98 8f 8c [binary, 4 bytes]
2023-04-17 13:55:00,578 - DEBUG - < PONG c0 98 8f 8c [binary, 4 bytes]
2023-04-17 13:55:00,585 - DEBUG - % received keepalive pong
2023-04-17 13:55:08,434 - DEBUG - % sending keepalive ping
2023-04-17 13:55:08,434 - DEBUG - > PING 81 95 4c 7b [binary, 4 bytes]
2023-04-17 13:55:08,443 - DEBUG - < PONG 81 95 4c 7b [binary, 4 bytes]
2023-04-17 13:55:08,447 - DEBUG - % received keepalive pong
2023-04-17 13:55:09,626 - DEBUG - % sending keepalive ping
2023-04-17 13:55:09,627 - DEBUG - > PING 88 4b 09 0b [binary, 4 bytes]
2023-04-17 13:55:09,656 - DEBUG - < PONG 88 4b 09 0b [binary, 4 bytes]
2023-04-17 13:55:09,662 - DEBUG - % received keepalive pong
2023-04-17 13:55:15,060 - DEBUG - % sending keepalive ping
2023-04-17 13:55:15,060 - DEBUG - > PING cd e5 07 1e [binary, 4 bytes]
2023-04-17 13:55:15,069 - DEBUG - < PONG cd e5 07 1e [binary, 4 bytes]
2023-04-17 13:55:15,070 - DEBUG - % received keepalive pong
2023-04-17 13:55:20,569 - DEBUG - % sending keepalive ping
2023-04-17 13:55:20,569 - DEBUG - > PING bb 32 1a 96 [binary, 4 bytes]
2023-04-17 13:55:20,578 - DEBUG - < PONG bb 32 1a 96 [binary, 4 bytes]
2023-04-17 13:55:20,580 - DEBUG - % received keepalive pong
2023-04-17 13:55:28,438 - DEBUG - % sending keepalive ping
2023-04-17 13:55:28,438 - DEBUG - > PING 9b 56 c4 7f [binary, 4 bytes]
2023-04-17 13:55:28,449 - DEBUG - < PONG 9b 56 c4 7f [binary, 4 bytes]
2023-04-17 13:55:28,454 - DEBUG - % received keepalive pong
2023-04-17 13:55:29,651 - DEBUG - % sending keepalive ping
2023-04-17 13:55:29,651 - DEBUG - > PING 5a b2 a5 de [binary, 4 bytes]
2023-04-17 13:55:29,661 - DEBUG - < PONG 5a b2 a5 de [binary, 4 bytes]
2023-04-17 13:55:29,663 - DEBUG - % received keepalive pong
2023-04-17 13:55:35,064 - DEBUG - % sending keepalive ping
2023-04-17 13:55:35,064 - DEBUG - > PING 5a 73 0a b1 [binary, 4 bytes]
2023-04-17 13:55:35,071 - DEBUG - < PONG 5a 73 0a b1 [binary, 4 bytes]
2023-04-17 13:55:35,075 - DEBUG - % received keepalive pong
2023-04-17 13:55:40,567 - DEBUG - % sending keepalive ping
2023-04-17 13:55:40,568 - DEBUG - > PING 8c eb 90 2e [binary, 4 bytes]
2023-04-17 13:55:40,577 - DEBUG - < PONG 8c eb 90 2e [binary, 4 bytes]
2023-04-17 13:55:40,584 - DEBUG - % received keepalive pong
2023-04-17 13:55:48,439 - DEBUG - % sending keepalive ping
2023-04-17 13:55:48,439 - DEBUG - > PING 13 5f 47 84 [binary, 4 bytes]
2023-04-17 13:55:48,452 - DEBUG - < PONG 13 5f 47 84 [binary, 4 bytes]
2023-04-17 13:55:48,459 - DEBUG - % received keepalive pong
2023-04-17 13:55:49,644 - DEBUG - % sending keepalive ping
2023-04-17 13:55:49,645 - DEBUG - > PING 61 d0 51 0d [binary, 4 bytes]
2023-04-17 13:55:49,653 - DEBUG - < PONG 61 d0 51 0d [binary, 4 bytes]
2023-04-17 13:55:49,656 - DEBUG - % received keepalive pong
2023-04-17 13:55:55,064 - DEBUG - % sending keepalive ping
2023-04-17 13:55:55,064 - DEBUG - > PING 13 ea 50 4b [binary, 4 bytes]
2023-04-17 13:55:55,071 - DEBUG - < PONG 13 ea 50 4b [binary, 4 bytes]
2023-04-17 13:55:55,075 - DEBUG - % received keepalive pong
2023-04-17 13:56:00,562 - DEBUG - % sending keepalive ping
2023-04-17 13:56:00,562 - DEBUG - > PING '&r\x1d@' [text, 4 bytes]
2023-04-17 13:56:00,582 - DEBUG - < PONG '&r\x1d@' [text, 4 bytes]
2023-04-17 13:56:00,585 - DEBUG - % received keepalive pong
2023-04-17 13:56:08,287 - DEBUG - = connection is CONNECTING
2023-04-17 13:56:08,320 - DEBUG - > GET /ocpp16/ELA007C05/EVSCA050002 HTTP/1.1
2023-04-17 13:56:08,320 - DEBUG - > Host: ws.devevspcharger.uplus.co.kr
2023-04-17 13:56:08,320 - DEBUG - > Upgrade: websocket
2023-04-17 13:56:08,320 - DEBUG - > Connection: Upgrade
2023-04-17 13:56:08,320 - DEBUG - > Sec-WebSocket-Key: 4X/9wn524wJSi4y46I2ZjA==
2023-04-17 13:56:08,320 - DEBUG - > Sec-WebSocket-Version: 13
2023-04-17 13:56:08,320 - DEBUG - > Sec-WebSocket-Extensions: permessage-deflate; client_max_window_bits
2023-04-17 13:56:08,321 - DEBUG - > Sec-WebSocket-Protocol: ocpp1.6
2023-04-17 13:56:08,321 - DEBUG - > Authorization: Basic RVZBUjpFVkFSTEdV
2023-04-17 13:56:08,321 - DEBUG - > User-Agent: Python/3.11 websockets/10.4
2023-04-17 13:56:08,445 - DEBUG - % sending keepalive ping
2023-04-17 13:56:08,445 - DEBUG - > PING cb 71 75 c6 [binary, 4 bytes]
2023-04-17 13:56:08,507 - DEBUG - < PONG cb 71 75 c6 [binary, 4 bytes]
2023-04-17 13:56:08,512 - DEBUG - % received keepalive pong
2023-04-17 13:56:08,852 - DEBUG - < HTTP/1.1 101 Switching Protocols
2023-04-17 13:56:08,852 - DEBUG - < Connection: upgrade
2023-04-17 13:56:08,852 - DEBUG - < Date: Mon, 17 Apr 2023 04:55:57 GMT
2023-04-17 13:56:08,853 - DEBUG - < sec-websocket-protocol: ocpp1.6
2023-04-17 13:56:08,853 - DEBUG - < upgrade: websocket
2023-04-17 13:56:08,853 - DEBUG - < sec-websocket-accept: BR1wDYC949epqRGQRx13tZd+74Y=
2023-04-17 13:56:08,853 - DEBUG - < sec-websocket-extensions: permessage-deflate
2023-04-17 13:56:08,853 - DEBUG - < X-Cache: Miss from cloudfront
2023-04-17 13:56:08,853 - DEBUG - < Via: 1.1 3c5e765ef2333ef04ef6f44a2b66ec12.cloudfront.net (CloudFront)
2023-04-17 13:56:08,853 - DEBUG - < X-Amz-Cf-Pop: ICN57-P2
2023-04-17 13:56:08,853 - DEBUG - < X-Amz-Cf-Id: suIhFnFhOV9sYoGmU92BdQUAFgu5QxcSwiZLPfShGB3rJjF7mvMwzg==
2023-04-17 13:56:08,854 - DEBUG - = connection is OPEN
2023-04-17 13:56:08,896 - DEBUG - > TEXT '[2, "4a8ca9cd-28b5-4c8d-8b2c-08c788e075cf", "Bo...ePointVendor": "EVAR"}]' [127 bytes]
2023-04-17 13:56:09,338 - DEBUG - < TEXT '[3, "4a8ca9cd-28b5-4c8d-8b2c-08c788e075cf", {"s...58Z", "interval": 600}]' [123 bytes]
2023-04-17 13:56:09,649 - DEBUG - % sending keepalive ping
2023-04-17 13:56:09,649 - DEBUG - > PING 8f 79 8c 5c [binary, 4 bytes]
2023-04-17 13:56:09,657 - DEBUG - < PONG 8f 79 8c 5c [binary, 4 bytes]
2023-04-17 13:56:09,661 - DEBUG - % received keepalive pong
2023-04-17 13:56:15,068 - DEBUG - % sending keepalive ping
2023-04-17 13:56:15,068 - DEBUG - > PING '^L=\x1a' [text, 4 bytes]
2023-04-17 13:56:15,075 - DEBUG - < PONG '^L=\x1a' [text, 4 bytes]
2023-04-17 13:56:15,078 - DEBUG - % received keepalive pong
2023-04-17 13:56:20,564 - DEBUG - % sending keepalive ping
2023-04-17 13:56:20,565 - DEBUG - > PING 2b 46 38 e2 [binary, 4 bytes]
2023-04-17 13:56:20,575 - DEBUG - < PONG 2b 46 38 e2 [binary, 4 bytes]
2023-04-17 13:56:20,577 - DEBUG - % received keepalive pong
2023-04-17 13:56:28,526 - DEBUG - % sending keepalive ping
2023-04-17 13:56:28,526 - DEBUG - > PING d7 a5 a9 3f [binary, 4 bytes]
2023-04-17 13:56:28,535 - DEBUG - < PONG d7 a5 a9 3f [binary, 4 bytes]
2023-04-17 13:56:28,539 - DEBUG - % received keepalive pong
2023-04-17 13:56:28,841 - DEBUG - % sending keepalive ping
2023-04-17 13:56:28,841 - DEBUG - > PING 06 ac c5 32 [binary, 4 bytes]
2023-04-17 13:56:28,858 - DEBUG - < PONG 06 ac c5 32 [binary, 4 bytes]
2023-04-17 13:56:28,864 - DEBUG - % received keepalive pong
2023-04-17 13:56:29,643 - DEBUG - % sending keepalive ping
2023-04-17 13:56:29,643 - DEBUG - > PING '\u014d\u0745' [text, 4 bytes]
2023-04-17 13:56:30,040 - DEBUG - < PONG '\u014d\u0745' [text, 4 bytes]
2023-04-17 13:56:30,044 - DEBUG - % received keepalive pong
2023-04-17 13:56:35,064 - DEBUG - % sending keepalive ping
2023-04-17 13:56:35,064 - DEBUG - > PING 15 7b 65 af [binary, 4 bytes]
2023-04-17 13:56:35,088 - DEBUG - < PONG 15 7b 65 af [binary, 4 bytes]
2023-04-17 13:56:35,101 - DEBUG - % received keepalive pong
2023-04-17 13:56:40,570 - DEBUG - % sending keepalive ping
2023-04-17 13:56:40,571 - DEBUG - > PING b9 45 38 18 [binary, 4 bytes]
2023-04-17 13:56:40,581 - DEBUG - < PONG b9 45 38 18 [binary, 4 bytes]
2023-04-17 13:56:40,587 - DEBUG - % received keepalive pong
2023-04-17 13:56:48,521 - DEBUG - % sending keepalive ping
2023-04-17 13:56:48,521 - DEBUG - > PING a6 ef 78 39 [binary, 4 bytes]
2023-04-17 13:56:48,528 - DEBUG - < PONG a6 ef 78 39 [binary, 4 bytes]
2023-04-17 13:56:48,530 - DEBUG - % received keepalive pong
2023-04-17 13:56:48,852 - DEBUG - % sending keepalive ping
2023-04-17 13:56:48,852 - DEBUG - > PING fc a9 df e5 [binary, 4 bytes]
2023-04-17 13:56:48,864 - DEBUG - < PONG fc a9 df e5 [binary, 4 bytes]
2023-04-17 13:56:48,870 - DEBUG - % received keepalive pong
2023-04-17 13:56:50,042 - DEBUG - % sending keepalive ping
2023-04-17 13:56:50,043 - DEBUG - > PING a6 0d 50 7c [binary, 4 bytes]
2023-04-17 13:56:50,053 - DEBUG - < PONG a6 0d 50 7c [binary, 4 bytes]
2023-04-17 13:56:50,060 - DEBUG - % received keepalive pong
2023-04-17 13:56:55,089 - DEBUG - % sending keepalive ping
2023-04-17 13:56:55,090 - DEBUG - > PING 67 8a 5f b8 [binary, 4 bytes]
2023-04-17 13:56:55,102 - DEBUG - < PONG 67 8a 5f b8 [binary, 4 bytes]
2023-04-17 13:56:55,106 - DEBUG - % received keepalive pong
2023-04-17 13:57:00,573 - DEBUG - % sending keepalive ping
2023-04-17 13:57:00,573 - DEBUG - > PING 39 cc 65 cb [binary, 4 bytes]
2023-04-17 13:57:00,581 - DEBUG - < PONG 39 cc 65 cb [binary, 4 bytes]
2023-04-17 13:57:00,583 - DEBUG - % received keepalive pong
2023-04-17 13:57:08,520 - DEBUG - % sending keepalive ping
2023-04-17 13:57:08,520 - DEBUG - > PING 08 9d 79 fb [binary, 4 bytes]
2023-04-17 13:57:08,527 - DEBUG - < PONG 08 9d 79 fb [binary, 4 bytes]
2023-04-17 13:57:08,531 - DEBUG - % received keepalive pong
2023-04-17 13:57:08,861 - DEBUG - % sending keepalive ping
2023-04-17 13:57:08,861 - DEBUG - > PING 2c 65 ab 05 [binary, 4 bytes]
2023-04-17 13:57:08,877 - DEBUG - < PONG 2c 65 ab 05 [binary, 4 bytes]
2023-04-17 13:57:08,894 - DEBUG - % received keepalive pong
2023-04-17 13:57:10,085 - DEBUG - % sending keepalive ping
2023-04-17 13:57:10,086 - DEBUG - > PING 26 1d 83 0c [binary, 4 bytes]
2023-04-17 13:57:10,098 - DEBUG - < PONG 26 1d 83 0c [binary, 4 bytes]
2023-04-17 13:57:10,102 - DEBUG - % received keepalive pong
2023-04-17 13:57:15,118 - DEBUG - % sending keepalive ping
2023-04-17 13:57:15,119 - DEBUG - > PING d7 2d d5 de [binary, 4 bytes]
2023-04-17 13:57:15,145 - DEBUG - < PONG d7 2d d5 de [binary, 4 bytes]
2023-04-17 13:57:15,153 - DEBUG - % received keepalive pong
2023-04-17 13:57:20,563 - DEBUG - % sending keepalive ping
2023-04-17 13:57:20,564 - DEBUG - > PING b5 95 0f 84 [binary, 4 bytes]
2023-04-17 13:57:20,574 - DEBUG - < PONG b5 95 0f 84 [binary, 4 bytes]
2023-04-17 13:57:20,580 - DEBUG - % received keepalive pong
2023-04-17 13:58:00,847 - DEBUG - = connection is CONNECTING
2023-04-17 13:58:00,886 - DEBUG - > GET /ocpp16/ELA007C05/EVSCA050002 HTTP/1.1
2023-04-17 13:58:00,887 - DEBUG - > Host: ws.devevspcharger.uplus.co.kr
2023-04-17 13:58:00,887 - DEBUG - > Upgrade: websocket
2023-04-17 13:58:00,887 - DEBUG - > Connection: Upgrade
2023-04-17 13:58:00,887 - DEBUG - > Sec-WebSocket-Key: MXfdH2z4Mk4esODUWOv/gA==
2023-04-17 13:58:00,887 - DEBUG - > Sec-WebSocket-Version: 13
2023-04-17 13:58:00,887 - DEBUG - > Sec-WebSocket-Extensions: permessage-deflate; client_max_window_bits
2023-04-17 13:58:00,888 - DEBUG - > Sec-WebSocket-Protocol: ocpp1.6
2023-04-17 13:58:00,888 - DEBUG - > Authorization: Basic RVZBUjpFVkFSTEdV
2023-04-17 13:58:00,888 - DEBUG - > User-Agent: Python/3.11 websockets/10.4
2023-04-17 13:58:01,429 - DEBUG - < HTTP/1.1 101 Switching Protocols
2023-04-17 13:58:01,429 - DEBUG - < Connection: upgrade
2023-04-17 13:58:01,429 - DEBUG - < Date: Mon, 17 Apr 2023 04:57:50 GMT
2023-04-17 13:58:01,429 - DEBUG - < sec-websocket-protocol: ocpp1.6
2023-04-17 13:58:01,429 - DEBUG - < upgrade: websocket
2023-04-17 13:58:01,429 - DEBUG - < sec-websocket-accept: AF/oTLeWiXCNMPxMH5OGLr5cqPs=
2023-04-17 13:58:01,429 - DEBUG - < sec-websocket-extensions: permessage-deflate
2023-04-17 13:58:01,430 - DEBUG - < X-Cache: Miss from cloudfront
2023-04-17 13:58:01,430 - DEBUG - < Via: 1.1 96d5e926418becbc899e1a730ab37236.cloudfront.net (CloudFront)
2023-04-17 13:58:01,430 - DEBUG - < X-Amz-Cf-Pop: ICN57-P2
2023-04-17 13:58:01,430 - DEBUG - < X-Amz-Cf-Id: xkXVPnUhz1oKHv5kbI0o1Pt9b9yrcosj_e4PWuhNk99koou_QAN7KQ==
2023-04-17 13:58:01,430 - DEBUG - = connection is OPEN
2023-04-17 13:58:01,459 - DEBUG - > TEXT '[2, "826bc865-b7ad-4bae-8d6e-8108f629f6aa", "Bo...ePointVendor": "EVAR"}]' [127 bytes]
2023-04-17 13:58:01,717 - DEBUG - < TEXT '[3, "826bc865-b7ad-4bae-8d6e-8108f629f6aa", {"s...50Z", "interval": 600}]' [123 bytes]
2023-04-17 13:58:05,929 - DEBUG - Starting new HTTPS connection (1): rgw.devevspcharger.uplus.co.kr:443
2023-04-17 13:58:06,527 - DEBUG - https://rgw.devevspcharger.uplus.co.kr:443 "POST /ioc HTTP/1.1" 200 217
2023-04-17 13:58:06,536 - DEBUG - < TEXT '[2, "69af89ac-0f37-49b5-8730-426007b36e49", "Re...rvationId": 120533082}]' [172 bytes]
2023-04-17 13:58:06,541 - DEBUG - > TEXT '[3, "69af89ac-0f37-49b5-8730-426007b36e49", {"status": "Accepted"}]' [67 bytes]
2023-04-17 13:58:06,717 - DEBUG - < TEXT '' [0 bytes]
2023-04-17 13:58:06,736 - DEBUG - > TEXT '[2, "826bc865-b7ad-4bae-8d6e-8108f629f6aa", "St... "status": "Reserved"}]' [131 bytes]
2023-04-17 13:58:06,923 - DEBUG - < TEXT '[3, "826bc865-b7ad-4bae-8d6e-8108f629f6aa", {}]' [47 bytes]
2023-04-17 13:58:20,456 - DEBUG - Starting new HTTPS connection (1): rgw.devevspcharger.uplus.co.kr:443
2023-04-17 13:58:20,825 - DEBUG - https://rgw.devevspcharger.uplus.co.kr:443 "POST /ioc HTTP/1.1" 200 77
2023-04-17 13:58:21,435 - DEBUG - % sending keepalive ping
2023-04-17 13:58:21,436 - DEBUG - > PING a3 e2 32 ce [binary, 4 bytes]
2023-04-17 13:58:21,444 - DEBUG - < PONG a3 e2 32 ce [binary, 4 bytes]
2023-04-17 13:58:21,447 - DEBUG - % received keepalive pong
2023-04-17 13:58:41,434 - DEBUG - % sending keepalive ping
2023-04-17 13:58:41,434 - DEBUG - > PING 86 96 1f a5 [binary, 4 bytes]
2023-04-17 13:58:41,440 - DEBUG - < PONG 86 96 1f a5 [binary, 4 bytes]
2023-04-17 13:58:41,444 - DEBUG - % received keepalive pong
2023-04-17 13:59:01,443 - DEBUG - % sending keepalive ping
2023-04-17 13:59:01,444 - DEBUG - > PING a9 28 5a 21 [binary, 4 bytes]
2023-04-17 13:59:01,452 - DEBUG - < PONG a9 28 5a 21 [binary, 4 bytes]
2023-04-17 13:59:01,458 - DEBUG - % received keepalive pong
2023-04-17 13:59:42,068 - DEBUG - = connection is CONNECTING
2023-04-17 13:59:42,102 - DEBUG - > GET /ocpp16/ELA007C05/EVSCA050002 HTTP/1.1
2023-04-17 13:59:42,102 - DEBUG - > Host: ws.devevspcharger.uplus.co.kr
2023-04-17 13:59:42,102 - DEBUG - > Upgrade: websocket
2023-04-17 13:59:42,102 - DEBUG - > Connection: Upgrade
2023-04-17 13:59:42,102 - DEBUG - > Sec-WebSocket-Key: zpiaSTbdKORdFKrZUcWAJQ==
2023-04-17 13:59:42,102 - DEBUG - > Sec-WebSocket-Version: 13
2023-04-17 13:59:42,103 - DEBUG - > Sec-WebSocket-Extensions: permessage-deflate; client_max_window_bits
2023-04-17 13:59:42,103 - DEBUG - > Sec-WebSocket-Protocol: ocpp1.6
2023-04-17 13:59:42,103 - DEBUG - > Authorization: Basic RVZBUjpFVkFSTEdV
2023-04-17 13:59:42,103 - DEBUG - > User-Agent: Python/3.11 websockets/10.4
2023-04-17 13:59:42,312 - DEBUG - < HTTP/1.1 101 Switching Protocols
2023-04-17 13:59:42,312 - DEBUG - < Connection: upgrade
2023-04-17 13:59:42,313 - DEBUG - < Date: Mon, 17 Apr 2023 04:59:31 GMT
2023-04-17 13:59:42,313 - DEBUG - < sec-websocket-protocol: ocpp1.6
2023-04-17 13:59:42,313 - DEBUG - < upgrade: websocket
2023-04-17 13:59:42,313 - DEBUG - < sec-websocket-accept: o0FBCTyD6n13iGcg04IpBkTvnr4=
2023-04-17 13:59:42,313 - DEBUG - < sec-websocket-extensions: permessage-deflate
2023-04-17 13:59:42,313 - DEBUG - < X-Cache: Miss from cloudfront
2023-04-17 13:59:42,313 - DEBUG - < Via: 1.1 013a9ec825a751410eced78024a9ae1a.cloudfront.net (CloudFront)
2023-04-17 13:59:42,313 - DEBUG - < X-Amz-Cf-Pop: ICN57-P2
2023-04-17 13:59:42,313 - DEBUG - < X-Amz-Cf-Id: ProInuCC9H1okwup4HnjM62vzCx7xIcaWcLUPr8I4NLosIuFRog5Xw==
2023-04-17 13:59:42,314 - DEBUG - = connection is OPEN
2023-04-17 13:59:42,338 - DEBUG - > TEXT '[2, "74d09bda-af47-4a3b-b4d7-b00d96b0e6a8", "Bo...ePointVendor": "EVAR"}]' [127 bytes]
2023-04-17 13:59:42,719 - DEBUG - < TEXT '[3, "74d09bda-af47-4a3b-b4d7-b00d96b0e6a8", {"s...31Z", "interval": 600}]' [123 bytes]
2023-04-17 13:59:42,738 - ERROR - Task exception was never retrieved
future: <Task finished name='Task-2' coro=<ChargerSim.startEvent() done, defined at D:\workspace\wss\main.py:124> exception=TypeError("string indices must be integers, not 'str'")>
Traceback (most recent call last):
  File "D:\workspace\wss\main.py", line 144, in startEvent
    await self.charger.runcase(self.TC_selected if len(self.TC_selected.keys())>0 else self.TC)
  File "D:\workspace\wss\Charger.py", line 343, in runcase
    doc = self.ocppdocs[c[1]]
          ~~~~~~~~~~~~~^^^^^^
TypeError: string indices must be integers, not 'str'
2023-04-17 13:59:43,856 - DEBUG - = connection is CONNECTING
2023-04-17 13:59:43,886 - DEBUG - > GET /ocpp16/ELA007C05/EVSCA050002 HTTP/1.1
2023-04-17 13:59:43,886 - DEBUG - > Host: ws.devevspcharger.uplus.co.kr
2023-04-17 13:59:43,886 - DEBUG - > Upgrade: websocket
2023-04-17 13:59:43,886 - DEBUG - > Connection: Upgrade
2023-04-17 13:59:43,886 - DEBUG - > Sec-WebSocket-Key: v1I0AQSEP/P8JU7DhpVOAg==
2023-04-17 13:59:43,886 - DEBUG - > Sec-WebSocket-Version: 13
2023-04-17 13:59:43,887 - DEBUG - > Sec-WebSocket-Extensions: permessage-deflate; client_max_window_bits
2023-04-17 13:59:43,887 - DEBUG - > Sec-WebSocket-Protocol: ocpp1.6
2023-04-17 13:59:43,887 - DEBUG - > Authorization: Basic RVZBUjpFVkFSTEdV
2023-04-17 13:59:43,887 - DEBUG - > User-Agent: Python/3.11 websockets/10.4
2023-04-17 13:59:44,204 - DEBUG - < HTTP/1.1 101 Switching Protocols
2023-04-17 13:59:44,204 - DEBUG - < Connection: upgrade
2023-04-17 13:59:44,204 - DEBUG - < Date: Mon, 17 Apr 2023 04:59:33 GMT
2023-04-17 13:59:44,204 - DEBUG - < sec-websocket-protocol: ocpp1.6
2023-04-17 13:59:44,205 - DEBUG - < upgrade: websocket
2023-04-17 13:59:44,205 - DEBUG - < sec-websocket-accept: QcQLgua18nqSLUEk+bNnxyhxH8s=
2023-04-17 13:59:44,205 - DEBUG - < sec-websocket-extensions: permessage-deflate
2023-04-17 13:59:44,205 - DEBUG - < X-Cache: Miss from cloudfront
2023-04-17 13:59:44,205 - DEBUG - < Via: 1.1 398e2e4101ed255d172b5d628fa36f5c.cloudfront.net (CloudFront)
2023-04-17 13:59:44,205 - DEBUG - < X-Amz-Cf-Pop: ICN57-P2
2023-04-17 13:59:44,205 - DEBUG - < X-Amz-Cf-Id: fjn7gCGge-nmpNz9J6hF6Uq_uu5N0tJYkJmYlAY48rmu03fvjcxCyg==
2023-04-17 13:59:44,205 - DEBUG - = connection is OPEN
2023-04-17 13:59:44,223 - DEBUG - > TEXT '[2, "e8810189-44dd-410a-8af9-1624311867ce", "Bo...ePointVendor": "EVAR"}]' [127 bytes]
2023-04-17 13:59:44,503 - DEBUG - < TEXT '[3, "e8810189-44dd-410a-8af9-1624311867ce", {"s...33Z", "interval": 600}]' [123 bytes]
2023-04-17 13:59:47,766 - DEBUG - Starting new HTTPS connection (1): rgw.devevspcharger.uplus.co.kr:443
2023-04-17 13:59:48,337 - DEBUG - https://rgw.devevspcharger.uplus.co.kr:443 "POST /ioc HTTP/1.1" 200 217
2023-04-17 13:59:48,353 - DEBUG - < TEXT '[2, "98b27d7e-8554-4241-9e93-eb6b568ccbd0", "Re...rvationId": 120533082}]' [172 bytes]
2023-04-17 13:59:48,360 - DEBUG - > TEXT '[3, "98b27d7e-8554-4241-9e93-eb6b568ccbd0", {"status": "Accepted"}]' [67 bytes]
2023-04-17 13:59:48,508 - DEBUG - < TEXT '' [0 bytes]
2023-04-17 13:59:48,556 - DEBUG - > TEXT '[2, "e8810189-44dd-410a-8af9-1624311867ce", "St... "status": "Reserved"}]' [131 bytes]
2023-04-17 13:59:48,747 - DEBUG - < TEXT '[3, "e8810189-44dd-410a-8af9-1624311867ce", {}]' [47 bytes]
2023-04-17 13:59:53,772 - DEBUG - Starting new HTTPS connection (1): rgw.devevspcharger.uplus.co.kr:443
2023-04-17 13:59:54,174 - DEBUG - https://rgw.devevspcharger.uplus.co.kr:443 "POST /ioc HTTP/1.1" 200 139
2023-04-17 13:59:54,188 - DEBUG - < TEXT '[2, "b9085435-807d-41ef-9faa-65f6923ce1cb", "Ca...rvationId": 120533082}]' [94 bytes]
2023-04-17 13:59:54,195 - DEBUG - > TEXT '[3, "b9085435-807d-41ef-9faa-65f6923ce1cb", {"status": "Accepted"}]' [67 bytes]
2023-04-17 13:59:54,343 - DEBUG - < TEXT '' [0 bytes]
2023-04-17 13:59:54,384 - DEBUG - > TEXT '[2, "e8810189-44dd-410a-8af9-1624311867ce", "St..."status": "Available"}]' [132 bytes]
2023-04-17 13:59:54,623 - DEBUG - < TEXT '[3, "e8810189-44dd-410a-8af9-1624311867ce", {}]' [47 bytes]
2023-04-17 13:59:54,642 - DEBUG - = connection is CLOSING
2023-04-17 13:59:54,643 - DEBUG - > CLOSE 1000 (OK) [2 bytes]
2023-04-17 13:59:54,651 - DEBUG - < CLOSE 1000 (OK) [2 bytes]
2023-04-17 13:59:54,657 - DEBUG - = connection is CLOSED
2023-04-17 14:00:02,323 - DEBUG - % sending keepalive ping
2023-04-17 14:00:02,323 - DEBUG - > PING '*V\u038d' [text, 4 bytes]
2023-04-17 14:00:02,340 - DEBUG - < PONG '*V\u038d' [text, 4 bytes]
2023-04-17 14:00:02,343 - DEBUG - % received keepalive pong
2023-04-17 14:00:22,348 - DEBUG - % sending keepalive ping
2023-04-17 14:00:22,348 - DEBUG - > PING 7e a7 78 62 [binary, 4 bytes]
2023-04-17 14:00:22,361 - DEBUG - < PONG 7e a7 78 62 [binary, 4 bytes]
2023-04-17 14:00:22,368 - DEBUG - % received keepalive pong
2023-04-17 14:00:42,355 - DEBUG - % sending keepalive ping
2023-04-17 14:00:42,355 - DEBUG - > PING 39 cc 8c e9 [binary, 4 bytes]
2023-04-17 14:00:42,378 - DEBUG - < PONG 39 cc 8c e9 [binary, 4 bytes]
2023-04-17 14:00:42,382 - DEBUG - % received keepalive pong
2023-04-17 14:01:02,385 - DEBUG - % sending keepalive ping
2023-04-17 14:01:02,385 - DEBUG - > PING 93 e6 67 a6 [binary, 4 bytes]
2023-04-17 14:01:02,394 - DEBUG - < PONG 93 e6 67 a6 [binary, 4 bytes]
2023-04-17 14:01:02,400 - DEBUG - % received keepalive pong
2023-04-17 14:01:17,199 - DEBUG - = connection is CONNECTING
2023-04-17 14:01:17,236 - DEBUG - > GET /ocpp16/ELA007C05/EVSCA050002 HTTP/1.1
2023-04-17 14:01:17,236 - DEBUG - > Host: ws.devevspcharger.uplus.co.kr
2023-04-17 14:01:17,236 - DEBUG - > Upgrade: websocket
2023-04-17 14:01:17,236 - DEBUG - > Connection: Upgrade
2023-04-17 14:01:17,237 - DEBUG - > Sec-WebSocket-Key: 8Y9+tPZAVzocKERQG6GsLw==
2023-04-17 14:01:17,237 - DEBUG - > Sec-WebSocket-Version: 13
2023-04-17 14:01:17,237 - DEBUG - > Sec-WebSocket-Extensions: permessage-deflate; client_max_window_bits
2023-04-17 14:01:17,237 - DEBUG - > Sec-WebSocket-Protocol: ocpp1.6
2023-04-17 14:01:17,237 - DEBUG - > Authorization: Basic RVZBUjpFVkFSTEdV
2023-04-17 14:01:17,237 - DEBUG - > User-Agent: Python/3.11 websockets/10.4
2023-04-17 14:01:17,790 - DEBUG - < HTTP/1.1 101 Switching Protocols
2023-04-17 14:01:17,791 - DEBUG - < Connection: upgrade
2023-04-17 14:01:17,791 - DEBUG - < Date: Mon, 17 Apr 2023 05:01:06 GMT
2023-04-17 14:01:17,791 - DEBUG - < sec-websocket-protocol: ocpp1.6
2023-04-17 14:01:17,791 - DEBUG - < upgrade: websocket
2023-04-17 14:01:17,791 - DEBUG - < sec-websocket-accept: 0vj6bd0gGkRjGuXAyBm/NUsV16c=
2023-04-17 14:01:17,791 - DEBUG - < sec-websocket-extensions: permessage-deflate
2023-04-17 14:01:17,791 - DEBUG - < X-Cache: Miss from cloudfront
2023-04-17 14:01:17,791 - DEBUG - < Via: 1.1 ec48eafa1d18635bc3f389669b28a5b8.cloudfront.net (CloudFront)
2023-04-17 14:01:17,791 - DEBUG - < X-Amz-Cf-Pop: ICN57-P2
2023-04-17 14:01:17,791 - DEBUG - < X-Amz-Cf-Id: vywE-GS1LokTf1ziv8pp-HkeiOlsUSE-fASrd3aRRTdsvcsKNShszA==
2023-04-17 14:01:17,792 - DEBUG - = connection is OPEN
2023-04-17 14:01:17,813 - DEBUG - > TEXT '[2, "71df1451-33c0-4d18-9be6-110e0ad9fff8", "Bo...ePointVendor": "EVAR"}]' [127 bytes]
2023-04-17 14:01:18,225 - DEBUG - < TEXT '[3, "71df1451-33c0-4d18-9be6-110e0ad9fff8", {"s...06Z", "interval": 600}]' [123 bytes]
2023-04-17 14:01:20,358 - DEBUG - Starting new HTTPS connection (1): rgw.devevspcharger.uplus.co.kr:443
2023-04-17 14:01:20,968 - DEBUG - https://rgw.devevspcharger.uplus.co.kr:443 "POST /ioc HTTP/1.1" 200 217
2023-04-17 14:01:21,007 - DEBUG - < TEXT '[2, "a2dd06dd-9060-42b5-9ca5-6caa5b1e6e90", "Re...rvationId": 120533082}]' [172 bytes]
2023-04-17 14:01:21,011 - DEBUG - > TEXT '[3, "a2dd06dd-9060-42b5-9ca5-6caa5b1e6e90", {"status": "Accepted"}]' [67 bytes]
2023-04-17 14:01:21,192 - DEBUG - < TEXT '' [0 bytes]
2023-04-17 14:01:21,230 - DEBUG - > TEXT '[2, "71df1451-33c0-4d18-9be6-110e0ad9fff8", "St... "status": "Reserved"}]' [131 bytes]
2023-04-17 14:01:21,421 - DEBUG - < TEXT '[3, "71df1451-33c0-4d18-9be6-110e0ad9fff8", {}]' [47 bytes]
2023-04-17 14:01:22,387 - DEBUG - % sending keepalive ping
2023-04-17 14:01:22,387 - DEBUG - > PING 28 57 99 11 [binary, 4 bytes]
2023-04-17 14:01:22,397 - DEBUG - < PONG 28 57 99 11 [binary, 4 bytes]
2023-04-17 14:01:22,399 - DEBUG - % received keepalive pong
2023-04-17 14:01:24,534 - DEBUG - Starting new HTTPS connection (1): rgw.devevspcharger.uplus.co.kr:443
2023-04-17 14:01:24,969 - DEBUG - https://rgw.devevspcharger.uplus.co.kr:443 "POST /ioc HTTP/1.1" 200 139
2023-04-17 14:01:24,981 - DEBUG - < TEXT '[2, "8adc6498-6412-487a-a76a-6b159c47a148", "Ca...rvationId": 120533082}]' [94 bytes]
2023-04-17 14:01:24,986 - DEBUG - > TEXT '[3, "8adc6498-6412-487a-a76a-6b159c47a148", {"status": "Rejected"}]' [67 bytes]
2023-04-17 14:01:25,123 - DEBUG - < TEXT '' [0 bytes]
2023-04-17 14:01:25,162 - DEBUG - > TEXT '[2, "71df1451-33c0-4d18-9be6-110e0ad9fff8", "St..."status": "Available"}]' [132 bytes]
2023-04-17 14:01:25,387 - DEBUG - < TEXT '[3, "71df1451-33c0-4d18-9be6-110e0ad9fff8", {}]' [47 bytes]
2023-04-17 14:01:25,411 - DEBUG - = connection is CLOSING
2023-04-17 14:01:25,411 - DEBUG - > CLOSE 1000 (OK) [2 bytes]
2023-04-17 14:01:25,418 - DEBUG - < CLOSE 1000 (OK) [2 bytes]
2023-04-17 14:01:25,426 - DEBUG - = connection is CLOSED
2023-04-17 14:01:42,390 - DEBUG - % sending keepalive ping
2023-04-17 14:01:42,390 - DEBUG - > PING a5 6b 66 99 [binary, 4 bytes]
2023-04-17 14:01:42,400 - DEBUG - < PONG a5 6b 66 99 [binary, 4 bytes]
2023-04-17 14:01:42,406 - DEBUG - % received keepalive pong
2023-04-17 14:02:02,395 - DEBUG - % sending keepalive ping
2023-04-17 14:02:02,396 - DEBUG - > PING 6d 71 56 e3 [binary, 4 bytes]
2023-04-17 14:02:02,410 - DEBUG - < PONG 6d 71 56 e3 [binary, 4 bytes]
2023-04-17 14:02:02,414 - DEBUG - % received keepalive pong
2023-04-17 14:02:22,387 - DEBUG - % sending keepalive ping
2023-04-17 14:02:22,388 - DEBUG - > PING 33 d9 2a 73 [binary, 4 bytes]
2023-04-17 14:02:22,397 - DEBUG - < PONG 33 d9 2a 73 [binary, 4 bytes]
2023-04-17 14:02:22,404 - DEBUG - % received keepalive pong
2023-04-17 14:02:42,399 - DEBUG - % sending keepalive ping
2023-04-17 14:02:42,399 - DEBUG - > PING 72 a7 58 53 [binary, 4 bytes]
2023-04-17 14:02:42,406 - DEBUG - < PONG 72 a7 58 53 [binary, 4 bytes]
2023-04-17 14:02:42,411 - DEBUG - % received keepalive pong
2023-04-17 14:03:02,396 - DEBUG - % sending keepalive ping
2023-04-17 14:03:02,396 - DEBUG - > PING 'M\u037d"' [text, 4 bytes]
2023-04-17 14:03:02,444 - DEBUG - < PONG 'M\u037d"' [text, 4 bytes]
2023-04-17 14:03:02,446 - DEBUG - % received keepalive pong
2023-04-17 14:03:04,224 - DEBUG - = connection is CONNECTING
2023-04-17 14:03:04,262 - DEBUG - > GET /ocpp16/ELA007C05/EVSCA050002 HTTP/1.1
2023-04-17 14:03:04,262 - DEBUG - > Host: ws.devevspcharger.uplus.co.kr
2023-04-17 14:03:04,262 - DEBUG - > Upgrade: websocket
2023-04-17 14:03:04,262 - DEBUG - > Connection: Upgrade
2023-04-17 14:03:04,262 - DEBUG - > Sec-WebSocket-Key: whZORl3c9OKy//rNQUuiSg==
2023-04-17 14:03:04,262 - DEBUG - > Sec-WebSocket-Version: 13
2023-04-17 14:03:04,263 - DEBUG - > Sec-WebSocket-Extensions: permessage-deflate; client_max_window_bits
2023-04-17 14:03:04,263 - DEBUG - > Sec-WebSocket-Protocol: ocpp1.6
2023-04-17 14:03:04,263 - DEBUG - > Authorization: Basic RVZBUjpFVkFSTEdV
2023-04-17 14:03:04,263 - DEBUG - > User-Agent: Python/3.11 websockets/10.4
2023-04-17 14:03:04,795 - DEBUG - < HTTP/1.1 101 Switching Protocols
2023-04-17 14:03:04,795 - DEBUG - < Connection: upgrade
2023-04-17 14:03:04,796 - DEBUG - < Date: Mon, 17 Apr 2023 05:02:53 GMT
2023-04-17 14:03:04,796 - DEBUG - < sec-websocket-protocol: ocpp1.6
2023-04-17 14:03:04,796 - DEBUG - < upgrade: websocket
2023-04-17 14:03:04,796 - DEBUG - < sec-websocket-accept: 0ZMR0Wa3/QgL2pl1Jh0SfDv22L8=
2023-04-17 14:03:04,796 - DEBUG - < sec-websocket-extensions: permessage-deflate
2023-04-17 14:03:04,796 - DEBUG - < X-Cache: Miss from cloudfront
2023-04-17 14:03:04,796 - DEBUG - < Via: 1.1 96d5e926418becbc899e1a730ab37236.cloudfront.net (CloudFront)
2023-04-17 14:03:04,796 - DEBUG - < X-Amz-Cf-Pop: ICN57-P2
2023-04-17 14:03:04,797 - DEBUG - < X-Amz-Cf-Id: GT3HCGtmYRMbzIxycrZgsXIc2ZLP-gns_MTCzHa9VyPl4bnexJ7o6A==
2023-04-17 14:03:04,797 - DEBUG - = connection is OPEN
2023-04-17 14:03:04,820 - DEBUG - > TEXT '[2, "bf0419fc-187d-40c9-84db-fda1a2d317d0", "Bo...ePointVendor": "EVAR"}]' [127 bytes]
2023-04-17 14:03:05,081 - DEBUG - < TEXT '[3, "bf0419fc-187d-40c9-84db-fda1a2d317d0", {"s...53Z", "interval": 600}]' [123 bytes]
2023-04-17 14:03:07,261 - DEBUG - Starting new HTTPS connection (1): rgw.devevspcharger.uplus.co.kr:443
2023-04-17 14:03:07,867 - DEBUG - https://rgw.devevspcharger.uplus.co.kr:443 "POST /ioc HTTP/1.1" 200 217
2023-04-17 14:03:07,879 - DEBUG - < TEXT '[2, "928fa961-092f-4207-b3fd-9e8f05d195ef", "Re...rvationId": 120533082}]' [172 bytes]
2023-04-17 14:03:07,883 - DEBUG - > TEXT '[3, "928fa961-092f-4207-b3fd-9e8f05d195ef", {"status": "Accepted"}]' [67 bytes]
2023-04-17 14:03:08,030 - DEBUG - < TEXT '' [0 bytes]
2023-04-17 14:03:08,074 - DEBUG - > TEXT '[2, "bf0419fc-187d-40c9-84db-fda1a2d317d0", "St... "status": "Reserved"}]' [131 bytes]
2023-04-17 14:03:08,271 - DEBUG - < TEXT '[3, "bf0419fc-187d-40c9-84db-fda1a2d317d0", {}]' [47 bytes]
2023-04-17 14:03:08,308 - DEBUG - > TEXT '[2, "bf0419fc-187d-40c9-84db-fda1a2d317d0", "St..."status": "Preparing"}]' [132 bytes]
2023-04-17 14:03:08,531 - DEBUG - < TEXT '[3, "bf0419fc-187d-40c9-84db-fda1a2d317d0", {}]' [47 bytes]
2023-04-17 14:03:08,589 - DEBUG - > TEXT '[2, "bf0419fc-187d-40c9-84db-fda1a2d317d0", "Au...": "1010010195158522"}]' [87 bytes]
2023-04-17 14:03:08,837 - DEBUG - < TEXT '[3, "bf0419fc-187d-40c9-84db-fda1a2d317d0", {"i..."status": "Accepted"}}]' [82 bytes]
2023-04-17 14:03:08,880 - DEBUG - > TEXT '[2, "80a33bb7-057c-4edc-9c49-1e7ab4f28d7b", "St...rvationId": 120533082}]' [198 bytes]
2023-04-17 14:03:09,280 - DEBUG - < TEXT '[3, "80a33bb7-057c-4edc-9c49-1e7ab4f28d7b", {"t..."status": "Accepted"}}]' [110 bytes]
2023-04-17 14:03:09,326 - DEBUG - > TEXT '[2, "bf0419fc-187d-40c9-84db-fda1a2d317d0", "St... "status": "Charging"}]' [131 bytes]
2023-04-17 14:03:09,500 - DEBUG - < TEXT '[3, "bf0419fc-187d-40c9-84db-fda1a2d317d0", {}]' [47 bytes]
2023-04-17 14:03:09,556 - DEBUG - > TEXT '[2, "bf0419fc-187d-40c9-84db-fda1a2d317d0", "Au...": "1010010201665544"}]' [87 bytes]
2023-04-17 14:03:09,830 - DEBUG - < TEXT '[3, "bf0419fc-187d-40c9-84db-fda1a2d317d0", {"i..."status": "Accepted"}}]' [82 bytes]
2023-04-17 14:03:09,880 - DEBUG - > TEXT '[2, "03544dd5-8053-4b83-be7d-734aa0990201", "St...sactionId": 120532006}]' [149 bytes]
2023-04-17 14:03:10,082 - DEBUG - < TEXT '[4, "03544dd5-8053-4b83-be7d-734aa0990201", {"e... Action successfully"}]' [216 bytes]
2023-04-17 14:03:10,116 - DEBUG - = connection is CLOSING
2023-04-17 14:03:10,116 - DEBUG - > CLOSE 1000 (OK) [2 bytes]
2023-04-17 14:03:10,124 - DEBUG - < CLOSE 1000 (OK) [2 bytes]
2023-04-17 14:03:10,128 - DEBUG - = connection is CLOSED
2023-04-17 14:03:22,442 - DEBUG - % sending keepalive ping
2023-04-17 14:03:22,442 - DEBUG - > PING 05 bf b6 af [binary, 4 bytes]
2023-04-17 14:03:22,450 - DEBUG - < PONG 05 bf b6 af [binary, 4 bytes]
2023-04-17 14:03:22,452 - DEBUG - % received keepalive pong
2023-04-17 14:03:42,440 - DEBUG - % sending keepalive ping
2023-04-17 14:03:42,440 - DEBUG - > PING e1 6b cc 9d [binary, 4 bytes]
2023-04-17 14:03:42,448 - DEBUG - < PONG e1 6b cc 9d [binary, 4 bytes]
2023-04-17 14:03:42,452 - DEBUG - % received keepalive pong
2023-04-17 14:04:02,442 - DEBUG - % sending keepalive ping
2023-04-17 14:04:02,442 - DEBUG - > PING b9 1a 8a 94 [binary, 4 bytes]
2023-04-17 14:04:02,450 - DEBUG - < PONG b9 1a 8a 94 [binary, 4 bytes]
2023-04-17 14:04:02,462 - DEBUG - % received keepalive pong
2023-04-17 14:04:22,450 - DEBUG - % sending keepalive ping
2023-04-17 14:04:22,450 - DEBUG - > PING 6d ad 34 94 [binary, 4 bytes]
2023-04-17 14:04:22,469 - DEBUG - < PONG 6d ad 34 94 [binary, 4 bytes]
2023-04-17 14:04:22,473 - DEBUG - % received keepalive pong
2023-04-17 14:04:42,465 - DEBUG - % sending keepalive ping
2023-04-17 14:04:42,466 - DEBUG - > PING ec 21 93 84 [binary, 4 bytes]
2023-04-17 14:04:42,476 - DEBUG - < PONG ec 21 93 84 [binary, 4 bytes]
2023-04-17 14:04:42,482 - DEBUG - % received keepalive pong
2023-04-17 14:05:02,478 - DEBUG - % sending keepalive ping
2023-04-17 14:05:02,478 - DEBUG - > PING 08 b7 db c5 [binary, 4 bytes]
2023-04-17 14:05:02,496 - DEBUG - < PONG 08 b7 db c5 [binary, 4 bytes]
2023-04-17 14:05:02,500 - DEBUG - % received keepalive pong
2023-04-17 14:05:22,508 - DEBUG - % sending keepalive ping
2023-04-17 14:05:22,508 - DEBUG - > PING a6 40 c5 45 [binary, 4 bytes]
2023-04-17 14:05:22,521 - DEBUG - < PONG a6 40 c5 45 [binary, 4 bytes]
2023-04-17 14:05:22,526 - DEBUG - % received keepalive pong
2023-04-17 14:05:42,514 - DEBUG - % sending keepalive ping
2023-04-17 14:05:42,515 - DEBUG - > PING af 3f 04 20 [binary, 4 bytes]
2023-04-17 14:05:42,524 - DEBUG - < PONG af 3f 04 20 [binary, 4 bytes]
2023-04-17 14:05:42,530 - DEBUG - % received keepalive pong
2023-04-17 14:06:02,521 - DEBUG - % sending keepalive ping
2023-04-17 14:06:02,521 - DEBUG - > PING 'tH\x07|' [text, 4 bytes]
2023-04-17 14:06:02,529 - DEBUG - < PONG 'tH\x07|' [text, 4 bytes]
2023-04-17 14:06:02,537 - DEBUG - % received keepalive pong
2023-04-17 14:06:22,513 - DEBUG - % sending keepalive ping
2023-04-17 14:06:22,514 - DEBUG - > PING 1d 89 a3 c7 [binary, 4 bytes]
2023-04-17 14:06:22,524 - DEBUG - < PONG 1d 89 a3 c7 [binary, 4 bytes]
2023-04-17 14:06:22,541 - DEBUG - % received keepalive pong
2023-04-17 14:06:42,521 - DEBUG - % sending keepalive ping
2023-04-17 14:06:42,521 - DEBUG - > PING 77 cc 4f 9c [binary, 4 bytes]
2023-04-17 14:06:42,530 - DEBUG - < PONG 77 cc 4f 9c [binary, 4 bytes]
2023-04-17 14:06:42,534 - DEBUG - % received keepalive pong
2023-04-17 14:07:02,517 - DEBUG - % sending keepalive ping
2023-04-17 14:07:02,517 - DEBUG - > PING 6c ab e6 21 [binary, 4 bytes]
2023-04-17 14:07:02,525 - DEBUG - < PONG 6c ab e6 21 [binary, 4 bytes]
2023-04-17 14:07:02,528 - DEBUG - % received keepalive pong
2023-04-17 14:07:22,527 - DEBUG - % sending keepalive ping
2023-04-17 14:07:22,527 - DEBUG - > PING 25 7f 35 c0 [binary, 4 bytes]
2023-04-17 14:07:22,535 - DEBUG - < PONG 25 7f 35 c0 [binary, 4 bytes]
2023-04-17 14:07:22,538 - DEBUG - % received keepalive pong
2023-04-17 14:07:42,535 - DEBUG - % sending keepalive ping
2023-04-17 14:07:42,535 - DEBUG - > PING 0d d3 d6 a8 [binary, 4 bytes]
2023-04-17 14:07:42,546 - DEBUG - < PONG 0d d3 d6 a8 [binary, 4 bytes]
2023-04-17 14:07:42,554 - DEBUG - % received keepalive pong
2023-04-17 14:08:02,560 - DEBUG - % sending keepalive ping
2023-04-17 14:08:02,560 - DEBUG - > PING 6d 32 ca 2f [binary, 4 bytes]
2023-04-17 14:08:02,578 - DEBUG - < PONG 6d 32 ca 2f [binary, 4 bytes]
2023-04-17 14:08:02,582 - DEBUG - % received keepalive pong
2023-04-17 14:08:15,146 - DEBUG - = connection is CONNECTING
2023-04-17 14:08:15,180 - DEBUG - > GET /ocpp16/ELA007C05/EVSCA050002 HTTP/1.1
2023-04-17 14:08:15,181 - DEBUG - > Host: ws.devevspcharger.uplus.co.kr
2023-04-17 14:08:15,181 - DEBUG - > Upgrade: websocket
2023-04-17 14:08:15,181 - DEBUG - > Connection: Upgrade
2023-04-17 14:08:15,181 - DEBUG - > Sec-WebSocket-Key: N+wx0vC8pWd95opKpnuJSg==
2023-04-17 14:08:15,181 - DEBUG - > Sec-WebSocket-Version: 13
2023-04-17 14:08:15,181 - DEBUG - > Sec-WebSocket-Extensions: permessage-deflate; client_max_window_bits
2023-04-17 14:08:15,181 - DEBUG - > Sec-WebSocket-Protocol: ocpp1.6
2023-04-17 14:08:15,181 - DEBUG - > Authorization: Basic RVZBUjpFVkFSTEdV
2023-04-17 14:08:15,181 - DEBUG - > User-Agent: Python/3.11 websockets/10.4
2023-04-17 14:08:15,681 - DEBUG - < HTTP/1.1 101 Switching Protocols
2023-04-17 14:08:15,682 - DEBUG - < Connection: upgrade
2023-04-17 14:08:15,682 - DEBUG - < Date: Mon, 17 Apr 2023 05:08:04 GMT
2023-04-17 14:08:15,682 - DEBUG - < sec-websocket-protocol: ocpp1.6
2023-04-17 14:08:15,682 - DEBUG - < upgrade: websocket
2023-04-17 14:08:15,682 - DEBUG - < sec-websocket-accept: URFd1jFa1pwMwT63Wz4BCgx3e5E=
2023-04-17 14:08:15,682 - DEBUG - < sec-websocket-extensions: permessage-deflate
2023-04-17 14:08:15,682 - DEBUG - < X-Cache: Miss from cloudfront
2023-04-17 14:08:15,682 - DEBUG - < Via: 1.1 398e2e4101ed255d172b5d628fa36f5c.cloudfront.net (CloudFront)
2023-04-17 14:08:15,682 - DEBUG - < X-Amz-Cf-Pop: ICN57-P2
2023-04-17 14:08:15,683 - DEBUG - < X-Amz-Cf-Id: W7yGeDj1jRQKrU0rYXUNs0kvqbo7N6xEGnSRzaNk8EIYYhmVJMHbrA==
2023-04-17 14:08:15,683 - DEBUG - = connection is OPEN
2023-04-17 14:08:15,707 - DEBUG - > TEXT '[2, "6af53f88-f355-4499-8188-2c870338f61f", "Bo...ePointVendor": "EVAR"}]' [127 bytes]
2023-04-17 14:08:15,984 - DEBUG - < TEXT '[3, "6af53f88-f355-4499-8188-2c870338f61f", {"s...04Z", "interval": 600}]' [123 bytes]
2023-04-17 14:08:18,559 - DEBUG - Starting new HTTPS connection (1): rgw.devevspcharger.uplus.co.kr:443
2023-04-17 14:08:19,452 - DEBUG - https://rgw.devevspcharger.uplus.co.kr:443 "POST /ioc HTTP/1.1" 200 217
2023-04-17 14:08:19,482 - DEBUG - < TEXT '[2, "d87dc009-0a69-48a3-9ef3-9d5f6dd8b82b", "Re...rvationId": 120533082}]' [172 bytes]
2023-04-17 14:08:19,486 - DEBUG - > TEXT '[3, "d87dc009-0a69-48a3-9ef3-9d5f6dd8b82b", {"status": "Accepted"}]' [67 bytes]
2023-04-17 14:08:19,630 - DEBUG - < TEXT '' [0 bytes]
2023-04-17 14:08:19,668 - DEBUG - > TEXT '[2, "6af53f88-f355-4499-8188-2c870338f61f", "St... "status": "Reserved"}]' [131 bytes]
2023-04-17 14:08:19,871 - DEBUG - < TEXT '[3, "6af53f88-f355-4499-8188-2c870338f61f", {}]' [47 bytes]
2023-04-17 14:08:19,918 - DEBUG - > TEXT '[2, "6af53f88-f355-4499-8188-2c870338f61f", "St..."status": "Preparing"}]' [132 bytes]
2023-04-17 14:08:20,112 - DEBUG - < TEXT '[3, "6af53f88-f355-4499-8188-2c870338f61f", {}]' [47 bytes]
2023-04-17 14:08:20,160 - DEBUG - > TEXT '[2, "6af53f88-f355-4499-8188-2c870338f61f", "Au...": "1010010195158522"}]' [87 bytes]
2023-04-17 14:08:20,424 - DEBUG - < TEXT '[3, "6af53f88-f355-4499-8188-2c870338f61f", {"i..."status": "Accepted"}}]' [82 bytes]
2023-04-17 14:08:20,460 - DEBUG - > TEXT '[2, "8c4fda67-5990-4988-8327-3fe4ba6ed901", "St...rvationId": 120533082}]' [198 bytes]
2023-04-17 14:08:20,822 - DEBUG - < TEXT '[3, "8c4fda67-5990-4988-8327-3fe4ba6ed901", {"t..."status": "Accepted"}}]' [110 bytes]
2023-04-17 14:08:20,867 - DEBUG - > TEXT '[2, "6af53f88-f355-4499-8188-2c870338f61f", "St... "status": "Charging"}]' [131 bytes]
2023-04-17 14:08:21,043 - DEBUG - < TEXT '[3, "6af53f88-f355-4499-8188-2c870338f61f", {}]' [47 bytes]
2023-04-17 14:08:21,093 - DEBUG - > TEXT '[2, "6af53f88-f355-4499-8188-2c870338f61f", "Au...": "1010010201665544"}]' [87 bytes]
2023-04-17 14:08:21,304 - DEBUG - < TEXT '[3, "6af53f88-f355-4499-8188-2c870338f61f", {"i..."status": "Accepted"}}]' [82 bytes]
2023-04-17 14:08:21,343 - DEBUG - > TEXT '[2, "c5450922-cca5-4af4-b65e-73df657477d1", "St...sactionId": 120532006}]' [149 bytes]
2023-04-17 14:08:21,543 - DEBUG - < TEXT '[4, "c5450922-cca5-4af4-b65e-73df657477d1", {"e... Action successfully"}]' [216 bytes]
2023-04-17 14:08:21,571 - DEBUG - = connection is CLOSING
2023-04-17 14:08:21,571 - DEBUG - > CLOSE 1000 (OK) [2 bytes]
2023-04-17 14:08:21,581 - DEBUG - < CLOSE 1000 (OK) [2 bytes]
2023-04-17 14:08:21,584 - DEBUG - = connection is CLOSED
2023-04-17 14:08:22,572 - DEBUG - % sending keepalive ping
2023-04-17 14:08:22,572 - DEBUG - > PING ca c2 4e 04 [binary, 4 bytes]
2023-04-17 14:08:22,581 - DEBUG - < PONG ca c2 4e 04 [binary, 4 bytes]
2023-04-17 14:08:22,583 - DEBUG - % received keepalive pong
2023-04-17 14:08:42,563 - DEBUG - % sending keepalive ping
2023-04-17 14:08:42,563 - DEBUG - > PING 91 da 28 d9 [binary, 4 bytes]
2023-04-17 14:08:42,571 - DEBUG - < PONG 91 da 28 d9 [binary, 4 bytes]
2023-04-17 14:08:42,576 - DEBUG - % received keepalive pong
2023-04-17 14:09:02,574 - DEBUG - % sending keepalive ping
2023-04-17 14:09:02,574 - DEBUG - > PING 5c 5f 90 7a [binary, 4 bytes]
2023-04-17 14:09:02,583 - DEBUG - < PONG 5c 5f 90 7a [binary, 4 bytes]
2023-04-17 14:09:02,586 - DEBUG - % received keepalive pong
2023-04-17 14:09:22,573 - DEBUG - % sending keepalive ping
2023-04-17 14:09:22,573 - DEBUG - > PING 01 e4 1a 4f [binary, 4 bytes]
2023-04-17 14:09:22,589 - DEBUG - < PONG 01 e4 1a 4f [binary, 4 bytes]
2023-04-17 14:09:22,592 - DEBUG - % received keepalive pong
2023-04-17 14:09:42,596 - DEBUG - % sending keepalive ping
2023-04-17 14:09:42,596 - DEBUG - > PING b6 07 15 41 [binary, 4 bytes]
2023-04-17 14:09:42,604 - DEBUG - < PONG b6 07 15 41 [binary, 4 bytes]
2023-04-17 14:09:42,608 - DEBUG - % received keepalive pong
2023-04-17 14:10:02,616 - DEBUG - % sending keepalive ping
2023-04-17 14:10:02,616 - DEBUG - > PING 88 43 1a fb [binary, 4 bytes]
2023-04-17 14:10:02,626 - DEBUG - < PONG 88 43 1a fb [binary, 4 bytes]
2023-04-17 14:10:02,631 - DEBUG - % received keepalive pong
2023-04-17 14:10:22,627 - DEBUG - % sending keepalive ping
2023-04-17 14:10:22,628 - DEBUG - > PING ae ca c6 29 [binary, 4 bytes]
2023-04-17 14:10:22,636 - DEBUG - < PONG ae ca c6 29 [binary, 4 bytes]
2023-04-17 14:10:22,640 - DEBUG - % received keepalive pong
2023-04-17 14:10:42,651 - DEBUG - % sending keepalive ping
2023-04-17 14:10:42,651 - DEBUG - > PING 18 0d 24 e3 [binary, 4 bytes]
2023-04-17 14:10:42,658 - DEBUG - < PONG 18 0d 24 e3 [binary, 4 bytes]
2023-04-17 14:10:42,661 - DEBUG - % received keepalive pong
2023-04-17 14:11:02,654 - DEBUG - % sending keepalive ping
2023-04-17 14:11:02,654 - DEBUG - > PING '{\x1d\x06N' [text, 4 bytes]
2023-04-17 14:11:02,666 - DEBUG - < PONG '{\x1d\x06N' [text, 4 bytes]
2023-04-17 14:11:02,673 - DEBUG - % received keepalive pong
2023-04-17 14:11:22,673 - DEBUG - % sending keepalive ping
2023-04-17 14:11:22,673 - DEBUG - > PING 49 fb ab 32 [binary, 4 bytes]
2023-04-17 14:11:22,686 - DEBUG - < PONG 49 fb ab 32 [binary, 4 bytes]
2023-04-17 14:11:22,695 - DEBUG - % received keepalive pong
2023-04-17 14:11:42,693 - DEBUG - % sending keepalive ping
2023-04-17 14:11:42,693 - DEBUG - > PING ea 11 46 4b [binary, 4 bytes]
2023-04-17 14:11:42,701 - DEBUG - < PONG ea 11 46 4b [binary, 4 bytes]
2023-04-17 14:11:42,705 - DEBUG - % received keepalive pong
2023-04-17 14:12:02,693 - DEBUG - % sending keepalive ping
2023-04-17 14:12:02,693 - DEBUG - > PING 9c 0f 67 a0 [binary, 4 bytes]
2023-04-17 14:12:02,701 - DEBUG - < PONG 9c 0f 67 a0 [binary, 4 bytes]
2023-04-17 14:12:02,705 - DEBUG - % received keepalive pong
2023-04-17 14:12:22,690 - DEBUG - % sending keepalive ping
2023-04-17 14:12:22,691 - DEBUG - > PING "'?C!" [text, 4 bytes]
2023-04-17 14:12:22,699 - DEBUG - < PONG "'?C!" [text, 4 bytes]
2023-04-17 14:12:22,703 - DEBUG - % received keepalive pong
2023-04-17 14:12:42,690 - DEBUG - % sending keepalive ping
2023-04-17 14:12:42,690 - DEBUG - > PING '\x14\u04eev' [text, 4 bytes]
2023-04-17 14:12:42,705 - DEBUG - < PONG '\x14\u04eev' [text, 4 bytes]
2023-04-17 14:12:42,708 - DEBUG - % received keepalive pong
2023-04-17 14:13:02,695 - DEBUG - % sending keepalive ping
2023-04-17 14:13:02,695 - DEBUG - > PING 70 27 be cf [binary, 4 bytes]
2023-04-17 14:13:02,704 - DEBUG - < PONG 70 27 be cf [binary, 4 bytes]
2023-04-17 14:13:02,710 - DEBUG - % received keepalive pong
2023-04-17 14:13:22,695 - DEBUG - % sending keepalive ping
2023-04-17 14:13:22,695 - DEBUG - > PING 50 ba 50 26 [binary, 4 bytes]
2023-04-17 14:13:22,703 - DEBUG - < PONG 50 ba 50 26 [binary, 4 bytes]
2023-04-17 14:13:22,706 - DEBUG - % received keepalive pong
2023-04-17 14:13:42,698 - DEBUG - % sending keepalive ping
2023-04-17 14:13:42,699 - DEBUG - > PING a1 90 b0 d0 [binary, 4 bytes]
2023-04-17 14:13:42,707 - DEBUG - < PONG a1 90 b0 d0 [binary, 4 bytes]
2023-04-17 14:13:42,711 - DEBUG - % received keepalive pong
2023-04-17 14:14:02,689 - DEBUG - % sending keepalive ping
2023-04-17 14:14:02,690 - DEBUG - > PING f5 19 1f d0 [binary, 4 bytes]
2023-04-17 14:14:02,699 - DEBUG - < PONG f5 19 1f d0 [binary, 4 bytes]
2023-04-17 14:14:02,703 - DEBUG - % received keepalive pong
2023-04-17 14:14:22,700 - DEBUG - % sending keepalive ping
2023-04-17 14:14:22,700 - DEBUG - > PING 03 22 af 83 [binary, 4 bytes]
2023-04-17 14:14:22,710 - DEBUG - < PONG 03 22 af 83 [binary, 4 bytes]
2023-04-17 14:14:22,712 - DEBUG - % received keepalive pong
2023-04-17 14:14:27,613 - DEBUG - = connection is CONNECTING
2023-04-17 14:14:27,645 - DEBUG - > GET /ocpp16/ELA007C05/EVSCA050002 HTTP/1.1
2023-04-17 14:14:27,645 - DEBUG - > Host: ws.devevspcharger.uplus.co.kr
2023-04-17 14:14:27,645 - DEBUG - > Upgrade: websocket
2023-04-17 14:14:27,645 - DEBUG - > Connection: Upgrade
2023-04-17 14:14:27,645 - DEBUG - > Sec-WebSocket-Key: y5P9l66fpDEwhjdxWpWqBQ==
2023-04-17 14:14:27,646 - DEBUG - > Sec-WebSocket-Version: 13
2023-04-17 14:14:27,646 - DEBUG - > Sec-WebSocket-Extensions: permessage-deflate; client_max_window_bits
2023-04-17 14:14:27,646 - DEBUG - > Sec-WebSocket-Protocol: ocpp1.6
2023-04-17 14:14:27,646 - DEBUG - > Authorization: Basic RVZBUjpFVkFSTEdV
2023-04-17 14:14:27,646 - DEBUG - > User-Agent: Python/3.11 websockets/10.4
2023-04-17 14:14:28,955 - DEBUG - < HTTP/1.1 101 Switching Protocols
2023-04-17 14:14:28,955 - DEBUG - < Connection: upgrade
2023-04-17 14:14:28,955 - DEBUG - < Date: Mon, 17 Apr 2023 05:14:17 GMT
2023-04-17 14:14:28,955 - DEBUG - < sec-websocket-protocol: ocpp1.6
2023-04-17 14:14:28,955 - DEBUG - < upgrade: websocket
2023-04-17 14:14:28,955 - DEBUG - < sec-websocket-accept: 1/wWyk0GTlu+zufjkFMJZ/NZNyo=
2023-04-17 14:14:28,956 - DEBUG - < sec-websocket-extensions: permessage-deflate
2023-04-17 14:14:28,956 - DEBUG - < X-Cache: Miss from cloudfront
2023-04-17 14:14:28,956 - DEBUG - < Via: 1.1 3c5e765ef2333ef04ef6f44a2b66ec12.cloudfront.net (CloudFront)
2023-04-17 14:14:28,956 - DEBUG - < X-Amz-Cf-Pop: ICN57-P2
2023-04-17 14:14:28,956 - DEBUG - < X-Amz-Cf-Id: 5X56Tx4TmqzUUJNWWRhWqg5KYGyKjTmEwhMxmSz13NyPBLXaaOmIiQ==
2023-04-17 14:14:28,956 - DEBUG - = connection is OPEN
2023-04-17 14:14:28,982 - DEBUG - > TEXT '[2, "56d8f315-e4b5-431c-bd97-ed5e8b0b167a", "Bo...ePointVendor": "EVAR"}]' [127 bytes]
2023-04-17 14:14:29,412 - DEBUG - < TEXT '[3, "56d8f315-e4b5-431c-bd97-ed5e8b0b167a", {"s...18Z", "interval": 600}]' [123 bytes]
2023-04-17 14:14:32,971 - DEBUG - Starting new HTTPS connection (1): rgw.devevspcharger.uplus.co.kr:443
2023-04-17 14:14:34,406 - DEBUG - https://rgw.devevspcharger.uplus.co.kr:443 "POST /ioc HTTP/1.1" 200 217
2023-04-17 14:14:34,419 - DEBUG - < TEXT '[2, "d3a0eac0-8b68-4a98-b63d-899cfa9fe29a", "Re...rvationId": 120533082}]' [172 bytes]
2023-04-17 14:14:34,424 - DEBUG - > TEXT '[3, "d3a0eac0-8b68-4a98-b63d-899cfa9fe29a", {"status": "Accepted"}]' [67 bytes]
2023-04-17 14:14:34,612 - DEBUG - < TEXT '' [0 bytes]
2023-04-17 14:14:34,654 - DEBUG - > TEXT '[2, "56d8f315-e4b5-431c-bd97-ed5e8b0b167a", "St... "status": "Reserved"}]' [131 bytes]
2023-04-17 14:14:34,860 - DEBUG - < TEXT '[3, "56d8f315-e4b5-431c-bd97-ed5e8b0b167a", {}]' [47 bytes]
2023-04-17 14:14:34,903 - DEBUG - > TEXT '[2, "56d8f315-e4b5-431c-bd97-ed5e8b0b167a", "St..."status": "Preparing"}]' [132 bytes]
2023-04-17 14:14:35,151 - DEBUG - < TEXT '[3, "56d8f315-e4b5-431c-bd97-ed5e8b0b167a", {}]' [47 bytes]
2023-04-17 14:14:35,193 - DEBUG - > TEXT '[2, "56d8f315-e4b5-431c-bd97-ed5e8b0b167a", "Au...": "1010010195158522"}]' [87 bytes]
2023-04-17 14:14:35,466 - DEBUG - < TEXT '[3, "56d8f315-e4b5-431c-bd97-ed5e8b0b167a", {"i..."status": "Accepted"}}]' [82 bytes]
2023-04-17 14:14:35,502 - DEBUG - > TEXT '[2, "960f5127-2cfe-4762-ae43-27e922848106", "St...rvationId": 120533082}]' [198 bytes]
2023-04-17 14:14:35,865 - DEBUG - < TEXT '[3, "960f5127-2cfe-4762-ae43-27e922848106", {"t..."status": "Accepted"}}]' [110 bytes]
2023-04-17 14:14:35,913 - DEBUG - > TEXT '[2, "56d8f315-e4b5-431c-bd97-ed5e8b0b167a", "St... "status": "Charging"}]' [131 bytes]
2023-04-17 14:14:36,133 - DEBUG - < TEXT '[3, "56d8f315-e4b5-431c-bd97-ed5e8b0b167a", {}]' [47 bytes]
2023-04-17 14:14:36,175 - DEBUG - > TEXT '[2, "56d8f315-e4b5-431c-bd97-ed5e8b0b167a", "Au...": "1010010201665544"}]' [87 bytes]
2023-04-17 14:14:36,364 - DEBUG - < TEXT '[3, "56d8f315-e4b5-431c-bd97-ed5e8b0b167a", {"i..."status": "Accepted"}}]' [82 bytes]
2023-04-17 14:14:36,405 - DEBUG - > TEXT '[2, "3429308d-1aa0-4981-9bc3-11ed4ef80351", "St...sactionId": 120532006}]' [149 bytes]
2023-04-17 14:14:36,623 - DEBUG - < TEXT '[4, "3429308d-1aa0-4981-9bc3-11ed4ef80351", {"e... Action successfully"}]' [216 bytes]
2023-04-17 14:14:36,650 - DEBUG - = connection is CLOSING
2023-04-17 14:14:36,650 - DEBUG - > CLOSE 1000 (OK) [2 bytes]
2023-04-17 14:14:36,681 - DEBUG - < CLOSE 1000 (OK) [2 bytes]
2023-04-17 14:14:36,685 - DEBUG - = connection is CLOSED
2023-04-17 14:14:42,689 - DEBUG - % sending keepalive ping
2023-04-17 14:14:42,690 - DEBUG - > PING '\u0471\x119' [text, 4 bytes]
2023-04-17 14:14:42,706 - DEBUG - < PONG '\u0471\x119' [text, 4 bytes]
2023-04-17 14:14:42,708 - DEBUG - % received keepalive pong
2023-04-17 14:15:01,704 - DEBUG - = connection is CONNECTING
2023-04-17 14:15:01,736 - DEBUG - > GET /ocpp16/ELA007C05/EVSCA050002 HTTP/1.1
2023-04-17 14:15:01,737 - DEBUG - > Host: ws.devevspcharger.uplus.co.kr
2023-04-17 14:15:01,737 - DEBUG - > Upgrade: websocket
2023-04-17 14:15:01,737 - DEBUG - > Connection: Upgrade
2023-04-17 14:15:01,737 - DEBUG - > Sec-WebSocket-Key: 8p4Ql/YlP3L2N+ZYI9yQkw==
2023-04-17 14:15:01,737 - DEBUG - > Sec-WebSocket-Version: 13
2023-04-17 14:15:01,737 - DEBUG - > Sec-WebSocket-Extensions: permessage-deflate; client_max_window_bits
2023-04-17 14:15:01,737 - DEBUG - > Sec-WebSocket-Protocol: ocpp1.6
2023-04-17 14:15:01,737 - DEBUG - > Authorization: Basic RVZBUjpFVkFSTEdV
2023-04-17 14:15:01,738 - DEBUG - > User-Agent: Python/3.11 websockets/10.4
2023-04-17 14:15:01,996 - DEBUG - < HTTP/1.1 101 Switching Protocols
2023-04-17 14:15:01,996 - DEBUG - < Connection: upgrade
2023-04-17 14:15:01,996 - DEBUG - < Date: Mon, 17 Apr 2023 05:14:50 GMT
2023-04-17 14:15:01,996 - DEBUG - < sec-websocket-protocol: ocpp1.6
2023-04-17 14:15:01,996 - DEBUG - < upgrade: websocket
2023-04-17 14:15:01,996 - DEBUG - < sec-websocket-accept: ilHxQUHzXDWERVST+DHjEJrroMA=
2023-04-17 14:15:01,996 - DEBUG - < sec-websocket-extensions: permessage-deflate
2023-04-17 14:15:01,996 - DEBUG - < X-Cache: Miss from cloudfront
2023-04-17 14:15:01,996 - DEBUG - < Via: 1.1 8e619a006d3eebbe44543457c797a4f0.cloudfront.net (CloudFront)
2023-04-17 14:15:01,996 - DEBUG - < X-Amz-Cf-Pop: ICN57-P2
2023-04-17 14:15:01,996 - DEBUG - < X-Amz-Cf-Id: ROw-BjamWVM73kJtAbMV9A_xwhWK68h21Mohdzw5l8WLH9R-Z-VgCw==
2023-04-17 14:15:01,996 - DEBUG - = connection is OPEN
2023-04-17 14:15:02,020 - DEBUG - > TEXT '[2, "c8dd2f7c-e76b-4508-ae10-d4376fcba4c3", "Bo...ePointVendor": "EVAR"}]' [127 bytes]
2023-04-17 14:15:02,281 - DEBUG - < TEXT '[3, "c8dd2f7c-e76b-4508-ae10-d4376fcba4c3", {"s...51Z", "interval": 600}]' [123 bytes]
2023-04-17 14:15:02,698 - DEBUG - % sending keepalive ping
2023-04-17 14:15:02,698 - DEBUG - > PING 8f f2 33 6b [binary, 4 bytes]
2023-04-17 14:15:02,707 - DEBUG - < PONG 8f f2 33 6b [binary, 4 bytes]
2023-04-17 14:15:02,712 - DEBUG - % received keepalive pong
2023-04-17 14:15:05,577 - DEBUG - Starting new HTTPS connection (1): rgw.devevspcharger.uplus.co.kr:443
2023-04-17 14:15:05,989 - DEBUG - https://rgw.devevspcharger.uplus.co.kr:443 "POST /ioc HTTP/1.1" 200 217
2023-04-17 14:15:06,003 - DEBUG - < TEXT '[2, "742d973c-c629-4bf1-8323-70e9b28b31bc", "Re...rvationId": 120533082}]' [172 bytes]
2023-04-17 14:15:06,008 - DEBUG - > TEXT '[3, "742d973c-c629-4bf1-8323-70e9b28b31bc", {"status": "Accepted"}]' [67 bytes]
2023-04-17 14:15:06,146 - DEBUG - < TEXT '' [0 bytes]
2023-04-17 14:15:06,188 - DEBUG - > TEXT '[2, "c8dd2f7c-e76b-4508-ae10-d4376fcba4c3", "St... "status": "Reserved"}]' [131 bytes]
2023-04-17 14:15:06,378 - DEBUG - < TEXT '[3, "c8dd2f7c-e76b-4508-ae10-d4376fcba4c3", {}]' [47 bytes]
2023-04-17 14:15:06,409 - DEBUG - > TEXT '[2, "c8dd2f7c-e76b-4508-ae10-d4376fcba4c3", "St..."status": "Preparing"}]' [132 bytes]
2023-04-17 14:15:06,573 - DEBUG - < TEXT '[3, "c8dd2f7c-e76b-4508-ae10-d4376fcba4c3", {}]' [47 bytes]
2023-04-17 14:15:06,619 - DEBUG - > TEXT '[2, "c8dd2f7c-e76b-4508-ae10-d4376fcba4c3", "Au...": "1010010195158522"}]' [87 bytes]
2023-04-17 14:15:06,850 - DEBUG - < TEXT '[3, "c8dd2f7c-e76b-4508-ae10-d4376fcba4c3", {"i..."status": "Accepted"}}]' [82 bytes]
2023-04-17 14:15:06,908 - DEBUG - > TEXT '[2, "879516bd-1d0e-4a0e-b6df-7dd4149fbabf", "St...rvationId": 120533082}]' [198 bytes]
2023-04-17 14:15:07,565 - DEBUG - < TEXT '[3, "879516bd-1d0e-4a0e-b6df-7dd4149fbabf", {"t..."status": "Accepted"}}]' [110 bytes]
2023-04-17 14:15:07,606 - DEBUG - > TEXT '[2, "c8dd2f7c-e76b-4508-ae10-d4376fcba4c3", "St... "status": "Charging"}]' [131 bytes]
2023-04-17 14:15:07,765 - DEBUG - < TEXT '[3, "c8dd2f7c-e76b-4508-ae10-d4376fcba4c3", {}]' [47 bytes]
2023-04-17 14:15:07,808 - DEBUG - > TEXT '[2, "c8dd2f7c-e76b-4508-ae10-d4376fcba4c3", "Au...": "1010010201665544"}]' [87 bytes]
2023-04-17 14:15:08,011 - DEBUG - < TEXT '[3, "c8dd2f7c-e76b-4508-ae10-d4376fcba4c3", {"i..."status": "Accepted"}}]' [82 bytes]
2023-04-17 14:15:08,048 - DEBUG - > TEXT '[2, "66c2e6f8-5fef-4825-a75a-0b118b3a625c", "St...sactionId": 120532006}]' [149 bytes]
2023-04-17 14:15:08,247 - DEBUG - < TEXT '[4, "66c2e6f8-5fef-4825-a75a-0b118b3a625c", {"e... Action successfully"}]' [216 bytes]
2023-04-17 14:15:08,272 - DEBUG - = connection is CLOSING
2023-04-17 14:15:08,272 - DEBUG - > CLOSE 1000 (OK) [2 bytes]
2023-04-17 14:15:08,282 - DEBUG - < CLOSE 1000 (OK) [2 bytes]
2023-04-17 14:15:08,286 - DEBUG - = connection is CLOSED
2023-04-17 14:15:22,698 - DEBUG - % sending keepalive ping
2023-04-17 14:15:22,698 - DEBUG - > PING '\r6\u048c' [text, 4 bytes]
2023-04-17 14:15:22,707 - DEBUG - < PONG '\r6\u048c' [text, 4 bytes]
2023-04-17 14:15:22,710 - DEBUG - % received keepalive pong
2023-04-17 14:15:42,691 - DEBUG - % sending keepalive ping
2023-04-17 14:15:42,691 - DEBUG - > PING 02 b8 33 62 [binary, 4 bytes]
2023-04-17 14:15:42,701 - DEBUG - < PONG 02 b8 33 62 [binary, 4 bytes]
2023-04-17 14:15:42,704 - DEBUG - % received keepalive pong
2023-04-17 14:16:02,686 - DEBUG - % sending keepalive ping
2023-04-17 14:16:02,686 - DEBUG - > PING b3 fe dc 04 [binary, 4 bytes]
2023-04-17 14:16:02,694 - DEBUG - < PONG b3 fe dc 04 [binary, 4 bytes]
2023-04-17 14:16:02,701 - DEBUG - % received keepalive pong
2023-04-17 14:16:22,687 - DEBUG - % sending keepalive ping
2023-04-17 14:16:22,687 - DEBUG - > PING 4e e2 67 ef [binary, 4 bytes]
2023-04-17 14:16:22,699 - DEBUG - < PONG 4e e2 67 ef [binary, 4 bytes]
2023-04-17 14:16:22,706 - DEBUG - % received keepalive pong
2023-04-17 14:16:42,693 - DEBUG - % sending keepalive ping
2023-04-17 14:16:42,694 - DEBUG - > PING 12 19 87 5d [binary, 4 bytes]
2023-04-17 14:16:42,702 - DEBUG - < PONG 12 19 87 5d [binary, 4 bytes]
2023-04-17 14:16:42,704 - DEBUG - % received keepalive pong
2023-04-17 14:17:02,690 - DEBUG - % sending keepalive ping
2023-04-17 14:17:02,690 - DEBUG - > PING c9 df 7f a3 [binary, 4 bytes]
2023-04-17 14:17:02,704 - DEBUG - < PONG c9 df 7f a3 [binary, 4 bytes]
2023-04-17 14:17:02,712 - DEBUG - % received keepalive pong
2023-04-17 14:17:22,685 - DEBUG - % sending keepalive ping
2023-04-17 14:17:22,687 - DEBUG - > PING 18 26 e4 a2 [binary, 4 bytes]
2023-04-17 14:17:22,698 - DEBUG - < PONG 18 26 e4 a2 [binary, 4 bytes]
2023-04-17 14:17:22,705 - DEBUG - % received keepalive pong
2023-04-17 14:17:42,692 - DEBUG - % sending keepalive ping
2023-04-17 14:17:42,693 - DEBUG - > PING cf fe a5 cd [binary, 4 bytes]
2023-04-17 14:17:42,701 - DEBUG - < PONG cf fe a5 cd [binary, 4 bytes]
2023-04-17 14:17:42,705 - DEBUG - % received keepalive pong
2023-04-17 14:18:02,694 - DEBUG - % sending keepalive ping
2023-04-17 14:18:02,694 - DEBUG - > PING ed 77 55 87 [binary, 4 bytes]
2023-04-17 14:18:02,703 - DEBUG - < PONG ed 77 55 87 [binary, 4 bytes]
2023-04-17 14:18:02,706 - DEBUG - % received keepalive pong
2023-04-17 14:18:04,154 - DEBUG - = connection is CONNECTING
2023-04-17 14:18:04,187 - DEBUG - > GET /ocpp16/ELA007C05/EVSCA050002 HTTP/1.1
2023-04-17 14:18:04,188 - DEBUG - > Host: ws.devevspcharger.uplus.co.kr
2023-04-17 14:18:04,188 - DEBUG - > Upgrade: websocket
2023-04-17 14:18:04,188 - DEBUG - > Connection: Upgrade
2023-04-17 14:18:04,188 - DEBUG - > Sec-WebSocket-Key: Z40wsZa4sU30h3/LufF5KQ==
2023-04-17 14:18:04,189 - DEBUG - > Sec-WebSocket-Version: 13
2023-04-17 14:18:04,189 - DEBUG - > Sec-WebSocket-Extensions: permessage-deflate; client_max_window_bits
2023-04-17 14:18:04,189 - DEBUG - > Sec-WebSocket-Protocol: ocpp1.6
2023-04-17 14:18:04,189 - DEBUG - > Authorization: Basic RVZBUjpFVkFSTEdV
2023-04-17 14:18:04,189 - DEBUG - > User-Agent: Python/3.11 websockets/10.4
2023-04-17 14:18:04,917 - DEBUG - < HTTP/1.1 101 Switching Protocols
2023-04-17 14:18:04,917 - DEBUG - < Connection: upgrade
2023-04-17 14:18:04,918 - DEBUG - < Date: Mon, 17 Apr 2023 05:17:53 GMT
2023-04-17 14:18:04,918 - DEBUG - < sec-websocket-protocol: ocpp1.6
2023-04-17 14:18:04,918 - DEBUG - < upgrade: websocket
2023-04-17 14:18:04,918 - DEBUG - < sec-websocket-accept: 9YWx5p6SEVLNgajVhaExwAoVDiQ=
2023-04-17 14:18:04,918 - DEBUG - < sec-websocket-extensions: permessage-deflate
2023-04-17 14:18:04,918 - DEBUG - < X-Cache: Miss from cloudfront
2023-04-17 14:18:04,918 - DEBUG - < Via: 1.1 3544dee363e510a888d5171c071b297e.cloudfront.net (CloudFront)
2023-04-17 14:18:04,919 - DEBUG - < X-Amz-Cf-Pop: ICN57-P2
2023-04-17 14:18:04,919 - DEBUG - < X-Amz-Cf-Id: z6INb1K7IwtBbj5ovaKcnxUitJ5E0hSdhghp9KGTYx0oKmGACRz8xw==
2023-04-17 14:18:04,919 - DEBUG - = connection is OPEN
2023-04-17 14:18:04,945 - ERROR - Task exception was never retrieved
future: <Task finished name='Task-51' coro=<ChargerSim.startEvent() done, defined at D:\workspace\wss\main.py:124> exception=JSONDecodeError('Expecting property name enclosed in double quotes: line 75 column 5 (char 1285)')>
Traceback (most recent call last):
  File "D:\workspace\wss\main.py", line 144, in startEvent
    await self.charger.runcase(self.TC_selected if len(self.TC_selected.keys())>0 else self.TC)
  File "D:\workspace\wss\Charger.py", line 373, in runcase
    doc = self.convertSendDoc(c)
          ^^^^^^^^^^^^^^^^^^^^^^
  File "D:\workspace\wss\Charger.py", line 229, in convertSendDoc
    doc = json.loads(self.ocppdocs)[ocpp[0]]
          ^^^^^^^^^^^^^^^^^^^^^^^^^
  File "C:\Users\LGCNS\AppData\Local\Programs\Python\Python311\Lib\json\__init__.py", line 346, in loads
    return _default_decoder.decode(s)
           ^^^^^^^^^^^^^^^^^^^^^^^^^^
  File "C:\Users\LGCNS\AppData\Local\Programs\Python\Python311\Lib\json\decoder.py", line 337, in decode
    obj, end = self.raw_decode(s, idx=_w(s, 0).end())
               ^^^^^^^^^^^^^^^^^^^^^^^^^^^^^^^^^^^^^^
  File "C:\Users\LGCNS\AppData\Local\Programs\Python\Python311\Lib\json\decoder.py", line 353, in raw_decode
    obj, end = self.scan_once(s, idx)
               ^^^^^^^^^^^^^^^^^^^^^^
json.decoder.JSONDecodeError: Expecting property name enclosed in double quotes: line 75 column 5 (char 1285)
2023-04-17 14:18:13,497 - DEBUG - = connection is CONNECTING
2023-04-17 14:18:13,533 - DEBUG - > GET /ocpp16/ELA007C05/EVSCA050002 HTTP/1.1
2023-04-17 14:18:13,533 - DEBUG - > Host: ws.devevspcharger.uplus.co.kr
2023-04-17 14:18:13,534 - DEBUG - > Upgrade: websocket
2023-04-17 14:18:13,534 - DEBUG - > Connection: Upgrade
2023-04-17 14:18:13,536 - DEBUG - > Sec-WebSocket-Key: jBI6qUCvDoBY0zAftVhMwQ==
2023-04-17 14:18:13,537 - DEBUG - > Sec-WebSocket-Version: 13
2023-04-17 14:18:13,537 - DEBUG - > Sec-WebSocket-Extensions: permessage-deflate; client_max_window_bits
2023-04-17 14:18:13,537 - DEBUG - > Sec-WebSocket-Protocol: ocpp1.6
2023-04-17 14:18:13,537 - DEBUG - > Authorization: Basic RVZBUjpFVkFSTEdV
2023-04-17 14:18:13,537 - DEBUG - > User-Agent: Python/3.11 websockets/10.4
2023-04-17 14:18:22,193 - DEBUG - = connection is CONNECTING
2023-04-17 14:18:22,225 - DEBUG - > GET /ocpp16/ELA007C05/EVSCA050002 HTTP/1.1
2023-04-17 14:18:22,226 - DEBUG - > Host: ws.devevspcharger.uplus.co.kr
2023-04-17 14:18:22,226 - DEBUG - > Upgrade: websocket
2023-04-17 14:18:22,226 - DEBUG - > Connection: Upgrade
2023-04-17 14:18:22,226 - DEBUG - > Sec-WebSocket-Key: cVOwhaGJz0Kw+nfJ1mkP4A==
2023-04-17 14:18:22,226 - DEBUG - > Sec-WebSocket-Version: 13
2023-04-17 14:18:22,226 - DEBUG - > Sec-WebSocket-Extensions: permessage-deflate; client_max_window_bits
2023-04-17 14:18:22,226 - DEBUG - > Sec-WebSocket-Protocol: ocpp1.6
2023-04-17 14:18:22,226 - DEBUG - > Authorization: Basic RVZBUjpFVkFSTEdV
2023-04-17 14:18:22,226 - DEBUG - > User-Agent: Python/3.11 websockets/10.4
2023-04-17 14:18:22,697 - DEBUG - % sending keepalive ping
2023-04-17 14:18:22,697 - DEBUG - > PING b4 f5 9d e4 [binary, 4 bytes]
2023-04-17 14:18:22,705 - DEBUG - < PONG b4 f5 9d e4 [binary, 4 bytes]
2023-04-17 14:18:22,708 - DEBUG - % received keepalive pong
2023-04-17 14:18:23,480 - DEBUG - ! failing connection with code 1006
2023-04-17 14:18:23,480 - DEBUG - x closing TCP connection
2023-04-17 14:18:24,675 - DEBUG - = connection is CLOSED
2023-04-17 14:18:24,792 - ERROR - Task exception was never retrieved
future: <Task finished name='Task-56' coro=<ChargerSim.startEvent() done, defined at D:\workspace\wss\main.py:124> exception=JSONDecodeError('Expecting property name enclosed in double quotes: line 75 column 5 (char 1285)')>
Traceback (most recent call last):
  File "D:\workspace\wss\main.py", line 144, in startEvent
    await self.charger.runcase(self.TC_selected if len(self.TC_selected.keys())>0 else self.TC)
  File "D:\workspace\wss\Charger.py", line 373, in runcase
    doc = self.convertSendDoc(c)
          ^^^^^^^^^^^^^^^^^^^^^^
  File "D:\workspace\wss\Charger.py", line 229, in convertSendDoc
    doc = json.loads(self.ocppdocs)[ocpp[0]]
          ^^^^^^^^^^^^^^^^^^^^^^^^^
  File "C:\Users\LGCNS\AppData\Local\Programs\Python\Python311\Lib\json\__init__.py", line 346, in loads
    return _default_decoder.decode(s)
           ^^^^^^^^^^^^^^^^^^^^^^^^^^
  File "C:\Users\LGCNS\AppData\Local\Programs\Python\Python311\Lib\json\decoder.py", line 337, in decode
    obj, end = self.raw_decode(s, idx=_w(s, 0).end())
               ^^^^^^^^^^^^^^^^^^^^^^^^^^^^^^^^^^^^^^
  File "C:\Users\LGCNS\AppData\Local\Programs\Python\Python311\Lib\json\decoder.py", line 353, in raw_decode
    obj, end = self.scan_once(s, idx)
               ^^^^^^^^^^^^^^^^^^^^^^
json.decoder.JSONDecodeError: Expecting property name enclosed in double quotes: line 75 column 5 (char 1285)
2023-04-17 14:18:24,872 - DEBUG - < HTTP/1.1 101 Switching Protocols
2023-04-17 14:18:24,872 - DEBUG - < Connection: upgrade
2023-04-17 14:18:24,872 - DEBUG - < Date: Mon, 17 Apr 2023 05:18:13 GMT
2023-04-17 14:18:24,872 - DEBUG - < sec-websocket-protocol: ocpp1.6
2023-04-17 14:18:24,873 - DEBUG - < upgrade: websocket
2023-04-17 14:18:24,874 - DEBUG - < sec-websocket-accept: YAac7IR6rXqtXk1fOmqkNNzyDJs=
2023-04-17 14:18:24,875 - DEBUG - < sec-websocket-extensions: permessage-deflate
2023-04-17 14:18:24,875 - DEBUG - < X-Cache: Miss from cloudfront
2023-04-17 14:18:24,875 - DEBUG - < Via: 1.1 d21d7f64d4ce2d8fcbb5fbee217cca5a.cloudfront.net (CloudFront)
2023-04-17 14:18:24,875 - DEBUG - < X-Amz-Cf-Pop: ICN57-P2
2023-04-17 14:18:24,875 - DEBUG - < X-Amz-Cf-Id: r7qxY45zyVmFJ089vSBtd_lva6-IIgh8kas_WZe7AFsPNshDs-qSNQ==
2023-04-17 14:18:24,876 - DEBUG - = connection is OPEN
2023-04-17 14:18:24,897 - ERROR - Task exception was never retrieved
future: <Task finished name='Task-58' coro=<ChargerSim.startEvent() done, defined at D:\workspace\wss\main.py:124> exception=JSONDecodeError('Expecting property name enclosed in double quotes: line 75 column 5 (char 1285)')>
Traceback (most recent call last):
  File "D:\workspace\wss\main.py", line 144, in startEvent
    await self.charger.runcase(self.TC_selected if len(self.TC_selected.keys())>0 else self.TC)
  File "D:\workspace\wss\Charger.py", line 373, in runcase
    doc = self.convertSendDoc(c)
          ^^^^^^^^^^^^^^^^^^^^^^
  File "D:\workspace\wss\Charger.py", line 229, in convertSendDoc
    doc = json.loads(self.ocppdocs)[ocpp[0]]
          ^^^^^^^^^^^^^^^^^^^^^^^^^
  File "C:\Users\LGCNS\AppData\Local\Programs\Python\Python311\Lib\json\__init__.py", line 346, in loads
    return _default_decoder.decode(s)
           ^^^^^^^^^^^^^^^^^^^^^^^^^^
  File "C:\Users\LGCNS\AppData\Local\Programs\Python\Python311\Lib\json\decoder.py", line 337, in decode
    obj, end = self.raw_decode(s, idx=_w(s, 0).end())
               ^^^^^^^^^^^^^^^^^^^^^^^^^^^^^^^^^^^^^^
  File "C:\Users\LGCNS\AppData\Local\Programs\Python\Python311\Lib\json\decoder.py", line 353, in raw_decode
    obj, end = self.scan_once(s, idx)
               ^^^^^^^^^^^^^^^^^^^^^^
json.decoder.JSONDecodeError: Expecting property name enclosed in double quotes: line 75 column 5 (char 1285)
2023-04-17 14:18:24,922 - DEBUG - % sending keepalive ping
2023-04-17 14:18:24,922 - DEBUG - > PING b1 83 77 98 [binary, 4 bytes]
2023-04-17 14:18:24,931 - DEBUG - < PONG b1 83 77 98 [binary, 4 bytes]
2023-04-17 14:18:24,939 - DEBUG - % received keepalive pong
2023-04-17 14:18:38,528 - DEBUG - = connection is CONNECTING
2023-04-17 14:18:38,558 - DEBUG - > GET /ocpp16/ELA007C05/EVSCA050002 HTTP/1.1
2023-04-17 14:18:38,558 - DEBUG - > Host: ws.devevspcharger.uplus.co.kr
2023-04-17 14:18:38,559 - DEBUG - > Upgrade: websocket
2023-04-17 14:18:38,559 - DEBUG - > Connection: Upgrade
2023-04-17 14:18:38,559 - DEBUG - > Sec-WebSocket-Key: ukCCKvZV8/bMVLpuWdspJw==
2023-04-17 14:18:38,559 - DEBUG - > Sec-WebSocket-Version: 13
2023-04-17 14:18:38,559 - DEBUG - > Sec-WebSocket-Extensions: permessage-deflate; client_max_window_bits
2023-04-17 14:18:38,559 - DEBUG - > Sec-WebSocket-Protocol: ocpp1.6
2023-04-17 14:18:38,559 - DEBUG - > Authorization: Basic RVZBUjpFVkFSTEdV
2023-04-17 14:18:38,559 - DEBUG - > User-Agent: Python/3.11 websockets/10.4
2023-04-17 14:18:39,071 - DEBUG - < HTTP/1.1 101 Switching Protocols
2023-04-17 14:18:39,071 - DEBUG - < Connection: upgrade
2023-04-17 14:18:39,072 - DEBUG - < Date: Mon, 17 Apr 2023 05:18:27 GMT
2023-04-17 14:18:39,072 - DEBUG - < sec-websocket-protocol: ocpp1.6
2023-04-17 14:18:39,072 - DEBUG - < upgrade: websocket
2023-04-17 14:18:39,072 - DEBUG - < sec-websocket-accept: ZLBgUsOzYSN1agQyBVTsCHjOB7o=
2023-04-17 14:18:39,072 - DEBUG - < sec-websocket-extensions: permessage-deflate
2023-04-17 14:18:39,072 - DEBUG - < X-Cache: Miss from cloudfront
2023-04-17 14:18:39,072 - DEBUG - < Via: 1.1 a252aeda8ec1e2b582ae9a32f7c8d544.cloudfront.net (CloudFront)
2023-04-17 14:18:39,072 - DEBUG - < X-Amz-Cf-Pop: ICN57-P2
2023-04-17 14:18:39,073 - DEBUG - < X-Amz-Cf-Id: RsxGqLxMmGicGwF7h3JRa8sARzo15LcjASqnNejE7-1BYRjbEnuvFg==
2023-04-17 14:18:39,074 - DEBUG - = connection is OPEN
2023-04-17 14:18:39,091 - ERROR - Task exception was never retrieved
future: <Task finished name='Task-64' coro=<ChargerSim.startEvent() done, defined at D:\workspace\wss\main.py:124> exception=JSONDecodeError('Expecting property name enclosed in double quotes: line 75 column 5 (char 1285)')>
Traceback (most recent call last):
  File "D:\workspace\wss\main.py", line 144, in startEvent
    await self.charger.runcase(self.TC_selected if len(self.TC_selected.keys())>0 else self.TC)
  File "D:\workspace\wss\Charger.py", line 373, in runcase
    doc = self.convertSendDoc(c)
          ^^^^^^^^^^^^^^^^^^^^^^
  File "D:\workspace\wss\Charger.py", line 229, in convertSendDoc
    doc = json.loads(self.ocppdocs)[ocpp[0]]
          ^^^^^^^^^^^^^^^^^^^^^^^^^
  File "C:\Users\LGCNS\AppData\Local\Programs\Python\Python311\Lib\json\__init__.py", line 346, in loads
    return _default_decoder.decode(s)
           ^^^^^^^^^^^^^^^^^^^^^^^^^^
  File "C:\Users\LGCNS\AppData\Local\Programs\Python\Python311\Lib\json\decoder.py", line 337, in decode
    obj, end = self.raw_decode(s, idx=_w(s, 0).end())
               ^^^^^^^^^^^^^^^^^^^^^^^^^^^^^^^^^^^^^^
  File "C:\Users\LGCNS\AppData\Local\Programs\Python\Python311\Lib\json\decoder.py", line 353, in raw_decode
    obj, end = self.scan_once(s, idx)
               ^^^^^^^^^^^^^^^^^^^^^^
json.decoder.JSONDecodeError: Expecting property name enclosed in double quotes: line 75 column 5 (char 1285)
2023-04-17 14:18:42,701 - DEBUG - % sending keepalive ping
2023-04-17 14:18:42,701 - DEBUG - > PING 17 74 d1 23 [binary, 4 bytes]
2023-04-17 14:18:42,709 - DEBUG - < PONG 17 74 d1 23 [binary, 4 bytes]
2023-04-17 14:18:42,711 - DEBUG - % received keepalive pong
2023-04-17 14:18:44,880 - DEBUG - % sending keepalive ping
2023-04-17 14:18:44,880 - DEBUG - > PING 0f ff 6f d3 [binary, 4 bytes]
2023-04-17 14:18:44,890 - DEBUG - < PONG 0f ff 6f d3 [binary, 4 bytes]
2023-04-17 14:18:44,897 - DEBUG - % received keepalive pong
2023-04-17 14:18:44,943 - DEBUG - % sending keepalive ping
2023-04-17 14:18:44,943 - DEBUG - > PING f5 d0 91 24 [binary, 4 bytes]
2023-04-17 14:18:44,953 - DEBUG - < PONG f5 d0 91 24 [binary, 4 bytes]
2023-04-17 14:18:44,960 - DEBUG - % received keepalive pong
2023-04-17 14:18:45,158 - DEBUG - = connection is CONNECTING
2023-04-17 14:18:45,186 - DEBUG - > GET /ocpp16/ELA007C05/EVSCA050002 HTTP/1.1
2023-04-17 14:18:45,186 - DEBUG - > Host: ws.devevspcharger.uplus.co.kr
2023-04-17 14:18:45,187 - DEBUG - > Upgrade: websocket
2023-04-17 14:18:45,187 - DEBUG - > Connection: Upgrade
2023-04-17 14:18:45,187 - DEBUG - > Sec-WebSocket-Key: c6jEc4x7enfV6S4RZluZPw==
2023-04-17 14:18:45,187 - DEBUG - > Sec-WebSocket-Version: 13
2023-04-17 14:18:45,187 - DEBUG - > Sec-WebSocket-Extensions: permessage-deflate; client_max_window_bits
2023-04-17 14:18:45,187 - DEBUG - > Sec-WebSocket-Protocol: ocpp1.6
2023-04-17 14:18:45,187 - DEBUG - > Authorization: Basic RVZBUjpFVkFSTEdV
2023-04-17 14:18:45,187 - DEBUG - > User-Agent: Python/3.11 websockets/10.4
2023-04-17 14:18:45,657 - DEBUG - < HTTP/1.1 101 Switching Protocols
2023-04-17 14:18:45,658 - DEBUG - < Connection: upgrade
2023-04-17 14:18:45,658 - DEBUG - < Date: Mon, 17 Apr 2023 05:18:34 GMT
2023-04-17 14:18:45,658 - DEBUG - < sec-websocket-protocol: ocpp1.6
2023-04-17 14:18:45,658 - DEBUG - < upgrade: websocket
2023-04-17 14:18:45,658 - DEBUG - < sec-websocket-accept: CgHXa8FpoZS7sgM6OusFwGOk+hw=
2023-04-17 14:18:45,658 - DEBUG - < sec-websocket-extensions: permessage-deflate
2023-04-17 14:18:45,658 - DEBUG - < X-Cache: Miss from cloudfront
2023-04-17 14:18:45,658 - DEBUG - < Via: 1.1 013a9ec825a751410eced78024a9ae1a.cloudfront.net (CloudFront)
2023-04-17 14:18:45,658 - DEBUG - < X-Amz-Cf-Pop: ICN57-P2
2023-04-17 14:18:45,658 - DEBUG - < X-Amz-Cf-Id: tApv78Rcwr1LivUJEeCpcvkINVrcvGqTtJhnft4Q9vPMMhtrr5Tyxw==
2023-04-17 14:18:45,658 - DEBUG - = connection is OPEN
2023-04-17 14:18:45,679 - ERROR - Task exception was never retrieved
future: <Task finished name='Task-69' coro=<ChargerSim.startEvent() done, defined at D:\workspace\wss\main.py:124> exception=JSONDecodeError('Expecting property name enclosed in double quotes: line 75 column 5 (char 1285)')>
Traceback (most recent call last):
  File "D:\workspace\wss\main.py", line 144, in startEvent
    await self.charger.runcase(self.TC_selected if len(self.TC_selected.keys())>0 else self.TC)
  File "D:\workspace\wss\Charger.py", line 373, in runcase
    doc = self.convertSendDoc(c)
          ^^^^^^^^^^^^^^^^^^^^^^
  File "D:\workspace\wss\Charger.py", line 229, in convertSendDoc
    doc = json.loads(self.ocppdocs)[ocpp[0]]
          ^^^^^^^^^^^^^^^^^^^^^^^^^
  File "C:\Users\LGCNS\AppData\Local\Programs\Python\Python311\Lib\json\__init__.py", line 346, in loads
    return _default_decoder.decode(s)
           ^^^^^^^^^^^^^^^^^^^^^^^^^^
  File "C:\Users\LGCNS\AppData\Local\Programs\Python\Python311\Lib\json\decoder.py", line 337, in decode
    obj, end = self.raw_decode(s, idx=_w(s, 0).end())
               ^^^^^^^^^^^^^^^^^^^^^^^^^^^^^^^^^^^^^^
  File "C:\Users\LGCNS\AppData\Local\Programs\Python\Python311\Lib\json\decoder.py", line 353, in raw_decode
    obj, end = self.scan_once(s, idx)
               ^^^^^^^^^^^^^^^^^^^^^^
json.decoder.JSONDecodeError: Expecting property name enclosed in double quotes: line 75 column 5 (char 1285)
2023-04-17 14:18:51,407 - DEBUG - = connection is CONNECTING
2023-04-17 14:18:51,435 - DEBUG - > GET /ocpp16/ELA007C05/EVSCA050002 HTTP/1.1
2023-04-17 14:18:51,436 - DEBUG - > Host: ws.devevspcharger.uplus.co.kr
2023-04-17 14:18:51,436 - DEBUG - > Upgrade: websocket
2023-04-17 14:18:51,436 - DEBUG - > Connection: Upgrade
2023-04-17 14:18:51,436 - DEBUG - > Sec-WebSocket-Key: DiyC2uVNbLZgFuflGzfu1w==
2023-04-17 14:18:51,436 - DEBUG - > Sec-WebSocket-Version: 13
2023-04-17 14:18:51,436 - DEBUG - > Sec-WebSocket-Extensions: permessage-deflate; client_max_window_bits
2023-04-17 14:18:51,436 - DEBUG - > Sec-WebSocket-Protocol: ocpp1.6
2023-04-17 14:18:51,436 - DEBUG - > Authorization: Basic RVZBUjpFVkFSTEdV
2023-04-17 14:18:51,437 - DEBUG - > User-Agent: Python/3.11 websockets/10.4
2023-04-17 14:18:51,795 - DEBUG - < HTTP/1.1 101 Switching Protocols
2023-04-17 14:18:51,795 - DEBUG - < Connection: upgrade
2023-04-17 14:18:51,796 - DEBUG - < Date: Mon, 17 Apr 2023 05:18:40 GMT
2023-04-17 14:18:51,796 - DEBUG - < sec-websocket-protocol: ocpp1.6
2023-04-17 14:18:51,796 - DEBUG - < upgrade: websocket
2023-04-17 14:18:51,796 - DEBUG - < sec-websocket-accept: vkSTNlQ/DILxDnii1enRsMVOaes=
2023-04-17 14:18:51,796 - DEBUG - < sec-websocket-extensions: permessage-deflate
2023-04-17 14:18:51,796 - DEBUG - < X-Cache: Miss from cloudfront
2023-04-17 14:18:51,796 - DEBUG - < Via: 1.1 702d274aeab676890c1a399c8e170886.cloudfront.net (CloudFront)
2023-04-17 14:18:51,796 - DEBUG - < X-Amz-Cf-Pop: ICN57-P2
2023-04-17 14:18:51,796 - DEBUG - < X-Amz-Cf-Id: 34nj4QKvghsiE_lK6wLX0FQcqWe9T_noPYTwuYviG1vK-T68GmCyOw==
2023-04-17 14:18:51,796 - DEBUG - = connection is OPEN
2023-04-17 14:18:51,815 - ERROR - Task exception was never retrieved
future: <Task finished name='Task-74' coro=<ChargerSim.startEvent() done, defined at D:\workspace\wss\main.py:124> exception=JSONDecodeError('Expecting property name enclosed in double quotes: line 75 column 5 (char 1285)')>
Traceback (most recent call last):
  File "D:\workspace\wss\main.py", line 144, in startEvent
    await self.charger.runcase(self.TC_selected if len(self.TC_selected.keys())>0 else self.TC)
  File "D:\workspace\wss\Charger.py", line 373, in runcase
    doc = self.convertSendDoc(c)
          ^^^^^^^^^^^^^^^^^^^^^^
  File "D:\workspace\wss\Charger.py", line 229, in convertSendDoc
    doc = json.loads(self.ocppdocs)[ocpp[0]]
          ^^^^^^^^^^^^^^^^^^^^^^^^^
  File "C:\Users\LGCNS\AppData\Local\Programs\Python\Python311\Lib\json\__init__.py", line 346, in loads
    return _default_decoder.decode(s)
           ^^^^^^^^^^^^^^^^^^^^^^^^^^
  File "C:\Users\LGCNS\AppData\Local\Programs\Python\Python311\Lib\json\decoder.py", line 337, in decode
    obj, end = self.raw_decode(s, idx=_w(s, 0).end())
               ^^^^^^^^^^^^^^^^^^^^^^^^^^^^^^^^^^^^^^
  File "C:\Users\LGCNS\AppData\Local\Programs\Python\Python311\Lib\json\decoder.py", line 353, in raw_decode
    obj, end = self.scan_once(s, idx)
               ^^^^^^^^^^^^^^^^^^^^^^
json.decoder.JSONDecodeError: Expecting property name enclosed in double quotes: line 75 column 5 (char 1285)
2023-04-17 14:18:56,314 - DEBUG - = connection is CONNECTING
2023-04-17 14:18:56,343 - DEBUG - > GET /ocpp16/ELA007C05/EVSCA050002 HTTP/1.1
2023-04-17 14:18:56,344 - DEBUG - > Host: ws.devevspcharger.uplus.co.kr
2023-04-17 14:18:56,344 - DEBUG - > Upgrade: websocket
2023-04-17 14:18:56,344 - DEBUG - > Connection: Upgrade
2023-04-17 14:18:56,344 - DEBUG - > Sec-WebSocket-Key: LUEQsYrgcitKR0+33mt2vw==
2023-04-17 14:18:56,344 - DEBUG - > Sec-WebSocket-Version: 13
2023-04-17 14:18:56,344 - DEBUG - > Sec-WebSocket-Extensions: permessage-deflate; client_max_window_bits
2023-04-17 14:18:56,344 - DEBUG - > Sec-WebSocket-Protocol: ocpp1.6
2023-04-17 14:18:56,344 - DEBUG - > Authorization: Basic RVZBUjpFVkFSTEdV
2023-04-17 14:18:56,344 - DEBUG - > User-Agent: Python/3.11 websockets/10.4
2023-04-17 14:18:56,665 - DEBUG - < HTTP/1.1 101 Switching Protocols
2023-04-17 14:18:56,666 - DEBUG - < Connection: upgrade
2023-04-17 14:18:56,666 - DEBUG - < Date: Mon, 17 Apr 2023 05:18:45 GMT
2023-04-17 14:18:56,666 - DEBUG - < sec-websocket-protocol: ocpp1.6
2023-04-17 14:18:56,666 - DEBUG - < upgrade: websocket
2023-04-17 14:18:56,666 - DEBUG - < sec-websocket-accept: t2jeXgXTvxSxUnk3ELTcUWf2I6I=
2023-04-17 14:18:56,666 - DEBUG - < sec-websocket-extensions: permessage-deflate
2023-04-17 14:18:56,666 - DEBUG - < X-Cache: Miss from cloudfront
2023-04-17 14:18:56,666 - DEBUG - < Via: 1.1 0c9ac74e4533d4cd2c0dd7de136ec086.cloudfront.net (CloudFront)
2023-04-17 14:18:56,666 - DEBUG - < X-Amz-Cf-Pop: ICN57-P2
2023-04-17 14:18:56,666 - DEBUG - < X-Amz-Cf-Id: eJnktN9VPk8mMhh9Yl7NGDhY1cCioFdgv28RE2zSTtE42JGtte9PxQ==
2023-04-17 14:18:56,667 - DEBUG - = connection is OPEN
2023-04-17 14:18:56,688 - ERROR - Task exception was never retrieved
future: <Task finished name='Task-79' coro=<ChargerSim.startEvent() done, defined at D:\workspace\wss\main.py:124> exception=JSONDecodeError('Expecting property name enclosed in double quotes: line 75 column 5 (char 1285)')>
Traceback (most recent call last):
  File "D:\workspace\wss\main.py", line 144, in startEvent
    await self.charger.runcase(self.TC_selected if len(self.TC_selected.keys())>0 else self.TC)
  File "D:\workspace\wss\Charger.py", line 373, in runcase
    doc = self.convertSendDoc(c)
          ^^^^^^^^^^^^^^^^^^^^^^
  File "D:\workspace\wss\Charger.py", line 229, in convertSendDoc
    doc = json.loads(self.ocppdocs)[ocpp[0]]
          ^^^^^^^^^^^^^^^^^^^^^^^^^
  File "C:\Users\LGCNS\AppData\Local\Programs\Python\Python311\Lib\json\__init__.py", line 346, in loads
    return _default_decoder.decode(s)
           ^^^^^^^^^^^^^^^^^^^^^^^^^^
  File "C:\Users\LGCNS\AppData\Local\Programs\Python\Python311\Lib\json\decoder.py", line 337, in decode
    obj, end = self.raw_decode(s, idx=_w(s, 0).end())
               ^^^^^^^^^^^^^^^^^^^^^^^^^^^^^^^^^^^^^^
  File "C:\Users\LGCNS\AppData\Local\Programs\Python\Python311\Lib\json\decoder.py", line 353, in raw_decode
    obj, end = self.scan_once(s, idx)
               ^^^^^^^^^^^^^^^^^^^^^^
json.decoder.JSONDecodeError: Expecting property name enclosed in double quotes: line 75 column 5 (char 1285)
2023-04-17 14:18:59,067 - DEBUG - % sending keepalive ping
2023-04-17 14:18:59,067 - DEBUG - > PING 44 87 a7 c5 [binary, 4 bytes]
2023-04-17 14:18:59,082 - DEBUG - < PONG 44 87 a7 c5 [binary, 4 bytes]
2023-04-17 14:18:59,085 - DEBUG - % received keepalive pong
2023-04-17 14:19:02,697 - DEBUG - % sending keepalive ping
2023-04-17 14:19:02,697 - DEBUG - > PING 25 cb fe 13 [binary, 4 bytes]
2023-04-17 14:19:02,708 - DEBUG - < PONG 25 cb fe 13 [binary, 4 bytes]
2023-04-17 14:19:02,713 - DEBUG - % received keepalive pong
2023-04-17 14:19:04,898 - DEBUG - % sending keepalive ping
2023-04-17 14:19:04,898 - DEBUG - > PING 75 7a 9b d0 [binary, 4 bytes]
2023-04-17 14:19:04,912 - DEBUG - < PONG 75 7a 9b d0 [binary, 4 bytes]
2023-04-17 14:19:04,922 - DEBUG - % received keepalive pong
2023-04-17 14:19:04,946 - DEBUG - % sending keepalive ping
2023-04-17 14:19:04,946 - DEBUG - > PING 59 93 ba f1 [binary, 4 bytes]
2023-04-17 14:19:04,959 - DEBUG - < PONG 59 93 ba f1 [binary, 4 bytes]
2023-04-17 14:19:04,966 - DEBUG - % received keepalive pong
2023-04-17 14:19:05,651 - DEBUG - % sending keepalive ping
2023-04-17 14:19:05,651 - DEBUG - > PING 80 89 2a 11 [binary, 4 bytes]
2023-04-17 14:19:05,661 - DEBUG - < PONG 80 89 2a 11 [binary, 4 bytes]
2023-04-17 14:19:05,672 - DEBUG - % received keepalive pong
2023-04-17 14:19:11,796 - DEBUG - % sending keepalive ping
2023-04-17 14:19:11,796 - DEBUG - > PING 22 51 64 d3 [binary, 4 bytes]
2023-04-17 14:19:11,805 - DEBUG - < PONG 22 51 64 d3 [binary, 4 bytes]
2023-04-17 14:19:11,812 - DEBUG - % received keepalive pong
2023-04-17 14:19:16,670 - DEBUG - % sending keepalive ping
2023-04-17 14:19:16,670 - DEBUG - > PING '[HIZ' [text, 4 bytes]
2023-04-17 14:19:16,678 - DEBUG - < PONG '[HIZ' [text, 4 bytes]
2023-04-17 14:19:16,686 - DEBUG - % received keepalive pong
2023-04-17 14:19:19,064 - DEBUG - % sending keepalive ping
2023-04-17 14:19:19,064 - DEBUG - > PING 21 b2 65 fe [binary, 4 bytes]
2023-04-17 14:19:19,072 - DEBUG - < PONG 21 b2 65 fe [binary, 4 bytes]
2023-04-17 14:19:19,075 - DEBUG - % received keepalive pong
2023-04-17 14:19:22,683 - DEBUG - % sending keepalive ping
2023-04-17 14:19:22,683 - DEBUG - > PING a5 ba 0c ee [binary, 4 bytes]
2023-04-17 14:19:22,691 - DEBUG - < PONG a5 ba 0c ee [binary, 4 bytes]
2023-04-17 14:19:22,695 - DEBUG - % received keepalive pong
2023-04-17 14:19:24,925 - DEBUG - % sending keepalive ping
2023-04-17 14:19:24,925 - DEBUG - > PING dc 37 a4 68 [binary, 4 bytes]
2023-04-17 14:19:24,934 - DEBUG - < PONG dc 37 a4 68 [binary, 4 bytes]
2023-04-17 14:19:24,940 - DEBUG - % received keepalive pong
2023-04-17 14:19:24,970 - DEBUG - % sending keepalive ping
2023-04-17 14:19:24,971 - DEBUG - > PING 50 82 3c 53 [binary, 4 bytes]
2023-04-17 14:19:24,985 - DEBUG - < PONG 50 82 3c 53 [binary, 4 bytes]
2023-04-17 14:19:24,989 - DEBUG - % received keepalive pong
2023-04-17 14:19:25,672 - DEBUG - % sending keepalive ping
2023-04-17 14:19:25,673 - DEBUG - > PING 99 aa 15 fb [binary, 4 bytes]
2023-04-17 14:19:25,683 - DEBUG - < PONG 99 aa 15 fb [binary, 4 bytes]
2023-04-17 14:19:25,690 - DEBUG - % received keepalive pong
2023-04-17 14:19:31,819 - DEBUG - % sending keepalive ping
2023-04-17 14:19:31,819 - DEBUG - > PING f2 04 be e1 [binary, 4 bytes]
2023-04-17 14:19:31,827 - DEBUG - < PONG f2 04 be e1 [binary, 4 bytes]
2023-04-17 14:19:31,835 - DEBUG - % received keepalive pong
2023-04-17 14:19:36,692 - DEBUG - % sending keepalive ping
2023-04-17 14:19:36,692 - DEBUG - > PING 4c db 12 32 [binary, 4 bytes]
2023-04-17 14:19:36,699 - DEBUG - < PONG 4c db 12 32 [binary, 4 bytes]
2023-04-17 14:19:36,704 - DEBUG - % received keepalive pong
2023-04-17 14:19:39,062 - DEBUG - % sending keepalive ping
2023-04-17 14:19:39,062 - DEBUG - > PING 13 17 9f f9 [binary, 4 bytes]
2023-04-17 14:19:39,070 - DEBUG - < PONG 13 17 9f f9 [binary, 4 bytes]
2023-04-17 14:19:39,078 - DEBUG - % received keepalive pong
2023-04-17 14:19:42,690 - DEBUG - % sending keepalive ping
2023-04-17 14:19:42,690 - DEBUG - > PING a4 83 8d 8a [binary, 4 bytes]
2023-04-17 14:19:42,698 - DEBUG - < PONG a4 83 8d 8a [binary, 4 bytes]
2023-04-17 14:19:42,702 - DEBUG - % received keepalive pong
2023-04-17 14:19:44,936 - DEBUG - % sending keepalive ping
2023-04-17 14:19:44,936 - DEBUG - > PING a1 12 7c 0c [binary, 4 bytes]
2023-04-17 14:19:44,945 - DEBUG - < PONG a1 12 7c 0c [binary, 4 bytes]
2023-04-17 14:19:44,950 - DEBUG - % received keepalive pong
2023-04-17 14:19:44,966 - DEBUG - % sending keepalive ping
2023-04-17 14:19:44,966 - DEBUG - > PING 95 ab 65 6a [binary, 4 bytes]
2023-04-17 14:19:44,976 - DEBUG - < PONG 95 ab 65 6a [binary, 4 bytes]
2023-04-17 14:19:44,979 - DEBUG - % received keepalive pong
2023-04-17 14:19:45,683 - DEBUG - % sending keepalive ping
2023-04-17 14:19:45,683 - DEBUG - > PING fd 20 52 75 [binary, 4 bytes]
2023-04-17 14:19:45,693 - DEBUG - < PONG fd 20 52 75 [binary, 4 bytes]
2023-04-17 14:19:45,696 - DEBUG - % received keepalive pong
2023-04-17 14:19:51,811 - DEBUG - % sending keepalive ping
2023-04-17 14:19:51,811 - DEBUG - > PING 8a 8d 5e be [binary, 4 bytes]
2023-04-17 14:19:51,823 - DEBUG - < PONG 8a 8d 5e be [binary, 4 bytes]
2023-04-17 14:19:51,830 - DEBUG - % received keepalive pong
2023-04-17 14:19:56,692 - DEBUG - % sending keepalive ping
2023-04-17 14:19:56,692 - DEBUG - > PING 11 b7 7e 90 [binary, 4 bytes]
2023-04-17 14:19:56,702 - DEBUG - < PONG 11 b7 7e 90 [binary, 4 bytes]
2023-04-17 14:19:56,708 - DEBUG - % received keepalive pong
2023-04-17 14:19:59,064 - DEBUG - % sending keepalive ping
2023-04-17 14:19:59,065 - DEBUG - > PING 9b 92 6f 9b [binary, 4 bytes]
2023-04-17 14:19:59,144 - DEBUG - < PONG 9b 92 6f 9b [binary, 4 bytes]
2023-04-17 14:19:59,148 - DEBUG - % received keepalive pong
2023-04-17 14:20:02,699 - DEBUG - % sending keepalive ping
2023-04-17 14:20:02,699 - DEBUG - > PING 87 1b e3 d6 [binary, 4 bytes]
2023-04-17 14:20:02,709 - DEBUG - < PONG 87 1b e3 d6 [binary, 4 bytes]
2023-04-17 14:20:02,716 - DEBUG - % received keepalive pong
2023-04-17 14:20:04,945 - DEBUG - % sending keepalive ping
2023-04-17 14:20:04,945 - DEBUG - > PING '\u0510\rt' [text, 4 bytes]
2023-04-17 14:20:04,954 - DEBUG - < PONG '\u0510\rt' [text, 4 bytes]
2023-04-17 14:20:04,962 - DEBUG - % received keepalive pong
2023-04-17 14:20:04,967 - DEBUG - % sending keepalive ping
2023-04-17 14:20:04,968 - DEBUG - > PING ac c2 ce 8f [binary, 4 bytes]
2023-04-17 14:20:04,977 - DEBUG - < PONG ac c2 ce 8f [binary, 4 bytes]
2023-04-17 14:20:04,983 - DEBUG - % received keepalive pong
2023-04-17 14:20:05,684 - DEBUG - % sending keepalive ping
2023-04-17 14:20:05,684 - DEBUG - > PING 65 df 6f 48 [binary, 4 bytes]
2023-04-17 14:20:05,693 - DEBUG - < PONG 65 df 6f 48 [binary, 4 bytes]
2023-04-17 14:20:05,699 - DEBUG - % received keepalive pong
2023-04-17 14:20:11,823 - DEBUG - % sending keepalive ping
2023-04-17 14:20:11,824 - DEBUG - > PING 9a e7 90 bc [binary, 4 bytes]
2023-04-17 14:20:11,834 - DEBUG - < PONG 9a e7 90 bc [binary, 4 bytes]
2023-04-17 14:20:11,842 - DEBUG - % received keepalive pong
2023-04-17 14:20:16,689 - DEBUG - % sending keepalive ping
2023-04-17 14:20:16,689 - DEBUG - > PING 34 8c 59 e1 [binary, 4 bytes]
2023-04-17 14:20:16,714 - DEBUG - < PONG 34 8c 59 e1 [binary, 4 bytes]
2023-04-17 14:20:16,719 - DEBUG - % received keepalive pong
2023-04-17 14:20:19,150 - DEBUG - % sending keepalive ping
2023-04-17 14:20:19,150 - DEBUG - > PING 96 6f 8b 3f [binary, 4 bytes]
2023-04-17 14:20:19,163 - DEBUG - < PONG 96 6f 8b 3f [binary, 4 bytes]
2023-04-17 14:20:19,170 - DEBUG - % received keepalive pong
2023-04-17 14:20:22,726 - DEBUG - % sending keepalive ping
2023-04-17 14:20:22,726 - DEBUG - > PING 90 b0 60 a2 [binary, 4 bytes]
2023-04-17 14:20:22,736 - DEBUG - < PONG 90 b0 60 a2 [binary, 4 bytes]
2023-04-17 14:20:22,743 - DEBUG - % received keepalive pong
2023-04-17 14:20:24,951 - DEBUG - % sending keepalive ping
2023-04-17 14:20:24,951 - DEBUG - > PING c2 91 da f2 [binary, 4 bytes]
2023-04-17 14:20:24,980 - DEBUG - < PONG c2 91 da f2 [binary, 4 bytes]
2023-04-17 14:20:24,985 - DEBUG - % sending keepalive ping
2023-04-17 14:20:24,986 - DEBUG - > PING 09 1b 63 e2 [binary, 4 bytes]
2023-04-17 14:20:24,989 - DEBUG - % received keepalive pong
2023-04-17 14:20:24,994 - DEBUG - < PONG 09 1b 63 e2 [binary, 4 bytes]
2023-04-17 14:20:25,001 - DEBUG - % received keepalive pong
2023-04-17 14:20:25,696 - DEBUG - % sending keepalive ping
2023-04-17 14:20:25,696 - DEBUG - > PING 03 85 a9 ae [binary, 4 bytes]
2023-04-17 14:20:25,706 - DEBUG - < PONG 03 85 a9 ae [binary, 4 bytes]
2023-04-17 14:20:25,713 - DEBUG - % received keepalive pong
2023-04-17 14:20:31,843 - DEBUG - % sending keepalive ping
2023-04-17 14:20:31,843 - DEBUG - > PING ce 73 09 3d [binary, 4 bytes]
2023-04-17 14:20:31,853 - DEBUG - < PONG ce 73 09 3d [binary, 4 bytes]
2023-04-17 14:20:31,859 - DEBUG - % received keepalive pong
2023-04-17 14:20:36,717 - DEBUG - % sending keepalive ping
2023-04-17 14:20:36,718 - DEBUG - > PING 80 9e 16 e9 [binary, 4 bytes]
2023-04-17 14:20:36,798 - DEBUG - < PONG 80 9e 16 e9 [binary, 4 bytes]
2023-04-17 14:20:36,804 - DEBUG - % received keepalive pong
2023-04-17 14:20:39,169 - DEBUG - % sending keepalive ping
2023-04-17 14:20:39,169 - DEBUG - > PING d5 a9 c9 cc [binary, 4 bytes]
2023-04-17 14:20:39,177 - DEBUG - < PONG d5 a9 c9 cc [binary, 4 bytes]
2023-04-17 14:20:39,181 - DEBUG - % received keepalive pong
2023-04-17 14:20:42,725 - DEBUG - % sending keepalive ping
2023-04-17 14:20:42,726 - DEBUG - > PING bb 51 b8 c6 [binary, 4 bytes]
2023-04-17 14:20:42,733 - DEBUG - < PONG bb 51 b8 c6 [binary, 4 bytes]
2023-04-17 14:20:42,738 - DEBUG - % received keepalive pong
2023-04-17 14:20:44,971 - DEBUG - % sending keepalive ping
2023-04-17 14:20:44,971 - DEBUG - > PING 67 dc 72 cf [binary, 4 bytes]
2023-04-17 14:20:44,980 - DEBUG - < PONG 67 dc 72 cf [binary, 4 bytes]
2023-04-17 14:20:44,987 - DEBUG - % received keepalive pong
2023-04-17 14:20:45,018 - DEBUG - % sending keepalive ping
2023-04-17 14:20:45,019 - DEBUG - > PING 93 c7 b9 e0 [binary, 4 bytes]
2023-04-17 14:20:45,028 - DEBUG - < PONG 93 c7 b9 e0 [binary, 4 bytes]
2023-04-17 14:20:45,034 - DEBUG - % received keepalive pong
2023-04-17 14:20:45,687 - DEBUG - % sending keepalive ping
2023-04-17 14:20:45,687 - DEBUG - > PING 'U\x00¥Æ' [text, 4 bytes]
2023-04-17 14:20:45,696 - DEBUG - < PONG 'U\x00¥Æ' [text, 4 bytes]
2023-04-17 14:20:45,701 - DEBUG - % received keepalive pong
2023-04-17 14:20:51,843 - DEBUG - % sending keepalive ping
2023-04-17 14:20:51,843 - DEBUG - > PING 34 95 88 52 [binary, 4 bytes]
2023-04-17 14:20:51,852 - DEBUG - < PONG 34 95 88 52 [binary, 4 bytes]
2023-04-17 14:20:51,854 - DEBUG - % received keepalive pong
2023-04-17 14:20:56,794 - DEBUG - % sending keepalive ping
2023-04-17 14:20:56,794 - DEBUG - > PING e4 df 05 35 [binary, 4 bytes]
2023-04-17 14:20:56,804 - DEBUG - < PONG e4 df 05 35 [binary, 4 bytes]
2023-04-17 14:20:56,808 - DEBUG - % received keepalive pong
2023-04-17 14:20:59,171 - DEBUG - % sending keepalive ping
2023-04-17 14:20:59,171 - DEBUG - > PING 87 c8 60 0e [binary, 4 bytes]
2023-04-17 14:20:59,179 - DEBUG - < PONG 87 c8 60 0e [binary, 4 bytes]
2023-04-17 14:20:59,182 - DEBUG - % received keepalive pong
2023-04-17 14:21:02,729 - DEBUG - % sending keepalive ping
2023-04-17 14:21:02,729 - DEBUG - > PING 0a aa 67 f9 [binary, 4 bytes]
2023-04-17 14:21:02,738 - DEBUG - < PONG 0a aa 67 f9 [binary, 4 bytes]
2023-04-17 14:21:02,742 - DEBUG - % received keepalive pong
2023-04-17 14:21:04,972 - DEBUG - % sending keepalive ping
2023-04-17 14:21:04,972 - DEBUG - > PING 'XQ\x047' [text, 4 bytes]
2023-04-17 14:21:04,984 - DEBUG - < PONG 'XQ\x047' [text, 4 bytes]
2023-04-17 14:21:04,989 - DEBUG - % received keepalive pong
2023-04-17 14:21:05,018 - DEBUG - % sending keepalive ping
2023-04-17 14:21:05,018 - DEBUG - > PING 08 f9 d6 64 [binary, 4 bytes]
2023-04-17 14:21:05,336 - DEBUG - < PONG 08 f9 d6 64 [binary, 4 bytes]
2023-04-17 14:21:05,341 - DEBUG - % received keepalive pong
2023-04-17 14:21:05,695 - DEBUG - % sending keepalive ping
2023-04-17 14:21:05,695 - DEBUG - > PING bb 04 65 e7 [binary, 4 bytes]
2023-04-17 14:21:05,704 - DEBUG - < PONG bb 04 65 e7 [binary, 4 bytes]
2023-04-17 14:21:05,707 - DEBUG - % received keepalive pong
2023-04-17 14:21:11,853 - DEBUG - % sending keepalive ping
2023-04-17 14:21:11,854 - DEBUG - > PING e5 ab 83 85 [binary, 4 bytes]
2023-04-17 14:21:11,864 - DEBUG - < PONG e5 ab 83 85 [binary, 4 bytes]
2023-04-17 14:21:11,867 - DEBUG - % received keepalive pong
2023-04-17 14:21:16,819 - DEBUG - % sending keepalive ping
2023-04-17 14:21:16,819 - DEBUG - > PING ef 24 0d 2c [binary, 4 bytes]
2023-04-17 14:21:16,826 - DEBUG - < PONG ef 24 0d 2c [binary, 4 bytes]
2023-04-17 14:21:16,830 - DEBUG - % received keepalive pong
2023-04-17 14:21:19,176 - DEBUG - % sending keepalive ping
2023-04-17 14:21:19,176 - DEBUG - > PING c3 c4 8c 23 [binary, 4 bytes]
2023-04-17 14:21:19,203 - DEBUG - < PONG c3 c4 8c 23 [binary, 4 bytes]
2023-04-17 14:21:19,208 - DEBUG - % received keepalive pong
2023-04-17 14:21:22,724 - DEBUG - % sending keepalive ping
2023-04-17 14:21:22,724 - DEBUG - > PING 47 ca 00 5a [binary, 4 bytes]
2023-04-17 14:21:22,733 - DEBUG - < PONG 47 ca 00 5a [binary, 4 bytes]
2023-04-17 14:21:22,741 - DEBUG - % received keepalive pong
2023-04-17 14:21:24,968 - DEBUG - % sending keepalive ping
2023-04-17 14:21:24,968 - DEBUG - > PING b5 ed aa 58 [binary, 4 bytes]
2023-04-17 14:21:24,978 - DEBUG - < PONG b5 ed aa 58 [binary, 4 bytes]
2023-04-17 14:21:24,981 - DEBUG - % received keepalive pong
2023-04-17 14:21:25,348 - DEBUG - % sending keepalive ping
2023-04-17 14:21:25,348 - DEBUG - > PING 98 e1 b2 1b [binary, 4 bytes]
2023-04-17 14:21:25,360 - DEBUG - < PONG 98 e1 b2 1b [binary, 4 bytes]
2023-04-17 14:21:25,368 - DEBUG - % received keepalive pong
2023-04-17 14:21:25,693 - DEBUG - % sending keepalive ping
2023-04-17 14:21:25,693 - DEBUG - > PING 32 20 a8 16 [binary, 4 bytes]
2023-04-17 14:21:25,704 - DEBUG - < PONG 32 20 a8 16 [binary, 4 bytes]
2023-04-17 14:21:25,710 - DEBUG - % received keepalive pong
2023-04-17 14:21:31,851 - DEBUG - % sending keepalive ping
2023-04-17 14:21:31,851 - DEBUG - > PING 23 99 c7 65 [binary, 4 bytes]
2023-04-17 14:21:31,861 - DEBUG - < PONG 23 99 c7 65 [binary, 4 bytes]
2023-04-17 14:21:31,865 - DEBUG - % received keepalive pong
2023-04-17 14:21:36,819 - DEBUG - % sending keepalive ping
2023-04-17 14:21:36,819 - DEBUG - > PING cd c5 4b 6d [binary, 4 bytes]
2023-04-17 14:21:36,827 - DEBUG - < PONG cd c5 4b 6d [binary, 4 bytes]
2023-04-17 14:21:36,831 - DEBUG - % received keepalive pong
2023-04-17 14:21:39,185 - DEBUG - % sending keepalive ping
2023-04-17 14:21:39,185 - DEBUG - > PING 08 7d 08 c5 [binary, 4 bytes]
2023-04-17 14:21:39,194 - DEBUG - < PONG 08 7d 08 c5 [binary, 4 bytes]
2023-04-17 14:21:39,197 - DEBUG - % received keepalive pong
2023-04-17 14:21:42,732 - DEBUG - % sending keepalive ping
2023-04-17 14:21:42,734 - DEBUG - > PING db 6e de b3 [binary, 4 bytes]
2023-04-17 14:21:42,759 - DEBUG - < PONG db 6e de b3 [binary, 4 bytes]
2023-04-17 14:21:42,766 - DEBUG - % received keepalive pong
2023-04-17 14:21:44,968 - DEBUG - % sending keepalive ping
2023-04-17 14:21:44,969 - DEBUG - > PING a4 21 2a 97 [binary, 4 bytes]
2023-04-17 14:21:44,977 - DEBUG - < PONG a4 21 2a 97 [binary, 4 bytes]
2023-04-17 14:21:44,981 - DEBUG - % received keepalive pong
2023-04-17 14:21:45,345 - DEBUG - % sending keepalive ping
2023-04-17 14:21:45,345 - DEBUG - > PING 56 5e 8b e2 [binary, 4 bytes]
2023-04-17 14:21:45,355 - DEBUG - < PONG 56 5e 8b e2 [binary, 4 bytes]
2023-04-17 14:21:45,362 - DEBUG - % received keepalive pong
2023-04-17 14:21:45,692 - DEBUG - % sending keepalive ping
2023-04-17 14:21:45,693 - DEBUG - > PING 6a a0 68 3c [binary, 4 bytes]
2023-04-17 14:21:45,707 - DEBUG - < PONG 6a a0 68 3c [binary, 4 bytes]
2023-04-17 14:21:45,712 - DEBUG - % received keepalive pong
2023-04-17 14:21:51,856 - DEBUG - % sending keepalive ping
2023-04-17 14:21:51,856 - DEBUG - > PING e8 b0 36 56 [binary, 4 bytes]
2023-04-17 14:21:51,867 - DEBUG - < PONG e8 b0 36 56 [binary, 4 bytes]
2023-04-17 14:21:51,874 - DEBUG - % received keepalive pong
2023-04-17 14:21:56,817 - DEBUG - % sending keepalive ping
2023-04-17 14:21:56,817 - DEBUG - > PING f9 94 45 9a [binary, 4 bytes]
2023-04-17 14:21:56,825 - DEBUG - < PONG f9 94 45 9a [binary, 4 bytes]
2023-04-17 14:21:56,828 - DEBUG - % received keepalive pong
2023-04-17 14:21:59,195 - DEBUG - % sending keepalive ping
2023-04-17 14:21:59,195 - DEBUG - > PING 7b ea ab 6c [binary, 4 bytes]
2023-04-17 14:21:59,203 - DEBUG - < PONG 7b ea ab 6c [binary, 4 bytes]
2023-04-17 14:21:59,206 - DEBUG - % received keepalive pong
2023-04-17 14:22:02,764 - DEBUG - % sending keepalive ping
2023-04-17 14:22:02,764 - DEBUG - > PING 'Rkab' [text, 4 bytes]
2023-04-17 14:22:02,782 - DEBUG - < PONG 'Rkab' [text, 4 bytes]
2023-04-17 14:22:02,786 - DEBUG - % received keepalive pong
2023-04-17 14:22:04,975 - DEBUG - % sending keepalive ping
2023-04-17 14:22:04,975 - DEBUG - > PING 54 6b d7 c8 [binary, 4 bytes]
2023-04-17 14:22:04,983 - DEBUG - < PONG 54 6b d7 c8 [binary, 4 bytes]
2023-04-17 14:22:04,986 - DEBUG - % received keepalive pong
2023-04-17 14:22:05,353 - DEBUG - % sending keepalive ping
2023-04-17 14:22:05,353 - DEBUG - > PING f7 38 25 7d [binary, 4 bytes]
2023-04-17 14:22:05,363 - DEBUG - < PONG f7 38 25 7d [binary, 4 bytes]
2023-04-17 14:22:05,366 - DEBUG - % received keepalive pong
2023-04-17 14:22:05,699 - DEBUG - % sending keepalive ping
2023-04-17 14:22:05,699 - DEBUG - > PING 81 8d bb b9 [binary, 4 bytes]
2023-04-17 14:22:05,708 - DEBUG - < PONG 81 8d bb b9 [binary, 4 bytes]
2023-04-17 14:22:05,713 - DEBUG - % received keepalive pong
2023-04-17 14:22:11,882 - DEBUG - % sending keepalive ping
2023-04-17 14:22:11,882 - DEBUG - > PING 50 87 e2 0f [binary, 4 bytes]
2023-04-17 14:22:11,891 - DEBUG - < PONG 50 87 e2 0f [binary, 4 bytes]
2023-04-17 14:22:11,898 - DEBUG - % received keepalive pong
2023-04-17 14:22:16,821 - DEBUG - % sending keepalive ping
2023-04-17 14:22:16,821 - DEBUG - > PING ae 8e 60 cc [binary, 4 bytes]
2023-04-17 14:22:16,828 - DEBUG - < PONG ae 8e 60 cc [binary, 4 bytes]
2023-04-17 14:22:16,833 - DEBUG - % received keepalive pong
2023-04-17 14:22:19,188 - DEBUG - % sending keepalive ping
2023-04-17 14:22:19,188 - DEBUG - > PING 95 7a 5f 84 [binary, 4 bytes]
2023-04-17 14:22:19,198 - DEBUG - < PONG 95 7a 5f 84 [binary, 4 bytes]
2023-04-17 14:22:19,204 - DEBUG - % received keepalive pong
2023-04-17 14:22:22,776 - DEBUG - % sending keepalive ping
2023-04-17 14:22:22,776 - DEBUG - > PING ac a7 ed 19 [binary, 4 bytes]
2023-04-17 14:22:22,785 - DEBUG - < PONG ac a7 ed 19 [binary, 4 bytes]
2023-04-17 14:22:22,792 - DEBUG - % received keepalive pong
2023-04-17 14:22:24,979 - DEBUG - % sending keepalive ping
2023-04-17 14:22:24,979 - DEBUG - > PING 'Oe"5' [text, 4 bytes]
2023-04-17 14:22:24,997 - DEBUG - < PONG 'Oe"5' [text, 4 bytes]
2023-04-17 14:22:24,999 - DEBUG - % received keepalive pong
2023-04-17 14:22:25,342 - DEBUG - % sending keepalive ping
2023-04-17 14:22:25,343 - DEBUG - > PING 1e 84 ff bb [binary, 4 bytes]
2023-04-17 14:22:25,351 - DEBUG - < PONG 1e 84 ff bb [binary, 4 bytes]
2023-04-17 14:22:25,354 - DEBUG - % received keepalive pong
2023-04-17 14:22:25,723 - DEBUG - % sending keepalive ping
2023-04-17 14:22:25,723 - DEBUG - > PING 'lv`$' [text, 4 bytes]
2023-04-17 14:22:25,732 - DEBUG - < PONG 'lv`$' [text, 4 bytes]
2023-04-17 14:22:25,735 - DEBUG - % received keepalive pong
2023-04-17 14:22:31,896 - DEBUG - % sending keepalive ping
2023-04-17 14:22:31,896 - DEBUG - > PING 30 75 70 d1 [binary, 4 bytes]
2023-04-17 14:22:31,907 - DEBUG - < PONG 30 75 70 d1 [binary, 4 bytes]
2023-04-17 14:22:31,913 - DEBUG - % received keepalive pong
2023-04-17 14:22:36,813 - DEBUG - % sending keepalive ping
2023-04-17 14:22:36,814 - DEBUG - > PING 32 5e 2a f2 [binary, 4 bytes]
2023-04-17 14:22:36,820 - DEBUG - < PONG 32 5e 2a f2 [binary, 4 bytes]
2023-04-17 14:22:36,824 - DEBUG - % received keepalive pong
2023-04-17 14:22:39,191 - DEBUG - % sending keepalive ping
2023-04-17 14:22:39,191 - DEBUG - > PING e1 a5 23 58 [binary, 4 bytes]
2023-04-17 14:22:39,199 - DEBUG - < PONG e1 a5 23 58 [binary, 4 bytes]
2023-04-17 14:22:39,204 - DEBUG - % received keepalive pong
2023-04-17 14:22:42,768 - DEBUG - % sending keepalive ping
2023-04-17 14:22:42,769 - DEBUG - > PING 3f e0 55 07 [binary, 4 bytes]
2023-04-17 14:22:42,777 - DEBUG - < PONG 3f e0 55 07 [binary, 4 bytes]
2023-04-17 14:22:42,780 - DEBUG - % received keepalive pong
2023-04-17 14:22:45,011 - DEBUG - % sending keepalive ping
2023-04-17 14:22:45,011 - DEBUG - > PING c8 5c f3 49 [binary, 4 bytes]
2023-04-17 14:22:45,021 - DEBUG - < PONG c8 5c f3 49 [binary, 4 bytes]
2023-04-17 14:22:45,029 - DEBUG - % received keepalive pong
2023-04-17 14:22:45,343 - DEBUG - % sending keepalive ping
2023-04-17 14:22:45,343 - DEBUG - > PING cf 08 a1 b7 [binary, 4 bytes]
2023-04-17 14:22:45,352 - DEBUG - < PONG cf 08 a1 b7 [binary, 4 bytes]
2023-04-17 14:22:45,359 - DEBUG - % received keepalive pong
2023-04-17 14:22:45,721 - DEBUG - % sending keepalive ping
2023-04-17 14:22:45,721 - DEBUG - > PING 4d 59 a3 b1 [binary, 4 bytes]
2023-04-17 14:22:45,730 - DEBUG - < PONG 4d 59 a3 b1 [binary, 4 bytes]
2023-04-17 14:22:45,733 - DEBUG - % received keepalive pong
2023-04-17 14:22:51,905 - DEBUG - % sending keepalive ping
2023-04-17 14:22:51,905 - DEBUG - > PING a2 dc 20 d0 [binary, 4 bytes]
2023-04-17 14:22:51,914 - DEBUG - < PONG a2 dc 20 d0 [binary, 4 bytes]
2023-04-17 14:22:51,921 - DEBUG - % received keepalive pong
2023-04-17 14:22:56,818 - DEBUG - % sending keepalive ping
2023-04-17 14:22:56,819 - DEBUG - > PING f8 26 19 7b [binary, 4 bytes]
2023-04-17 14:22:56,825 - DEBUG - < PONG f8 26 19 7b [binary, 4 bytes]
2023-04-17 14:22:56,834 - DEBUG - % received keepalive pong
2023-04-17 14:22:59,194 - DEBUG - % sending keepalive ping
2023-04-17 14:22:59,195 - DEBUG - > PING 24 2f 16 a1 [binary, 4 bytes]
2023-04-17 14:22:59,202 - DEBUG - < PONG 24 2f 16 a1 [binary, 4 bytes]
2023-04-17 14:22:59,206 - DEBUG - % received keepalive pong
2023-04-17 14:23:02,771 - DEBUG - % sending keepalive ping
2023-04-17 14:23:02,771 - DEBUG - > PING '?4m\x04' [text, 4 bytes]
2023-04-17 14:23:02,779 - DEBUG - < PONG '?4m\x04' [text, 4 bytes]
2023-04-17 14:23:02,784 - DEBUG - % received keepalive pong
2023-04-17 14:23:05,021 - DEBUG - % sending keepalive ping
2023-04-17 14:23:05,021 - DEBUG - > PING 3b f2 f2 59 [binary, 4 bytes]
2023-04-17 14:23:05,031 - DEBUG - < PONG 3b f2 f2 59 [binary, 4 bytes]
2023-04-17 14:23:05,038 - DEBUG - % received keepalive pong
2023-04-17 14:23:05,354 - DEBUG - % sending keepalive ping
2023-04-17 14:23:05,354 - DEBUG - > PING ad 14 59 ff [binary, 4 bytes]
2023-04-17 14:23:05,370 - DEBUG - < PONG ad 14 59 ff [binary, 4 bytes]
2023-04-17 14:23:05,374 - DEBUG - % received keepalive pong
2023-04-17 14:23:05,731 - DEBUG - % sending keepalive ping
2023-04-17 14:23:05,732 - DEBUG - > PING aa b0 3f f5 [binary, 4 bytes]
2023-04-17 14:23:05,741 - DEBUG - < PONG aa b0 3f f5 [binary, 4 bytes]
2023-04-17 14:23:05,744 - DEBUG - % received keepalive pong
2023-04-17 14:23:11,931 - DEBUG - % sending keepalive ping
2023-04-17 14:23:11,931 - DEBUG - > PING dd 4e 01 4d [binary, 4 bytes]
2023-04-17 14:23:11,940 - DEBUG - < PONG dd 4e 01 4d [binary, 4 bytes]
2023-04-17 14:23:11,947 - DEBUG - % received keepalive pong
2023-04-17 14:23:16,817 - DEBUG - % sending keepalive ping
2023-04-17 14:23:16,817 - DEBUG - > PING e7 7b dc 12 [binary, 4 bytes]
2023-04-17 14:23:16,822 - DEBUG - < PONG e7 7b dc 12 [binary, 4 bytes]
2023-04-17 14:23:16,826 - DEBUG - % received keepalive pong
2023-04-17 14:23:19,188 - DEBUG - % sending keepalive ping
2023-04-17 14:23:19,188 - DEBUG - > PING 8f d2 dd a1 [binary, 4 bytes]
2023-04-17 14:23:19,196 - DEBUG - < PONG 8f d2 dd a1 [binary, 4 bytes]
2023-04-17 14:23:19,201 - DEBUG - % received keepalive pong
2023-04-17 14:23:22,768 - DEBUG - % sending keepalive ping
2023-04-17 14:23:22,768 - DEBUG - > PING a0 7c 6d 22 [binary, 4 bytes]
2023-04-17 14:23:22,776 - DEBUG - < PONG a0 7c 6d 22 [binary, 4 bytes]
2023-04-17 14:23:22,782 - DEBUG - % received keepalive pong
2023-04-17 14:23:25,018 - DEBUG - % sending keepalive ping
2023-04-17 14:23:25,018 - DEBUG - > PING a8 8e 7c 50 [binary, 4 bytes]
2023-04-17 14:23:25,031 - DEBUG - < PONG a8 8e 7c 50 [binary, 4 bytes]
2023-04-17 14:23:25,037 - DEBUG - % received keepalive pong
2023-04-17 14:23:25,374 - DEBUG - % sending keepalive ping
2023-04-17 14:23:25,375 - DEBUG - > PING 53 32 b9 00 [binary, 4 bytes]
2023-04-17 14:23:25,383 - DEBUG - < PONG 53 32 b9 00 [binary, 4 bytes]
2023-04-17 14:23:25,388 - DEBUG - % received keepalive pong
2023-04-17 14:23:25,719 - DEBUG - % sending keepalive ping
2023-04-17 14:23:25,719 - DEBUG - > PING 88 e3 e5 59 [binary, 4 bytes]
2023-04-17 14:23:25,731 - DEBUG - < PONG 88 e3 e5 59 [binary, 4 bytes]
2023-04-17 14:23:25,736 - DEBUG - % received keepalive pong
2023-04-17 14:23:31,945 - DEBUG - % sending keepalive ping
2023-04-17 14:23:31,945 - DEBUG - > PING d8 d1 57 8b [binary, 4 bytes]
2023-04-17 14:23:31,954 - DEBUG - < PONG d8 d1 57 8b [binary, 4 bytes]
2023-04-17 14:23:31,962 - DEBUG - % received keepalive pong
2023-04-17 14:23:36,816 - DEBUG - % sending keepalive ping
2023-04-17 14:23:36,816 - DEBUG - > PING 05 eb 78 54 [binary, 4 bytes]
2023-04-17 14:23:36,823 - DEBUG - < PONG 05 eb 78 54 [binary, 4 bytes]
2023-04-17 14:23:36,826 - DEBUG - % received keepalive pong
2023-04-17 14:23:39,185 - DEBUG - % sending keepalive ping
2023-04-17 14:23:39,185 - DEBUG - > PING 0f 0e 81 35 [binary, 4 bytes]
2023-04-17 14:23:39,193 - DEBUG - < PONG 0f 0e 81 35 [binary, 4 bytes]
2023-04-17 14:23:39,197 - DEBUG - % received keepalive pong
2023-04-17 14:23:42,771 - DEBUG - % sending keepalive ping
2023-04-17 14:23:42,772 - DEBUG - > PING c1 35 98 5b [binary, 4 bytes]
2023-04-17 14:23:42,779 - DEBUG - < PONG c1 35 98 5b [binary, 4 bytes]
2023-04-17 14:23:42,783 - DEBUG - % received keepalive pong
2023-04-17 14:23:45,028 - DEBUG - % sending keepalive ping
2023-04-17 14:23:45,028 - DEBUG - > PING fb a2 40 8b [binary, 4 bytes]
2023-04-17 14:23:45,036 - DEBUG - < PONG fb a2 40 8b [binary, 4 bytes]
2023-04-17 14:23:45,043 - DEBUG - % received keepalive pong
2023-04-17 14:23:45,390 - DEBUG - % sending keepalive ping
2023-04-17 14:23:45,390 - DEBUG - > PING 8b d2 80 bb [binary, 4 bytes]
2023-04-17 14:23:45,406 - DEBUG - < PONG 8b d2 80 bb [binary, 4 bytes]
2023-04-17 14:23:45,411 - DEBUG - % received keepalive pong
2023-04-17 14:23:45,721 - DEBUG - % sending keepalive ping
2023-04-17 14:23:45,721 - DEBUG - > PING 96 28 94 b5 [binary, 4 bytes]
2023-04-17 14:23:45,729 - DEBUG - < PONG 96 28 94 b5 [binary, 4 bytes]
2023-04-17 14:23:45,734 - DEBUG - % received keepalive pong
2023-04-17 14:23:51,939 - DEBUG - % sending keepalive ping
2023-04-17 14:23:51,939 - DEBUG - > PING 2e ce 1c 8f [binary, 4 bytes]
2023-04-17 14:23:51,951 - DEBUG - < PONG 2e ce 1c 8f [binary, 4 bytes]
2023-04-17 14:23:51,957 - DEBUG - % received keepalive pong
2023-04-17 14:23:56,820 - DEBUG - % sending keepalive ping
2023-04-17 14:23:56,820 - DEBUG - > PING 2b 12 3b 82 [binary, 4 bytes]
2023-04-17 14:23:56,828 - DEBUG - < PONG 2b 12 3b 82 [binary, 4 bytes]
2023-04-17 14:23:56,833 - DEBUG - % received keepalive pong
2023-04-17 14:23:59,193 - DEBUG - % sending keepalive ping
2023-04-17 14:23:59,193 - DEBUG - > PING 8c 00 61 3a [binary, 4 bytes]
2023-04-17 14:23:59,201 - DEBUG - < PONG 8c 00 61 3a [binary, 4 bytes]
2023-04-17 14:23:59,206 - DEBUG - % received keepalive pong
2023-04-17 14:24:02,771 - DEBUG - % sending keepalive ping
2023-04-17 14:24:02,772 - DEBUG - > PING d1 d8 40 7d [binary, 4 bytes]
2023-04-17 14:24:02,784 - DEBUG - < PONG d1 d8 40 7d [binary, 4 bytes]
2023-04-17 14:24:02,791 - DEBUG - % received keepalive pong
2023-04-17 14:24:05,048 - DEBUG - % sending keepalive ping
2023-04-17 14:24:05,049 - DEBUG - > PING 25 ca d6 34 [binary, 4 bytes]
2023-04-17 14:24:05,058 - DEBUG - < PONG 25 ca d6 34 [binary, 4 bytes]
2023-04-17 14:24:05,064 - DEBUG - % received keepalive pong
2023-04-17 14:24:05,393 - DEBUG - % sending keepalive ping
2023-04-17 14:24:05,393 - DEBUG - > PING 77 6a c1 32 [binary, 4 bytes]
2023-04-17 14:24:05,404 - DEBUG - < PONG 77 6a c1 32 [binary, 4 bytes]
2023-04-17 14:24:05,409 - DEBUG - % received keepalive pong
2023-04-17 14:24:05,718 - DEBUG - % sending keepalive ping
2023-04-17 14:24:05,719 - DEBUG - > PING c9 bd e6 8b [binary, 4 bytes]
2023-04-17 14:24:05,730 - DEBUG - < PONG c9 bd e6 8b [binary, 4 bytes]
2023-04-17 14:24:05,737 - DEBUG - % received keepalive pong
2023-04-17 14:24:11,948 - DEBUG - % sending keepalive ping
2023-04-17 14:24:11,948 - DEBUG - > PING 42 e0 9e b0 [binary, 4 bytes]
2023-04-17 14:24:11,981 - DEBUG - < PONG 42 e0 9e b0 [binary, 4 bytes]
2023-04-17 14:24:11,993 - DEBUG - % received keepalive pong
2023-04-17 14:24:16,819 - DEBUG - % sending keepalive ping
2023-04-17 14:24:16,819 - DEBUG - > PING 0c ad 85 8b [binary, 4 bytes]
2023-04-17 14:24:16,931 - DEBUG - < PONG 0c ad 85 8b [binary, 4 bytes]
2023-04-17 14:24:16,936 - DEBUG - % received keepalive pong
2023-04-17 14:24:19,186 - DEBUG - % sending keepalive ping
2023-04-17 14:24:19,187 - DEBUG - > PING c6 2d 2c 15 [binary, 4 bytes]
2023-04-17 14:24:19,195 - DEBUG - < PONG c6 2d 2c 15 [binary, 4 bytes]
2023-04-17 14:24:19,200 - DEBUG - % received keepalive pong
2023-04-17 14:24:22,767 - DEBUG - % sending keepalive ping
2023-04-17 14:24:22,767 - DEBUG - > PING 0b 88 79 87 [binary, 4 bytes]
2023-04-17 14:24:22,774 - DEBUG - < PONG 0b 88 79 87 [binary, 4 bytes]
2023-04-17 14:24:22,779 - DEBUG - % received keepalive pong
2023-04-17 14:24:25,065 - DEBUG - % sending keepalive ping
2023-04-17 14:24:25,066 - DEBUG - > PING a1 ae 21 80 [binary, 4 bytes]
2023-04-17 14:24:25,098 - DEBUG - < PONG a1 ae 21 80 [binary, 4 bytes]
2023-04-17 14:24:25,104 - DEBUG - % received keepalive pong
2023-04-17 14:24:25,395 - DEBUG - % sending keepalive ping
2023-04-17 14:24:25,395 - DEBUG - > PING 38 29 48 96 [binary, 4 bytes]
2023-04-17 14:24:25,406 - DEBUG - < PONG 38 29 48 96 [binary, 4 bytes]
2023-04-17 14:24:25,412 - DEBUG - % received keepalive pong
2023-04-17 14:24:25,722 - DEBUG - % sending keepalive ping
2023-04-17 14:24:25,723 - DEBUG - > PING a9 5c 57 4f [binary, 4 bytes]
2023-04-17 14:24:25,733 - DEBUG - < PONG a9 5c 57 4f [binary, 4 bytes]
2023-04-17 14:24:25,741 - DEBUG - % received keepalive pong
2023-04-17 14:24:31,971 - DEBUG - % sending keepalive ping
2023-04-17 14:24:31,971 - DEBUG - > PING 4f 4d d9 e2 [binary, 4 bytes]
2023-04-17 14:24:31,981 - DEBUG - < PONG 4f 4d d9 e2 [binary, 4 bytes]
2023-04-17 14:24:31,988 - DEBUG - % received keepalive pong
2023-04-17 14:24:36,939 - DEBUG - % sending keepalive ping
2023-04-17 14:24:36,939 - DEBUG - > PING c6 3b 7a 40 [binary, 4 bytes]
2023-04-17 14:24:36,955 - DEBUG - < PONG c6 3b 7a 40 [binary, 4 bytes]
2023-04-17 14:24:36,960 - DEBUG - % received keepalive pong
2023-04-17 14:24:39,192 - DEBUG - % sending keepalive ping
2023-04-17 14:24:39,193 - DEBUG - > PING e6 0d d5 fb [binary, 4 bytes]
2023-04-17 14:24:39,210 - DEBUG - < PONG e6 0d d5 fb [binary, 4 bytes]
2023-04-17 14:24:39,214 - DEBUG - % received keepalive pong
2023-04-17 14:24:42,768 - DEBUG - % sending keepalive ping
2023-04-17 14:24:42,769 - DEBUG - > PING 66 15 1a a4 [binary, 4 bytes]
2023-04-17 14:24:42,777 - DEBUG - < PONG 66 15 1a a4 [binary, 4 bytes]
2023-04-17 14:24:42,780 - DEBUG - % received keepalive pong
2023-04-17 14:24:45,095 - DEBUG - % sending keepalive ping
2023-04-17 14:24:45,095 - DEBUG - > PING 8f d7 5c ec [binary, 4 bytes]
2023-04-17 14:24:45,103 - DEBUG - < PONG 8f d7 5c ec [binary, 4 bytes]
2023-04-17 14:24:45,107 - DEBUG - % received keepalive pong
2023-04-17 14:24:45,397 - DEBUG - % sending keepalive ping
2023-04-17 14:24:45,397 - DEBUG - > PING c0 65 05 31 [binary, 4 bytes]
2023-04-17 14:24:45,406 - DEBUG - < PONG c0 65 05 31 [binary, 4 bytes]
2023-04-17 14:24:45,408 - DEBUG - % received keepalive pong
2023-04-17 14:24:45,726 - DEBUG - % sending keepalive ping
2023-04-17 14:24:45,727 - DEBUG - > PING '\x02EV?' [text, 4 bytes]
2023-04-17 14:24:45,735 - DEBUG - < PONG '\x02EV?' [text, 4 bytes]
2023-04-17 14:24:45,739 - DEBUG - % received keepalive pong
2023-04-17 14:24:51,982 - DEBUG - % sending keepalive ping
2023-04-17 14:24:51,982 - DEBUG - > PING 6b 1d a5 20 [binary, 4 bytes]
2023-04-17 14:24:51,993 - DEBUG - < PONG 6b 1d a5 20 [binary, 4 bytes]
2023-04-17 14:24:52,000 - DEBUG - % received keepalive pong
2023-04-17 14:24:56,937 - DEBUG - % sending keepalive ping
2023-04-17 14:24:56,938 - DEBUG - > PING bb c2 3d 64 [binary, 4 bytes]
2023-04-17 14:24:56,949 - DEBUG - < PONG bb c2 3d 64 [binary, 4 bytes]
2023-04-17 14:24:56,956 - DEBUG - % received keepalive pong
2023-04-17 14:24:59,226 - DEBUG - % sending keepalive ping
2023-04-17 14:24:59,226 - DEBUG - > PING 90 7b 30 4c [binary, 4 bytes]
2023-04-17 14:24:59,304 - DEBUG - < PONG 90 7b 30 4c [binary, 4 bytes]
2023-04-17 14:24:59,308 - DEBUG - % received keepalive pong
2023-04-17 14:25:02,768 - DEBUG - % sending keepalive ping
2023-04-17 14:25:02,768 - DEBUG - > PING a0 1e 1e dd [binary, 4 bytes]
2023-04-17 14:25:02,777 - DEBUG - < PONG a0 1e 1e dd [binary, 4 bytes]
2023-04-17 14:25:02,783 - DEBUG - % received keepalive pong
2023-04-17 14:25:05,093 - DEBUG - % sending keepalive ping
2023-04-17 14:25:05,094 - DEBUG - > PING '6cX\x0b' [text, 4 bytes]
2023-04-17 14:25:05,103 - DEBUG - < PONG '6cX\x0b' [text, 4 bytes]
2023-04-17 14:25:05,109 - DEBUG - % received keepalive pong
2023-04-17 14:25:05,392 - DEBUG - % sending keepalive ping
2023-04-17 14:25:05,393 - DEBUG - > PING 26 47 a0 e7 [binary, 4 bytes]
2023-04-17 14:25:05,402 - DEBUG - < PONG 26 47 a0 e7 [binary, 4 bytes]
2023-04-17 14:25:05,406 - DEBUG - % received keepalive pong
2023-04-17 14:25:05,718 - DEBUG - % sending keepalive ping
2023-04-17 14:25:05,718 - DEBUG - > PING f3 4e ba 91 [binary, 4 bytes]
2023-04-17 14:25:05,727 - DEBUG - < PONG f3 4e ba 91 [binary, 4 bytes]
2023-04-17 14:25:05,734 - DEBUG - % received keepalive pong
2023-04-17 14:25:11,998 - DEBUG - % sending keepalive ping
2023-04-17 14:25:11,999 - DEBUG - > PING 5f cf 98 fc [binary, 4 bytes]
2023-04-17 14:25:12,008 - DEBUG - < PONG 5f cf 98 fc [binary, 4 bytes]
2023-04-17 14:25:12,014 - DEBUG - % received keepalive pong
2023-04-17 14:25:16,945 - DEBUG - % sending keepalive ping
2023-04-17 14:25:16,945 - DEBUG - > PING 9b f6 15 e9 [binary, 4 bytes]
2023-04-17 14:25:16,954 - DEBUG - < PONG 9b f6 15 e9 [binary, 4 bytes]
2023-04-17 14:25:16,958 - DEBUG - % received keepalive pong
2023-04-17 14:25:19,312 - DEBUG - % sending keepalive ping
2023-04-17 14:25:19,312 - DEBUG - > PING 6f 44 b1 0d [binary, 4 bytes]
2023-04-17 14:25:19,320 - DEBUG - < PONG 6f 44 b1 0d [binary, 4 bytes]
2023-04-17 14:25:19,323 - DEBUG - % received keepalive pong
2023-04-17 14:25:22,769 - DEBUG - % sending keepalive ping
2023-04-17 14:25:22,769 - DEBUG - > PING 9b 87 a8 0a [binary, 4 bytes]
2023-04-17 14:25:22,777 - DEBUG - < PONG 9b 87 a8 0a [binary, 4 bytes]
2023-04-17 14:25:22,780 - DEBUG - % received keepalive pong
2023-04-17 14:25:25,100 - DEBUG - % sending keepalive ping
2023-04-17 14:25:25,100 - DEBUG - > PING 58 a8 8e 91 [binary, 4 bytes]
2023-04-17 14:25:25,108 - DEBUG - < PONG 58 a8 8e 91 [binary, 4 bytes]
2023-04-17 14:25:25,112 - DEBUG - % received keepalive pong
2023-04-17 14:25:25,400 - DEBUG - % sending keepalive ping
2023-04-17 14:25:25,401 - DEBUG - > PING '7^,"' [text, 4 bytes]
2023-04-17 14:25:25,412 - DEBUG - < PONG '7^,"' [text, 4 bytes]
2023-04-17 14:25:25,419 - DEBUG - % received keepalive pong
2023-04-17 14:25:25,731 - DEBUG - % sending keepalive ping
2023-04-17 14:25:25,731 - DEBUG - > PING fd 89 7a e1 [binary, 4 bytes]
2023-04-17 14:25:25,740 - DEBUG - < PONG fd 89 7a e1 [binary, 4 bytes]
2023-04-17 14:25:25,744 - DEBUG - % received keepalive pong
2023-04-17 14:25:32,023 - DEBUG - % sending keepalive ping
2023-04-17 14:25:32,023 - DEBUG - > PING ed 70 b5 eb [binary, 4 bytes]
2023-04-17 14:25:32,033 - DEBUG - < PONG ed 70 b5 eb [binary, 4 bytes]
2023-04-17 14:25:32,039 - DEBUG - % received keepalive pong
2023-04-17 14:25:36,941 - DEBUG - % sending keepalive ping
2023-04-17 14:25:36,941 - DEBUG - > PING 31 80 d5 8d [binary, 4 bytes]
2023-04-17 14:25:36,968 - DEBUG - < PONG 31 80 d5 8d [binary, 4 bytes]
2023-04-17 14:25:36,976 - DEBUG - % received keepalive pong
2023-04-17 14:25:39,320 - DEBUG - % sending keepalive ping
2023-04-17 14:25:39,321 - DEBUG - > PING 'K\u0517b' [text, 4 bytes]
2023-04-17 14:25:39,339 - DEBUG - < PONG 'K\u0517b' [text, 4 bytes]
2023-04-17 14:25:39,345 - DEBUG - % received keepalive pong
2023-04-17 14:25:42,771 - DEBUG - % sending keepalive ping
2023-04-17 14:25:42,771 - DEBUG - > PING 'k<\u0210' [text, 4 bytes]
2023-04-17 14:25:42,790 - DEBUG - < PONG 'k<\u0210' [text, 4 bytes]
2023-04-17 14:25:42,800 - DEBUG - % received keepalive pong
2023-04-17 14:25:45,101 - DEBUG - % sending keepalive ping
2023-04-17 14:25:45,101 - DEBUG - > PING f0 30 06 a8 [binary, 4 bytes]
2023-04-17 14:25:45,109 - DEBUG - < PONG f0 30 06 a8 [binary, 4 bytes]
2023-04-17 14:25:45,112 - DEBUG - % received keepalive pong
2023-04-17 14:25:45,420 - DEBUG - % sending keepalive ping
2023-04-17 14:25:45,421 - DEBUG - > PING '\x01P\u02bb' [text, 4 bytes]
2023-04-17 14:25:45,447 - DEBUG - < PONG '\x01P\u02bb' [text, 4 bytes]
2023-04-17 14:25:45,456 - DEBUG - % received keepalive pong
2023-04-17 14:25:45,720 - DEBUG - % sending keepalive ping
2023-04-17 14:25:45,720 - DEBUG - > PING 87 e7 1f 42 [binary, 4 bytes]
2023-04-17 14:25:45,731 - DEBUG - < PONG 87 e7 1f 42 [binary, 4 bytes]
2023-04-17 14:25:45,737 - DEBUG - % received keepalive pong
2023-04-17 14:25:52,012 - DEBUG - % sending keepalive ping
2023-04-17 14:25:52,014 - DEBUG - > PING 34 91 ee 36 [binary, 4 bytes]
2023-04-17 14:25:52,022 - DEBUG - < PONG 34 91 ee 36 [binary, 4 bytes]
2023-04-17 14:25:52,026 - DEBUG - % received keepalive pong
2023-04-17 14:25:56,968 - DEBUG - % sending keepalive ping
2023-04-17 14:25:56,968 - DEBUG - > PING 'cZY=' [text, 4 bytes]
2023-04-17 14:25:56,975 - DEBUG - < PONG 'cZY=' [text, 4 bytes]
2023-04-17 14:25:56,977 - DEBUG - % received keepalive pong
2023-04-17 14:25:59,348 - DEBUG - % sending keepalive ping
2023-04-17 14:25:59,348 - DEBUG - > PING 16 d1 35 8f [binary, 4 bytes]
2023-04-17 14:25:59,361 - DEBUG - < PONG 16 d1 35 8f [binary, 4 bytes]
2023-04-17 14:25:59,371 - DEBUG - % received keepalive pong
2023-04-17 14:26:02,804 - DEBUG - % sending keepalive ping
2023-04-17 14:26:02,804 - DEBUG - > PING 4b 7a fa 82 [binary, 4 bytes]
2023-04-17 14:26:02,814 - DEBUG - < PONG 4b 7a fa 82 [binary, 4 bytes]
2023-04-17 14:26:02,821 - DEBUG - % received keepalive pong
2023-04-17 14:26:05,103 - DEBUG - % sending keepalive ping
2023-04-17 14:26:05,104 - DEBUG - > PING 52 34 3b 9e [binary, 4 bytes]
2023-04-17 14:26:05,122 - DEBUG - < PONG 52 34 3b 9e [binary, 4 bytes]
2023-04-17 14:26:05,136 - DEBUG - % received keepalive pong
2023-04-17 14:26:05,450 - DEBUG - % sending keepalive ping
2023-04-17 14:26:05,450 - DEBUG - > PING 0b 01 2f c9 [binary, 4 bytes]
2023-04-17 14:26:05,461 - DEBUG - < PONG 0b 01 2f c9 [binary, 4 bytes]
2023-04-17 14:26:05,472 - DEBUG - % received keepalive pong
2023-04-17 14:26:05,716 - DEBUG - % sending keepalive ping
2023-04-17 14:26:05,716 - DEBUG - > PING 05 9a da b8 [binary, 4 bytes]
2023-04-17 14:26:05,725 - DEBUG - < PONG 05 9a da b8 [binary, 4 bytes]
2023-04-17 14:26:05,732 - DEBUG - % received keepalive pong
2023-04-17 14:26:12,021 - DEBUG - % sending keepalive ping
2023-04-17 14:26:12,021 - DEBUG - > PING d4 4b 4f db [binary, 4 bytes]
2023-04-17 14:26:12,032 - DEBUG - < PONG d4 4b 4f db [binary, 4 bytes]
2023-04-17 14:26:12,038 - DEBUG - % received keepalive pong
2023-04-17 14:26:16,968 - DEBUG - % sending keepalive ping
2023-04-17 14:26:16,968 - DEBUG - > PING 8d 48 52 74 [binary, 4 bytes]
2023-04-17 14:26:16,975 - DEBUG - < PONG 8d 48 52 74 [binary, 4 bytes]
2023-04-17 14:26:16,981 - DEBUG - % received keepalive pong
2023-04-17 14:26:19,374 - DEBUG - % sending keepalive ping
2023-04-17 14:26:19,374 - DEBUG - > PING c6 83 06 af [binary, 4 bytes]
2023-04-17 14:26:19,382 - DEBUG - < PONG c6 83 06 af [binary, 4 bytes]
2023-04-17 14:26:19,385 - DEBUG - % received keepalive pong
2023-04-17 14:26:22,817 - DEBUG - % sending keepalive ping
2023-04-17 14:26:22,818 - DEBUG - > PING '.\u0305U' [text, 4 bytes]
2023-04-17 14:26:22,828 - DEBUG - < PONG '.\u0305U' [text, 4 bytes]
2023-04-17 14:26:22,835 - DEBUG - % received keepalive pong
2023-04-17 14:26:25,140 - DEBUG - % sending keepalive ping
2023-04-17 14:26:25,141 - DEBUG - > PING 21 8d 79 61 [binary, 4 bytes]
2023-04-17 14:26:25,153 - DEBUG - < PONG 21 8d 79 61 [binary, 4 bytes]
2023-04-17 14:26:25,159 - DEBUG - % received keepalive pong
2023-04-17 14:26:25,475 - DEBUG - % sending keepalive ping
2023-04-17 14:26:25,475 - DEBUG - > PING ca 67 d3 e6 [binary, 4 bytes]
2023-04-17 14:26:25,484 - DEBUG - < PONG ca 67 d3 e6 [binary, 4 bytes]
2023-04-17 14:26:25,492 - DEBUG - % received keepalive pong
2023-04-17 14:26:25,729 - DEBUG - % sending keepalive ping
2023-04-17 14:26:25,729 - DEBUG - > PING 65 68 c0 da [binary, 4 bytes]
2023-04-17 14:26:25,739 - DEBUG - < PONG 65 68 c0 da [binary, 4 bytes]
2023-04-17 14:26:25,746 - DEBUG - % received keepalive pong
2023-04-17 14:26:32,018 - DEBUG - % sending keepalive ping
2023-04-17 14:26:32,019 - DEBUG - > PING 23 6d 8f 55 [binary, 4 bytes]
2023-04-17 14:26:32,029 - DEBUG - < PONG 23 6d 8f 55 [binary, 4 bytes]
2023-04-17 14:26:32,037 - DEBUG - % received keepalive pong
2023-04-17 14:26:36,980 - DEBUG - % sending keepalive ping
2023-04-17 14:26:36,981 - DEBUG - > PING d9 fb 9b d5 [binary, 4 bytes]
2023-04-17 14:26:36,987 - DEBUG - < PONG d9 fb 9b d5 [binary, 4 bytes]
2023-04-17 14:26:36,990 - DEBUG - % received keepalive pong
2023-04-17 14:26:39,373 - DEBUG - % sending keepalive ping
2023-04-17 14:26:39,373 - DEBUG - > PING 26 a4 e8 46 [binary, 4 bytes]
2023-04-17 14:26:39,381 - DEBUG - < PONG 26 a4 e8 46 [binary, 4 bytes]
2023-04-17 14:26:39,385 - DEBUG - % received keepalive pong
2023-04-17 14:26:42,824 - DEBUG - % sending keepalive ping
2023-04-17 14:26:42,826 - DEBUG - > PING b2 ea ec 2d [binary, 4 bytes]
2023-04-17 14:26:42,833 - DEBUG - < PONG b2 ea ec 2d [binary, 4 bytes]
2023-04-17 14:26:42,837 - DEBUG - % received keepalive pong
2023-04-17 14:26:45,138 - DEBUG - % sending keepalive ping
2023-04-17 14:26:45,138 - DEBUG - > PING 0c a8 c6 03 [binary, 4 bytes]
2023-04-17 14:26:45,147 - DEBUG - < PONG 0c a8 c6 03 [binary, 4 bytes]
2023-04-17 14:26:45,150 - DEBUG - % received keepalive pong
2023-04-17 14:26:45,468 - DEBUG - % sending keepalive ping
2023-04-17 14:26:45,468 - DEBUG - > PING f8 fb 61 99 [binary, 4 bytes]
2023-04-17 14:26:45,479 - DEBUG - < PONG f8 fb 61 99 [binary, 4 bytes]
2023-04-17 14:26:45,485 - DEBUG - % received keepalive pong
2023-04-17 14:26:45,755 - DEBUG - % sending keepalive ping
2023-04-17 14:26:45,755 - DEBUG - > PING f2 56 b1 07 [binary, 4 bytes]
2023-04-17 14:26:45,764 - DEBUG - < PONG f2 56 b1 07 [binary, 4 bytes]
2023-04-17 14:26:45,767 - DEBUG - % received keepalive pong
2023-04-17 14:26:52,041 - DEBUG - % sending keepalive ping
2023-04-17 14:26:52,043 - DEBUG - > PING cb 2d 23 0e [binary, 4 bytes]
2023-04-17 14:26:52,056 - DEBUG - < PONG cb 2d 23 0e [binary, 4 bytes]
2023-04-17 14:26:52,058 - DEBUG - % received keepalive pong
2023-04-17 14:26:56,976 - DEBUG - % sending keepalive ping
2023-04-17 14:26:56,976 - DEBUG - > PING 'k/LQ' [text, 4 bytes]
2023-04-17 14:26:56,984 - DEBUG - < PONG 'k/LQ' [text, 4 bytes]
2023-04-17 14:26:56,986 - DEBUG - % received keepalive pong
2023-04-17 14:26:57,501 - DEBUG - = connection is CONNECTING
2023-04-17 14:26:57,541 - DEBUG - > GET /ocpp16/ELA007C05/EVSCA050002 HTTP/1.1
2023-04-17 14:26:57,542 - DEBUG - > Host: ws.devevspcharger.uplus.co.kr
2023-04-17 14:26:57,543 - DEBUG - > Upgrade: websocket
2023-04-17 14:26:57,543 - DEBUG - > Connection: Upgrade
2023-04-17 14:26:57,543 - DEBUG - > Sec-WebSocket-Key: eJoQAdoDOBpa7++/HRi1wg==
2023-04-17 14:26:57,543 - DEBUG - > Sec-WebSocket-Version: 13
2023-04-17 14:26:57,543 - DEBUG - > Sec-WebSocket-Extensions: permessage-deflate; client_max_window_bits
2023-04-17 14:26:57,543 - DEBUG - > Sec-WebSocket-Protocol: ocpp1.6
2023-04-17 14:26:57,543 - DEBUG - > Authorization: Basic RVZBUjpFVkFSTEdV
2023-04-17 14:26:57,543 - DEBUG - > User-Agent: Python/3.11 websockets/10.4
2023-04-17 14:26:58,183 - DEBUG - < HTTP/1.1 101 Switching Protocols
2023-04-17 14:26:58,183 - DEBUG - < Connection: upgrade
2023-04-17 14:26:58,184 - DEBUG - < Date: Mon, 17 Apr 2023 05:26:47 GMT
2023-04-17 14:26:58,184 - DEBUG - < sec-websocket-protocol: ocpp1.6
2023-04-17 14:26:58,184 - DEBUG - < upgrade: websocket
2023-04-17 14:26:58,184 - DEBUG - < sec-websocket-accept: O08U2v1cyo7bNXtTPxiI5x6i6no=
2023-04-17 14:26:58,184 - DEBUG - < sec-websocket-extensions: permessage-deflate
2023-04-17 14:26:58,184 - DEBUG - < X-Cache: Miss from cloudfront
2023-04-17 14:26:58,184 - DEBUG - < Via: 1.1 0c9ac74e4533d4cd2c0dd7de136ec086.cloudfront.net (CloudFront)
2023-04-17 14:26:58,184 - DEBUG - < X-Amz-Cf-Pop: ICN57-P2
2023-04-17 14:26:58,185 - DEBUG - < X-Amz-Cf-Id: gx8Mcd6S3BMc-3ecFqWASOBwEJFYQlsTMaUBKVkVR9ImPtJ_rO75-g==
2023-04-17 14:26:58,185 - DEBUG - = connection is OPEN
2023-04-17 14:26:58,203 - ERROR - Task exception was never retrieved
future: <Task finished name='Task-84' coro=<ChargerSim.startEvent() done, defined at D:\workspace\wss\main.py:124> exception=JSONDecodeError('Expecting property name enclosed in double quotes: line 75 column 5 (char 1285)')>
Traceback (most recent call last):
  File "D:\workspace\wss\main.py", line 144, in startEvent
    await self.charger.runcase(self.TC_selected if len(self.TC_selected.keys())>0 else self.TC)
  File "D:\workspace\wss\Charger.py", line 373, in runcase
    doc = self.convertSendDoc(c)
          ^^^^^^^^^^^^^^^^^^^^^^
  File "D:\workspace\wss\Charger.py", line 229, in convertSendDoc
    doc = json.loads(self.ocppdocs)[ocpp[0]]
          ^^^^^^^^^^^^^^^^^^^^^^^^^
  File "C:\Users\LGCNS\AppData\Local\Programs\Python\Python311\Lib\json\__init__.py", line 346, in loads
    return _default_decoder.decode(s)
           ^^^^^^^^^^^^^^^^^^^^^^^^^^
  File "C:\Users\LGCNS\AppData\Local\Programs\Python\Python311\Lib\json\decoder.py", line 337, in decode
    obj, end = self.raw_decode(s, idx=_w(s, 0).end())
               ^^^^^^^^^^^^^^^^^^^^^^^^^^^^^^^^^^^^^^
  File "C:\Users\LGCNS\AppData\Local\Programs\Python\Python311\Lib\json\decoder.py", line 353, in raw_decode
    obj, end = self.scan_once(s, idx)
               ^^^^^^^^^^^^^^^^^^^^^^
json.decoder.JSONDecodeError: Expecting property name enclosed in double quotes: line 75 column 5 (char 1285)
2023-04-17 14:26:59,379 - DEBUG - % sending keepalive ping
2023-04-17 14:26:59,380 - DEBUG - > PING 1b 12 a3 61 [binary, 4 bytes]
2023-04-17 14:26:59,396 - DEBUG - < PONG 1b 12 a3 61 [binary, 4 bytes]
2023-04-17 14:26:59,399 - DEBUG - % received keepalive pong
2023-04-17 14:27:02,839 - DEBUG - % sending keepalive ping
2023-04-17 14:27:02,840 - DEBUG - > PING 46 e4 cc 58 [binary, 4 bytes]
2023-04-17 14:27:02,868 - DEBUG - < PONG 46 e4 cc 58 [binary, 4 bytes]
2023-04-17 14:27:02,872 - DEBUG - % received keepalive pong
2023-04-17 14:27:39,142 - DEBUG - = connection is CONNECTING
2023-04-17 14:27:39,182 - DEBUG - > GET /ocpp16/ELA007C05/EVSCA050002 HTTP/1.1
2023-04-17 14:27:39,182 - DEBUG - > Host: ws.devevspcharger.uplus.co.kr
2023-04-17 14:27:39,182 - DEBUG - > Upgrade: websocket
2023-04-17 14:27:39,182 - DEBUG - > Connection: Upgrade
2023-04-17 14:27:39,182 - DEBUG - > Sec-WebSocket-Key: ayFGU2cuEIygOQEv7UffDQ==
2023-04-17 14:27:39,183 - DEBUG - > Sec-WebSocket-Version: 13
2023-04-17 14:27:39,183 - DEBUG - > Sec-WebSocket-Extensions: permessage-deflate; client_max_window_bits
2023-04-17 14:27:39,183 - DEBUG - > Sec-WebSocket-Protocol: ocpp1.6
2023-04-17 14:27:39,183 - DEBUG - > Authorization: Basic RVZBUjpFVkFSTEdV
2023-04-17 14:27:39,183 - DEBUG - > User-Agent: Python/3.11 websockets/10.4
2023-04-17 14:27:40,470 - DEBUG - < HTTP/1.1 101 Switching Protocols
2023-04-17 14:27:40,470 - DEBUG - < Connection: upgrade
2023-04-17 14:27:40,470 - DEBUG - < Date: Mon, 17 Apr 2023 05:27:29 GMT
2023-04-17 14:27:40,470 - DEBUG - < sec-websocket-protocol: ocpp1.6
2023-04-17 14:27:40,470 - DEBUG - < upgrade: websocket
2023-04-17 14:27:40,470 - DEBUG - < sec-websocket-accept: oZBrHUGBVTwOUUWXPMoJ5xybdDw=
2023-04-17 14:27:40,470 - DEBUG - < sec-websocket-extensions: permessage-deflate
2023-04-17 14:27:40,470 - DEBUG - < X-Cache: Miss from cloudfront
2023-04-17 14:27:40,470 - DEBUG - < Via: 1.1 3544dee363e510a888d5171c071b297e.cloudfront.net (CloudFront)
2023-04-17 14:27:40,470 - DEBUG - < X-Amz-Cf-Pop: ICN57-P2
2023-04-17 14:27:40,470 - DEBUG - < X-Amz-Cf-Id: nej9Gi2KZFduYiU8fGKN0flBeleYEpBkToHhbOxo1rfeten2MJhEkA==
2023-04-17 14:27:40,470 - DEBUG - = connection is OPEN
2023-04-17 14:27:40,485 - ERROR - Task exception was never retrieved
future: <Task finished name='Task-2' coro=<ChargerSim.startEvent() done, defined at D:\workspace\wss\main.py:124> exception=JSONDecodeError('Expecting property name enclosed in double quotes: line 75 column 5 (char 1285)')>
Traceback (most recent call last):
  File "D:\workspace\wss\main.py", line 144, in startEvent
    await self.charger.runcase(self.TC_selected if len(self.TC_selected.keys())>0 else self.TC)
  File "D:\workspace\wss\Charger.py", line 373, in runcase
    doc = self.convertSendDoc(c)
          ^^^^^^^^^^^^^^^^^^^^^^
  File "D:\workspace\wss\Charger.py", line 229, in convertSendDoc
    doc = json.loads(self.ocppdocs)[ocpp[0]]
          ^^^^^^^^^^^^^^^^^^^^^^^^^
  File "C:\Users\LGCNS\AppData\Local\Programs\Python\Python311\Lib\json\__init__.py", line 346, in loads
    return _default_decoder.decode(s)
           ^^^^^^^^^^^^^^^^^^^^^^^^^^
  File "C:\Users\LGCNS\AppData\Local\Programs\Python\Python311\Lib\json\decoder.py", line 337, in decode
    obj, end = self.raw_decode(s, idx=_w(s, 0).end())
               ^^^^^^^^^^^^^^^^^^^^^^^^^^^^^^^^^^^^^^
  File "C:\Users\LGCNS\AppData\Local\Programs\Python\Python311\Lib\json\decoder.py", line 353, in raw_decode
    obj, end = self.scan_once(s, idx)
               ^^^^^^^^^^^^^^^^^^^^^^
json.decoder.JSONDecodeError: Expecting property name enclosed in double quotes: line 75 column 5 (char 1285)
2023-04-17 14:28:00,479 - DEBUG - % sending keepalive ping
2023-04-17 14:28:00,479 - DEBUG - > PING 33 a6 28 84 [binary, 4 bytes]
2023-04-17 14:28:00,487 - DEBUG - < PONG 33 a6 28 84 [binary, 4 bytes]
2023-04-17 14:28:00,490 - DEBUG - % received keepalive pong
2023-04-17 14:28:18,942 - DEBUG - = connection is CONNECTING
2023-04-17 14:28:18,978 - DEBUG - > GET /ocpp16/ELA007C05/EVSCA050002 HTTP/1.1
2023-04-17 14:28:18,978 - DEBUG - > Host: ws.devevspcharger.uplus.co.kr
2023-04-17 14:28:18,978 - DEBUG - > Upgrade: websocket
2023-04-17 14:28:18,978 - DEBUG - > Connection: Upgrade
2023-04-17 14:28:18,978 - DEBUG - > Sec-WebSocket-Key: P90wjNy9aYlWiSlHhlMofw==
2023-04-17 14:28:18,978 - DEBUG - > Sec-WebSocket-Version: 13
2023-04-17 14:28:18,978 - DEBUG - > Sec-WebSocket-Extensions: permessage-deflate; client_max_window_bits
2023-04-17 14:28:18,978 - DEBUG - > Sec-WebSocket-Protocol: ocpp1.6
2023-04-17 14:28:18,980 - DEBUG - > Authorization: Basic RVZBUjpFVkFSTEdV
2023-04-17 14:28:18,980 - DEBUG - > User-Agent: Python/3.11 websockets/10.4
2023-04-17 14:28:19,350 - DEBUG - < HTTP/1.1 101 Switching Protocols
2023-04-17 14:28:19,350 - DEBUG - < Connection: upgrade
2023-04-17 14:28:19,350 - DEBUG - < Date: Mon, 17 Apr 2023 05:28:08 GMT
2023-04-17 14:28:19,351 - DEBUG - < sec-websocket-protocol: ocpp1.6
2023-04-17 14:28:19,351 - DEBUG - < upgrade: websocket
2023-04-17 14:28:19,351 - DEBUG - < sec-websocket-accept: 8dd4QZZuO7xywrx6V1n6r8Mi6VE=
2023-04-17 14:28:19,351 - DEBUG - < sec-websocket-extensions: permessage-deflate
2023-04-17 14:28:19,351 - DEBUG - < X-Cache: Miss from cloudfront
2023-04-17 14:28:19,351 - DEBUG - < Via: 1.1 b92faae7242f31be9bfc0ec3d134dfce.cloudfront.net (CloudFront)
2023-04-17 14:28:19,351 - DEBUG - < X-Amz-Cf-Pop: ICN57-P2
2023-04-17 14:28:19,351 - DEBUG - < X-Amz-Cf-Id: A4Sn_2BXB3qr-IGw2jHqTpN5nsLbDoIzXNUa4SvPtuFX-T-Q48WoyQ==
2023-04-17 14:28:19,352 - DEBUG - = connection is OPEN
2023-04-17 14:28:19,372 - ERROR - Task exception was never retrieved
future: <Task finished name='Task-7' coro=<ChargerSim.startEvent() done, defined at D:\workspace\wss\main.py:124> exception=JSONDecodeError('Expecting property name enclosed in double quotes: line 75 column 5 (char 1278)')>
Traceback (most recent call last):
  File "D:\workspace\wss\main.py", line 144, in startEvent
    await self.charger.runcase(self.TC_selected if len(self.TC_selected.keys())>0 else self.TC)
  File "D:\workspace\wss\Charger.py", line 373, in runcase
    doc = self.convertSendDoc(c)
          ^^^^^^^^^^^^^^^^^^^^^^
  File "D:\workspace\wss\Charger.py", line 229, in convertSendDoc
    doc = json.loads(self.ocppdocs)[ocpp[0]]
          ^^^^^^^^^^^^^^^^^^^^^^^^^
  File "C:\Users\LGCNS\AppData\Local\Programs\Python\Python311\Lib\json\__init__.py", line 346, in loads
    return _default_decoder.decode(s)
           ^^^^^^^^^^^^^^^^^^^^^^^^^^
  File "C:\Users\LGCNS\AppData\Local\Programs\Python\Python311\Lib\json\decoder.py", line 337, in decode
    obj, end = self.raw_decode(s, idx=_w(s, 0).end())
               ^^^^^^^^^^^^^^^^^^^^^^^^^^^^^^^^^^^^^^
  File "C:\Users\LGCNS\AppData\Local\Programs\Python\Python311\Lib\json\decoder.py", line 353, in raw_decode
    obj, end = self.scan_once(s, idx)
               ^^^^^^^^^^^^^^^^^^^^^^
json.decoder.JSONDecodeError: Expecting property name enclosed in double quotes: line 75 column 5 (char 1278)
2023-04-17 14:28:20,468 - DEBUG - % sending keepalive ping
2023-04-17 14:28:20,468 - DEBUG - > PING e1 85 46 01 [binary, 4 bytes]
2023-04-17 14:28:20,478 - DEBUG - < PONG e1 85 46 01 [binary, 4 bytes]
2023-04-17 14:28:20,486 - DEBUG - % received keepalive pong
2023-04-17 14:29:04,266 - DEBUG - = connection is CONNECTING
2023-04-17 14:29:04,308 - DEBUG - > GET /ocpp16/ELA007C05/EVSCA050002 HTTP/1.1
2023-04-17 14:29:04,308 - DEBUG - > Host: ws.devevspcharger.uplus.co.kr
2023-04-17 14:29:04,309 - DEBUG - > Upgrade: websocket
2023-04-17 14:29:04,309 - DEBUG - > Connection: Upgrade
2023-04-17 14:29:04,309 - DEBUG - > Sec-WebSocket-Key: UESVxbIHRNJOHLSmQFwgWw==
2023-04-17 14:29:04,310 - DEBUG - > Sec-WebSocket-Version: 13
2023-04-17 14:29:04,310 - DEBUG - > Sec-WebSocket-Extensions: permessage-deflate; client_max_window_bits
2023-04-17 14:29:04,310 - DEBUG - > Sec-WebSocket-Protocol: ocpp1.6
2023-04-17 14:29:04,310 - DEBUG - > Authorization: Basic RVZBUjpFVkFSTEdV
2023-04-17 14:29:04,310 - DEBUG - > User-Agent: Python/3.11 websockets/10.4
2023-04-17 14:29:04,585 - DEBUG - < HTTP/1.1 101 Switching Protocols
2023-04-17 14:29:04,585 - DEBUG - < Connection: upgrade
2023-04-17 14:29:04,585 - DEBUG - < Date: Mon, 17 Apr 2023 05:28:53 GMT
2023-04-17 14:29:04,585 - DEBUG - < sec-websocket-protocol: ocpp1.6
2023-04-17 14:29:04,585 - DEBUG - < upgrade: websocket
2023-04-17 14:29:04,585 - DEBUG - < sec-websocket-accept: pRXlrf26KfuZDMGHyUIautkHXg4=
2023-04-17 14:29:04,586 - DEBUG - < sec-websocket-extensions: permessage-deflate
2023-04-17 14:29:04,586 - DEBUG - < X-Cache: Miss from cloudfront
2023-04-17 14:29:04,586 - DEBUG - < Via: 1.1 5b6f80c06c5584561e15bd2fd58882ee.cloudfront.net (CloudFront)
2023-04-17 14:29:04,586 - DEBUG - < X-Amz-Cf-Pop: ICN57-P2
2023-04-17 14:29:04,586 - DEBUG - < X-Amz-Cf-Id: fwufw48KBFXVcUhNc1Tw8O67D8RJeI89DQz2yxmV7jK21RLWVetiow==
2023-04-17 14:29:04,586 - DEBUG - = connection is OPEN
2023-04-17 14:29:04,604 - ERROR - Task exception was never retrieved
future: <Task finished name='Task-2' coro=<ChargerSim.startEvent() done, defined at D:\workspace\wss\main.py:124> exception=JSONDecodeError('Expecting property name enclosed in double quotes: line 75 column 5 (char 1278)')>
Traceback (most recent call last):
  File "D:\workspace\wss\main.py", line 144, in startEvent
    await self.charger.runcase(self.TC_selected if len(self.TC_selected.keys())>0 else self.TC)
  File "D:\workspace\wss\Charger.py", line 373, in runcase
    doc = self.convertSendDoc(c)
          ^^^^^^^^^^^^^^^^^^^^^^
  File "D:\workspace\wss\Charger.py", line 229, in convertSendDoc
    doc = json.loads(self.ocppdocs)[ocpp[0]]
          ^^^^^^^^^^^^^^^^^^^^^^^^^
  File "C:\Users\LGCNS\AppData\Local\Programs\Python\Python311\Lib\json\__init__.py", line 346, in loads
    return _default_decoder.decode(s)
           ^^^^^^^^^^^^^^^^^^^^^^^^^^
  File "C:\Users\LGCNS\AppData\Local\Programs\Python\Python311\Lib\json\decoder.py", line 337, in decode
    obj, end = self.raw_decode(s, idx=_w(s, 0).end())
               ^^^^^^^^^^^^^^^^^^^^^^^^^^^^^^^^^^^^^^
  File "C:\Users\LGCNS\AppData\Local\Programs\Python\Python311\Lib\json\decoder.py", line 353, in raw_decode
    obj, end = self.scan_once(s, idx)
               ^^^^^^^^^^^^^^^^^^^^^^
json.decoder.JSONDecodeError: Expecting property name enclosed in double quotes: line 75 column 5 (char 1278)
2023-04-17 14:29:24,603 - DEBUG - % sending keepalive ping
2023-04-17 14:29:24,603 - DEBUG - > PING 10 f7 8d 6a [binary, 4 bytes]
2023-04-17 14:29:24,612 - DEBUG - < PONG 10 f7 8d 6a [binary, 4 bytes]
2023-04-17 14:29:24,617 - DEBUG - % received keepalive pong
2023-04-17 14:29:44,598 - DEBUG - % sending keepalive ping
2023-04-17 14:29:44,599 - DEBUG - > PING 76 fc 5a c5 [binary, 4 bytes]
2023-04-17 14:29:44,607 - DEBUG - < PONG 76 fc 5a c5 [binary, 4 bytes]
2023-04-17 14:29:44,615 - DEBUG - % received keepalive pong
2023-04-17 14:30:04,603 - DEBUG - % sending keepalive ping
2023-04-17 14:30:04,603 - DEBUG - > PING 24 b1 dc e0 [binary, 4 bytes]
2023-04-17 14:30:04,611 - DEBUG - < PONG 24 b1 dc e0 [binary, 4 bytes]
2023-04-17 14:30:04,615 - DEBUG - % received keepalive pong
2023-04-17 14:30:24,604 - DEBUG - % sending keepalive ping
2023-04-17 14:30:24,604 - DEBUG - > PING 32 3f 9a ff [binary, 4 bytes]
2023-04-17 14:30:24,629 - DEBUG - < PONG 32 3f 9a ff [binary, 4 bytes]
2023-04-17 14:30:24,634 - DEBUG - % received keepalive pong
2023-04-17 14:30:44,633 - DEBUG - % sending keepalive ping
2023-04-17 14:30:44,634 - DEBUG - > PING a2 c1 fd 4f [binary, 4 bytes]
2023-04-17 14:30:44,642 - DEBUG - < PONG a2 c1 fd 4f [binary, 4 bytes]
2023-04-17 14:30:44,649 - DEBUG - % received keepalive pong
2023-04-17 14:31:39,829 - DEBUG - = connection is CONNECTING
2023-04-17 14:31:39,883 - DEBUG - > GET /ocpp16/ELA007C05/EVSCA050002 HTTP/1.1
2023-04-17 14:31:39,883 - DEBUG - > Host: ws.devevspcharger.uplus.co.kr
2023-04-17 14:31:39,883 - DEBUG - > Upgrade: websocket
2023-04-17 14:31:39,883 - DEBUG - > Connection: Upgrade
2023-04-17 14:31:39,883 - DEBUG - > Sec-WebSocket-Key: wJQ9PRNJyhTLcm4H3Um7eQ==
2023-04-17 14:31:39,884 - DEBUG - > Sec-WebSocket-Version: 13
2023-04-17 14:31:39,884 - DEBUG - > Sec-WebSocket-Extensions: permessage-deflate; client_max_window_bits
2023-04-17 14:31:39,884 - DEBUG - > Sec-WebSocket-Protocol: ocpp1.6
2023-04-17 14:31:39,884 - DEBUG - > Authorization: Basic RVZBUjpFVkFSTEdV
2023-04-17 14:31:39,884 - DEBUG - > User-Agent: Python/3.11 websockets/10.4
2023-04-17 14:31:40,464 - DEBUG - < HTTP/1.1 101 Switching Protocols
2023-04-17 14:31:40,464 - DEBUG - < Connection: upgrade
2023-04-17 14:31:40,464 - DEBUG - < Date: Mon, 17 Apr 2023 05:31:29 GMT
2023-04-17 14:31:40,464 - DEBUG - < sec-websocket-protocol: ocpp1.6
2023-04-17 14:31:40,464 - DEBUG - < upgrade: websocket
2023-04-17 14:31:40,465 - DEBUG - < sec-websocket-accept: /TFsWevoWzLJcqQXLef5ArKIe4w=
2023-04-17 14:31:40,465 - DEBUG - < sec-websocket-extensions: permessage-deflate
2023-04-17 14:31:40,465 - DEBUG - < X-Cache: Miss from cloudfront
2023-04-17 14:31:40,465 - DEBUG - < Via: 1.1 47d972c0543b96b8ef5a6c3258e80bf0.cloudfront.net (CloudFront)
2023-04-17 14:31:40,465 - DEBUG - < X-Amz-Cf-Pop: ICN57-P2
2023-04-17 14:31:40,465 - DEBUG - < X-Amz-Cf-Id: mkPcd7w1vHXMLO04TLOynrQxtJ_UYZKI_8YaWOYS4CAdSOUrhVdyzw==
2023-04-17 14:31:40,466 - DEBUG - = connection is OPEN
2023-04-17 14:31:40,483 - ERROR - Task exception was never retrieved
future: <Task finished name='Task-2' coro=<ChargerSim.startEvent() done, defined at D:\workspace\wss\main.py:124> exception=JSONDecodeError('Expecting property name enclosed in double quotes: line 75 column 5 (char 1278)')>
Traceback (most recent call last):
  File "D:\workspace\wss\main.py", line 144, in startEvent
    await self.charger.runcase(self.TC_selected if len(self.TC_selected.keys())>0 else self.TC)
  File "D:\workspace\wss\Charger.py", line 373, in runcase
    doc = self.convertSendDoc(c)
          ^^^^^^^^^^^^^^^^^^^^^^
  File "D:\workspace\wss\Charger.py", line 229, in convertSendDoc
    doc = json.loads(self.ocppdocs)[ocpp[0]]
          ^^^^^^^^^^^^^^^^^^^^^^^^^
  File "C:\Users\LGCNS\AppData\Local\Programs\Python\Python311\Lib\json\__init__.py", line 346, in loads
    return _default_decoder.decode(s)
           ^^^^^^^^^^^^^^^^^^^^^^^^^^
  File "C:\Users\LGCNS\AppData\Local\Programs\Python\Python311\Lib\json\decoder.py", line 337, in decode
    obj, end = self.raw_decode(s, idx=_w(s, 0).end())
               ^^^^^^^^^^^^^^^^^^^^^^^^^^^^^^^^^^^^^^
  File "C:\Users\LGCNS\AppData\Local\Programs\Python\Python311\Lib\json\decoder.py", line 353, in raw_decode
    obj, end = self.scan_once(s, idx)
               ^^^^^^^^^^^^^^^^^^^^^^
json.decoder.JSONDecodeError: Expecting property name enclosed in double quotes: line 75 column 5 (char 1278)
2023-04-17 14:32:16,822 - DEBUG - = connection is CONNECTING
2023-04-17 14:32:16,863 - DEBUG - > GET /ocpp16/ELA007C05/EVSCA050002 HTTP/1.1
2023-04-17 14:32:16,864 - DEBUG - > Host: ws.devevspcharger.uplus.co.kr
2023-04-17 14:32:16,864 - DEBUG - > Upgrade: websocket
2023-04-17 14:32:16,864 - DEBUG - > Connection: Upgrade
2023-04-17 14:32:16,864 - DEBUG - > Sec-WebSocket-Key: 2rfa6FZHCH/37pwWrIotTw==
2023-04-17 14:32:16,864 - DEBUG - > Sec-WebSocket-Version: 13
2023-04-17 14:32:16,864 - DEBUG - > Sec-WebSocket-Extensions: permessage-deflate; client_max_window_bits
2023-04-17 14:32:16,864 - DEBUG - > Sec-WebSocket-Protocol: ocpp1.6
2023-04-17 14:32:16,864 - DEBUG - > Authorization: Basic RVZBUjpFVkFSTEdV
2023-04-17 14:32:16,865 - DEBUG - > User-Agent: Python/3.11 websockets/10.4
2023-04-17 14:32:17,129 - DEBUG - < HTTP/1.1 101 Switching Protocols
2023-04-17 14:32:17,129 - DEBUG - < Connection: upgrade
2023-04-17 14:32:17,129 - DEBUG - < Date: Mon, 17 Apr 2023 05:32:06 GMT
2023-04-17 14:32:17,129 - DEBUG - < sec-websocket-protocol: ocpp1.6
2023-04-17 14:32:17,130 - DEBUG - < upgrade: websocket
2023-04-17 14:32:17,130 - DEBUG - < sec-websocket-accept: 9CZqXOc6qwWaO7AlIpxPNe4bP+E=
2023-04-17 14:32:17,130 - DEBUG - < sec-websocket-extensions: permessage-deflate
2023-04-17 14:32:17,130 - DEBUG - < X-Cache: Miss from cloudfront
2023-04-17 14:32:17,130 - DEBUG - < Via: 1.1 9ce5dfe6a640bb6a762b3c2889e2317e.cloudfront.net (CloudFront)
2023-04-17 14:32:17,130 - DEBUG - < X-Amz-Cf-Pop: ICN57-P2
2023-04-17 14:32:17,130 - DEBUG - < X-Amz-Cf-Id: mEtp94yeMVJLphySZilc_dtHPuG3n49Y6YeyXJXEnVAMu05vcX784w==
2023-04-17 14:32:17,131 - DEBUG - = connection is OPEN
2023-04-17 14:32:17,155 - ERROR - Task exception was never retrieved
future: <Task finished name='Task-2' coro=<ChargerSim.startEvent() done, defined at D:\workspace\wss\main.py:124> exception=JSONDecodeError('Expecting property name enclosed in double quotes: line 75 column 5 (char 1278)')>
Traceback (most recent call last):
  File "D:\workspace\wss\main.py", line 144, in startEvent
    await self.charger.runcase(self.TC_selected if len(self.TC_selected.keys())>0 else self.TC)
  File "D:\workspace\wss\Charger.py", line 374, in runcase
    doc = self.convertSendDoc(c)
          ^^^^^^^^^^^^^^^^^^^^^^
  File "D:\workspace\wss\Charger.py", line 229, in convertSendDoc
    doc = json.loads(self.ocppdocs)[ocpp[0]]
          ^^^^^^^^^^^^^^^^^^^^^^^^^
  File "C:\Users\LGCNS\AppData\Local\Programs\Python\Python311\Lib\json\__init__.py", line 346, in loads
    return _default_decoder.decode(s)
           ^^^^^^^^^^^^^^^^^^^^^^^^^^
  File "C:\Users\LGCNS\AppData\Local\Programs\Python\Python311\Lib\json\decoder.py", line 337, in decode
    obj, end = self.raw_decode(s, idx=_w(s, 0).end())
               ^^^^^^^^^^^^^^^^^^^^^^^^^^^^^^^^^^^^^^
  File "C:\Users\LGCNS\AppData\Local\Programs\Python\Python311\Lib\json\decoder.py", line 353, in raw_decode
    obj, end = self.scan_once(s, idx)
               ^^^^^^^^^^^^^^^^^^^^^^
json.decoder.JSONDecodeError: Expecting property name enclosed in double quotes: line 75 column 5 (char 1278)
2023-04-17 14:32:37,143 - DEBUG - % sending keepalive ping
2023-04-17 14:32:37,143 - DEBUG - > PING 6b 5e 72 88 [binary, 4 bytes]
2023-04-17 14:32:37,155 - DEBUG - < PONG 6b 5e 72 88 [binary, 4 bytes]
2023-04-17 14:32:37,161 - DEBUG - % received keepalive pong
2023-04-17 14:32:57,138 - DEBUG - % sending keepalive ping
2023-04-17 14:32:57,138 - DEBUG - > PING d0 60 51 99 [binary, 4 bytes]
2023-04-17 14:32:57,147 - DEBUG - < PONG d0 60 51 99 [binary, 4 bytes]
2023-04-17 14:32:57,151 - DEBUG - % received keepalive pong
2023-04-17 14:33:17,139 - DEBUG - % sending keepalive ping
2023-04-17 14:33:17,140 - DEBUG - > PING 2c 99 3c 89 [binary, 4 bytes]
2023-04-17 14:33:17,151 - DEBUG - < PONG 2c 99 3c 89 [binary, 4 bytes]
2023-04-17 14:33:17,158 - DEBUG - % received keepalive pong
2023-04-17 14:33:37,140 - DEBUG - % sending keepalive ping
2023-04-17 14:33:37,141 - DEBUG - > PING 80 98 85 58 [binary, 4 bytes]
2023-04-17 14:33:37,150 - DEBUG - < PONG 80 98 85 58 [binary, 4 bytes]
2023-04-17 14:33:37,165 - DEBUG - % received keepalive pong
2023-04-17 14:34:10,799 - DEBUG - = connection is CONNECTING
2023-04-17 14:34:10,844 - DEBUG - > GET /ocpp16/ELA007C05/EVSCA050002 HTTP/1.1
2023-04-17 14:34:10,844 - DEBUG - > Host: ws.devevspcharger.uplus.co.kr
2023-04-17 14:34:10,844 - DEBUG - > Upgrade: websocket
2023-04-17 14:34:10,845 - DEBUG - > Connection: Upgrade
2023-04-17 14:34:10,845 - DEBUG - > Sec-WebSocket-Key: r+Jz2qu676wnk1ssMhM6zQ==
2023-04-17 14:34:10,845 - DEBUG - > Sec-WebSocket-Version: 13
2023-04-17 14:34:10,845 - DEBUG - > Sec-WebSocket-Extensions: permessage-deflate; client_max_window_bits
2023-04-17 14:34:10,845 - DEBUG - > Sec-WebSocket-Protocol: ocpp1.6
2023-04-17 14:34:10,846 - DEBUG - > Authorization: Basic RVZBUjpFVkFSTEdV
2023-04-17 14:34:10,846 - DEBUG - > User-Agent: Python/3.11 websockets/10.4
2023-04-17 14:34:11,410 - DEBUG - < HTTP/1.1 101 Switching Protocols
2023-04-17 14:34:11,411 - DEBUG - < Connection: upgrade
2023-04-17 14:34:11,411 - DEBUG - < Date: Mon, 17 Apr 2023 05:34:00 GMT
2023-04-17 14:34:11,411 - DEBUG - < sec-websocket-protocol: ocpp1.6
2023-04-17 14:34:11,411 - DEBUG - < upgrade: websocket
2023-04-17 14:34:11,411 - DEBUG - < sec-websocket-accept: A+pO5ay1A837HzIHTNb0e6STlbY=
2023-04-17 14:34:11,411 - DEBUG - < sec-websocket-extensions: permessage-deflate
2023-04-17 14:34:11,411 - DEBUG - < X-Cache: Miss from cloudfront
2023-04-17 14:34:11,411 - DEBUG - < Via: 1.1 ec48eafa1d18635bc3f389669b28a5b8.cloudfront.net (CloudFront)
2023-04-17 14:34:11,411 - DEBUG - < X-Amz-Cf-Pop: ICN57-P2
2023-04-17 14:34:11,412 - DEBUG - < X-Amz-Cf-Id: 0N4TP6AbG89ESmt1EAw2nIcC5sOLxq_OjEivB1pyaJL_osSNv_XAHg==
2023-04-17 14:34:11,412 - DEBUG - = connection is OPEN
2023-04-17 14:34:11,441 - DEBUG - > TEXT '[2, "27ca0a66-613b-44db-a720-635f140f44d6", "Bo...ePointVendor": "EVAR"}]' [127 bytes]
2023-04-17 14:34:11,980 - DEBUG - < TEXT '[3, "27ca0a66-613b-44db-a720-635f140f44d6", {"s...00Z", "interval": 600}]' [123 bytes]
2023-04-17 14:34:16,633 - DEBUG - Starting new HTTPS connection (1): rgw.devevspcharger.uplus.co.kr:443
2023-04-17 14:34:18,087 - DEBUG - https://rgw.devevspcharger.uplus.co.kr:443 "POST /ioc HTTP/1.1" 200 217
2023-04-17 14:34:18,142 - DEBUG - < TEXT '[2, "96013f41-69df-4da5-8fdc-c5606aa79dfd", "Re...rvationId": 120533082}]' [172 bytes]
2023-04-17 14:34:18,154 - DEBUG - > TEXT '[3, "96013f41-69df-4da5-8fdc-c5606aa79dfd", {"status": "Accepted"}]' [67 bytes]
2023-04-17 14:34:18,672 - DEBUG - < TEXT '' [0 bytes]
2023-04-17 14:34:18,689 - DEBUG - > TEXT '[2, "27ca0a66-613b-44db-a720-635f140f44d6", "St... "status": "Reserved"}]' [131 bytes]
2023-04-17 14:34:19,327 - DEBUG - < TEXT '[3, "27ca0a66-613b-44db-a720-635f140f44d6", {}]' [47 bytes]
2023-04-17 14:34:22,873 - DEBUG - Starting new HTTPS connection (1): rgw.devevspcharger.uplus.co.kr:443
2023-04-17 14:34:23,289 - DEBUG - https://rgw.devevspcharger.uplus.co.kr:443 "POST /ioc HTTP/1.1" 200 139
2023-04-17 14:34:23,305 - DEBUG - < TEXT '[2, "ccb534de-c674-4375-a977-f808c4045d9c", "Ca...rvationId": 120533082}]' [94 bytes]
2023-04-17 14:34:23,311 - DEBUG - > TEXT '[3, "ccb534de-c674-4375-a977-f808c4045d9c", {"status": "Accepted"}]' [67 bytes]
2023-04-17 14:34:23,483 - DEBUG - < TEXT '' [0 bytes]
2023-04-17 14:34:23,517 - DEBUG - > TEXT '[2, "27ca0a66-613b-44db-a720-635f140f44d6", "St..."status": "Available"}]' [132 bytes]
2023-04-17 14:34:24,056 - DEBUG - < TEXT '[3, "27ca0a66-613b-44db-a720-635f140f44d6", {}]' [47 bytes]
2023-04-17 14:34:24,079 - DEBUG - = connection is CLOSING
2023-04-17 14:34:24,079 - DEBUG - > CLOSE 1000 (OK) [2 bytes]
2023-04-17 14:34:24,091 - DEBUG - < CLOSE 1000 (OK) [2 bytes]
2023-04-17 14:34:24,101 - DEBUG - = connection is CLOSED
2023-04-17 14:35:52,824 - DEBUG - = connection is CONNECTING
2023-04-17 14:35:52,858 - DEBUG - > GET /ocpp16/ELA007C05/EVSCA050002 HTTP/1.1
2023-04-17 14:35:52,858 - DEBUG - > Host: ws.devevspcharger.uplus.co.kr
2023-04-17 14:35:52,858 - DEBUG - > Upgrade: websocket
2023-04-17 14:35:52,858 - DEBUG - > Connection: Upgrade
2023-04-17 14:35:52,858 - DEBUG - > Sec-WebSocket-Key: FHsGo7r6e/De58ddiDAfMQ==
2023-04-17 14:35:52,858 - DEBUG - > Sec-WebSocket-Version: 13
2023-04-17 14:35:52,858 - DEBUG - > Sec-WebSocket-Extensions: permessage-deflate; client_max_window_bits
2023-04-17 14:35:52,859 - DEBUG - > Sec-WebSocket-Protocol: ocpp1.6
2023-04-17 14:35:52,860 - DEBUG - > Authorization: Basic RVZBUjpFVkFSTEdV
2023-04-17 14:35:52,860 - DEBUG - > User-Agent: Python/3.11 websockets/10.4
2023-04-17 14:35:53,424 - DEBUG - < HTTP/1.1 101 Switching Protocols
2023-04-17 14:35:53,424 - DEBUG - < Connection: upgrade
2023-04-17 14:35:53,424 - DEBUG - < Date: Mon, 17 Apr 2023 05:35:42 GMT
2023-04-17 14:35:53,424 - DEBUG - < sec-websocket-protocol: ocpp1.6
2023-04-17 14:35:53,425 - DEBUG - < upgrade: websocket
2023-04-17 14:35:53,425 - DEBUG - < sec-websocket-accept: ar7va6sDy+Wy36aODo06m1tdRIA=
2023-04-17 14:35:53,425 - DEBUG - < sec-websocket-extensions: permessage-deflate
2023-04-17 14:35:53,425 - DEBUG - < X-Cache: Miss from cloudfront
2023-04-17 14:35:53,425 - DEBUG - < Via: 1.1 0c9ac74e4533d4cd2c0dd7de136ec086.cloudfront.net (CloudFront)
2023-04-17 14:35:53,425 - DEBUG - < X-Amz-Cf-Pop: ICN57-P2
2023-04-17 14:35:53,425 - DEBUG - < X-Amz-Cf-Id: A7clY3Kv2mYG7XvsBmWhMBp5XLkZOci5NHRzgYo1r25tXIxrHBFeqQ==
2023-04-17 14:35:53,426 - DEBUG - = connection is OPEN
2023-04-17 14:35:53,452 - DEBUG - > TEXT '[2, "7ea4b449-1b2c-4517-a82d-0fcaf599fa24", "Bo...ePointVendor": "EVAR"}]' [127 bytes]
2023-04-17 14:35:53,971 - DEBUG - < TEXT '[3, "7ea4b449-1b2c-4517-a82d-0fcaf599fa24", {"s...42Z", "interval": 600}]' [123 bytes]
2023-04-17 14:35:56,028 - DEBUG - Starting new HTTPS connection (1): rgw.devevspcharger.uplus.co.kr:443
2023-04-17 14:35:56,635 - DEBUG - https://rgw.devevspcharger.uplus.co.kr:443 "POST /ioc HTTP/1.1" 200 217
2023-04-17 14:35:56,648 - DEBUG - < TEXT '[2, "3fe1ffcd-4e5b-4381-beec-0736b66d347a", "Re...rvationId": 120533082}]' [172 bytes]
2023-04-17 14:35:56,654 - DEBUG - > TEXT '[3, "3fe1ffcd-4e5b-4381-beec-0736b66d347a", {"status": "Accepted"}]' [67 bytes]
2023-04-17 14:35:56,814 - DEBUG - < TEXT '' [0 bytes]
2023-04-17 14:35:56,859 - DEBUG - > TEXT '[2, "7ea4b449-1b2c-4517-a82d-0fcaf599fa24", "St... "status": "Reserved"}]' [131 bytes]
2023-04-17 14:35:57,167 - DEBUG - < TEXT '[3, "7ea4b449-1b2c-4517-a82d-0fcaf599fa24", {}]' [47 bytes]
2023-04-17 14:35:57,206 - DEBUG - > TEXT '[2, "7ea4b449-1b2c-4517-a82d-0fcaf599fa24", "St..."status": "Preparing"}]' [132 bytes]
2023-04-17 14:35:57,470 - DEBUG - < TEXT '[3, "7ea4b449-1b2c-4517-a82d-0fcaf599fa24", {}]' [47 bytes]
2023-04-17 14:35:57,519 - DEBUG - > TEXT '[2, "7ea4b449-1b2c-4517-a82d-0fcaf599fa24", "Au...": "1010010195158522"}]' [87 bytes]
2023-04-17 14:35:57,878 - DEBUG - < TEXT '[3, "7ea4b449-1b2c-4517-a82d-0fcaf599fa24", {"i..."status": "Accepted"}}]' [82 bytes]
2023-04-17 14:35:57,911 - DEBUG - > TEXT '[2, "637f0c3a-bc9b-40c3-9d10-fe0045b20722", "St...rvationId": 120533082}]' [198 bytes]
2023-04-17 14:35:58,435 - DEBUG - < TEXT '[3, "637f0c3a-bc9b-40c3-9d10-fe0045b20722", {"t..."status": "Accepted"}}]' [110 bytes]
2023-04-17 14:35:58,481 - DEBUG - > TEXT '[2, "7ea4b449-1b2c-4517-a82d-0fcaf599fa24", "St... "status": "Charging"}]' [131 bytes]
2023-04-17 14:35:58,757 - DEBUG - < TEXT '[3, "7ea4b449-1b2c-4517-a82d-0fcaf599fa24", {}]' [47 bytes]
2023-04-17 14:35:58,800 - DEBUG - > TEXT '[2, "7ea4b449-1b2c-4517-a82d-0fcaf599fa24", "Au...": "1010010201665544"}]' [87 bytes]
2023-04-17 14:35:59,055 - DEBUG - < TEXT '[3, "7ea4b449-1b2c-4517-a82d-0fcaf599fa24", {"i..."status": "Accepted"}}]' [82 bytes]
2023-04-17 14:35:59,098 - DEBUG - > TEXT '[2, "7a6c039c-263f-4958-826e-543d3c35dfa0", "St...sactionId": 120533082}]' [149 bytes]
2023-04-17 14:35:59,367 - DEBUG - < TEXT '[4, "7a6c039c-263f-4958-826e-543d3c35dfa0", {"e...ck your request data"}]' [143 bytes]
2023-04-17 14:35:59,399 - DEBUG - = connection is CLOSING
2023-04-17 14:35:59,399 - DEBUG - > CLOSE 1000 (OK) [2 bytes]
2023-04-17 14:35:59,413 - DEBUG - < CLOSE 1000 (OK) [2 bytes]
2023-04-17 14:35:59,417 - DEBUG - = connection is CLOSED
2023-04-17 14:40:32,991 - DEBUG - = connection is CONNECTING
2023-04-17 14:40:33,028 - DEBUG - > GET /ocpp16/ELA007C05/EVSCA050001 HTTP/1.1
2023-04-17 14:40:33,028 - DEBUG - > Host: ws.devevspcharger.uplus.co.kr
2023-04-17 14:40:33,029 - DEBUG - > Upgrade: websocket
2023-04-17 14:40:33,029 - DEBUG - > Connection: Upgrade
2023-04-17 14:40:33,029 - DEBUG - > Sec-WebSocket-Key: In6IhL/0BbZJVeAQEgIncA==
2023-04-17 14:40:33,029 - DEBUG - > Sec-WebSocket-Version: 13
2023-04-17 14:40:33,029 - DEBUG - > Sec-WebSocket-Extensions: permessage-deflate; client_max_window_bits
2023-04-17 14:40:33,029 - DEBUG - > Sec-WebSocket-Protocol: ocpp1.6
2023-04-17 14:40:33,029 - DEBUG - > Authorization: Basic RVZBUjpFVkFSTEdV
2023-04-17 14:40:33,029 - DEBUG - > User-Agent: Python/3.11 websockets/10.4
2023-04-17 14:40:33,584 - DEBUG - < HTTP/1.1 101 Switching Protocols
2023-04-17 14:40:33,584 - DEBUG - < Connection: upgrade
2023-04-17 14:40:33,584 - DEBUG - < Date: Mon, 17 Apr 2023 05:40:22 GMT
2023-04-17 14:40:33,584 - DEBUG - < sec-websocket-protocol: ocpp1.6
2023-04-17 14:40:33,584 - DEBUG - < upgrade: websocket
2023-04-17 14:40:33,584 - DEBUG - < sec-websocket-accept: UA7nZQlG/pThX5mrXnUVhuSUU3M=
2023-04-17 14:40:33,584 - DEBUG - < sec-websocket-extensions: permessage-deflate
2023-04-17 14:40:33,585 - DEBUG - < X-Cache: Miss from cloudfront
2023-04-17 14:40:33,585 - DEBUG - < Via: 1.1 0c9ac74e4533d4cd2c0dd7de136ec086.cloudfront.net (CloudFront)
2023-04-17 14:40:33,585 - DEBUG - < X-Amz-Cf-Pop: ICN57-P2
2023-04-17 14:40:33,585 - DEBUG - < X-Amz-Cf-Id: RBDrqYvwnYbLm3B481fzSbfwLJQhUAuVbL-NdJvb2OOlal0FvD7z4w==
2023-04-17 14:40:33,585 - DEBUG - = connection is OPEN
2023-04-17 14:40:33,611 - DEBUG - > TEXT '[2, "e75529d9-b8ef-454f-9136-7f023e5c71e7", "Bo...ePointVendor": "EVAR"}]' [127 bytes]
2023-04-17 14:40:34,065 - DEBUG - < TEXT '[3, "e75529d9-b8ef-454f-9136-7f023e5c71e7", {"s...22Z", "interval": 600}]' [123 bytes]
2023-04-17 14:40:34,113 - DEBUG - > TEXT '[2, "e75529d9-b8ef-454f-9136-7f023e5c71e7", "St..."status": "Available"}]' [132 bytes]
2023-04-17 14:40:34,355 - DEBUG - < TEXT '[3, "e75529d9-b8ef-454f-9136-7f023e5c71e7", {}]' [47 bytes]
2023-04-17 14:40:34,402 - DEBUG - > TEXT '[2, "e75529d9-b8ef-454f-9136-7f023e5c71e7", "Au...": "1031040000069641"}]' [87 bytes]
2023-04-17 14:40:34,670 - DEBUG - < TEXT '[3, "e75529d9-b8ef-454f-9136-7f023e5c71e7", {"i..."status": "Accepted"}}]' [82 bytes]
2023-04-17 14:40:34,695 - DEBUG - = connection is CLOSING
2023-04-17 14:40:34,695 - DEBUG - > CLOSE 1000 (OK) [2 bytes]
2023-04-17 14:40:34,704 - DEBUG - < CLOSE 1000 (OK) [2 bytes]
2023-04-17 14:40:34,712 - DEBUG - = connection is CLOSED
2023-04-17 14:44:47,695 - DEBUG - = connection is CONNECTING
2023-04-17 14:44:47,727 - DEBUG - > GET /ocpp16/ELA007C05/EVSCA050001 HTTP/1.1
2023-04-17 14:44:47,728 - DEBUG - > Host: ws.devevspcharger.uplus.co.kr
2023-04-17 14:44:47,728 - DEBUG - > Upgrade: websocket
2023-04-17 14:44:47,728 - DEBUG - > Connection: Upgrade
2023-04-17 14:44:47,728 - DEBUG - > Sec-WebSocket-Key: cmKG4SDUmepEhebK1a+IoQ==
2023-04-17 14:44:47,728 - DEBUG - > Sec-WebSocket-Version: 13
2023-04-17 14:44:47,728 - DEBUG - > Sec-WebSocket-Extensions: permessage-deflate; client_max_window_bits
2023-04-17 14:44:47,728 - DEBUG - > Sec-WebSocket-Protocol: ocpp1.6
2023-04-17 14:44:47,728 - DEBUG - > Authorization: Basic RVZBUjpFVkFSTEdV
2023-04-17 14:44:47,728 - DEBUG - > User-Agent: Python/3.11 websockets/10.4
2023-04-17 14:44:48,237 - DEBUG - < HTTP/1.1 101 Switching Protocols
2023-04-17 14:44:48,238 - DEBUG - < Connection: upgrade
2023-04-17 14:44:48,238 - DEBUG - < Date: Mon, 17 Apr 2023 05:44:37 GMT
2023-04-17 14:44:48,238 - DEBUG - < sec-websocket-protocol: ocpp1.6
2023-04-17 14:44:48,238 - DEBUG - < upgrade: websocket
2023-04-17 14:44:48,238 - DEBUG - < sec-websocket-accept: WwCNmEV5Og0vlCJ3YDSoHDSZHIA=
2023-04-17 14:44:48,238 - DEBUG - < sec-websocket-extensions: permessage-deflate
2023-04-17 14:44:48,238 - DEBUG - < X-Cache: Miss from cloudfront
2023-04-17 14:44:48,238 - DEBUG - < Via: 1.1 702d274aeab676890c1a399c8e170886.cloudfront.net (CloudFront)
2023-04-17 14:44:48,238 - DEBUG - < X-Amz-Cf-Pop: ICN57-P2
2023-04-17 14:44:48,238 - DEBUG - < X-Amz-Cf-Id: h8mRfPIYWN9G6pBby_fSd_CGEjn4l2GPfWhePgoRxXNCTqTTEUZxsg==
2023-04-17 14:44:48,239 - DEBUG - = connection is OPEN
2023-04-17 14:44:48,270 - DEBUG - > TEXT '[2, "e6ada1cb-840d-4571-8b7c-e77aba7603a0", "Bo...ePointVendor": "EVAR"}]' [127 bytes]
2023-04-17 14:44:48,773 - DEBUG - < TEXT '[3, "e6ada1cb-840d-4571-8b7c-e77aba7603a0", {"s...37Z", "interval": 600}]' [123 bytes]
2023-04-17 14:44:48,822 - DEBUG - > TEXT '[2, "e6ada1cb-840d-4571-8b7c-e77aba7603a0", "St..."status": "Available"}]' [132 bytes]
2023-04-17 14:44:49,081 - DEBUG - < TEXT '[3, "e6ada1cb-840d-4571-8b7c-e77aba7603a0", {}]' [47 bytes]
2023-04-17 14:44:49,117 - DEBUG - > TEXT '[2, "e6ada1cb-840d-4571-8b7c-e77aba7603a0", "Au...": "1031040000069641"}]' [87 bytes]
2023-04-17 14:44:49,371 - DEBUG - < TEXT '[3, "e6ada1cb-840d-4571-8b7c-e77aba7603a0", {"i..."status": "Accepted"}}]' [82 bytes]
2023-04-17 14:44:49,395 - DEBUG - = connection is CLOSING
2023-04-17 14:44:49,396 - DEBUG - > CLOSE 1000 (OK) [2 bytes]
2023-04-17 14:44:49,406 - DEBUG - < CLOSE 1000 (OK) [2 bytes]
2023-04-17 14:44:49,411 - DEBUG - = connection is CLOSED
2023-04-17 14:44:57,666 - DEBUG - = connection is CONNECTING
2023-04-17 14:44:57,701 - DEBUG - > GET /ocpp16/ELA007C05/EVSCA050001 HTTP/1.1
2023-04-17 14:44:57,701 - DEBUG - > Host: ws.devevspcharger.uplus.co.kr
2023-04-17 14:44:57,702 - DEBUG - > Upgrade: websocket
2023-04-17 14:44:57,702 - DEBUG - > Connection: Upgrade
2023-04-17 14:44:57,702 - DEBUG - > Sec-WebSocket-Key: jfDNPX5WEf5CzxCfefoflw==
2023-04-17 14:44:57,702 - DEBUG - > Sec-WebSocket-Version: 13
2023-04-17 14:44:57,702 - DEBUG - > Sec-WebSocket-Extensions: permessage-deflate; client_max_window_bits
2023-04-17 14:44:57,702 - DEBUG - > Sec-WebSocket-Protocol: ocpp1.6
2023-04-17 14:44:57,703 - DEBUG - > Authorization: Basic RVZBUjpFVkFSTEdV
2023-04-17 14:44:57,703 - DEBUG - > User-Agent: Python/3.11 websockets/10.4
2023-04-17 14:44:57,952 - DEBUG - < HTTP/1.1 101 Switching Protocols
2023-04-17 14:44:57,952 - DEBUG - < Connection: upgrade
2023-04-17 14:44:57,953 - DEBUG - < Date: Mon, 17 Apr 2023 05:44:46 GMT
2023-04-17 14:44:57,953 - DEBUG - < sec-websocket-protocol: ocpp1.6
2023-04-17 14:44:57,953 - DEBUG - < upgrade: websocket
2023-04-17 14:44:57,953 - DEBUG - < sec-websocket-accept: oYq+G3Y2mke/0RK7Mn4XUl5nI3w=
2023-04-17 14:44:57,953 - DEBUG - < sec-websocket-extensions: permessage-deflate
2023-04-17 14:44:57,953 - DEBUG - < X-Cache: Miss from cloudfront
2023-04-17 14:44:57,953 - DEBUG - < Via: 1.1 47d972c0543b96b8ef5a6c3258e80bf0.cloudfront.net (CloudFront)
2023-04-17 14:44:57,953 - DEBUG - < X-Amz-Cf-Pop: ICN57-P2
2023-04-17 14:44:57,953 - DEBUG - < X-Amz-Cf-Id: IJTPRevhGVc_O5g7tx29cBFnV_2rR51uDFEh1LTbm9TlVJsRtnvZ6Q==
2023-04-17 14:44:57,953 - DEBUG - = connection is OPEN
2023-04-17 14:44:57,977 - DEBUG - > TEXT '[2, "ff76458e-79f8-4e90-851a-77bb5f800dcf", "Bo...ePointVendor": "EVAR"}]' [127 bytes]
2023-04-17 14:44:58,376 - DEBUG - < TEXT '[3, "ff76458e-79f8-4e90-851a-77bb5f800dcf", {"s...47Z", "interval": 600}]' [123 bytes]
2023-04-17 14:44:58,411 - DEBUG - > TEXT '[2, "ff76458e-79f8-4e90-851a-77bb5f800dcf", "St..."status": "Available"}]' [132 bytes]
2023-04-17 14:44:58,773 - DEBUG - < TEXT '[3, "ff76458e-79f8-4e90-851a-77bb5f800dcf", {}]' [47 bytes]
2023-04-17 14:44:58,812 - DEBUG - > TEXT '[2, "ff76458e-79f8-4e90-851a-77bb5f800dcf", "Au...": "1031040000069641"}]' [87 bytes]
2023-04-17 14:44:59,071 - DEBUG - < TEXT '[3, "ff76458e-79f8-4e90-851a-77bb5f800dcf", {"i..."status": "Accepted"}}]' [82 bytes]
2023-04-17 14:44:59,090 - DEBUG - = connection is CLOSING
2023-04-17 14:44:59,090 - DEBUG - > CLOSE 1000 (OK) [2 bytes]
2023-04-17 14:44:59,098 - DEBUG - < CLOSE 1000 (OK) [2 bytes]
2023-04-17 14:44:59,102 - DEBUG - = connection is CLOSED
2023-04-17 14:45:42,535 - DEBUG - = connection is CONNECTING
2023-04-17 14:45:42,571 - DEBUG - > GET /ocpp16/ELA007C05/EVSCA050002 HTTP/1.1
2023-04-17 14:45:42,571 - DEBUG - > Host: ws.devevspcharger.uplus.co.kr
2023-04-17 14:45:42,571 - DEBUG - > Upgrade: websocket
2023-04-17 14:45:42,572 - DEBUG - > Connection: Upgrade
2023-04-17 14:45:42,572 - DEBUG - > Sec-WebSocket-Key: 7mXK101k3ffAhev9R+3FtA==
2023-04-17 14:45:42,572 - DEBUG - > Sec-WebSocket-Version: 13
2023-04-17 14:45:42,572 - DEBUG - > Sec-WebSocket-Extensions: permessage-deflate; client_max_window_bits
2023-04-17 14:45:42,572 - DEBUG - > Sec-WebSocket-Protocol: ocpp1.6
2023-04-17 14:45:42,572 - DEBUG - > Authorization: Basic RVZBUjpFVkFSTEdV
2023-04-17 14:45:42,572 - DEBUG - > User-Agent: Python/3.11 websockets/10.4
2023-04-17 14:45:42,825 - DEBUG - < HTTP/1.1 101 Switching Protocols
2023-04-17 14:45:42,825 - DEBUG - < Connection: upgrade
2023-04-17 14:45:42,826 - DEBUG - < Date: Mon, 17 Apr 2023 05:45:31 GMT
2023-04-17 14:45:42,826 - DEBUG - < sec-websocket-protocol: ocpp1.6
2023-04-17 14:45:42,826 - DEBUG - < upgrade: websocket
2023-04-17 14:45:42,826 - DEBUG - < sec-websocket-accept: 2UKziFCzfHmuyn68AKtiKEI/wII=
2023-04-17 14:45:42,827 - DEBUG - < sec-websocket-extensions: permessage-deflate
2023-04-17 14:45:42,827 - DEBUG - < X-Cache: Miss from cloudfront
2023-04-17 14:45:42,827 - DEBUG - < Via: 1.1 88978ba000ab6fbb0841a728290a8442.cloudfront.net (CloudFront)
2023-04-17 14:45:42,827 - DEBUG - < X-Amz-Cf-Pop: ICN57-P2
2023-04-17 14:45:42,827 - DEBUG - < X-Amz-Cf-Id: Iqb73AU9Zugg_zEszkETZrwjPJcTOLoA38jNbI8PN654-aeiI_vzDw==
2023-04-17 14:45:42,827 - DEBUG - = connection is OPEN
2023-04-17 14:45:42,851 - DEBUG - > TEXT '[2, "8b1db107-2555-4174-97af-b362ba460f2b", "Bo...ePointVendor": "EVAR"}]' [127 bytes]
2023-04-17 14:45:43,179 - DEBUG - < TEXT '[3, "8b1db107-2555-4174-97af-b362ba460f2b", {"s...31Z", "interval": 600}]' [123 bytes]
2023-04-17 14:45:43,229 - DEBUG - > TEXT '[2, "8b1db107-2555-4174-97af-b362ba460f2b", "St..."status": "Available"}]' [132 bytes]
2023-04-17 14:45:43,478 - DEBUG - < TEXT '[3, "8b1db107-2555-4174-97af-b362ba460f2b", {}]' [47 bytes]
2023-04-17 14:45:43,517 - DEBUG - > TEXT '[2, "8b1db107-2555-4174-97af-b362ba460f2b", "Au...": "1031040000069641"}]' [87 bytes]
2023-04-17 14:45:43,780 - DEBUG - < TEXT '[3, "8b1db107-2555-4174-97af-b362ba460f2b", {"i..."status": "Accepted"}}]' [82 bytes]
2023-04-17 14:45:43,798 - DEBUG - = connection is CLOSING
2023-04-17 14:45:43,798 - DEBUG - > CLOSE 1000 (OK) [2 bytes]
2023-04-17 14:45:43,805 - DEBUG - < CLOSE 1000 (OK) [2 bytes]
2023-04-17 14:45:43,811 - DEBUG - = connection is CLOSED
2023-04-17 14:55:36,730 - DEBUG - = connection is CONNECTING
2023-04-17 14:55:36,768 - DEBUG - > GET /ocpp16/ELA007C05/EVSCA050002 HTTP/1.1
2023-04-17 14:55:36,768 - DEBUG - > Host: ws.devevspcharger.uplus.co.kr
2023-04-17 14:55:36,769 - DEBUG - > Upgrade: websocket
2023-04-17 14:55:36,769 - DEBUG - > Connection: Upgrade
2023-04-17 14:55:36,769 - DEBUG - > Sec-WebSocket-Key: xZp0eqYl9rR0qSG+Lmzysw==
2023-04-17 14:55:36,769 - DEBUG - > Sec-WebSocket-Version: 13
2023-04-17 14:55:36,769 - DEBUG - > Sec-WebSocket-Extensions: permessage-deflate; client_max_window_bits
2023-04-17 14:55:36,769 - DEBUG - > Sec-WebSocket-Protocol: ocpp1.6
2023-04-17 14:55:36,769 - DEBUG - > Authorization: Basic RVZBUjpFVkFSTEdV
2023-04-17 14:55:36,769 - DEBUG - > User-Agent: Python/3.11 websockets/10.4
2023-04-17 14:55:38,203 - DEBUG - < HTTP/1.1 101 Switching Protocols
2023-04-17 14:55:38,203 - DEBUG - < Connection: upgrade
2023-04-17 14:55:38,203 - DEBUG - < Date: Mon, 17 Apr 2023 05:55:27 GMT
2023-04-17 14:55:38,203 - DEBUG - < sec-websocket-protocol: ocpp1.6
2023-04-17 14:55:38,203 - DEBUG - < upgrade: websocket
2023-04-17 14:55:38,204 - DEBUG - < sec-websocket-accept: QDTML28fkpzJi0NXHtYsN8RjkBg=
2023-04-17 14:55:38,204 - DEBUG - < sec-websocket-extensions: permessage-deflate
2023-04-17 14:55:38,204 - DEBUG - < X-Cache: Miss from cloudfront
2023-04-17 14:55:38,204 - DEBUG - < Via: 1.1 0c9ac74e4533d4cd2c0dd7de136ec086.cloudfront.net (CloudFront)
2023-04-17 14:55:38,204 - DEBUG - < X-Amz-Cf-Pop: ICN57-P2
2023-04-17 14:55:38,204 - DEBUG - < X-Amz-Cf-Id: s4pm6yrzVMymJs3Cwz7cd1b0L0biU0MyIWBIK-1DhOHVmksA5W9cUw==
2023-04-17 14:55:38,204 - DEBUG - = connection is OPEN
2023-04-17 14:55:38,231 - DEBUG - > TEXT '[2, "84092ff9-5052-48d9-b972-8ba9f8f41a4b", "Bo...ePointVendor": "EVAR"}]' [127 bytes]
2023-04-17 14:55:38,678 - DEBUG - < TEXT '[3, "84092ff9-5052-48d9-b972-8ba9f8f41a4b", {"s...27Z", "interval": 600}]' [123 bytes]
2023-04-17 14:55:43,267 - DEBUG - Starting new HTTPS connection (1): rgw.devevspcharger.uplus.co.kr:443
2023-04-17 14:55:44,825 - DEBUG - https://rgw.devevspcharger.uplus.co.kr:443 "POST /ioc HTTP/1.1" 200 217
2023-04-17 14:55:44,840 - DEBUG - < TEXT '[2, "79462f35-e7b6-4c51-b438-9f7c13ce08b4", "Re...rvationId": 120533844}]' [172 bytes]
2023-04-17 14:55:44,846 - DEBUG - > TEXT '[3, "79462f35-e7b6-4c51-b438-9f7c13ce08b4", {"status": "Accepted"}]' [67 bytes]
2023-04-17 14:55:45,056 - DEBUG - < TEXT '' [0 bytes]
2023-04-17 14:55:45,078 - DEBUG - > TEXT '[2, "84092ff9-5052-48d9-b972-8ba9f8f41a4b", "St... "status": "Reserved"}]' [131 bytes]
2023-04-17 14:55:45,262 - DEBUG - < TEXT '[3, "84092ff9-5052-48d9-b972-8ba9f8f41a4b", {}]' [47 bytes]
2023-04-17 14:55:45,319 - DEBUG - > TEXT '[2, "84092ff9-5052-48d9-b972-8ba9f8f41a4b", "St..."status": "Preparing"}]' [132 bytes]
2023-04-17 14:55:45,528 - DEBUG - < TEXT '[3, "84092ff9-5052-48d9-b972-8ba9f8f41a4b", {}]' [47 bytes]
2023-04-17 14:55:45,593 - DEBUG - > TEXT '[2, "84092ff9-5052-48d9-b972-8ba9f8f41a4b", "Au...": "1010010195158522"}]' [87 bytes]
2023-04-17 14:55:45,982 - DEBUG - < TEXT '[3, "84092ff9-5052-48d9-b972-8ba9f8f41a4b", {"i..."status": "Accepted"}}]' [82 bytes]
2023-04-17 14:55:46,029 - DEBUG - > TEXT '[2, "05d86c58-2bdd-443f-b4af-f4f6b1c02a8e", "St...rvationId": 120533844}]' [198 bytes]
2023-04-17 14:55:46,464 - DEBUG - < TEXT '[3, "05d86c58-2bdd-443f-b4af-f4f6b1c02a8e", {"t..."status": "Accepted"}}]' [110 bytes]
2023-04-17 14:55:46,515 - DEBUG - > TEXT '[2, "84092ff9-5052-48d9-b972-8ba9f8f41a4b", "St... "status": "Charging"}]' [131 bytes]
2023-04-17 14:55:46,717 - DEBUG - < TEXT '[3, "84092ff9-5052-48d9-b972-8ba9f8f41a4b", {}]' [47 bytes]
2023-04-17 14:55:46,768 - DEBUG - > TEXT '[2, "84092ff9-5052-48d9-b972-8ba9f8f41a4b", "Au...": "1010010201665544"}]' [87 bytes]
2023-04-17 14:55:47,103 - DEBUG - < TEXT '[3, "84092ff9-5052-48d9-b972-8ba9f8f41a4b", {"i...arentIdTag": "12345"}}]' [106 bytes]
2023-04-17 14:55:47,163 - DEBUG - > TEXT '[2, "c3291c18-7091-4ae9-9ddd-372af14a4d6b", "St...sactionId": 120533082}]' [149 bytes]
2023-04-17 14:55:47,323 - DEBUG - < TEXT '[4, "c3291c18-7091-4ae9-9ddd-372af14a4d6b", {"e...ck your request data"}]' [143 bytes]
2023-04-17 14:55:47,358 - DEBUG - = connection is CLOSING
2023-04-17 14:55:47,358 - DEBUG - > CLOSE 1000 (OK) [2 bytes]
2023-04-17 14:55:47,365 - DEBUG - < CLOSE 1000 (OK) [2 bytes]
2023-04-17 14:55:47,374 - DEBUG - = connection is CLOSED
2023-04-17 15:04:49,727 - DEBUG - = connection is CONNECTING
2023-04-17 15:04:49,766 - DEBUG - > GET /ocpp16/ELA007C05/EVSCA050002 HTTP/1.1
2023-04-17 15:04:49,766 - DEBUG - > Host: ws.devevspcharger.uplus.co.kr
2023-04-17 15:04:49,766 - DEBUG - > Upgrade: websocket
2023-04-17 15:04:49,766 - DEBUG - > Connection: Upgrade
2023-04-17 15:04:49,767 - DEBUG - > Sec-WebSocket-Key: 5MKqBJtgsJjwv+5P+oh/tg==
2023-04-17 15:04:49,767 - DEBUG - > Sec-WebSocket-Version: 13
2023-04-17 15:04:49,767 - DEBUG - > Sec-WebSocket-Extensions: permessage-deflate; client_max_window_bits
2023-04-17 15:04:49,767 - DEBUG - > Sec-WebSocket-Protocol: ocpp1.6
2023-04-17 15:04:49,767 - DEBUG - > Authorization: Basic RVZBUjpFVkFSTEdV
2023-04-17 15:04:49,767 - DEBUG - > User-Agent: Python/3.11 websockets/10.4
2023-04-17 15:04:51,326 - DEBUG - < HTTP/1.1 101 Switching Protocols
2023-04-17 15:04:51,327 - DEBUG - < Connection: upgrade
2023-04-17 15:04:51,327 - DEBUG - < Date: Mon, 17 Apr 2023 06:04:40 GMT
2023-04-17 15:04:51,327 - DEBUG - < sec-websocket-protocol: ocpp1.6
2023-04-17 15:04:51,327 - DEBUG - < upgrade: websocket
2023-04-17 15:04:51,327 - DEBUG - < sec-websocket-accept: UQfL5TXnvZrIkXYPtf4tu0zAB/0=
2023-04-17 15:04:51,327 - DEBUG - < sec-websocket-extensions: permessage-deflate
2023-04-17 15:04:51,327 - DEBUG - < X-Cache: Miss from cloudfront
2023-04-17 15:04:51,328 - DEBUG - < Via: 1.1 8cd680512056914f119efae770348786.cloudfront.net (CloudFront)
2023-04-17 15:04:51,328 - DEBUG - < X-Amz-Cf-Pop: ICN57-P2
2023-04-17 15:04:51,328 - DEBUG - < X-Amz-Cf-Id: 7JKn3zeqOGPQPerw6_IEFls2TImVMJoeV8_keK3pgpwDhaMmAAbZFg==
2023-04-17 15:04:51,328 - DEBUG - = connection is OPEN
2023-04-17 15:04:51,350 - DEBUG - > TEXT '[2, "4dcbf965-c81e-4732-9aa1-062047193a04", "Bo...ePointVendor": "EVAR"}]' [127 bytes]
2023-04-17 15:04:51,764 - DEBUG - < TEXT '[3, "4dcbf965-c81e-4732-9aa1-062047193a04", {"s...40Z", "interval": 600}]' [123 bytes]
2023-04-17 15:04:54,565 - DEBUG - Starting new HTTPS connection (1): rgw.devevspcharger.uplus.co.kr:443
2023-04-17 15:04:56,024 - DEBUG - https://rgw.devevspcharger.uplus.co.kr:443 "POST /ioc HTTP/1.1" 200 217
2023-04-17 15:04:56,035 - DEBUG - < TEXT '[2, "e1752376-f993-4e8b-8c9e-b2cc3f12c78c", "Re...rvationId": 120533844}]' [172 bytes]
2023-04-17 15:04:56,039 - DEBUG - > TEXT '[3, "e1752376-f993-4e8b-8c9e-b2cc3f12c78c", {"status": "Accepted"}]' [67 bytes]
2023-04-17 15:04:56,203 - DEBUG - < TEXT '' [0 bytes]
2023-04-17 15:04:56,247 - DEBUG - > TEXT '[2, "4dcbf965-c81e-4732-9aa1-062047193a04", "St... "status": "Reserved"}]' [131 bytes]
2023-04-17 15:04:56,466 - DEBUG - < TEXT '[3, "4dcbf965-c81e-4732-9aa1-062047193a04", {}]' [47 bytes]
2023-04-17 15:04:56,497 - DEBUG - > TEXT '[2, "4dcbf965-c81e-4732-9aa1-062047193a04", "St..."status": "Preparing"}]' [132 bytes]
2023-04-17 15:04:56,719 - DEBUG - < TEXT '[3, "4dcbf965-c81e-4732-9aa1-062047193a04", {}]' [47 bytes]
2023-04-17 15:04:56,777 - DEBUG - > TEXT '[2, "4dcbf965-c81e-4732-9aa1-062047193a04", "Au...": "1010010195158522"}]' [87 bytes]
2023-04-17 15:04:57,073 - DEBUG - < TEXT '[3, "4dcbf965-c81e-4732-9aa1-062047193a04", {"i...arentIdTag": "12345"}}]' [106 bytes]
2023-04-17 15:04:57,118 - DEBUG - > TEXT '[2, "2c5bf92d-9d78-43c8-9366-84b6813ba242", "St...rvationId": 120533844}]' [198 bytes]
2023-04-17 15:04:57,575 - DEBUG - < TEXT '[3, "2c5bf92d-9d78-43c8-9366-84b6813ba242", {"t...arentIdTag": "12345"}}]' [134 bytes]
2023-04-17 15:04:57,622 - DEBUG - > TEXT '[2, "4dcbf965-c81e-4732-9aa1-062047193a04", "St... "status": "Charging"}]' [131 bytes]
2023-04-17 15:04:57,874 - DEBUG - < TEXT '[3, "4dcbf965-c81e-4732-9aa1-062047193a04", {}]' [47 bytes]
2023-04-17 15:04:57,922 - DEBUG - > TEXT '[2, "4dcbf965-c81e-4732-9aa1-062047193a04", "Au...": "1010010201665544"}]' [87 bytes]
2023-04-17 15:04:58,258 - DEBUG - < TEXT '[3, "4dcbf965-c81e-4732-9aa1-062047193a04", {"i...arentIdTag": "12345"}}]' [106 bytes]
2023-04-17 15:04:58,309 - DEBUG - > TEXT '[2, "fe21b3f6-9d8f-47b3-81db-6d4d673e2a22", "St...sactionId": 120533082}]' [149 bytes]
2023-04-17 15:04:58,464 - DEBUG - < TEXT '[4, "fe21b3f6-9d8f-47b3-81db-6d4d673e2a22", {"e...ck your request data"}]' [143 bytes]
2023-04-17 15:04:58,491 - DEBUG - = connection is CLOSING
2023-04-17 15:04:58,491 - DEBUG - > CLOSE 1000 (OK) [2 bytes]
2023-04-17 15:04:58,506 - DEBUG - < CLOSE 1000 (OK) [2 bytes]
2023-04-17 15:04:58,511 - DEBUG - = connection is CLOSED
2023-04-17 15:07:10,727 - DEBUG - = connection is CONNECTING
2023-04-17 15:07:10,762 - DEBUG - > GET /ocpp16/ELA007C05/EVSCA050002 HTTP/1.1
2023-04-17 15:07:10,763 - DEBUG - > Host: ws.devevspcharger.uplus.co.kr
2023-04-17 15:07:10,763 - DEBUG - > Upgrade: websocket
2023-04-17 15:07:10,763 - DEBUG - > Connection: Upgrade
2023-04-17 15:07:10,763 - DEBUG - > Sec-WebSocket-Key: PNLEnth+YpGcwv4qsiNFEA==
2023-04-17 15:07:10,763 - DEBUG - > Sec-WebSocket-Version: 13
2023-04-17 15:07:10,763 - DEBUG - > Sec-WebSocket-Extensions: permessage-deflate; client_max_window_bits
2023-04-17 15:07:10,764 - DEBUG - > Sec-WebSocket-Protocol: ocpp1.6
2023-04-17 15:07:10,764 - DEBUG - > Authorization: Basic RVZBUjpFVkFSTEdV
2023-04-17 15:07:10,764 - DEBUG - > User-Agent: Python/3.11 websockets/10.4
2023-04-17 15:07:12,082 - DEBUG - < HTTP/1.1 101 Switching Protocols
2023-04-17 15:07:12,083 - DEBUG - < Connection: upgrade
2023-04-17 15:07:12,083 - DEBUG - < Date: Mon, 17 Apr 2023 06:07:00 GMT
2023-04-17 15:07:12,083 - DEBUG - < sec-websocket-protocol: ocpp1.6
2023-04-17 15:07:12,083 - DEBUG - < upgrade: websocket
2023-04-17 15:07:12,083 - DEBUG - < sec-websocket-accept: 7jay3f8LTjApEufUIh3f5P45jpw=
2023-04-17 15:07:12,083 - DEBUG - < sec-websocket-extensions: permessage-deflate
2023-04-17 15:07:12,083 - DEBUG - < X-Cache: Miss from cloudfront
2023-04-17 15:07:12,083 - DEBUG - < Via: 1.1 623f9f4dd2fef338f4704e13bada95c8.cloudfront.net (CloudFront)
2023-04-17 15:07:12,083 - DEBUG - < X-Amz-Cf-Pop: ICN57-P2
2023-04-17 15:07:12,083 - DEBUG - < X-Amz-Cf-Id: IbORXC9ecUw4wc1bppN_sUqUW1NRdGdWf32Vpgn67GtRmn8no22ddg==
2023-04-17 15:07:12,084 - DEBUG - = connection is OPEN
2023-04-17 15:07:12,105 - DEBUG - > TEXT '[2, "34122f61-d6be-4714-a83f-c0b66aa90fd6", "Bo...ePointVendor": "EVAR"}]' [127 bytes]
2023-04-17 15:07:12,526 - DEBUG - < TEXT '[3, "34122f61-d6be-4714-a83f-c0b66aa90fd6", {"s...01Z", "interval": 600}]' [123 bytes]
2023-04-17 15:07:12,545 - ERROR - Task exception was never retrieved
future: <Task finished name='Task-2' coro=<ChargerSim.startEvent() done, defined at D:\workspace\wss\main.py:124> exception=TypeError("string indices must be integers, not 'str'")>
Traceback (most recent call last):
  File "D:\workspace\wss\main.py", line 144, in startEvent
    await self.charger.runcase(self.TC_selected if len(self.TC_selected.keys())>0 else self.TC)
  File "D:\workspace\wss\Charger.py", line 343, in runcase
    doc = self.ocppdocs[c[1]]
          ~~~~~~~~~~~~~^^^^^^
TypeError: string indices must be integers, not 'str'
2023-04-17 15:07:26,452 - DEBUG - = connection is CONNECTING
2023-04-17 15:07:26,490 - DEBUG - > GET /ocpp16/ELA007C05/EVSCA050002 HTTP/1.1
2023-04-17 15:07:26,490 - DEBUG - > Host: ws.devevspcharger.uplus.co.kr
2023-04-17 15:07:26,490 - DEBUG - > Upgrade: websocket
2023-04-17 15:07:26,490 - DEBUG - > Connection: Upgrade
2023-04-17 15:07:26,491 - DEBUG - > Sec-WebSocket-Key: YxSOSWXB3z/AxvCVwx4f4Q==
2023-04-17 15:07:26,491 - DEBUG - > Sec-WebSocket-Version: 13
2023-04-17 15:07:26,491 - DEBUG - > Sec-WebSocket-Extensions: permessage-deflate; client_max_window_bits
2023-04-17 15:07:26,491 - DEBUG - > Sec-WebSocket-Protocol: ocpp1.6
2023-04-17 15:07:26,491 - DEBUG - > Authorization: Basic RVZBUjpFVkFSTEdV
2023-04-17 15:07:26,491 - DEBUG - > User-Agent: Python/3.11 websockets/10.4
2023-04-17 15:07:26,860 - DEBUG - < HTTP/1.1 101 Switching Protocols
2023-04-17 15:07:26,860 - DEBUG - < Connection: upgrade
2023-04-17 15:07:26,860 - DEBUG - < Date: Mon, 17 Apr 2023 06:07:15 GMT
2023-04-17 15:07:26,860 - DEBUG - < sec-websocket-protocol: ocpp1.6
2023-04-17 15:07:26,860 - DEBUG - < upgrade: websocket
2023-04-17 15:07:26,861 - DEBUG - < sec-websocket-accept: 7jDc8m8qxtORcvlLcM2dBg7v/kg=
2023-04-17 15:07:26,861 - DEBUG - < sec-websocket-extensions: permessage-deflate
2023-04-17 15:07:26,861 - DEBUG - < X-Cache: Miss from cloudfront
2023-04-17 15:07:26,861 - DEBUG - < Via: 1.1 88978ba000ab6fbb0841a728290a8442.cloudfront.net (CloudFront)
2023-04-17 15:07:26,861 - DEBUG - < X-Amz-Cf-Pop: ICN57-P2
2023-04-17 15:07:26,861 - DEBUG - < X-Amz-Cf-Id: 6BU87LBxf_0TuBKRz_FL8CtvaVlSTD3H_ToAJDzCn6hip8X7tHLjXw==
2023-04-17 15:07:26,861 - DEBUG - = connection is OPEN
2023-04-17 15:07:26,880 - DEBUG - > TEXT '[2, "597190a1-6b12-4850-8dc4-4ab08a8378f3", "Bo...ePointVendor": "EVAR"}]' [127 bytes]
2023-04-17 15:07:27,172 - DEBUG - < TEXT '[3, "597190a1-6b12-4850-8dc4-4ab08a8378f3", {"s...15Z", "interval": 600}]' [123 bytes]
2023-04-17 15:07:29,080 - DEBUG - Starting new HTTPS connection (1): rgw.devevspcharger.uplus.co.kr:443
2023-04-17 15:07:30,536 - DEBUG - https://rgw.devevspcharger.uplus.co.kr:443 "POST /ioc HTTP/1.1" 200 217
2023-04-17 15:07:30,547 - DEBUG - < TEXT '[2, "4fb262a0-5be1-4c85-8a9a-97d97e9382bf", "Re...rvationId": 120533844}]' [172 bytes]
2023-04-17 15:07:30,555 - DEBUG - > TEXT '[3, "4fb262a0-5be1-4c85-8a9a-97d97e9382bf", {"status": "Accepted"}]' [67 bytes]
2023-04-17 15:07:30,706 - DEBUG - < TEXT '' [0 bytes]
2023-04-17 15:07:30,745 - DEBUG - > TEXT '[2, "597190a1-6b12-4850-8dc4-4ab08a8378f3", "St... "status": "Reserved"}]' [131 bytes]
2023-04-17 15:07:30,951 - DEBUG - < TEXT '[3, "597190a1-6b12-4850-8dc4-4ab08a8378f3", {}]' [47 bytes]
2023-04-17 15:07:30,985 - DEBUG - > TEXT '[2, "597190a1-6b12-4850-8dc4-4ab08a8378f3", "St..."status": "Preparing"}]' [132 bytes]
2023-04-17 15:07:31,174 - DEBUG - < TEXT '[3, "597190a1-6b12-4850-8dc4-4ab08a8378f3", {}]' [47 bytes]
2023-04-17 15:07:31,224 - DEBUG - > TEXT '[2, "597190a1-6b12-4850-8dc4-4ab08a8378f3", "Au...": "1010010195158522"}]' [87 bytes]
2023-04-17 15:07:31,466 - DEBUG - < TEXT '[3, "597190a1-6b12-4850-8dc4-4ab08a8378f3", {"i...arentIdTag": "12345"}}]' [106 bytes]
2023-04-17 15:07:31,515 - DEBUG - > TEXT '[2, "600a2239-0951-49e9-8386-81c2f1f154a5", "St...rvationId": 120533844}]' [198 bytes]
2023-04-17 15:07:31,994 - DEBUG - < TEXT '[3, "600a2239-0951-49e9-8386-81c2f1f154a5", {"t...arentIdTag": "12345"}}]' [134 bytes]
2023-04-17 15:07:32,043 - DEBUG - > TEXT '[2, "597190a1-6b12-4850-8dc4-4ab08a8378f3", "St... "status": "Charging"}]' [131 bytes]
2023-04-17 15:07:32,100 - DEBUG - % sending keepalive ping
2023-04-17 15:07:32,100 - DEBUG - > PING 21 3e 8f a8 [binary, 4 bytes]
2023-04-17 15:07:32,108 - DEBUG - < PONG 21 3e 8f a8 [binary, 4 bytes]
2023-04-17 15:07:32,112 - DEBUG - % received keepalive pong
2023-04-17 15:07:32,227 - DEBUG - < TEXT '[3, "597190a1-6b12-4850-8dc4-4ab08a8378f3", {}]' [47 bytes]
2023-04-17 15:07:32,264 - DEBUG - > TEXT '[2, "597190a1-6b12-4850-8dc4-4ab08a8378f3", "Au...": "1010010201665544"}]' [87 bytes]
2023-04-17 15:07:32,484 - DEBUG - < TEXT '[3, "597190a1-6b12-4850-8dc4-4ab08a8378f3", {"i...arentIdTag": "12345"}}]' [106 bytes]
2023-04-17 15:07:32,531 - DEBUG - > TEXT '[2, "87b8a5e6-2d62-4107-9490-901a855aafe1", "St...sactionId": 120533844}]' [149 bytes]
2023-04-17 15:07:32,885 - DEBUG - < TEXT '[3, "87b8a5e6-2d62-4107-9490-901a855aafe1", {"i..."status": "Accepted"}}]' [82 bytes]
2023-04-17 15:07:32,936 - DEBUG - > TEXT '[2, "597190a1-6b12-4850-8dc4-4ab08a8378f3", "St..."status": "Finishing"}]' [132 bytes]
2023-04-17 15:07:33,173 - DEBUG - < TEXT '[3, "597190a1-6b12-4850-8dc4-4ab08a8378f3", {}]' [47 bytes]
2023-04-17 15:07:33,214 - DEBUG - > TEXT '[2, "597190a1-6b12-4850-8dc4-4ab08a8378f3", "St..."status": "Available"}]' [132 bytes]
2023-04-17 15:07:33,486 - DEBUG - < TEXT '[3, "597190a1-6b12-4850-8dc4-4ab08a8378f3", {}]' [47 bytes]
2023-04-17 15:07:33,513 - DEBUG - = connection is CLOSING
2023-04-17 15:07:33,513 - DEBUG - > CLOSE 1000 (OK) [2 bytes]
2023-04-17 15:07:33,521 - DEBUG - < CLOSE 1000 (OK) [2 bytes]
2023-04-17 15:07:33,525 - DEBUG - = connection is CLOSED
2023-04-17 15:07:52,095 - DEBUG - % sending keepalive ping
2023-04-17 15:07:52,095 - DEBUG - > PING '¥Ð\x05~' [text, 4 bytes]
2023-04-17 15:07:52,104 - DEBUG - < PONG '¥Ð\x05~' [text, 4 bytes]
2023-04-17 15:07:52,106 - DEBUG - % received keepalive pong
2023-04-17 15:08:12,115 - DEBUG - % sending keepalive ping
2023-04-17 15:08:12,116 - DEBUG - > PING 66 e6 87 4a [binary, 4 bytes]
2023-04-17 15:08:12,125 - DEBUG - < PONG 66 e6 87 4a [binary, 4 bytes]
2023-04-17 15:08:12,127 - DEBUG - % received keepalive pong
2023-04-17 15:08:31,641 - DEBUG - = connection is CONNECTING
2023-04-17 15:08:31,687 - DEBUG - > GET /ocpp16/ELA007C05/EVSCA050001 HTTP/1.1
2023-04-17 15:08:31,687 - DEBUG - > Host: ws.devevspcharger.uplus.co.kr
2023-04-17 15:08:31,687 - DEBUG - > Upgrade: websocket
2023-04-17 15:08:31,687 - DEBUG - > Connection: Upgrade
2023-04-17 15:08:31,688 - DEBUG - > Sec-WebSocket-Key: 5IzCXZ/ttF2oisgzJ8iU1g==
2023-04-17 15:08:31,688 - DEBUG - > Sec-WebSocket-Version: 13
2023-04-17 15:08:31,688 - DEBUG - > Sec-WebSocket-Extensions: permessage-deflate; client_max_window_bits
2023-04-17 15:08:31,688 - DEBUG - > Sec-WebSocket-Protocol: ocpp1.6
2023-04-17 15:08:31,688 - DEBUG - > Authorization: Basic RVZBUjpFVkFSTEdV
2023-04-17 15:08:31,688 - DEBUG - > User-Agent: Python/3.11 websockets/10.4
2023-04-17 15:08:32,127 - DEBUG - % sending keepalive ping
2023-04-17 15:08:32,127 - DEBUG - > PING a2 8d e3 88 [binary, 4 bytes]
2023-04-17 15:08:32,136 - DEBUG - < PONG a2 8d e3 88 [binary, 4 bytes]
2023-04-17 15:08:32,140 - DEBUG - % received keepalive pong
2023-04-17 15:08:32,341 - DEBUG - < HTTP/1.1 101 Switching Protocols
2023-04-17 15:08:32,341 - DEBUG - < Connection: upgrade
2023-04-17 15:08:32,342 - DEBUG - < Date: Mon, 17 Apr 2023 06:08:21 GMT
2023-04-17 15:08:32,342 - DEBUG - < sec-websocket-protocol: ocpp1.6
2023-04-17 15:08:32,342 - DEBUG - < upgrade: websocket
2023-04-17 15:08:32,342 - DEBUG - < sec-websocket-accept: 0QIWy5wYgTbDHtV1MnYnboQuvdg=
2023-04-17 15:08:32,342 - DEBUG - < sec-websocket-extensions: permessage-deflate
2023-04-17 15:08:32,343 - DEBUG - < X-Cache: Miss from cloudfront
2023-04-17 15:08:32,343 - DEBUG - < Via: 1.1 3544dee363e510a888d5171c071b297e.cloudfront.net (CloudFront)
2023-04-17 15:08:32,343 - DEBUG - < X-Amz-Cf-Pop: ICN57-P2
2023-04-17 15:08:32,343 - DEBUG - < X-Amz-Cf-Id: r_nq3v5bPHY0WvlsXb4-W5QaOw9iutDpMWY-YJ00accFvtmR6SjvGA==
2023-04-17 15:08:32,344 - DEBUG - = connection is OPEN
2023-04-17 15:08:32,370 - DEBUG - > TEXT '[2, "82818bda-e943-4dcf-bb36-5d02f202606c", "Bo...ePointVendor": "EVAR"}]' [127 bytes]
2023-04-17 15:08:32,605 - DEBUG - < TEXT '[3, "82818bda-e943-4dcf-bb36-5d02f202606c", {"s...21Z", "interval": 600}]' [123 bytes]
2023-04-17 15:08:35,807 - DEBUG - Starting new HTTPS connection (1): rgw.devevspcharger.uplus.co.kr:443
2023-04-17 15:08:36,413 - DEBUG - https://rgw.devevspcharger.uplus.co.kr:443 "POST /ioc HTTP/1.1" 200 148
2023-04-17 15:08:36,432 - DEBUG - < TEXT '[2, "fafc158d-5076-4fd2-893f-e54992525605", "Tr...": "BootNotification"}]' [103 bytes]
2023-04-17 15:08:36,440 - DEBUG - > TEXT '[3, "fafc158d-5076-4fd2-893f-e54992525605", {"status": "Accepted"}]' [67 bytes]
2023-04-17 15:08:36,589 - DEBUG - < TEXT '' [0 bytes]
2023-04-17 15:08:36,635 - DEBUG - > TEXT '[2, "82818bda-e943-4dcf-bb36-5d02f202606c", "Bo...ePointVendor": "EVAR"}]' [127 bytes]
2023-04-17 15:08:36,905 - DEBUG - < TEXT '[3, "82818bda-e943-4dcf-bb36-5d02f202606c", {"s...25Z", "interval": 600}]' [123 bytes]
2023-04-17 15:08:39,901 - DEBUG - Starting new HTTPS connection (1): rgw.devevspcharger.uplus.co.kr:443
2023-04-17 15:08:40,345 - DEBUG - https://rgw.devevspcharger.uplus.co.kr:443 "POST /ioc HTTP/1.1" 200 143
2023-04-17 15:08:40,359 - DEBUG - < TEXT '[2, "92a53167-4a8f-4dcb-8e7a-40b3c06c5c14", "Tr...ssage": "MeterValues"}]' [98 bytes]
2023-04-17 15:08:40,364 - DEBUG - > TEXT '[3, "92a53167-4a8f-4dcb-8e7a-40b3c06c5c14", {"status": "Accepted"}]' [67 bytes]
2023-04-17 15:08:40,553 - DEBUG - < TEXT '' [0 bytes]
2023-04-17 15:08:40,616 - DEBUG - > TEXT '[2, "2d505cb8-eb9a-4c02-8c3b-ec6e73b3ec70", "Me...er", "unit": "Wh"}]}]}]' [259 bytes]
2023-04-17 15:08:40,990 - DEBUG - < TEXT '[3, "2d505cb8-eb9a-4c02-8c3b-ec6e73b3ec70", {}]' [47 bytes]
2023-04-17 15:08:44,227 - DEBUG - Starting new HTTPS connection (1): rgw.devevspcharger.uplus.co.kr:443
2023-04-17 15:08:44,659 - DEBUG - https://rgw.devevspcharger.uplus.co.kr:443 "POST /ioc HTTP/1.1" 200 141
2023-04-17 15:08:44,679 - DEBUG - < TEXT '[2, "087cfc1b-eb4d-4347-a440-74620e457ed5", "Tr...Message": "Heartbeat"}]' [96 bytes]
2023-04-17 15:08:44,686 - DEBUG - > TEXT '[3, "087cfc1b-eb4d-4347-a440-74620e457ed5", {"status": "Accepted"}]' [67 bytes]
2023-04-17 15:08:44,849 - DEBUG - < TEXT '' [0 bytes]
2023-04-17 15:08:44,896 - DEBUG - > TEXT '[2, "bbe90b2a-2f3e-4b46-8c69-39d7d282cbdd", "Heartbeat", {}]' [60 bytes]
2023-04-17 15:08:45,085 - DEBUG - < TEXT '[3, "bbe90b2a-2f3e-4b46-8c69-39d7d282cbdd", {"c...2023-04-17T15:08:33Z"}]' [84 bytes]
2023-04-17 15:08:48,044 - DEBUG - Starting new HTTPS connection (1): rgw.devevspcharger.uplus.co.kr:443
2023-04-17 15:08:48,487 - DEBUG - https://rgw.devevspcharger.uplus.co.kr:443 "POST /ioc HTTP/1.1" 200 150
2023-04-17 15:08:48,499 - DEBUG - < TEXT '[2, "0b5d867e-59f4-48ab-bc0c-2fca7bf6fbe7", "Tr... "StatusNotification"}]' [105 bytes]
2023-04-17 15:08:48,505 - DEBUG - > TEXT '[3, "0b5d867e-59f4-48ab-bc0c-2fca7bf6fbe7", {"status": "Accepted"}]' [67 bytes]
2023-04-17 15:08:48,650 - DEBUG - < TEXT '' [0 bytes]
2023-04-17 15:08:48,687 - DEBUG - > TEXT '[2, "82818bda-e943-4dcf-bb36-5d02f202606c", "St..."status": "Available"}]' [132 bytes]
2023-04-17 15:08:48,888 - DEBUG - < TEXT '[3, "82818bda-e943-4dcf-bb36-5d02f202606c", {}]' [47 bytes]
2023-04-17 15:08:51,370 - DEBUG - Starting new HTTPS connection (1): rgw.devevspcharger.uplus.co.kr:443
2023-04-17 15:08:51,860 - DEBUG - https://rgw.devevspcharger.uplus.co.kr:443 "POST /ioc HTTP/1.1" 200 161
2023-04-17 15:08:51,875 - DEBUG - < TEXT '[2, "2b949636-58ad-4c37-9b69-a104e3f5bb9d", "Tr...csStatusNotification"}]' [116 bytes]
2023-04-17 15:08:51,879 - DEBUG - > TEXT '[3, "2b949636-58ad-4c37-9b69-a104e3f5bb9d", {"status": "Accepted"}]' [67 bytes]
2023-04-17 15:08:52,048 - DEBUG - < TEXT '' [0 bytes]
2023-04-17 15:08:52,078 - DEBUG - > TEXT '[2, "cc45a49a-662d-4055-8fc8-49390c7fde87", "Di...n", {"status": "Idle"}]' [96 bytes]
2023-04-17 15:08:52,151 - DEBUG - % sending keepalive ping
2023-04-17 15:08:52,152 - DEBUG - > PING 30 5d 13 c2 [binary, 4 bytes]
2023-04-17 15:08:52,159 - DEBUG - < PONG 30 5d 13 c2 [binary, 4 bytes]
2023-04-17 15:08:52,162 - DEBUG - % received keepalive pong
2023-04-17 15:08:52,271 - DEBUG - < TEXT '[3, "cc45a49a-662d-4055-8fc8-49390c7fde87", {}]' [47 bytes]
2023-04-17 15:08:52,357 - DEBUG - % sending keepalive ping
2023-04-17 15:08:52,357 - DEBUG - > PING 11 a6 72 02 [binary, 4 bytes]
2023-04-17 15:08:52,366 - DEBUG - < PONG 11 a6 72 02 [binary, 4 bytes]
2023-04-17 15:08:52,369 - DEBUG - % received keepalive pong
2023-04-17 15:08:55,181 - DEBUG - Starting new HTTPS connection (1): rgw.devevspcharger.uplus.co.kr:443
2023-04-17 15:08:55,609 - DEBUG - https://rgw.devevspcharger.uplus.co.kr:443 "POST /ioc HTTP/1.1" 200 158
2023-04-17 15:08:55,623 - DEBUG - < TEXT '[2, "97f9d199-d76b-4107-863e-3254dbb4cb90", "Tr...reStatusNotification"}]' [113 bytes]
2023-04-17 15:08:55,627 - DEBUG - > TEXT '[3, "97f9d199-d76b-4107-863e-3254dbb4cb90", {"status": "Accepted"}]' [67 bytes]
2023-04-17 15:08:55,775 - DEBUG - < TEXT '' [0 bytes]
2023-04-17 15:08:55,827 - DEBUG - > TEXT '[2, "88253210-2d3b-4671-8c07-27f1b036da56", "Fi...n", {"status": "Idle"}]' [93 bytes]
2023-04-17 15:08:56,076 - DEBUG - < TEXT '[3, "88253210-2d3b-4671-8c07-27f1b036da56", {}]' [47 bytes]
2023-04-17 15:08:56,100 - DEBUG - = connection is CLOSING
2023-04-17 15:08:56,100 - DEBUG - > CLOSE 1000 (OK) [2 bytes]
2023-04-17 15:08:56,107 - DEBUG - < CLOSE 1000 (OK) [2 bytes]
2023-04-17 15:08:56,112 - DEBUG - = connection is CLOSED
2023-04-17 15:09:12,151 - DEBUG - % sending keepalive ping
2023-04-17 15:09:12,151 - DEBUG - > PING 95 53 dc 1d [binary, 4 bytes]
2023-04-17 15:09:12,160 - DEBUG - < PONG 95 53 dc 1d [binary, 4 bytes]
2023-04-17 15:09:12,164 - DEBUG - % received keepalive pong
2023-04-17 15:09:27,509 - DEBUG - = connection is CONNECTING
2023-04-17 15:09:27,547 - DEBUG - > GET /ocpp16/ELA007C05/EVSCA050001 HTTP/1.1
2023-04-17 15:09:27,547 - DEBUG - > Host: ws.devevspcharger.uplus.co.kr
2023-04-17 15:09:27,548 - DEBUG - > Upgrade: websocket
2023-04-17 15:09:27,548 - DEBUG - > Connection: Upgrade
2023-04-17 15:09:27,548 - DEBUG - > Sec-WebSocket-Key: AjlPhPs3ziPHX3HqKwdjJA==
2023-04-17 15:09:27,548 - DEBUG - > Sec-WebSocket-Version: 13
2023-04-17 15:09:27,548 - DEBUG - > Sec-WebSocket-Extensions: permessage-deflate; client_max_window_bits
2023-04-17 15:09:27,548 - DEBUG - > Sec-WebSocket-Protocol: ocpp1.6
2023-04-17 15:09:27,548 - DEBUG - > Authorization: Basic RVZBUjpFVkFSTEdV
2023-04-17 15:09:27,548 - DEBUG - > User-Agent: Python/3.11 websockets/10.4
2023-04-17 15:09:27,801 - DEBUG - < HTTP/1.1 101 Switching Protocols
2023-04-17 15:09:27,801 - DEBUG - < Connection: upgrade
2023-04-17 15:09:27,801 - DEBUG - < Date: Mon, 17 Apr 2023 06:09:16 GMT
2023-04-17 15:09:27,801 - DEBUG - < sec-websocket-protocol: ocpp1.6
2023-04-17 15:09:27,801 - DEBUG - < upgrade: websocket
2023-04-17 15:09:27,801 - DEBUG - < sec-websocket-accept: Rw5zqVfypxAi5tcs7l+B8grmNzI=
2023-04-17 15:09:27,802 - DEBUG - < sec-websocket-extensions: permessage-deflate
2023-04-17 15:09:27,802 - DEBUG - < X-Cache: Miss from cloudfront
2023-04-17 15:09:27,802 - DEBUG - < Via: 1.1 9ae7abacc9e2c811909db23dbe603ad4.cloudfront.net (CloudFront)
2023-04-17 15:09:27,802 - DEBUG - < X-Amz-Cf-Pop: ICN57-P2
2023-04-17 15:09:27,802 - DEBUG - < X-Amz-Cf-Id: GbG68-VspBPHXb1HCRVQuEIw0U08uLvNKMYWn5chNjKmrM6FRb9Nig==
2023-04-17 15:09:27,802 - DEBUG - = connection is OPEN
2023-04-17 15:09:27,826 - DEBUG - > TEXT '[2, "4ba1b8ef-dc0d-4424-9001-cf54558ece82", "Bo...ePointVendor": "EVAR"}]' [127 bytes]
2023-04-17 15:09:28,075 - DEBUG - < TEXT '[3, "4ba1b8ef-dc0d-4424-9001-cf54558ece82", {"s...16Z", "interval": 600}]' [123 bytes]
2023-04-17 15:09:30,844 - DEBUG - Starting new HTTPS connection (1): rgw.devevspcharger.uplus.co.kr:443
2023-04-17 15:09:31,259 - DEBUG - https://rgw.devevspcharger.uplus.co.kr:443 "POST /ioc HTTP/1.1" 200 143
2023-04-17 15:09:31,272 - DEBUG - < TEXT '[2, "c4a56db6-4791-4f30-8f41-3f03f0300df0", "Tr...ssage": "MeterValues"}]' [98 bytes]
2023-04-17 15:09:31,275 - DEBUG - > TEXT '[3, "c4a56db6-4791-4f30-8f41-3f03f0300df0", {"status": "Rejected"}]' [67 bytes]
2023-04-17 15:09:31,445 - DEBUG - < TEXT '' [0 bytes]
2023-04-17 15:09:31,467 - DEBUG - = connection is CLOSING
2023-04-17 15:09:31,468 - DEBUG - > CLOSE 1000 (OK) [2 bytes]
2023-04-17 15:09:31,474 - DEBUG - < CLOSE 1000 (OK) [2 bytes]
2023-04-17 15:09:31,479 - DEBUG - = connection is CLOSED
2023-04-17 15:09:32,140 - DEBUG - % sending keepalive ping
2023-04-17 15:09:32,140 - DEBUG - > PING 2f 85 8b 08 [binary, 4 bytes]
2023-04-17 15:09:32,147 - DEBUG - < PONG 2f 85 8b 08 [binary, 4 bytes]
2023-04-17 15:09:32,150 - DEBUG - % received keepalive pong
2023-04-17 15:09:52,142 - DEBUG - % sending keepalive ping
2023-04-17 15:09:52,142 - DEBUG - > PING 78 4a de 65 [binary, 4 bytes]
2023-04-17 15:09:52,149 - DEBUG - < PONG 78 4a de 65 [binary, 4 bytes]
2023-04-17 15:09:52,161 - DEBUG - % received keepalive pong
2023-04-17 15:10:12,148 - DEBUG - % sending keepalive ping
2023-04-17 15:10:12,149 - DEBUG - > PING b9 77 a2 3c [binary, 4 bytes]
2023-04-17 15:10:12,156 - DEBUG - < PONG b9 77 a2 3c [binary, 4 bytes]
2023-04-17 15:10:12,163 - DEBUG - % received keepalive pong
2023-04-17 15:10:27,193 - DEBUG - = connection is CONNECTING
2023-04-17 15:10:27,232 - DEBUG - > GET /ocpp16/ELA007C05/EVSCA050001 HTTP/1.1
2023-04-17 15:10:27,232 - DEBUG - > Host: ws.devevspcharger.uplus.co.kr
2023-04-17 15:10:27,232 - DEBUG - > Upgrade: websocket
2023-04-17 15:10:27,232 - DEBUG - > Connection: Upgrade
2023-04-17 15:10:27,232 - DEBUG - > Sec-WebSocket-Key: Hulw/UPA71rYy/VlGYagmQ==
2023-04-17 15:10:27,232 - DEBUG - > Sec-WebSocket-Version: 13
2023-04-17 15:10:27,232 - DEBUG - > Sec-WebSocket-Extensions: permessage-deflate; client_max_window_bits
2023-04-17 15:10:27,232 - DEBUG - > Sec-WebSocket-Protocol: ocpp1.6
2023-04-17 15:10:27,232 - DEBUG - > Authorization: Basic RVZBUjpFVkFSTEdV
2023-04-17 15:10:27,233 - DEBUG - > User-Agent: Python/3.11 websockets/10.4
2023-04-17 15:10:27,784 - DEBUG - < HTTP/1.1 101 Switching Protocols
2023-04-17 15:10:27,784 - DEBUG - < Connection: upgrade
2023-04-17 15:10:27,784 - DEBUG - < Date: Mon, 17 Apr 2023 06:10:16 GMT
2023-04-17 15:10:27,784 - DEBUG - < sec-websocket-protocol: ocpp1.6
2023-04-17 15:10:27,785 - DEBUG - < upgrade: websocket
2023-04-17 15:10:27,785 - DEBUG - < sec-websocket-accept: rk+kpH62xUGRAiK4D+WtayKYvcg=
2023-04-17 15:10:27,785 - DEBUG - < sec-websocket-extensions: permessage-deflate
2023-04-17 15:10:27,785 - DEBUG - < X-Cache: Miss from cloudfront
2023-04-17 15:10:27,785 - DEBUG - < Via: 1.1 245760171dd7312d4c9ed2142f4a364c.cloudfront.net (CloudFront)
2023-04-17 15:10:27,785 - DEBUG - < X-Amz-Cf-Pop: ICN51-C2
2023-04-17 15:10:27,785 - DEBUG - < X-Amz-Cf-Id: x3XFbfDApVZlZ5CXe031RhgI4rEj_nJwlATVopIkfiVhcrkEAGV_vw==
2023-04-17 15:10:27,785 - DEBUG - = connection is OPEN
2023-04-17 15:10:27,820 - DEBUG - > TEXT '[2, "0c89975b-b581-4029-b7c6-52ad6e80da5d", "Bo...ePointVendor": "EVAR"}]' [127 bytes]
2023-04-17 15:10:28,104 - DEBUG - < TEXT '[3, "0c89975b-b581-4029-b7c6-52ad6e80da5d", {"s...16Z", "interval": 600}]' [123 bytes]
2023-04-17 15:10:30,057 - DEBUG - Starting new HTTPS connection (1): rgw.devevspcharger.uplus.co.kr:443
2023-04-17 15:10:30,500 - DEBUG - https://rgw.devevspcharger.uplus.co.kr:443 "POST /ioc HTTP/1.1" 200 408
2023-04-17 15:10:30,519 - DEBUG - < TEXT '[2, "7ddbcfe5-36f3-4242-a7dc-7a94740464d1", "Se... "limit": 11000.0}]}}}]' [363 bytes]
2023-04-17 15:10:30,526 - DEBUG - > TEXT '[3, "7ddbcfe5-36f3-4242-a7dc-7a94740464d1", {"status": "Accepted"}]' [67 bytes]
2023-04-17 15:10:30,690 - DEBUG - < TEXT '' [0 bytes]
2023-04-17 15:10:30,704 - DEBUG - = connection is CLOSING
2023-04-17 15:10:30,704 - DEBUG - > CLOSE 1000 (OK) [2 bytes]
2023-04-17 15:10:30,717 - DEBUG - < CLOSE 1000 (OK) [2 bytes]
2023-04-17 15:10:30,724 - DEBUG - = connection is CLOSED
2023-04-17 15:10:32,136 - DEBUG - % sending keepalive ping
2023-04-17 15:10:32,136 - DEBUG - > PING ab b3 cc 5d [binary, 4 bytes]
2023-04-17 15:10:32,143 - DEBUG - < PONG ab b3 cc 5d [binary, 4 bytes]
2023-04-17 15:10:32,145 - DEBUG - % received keepalive pong
2023-04-17 15:10:52,143 - DEBUG - % sending keepalive ping
2023-04-17 15:10:52,144 - DEBUG - > PING 63 01 21 9e [binary, 4 bytes]
2023-04-17 15:10:52,158 - DEBUG - < PONG 63 01 21 9e [binary, 4 bytes]
2023-04-17 15:10:52,162 - DEBUG - % received keepalive pong
2023-04-17 15:10:57,284 - DEBUG - = connection is CONNECTING
2023-04-17 15:10:57,321 - DEBUG - > GET /ocpp16/ELA007C05/EVSCA050001 HTTP/1.1
2023-04-17 15:10:57,322 - DEBUG - > Host: ws.devevspcharger.uplus.co.kr
2023-04-17 15:10:57,322 - DEBUG - > Upgrade: websocket
2023-04-17 15:10:57,322 - DEBUG - > Connection: Upgrade
2023-04-17 15:10:57,323 - DEBUG - > Sec-WebSocket-Key: 9KHtFkoZBcUrfYFOgxh4gw==
2023-04-17 15:10:57,323 - DEBUG - > Sec-WebSocket-Version: 13
2023-04-17 15:10:57,323 - DEBUG - > Sec-WebSocket-Extensions: permessage-deflate; client_max_window_bits
2023-04-17 15:10:57,323 - DEBUG - > Sec-WebSocket-Protocol: ocpp1.6
2023-04-17 15:10:57,324 - DEBUG - > Authorization: Basic RVZBUjpFVkFSTEdV
2023-04-17 15:10:57,324 - DEBUG - > User-Agent: Python/3.11 websockets/10.4
2023-04-17 15:10:57,646 - DEBUG - < HTTP/1.1 101 Switching Protocols
2023-04-17 15:10:57,646 - DEBUG - < Connection: upgrade
2023-04-17 15:10:57,646 - DEBUG - < Date: Mon, 17 Apr 2023 06:10:46 GMT
2023-04-17 15:10:57,647 - DEBUG - < sec-websocket-protocol: ocpp1.6
2023-04-17 15:10:57,647 - DEBUG - < upgrade: websocket
2023-04-17 15:10:57,647 - DEBUG - < sec-websocket-accept: mPy4Xatwau9UFtVfQ1BfqwFJAzM=
2023-04-17 15:10:57,647 - DEBUG - < sec-websocket-extensions: permessage-deflate
2023-04-17 15:10:57,647 - DEBUG - < X-Cache: Miss from cloudfront
2023-04-17 15:10:57,647 - DEBUG - < Via: 1.1 c5763780684ccad0bd3aa0aba22ea7b2.cloudfront.net (CloudFront)
2023-04-17 15:10:57,647 - DEBUG - < X-Amz-Cf-Pop: ICN51-C2
2023-04-17 15:10:57,647 - DEBUG - < X-Amz-Cf-Id: OHF5nMdDYTTXw2BM_cXUC-iEBucrLQNU0vWd2pEWr1l2MdEOwGBoZw==
2023-04-17 15:10:57,648 - DEBUG - = connection is OPEN
2023-04-17 15:10:57,685 - DEBUG - > TEXT '[2, "be8bdb3c-dbae-4105-b76d-ee85aa0219bf", "Bo...ePointVendor": "EVAR"}]' [127 bytes]
2023-04-17 15:10:57,930 - DEBUG - < TEXT '[3, "be8bdb3c-dbae-4105-b76d-ee85aa0219bf", {"s...46Z", "interval": 600}]' [123 bytes]
2023-04-17 15:10:57,985 - DEBUG - > TEXT '[2, "be8bdb3c-dbae-4105-b76d-ee85aa0219bf", "St..."status": "Preparing"}]' [132 bytes]
2023-04-17 15:10:58,171 - DEBUG - < TEXT '[3, "be8bdb3c-dbae-4105-b76d-ee85aa0219bf", {}]' [47 bytes]
2023-04-17 15:10:58,226 - DEBUG - > TEXT '[2, "be8bdb3c-dbae-4105-b76d-ee85aa0219bf", "Au...": "1031040000069641"}]' [87 bytes]
2023-04-17 15:10:58,512 - DEBUG - < TEXT '[3, "be8bdb3c-dbae-4105-b76d-ee85aa0219bf", {"i..."status": "Accepted"}}]' [82 bytes]
2023-04-17 15:10:58,545 - DEBUG - > TEXT '[2, "7b3221fb-798f-49ab-ac64-f0a1e9188215", "St...2023-04-17T15:10:57Z"}]' [170 bytes]
2023-04-17 15:10:58,973 - DEBUG - < TEXT '[3, "7b3221fb-798f-49ab-ac64-f0a1e9188215", {"t..."status": "Accepted"}}]' [110 bytes]
2023-04-17 15:10:59,022 - DEBUG - > TEXT '[2, "be8bdb3c-dbae-4105-b76d-ee85aa0219bf", "St... "status": "Charging"}]' [131 bytes]
2023-04-17 15:10:59,209 - DEBUG - < TEXT '[3, "be8bdb3c-dbae-4105-b76d-ee85aa0219bf", {}]' [47 bytes]
2023-04-17 15:11:01,585 - DEBUG - Starting new HTTPS connection (1): rgw.devevspcharger.uplus.co.kr:443
2023-04-17 15:11:02,081 - DEBUG - https://rgw.devevspcharger.uplus.co.kr:443 "POST /ioc HTTP/1.1" 200 408
2023-04-17 15:11:02,100 - DEBUG - < TEXT '[2, "f9bf3d17-4ae3-4b15-b52f-45abebec48ff", "Se... "limit": 11000.0}]}}}]' [363 bytes]
2023-04-17 15:11:02,107 - DEBUG - > TEXT '[3, "f9bf3d17-4ae3-4b15-b52f-45abebec48ff", {"status": "Accepted"}]' [67 bytes]
2023-04-17 15:11:02,277 - DEBUG - < TEXT '' [0 bytes]
2023-04-17 15:11:02,297 - DEBUG - = connection is CLOSING
2023-04-17 15:11:02,297 - DEBUG - > CLOSE 1000 (OK) [2 bytes]
2023-04-17 15:11:02,311 - DEBUG - < CLOSE 1000 (OK) [2 bytes]
2023-04-17 15:11:02,318 - DEBUG - = connection is CLOSED
2023-04-17 15:11:12,167 - DEBUG - % sending keepalive ping
2023-04-17 15:11:12,167 - DEBUG - > PING 7d 2a 00 c3 [binary, 4 bytes]
2023-04-17 15:11:12,561 - DEBUG - < PONG 7d 2a 00 c3 [binary, 4 bytes]
2023-04-17 15:11:12,564 - DEBUG - % received keepalive pong
2023-04-17 15:11:32,563 - DEBUG - % sending keepalive ping
2023-04-17 15:11:32,563 - DEBUG - > PING f0 5d 11 d5 [binary, 4 bytes]
2023-04-17 15:11:32,571 - DEBUG - < PONG f0 5d 11 d5 [binary, 4 bytes]
2023-04-17 15:11:32,578 - DEBUG - % received keepalive pong
2023-04-17 15:11:52,563 - DEBUG - % sending keepalive ping
2023-04-17 15:11:52,564 - DEBUG - > PING 03 38 49 ef [binary, 4 bytes]
2023-04-17 15:11:52,572 - DEBUG - < PONG 03 38 49 ef [binary, 4 bytes]
2023-04-17 15:11:52,576 - DEBUG - % received keepalive pong
2023-04-17 15:12:12,573 - DEBUG - % sending keepalive ping
2023-04-17 15:12:12,573 - DEBUG - > PING 61 26 88 89 [binary, 4 bytes]
2023-04-17 15:12:12,582 - DEBUG - < PONG 61 26 88 89 [binary, 4 bytes]
2023-04-17 15:12:12,585 - DEBUG - % received keepalive pong
2023-04-17 15:12:32,565 - DEBUG - % sending keepalive ping
2023-04-17 15:12:32,565 - DEBUG - > PING 1d af 36 4c [binary, 4 bytes]
2023-04-17 15:12:32,573 - DEBUG - < PONG 1d af 36 4c [binary, 4 bytes]
2023-04-17 15:12:32,577 - DEBUG - % received keepalive pong
2023-04-17 15:12:52,565 - DEBUG - % sending keepalive ping
2023-04-17 15:12:52,565 - DEBUG - > PING 5a aa 5b 95 [binary, 4 bytes]
2023-04-17 15:12:52,573 - DEBUG - < PONG 5a aa 5b 95 [binary, 4 bytes]
2023-04-17 15:12:52,576 - DEBUG - % received keepalive pong
2023-04-17 15:13:12,571 - DEBUG - % sending keepalive ping
2023-04-17 15:13:12,571 - DEBUG - > PING 02 2b 47 b9 [binary, 4 bytes]
2023-04-17 15:13:12,580 - DEBUG - < PONG 02 2b 47 b9 [binary, 4 bytes]
2023-04-17 15:13:12,585 - DEBUG - % received keepalive pong
2023-04-17 15:13:32,564 - DEBUG - % sending keepalive ping
2023-04-17 15:13:32,564 - DEBUG - > PING c3 18 fc 08 [binary, 4 bytes]
2023-04-17 15:13:32,573 - DEBUG - < PONG c3 18 fc 08 [binary, 4 bytes]
2023-04-17 15:13:32,580 - DEBUG - % received keepalive pong
2023-04-17 15:13:52,574 - DEBUG - % sending keepalive ping
2023-04-17 15:13:52,575 - DEBUG - > PING a4 a4 d7 a4 [binary, 4 bytes]
2023-04-17 15:13:52,583 - DEBUG - < PONG a4 a4 d7 a4 [binary, 4 bytes]
2023-04-17 15:13:52,586 - DEBUG - % received keepalive pong
2023-04-17 15:14:12,564 - DEBUG - % sending keepalive ping
2023-04-17 15:14:12,564 - DEBUG - > PING 69 86 4a 8a [binary, 4 bytes]
2023-04-17 15:14:12,571 - DEBUG - < PONG 69 86 4a 8a [binary, 4 bytes]
2023-04-17 15:14:12,578 - DEBUG - % received keepalive pong
2023-04-17 15:14:16,192 - DEBUG - = connection is CONNECTING
2023-04-17 15:14:16,225 - DEBUG - > GET /ocpp16/ELA007C05/EVSCA050001 HTTP/1.1
2023-04-17 15:14:16,226 - DEBUG - > Host: ws.devevspcharger.uplus.co.kr
2023-04-17 15:14:16,226 - DEBUG - > Upgrade: websocket
2023-04-17 15:14:16,226 - DEBUG - > Connection: Upgrade
2023-04-17 15:14:16,226 - DEBUG - > Sec-WebSocket-Key: 5n1jEOlQQb5emFeUvOcZ0Q==
2023-04-17 15:14:16,226 - DEBUG - > Sec-WebSocket-Version: 13
2023-04-17 15:14:16,226 - DEBUG - > Sec-WebSocket-Extensions: permessage-deflate; client_max_window_bits
2023-04-17 15:14:16,226 - DEBUG - > Sec-WebSocket-Protocol: ocpp1.6
2023-04-17 15:14:16,226 - DEBUG - > Authorization: Basic RVZBUjpFVkFSTEdV
2023-04-17 15:14:16,226 - DEBUG - > User-Agent: Python/3.11 websockets/10.4
2023-04-17 15:14:16,787 - DEBUG - < HTTP/1.1 101 Switching Protocols
2023-04-17 15:14:16,787 - DEBUG - < Connection: upgrade
2023-04-17 15:14:16,787 - DEBUG - < Date: Mon, 17 Apr 2023 06:14:05 GMT
2023-04-17 15:14:16,787 - DEBUG - < sec-websocket-protocol: ocpp1.6
2023-04-17 15:14:16,787 - DEBUG - < upgrade: websocket
2023-04-17 15:14:16,787 - DEBUG - < sec-websocket-accept: xK4knsSP2LghQaXbcfNBSDjPP0w=
2023-04-17 15:14:16,788 - DEBUG - < sec-websocket-extensions: permessage-deflate
2023-04-17 15:14:16,788 - DEBUG - < X-Cache: Miss from cloudfront
2023-04-17 15:14:16,788 - DEBUG - < Via: 1.1 55a59d7976b41c233ff2e682cdd3901e.cloudfront.net (CloudFront)
2023-04-17 15:14:16,788 - DEBUG - < X-Amz-Cf-Pop: ICN57-P2
2023-04-17 15:14:16,788 - DEBUG - < X-Amz-Cf-Id: LxMB1c80xdr0PmKir1ie726sT7Nv2EWFlryjiB3amgbIIrp3NGwLjw==
2023-04-17 15:14:16,788 - DEBUG - = connection is OPEN
2023-04-17 15:14:16,831 - DEBUG - > TEXT '[2, "a3872827-2169-47ce-9958-c5670ce1f32b", "Bo...ePointVendor": "EVAR"}]' [127 bytes]
2023-04-17 15:14:17,284 - DEBUG - < TEXT '[3, "a3872827-2169-47ce-9958-c5670ce1f32b", {"s...06Z", "interval": 600}]' [123 bytes]
2023-04-17 15:14:18,508 - DEBUG - Starting new HTTPS connection (1): rgw.devevspcharger.uplus.co.kr:443
2023-04-17 15:14:19,141 - DEBUG - https://rgw.devevspcharger.uplus.co.kr:443 "POST /ioc HTTP/1.1" 200 408
2023-04-17 15:14:19,156 - DEBUG - < TEXT '[2, "faa1ba5f-f321-4e12-9e57-20501a9a91fe", "Se... "limit": 11000.0}]}}}]' [363 bytes]
2023-04-17 15:14:19,162 - DEBUG - > TEXT '[3, "faa1ba5f-f321-4e12-9e57-20501a9a91fe", {"status": "Accepted"}]' [67 bytes]
2023-04-17 15:14:19,312 - DEBUG - < TEXT '' [0 bytes]
2023-04-17 15:14:20,939 - DEBUG - Starting new HTTPS connection (1): rgw.devevspcharger.uplus.co.kr:443
2023-04-17 15:14:21,363 - DEBUG - https://rgw.devevspcharger.uplus.co.kr:443 "POST /ioc HTTP/1.1" 200 149
2023-04-17 15:14:21,380 - DEBUG - < TEXT '[2, "6b3f4943-0cfa-4d44-9219-5777536f5c4c", "Ge...": 1, "duration": 300}]' [104 bytes]
2023-04-17 15:14:21,389 - DEBUG - > TEXT '[3, "6b3f4943-0cfa-4d44-9219-5777536f5c4c", {"s... 0, "limit": 11000}]}}]' [195 bytes]
2023-04-17 15:14:21,549 - DEBUG - < TEXT '' [0 bytes]
2023-04-17 15:14:21,580 - DEBUG - = connection is CLOSING
2023-04-17 15:14:21,581 - DEBUG - > CLOSE 1000 (OK) [2 bytes]
2023-04-17 15:14:21,589 - DEBUG - < CLOSE 1000 (OK) [2 bytes]
2023-04-17 15:14:21,594 - DEBUG - = connection is CLOSED
2023-04-17 15:14:32,573 - DEBUG - % sending keepalive ping
2023-04-17 15:14:32,574 - DEBUG - > PING 65 df 13 28 [binary, 4 bytes]
2023-04-17 15:14:32,582 - DEBUG - < PONG 65 df 13 28 [binary, 4 bytes]
2023-04-17 15:14:32,586 - DEBUG - % received keepalive pong
2023-04-17 15:14:52,565 - DEBUG - % sending keepalive ping
2023-04-17 15:14:52,565 - DEBUG - > PING 24 b8 61 94 [binary, 4 bytes]
2023-04-17 15:14:52,574 - DEBUG - < PONG 24 b8 61 94 [binary, 4 bytes]
2023-04-17 15:14:52,578 - DEBUG - % received keepalive pong
2023-04-17 15:15:12,573 - DEBUG - % sending keepalive ping
2023-04-17 15:15:12,573 - DEBUG - > PING 6c 8e dc 5d [binary, 4 bytes]
2023-04-17 15:15:12,581 - DEBUG - < PONG 6c 8e dc 5d [binary, 4 bytes]
2023-04-17 15:15:12,584 - DEBUG - % received keepalive pong
2023-04-17 15:15:13,739 - DEBUG - = connection is CONNECTING
2023-04-17 15:15:13,784 - DEBUG - > GET /ocpp16/ELA007C05/EVSCA050001 HTTP/1.1
2023-04-17 15:15:13,784 - DEBUG - > Host: ws.devevspcharger.uplus.co.kr
2023-04-17 15:15:13,785 - DEBUG - > Upgrade: websocket
2023-04-17 15:15:13,785 - DEBUG - > Connection: Upgrade
2023-04-17 15:15:13,785 - DEBUG - > Sec-WebSocket-Key: roEKdRGEsPq6xeuQFrk65Q==
2023-04-17 15:15:13,785 - DEBUG - > Sec-WebSocket-Version: 13
2023-04-17 15:15:13,786 - DEBUG - > Sec-WebSocket-Extensions: permessage-deflate; client_max_window_bits
2023-04-17 15:15:13,786 - DEBUG - > Sec-WebSocket-Protocol: ocpp1.6
2023-04-17 15:15:13,786 - DEBUG - > Authorization: Basic RVZBUjpFVkFSTEdV
2023-04-17 15:15:13,786 - DEBUG - > User-Agent: Python/3.11 websockets/10.4
2023-04-17 15:15:14,192 - DEBUG - < HTTP/1.1 101 Switching Protocols
2023-04-17 15:15:14,192 - DEBUG - < Connection: upgrade
2023-04-17 15:15:14,193 - DEBUG - < Date: Mon, 17 Apr 2023 06:15:03 GMT
2023-04-17 15:15:14,193 - DEBUG - < sec-websocket-protocol: ocpp1.6
2023-04-17 15:15:14,193 - DEBUG - < upgrade: websocket
2023-04-17 15:15:14,193 - DEBUG - < sec-websocket-accept: SoWWh4Eh+IeXdc826GbNvDdhgs4=
2023-04-17 15:15:14,193 - DEBUG - < sec-websocket-extensions: permessage-deflate
2023-04-17 15:15:14,193 - DEBUG - < X-Cache: Miss from cloudfront
2023-04-17 15:15:14,193 - DEBUG - < Via: 1.1 1c31b550dc04cf34ff9053b76a7eecc4.cloudfront.net (CloudFront)
2023-04-17 15:15:14,193 - DEBUG - < X-Amz-Cf-Pop: ICN57-P2
2023-04-17 15:15:14,193 - DEBUG - < X-Amz-Cf-Id: 4kDqjEOjEc86hz_WbdAOGGa8ArYvu5hBmcyohxPwUX_5Ruv_5usHUg==
2023-04-17 15:15:14,193 - DEBUG - = connection is OPEN
2023-04-17 15:15:14,229 - DEBUG - > TEXT '[2, "faded101-3a89-41d9-a12c-16d553d4df93", "Bo...ePointVendor": "EVAR"}]' [127 bytes]
2023-04-17 15:15:14,635 - DEBUG - < TEXT '[3, "faded101-3a89-41d9-a12c-16d553d4df93", {"s...03Z", "interval": 600}]' [123 bytes]
2023-04-17 15:15:16,917 - DEBUG - Starting new HTTPS connection (1): rgw.devevspcharger.uplus.co.kr:443
2023-04-17 15:15:17,346 - DEBUG - https://rgw.devevspcharger.uplus.co.kr:443 "POST /ioc HTTP/1.1" 200 148
2023-04-17 15:15:17,359 - DEBUG - < TEXT '[2, "03d71953-2ebf-4373-a35c-b77ed1ec084a", "Ge...izeRemoteTxRequests"]}]' [103 bytes]
2023-04-17 15:15:17,363 - DEBUG - > TEXT '[3, "03d71953-2ebf-4373-a35c-b77ed1ec084a", {"c...ts", "value": "true"}}]' [120 bytes]
2023-04-17 15:15:17,519 - DEBUG - < TEXT '' [0 bytes]
2023-04-17 15:15:17,567 - DEBUG - > TEXT '[2, "faded101-3a89-41d9-a12c-16d553d4df93", "St..."status": "Preparing"}]' [132 bytes]
2023-04-17 15:15:17,770 - DEBUG - < TEXT '[3, "faded101-3a89-41d9-a12c-16d553d4df93", {}]' [47 bytes]
2023-04-17 15:15:32,572 - DEBUG - % sending keepalive ping
2023-04-17 15:15:32,572 - DEBUG - > PING fa 95 9a 95 [binary, 4 bytes]
2023-04-17 15:15:32,580 - DEBUG - < PONG fa 95 9a 95 [binary, 4 bytes]
2023-04-17 15:15:32,583 - DEBUG - % received keepalive pong
2023-04-17 15:15:34,189 - DEBUG - % sending keepalive ping
2023-04-17 15:15:34,190 - DEBUG - > PING 6d df 4d 01 [binary, 4 bytes]
2023-04-17 15:15:34,201 - DEBUG - < PONG 6d df 4d 01 [binary, 4 bytes]
2023-04-17 15:15:34,207 - DEBUG - % received keepalive pong
2023-04-17 15:15:52,567 - DEBUG - % sending keepalive ping
2023-04-17 15:15:52,568 - DEBUG - > PING ":'d2" [text, 4 bytes]
2023-04-17 15:15:52,574 - DEBUG - < PONG ":'d2" [text, 4 bytes]
2023-04-17 15:15:52,577 - DEBUG - % received keepalive pong
2023-04-17 15:15:54,185 - DEBUG - % sending keepalive ping
2023-04-17 15:15:54,186 - DEBUG - > PING 12 a2 54 fb [binary, 4 bytes]
2023-04-17 15:15:54,194 - DEBUG - < PONG 12 a2 54 fb [binary, 4 bytes]
2023-04-17 15:15:54,196 - DEBUG - % received keepalive pong
2023-04-17 15:16:12,560 - DEBUG - % sending keepalive ping
2023-04-17 15:16:12,560 - DEBUG - > PING 14 b5 47 59 [binary, 4 bytes]
2023-04-17 15:16:12,571 - DEBUG - < PONG 14 b5 47 59 [binary, 4 bytes]
2023-04-17 15:16:12,579 - DEBUG - % received keepalive pong
2023-04-17 15:16:14,193 - DEBUG - % sending keepalive ping
2023-04-17 15:16:14,194 - DEBUG - > PING 6f 23 01 e5 [binary, 4 bytes]
2023-04-17 15:16:14,204 - DEBUG - < PONG 6f 23 01 e5 [binary, 4 bytes]
2023-04-17 15:16:14,206 - DEBUG - % received keepalive pong
2023-04-17 15:16:14,257 - DEBUG - = connection is CONNECTING
2023-04-17 15:16:14,290 - DEBUG - > GET /ocpp16/ELA007C05/EVSCA050001 HTTP/1.1
2023-04-17 15:16:14,291 - DEBUG - > Host: ws.devevspcharger.uplus.co.kr
2023-04-17 15:16:14,291 - DEBUG - > Upgrade: websocket
2023-04-17 15:16:14,291 - DEBUG - > Connection: Upgrade
2023-04-17 15:16:14,291 - DEBUG - > Sec-WebSocket-Key: EAukceC6zDw7K2nnhdwuGQ==
2023-04-17 15:16:14,291 - DEBUG - > Sec-WebSocket-Version: 13
2023-04-17 15:16:14,291 - DEBUG - > Sec-WebSocket-Extensions: permessage-deflate; client_max_window_bits
2023-04-17 15:16:14,291 - DEBUG - > Sec-WebSocket-Protocol: ocpp1.6
2023-04-17 15:16:14,291 - DEBUG - > Authorization: Basic RVZBUjpFVkFSTEdV
2023-04-17 15:16:14,291 - DEBUG - > User-Agent: Python/3.11 websockets/10.4
2023-04-17 15:16:14,629 - DEBUG - < HTTP/1.1 101 Switching Protocols
2023-04-17 15:16:14,630 - DEBUG - < Connection: upgrade
2023-04-17 15:16:14,630 - DEBUG - < Date: Mon, 17 Apr 2023 06:16:03 GMT
2023-04-17 15:16:14,631 - DEBUG - < sec-websocket-protocol: ocpp1.6
2023-04-17 15:16:14,631 - DEBUG - < upgrade: websocket
2023-04-17 15:16:14,631 - DEBUG - < sec-websocket-accept: ltjgMnni0PBMaTNuge+SW6VJOgs=
2023-04-17 15:16:14,631 - DEBUG - < sec-websocket-extensions: permessage-deflate
2023-04-17 15:16:14,631 - DEBUG - < X-Cache: Miss from cloudfront
2023-04-17 15:16:14,631 - DEBUG - < Via: 1.1 addf940186af6aa7dc864a17e45130c6.cloudfront.net (CloudFront)
2023-04-17 15:16:14,631 - DEBUG - < X-Amz-Cf-Pop: ICN57-P2
2023-04-17 15:16:14,631 - DEBUG - < X-Amz-Cf-Id: 2QxEBmV-PkW51BMi9WQax69OXKsAsW4I2coZAmZZnADT4Ux7-1eA2w==
2023-04-17 15:16:14,632 - DEBUG - = connection is OPEN
2023-04-17 15:16:14,666 - DEBUG - > TEXT '[2, "f542ab09-5a6e-4cdc-b42c-56ca91b60190", "Bo...ePointVendor": "EVAR"}]' [127 bytes]
2023-04-17 15:16:14,928 - DEBUG - < TEXT '[3, "f542ab09-5a6e-4cdc-b42c-56ca91b60190", {"s...03Z", "interval": 600}]' [123 bytes]
2023-04-17 15:16:18,167 - DEBUG - Starting new HTTPS connection (1): rgw.devevspcharger.uplus.co.kr:443
2023-04-17 15:16:18,665 - DEBUG - https://rgw.devevspcharger.uplus.co.kr:443 "POST /ioc HTTP/1.1" 200 148
2023-04-17 15:16:18,678 - DEBUG - < TEXT '[2, "3d682ff8-2651-4157-8694-2144fa7a930c", "Ge...izeRemoteTxRequests"]}]' [103 bytes]
2023-04-17 15:16:18,685 - DEBUG - > TEXT '[3, "3d682ff8-2651-4157-8694-2144fa7a930c", {"c...ts", "value": "true"}}]' [120 bytes]
2023-04-17 15:16:18,867 - DEBUG - < TEXT '' [0 bytes]
2023-04-17 15:16:18,911 - DEBUG - > TEXT '[2, "f542ab09-5a6e-4cdc-b42c-56ca91b60190", "St..."status": "Preparing"}]' [132 bytes]
2023-04-17 15:16:19,109 - DEBUG - < TEXT '[3, "f542ab09-5a6e-4cdc-b42c-56ca91b60190", {}]' [47 bytes]
2023-04-17 15:16:30,394 - DEBUG - < TEXT '[2, "fb-798f-49ab-ac64-f0a1e9188215", "RemoteSt...sactionId": 120533845}]' [92 bytes]
2023-04-17 15:16:30,401 - DEBUG - > TEXT '[3, "fb-798f-49ab-ac64-f0a1e9188215", {"status": "Accepted"}]' [61 bytes]
2023-04-17 15:16:30,572 - DEBUG - < TEXT '' [0 bytes]
2023-04-17 15:16:30,605 - DEBUG - > TEXT '[2, "f542ab09-5a6e-4cdc-b42c-56ca91b60190", "Au...": "1031040000069641"}]' [87 bytes]
2023-04-17 15:16:30,977 - DEBUG - < TEXT '[3, "f542ab09-5a6e-4cdc-b42c-56ca91b60190", {"i..."status": "Accepted"}}]' [82 bytes]
2023-04-17 15:16:31,019 - DEBUG - > TEXT '[2, "3ee9e4bb-884c-4c88-887c-dd1de9f74723", "St...2023-04-17T15:16:14Z"}]' [170 bytes]
2023-04-17 15:16:31,589 - DEBUG - < TEXT '[3, "3ee9e4bb-884c-4c88-887c-dd1de9f74723", {"t..."status": "Accepted"}}]' [110 bytes]
2023-04-17 15:16:31,636 - DEBUG - > TEXT '[2, "f542ab09-5a6e-4cdc-b42c-56ca91b60190", "St... "status": "Charging"}]' [131 bytes]
2023-04-17 15:16:31,877 - DEBUG - < TEXT '[3, "f542ab09-5a6e-4cdc-b42c-56ca91b60190", {}]' [47 bytes]
2023-04-17 15:16:32,568 - DEBUG - % sending keepalive ping
2023-04-17 15:16:32,568 - DEBUG - > PING b0 dd d6 f4 [binary, 4 bytes]
2023-04-17 15:16:32,576 - DEBUG - < PONG b0 dd d6 f4 [binary, 4 bytes]
2023-04-17 15:16:32,580 - DEBUG - % received keepalive pong
2023-04-17 15:16:34,190 - DEBUG - % sending keepalive ping
2023-04-17 15:16:34,191 - DEBUG - > PING 9a 72 7f c4 [binary, 4 bytes]
2023-04-17 15:16:34,199 - DEBUG - < PONG 9a 72 7f c4 [binary, 4 bytes]
2023-04-17 15:16:34,204 - DEBUG - % received keepalive pong
2023-04-17 15:16:34,643 - DEBUG - % sending keepalive ping
2023-04-17 15:16:34,643 - DEBUG - > PING 53 3e be 04 [binary, 4 bytes]
2023-04-17 15:16:34,651 - DEBUG - < PONG 53 3e be 04 [binary, 4 bytes]
2023-04-17 15:16:34,654 - DEBUG - % received keepalive pong
2023-04-17 15:16:37,457 - DEBUG - Starting new HTTPS connection (1): rgw.devevspcharger.uplus.co.kr:443
2023-04-17 15:16:37,888 - DEBUG - https://rgw.devevspcharger.uplus.co.kr:443 "POST /ioc HTTP/1.1" 200 404
2023-04-17 15:16:37,905 - DEBUG - < TEXT '[2, "fff3a6b3-5f64-4997-9e67-b7693340df77", "Se...0, "limit": 11000}]}}}]' [359 bytes]
2023-04-17 15:16:37,912 - DEBUG - > TEXT '[3, "fff3a6b3-5f64-4997-9e67-b7693340df77", {"status": "Accepted"}]' [67 bytes]
2023-04-17 15:16:38,073 - DEBUG - < TEXT '' [0 bytes]
2023-04-17 15:16:41,399 - DEBUG - Starting new HTTPS connection (1): rgw.devevspcharger.uplus.co.kr:443
2023-04-17 15:16:41,826 - DEBUG - https://rgw.devevspcharger.uplus.co.kr:443 "POST /ioc HTTP/1.1" 200 125
2023-04-17 15:16:41,837 - DEBUG - < TEXT '[2, "757fce81-7628-4741-88eb-bface65bd6f1", "Cl...gProfile", {"id": 100}]' [80 bytes]
2023-04-17 15:16:41,842 - DEBUG - > TEXT '[3, "757fce81-7628-4741-88eb-bface65bd6f1", {"status": "Accepted"}]' [67 bytes]
2023-04-17 15:16:42,076 - DEBUG - < TEXT '' [0 bytes]
2023-04-17 15:16:50,494 - DEBUG - Starting new HTTPS connection (1): rgw.devevspcharger.uplus.co.kr:443
2023-04-17 15:16:50,926 - DEBUG - https://rgw.devevspcharger.uplus.co.kr:443 "POST /ioc HTTP/1.1" 200 149
2023-04-17 15:16:50,938 - DEBUG - < TEXT '[2, "4eb6f9f2-aece-4f37-9397-22615c7bd168", "Ge...": 1, "duration": 300}]' [104 bytes]
2023-04-17 15:16:50,942 - DEBUG - > TEXT '[3, "4eb6f9f2-aece-4f37-9397-22615c7bd168", {"s... 0, "limit": 11000}]}}]' [195 bytes]
2023-04-17 15:16:51,109 - DEBUG - < TEXT '' [0 bytes]
2023-04-17 15:16:51,124 - DEBUG - = connection is CLOSING
2023-04-17 15:16:51,125 - DEBUG - > CLOSE 1000 (OK) [2 bytes]
2023-04-17 15:16:51,132 - DEBUG - < CLOSE 1000 (OK) [2 bytes]
2023-04-17 15:16:51,136 - DEBUG - = connection is CLOSED
2023-04-17 15:16:52,568 - DEBUG - % sending keepalive ping
2023-04-17 15:16:52,568 - DEBUG - > PING 74 ea 0b 8d [binary, 4 bytes]
2023-04-17 15:16:52,575 - DEBUG - < PONG 74 ea 0b 8d [binary, 4 bytes]
2023-04-17 15:16:52,578 - DEBUG - % received keepalive pong
2023-04-17 15:16:54,191 - DEBUG - % sending keepalive ping
2023-04-17 15:16:54,191 - DEBUG - > PING ab 49 bf e5 [binary, 4 bytes]
2023-04-17 15:16:54,199 - DEBUG - < PONG ab 49 bf e5 [binary, 4 bytes]
2023-04-17 15:16:54,203 - DEBUG - % received keepalive pong
2023-04-17 15:17:12,574 - DEBUG - % sending keepalive ping
2023-04-17 15:17:12,575 - DEBUG - > PING 3b 5b d8 6c [binary, 4 bytes]
2023-04-17 15:17:12,585 - DEBUG - < PONG 3b 5b d8 6c [binary, 4 bytes]
2023-04-17 15:17:12,595 - DEBUG - % received keepalive pong
2023-04-17 15:17:14,199 - DEBUG - % sending keepalive ping
2023-04-17 15:17:14,199 - DEBUG - > PING 92 e8 ae f1 [binary, 4 bytes]
2023-04-17 15:17:14,205 - DEBUG - < PONG 92 e8 ae f1 [binary, 4 bytes]
2023-04-17 15:17:14,209 - DEBUG - % received keepalive pong
2023-04-17 15:17:32,589 - DEBUG - % sending keepalive ping
2023-04-17 15:17:32,589 - DEBUG - > PING 6f fb 32 e2 [binary, 4 bytes]
2023-04-17 15:17:32,596 - DEBUG - < PONG 6f fb 32 e2 [binary, 4 bytes]
2023-04-17 15:17:32,600 - DEBUG - % received keepalive pong
2023-04-17 15:17:34,190 - DEBUG - % sending keepalive ping
2023-04-17 15:17:34,190 - DEBUG - > PING 4c 6a cc 59 [binary, 4 bytes]
2023-04-17 15:17:34,197 - DEBUG - < PONG 4c 6a cc 59 [binary, 4 bytes]
2023-04-17 15:17:34,201 - DEBUG - % received keepalive pong
2023-04-17 15:17:41,508 - DEBUG - = connection is CONNECTING
2023-04-17 15:17:41,537 - DEBUG - > GET /ocpp16/ELA007C05/EVSCA050001 HTTP/1.1
2023-04-17 15:17:41,537 - DEBUG - > Host: ws.devevspcharger.uplus.co.kr
2023-04-17 15:17:41,538 - DEBUG - > Upgrade: websocket
2023-04-17 15:17:41,538 - DEBUG - > Connection: Upgrade
2023-04-17 15:17:41,538 - DEBUG - > Sec-WebSocket-Key: 3ZgmM7+wGs4PMvs4tFp1Aw==
2023-04-17 15:17:41,538 - DEBUG - > Sec-WebSocket-Version: 13
2023-04-17 15:17:41,538 - DEBUG - > Sec-WebSocket-Extensions: permessage-deflate; client_max_window_bits
2023-04-17 15:17:41,538 - DEBUG - > Sec-WebSocket-Protocol: ocpp1.6
2023-04-17 15:17:41,538 - DEBUG - > Authorization: Basic RVZBUjpFVkFSTEdV
2023-04-17 15:17:41,538 - DEBUG - > User-Agent: Python/3.11 websockets/10.4
2023-04-17 15:17:42,053 - DEBUG - < HTTP/1.1 101 Switching Protocols
2023-04-17 15:17:42,053 - DEBUG - < Connection: upgrade
2023-04-17 15:17:42,053 - DEBUG - < Date: Mon, 17 Apr 2023 06:17:30 GMT
2023-04-17 15:17:42,053 - DEBUG - < sec-websocket-protocol: ocpp1.6
2023-04-17 15:17:42,053 - DEBUG - < upgrade: websocket
2023-04-17 15:17:42,053 - DEBUG - < sec-websocket-accept: V/SMKX8GNc6/DY/24brRgXF/sws=
2023-04-17 15:17:42,053 - DEBUG - < sec-websocket-extensions: permessage-deflate
2023-04-17 15:17:42,053 - DEBUG - < X-Cache: Miss from cloudfront
2023-04-17 15:17:42,054 - DEBUG - < Via: 1.1 98cc70c99d4e07b8cd37265dc48c5a54.cloudfront.net (CloudFront)
2023-04-17 15:17:42,054 - DEBUG - < X-Amz-Cf-Pop: ICN57-P2
2023-04-17 15:17:42,054 - DEBUG - < X-Amz-Cf-Id: MEFHn2dw9CIZJ2jf0NDGcMeqv7jq9a08iZy3H_K1p5m6GklQc82ckQ==
2023-04-17 15:17:42,054 - DEBUG - = connection is OPEN
2023-04-17 15:17:42,079 - DEBUG - > TEXT '[2, "fb5dffe0-ffd3-4f0d-a108-e4af08e95560", "Bo...ePointVendor": "EVAR"}]' [127 bytes]
2023-04-17 15:17:42,329 - DEBUG - < TEXT '[3, "fb5dffe0-ffd3-4f0d-a108-e4af08e95560", {"s...31Z", "interval": 600}]' [123 bytes]
2023-04-17 15:17:42,376 - DEBUG - > TEXT '[2, "fb5dffe0-ffd3-4f0d-a108-e4af08e95560", "St..."status": "Available"}]' [132 bytes]
2023-04-17 15:17:42,600 - DEBUG - < TEXT '[3, "fb5dffe0-ffd3-4f0d-a108-e4af08e95560", {}]' [47 bytes]
2023-04-17 15:17:42,638 - DEBUG - > TEXT '[2, "fb5dffe0-ffd3-4f0d-a108-e4af08e95560", "Au...": "1031040000069641"}]' [87 bytes]
2023-04-17 15:17:42,903 - DEBUG - < TEXT '[3, "fb5dffe0-ffd3-4f0d-a108-e4af08e95560", {"i..."status": "Accepted"}}]' [82 bytes]
2023-04-17 15:17:42,924 - DEBUG - = connection is CLOSING
2023-04-17 15:17:42,924 - DEBUG - > CLOSE 1000 (OK) [2 bytes]
2023-04-17 15:17:42,931 - DEBUG - < CLOSE 1000 (OK) [2 bytes]
2023-04-17 15:17:42,937 - DEBUG - = connection is CLOSED
2023-04-17 15:17:52,594 - DEBUG - % sending keepalive ping
2023-04-17 15:17:52,594 - DEBUG - > PING ec 13 eb b5 [binary, 4 bytes]
2023-04-17 15:17:52,602 - DEBUG - < PONG ec 13 eb b5 [binary, 4 bytes]
2023-04-17 15:17:52,606 - DEBUG - % received keepalive pong
2023-04-17 15:17:54,198 - DEBUG - % sending keepalive ping
2023-04-17 15:17:54,199 - DEBUG - > PING c3 b9 3a ce [binary, 4 bytes]
2023-04-17 15:17:54,216 - DEBUG - < PONG c3 b9 3a ce [binary, 4 bytes]
2023-04-17 15:17:54,221 - DEBUG - % received keepalive pong
2023-04-17 15:18:06,908 - DEBUG - = connection is CONNECTING
2023-04-17 15:18:06,940 - DEBUG - > GET /ocpp16/ELA007C05/EVSCA050001 HTTP/1.1
2023-04-17 15:18:06,941 - DEBUG - > Host: ws.devevspcharger.uplus.co.kr
2023-04-17 15:18:06,941 - DEBUG - > Upgrade: websocket
2023-04-17 15:18:06,941 - DEBUG - > Connection: Upgrade
2023-04-17 15:18:06,941 - DEBUG - > Sec-WebSocket-Key: 8yQDkeaW0GPx1uSikChN1w==
2023-04-17 15:18:06,941 - DEBUG - > Sec-WebSocket-Version: 13
2023-04-17 15:18:06,941 - DEBUG - > Sec-WebSocket-Extensions: permessage-deflate; client_max_window_bits
2023-04-17 15:18:06,941 - DEBUG - > Sec-WebSocket-Protocol: ocpp1.6
2023-04-17 15:18:06,941 - DEBUG - > Authorization: Basic RVZBUjpFVkFSTEdV
2023-04-17 15:18:06,941 - DEBUG - > User-Agent: Python/3.11 websockets/10.4
2023-04-17 15:18:07,219 - DEBUG - < HTTP/1.1 101 Switching Protocols
2023-04-17 15:18:07,219 - DEBUG - < Connection: upgrade
2023-04-17 15:18:07,220 - DEBUG - < Date: Mon, 17 Apr 2023 06:17:56 GMT
2023-04-17 15:18:07,220 - DEBUG - < sec-websocket-protocol: ocpp1.6
2023-04-17 15:18:07,220 - DEBUG - < upgrade: websocket
2023-04-17 15:18:07,220 - DEBUG - < sec-websocket-accept: 6N4957TiJIQzbEIQRQXySbP+jdw=
2023-04-17 15:18:07,220 - DEBUG - < sec-websocket-extensions: permessage-deflate
2023-04-17 15:18:07,221 - DEBUG - < X-Cache: Miss from cloudfront
2023-04-17 15:18:07,221 - DEBUG - < Via: 1.1 9ae7abacc9e2c811909db23dbe603ad4.cloudfront.net (CloudFront)
2023-04-17 15:18:07,221 - DEBUG - < X-Amz-Cf-Pop: ICN57-P2
2023-04-17 15:18:07,221 - DEBUG - < X-Amz-Cf-Id: KPnpS4nV7qXdfCYuyCk0vDebAhgitIiPo-csC_uMTrd048zlJFd1Ew==
2023-04-17 15:18:07,221 - DEBUG - = connection is OPEN
2023-04-17 15:18:07,260 - DEBUG - > TEXT '[2, "ca025426-59b4-4a49-85c3-50727a7cb767", "Bo...ePointVendor": "EVAR"}]' [127 bytes]
2023-04-17 15:18:07,565 - DEBUG - < TEXT '[3, "ca025426-59b4-4a49-85c3-50727a7cb767", {"s...56Z", "interval": 600}]' [123 bytes]
2023-04-17 15:18:07,604 - DEBUG - > TEXT '[2, "ca025426-59b4-4a49-85c3-50727a7cb767", "St..."status": "Preparing"}]' [132 bytes]
2023-04-17 15:18:07,820 - DEBUG - < TEXT '[3, "ca025426-59b4-4a49-85c3-50727a7cb767", {}]' [47 bytes]
2023-04-17 15:18:10,591 - DEBUG - Starting new HTTPS connection (1): rgw.devevspcharger.uplus.co.kr:443
2023-04-17 15:18:11,043 - DEBUG - https://rgw.devevspcharger.uplus.co.kr:443 "POST /ioc HTTP/1.1" 200 427
2023-04-17 15:18:11,064 - DEBUG - < TEXT '[2, "8bb9074e-6d52-476c-8bea-e944c13be9a8", "Re...0, "limit": 11000}]}}}]' [382 bytes]
2023-04-17 15:18:11,072 - DEBUG - > TEXT '[3, "8bb9074e-6d52-476c-8bea-e944c13be9a8", {"status": "Accepted"}]' [67 bytes]
2023-04-17 15:18:11,256 - DEBUG - < TEXT '' [0 bytes]
2023-04-17 15:18:11,344 - DEBUG - > TEXT '[2, "ca025426-59b4-4a49-85c3-50727a7cb767", "Au...": "1031040000069641"}]' [87 bytes]
2023-04-17 15:18:11,587 - DEBUG - < TEXT '[3, "ca025426-59b4-4a49-85c3-50727a7cb767", {"i..."status": "Accepted"}}]' [82 bytes]
2023-04-17 15:18:11,675 - DEBUG - > TEXT '[2, "a7bb77ff-ea42-45e8-a5c0-2992cd650f71", "St...2023-04-17T15:18:06Z"}]' [170 bytes]
2023-04-17 15:18:12,093 - DEBUG - < TEXT '[3, "a7bb77ff-ea42-45e8-a5c0-2992cd650f71", {"t..."status": "Accepted"}}]' [110 bytes]
2023-04-17 15:18:12,160 - DEBUG - > TEXT '[2, "ca025426-59b4-4a49-85c3-50727a7cb767", "St... "status": "Charging"}]' [131 bytes]
2023-04-17 15:18:12,353 - DEBUG - < TEXT '[3, "ca025426-59b4-4a49-85c3-50727a7cb767", {}]' [47 bytes]
2023-04-17 15:18:12,430 - DEBUG - > TEXT '[2, "575702ea-da4b-4b6a-b69b-d607441e982e", "St...sactionId": 120533846}]' [149 bytes]
2023-04-17 15:18:12,601 - DEBUG - % sending keepalive ping
2023-04-17 15:18:12,601 - DEBUG - > PING 52 f5 19 34 [binary, 4 bytes]
2023-04-17 15:18:12,608 - DEBUG - < PONG 52 f5 19 34 [binary, 4 bytes]
2023-04-17 15:18:12,612 - DEBUG - % received keepalive pong
2023-04-17 15:18:12,750 - DEBUG - < TEXT '[3, "575702ea-da4b-4b6a-b69b-d607441e982e", {"i..."status": "Accepted"}}]' [82 bytes]
2023-04-17 15:18:12,804 - DEBUG - > TEXT '[2, "ca025426-59b4-4a49-85c3-50727a7cb767", "St..."status": "Finishing"}]' [132 bytes]
2023-04-17 15:18:13,089 - DEBUG - < TEXT '[3, "ca025426-59b4-4a49-85c3-50727a7cb767", {}]' [47 bytes]
2023-04-17 15:18:13,147 - DEBUG - > TEXT '[2, "ca025426-59b4-4a49-85c3-50727a7cb767", "St..."status": "Available"}]' [132 bytes]
2023-04-17 15:18:13,350 - DEBUG - < TEXT '[3, "ca025426-59b4-4a49-85c3-50727a7cb767", {}]' [47 bytes]
2023-04-17 15:18:13,379 - DEBUG - = connection is CLOSING
2023-04-17 15:18:13,379 - DEBUG - > CLOSE 1000 (OK) [2 bytes]
2023-04-17 15:18:13,389 - DEBUG - < CLOSE 1000 (OK) [2 bytes]
2023-04-17 15:18:13,395 - DEBUG - = connection is CLOSED
2023-04-17 15:18:14,224 - DEBUG - % sending keepalive ping
2023-04-17 15:18:14,224 - DEBUG - > PING 63 11 e8 88 [binary, 4 bytes]
2023-04-17 15:18:14,232 - DEBUG - < PONG 63 11 e8 88 [binary, 4 bytes]
2023-04-17 15:18:14,238 - DEBUG - % received keepalive pong
2023-04-17 15:18:32,604 - DEBUG - % sending keepalive ping
2023-04-17 15:18:32,604 - DEBUG - > PING 8b c6 54 c9 [binary, 4 bytes]
2023-04-17 15:18:32,611 - DEBUG - < PONG 8b c6 54 c9 [binary, 4 bytes]
2023-04-17 15:18:32,615 - DEBUG - % received keepalive pong
2023-04-17 15:18:34,227 - DEBUG - % sending keepalive ping
2023-04-17 15:18:34,227 - DEBUG - > PING dc d9 94 bc [binary, 4 bytes]
2023-04-17 15:18:34,236 - DEBUG - < PONG dc d9 94 bc [binary, 4 bytes]
2023-04-17 15:18:34,245 - DEBUG - % received keepalive pong
2023-04-17 15:18:52,603 - DEBUG - % sending keepalive ping
2023-04-17 15:18:52,603 - DEBUG - > PING 36 d0 6d 67 [binary, 4 bytes]
2023-04-17 15:18:52,613 - DEBUG - < PONG 36 d0 6d 67 [binary, 4 bytes]
2023-04-17 15:18:52,618 - DEBUG - % received keepalive pong
2023-04-17 15:18:54,246 - DEBUG - % sending keepalive ping
2023-04-17 15:18:54,246 - DEBUG - > PING 0b ae 80 91 [binary, 4 bytes]
2023-04-17 15:18:54,255 - DEBUG - < PONG 0b ae 80 91 [binary, 4 bytes]
2023-04-17 15:18:54,261 - DEBUG - % received keepalive pong
2023-04-17 15:19:12,600 - DEBUG - % sending keepalive ping
2023-04-17 15:19:12,600 - DEBUG - > PING '\u04d2!B' [text, 4 bytes]
2023-04-17 15:19:12,636 - DEBUG - < PONG '\u04d2!B' [text, 4 bytes]
2023-04-17 15:19:12,645 - DEBUG - % received keepalive pong
2023-04-17 15:19:14,269 - DEBUG - % sending keepalive ping
2023-04-17 15:19:14,270 - DEBUG - > PING 34 6c 16 da [binary, 4 bytes]
2023-04-17 15:19:14,277 - DEBUG - < PONG 34 6c 16 da [binary, 4 bytes]
2023-04-17 15:19:14,286 - DEBUG - % received keepalive pong
2023-04-17 15:19:32,648 - DEBUG - % sending keepalive ping
2023-04-17 15:19:32,649 - DEBUG - > PING a2 40 3a 2d [binary, 4 bytes]
2023-04-17 15:19:32,656 - DEBUG - < PONG a2 40 3a 2d [binary, 4 bytes]
2023-04-17 15:19:32,658 - DEBUG - % received keepalive pong
2023-04-17 15:19:34,276 - DEBUG - % sending keepalive ping
2023-04-17 15:19:34,276 - DEBUG - > PING b0 84 ce 8c [binary, 4 bytes]
2023-04-17 15:19:34,284 - DEBUG - < PONG b0 84 ce 8c [binary, 4 bytes]
2023-04-17 15:19:34,288 - DEBUG - % received keepalive pong
2023-04-17 15:19:52,646 - DEBUG - % sending keepalive ping
2023-04-17 15:19:52,647 - DEBUG - > PING e4 c8 81 3d [binary, 4 bytes]
2023-04-17 15:19:52,656 - DEBUG - < PONG e4 c8 81 3d [binary, 4 bytes]
2023-04-17 15:19:52,659 - DEBUG - % received keepalive pong
2023-04-17 15:19:54,263 - DEBUG - % sending keepalive ping
2023-04-17 15:19:54,263 - DEBUG - > PING a4 f6 84 1e [binary, 4 bytes]
2023-04-17 15:19:54,271 - DEBUG - < PONG a4 f6 84 1e [binary, 4 bytes]
2023-04-17 15:19:54,274 - DEBUG - % received keepalive pong
2023-04-17 15:20:12,640 - DEBUG - % sending keepalive ping
2023-04-17 15:20:12,640 - DEBUG - > PING fa a9 57 91 [binary, 4 bytes]
2023-04-17 15:20:12,650 - DEBUG - < PONG fa a9 57 91 [binary, 4 bytes]
2023-04-17 15:20:12,656 - DEBUG - % received keepalive pong
2023-04-17 15:20:14,267 - DEBUG - % sending keepalive ping
2023-04-17 15:20:14,267 - DEBUG - > PING 80 d1 5b 66 [binary, 4 bytes]
2023-04-17 15:20:14,276 - DEBUG - < PONG 80 d1 5b 66 [binary, 4 bytes]
2023-04-17 15:20:14,284 - DEBUG - % received keepalive pong
2023-04-17 15:20:32,651 - DEBUG - % sending keepalive ping
2023-04-17 15:20:32,651 - DEBUG - > PING '=Gw,' [text, 4 bytes]
2023-04-17 15:20:32,660 - DEBUG - < PONG '=Gw,' [text, 4 bytes]
2023-04-17 15:20:32,663 - DEBUG - % received keepalive pong
2023-04-17 15:20:34,269 - DEBUG - % sending keepalive ping
2023-04-17 15:20:34,269 - DEBUG - > PING 80 bf e6 55 [binary, 4 bytes]
2023-04-17 15:20:34,277 - DEBUG - < PONG 80 bf e6 55 [binary, 4 bytes]
2023-04-17 15:20:34,281 - DEBUG - % received keepalive pong
2023-04-17 15:20:52,644 - DEBUG - % sending keepalive ping
2023-04-17 15:20:52,644 - DEBUG - > PING '}jk\t' [text, 4 bytes]
2023-04-17 15:20:52,653 - DEBUG - < PONG '}jk\t' [text, 4 bytes]
2023-04-17 15:20:52,662 - DEBUG - % received keepalive pong
2023-04-17 15:20:54,270 - DEBUG - % sending keepalive ping
2023-04-17 15:20:54,270 - DEBUG - > PING d3 26 e9 68 [binary, 4 bytes]
2023-04-17 15:20:54,278 - DEBUG - < PONG d3 26 e9 68 [binary, 4 bytes]
2023-04-17 15:20:54,283 - DEBUG - % received keepalive pong
2023-04-17 15:21:24,168 - DEBUG - = connection is CONNECTING
2023-04-17 15:21:24,207 - DEBUG - > GET /ocpp16/ELA007C05/EVSCA050001 HTTP/1.1
2023-04-17 15:21:24,207 - DEBUG - > Host: ws.devevspcharger.uplus.co.kr
2023-04-17 15:21:24,207 - DEBUG - > Upgrade: websocket
2023-04-17 15:21:24,207 - DEBUG - > Connection: Upgrade
2023-04-17 15:21:24,207 - DEBUG - > Sec-WebSocket-Key: LQ8mY6eGi/anTgiC/pvNdw==
2023-04-17 15:21:24,207 - DEBUG - > Sec-WebSocket-Version: 13
2023-04-17 15:21:24,208 - DEBUG - > Sec-WebSocket-Extensions: permessage-deflate; client_max_window_bits
2023-04-17 15:21:24,208 - DEBUG - > Sec-WebSocket-Protocol: ocpp1.6
2023-04-17 15:21:24,208 - DEBUG - > Authorization: Basic RVZBUjpFVkFSTEdV
2023-04-17 15:21:24,208 - DEBUG - > User-Agent: Python/3.11 websockets/10.4
2023-04-17 15:21:24,769 - DEBUG - < HTTP/1.1 101 Switching Protocols
2023-04-17 15:21:24,769 - DEBUG - < Connection: upgrade
2023-04-17 15:21:24,769 - DEBUG - < Date: Mon, 17 Apr 2023 06:21:13 GMT
2023-04-17 15:21:24,769 - DEBUG - < sec-websocket-protocol: ocpp1.6
2023-04-17 15:21:24,770 - DEBUG - < upgrade: websocket
2023-04-17 15:21:24,770 - DEBUG - < sec-websocket-accept: NKDypRnb5DN9cXi17lBohSd/NIw=
2023-04-17 15:21:24,770 - DEBUG - < sec-websocket-extensions: permessage-deflate
2023-04-17 15:21:24,770 - DEBUG - < X-Cache: Miss from cloudfront
2023-04-17 15:21:24,770 - DEBUG - < Via: 1.1 818e6836f2ca3e700a5577179db933d8.cloudfront.net (CloudFront)
2023-04-17 15:21:24,770 - DEBUG - < X-Amz-Cf-Pop: ICN57-P2
2023-04-17 15:21:24,771 - DEBUG - < X-Amz-Cf-Id: TKmsOaeFmBM3WaX36gDlcRnTNJu2kx3tzlRrEu5DK0UUrJda850zxQ==
2023-04-17 15:21:24,771 - DEBUG - = connection is OPEN
2023-04-17 15:21:24,804 - DEBUG - > TEXT '[2, "0c2187a9-ecc0-4fdf-b108-b6fd7031990b", "Bo...ePointVendor": "EVAR"}]' [127 bytes]
2023-04-17 15:21:25,232 - DEBUG - < TEXT '[3, "0c2187a9-ecc0-4fdf-b108-b6fd7031990b", {"s...13Z", "interval": 600}]' [123 bytes]
2023-04-17 15:21:25,251 - DEBUG - > TEXT '[2, "0c2187a9-ecc0-4fdf-b108-b6fd7031990b", "St..."status": "Preparing"}]' [132 bytes]
2023-04-17 15:21:25,431 - DEBUG - < TEXT '[3, "0c2187a9-ecc0-4fdf-b108-b6fd7031990b", {}]' [47 bytes]
2023-04-17 15:21:29,112 - DEBUG - Starting new HTTPS connection (1): rgw.devevspcharger.uplus.co.kr:443
2023-04-17 15:21:29,733 - DEBUG - https://rgw.devevspcharger.uplus.co.kr:443 "POST /ioc HTTP/1.1" 200 427
2023-04-17 15:21:29,750 - DEBUG - < TEXT '[2, "cf9bf612-4fbc-4243-8657-e31deae1fb91", "Re...0, "limit": 11000}]}}}]' [382 bytes]
2023-04-17 15:21:29,757 - DEBUG - > TEXT '[3, "cf9bf612-4fbc-4243-8657-e31deae1fb91", {"status": "rejected"}]' [67 bytes]
2023-04-17 15:21:29,891 - DEBUG - < TEXT '' [0 bytes]
2023-04-17 15:21:29,911 - DEBUG - = connection is CLOSING
2023-04-17 15:21:29,911 - DEBUG - > CLOSE 1000 (OK) [2 bytes]
2023-04-17 15:21:29,920 - DEBUG - < CLOSE 1000 (OK) [2 bytes]
2023-04-17 15:21:29,925 - DEBUG - = connection is CLOSED
2023-04-17 15:23:06,045 - DEBUG - = connection is CONNECTING
2023-04-17 15:23:06,079 - DEBUG - > GET /ocpp16/ELA007C05/EVSCA050001 HTTP/1.1
2023-04-17 15:23:06,079 - DEBUG - > Host: ws.devevspcharger.uplus.co.kr
2023-04-17 15:23:06,079 - DEBUG - > Upgrade: websocket
2023-04-17 15:23:06,079 - DEBUG - > Connection: Upgrade
2023-04-17 15:23:06,079 - DEBUG - > Sec-WebSocket-Key: dEVRRMfwZ7BAhk2mZqrJYg==
2023-04-17 15:23:06,079 - DEBUG - > Sec-WebSocket-Version: 13
2023-04-17 15:23:06,080 - DEBUG - > Sec-WebSocket-Extensions: permessage-deflate; client_max_window_bits
2023-04-17 15:23:06,080 - DEBUG - > Sec-WebSocket-Protocol: ocpp1.6
2023-04-17 15:23:06,080 - DEBUG - > Authorization: Basic RVZBUjpFVkFSTEdV
2023-04-17 15:23:06,080 - DEBUG - > User-Agent: Python/3.11 websockets/10.4
2023-04-17 15:23:06,600 - DEBUG - < HTTP/1.1 101 Switching Protocols
2023-04-17 15:23:06,600 - DEBUG - < Connection: upgrade
2023-04-17 15:23:06,600 - DEBUG - < Date: Mon, 17 Apr 2023 06:22:55 GMT
2023-04-17 15:23:06,601 - DEBUG - < sec-websocket-protocol: ocpp1.6
2023-04-17 15:23:06,601 - DEBUG - < upgrade: websocket
2023-04-17 15:23:06,601 - DEBUG - < sec-websocket-accept: datq4FLuU1Xo0IYC9o9CL3UIZBw=
2023-04-17 15:23:06,601 - DEBUG - < sec-websocket-extensions: permessage-deflate
2023-04-17 15:23:06,601 - DEBUG - < X-Cache: Miss from cloudfront
2023-04-17 15:23:06,601 - DEBUG - < Via: 1.1 9ae7abacc9e2c811909db23dbe603ad4.cloudfront.net (CloudFront)
2023-04-17 15:23:06,601 - DEBUG - < X-Amz-Cf-Pop: ICN57-P2
2023-04-17 15:23:06,601 - DEBUG - < X-Amz-Cf-Id: NBAhnwzcEMNOPNzl2XkUiG5zct2DzhKh9bDawpriIBZ-JwtqQbuYxA==
2023-04-17 15:23:06,602 - DEBUG - = connection is OPEN
2023-04-17 15:23:06,650 - DEBUG - > TEXT '[2, "d81e5b34-a99b-409d-ac23-319b9d10b966", "Bo...ePointVendor": "EVAR"}]' [127 bytes]
2023-04-17 15:23:06,891 - DEBUG - < TEXT '[3, "d81e5b34-a99b-409d-ac23-319b9d10b966", {"s...55Z", "interval": 600}]' [123 bytes]
2023-04-17 15:23:11,029 - DEBUG - Starting new HTTPS connection (1): rgw.devevspcharger.uplus.co.kr:443
2023-04-17 15:23:11,612 - DEBUG - https://rgw.devevspcharger.uplus.co.kr:443 "POST /ioc HTTP/1.1" 200 161
2023-04-17 15:23:11,625 - DEBUG - < TEXT '[2, "f9cbdbee-3791-4647-87c9-dd1d767a01e2", "Ch...tion", "value": "300"}]' [116 bytes]
2023-04-17 15:23:11,630 - DEBUG - > TEXT '[3, "f9cbdbee-3791-4647-87c9-dd1d767a01e2", {"status": "Accepted"}]' [67 bytes]
2023-04-17 15:23:11,787 - DEBUG - < TEXT '' [0 bytes]
2023-04-17 15:23:15,141 - DEBUG - Starting new HTTPS connection (1): rgw.devevspcharger.uplus.co.kr:443
2023-04-17 15:23:15,553 - DEBUG - https://rgw.devevspcharger.uplus.co.kr:443 "POST /ioc HTTP/1.1" 200 158
2023-04-17 15:23:15,568 - DEBUG - < TEXT '[2, "00d571e1-29a3-4d88-8d7e-eefb8d95cccd", "Ch...ize", "value": "true"}]' [113 bytes]
2023-04-17 15:23:15,571 - DEBUG - > TEXT '[3, "00d571e1-29a3-4d88-8d7e-eefb8d95cccd", {"status": "Accepted"}]' [67 bytes]
2023-04-17 15:23:15,747 - DEBUG - < TEXT '' [0 bytes]
2023-04-17 15:23:15,778 - DEBUG - > TEXT '[2, "d81e5b34-a99b-409d-ac23-319b9d10b966", "St..."status": "Preparing"}]' [132 bytes]
2023-04-17 15:23:15,981 - DEBUG - < TEXT '[3, "d81e5b34-a99b-409d-ac23-319b9d10b966", {}]' [47 bytes]
2023-04-17 15:23:16,014 - DEBUG - > TEXT '[2, "d81e5b34-a99b-409d-ac23-319b9d10b966", "Au...": "1031040000069642"}]' [87 bytes]
2023-04-17 15:23:16,268 - DEBUG - < TEXT '[3, "d81e5b34-a99b-409d-ac23-319b9d10b966", {"i...023-04-17T15:23:05Z"}}]' [119 bytes]
2023-04-17 15:23:16,286 - DEBUG - = connection is CLOSING
2023-04-17 15:23:16,286 - DEBUG - > CLOSE 1000 (OK) [2 bytes]
2023-04-17 15:23:16,300 - DEBUG - < CLOSE 1000 (OK) [2 bytes]
2023-04-17 15:23:16,303 - DEBUG - = connection is CLOSED
2023-04-17 15:24:44,978 - DEBUG - = connection is CONNECTING
2023-04-17 15:24:45,016 - DEBUG - > GET /ocpp16/ELA007C05/EVSCA050001 HTTP/1.1
2023-04-17 15:24:45,016 - DEBUG - > Host: ws.devevspcharger.uplus.co.kr
2023-04-17 15:24:45,016 - DEBUG - > Upgrade: websocket
2023-04-17 15:24:45,017 - DEBUG - > Connection: Upgrade
2023-04-17 15:24:45,017 - DEBUG - > Sec-WebSocket-Key: jDJnkG0zwrZ+ZzlP/4coNw==
2023-04-17 15:24:45,017 - DEBUG - > Sec-WebSocket-Version: 13
2023-04-17 15:24:45,017 - DEBUG - > Sec-WebSocket-Extensions: permessage-deflate; client_max_window_bits
2023-04-17 15:24:45,017 - DEBUG - > Sec-WebSocket-Protocol: ocpp1.6
2023-04-17 15:24:45,017 - DEBUG - > Authorization: Basic RVZBUjpFVkFSTEdV
2023-04-17 15:24:45,017 - DEBUG - > User-Agent: Python/3.11 websockets/10.4
2023-04-17 15:24:45,519 - DEBUG - < HTTP/1.1 101 Switching Protocols
2023-04-17 15:24:45,521 - DEBUG - < Connection: upgrade
2023-04-17 15:24:45,521 - DEBUG - < Date: Mon, 17 Apr 2023 06:24:34 GMT
2023-04-17 15:24:45,521 - DEBUG - < sec-websocket-protocol: ocpp1.6
2023-04-17 15:24:45,521 - DEBUG - < upgrade: websocket
2023-04-17 15:24:45,521 - DEBUG - < sec-websocket-accept: Vmb3/msAfDmtWN8mQDYvR3n9XTg=
2023-04-17 15:24:45,521 - DEBUG - < sec-websocket-extensions: permessage-deflate
2023-04-17 15:24:45,522 - DEBUG - < X-Cache: Miss from cloudfront
2023-04-17 15:24:45,522 - DEBUG - < Via: 1.1 5b6f80c06c5584561e15bd2fd58882ee.cloudfront.net (CloudFront)
2023-04-17 15:24:45,522 - DEBUG - < X-Amz-Cf-Pop: ICN57-P2
2023-04-17 15:24:45,522 - DEBUG - < X-Amz-Cf-Id: oZONsWxl8BLjQpnsD7TAC39SwseFzIl4AV9yEqWMfxWAEuNjZQC4hA==
2023-04-17 15:24:45,522 - DEBUG - = connection is OPEN
2023-04-17 15:24:45,542 - DEBUG - > TEXT '[2, "972a3d68-51a1-4beb-ab75-cbee20026e29", "Bo...ePointVendor": "EVAR"}]' [127 bytes]
2023-04-17 15:24:45,992 - DEBUG - < TEXT '[3, "972a3d68-51a1-4beb-ab75-cbee20026e29", {"s...34Z", "interval": 600}]' [123 bytes]
2023-04-17 15:24:47,858 - DEBUG - Starting new HTTPS connection (1): rgw.devevspcharger.uplus.co.kr:443
2023-04-17 15:24:48,495 - DEBUG - https://rgw.devevspcharger.uplus.co.kr:443 "POST /ioc HTTP/1.1" 200 161
2023-04-17 15:24:48,507 - DEBUG - < TEXT '[2, "7e308d6c-a24c-4712-8fff-fae75f4a4859", "Ch...tion", "value": "300"}]' [116 bytes]
2023-04-17 15:24:48,513 - DEBUG - > TEXT '[3, "7e308d6c-a24c-4712-8fff-fae75f4a4859", {"status": "Accepted"}]' [67 bytes]
2023-04-17 15:24:48,676 - DEBUG - < TEXT '' [0 bytes]
2023-04-17 15:24:50,925 - DEBUG - Starting new HTTPS connection (1): rgw.devevspcharger.uplus.co.kr:443
2023-04-17 15:24:51,351 - DEBUG - https://rgw.devevspcharger.uplus.co.kr:443 "POST /ioc HTTP/1.1" 200 158
2023-04-17 15:24:51,366 - DEBUG - < TEXT '[2, "74463249-5c16-48d4-a73f-24aebd0d5dc7", "Ch...ize", "value": "true"}]' [113 bytes]
2023-04-17 15:24:51,371 - DEBUG - > TEXT '[3, "74463249-5c16-48d4-a73f-24aebd0d5dc7", {"status": "Accepted"}]' [67 bytes]
2023-04-17 15:24:51,517 - DEBUG - < TEXT '' [0 bytes]
2023-04-17 15:24:51,555 - DEBUG - > TEXT '[2, "972a3d68-51a1-4beb-ab75-cbee20026e29", "St..."status": "Preparing"}]' [132 bytes]
2023-04-17 15:24:51,778 - DEBUG - < TEXT '[3, "972a3d68-51a1-4beb-ab75-cbee20026e29", {}]' [47 bytes]
2023-04-17 15:24:51,818 - DEBUG - > TEXT '[2, "972a3d68-51a1-4beb-ab75-cbee20026e29", "Au...": "1031040000069642"}]' [87 bytes]
2023-04-17 15:24:52,084 - DEBUG - < TEXT '[3, "972a3d68-51a1-4beb-ab75-cbee20026e29", {"i...023-04-17T15:24:40Z"}}]' [119 bytes]
2023-04-17 15:24:52,118 - DEBUG - = connection is CLOSING
2023-04-17 15:24:52,118 - DEBUG - > CLOSE 1000 (OK) [2 bytes]
2023-04-17 15:24:52,128 - DEBUG - < CLOSE 1000 (OK) [2 bytes]
2023-04-17 15:24:52,135 - DEBUG - = connection is CLOSED
2023-04-17 15:25:31,304 - DEBUG - = connection is CONNECTING
2023-04-17 15:25:31,333 - DEBUG - > GET /ocpp16/ELA007C05/EVSCA050001 HTTP/1.1
2023-04-17 15:25:31,334 - DEBUG - > Host: ws.devevspcharger.uplus.co.kr
2023-04-17 15:25:31,334 - DEBUG - > Upgrade: websocket
2023-04-17 15:25:31,334 - DEBUG - > Connection: Upgrade
2023-04-17 15:25:31,334 - DEBUG - > Sec-WebSocket-Key: fs1qUJV3S52elJ/3QIs53g==
2023-04-17 15:25:31,334 - DEBUG - > Sec-WebSocket-Version: 13
2023-04-17 15:25:31,334 - DEBUG - > Sec-WebSocket-Extensions: permessage-deflate; client_max_window_bits
2023-04-17 15:25:31,334 - DEBUG - > Sec-WebSocket-Protocol: ocpp1.6
2023-04-17 15:25:31,334 - DEBUG - > Authorization: Basic RVZBUjpFVkFSTEdV
2023-04-17 15:25:31,334 - DEBUG - > User-Agent: Python/3.11 websockets/10.4
2023-04-17 15:25:31,580 - DEBUG - < HTTP/1.1 101 Switching Protocols
2023-04-17 15:25:31,580 - DEBUG - < Connection: upgrade
2023-04-17 15:25:31,581 - DEBUG - < Date: Mon, 17 Apr 2023 06:25:20 GMT
2023-04-17 15:25:31,582 - DEBUG - < sec-websocket-protocol: ocpp1.6
2023-04-17 15:25:31,582 - DEBUG - < upgrade: websocket
2023-04-17 15:25:31,582 - DEBUG - < sec-websocket-accept: yy+Ewo9XQmnO4X5QtP+GxWxQiKc=
2023-04-17 15:25:31,582 - DEBUG - < sec-websocket-extensions: permessage-deflate
2023-04-17 15:25:31,582 - DEBUG - < X-Cache: Miss from cloudfront
2023-04-17 15:25:31,582 - DEBUG - < Via: 1.1 5a0f884e3a21756e824f803c83d7f3d0.cloudfront.net (CloudFront)
2023-04-17 15:25:31,582 - DEBUG - < X-Amz-Cf-Pop: ICN57-P2
2023-04-17 15:25:31,582 - DEBUG - < X-Amz-Cf-Id: npzzDhBI3l_e6qMGQfmiTcq-vCbi4imc1wNdgJ09-pYdM4rbSBhNHw==
2023-04-17 15:25:31,582 - DEBUG - = connection is OPEN
2023-04-17 15:25:31,610 - DEBUG - > TEXT '[2, "c812a1e6-523c-444c-8e54-67089e9eaca6", "Bo...ePointVendor": "EVAR"}]' [127 bytes]
2023-04-17 15:25:31,871 - DEBUG - < TEXT '[3, "c812a1e6-523c-444c-8e54-67089e9eaca6", {"s...20Z", "interval": 600}]' [123 bytes]
2023-04-17 15:25:35,508 - DEBUG - Starting new HTTPS connection (1): rgw.devevspcharger.uplus.co.kr:443
2023-04-17 15:25:35,930 - DEBUG - https://rgw.devevspcharger.uplus.co.kr:443 "POST /ioc HTTP/1.1" 200 161
2023-04-17 15:25:35,946 - DEBUG - < TEXT '[2, "2c4a13a5-751a-4040-aefe-fa0b823ab3b9", "Ch...tion", "value": "300"}]' [116 bytes]
2023-04-17 15:25:35,951 - DEBUG - > TEXT '[3, "2c4a13a5-751a-4040-aefe-fa0b823ab3b9", {"status": "Accepted"}]' [67 bytes]
2023-04-17 15:25:36,156 - DEBUG - < TEXT '' [0 bytes]
2023-04-17 15:25:38,131 - DEBUG - Starting new HTTPS connection (1): rgw.devevspcharger.uplus.co.kr:443
2023-04-17 15:25:38,572 - DEBUG - https://rgw.devevspcharger.uplus.co.kr:443 "POST /ioc HTTP/1.1" 200 158
2023-04-17 15:25:38,586 - DEBUG - < TEXT '[2, "98bbdb27-0f94-4fe9-b426-302b7f891890", "Ch...ize", "value": "true"}]' [113 bytes]
2023-04-17 15:25:38,589 - DEBUG - > TEXT '[3, "98bbdb27-0f94-4fe9-b426-302b7f891890", {"status": "Accepted"}]' [67 bytes]
2023-04-17 15:25:38,735 - DEBUG - < TEXT '' [0 bytes]
2023-04-17 15:25:38,769 - DEBUG - > TEXT '[2, "c812a1e6-523c-444c-8e54-67089e9eaca6", "St..."status": "Preparing"}]' [132 bytes]
2023-04-17 15:25:38,976 - DEBUG - < TEXT '[3, "c812a1e6-523c-444c-8e54-67089e9eaca6", {}]' [47 bytes]
2023-04-17 15:25:39,009 - DEBUG - > TEXT '[2, "c812a1e6-523c-444c-8e54-67089e9eaca6", "Au...": "1031040000069642"}]' [87 bytes]
2023-04-17 15:25:39,295 - DEBUG - < TEXT '[3, "c812a1e6-523c-444c-8e54-67089e9eaca6", {"i...023-04-17T15:25:28Z"}}]' [119 bytes]
2023-04-17 15:25:39,313 - DEBUG - = connection is CLOSING
2023-04-17 15:25:39,313 - DEBUG - > CLOSE 1000 (OK) [2 bytes]
2023-04-17 15:25:39,321 - DEBUG - < CLOSE 1000 (OK) [2 bytes]
2023-04-17 15:25:39,325 - DEBUG - = connection is CLOSED
2023-04-17 15:26:29,802 - DEBUG - = connection is CONNECTING
2023-04-17 15:26:29,835 - DEBUG - > GET /ocpp16/ELA007C05/EVSCA050001 HTTP/1.1
2023-04-17 15:26:29,835 - DEBUG - > Host: ws.devevspcharger.uplus.co.kr
2023-04-17 15:26:29,835 - DEBUG - > Upgrade: websocket
2023-04-17 15:26:29,835 - DEBUG - > Connection: Upgrade
2023-04-17 15:26:29,835 - DEBUG - > Sec-WebSocket-Key: /Q2euGpHGz+YRDra4UGwFQ==
2023-04-17 15:26:29,836 - DEBUG - > Sec-WebSocket-Version: 13
2023-04-17 15:26:29,836 - DEBUG - > Sec-WebSocket-Extensions: permessage-deflate; client_max_window_bits
2023-04-17 15:26:29,836 - DEBUG - > Sec-WebSocket-Protocol: ocpp1.6
2023-04-17 15:26:29,836 - DEBUG - > Authorization: Basic RVZBUjpFVkFSTEdV
2023-04-17 15:26:29,836 - DEBUG - > User-Agent: Python/3.11 websockets/10.4
2023-04-17 15:26:30,082 - DEBUG - < HTTP/1.1 101 Switching Protocols
2023-04-17 15:26:30,082 - DEBUG - < Connection: upgrade
2023-04-17 15:26:30,082 - DEBUG - < Date: Mon, 17 Apr 2023 06:26:18 GMT
2023-04-17 15:26:30,082 - DEBUG - < sec-websocket-protocol: ocpp1.6
2023-04-17 15:26:30,082 - DEBUG - < upgrade: websocket
2023-04-17 15:26:30,083 - DEBUG - < sec-websocket-accept: AlTOfkaoO/qcwJyn6lHMVaD8Q+Q=
2023-04-17 15:26:30,083 - DEBUG - < sec-websocket-extensions: permessage-deflate
2023-04-17 15:26:30,083 - DEBUG - < X-Cache: Miss from cloudfront
2023-04-17 15:26:30,083 - DEBUG - < Via: 1.1 bab1895e0b0b8d2cc8c02eee5d24db78.cloudfront.net (CloudFront)
2023-04-17 15:26:30,083 - DEBUG - < X-Amz-Cf-Pop: ICN57-P2
2023-04-17 15:26:30,083 - DEBUG - < X-Amz-Cf-Id: qgbgTHQWv3d3sNft7MBw-iQ1TDYsxDOvKT1mnuneU90hHKGJonWh6A==
2023-04-17 15:26:30,083 - DEBUG - = connection is OPEN
2023-04-17 15:26:30,104 - DEBUG - > TEXT '[2, "7d3ed76d-c729-4e0e-a303-c43cdea7e470", "Bo...ePointVendor": "EVAR"}]' [127 bytes]
2023-04-17 15:26:30,372 - DEBUG - < TEXT '[3, "7d3ed76d-c729-4e0e-a303-c43cdea7e470", {"s...19Z", "interval": 600}]' [123 bytes]
2023-04-17 15:26:31,997 - DEBUG - Starting new HTTPS connection (1): rgw.devevspcharger.uplus.co.kr:443
2023-04-17 15:26:32,452 - DEBUG - https://rgw.devevspcharger.uplus.co.kr:443 "POST /ioc HTTP/1.1" 200 161
2023-04-17 15:26:32,470 - DEBUG - < TEXT '[2, "1a73f60e-acbd-4809-8737-0ba2cce2a996", "Ch...tion", "value": "300"}]' [116 bytes]
2023-04-17 15:26:32,478 - DEBUG - > TEXT '[3, "1a73f60e-acbd-4809-8737-0ba2cce2a996", {"status": "Accepted"}]' [67 bytes]
2023-04-17 15:26:32,629 - DEBUG - < TEXT '' [0 bytes]
2023-04-17 15:26:34,681 - DEBUG - Starting new HTTPS connection (1): rgw.devevspcharger.uplus.co.kr:443
2023-04-17 15:26:35,081 - DEBUG - https://rgw.devevspcharger.uplus.co.kr:443 "POST /ioc HTTP/1.1" 200 158
2023-04-17 15:26:35,097 - DEBUG - < TEXT '[2, "1e176d44-ec17-439f-a594-4a42bb5f7616", "Ch...ize", "value": "true"}]' [113 bytes]
2023-04-17 15:26:35,102 - DEBUG - > TEXT '[3, "1e176d44-ec17-439f-a594-4a42bb5f7616", {"status": "Accepted"}]' [67 bytes]
2023-04-17 15:26:35,271 - DEBUG - < TEXT '' [0 bytes]
2023-04-17 15:26:35,307 - DEBUG - > TEXT '[2, "7d3ed76d-c729-4e0e-a303-c43cdea7e470", "St..."status": "Preparing"}]' [132 bytes]
2023-04-17 15:26:35,497 - DEBUG - < TEXT '[3, "7d3ed76d-c729-4e0e-a303-c43cdea7e470", {}]' [47 bytes]
2023-04-17 15:26:35,527 - DEBUG - > TEXT '[2, "7d3ed76d-c729-4e0e-a303-c43cdea7e470", "Au...": "1031040000069642"}]' [87 bytes]
2023-04-17 15:26:35,756 - DEBUG - < TEXT '[3, "7d3ed76d-c729-4e0e-a303-c43cdea7e470", {"i...023-04-17T15:26:24Z"}}]' [119 bytes]
2023-04-17 15:26:35,776 - DEBUG - = connection is CLOSING
2023-04-17 15:26:35,776 - DEBUG - > CLOSE 1000 (OK) [2 bytes]
2023-04-17 15:26:35,783 - DEBUG - < CLOSE 1000 (OK) [2 bytes]
2023-04-17 15:26:35,791 - DEBUG - = connection is CLOSED
2023-04-17 15:26:54,277 - DEBUG - = connection is CONNECTING
2023-04-17 15:26:54,309 - DEBUG - > GET /ocpp16/ELA007C05/EVSCA050001 HTTP/1.1
2023-04-17 15:26:54,309 - DEBUG - > Host: ws.devevspcharger.uplus.co.kr
2023-04-17 15:26:54,309 - DEBUG - > Upgrade: websocket
2023-04-17 15:26:54,310 - DEBUG - > Connection: Upgrade
2023-04-17 15:26:54,310 - DEBUG - > Sec-WebSocket-Key: RWzDMvNIynTvcs7jkz/FLw==
2023-04-17 15:26:54,310 - DEBUG - > Sec-WebSocket-Version: 13
2023-04-17 15:26:54,310 - DEBUG - > Sec-WebSocket-Extensions: permessage-deflate; client_max_window_bits
2023-04-17 15:26:54,310 - DEBUG - > Sec-WebSocket-Protocol: ocpp1.6
2023-04-17 15:26:54,310 - DEBUG - > Authorization: Basic RVZBUjpFVkFSTEdV
2023-04-17 15:26:54,310 - DEBUG - > User-Agent: Python/3.11 websockets/10.4
2023-04-17 15:26:54,585 - DEBUG - < HTTP/1.1 101 Switching Protocols
2023-04-17 15:26:54,585 - DEBUG - < Connection: upgrade
2023-04-17 15:26:54,585 - DEBUG - < Date: Mon, 17 Apr 2023 06:26:43 GMT
2023-04-17 15:26:54,585 - DEBUG - < sec-websocket-protocol: ocpp1.6
2023-04-17 15:26:54,585 - DEBUG - < upgrade: websocket
2023-04-17 15:26:54,585 - DEBUG - < sec-websocket-accept: xKAFlV9S2T8cN8NI1M0W+IO9fj0=
2023-04-17 15:26:54,585 - DEBUG - < sec-websocket-extensions: permessage-deflate
2023-04-17 15:26:54,585 - DEBUG - < X-Cache: Miss from cloudfront
2023-04-17 15:26:54,585 - DEBUG - < Via: 1.1 98cc70c99d4e07b8cd37265dc48c5a54.cloudfront.net (CloudFront)
2023-04-17 15:26:54,585 - DEBUG - < X-Amz-Cf-Pop: ICN57-P2
2023-04-17 15:26:54,586 - DEBUG - < X-Amz-Cf-Id: 3r0MY8GqHs6rGorRjOYH3W_lvuNZo8_qhyuGYL4xhzZAib5wd6E7Ag==
2023-04-17 15:26:54,586 - DEBUG - = connection is OPEN
2023-04-17 15:26:54,605 - DEBUG - > TEXT '[2, "27210839-71a9-492d-b6bb-37a5f4675203", "Bo...ePointVendor": "EVAR"}]' [127 bytes]
2023-04-17 15:26:54,879 - DEBUG - < TEXT '[3, "27210839-71a9-492d-b6bb-37a5f4675203", {"s...43Z", "interval": 600}]' [123 bytes]
2023-04-17 15:26:57,611 - DEBUG - Starting new HTTPS connection (1): rgw.devevspcharger.uplus.co.kr:443
2023-04-17 15:26:58,050 - DEBUG - https://rgw.devevspcharger.uplus.co.kr:443 "POST /ioc HTTP/1.1" 200 161
2023-04-17 15:26:58,062 - DEBUG - < TEXT '[2, "237cfb59-b829-4067-8e4d-4cf401abd97c", "Ch...tion", "value": "300"}]' [116 bytes]
2023-04-17 15:26:58,067 - DEBUG - > TEXT '[3, "237cfb59-b829-4067-8e4d-4cf401abd97c", {"status": "Accepted"}]' [67 bytes]
2023-04-17 15:26:58,230 - DEBUG - < TEXT '' [0 bytes]
2023-04-17 15:27:02,593 - DEBUG - = connection is CONNECTING
2023-04-17 15:27:02,622 - DEBUG - > GET /ocpp16/ELA007C05/EVSCA050001 HTTP/1.1
2023-04-17 15:27:02,622 - DEBUG - > Host: ws.devevspcharger.uplus.co.kr
2023-04-17 15:27:02,623 - DEBUG - > Upgrade: websocket
2023-04-17 15:27:02,623 - DEBUG - > Connection: Upgrade
2023-04-17 15:27:02,623 - DEBUG - > Sec-WebSocket-Key: TBSRuKUlMUlN4Es4yrU/KA==
2023-04-17 15:27:02,623 - DEBUG - > Sec-WebSocket-Version: 13
2023-04-17 15:27:02,623 - DEBUG - > Sec-WebSocket-Extensions: permessage-deflate; client_max_window_bits
2023-04-17 15:27:02,623 - DEBUG - > Sec-WebSocket-Protocol: ocpp1.6
2023-04-17 15:27:02,623 - DEBUG - > Authorization: Basic RVZBUjpFVkFSTEdV
2023-04-17 15:27:02,623 - DEBUG - > User-Agent: Python/3.11 websockets/10.4
2023-04-17 15:27:02,860 - DEBUG - < HTTP/1.1 101 Switching Protocols
2023-04-17 15:27:02,860 - DEBUG - < Connection: upgrade
2023-04-17 15:27:02,860 - DEBUG - < Date: Mon, 17 Apr 2023 06:26:51 GMT
2023-04-17 15:27:02,860 - DEBUG - < sec-websocket-protocol: ocpp1.6
2023-04-17 15:27:02,861 - DEBUG - < upgrade: websocket
2023-04-17 15:27:02,861 - DEBUG - < sec-websocket-accept: 4fDad+mFR0E+rT9if5u2Vp2vR8g=
2023-04-17 15:27:02,861 - DEBUG - < sec-websocket-extensions: permessage-deflate
2023-04-17 15:27:02,861 - DEBUG - < X-Cache: Miss from cloudfront
2023-04-17 15:27:02,861 - DEBUG - < Via: 1.1 5b6f80c06c5584561e15bd2fd58882ee.cloudfront.net (CloudFront)
2023-04-17 15:27:02,861 - DEBUG - < X-Amz-Cf-Pop: ICN57-P2
2023-04-17 15:27:02,861 - DEBUG - < X-Amz-Cf-Id: wmwovjKHNS1HKWf88K5drdgDBlnjSNPWJDXMF2nehPyb59uIDifAzg==
2023-04-17 15:27:02,861 - DEBUG - = connection is OPEN
2023-04-17 15:27:02,905 - DEBUG - > TEXT '[2, "38f6f369-92a2-4df3-83ad-466f2083446c", "Bo...ePointVendor": "EVAR"}]' [127 bytes]
2023-04-17 15:27:03,192 - DEBUG - < TEXT '[3, "38f6f369-92a2-4df3-83ad-466f2083446c", {"s...51Z", "interval": 600}]' [123 bytes]
2023-04-17 15:27:07,336 - DEBUG - Starting new HTTPS connection (1): rgw.devevspcharger.uplus.co.kr:443
2023-04-17 15:27:07,760 - DEBUG - https://rgw.devevspcharger.uplus.co.kr:443 "POST /ioc HTTP/1.1" 200 161
2023-04-17 15:27:07,773 - DEBUG - < TEXT '[2, "8c415806-cfae-4377-a086-3a4b8f968c39", "Ch...tion", "value": "300"}]' [116 bytes]
2023-04-17 15:27:07,777 - DEBUG - > TEXT '[3, "8c415806-cfae-4377-a086-3a4b8f968c39", {"status": "Accepted"}]' [67 bytes]
2023-04-17 15:27:07,911 - DEBUG - < TEXT '' [0 bytes]
2023-04-17 15:27:09,922 - DEBUG - Starting new HTTPS connection (1): rgw.devevspcharger.uplus.co.kr:443
2023-04-17 15:27:10,335 - DEBUG - https://rgw.devevspcharger.uplus.co.kr:443 "POST /ioc HTTP/1.1" 200 158
2023-04-17 15:27:10,347 - DEBUG - < TEXT '[2, "1e0d232e-7e09-4129-87b9-f308f06ec870", "Ch...ize", "value": "true"}]' [113 bytes]
2023-04-17 15:27:10,352 - DEBUG - > TEXT '[3, "1e0d232e-7e09-4129-87b9-f308f06ec870", {"status": "Accepted"}]' [67 bytes]
2023-04-17 15:27:10,493 - DEBUG - < TEXT '' [0 bytes]
2023-04-17 15:27:10,529 - DEBUG - > TEXT '[2, "38f6f369-92a2-4df3-83ad-466f2083446c", "St..."status": "Preparing"}]' [132 bytes]
2023-04-17 15:27:10,726 - DEBUG - < TEXT '[3, "38f6f369-92a2-4df3-83ad-466f2083446c", {}]' [47 bytes]
2023-04-17 15:27:10,758 - DEBUG - > TEXT '[2, "38f6f369-92a2-4df3-83ad-466f2083446c", "Au...": "1031040000069642"}]' [87 bytes]
2023-04-17 15:27:10,990 - DEBUG - < TEXT '[3, "38f6f369-92a2-4df3-83ad-466f2083446c", {"i...023-04-17T15:26:59Z"}}]' [119 bytes]
2023-04-17 15:27:11,006 - DEBUG - = connection is CLOSING
2023-04-17 15:27:11,006 - DEBUG - > CLOSE 1000 (OK) [2 bytes]
2023-04-17 15:27:11,012 - DEBUG - < CLOSE 1000 (OK) [2 bytes]
2023-04-17 15:27:11,015 - DEBUG - = connection is CLOSED
2023-04-17 15:27:14,600 - DEBUG - % sending keepalive ping
2023-04-17 15:27:14,600 - DEBUG - > PING 93 90 ed b7 [binary, 4 bytes]
2023-04-17 15:27:14,606 - DEBUG - < PONG 93 90 ed b7 [binary, 4 bytes]
2023-04-17 15:27:14,609 - DEBUG - % received keepalive pong
2023-04-17 15:27:34,607 - DEBUG - % sending keepalive ping
2023-04-17 15:27:34,607 - DEBUG - > PING 51 5b 9d 47 [binary, 4 bytes]
2023-04-17 15:27:34,614 - DEBUG - < PONG 51 5b 9d 47 [binary, 4 bytes]
2023-04-17 15:27:34,616 - DEBUG - % received keepalive pong
2023-04-17 15:27:54,593 - DEBUG - % sending keepalive ping
2023-04-17 15:27:54,594 - DEBUG - > PING '\u046c\x0e\x18' [text, 4 bytes]
2023-04-17 15:27:54,617 - DEBUG - < PONG '\u046c\x0e\x18' [text, 4 bytes]
2023-04-17 15:27:54,624 - DEBUG - % received keepalive pong
2023-04-17 15:28:14,636 - DEBUG - % sending keepalive ping
2023-04-17 15:28:14,636 - DEBUG - > PING a6 ca 88 ed [binary, 4 bytes]
2023-04-17 15:28:14,642 - DEBUG - < PONG a6 ca 88 ed [binary, 4 bytes]
2023-04-17 15:28:14,645 - DEBUG - % received keepalive pong
2023-04-17 15:28:24,030 - DEBUG - = connection is CONNECTING
2023-04-17 15:28:24,064 - DEBUG - > GET /ocpp16/ELA007C05/EVSCA050001 HTTP/1.1
2023-04-17 15:28:24,065 - DEBUG - > Host: ws.devevspcharger.uplus.co.kr
2023-04-17 15:28:24,065 - DEBUG - > Upgrade: websocket
2023-04-17 15:28:24,065 - DEBUG - > Connection: Upgrade
2023-04-17 15:28:24,065 - DEBUG - > Sec-WebSocket-Key: AMQl8dYqml0FOncL5154ng==
2023-04-17 15:28:24,065 - DEBUG - > Sec-WebSocket-Version: 13
2023-04-17 15:28:24,065 - DEBUG - > Sec-WebSocket-Extensions: permessage-deflate; client_max_window_bits
2023-04-17 15:28:24,065 - DEBUG - > Sec-WebSocket-Protocol: ocpp1.6
2023-04-17 15:28:24,065 - DEBUG - > Authorization: Basic RVZBUjpFVkFSTEdV
2023-04-17 15:28:24,065 - DEBUG - > User-Agent: Python/3.11 websockets/10.4
2023-04-17 15:28:24,602 - DEBUG - < HTTP/1.1 101 Switching Protocols
2023-04-17 15:28:24,602 - DEBUG - < Connection: upgrade
2023-04-17 15:28:24,602 - DEBUG - < Date: Mon, 17 Apr 2023 06:28:13 GMT
2023-04-17 15:28:24,602 - DEBUG - < sec-websocket-protocol: ocpp1.6
2023-04-17 15:28:24,602 - DEBUG - < upgrade: websocket
2023-04-17 15:28:24,602 - DEBUG - < sec-websocket-accept: ICPnHsHkNabeaGZz+mOyU0/nNwE=
2023-04-17 15:28:24,602 - DEBUG - < sec-websocket-extensions: permessage-deflate
2023-04-17 15:28:24,602 - DEBUG - < X-Cache: Miss from cloudfront
2023-04-17 15:28:24,602 - DEBUG - < Via: 1.1 b92faae7242f31be9bfc0ec3d134dfce.cloudfront.net (CloudFront)
2023-04-17 15:28:24,602 - DEBUG - < X-Amz-Cf-Pop: ICN57-P2
2023-04-17 15:28:24,603 - DEBUG - < X-Amz-Cf-Id: I2pSBIDJgDNQMcqb5VDQ5xOTfGtA3fLGd3YWtfqr2ywAMiRWe7zTNw==
2023-04-17 15:28:24,603 - DEBUG - = connection is OPEN
2023-04-17 15:28:24,623 - DEBUG - > TEXT '[2, "14e0fa85-aefb-41c9-9299-1df04303f699", "Bo...ePointVendor": "EVAR"}]' [127 bytes]
2023-04-17 15:28:24,896 - DEBUG - < TEXT '[3, "14e0fa85-aefb-41c9-9299-1df04303f699", {"s...13Z", "interval": 600}]' [123 bytes]
2023-04-17 15:28:26,887 - DEBUG - Starting new HTTPS connection (1): rgw.devevspcharger.uplus.co.kr:443
2023-04-17 15:28:27,519 - DEBUG - https://rgw.devevspcharger.uplus.co.kr:443 "POST /ioc HTTP/1.1" 200 161
2023-04-17 15:28:27,531 - DEBUG - < TEXT '[2, "cda460ee-4a5d-41cc-98fb-788cb15a93d7", "Ch...tion", "value": "300"}]' [116 bytes]
2023-04-17 15:28:27,538 - DEBUG - > TEXT '[3, "cda460ee-4a5d-41cc-98fb-788cb15a93d7", {"status": "Accepted"}]' [67 bytes]
2023-04-17 15:28:27,681 - DEBUG - < TEXT '' [0 bytes]
2023-04-17 15:28:29,977 - DEBUG - Starting new HTTPS connection (1): rgw.devevspcharger.uplus.co.kr:443
2023-04-17 15:28:30,674 - DEBUG - https://rgw.devevspcharger.uplus.co.kr:443 "POST /ioc HTTP/1.1" 200 158
2023-04-17 15:28:30,687 - DEBUG - < TEXT '[2, "def88581-9509-417b-bdf9-67c8bc02408d", "Ch...ize", "value": "true"}]' [113 bytes]
2023-04-17 15:28:30,691 - DEBUG - > TEXT '[3, "def88581-9509-417b-bdf9-67c8bc02408d", {"status": "Accepted"}]' [67 bytes]
2023-04-17 15:28:30,855 - DEBUG - < TEXT '' [0 bytes]
2023-04-17 15:28:30,887 - DEBUG - > TEXT '[2, "14e0fa85-aefb-41c9-9299-1df04303f699", "St..."status": "Preparing"}]' [132 bytes]
2023-04-17 15:28:31,096 - DEBUG - < TEXT '[3, "14e0fa85-aefb-41c9-9299-1df04303f699", {}]' [47 bytes]
2023-04-17 15:28:31,127 - DEBUG - > TEXT '[2, "14e0fa85-aefb-41c9-9299-1df04303f699", "Au...": "1010010198061412"}]' [87 bytes]
2023-04-17 15:28:31,379 - DEBUG - < TEXT '[3, "14e0fa85-aefb-41c9-9299-1df04303f699", {"i..."status": "Accepted"}}]' [82 bytes]
2023-04-17 15:28:31,394 - DEBUG - = connection is CLOSING
2023-04-17 15:28:31,394 - DEBUG - > CLOSE 1000 (OK) [2 bytes]
2023-04-17 15:28:31,403 - DEBUG - < CLOSE 1000 (OK) [2 bytes]
2023-04-17 15:28:31,409 - DEBUG - = connection is CLOSED
2023-04-17 15:28:34,662 - DEBUG - % sending keepalive ping
2023-04-17 15:28:34,662 - DEBUG - > PING ba 7f 4d b5 [binary, 4 bytes]
2023-04-17 15:28:34,671 - DEBUG - < PONG ba 7f 4d b5 [binary, 4 bytes]
2023-04-17 15:28:34,678 - DEBUG - % received keepalive pong
2023-04-17 15:28:54,674 - DEBUG - % sending keepalive ping
2023-04-17 15:28:54,674 - DEBUG - > PING 32 4b f0 2c [binary, 4 bytes]
2023-04-17 15:28:54,685 - DEBUG - < PONG 32 4b f0 2c [binary, 4 bytes]
2023-04-17 15:28:54,691 - DEBUG - % received keepalive pong
2023-04-17 15:29:14,689 - DEBUG - % sending keepalive ping
2023-04-17 15:29:14,690 - DEBUG - > PING 15 c1 1b 5d [binary, 4 bytes]
2023-04-17 15:29:14,696 - DEBUG - < PONG 15 c1 1b 5d [binary, 4 bytes]
2023-04-17 15:29:14,699 - DEBUG - % received keepalive pong
2023-04-17 15:29:34,719 - DEBUG - % sending keepalive ping
2023-04-17 15:29:34,720 - DEBUG - > PING 98 91 d3 aa [binary, 4 bytes]
2023-04-17 15:29:34,726 - DEBUG - < PONG 98 91 d3 aa [binary, 4 bytes]
2023-04-17 15:29:34,729 - DEBUG - % received keepalive pong
2023-04-17 15:29:54,724 - DEBUG - % sending keepalive ping
2023-04-17 15:29:54,724 - DEBUG - > PING ca c4 dd fb [binary, 4 bytes]
2023-04-17 15:29:54,731 - DEBUG - < PONG ca c4 dd fb [binary, 4 bytes]
2023-04-17 15:29:54,734 - DEBUG - % received keepalive pong
2023-04-17 15:30:14,722 - DEBUG - % sending keepalive ping
2023-04-17 15:30:14,723 - DEBUG - > PING 00 c6 38 fa [binary, 4 bytes]
2023-04-17 15:30:14,731 - DEBUG - < PONG 00 c6 38 fa [binary, 4 bytes]
2023-04-17 15:30:14,734 - DEBUG - % received keepalive pong
2023-04-17 15:30:34,477 - DEBUG - = connection is CONNECTING
2023-04-17 15:30:34,510 - DEBUG - > GET /ocpp16/ELA007C05/EVSCA050001 HTTP/1.1
2023-04-17 15:30:34,510 - DEBUG - > Host: ws.devevspcharger.uplus.co.kr
2023-04-17 15:30:34,510 - DEBUG - > Upgrade: websocket
2023-04-17 15:30:34,510 - DEBUG - > Connection: Upgrade
2023-04-17 15:30:34,510 - DEBUG - > Sec-WebSocket-Key: q9xfI1rC+NzQT/t6ovj8Mg==
2023-04-17 15:30:34,510 - DEBUG - > Sec-WebSocket-Version: 13
2023-04-17 15:30:34,510 - DEBUG - > Sec-WebSocket-Extensions: permessage-deflate; client_max_window_bits
2023-04-17 15:30:34,510 - DEBUG - > Sec-WebSocket-Protocol: ocpp1.6
2023-04-17 15:30:34,510 - DEBUG - > Authorization: Basic RVZBUjpFVkFSTEdV
2023-04-17 15:30:34,511 - DEBUG - > User-Agent: Python/3.11 websockets/10.4
2023-04-17 15:30:34,718 - DEBUG - % sending keepalive ping
2023-04-17 15:30:34,719 - DEBUG - > PING 17 ea a7 3a [binary, 4 bytes]
2023-04-17 15:30:34,726 - DEBUG - < PONG 17 ea a7 3a [binary, 4 bytes]
2023-04-17 15:30:34,736 - DEBUG - % received keepalive pong
2023-04-17 15:30:35,052 - DEBUG - < HTTP/1.1 101 Switching Protocols
2023-04-17 15:30:35,052 - DEBUG - < Connection: upgrade
2023-04-17 15:30:35,053 - DEBUG - < Date: Mon, 17 Apr 2023 06:30:23 GMT
2023-04-17 15:30:35,053 - DEBUG - < sec-websocket-protocol: ocpp1.6
2023-04-17 15:30:35,053 - DEBUG - < upgrade: websocket
2023-04-17 15:30:35,053 - DEBUG - < sec-websocket-accept: 1/5fRLLp4/fc8WvRV00WJGJLV+Q=
2023-04-17 15:30:35,053 - DEBUG - < sec-websocket-extensions: permessage-deflate
2023-04-17 15:30:35,053 - DEBUG - < X-Cache: Miss from cloudfront
2023-04-17 15:30:35,053 - DEBUG - < Via: 1.1 82b32d3cf0884f8ba64486d5e981bdb8.cloudfront.net (CloudFront)
2023-04-17 15:30:35,053 - DEBUG - < X-Amz-Cf-Pop: ICN57-P2
2023-04-17 15:30:35,053 - DEBUG - < X-Amz-Cf-Id: YdMcgkkR0kpXkGntobMrYtwsYrIANwU80pjbqVtkzr7lk1sG9vvGNQ==
2023-04-17 15:30:35,053 - DEBUG - = connection is OPEN
2023-04-17 15:30:35,081 - DEBUG - > TEXT '[2, "3d932bdb-2913-461d-b517-16d7d9954a37", "Bo...ePointVendor": "EVAR"}]' [127 bytes]
2023-04-17 15:30:35,493 - DEBUG - < TEXT '[3, "3d932bdb-2913-461d-b517-16d7d9954a37", {"s...24Z", "interval": 600}]' [123 bytes]
2023-04-17 15:30:44,312 - DEBUG - = connection is CONNECTING
2023-04-17 15:30:44,343 - DEBUG - > GET /ocpp16/ELA007C05/EVSCA050001 HTTP/1.1
2023-04-17 15:30:44,343 - DEBUG - > Host: ws.devevspcharger.uplus.co.kr
2023-04-17 15:30:44,344 - DEBUG - > Upgrade: websocket
2023-04-17 15:30:44,344 - DEBUG - > Connection: Upgrade
2023-04-17 15:30:44,344 - DEBUG - > Sec-WebSocket-Key: 9fycrp02P6/c3Yb5hCkBCA==
2023-04-17 15:30:44,344 - DEBUG - > Sec-WebSocket-Version: 13
2023-04-17 15:30:44,344 - DEBUG - > Sec-WebSocket-Extensions: permessage-deflate; client_max_window_bits
2023-04-17 15:30:44,344 - DEBUG - > Sec-WebSocket-Protocol: ocpp1.6
2023-04-17 15:30:44,344 - DEBUG - > Authorization: Basic RVZBUjpFVkFSTEdV
2023-04-17 15:30:44,344 - DEBUG - > User-Agent: Python/3.11 websockets/10.4
2023-04-17 15:30:44,623 - DEBUG - < HTTP/1.1 101 Switching Protocols
2023-04-17 15:30:44,623 - DEBUG - < Connection: upgrade
2023-04-17 15:30:44,624 - DEBUG - < Date: Mon, 17 Apr 2023 06:30:33 GMT
2023-04-17 15:30:44,624 - DEBUG - < sec-websocket-protocol: ocpp1.6
2023-04-17 15:30:44,624 - DEBUG - < upgrade: websocket
2023-04-17 15:30:44,625 - DEBUG - < sec-websocket-accept: dKQQkCezFmH/ZZaIT0J+eLVwmgM=
2023-04-17 15:30:44,625 - DEBUG - < sec-websocket-extensions: permessage-deflate
2023-04-17 15:30:44,625 - DEBUG - < X-Cache: Miss from cloudfront
2023-04-17 15:30:44,626 - DEBUG - < Via: 1.1 c6882e0acaa56682be4bf45c4b8fd99a.cloudfront.net (CloudFront)
2023-04-17 15:30:44,626 - DEBUG - < X-Amz-Cf-Pop: ICN57-P2
2023-04-17 15:30:44,626 - DEBUG - < X-Amz-Cf-Id: aPKW-Gtl3bzgCKmwHaRSDqFx73tpjXstd1-3X08PzqqBLbG6BEOGfg==
2023-04-17 15:30:44,626 - DEBUG - = connection is OPEN
2023-04-17 15:30:44,672 - DEBUG - > TEXT '[2, "6735b54c-0100-41d0-9fb4-74d704655fc3", "Bo...ePointVendor": "EVAR"}]' [127 bytes]
2023-04-17 15:30:44,935 - DEBUG - < TEXT '[3, "6735b54c-0100-41d0-9fb4-74d704655fc3", {"s...33Z", "interval": 600}]' [123 bytes]
2023-04-17 15:30:47,303 - DEBUG - Starting new HTTPS connection (1): rgw.devevspcharger.uplus.co.kr:443
2023-04-17 15:30:47,903 - DEBUG - https://rgw.devevspcharger.uplus.co.kr:443 "POST /ioc HTTP/1.1" 200 161
2023-04-17 15:30:47,913 - DEBUG - < TEXT '[2, "992307ef-fa75-417b-8578-a3ed7c1cca3d", "Ch...tion", "value": "300"}]' [116 bytes]
2023-04-17 15:30:47,916 - DEBUG - > TEXT '[3, "992307ef-fa75-417b-8578-a3ed7c1cca3d", {"status": "Accepted"}]' [67 bytes]
2023-04-17 15:30:48,085 - DEBUG - < TEXT '' [0 bytes]
2023-04-17 15:30:50,471 - DEBUG - Starting new HTTPS connection (1): rgw.devevspcharger.uplus.co.kr:443
2023-04-17 15:30:50,898 - DEBUG - https://rgw.devevspcharger.uplus.co.kr:443 "POST /ioc HTTP/1.1" 200 158
2023-04-17 15:30:50,916 - DEBUG - < TEXT '[2, "71eedbf3-29c0-472a-969d-0221a4cb76e4", "Ch...ize", "value": "true"}]' [113 bytes]
2023-04-17 15:30:50,924 - DEBUG - > TEXT '[3, "71eedbf3-29c0-472a-969d-0221a4cb76e4", {"status": "Accepted"}]' [67 bytes]
2023-04-17 15:30:51,089 - DEBUG - < TEXT '' [0 bytes]
2023-04-17 15:30:51,115 - DEBUG - > TEXT '[2, "6735b54c-0100-41d0-9fb4-74d704655fc3", "St..."status": "Preparing"}]' [132 bytes]
2023-04-17 15:30:51,293 - DEBUG - < TEXT '[3, "6735b54c-0100-41d0-9fb4-74d704655fc3", {}]' [47 bytes]
2023-04-17 15:30:51,326 - DEBUG - > TEXT '[2, "6735b54c-0100-41d0-9fb4-74d704655fc3", "Au...": "1010010198061412"}]' [87 bytes]
2023-04-17 15:30:51,578 - DEBUG - < TEXT '[3, "6735b54c-0100-41d0-9fb4-74d704655fc3", {"i..."status": "Accepted"}}]' [82 bytes]
2023-04-17 15:30:51,595 - DEBUG - = connection is CLOSING
2023-04-17 15:30:51,595 - DEBUG - > CLOSE 1000 (OK) [2 bytes]
2023-04-17 15:30:51,604 - DEBUG - < CLOSE 1000 (OK) [2 bytes]
2023-04-17 15:30:51,609 - DEBUG - = connection is CLOSED
2023-04-17 15:30:54,726 - DEBUG - % sending keepalive ping
2023-04-17 15:30:54,726 - DEBUG - > PING 28 c5 5d c5 [binary, 4 bytes]
2023-04-17 15:30:54,734 - DEBUG - < PONG 28 c5 5d c5 [binary, 4 bytes]
2023-04-17 15:30:54,737 - DEBUG - % received keepalive pong
2023-04-17 15:30:55,058 - DEBUG - % sending keepalive ping
2023-04-17 15:30:55,059 - DEBUG - > PING af b0 ed f8 [binary, 4 bytes]
2023-04-17 15:30:55,067 - DEBUG - < PONG af b0 ed f8 [binary, 4 bytes]
2023-04-17 15:30:55,070 - DEBUG - % received keepalive pong
2023-04-17 15:31:14,727 - DEBUG - % sending keepalive ping
2023-04-17 15:31:14,727 - DEBUG - > PING f4 5b cd 42 [binary, 4 bytes]
2023-04-17 15:31:14,734 - DEBUG - < PONG f4 5b cd 42 [binary, 4 bytes]
2023-04-17 15:31:14,736 - DEBUG - % received keepalive pong
2023-04-17 15:31:15,058 - DEBUG - % sending keepalive ping
2023-04-17 15:31:15,058 - DEBUG - > PING dd 4f 97 4f [binary, 4 bytes]
2023-04-17 15:31:15,066 - DEBUG - < PONG dd 4f 97 4f [binary, 4 bytes]
2023-04-17 15:31:15,069 - DEBUG - % received keepalive pong
2023-04-17 15:31:34,727 - DEBUG - % sending keepalive ping
2023-04-17 15:31:34,728 - DEBUG - > PING d2 2e 1b 71 [binary, 4 bytes]
2023-04-17 15:31:34,744 - DEBUG - < PONG d2 2e 1b 71 [binary, 4 bytes]
2023-04-17 15:31:34,747 - DEBUG - % received keepalive pong
2023-04-17 15:31:35,059 - DEBUG - % sending keepalive ping
2023-04-17 15:31:35,060 - DEBUG - > PING 7d 8f 8f 79 [binary, 4 bytes]
2023-04-17 15:31:35,102 - DEBUG - < PONG 7d 8f 8f 79 [binary, 4 bytes]
2023-04-17 15:31:35,107 - DEBUG - % received keepalive pong
2023-04-17 15:31:54,752 - DEBUG - % sending keepalive ping
2023-04-17 15:31:54,752 - DEBUG - > PING 59 76 f3 29 [binary, 4 bytes]
2023-04-17 15:31:54,760 - DEBUG - < PONG 59 76 f3 29 [binary, 4 bytes]
2023-04-17 15:31:54,773 - DEBUG - % received keepalive pong
2023-04-17 15:31:55,097 - DEBUG - % sending keepalive ping
2023-04-17 15:31:55,098 - DEBUG - > PING 60 11 05 92 [binary, 4 bytes]
2023-04-17 15:31:55,106 - DEBUG - < PONG 60 11 05 92 [binary, 4 bytes]
2023-04-17 15:31:55,110 - DEBUG - % received keepalive pong
2023-04-17 15:32:14,761 - DEBUG - % sending keepalive ping
2023-04-17 15:32:14,761 - DEBUG - > PING b7 c6 55 5d [binary, 4 bytes]
2023-04-17 15:32:14,770 - DEBUG - < PONG b7 c6 55 5d [binary, 4 bytes]
2023-04-17 15:32:14,776 - DEBUG - % received keepalive pong
2023-04-17 15:32:15,093 - DEBUG - % sending keepalive ping
2023-04-17 15:32:15,093 - DEBUG - > PING e7 ac a2 ea [binary, 4 bytes]
2023-04-17 15:32:15,102 - DEBUG - < PONG e7 ac a2 ea [binary, 4 bytes]
2023-04-17 15:32:15,105 - DEBUG - % received keepalive pong
2023-04-17 15:32:34,770 - DEBUG - % sending keepalive ping
2023-04-17 15:32:34,770 - DEBUG - > PING 80 e3 2e af [binary, 4 bytes]
2023-04-17 15:32:34,778 - DEBUG - < PONG 80 e3 2e af [binary, 4 bytes]
2023-04-17 15:32:34,790 - DEBUG - % received keepalive pong
2023-04-17 15:32:35,109 - DEBUG - % sending keepalive ping
2023-04-17 15:32:35,109 - DEBUG - > PING '%Q\x00E' [text, 4 bytes]
2023-04-17 15:32:35,120 - DEBUG - < PONG '%Q\x00E' [text, 4 bytes]
2023-04-17 15:32:35,122 - DEBUG - % received keepalive pong
2023-04-17 15:33:10,437 - DEBUG - = connection is CONNECTING
2023-04-17 15:33:10,479 - DEBUG - > GET /ocpp16/ELA007C05/EVSCA050001 HTTP/1.1
2023-04-17 15:33:10,479 - DEBUG - > Host: ws.devevspcharger.uplus.co.kr
2023-04-17 15:33:10,480 - DEBUG - > Upgrade: websocket
2023-04-17 15:33:10,480 - DEBUG - > Connection: Upgrade
2023-04-17 15:33:10,480 - DEBUG - > Sec-WebSocket-Key: pKR0ZubF6RpP/ohCoXTa1A==
2023-04-17 15:33:10,480 - DEBUG - > Sec-WebSocket-Version: 13
2023-04-17 15:33:10,480 - DEBUG - > Sec-WebSocket-Extensions: permessage-deflate; client_max_window_bits
2023-04-17 15:33:10,480 - DEBUG - > Sec-WebSocket-Protocol: ocpp1.6
2023-04-17 15:33:10,480 - DEBUG - > Authorization: Basic RVZBUjpFVkFSTEdV
2023-04-17 15:33:10,481 - DEBUG - > User-Agent: Python/3.11 websockets/10.4
2023-04-17 15:33:10,973 - DEBUG - < HTTP/1.1 101 Switching Protocols
2023-04-17 15:33:10,973 - DEBUG - < Connection: upgrade
2023-04-17 15:33:10,973 - DEBUG - < Date: Mon, 17 Apr 2023 06:32:59 GMT
2023-04-17 15:33:10,973 - DEBUG - < sec-websocket-protocol: ocpp1.6
2023-04-17 15:33:10,974 - DEBUG - < upgrade: websocket
2023-04-17 15:33:10,974 - DEBUG - < sec-websocket-accept: 08V5HpJUt97WkYbNzf3Hxf/nTPI=
2023-04-17 15:33:10,974 - DEBUG - < sec-websocket-extensions: permessage-deflate
2023-04-17 15:33:10,974 - DEBUG - < X-Cache: Miss from cloudfront
2023-04-17 15:33:10,974 - DEBUG - < Via: 1.1 9ce5dfe6a640bb6a762b3c2889e2317e.cloudfront.net (CloudFront)
2023-04-17 15:33:10,974 - DEBUG - < X-Amz-Cf-Pop: ICN57-P2
2023-04-17 15:33:10,974 - DEBUG - < X-Amz-Cf-Id: 6nULBgW3I2cWQeilt8HBhZ7VIEHjrDFUtLnKbDAqaCudin277BmSzw==
2023-04-17 15:33:10,974 - DEBUG - = connection is OPEN
2023-04-17 15:33:11,003 - DEBUG - > TEXT '[2, "45f77751-3f3b-48a0-87c2-9a3fe7c50718", "Bo...ePointVendor": "EVAR"}]' [127 bytes]
2023-04-17 15:33:11,275 - DEBUG - < TEXT '[3, "45f77751-3f3b-48a0-87c2-9a3fe7c50718", {"s...59Z", "interval": 600}]' [123 bytes]
2023-04-17 15:33:11,291 - ERROR - Task exception was never retrieved
future: <Task finished name='Task-2' coro=<ChargerSim.startEvent() done, defined at D:\workspace\wss\main.py:124> exception=TypeError("string indices must be integers, not 'str'")>
Traceback (most recent call last):
  File "D:\workspace\wss\main.py", line 144, in startEvent
    await self.charger.runcase(self.TC_selected if len(self.TC_selected.keys())>0 else self.TC)
  File "D:\workspace\wss\Charger.py", line 343, in runcase
    doc = self.ocppdocs[c[1]]
          ~~~~~~~~~~~~~^^^^^^
TypeError: string indices must be integers, not 'str'
2023-04-17 15:33:16,565 - DEBUG - = connection is CONNECTING
2023-04-17 15:33:16,603 - DEBUG - > GET /ocpp16/ELA007C05/EVSCA050001 HTTP/1.1
2023-04-17 15:33:16,603 - DEBUG - > Host: ws.devevspcharger.uplus.co.kr
2023-04-17 15:33:16,603 - DEBUG - > Upgrade: websocket
2023-04-17 15:33:16,604 - DEBUG - > Connection: Upgrade
2023-04-17 15:33:16,604 - DEBUG - > Sec-WebSocket-Key: 2cgrOc+RAWC5I8czdMni6w==
2023-04-17 15:33:16,604 - DEBUG - > Sec-WebSocket-Version: 13
2023-04-17 15:33:16,604 - DEBUG - > Sec-WebSocket-Extensions: permessage-deflate; client_max_window_bits
2023-04-17 15:33:16,604 - DEBUG - > Sec-WebSocket-Protocol: ocpp1.6
2023-04-17 15:33:16,604 - DEBUG - > Authorization: Basic RVZBUjpFVkFSTEdV
2023-04-17 15:33:16,604 - DEBUG - > User-Agent: Python/3.11 websockets/10.4
2023-04-17 15:33:16,846 - DEBUG - < HTTP/1.1 101 Switching Protocols
2023-04-17 15:33:16,846 - DEBUG - < Connection: upgrade
2023-04-17 15:33:16,846 - DEBUG - < Date: Mon, 17 Apr 2023 06:33:05 GMT
2023-04-17 15:33:16,846 - DEBUG - < sec-websocket-protocol: ocpp1.6
2023-04-17 15:33:16,846 - DEBUG - < upgrade: websocket
2023-04-17 15:33:16,846 - DEBUG - < sec-websocket-accept: 7NtiOaMBqVItM6YjRgrm6U1tvY0=
2023-04-17 15:33:16,846 - DEBUG - < sec-websocket-extensions: permessage-deflate
2023-04-17 15:33:16,847 - DEBUG - < X-Cache: Miss from cloudfront
2023-04-17 15:33:16,847 - DEBUG - < Via: 1.1 96d5e926418becbc899e1a730ab37236.cloudfront.net (CloudFront)
2023-04-17 15:33:16,847 - DEBUG - < X-Amz-Cf-Pop: ICN57-P2
2023-04-17 15:33:16,847 - DEBUG - < X-Amz-Cf-Id: HnFOWzYVvOXXXvZUvus-vt7LdTsMxfEO4yPxz4532lalXkJWPjuo7Q==
2023-04-17 15:33:16,847 - DEBUG - = connection is OPEN
2023-04-17 15:33:16,871 - DEBUG - > TEXT '[2, "f92c7ce4-dc59-4be1-8287-51b670050050", "Bo...ePointVendor": "EVAR"}]' [127 bytes]
2023-04-17 15:33:17,163 - DEBUG - < TEXT '[3, "f92c7ce4-dc59-4be1-8287-51b670050050", {"s...05Z", "interval": 600}]' [123 bytes]
2023-04-17 15:33:19,304 - DEBUG - Starting new HTTPS connection (1): rgw.devevspcharger.uplus.co.kr:443
2023-04-17 15:33:19,915 - DEBUG - https://rgw.devevspcharger.uplus.co.kr:443 "POST /ioc HTTP/1.1" 200 161
2023-04-17 15:33:19,929 - DEBUG - < TEXT '[2, "621f135d-13b1-4351-8679-f9b74c41b880", "Ch...tion", "value": "300"}]' [116 bytes]
2023-04-17 15:33:19,935 - DEBUG - > TEXT '[3, "621f135d-13b1-4351-8679-f9b74c41b880", {"status": "Accepted"}]' [67 bytes]
2023-04-17 15:33:20,101 - DEBUG - < TEXT '' [0 bytes]
2023-04-17 15:33:24,906 - DEBUG - Starting new HTTPS connection (1): rgw.devevspcharger.uplus.co.kr:443
2023-04-17 15:33:25,297 - DEBUG - https://rgw.devevspcharger.uplus.co.kr:443 "POST /ioc HTTP/1.1" 200 158
2023-04-17 15:33:25,316 - DEBUG - < TEXT '[2, "7c069362-86f3-4931-ae81-02acb6695578", "Ch...ize", "value": "true"}]' [113 bytes]
2023-04-17 15:33:25,321 - DEBUG - > TEXT '[3, "7c069362-86f3-4931-ae81-02acb6695578", {"status": "Accepted"}]' [67 bytes]
2023-04-17 15:33:25,478 - DEBUG - < TEXT '' [0 bytes]
2023-04-17 15:33:25,510 - DEBUG - > TEXT '[2, "f92c7ce4-dc59-4be1-8287-51b670050050", "St..."status": "Preparing"}]' [132 bytes]
2023-04-17 15:33:25,750 - DEBUG - < TEXT '[3, "f92c7ce4-dc59-4be1-8287-51b670050050", {}]' [47 bytes]
2023-04-17 15:33:25,789 - DEBUG - > TEXT '[2, "f92c7ce4-dc59-4be1-8287-51b670050050", "Au...": "1010000011111111"}]' [87 bytes]
2023-04-17 15:33:26,056 - DEBUG - < TEXT '[3, "f92c7ce4-dc59-4be1-8287-51b670050050", {"i...023-04-17T15:33:14Z"}}]' [119 bytes]
2023-04-17 15:33:26,074 - DEBUG - = connection is CLOSING
2023-04-17 15:33:26,074 - DEBUG - > CLOSE 1000 (OK) [2 bytes]
2023-04-17 15:33:26,082 - DEBUG - < CLOSE 1000 (OK) [2 bytes]
2023-04-17 15:33:26,085 - DEBUG - = connection is CLOSED
2023-04-17 15:33:30,975 - DEBUG - % sending keepalive ping
2023-04-17 15:33:30,975 - DEBUG - > PING 37 bf 23 f3 [binary, 4 bytes]
2023-04-17 15:33:30,983 - DEBUG - < PONG 37 bf 23 f3 [binary, 4 bytes]
2023-04-17 15:33:30,985 - DEBUG - % received keepalive pong
2023-04-17 15:33:50,980 - DEBUG - % sending keepalive ping
2023-04-17 15:33:50,981 - DEBUG - > PING '\x14\xfa\x7f' [text, 4 bytes]
2023-04-17 15:33:50,988 - DEBUG - < PONG '\x14\xfa\x7f' [text, 4 bytes]
2023-04-17 15:33:50,991 - DEBUG - % received keepalive pong
2023-04-17 15:34:10,974 - DEBUG - % sending keepalive ping
2023-04-17 15:34:10,974 - DEBUG - > PING ec 32 01 0c [binary, 4 bytes]
2023-04-17 15:34:10,981 - DEBUG - < PONG ec 32 01 0c [binary, 4 bytes]
2023-04-17 15:34:10,988 - DEBUG - % received keepalive pong
2023-04-17 15:34:30,974 - DEBUG - % sending keepalive ping
2023-04-17 15:34:30,975 - DEBUG - > PING d0 1f d7 03 [binary, 4 bytes]
2023-04-17 15:34:30,982 - DEBUG - < PONG d0 1f d7 03 [binary, 4 bytes]
2023-04-17 15:34:30,995 - DEBUG - % received keepalive pong
2023-04-17 15:34:51,005 - DEBUG - % sending keepalive ping
2023-04-17 15:34:51,005 - DEBUG - > PING a8 f6 c6 c2 [binary, 4 bytes]
2023-04-17 15:34:51,012 - DEBUG - < PONG a8 f6 c6 c2 [binary, 4 bytes]
2023-04-17 15:34:51,020 - DEBUG - % received keepalive pong
2023-04-17 15:35:11,014 - DEBUG - % sending keepalive ping
2023-04-17 15:35:11,015 - DEBUG - > PING ab eb cf 3a [binary, 4 bytes]
2023-04-17 15:35:11,023 - DEBUG - < PONG ab eb cf 3a [binary, 4 bytes]
2023-04-17 15:35:11,026 - DEBUG - % received keepalive pong
2023-04-17 15:35:31,013 - DEBUG - % sending keepalive ping
2023-04-17 15:35:31,013 - DEBUG - > PING b3 33 09 d5 [binary, 4 bytes]
2023-04-17 15:35:31,022 - DEBUG - < PONG b3 33 09 d5 [binary, 4 bytes]
2023-04-17 15:35:31,025 - DEBUG - % received keepalive pong
2023-04-17 15:35:51,021 - DEBUG - % sending keepalive ping
2023-04-17 15:35:51,021 - DEBUG - > PING 2d 01 2c bc [binary, 4 bytes]
2023-04-17 15:35:51,030 - DEBUG - < PONG 2d 01 2c bc [binary, 4 bytes]
2023-04-17 15:35:51,034 - DEBUG - % received keepalive pong
2023-04-17 15:36:11,024 - DEBUG - % sending keepalive ping
2023-04-17 15:36:11,024 - DEBUG - > PING bc 1d 68 4c [binary, 4 bytes]
2023-04-17 15:36:11,031 - DEBUG - < PONG bc 1d 68 4c [binary, 4 bytes]
2023-04-17 15:36:11,034 - DEBUG - % received keepalive pong
2023-04-17 15:36:31,027 - DEBUG - % sending keepalive ping
2023-04-17 15:36:31,027 - DEBUG - > PING 26 1a eb 93 [binary, 4 bytes]
2023-04-17 15:36:31,036 - DEBUG - < PONG 26 1a eb 93 [binary, 4 bytes]
2023-04-17 15:36:31,038 - DEBUG - % received keepalive pong
2023-04-17 15:36:51,025 - DEBUG - % sending keepalive ping
2023-04-17 15:36:51,025 - DEBUG - > PING b7 c5 f8 40 [binary, 4 bytes]
2023-04-17 15:36:51,033 - DEBUG - < PONG b7 c5 f8 40 [binary, 4 bytes]
2023-04-17 15:36:51,037 - DEBUG - % received keepalive pong
2023-04-17 15:37:11,021 - DEBUG - % sending keepalive ping
2023-04-17 15:37:11,022 - DEBUG - > PING 27 5d eb 83 [binary, 4 bytes]
2023-04-17 15:37:11,029 - DEBUG - < PONG 27 5d eb 83 [binary, 4 bytes]
2023-04-17 15:37:11,032 - DEBUG - % received keepalive pong
2023-04-17 15:37:31,019 - DEBUG - % sending keepalive ping
2023-04-17 15:37:31,020 - DEBUG - > PING ce 66 da dc [binary, 4 bytes]
2023-04-17 15:37:31,027 - DEBUG - < PONG ce 66 da dc [binary, 4 bytes]
2023-04-17 15:37:31,038 - DEBUG - % received keepalive pong
2023-04-17 15:37:51,019 - DEBUG - % sending keepalive ping
2023-04-17 15:37:51,019 - DEBUG - > PING b2 ab 12 55 [binary, 4 bytes]
2023-04-17 15:37:51,027 - DEBUG - < PONG b2 ab 12 55 [binary, 4 bytes]
2023-04-17 15:37:51,031 - DEBUG - % received keepalive pong
2023-04-17 15:38:11,028 - DEBUG - % sending keepalive ping
2023-04-17 15:38:11,028 - DEBUG - > PING ')=c\x13' [text, 4 bytes]
2023-04-17 15:38:11,042 - DEBUG - < PONG ')=c\x13' [text, 4 bytes]
2023-04-17 15:38:11,045 - DEBUG - % received keepalive pong
2023-04-17 15:38:31,052 - DEBUG - % sending keepalive ping
2023-04-17 15:38:31,052 - DEBUG - > PING e4 15 6a 97 [binary, 4 bytes]
2023-04-17 15:38:31,059 - DEBUG - < PONG e4 15 6a 97 [binary, 4 bytes]
2023-04-17 15:38:31,064 - DEBUG - % received keepalive pong
2023-04-17 15:38:51,069 - DEBUG - % sending keepalive ping
2023-04-17 15:38:51,069 - DEBUG - > PING d3 f7 1b 1c [binary, 4 bytes]
2023-04-17 15:38:51,077 - DEBUG - < PONG d3 f7 1b 1c [binary, 4 bytes]
2023-04-17 15:38:51,081 - DEBUG - % received keepalive pong
2023-04-17 15:39:03,867 - DEBUG - = connection is CONNECTING
2023-04-17 15:39:03,901 - DEBUG - > GET /ocpp16/ELA007C05/EVSCA050001 HTTP/1.1
2023-04-17 15:39:03,902 - DEBUG - > Host: ws.devevspcharger.uplus.co.kr
2023-04-17 15:39:03,904 - DEBUG - > Upgrade: websocket
2023-04-17 15:39:03,904 - DEBUG - > Connection: Upgrade
2023-04-17 15:39:03,904 - DEBUG - > Sec-WebSocket-Key: 5wEDesS2XH873gJHN1eCTw==
2023-04-17 15:39:03,905 - DEBUG - > Sec-WebSocket-Version: 13
2023-04-17 15:39:03,905 - DEBUG - > Sec-WebSocket-Extensions: permessage-deflate; client_max_window_bits
2023-04-17 15:39:03,905 - DEBUG - > Sec-WebSocket-Protocol: ocpp1.6
2023-04-17 15:39:03,906 - DEBUG - > Authorization: Basic RVZBUjpFVkFSTEdV
2023-04-17 15:39:03,906 - DEBUG - > User-Agent: Python/3.11 websockets/10.4
2023-04-17 15:39:04,483 - DEBUG - < HTTP/1.1 101 Switching Protocols
2023-04-17 15:39:04,483 - DEBUG - < Connection: upgrade
2023-04-17 15:39:04,484 - DEBUG - < Date: Mon, 17 Apr 2023 06:38:53 GMT
2023-04-17 15:39:04,484 - DEBUG - < sec-websocket-protocol: ocpp1.6
2023-04-17 15:39:04,484 - DEBUG - < upgrade: websocket
2023-04-17 15:39:04,484 - DEBUG - < sec-websocket-accept: kzttkNaHlwOi0XzZjftZo2rqhgc=
2023-04-17 15:39:04,484 - DEBUG - < sec-websocket-extensions: permessage-deflate
2023-04-17 15:39:04,484 - DEBUG - < X-Cache: Miss from cloudfront
2023-04-17 15:39:04,484 - DEBUG - < Via: 1.1 3ced0108f56d0634c19ad34e6b299e80.cloudfront.net (CloudFront)
2023-04-17 15:39:04,484 - DEBUG - < X-Amz-Cf-Pop: ICN57-P2
2023-04-17 15:39:04,484 - DEBUG - < X-Amz-Cf-Id: cmfdvG5ZDLJeXSzlnlF4Q_P54K3e7tIUKJ86mG1zadlIvQkhwNYAQQ==
2023-04-17 15:39:04,484 - DEBUG - = connection is OPEN
2023-04-17 15:39:04,511 - DEBUG - > TEXT '[2, "a995f250-5b64-42dc-8048-60076989ed44", "Bo...ePointVendor": "EVAR"}]' [127 bytes]
2023-04-17 15:39:04,965 - DEBUG - < TEXT '[3, "a995f250-5b64-42dc-8048-60076989ed44", {"s...53Z", "interval": 600}]' [123 bytes]
2023-04-17 15:39:07,017 - DEBUG - Starting new HTTPS connection (1): rgw.devevspcharger.uplus.co.kr:443
2023-04-17 15:39:07,660 - DEBUG - https://rgw.devevspcharger.uplus.co.kr:443 "POST /ioc HTTP/1.1" 200 161
2023-04-17 15:39:07,672 - DEBUG - < TEXT '[2, "bd05791f-b5fa-4669-918a-77d5cc3740e9", "Ch...tion", "value": "300"}]' [116 bytes]
2023-04-17 15:39:07,677 - DEBUG - > TEXT '[3, "bd05791f-b5fa-4669-918a-77d5cc3740e9", {"status": "Accepted"}]' [67 bytes]
2023-04-17 15:39:07,837 - DEBUG - < TEXT '' [0 bytes]
2023-04-17 15:39:10,113 - DEBUG - Starting new HTTPS connection (1): rgw.devevspcharger.uplus.co.kr:443
2023-04-17 15:39:10,542 - DEBUG - https://rgw.devevspcharger.uplus.co.kr:443 "POST /ioc HTTP/1.1" 200 158
2023-04-17 15:39:10,553 - DEBUG - < TEXT '[2, "2b14b2d2-5859-41f6-93b4-cf3f4d2c32e8", "Ch...ize", "value": "true"}]' [113 bytes]
2023-04-17 15:39:10,556 - DEBUG - > TEXT '[3, "2b14b2d2-5859-41f6-93b4-cf3f4d2c32e8", {"status": "Accepted"}]' [67 bytes]
2023-04-17 15:39:10,716 - DEBUG - < TEXT '' [0 bytes]
2023-04-17 15:39:10,747 - DEBUG - > TEXT '[2, "a995f250-5b64-42dc-8048-60076989ed44", "St..."status": "Preparing"}]' [132 bytes]
2023-04-17 15:39:10,987 - DEBUG - < TEXT '[3, "a995f250-5b64-42dc-8048-60076989ed44", {}]' [47 bytes]
2023-04-17 15:39:11,019 - DEBUG - > TEXT '[2, "a995f250-5b64-42dc-8048-60076989ed44", "Au...": "1010000011111111"}]' [87 bytes]
2023-04-17 15:39:11,064 - DEBUG - % sending keepalive ping
2023-04-17 15:39:11,064 - DEBUG - > PING a2 eb e0 9e [binary, 4 bytes]
2023-04-17 15:39:11,082 - DEBUG - < PONG a2 eb e0 9e [binary, 4 bytes]
2023-04-17 15:39:11,086 - DEBUG - % received keepalive pong
2023-04-17 15:39:11,346 - DEBUG - < TEXT '[3, "a995f250-5b64-42dc-8048-60076989ed44", {"i...023-04-17T15:39:00Z"}}]' [119 bytes]
2023-04-17 15:39:11,367 - DEBUG - = connection is CLOSING
2023-04-17 15:39:11,368 - DEBUG - > CLOSE 1000 (OK) [2 bytes]
2023-04-17 15:39:11,378 - DEBUG - < CLOSE 1000 (OK) [2 bytes]
2023-04-17 15:39:11,384 - DEBUG - = connection is CLOSED
2023-04-17 15:39:31,072 - DEBUG - % sending keepalive ping
2023-04-17 15:39:31,072 - DEBUG - > PING 88 92 78 a5 [binary, 4 bytes]
2023-04-17 15:39:31,079 - DEBUG - < PONG 88 92 78 a5 [binary, 4 bytes]
2023-04-17 15:39:31,082 - DEBUG - % received keepalive pong
2023-04-17 15:39:51,074 - DEBUG - % sending keepalive ping
2023-04-17 15:39:51,074 - DEBUG - > PING 1c 72 2a d8 [binary, 4 bytes]
2023-04-17 15:39:51,088 - DEBUG - < PONG 1c 72 2a d8 [binary, 4 bytes]
2023-04-17 15:39:51,092 - DEBUG - % received keepalive pong
2023-04-17 15:40:11,094 - DEBUG - % sending keepalive ping
2023-04-17 15:40:11,095 - DEBUG - > PING 6f 80 db f2 [binary, 4 bytes]
2023-04-17 15:40:11,105 - DEBUG - < PONG 6f 80 db f2 [binary, 4 bytes]
2023-04-17 15:40:11,108 - DEBUG - % received keepalive pong
2023-04-17 15:40:31,094 - DEBUG - % sending keepalive ping
2023-04-17 15:40:31,094 - DEBUG - > PING ce ce 2d 3f [binary, 4 bytes]
2023-04-17 15:40:31,102 - DEBUG - < PONG ce ce 2d 3f [binary, 4 bytes]
2023-04-17 15:40:31,106 - DEBUG - % received keepalive pong
2023-04-17 15:40:51,099 - DEBUG - % sending keepalive ping
2023-04-17 15:40:51,099 - DEBUG - > PING fe ab fa cb [binary, 4 bytes]
2023-04-17 15:40:51,106 - DEBUG - < PONG fe ab fa cb [binary, 4 bytes]
2023-04-17 15:40:51,109 - DEBUG - % received keepalive pong
2023-04-17 15:41:11,104 - DEBUG - % sending keepalive ping
2023-04-17 15:41:11,105 - DEBUG - > PING 35 e8 6a c7 [binary, 4 bytes]
2023-04-17 15:41:11,117 - DEBUG - < PONG 35 e8 6a c7 [binary, 4 bytes]
2023-04-17 15:41:11,124 - DEBUG - % received keepalive pong
2023-04-17 15:41:31,127 - DEBUG - % sending keepalive ping
2023-04-17 15:41:31,128 - DEBUG - > PING '>\x19\x1f\x13' [text, 4 bytes]
2023-04-17 15:41:31,136 - DEBUG - < PONG '>\x19\x1f\x13' [text, 4 bytes]
2023-04-17 15:41:31,139 - DEBUG - % received keepalive pong
2023-04-17 15:41:51,143 - DEBUG - % sending keepalive ping
2023-04-17 15:41:51,144 - DEBUG - > PING 84 f5 a6 95 [binary, 4 bytes]
2023-04-17 15:41:51,153 - DEBUG - < PONG 84 f5 a6 95 [binary, 4 bytes]
2023-04-17 15:41:51,154 - DEBUG - % received keepalive pong
2023-04-17 15:42:11,139 - DEBUG - % sending keepalive ping
2023-04-17 15:42:11,139 - DEBUG - > PING 59 53 8f 8c [binary, 4 bytes]
2023-04-17 15:42:11,148 - DEBUG - < PONG 59 53 8f 8c [binary, 4 bytes]
2023-04-17 15:42:11,150 - DEBUG - % received keepalive pong
2023-04-17 15:42:31,148 - DEBUG - % sending keepalive ping
2023-04-17 15:42:31,149 - DEBUG - > PING d5 59 24 ee [binary, 4 bytes]
2023-04-17 15:42:31,157 - DEBUG - < PONG d5 59 24 ee [binary, 4 bytes]
2023-04-17 15:42:31,159 - DEBUG - % received keepalive pong
2023-04-17 15:42:51,147 - DEBUG - % sending keepalive ping
2023-04-17 15:42:51,147 - DEBUG - > PING 7a 6a bb 4e [binary, 4 bytes]
2023-04-17 15:42:51,157 - DEBUG - < PONG 7a 6a bb 4e [binary, 4 bytes]
2023-04-17 15:42:51,160 - DEBUG - % received keepalive pong
2023-04-17 15:43:11,152 - DEBUG - % sending keepalive ping
2023-04-17 15:43:11,152 - DEBUG - > PING 13 3f db d2 [binary, 4 bytes]
2023-04-17 15:43:11,162 - DEBUG - < PONG 13 3f db d2 [binary, 4 bytes]
2023-04-17 15:43:11,165 - DEBUG - % received keepalive pong
2023-04-17 15:43:31,145 - DEBUG - % sending keepalive ping
2023-04-17 15:43:31,145 - DEBUG - > PING d5 c0 27 be [binary, 4 bytes]
2023-04-17 15:43:31,152 - DEBUG - < PONG d5 c0 27 be [binary, 4 bytes]
2023-04-17 15:43:31,156 - DEBUG - % received keepalive pong
2023-04-17 15:43:51,152 - DEBUG - % sending keepalive ping
2023-04-17 15:43:51,152 - DEBUG - > PING 'M[rS' [text, 4 bytes]
2023-04-17 15:43:51,182 - DEBUG - < PONG 'M[rS' [text, 4 bytes]
2023-04-17 15:43:51,186 - DEBUG - % received keepalive pong
2023-04-17 15:44:11,192 - DEBUG - % sending keepalive ping
2023-04-17 15:44:11,192 - DEBUG - > PING e4 2c 9c 15 [binary, 4 bytes]
2023-04-17 15:44:11,201 - DEBUG - < PONG e4 2c 9c 15 [binary, 4 bytes]
2023-04-17 15:44:11,204 - DEBUG - % received keepalive pong
2023-04-17 15:44:31,189 - DEBUG - % sending keepalive ping
2023-04-17 15:44:31,189 - DEBUG - > PING bf d5 e0 73 [binary, 4 bytes]
2023-04-17 15:44:31,197 - DEBUG - < PONG bf d5 e0 73 [binary, 4 bytes]
2023-04-17 15:44:31,202 - DEBUG - % received keepalive pong
2023-04-17 15:44:51,191 - DEBUG - % sending keepalive ping
2023-04-17 15:44:51,191 - DEBUG - > PING b1 8c b5 49 [binary, 4 bytes]
2023-04-17 15:44:51,202 - DEBUG - < PONG b1 8c b5 49 [binary, 4 bytes]
2023-04-17 15:44:51,209 - DEBUG - % received keepalive pong
2023-04-17 15:45:11,197 - DEBUG - % sending keepalive ping
2023-04-17 15:45:11,197 - DEBUG - > PING f6 1d cc 5e [binary, 4 bytes]
2023-04-17 15:45:11,205 - DEBUG - < PONG f6 1d cc 5e [binary, 4 bytes]
2023-04-17 15:45:11,208 - DEBUG - % received keepalive pong
2023-04-17 15:45:31,194 - DEBUG - % sending keepalive ping
2023-04-17 15:45:31,194 - DEBUG - > PING 70 ac d2 9b [binary, 4 bytes]
2023-04-17 15:45:31,201 - DEBUG - < PONG 70 ac d2 9b [binary, 4 bytes]
2023-04-17 15:45:31,205 - DEBUG - % received keepalive pong
2023-04-17 15:45:51,195 - DEBUG - % sending keepalive ping
2023-04-17 15:45:51,195 - DEBUG - > PING b3 aa 38 19 [binary, 4 bytes]
2023-04-17 15:45:51,203 - DEBUG - < PONG b3 aa 38 19 [binary, 4 bytes]
2023-04-17 15:45:51,206 - DEBUG - % received keepalive pong
2023-04-17 15:46:11,199 - DEBUG - % sending keepalive ping
2023-04-17 15:46:11,200 - DEBUG - > PING b5 73 79 1f [binary, 4 bytes]
2023-04-17 15:46:11,208 - DEBUG - < PONG b5 73 79 1f [binary, 4 bytes]
2023-04-17 15:46:11,213 - DEBUG - % received keepalive pong
2023-04-17 15:46:31,186 - DEBUG - % sending keepalive ping
2023-04-17 15:46:31,186 - DEBUG - > PING f1 29 87 d3 [binary, 4 bytes]
2023-04-17 15:46:31,194 - DEBUG - < PONG f1 29 87 d3 [binary, 4 bytes]
2023-04-17 15:46:31,197 - DEBUG - % received keepalive pong
2023-04-17 15:46:51,189 - DEBUG - % sending keepalive ping
2023-04-17 15:46:51,190 - DEBUG - > PING 0e 07 65 b3 [binary, 4 bytes]
2023-04-17 15:46:51,201 - DEBUG - < PONG 0e 07 65 b3 [binary, 4 bytes]
2023-04-17 15:46:51,210 - DEBUG - % received keepalive pong
2023-04-17 15:47:11,184 - DEBUG - % sending keepalive ping
2023-04-17 15:47:11,184 - DEBUG - > PING db cb ec 00 [binary, 4 bytes]
2023-04-17 15:47:11,192 - DEBUG - < PONG db cb ec 00 [binary, 4 bytes]
2023-04-17 15:47:11,194 - DEBUG - % received keepalive pong
2023-04-17 15:47:31,194 - DEBUG - % sending keepalive ping
2023-04-17 15:47:31,194 - DEBUG - > PING 91 21 44 0a [binary, 4 bytes]
2023-04-17 15:47:31,202 - DEBUG - < PONG 91 21 44 0a [binary, 4 bytes]
2023-04-17 15:47:31,204 - DEBUG - % received keepalive pong
2023-04-17 15:47:51,193 - DEBUG - % sending keepalive ping
2023-04-17 15:47:51,193 - DEBUG - > PING bc 02 20 49 [binary, 4 bytes]
2023-04-17 15:47:51,203 - DEBUG - < PONG bc 02 20 49 [binary, 4 bytes]
2023-04-17 15:47:51,207 - DEBUG - % received keepalive pong
2023-04-17 15:48:11,194 - DEBUG - % sending keepalive ping
2023-04-17 15:48:11,194 - DEBUG - > PING 72 f7 79 6f [binary, 4 bytes]
2023-04-17 15:48:11,206 - DEBUG - < PONG 72 f7 79 6f [binary, 4 bytes]
2023-04-17 15:48:11,211 - DEBUG - % received keepalive pong
2023-04-17 15:48:31,192 - DEBUG - % sending keepalive ping
2023-04-17 15:48:31,192 - DEBUG - > PING c3 2b ba 21 [binary, 4 bytes]
2023-04-17 15:48:31,201 - DEBUG - < PONG c3 2b ba 21 [binary, 4 bytes]
2023-04-17 15:48:31,205 - DEBUG - % received keepalive pong
2023-04-17 15:48:51,189 - DEBUG - % sending keepalive ping
2023-04-17 15:48:51,189 - DEBUG - > PING fe 35 ce a4 [binary, 4 bytes]
2023-04-17 15:48:51,197 - DEBUG - < PONG fe 35 ce a4 [binary, 4 bytes]
2023-04-17 15:48:51,200 - DEBUG - % received keepalive pong
2023-04-17 15:49:11,189 - DEBUG - % sending keepalive ping
2023-04-17 15:49:11,190 - DEBUG - > PING 46 88 1c ba [binary, 4 bytes]
2023-04-17 15:49:11,197 - DEBUG - < PONG 46 88 1c ba [binary, 4 bytes]
2023-04-17 15:49:11,202 - DEBUG - % received keepalive pong
2023-04-17 15:49:31,186 - DEBUG - % sending keepalive ping
2023-04-17 15:49:31,186 - DEBUG - > PING 96 41 26 fb [binary, 4 bytes]
2023-04-17 15:49:31,194 - DEBUG - < PONG 96 41 26 fb [binary, 4 bytes]
2023-04-17 15:49:31,196 - DEBUG - % received keepalive pong
2023-04-17 15:49:51,196 - DEBUG - % sending keepalive ping
2023-04-17 15:49:51,197 - DEBUG - > PING ',y7e' [text, 4 bytes]
2023-04-17 15:49:51,205 - DEBUG - < PONG ',y7e' [text, 4 bytes]
2023-04-17 15:49:51,209 - DEBUG - % received keepalive pong
2023-04-17 15:50:11,190 - DEBUG - % sending keepalive ping
2023-04-17 15:50:11,191 - DEBUG - > PING aa 5e ad 2c [binary, 4 bytes]
2023-04-17 15:50:11,199 - DEBUG - < PONG aa 5e ad 2c [binary, 4 bytes]
2023-04-17 15:50:11,203 - DEBUG - % received keepalive pong
2023-04-17 15:50:31,193 - DEBUG - % sending keepalive ping
2023-04-17 15:50:31,193 - DEBUG - > PING ac a4 46 37 [binary, 4 bytes]
2023-04-17 15:50:31,201 - DEBUG - < PONG ac a4 46 37 [binary, 4 bytes]
2023-04-17 15:50:31,205 - DEBUG - % received keepalive pong
2023-04-17 15:50:51,186 - DEBUG - % sending keepalive ping
2023-04-17 15:50:51,186 - DEBUG - > PING e6 78 b0 fb [binary, 4 bytes]
2023-04-17 15:50:51,194 - DEBUG - < PONG e6 78 b0 fb [binary, 4 bytes]
2023-04-17 15:50:51,203 - DEBUG - % received keepalive pong
2023-04-17 15:51:11,194 - DEBUG - % sending keepalive ping
2023-04-17 15:51:11,194 - DEBUG - > PING 28 bf 52 f9 [binary, 4 bytes]
2023-04-17 15:51:11,207 - DEBUG - < PONG 28 bf 52 f9 [binary, 4 bytes]
2023-04-17 15:51:11,215 - DEBUG - % received keepalive pong
2023-04-17 15:51:31,226 - DEBUG - % sending keepalive ping
2023-04-17 15:51:31,227 - DEBUG - > PING 67 fd 8f 74 [binary, 4 bytes]
2023-04-17 15:51:31,235 - DEBUG - < PONG 67 fd 8f 74 [binary, 4 bytes]
2023-04-17 15:51:31,239 - DEBUG - % received keepalive pong
2023-04-17 15:51:51,222 - DEBUG - % sending keepalive ping
2023-04-17 15:51:51,222 - DEBUG - > PING 0e 6b 6b f8 [binary, 4 bytes]
2023-04-17 15:51:51,234 - DEBUG - < PONG 0e 6b 6b f8 [binary, 4 bytes]
2023-04-17 15:51:51,242 - DEBUG - % received keepalive pong
2023-04-17 15:52:11,228 - DEBUG - % sending keepalive ping
2023-04-17 15:52:11,228 - DEBUG - > PING 94 d3 dd e3 [binary, 4 bytes]
2023-04-17 15:52:11,236 - DEBUG - < PONG 94 d3 dd e3 [binary, 4 bytes]
2023-04-17 15:52:11,250 - DEBUG - % received keepalive pong
2023-04-17 15:52:31,252 - DEBUG - % sending keepalive ping
2023-04-17 15:52:31,252 - DEBUG - > PING 91 b1 d5 9b [binary, 4 bytes]
2023-04-17 15:52:31,263 - DEBUG - < PONG 91 b1 d5 9b [binary, 4 bytes]
2023-04-17 15:52:31,268 - DEBUG - % received keepalive pong
2023-04-17 15:52:36,871 - DEBUG - = connection is CONNECTING
2023-04-17 15:52:36,904 - DEBUG - > GET /ocpp16/ELA007C05/EVSCA050001 HTTP/1.1
2023-04-17 15:52:36,906 - DEBUG - > Host: ws.devevspcharger.uplus.co.kr
2023-04-17 15:52:36,906 - DEBUG - > Upgrade: websocket
2023-04-17 15:52:36,906 - DEBUG - > Connection: Upgrade
2023-04-17 15:52:36,906 - DEBUG - > Sec-WebSocket-Key: 0PTTQrMf5CYbj6gh6HNNTQ==
2023-04-17 15:52:36,906 - DEBUG - > Sec-WebSocket-Version: 13
2023-04-17 15:52:36,906 - DEBUG - > Sec-WebSocket-Extensions: permessage-deflate; client_max_window_bits
2023-04-17 15:52:36,906 - DEBUG - > Sec-WebSocket-Protocol: ocpp1.6
2023-04-17 15:52:36,906 - DEBUG - > Authorization: Basic RVZBUjpFVkFSTEdV
2023-04-17 15:52:36,906 - DEBUG - > User-Agent: Python/3.11 websockets/10.4
2023-04-17 15:52:38,185 - DEBUG - < HTTP/1.1 101 Switching Protocols
2023-04-17 15:52:38,185 - DEBUG - < Connection: upgrade
2023-04-17 15:52:38,186 - DEBUG - < Date: Mon, 17 Apr 2023 06:52:27 GMT
2023-04-17 15:52:38,186 - DEBUG - < sec-websocket-protocol: ocpp1.6
2023-04-17 15:52:38,186 - DEBUG - < upgrade: websocket
2023-04-17 15:52:38,186 - DEBUG - < sec-websocket-accept: SFDT2xrbUGSS6RNHUUXTWMqKkT0=
2023-04-17 15:52:38,186 - DEBUG - < sec-websocket-extensions: permessage-deflate
2023-04-17 15:52:38,186 - DEBUG - < X-Cache: Miss from cloudfront
2023-04-17 15:52:38,186 - DEBUG - < Via: 1.1 96d5e926418becbc899e1a730ab37236.cloudfront.net (CloudFront)
2023-04-17 15:52:38,186 - DEBUG - < X-Amz-Cf-Pop: ICN57-P2
2023-04-17 15:52:38,187 - DEBUG - < X-Amz-Cf-Id: TUzR9P2qwOXsssNNRhC7qMkeKWmWPA7mIxCE6x0DOWi5R-Pu9DaPEQ==
2023-04-17 15:52:38,188 - DEBUG - = connection is OPEN
2023-04-17 15:52:38,219 - DEBUG - > TEXT '[2, "4c5fd0f5-f453-47d8-b07e-93d8d0cb1b06", "Bo...ePointVendor": "EVAR"}]' [127 bytes]
2023-04-17 15:52:38,477 - DEBUG - < TEXT '[3, "4c5fd0f5-f453-47d8-b07e-93d8d0cb1b06", {"s...27Z", "interval": 600}]' [123 bytes]
2023-04-17 15:52:41,051 - DEBUG - Starting new HTTPS connection (1): rgw.devevspcharger.uplus.co.kr:443
2023-04-17 15:52:42,442 - DEBUG - https://rgw.devevspcharger.uplus.co.kr:443 "POST /ioc HTTP/1.1" 200 161
2023-04-17 15:52:42,455 - DEBUG - < TEXT '[2, "534bd490-cfe5-457d-9b79-6594b4f62877", "Ch...tion", "value": "300"}]' [116 bytes]
2023-04-17 15:52:42,459 - DEBUG - > TEXT '[3, "534bd490-cfe5-457d-9b79-6594b4f62877", {"status": "Accepted"}]' [67 bytes]
2023-04-17 15:52:42,601 - DEBUG - < TEXT '' [0 bytes]
2023-04-17 15:52:45,905 - DEBUG - Starting new HTTPS connection (1): rgw.devevspcharger.uplus.co.kr:443
2023-04-17 15:52:46,319 - DEBUG - https://rgw.devevspcharger.uplus.co.kr:443 "POST /ioc HTTP/1.1" 200 158
2023-04-17 15:52:46,330 - DEBUG - < TEXT '[2, "f0ec041a-d22f-404f-aa3c-74998d33dd7b", "Ch...ize", "value": "true"}]' [113 bytes]
2023-04-17 15:52:46,336 - DEBUG - > TEXT '[3, "f0ec041a-d22f-404f-aa3c-74998d33dd7b", {"status": "Accepted"}]' [67 bytes]
2023-04-17 15:52:46,482 - DEBUG - < TEXT '' [0 bytes]
2023-04-17 15:52:46,517 - DEBUG - > TEXT '[2, "4c5fd0f5-f453-47d8-b07e-93d8d0cb1b06", "St..."status": "Preparing"}]' [132 bytes]
2023-04-17 15:52:46,718 - DEBUG - < TEXT '[3, "4c5fd0f5-f453-47d8-b07e-93d8d0cb1b06", {}]' [47 bytes]
2023-04-17 15:52:46,756 - DEBUG - > TEXT '[2, "4c5fd0f5-f453-47d8-b07e-93d8d0cb1b06", "Au...": "1010000011111111"}]' [87 bytes]
2023-04-17 15:52:47,022 - DEBUG - < TEXT '[3, "4c5fd0f5-f453-47d8-b07e-93d8d0cb1b06", {"i...023-04-17T15:52:35Z"}}]' [119 bytes]
2023-04-17 15:52:47,039 - DEBUG - = connection is CLOSING
2023-04-17 15:52:47,039 - DEBUG - > CLOSE 1000 (OK) [2 bytes]
2023-04-17 15:52:47,054 - DEBUG - < CLOSE 1000 (OK) [2 bytes]
2023-04-17 15:52:47,060 - DEBUG - = connection is CLOSED
2023-04-17 15:52:51,269 - DEBUG - % sending keepalive ping
2023-04-17 15:52:51,269 - DEBUG - > PING af f1 27 81 [binary, 4 bytes]
2023-04-17 15:52:51,277 - DEBUG - < PONG af f1 27 81 [binary, 4 bytes]
2023-04-17 15:52:51,280 - DEBUG - % received keepalive pong
2023-04-17 15:53:11,297 - DEBUG - % sending keepalive ping
2023-04-17 15:53:11,297 - DEBUG - > PING 59 bd 7d b5 [binary, 4 bytes]
2023-04-17 15:53:11,309 - DEBUG - < PONG 59 bd 7d b5 [binary, 4 bytes]
2023-04-17 15:53:11,316 - DEBUG - % received keepalive pong
2023-04-17 15:53:31,322 - DEBUG - % sending keepalive ping
2023-04-17 15:53:31,322 - DEBUG - > PING 78 02 e8 aa [binary, 4 bytes]
2023-04-17 15:53:31,330 - DEBUG - < PONG 78 02 e8 aa [binary, 4 bytes]
2023-04-17 15:53:31,333 - DEBUG - % received keepalive pong
2023-04-17 15:53:32,250 - DEBUG - = connection is CONNECTING
2023-04-17 15:53:32,281 - DEBUG - > GET /ocpp16/ELA007C05/EVSCA050001 HTTP/1.1
2023-04-17 15:53:32,281 - DEBUG - > Host: ws.devevspcharger.uplus.co.kr
2023-04-17 15:53:32,281 - DEBUG - > Upgrade: websocket
2023-04-17 15:53:32,281 - DEBUG - > Connection: Upgrade
2023-04-17 15:53:32,281 - DEBUG - > Sec-WebSocket-Key: NZEYlt/+xI2M96yu57lLbw==
2023-04-17 15:53:32,281 - DEBUG - > Sec-WebSocket-Version: 13
2023-04-17 15:53:32,281 - DEBUG - > Sec-WebSocket-Extensions: permessage-deflate; client_max_window_bits
2023-04-17 15:53:32,281 - DEBUG - > Sec-WebSocket-Protocol: ocpp1.6
2023-04-17 15:53:32,282 - DEBUG - > Authorization: Basic RVZBUjpFVkFSTEdV
2023-04-17 15:53:32,282 - DEBUG - > User-Agent: Python/3.11 websockets/10.4
2023-04-17 15:53:33,499 - DEBUG - < HTTP/1.1 101 Switching Protocols
2023-04-17 15:53:33,499 - DEBUG - < Connection: upgrade
2023-04-17 15:53:33,500 - DEBUG - < Date: Mon, 17 Apr 2023 06:53:22 GMT
2023-04-17 15:53:33,500 - DEBUG - < sec-websocket-protocol: ocpp1.6
2023-04-17 15:53:33,500 - DEBUG - < upgrade: websocket
2023-04-17 15:53:33,500 - DEBUG - < sec-websocket-accept: nvtpdb50lj/D3UOztXt7XatWGNE=
2023-04-17 15:53:33,500 - DEBUG - < sec-websocket-extensions: permessage-deflate
2023-04-17 15:53:33,500 - DEBUG - < X-Cache: Miss from cloudfront
2023-04-17 15:53:33,500 - DEBUG - < Via: 1.1 addf940186af6aa7dc864a17e45130c6.cloudfront.net (CloudFront)
2023-04-17 15:53:33,501 - DEBUG - < X-Amz-Cf-Pop: ICN57-P2
2023-04-17 15:53:33,501 - DEBUG - < X-Amz-Cf-Id: gIq9hw42InjlfVMm1WGLL7VbIHNUvZXV2Z8FvGda9upgLJfFK1eQeQ==
2023-04-17 15:53:33,501 - DEBUG - = connection is OPEN
2023-04-17 15:53:33,524 - DEBUG - > TEXT '[2, "fad3e6f5-f92d-48db-84b2-3b70dffe3e7a", "Bo...ePointVendor": "EVAR"}]' [127 bytes]
2023-04-17 15:53:33,773 - DEBUG - < TEXT '[3, "fad3e6f5-f92d-48db-84b2-3b70dffe3e7a", {"s...22Z", "interval": 600}]' [123 bytes]
2023-04-17 15:53:35,495 - DEBUG - Starting new HTTPS connection (1): rgw.devevspcharger.uplus.co.kr:443
2023-04-17 15:53:36,911 - DEBUG - https://rgw.devevspcharger.uplus.co.kr:443 "POST /ioc HTTP/1.1" 200 161
2023-04-17 15:53:36,926 - DEBUG - < TEXT '[2, "7eb98bee-915d-430d-af93-64f1ae51b12d", "Ch...tion", "value": "300"}]' [116 bytes]
2023-04-17 15:53:36,931 - DEBUG - > TEXT '[3, "7eb98bee-915d-430d-af93-64f1ae51b12d", {"status": "Accepted"}]' [67 bytes]
2023-04-17 15:53:37,080 - DEBUG - < TEXT '' [0 bytes]
2023-04-17 15:53:39,455 - DEBUG - Starting new HTTPS connection (1): rgw.devevspcharger.uplus.co.kr:443
2023-04-17 15:53:39,891 - DEBUG - https://rgw.devevspcharger.uplus.co.kr:443 "POST /ioc HTTP/1.1" 200 158
2023-04-17 15:53:39,904 - DEBUG - < TEXT '[2, "a7a67633-c86b-4a1d-94c9-d7e89a0606c9", "Ch...ize", "value": "true"}]' [113 bytes]
2023-04-17 15:53:39,911 - DEBUG - > TEXT '[3, "a7a67633-c86b-4a1d-94c9-d7e89a0606c9", {"status": "Accepted"}]' [67 bytes]
2023-04-17 15:53:40,071 - DEBUG - < TEXT '' [0 bytes]
2023-04-17 15:53:40,107 - DEBUG - > TEXT '[2, "fad3e6f5-f92d-48db-84b2-3b70dffe3e7a", "St..."status": "Preparing"}]' [132 bytes]
2023-04-17 15:53:40,279 - DEBUG - < TEXT '[3, "fad3e6f5-f92d-48db-84b2-3b70dffe3e7a", {}]' [47 bytes]
2023-04-17 15:53:40,313 - DEBUG - > TEXT '[2, "fad3e6f5-f92d-48db-84b2-3b70dffe3e7a", "Au...": "1010010179456363"}]' [87 bytes]
2023-04-17 15:53:40,539 - DEBUG - < TEXT '[3, "fad3e6f5-f92d-48db-84b2-3b70dffe3e7a", {"i...023-04-17T15:53:29Z"}}]' [119 bytes]
2023-04-17 15:53:40,557 - DEBUG - = connection is CLOSING
2023-04-17 15:53:40,557 - DEBUG - > CLOSE 1000 (OK) [2 bytes]
2023-04-17 15:53:40,566 - DEBUG - < CLOSE 1000 (OK) [2 bytes]
2023-04-17 15:53:40,570 - DEBUG - = connection is CLOSED
2023-04-17 15:53:51,312 - DEBUG - % sending keepalive ping
2023-04-17 15:53:51,312 - DEBUG - > PING 6d 8c 5a 7b [binary, 4 bytes]
2023-04-17 15:53:51,320 - DEBUG - < PONG 6d 8c 5a 7b [binary, 4 bytes]
2023-04-17 15:53:51,322 - DEBUG - % received keepalive pong
2023-04-17 15:54:11,341 - DEBUG - % sending keepalive ping
2023-04-17 15:54:11,341 - DEBUG - > PING 40 7d ed ec [binary, 4 bytes]
2023-04-17 15:54:11,354 - DEBUG - < PONG 40 7d ed ec [binary, 4 bytes]
2023-04-17 15:54:11,357 - DEBUG - % received keepalive pong
2023-04-17 15:54:31,348 - DEBUG - % sending keepalive ping
2023-04-17 15:54:31,348 - DEBUG - > PING b9 fe 62 64 [binary, 4 bytes]
2023-04-17 15:54:31,356 - DEBUG - < PONG b9 fe 62 64 [binary, 4 bytes]
2023-04-17 15:54:31,359 - DEBUG - % received keepalive pong
2023-04-17 15:54:51,351 - DEBUG - % sending keepalive ping
2023-04-17 15:54:51,351 - DEBUG - > PING e2 38 c8 d0 [binary, 4 bytes]
2023-04-17 15:54:51,358 - DEBUG - < PONG e2 38 c8 d0 [binary, 4 bytes]
2023-04-17 15:54:51,365 - DEBUG - % received keepalive pong
2023-04-17 15:55:11,342 - DEBUG - % sending keepalive ping
2023-04-17 15:55:11,342 - DEBUG - > PING 81 7d 37 df [binary, 4 bytes]
2023-04-17 15:55:11,349 - DEBUG - < PONG 81 7d 37 df [binary, 4 bytes]
2023-04-17 15:55:11,353 - DEBUG - % received keepalive pong
2023-04-17 15:55:29,277 - DEBUG - = connection is CONNECTING
2023-04-17 15:55:29,310 - DEBUG - > GET /ocpp16/ELA007C05/EVSCA050001 HTTP/1.1
2023-04-17 15:55:29,310 - DEBUG - > Host: ws.devevspcharger.uplus.co.kr
2023-04-17 15:55:29,311 - DEBUG - > Upgrade: websocket
2023-04-17 15:55:29,311 - DEBUG - > Connection: Upgrade
2023-04-17 15:55:29,311 - DEBUG - > Sec-WebSocket-Key: xfH1ArnNfgBMNsAIVcTrug==
2023-04-17 15:55:29,311 - DEBUG - > Sec-WebSocket-Version: 13
2023-04-17 15:55:29,311 - DEBUG - > Sec-WebSocket-Extensions: permessage-deflate; client_max_window_bits
2023-04-17 15:55:29,311 - DEBUG - > Sec-WebSocket-Protocol: ocpp1.6
2023-04-17 15:55:29,311 - DEBUG - > Authorization: Basic RVZBUjpFVkFSTEdV
2023-04-17 15:55:29,311 - DEBUG - > User-Agent: Python/3.11 websockets/10.4
2023-04-17 15:55:29,837 - DEBUG - < HTTP/1.1 101 Switching Protocols
2023-04-17 15:55:29,837 - DEBUG - < Connection: upgrade
2023-04-17 15:55:29,838 - DEBUG - < Date: Mon, 17 Apr 2023 06:55:18 GMT
2023-04-17 15:55:29,838 - DEBUG - < sec-websocket-protocol: ocpp1.6
2023-04-17 15:55:29,838 - DEBUG - < upgrade: websocket
2023-04-17 15:55:29,838 - DEBUG - < sec-websocket-accept: rxmFaA1B35pBEvCOLbS2VaoSCO8=
2023-04-17 15:55:29,838 - DEBUG - < sec-websocket-extensions: permessage-deflate
2023-04-17 15:55:29,838 - DEBUG - < X-Cache: Miss from cloudfront
2023-04-17 15:55:29,838 - DEBUG - < Via: 1.1 0deed69f96030eea747cb7bfcfd21562.cloudfront.net (CloudFront)
2023-04-17 15:55:29,838 - DEBUG - < X-Amz-Cf-Pop: ICN57-P2
2023-04-17 15:55:29,838 - DEBUG - < X-Amz-Cf-Id: wR1pLsLtzpRqrh8cEQRQzaxkg79YwN2eic0nYml0sZnf2BMwRAlYGw==
2023-04-17 15:55:29,839 - DEBUG - = connection is OPEN
2023-04-17 15:55:29,860 - DEBUG - > TEXT '[2, "ff68f85f-2b18-42db-8650-4d311d803396", "Bo...ePointVendor": "EVAR"}]' [127 bytes]
2023-04-17 15:55:30,287 - DEBUG - < TEXT '[3, "ff68f85f-2b18-42db-8650-4d311d803396", {"s...19Z", "interval": 600}]' [123 bytes]
2023-04-17 15:55:31,348 - DEBUG - % sending keepalive ping
2023-04-17 15:55:31,348 - DEBUG - > PING b3 dc 9b 50 [binary, 4 bytes]
2023-04-17 15:55:31,356 - DEBUG - < PONG b3 dc 9b 50 [binary, 4 bytes]
2023-04-17 15:55:31,358 - DEBUG - % received keepalive pong
2023-04-17 15:55:35,116 - DEBUG - Starting new HTTPS connection (1): rgw.devevspcharger.uplus.co.kr:443
2023-04-17 15:55:35,719 - DEBUG - https://rgw.devevspcharger.uplus.co.kr:443 "POST /ioc HTTP/1.1" 200 167
2023-04-17 15:55:35,734 - DEBUG - < TEXT '[2, "e0fc006b-bd0f-4454-8268-c9e798a69c19", "Ch...nId", "value": "true"}]' [122 bytes]
2023-04-17 15:55:35,738 - DEBUG - > TEXT '[3, "e0fc006b-bd0f-4454-8268-c9e798a69c19", {"status": "Accepted"}]' [67 bytes]
2023-04-17 15:55:35,866 - DEBUG - < TEXT '' [0 bytes]
2023-04-17 15:55:38,210 - DEBUG - Starting new HTTPS connection (1): rgw.devevspcharger.uplus.co.kr:443
2023-04-17 15:55:38,633 - DEBUG - https://rgw.devevspcharger.uplus.co.kr:443 "POST /ioc HTTP/1.1" 200 162
2023-04-17 15:55:38,648 - DEBUG - < TEXT '[2, "1867db3e-3570-4dd0-b1c1-bac7d3b72b42", "Ch...ine", "value": "true"}]' [117 bytes]
2023-04-17 15:55:38,652 - DEBUG - > TEXT '[3, "1867db3e-3570-4dd0-b1c1-bac7d3b72b42", {"status": "Accepted"}]' [67 bytes]
2023-04-17 15:55:38,807 - DEBUG - < TEXT '' [0 bytes]
2023-04-17 15:55:41,784 - DEBUG - Starting new HTTPS connection (1): rgw.devevspcharger.uplus.co.kr:443
2023-04-17 15:55:42,173 - DEBUG - https://rgw.devevspcharger.uplus.co.kr:443 "POST /ioc HTTP/1.1" 200 106
2023-04-17 15:55:42,181 - DEBUG - < TEXT '[2, "25ea5eda-3ded-4999-87c5-98bfcc948071", "ClearCache", {}]' [61 bytes]
2023-04-17 15:55:42,185 - DEBUG - > TEXT '[3, "25ea5eda-3ded-4999-87c5-98bfcc948071", {"status": "Accepted"}]' [67 bytes]
2023-04-17 15:55:42,339 - DEBUG - < TEXT '' [0 bytes]
2023-04-17 15:55:42,366 - DEBUG - > TEXT '[2, "e14aa28a-eddc-4acf-a716-e71820f1c378", "St...2023-04-17T15:55:29Z"}]' [170 bytes]
2023-04-17 15:55:42,721 - DEBUG - < TEXT '[3, "e14aa28a-eddc-4acf-a716-e71820f1c378", {"t...{"status": "Invalid"}}]' [109 bytes]
2023-04-17 15:55:42,757 - DEBUG - > TEXT '[2, "ff68f85f-2b18-42db-8650-4d311d803396", "St... "status": "Charging"}]' [131 bytes]
2023-04-17 15:55:42,940 - DEBUG - < TEXT '[3, "ff68f85f-2b18-42db-8650-4d311d803396", {}]' [47 bytes]
2023-04-17 15:55:42,969 - DEBUG - > TEXT '[2, "1fd45987-c637-4389-aa01-d6ceaa8e1698", "St...ason": "DeAuthorized"}]' [175 bytes]
2023-04-17 15:55:43,282 - DEBUG - < TEXT '[3, "1fd45987-c637-4389-aa01-d6ceaa8e1698", {"i...{"status": "Invalid"}}]' [81 bytes]
2023-04-17 15:55:43,322 - DEBUG - > TEXT '[2, "ff68f85f-2b18-42db-8650-4d311d803396", "St..."status": "Finishing"}]' [132 bytes]
2023-04-17 15:55:43,479 - DEBUG - < TEXT '[3, "ff68f85f-2b18-42db-8650-4d311d803396", {}]' [47 bytes]
2023-04-17 15:55:43,524 - DEBUG - > TEXT '[2, "ff68f85f-2b18-42db-8650-4d311d803396", "St..."status": "Available"}]' [132 bytes]
2023-04-17 15:55:43,708 - DEBUG - < TEXT '[3, "ff68f85f-2b18-42db-8650-4d311d803396", {}]' [47 bytes]
2023-04-17 15:55:43,734 - DEBUG - = connection is CLOSING
2023-04-17 15:55:43,735 - DEBUG - > CLOSE 1000 (OK) [2 bytes]
2023-04-17 15:55:43,744 - DEBUG - < CLOSE 1000 (OK) [2 bytes]
2023-04-17 15:55:43,748 - DEBUG - = connection is CLOSED
2023-04-17 15:55:51,343 - DEBUG - % sending keepalive ping
2023-04-17 15:55:51,343 - DEBUG - > PING 74 2c 07 dc [binary, 4 bytes]
2023-04-17 15:55:51,351 - DEBUG - < PONG 74 2c 07 dc [binary, 4 bytes]
2023-04-17 15:55:51,353 - DEBUG - % received keepalive pong
2023-04-17 15:56:11,344 - DEBUG - % sending keepalive ping
2023-04-17 15:56:11,344 - DEBUG - > PING '\x0fUPm' [text, 4 bytes]
2023-04-17 15:56:11,351 - DEBUG - < PONG '\x0fUPm' [text, 4 bytes]
2023-04-17 15:56:11,356 - DEBUG - % received keepalive pong
2023-04-17 15:56:31,350 - DEBUG - % sending keepalive ping
2023-04-17 15:56:31,350 - DEBUG - > PING 06 70 5c e5 [binary, 4 bytes]
2023-04-17 15:56:31,357 - DEBUG - < PONG 06 70 5c e5 [binary, 4 bytes]
2023-04-17 15:56:31,361 - DEBUG - % received keepalive pong
2023-04-17 15:56:51,348 - DEBUG - % sending keepalive ping
2023-04-17 15:56:51,350 - DEBUG - > PING c9 3b 30 69 [binary, 4 bytes]
2023-04-17 15:56:51,367 - DEBUG - < PONG c9 3b 30 69 [binary, 4 bytes]
2023-04-17 15:56:51,371 - DEBUG - % received keepalive pong
2023-04-17 15:57:11,385 - DEBUG - % sending keepalive ping
2023-04-17 15:57:11,386 - DEBUG - > PING cb 45 a6 eb [binary, 4 bytes]
2023-04-17 15:57:11,393 - DEBUG - < PONG cb 45 a6 eb [binary, 4 bytes]
2023-04-17 15:57:11,396 - DEBUG - % received keepalive pong
2023-04-17 15:57:31,402 - DEBUG - % sending keepalive ping
2023-04-17 15:57:31,402 - DEBUG - > PING fb a6 9e 80 [binary, 4 bytes]
2023-04-17 15:57:31,410 - DEBUG - < PONG fb a6 9e 80 [binary, 4 bytes]
2023-04-17 15:57:31,418 - DEBUG - % received keepalive pong
2023-04-17 15:57:51,428 - DEBUG - % sending keepalive ping
2023-04-17 15:57:51,429 - DEBUG - > PING 5e 89 66 8b [binary, 4 bytes]
2023-04-17 15:57:51,437 - DEBUG - < PONG 5e 89 66 8b [binary, 4 bytes]
2023-04-17 15:57:51,440 - DEBUG - % received keepalive pong
2023-04-17 15:58:11,445 - DEBUG - % sending keepalive ping
2023-04-17 15:58:11,445 - DEBUG - > PING eb 1d df 64 [binary, 4 bytes]
2023-04-17 15:58:11,452 - DEBUG - < PONG eb 1d df 64 [binary, 4 bytes]
2023-04-17 15:58:11,456 - DEBUG - % received keepalive pong
2023-04-17 15:58:31,437 - DEBUG - % sending keepalive ping
2023-04-17 15:58:31,437 - DEBUG - > PING ab 19 f4 f0 [binary, 4 bytes]
2023-04-17 15:58:31,444 - DEBUG - < PONG ab 19 f4 f0 [binary, 4 bytes]
2023-04-17 15:58:31,447 - DEBUG - % received keepalive pong
2023-04-17 15:58:51,440 - DEBUG - % sending keepalive ping
2023-04-17 15:58:51,440 - DEBUG - > PING 6b b6 ce 70 [binary, 4 bytes]
2023-04-17 15:58:51,453 - DEBUG - < PONG 6b b6 ce 70 [binary, 4 bytes]
2023-04-17 15:58:51,458 - DEBUG - % received keepalive pong
2023-04-17 15:59:11,446 - DEBUG - % sending keepalive ping
2023-04-17 15:59:11,447 - DEBUG - > PING f5 44 49 14 [binary, 4 bytes]
2023-04-17 15:59:11,460 - DEBUG - < PONG f5 44 49 14 [binary, 4 bytes]
2023-04-17 15:59:11,464 - DEBUG - % received keepalive pong
2023-04-17 15:59:31,452 - DEBUG - % sending keepalive ping
2023-04-17 15:59:31,453 - DEBUG - > PING '~c\x10(' [text, 4 bytes]
2023-04-17 15:59:31,461 - DEBUG - < PONG '~c\x10(' [text, 4 bytes]
2023-04-17 15:59:31,463 - DEBUG - % received keepalive pong
2023-04-17 15:59:51,436 - DEBUG - % sending keepalive ping
2023-04-17 15:59:51,437 - DEBUG - > PING 7c 25 c4 55 [binary, 4 bytes]
2023-04-17 15:59:51,456 - DEBUG - < PONG 7c 25 c4 55 [binary, 4 bytes]
2023-04-17 15:59:51,459 - DEBUG - % received keepalive pong
2023-04-17 16:00:11,439 - DEBUG - % sending keepalive ping
2023-04-17 16:00:11,439 - DEBUG - > PING e0 3f 53 ec [binary, 4 bytes]
2023-04-17 16:00:11,446 - DEBUG - < PONG e0 3f 53 ec [binary, 4 bytes]
2023-04-17 16:00:11,451 - DEBUG - % received keepalive pong
2023-04-17 16:00:31,443 - DEBUG - % sending keepalive ping
2023-04-17 16:00:31,443 - DEBUG - > PING 94 26 6e 2a [binary, 4 bytes]
2023-04-17 16:00:31,452 - DEBUG - < PONG 94 26 6e 2a [binary, 4 bytes]
2023-04-17 16:00:31,461 - DEBUG - % received keepalive pong
2023-04-17 16:00:51,448 - DEBUG - % sending keepalive ping
2023-04-17 16:00:51,448 - DEBUG - > PING 22 79 e1 30 [binary, 4 bytes]
2023-04-17 16:00:51,456 - DEBUG - < PONG 22 79 e1 30 [binary, 4 bytes]
2023-04-17 16:00:51,458 - DEBUG - % received keepalive pong
2023-04-17 16:01:11,435 - DEBUG - % sending keepalive ping
2023-04-17 16:01:11,436 - DEBUG - > PING f1 f9 f2 ca [binary, 4 bytes]
2023-04-17 16:01:11,444 - DEBUG - < PONG f1 f9 f2 ca [binary, 4 bytes]
2023-04-17 16:01:11,448 - DEBUG - % received keepalive pong
2023-04-17 16:01:31,445 - DEBUG - % sending keepalive ping
2023-04-17 16:01:31,445 - DEBUG - > PING 99 c7 5b ba [binary, 4 bytes]
2023-04-17 16:01:31,453 - DEBUG - < PONG 99 c7 5b ba [binary, 4 bytes]
2023-04-17 16:01:31,458 - DEBUG - % received keepalive pong
2023-04-17 16:01:51,436 - DEBUG - % sending keepalive ping
2023-04-17 16:01:51,436 - DEBUG - > PING '\x0b\x14\x7f ' [text, 4 bytes]
2023-04-17 16:01:51,445 - DEBUG - < PONG '\x0b\x14\x7f ' [text, 4 bytes]
2023-04-17 16:01:51,449 - DEBUG - % received keepalive pong
2023-04-17 16:02:06,541 - DEBUG - = connection is CONNECTING
2023-04-17 16:02:06,570 - DEBUG - > GET /ocpp16/ELA007C05/EVSCA050001 HTTP/1.1
2023-04-17 16:02:06,571 - DEBUG - > Host: ws.devevspcharger.uplus.co.kr
2023-04-17 16:02:06,571 - DEBUG - > Upgrade: websocket
2023-04-17 16:02:06,571 - DEBUG - > Connection: Upgrade
2023-04-17 16:02:06,571 - DEBUG - > Sec-WebSocket-Key: 9bgfgS3RQc+sko2AmYfkdw==
2023-04-17 16:02:06,571 - DEBUG - > Sec-WebSocket-Version: 13
2023-04-17 16:02:06,571 - DEBUG - > Sec-WebSocket-Extensions: permessage-deflate; client_max_window_bits
2023-04-17 16:02:06,571 - DEBUG - > Sec-WebSocket-Protocol: ocpp1.6
2023-04-17 16:02:06,571 - DEBUG - > Authorization: Basic RVZBUjpFVkFSTEdV
2023-04-17 16:02:06,571 - DEBUG - > User-Agent: Python/3.11 websockets/10.4
2023-04-17 16:02:08,033 - DEBUG - < HTTP/1.1 101 Switching Protocols
2023-04-17 16:02:08,033 - DEBUG - < Connection: upgrade
2023-04-17 16:02:08,033 - DEBUG - < Date: Mon, 17 Apr 2023 07:01:56 GMT
2023-04-17 16:02:08,033 - DEBUG - < sec-websocket-protocol: ocpp1.6
2023-04-17 16:02:08,033 - DEBUG - < upgrade: websocket
2023-04-17 16:02:08,034 - DEBUG - < sec-websocket-accept: vovIC+VCvvpdYMx8S5b/FsIYG50=
2023-04-17 16:02:08,034 - DEBUG - < sec-websocket-extensions: permessage-deflate
2023-04-17 16:02:08,034 - DEBUG - < X-Cache: Miss from cloudfront
2023-04-17 16:02:08,034 - DEBUG - < Via: 1.1 c6ed8cd25e4ec3b0d1a9c72155758a62.cloudfront.net (CloudFront)
2023-04-17 16:02:08,034 - DEBUG - < X-Amz-Cf-Pop: ICN57-P2
2023-04-17 16:02:08,034 - DEBUG - < X-Amz-Cf-Id: UTvIurNgcqnmttA0nMBHeAOr34ntDRzH2wMs3coIS4uaUI7pLWgNBg==
2023-04-17 16:02:08,034 - DEBUG - = connection is OPEN
2023-04-17 16:02:08,072 - DEBUG - > TEXT '[2, "d1d789d0-3934-4d4e-804f-976992bd07ad", "Bo...ePointVendor": "EVAR"}]' [127 bytes]
2023-04-17 16:02:08,513 - DEBUG - < TEXT '[3, "d1d789d0-3934-4d4e-804f-976992bd07ad", {"s...57Z", "interval": 600}]' [123 bytes]
2023-04-17 16:02:10,308 - DEBUG - Starting new HTTPS connection (1): rgw.devevspcharger.uplus.co.kr:443
2023-04-17 16:02:11,832 - DEBUG - https://rgw.devevspcharger.uplus.co.kr:443 "POST /ioc HTTP/1.1" 200 148
2023-04-17 16:02:11,847 - DEBUG - < TEXT '[2, "e792b914-1b3a-4cc3-a04b-8110f8a465e2", "Ge...izeRemoteTxRequests"]}]' [103 bytes]
2023-04-17 16:02:11,848 - DEBUG - % sending keepalive ping
2023-04-17 16:02:11,848 - DEBUG - > PING 54 25 f2 13 [binary, 4 bytes]
2023-04-17 16:02:11,854 - DEBUG - > TEXT '[3, "e792b914-1b3a-4cc3-a04b-8110f8a465e2", {"c...ue", "value": "300"}]}]' [141 bytes]
2023-04-17 16:02:11,871 - DEBUG - < PONG 54 25 f2 13 [binary, 4 bytes]
2023-04-17 16:02:11,877 - DEBUG - % received keepalive pong
2023-04-17 16:02:12,002 - DEBUG - < TEXT '' [0 bytes]
2023-04-17 16:02:12,036 - DEBUG - > TEXT '[2, "d1d789d0-3934-4d4e-804f-976992bd07ad", "St..."status": "Preparing"}]' [132 bytes]
2023-04-17 16:02:12,234 - DEBUG - < TEXT '[3, "d1d789d0-3934-4d4e-804f-976992bd07ad", {}]' [47 bytes]
2023-04-17 16:02:28,057 - DEBUG - % sending keepalive ping
2023-04-17 16:02:28,057 - DEBUG - > PING b0 14 10 a9 [binary, 4 bytes]
2023-04-17 16:02:28,065 - DEBUG - < PONG b0 14 10 a9 [binary, 4 bytes]
2023-04-17 16:02:28,066 - DEBUG - % received keepalive pong
2023-04-17 16:02:31,870 - DEBUG - % sending keepalive ping
2023-04-17 16:02:31,871 - DEBUG - > PING fa f4 a4 1d [binary, 4 bytes]
2023-04-17 16:02:31,878 - DEBUG - < PONG fa f4 a4 1d [binary, 4 bytes]
2023-04-17 16:02:31,880 - DEBUG - % received keepalive pong
2023-04-17 16:02:48,074 - DEBUG - % sending keepalive ping
2023-04-17 16:02:48,074 - DEBUG - > PING ce c6 89 53 [binary, 4 bytes]
2023-04-17 16:02:48,082 - DEBUG - < PONG ce c6 89 53 [binary, 4 bytes]
2023-04-17 16:02:48,084 - DEBUG - % received keepalive pong
2023-04-17 16:02:51,880 - DEBUG - % sending keepalive ping
2023-04-17 16:02:51,880 - DEBUG - > PING 1d 95 82 12 [binary, 4 bytes]
2023-04-17 16:02:51,889 - DEBUG - < PONG 1d 95 82 12 [binary, 4 bytes]
2023-04-17 16:02:51,893 - DEBUG - % received keepalive pong
2023-04-17 16:03:04,651 - DEBUG - = connection is CONNECTING
2023-04-17 16:03:04,682 - DEBUG - > GET /ocpp16/ELA007C05/EVSCA050001 HTTP/1.1
2023-04-17 16:03:04,682 - DEBUG - > Host: ws.devevspcharger.uplus.co.kr
2023-04-17 16:03:04,682 - DEBUG - > Upgrade: websocket
2023-04-17 16:03:04,682 - DEBUG - > Connection: Upgrade
2023-04-17 16:03:04,682 - DEBUG - > Sec-WebSocket-Key: 43cRo2qjoMisrqsJwt65Ow==
2023-04-17 16:03:04,682 - DEBUG - > Sec-WebSocket-Version: 13
2023-04-17 16:03:04,682 - DEBUG - > Sec-WebSocket-Extensions: permessage-deflate; client_max_window_bits
2023-04-17 16:03:04,682 - DEBUG - > Sec-WebSocket-Protocol: ocpp1.6
2023-04-17 16:03:04,682 - DEBUG - > Authorization: Basic RVZBUjpFVkFSTEdV
2023-04-17 16:03:04,683 - DEBUG - > User-Agent: Python/3.11 websockets/10.4
2023-04-17 16:03:05,000 - DEBUG - < HTTP/1.1 101 Switching Protocols
2023-04-17 16:03:05,000 - DEBUG - < Connection: upgrade
2023-04-17 16:03:05,000 - DEBUG - < Date: Mon, 17 Apr 2023 07:02:53 GMT
2023-04-17 16:03:05,001 - DEBUG - < sec-websocket-protocol: ocpp1.6
2023-04-17 16:03:05,001 - DEBUG - < upgrade: websocket
2023-04-17 16:03:05,001 - DEBUG - < sec-websocket-accept: V7eQC+h/87R1vtF1qZH0tzKBrjI=
2023-04-17 16:03:05,001 - DEBUG - < sec-websocket-extensions: permessage-deflate
2023-04-17 16:03:05,001 - DEBUG - < X-Cache: Miss from cloudfront
2023-04-17 16:03:05,001 - DEBUG - < Via: 1.1 88978ba000ab6fbb0841a728290a8442.cloudfront.net (CloudFront)
2023-04-17 16:03:05,001 - DEBUG - < X-Amz-Cf-Pop: ICN57-P2
2023-04-17 16:03:05,002 - DEBUG - < X-Amz-Cf-Id: utgiveAB2IbuF9SSpjMUOgMp6hQPycl5gOoOf4e2-ACbw9JzlI_UDQ==
2023-04-17 16:03:05,002 - DEBUG - = connection is OPEN
2023-04-17 16:03:05,035 - DEBUG - > TEXT '[2, "345f4f99-4e99-439a-ae4d-6bf6fa4f9fc4", "Bo...ePointVendor": "EVAR"}]' [127 bytes]
2023-04-17 16:03:05,292 - DEBUG - < TEXT '[3, "345f4f99-4e99-439a-ae4d-6bf6fa4f9fc4", {"s...54Z", "interval": 600}]' [123 bytes]
2023-04-17 16:03:07,256 - DEBUG - Starting new HTTPS connection (1): rgw.devevspcharger.uplus.co.kr:443
2023-04-17 16:03:07,709 - DEBUG - https://rgw.devevspcharger.uplus.co.kr:443 "POST /ioc HTTP/1.1" 200 148
2023-04-17 16:03:07,721 - DEBUG - < TEXT '[2, "b252410d-9a69-4e33-8485-a25acb188999", "Ge...izeRemoteTxRequests"]}]' [103 bytes]
2023-04-17 16:03:07,729 - DEBUG - > TEXT '[3, "b252410d-9a69-4e33-8485-a25acb188999", {"c...ue", "value": "300"}]}]' [141 bytes]
2023-04-17 16:03:07,885 - DEBUG - < TEXT '' [0 bytes]
2023-04-17 16:03:07,929 - DEBUG - > TEXT '[2, "345f4f99-4e99-439a-ae4d-6bf6fa4f9fc4", "St..."status": "Preparing"}]' [132 bytes]
2023-04-17 16:03:08,069 - DEBUG - % sending keepalive ping
2023-04-17 16:03:08,069 - DEBUG - > PING '\x7fD\n\x7f' [text, 4 bytes]
2023-04-17 16:03:08,077 - DEBUG - < PONG '\x7fD\n\x7f' [text, 4 bytes]
2023-04-17 16:03:08,080 - DEBUG - % received keepalive pong
2023-04-17 16:03:08,200 - DEBUG - < TEXT '[3, "345f4f99-4e99-439a-ae4d-6bf6fa4f9fc4", {}]' [47 bytes]
2023-04-17 16:03:11,889 - DEBUG - % sending keepalive ping
2023-04-17 16:03:11,890 - DEBUG - > PING 84 80 ba a7 [binary, 4 bytes]
2023-04-17 16:03:11,897 - DEBUG - < PONG 84 80 ba a7 [binary, 4 bytes]
2023-04-17 16:03:11,900 - DEBUG - % received keepalive pong
2023-04-17 16:03:25,014 - DEBUG - % sending keepalive ping
2023-04-17 16:03:25,014 - DEBUG - > PING 6f 82 d7 2c [binary, 4 bytes]
2023-04-17 16:03:25,024 - DEBUG - < PONG 6f 82 d7 2c [binary, 4 bytes]
2023-04-17 16:03:25,028 - DEBUG - % received keepalive pong
2023-04-17 16:03:28,067 - DEBUG - % sending keepalive ping
2023-04-17 16:03:28,068 - DEBUG - > PING 39 88 72 5f [binary, 4 bytes]
2023-04-17 16:03:28,077 - DEBUG - < PONG 39 88 72 5f [binary, 4 bytes]
2023-04-17 16:03:28,084 - DEBUG - % received keepalive pong
2023-04-17 16:03:31,891 - DEBUG - % sending keepalive ping
2023-04-17 16:03:31,891 - DEBUG - > PING 35 e4 17 5c [binary, 4 bytes]
2023-04-17 16:03:31,898 - DEBUG - < PONG 35 e4 17 5c [binary, 4 bytes]
2023-04-17 16:03:31,901 - DEBUG - % received keepalive pong
2023-04-17 16:03:45,018 - DEBUG - % sending keepalive ping
2023-04-17 16:03:45,018 - DEBUG - > PING d3 e7 fe 2e [binary, 4 bytes]
2023-04-17 16:03:45,025 - DEBUG - < PONG d3 e7 fe 2e [binary, 4 bytes]
2023-04-17 16:03:45,028 - DEBUG - % received keepalive pong
2023-04-17 16:03:48,063 - DEBUG - % sending keepalive ping
2023-04-17 16:03:48,063 - DEBUG - > PING 5f c0 20 82 [binary, 4 bytes]
2023-04-17 16:03:48,073 - DEBUG - < PONG 5f c0 20 82 [binary, 4 bytes]
2023-04-17 16:03:48,079 - DEBUG - % received keepalive pong
2023-04-17 16:03:51,890 - DEBUG - % sending keepalive ping
2023-04-17 16:03:51,890 - DEBUG - > PING d5 80 99 db [binary, 4 bytes]
2023-04-17 16:03:51,898 - DEBUG - < PONG d5 80 99 db [binary, 4 bytes]
2023-04-17 16:03:51,902 - DEBUG - % received keepalive pong
2023-04-17 16:04:05,021 - DEBUG - % sending keepalive ping
2023-04-17 16:04:05,021 - DEBUG - > PING 38 4d f8 fa [binary, 4 bytes]
2023-04-17 16:04:05,029 - DEBUG - < PONG 38 4d f8 fa [binary, 4 bytes]
2023-04-17 16:04:05,032 - DEBUG - % received keepalive pong
2023-04-17 16:04:08,073 - DEBUG - % sending keepalive ping
2023-04-17 16:04:08,074 - DEBUG - > PING 99 6d c2 ba [binary, 4 bytes]
2023-04-17 16:04:08,083 - DEBUG - < PONG 99 6d c2 ba [binary, 4 bytes]
2023-04-17 16:04:08,086 - DEBUG - % received keepalive pong
2023-04-17 16:04:11,891 - DEBUG - % sending keepalive ping
2023-04-17 16:04:11,891 - DEBUG - > PING b3 15 9b 2c [binary, 4 bytes]
2023-04-17 16:04:11,900 - DEBUG - < PONG b3 15 9b 2c [binary, 4 bytes]
2023-04-17 16:04:11,903 - DEBUG - % received keepalive pong
2023-04-17 16:04:25,024 - DEBUG - % sending keepalive ping
2023-04-17 16:04:25,025 - DEBUG - > PING 96 be 13 38 [binary, 4 bytes]
2023-04-17 16:04:25,032 - DEBUG - < PONG 96 be 13 38 [binary, 4 bytes]
2023-04-17 16:04:25,035 - DEBUG - % received keepalive pong
2023-04-17 16:04:28,059 - DEBUG - % sending keepalive ping
2023-04-17 16:04:28,059 - DEBUG - > PING a9 73 0d 78 [binary, 4 bytes]
2023-04-17 16:04:28,069 - DEBUG - < PONG a9 73 0d 78 [binary, 4 bytes]
2023-04-17 16:04:28,073 - DEBUG - % received keepalive pong
2023-04-17 16:04:31,896 - DEBUG - % sending keepalive ping
2023-04-17 16:04:31,896 - DEBUG - > PING f0 a0 bb 6d [binary, 4 bytes]
2023-04-17 16:04:31,904 - DEBUG - < PONG f0 a0 bb 6d [binary, 4 bytes]
2023-04-17 16:04:31,906 - DEBUG - % received keepalive pong
2023-04-17 16:04:45,024 - DEBUG - % sending keepalive ping
2023-04-17 16:04:45,024 - DEBUG - > PING 97 50 74 4a [binary, 4 bytes]
2023-04-17 16:04:45,032 - DEBUG - < PONG 97 50 74 4a [binary, 4 bytes]
2023-04-17 16:04:45,035 - DEBUG - % received keepalive pong
2023-04-17 16:04:48,072 - DEBUG - % sending keepalive ping
2023-04-17 16:04:48,072 - DEBUG - > PING a3 1e 7f bb [binary, 4 bytes]
2023-04-17 16:04:48,079 - DEBUG - < PONG a3 1e 7f bb [binary, 4 bytes]
2023-04-17 16:04:48,081 - DEBUG - % received keepalive pong
2023-04-17 16:04:51,891 - DEBUG - % sending keepalive ping
2023-04-17 16:04:51,892 - DEBUG - > PING e3 91 5f 3f [binary, 4 bytes]
2023-04-17 16:04:51,899 - DEBUG - < PONG e3 91 5f 3f [binary, 4 bytes]
2023-04-17 16:04:51,902 - DEBUG - % received keepalive pong
2023-04-17 16:05:05,016 - DEBUG - % sending keepalive ping
2023-04-17 16:05:05,016 - DEBUG - > PING 84 af 82 c7 [binary, 4 bytes]
2023-04-17 16:05:05,024 - DEBUG - < PONG 84 af 82 c7 [binary, 4 bytes]
2023-04-17 16:05:05,028 - DEBUG - % received keepalive pong
2023-04-17 16:05:08,074 - DEBUG - % sending keepalive ping
2023-04-17 16:05:08,074 - DEBUG - > PING 26 9e da 0f [binary, 4 bytes]
2023-04-17 16:05:08,084 - DEBUG - < PONG 26 9e da 0f [binary, 4 bytes]
2023-04-17 16:05:08,092 - DEBUG - % received keepalive pong
2023-04-17 16:05:11,901 - DEBUG - % sending keepalive ping
2023-04-17 16:05:11,901 - DEBUG - > PING 96 89 a3 08 [binary, 4 bytes]
2023-04-17 16:05:11,913 - DEBUG - < PONG 96 89 a3 08 [binary, 4 bytes]
2023-04-17 16:05:11,918 - DEBUG - % received keepalive pong
2023-04-17 16:05:25,018 - DEBUG - % sending keepalive ping
2023-04-17 16:05:25,018 - DEBUG - > PING 34 bb f5 6d [binary, 4 bytes]
2023-04-17 16:05:25,025 - DEBUG - < PONG 34 bb f5 6d [binary, 4 bytes]
2023-04-17 16:05:25,029 - DEBUG - % received keepalive pong
2023-04-17 16:05:28,102 - DEBUG - % sending keepalive ping
2023-04-17 16:05:28,102 - DEBUG - > PING c0 45 6c 3b [binary, 4 bytes]
2023-04-17 16:05:28,112 - DEBUG - < PONG c0 45 6c 3b [binary, 4 bytes]
2023-04-17 16:05:28,119 - DEBUG - % received keepalive pong
2023-04-17 16:05:31,929 - DEBUG - % sending keepalive ping
2023-04-17 16:05:31,929 - DEBUG - > PING c1 42 84 82 [binary, 4 bytes]
2023-04-17 16:05:31,939 - DEBUG - < PONG c1 42 84 82 [binary, 4 bytes]
2023-04-17 16:05:31,949 - DEBUG - % received keepalive pong
2023-04-17 16:05:53,689 - DEBUG - = connection is CONNECTING
2023-04-17 16:05:53,725 - DEBUG - > GET /ocpp16/ELA007C05/EVSCA050001 HTTP/1.1
2023-04-17 16:05:53,726 - DEBUG - > Host: ws.devevspcharger.uplus.co.kr
2023-04-17 16:05:53,726 - DEBUG - > Upgrade: websocket
2023-04-17 16:05:53,726 - DEBUG - > Connection: Upgrade
2023-04-17 16:05:53,726 - DEBUG - > Sec-WebSocket-Key: jlcODXMGm9ASUw3YPgcbMQ==
2023-04-17 16:05:53,726 - DEBUG - > Sec-WebSocket-Version: 13
2023-04-17 16:05:53,726 - DEBUG - > Sec-WebSocket-Extensions: permessage-deflate; client_max_window_bits
2023-04-17 16:05:53,726 - DEBUG - > Sec-WebSocket-Protocol: ocpp1.6
2023-04-17 16:05:53,726 - DEBUG - > Authorization: Basic RVZBUjpFVkFSTEdV
2023-04-17 16:05:53,727 - DEBUG - > User-Agent: Python/3.11 websockets/10.4
2023-04-17 16:05:54,277 - DEBUG - < HTTP/1.1 101 Switching Protocols
2023-04-17 16:05:54,277 - DEBUG - < Connection: upgrade
2023-04-17 16:05:54,277 - DEBUG - < Date: Mon, 17 Apr 2023 07:05:43 GMT
2023-04-17 16:05:54,277 - DEBUG - < sec-websocket-protocol: ocpp1.6
2023-04-17 16:05:54,278 - DEBUG - < upgrade: websocket
2023-04-17 16:05:54,278 - DEBUG - < sec-websocket-accept: wX99Y0UxvfNHGYKIwNaXD9Ef1aA=
2023-04-17 16:05:54,278 - DEBUG - < sec-websocket-extensions: permessage-deflate
2023-04-17 16:05:54,278 - DEBUG - < X-Cache: Miss from cloudfront
2023-04-17 16:05:54,278 - DEBUG - < Via: 1.1 3ced0108f56d0634c19ad34e6b299e80.cloudfront.net (CloudFront)
2023-04-17 16:05:54,278 - DEBUG - < X-Amz-Cf-Pop: ICN57-P2
2023-04-17 16:05:54,278 - DEBUG - < X-Amz-Cf-Id: UzgBdFUuZdILSRkK6lY5jMn-ZvMJ6daCQz_4i6okSTIipRD3bvd2Rw==
2023-04-17 16:05:54,278 - DEBUG - = connection is OPEN
2023-04-17 16:05:54,299 - DEBUG - > TEXT '[2, "112cb69b-88a8-427f-bc3a-139a84917693", "Bo...ePointVendor": "EVAR"}]' [127 bytes]
2023-04-17 16:05:54,724 - DEBUG - < TEXT '[3, "112cb69b-88a8-427f-bc3a-139a84917693", {"s...43Z", "interval": 600}]' [123 bytes]
2023-04-17 16:06:14,277 - DEBUG - % sending keepalive ping
2023-04-17 16:06:14,278 - DEBUG - > PING d3 a0 ae 5f [binary, 4 bytes]
2023-04-17 16:06:14,284 - DEBUG - < PONG d3 a0 ae 5f [binary, 4 bytes]
2023-04-17 16:06:14,287 - DEBUG - % received keepalive pong
2023-04-17 16:06:34,269 - DEBUG - % sending keepalive ping
2023-04-17 16:06:34,270 - DEBUG - > PING '\x1cx\x07o' [text, 4 bytes]
2023-04-17 16:06:34,293 - DEBUG - < PONG '\x1cx\x07o' [text, 4 bytes]
2023-04-17 16:06:34,297 - DEBUG - % received keepalive pong
2023-04-17 16:06:54,306 - DEBUG - % sending keepalive ping
2023-04-17 16:06:54,306 - DEBUG - > PING f6 a6 06 24 [binary, 4 bytes]
2023-04-17 16:06:54,313 - DEBUG - < PONG f6 a6 06 24 [binary, 4 bytes]
2023-04-17 16:06:54,317 - DEBUG - % received keepalive pong
2023-04-17 16:07:14,323 - DEBUG - % sending keepalive ping
2023-04-17 16:07:14,323 - DEBUG - > PING e6 c1 6f 0b [binary, 4 bytes]
2023-04-17 16:07:14,329 - DEBUG - < PONG e6 c1 6f 0b [binary, 4 bytes]
2023-04-17 16:07:14,332 - DEBUG - % received keepalive pong
2023-04-17 16:07:34,313 - DEBUG - % sending keepalive ping
2023-04-17 16:07:34,313 - DEBUG - > PING 13 0d c6 6d [binary, 4 bytes]
2023-04-17 16:07:34,320 - DEBUG - < PONG 13 0d c6 6d [binary, 4 bytes]
2023-04-17 16:07:34,324 - DEBUG - % received keepalive pong
2023-04-17 16:07:54,322 - DEBUG - % sending keepalive ping
2023-04-17 16:07:54,322 - DEBUG - > PING 47 09 e3 24 [binary, 4 bytes]
2023-04-17 16:07:54,329 - DEBUG - < PONG 47 09 e3 24 [binary, 4 bytes]
2023-04-17 16:07:54,332 - DEBUG - % received keepalive pong
2023-04-17 16:08:14,316 - DEBUG - % sending keepalive ping
2023-04-17 16:08:14,316 - DEBUG - > PING '\x17\x18\x12|' [text, 4 bytes]
2023-04-17 16:08:14,323 - DEBUG - < PONG '\x17\x18\x12|' [text, 4 bytes]
2023-04-17 16:08:14,326 - DEBUG - % received keepalive pong
2023-04-17 16:08:34,319 - DEBUG - % sending keepalive ping
2023-04-17 16:08:34,319 - DEBUG - > PING 51 f8 e6 39 [binary, 4 bytes]
2023-04-17 16:08:34,329 - DEBUG - < PONG 51 f8 e6 39 [binary, 4 bytes]
2023-04-17 16:08:34,347 - DEBUG - % received keepalive pong
2023-04-17 16:08:47,398 - DEBUG - = connection is CONNECTING
2023-04-17 16:08:47,430 - DEBUG - > GET /ocpp16/ELA007C05/EVSCA050001 HTTP/1.1
2023-04-17 16:08:47,431 - DEBUG - > Host: ws.devevspcharger.uplus.co.kr
2023-04-17 16:08:47,431 - DEBUG - > Upgrade: websocket
2023-04-17 16:08:47,431 - DEBUG - > Connection: Upgrade
2023-04-17 16:08:47,431 - DEBUG - > Sec-WebSocket-Key: xfWF8n6e1Q5wSFGrYxsqgg==
2023-04-17 16:08:47,431 - DEBUG - > Sec-WebSocket-Version: 13
2023-04-17 16:08:47,431 - DEBUG - > Sec-WebSocket-Extensions: permessage-deflate; client_max_window_bits
2023-04-17 16:08:47,431 - DEBUG - > Sec-WebSocket-Protocol: ocpp1.6
2023-04-17 16:08:47,431 - DEBUG - > Authorization: Basic RVZBUjpFVkFSTEdV
2023-04-17 16:08:47,432 - DEBUG - > User-Agent: Python/3.11 websockets/10.4
2023-04-17 16:08:48,021 - DEBUG - < HTTP/1.1 101 Switching Protocols
2023-04-17 16:08:48,021 - DEBUG - < Connection: upgrade
2023-04-17 16:08:48,021 - DEBUG - < Date: Mon, 17 Apr 2023 07:08:36 GMT
2023-04-17 16:08:48,022 - DEBUG - < sec-websocket-protocol: ocpp1.6
2023-04-17 16:08:48,022 - DEBUG - < upgrade: websocket
2023-04-17 16:08:48,022 - DEBUG - < sec-websocket-accept: eGLRFw94ws0YnIXLqpcawv5uoh4=
2023-04-17 16:08:48,022 - DEBUG - < sec-websocket-extensions: permessage-deflate
2023-04-17 16:08:48,022 - DEBUG - < X-Cache: Miss from cloudfront
2023-04-17 16:08:48,022 - DEBUG - < Via: 1.1 3544dee363e510a888d5171c071b297e.cloudfront.net (CloudFront)
2023-04-17 16:08:48,022 - DEBUG - < X-Amz-Cf-Pop: ICN57-P2
2023-04-17 16:08:48,022 - DEBUG - < X-Amz-Cf-Id: Ah7qo65fjWso-gYHaE-I_zrMp9MVQkuZomylLgrwtjN7MPNgIdCCAg==
2023-04-17 16:08:48,022 - DEBUG - = connection is OPEN
2023-04-17 16:08:48,059 - DEBUG - > TEXT '[2, "1e1ec037-d539-4dbf-ae7b-39513a57f101", "Bo...ePointVendor": "EVAR"}]' [127 bytes]
2023-04-17 16:08:48,287 - DEBUG - < TEXT '[3, "1e1ec037-d539-4dbf-ae7b-39513a57f101", {"s...37Z", "interval": 600}]' [123 bytes]
2023-04-17 16:08:53,665 - DEBUG - = connection is CONNECTING
2023-04-17 16:08:53,699 - DEBUG - > GET /ocpp16/ELA007C05/EVSCA050001 HTTP/1.1
2023-04-17 16:08:53,699 - DEBUG - > Host: ws.devevspcharger.uplus.co.kr
2023-04-17 16:08:53,699 - DEBUG - > Upgrade: websocket
2023-04-17 16:08:53,699 - DEBUG - > Connection: Upgrade
2023-04-17 16:08:53,699 - DEBUG - > Sec-WebSocket-Key: FrxJ5TFe7i02OINpNVU07A==
2023-04-17 16:08:53,700 - DEBUG - > Sec-WebSocket-Version: 13
2023-04-17 16:08:53,700 - DEBUG - > Sec-WebSocket-Extensions: permessage-deflate; client_max_window_bits
2023-04-17 16:08:53,700 - DEBUG - > Sec-WebSocket-Protocol: ocpp1.6
2023-04-17 16:08:53,700 - DEBUG - > Authorization: Basic RVZBUjpFVkFSTEdV
2023-04-17 16:08:53,700 - DEBUG - > User-Agent: Python/3.11 websockets/10.4
2023-04-17 16:08:53,999 - DEBUG - < HTTP/1.1 101 Switching Protocols
2023-04-17 16:08:54,000 - DEBUG - < Connection: upgrade
2023-04-17 16:08:54,000 - DEBUG - < Date: Mon, 17 Apr 2023 07:08:42 GMT
2023-04-17 16:08:54,000 - DEBUG - < sec-websocket-protocol: ocpp1.6
2023-04-17 16:08:54,000 - DEBUG - < upgrade: websocket
2023-04-17 16:08:54,000 - DEBUG - < sec-websocket-accept: NZ4rgfl8NY4pKUOowk9EcoV7tB0=
2023-04-17 16:08:54,000 - DEBUG - < sec-websocket-extensions: permessage-deflate
2023-04-17 16:08:54,000 - DEBUG - < X-Cache: Miss from cloudfront
2023-04-17 16:08:54,000 - DEBUG - < Via: 1.1 5a0f884e3a21756e824f803c83d7f3d0.cloudfront.net (CloudFront)
2023-04-17 16:08:54,001 - DEBUG - < X-Amz-Cf-Pop: ICN57-P2
2023-04-17 16:08:54,001 - DEBUG - < X-Amz-Cf-Id: ZuipjMaKNM1Yq8WYP6g_YgcrwFvFan3eGq5qo7hPZZMMt__o-7S3EA==
2023-04-17 16:08:54,001 - DEBUG - = connection is OPEN
2023-04-17 16:08:54,041 - DEBUG - > TEXT '[2, "7a4caebe-6ac0-4749-a2aa-13c527560ada", "Bo...ePointVendor": "EVAR"}]' [127 bytes]
2023-04-17 16:08:54,315 - DEBUG - < TEXT '[3, "7a4caebe-6ac0-4749-a2aa-13c527560ada", {"s...43Z", "interval": 600}]' [123 bytes]
2023-04-17 16:08:54,386 - DEBUG - % sending keepalive ping
2023-04-17 16:08:54,386 - DEBUG - > PING f9 71 52 11 [binary, 4 bytes]
2023-04-17 16:08:54,393 - DEBUG - < PONG f9 71 52 11 [binary, 4 bytes]
2023-04-17 16:08:54,398 - DEBUG - % received keepalive pong
2023-04-17 16:09:04,524 - DEBUG - = connection is CONNECTING
2023-04-17 16:09:04,559 - DEBUG - > GET /ocpp16/ELA007C05/EVSCA050001 HTTP/1.1
2023-04-17 16:09:04,559 - DEBUG - > Host: ws.devevspcharger.uplus.co.kr
2023-04-17 16:09:04,560 - DEBUG - > Upgrade: websocket
2023-04-17 16:09:04,560 - DEBUG - > Connection: Upgrade
2023-04-17 16:09:04,560 - DEBUG - > Sec-WebSocket-Key: FJu9d8ctHNuonufPnsPAMw==
2023-04-17 16:09:04,560 - DEBUG - > Sec-WebSocket-Version: 13
2023-04-17 16:09:04,560 - DEBUG - > Sec-WebSocket-Extensions: permessage-deflate; client_max_window_bits
2023-04-17 16:09:04,560 - DEBUG - > Sec-WebSocket-Protocol: ocpp1.6
2023-04-17 16:09:04,560 - DEBUG - > Authorization: Basic RVZBUjpFVkFSTEdV
2023-04-17 16:09:04,560 - DEBUG - > User-Agent: Python/3.11 websockets/10.4
2023-04-17 16:09:04,817 - DEBUG - < HTTP/1.1 101 Switching Protocols
2023-04-17 16:09:04,817 - DEBUG - < Connection: upgrade
2023-04-17 16:09:04,817 - DEBUG - < Date: Mon, 17 Apr 2023 07:08:53 GMT
2023-04-17 16:09:04,817 - DEBUG - < sec-websocket-protocol: ocpp1.6
2023-04-17 16:09:04,817 - DEBUG - < upgrade: websocket
2023-04-17 16:09:04,817 - DEBUG - < sec-websocket-accept: TliQ0O2e2HSSPopRyNd1r5PDK5I=
2023-04-17 16:09:04,818 - DEBUG - < sec-websocket-extensions: permessage-deflate
2023-04-17 16:09:04,818 - DEBUG - < X-Cache: Miss from cloudfront
2023-04-17 16:09:04,818 - DEBUG - < Via: 1.1 3544dee363e510a888d5171c071b297e.cloudfront.net (CloudFront)
2023-04-17 16:09:04,818 - DEBUG - < X-Amz-Cf-Pop: ICN57-P2
2023-04-17 16:09:04,818 - DEBUG - < X-Amz-Cf-Id: 8DqKG1gS_D1e48kVzBSZYtGWTlJywORUtK3eoksjiCBQ7x1Wo6tk7w==
2023-04-17 16:09:04,818 - DEBUG - = connection is OPEN
2023-04-17 16:09:04,861 - DEBUG - > TEXT '[2, "5c244c36-9fcc-426b-bace-58af97cb7d4a", "Bo...ePointVendor": "EVAR"}]' [127 bytes]
2023-04-17 16:09:05,138 - DEBUG - < TEXT '[3, "5c244c36-9fcc-426b-bace-58af97cb7d4a", {"s...53Z", "interval": 600}]' [123 bytes]
2023-04-17 16:09:08,019 - DEBUG - % sending keepalive ping
2023-04-17 16:09:08,019 - DEBUG - > PING 3a 30 ac c0 [binary, 4 bytes]
2023-04-17 16:09:08,026 - DEBUG - < PONG 3a 30 ac c0 [binary, 4 bytes]
2023-04-17 16:09:08,031 - DEBUG - % received keepalive pong
2023-04-17 16:09:11,967 - DEBUG - Starting new HTTPS connection (1): rgw.devevspcharger.uplus.co.kr:443
2023-04-17 16:09:13,427 - DEBUG - https://rgw.devevspcharger.uplus.co.kr:443 "POST /ioc HTTP/1.1" 200 138
2023-04-17 16:09:13,440 - DEBUG - < TEXT '[2, "20337762-5688-45df-a6ca-58ea811f9714", "Re..."transactionId": 1221}]' [93 bytes]
2023-04-17 16:09:13,448 - DEBUG - > TEXT '[3, "20337762-5688-45df-a6ca-58ea811f9714", {"status": "Rejected"}]' [67 bytes]
2023-04-17 16:09:13,591 - DEBUG - < TEXT '' [0 bytes]
2023-04-17 16:09:13,608 - DEBUG - = connection is CLOSING
2023-04-17 16:09:13,609 - DEBUG - > CLOSE 1000 (OK) [2 bytes]
2023-04-17 16:09:13,615 - DEBUG - < CLOSE 1000 (OK) [2 bytes]
2023-04-17 16:09:13,618 - DEBUG - = connection is CLOSED
2023-04-17 16:09:14,019 - DEBUG - % sending keepalive ping
2023-04-17 16:09:14,020 - DEBUG - > PING 0f dc fd 3e [binary, 4 bytes]
2023-04-17 16:09:14,074 - DEBUG - < PONG 0f dc fd 3e [binary, 4 bytes]
2023-04-17 16:09:14,081 - DEBUG - % received keepalive pong
2023-04-17 16:09:14,396 - DEBUG - % sending keepalive ping
2023-04-17 16:09:14,396 - DEBUG - > PING '\x1312\x7f' [text, 4 bytes]
2023-04-17 16:09:14,403 - DEBUG - < PONG '\x1312\x7f' [text, 4 bytes]
2023-04-17 16:09:14,417 - DEBUG - % received keepalive pong
2023-04-17 16:09:28,015 - DEBUG - % sending keepalive ping
2023-04-17 16:09:28,016 - DEBUG - > PING 08 66 99 c4 [binary, 4 bytes]
2023-04-17 16:09:28,022 - DEBUG - < PONG 08 66 99 c4 [binary, 4 bytes]
2023-04-17 16:09:28,027 - DEBUG - % received keepalive pong
2023-04-17 16:09:34,075 - DEBUG - % sending keepalive ping
2023-04-17 16:09:34,075 - DEBUG - > PING d5 f8 1b 94 [binary, 4 bytes]
2023-04-17 16:09:34,081 - DEBUG - < PONG d5 f8 1b 94 [binary, 4 bytes]
2023-04-17 16:09:34,084 - DEBUG - % received keepalive pong
2023-04-17 16:09:34,392 - DEBUG - % sending keepalive ping
2023-04-17 16:09:34,392 - DEBUG - > PING b9 db a6 ef [binary, 4 bytes]
2023-04-17 16:09:34,400 - DEBUG - < PONG b9 db a6 ef [binary, 4 bytes]
2023-04-17 16:09:34,408 - DEBUG - % received keepalive pong
2023-04-17 16:09:48,018 - DEBUG - % sending keepalive ping
2023-04-17 16:09:48,018 - DEBUG - > PING b3 1c dd ad [binary, 4 bytes]
2023-04-17 16:09:48,036 - DEBUG - < PONG b3 1c dd ad [binary, 4 bytes]
2023-04-17 16:09:48,038 - DEBUG - % received keepalive pong
2023-04-17 16:09:54,061 - DEBUG - % sending keepalive ping
2023-04-17 16:09:54,061 - DEBUG - > PING 'K\u03e6\x13' [text, 4 bytes]
2023-04-17 16:09:54,079 - DEBUG - < PONG 'K\u03e6\x13' [text, 4 bytes]
2023-04-17 16:09:54,081 - DEBUG - % received keepalive pong
2023-04-17 16:09:54,397 - DEBUG - % sending keepalive ping
2023-04-17 16:09:54,397 - DEBUG - > PING dd c0 12 dd [binary, 4 bytes]
2023-04-17 16:09:54,404 - DEBUG - < PONG dd c0 12 dd [binary, 4 bytes]
2023-04-17 16:09:54,408 - DEBUG - % received keepalive pong
2023-04-17 16:10:08,022 - DEBUG - % sending keepalive ping
2023-04-17 16:10:08,022 - DEBUG - > PING 63 fc a7 65 [binary, 4 bytes]
2023-04-17 16:10:08,030 - DEBUG - < PONG 63 fc a7 65 [binary, 4 bytes]
2023-04-17 16:10:08,034 - DEBUG - % received keepalive pong
2023-04-17 16:10:14,068 - DEBUG - % sending keepalive ping
2023-04-17 16:10:14,068 - DEBUG - > PING 25 a3 05 50 [binary, 4 bytes]
2023-04-17 16:10:14,077 - DEBUG - < PONG 25 a3 05 50 [binary, 4 bytes]
2023-04-17 16:10:14,079 - DEBUG - % received keepalive pong
2023-04-17 16:10:14,398 - DEBUG - % sending keepalive ping
2023-04-17 16:10:14,399 - DEBUG - > PING d8 fd 63 fd [binary, 4 bytes]
2023-04-17 16:10:14,529 - DEBUG - < PONG d8 fd 63 fd [binary, 4 bytes]
2023-04-17 16:10:14,534 - DEBUG - % received keepalive pong
2023-04-17 16:10:28,017 - DEBUG - % sending keepalive ping
2023-04-17 16:10:28,018 - DEBUG - > PING 16 2b 8c 27 [binary, 4 bytes]
2023-04-17 16:10:28,033 - DEBUG - < PONG 16 2b 8c 27 [binary, 4 bytes]
2023-04-17 16:10:28,039 - DEBUG - % received keepalive pong
2023-04-17 16:10:34,064 - DEBUG - % sending keepalive ping
2023-04-17 16:10:34,064 - DEBUG - > PING 98 7a 29 43 [binary, 4 bytes]
2023-04-17 16:10:34,072 - DEBUG - < PONG 98 7a 29 43 [binary, 4 bytes]
2023-04-17 16:10:34,076 - DEBUG - % received keepalive pong
2023-04-17 16:10:34,520 - DEBUG - % sending keepalive ping
2023-04-17 16:10:34,521 - DEBUG - > PING 'xcGi' [text, 4 bytes]
2023-04-17 16:10:34,533 - DEBUG - < PONG 'xcGi' [text, 4 bytes]
2023-04-17 16:10:34,539 - DEBUG - % received keepalive pong
2023-04-17 16:10:48,012 - DEBUG - % sending keepalive ping
2023-04-17 16:10:48,012 - DEBUG - > PING 55 cb 7d ff [binary, 4 bytes]
2023-04-17 16:10:48,021 - DEBUG - < PONG 55 cb 7d ff [binary, 4 bytes]
2023-04-17 16:10:48,024 - DEBUG - % received keepalive pong
2023-04-17 16:10:54,062 - DEBUG - % sending keepalive ping
2023-04-17 16:10:54,062 - DEBUG - > PING 'G0f*' [text, 4 bytes]
2023-04-17 16:10:54,070 - DEBUG - < PONG 'G0f*' [text, 4 bytes]
2023-04-17 16:10:54,073 - DEBUG - % received keepalive pong
2023-04-17 16:10:54,518 - DEBUG - % sending keepalive ping
2023-04-17 16:10:54,519 - DEBUG - > PING f9 fc da 38 [binary, 4 bytes]
2023-04-17 16:10:54,526 - DEBUG - < PONG f9 fc da 38 [binary, 4 bytes]
2023-04-17 16:10:54,530 - DEBUG - % received keepalive pong
2023-04-17 16:11:08,026 - DEBUG - % sending keepalive ping
2023-04-17 16:11:08,027 - DEBUG - > PING b9 34 95 c6 [binary, 4 bytes]
2023-04-17 16:11:08,040 - DEBUG - < PONG b9 34 95 c6 [binary, 4 bytes]
2023-04-17 16:11:08,047 - DEBUG - % received keepalive pong
2023-04-17 16:11:14,070 - DEBUG - % sending keepalive ping
2023-04-17 16:11:14,070 - DEBUG - > PING 30 cf 66 15 [binary, 4 bytes]
2023-04-17 16:11:14,078 - DEBUG - < PONG 30 cf 66 15 [binary, 4 bytes]
2023-04-17 16:11:14,080 - DEBUG - % received keepalive pong
2023-04-17 16:11:14,523 - DEBUG - % sending keepalive ping
2023-04-17 16:11:14,523 - DEBUG - > PING ab d9 b2 7c [binary, 4 bytes]
2023-04-17 16:11:14,529 - DEBUG - < PONG ab d9 b2 7c [binary, 4 bytes]
2023-04-17 16:11:14,537 - DEBUG - % received keepalive pong
2023-04-17 16:11:23,335 - DEBUG - = connection is CONNECTING
2023-04-17 16:11:23,369 - DEBUG - > GET /ocpp16/ELA007C05/EVSCA050001 HTTP/1.1
2023-04-17 16:11:23,369 - DEBUG - > Host: ws.devevspcharger.uplus.co.kr
2023-04-17 16:11:23,369 - DEBUG - > Upgrade: websocket
2023-04-17 16:11:23,370 - DEBUG - > Connection: Upgrade
2023-04-17 16:11:23,370 - DEBUG - > Sec-WebSocket-Key: AmHNuPnXva3iFLJ5Xm/svw==
2023-04-17 16:11:23,370 - DEBUG - > Sec-WebSocket-Version: 13
2023-04-17 16:11:23,370 - DEBUG - > Sec-WebSocket-Extensions: permessage-deflate; client_max_window_bits
2023-04-17 16:11:23,370 - DEBUG - > Sec-WebSocket-Protocol: ocpp1.6
2023-04-17 16:11:23,370 - DEBUG - > Authorization: Basic RVZBUjpFVkFSTEdV
2023-04-17 16:11:23,370 - DEBUG - > User-Agent: Python/3.11 websockets/10.4
2023-04-17 16:11:24,022 - DEBUG - < HTTP/1.1 101 Switching Protocols
2023-04-17 16:11:24,022 - DEBUG - < Connection: upgrade
2023-04-17 16:11:24,022 - DEBUG - < Date: Mon, 17 Apr 2023 07:11:12 GMT
2023-04-17 16:11:24,022 - DEBUG - < sec-websocket-protocol: ocpp1.6
2023-04-17 16:11:24,022 - DEBUG - < upgrade: websocket
2023-04-17 16:11:24,022 - DEBUG - < sec-websocket-accept: dcNOfQk1JAo+MHlcdOghb4BKPTM=
2023-04-17 16:11:24,022 - DEBUG - < sec-websocket-extensions: permessage-deflate
2023-04-17 16:11:24,022 - DEBUG - < X-Cache: Miss from cloudfront
2023-04-17 16:11:24,022 - DEBUG - < Via: 1.1 ba725da875f43fb311efeb484e55ed1a.cloudfront.net (CloudFront)
2023-04-17 16:11:24,022 - DEBUG - < X-Amz-Cf-Pop: ICN57-P2
2023-04-17 16:11:24,023 - DEBUG - < X-Amz-Cf-Id: fQk3pyUlVzvjuKZUA91uzZ3bWGNvdH0Sci8e9uLdu5LBKv2HkkxJlw==
2023-04-17 16:11:24,023 - DEBUG - = connection is OPEN
2023-04-17 16:11:24,056 - DEBUG - > TEXT '[2, "d0510135-eb11-4fde-bf5f-bce6ab9f5a29", "Bo...ePointVendor": "EVAR"}]' [127 bytes]
2023-04-17 16:11:24,525 - DEBUG - < TEXT '[3, "d0510135-eb11-4fde-bf5f-bce6ab9f5a29", {"s...13Z", "interval": 600}]' [123 bytes]
2023-04-17 16:11:26,229 - DEBUG - Starting new HTTPS connection (1): rgw.devevspcharger.uplus.co.kr:443
2023-04-17 16:11:26,833 - DEBUG - https://rgw.devevspcharger.uplus.co.kr:443 "POST /ioc HTTP/1.1" 200 127
2023-04-17 16:11:26,840 - DEBUG - < TEXT '[2, "c0a9d1f1-c1af-4faa-a5b0-3e028176f75c", "Un...r", {"connectorId": 1}]' [82 bytes]
2023-04-17 16:11:26,846 - DEBUG - > TEXT '[3, "c0a9d1f1-c1af-4faa-a5b0-3e028176f75c", {"status": "NotSupported"}]' [71 bytes]
2023-04-17 16:11:26,989 - DEBUG - < TEXT '' [0 bytes]
2023-04-17 16:11:26,998 - DEBUG - = connection is CLOSING
2023-04-17 16:11:26,998 - DEBUG - > CLOSE 1000 (OK) [2 bytes]
2023-04-17 16:11:27,014 - DEBUG - < CLOSE 1000 (OK) [2 bytes]
2023-04-17 16:11:27,018 - DEBUG - = connection is CLOSED
2023-04-17 16:11:28,043 - DEBUG - % sending keepalive ping
2023-04-17 16:11:28,043 - DEBUG - > PING 06 ca 0d ae [binary, 4 bytes]
2023-04-17 16:11:28,050 - DEBUG - < PONG 06 ca 0d ae [binary, 4 bytes]
2023-04-17 16:11:28,052 - DEBUG - % received keepalive pong
2023-04-17 16:11:34,071 - DEBUG - % sending keepalive ping
2023-04-17 16:11:34,071 - DEBUG - > PING 4d 1f 43 8e [binary, 4 bytes]
2023-04-17 16:11:34,079 - DEBUG - < PONG 4d 1f 43 8e [binary, 4 bytes]
2023-04-17 16:11:34,092 - DEBUG - % received keepalive pong
2023-04-17 16:11:34,544 - DEBUG - % sending keepalive ping
2023-04-17 16:11:34,544 - DEBUG - > PING a9 e1 33 f5 [binary, 4 bytes]
2023-04-17 16:11:34,551 - DEBUG - < PONG a9 e1 33 f5 [binary, 4 bytes]
2023-04-17 16:11:34,555 - DEBUG - % received keepalive pong
2023-04-17 16:11:48,072 - DEBUG - % sending keepalive ping
2023-04-17 16:11:48,073 - DEBUG - > PING '\u0460\u0262' [text, 4 bytes]
2023-04-17 16:11:48,088 - DEBUG - < PONG '\u0460\u0262' [text, 4 bytes]
2023-04-17 16:11:48,093 - DEBUG - % received keepalive pong
2023-04-17 16:11:54,096 - DEBUG - % sending keepalive ping
2023-04-17 16:11:54,096 - DEBUG - > PING 78 3c 9d ba [binary, 4 bytes]
2023-04-17 16:11:54,105 - DEBUG - < PONG 78 3c 9d ba [binary, 4 bytes]
2023-04-17 16:11:54,112 - DEBUG - % received keepalive pong
2023-04-17 16:11:54,555 - DEBUG - % sending keepalive ping
2023-04-17 16:11:54,555 - DEBUG - > PING 22 b5 15 ec [binary, 4 bytes]
2023-04-17 16:11:54,565 - DEBUG - < PONG 22 b5 15 ec [binary, 4 bytes]
2023-04-17 16:11:54,572 - DEBUG - % received keepalive pong
2023-04-17 16:12:08,094 - DEBUG - % sending keepalive ping
2023-04-17 16:12:08,094 - DEBUG - > PING fa c5 7a 9f [binary, 4 bytes]
2023-04-17 16:12:08,101 - DEBUG - < PONG fa c5 7a 9f [binary, 4 bytes]
2023-04-17 16:12:08,107 - DEBUG - % received keepalive pong
2023-04-17 16:12:14,093 - DEBUG - % sending keepalive ping
2023-04-17 16:12:14,094 - DEBUG - > PING 54 ce 1b 54 [binary, 4 bytes]
2023-04-17 16:12:14,100 - DEBUG - < PONG 54 ce 1b 54 [binary, 4 bytes]
2023-04-17 16:12:14,104 - DEBUG - % received keepalive pong
2023-04-17 16:12:14,558 - DEBUG - % sending keepalive ping
2023-04-17 16:12:14,558 - DEBUG - > PING 23 30 bd 15 [binary, 4 bytes]
2023-04-17 16:12:14,569 - DEBUG - < PONG 23 30 bd 15 [binary, 4 bytes]
2023-04-17 16:12:14,575 - DEBUG - % received keepalive pong
2023-04-17 16:12:28,100 - DEBUG - % sending keepalive ping
2023-04-17 16:12:28,100 - DEBUG - > PING c1 7a 37 36 [binary, 4 bytes]
2023-04-17 16:12:28,107 - DEBUG - < PONG c1 7a 37 36 [binary, 4 bytes]
2023-04-17 16:12:28,110 - DEBUG - % received keepalive pong
2023-04-17 16:12:34,094 - DEBUG - % sending keepalive ping
2023-04-17 16:12:34,094 - DEBUG - > PING 16 bf 19 76 [binary, 4 bytes]
2023-04-17 16:12:34,101 - DEBUG - < PONG 16 bf 19 76 [binary, 4 bytes]
2023-04-17 16:12:34,104 - DEBUG - % received keepalive pong
2023-04-17 16:12:34,571 - DEBUG - % sending keepalive ping
2023-04-17 16:12:34,571 - DEBUG - > PING ce 47 e5 44 [binary, 4 bytes]
2023-04-17 16:12:34,578 - DEBUG - < PONG ce 47 e5 44 [binary, 4 bytes]
2023-04-17 16:12:34,582 - DEBUG - % received keepalive pong
2023-04-17 16:12:48,105 - DEBUG - % sending keepalive ping
2023-04-17 16:12:48,105 - DEBUG - > PING e8 2b 33 a9 [binary, 4 bytes]
2023-04-17 16:12:48,113 - DEBUG - < PONG e8 2b 33 a9 [binary, 4 bytes]
2023-04-17 16:12:48,117 - DEBUG - % received keepalive pong
2023-04-17 16:12:54,095 - DEBUG - % sending keepalive ping
2023-04-17 16:12:54,095 - DEBUG - > PING a0 59 2c 1b [binary, 4 bytes]
2023-04-17 16:12:54,102 - DEBUG - < PONG a0 59 2c 1b [binary, 4 bytes]
2023-04-17 16:12:54,105 - DEBUG - % received keepalive pong
2023-04-17 16:12:54,566 - DEBUG - % sending keepalive ping
2023-04-17 16:12:54,566 - DEBUG - > PING 86 8a 43 87 [binary, 4 bytes]
2023-04-17 16:12:54,572 - DEBUG - < PONG 86 8a 43 87 [binary, 4 bytes]
2023-04-17 16:12:54,574 - DEBUG - % received keepalive pong
2023-04-17 16:13:08,098 - DEBUG - % sending keepalive ping
2023-04-17 16:13:08,098 - DEBUG - > PING 4e 27 0f e7 [binary, 4 bytes]
2023-04-17 16:13:08,107 - DEBUG - < PONG 4e 27 0f e7 [binary, 4 bytes]
2023-04-17 16:13:08,114 - DEBUG - % received keepalive pong
2023-04-17 16:13:14,093 - DEBUG - % sending keepalive ping
2023-04-17 16:13:14,093 - DEBUG - > PING 8a 4c c7 94 [binary, 4 bytes]
2023-04-17 16:13:14,100 - DEBUG - < PONG 8a 4c c7 94 [binary, 4 bytes]
2023-04-17 16:13:14,105 - DEBUG - % received keepalive pong
2023-04-17 16:13:14,568 - DEBUG - % sending keepalive ping
2023-04-17 16:13:14,568 - DEBUG - > PING 9d 30 73 b1 [binary, 4 bytes]
2023-04-17 16:13:14,589 - DEBUG - < PONG 9d 30 73 b1 [binary, 4 bytes]
2023-04-17 16:13:14,592 - DEBUG - % received keepalive pong
2023-04-17 16:13:28,094 - DEBUG - % sending keepalive ping
2023-04-17 16:13:28,095 - DEBUG - > PING 07 f4 1e ff [binary, 4 bytes]
2023-04-17 16:13:28,104 - DEBUG - < PONG 07 f4 1e ff [binary, 4 bytes]
2023-04-17 16:13:28,109 - DEBUG - % received keepalive pong
2023-04-17 16:13:34,097 - DEBUG - % sending keepalive ping
2023-04-17 16:13:34,097 - DEBUG - > PING 2b 48 80 bd [binary, 4 bytes]
2023-04-17 16:13:34,103 - DEBUG - < PONG 2b 48 80 bd [binary, 4 bytes]
2023-04-17 16:13:34,106 - DEBUG - % received keepalive pong
2023-04-17 16:13:34,590 - DEBUG - % sending keepalive ping
2023-04-17 16:13:34,590 - DEBUG - > PING d8 6d 79 55 [binary, 4 bytes]
2023-04-17 16:13:34,597 - DEBUG - < PONG d8 6d 79 55 [binary, 4 bytes]
2023-04-17 16:13:34,600 - DEBUG - % received keepalive pong
2023-04-17 16:13:37,944 - DEBUG - = connection is CONNECTING
2023-04-17 16:13:37,979 - DEBUG - > GET /ocpp16/ELA007C05/EVSCA050001 HTTP/1.1
2023-04-17 16:13:37,979 - DEBUG - > Host: ws.devevspcharger.uplus.co.kr
2023-04-17 16:13:37,979 - DEBUG - > Upgrade: websocket
2023-04-17 16:13:37,979 - DEBUG - > Connection: Upgrade
2023-04-17 16:13:37,979 - DEBUG - > Sec-WebSocket-Key: 6yHmL1m0jQTdZAJ2EeEGag==
2023-04-17 16:13:37,979 - DEBUG - > Sec-WebSocket-Version: 13
2023-04-17 16:13:37,979 - DEBUG - > Sec-WebSocket-Extensions: permessage-deflate; client_max_window_bits
2023-04-17 16:13:37,980 - DEBUG - > Sec-WebSocket-Protocol: ocpp1.6
2023-04-17 16:13:37,980 - DEBUG - > Authorization: Basic RVZBUjpFVkFSTEdV
2023-04-17 16:13:37,980 - DEBUG - > User-Agent: Python/3.11 websockets/10.4
2023-04-17 16:13:38,474 - DEBUG - < HTTP/1.1 101 Switching Protocols
2023-04-17 16:13:38,474 - DEBUG - < Connection: upgrade
2023-04-17 16:13:38,474 - DEBUG - < Date: Mon, 17 Apr 2023 07:13:27 GMT
2023-04-17 16:13:38,474 - DEBUG - < sec-websocket-protocol: ocpp1.6
2023-04-17 16:13:38,475 - DEBUG - < upgrade: websocket
2023-04-17 16:13:38,475 - DEBUG - < sec-websocket-accept: KkTzDDtxU5jFrpjeaqSrPWqchl4=
2023-04-17 16:13:38,475 - DEBUG - < sec-websocket-extensions: permessage-deflate
2023-04-17 16:13:38,475 - DEBUG - < X-Cache: Miss from cloudfront
2023-04-17 16:13:38,475 - DEBUG - < Via: 1.1 5a0f884e3a21756e824f803c83d7f3d0.cloudfront.net (CloudFront)
2023-04-17 16:13:38,475 - DEBUG - < X-Amz-Cf-Pop: ICN57-P2
2023-04-17 16:13:38,475 - DEBUG - < X-Amz-Cf-Id: SCag6G5-XUJM7EEU9rkkdPMbTAsTTwADiDiyl0h9jdm8z8dHvfQdrw==
2023-04-17 16:13:38,475 - DEBUG - = connection is OPEN
2023-04-17 16:13:38,508 - DEBUG - > TEXT '[2, "c1efc769-55d5-4dcf-aea3-d9c16e2314cd", "Bo...ePointVendor": "EVAR"}]' [127 bytes]
2023-04-17 16:13:38,761 - DEBUG - < TEXT '[3, "c1efc769-55d5-4dcf-aea3-d9c16e2314cd", {"s...27Z", "interval": 600}]' [123 bytes]
2023-04-17 16:13:38,792 - DEBUG - > TEXT '[2, "4d1b9245-4dbe-4866-b55f-d95d463b66ac", "Da..., "data": "Test Data"}]' [127 bytes]
2023-04-17 16:13:38,992 - DEBUG - < TEXT '[3, "4d1b9245-4dbe-4866-b55f-d95d463b66ac", {"s...s": "UnknownVendorId"}]' [74 bytes]
2023-04-17 16:13:39,019 - DEBUG - = connection is CLOSING
2023-04-17 16:13:39,019 - DEBUG - > CLOSE 1000 (OK) [2 bytes]
2023-04-17 16:13:39,026 - DEBUG - < CLOSE 1000 (OK) [2 bytes]
2023-04-17 16:13:39,035 - DEBUG - = connection is CLOSED
2023-04-17 16:13:48,098 - DEBUG - % sending keepalive ping
2023-04-17 16:13:48,098 - DEBUG - > PING a2 ee ea 85 [binary, 4 bytes]
2023-04-17 16:13:48,105 - DEBUG - < PONG a2 ee ea 85 [binary, 4 bytes]
2023-04-17 16:13:48,109 - DEBUG - % received keepalive pong
2023-04-17 16:13:54,097 - DEBUG - % sending keepalive ping
2023-04-17 16:13:54,097 - DEBUG - > PING 26 de 53 41 [binary, 4 bytes]
2023-04-17 16:13:54,123 - DEBUG - < PONG 26 de 53 41 [binary, 4 bytes]
2023-04-17 16:13:54,129 - DEBUG - % received keepalive pong
2023-04-17 16:13:54,595 - DEBUG - % sending keepalive ping
2023-04-17 16:13:54,595 - DEBUG - > PING c7 52 fa 89 [binary, 4 bytes]
2023-04-17 16:13:54,601 - DEBUG - < PONG c7 52 fa 89 [binary, 4 bytes]
2023-04-17 16:13:54,604 - DEBUG - % received keepalive pong
2023-04-17 16:14:08,095 - DEBUG - % sending keepalive ping
2023-04-17 16:14:08,095 - DEBUG - > PING 25 df 28 e0 [binary, 4 bytes]
2023-04-17 16:14:08,102 - DEBUG - < PONG 25 df 28 e0 [binary, 4 bytes]
2023-04-17 16:14:08,104 - DEBUG - % received keepalive pong
2023-04-17 16:14:14,133 - DEBUG - % sending keepalive ping
2023-04-17 16:14:14,133 - DEBUG - > PING b6 91 47 72 [binary, 4 bytes]
2023-04-17 16:14:14,141 - DEBUG - < PONG b6 91 47 72 [binary, 4 bytes]
2023-04-17 16:14:14,144 - DEBUG - % received keepalive pong
2023-04-17 16:14:14,604 - DEBUG - % sending keepalive ping
2023-04-17 16:14:14,604 - DEBUG - > PING a7 ec ea e5 [binary, 4 bytes]
2023-04-17 16:14:14,618 - DEBUG - < PONG a7 ec ea e5 [binary, 4 bytes]
2023-04-17 16:14:14,623 - DEBUG - % received keepalive pong
2023-04-17 16:14:28,094 - DEBUG - % sending keepalive ping
2023-04-17 16:14:28,095 - DEBUG - > PING b1 cb 10 42 [binary, 4 bytes]
2023-04-17 16:14:28,102 - DEBUG - < PONG b1 cb 10 42 [binary, 4 bytes]
2023-04-17 16:14:28,104 - DEBUG - % received keepalive pong
2023-04-17 16:14:34,146 - DEBUG - % sending keepalive ping
2023-04-17 16:14:34,146 - DEBUG - > PING 66 02 59 f6 [binary, 4 bytes]
2023-04-17 16:14:34,153 - DEBUG - < PONG 66 02 59 f6 [binary, 4 bytes]
2023-04-17 16:14:34,155 - DEBUG - % received keepalive pong
2023-04-17 16:14:34,636 - DEBUG - % sending keepalive ping
2023-04-17 16:14:34,637 - DEBUG - > PING 79 0f b0 7b [binary, 4 bytes]
2023-04-17 16:14:34,643 - DEBUG - < PONG 79 0f b0 7b [binary, 4 bytes]
2023-04-17 16:14:34,651 - DEBUG - % received keepalive pong
2023-04-17 16:14:48,097 - DEBUG - % sending keepalive ping
2023-04-17 16:14:48,097 - DEBUG - > PING 49 8d 2f 4b [binary, 4 bytes]
2023-04-17 16:14:48,105 - DEBUG - < PONG 49 8d 2f 4b [binary, 4 bytes]
2023-04-17 16:14:48,109 - DEBUG - % received keepalive pong
2023-04-17 16:14:54,141 - DEBUG - % sending keepalive ping
2023-04-17 16:14:54,141 - DEBUG - > PING 8f f8 ae 27 [binary, 4 bytes]
2023-04-17 16:14:54,148 - DEBUG - < PONG 8f f8 ae 27 [binary, 4 bytes]
2023-04-17 16:14:54,160 - DEBUG - % received keepalive pong
2023-04-17 16:14:54,649 - DEBUG - % sending keepalive ping
2023-04-17 16:14:54,650 - DEBUG - > PING 93 c7 62 63 [binary, 4 bytes]
2023-04-17 16:14:54,656 - DEBUG - < PONG 93 c7 62 63 [binary, 4 bytes]
2023-04-17 16:14:54,659 - DEBUG - % received keepalive pong
2023-04-17 16:15:08,107 - DEBUG - % sending keepalive ping
2023-04-17 16:15:08,107 - DEBUG - > PING fd 04 6a f6 [binary, 4 bytes]
2023-04-17 16:15:08,114 - DEBUG - < PONG fd 04 6a f6 [binary, 4 bytes]
2023-04-17 16:15:08,118 - DEBUG - % received keepalive pong
2023-04-17 16:15:14,151 - DEBUG - % sending keepalive ping
2023-04-17 16:15:14,152 - DEBUG - > PING 34 9a e4 08 [binary, 4 bytes]
2023-04-17 16:15:14,162 - DEBUG - < PONG 34 9a e4 08 [binary, 4 bytes]
2023-04-17 16:15:14,170 - DEBUG - % received keepalive pong
2023-04-17 16:15:14,652 - DEBUG - % sending keepalive ping
2023-04-17 16:15:14,652 - DEBUG - > PING 3e c2 60 86 [binary, 4 bytes]
2023-04-17 16:15:14,659 - DEBUG - < PONG 3e c2 60 86 [binary, 4 bytes]
2023-04-17 16:15:14,663 - DEBUG - % received keepalive pong
2023-04-17 16:15:28,093 - DEBUG - % sending keepalive ping
2023-04-17 16:15:28,094 - DEBUG - > PING 3b c0 6d 75 [binary, 4 bytes]
2023-04-17 16:15:28,107 - DEBUG - < PONG 3b c0 6d 75 [binary, 4 bytes]
2023-04-17 16:15:28,129 - DEBUG - % received keepalive pong
2023-04-17 16:15:34,200 - DEBUG - % sending keepalive ping
2023-04-17 16:15:34,213 - DEBUG - > PING 77 79 c9 4b [binary, 4 bytes]
2023-04-17 16:15:34,277 - DEBUG - < PONG 77 79 c9 4b [binary, 4 bytes]
2023-04-17 16:15:34,285 - DEBUG - % received keepalive pong
2023-04-17 16:15:34,648 - DEBUG - % sending keepalive ping
2023-04-17 16:15:34,648 - DEBUG - > PING 75 a7 15 02 [binary, 4 bytes]
2023-04-17 16:15:34,687 - DEBUG - < PONG 75 a7 15 02 [binary, 4 bytes]
2023-04-17 16:15:34,698 - DEBUG - % received keepalive pong
2023-04-17 16:15:48,122 - DEBUG - % sending keepalive ping
2023-04-17 16:15:48,122 - DEBUG - > PING 56 e9 e9 81 [binary, 4 bytes]
2023-04-17 16:15:48,132 - DEBUG - < PONG 56 e9 e9 81 [binary, 4 bytes]
2023-04-17 16:15:48,138 - DEBUG - % received keepalive pong
2023-04-17 16:15:54,274 - DEBUG - % sending keepalive ping
2023-04-17 16:15:54,274 - DEBUG - > PING 36 55 a1 fa [binary, 4 bytes]
2023-04-17 16:15:54,281 - DEBUG - < PONG 36 55 a1 fa [binary, 4 bytes]
2023-04-17 16:15:54,282 - DEBUG - % received keepalive pong
2023-04-17 16:15:54,694 - DEBUG - % sending keepalive ping
2023-04-17 16:15:54,695 - DEBUG - > PING 04 ce 68 c4 [binary, 4 bytes]
2023-04-17 16:15:54,702 - DEBUG - < PONG 04 ce 68 c4 [binary, 4 bytes]
2023-04-17 16:15:54,702 - DEBUG - % received keepalive pong
2023-04-17 16:15:54,758 - DEBUG - = connection is CLOSING
2023-04-17 16:15:54,759 - DEBUG - > CLOSE 1000 (OK) [2 bytes]
2023-04-17 16:15:54,765 - DEBUG - < CLOSE 1000 (OK) [2 bytes]
2023-04-17 16:15:54,768 - DEBUG - = connection is CLOSED
2023-04-17 16:16:08,148 - DEBUG - % sending keepalive ping
2023-04-17 16:16:08,155 - DEBUG - > PING 1d 10 ab 6e [binary, 4 bytes]
2023-04-17 16:16:08,162 - DEBUG - < PONG 1d 10 ab 6e [binary, 4 bytes]
2023-04-17 16:16:08,164 - DEBUG - % received keepalive pong
2023-04-17 16:16:14,287 - DEBUG - % sending keepalive ping
2023-04-17 16:16:14,287 - DEBUG - > PING e1 10 e7 fd [binary, 4 bytes]
2023-04-17 16:16:14,294 - DEBUG - < PONG e1 10 e7 fd [binary, 4 bytes]
2023-04-17 16:16:14,297 - DEBUG - % received keepalive pong
2023-04-17 16:16:28,151 - DEBUG - % sending keepalive ping
2023-04-17 16:16:28,151 - DEBUG - > PING 96 c6 bf ea [binary, 4 bytes]
2023-04-17 16:16:28,158 - DEBUG - < PONG 96 c6 bf ea [binary, 4 bytes]
2023-04-17 16:16:28,160 - DEBUG - % received keepalive pong
2023-04-17 16:16:34,305 - DEBUG - % sending keepalive ping
2023-04-17 16:16:34,306 - DEBUG - > PING 02 71 04 b8 [binary, 4 bytes]
2023-04-17 16:16:34,313 - DEBUG - < PONG 02 71 04 b8 [binary, 4 bytes]
2023-04-17 16:16:34,315 - DEBUG - % received keepalive pong
2023-04-17 16:16:48,146 - DEBUG - % sending keepalive ping
2023-04-17 16:16:48,146 - DEBUG - > PING 1a 56 b4 b3 [binary, 4 bytes]
2023-04-17 16:16:48,155 - DEBUG - < PONG 1a 56 b4 b3 [binary, 4 bytes]
2023-04-17 16:16:48,156 - DEBUG - % received keepalive pong
2023-04-17 16:16:54,310 - DEBUG - % sending keepalive ping
2023-04-17 16:16:54,311 - DEBUG - > PING ee 4b cf a2 [binary, 4 bytes]
2023-04-17 16:16:54,318 - DEBUG - < PONG ee 4b cf a2 [binary, 4 bytes]
2023-04-17 16:16:54,321 - DEBUG - % received keepalive pong
2023-04-17 16:17:08,140 - DEBUG - % sending keepalive ping
2023-04-17 16:17:08,141 - DEBUG - > PING 04 f1 92 79 [binary, 4 bytes]
2023-04-17 16:17:08,148 - DEBUG - < PONG 04 f1 92 79 [binary, 4 bytes]
2023-04-17 16:17:08,149 - DEBUG - % received keepalive pong
2023-04-17 16:17:14,312 - DEBUG - % sending keepalive ping
2023-04-17 16:17:14,312 - DEBUG - > PING c3 a6 c4 41 [binary, 4 bytes]
2023-04-17 16:17:14,319 - DEBUG - < PONG c3 a6 c4 41 [binary, 4 bytes]
2023-04-17 16:17:14,320 - DEBUG - % received keepalive pong
2023-04-17 16:17:28,145 - DEBUG - % sending keepalive ping
2023-04-17 16:17:28,146 - DEBUG - > PING d7 e4 00 f2 [binary, 4 bytes]
2023-04-17 16:17:28,154 - DEBUG - < PONG d7 e4 00 f2 [binary, 4 bytes]
2023-04-17 16:17:28,155 - DEBUG - % received keepalive pong
2023-04-17 16:17:34,310 - DEBUG - % sending keepalive ping
2023-04-17 16:17:34,311 - DEBUG - > PING 'ôÛR' [text, 4 bytes]
2023-04-17 16:17:34,374 - DEBUG - < PONG 'ôÛR' [text, 4 bytes]
2023-04-17 16:17:34,375 - DEBUG - % received keepalive pong
2023-04-17 16:17:48,151 - DEBUG - % sending keepalive ping
2023-04-17 16:17:48,151 - DEBUG - > PING 1a 7b ec 8b [binary, 4 bytes]
2023-04-17 16:17:48,172 - DEBUG - < PONG 1a 7b ec 8b [binary, 4 bytes]
2023-04-17 16:17:48,175 - DEBUG - % received keepalive pong
2023-04-17 16:17:54,377 - DEBUG - % sending keepalive ping
2023-04-17 16:17:54,378 - DEBUG - > PING 01 2a 1c dd [binary, 4 bytes]
2023-04-17 16:17:54,387 - DEBUG - < PONG 01 2a 1c dd [binary, 4 bytes]
2023-04-17 16:17:54,390 - DEBUG - % received keepalive pong
2023-04-17 16:18:08,181 - DEBUG - % sending keepalive ping
2023-04-17 16:18:08,181 - DEBUG - > PING da 9e ed f2 [binary, 4 bytes]
2023-04-17 16:18:08,188 - DEBUG - < PONG da 9e ed f2 [binary, 4 bytes]
2023-04-17 16:18:08,191 - DEBUG - % received keepalive pong
2023-04-17 16:18:14,398 - DEBUG - % sending keepalive ping
2023-04-17 16:18:14,398 - DEBUG - > PING f4 d9 5a d9 [binary, 4 bytes]
2023-04-17 16:18:14,406 - DEBUG - < PONG f4 d9 5a d9 [binary, 4 bytes]
2023-04-17 16:18:14,408 - DEBUG - % received keepalive pong
2023-04-17 16:18:21,344 - DEBUG - = connection is CONNECTING
2023-04-17 16:18:21,376 - DEBUG - > GET /ocpp16/ELA007C05/EVSCA050001 HTTP/1.1
2023-04-17 16:18:21,376 - DEBUG - > Host: ws.devevspcharger.uplus.co.kr
2023-04-17 16:18:21,377 - DEBUG - > Upgrade: websocket
2023-04-17 16:18:21,377 - DEBUG - > Connection: Upgrade
2023-04-17 16:18:21,377 - DEBUG - > Sec-WebSocket-Key: 9mJzAT59h6mZCnhTPT9uRg==
2023-04-17 16:18:21,377 - DEBUG - > Sec-WebSocket-Version: 13
2023-04-17 16:18:21,377 - DEBUG - > Sec-WebSocket-Extensions: permessage-deflate; client_max_window_bits
2023-04-17 16:18:21,377 - DEBUG - > Sec-WebSocket-Protocol: ocpp1.6
2023-04-17 16:18:21,377 - DEBUG - > Authorization: Basic RVZBUjpFVkFSTEdV
2023-04-17 16:18:21,377 - DEBUG - > User-Agent: Python/3.11 websockets/10.4
2023-04-17 16:18:21,997 - DEBUG - < HTTP/1.1 101 Switching Protocols
2023-04-17 16:18:21,997 - DEBUG - < Connection: upgrade
2023-04-17 16:18:21,997 - DEBUG - < Date: Mon, 17 Apr 2023 07:18:10 GMT
2023-04-17 16:18:21,997 - DEBUG - < sec-websocket-protocol: ocpp1.6
2023-04-17 16:18:21,997 - DEBUG - < upgrade: websocket
2023-04-17 16:18:21,997 - DEBUG - < sec-websocket-accept: Xd5mTHSTtN2yWqsxh1ey2jToFjM=
2023-04-17 16:18:21,997 - DEBUG - < sec-websocket-extensions: permessage-deflate
2023-04-17 16:18:21,997 - DEBUG - < X-Cache: Miss from cloudfront
2023-04-17 16:18:21,997 - DEBUG - < Via: 1.1 5746b09450239ecee8f79b21d30bcac2.cloudfront.net (CloudFront)
2023-04-17 16:18:21,998 - DEBUG - < X-Amz-Cf-Pop: ICN54-C1
2023-04-17 16:18:21,998 - DEBUG - < X-Amz-Cf-Id: 55mYN8HbY624f6nWxGwDF5_XlPNIUClQ6xdZH3GBUApVUQ5YpUyr6A==
2023-04-17 16:18:21,998 - DEBUG - = connection is OPEN
2023-04-17 16:18:22,019 - DEBUG - > TEXT '[2, "4e0335bb-5f0d-4a48-9402-1ee8651c6715", "Bo...ePointVendor": "EVAR"}]' [127 bytes]
2023-04-17 16:18:22,381 - DEBUG - < TEXT '[3, "4e0335bb-5f0d-4a48-9402-1ee8651c6715", {"s...11Z", "interval": 600}]' [123 bytes]
2023-04-17 16:18:25,018 - DEBUG - Starting new HTTPS connection (1): rgw.devevspcharger.uplus.co.kr:443
2023-04-17 16:18:26,513 - DEBUG - https://rgw.devevspcharger.uplus.co.kr:443 "POST /ioc HTTP/1.1" 200 178
2023-04-17 16:18:26,528 - DEBUG - < TEXT '[2, "9c73a9f2-1657-4031-9ffb-688183f22a3d", "Da..., "data": "Test Data"}]' [133 bytes]
2023-04-17 16:18:26,533 - ERROR - Task exception was never retrieved
future: <Task finished name='Task-41' coro=<ChargerSim.startEvent() done, defined at D:\workspace\wss\main.py:124> exception=KeyError('DataTransferResponse')>
Traceback (most recent call last):
  File "D:\workspace\wss\main.py", line 144, in startEvent
    await self.charger.runcase(self.TC_selected if len(self.TC_selected.keys())>0 else self.TC)
  File "D:\workspace\wss\Charger.py", line 365, in runcase
    senddoc = json.loads(self.ocppdocs)[f"{recv[2]}Response"]
              ~~~~~~~~~~~~~~~~~~~~~~~~~^^^^^^^^^^^^^^^^^^^^^^
KeyError: 'DataTransferResponse'
2023-04-17 16:18:28,196 - DEBUG - % sending keepalive ping
2023-04-17 16:18:28,196 - DEBUG - > PING 18 3d 15 bf [binary, 4 bytes]
2023-04-17 16:18:28,202 - DEBUG - < PONG 18 3d 15 bf [binary, 4 bytes]
2023-04-17 16:18:28,206 - DEBUG - % received keepalive pong
2023-04-17 16:18:34,399 - DEBUG - % sending keepalive ping
2023-04-17 16:18:34,399 - DEBUG - > PING fc c3 1a 0d [binary, 4 bytes]
2023-04-17 16:18:34,406 - DEBUG - < PONG fc c3 1a 0d [binary, 4 bytes]
2023-04-17 16:18:34,409 - DEBUG - % received keepalive pong
2023-04-17 16:18:42,001 - DEBUG - % sending keepalive ping
2023-04-17 16:18:42,002 - DEBUG - > PING 0c c2 00 f9 [binary, 4 bytes]
2023-04-17 16:18:42,008 - DEBUG - < PONG 0c c2 00 f9 [binary, 4 bytes]
2023-04-17 16:18:42,012 - DEBUG - % received keepalive pong
2023-04-17 16:18:48,185 - DEBUG - % sending keepalive ping
2023-04-17 16:18:48,185 - DEBUG - > PING f2 e4 34 19 [binary, 4 bytes]
2023-04-17 16:18:48,194 - DEBUG - < PONG f2 e4 34 19 [binary, 4 bytes]
2023-04-17 16:18:48,200 - DEBUG - % received keepalive pong
2023-04-17 16:18:48,360 - DEBUG - = connection is CLOSING
2023-04-17 16:18:48,360 - DEBUG - > CLOSE 1000 (OK) [2 bytes]
2023-04-17 16:18:48,367 - DEBUG - < CLOSE 1000 (OK) [2 bytes]
2023-04-17 16:18:48,381 - DEBUG - = connection is CLOSED
2023-04-17 16:18:54,376 - DEBUG - = connection is CLOSING
2023-04-17 16:18:54,377 - DEBUG - > CLOSE 1000 (OK) [2 bytes]
2023-04-17 16:18:54,383 - DEBUG - < CLOSE 1000 (OK) [2 bytes]
2023-04-17 16:18:54,386 - DEBUG - = connection is CLOSED
2023-04-17 16:19:02,023 - DEBUG - % sending keepalive ping
2023-04-17 16:19:02,023 - DEBUG - > PING 98 85 dd 6b [binary, 4 bytes]
2023-04-17 16:19:02,033 - DEBUG - < PONG 98 85 dd 6b [binary, 4 bytes]
2023-04-17 16:19:02,038 - DEBUG - % received keepalive pong
2023-04-17 16:19:22,024 - DEBUG - % sending keepalive ping
2023-04-17 16:19:22,024 - DEBUG - > PING 7e 8a 9a 62 [binary, 4 bytes]
2023-04-17 16:19:22,031 - DEBUG - < PONG 7e 8a 9a 62 [binary, 4 bytes]
2023-04-17 16:19:22,033 - DEBUG - % received keepalive pong
2023-04-17 16:19:24,026 - DEBUG - = connection is CONNECTING
2023-04-17 16:19:24,085 - DEBUG - > GET /ocpp16/ELA007C05/EVSCA050001 HTTP/1.1
2023-04-17 16:19:24,085 - DEBUG - > Host: ws.devevspcharger.uplus.co.kr
2023-04-17 16:19:24,086 - DEBUG - > Upgrade: websocket
2023-04-17 16:19:24,086 - DEBUG - > Connection: Upgrade
2023-04-17 16:19:24,086 - DEBUG - > Sec-WebSocket-Key: +xrJggqAOBJD+E12VUew6Q==
2023-04-17 16:19:24,086 - DEBUG - > Sec-WebSocket-Version: 13
2023-04-17 16:19:24,086 - DEBUG - > Sec-WebSocket-Extensions: permessage-deflate; client_max_window_bits
2023-04-17 16:19:24,086 - DEBUG - > Sec-WebSocket-Protocol: ocpp1.6
2023-04-17 16:19:24,086 - DEBUG - > Authorization: Basic RVZBUjpFVkFSTEdV
2023-04-17 16:19:24,086 - DEBUG - > User-Agent: Python/3.11 websockets/10.4
2023-04-17 16:19:24,358 - DEBUG - < HTTP/1.1 101 Switching Protocols
2023-04-17 16:19:24,359 - DEBUG - < Connection: upgrade
2023-04-17 16:19:24,359 - DEBUG - < Date: Mon, 17 Apr 2023 07:19:13 GMT
2023-04-17 16:19:24,359 - DEBUG - < sec-websocket-protocol: ocpp1.6
2023-04-17 16:19:24,359 - DEBUG - < upgrade: websocket
2023-04-17 16:19:24,360 - DEBUG - < sec-websocket-accept: NOxoa75WTHNyFiNvsLrVtjK0FBk=
2023-04-17 16:19:24,360 - DEBUG - < sec-websocket-extensions: permessage-deflate
2023-04-17 16:19:24,360 - DEBUG - < X-Cache: Miss from cloudfront
2023-04-17 16:19:24,360 - DEBUG - < Via: 1.1 1f3b7019f69d65d90dcffdbcc21bce38.cloudfront.net (CloudFront)
2023-04-17 16:19:24,360 - DEBUG - < X-Amz-Cf-Pop: ICN54-C1
2023-04-17 16:19:24,360 - DEBUG - < X-Amz-Cf-Id: PB7oUuakn1-pg1fsIo7wnqR4JhtMqcKgLcbZwkCueVI-fNJVzp9xYA==
2023-04-17 16:19:24,360 - DEBUG - = connection is OPEN
2023-04-17 16:19:24,389 - DEBUG - > TEXT '[2, "578471eb-776f-4bd3-b6cb-1ab0ae4026f7", "Bo...ePointVendor": "EVAR"}]' [127 bytes]
2023-04-17 16:19:24,693 - DEBUG - < TEXT '[3, "578471eb-776f-4bd3-b6cb-1ab0ae4026f7", {"s...13Z", "interval": 600}]' [123 bytes]
2023-04-17 16:19:38,180 - DEBUG - Starting new HTTPS connection (1): rgw.devevspcharger.uplus.co.kr:443
2023-04-17 16:19:38,783 - DEBUG - https://rgw.devevspcharger.uplus.co.kr:443 "POST /ioc HTTP/1.1" 200 178
2023-04-17 16:19:38,795 - DEBUG - < TEXT '[2, "e7294a38-e1da-45b4-a811-e0a525d548c9", "Da..., "data": "Test Data"}]' [133 bytes]
2023-04-17 16:19:38,800 - ERROR - Task exception was never retrieved
future: <Task finished name='Task-49' coro=<ChargerSim.startEvent() done, defined at D:\workspace\wss\main.py:124> exception=KeyError('DataTransferResponse')>
Traceback (most recent call last):
  File "D:\workspace\wss\main.py", line 144, in startEvent
    await self.charger.runcase(self.TC_selected if len(self.TC_selected.keys())>0 else self.TC)
  File "D:\workspace\wss\Charger.py", line 365, in runcase
    senddoc = json.loads(self.ocppdocs)[f"{recv[2]}Response"]
              ~~~~~~~~~~~~~~~~~~~~~~~~~^^^^^^^^^^^^^^^^^^^^^^
KeyError: 'DataTransferResponse'
2023-04-17 16:19:42,014 - DEBUG - % sending keepalive ping
2023-04-17 16:19:42,014 - DEBUG - > PING c8 3b b3 96 [binary, 4 bytes]
2023-04-17 16:19:42,021 - DEBUG - < PONG c8 3b b3 96 [binary, 4 bytes]
2023-04-17 16:19:42,023 - DEBUG - % received keepalive pong
2023-04-17 16:19:44,342 - DEBUG - % sending keepalive ping
2023-04-17 16:19:44,342 - DEBUG - > PING 88 6c c3 a6 [binary, 4 bytes]
2023-04-17 16:19:44,351 - DEBUG - < PONG 88 6c c3 a6 [binary, 4 bytes]
2023-04-17 16:19:44,353 - DEBUG - % received keepalive pong
2023-04-17 16:20:02,012 - DEBUG - % sending keepalive ping
2023-04-17 16:20:02,013 - DEBUG - > PING f4 53 f1 09 [binary, 4 bytes]
2023-04-17 16:20:02,019 - DEBUG - < PONG f4 53 f1 09 [binary, 4 bytes]
2023-04-17 16:20:02,021 - DEBUG - % received keepalive pong
2023-04-17 16:20:04,343 - DEBUG - % sending keepalive ping
2023-04-17 16:20:04,343 - DEBUG - > PING dd 5e 23 a6 [binary, 4 bytes]
2023-04-17 16:20:04,352 - DEBUG - < PONG dd 5e 23 a6 [binary, 4 bytes]
2023-04-17 16:20:04,361 - DEBUG - % received keepalive pong
2023-04-17 16:20:22,022 - DEBUG - % sending keepalive ping
2023-04-17 16:20:22,023 - DEBUG - > PING 'TzY\x07' [text, 4 bytes]
2023-04-17 16:20:22,029 - DEBUG - < PONG 'TzY\x07' [text, 4 bytes]
2023-04-17 16:20:22,032 - DEBUG - % received keepalive pong
2023-04-17 16:20:24,349 - DEBUG - % sending keepalive ping
2023-04-17 16:20:24,349 - DEBUG - > PING 4f e0 7d fc [binary, 4 bytes]
2023-04-17 16:20:24,357 - DEBUG - < PONG 4f e0 7d fc [binary, 4 bytes]
2023-04-17 16:20:24,360 - DEBUG - % received keepalive pong
2023-04-17 16:20:42,021 - DEBUG - % sending keepalive ping
2023-04-17 16:20:42,022 - DEBUG - > PING 84 18 59 7d [binary, 4 bytes]
2023-04-17 16:20:42,029 - DEBUG - < PONG 84 18 59 7d [binary, 4 bytes]
2023-04-17 16:20:42,034 - DEBUG - % received keepalive pong
2023-04-17 16:20:44,345 - DEBUG - % sending keepalive ping
2023-04-17 16:20:44,345 - DEBUG - > PING 3b 75 c1 ae [binary, 4 bytes]
2023-04-17 16:20:44,354 - DEBUG - < PONG 3b 75 c1 ae [binary, 4 bytes]
2023-04-17 16:20:44,357 - DEBUG - % received keepalive pong
2023-04-17 16:21:02,022 - DEBUG - % sending keepalive ping
2023-04-17 16:21:02,023 - DEBUG - > PING fa c1 52 f8 [binary, 4 bytes]
2023-04-17 16:21:02,031 - DEBUG - < PONG fa c1 52 f8 [binary, 4 bytes]
2023-04-17 16:21:02,034 - DEBUG - % received keepalive pong
2023-04-17 16:21:04,350 - DEBUG - % sending keepalive ping
2023-04-17 16:21:04,350 - DEBUG - > PING 8d 01 e0 4d [binary, 4 bytes]
2023-04-17 16:21:04,359 - DEBUG - < PONG 8d 01 e0 4d [binary, 4 bytes]
2023-04-17 16:21:04,363 - DEBUG - % received keepalive pong
2023-04-17 16:21:22,026 - DEBUG - % sending keepalive ping
2023-04-17 16:21:22,026 - DEBUG - > PING ad d4 22 87 [binary, 4 bytes]
2023-04-17 16:21:22,033 - DEBUG - < PONG ad d4 22 87 [binary, 4 bytes]
2023-04-17 16:21:22,039 - DEBUG - % received keepalive pong
2023-04-17 16:21:24,348 - DEBUG - % sending keepalive ping
2023-04-17 16:21:24,349 - DEBUG - > PING ed 04 9c 53 [binary, 4 bytes]
2023-04-17 16:21:24,359 - DEBUG - < PONG ed 04 9c 53 [binary, 4 bytes]
2023-04-17 16:21:24,366 - DEBUG - % received keepalive pong
2023-04-17 16:21:42,023 - DEBUG - % sending keepalive ping
2023-04-17 16:21:42,024 - DEBUG - > PING b7 46 0c bf [binary, 4 bytes]
2023-04-17 16:21:42,031 - DEBUG - < PONG b7 46 0c bf [binary, 4 bytes]
2023-04-17 16:21:42,035 - DEBUG - % received keepalive pong
2023-04-17 16:21:42,324 - DEBUG - = connection is CONNECTING
2023-04-17 16:21:42,355 - DEBUG - > GET /ocpp16/ELA007C05/EVSCA050001 HTTP/1.1
2023-04-17 16:21:42,355 - DEBUG - > Host: ws.devevspcharger.uplus.co.kr
2023-04-17 16:21:42,356 - DEBUG - > Upgrade: websocket
2023-04-17 16:21:42,356 - DEBUG - > Connection: Upgrade
2023-04-17 16:21:42,356 - DEBUG - > Sec-WebSocket-Key: qCv3LwC6rTkf2q7gaz/EZw==
2023-04-17 16:21:42,356 - DEBUG - > Sec-WebSocket-Version: 13
2023-04-17 16:21:42,356 - DEBUG - > Sec-WebSocket-Extensions: permessage-deflate; client_max_window_bits
2023-04-17 16:21:42,356 - DEBUG - > Sec-WebSocket-Protocol: ocpp1.6
2023-04-17 16:21:42,356 - DEBUG - > Authorization: Basic RVZBUjpFVkFSTEdV
2023-04-17 16:21:42,356 - DEBUG - > User-Agent: Python/3.11 websockets/10.4
2023-04-17 16:21:42,963 - DEBUG - < HTTP/1.1 101 Switching Protocols
2023-04-17 16:21:42,964 - DEBUG - < Connection: upgrade
2023-04-17 16:21:42,964 - DEBUG - < Date: Mon, 17 Apr 2023 07:21:31 GMT
2023-04-17 16:21:42,964 - DEBUG - < sec-websocket-protocol: ocpp1.6
2023-04-17 16:21:42,964 - DEBUG - < upgrade: websocket
2023-04-17 16:21:42,965 - DEBUG - < sec-websocket-accept: C8ByA1SsHTlugyFtwDN3+g0i2i4=
2023-04-17 16:21:42,965 - DEBUG - < sec-websocket-extensions: permessage-deflate
2023-04-17 16:21:42,965 - DEBUG - < X-Cache: Miss from cloudfront
2023-04-17 16:21:42,965 - DEBUG - < Via: 1.1 69d52ca4892e7d7059399a0c393797ac.cloudfront.net (CloudFront)
2023-04-17 16:21:42,965 - DEBUG - < X-Amz-Cf-Pop: ICN54-C1
2023-04-17 16:21:42,965 - DEBUG - < X-Amz-Cf-Id: wcAUpMo4Uf3OQaGHAr6ZoHsFQda8vEWcH_J0QUCSaY2h7_cgbao0aA==
2023-04-17 16:21:42,966 - DEBUG - = connection is OPEN
2023-04-17 16:21:43,013 - DEBUG - > TEXT '[2, "63907c4d-5bdf-445e-9d12-5aeb623cd895", "Bo...ePointVendor": "EVAR"}]' [127 bytes]
2023-04-17 16:21:43,433 - DEBUG - < TEXT '[3, "63907c4d-5bdf-445e-9d12-5aeb623cd895", {"s...32Z", "interval": 600}]' [123 bytes]
2023-04-17 16:21:44,355 - DEBUG - % sending keepalive ping
2023-04-17 16:21:44,355 - DEBUG - > PING 3b 43 55 86 [binary, 4 bytes]
2023-04-17 16:21:44,364 - DEBUG - < PONG 3b 43 55 86 [binary, 4 bytes]
2023-04-17 16:21:44,372 - DEBUG - % received keepalive pong
2023-04-17 16:21:58,427 - DEBUG - Starting new HTTPS connection (1): rgw.devevspcharger.uplus.co.kr:443
2023-04-17 16:21:59,007 - DEBUG - https://rgw.devevspcharger.uplus.co.kr:443 "POST /ioc HTTP/1.1" 200 178
2023-04-17 16:21:59,018 - DEBUG - < TEXT '[2, "3394c2b0-699a-42bb-89a7-ece228ec6b4b", "Da..., "data": "Test Data"}]' [133 bytes]
2023-04-17 16:21:59,022 - ERROR - Task exception was never retrieved
future: <Task finished name='Task-55' coro=<ChargerSim.startEvent() done, defined at D:\workspace\wss\main.py:124> exception=KeyError('DataTransferResponse')>
Traceback (most recent call last):
  File "D:\workspace\wss\main.py", line 144, in startEvent
    await self.charger.runcase(self.TC_selected if len(self.TC_selected.keys())>0 else self.TC)
  File "D:\workspace\wss\Charger.py", line 365, in runcase
    senddoc = json.loads(self.ocppdocs)[f"{recv[2]}Response"]
              ~~~~~~~~~~~~~~~~~~~~~~~~~^^^^^^^^^^^^^^^^^^^^^^
KeyError: 'DataTransferResponse'
2023-04-17 16:22:02,026 - DEBUG - % sending keepalive ping
2023-04-17 16:22:02,026 - DEBUG - > PING d8 4d b0 d3 [binary, 4 bytes]
2023-04-17 16:22:02,033 - DEBUG - < PONG d8 4d b0 d3 [binary, 4 bytes]
2023-04-17 16:22:02,035 - DEBUG - % received keepalive pong
2023-04-17 16:22:02,971 - DEBUG - % sending keepalive ping
2023-04-17 16:22:02,971 - DEBUG - > PING 6c 2e af 4a [binary, 4 bytes]
2023-04-17 16:22:02,980 - DEBUG - < PONG 6c 2e af 4a [binary, 4 bytes]
2023-04-17 16:22:02,991 - DEBUG - % received keepalive pong
2023-04-17 16:22:04,373 - DEBUG - % sending keepalive ping
2023-04-17 16:22:04,373 - DEBUG - > PING 31 af c3 e6 [binary, 4 bytes]
2023-04-17 16:22:04,381 - DEBUG - < PONG 31 af c3 e6 [binary, 4 bytes]
2023-04-17 16:22:04,390 - DEBUG - % received keepalive pong
2023-04-17 16:22:22,024 - DEBUG - % sending keepalive ping
2023-04-17 16:22:22,024 - DEBUG - > PING 77 d9 51 0c [binary, 4 bytes]
2023-04-17 16:22:22,031 - DEBUG - < PONG 77 d9 51 0c [binary, 4 bytes]
2023-04-17 16:22:22,033 - DEBUG - % received keepalive pong
2023-04-17 16:22:22,974 - DEBUG - % sending keepalive ping
2023-04-17 16:22:22,974 - DEBUG - > PING f5 6e b3 d4 [binary, 4 bytes]
2023-04-17 16:22:22,982 - DEBUG - < PONG f5 6e b3 d4 [binary, 4 bytes]
2023-04-17 16:22:22,990 - DEBUG - % received keepalive pong
2023-04-17 16:22:24,389 - DEBUG - % sending keepalive ping
2023-04-17 16:22:24,389 - DEBUG - > PING bf 8d 27 b9 [binary, 4 bytes]
2023-04-17 16:22:24,398 - DEBUG - < PONG bf 8d 27 b9 [binary, 4 bytes]
2023-04-17 16:22:24,400 - DEBUG - % received keepalive pong
2023-04-17 16:22:42,022 - DEBUG - % sending keepalive ping
2023-04-17 16:22:42,022 - DEBUG - > PING 56 a3 ed 23 [binary, 4 bytes]
2023-04-17 16:22:42,029 - DEBUG - < PONG 56 a3 ed 23 [binary, 4 bytes]
2023-04-17 16:22:42,032 - DEBUG - % received keepalive pong
2023-04-17 16:22:42,971 - DEBUG - % sending keepalive ping
2023-04-17 16:22:42,971 - DEBUG - > PING 6a 8c f9 e8 [binary, 4 bytes]
2023-04-17 16:22:42,981 - DEBUG - < PONG 6a 8c f9 e8 [binary, 4 bytes]
2023-04-17 16:22:42,988 - DEBUG - % received keepalive pong
2023-04-17 16:22:44,397 - DEBUG - % sending keepalive ping
2023-04-17 16:22:44,397 - DEBUG - > PING e7 0c 5f d2 [binary, 4 bytes]
2023-04-17 16:22:44,405 - DEBUG - < PONG e7 0c 5f d2 [binary, 4 bytes]
2023-04-17 16:22:44,409 - DEBUG - % received keepalive pong
2023-04-17 16:23:02,022 - DEBUG - % sending keepalive ping
2023-04-17 16:23:02,022 - DEBUG - > PING 29 67 06 b1 [binary, 4 bytes]
2023-04-17 16:23:02,030 - DEBUG - < PONG 29 67 06 b1 [binary, 4 bytes]
2023-04-17 16:23:02,033 - DEBUG - % received keepalive pong
2023-04-17 16:23:02,973 - DEBUG - % sending keepalive ping
2023-04-17 16:23:02,974 - DEBUG - > PING 7e 33 35 c0 [binary, 4 bytes]
2023-04-17 16:23:02,985 - DEBUG - < PONG 7e 33 35 c0 [binary, 4 bytes]
2023-04-17 16:23:02,991 - DEBUG - % received keepalive pong
2023-04-17 16:23:04,394 - DEBUG - % sending keepalive ping
2023-04-17 16:23:04,395 - DEBUG - > PING 8d e4 b0 97 [binary, 4 bytes]
2023-04-17 16:23:04,403 - DEBUG - < PONG 8d e4 b0 97 [binary, 4 bytes]
2023-04-17 16:23:04,406 - DEBUG - % received keepalive pong
2023-04-17 16:23:22,016 - DEBUG - % sending keepalive ping
2023-04-17 16:23:22,016 - DEBUG - > PING 63 d1 0f 37 [binary, 4 bytes]
2023-04-17 16:23:22,023 - DEBUG - < PONG 63 d1 0f 37 [binary, 4 bytes]
2023-04-17 16:23:22,026 - DEBUG - % received keepalive pong
2023-04-17 16:23:22,980 - DEBUG - % sending keepalive ping
2023-04-17 16:23:22,980 - DEBUG - > PING 36 61 e5 d5 [binary, 4 bytes]
2023-04-17 16:23:22,988 - DEBUG - < PONG 36 61 e5 d5 [binary, 4 bytes]
2023-04-17 16:23:22,991 - DEBUG - % received keepalive pong
2023-04-17 16:23:24,392 - DEBUG - % sending keepalive ping
2023-04-17 16:23:24,392 - DEBUG - > PING 56 c0 73 b1 [binary, 4 bytes]
2023-04-17 16:23:24,400 - DEBUG - < PONG 56 c0 73 b1 [binary, 4 bytes]
2023-04-17 16:23:24,407 - DEBUG - % received keepalive pong
2023-04-17 16:23:42,018 - DEBUG - % sending keepalive ping
2023-04-17 16:23:42,018 - DEBUG - > PING 96 3f e4 4f [binary, 4 bytes]
2023-04-17 16:23:42,025 - DEBUG - < PONG 96 3f e4 4f [binary, 4 bytes]
2023-04-17 16:23:42,028 - DEBUG - % received keepalive pong
2023-04-17 16:23:42,976 - DEBUG - % sending keepalive ping
2023-04-17 16:23:42,976 - DEBUG - > PING a7 cd 54 7d [binary, 4 bytes]
2023-04-17 16:23:42,985 - DEBUG - < PONG a7 cd 54 7d [binary, 4 bytes]
2023-04-17 16:23:42,988 - DEBUG - % received keepalive pong
2023-04-17 16:23:44,397 - DEBUG - % sending keepalive ping
2023-04-17 16:23:44,398 - DEBUG - > PING 80 85 83 da [binary, 4 bytes]
2023-04-17 16:23:44,408 - DEBUG - < PONG 80 85 83 da [binary, 4 bytes]
2023-04-17 16:23:44,414 - DEBUG - % received keepalive pong
2023-04-17 16:24:02,024 - DEBUG - % sending keepalive ping
2023-04-17 16:24:02,024 - DEBUG - > PING e7 24 ef 45 [binary, 4 bytes]
2023-04-17 16:24:02,031 - DEBUG - < PONG e7 24 ef 45 [binary, 4 bytes]
2023-04-17 16:24:02,033 - DEBUG - % received keepalive pong
2023-04-17 16:24:02,975 - DEBUG - % sending keepalive ping
2023-04-17 16:24:02,975 - DEBUG - > PING a6 63 d7 ca [binary, 4 bytes]
2023-04-17 16:24:02,984 - DEBUG - < PONG a6 63 d7 ca [binary, 4 bytes]
2023-04-17 16:24:02,987 - DEBUG - % received keepalive pong
2023-04-17 16:24:04,403 - DEBUG - % sending keepalive ping
2023-04-17 16:24:04,403 - DEBUG - > PING 'pH\x0ei' [text, 4 bytes]
2023-04-17 16:24:04,414 - DEBUG - < PONG 'pH\x0ei' [text, 4 bytes]
2023-04-17 16:24:04,420 - DEBUG - % received keepalive pong
2023-04-17 16:24:22,023 - DEBUG - % sending keepalive ping
2023-04-17 16:24:22,023 - DEBUG - > PING ' 6Z\x16' [text, 4 bytes]
2023-04-17 16:24:22,033 - DEBUG - < PONG ' 6Z\x16' [text, 4 bytes]
2023-04-17 16:24:22,040 - DEBUG - % received keepalive pong
2023-04-17 16:24:22,971 - DEBUG - % sending keepalive ping
2023-04-17 16:24:22,972 - DEBUG - > PING 98 e7 03 dc [binary, 4 bytes]
2023-04-17 16:24:22,981 - DEBUG - < PONG 98 e7 03 dc [binary, 4 bytes]
2023-04-17 16:24:22,983 - DEBUG - % received keepalive pong
2023-04-17 16:24:24,424 - DEBUG - % sending keepalive ping
2023-04-17 16:24:24,424 - DEBUG - > PING 99 f4 53 67 [binary, 4 bytes]
2023-04-17 16:24:24,433 - DEBUG - < PONG 99 f4 53 67 [binary, 4 bytes]
2023-04-17 16:24:24,436 - DEBUG - % received keepalive pong
2023-04-17 16:24:42,028 - DEBUG - % sending keepalive ping
2023-04-17 16:24:42,028 - DEBUG - > PING 80 f9 9e 03 [binary, 4 bytes]
2023-04-17 16:24:42,034 - DEBUG - < PONG 80 f9 9e 03 [binary, 4 bytes]
2023-04-17 16:24:42,037 - DEBUG - % received keepalive pong
2023-04-17 16:24:42,975 - DEBUG - % sending keepalive ping
2023-04-17 16:24:42,975 - DEBUG - > PING a2 13 8b f5 [binary, 4 bytes]
2023-04-17 16:24:42,984 - DEBUG - < PONG a2 13 8b f5 [binary, 4 bytes]
2023-04-17 16:24:42,988 - DEBUG - % received keepalive pong
2023-04-17 16:24:44,433 - DEBUG - % sending keepalive ping
2023-04-17 16:24:44,433 - DEBUG - > PING 40 97 89 69 [binary, 4 bytes]
2023-04-17 16:24:44,442 - DEBUG - < PONG 40 97 89 69 [binary, 4 bytes]
2023-04-17 16:24:44,444 - DEBUG - % received keepalive pong
2023-04-17 16:25:02,023 - DEBUG - % sending keepalive ping
2023-04-17 16:25:02,023 - DEBUG - > PING 09 14 19 9a [binary, 4 bytes]
2023-04-17 16:25:02,030 - DEBUG - < PONG 09 14 19 9a [binary, 4 bytes]
2023-04-17 16:25:02,032 - DEBUG - % received keepalive pong
2023-04-17 16:25:02,969 - DEBUG - % sending keepalive ping
2023-04-17 16:25:02,969 - DEBUG - > PING 5f 93 12 3a [binary, 4 bytes]
2023-04-17 16:25:02,978 - DEBUG - < PONG 5f 93 12 3a [binary, 4 bytes]
2023-04-17 16:25:02,981 - DEBUG - % received keepalive pong
2023-04-17 16:25:04,434 - DEBUG - % sending keepalive ping
2023-04-17 16:25:04,434 - DEBUG - > PING d3 83 0e a4 [binary, 4 bytes]
2023-04-17 16:25:04,443 - DEBUG - < PONG d3 83 0e a4 [binary, 4 bytes]
2023-04-17 16:25:04,446 - DEBUG - % received keepalive pong
2023-04-17 16:25:22,018 - DEBUG - % sending keepalive ping
2023-04-17 16:25:22,018 - DEBUG - > PING d7 53 1f aa [binary, 4 bytes]
2023-04-17 16:25:22,025 - DEBUG - < PONG d7 53 1f aa [binary, 4 bytes]
2023-04-17 16:25:22,028 - DEBUG - % received keepalive pong
2023-04-17 16:25:22,969 - DEBUG - % sending keepalive ping
2023-04-17 16:25:22,970 - DEBUG - > PING df 75 3d b6 [binary, 4 bytes]
2023-04-17 16:25:22,978 - DEBUG - < PONG df 75 3d b6 [binary, 4 bytes]
2023-04-17 16:25:22,982 - DEBUG - % received keepalive pong
2023-04-17 16:25:24,445 - DEBUG - % sending keepalive ping
2023-04-17 16:25:24,445 - DEBUG - > PING ' \x1b2m' [text, 4 bytes]
2023-04-17 16:25:24,453 - DEBUG - < PONG ' \x1b2m' [text, 4 bytes]
2023-04-17 16:25:24,456 - DEBUG - % received keepalive pong
2023-04-17 16:25:42,020 - DEBUG - % sending keepalive ping
2023-04-17 16:25:42,020 - DEBUG - > PING 94 30 04 4f [binary, 4 bytes]
2023-04-17 16:25:42,027 - DEBUG - < PONG 94 30 04 4f [binary, 4 bytes]
2023-04-17 16:25:42,029 - DEBUG - % received keepalive pong
2023-04-17 16:25:42,968 - DEBUG - % sending keepalive ping
2023-04-17 16:25:42,968 - DEBUG - > PING b7 33 ba b4 [binary, 4 bytes]
2023-04-17 16:25:42,977 - DEBUG - < PONG b7 33 ba b4 [binary, 4 bytes]
2023-04-17 16:25:42,981 - DEBUG - % received keepalive pong
2023-04-17 16:25:44,439 - DEBUG - % sending keepalive ping
2023-04-17 16:25:44,439 - DEBUG - > PING 5c ad 11 ce [binary, 4 bytes]
2023-04-17 16:25:44,448 - DEBUG - < PONG 5c ad 11 ce [binary, 4 bytes]
2023-04-17 16:25:44,451 - DEBUG - % received keepalive pong
2023-04-17 16:26:02,021 - DEBUG - % sending keepalive ping
2023-04-17 16:26:02,021 - DEBUG - > PING e2 49 c7 62 [binary, 4 bytes]
2023-04-17 16:26:02,027 - DEBUG - < PONG e2 49 c7 62 [binary, 4 bytes]
2023-04-17 16:26:02,030 - DEBUG - % received keepalive pong
2023-04-17 16:26:02,966 - DEBUG - % sending keepalive ping
2023-04-17 16:26:02,966 - DEBUG - > PING 37 38 b4 2e [binary, 4 bytes]
2023-04-17 16:26:02,974 - DEBUG - < PONG 37 38 b4 2e [binary, 4 bytes]
2023-04-17 16:26:02,977 - DEBUG - % received keepalive pong
2023-04-17 16:26:04,447 - DEBUG - % sending keepalive ping
2023-04-17 16:26:04,447 - DEBUG - > PING 2a 55 f0 c7 [binary, 4 bytes]
2023-04-17 16:26:04,458 - DEBUG - < PONG 2a 55 f0 c7 [binary, 4 bytes]
2023-04-17 16:26:04,466 - DEBUG - % received keepalive pong
2023-04-17 16:26:22,017 - DEBUG - % sending keepalive ping
2023-04-17 16:26:22,017 - DEBUG - > PING 23 9e d4 fc [binary, 4 bytes]
2023-04-17 16:26:22,024 - DEBUG - < PONG 23 9e d4 fc [binary, 4 bytes]
2023-04-17 16:26:22,027 - DEBUG - % received keepalive pong
2023-04-17 16:26:22,964 - DEBUG - % sending keepalive ping
2023-04-17 16:26:22,965 - DEBUG - > PING 5e 91 ee 06 [binary, 4 bytes]
2023-04-17 16:26:22,973 - DEBUG - < PONG 5e 91 ee 06 [binary, 4 bytes]
2023-04-17 16:26:22,975 - DEBUG - % received keepalive pong
2023-04-17 16:26:24,466 - DEBUG - % sending keepalive ping
2023-04-17 16:26:24,466 - DEBUG - > PING 4f 88 ca d1 [binary, 4 bytes]
2023-04-17 16:26:24,475 - DEBUG - < PONG 4f 88 ca d1 [binary, 4 bytes]
2023-04-17 16:26:24,481 - DEBUG - % received keepalive pong
2023-04-17 16:26:42,023 - DEBUG - % sending keepalive ping
2023-04-17 16:26:42,023 - DEBUG - > PING d4 2d 08 2c [binary, 4 bytes]
2023-04-17 16:26:42,031 - DEBUG - < PONG d4 2d 08 2c [binary, 4 bytes]
2023-04-17 16:26:42,033 - DEBUG - % received keepalive pong
2023-04-17 16:26:42,965 - DEBUG - % sending keepalive ping
2023-04-17 16:26:42,966 - DEBUG - > PING ' 5s\x16' [text, 4 bytes]
2023-04-17 16:26:42,975 - DEBUG - < PONG ' 5s\x16' [text, 4 bytes]
2023-04-17 16:26:42,978 - DEBUG - % received keepalive pong
2023-04-17 16:26:44,474 - DEBUG - % sending keepalive ping
2023-04-17 16:26:44,474 - DEBUG - > PING c8 67 1b 89 [binary, 4 bytes]
2023-04-17 16:26:44,483 - DEBUG - < PONG c8 67 1b 89 [binary, 4 bytes]
2023-04-17 16:26:44,486 - DEBUG - % received keepalive pong
2023-04-17 16:27:02,017 - DEBUG - % sending keepalive ping
2023-04-17 16:27:02,017 - DEBUG - > PING fe 98 cd 6f [binary, 4 bytes]
2023-04-17 16:27:02,024 - DEBUG - < PONG fe 98 cd 6f [binary, 4 bytes]
2023-04-17 16:27:02,026 - DEBUG - % received keepalive pong
2023-04-17 16:27:02,968 - DEBUG - % sending keepalive ping
2023-04-17 16:27:02,968 - DEBUG - > PING 18 e4 67 3f [binary, 4 bytes]
2023-04-17 16:27:02,976 - DEBUG - < PONG 18 e4 67 3f [binary, 4 bytes]
2023-04-17 16:27:02,978 - DEBUG - % received keepalive pong
2023-04-17 16:27:04,481 - DEBUG - % sending keepalive ping
2023-04-17 16:27:04,481 - DEBUG - > PING 'g\u3a5c' [text, 4 bytes]
2023-04-17 16:27:04,575 - DEBUG - < PONG 'g\u3a5c' [text, 4 bytes]
2023-04-17 16:27:04,578 - DEBUG - % received keepalive pong
2023-04-17 16:27:22,011 - DEBUG - % sending keepalive ping
2023-04-17 16:27:22,011 - DEBUG - > PING 33 c8 d8 95 [binary, 4 bytes]
2023-04-17 16:27:22,020 - DEBUG - < PONG 33 c8 d8 95 [binary, 4 bytes]
2023-04-17 16:27:22,027 - DEBUG - % received keepalive pong
2023-04-17 16:27:22,977 - DEBUG - % sending keepalive ping
2023-04-17 16:27:22,977 - DEBUG - > PING 88 75 2f b9 [binary, 4 bytes]
2023-04-17 16:27:22,986 - DEBUG - < PONG 88 75 2f b9 [binary, 4 bytes]
2023-04-17 16:27:22,988 - DEBUG - % received keepalive pong
2023-04-17 16:27:24,573 - DEBUG - % sending keepalive ping
2023-04-17 16:27:24,573 - DEBUG - > PING ac 41 3d bc [binary, 4 bytes]
2023-04-17 16:27:24,581 - DEBUG - < PONG ac 41 3d bc [binary, 4 bytes]
2023-04-17 16:27:24,584 - DEBUG - % received keepalive pong
2023-04-17 16:27:42,014 - DEBUG - % sending keepalive ping
2023-04-17 16:27:42,014 - DEBUG - > PING 67 58 37 c1 [binary, 4 bytes]
2023-04-17 16:27:42,020 - DEBUG - < PONG 67 58 37 c1 [binary, 4 bytes]
2023-04-17 16:27:42,025 - DEBUG - % received keepalive pong
2023-04-17 16:27:42,976 - DEBUG - % sending keepalive ping
2023-04-17 16:27:42,976 - DEBUG - > PING 96 39 6d 8a [binary, 4 bytes]
2023-04-17 16:27:42,985 - DEBUG - < PONG 96 39 6d 8a [binary, 4 bytes]
2023-04-17 16:27:42,988 - DEBUG - % received keepalive pong
2023-04-17 16:27:44,568 - DEBUG - % sending keepalive ping
2023-04-17 16:27:44,568 - DEBUG - > PING 'Wp9\t' [text, 4 bytes]
2023-04-17 16:27:44,576 - DEBUG - < PONG 'Wp9\t' [text, 4 bytes]
2023-04-17 16:27:44,580 - DEBUG - % received keepalive pong
2023-04-17 16:28:02,016 - DEBUG - % sending keepalive ping
2023-04-17 16:28:02,016 - DEBUG - > PING cf 64 05 da [binary, 4 bytes]
2023-04-17 16:28:02,023 - DEBUG - < PONG cf 64 05 da [binary, 4 bytes]
2023-04-17 16:28:02,027 - DEBUG - % received keepalive pong
2023-04-17 16:28:02,978 - DEBUG - % sending keepalive ping
2023-04-17 16:28:02,978 - DEBUG - > PING 48 8f 81 17 [binary, 4 bytes]
2023-04-17 16:28:02,987 - DEBUG - < PONG 48 8f 81 17 [binary, 4 bytes]
2023-04-17 16:28:02,990 - DEBUG - % received keepalive pong
2023-04-17 16:28:04,575 - DEBUG - % sending keepalive ping
2023-04-17 16:28:04,575 - DEBUG - > PING bc 00 b6 d0 [binary, 4 bytes]
2023-04-17 16:28:04,584 - DEBUG - < PONG bc 00 b6 d0 [binary, 4 bytes]
2023-04-17 16:28:04,586 - DEBUG - % received keepalive pong
2023-04-17 16:28:12,290 - DEBUG - = connection is CONNECTING
2023-04-17 16:28:12,327 - DEBUG - > GET /ocpp16/ELA007C05/EVSCA050001 HTTP/1.1
2023-04-17 16:28:12,327 - DEBUG - > Host: ws.devevspcharger.uplus.co.kr
2023-04-17 16:28:12,328 - DEBUG - > Upgrade: websocket
2023-04-17 16:28:12,328 - DEBUG - > Connection: Upgrade
2023-04-17 16:28:12,328 - DEBUG - > Sec-WebSocket-Key: 8auayFh/YrA/l4kvuiiHNw==
2023-04-17 16:28:12,328 - DEBUG - > Sec-WebSocket-Version: 13
2023-04-17 16:28:12,328 - DEBUG - > Sec-WebSocket-Extensions: permessage-deflate; client_max_window_bits
2023-04-17 16:28:12,328 - DEBUG - > Sec-WebSocket-Protocol: ocpp1.6
2023-04-17 16:28:12,328 - DEBUG - > Authorization: Basic RVZBUjpFVkFSTEdV
2023-04-17 16:28:12,328 - DEBUG - > User-Agent: Python/3.11 websockets/10.4
2023-04-17 16:28:13,744 - DEBUG - < HTTP/1.1 101 Switching Protocols
2023-04-17 16:28:13,744 - DEBUG - < Connection: upgrade
2023-04-17 16:28:13,744 - DEBUG - < Date: Mon, 17 Apr 2023 07:28:02 GMT
2023-04-17 16:28:13,744 - DEBUG - < sec-websocket-protocol: ocpp1.6
2023-04-17 16:28:13,744 - DEBUG - < upgrade: websocket
2023-04-17 16:28:13,744 - DEBUG - < sec-websocket-accept: aZ2/G9ymoW8108vkDpBcU0wHiXk=
2023-04-17 16:28:13,745 - DEBUG - < sec-websocket-extensions: permessage-deflate
2023-04-17 16:28:13,745 - DEBUG - < X-Cache: Miss from cloudfront
2023-04-17 16:28:13,745 - DEBUG - < Via: 1.1 a5c8d8cbdab09837d65789b17ab8f40a.cloudfront.net (CloudFront)
2023-04-17 16:28:13,745 - DEBUG - < X-Amz-Cf-Pop: ICN54-C1
2023-04-17 16:28:13,745 - DEBUG - < X-Amz-Cf-Id: oI7FoLorkbHzuT247mc9Rik0qVlt6IwjUbuaZXVq8L17WbliaaQhiQ==
2023-04-17 16:28:13,745 - DEBUG - = connection is OPEN
2023-04-17 16:28:13,785 - DEBUG - > TEXT '[2, "ca42a9f4-dea8-4170-bd16-fcf9fbdb77ac", "Bo...ePointVendor": "EVAR"}]' [127 bytes]
2023-04-17 16:28:14,076 - DEBUG - < TEXT '[3, "ca42a9f4-dea8-4170-bd16-fcf9fbdb77ac", {"s...02Z", "interval": 600}]' [123 bytes]
2023-04-17 16:28:19,716 - DEBUG - Starting new HTTPS connection (1): rgw.devevspcharger.uplus.co.kr:443
2023-04-17 16:28:21,133 - DEBUG - https://rgw.devevspcharger.uplus.co.kr:443 "POST /ioc HTTP/1.1" 200 178
2023-04-17 16:28:21,147 - DEBUG - < TEXT '[2, "acace9b8-bde3-4654-b3ba-7f6fb13fe8d0", "Da..., "data": "Test Data"}]' [133 bytes]
2023-04-17 16:28:21,151 - ERROR - Task exception was never retrieved
future: <Task finished name='Task-61' coro=<ChargerSim.startEvent() done, defined at D:\workspace\wss\main.py:124> exception=KeyError('DataTransferResponse')>
Traceback (most recent call last):
  File "D:\workspace\wss\main.py", line 144, in startEvent
    await self.charger.runcase(self.TC_selected if len(self.TC_selected.keys())>0 else self.TC)
  File "D:\workspace\wss\Charger.py", line 365, in runcase
    senddoc = json.loads(self.ocppdocs)[f"{recv[2]}Response"]
              ~~~~~~~~~~~~~~~~~~~~~~~~~^^^^^^^^^^^^^^^^^^^^^^
KeyError: 'DataTransferResponse'
2023-04-17 16:28:22,027 - DEBUG - % sending keepalive ping
2023-04-17 16:28:22,027 - DEBUG - > PING 97 39 39 bf [binary, 4 bytes]
2023-04-17 16:28:22,033 - DEBUG - < PONG 97 39 39 bf [binary, 4 bytes]
2023-04-17 16:28:22,035 - DEBUG - % received keepalive pong
2023-04-17 16:28:22,974 - DEBUG - % sending keepalive ping
2023-04-17 16:28:22,974 - DEBUG - > PING 52 4c 3d fa [binary, 4 bytes]
2023-04-17 16:28:22,982 - DEBUG - < PONG 52 4c 3d fa [binary, 4 bytes]
2023-04-17 16:28:22,988 - DEBUG - % received keepalive pong
2023-04-17 16:28:24,574 - DEBUG - % sending keepalive ping
2023-04-17 16:28:24,574 - DEBUG - > PING e9 53 bc f1 [binary, 4 bytes]
2023-04-17 16:28:24,584 - DEBUG - < PONG e9 53 bc f1 [binary, 4 bytes]
2023-04-17 16:28:24,586 - DEBUG - % received keepalive pong
2023-04-17 16:28:33,757 - DEBUG - % sending keepalive ping
2023-04-17 16:28:33,758 - DEBUG - > PING ad 36 cf da [binary, 4 bytes]
2023-04-17 16:28:33,766 - DEBUG - < PONG ad 36 cf da [binary, 4 bytes]
2023-04-17 16:28:33,773 - DEBUG - % received keepalive pong
2023-04-17 16:28:42,022 - DEBUG - % sending keepalive ping
2023-04-17 16:28:42,022 - DEBUG - > PING fa b3 01 6f [binary, 4 bytes]
2023-04-17 16:28:42,028 - DEBUG - < PONG fa b3 01 6f [binary, 4 bytes]
2023-04-17 16:28:42,034 - DEBUG - % received keepalive pong
2023-04-17 16:28:42,979 - DEBUG - % sending keepalive ping
2023-04-17 16:28:42,979 - DEBUG - > PING '#w/B' [text, 4 bytes]
2023-04-17 16:28:42,988 - DEBUG - < PONG '#w/B' [text, 4 bytes]
2023-04-17 16:28:42,995 - DEBUG - % received keepalive pong
2023-04-17 16:28:44,570 - DEBUG - % sending keepalive ping
2023-04-17 16:28:44,570 - DEBUG - > PING '\x1e^r1' [text, 4 bytes]
2023-04-17 16:28:44,579 - DEBUG - < PONG '\x1e^r1' [text, 4 bytes]
2023-04-17 16:28:44,583 - DEBUG - % received keepalive pong
2023-04-17 16:28:53,766 - DEBUG - % sending keepalive ping
2023-04-17 16:28:53,766 - DEBUG - > PING ce b7 3f ad [binary, 4 bytes]
2023-04-17 16:28:53,777 - DEBUG - < PONG ce b7 3f ad [binary, 4 bytes]
2023-04-17 16:28:53,784 - DEBUG - % received keepalive pong
2023-04-17 16:29:02,014 - DEBUG - % sending keepalive ping
2023-04-17 16:29:02,014 - DEBUG - > PING 92 00 f1 24 [binary, 4 bytes]
2023-04-17 16:29:02,021 - DEBUG - < PONG 92 00 f1 24 [binary, 4 bytes]
2023-04-17 16:29:02,024 - DEBUG - % received keepalive pong
2023-04-17 16:29:02,974 - DEBUG - % sending keepalive ping
2023-04-17 16:29:02,974 - DEBUG - > PING 31 9e 1b c0 [binary, 4 bytes]
2023-04-17 16:29:02,983 - DEBUG - < PONG 31 9e 1b c0 [binary, 4 bytes]
2023-04-17 16:29:02,989 - DEBUG - % received keepalive pong
2023-04-17 16:29:04,572 - DEBUG - % sending keepalive ping
2023-04-17 16:29:04,572 - DEBUG - > PING 7b c7 26 06 [binary, 4 bytes]
2023-04-17 16:29:04,580 - DEBUG - < PONG 7b c7 26 06 [binary, 4 bytes]
2023-04-17 16:29:04,583 - DEBUG - % received keepalive pong
2023-04-17 16:29:13,771 - DEBUG - % sending keepalive ping
2023-04-17 16:29:13,771 - DEBUG - > PING a6 ad d3 74 [binary, 4 bytes]
2023-04-17 16:29:13,777 - DEBUG - < PONG a6 ad d3 74 [binary, 4 bytes]
2023-04-17 16:29:13,781 - DEBUG - % received keepalive pong
2023-04-17 16:29:22,026 - DEBUG - % sending keepalive ping
2023-04-17 16:29:22,026 - DEBUG - > PING 82 4c 0f b5 [binary, 4 bytes]
2023-04-17 16:29:22,034 - DEBUG - < PONG 82 4c 0f b5 [binary, 4 bytes]
2023-04-17 16:29:22,040 - DEBUG - % received keepalive pong
2023-04-17 16:29:22,975 - DEBUG - % sending keepalive ping
2023-04-17 16:29:22,975 - DEBUG - > PING 9e 65 ad 0b [binary, 4 bytes]
2023-04-17 16:29:22,984 - DEBUG - < PONG 9e 65 ad 0b [binary, 4 bytes]
2023-04-17 16:29:22,992 - DEBUG - % received keepalive pong
2023-04-17 16:29:24,570 - DEBUG - % sending keepalive ping
2023-04-17 16:29:24,571 - DEBUG - > PING 37 a5 7d d1 [binary, 4 bytes]
2023-04-17 16:29:24,580 - DEBUG - < PONG 37 a5 7d d1 [binary, 4 bytes]
2023-04-17 16:29:24,587 - DEBUG - % received keepalive pong
2023-04-17 16:29:33,772 - DEBUG - % sending keepalive ping
2023-04-17 16:29:33,773 - DEBUG - > PING 9b 45 fc 78 [binary, 4 bytes]
2023-04-17 16:29:33,780 - DEBUG - < PONG 9b 45 fc 78 [binary, 4 bytes]
2023-04-17 16:29:33,784 - DEBUG - % received keepalive pong
2023-04-17 16:29:42,013 - DEBUG - % sending keepalive ping
2023-04-17 16:29:42,013 - DEBUG - > PING 17 24 48 c3 [binary, 4 bytes]
2023-04-17 16:29:42,021 - DEBUG - < PONG 17 24 48 c3 [binary, 4 bytes]
2023-04-17 16:29:42,025 - DEBUG - % received keepalive pong
2023-04-17 16:29:42,979 - DEBUG - % sending keepalive ping
2023-04-17 16:29:42,979 - DEBUG - > PING 08 72 fe e2 [binary, 4 bytes]
2023-04-17 16:29:42,989 - DEBUG - < PONG 08 72 fe e2 [binary, 4 bytes]
2023-04-17 16:29:42,995 - DEBUG - % received keepalive pong
2023-04-17 16:29:44,564 - DEBUG - % sending keepalive ping
2023-04-17 16:29:44,564 - DEBUG - > PING 94 e2 7e 91 [binary, 4 bytes]
2023-04-17 16:29:44,573 - DEBUG - < PONG 94 e2 7e 91 [binary, 4 bytes]
2023-04-17 16:29:44,581 - DEBUG - % received keepalive pong
2023-04-17 16:29:53,768 - DEBUG - % sending keepalive ping
2023-04-17 16:29:53,768 - DEBUG - > PING 5d 80 c6 1e [binary, 4 bytes]
2023-04-17 16:29:53,774 - DEBUG - < PONG 5d 80 c6 1e [binary, 4 bytes]
2023-04-17 16:29:53,777 - DEBUG - % received keepalive pong
2023-04-17 16:30:02,016 - DEBUG - % sending keepalive ping
2023-04-17 16:30:02,016 - DEBUG - > PING 6b 00 9c 67 [binary, 4 bytes]
2023-04-17 16:30:02,025 - DEBUG - < PONG 6b 00 9c 67 [binary, 4 bytes]
2023-04-17 16:30:02,028 - DEBUG - % received keepalive pong
2023-04-17 16:30:02,973 - DEBUG - % sending keepalive ping
2023-04-17 16:30:02,974 - DEBUG - > PING f8 a4 30 8c [binary, 4 bytes]
2023-04-17 16:30:02,982 - DEBUG - < PONG f8 a4 30 8c [binary, 4 bytes]
2023-04-17 16:30:02,985 - DEBUG - % received keepalive pong
2023-04-17 16:30:04,566 - DEBUG - % sending keepalive ping
2023-04-17 16:30:04,567 - DEBUG - > PING 1b 3d c2 43 [binary, 4 bytes]
2023-04-17 16:30:04,576 - DEBUG - < PONG 1b 3d c2 43 [binary, 4 bytes]
2023-04-17 16:30:04,578 - DEBUG - % received keepalive pong
2023-04-17 16:30:13,772 - DEBUG - % sending keepalive ping
2023-04-17 16:30:13,772 - DEBUG - > PING '\x19sL\x04' [text, 4 bytes]
2023-04-17 16:30:13,779 - DEBUG - < PONG '\x19sL\x04' [text, 4 bytes]
2023-04-17 16:30:13,780 - DEBUG - % received keepalive pong
2023-04-17 16:30:22,023 - DEBUG - % sending keepalive ping
2023-04-17 16:30:22,023 - DEBUG - > PING 6f ae 8f ff [binary, 4 bytes]
2023-04-17 16:30:22,031 - DEBUG - < PONG 6f ae 8f ff [binary, 4 bytes]
2023-04-17 16:30:22,041 - DEBUG - % received keepalive pong
2023-04-17 16:30:22,981 - DEBUG - % sending keepalive ping
2023-04-17 16:30:22,981 - DEBUG - > PING 01 de 25 c0 [binary, 4 bytes]
2023-04-17 16:30:22,990 - DEBUG - < PONG 01 de 25 c0 [binary, 4 bytes]
2023-04-17 16:30:22,999 - DEBUG - % received keepalive pong
2023-04-17 16:30:24,572 - DEBUG - % sending keepalive ping
2023-04-17 16:30:24,572 - DEBUG - > PING 9a 19 1e 86 [binary, 4 bytes]
2023-04-17 16:30:24,580 - DEBUG - < PONG 9a 19 1e 86 [binary, 4 bytes]
2023-04-17 16:30:24,584 - DEBUG - % received keepalive pong
2023-04-17 16:30:33,762 - DEBUG - % sending keepalive ping
2023-04-17 16:30:33,762 - DEBUG - > PING 37 12 c4 ef [binary, 4 bytes]
2023-04-17 16:30:33,769 - DEBUG - < PONG 37 12 c4 ef [binary, 4 bytes]
2023-04-17 16:30:33,773 - DEBUG - % received keepalive pong
2023-04-17 16:30:42,020 - DEBUG - % sending keepalive ping
2023-04-17 16:30:42,020 - DEBUG - > PING bc 69 be 64 [binary, 4 bytes]
2023-04-17 16:30:42,028 - DEBUG - < PONG bc 69 be 64 [binary, 4 bytes]
2023-04-17 16:30:42,035 - DEBUG - % received keepalive pong
2023-04-17 16:30:43,007 - DEBUG - % sending keepalive ping
2023-04-17 16:30:43,008 - DEBUG - > PING b5 9a 45 8a [binary, 4 bytes]
2023-04-17 16:30:43,016 - DEBUG - < PONG b5 9a 45 8a [binary, 4 bytes]
2023-04-17 16:30:43,021 - DEBUG - % received keepalive pong
2023-04-17 16:30:44,569 - DEBUG - % sending keepalive ping
2023-04-17 16:30:44,570 - DEBUG - > PING 86 27 ea 50 [binary, 4 bytes]
2023-04-17 16:30:44,578 - DEBUG - < PONG 86 27 ea 50 [binary, 4 bytes]
2023-04-17 16:30:44,585 - DEBUG - % received keepalive pong
2023-04-17 16:30:53,765 - DEBUG - % sending keepalive ping
2023-04-17 16:30:53,765 - DEBUG - > PING 6f d6 12 44 [binary, 4 bytes]
2023-04-17 16:30:53,772 - DEBUG - < PONG 6f d6 12 44 [binary, 4 bytes]
2023-04-17 16:30:53,777 - DEBUG - % received keepalive pong
2023-04-17 16:31:02,018 - DEBUG - % sending keepalive ping
2023-04-17 16:31:02,018 - DEBUG - > PING 89 7a b5 35 [binary, 4 bytes]
2023-04-17 16:31:02,027 - DEBUG - < PONG 89 7a b5 35 [binary, 4 bytes]
2023-04-17 16:31:02,035 - DEBUG - % received keepalive pong
2023-04-17 16:31:03,020 - DEBUG - % sending keepalive ping
2023-04-17 16:31:03,021 - DEBUG - > PING 95 a2 50 da [binary, 4 bytes]
2023-04-17 16:31:03,046 - DEBUG - < PONG 95 a2 50 da [binary, 4 bytes]
2023-04-17 16:31:03,065 - DEBUG - % received keepalive pong
2023-04-17 16:31:04,576 - DEBUG - % sending keepalive ping
2023-04-17 16:31:04,576 - DEBUG - > PING 94 60 bf 69 [binary, 4 bytes]
2023-04-17 16:31:04,585 - DEBUG - < PONG 94 60 bf 69 [binary, 4 bytes]
2023-04-17 16:31:04,594 - DEBUG - % received keepalive pong
2023-04-17 16:31:07,030 - DEBUG - = connection is CONNECTING
2023-04-17 16:31:07,075 - DEBUG - > GET /ocpp16/ELA007C05/EVSCA050001 HTTP/1.1
2023-04-17 16:31:07,075 - DEBUG - > Host: ws.devevspcharger.uplus.co.kr
2023-04-17 16:31:07,075 - DEBUG - > Upgrade: websocket
2023-04-17 16:31:07,076 - DEBUG - > Connection: Upgrade
2023-04-17 16:31:07,076 - DEBUG - > Sec-WebSocket-Key: UP/sq+Rg9HJ0bM4MNfBbrQ==
2023-04-17 16:31:07,076 - DEBUG - > Sec-WebSocket-Version: 13
2023-04-17 16:31:07,076 - DEBUG - > Sec-WebSocket-Extensions: permessage-deflate; client_max_window_bits
2023-04-17 16:31:07,076 - DEBUG - > Sec-WebSocket-Protocol: ocpp1.6
2023-04-17 16:31:07,076 - DEBUG - > Authorization: Basic RVZBUjpFVkFSTEdV
2023-04-17 16:31:07,077 - DEBUG - > User-Agent: Python/3.11 websockets/10.4
2023-04-17 16:31:07,734 - DEBUG - < HTTP/1.1 101 Switching Protocols
2023-04-17 16:31:07,734 - DEBUG - < Connection: upgrade
2023-04-17 16:31:07,735 - DEBUG - < Date: Mon, 17 Apr 2023 07:30:56 GMT
2023-04-17 16:31:07,735 - DEBUG - < sec-websocket-protocol: ocpp1.6
2023-04-17 16:31:07,735 - DEBUG - < upgrade: websocket
2023-04-17 16:31:07,735 - DEBUG - < sec-websocket-accept: Q87behmRPwMrBGZP8jJDrPAbJfQ=
2023-04-17 16:31:07,735 - DEBUG - < sec-websocket-extensions: permessage-deflate
2023-04-17 16:31:07,735 - DEBUG - < X-Cache: Miss from cloudfront
2023-04-17 16:31:07,735 - DEBUG - < Via: 1.1 242ecb14dc0782deec482a730069d5e4.cloudfront.net (CloudFront)
2023-04-17 16:31:07,736 - DEBUG - < X-Amz-Cf-Pop: ICN54-C1
2023-04-17 16:31:07,736 - DEBUG - < X-Amz-Cf-Id: Ma0c4uH45xzXduKzpUE0BfxC2SB6zKQECINaqmeHVaRjvrx7RgJaiA==
2023-04-17 16:31:07,736 - DEBUG - = connection is OPEN
2023-04-17 16:31:07,797 - DEBUG - > TEXT '[2, "bd8dd946-40ef-41cc-8b39-4dea1d411dbf", "Bo...ePointVendor": "EVAR"}]' [127 bytes]
2023-04-17 16:31:08,247 - DEBUG - < TEXT '[3, "bd8dd946-40ef-41cc-8b39-4dea1d411dbf", {"s...56Z", "interval": 600}]' [123 bytes]
2023-04-17 16:31:09,942 - DEBUG - Starting new HTTPS connection (1): rgw.devevspcharger.uplus.co.kr:443
2023-04-17 16:31:10,585 - DEBUG - https://rgw.devevspcharger.uplus.co.kr:443 "POST /ioc HTTP/1.1" 200 178
2023-04-17 16:31:10,610 - DEBUG - < TEXT '[2, "c9314437-aabd-4d19-b4cf-4a8fe6c74f08", "Da..., "data": "Test Data"}]' [133 bytes]
2023-04-17 16:31:10,617 - DEBUG - > TEXT '[3, "c9314437-aabd-4d19-b4cf-4a8fe6c74f08", {"status": "Rejected"}]' [67 bytes]
2023-04-17 16:31:10,779 - DEBUG - < TEXT '' [0 bytes]
2023-04-17 16:31:10,809 - DEBUG - = connection is CLOSING
2023-04-17 16:31:10,809 - DEBUG - > CLOSE 1000 (OK) [2 bytes]
2023-04-17 16:31:10,818 - DEBUG - < CLOSE 1000 (OK) [2 bytes]
2023-04-17 16:31:10,824 - DEBUG - = connection is CLOSED
2023-04-17 16:31:13,791 - DEBUG - % sending keepalive ping
2023-04-17 16:31:13,792 - DEBUG - > PING '\u78e6@' [text, 4 bytes]
2023-04-17 16:31:13,998 - DEBUG - < PONG '\u78e6@' [text, 4 bytes]
2023-04-17 16:31:14,003 - DEBUG - % received keepalive pong
2023-04-17 16:31:22,015 - DEBUG - % sending keepalive ping
2023-04-17 16:31:22,015 - DEBUG - > PING de d9 f2 5b [binary, 4 bytes]
2023-04-17 16:31:22,022 - DEBUG - < PONG de d9 f2 5b [binary, 4 bytes]
2023-04-17 16:31:22,024 - DEBUG - % received keepalive pong
2023-04-17 16:31:23,069 - DEBUG - % sending keepalive ping
2023-04-17 16:31:23,070 - DEBUG - > PING 6d 14 f5 1c [binary, 4 bytes]
2023-04-17 16:31:23,077 - DEBUG - < PONG 6d 14 f5 1c [binary, 4 bytes]
2023-04-17 16:31:23,084 - DEBUG - % received keepalive pong
2023-04-17 16:31:24,597 - DEBUG - % sending keepalive ping
2023-04-17 16:31:24,597 - DEBUG - > PING 'PK/d' [text, 4 bytes]
2023-04-17 16:31:24,609 - DEBUG - < PONG 'PK/d' [text, 4 bytes]
2023-04-17 16:31:24,614 - DEBUG - % received keepalive pong
2023-04-17 16:31:33,999 - DEBUG - % sending keepalive ping
2023-04-17 16:31:33,999 - DEBUG - > PING 6e 55 24 ec [binary, 4 bytes]
2023-04-17 16:31:34,009 - DEBUG - < PONG 6e 55 24 ec [binary, 4 bytes]
2023-04-17 16:31:34,015 - DEBUG - % received keepalive pong
2023-04-17 16:31:42,025 - DEBUG - % sending keepalive ping
2023-04-17 16:31:42,025 - DEBUG - > PING 12 17 be cf [binary, 4 bytes]
2023-04-17 16:31:42,033 - DEBUG - < PONG 12 17 be cf [binary, 4 bytes]
2023-04-17 16:31:42,042 - DEBUG - % received keepalive pong
2023-04-17 16:31:43,069 - DEBUG - % sending keepalive ping
2023-04-17 16:31:43,070 - DEBUG - > PING 20 4c 74 80 [binary, 4 bytes]
2023-04-17 16:31:43,079 - DEBUG - < PONG 20 4c 74 80 [binary, 4 bytes]
2023-04-17 16:31:43,082 - DEBUG - % received keepalive pong
2023-04-17 16:31:44,598 - DEBUG - % sending keepalive ping
2023-04-17 16:31:44,598 - DEBUG - > PING 'SM#*' [text, 4 bytes]
2023-04-17 16:31:44,607 - DEBUG - < PONG 'SM#*' [text, 4 bytes]
2023-04-17 16:31:44,615 - DEBUG - % received keepalive pong
2023-04-17 16:31:54,022 - DEBUG - % sending keepalive ping
2023-04-17 16:31:54,022 - DEBUG - > PING c5 6a 50 bf [binary, 4 bytes]
2023-04-17 16:31:54,028 - DEBUG - < PONG c5 6a 50 bf [binary, 4 bytes]
2023-04-17 16:31:54,032 - DEBUG - % received keepalive pong
2023-04-17 16:32:02,044 - DEBUG - % sending keepalive ping
2023-04-17 16:32:02,044 - DEBUG - > PING 10 e3 96 c8 [binary, 4 bytes]
2023-04-17 16:32:02,057 - DEBUG - < PONG 10 e3 96 c8 [binary, 4 bytes]
2023-04-17 16:32:02,064 - DEBUG - % received keepalive pong
2023-04-17 16:32:03,061 - DEBUG - % sending keepalive ping
2023-04-17 16:32:03,061 - DEBUG - > PING fd 5c a6 ff [binary, 4 bytes]
2023-04-17 16:32:03,070 - DEBUG - < PONG fd 5c a6 ff [binary, 4 bytes]
2023-04-17 16:32:03,073 - DEBUG - % received keepalive pong
2023-04-17 16:32:04,599 - DEBUG - % sending keepalive ping
2023-04-17 16:32:04,599 - DEBUG - > PING 42 27 da f7 [binary, 4 bytes]
2023-04-17 16:32:04,607 - DEBUG - < PONG 42 27 da f7 [binary, 4 bytes]
2023-04-17 16:32:04,610 - DEBUG - % received keepalive pong
2023-04-17 16:32:14,026 - DEBUG - % sending keepalive ping
2023-04-17 16:32:14,026 - DEBUG - > PING 30 e7 eb b5 [binary, 4 bytes]
2023-04-17 16:32:14,034 - DEBUG - < PONG 30 e7 eb b5 [binary, 4 bytes]
2023-04-17 16:32:14,038 - DEBUG - % received keepalive pong
2023-04-17 16:32:22,070 - DEBUG - % sending keepalive ping
2023-04-17 16:32:22,071 - DEBUG - > PING 94 7a 65 47 [binary, 4 bytes]
2023-04-17 16:32:22,080 - DEBUG - < PONG 94 7a 65 47 [binary, 4 bytes]
2023-04-17 16:32:22,083 - DEBUG - % received keepalive pong
2023-04-17 16:32:23,066 - DEBUG - % sending keepalive ping
2023-04-17 16:32:23,067 - DEBUG - > PING 19 89 f9 c4 [binary, 4 bytes]
2023-04-17 16:32:23,075 - DEBUG - < PONG 19 89 f9 c4 [binary, 4 bytes]
2023-04-17 16:32:23,081 - DEBUG - % received keepalive pong
2023-04-17 16:32:24,601 - DEBUG - % sending keepalive ping
2023-04-17 16:32:24,602 - DEBUG - > PING 52 fa f7 66 [binary, 4 bytes]
2023-04-17 16:32:24,613 - DEBUG - < PONG 52 fa f7 66 [binary, 4 bytes]
2023-04-17 16:32:24,620 - DEBUG - % received keepalive pong
2023-04-17 16:32:34,016 - DEBUG - % sending keepalive ping
2023-04-17 16:32:34,017 - DEBUG - > PING cf b9 f0 8e [binary, 4 bytes]
2023-04-17 16:32:34,025 - DEBUG - < PONG cf b9 f0 8e [binary, 4 bytes]
2023-04-17 16:32:34,031 - DEBUG - % received keepalive pong
2023-04-17 16:32:42,062 - DEBUG - % sending keepalive ping
2023-04-17 16:32:42,063 - DEBUG - > PING 52 51 82 58 [binary, 4 bytes]
2023-04-17 16:32:42,069 - DEBUG - < PONG 52 51 82 58 [binary, 4 bytes]
2023-04-17 16:32:42,073 - DEBUG - % received keepalive pong
2023-04-17 16:32:43,067 - DEBUG - % sending keepalive ping
2023-04-17 16:32:43,067 - DEBUG - > PING 5b a6 bd 57 [binary, 4 bytes]
2023-04-17 16:32:43,076 - DEBUG - < PONG 5b a6 bd 57 [binary, 4 bytes]
2023-04-17 16:32:43,083 - DEBUG - % received keepalive pong
2023-04-17 16:32:44,627 - DEBUG - % sending keepalive ping
2023-04-17 16:32:44,627 - DEBUG - > PING ec 0f 2b 92 [binary, 4 bytes]
2023-04-17 16:32:44,636 - DEBUG - < PONG ec 0f 2b 92 [binary, 4 bytes]
2023-04-17 16:32:44,642 - DEBUG - % received keepalive pong
2023-04-17 16:32:54,020 - DEBUG - % sending keepalive ping
2023-04-17 16:32:54,021 - DEBUG - > PING 78 da 88 b6 [binary, 4 bytes]
2023-04-17 16:32:54,027 - DEBUG - < PONG 78 da 88 b6 [binary, 4 bytes]
2023-04-17 16:32:54,030 - DEBUG - % received keepalive pong
2023-04-17 16:33:02,066 - DEBUG - % sending keepalive ping
2023-04-17 16:33:02,066 - DEBUG - > PING 7f b8 c9 04 [binary, 4 bytes]
2023-04-17 16:33:02,075 - DEBUG - < PONG 7f b8 c9 04 [binary, 4 bytes]
2023-04-17 16:33:02,078 - DEBUG - % received keepalive pong
2023-04-17 16:33:03,074 - DEBUG - % sending keepalive ping
2023-04-17 16:33:03,074 - DEBUG - > PING a4 23 6a bc [binary, 4 bytes]
2023-04-17 16:33:03,082 - DEBUG - < PONG a4 23 6a bc [binary, 4 bytes]
2023-04-17 16:33:03,084 - DEBUG - % received keepalive pong
2023-04-17 16:33:04,643 - DEBUG - % sending keepalive ping
2023-04-17 16:33:04,644 - DEBUG - > PING 8d 96 ba 9d [binary, 4 bytes]
2023-04-17 16:33:04,652 - DEBUG - < PONG 8d 96 ba 9d [binary, 4 bytes]
2023-04-17 16:33:04,660 - DEBUG - % received keepalive pong
2023-04-17 16:33:13,956 - DEBUG - = connection is CONNECTING
2023-04-17 16:33:13,990 - DEBUG - > GET /ocpp16/ELA007C05/EVSCA050001 HTTP/1.1
2023-04-17 16:33:13,990 - DEBUG - > Host: ws.devevspcharger.uplus.co.kr
2023-04-17 16:33:13,991 - DEBUG - > Upgrade: websocket
2023-04-17 16:33:13,991 - DEBUG - > Connection: Upgrade
2023-04-17 16:33:13,991 - DEBUG - > Sec-WebSocket-Key: QuVboj+0Hh/o+YhaOJdosg==
2023-04-17 16:33:13,991 - DEBUG - > Sec-WebSocket-Version: 13
2023-04-17 16:33:13,991 - DEBUG - > Sec-WebSocket-Extensions: permessage-deflate; client_max_window_bits
2023-04-17 16:33:13,991 - DEBUG - > Sec-WebSocket-Protocol: ocpp1.6
2023-04-17 16:33:13,991 - DEBUG - > Authorization: Basic RVZBUjpFVkFSTEdV
2023-04-17 16:33:13,992 - DEBUG - > User-Agent: Python/3.11 websockets/10.4
2023-04-17 16:33:14,018 - DEBUG - % sending keepalive ping
2023-04-17 16:33:14,018 - DEBUG - > PING 58 ea 50 1f [binary, 4 bytes]
2023-04-17 16:33:14,025 - DEBUG - < PONG 58 ea 50 1f [binary, 4 bytes]
2023-04-17 16:33:14,028 - DEBUG - % received keepalive pong
2023-04-17 16:33:14,560 - DEBUG - < HTTP/1.1 101 Switching Protocols
2023-04-17 16:33:14,560 - DEBUG - < Connection: upgrade
2023-04-17 16:33:14,560 - DEBUG - < Date: Mon, 17 Apr 2023 07:33:03 GMT
2023-04-17 16:33:14,560 - DEBUG - < sec-websocket-protocol: ocpp1.6
2023-04-17 16:33:14,560 - DEBUG - < upgrade: websocket
2023-04-17 16:33:14,560 - DEBUG - < sec-websocket-accept: G1/LDOBToGShH6UIBQiM2Jo8fQ0=
2023-04-17 16:33:14,560 - DEBUG - < sec-websocket-extensions: permessage-deflate
2023-04-17 16:33:14,560 - DEBUG - < X-Cache: Miss from cloudfront
2023-04-17 16:33:14,560 - DEBUG - < Via: 1.1 da2c164b1f4a215d9eb34f9c8a35ee3c.cloudfront.net (CloudFront)
2023-04-17 16:33:14,561 - DEBUG - < X-Amz-Cf-Pop: ICN54-C1
2023-04-17 16:33:14,561 - DEBUG - < X-Amz-Cf-Id: 0SsDadchSP71NszuC3g4sisngMx75BHgmi4-m3UyIv8teBmFp2gMxg==
2023-04-17 16:33:14,561 - DEBUG - = connection is OPEN
2023-04-17 16:33:14,591 - DEBUG - > TEXT '[2, "4649e334-2e21-42e0-ad51-ccf75ea04f71", "Bo...ePointVendor": "EVAR"}]' [127 bytes]
2023-04-17 16:33:14,881 - DEBUG - < TEXT '[3, "4649e334-2e21-42e0-ad51-ccf75ea04f71", {"s...03Z", "interval": 600}]' [123 bytes]
2023-04-17 16:33:16,338 - DEBUG - Starting new HTTPS connection (1): rgw.devevspcharger.uplus.co.kr:443
2023-04-17 16:33:16,977 - DEBUG - https://rgw.devevspcharger.uplus.co.kr:443 "POST /ioc HTTP/1.1" 200 162
2023-04-17 16:33:16,992 - DEBUG - < TEXT '[2, "f4f15105-621c-4013-b579-66ff889b5eb0", "Ch...ed", "value": "false"}]' [117 bytes]
2023-04-17 16:33:16,996 - DEBUG - > TEXT '[3, "f4f15105-621c-4013-b579-66ff889b5eb0", {"status": "Accepted"}]' [67 bytes]
2023-04-17 16:33:17,151 - DEBUG - < TEXT '' [0 bytes]
2023-04-17 16:33:19,497 - DEBUG - Starting new HTTPS connection (1): rgw.devevspcharger.uplus.co.kr:443
2023-04-17 16:33:19,926 - DEBUG - https://rgw.devevspcharger.uplus.co.kr:443 "POST /ioc HTTP/1.1" 200 115
2023-04-17 16:33:19,940 - DEBUG - < TEXT '[2, "5096ccf6-0d9c-4ae7-a5b9-b70a131c609c", "GetLocalListVersion", {}]' [70 bytes]
2023-04-17 16:33:19,944 - DEBUG - > TEXT '[3, "5096ccf6-0d9c-4ae7-a5b9-b70a131c609c", {"listVersion": -1}]' [64 bytes]
2023-04-17 16:33:20,098 - DEBUG - < TEXT '' [0 bytes]
2023-04-17 16:33:20,115 - DEBUG - = connection is CLOSING
2023-04-17 16:33:20,115 - DEBUG - > CLOSE 1000 (OK) [2 bytes]
2023-04-17 16:33:20,124 - DEBUG - < CLOSE 1000 (OK) [2 bytes]
2023-04-17 16:33:20,130 - DEBUG - = connection is CLOSED
2023-04-17 16:33:22,073 - DEBUG - % sending keepalive ping
2023-04-17 16:33:22,074 - DEBUG - > PING ae 8b f3 dc [binary, 4 bytes]
2023-04-17 16:33:22,081 - DEBUG - < PONG ae 8b f3 dc [binary, 4 bytes]
2023-04-17 16:33:22,084 - DEBUG - % received keepalive pong
2023-04-17 16:33:23,068 - DEBUG - % sending keepalive ping
2023-04-17 16:33:23,068 - DEBUG - > PING b2 48 4e 2c [binary, 4 bytes]
2023-04-17 16:33:23,076 - DEBUG - < PONG b2 48 4e 2c [binary, 4 bytes]
2023-04-17 16:33:23,080 - DEBUG - % received keepalive pong
2023-04-17 16:33:24,645 - DEBUG - % sending keepalive ping
2023-04-17 16:33:24,645 - DEBUG - > PING 4c a4 25 4b [binary, 4 bytes]
2023-04-17 16:33:24,653 - DEBUG - < PONG 4c a4 25 4b [binary, 4 bytes]
2023-04-17 16:33:24,656 - DEBUG - % received keepalive pong
2023-04-17 16:33:34,026 - DEBUG - % sending keepalive ping
2023-04-17 16:33:34,026 - DEBUG - > PING 9a 39 33 55 [binary, 4 bytes]
2023-04-17 16:33:34,045 - DEBUG - < PONG 9a 39 33 55 [binary, 4 bytes]
2023-04-17 16:33:34,059 - DEBUG - % received keepalive pong
2023-04-17 16:33:42,068 - DEBUG - % sending keepalive ping
2023-04-17 16:33:42,068 - DEBUG - > PING 3e a1 f5 52 [binary, 4 bytes]
2023-04-17 16:33:42,076 - DEBUG - < PONG 3e a1 f5 52 [binary, 4 bytes]
2023-04-17 16:33:42,082 - DEBUG - % received keepalive pong
2023-04-17 16:33:43,067 - DEBUG - % sending keepalive ping
2023-04-17 16:33:43,067 - DEBUG - > PING 8f c0 39 77 [binary, 4 bytes]
2023-04-17 16:33:43,082 - DEBUG - < PONG 8f c0 39 77 [binary, 4 bytes]
2023-04-17 16:33:43,089 - DEBUG - % received keepalive pong
2023-04-17 16:33:44,651 - DEBUG - % sending keepalive ping
2023-04-17 16:33:44,652 - DEBUG - > PING 1a be 6a 50 [binary, 4 bytes]
2023-04-17 16:33:44,660 - DEBUG - < PONG 1a be 6a 50 [binary, 4 bytes]
2023-04-17 16:33:44,669 - DEBUG - % received keepalive pong
2023-04-17 16:33:54,062 - DEBUG - % sending keepalive ping
2023-04-17 16:33:54,063 - DEBUG - > PING 44 3d aa 47 [binary, 4 bytes]
2023-04-17 16:33:54,073 - DEBUG - < PONG 44 3d aa 47 [binary, 4 bytes]
2023-04-17 16:33:54,078 - DEBUG - % received keepalive pong
2023-04-17 16:34:02,066 - DEBUG - % sending keepalive ping
2023-04-17 16:34:02,067 - DEBUG - > PING 'UJg\x17' [text, 4 bytes]
2023-04-17 16:34:02,073 - DEBUG - < PONG 'UJg\x17' [text, 4 bytes]
2023-04-17 16:34:02,078 - DEBUG - % received keepalive pong
2023-04-17 16:34:03,094 - DEBUG - % sending keepalive ping
2023-04-17 16:34:03,094 - DEBUG - > PING 59 93 ab 61 [binary, 4 bytes]
2023-04-17 16:34:03,103 - DEBUG - < PONG 59 93 ab 61 [binary, 4 bytes]
2023-04-17 16:34:03,111 - DEBUG - % received keepalive pong
2023-04-17 16:34:04,673 - DEBUG - % sending keepalive ping
2023-04-17 16:34:04,674 - DEBUG - > PING 59 3e c0 72 [binary, 4 bytes]
2023-04-17 16:34:04,683 - DEBUG - < PONG 59 3e c0 72 [binary, 4 bytes]
2023-04-17 16:34:04,686 - DEBUG - % received keepalive pong
2023-04-17 16:34:14,067 - DEBUG - % sending keepalive ping
2023-04-17 16:34:14,068 - DEBUG - > PING 9c 9f dd 8a [binary, 4 bytes]
2023-04-17 16:34:14,078 - DEBUG - < PONG 9c 9f dd 8a [binary, 4 bytes]
2023-04-17 16:34:14,086 - DEBUG - % received keepalive pong
2023-04-17 16:34:22,059 - DEBUG - % sending keepalive ping
2023-04-17 16:34:22,059 - DEBUG - > PING f4 8a 65 f9 [binary, 4 bytes]
2023-04-17 16:34:22,067 - DEBUG - < PONG f4 8a 65 f9 [binary, 4 bytes]
2023-04-17 16:34:22,073 - DEBUG - % received keepalive pong
2023-04-17 16:34:23,102 - DEBUG - % sending keepalive ping
2023-04-17 16:34:23,103 - DEBUG - > PING 86 5f cb 34 [binary, 4 bytes]
2023-04-17 16:34:23,113 - DEBUG - < PONG 86 5f cb 34 [binary, 4 bytes]
2023-04-17 16:34:23,124 - DEBUG - % received keepalive pong
2023-04-17 16:34:24,688 - DEBUG - % sending keepalive ping
2023-04-17 16:34:24,688 - DEBUG - > PING b9 19 0d f6 [binary, 4 bytes]
2023-04-17 16:34:24,696 - DEBUG - < PONG b9 19 0d f6 [binary, 4 bytes]
2023-04-17 16:34:24,703 - DEBUG - % received keepalive pong
2023-04-17 16:34:34,069 - DEBUG - % sending keepalive ping
2023-04-17 16:34:34,069 - DEBUG - > PING 83 00 83 aa [binary, 4 bytes]
2023-04-17 16:34:34,076 - DEBUG - < PONG 83 00 83 aa [binary, 4 bytes]
2023-04-17 16:34:34,081 - DEBUG - % received keepalive pong
2023-04-17 16:34:42,072 - DEBUG - % sending keepalive ping
2023-04-17 16:34:42,073 - DEBUG - > PING e4 3e 7c 7f [binary, 4 bytes]
2023-04-17 16:34:42,081 - DEBUG - < PONG e4 3e 7c 7f [binary, 4 bytes]
2023-04-17 16:34:42,088 - DEBUG - % received keepalive pong
2023-04-17 16:34:43,129 - DEBUG - % sending keepalive ping
2023-04-17 16:34:43,129 - DEBUG - > PING b7 f8 51 45 [binary, 4 bytes]
2023-04-17 16:34:43,137 - DEBUG - < PONG b7 f8 51 45 [binary, 4 bytes]
2023-04-17 16:34:43,140 - DEBUG - % received keepalive pong
2023-04-17 16:34:44,696 - DEBUG - % sending keepalive ping
2023-04-17 16:34:44,696 - DEBUG - > PING e1 c3 6d 4a [binary, 4 bytes]
2023-04-17 16:34:44,705 - DEBUG - < PONG e1 c3 6d 4a [binary, 4 bytes]
2023-04-17 16:34:44,714 - DEBUG - % received keepalive pong
2023-04-17 16:34:54,062 - DEBUG - % sending keepalive ping
2023-04-17 16:34:54,063 - DEBUG - > PING 48 03 c2 58 [binary, 4 bytes]
2023-04-17 16:34:54,071 - DEBUG - < PONG 48 03 c2 58 [binary, 4 bytes]
2023-04-17 16:34:54,075 - DEBUG - % received keepalive pong
2023-04-17 16:35:02,065 - DEBUG - % sending keepalive ping
2023-04-17 16:35:02,066 - DEBUG - > PING f9 7e f3 44 [binary, 4 bytes]
2023-04-17 16:35:02,078 - DEBUG - < PONG f9 7e f3 44 [binary, 4 bytes]
2023-04-17 16:35:02,085 - DEBUG - % received keepalive pong
2023-04-17 16:35:03,149 - DEBUG - % sending keepalive ping
2023-04-17 16:35:03,149 - DEBUG - > PING '\x0e\x11q)' [text, 4 bytes]
2023-04-17 16:35:03,208 - DEBUG - < PONG '\x0e\x11q)' [text, 4 bytes]
2023-04-17 16:35:03,213 - DEBUG - % received keepalive pong
2023-04-17 16:35:04,723 - DEBUG - % sending keepalive ping
2023-04-17 16:35:04,723 - DEBUG - > PING 38 44 e1 37 [binary, 4 bytes]
2023-04-17 16:35:04,736 - DEBUG - < PONG 38 44 e1 37 [binary, 4 bytes]
2023-04-17 16:35:04,741 - DEBUG - % received keepalive pong
2023-04-17 16:35:14,067 - DEBUG - % sending keepalive ping
2023-04-17 16:35:14,067 - DEBUG - > PING cd 74 da e4 [binary, 4 bytes]
2023-04-17 16:35:14,075 - DEBUG - < PONG cd 74 da e4 [binary, 4 bytes]
2023-04-17 16:35:14,079 - DEBUG - % received keepalive pong
2023-04-17 16:35:22,086 - DEBUG - % sending keepalive ping
2023-04-17 16:35:22,086 - DEBUG - > PING b8 f8 b7 87 [binary, 4 bytes]
2023-04-17 16:35:22,094 - DEBUG - < PONG b8 f8 b7 87 [binary, 4 bytes]
2023-04-17 16:35:22,100 - DEBUG - % received keepalive pong
2023-04-17 16:35:23,216 - DEBUG - % sending keepalive ping
2023-04-17 16:35:23,216 - DEBUG - > PING 03 96 a7 1f [binary, 4 bytes]
2023-04-17 16:35:23,227 - DEBUG - < PONG 03 96 a7 1f [binary, 4 bytes]
2023-04-17 16:35:23,235 - DEBUG - % received keepalive pong
2023-04-17 16:35:24,729 - DEBUG - % sending keepalive ping
2023-04-17 16:35:24,729 - DEBUG - > PING 11 25 23 9d [binary, 4 bytes]
2023-04-17 16:35:24,737 - DEBUG - < PONG 11 25 23 9d [binary, 4 bytes]
2023-04-17 16:35:24,745 - DEBUG - % received keepalive pong
2023-04-17 16:35:34,062 - DEBUG - % sending keepalive ping
2023-04-17 16:35:34,062 - DEBUG - > PING d0 1f 0e 3e [binary, 4 bytes]
2023-04-17 16:35:34,071 - DEBUG - < PONG d0 1f 0e 3e [binary, 4 bytes]
2023-04-17 16:35:34,075 - DEBUG - % received keepalive pong
2023-04-17 16:35:42,104 - DEBUG - % sending keepalive ping
2023-04-17 16:35:42,104 - DEBUG - > PING 9f b7 13 f4 [binary, 4 bytes]
2023-04-17 16:35:42,112 - DEBUG - < PONG 9f b7 13 f4 [binary, 4 bytes]
2023-04-17 16:35:42,116 - DEBUG - % received keepalive pong
2023-04-17 16:35:43,218 - DEBUG - % sending keepalive ping
2023-04-17 16:35:43,219 - DEBUG - > PING f8 b5 51 f9 [binary, 4 bytes]
2023-04-17 16:35:43,229 - DEBUG - < PONG f8 b5 51 f9 [binary, 4 bytes]
2023-04-17 16:35:43,233 - DEBUG - % received keepalive pong
2023-04-17 16:35:44,761 - DEBUG - % sending keepalive ping
2023-04-17 16:35:44,762 - DEBUG - > PING da e9 c6 d5 [binary, 4 bytes]
2023-04-17 16:35:44,771 - DEBUG - < PONG da e9 c6 d5 [binary, 4 bytes]
2023-04-17 16:35:44,778 - DEBUG - % received keepalive pong
2023-04-17 16:35:54,066 - DEBUG - % sending keepalive ping
2023-04-17 16:35:54,067 - DEBUG - > PING 'Zdn\x02' [text, 4 bytes]
2023-04-17 16:35:54,073 - DEBUG - < PONG 'Zdn\x02' [text, 4 bytes]
2023-04-17 16:35:54,078 - DEBUG - % received keepalive pong
2023-04-17 16:36:02,094 - DEBUG - % sending keepalive ping
2023-04-17 16:36:02,095 - DEBUG - > PING 97 3d 09 09 [binary, 4 bytes]
2023-04-17 16:36:02,102 - DEBUG - < PONG 97 3d 09 09 [binary, 4 bytes]
2023-04-17 16:36:02,107 - DEBUG - % received keepalive pong
2023-04-17 16:36:03,218 - DEBUG - % sending keepalive ping
2023-04-17 16:36:03,218 - DEBUG - > PING 27 f8 db 29 [binary, 4 bytes]
2023-04-17 16:36:03,226 - DEBUG - < PONG 27 f8 db 29 [binary, 4 bytes]
2023-04-17 16:36:03,231 - DEBUG - % received keepalive pong
2023-04-17 16:36:04,777 - DEBUG - % sending keepalive ping
2023-04-17 16:36:04,777 - DEBUG - > PING 35 a5 9b a7 [binary, 4 bytes]
2023-04-17 16:36:04,790 - DEBUG - < PONG 35 a5 9b a7 [binary, 4 bytes]
2023-04-17 16:36:04,801 - DEBUG - % received keepalive pong
2023-04-17 16:36:14,070 - DEBUG - % sending keepalive ping
2023-04-17 16:36:14,071 - DEBUG - > PING '{y?6' [text, 4 bytes]
2023-04-17 16:36:14,078 - DEBUG - < PONG '{y?6' [text, 4 bytes]
2023-04-17 16:36:14,083 - DEBUG - % received keepalive pong
2023-04-17 16:36:22,097 - DEBUG - % sending keepalive ping
2023-04-17 16:36:22,097 - DEBUG - > PING 90 5b fe 54 [binary, 4 bytes]
2023-04-17 16:36:22,103 - DEBUG - < PONG 90 5b fe 54 [binary, 4 bytes]
2023-04-17 16:36:22,106 - DEBUG - % received keepalive pong
2023-04-17 16:36:23,227 - DEBUG - % sending keepalive ping
2023-04-17 16:36:23,227 - DEBUG - > PING be e3 e6 d8 [binary, 4 bytes]
2023-04-17 16:36:23,238 - DEBUG - < PONG be e3 e6 d8 [binary, 4 bytes]
2023-04-17 16:36:23,244 - DEBUG - % received keepalive pong
2023-04-17 16:36:24,795 - DEBUG - % sending keepalive ping
2023-04-17 16:36:24,796 - DEBUG - > PING 5c a1 43 1b [binary, 4 bytes]
2023-04-17 16:36:24,804 - DEBUG - < PONG 5c a1 43 1b [binary, 4 bytes]
2023-04-17 16:36:24,809 - DEBUG - % received keepalive pong
2023-04-17 16:36:34,068 - DEBUG - % sending keepalive ping
2023-04-17 16:36:34,068 - DEBUG - > PING e6 c4 f1 2b [binary, 4 bytes]
2023-04-17 16:36:34,075 - DEBUG - < PONG e6 c4 f1 2b [binary, 4 bytes]
2023-04-17 16:36:34,078 - DEBUG - % received keepalive pong
2023-04-17 16:36:42,095 - DEBUG - % sending keepalive ping
2023-04-17 16:36:42,095 - DEBUG - > PING 07 f8 81 07 [binary, 4 bytes]
2023-04-17 16:36:42,101 - DEBUG - < PONG 07 f8 81 07 [binary, 4 bytes]
2023-04-17 16:36:42,106 - DEBUG - % received keepalive pong
2023-04-17 16:36:43,227 - DEBUG - % sending keepalive ping
2023-04-17 16:36:43,228 - DEBUG - > PING c6 64 c1 78 [binary, 4 bytes]
2023-04-17 16:36:43,236 - DEBUG - < PONG c6 64 c1 78 [binary, 4 bytes]
2023-04-17 16:36:43,240 - DEBUG - % received keepalive pong
2023-04-17 16:36:44,814 - DEBUG - % sending keepalive ping
2023-04-17 16:36:44,814 - DEBUG - > PING dc ac 7b 98 [binary, 4 bytes]
2023-04-17 16:36:44,823 - DEBUG - < PONG dc ac 7b 98 [binary, 4 bytes]
2023-04-17 16:36:44,827 - DEBUG - % received keepalive pong
2023-04-17 16:36:54,072 - DEBUG - % sending keepalive ping
2023-04-17 16:36:54,073 - DEBUG - > PING f9 95 cb 53 [binary, 4 bytes]
2023-04-17 16:36:54,081 - DEBUG - < PONG f9 95 cb 53 [binary, 4 bytes]
2023-04-17 16:36:54,089 - DEBUG - % received keepalive pong
2023-04-17 16:37:02,090 - DEBUG - % sending keepalive ping
2023-04-17 16:37:02,091 - DEBUG - > PING 23 76 28 fb [binary, 4 bytes]
2023-04-17 16:37:02,098 - DEBUG - < PONG 23 76 28 fb [binary, 4 bytes]
2023-04-17 16:37:02,102 - DEBUG - % received keepalive pong
2023-04-17 16:37:03,231 - DEBUG - % sending keepalive ping
2023-04-17 16:37:03,232 - DEBUG - > PING 'T&\x1b\x06' [text, 4 bytes]
2023-04-17 16:37:03,240 - DEBUG - < PONG 'T&\x1b\x06' [text, 4 bytes]
2023-04-17 16:37:03,249 - DEBUG - % received keepalive pong
2023-04-17 16:37:04,813 - DEBUG - % sending keepalive ping
2023-04-17 16:37:04,813 - DEBUG - > PING c7 b2 fb b7 [binary, 4 bytes]
2023-04-17 16:37:04,821 - DEBUG - < PONG c7 b2 fb b7 [binary, 4 bytes]
2023-04-17 16:37:04,826 - DEBUG - % received keepalive pong
2023-04-17 16:37:14,093 - DEBUG - % sending keepalive ping
2023-04-17 16:37:14,093 - DEBUG - > PING bc 98 15 dd [binary, 4 bytes]
2023-04-17 16:37:14,101 - DEBUG - < PONG bc 98 15 dd [binary, 4 bytes]
2023-04-17 16:37:14,106 - DEBUG - % received keepalive pong
2023-04-17 16:37:22,102 - DEBUG - % sending keepalive ping
2023-04-17 16:37:22,102 - DEBUG - > PING e1 66 3b ea [binary, 4 bytes]
2023-04-17 16:37:22,108 - DEBUG - < PONG e1 66 3b ea [binary, 4 bytes]
2023-04-17 16:37:22,112 - DEBUG - % received keepalive pong
2023-04-17 16:37:23,255 - DEBUG - % sending keepalive ping
2023-04-17 16:37:23,255 - DEBUG - > PING '\x08\x0c\x14H' [text, 4 bytes]
2023-04-17 16:37:23,263 - DEBUG - < PONG '\x08\x0c\x14H' [text, 4 bytes]
2023-04-17 16:37:23,267 - DEBUG - % received keepalive pong
2023-04-17 16:37:24,811 - DEBUG - % sending keepalive ping
2023-04-17 16:37:24,811 - DEBUG - > PING ef 58 94 f4 [binary, 4 bytes]
2023-04-17 16:37:24,820 - DEBUG - < PONG ef 58 94 f4 [binary, 4 bytes]
2023-04-17 16:37:24,825 - DEBUG - % received keepalive pong
2023-04-17 16:37:34,106 - DEBUG - % sending keepalive ping
2023-04-17 16:37:34,106 - DEBUG - > PING cf 1d b7 6c [binary, 4 bytes]
2023-04-17 16:37:34,112 - DEBUG - < PONG cf 1d b7 6c [binary, 4 bytes]
2023-04-17 16:37:34,116 - DEBUG - % received keepalive pong
2023-04-17 16:37:42,102 - DEBUG - % sending keepalive ping
2023-04-17 16:37:42,102 - DEBUG - > PING b2 ff 92 a3 [binary, 4 bytes]
2023-04-17 16:37:42,110 - DEBUG - < PONG b2 ff 92 a3 [binary, 4 bytes]
2023-04-17 16:37:42,118 - DEBUG - % received keepalive pong
2023-04-17 16:37:43,270 - DEBUG - % sending keepalive ping
2023-04-17 16:37:43,270 - DEBUG - > PING af ed 72 26 [binary, 4 bytes]
2023-04-17 16:37:43,279 - DEBUG - < PONG af ed 72 26 [binary, 4 bytes]
2023-04-17 16:37:43,286 - DEBUG - % received keepalive pong
2023-04-17 16:37:44,810 - DEBUG - % sending keepalive ping
2023-04-17 16:37:44,811 - DEBUG - > PING b8 6a 81 53 [binary, 4 bytes]
2023-04-17 16:37:44,820 - DEBUG - < PONG b8 6a 81 53 [binary, 4 bytes]
2023-04-17 16:37:44,824 - DEBUG - % received keepalive pong
2023-04-17 16:37:54,100 - DEBUG - % sending keepalive ping
2023-04-17 16:37:54,100 - DEBUG - > PING dd 54 f8 bb [binary, 4 bytes]
2023-04-17 16:37:54,108 - DEBUG - < PONG dd 54 f8 bb [binary, 4 bytes]
2023-04-17 16:37:54,115 - DEBUG - % received keepalive pong
2023-04-17 16:38:02,091 - DEBUG - % sending keepalive ping
2023-04-17 16:38:02,092 - DEBUG - > PING de 2d a7 4a [binary, 4 bytes]
2023-04-17 16:38:02,098 - DEBUG - < PONG de 2d a7 4a [binary, 4 bytes]
2023-04-17 16:38:02,103 - DEBUG - % received keepalive pong
2023-04-17 16:38:03,273 - DEBUG - % sending keepalive ping
2023-04-17 16:38:03,273 - DEBUG - > PING '\x01La\x17' [text, 4 bytes]
2023-04-17 16:38:03,281 - DEBUG - < PONG '\x01La\x17' [text, 4 bytes]
2023-04-17 16:38:03,286 - DEBUG - % received keepalive pong
2023-04-17 16:38:04,819 - DEBUG - % sending keepalive ping
2023-04-17 16:38:04,820 - DEBUG - > PING 49 08 0d c0 [binary, 4 bytes]
2023-04-17 16:38:04,828 - DEBUG - < PONG 49 08 0d c0 [binary, 4 bytes]
2023-04-17 16:38:04,834 - DEBUG - % received keepalive pong
2023-04-17 16:38:14,099 - DEBUG - % sending keepalive ping
2023-04-17 16:38:14,099 - DEBUG - > PING ef a9 91 99 [binary, 4 bytes]
2023-04-17 16:38:14,110 - DEBUG - < PONG ef a9 91 99 [binary, 4 bytes]
2023-04-17 16:38:14,112 - DEBUG - % received keepalive pong
2023-04-17 16:38:22,090 - DEBUG - % sending keepalive ping
2023-04-17 16:38:22,090 - DEBUG - > PING 9b c5 69 c6 [binary, 4 bytes]
2023-04-17 16:38:22,097 - DEBUG - < PONG 9b c5 69 c6 [binary, 4 bytes]
2023-04-17 16:38:22,100 - DEBUG - % received keepalive pong
2023-04-17 16:38:23,274 - DEBUG - % sending keepalive ping
2023-04-17 16:38:23,274 - DEBUG - > PING cc 05 5a 56 [binary, 4 bytes]
2023-04-17 16:38:23,282 - DEBUG - < PONG cc 05 5a 56 [binary, 4 bytes]
2023-04-17 16:38:23,285 - DEBUG - % received keepalive pong
2023-04-17 16:38:24,817 - DEBUG - % sending keepalive ping
2023-04-17 16:38:24,817 - DEBUG - > PING a3 7e a3 48 [binary, 4 bytes]
2023-04-17 16:38:24,827 - DEBUG - < PONG a3 7e a3 48 [binary, 4 bytes]
2023-04-17 16:38:24,834 - DEBUG - % received keepalive pong
2023-04-17 16:38:34,096 - DEBUG - % sending keepalive ping
2023-04-17 16:38:34,096 - DEBUG - > PING 12 c9 e4 5c [binary, 4 bytes]
2023-04-17 16:38:34,105 - DEBUG - < PONG 12 c9 e4 5c [binary, 4 bytes]
2023-04-17 16:38:34,114 - DEBUG - % received keepalive pong
2023-04-17 16:38:42,103 - DEBUG - % sending keepalive ping
2023-04-17 16:38:42,103 - DEBUG - > PING 5e ee dd 6f [binary, 4 bytes]
2023-04-17 16:38:42,111 - DEBUG - < PONG 5e ee dd 6f [binary, 4 bytes]
2023-04-17 16:38:42,114 - DEBUG - % received keepalive pong
2023-04-17 16:38:43,275 - DEBUG - % sending keepalive ping
2023-04-17 16:38:43,275 - DEBUG - > PING 2a 81 40 e3 [binary, 4 bytes]
2023-04-17 16:38:43,287 - DEBUG - < PONG 2a 81 40 e3 [binary, 4 bytes]
2023-04-17 16:38:43,293 - DEBUG - % received keepalive pong
2023-04-17 16:38:44,808 - DEBUG - % sending keepalive ping
2023-04-17 16:38:44,809 - DEBUG - > PING 63 26 18 c9 [binary, 4 bytes]
2023-04-17 16:38:44,817 - DEBUG - < PONG 63 26 18 c9 [binary, 4 bytes]
2023-04-17 16:38:44,820 - DEBUG - % received keepalive pong
2023-04-17 16:38:54,099 - DEBUG - % sending keepalive ping
2023-04-17 16:38:54,100 - DEBUG - > PING b8 07 47 9a [binary, 4 bytes]
2023-04-17 16:38:54,106 - DEBUG - < PONG b8 07 47 9a [binary, 4 bytes]
2023-04-17 16:38:54,111 - DEBUG - % received keepalive pong
2023-04-17 16:39:02,092 - DEBUG - % sending keepalive ping
2023-04-17 16:39:02,092 - DEBUG - > PING 60 fc 6c 02 [binary, 4 bytes]
2023-04-17 16:39:02,099 - DEBUG - < PONG 60 fc 6c 02 [binary, 4 bytes]
2023-04-17 16:39:02,104 - DEBUG - % received keepalive pong
2023-04-17 16:39:03,294 - DEBUG - % sending keepalive ping
2023-04-17 16:39:03,294 - DEBUG - > PING 36 57 a8 48 [binary, 4 bytes]
2023-04-17 16:39:03,303 - DEBUG - < PONG 36 57 a8 48 [binary, 4 bytes]
2023-04-17 16:39:03,312 - DEBUG - % received keepalive pong
2023-04-17 16:39:04,815 - DEBUG - % sending keepalive ping
2023-04-17 16:39:04,815 - DEBUG - > PING 2d d5 84 9d [binary, 4 bytes]
2023-04-17 16:39:04,823 - DEBUG - < PONG 2d d5 84 9d [binary, 4 bytes]
2023-04-17 16:39:04,827 - DEBUG - % received keepalive pong
2023-04-17 16:39:14,091 - DEBUG - % sending keepalive ping
2023-04-17 16:39:14,092 - DEBUG - > PING 8c 33 b6 d6 [binary, 4 bytes]
2023-04-17 16:39:14,100 - DEBUG - < PONG 8c 33 b6 d6 [binary, 4 bytes]
2023-04-17 16:39:14,104 - DEBUG - % received keepalive pong
2023-04-17 16:39:22,104 - DEBUG - % sending keepalive ping
2023-04-17 16:39:22,104 - DEBUG - > PING 41 c5 4e 9f [binary, 4 bytes]
2023-04-17 16:39:22,111 - DEBUG - < PONG 41 c5 4e 9f [binary, 4 bytes]
2023-04-17 16:39:22,121 - DEBUG - % received keepalive pong
2023-04-17 16:39:23,310 - DEBUG - % sending keepalive ping
2023-04-17 16:39:23,311 - DEBUG - > PING 41 1c b3 32 [binary, 4 bytes]
2023-04-17 16:39:23,319 - DEBUG - < PONG 41 1c b3 32 [binary, 4 bytes]
2023-04-17 16:39:23,323 - DEBUG - % received keepalive pong
2023-04-17 16:39:24,817 - DEBUG - % sending keepalive ping
2023-04-17 16:39:24,818 - DEBUG - > PING 97 a9 8c fb [binary, 4 bytes]
2023-04-17 16:39:24,826 - DEBUG - < PONG 97 a9 8c fb [binary, 4 bytes]
2023-04-17 16:39:24,829 - DEBUG - % received keepalive pong
2023-04-17 16:39:34,098 - DEBUG - % sending keepalive ping
2023-04-17 16:39:34,098 - DEBUG - > PING 05 aa 03 44 [binary, 4 bytes]
2023-04-17 16:39:34,106 - DEBUG - < PONG 05 aa 03 44 [binary, 4 bytes]
2023-04-17 16:39:34,111 - DEBUG - % received keepalive pong
2023-04-17 16:39:42,130 - DEBUG - % sending keepalive ping
2023-04-17 16:39:42,130 - DEBUG - > PING ';<\u048e' [text, 4 bytes]
2023-04-17 16:39:42,140 - DEBUG - < PONG ';<\u048e' [text, 4 bytes]
2023-04-17 16:39:42,145 - DEBUG - % received keepalive pong
2023-04-17 16:39:43,323 - DEBUG - % sending keepalive ping
2023-04-17 16:39:43,323 - DEBUG - > PING 79 91 d3 d1 [binary, 4 bytes]
2023-04-17 16:39:43,331 - DEBUG - < PONG 79 91 d3 d1 [binary, 4 bytes]
2023-04-17 16:39:43,338 - DEBUG - % received keepalive pong
2023-04-17 16:39:44,822 - DEBUG - % sending keepalive ping
2023-04-17 16:39:44,822 - DEBUG - > PING 71 84 e7 53 [binary, 4 bytes]
2023-04-17 16:39:44,831 - DEBUG - < PONG 71 84 e7 53 [binary, 4 bytes]
2023-04-17 16:39:44,838 - DEBUG - % received keepalive pong
2023-04-17 16:39:54,106 - DEBUG - % sending keepalive ping
2023-04-17 16:39:54,106 - DEBUG - > PING '7r\x12j' [text, 4 bytes]
2023-04-17 16:39:54,116 - DEBUG - < PONG '7r\x12j' [text, 4 bytes]
2023-04-17 16:39:54,119 - DEBUG - % received keepalive pong
2023-04-17 16:40:02,145 - DEBUG - % sending keepalive ping
2023-04-17 16:40:02,145 - DEBUG - > PING aa 6c 8b 56 [binary, 4 bytes]
2023-04-17 16:40:02,156 - DEBUG - < PONG aa 6c 8b 56 [binary, 4 bytes]
2023-04-17 16:40:02,163 - DEBUG - % received keepalive pong
2023-04-17 16:40:03,314 - DEBUG - % sending keepalive ping
2023-04-17 16:40:03,314 - DEBUG - > PING '\u07ea\x1cq' [text, 4 bytes]
2023-04-17 16:40:03,424 - DEBUG - < PONG '\u07ea\x1cq' [text, 4 bytes]
2023-04-17 16:40:03,429 - DEBUG - % received keepalive pong
2023-04-17 16:40:04,809 - DEBUG - % sending keepalive ping
2023-04-17 16:40:04,809 - DEBUG - > PING fd 29 9f db [binary, 4 bytes]
2023-04-17 16:40:04,818 - DEBUG - < PONG fd 29 9f db [binary, 4 bytes]
2023-04-17 16:40:04,827 - DEBUG - % received keepalive pong
2023-04-17 16:40:14,092 - DEBUG - % sending keepalive ping
2023-04-17 16:40:14,093 - DEBUG - > PING 8e 78 44 a5 [binary, 4 bytes]
2023-04-17 16:40:14,164 - DEBUG - < PONG 8e 78 44 a5 [binary, 4 bytes]
2023-04-17 16:40:14,170 - DEBUG - % received keepalive pong
2023-04-17 16:40:20,416 - DEBUG - = connection is CONNECTING
2023-04-17 16:40:20,456 - DEBUG - > GET /ocpp16/ELA007C05/EVSCA050001 HTTP/1.1
2023-04-17 16:40:20,456 - DEBUG - > Host: ws.devevspcharger.uplus.co.kr
2023-04-17 16:40:20,456 - DEBUG - > Upgrade: websocket
2023-04-17 16:40:20,456 - DEBUG - > Connection: Upgrade
2023-04-17 16:40:20,456 - DEBUG - > Sec-WebSocket-Key: uBjIQPQkn5gnwa4FRsX/2g==
2023-04-17 16:40:20,456 - DEBUG - > Sec-WebSocket-Version: 13
2023-04-17 16:40:20,456 - DEBUG - > Sec-WebSocket-Extensions: permessage-deflate; client_max_window_bits
2023-04-17 16:40:20,456 - DEBUG - > Sec-WebSocket-Protocol: ocpp1.6
2023-04-17 16:40:20,456 - DEBUG - > Authorization: Basic RVZBUjpFVkFSTEdV
2023-04-17 16:40:20,457 - DEBUG - > User-Agent: Python/3.11 websockets/10.4
2023-04-17 16:40:21,008 - DEBUG - < HTTP/1.1 101 Switching Protocols
2023-04-17 16:40:21,008 - DEBUG - < Connection: upgrade
2023-04-17 16:40:21,008 - DEBUG - < Date: Mon, 17 Apr 2023 07:40:09 GMT
2023-04-17 16:40:21,008 - DEBUG - < sec-websocket-protocol: ocpp1.6
2023-04-17 16:40:21,008 - DEBUG - < upgrade: websocket
2023-04-17 16:40:21,008 - DEBUG - < sec-websocket-accept: 3jzJ0eK1Znzh+lu02FvVHctv0CQ=
2023-04-17 16:40:21,008 - DEBUG - < sec-websocket-extensions: permessage-deflate
2023-04-17 16:40:21,009 - DEBUG - < X-Cache: Miss from cloudfront
2023-04-17 16:40:21,009 - DEBUG - < Via: 1.1 fa5b7f0b1074f46400de8156956e7da8.cloudfront.net (CloudFront)
2023-04-17 16:40:21,009 - DEBUG - < X-Amz-Cf-Pop: ICN54-C1
2023-04-17 16:40:21,009 - DEBUG - < X-Amz-Cf-Id: cFPpA-4hKfE42-kzMnZXtycUvdeGuycGTjKrl8tp_dAewskhiwnEuw==
2023-04-17 16:40:21,009 - DEBUG - = connection is OPEN
2023-04-17 16:40:21,035 - DEBUG - > TEXT '[2, "75e61e01-ada8-43d8-a177-cf52c2b87dc8", "Bo...ePointVendor": "EVAR"}]' [127 bytes]
2023-04-17 16:40:21,483 - DEBUG - < TEXT '[3, "75e61e01-ada8-43d8-a177-cf52c2b87dc8", {"s...10Z", "interval": 600}]' [123 bytes]
2023-04-17 16:40:22,147 - DEBUG - % sending keepalive ping
2023-04-17 16:40:22,148 - DEBUG - > PING 07 45 c7 ce [binary, 4 bytes]
2023-04-17 16:40:22,155 - DEBUG - < PONG 07 45 c7 ce [binary, 4 bytes]
2023-04-17 16:40:22,159 - DEBUG - % received keepalive pong
2023-04-17 16:40:23,418 - DEBUG - % sending keepalive ping
2023-04-17 16:40:23,418 - DEBUG - > PING 53 83 89 fb [binary, 4 bytes]
2023-04-17 16:40:23,432 - DEBUG - < PONG 53 83 89 fb [binary, 4 bytes]
2023-04-17 16:40:23,435 - DEBUG - % received keepalive pong
2023-04-17 16:40:24,591 - DEBUG - Starting new HTTPS connection (1): rgw.devevspcharger.uplus.co.kr:443
2023-04-17 16:40:26,017 - DEBUG - https://rgw.devevspcharger.uplus.co.kr:443 "POST /ioc HTTP/1.1" 200 672
2023-04-17 16:40:26,062 - DEBUG - < TEXT '[2, "4c3cedff-5873-41ba-9ba9-bd28dd2bd617", "Se...0, "limit": 11000}]}}}]' [627 bytes]
2023-04-17 16:40:26,063 - DEBUG - % sending keepalive ping
2023-04-17 16:40:26,063 - DEBUG - > PING 81 cd 70 8c [binary, 4 bytes]
2023-04-17 16:40:26,117 - DEBUG - = connection is CLOSING
2023-04-17 16:40:26,118 - DEBUG - > CLOSE 1000 (OK) [2 bytes]
2023-04-17 16:40:26,118 - DEBUG - < PONG 81 cd 70 8c [binary, 4 bytes]
2023-04-17 16:40:26,124 - DEBUG - % received keepalive pong
2023-04-17 16:40:26,135 - DEBUG - < CLOSE 1000 (OK) [2 bytes]
2023-04-17 16:40:26,141 - DEBUG - = connection is CLOSED
2023-04-17 16:40:34,173 - DEBUG - % sending keepalive ping
2023-04-17 16:40:34,173 - DEBUG - > PING 61 69 9a 27 [binary, 4 bytes]
2023-04-17 16:40:34,180 - DEBUG - < PONG 61 69 9a 27 [binary, 4 bytes]
2023-04-17 16:40:34,182 - DEBUG - % received keepalive pong
2023-04-17 16:40:42,144 - DEBUG - % sending keepalive ping
2023-04-17 16:40:42,144 - DEBUG - > PING 4e a2 75 13 [binary, 4 bytes]
2023-04-17 16:40:42,153 - DEBUG - < PONG 4e a2 75 13 [binary, 4 bytes]
2023-04-17 16:40:42,154 - DEBUG - % received keepalive pong
2023-04-17 16:40:43,440 - DEBUG - % sending keepalive ping
2023-04-17 16:40:43,441 - DEBUG - > PING b8 71 b6 d4 [binary, 4 bytes]
2023-04-17 16:40:43,449 - DEBUG - < PONG b8 71 b6 d4 [binary, 4 bytes]
2023-04-17 16:40:43,452 - DEBUG - % received keepalive pong
2023-04-17 16:40:46,133 - DEBUG - % sending keepalive ping
2023-04-17 16:40:46,134 - DEBUG - > PING 11 06 84 4d [binary, 4 bytes]
2023-04-17 16:40:46,142 - DEBUG - < PONG 11 06 84 4d [binary, 4 bytes]
2023-04-17 16:40:46,149 - DEBUG - % received keepalive pong
2023-04-17 16:40:54,178 - DEBUG - % sending keepalive ping
2023-04-17 16:40:54,179 - DEBUG - > PING ac 0f 7c 65 [binary, 4 bytes]
2023-04-17 16:40:54,186 - DEBUG - < PONG ac 0f 7c 65 [binary, 4 bytes]
2023-04-17 16:40:54,191 - DEBUG - % received keepalive pong
2023-04-17 16:41:02,150 - DEBUG - % sending keepalive ping
2023-04-17 16:41:02,151 - DEBUG - > PING dd c8 30 8f [binary, 4 bytes]
2023-04-17 16:41:02,196 - DEBUG - < PONG dd c8 30 8f [binary, 4 bytes]
2023-04-17 16:41:02,216 - DEBUG - % received keepalive pong
2023-04-17 16:41:03,438 - DEBUG - % sending keepalive ping
2023-04-17 16:41:03,438 - DEBUG - > PING 9c 88 ec 1b [binary, 4 bytes]
2023-04-17 16:41:03,449 - DEBUG - < PONG 9c 88 ec 1b [binary, 4 bytes]
2023-04-17 16:41:03,458 - DEBUG - % received keepalive pong
2023-04-17 16:41:06,142 - DEBUG - % sending keepalive ping
2023-04-17 16:41:06,142 - DEBUG - > PING 71 0e 10 c2 [binary, 4 bytes]
2023-04-17 16:41:06,150 - DEBUG - < PONG 71 0e 10 c2 [binary, 4 bytes]
2023-04-17 16:41:06,157 - DEBUG - % received keepalive pong
2023-04-17 16:41:09,594 - DEBUG - = connection is CONNECTING
2023-04-17 16:41:09,627 - DEBUG - > GET /ocpp16/ELA007C05/EVSCA050001 HTTP/1.1
2023-04-17 16:41:09,627 - DEBUG - > Host: ws.devevspcharger.uplus.co.kr
2023-04-17 16:41:09,627 - DEBUG - > Upgrade: websocket
2023-04-17 16:41:09,628 - DEBUG - > Connection: Upgrade
2023-04-17 16:41:09,628 - DEBUG - > Sec-WebSocket-Key: 5b5I1FyFL9FdoCvGjrel7g==
2023-04-17 16:41:09,628 - DEBUG - > Sec-WebSocket-Version: 13
2023-04-17 16:41:09,628 - DEBUG - > Sec-WebSocket-Extensions: permessage-deflate; client_max_window_bits
2023-04-17 16:41:09,628 - DEBUG - > Sec-WebSocket-Protocol: ocpp1.6
2023-04-17 16:41:09,628 - DEBUG - > Authorization: Basic RVZBUjpFVkFSTEdV
2023-04-17 16:41:09,628 - DEBUG - > User-Agent: Python/3.11 websockets/10.4
2023-04-17 16:41:09,889 - DEBUG - < HTTP/1.1 101 Switching Protocols
2023-04-17 16:41:09,889 - DEBUG - < Connection: upgrade
2023-04-17 16:41:09,889 - DEBUG - < Date: Mon, 17 Apr 2023 07:40:58 GMT
2023-04-17 16:41:09,889 - DEBUG - < sec-websocket-protocol: ocpp1.6
2023-04-17 16:41:09,889 - DEBUG - < upgrade: websocket
2023-04-17 16:41:09,889 - DEBUG - < sec-websocket-accept: J7AJHAZ01EEHkFPs+fTnWPxt+GM=
2023-04-17 16:41:09,889 - DEBUG - < sec-websocket-extensions: permessage-deflate
2023-04-17 16:41:09,889 - DEBUG - < X-Cache: Miss from cloudfront
2023-04-17 16:41:09,889 - DEBUG - < Via: 1.1 503d3c99caf6bc85067ef9a79ada4362.cloudfront.net (CloudFront)
2023-04-17 16:41:09,889 - DEBUG - < X-Amz-Cf-Pop: ICN54-C1
2023-04-17 16:41:09,889 - DEBUG - < X-Amz-Cf-Id: 2FWM6jwi1G9gp-roPvYULUKKeKyGuQ5H5mu20R4j9qP6GTnNAjW_zA==
2023-04-17 16:41:09,890 - DEBUG - = connection is OPEN
2023-04-17 16:41:09,935 - DEBUG - > TEXT '[2, "f6693a89-fbc6-4220-b271-c264dffaa776", "Bo...ePointVendor": "EVAR"}]' [127 bytes]
2023-04-17 16:41:10,186 - DEBUG - < TEXT '[3, "f6693a89-fbc6-4220-b271-c264dffaa776", {"s...58Z", "interval": 600}]' [123 bytes]
2023-04-17 16:41:11,686 - DEBUG - Starting new HTTPS connection (1): rgw.devevspcharger.uplus.co.kr:443
2023-04-17 16:41:12,086 - DEBUG - https://rgw.devevspcharger.uplus.co.kr:443 "POST /ioc HTTP/1.1" 200 674
2023-04-17 16:41:12,103 - DEBUG - < TEXT '[2, "f1e43433-616b-4338-99cd-2262a2c895f5", "Se...0, "limit": 11000}]}}}]' [629 bytes]
2023-04-17 16:41:12,142 - DEBUG - = connection is CLOSING
2023-04-17 16:41:12,142 - DEBUG - > CLOSE 1000 (OK) [2 bytes]
2023-04-17 16:41:12,151 - DEBUG - < CLOSE 1000 (OK) [2 bytes]
2023-04-17 16:41:12,158 - DEBUG - = connection is CLOSED
2023-04-17 16:41:14,184 - DEBUG - % sending keepalive ping
2023-04-17 16:41:14,184 - DEBUG - > PING 40 ab 5a 55 [binary, 4 bytes]
2023-04-17 16:41:14,191 - DEBUG - < PONG 40 ab 5a 55 [binary, 4 bytes]
2023-04-17 16:41:14,194 - DEBUG - % received keepalive pong
2023-04-17 16:41:22,221 - DEBUG - % sending keepalive ping
2023-04-17 16:41:22,222 - DEBUG - > PING 46 f4 0b 74 [binary, 4 bytes]
2023-04-17 16:41:22,229 - DEBUG - < PONG 46 f4 0b 74 [binary, 4 bytes]
2023-04-17 16:41:22,232 - DEBUG - % received keepalive pong
2023-04-17 16:41:23,441 - DEBUG - % sending keepalive ping
2023-04-17 16:41:23,441 - DEBUG - > PING 9e 09 e1 3d [binary, 4 bytes]
2023-04-17 16:41:23,449 - DEBUG - < PONG 9e 09 e1 3d [binary, 4 bytes]
2023-04-17 16:41:23,452 - DEBUG - % received keepalive pong
2023-04-17 16:41:26,147 - DEBUG - % sending keepalive ping
2023-04-17 16:41:26,148 - DEBUG - > PING 26 9a 0c 05 [binary, 4 bytes]
2023-04-17 16:41:26,157 - DEBUG - < PONG 26 9a 0c 05 [binary, 4 bytes]
2023-04-17 16:41:26,161 - DEBUG - % received keepalive pong
2023-04-17 16:41:34,184 - DEBUG - % sending keepalive ping
2023-04-17 16:41:34,184 - DEBUG - > PING fb 07 40 7c [binary, 4 bytes]
2023-04-17 16:41:34,191 - DEBUG - < PONG fb 07 40 7c [binary, 4 bytes]
2023-04-17 16:41:34,194 - DEBUG - % received keepalive pong
2023-04-17 16:41:42,228 - DEBUG - % sending keepalive ping
2023-04-17 16:41:42,229 - DEBUG - > PING d8 66 5c 71 [binary, 4 bytes]
2023-04-17 16:41:42,237 - DEBUG - < PONG d8 66 5c 71 [binary, 4 bytes]
2023-04-17 16:41:42,241 - DEBUG - % received keepalive pong
2023-04-17 16:41:43,441 - DEBUG - % sending keepalive ping
2023-04-17 16:41:43,442 - DEBUG - > PING ad 52 44 50 [binary, 4 bytes]
2023-04-17 16:41:43,451 - DEBUG - < PONG ad 52 44 50 [binary, 4 bytes]
2023-04-17 16:41:43,458 - DEBUG - % received keepalive pong
2023-04-17 16:41:46,141 - DEBUG - % sending keepalive ping
2023-04-17 16:41:46,141 - DEBUG - > PING f1 ed 20 8d [binary, 4 bytes]
2023-04-17 16:41:46,150 - DEBUG - < PONG f1 ed 20 8d [binary, 4 bytes]
2023-04-17 16:41:46,158 - DEBUG - % received keepalive pong
2023-04-17 16:41:51,300 - DEBUG - = connection is CONNECTING
2023-04-17 16:41:51,340 - DEBUG - > GET /ocpp16/ELA007C05/EVSCA050001 HTTP/1.1
2023-04-17 16:41:51,340 - DEBUG - > Host: ws.devevspcharger.uplus.co.kr
2023-04-17 16:41:51,341 - DEBUG - > Upgrade: websocket
2023-04-17 16:41:51,341 - DEBUG - > Connection: Upgrade
2023-04-17 16:41:51,341 - DEBUG - > Sec-WebSocket-Key: o9BWxkVd37O3MwdeHXtpmA==
2023-04-17 16:41:51,341 - DEBUG - > Sec-WebSocket-Version: 13
2023-04-17 16:41:51,341 - DEBUG - > Sec-WebSocket-Extensions: permessage-deflate; client_max_window_bits
2023-04-17 16:41:51,341 - DEBUG - > Sec-WebSocket-Protocol: ocpp1.6
2023-04-17 16:41:51,341 - DEBUG - > Authorization: Basic RVZBUjpFVkFSTEdV
2023-04-17 16:41:51,341 - DEBUG - > User-Agent: Python/3.11 websockets/10.4
2023-04-17 16:41:52,664 - DEBUG - < HTTP/1.1 101 Switching Protocols
2023-04-17 16:41:52,664 - DEBUG - < Connection: upgrade
2023-04-17 16:41:52,664 - DEBUG - < Date: Mon, 17 Apr 2023 07:41:41 GMT
2023-04-17 16:41:52,664 - DEBUG - < sec-websocket-protocol: ocpp1.6
2023-04-17 16:41:52,664 - DEBUG - < upgrade: websocket
2023-04-17 16:41:52,664 - DEBUG - < sec-websocket-accept: pFfcm+sz2a1z/i/IbkhEFyN+MSQ=
2023-04-17 16:41:52,665 - DEBUG - < sec-websocket-extensions: permessage-deflate
2023-04-17 16:41:52,665 - DEBUG - < X-Cache: Miss from cloudfront
2023-04-17 16:41:52,665 - DEBUG - < Via: 1.1 459178a64e64a64d38fec252b995ffdc.cloudfront.net (CloudFront)
2023-04-17 16:41:52,665 - DEBUG - < X-Amz-Cf-Pop: ICN54-C1
2023-04-17 16:41:52,665 - DEBUG - < X-Amz-Cf-Id: 5dZ365QSEqVZiFsgueSfuq_qkZDirLtut-qyJUXAu9Jw4uyUMHDbnw==
2023-04-17 16:41:52,665 - DEBUG - = connection is OPEN
2023-04-17 16:41:52,711 - DEBUG - > TEXT '[2, "4c61e550-3b77-4f01-8368-a45d03bf0010", "Bo...ePointVendor": "EVAR"}]' [127 bytes]
2023-04-17 16:41:52,979 - DEBUG - < TEXT '[3, "4c61e550-3b77-4f01-8368-a45d03bf0010", {"s...41Z", "interval": 600}]' [123 bytes]
2023-04-17 16:41:54,185 - DEBUG - % sending keepalive ping
2023-04-17 16:41:54,185 - DEBUG - > PING '\x13L~Z' [text, 4 bytes]
2023-04-17 16:41:54,192 - DEBUG - < PONG '\x13L~Z' [text, 4 bytes]
2023-04-17 16:41:54,197 - DEBUG - % received keepalive pong
2023-04-17 16:41:54,499 - DEBUG - Starting new HTTPS connection (1): rgw.devevspcharger.uplus.co.kr:443
2023-04-17 16:41:55,939 - DEBUG - https://rgw.devevspcharger.uplus.co.kr:443 "POST /ioc HTTP/1.1" 200 397
2023-04-17 16:41:55,951 - DEBUG - < TEXT '[2, "471f9651-bbda-4e0e-9532-ffb587a23f33", "Se...0, "limit": 11000}]}}}]' [352 bytes]
2023-04-17 16:41:55,956 - DEBUG - > TEXT '[3, "471f9651-bbda-4e0e-9532-ffb587a23f33", {"status": "Rejected"}]' [67 bytes]
2023-04-17 16:41:56,122 - DEBUG - < TEXT '' [0 bytes]
2023-04-17 16:41:56,138 - DEBUG - = connection is CLOSING
2023-04-17 16:41:56,138 - DEBUG - > CLOSE 1000 (OK) [2 bytes]
2023-04-17 16:41:56,145 - DEBUG - < CLOSE 1000 (OK) [2 bytes]
2023-04-17 16:41:56,148 - DEBUG - = connection is CLOSED
2023-04-17 16:42:02,228 - DEBUG - % sending keepalive ping
2023-04-17 16:42:02,228 - DEBUG - > PING d3 74 c0 2e [binary, 4 bytes]
2023-04-17 16:42:02,235 - DEBUG - < PONG d3 74 c0 2e [binary, 4 bytes]
2023-04-17 16:42:02,238 - DEBUG - % received keepalive pong
2023-04-17 16:42:03,442 - DEBUG - % sending keepalive ping
2023-04-17 16:42:03,442 - DEBUG - > PING 44 5b 9d 30 [binary, 4 bytes]
2023-04-17 16:42:03,450 - DEBUG - < PONG 44 5b 9d 30 [binary, 4 bytes]
2023-04-17 16:42:03,454 - DEBUG - % received keepalive pong
2023-04-17 16:42:06,142 - DEBUG - % sending keepalive ping
2023-04-17 16:42:06,142 - DEBUG - > PING 5e d6 19 d2 [binary, 4 bytes]
2023-04-17 16:42:06,151 - DEBUG - < PONG 5e d6 19 d2 [binary, 4 bytes]
2023-04-17 16:42:06,157 - DEBUG - % received keepalive pong
2023-04-17 16:42:14,193 - DEBUG - % sending keepalive ping
2023-04-17 16:42:14,194 - DEBUG - > PING c2 cd 1e 5c [binary, 4 bytes]
2023-04-17 16:42:14,200 - DEBUG - < PONG c2 cd 1e 5c [binary, 4 bytes]
2023-04-17 16:42:14,203 - DEBUG - % received keepalive pong
2023-04-17 16:42:22,225 - DEBUG - % sending keepalive ping
2023-04-17 16:42:22,226 - DEBUG - > PING c2 35 4b 67 [binary, 4 bytes]
2023-04-17 16:42:22,234 - DEBUG - < PONG c2 35 4b 67 [binary, 4 bytes]
2023-04-17 16:42:22,241 - DEBUG - % received keepalive pong
2023-04-17 16:42:23,447 - DEBUG - % sending keepalive ping
2023-04-17 16:42:23,448 - DEBUG - > PING 94 7a 41 0b [binary, 4 bytes]
2023-04-17 16:42:23,458 - DEBUG - < PONG 94 7a 41 0b [binary, 4 bytes]
2023-04-17 16:42:23,465 - DEBUG - % received keepalive pong
2023-04-17 16:42:26,141 - DEBUG - % sending keepalive ping
2023-04-17 16:42:26,141 - DEBUG - > PING 28 a2 08 72 [binary, 4 bytes]
2023-04-17 16:42:26,149 - DEBUG - < PONG 28 a2 08 72 [binary, 4 bytes]
2023-04-17 16:42:26,158 - DEBUG - % received keepalive pong
2023-04-17 16:42:34,193 - DEBUG - % sending keepalive ping
2023-04-17 16:42:34,193 - DEBUG - > PING 9d 0b 9d e8 [binary, 4 bytes]
2023-04-17 16:42:34,200 - DEBUG - < PONG 9d 0b 9d e8 [binary, 4 bytes]
2023-04-17 16:42:34,204 - DEBUG - % received keepalive pong
2023-04-17 16:42:42,222 - DEBUG - % sending keepalive ping
2023-04-17 16:42:42,222 - DEBUG - > PING 60 8a a8 31 [binary, 4 bytes]
2023-04-17 16:42:42,230 - DEBUG - < PONG 60 8a a8 31 [binary, 4 bytes]
2023-04-17 16:42:42,237 - DEBUG - % received keepalive pong
2023-04-17 16:42:43,470 - DEBUG - % sending keepalive ping
2023-04-17 16:42:43,471 - DEBUG - > PING 81 1b ed 9a [binary, 4 bytes]
2023-04-17 16:42:43,479 - DEBUG - < PONG 81 1b ed 9a [binary, 4 bytes]
2023-04-17 16:42:43,486 - DEBUG - % received keepalive pong
2023-04-17 16:42:46,137 - DEBUG - % sending keepalive ping
2023-04-17 16:42:46,138 - DEBUG - > PING c8 50 ee b6 [binary, 4 bytes]
2023-04-17 16:42:46,147 - DEBUG - < PONG c8 50 ee b6 [binary, 4 bytes]
2023-04-17 16:42:46,154 - DEBUG - % received keepalive pong
2023-04-17 16:42:54,187 - DEBUG - % sending keepalive ping
2023-04-17 16:42:54,188 - DEBUG - > PING ca 0b 5f 21 [binary, 4 bytes]
2023-04-17 16:42:54,194 - DEBUG - < PONG ca 0b 5f 21 [binary, 4 bytes]
2023-04-17 16:42:54,200 - DEBUG - % received keepalive pong
2023-04-17 16:43:02,224 - DEBUG - % sending keepalive ping
2023-04-17 16:43:02,224 - DEBUG - > PING 3f 58 02 ba [binary, 4 bytes]
2023-04-17 16:43:02,231 - DEBUG - < PONG 3f 58 02 ba [binary, 4 bytes]
2023-04-17 16:43:02,233 - DEBUG - % received keepalive pong
2023-04-17 16:43:03,475 - DEBUG - % sending keepalive ping
2023-04-17 16:43:03,475 - DEBUG - > PING 2e a0 12 fe [binary, 4 bytes]
2023-04-17 16:43:03,484 - DEBUG - < PONG 2e a0 12 fe [binary, 4 bytes]
2023-04-17 16:43:03,485 - DEBUG - % received keepalive pong
2023-04-17 16:43:06,141 - DEBUG - % sending keepalive ping
2023-04-17 16:43:06,141 - DEBUG - > PING 3a f7 43 cb [binary, 4 bytes]
2023-04-17 16:43:06,149 - DEBUG - < PONG 3a f7 43 cb [binary, 4 bytes]
2023-04-17 16:43:06,151 - DEBUG - % received keepalive pong
2023-04-17 16:43:14,191 - DEBUG - % sending keepalive ping
2023-04-17 16:43:14,191 - DEBUG - > PING 25 c0 30 c9 [binary, 4 bytes]
2023-04-17 16:43:14,198 - DEBUG - < PONG 25 c0 30 c9 [binary, 4 bytes]
2023-04-17 16:43:14,199 - DEBUG - % received keepalive pong
2023-04-17 16:43:22,231 - DEBUG - % sending keepalive ping
2023-04-17 16:43:22,232 - DEBUG - > PING 06 86 a2 74 [binary, 4 bytes]
2023-04-17 16:43:22,239 - DEBUG - < PONG 06 86 a2 74 [binary, 4 bytes]
2023-04-17 16:43:22,240 - DEBUG - % received keepalive pong
2023-04-17 16:43:23,479 - DEBUG - % sending keepalive ping
2023-04-17 16:43:23,479 - DEBUG - > PING b6 12 60 1f [binary, 4 bytes]
2023-04-17 16:43:23,488 - DEBUG - < PONG b6 12 60 1f [binary, 4 bytes]
2023-04-17 16:43:23,489 - DEBUG - % received keepalive pong
2023-04-17 16:43:26,142 - DEBUG - % sending keepalive ping
2023-04-17 16:43:26,142 - DEBUG - > PING 53 08 25 9e [binary, 4 bytes]
2023-04-17 16:43:26,150 - DEBUG - < PONG 53 08 25 9e [binary, 4 bytes]
2023-04-17 16:43:26,152 - DEBUG - % received keepalive pong
2023-04-17 16:43:34,188 - DEBUG - % sending keepalive ping
2023-04-17 16:43:34,188 - DEBUG - > PING 0e 20 e7 3b [binary, 4 bytes]
2023-04-17 16:43:34,197 - DEBUG - < PONG 0e 20 e7 3b [binary, 4 bytes]
2023-04-17 16:43:34,199 - DEBUG - % received keepalive pong
2023-04-17 16:43:42,226 - DEBUG - % sending keepalive ping
2023-04-17 16:43:42,226 - DEBUG - > PING 3a 7b e1 b3 [binary, 4 bytes]
2023-04-17 16:43:42,243 - DEBUG - < PONG 3a 7b e1 b3 [binary, 4 bytes]
2023-04-17 16:43:42,245 - DEBUG - % received keepalive pong
2023-04-17 16:43:43,474 - DEBUG - % sending keepalive ping
2023-04-17 16:43:43,474 - DEBUG - > PING 3e 69 bb 8f [binary, 4 bytes]
2023-04-17 16:43:43,483 - DEBUG - < PONG 3e 69 bb 8f [binary, 4 bytes]
2023-04-17 16:43:43,485 - DEBUG - % received keepalive pong
2023-04-17 16:43:46,152 - DEBUG - % sending keepalive ping
2023-04-17 16:43:46,153 - DEBUG - > PING 'a\x03^n' [text, 4 bytes]
2023-04-17 16:43:46,161 - DEBUG - < PONG 'a\x03^n' [text, 4 bytes]
2023-04-17 16:43:46,162 - DEBUG - % received keepalive pong
2023-04-17 16:43:54,189 - DEBUG - % sending keepalive ping
2023-04-17 16:43:54,189 - DEBUG - > PING 2c 98 a3 34 [binary, 4 bytes]
2023-04-17 16:43:54,196 - DEBUG - < PONG 2c 98 a3 34 [binary, 4 bytes]
2023-04-17 16:43:54,197 - DEBUG - % received keepalive pong
2023-04-17 16:44:02,228 - DEBUG - % sending keepalive ping
2023-04-17 16:44:02,229 - DEBUG - > PING 88 82 15 51 [binary, 4 bytes]
2023-04-17 16:44:02,237 - DEBUG - < PONG 88 82 15 51 [binary, 4 bytes]
2023-04-17 16:44:02,241 - DEBUG - % received keepalive pong
2023-04-17 16:44:03,472 - DEBUG - % sending keepalive ping
2023-04-17 16:44:03,472 - DEBUG - > PING '\u01c9A\x1b' [text, 4 bytes]
2023-04-17 16:44:03,481 - DEBUG - < PONG '\u01c9A\x1b' [text, 4 bytes]
2023-04-17 16:44:03,484 - DEBUG - % received keepalive pong
2023-04-17 16:44:06,151 - DEBUG - % sending keepalive ping
2023-04-17 16:44:06,152 - DEBUG - > PING bf 4d 94 11 [binary, 4 bytes]
2023-04-17 16:44:06,160 - DEBUG - < PONG bf 4d 94 11 [binary, 4 bytes]
2023-04-17 16:44:06,162 - DEBUG - % received keepalive pong
2023-04-17 16:44:14,195 - DEBUG - % sending keepalive ping
2023-04-17 16:44:14,196 - DEBUG - > PING 36 f8 a8 dc [binary, 4 bytes]
2023-04-17 16:44:14,203 - DEBUG - < PONG 36 f8 a8 dc [binary, 4 bytes]
2023-04-17 16:44:14,205 - DEBUG - % received keepalive pong
2023-04-17 16:44:22,223 - DEBUG - % sending keepalive ping
2023-04-17 16:44:22,223 - DEBUG - > PING c2 37 26 9d [binary, 4 bytes]
2023-04-17 16:44:22,231 - DEBUG - < PONG c2 37 26 9d [binary, 4 bytes]
2023-04-17 16:44:22,232 - DEBUG - % received keepalive pong
2023-04-17 16:44:23,476 - DEBUG - % sending keepalive ping
2023-04-17 16:44:23,476 - DEBUG - > PING 82 7d 26 d5 [binary, 4 bytes]
2023-04-17 16:44:23,487 - DEBUG - < PONG 82 7d 26 d5 [binary, 4 bytes]
2023-04-17 16:44:23,491 - DEBUG - % received keepalive pong
2023-04-17 16:44:26,149 - DEBUG - % sending keepalive ping
2023-04-17 16:44:26,149 - DEBUG - > PING 5a d3 fe 7d [binary, 4 bytes]
2023-04-17 16:44:26,160 - DEBUG - < PONG 5a d3 fe 7d [binary, 4 bytes]
2023-04-17 16:44:26,166 - DEBUG - % received keepalive pong
2023-04-17 16:44:34,197 - DEBUG - % sending keepalive ping
2023-04-17 16:44:34,198 - DEBUG - > PING 32 31 41 d2 [binary, 4 bytes]
2023-04-17 16:44:34,205 - DEBUG - < PONG 32 31 41 d2 [binary, 4 bytes]
2023-04-17 16:44:34,207 - DEBUG - % received keepalive pong
2023-04-17 16:44:42,216 - DEBUG - % sending keepalive ping
2023-04-17 16:44:42,216 - DEBUG - > PING 31 63 17 d5 [binary, 4 bytes]
2023-04-17 16:44:42,223 - DEBUG - < PONG 31 63 17 d5 [binary, 4 bytes]
2023-04-17 16:44:42,224 - DEBUG - % received keepalive pong
2023-04-17 16:44:43,468 - DEBUG - % sending keepalive ping
2023-04-17 16:44:43,469 - DEBUG - > PING 06 08 73 f7 [binary, 4 bytes]
2023-04-17 16:44:43,477 - DEBUG - < PONG 06 08 73 f7 [binary, 4 bytes]
2023-04-17 16:44:43,479 - DEBUG - % received keepalive pong
2023-04-17 16:44:46,141 - DEBUG - % sending keepalive ping
2023-04-17 16:44:46,142 - DEBUG - > PING d0 df d6 a1 [binary, 4 bytes]
2023-04-17 16:44:46,150 - DEBUG - < PONG d0 df d6 a1 [binary, 4 bytes]
2023-04-17 16:44:46,151 - DEBUG - % received keepalive pong
2023-04-17 16:44:54,197 - DEBUG - % sending keepalive ping
2023-04-17 16:44:54,197 - DEBUG - > PING 4d f6 d8 f7 [binary, 4 bytes]
2023-04-17 16:44:54,203 - DEBUG - < PONG 4d f6 d8 f7 [binary, 4 bytes]
2023-04-17 16:44:54,205 - DEBUG - % received keepalive pong
2023-04-17 16:45:02,225 - DEBUG - % sending keepalive ping
2023-04-17 16:45:02,225 - DEBUG - > PING 9a 36 ff 83 [binary, 4 bytes]
2023-04-17 16:45:02,232 - DEBUG - < PONG 9a 36 ff 83 [binary, 4 bytes]
2023-04-17 16:45:02,234 - DEBUG - % received keepalive pong
2023-04-17 16:45:03,466 - DEBUG - % sending keepalive ping
2023-04-17 16:45:03,466 - DEBUG - > PING 81 b8 89 fd [binary, 4 bytes]
2023-04-17 16:45:03,477 - DEBUG - < PONG 81 b8 89 fd [binary, 4 bytes]
2023-04-17 16:45:03,479 - DEBUG - % received keepalive pong
2023-04-17 16:45:06,148 - DEBUG - % sending keepalive ping
2023-04-17 16:45:06,148 - DEBUG - > PING 28 ad 50 08 [binary, 4 bytes]
2023-04-17 16:45:06,156 - DEBUG - < PONG 28 ad 50 08 [binary, 4 bytes]
2023-04-17 16:45:06,157 - DEBUG - % received keepalive pong
2023-04-17 16:45:14,199 - DEBUG - % sending keepalive ping
2023-04-17 16:45:14,199 - DEBUG - > PING 82 0e 85 f3 [binary, 4 bytes]
2023-04-17 16:45:14,206 - DEBUG - < PONG 82 0e 85 f3 [binary, 4 bytes]
2023-04-17 16:45:14,208 - DEBUG - % received keepalive pong
2023-04-17 16:45:22,218 - DEBUG - % sending keepalive ping
2023-04-17 16:45:22,218 - DEBUG - > PING b6 70 02 b0 [binary, 4 bytes]
2023-04-17 16:45:22,226 - DEBUG - < PONG b6 70 02 b0 [binary, 4 bytes]
2023-04-17 16:45:22,227 - DEBUG - % received keepalive pong
2023-04-17 16:45:23,466 - DEBUG - % sending keepalive ping
2023-04-17 16:45:23,467 - DEBUG - > PING 46 cc 1a 7d [binary, 4 bytes]
2023-04-17 16:45:23,477 - DEBUG - < PONG 46 cc 1a 7d [binary, 4 bytes]
2023-04-17 16:45:23,479 - DEBUG - % received keepalive pong
2023-04-17 16:45:26,146 - DEBUG - % sending keepalive ping
2023-04-17 16:45:26,146 - DEBUG - > PING b6 c8 78 c4 [binary, 4 bytes]
2023-04-17 16:45:26,155 - DEBUG - < PONG b6 c8 78 c4 [binary, 4 bytes]
2023-04-17 16:45:26,156 - DEBUG - % received keepalive pong
2023-04-17 16:45:34,186 - DEBUG - % sending keepalive ping
2023-04-17 16:45:34,186 - DEBUG - > PING 62 81 f6 92 [binary, 4 bytes]
2023-04-17 16:45:34,194 - DEBUG - < PONG 62 81 f6 92 [binary, 4 bytes]
2023-04-17 16:45:34,195 - DEBUG - % received keepalive pong
2023-04-17 16:45:42,218 - DEBUG - % sending keepalive ping
2023-04-17 16:45:42,218 - DEBUG - > PING 16 da bc a0 [binary, 4 bytes]
2023-04-17 16:45:42,225 - DEBUG - < PONG 16 da bc a0 [binary, 4 bytes]
2023-04-17 16:45:42,228 - DEBUG - % received keepalive pong
2023-04-17 16:45:43,469 - DEBUG - % sending keepalive ping
2023-04-17 16:45:43,469 - DEBUG - > PING 1a cc 4b ce [binary, 4 bytes]
2023-04-17 16:45:43,478 - DEBUG - < PONG 1a cc 4b ce [binary, 4 bytes]
2023-04-17 16:45:43,479 - DEBUG - % received keepalive pong
2023-04-17 16:45:46,145 - DEBUG - % sending keepalive ping
2023-04-17 16:45:46,145 - DEBUG - > PING e9 b0 e2 2f [binary, 4 bytes]
2023-04-17 16:45:46,153 - DEBUG - < PONG e9 b0 e2 2f [binary, 4 bytes]
2023-04-17 16:45:46,155 - DEBUG - % received keepalive pong
2023-04-17 16:45:54,192 - DEBUG - % sending keepalive ping
2023-04-17 16:45:54,192 - DEBUG - > PING ae ce ed d2 [binary, 4 bytes]
2023-04-17 16:45:54,199 - DEBUG - < PONG ae ce ed d2 [binary, 4 bytes]
2023-04-17 16:45:54,202 - DEBUG - % received keepalive pong
2023-04-17 16:46:02,223 - DEBUG - % sending keepalive ping
2023-04-17 16:46:02,223 - DEBUG - > PING f9 ce 4f 82 [binary, 4 bytes]
2023-04-17 16:46:02,230 - DEBUG - < PONG f9 ce 4f 82 [binary, 4 bytes]
2023-04-17 16:46:02,231 - DEBUG - % received keepalive pong
2023-04-17 16:46:03,472 - DEBUG - % sending keepalive ping
2023-04-17 16:46:03,473 - DEBUG - > PING 93 97 2b 15 [binary, 4 bytes]
2023-04-17 16:46:03,481 - DEBUG - < PONG 93 97 2b 15 [binary, 4 bytes]
2023-04-17 16:46:03,483 - DEBUG - % received keepalive pong
2023-04-17 16:46:06,145 - DEBUG - % sending keepalive ping
2023-04-17 16:46:06,145 - DEBUG - > PING e1 c6 4a 20 [binary, 4 bytes]
2023-04-17 16:46:06,154 - DEBUG - < PONG e1 c6 4a 20 [binary, 4 bytes]
2023-04-17 16:46:06,155 - DEBUG - % received keepalive pong
2023-04-17 16:46:14,187 - DEBUG - % sending keepalive ping
2023-04-17 16:46:14,188 - DEBUG - > PING 8e f3 24 9f [binary, 4 bytes]
2023-04-17 16:46:14,194 - DEBUG - < PONG 8e f3 24 9f [binary, 4 bytes]
2023-04-17 16:46:14,196 - DEBUG - % received keepalive pong
2023-04-17 16:46:22,219 - DEBUG - % sending keepalive ping
2023-04-17 16:46:22,219 - DEBUG - > PING 07 ce 01 6d [binary, 4 bytes]
2023-04-17 16:46:22,226 - DEBUG - < PONG 07 ce 01 6d [binary, 4 bytes]
2023-04-17 16:46:22,227 - DEBUG - % received keepalive pong
2023-04-17 16:46:23,473 - DEBUG - % sending keepalive ping
2023-04-17 16:46:23,473 - DEBUG - > PING 78 0b 58 bb [binary, 4 bytes]
2023-04-17 16:46:23,481 - DEBUG - < PONG 78 0b 58 bb [binary, 4 bytes]
2023-04-17 16:46:23,483 - DEBUG - % received keepalive pong
2023-04-17 16:46:26,147 - DEBUG - % sending keepalive ping
2023-04-17 16:46:26,148 - DEBUG - > PING c1 19 48 da [binary, 4 bytes]
2023-04-17 16:46:26,157 - DEBUG - < PONG c1 19 48 da [binary, 4 bytes]
2023-04-17 16:46:26,159 - DEBUG - % received keepalive pong
2023-04-17 16:46:34,193 - DEBUG - % sending keepalive ping
2023-04-17 16:46:34,193 - DEBUG - > PING 4a ce 47 8e [binary, 4 bytes]
2023-04-17 16:46:34,200 - DEBUG - < PONG 4a ce 47 8e [binary, 4 bytes]
2023-04-17 16:46:34,203 - DEBUG - % received keepalive pong
2023-04-17 16:46:42,216 - DEBUG - % sending keepalive ping
2023-04-17 16:46:42,216 - DEBUG - > PING 04 57 fe 06 [binary, 4 bytes]
2023-04-17 16:46:42,224 - DEBUG - < PONG 04 57 fe 06 [binary, 4 bytes]
2023-04-17 16:46:42,225 - DEBUG - % received keepalive pong
2023-04-17 16:46:43,483 - DEBUG - % sending keepalive ping
2023-04-17 16:46:43,483 - DEBUG - > PING 52 a2 4c ec [binary, 4 bytes]
2023-04-17 16:46:43,492 - DEBUG - < PONG 52 a2 4c ec [binary, 4 bytes]
2023-04-17 16:46:43,493 - DEBUG - % received keepalive pong
2023-04-17 16:46:46,139 - DEBUG - % sending keepalive ping
2023-04-17 16:46:46,139 - DEBUG - > PING 14 19 c3 fc [binary, 4 bytes]
2023-04-17 16:46:46,147 - DEBUG - < PONG 14 19 c3 fc [binary, 4 bytes]
2023-04-17 16:46:46,148 - DEBUG - % received keepalive pong
2023-04-17 16:46:54,187 - DEBUG - % sending keepalive ping
2023-04-17 16:46:54,187 - DEBUG - > PING b1 44 b6 ae [binary, 4 bytes]
2023-04-17 16:46:54,193 - DEBUG - < PONG b1 44 b6 ae [binary, 4 bytes]
2023-04-17 16:46:54,195 - DEBUG - % received keepalive pong
2023-04-17 16:47:02,215 - DEBUG - % sending keepalive ping
2023-04-17 16:47:02,215 - DEBUG - > PING 69 d5 86 dd [binary, 4 bytes]
2023-04-17 16:47:02,223 - DEBUG - < PONG 69 d5 86 dd [binary, 4 bytes]
2023-04-17 16:47:02,226 - DEBUG - % received keepalive pong
2023-04-17 16:47:03,471 - DEBUG - % sending keepalive ping
2023-04-17 16:47:03,471 - DEBUG - > PING d9 2e 94 e9 [binary, 4 bytes]
2023-04-17 16:47:03,480 - DEBUG - < PONG d9 2e 94 e9 [binary, 4 bytes]
2023-04-17 16:47:03,481 - DEBUG - % received keepalive pong
2023-04-17 16:47:06,138 - DEBUG - % sending keepalive ping
2023-04-17 16:47:06,138 - DEBUG - > PING ec d3 22 c7 [binary, 4 bytes]
2023-04-17 16:47:06,146 - DEBUG - < PONG ec d3 22 c7 [binary, 4 bytes]
2023-04-17 16:47:06,148 - DEBUG - % received keepalive pong
2023-04-17 16:47:14,189 - DEBUG - % sending keepalive ping
2023-04-17 16:47:14,189 - DEBUG - > PING 8b 68 37 b3 [binary, 4 bytes]
2023-04-17 16:47:14,195 - DEBUG - < PONG 8b 68 37 b3 [binary, 4 bytes]
2023-04-17 16:47:14,197 - DEBUG - % received keepalive pong
2023-04-17 16:47:22,217 - DEBUG - % sending keepalive ping
2023-04-17 16:47:22,217 - DEBUG - > PING ad ee 20 82 [binary, 4 bytes]
2023-04-17 16:47:22,223 - DEBUG - < PONG ad ee 20 82 [binary, 4 bytes]
2023-04-17 16:47:22,225 - DEBUG - % received keepalive pong
2023-04-17 16:47:23,465 - DEBUG - % sending keepalive ping
2023-04-17 16:47:23,465 - DEBUG - > PING e4 76 3d dc [binary, 4 bytes]
2023-04-17 16:47:23,474 - DEBUG - < PONG e4 76 3d dc [binary, 4 bytes]
2023-04-17 16:47:23,476 - DEBUG - % received keepalive pong
2023-04-17 16:47:26,139 - DEBUG - % sending keepalive ping
2023-04-17 16:47:26,140 - DEBUG - > PING 0f 2f a3 1c [binary, 4 bytes]
2023-04-17 16:47:26,148 - DEBUG - < PONG 0f 2f a3 1c [binary, 4 bytes]
2023-04-17 16:47:26,150 - DEBUG - % received keepalive pong
2023-04-17 16:47:34,192 - DEBUG - % sending keepalive ping
2023-04-17 16:47:34,192 - DEBUG - > PING 54 9c 55 33 [binary, 4 bytes]
2023-04-17 16:47:34,199 - DEBUG - < PONG 54 9c 55 33 [binary, 4 bytes]
2023-04-17 16:47:34,200 - DEBUG - % received keepalive pong
2023-04-17 16:47:42,214 - DEBUG - % sending keepalive ping
2023-04-17 16:47:42,214 - DEBUG - > PING 4f 27 2c c4 [binary, 4 bytes]
2023-04-17 16:47:42,221 - DEBUG - < PONG 4f 27 2c c4 [binary, 4 bytes]
2023-04-17 16:47:42,222 - DEBUG - % received keepalive pong
2023-04-17 16:47:43,480 - DEBUG - % sending keepalive ping
2023-04-17 16:47:43,480 - DEBUG - > PING be b3 c9 78 [binary, 4 bytes]
2023-04-17 16:47:43,489 - DEBUG - < PONG be b3 c9 78 [binary, 4 bytes]
2023-04-17 16:47:43,492 - DEBUG - % received keepalive pong
2023-04-17 16:47:46,149 - DEBUG - % sending keepalive ping
2023-04-17 16:47:46,150 - DEBUG - > PING 65 9e 35 05 [binary, 4 bytes]
2023-04-17 16:47:46,158 - DEBUG - < PONG 65 9e 35 05 [binary, 4 bytes]
2023-04-17 16:47:46,160 - DEBUG - % received keepalive pong
2023-04-17 16:47:54,194 - DEBUG - % sending keepalive ping
2023-04-17 16:47:54,195 - DEBUG - > PING 96 8a 33 ec [binary, 4 bytes]
2023-04-17 16:47:54,201 - DEBUG - < PONG 96 8a 33 ec [binary, 4 bytes]
2023-04-17 16:47:54,204 - DEBUG - % received keepalive pong
2023-04-17 16:48:02,231 - DEBUG - % sending keepalive ping
2023-04-17 16:48:02,231 - DEBUG - > PING 12 cb e7 c3 [binary, 4 bytes]
2023-04-17 16:48:02,237 - DEBUG - < PONG 12 cb e7 c3 [binary, 4 bytes]
2023-04-17 16:48:02,239 - DEBUG - % received keepalive pong
2023-04-17 16:48:03,482 - DEBUG - % sending keepalive ping
2023-04-17 16:48:03,482 - DEBUG - > PING 31 1e 2b 87 [binary, 4 bytes]
2023-04-17 16:48:03,491 - DEBUG - < PONG 31 1e 2b 87 [binary, 4 bytes]
2023-04-17 16:48:03,492 - DEBUG - % received keepalive pong
2023-04-17 16:48:06,153 - DEBUG - % sending keepalive ping
2023-04-17 16:48:06,153 - DEBUG - > PING 72 af 4a ed [binary, 4 bytes]
2023-04-17 16:48:06,162 - DEBUG - < PONG 72 af 4a ed [binary, 4 bytes]
2023-04-17 16:48:06,164 - DEBUG - % received keepalive pong
2023-04-17 16:48:14,191 - DEBUG - % sending keepalive ping
2023-04-17 16:48:14,191 - DEBUG - > PING b0 13 05 72 [binary, 4 bytes]
2023-04-17 16:48:14,197 - DEBUG - < PONG b0 13 05 72 [binary, 4 bytes]
2023-04-17 16:48:14,200 - DEBUG - % received keepalive pong
2023-04-17 16:48:22,218 - DEBUG - % sending keepalive ping
2023-04-17 16:48:22,219 - DEBUG - > PING 67 af bb fa [binary, 4 bytes]
2023-04-17 16:48:22,226 - DEBUG - < PONG 67 af bb fa [binary, 4 bytes]
2023-04-17 16:48:22,228 - DEBUG - % received keepalive pong
2023-04-17 16:48:23,482 - DEBUG - % sending keepalive ping
2023-04-17 16:48:23,482 - DEBUG - > PING 06 ab 68 39 [binary, 4 bytes]
2023-04-17 16:48:23,491 - DEBUG - < PONG 06 ab 68 39 [binary, 4 bytes]
2023-04-17 16:48:23,492 - DEBUG - % received keepalive pong
2023-04-17 16:48:26,145 - DEBUG - % sending keepalive ping
2023-04-17 16:48:26,145 - DEBUG - > PING 40 0b 72 f7 [binary, 4 bytes]
2023-04-17 16:48:26,154 - DEBUG - < PONG 40 0b 72 f7 [binary, 4 bytes]
2023-04-17 16:48:26,157 - DEBUG - % received keepalive pong
2023-04-17 16:48:34,183 - DEBUG - % sending keepalive ping
2023-04-17 16:48:34,183 - DEBUG - > PING ad ca f5 f4 [binary, 4 bytes]
2023-04-17 16:48:34,190 - DEBUG - < PONG ad ca f5 f4 [binary, 4 bytes]
2023-04-17 16:48:34,193 - DEBUG - % received keepalive pong
2023-04-17 16:48:42,217 - DEBUG - % sending keepalive ping
2023-04-17 16:48:42,217 - DEBUG - > PING 8c a5 7b 7a [binary, 4 bytes]
2023-04-17 16:48:42,224 - DEBUG - < PONG 8c a5 7b 7a [binary, 4 bytes]
2023-04-17 16:48:42,231 - DEBUG - % received keepalive pong
2023-04-17 16:48:43,481 - DEBUG - % sending keepalive ping
2023-04-17 16:48:43,482 - DEBUG - > PING e9 e1 93 68 [binary, 4 bytes]
2023-04-17 16:48:43,490 - DEBUG - < PONG e9 e1 93 68 [binary, 4 bytes]
2023-04-17 16:48:43,492 - DEBUG - % received keepalive pong
2023-04-17 16:48:46,146 - DEBUG - % sending keepalive ping
2023-04-17 16:48:46,146 - DEBUG - > PING 68 01 99 71 [binary, 4 bytes]
2023-04-17 16:48:46,155 - DEBUG - < PONG 68 01 99 71 [binary, 4 bytes]
2023-04-17 16:48:46,156 - DEBUG - % received keepalive pong
2023-04-17 16:48:54,186 - DEBUG - % sending keepalive ping
2023-04-17 16:48:54,186 - DEBUG - > PING d8 2c 9e e7 [binary, 4 bytes]
2023-04-17 16:48:54,195 - DEBUG - < PONG d8 2c 9e e7 [binary, 4 bytes]
2023-04-17 16:48:54,197 - DEBUG - % received keepalive pong
2023-04-17 16:49:02,217 - DEBUG - % sending keepalive ping
2023-04-17 16:49:02,218 - DEBUG - > PING 60 27 e7 cc [binary, 4 bytes]
2023-04-17 16:49:02,226 - DEBUG - < PONG 60 27 e7 cc [binary, 4 bytes]
2023-04-17 16:49:02,227 - DEBUG - % received keepalive pong
2023-04-17 16:49:03,468 - DEBUG - % sending keepalive ping
2023-04-17 16:49:03,469 - DEBUG - > PING c0 2e 5a 57 [binary, 4 bytes]
2023-04-17 16:49:03,477 - DEBUG - < PONG c0 2e 5a 57 [binary, 4 bytes]
2023-04-17 16:49:03,480 - DEBUG - % received keepalive pong
2023-04-17 16:49:06,153 - DEBUG - % sending keepalive ping
2023-04-17 16:49:06,153 - DEBUG - > PING 22 0c 9f 7d [binary, 4 bytes]
2023-04-17 16:49:06,162 - DEBUG - < PONG 22 0c 9f 7d [binary, 4 bytes]
2023-04-17 16:49:06,163 - DEBUG - % received keepalive pong
2023-04-17 16:49:14,194 - DEBUG - % sending keepalive ping
2023-04-17 16:49:14,194 - DEBUG - > PING 8e 29 af 87 [binary, 4 bytes]
2023-04-17 16:49:14,200 - DEBUG - < PONG 8e 29 af 87 [binary, 4 bytes]
2023-04-17 16:49:14,201 - DEBUG - % received keepalive pong
2023-04-17 16:49:22,219 - DEBUG - % sending keepalive ping
2023-04-17 16:49:22,219 - DEBUG - > PING 06 fb b7 ec [binary, 4 bytes]
2023-04-17 16:49:22,226 - DEBUG - < PONG 06 fb b7 ec [binary, 4 bytes]
2023-04-17 16:49:22,228 - DEBUG - % received keepalive pong
2023-04-17 16:49:23,472 - DEBUG - % sending keepalive ping
2023-04-17 16:49:23,472 - DEBUG - > PING 84 a6 7e d4 [binary, 4 bytes]
2023-04-17 16:49:23,485 - DEBUG - < PONG 84 a6 7e d4 [binary, 4 bytes]
2023-04-17 16:49:23,488 - DEBUG - % received keepalive pong
2023-04-17 16:49:26,146 - DEBUG - % sending keepalive ping
2023-04-17 16:49:26,147 - DEBUG - > PING 99 de c4 c3 [binary, 4 bytes]
2023-04-17 16:49:26,155 - DEBUG - < PONG 99 de c4 c3 [binary, 4 bytes]
2023-04-17 16:49:26,157 - DEBUG - % received keepalive pong
2023-04-17 16:49:34,191 - DEBUG - % sending keepalive ping
2023-04-17 16:49:34,191 - DEBUG - > PING 99 ec 1e c3 [binary, 4 bytes]
2023-04-17 16:49:34,198 - DEBUG - < PONG 99 ec 1e c3 [binary, 4 bytes]
2023-04-17 16:49:34,202 - DEBUG - % received keepalive pong
2023-04-17 16:49:42,225 - DEBUG - % sending keepalive ping
2023-04-17 16:49:42,226 - DEBUG - > PING 'T\u0232\x19' [text, 4 bytes]
2023-04-17 16:49:42,241 - DEBUG - < PONG 'T\u0232\x19' [text, 4 bytes]
2023-04-17 16:49:42,244 - DEBUG - % received keepalive pong
2023-04-17 16:49:43,463 - DEBUG - = connection is CONNECTING
2023-04-17 16:49:43,490 - DEBUG - % sending keepalive ping
2023-04-17 16:49:43,491 - DEBUG - > PING 'H^w ' [text, 4 bytes]
2023-04-17 16:49:43,499 - DEBUG - < PONG 'H^w ' [text, 4 bytes]
2023-04-17 16:49:43,506 - DEBUG - > GET /ocpp16/ELA007C05/EVSCA050001 HTTP/1.1
2023-04-17 16:49:43,506 - DEBUG - > Host: ws.devevspcharger.uplus.co.kr
2023-04-17 16:49:43,506 - DEBUG - > Upgrade: websocket
2023-04-17 16:49:43,506 - DEBUG - > Connection: Upgrade
2023-04-17 16:49:43,506 - DEBUG - > Sec-WebSocket-Key: PqSf6zrubjczrUpmUUzWQQ==
2023-04-17 16:49:43,506 - DEBUG - > Sec-WebSocket-Version: 13
2023-04-17 16:49:43,506 - DEBUG - > Sec-WebSocket-Extensions: permessage-deflate; client_max_window_bits
2023-04-17 16:49:43,506 - DEBUG - > Sec-WebSocket-Protocol: ocpp1.6
2023-04-17 16:49:43,506 - DEBUG - > Authorization: Basic RVZBUjpFVkFSTEdV
2023-04-17 16:49:43,507 - DEBUG - > User-Agent: Python/3.11 websockets/10.4
2023-04-17 16:49:43,513 - DEBUG - % received keepalive pong
2023-04-17 16:49:44,103 - DEBUG - < HTTP/1.1 101 Switching Protocols
2023-04-17 16:49:44,104 - DEBUG - < Connection: upgrade
2023-04-17 16:49:44,104 - DEBUG - < Date: Mon, 17 Apr 2023 07:49:32 GMT
2023-04-17 16:49:44,104 - DEBUG - < sec-websocket-protocol: ocpp1.6
2023-04-17 16:49:44,105 - DEBUG - < upgrade: websocket
2023-04-17 16:49:44,105 - DEBUG - < sec-websocket-accept: 5DDIIJEPO7d/fB0mRmKw8irFtrI=
2023-04-17 16:49:44,105 - DEBUG - < sec-websocket-extensions: permessage-deflate
2023-04-17 16:49:44,105 - DEBUG - < X-Cache: Miss from cloudfront
2023-04-17 16:49:44,105 - DEBUG - < Via: 1.1 3191831ae41fb8010dc82317a4824110.cloudfront.net (CloudFront)
2023-04-17 16:49:44,105 - DEBUG - < X-Amz-Cf-Pop: ICN54-C1
2023-04-17 16:49:44,105 - DEBUG - < X-Amz-Cf-Id: KIwQehdYRIMcVDnHqsjYKCUnbK02PvTkxrh2-yIEAjF_MSGmvzSOKg==
2023-04-17 16:49:44,105 - DEBUG - = connection is OPEN
2023-04-17 16:49:44,152 - DEBUG - > TEXT '[2, "4632394e-51ed-439a-9e3a-2965367a6099", "Bo...ePointVendor": "EVAR"}]' [127 bytes]
2023-04-17 16:49:44,392 - DEBUG - < TEXT '[3, "4632394e-51ed-439a-9e3a-2965367a6099", {"s...33Z", "interval": 600}]' [123 bytes]
2023-04-17 16:49:44,478 - DEBUG - > TEXT '[2, "4632394e-51ed-439a-9e3a-2965367a6099", "St..."status": "Preparing"}]' [132 bytes]
2023-04-17 16:49:44,675 - DEBUG - < TEXT '[3, "4632394e-51ed-439a-9e3a-2965367a6099", {}]' [47 bytes]
2023-04-17 16:49:46,169 - DEBUG - % sending keepalive ping
2023-04-17 16:49:46,169 - DEBUG - > PING d2 98 95 89 [binary, 4 bytes]
2023-04-17 16:49:46,179 - DEBUG - < PONG d2 98 95 89 [binary, 4 bytes]
2023-04-17 16:49:46,188 - DEBUG - % received keepalive pong
2023-04-17 16:49:47,222 - DEBUG - Starting new HTTPS connection (1): rgw.devevspcharger.uplus.co.kr:443
2023-04-17 16:49:48,623 - DEBUG - https://rgw.devevspcharger.uplus.co.kr:443 "POST /ioc HTTP/1.1" 200 457
2023-04-17 16:49:48,643 - DEBUG - < TEXT '[2, "d234d85d-a990-4443-8b31-270a5dbaa0b8", "Re...0, "limit": 11000}]}}}]' [412 bytes]
2023-04-17 16:49:48,674 - DEBUG - = connection is CLOSING
2023-04-17 16:49:48,674 - DEBUG - > CLOSE 1000 (OK) [2 bytes]
2023-04-17 16:49:48,682 - DEBUG - < CLOSE 1000 (OK) [2 bytes]
2023-04-17 16:49:48,685 - DEBUG - = connection is CLOSED
2023-04-17 16:49:54,194 - DEBUG - % sending keepalive ping
2023-04-17 16:49:54,194 - DEBUG - > PING fb d5 96 16 [binary, 4 bytes]
2023-04-17 16:49:54,201 - DEBUG - < PONG fb d5 96 16 [binary, 4 bytes]
2023-04-17 16:49:54,204 - DEBUG - % received keepalive pong
2023-04-17 16:49:56,080 - DEBUG - Starting new HTTPS connection (1): rgw.devevspcharger.uplus.co.kr:443
2023-04-17 16:49:56,484 - DEBUG - https://rgw.devevspcharger.uplus.co.kr:443 "POST /ioc HTTP/1.1" 200 77
2023-04-17 16:50:02,227 - DEBUG - % sending keepalive ping
2023-04-17 16:50:02,227 - DEBUG - > PING 19 49 e6 a6 [binary, 4 bytes]
2023-04-17 16:50:02,236 - DEBUG - < PONG 19 49 e6 a6 [binary, 4 bytes]
2023-04-17 16:50:02,243 - DEBUG - % received keepalive pong
2023-04-17 16:50:03,519 - DEBUG - % sending keepalive ping
2023-04-17 16:50:03,519 - DEBUG - > PING 8e 73 84 46 [binary, 4 bytes]
2023-04-17 16:50:03,528 - DEBUG - < PONG 8e 73 84 46 [binary, 4 bytes]
2023-04-17 16:50:03,535 - DEBUG - % received keepalive pong
2023-04-17 16:50:06,193 - DEBUG - % sending keepalive ping
2023-04-17 16:50:06,193 - DEBUG - > PING bf cd 4d b2 [binary, 4 bytes]
2023-04-17 16:50:06,227 - DEBUG - < PONG bf cd 4d b2 [binary, 4 bytes]
2023-04-17 16:50:06,248 - DEBUG - % received keepalive pong
2023-04-17 16:50:14,196 - DEBUG - % sending keepalive ping
2023-04-17 16:50:14,196 - DEBUG - > PING 14 af 92 d0 [binary, 4 bytes]
2023-04-17 16:50:14,204 - DEBUG - < PONG 14 af 92 d0 [binary, 4 bytes]
2023-04-17 16:50:14,210 - DEBUG - % received keepalive pong
2023-04-17 16:50:14,328 - DEBUG - = connection is CONNECTING
2023-04-17 16:50:14,368 - DEBUG - > GET /ocpp16/ELA007C05/EVSCA050001 HTTP/1.1
2023-04-17 16:50:14,369 - DEBUG - > Host: ws.devevspcharger.uplus.co.kr
2023-04-17 16:50:14,369 - DEBUG - > Upgrade: websocket
2023-04-17 16:50:14,369 - DEBUG - > Connection: Upgrade
2023-04-17 16:50:14,369 - DEBUG - > Sec-WebSocket-Key: lqBrAS+7cC34JUu/LOI8kA==
2023-04-17 16:50:14,369 - DEBUG - > Sec-WebSocket-Version: 13
2023-04-17 16:50:14,369 - DEBUG - > Sec-WebSocket-Extensions: permessage-deflate; client_max_window_bits
2023-04-17 16:50:14,370 - DEBUG - > Sec-WebSocket-Protocol: ocpp1.6
2023-04-17 16:50:14,370 - DEBUG - > Authorization: Basic RVZBUjpFVkFSTEdV
2023-04-17 16:50:14,371 - DEBUG - > User-Agent: Python/3.11 websockets/10.4
2023-04-17 16:50:14,648 - DEBUG - < HTTP/1.1 101 Switching Protocols
2023-04-17 16:50:14,648 - DEBUG - < Connection: upgrade
2023-04-17 16:50:14,648 - DEBUG - < Date: Mon, 17 Apr 2023 07:50:03 GMT
2023-04-17 16:50:14,650 - DEBUG - < sec-websocket-protocol: ocpp1.6
2023-04-17 16:50:14,650 - DEBUG - < upgrade: websocket
2023-04-17 16:50:14,650 - DEBUG - < sec-websocket-accept: zHrrROIrI6sbxZFyiPAKzc9d9TA=
2023-04-17 16:50:14,650 - DEBUG - < sec-websocket-extensions: permessage-deflate
2023-04-17 16:50:14,650 - DEBUG - < X-Cache: Miss from cloudfront
2023-04-17 16:50:14,651 - DEBUG - < Via: 1.1 8a8bf856316bfb6dae60bd0162db1ab8.cloudfront.net (CloudFront)
2023-04-17 16:50:14,651 - DEBUG - < X-Amz-Cf-Pop: ICN54-C1
2023-04-17 16:50:14,651 - DEBUG - < X-Amz-Cf-Id: sWeNjXGrE6LpMUy7wkJpmgU9tuzKkbOYqi3x_f_3a9xvig5-hXJmBA==
2023-04-17 16:50:14,651 - DEBUG - = connection is OPEN
2023-04-17 16:50:14,733 - DEBUG - > TEXT '[2, "4ab844b4-6abe-4614-9eb9-e681c5f724f5", "Bo...ePointVendor": "EVAR"}]' [127 bytes]
2023-04-17 16:50:14,987 - DEBUG - < TEXT '[3, "4ab844b4-6abe-4614-9eb9-e681c5f724f5", {"s...03Z", "interval": 600}]' [123 bytes]
2023-04-17 16:50:17,336 - DEBUG - Starting new HTTPS connection (1): rgw.devevspcharger.uplus.co.kr:443
2023-04-17 16:50:17,762 - DEBUG - https://rgw.devevspcharger.uplus.co.kr:443 "POST /ioc HTTP/1.1" 200 148
2023-04-17 16:50:17,777 - DEBUG - < TEXT '[2, "3e4bfb6d-bf4e-4e5e-89c8-c1ed06e599a1", "Ge...izeRemoteTxRequests"]}]' [103 bytes]
2023-04-17 16:50:17,782 - DEBUG - > TEXT '[3, "3e4bfb6d-bf4e-4e5e-89c8-c1ed06e599a1", {"c...ts", "value": "true"}}]' [120 bytes]
2023-04-17 16:50:17,951 - DEBUG - < TEXT '' [0 bytes]
2023-04-17 16:50:17,996 - DEBUG - > TEXT '[2, "4ab844b4-6abe-4614-9eb9-e681c5f724f5", "Au...": "1031040000069641"}]' [87 bytes]
2023-04-17 16:50:18,255 - DEBUG - < TEXT '[3, "4ab844b4-6abe-4614-9eb9-e681c5f724f5", {"i..."status": "Accepted"}}]' [82 bytes]
2023-04-17 16:50:18,293 - DEBUG - > TEXT '[2, "4ab844b4-6abe-4614-9eb9-e681c5f724f5", "St..."status": "Preparing"}]' [132 bytes]
2023-04-17 16:50:18,476 - DEBUG - < TEXT '[3, "4ab844b4-6abe-4614-9eb9-e681c5f724f5", {}]' [47 bytes]
2023-04-17 16:50:18,523 - DEBUG - > TEXT '[2, "afd312de-14fe-4806-996c-81eb5810c7be", "St...2023-04-17T16:50:14Z"}]' [170 bytes]
2023-04-17 16:50:18,950 - DEBUG - < TEXT '[3, "afd312de-14fe-4806-996c-81eb5810c7be", {"t..."status": "Accepted"}}]' [110 bytes]
2023-04-17 16:50:18,995 - DEBUG - > TEXT '[2, "4ab844b4-6abe-4614-9eb9-e681c5f724f5", "St... "status": "Charging"}]' [131 bytes]
2023-04-17 16:50:19,189 - DEBUG - < TEXT '[3, "4ab844b4-6abe-4614-9eb9-e681c5f724f5", {}]' [47 bytes]
2023-04-17 16:50:22,230 - DEBUG - % sending keepalive ping
2023-04-17 16:50:22,230 - DEBUG - > PING 1c 2a 97 9a [binary, 4 bytes]
2023-04-17 16:50:22,237 - DEBUG - < PONG 1c 2a 97 9a [binary, 4 bytes]
2023-04-17 16:50:22,240 - DEBUG - % received keepalive pong
2023-04-17 16:50:22,278 - DEBUG - Starting new HTTPS connection (1): rgw.devevspcharger.uplus.co.kr:443
2023-04-17 16:50:22,724 - DEBUG - https://rgw.devevspcharger.uplus.co.kr:443 "POST /ioc HTTP/1.1" 200 397
2023-04-17 16:50:22,738 - DEBUG - < TEXT '[2, "e00da6ee-8afc-4c7b-964e-76a1bd84a503", "Se...0, "limit": 11000}]}}}]' [352 bytes]
2023-04-17 16:50:22,745 - DEBUG - > TEXT '[3, "e00da6ee-8afc-4c7b-964e-76a1bd84a503", {"status": "Rejected"}]' [67 bytes]
2023-04-17 16:50:22,907 - DEBUG - < TEXT '' [0 bytes]
2023-04-17 16:50:22,926 - DEBUG - = connection is CLOSING
2023-04-17 16:50:22,926 - DEBUG - > CLOSE 1000 (OK) [2 bytes]
2023-04-17 16:50:22,933 - DEBUG - < CLOSE 1000 (OK) [2 bytes]
2023-04-17 16:50:22,937 - DEBUG - = connection is CLOSED
2023-04-17 16:50:23,526 - DEBUG - % sending keepalive ping
2023-04-17 16:50:23,526 - DEBUG - > PING 60 e2 f9 1f [binary, 4 bytes]
2023-04-17 16:50:23,538 - DEBUG - < PONG 60 e2 f9 1f [binary, 4 bytes]
2023-04-17 16:50:23,544 - DEBUG - % received keepalive pong
2023-04-17 16:50:26,260 - DEBUG - % sending keepalive ping
2023-04-17 16:50:26,260 - DEBUG - > PING 28 6b 46 ce [binary, 4 bytes]
2023-04-17 16:50:26,269 - DEBUG - < PONG 28 6b 46 ce [binary, 4 bytes]
2023-04-17 16:50:26,271 - DEBUG - % received keepalive pong
2023-04-17 16:50:34,193 - DEBUG - % sending keepalive ping
2023-04-17 16:50:34,193 - DEBUG - > PING 8a 20 45 a4 [binary, 4 bytes]
2023-04-17 16:50:34,200 - DEBUG - < PONG 8a 20 45 a4 [binary, 4 bytes]
2023-04-17 16:50:34,204 - DEBUG - % received keepalive pong
2023-04-17 16:50:42,224 - DEBUG - % sending keepalive ping
2023-04-17 16:50:42,224 - DEBUG - > PING 6f 0a f7 25 [binary, 4 bytes]
2023-04-17 16:50:42,230 - DEBUG - < PONG 6f 0a f7 25 [binary, 4 bytes]
2023-04-17 16:50:42,235 - DEBUG - % received keepalive pong
2023-04-17 16:50:43,562 - DEBUG - % sending keepalive ping
2023-04-17 16:50:43,562 - DEBUG - > PING a8 42 f3 33 [binary, 4 bytes]
2023-04-17 16:50:43,570 - DEBUG - < PONG a8 42 f3 33 [binary, 4 bytes]
2023-04-17 16:50:43,572 - DEBUG - % received keepalive pong
2023-04-17 16:50:46,268 - DEBUG - % sending keepalive ping
2023-04-17 16:50:46,268 - DEBUG - > PING 0f 1a b8 ca [binary, 4 bytes]
2023-04-17 16:50:46,277 - DEBUG - < PONG 0f 1a b8 ca [binary, 4 bytes]
2023-04-17 16:50:46,280 - DEBUG - % received keepalive pong
2023-04-17 16:50:54,199 - DEBUG - % sending keepalive ping
2023-04-17 16:50:54,200 - DEBUG - > PING '9_eS' [text, 4 bytes]
2023-04-17 16:50:54,207 - DEBUG - < PONG '9_eS' [text, 4 bytes]
2023-04-17 16:50:54,216 - DEBUG - % received keepalive pong
2023-04-17 16:51:02,219 - DEBUG - % sending keepalive ping
2023-04-17 16:51:02,219 - DEBUG - > PING be 72 87 56 [binary, 4 bytes]
2023-04-17 16:51:02,225 - DEBUG - < PONG be 72 87 56 [binary, 4 bytes]
2023-04-17 16:51:02,229 - DEBUG - % received keepalive pong
2023-04-17 16:51:03,561 - DEBUG - % sending keepalive ping
2023-04-17 16:51:03,561 - DEBUG - > PING '\u0194Ts' [text, 4 bytes]
2023-04-17 16:51:03,571 - DEBUG - < PONG '\u0194Ts' [text, 4 bytes]
2023-04-17 16:51:03,574 - DEBUG - % received keepalive pong
2023-04-17 16:51:06,266 - DEBUG - % sending keepalive ping
2023-04-17 16:51:06,267 - DEBUG - > PING e4 e3 4c 52 [binary, 4 bytes]
2023-04-17 16:51:06,275 - DEBUG - < PONG e4 e3 4c 52 [binary, 4 bytes]
2023-04-17 16:51:06,277 - DEBUG - % received keepalive pong
2023-04-17 16:51:14,217 - DEBUG - % sending keepalive ping
2023-04-17 16:51:14,217 - DEBUG - > PING 65 d5 0c ff [binary, 4 bytes]
2023-04-17 16:51:14,225 - DEBUG - < PONG 65 d5 0c ff [binary, 4 bytes]
2023-04-17 16:51:14,229 - DEBUG - % received keepalive pong
2023-04-17 16:51:22,218 - DEBUG - % sending keepalive ping
2023-04-17 16:51:22,218 - DEBUG - > PING 37 c8 53 6a [binary, 4 bytes]
2023-04-17 16:51:22,225 - DEBUG - < PONG 37 c8 53 6a [binary, 4 bytes]
2023-04-17 16:51:22,229 - DEBUG - % received keepalive pong
2023-04-17 16:51:23,560 - DEBUG - % sending keepalive ping
2023-04-17 16:51:23,561 - DEBUG - > PING a5 25 ce 22 [binary, 4 bytes]
2023-04-17 16:51:23,571 - DEBUG - < PONG a5 25 ce 22 [binary, 4 bytes]
2023-04-17 16:51:23,576 - DEBUG - % received keepalive pong
2023-04-17 16:51:26,264 - DEBUG - % sending keepalive ping
2023-04-17 16:51:26,264 - DEBUG - > PING '.HQT' [text, 4 bytes]
2023-04-17 16:51:26,274 - DEBUG - < PONG '.HQT' [text, 4 bytes]
2023-04-17 16:51:26,281 - DEBUG - % received keepalive pong
2023-04-17 16:51:34,223 - DEBUG - % sending keepalive ping
2023-04-17 16:51:34,223 - DEBUG - > PING d2 fb 8c fb [binary, 4 bytes]
2023-04-17 16:51:34,231 - DEBUG - < PONG d2 fb 8c fb [binary, 4 bytes]
2023-04-17 16:51:34,236 - DEBUG - % received keepalive pong
2023-04-17 16:51:42,222 - DEBUG - % sending keepalive ping
2023-04-17 16:51:42,222 - DEBUG - > PING ad 9d 32 51 [binary, 4 bytes]
2023-04-17 16:51:42,229 - DEBUG - < PONG ad 9d 32 51 [binary, 4 bytes]
2023-04-17 16:51:42,233 - DEBUG - % received keepalive pong
2023-04-17 16:51:43,563 - DEBUG - % sending keepalive ping
2023-04-17 16:51:43,564 - DEBUG - > PING 'h2t8' [text, 4 bytes]
2023-04-17 16:51:43,572 - DEBUG - < PONG 'h2t8' [text, 4 bytes]
2023-04-17 16:51:43,576 - DEBUG - % received keepalive pong
2023-04-17 16:51:46,263 - DEBUG - % sending keepalive ping
2023-04-17 16:51:46,263 - DEBUG - > PING c2 04 e8 6b [binary, 4 bytes]
2023-04-17 16:51:46,272 - DEBUG - < PONG c2 04 e8 6b [binary, 4 bytes]
2023-04-17 16:51:46,276 - DEBUG - % received keepalive pong
2023-04-17 16:51:54,231 - DEBUG - % sending keepalive ping
2023-04-17 16:51:54,231 - DEBUG - > PING 81 48 9b dd [binary, 4 bytes]
2023-04-17 16:51:54,238 - DEBUG - < PONG 81 48 9b dd [binary, 4 bytes]
2023-04-17 16:51:54,247 - DEBUG - % received keepalive pong
2023-04-17 16:52:02,222 - DEBUG - % sending keepalive ping
2023-04-17 16:52:02,222 - DEBUG - > PING c1 87 26 32 [binary, 4 bytes]
2023-04-17 16:52:02,231 - DEBUG - < PONG c1 87 26 32 [binary, 4 bytes]
2023-04-17 16:52:02,246 - DEBUG - % received keepalive pong
2023-04-17 16:52:03,561 - DEBUG - % sending keepalive ping
2023-04-17 16:52:03,561 - DEBUG - > PING 82 e1 24 e3 [binary, 4 bytes]
2023-04-17 16:52:03,571 - DEBUG - < PONG 82 e1 24 e3 [binary, 4 bytes]
2023-04-17 16:52:03,575 - DEBUG - % received keepalive pong
2023-04-17 16:52:06,274 - DEBUG - % sending keepalive ping
2023-04-17 16:52:06,274 - DEBUG - > PING d6 bb d5 29 [binary, 4 bytes]
2023-04-17 16:52:06,284 - DEBUG - < PONG d6 bb d5 29 [binary, 4 bytes]
2023-04-17 16:52:06,290 - DEBUG - % received keepalive pong
2023-04-17 16:52:14,252 - DEBUG - % sending keepalive ping
2023-04-17 16:52:14,252 - DEBUG - > PING 89 c7 33 38 [binary, 4 bytes]
2023-04-17 16:52:14,259 - DEBUG - < PONG 89 c7 33 38 [binary, 4 bytes]
2023-04-17 16:52:14,262 - DEBUG - % received keepalive pong
2023-04-17 16:52:22,257 - DEBUG - % sending keepalive ping
2023-04-17 16:52:22,258 - DEBUG - > PING 78 a8 1b 30 [binary, 4 bytes]
2023-04-17 16:52:22,265 - DEBUG - < PONG 78 a8 1b 30 [binary, 4 bytes]
2023-04-17 16:52:22,268 - DEBUG - % received keepalive pong
2023-04-17 16:52:23,570 - DEBUG - % sending keepalive ping
2023-04-17 16:52:23,571 - DEBUG - > PING ce f3 88 25 [binary, 4 bytes]
2023-04-17 16:52:23,579 - DEBUG - < PONG ce f3 88 25 [binary, 4 bytes]
2023-04-17 16:52:23,583 - DEBUG - % received keepalive pong
2023-04-17 16:52:26,269 - DEBUG - % sending keepalive ping
2023-04-17 16:52:26,270 - DEBUG - > PING cb 59 32 49 [binary, 4 bytes]
2023-04-17 16:52:26,278 - DEBUG - < PONG cb 59 32 49 [binary, 4 bytes]
2023-04-17 16:52:26,282 - DEBUG - % received keepalive pong
2023-04-17 16:52:34,272 - DEBUG - % sending keepalive ping
2023-04-17 16:52:34,273 - DEBUG - > PING c5 d8 94 b8 [binary, 4 bytes]
2023-04-17 16:52:34,282 - DEBUG - < PONG c5 d8 94 b8 [binary, 4 bytes]
2023-04-17 16:52:34,288 - DEBUG - % received keepalive pong
2023-04-17 16:52:42,270 - DEBUG - % sending keepalive ping
2023-04-17 16:52:42,270 - DEBUG - > PING d2 27 10 4e [binary, 4 bytes]
2023-04-17 16:52:42,277 - DEBUG - < PONG d2 27 10 4e [binary, 4 bytes]
2023-04-17 16:52:42,281 - DEBUG - % received keepalive pong
2023-04-17 16:52:43,571 - DEBUG - % sending keepalive ping
2023-04-17 16:52:43,571 - DEBUG - > PING 7c ab a8 16 [binary, 4 bytes]
2023-04-17 16:52:43,580 - DEBUG - < PONG 7c ab a8 16 [binary, 4 bytes]
2023-04-17 16:52:43,583 - DEBUG - % received keepalive pong
2023-04-17 16:52:46,276 - DEBUG - % sending keepalive ping
2023-04-17 16:52:46,276 - DEBUG - > PING 2c ab 86 cc [binary, 4 bytes]
2023-04-17 16:52:46,288 - DEBUG - < PONG 2c ab 86 cc [binary, 4 bytes]
2023-04-17 16:52:46,295 - DEBUG - % received keepalive pong
2023-04-17 16:52:54,273 - DEBUG - % sending keepalive ping
2023-04-17 16:52:54,273 - DEBUG - > PING 52 85 88 5b [binary, 4 bytes]
2023-04-17 16:52:54,281 - DEBUG - < PONG 52 85 88 5b [binary, 4 bytes]
2023-04-17 16:52:54,289 - DEBUG - % received keepalive pong
2023-04-17 16:53:02,272 - DEBUG - % sending keepalive ping
2023-04-17 16:53:02,272 - DEBUG - > PING f7 fd bc cc [binary, 4 bytes]
2023-04-17 16:53:02,279 - DEBUG - < PONG f7 fd bc cc [binary, 4 bytes]
2023-04-17 16:53:02,282 - DEBUG - % received keepalive pong
2023-04-17 16:53:03,566 - DEBUG - % sending keepalive ping
2023-04-17 16:53:03,567 - DEBUG - > PING 47 ef 0a 44 [binary, 4 bytes]
2023-04-17 16:53:03,575 - DEBUG - < PONG 47 ef 0a 44 [binary, 4 bytes]
2023-04-17 16:53:03,583 - DEBUG - % received keepalive pong
2023-04-17 16:53:06,309 - DEBUG - % sending keepalive ping
2023-04-17 16:53:06,309 - DEBUG - > PING 19 24 82 9f [binary, 4 bytes]
2023-04-17 16:53:06,320 - DEBUG - < PONG 19 24 82 9f [binary, 4 bytes]
2023-04-17 16:53:06,330 - DEBUG - % received keepalive pong
2023-04-17 16:53:14,270 - DEBUG - % sending keepalive ping
2023-04-17 16:53:14,271 - DEBUG - > PING b4 b0 5c 3a [binary, 4 bytes]
2023-04-17 16:53:14,279 - DEBUG - < PONG b4 b0 5c 3a [binary, 4 bytes]
2023-04-17 16:53:14,284 - DEBUG - % received keepalive pong
2023-04-17 16:53:22,278 - DEBUG - % sending keepalive ping
2023-04-17 16:53:22,278 - DEBUG - > PING e5 42 72 97 [binary, 4 bytes]
2023-04-17 16:53:22,288 - DEBUG - < PONG e5 42 72 97 [binary, 4 bytes]
2023-04-17 16:53:22,293 - DEBUG - % received keepalive pong
2023-04-17 16:53:23,570 - DEBUG - % sending keepalive ping
2023-04-17 16:53:23,570 - DEBUG - > PING 80 4b 73 5e [binary, 4 bytes]
2023-04-17 16:53:23,578 - DEBUG - < PONG 80 4b 73 5e [binary, 4 bytes]
2023-04-17 16:53:23,582 - DEBUG - % received keepalive pong
2023-04-17 16:53:26,313 - DEBUG - % sending keepalive ping
2023-04-17 16:53:26,313 - DEBUG - > PING a1 84 95 d5 [binary, 4 bytes]
2023-04-17 16:53:26,322 - DEBUG - < PONG a1 84 95 d5 [binary, 4 bytes]
2023-04-17 16:53:26,325 - DEBUG - % received keepalive pong
2023-04-17 16:53:34,274 - DEBUG - % sending keepalive ping
2023-04-17 16:53:34,275 - DEBUG - > PING 37 0a 2d 89 [binary, 4 bytes]
2023-04-17 16:53:34,281 - DEBUG - < PONG 37 0a 2d 89 [binary, 4 bytes]
2023-04-17 16:53:34,284 - DEBUG - % received keepalive pong
2023-04-17 16:53:42,300 - DEBUG - % sending keepalive ping
2023-04-17 16:53:42,300 - DEBUG - > PING 24 84 35 3d [binary, 4 bytes]
2023-04-17 16:53:42,308 - DEBUG - < PONG 24 84 35 3d [binary, 4 bytes]
2023-04-17 16:53:42,312 - DEBUG - % received keepalive pong
2023-04-17 16:53:43,566 - DEBUG - % sending keepalive ping
2023-04-17 16:53:43,566 - DEBUG - > PING 15 df 3f 16 [binary, 4 bytes]
2023-04-17 16:53:43,575 - DEBUG - < PONG 15 df 3f 16 [binary, 4 bytes]
2023-04-17 16:53:43,581 - DEBUG - % received keepalive pong
2023-04-17 16:53:46,323 - DEBUG - % sending keepalive ping
2023-04-17 16:53:46,324 - DEBUG - > PING '~#^:' [text, 4 bytes]
2023-04-17 16:53:46,333 - DEBUG - < PONG '~#^:' [text, 4 bytes]
2023-04-17 16:53:46,336 - DEBUG - % received keepalive pong
2023-04-17 16:53:54,276 - DEBUG - % sending keepalive ping
2023-04-17 16:53:54,276 - DEBUG - > PING 69 59 df 4f [binary, 4 bytes]
2023-04-17 16:53:54,282 - DEBUG - < PONG 69 59 df 4f [binary, 4 bytes]
2023-04-17 16:53:54,285 - DEBUG - % received keepalive pong
2023-04-17 16:54:02,323 - DEBUG - % sending keepalive ping
2023-04-17 16:54:02,324 - DEBUG - > PING 99 6a b2 85 [binary, 4 bytes]
2023-04-17 16:54:02,332 - DEBUG - < PONG 99 6a b2 85 [binary, 4 bytes]
2023-04-17 16:54:02,334 - DEBUG - % received keepalive pong
2023-04-17 16:54:03,575 - DEBUG - % sending keepalive ping
2023-04-17 16:54:03,575 - DEBUG - > PING d2 3c a4 6d [binary, 4 bytes]
2023-04-17 16:54:03,584 - DEBUG - < PONG d2 3c a4 6d [binary, 4 bytes]
2023-04-17 16:54:03,589 - DEBUG - % received keepalive pong
2023-04-17 16:54:06,318 - DEBUG - % sending keepalive ping
2023-04-17 16:54:06,318 - DEBUG - > PING 79 83 4d 5c [binary, 4 bytes]
2023-04-17 16:54:06,327 - DEBUG - < PONG 79 83 4d 5c [binary, 4 bytes]
2023-04-17 16:54:06,330 - DEBUG - % received keepalive pong
2023-04-17 16:54:14,271 - DEBUG - % sending keepalive ping
2023-04-17 16:54:14,271 - DEBUG - > PING 0b ad f7 c0 [binary, 4 bytes]
2023-04-17 16:54:14,278 - DEBUG - < PONG 0b ad f7 c0 [binary, 4 bytes]
2023-04-17 16:54:14,282 - DEBUG - % received keepalive pong
2023-04-17 16:54:22,324 - DEBUG - % sending keepalive ping
2023-04-17 16:54:22,324 - DEBUG - > PING 'T;\x113' [text, 4 bytes]
2023-04-17 16:54:22,331 - DEBUG - < PONG 'T;\x113' [text, 4 bytes]
2023-04-17 16:54:22,338 - DEBUG - % received keepalive pong
2023-04-17 16:54:23,604 - DEBUG - % sending keepalive ping
2023-04-17 16:54:23,604 - DEBUG - > PING '}\r8}' [text, 4 bytes]
2023-04-17 16:54:23,613 - DEBUG - < PONG '}\r8}' [text, 4 bytes]
2023-04-17 16:54:23,620 - DEBUG - % received keepalive pong
2023-04-17 16:54:26,314 - DEBUG - % sending keepalive ping
2023-04-17 16:54:26,315 - DEBUG - > PING 9c c2 4d b2 [binary, 4 bytes]
2023-04-17 16:54:26,323 - DEBUG - < PONG 9c c2 4d b2 [binary, 4 bytes]
2023-04-17 16:54:26,328 - DEBUG - % received keepalive pong
2023-04-17 16:54:34,267 - DEBUG - % sending keepalive ping
2023-04-17 16:54:34,268 - DEBUG - > PING d7 0b 09 27 [binary, 4 bytes]
2023-04-17 16:54:34,274 - DEBUG - < PONG d7 0b 09 27 [binary, 4 bytes]
2023-04-17 16:54:34,279 - DEBUG - % received keepalive pong
2023-04-17 16:54:42,315 - DEBUG - % sending keepalive ping
2023-04-17 16:54:42,316 - DEBUG - > PING 71 fa 6f 49 [binary, 4 bytes]
2023-04-17 16:54:42,323 - DEBUG - < PONG 71 fa 6f 49 [binary, 4 bytes]
2023-04-17 16:54:42,325 - DEBUG - % received keepalive pong
2023-04-17 16:54:43,622 - DEBUG - % sending keepalive ping
2023-04-17 16:54:43,622 - DEBUG - > PING 51 b3 5b 5d [binary, 4 bytes]
2023-04-17 16:54:43,631 - DEBUG - < PONG 51 b3 5b 5d [binary, 4 bytes]
2023-04-17 16:54:43,634 - DEBUG - % received keepalive pong
2023-04-17 16:54:46,318 - DEBUG - % sending keepalive ping
2023-04-17 16:54:46,318 - DEBUG - > PING 8f f4 c2 c4 [binary, 4 bytes]
2023-04-17 16:54:46,327 - DEBUG - < PONG 8f f4 c2 c4 [binary, 4 bytes]
2023-04-17 16:54:46,334 - DEBUG - % received keepalive pong
2023-04-17 16:54:54,272 - DEBUG - % sending keepalive ping
2023-04-17 16:54:54,272 - DEBUG - > PING '\x12Nxj' [text, 4 bytes]
2023-04-17 16:54:54,279 - DEBUG - < PONG '\x12Nxj' [text, 4 bytes]
2023-04-17 16:54:54,282 - DEBUG - % received keepalive pong
2023-04-17 16:55:02,324 - DEBUG - % sending keepalive ping
2023-04-17 16:55:02,324 - DEBUG - > PING 2e 51 84 80 [binary, 4 bytes]
2023-04-17 16:55:02,332 - DEBUG - < PONG 2e 51 84 80 [binary, 4 bytes]
2023-04-17 16:55:02,340 - DEBUG - % received keepalive pong
2023-04-17 16:55:03,629 - DEBUG - % sending keepalive ping
2023-04-17 16:55:03,630 - DEBUG - > PING e5 44 7b f5 [binary, 4 bytes]
2023-04-17 16:55:03,638 - DEBUG - < PONG e5 44 7b f5 [binary, 4 bytes]
2023-04-17 16:55:03,648 - DEBUG - % received keepalive pong
2023-04-17 16:55:06,315 - DEBUG - % sending keepalive ping
2023-04-17 16:55:06,315 - DEBUG - > PING b6 ed 1f 73 [binary, 4 bytes]
2023-04-17 16:55:06,323 - DEBUG - < PONG b6 ed 1f 73 [binary, 4 bytes]
2023-04-17 16:55:06,327 - DEBUG - % received keepalive pong
2023-04-17 16:55:14,267 - DEBUG - % sending keepalive ping
2023-04-17 16:55:14,267 - DEBUG - > PING f3 83 e6 e3 [binary, 4 bytes]
2023-04-17 16:55:14,300 - DEBUG - < PONG f3 83 e6 e3 [binary, 4 bytes]
2023-04-17 16:55:14,303 - DEBUG - % received keepalive pong
2023-04-17 16:55:22,346 - DEBUG - % sending keepalive ping
2023-04-17 16:55:22,346 - DEBUG - > PING de 78 fb e3 [binary, 4 bytes]
2023-04-17 16:55:22,353 - DEBUG - < PONG de 78 fb e3 [binary, 4 bytes]
2023-04-17 16:55:22,358 - DEBUG - % received keepalive pong
2023-04-17 16:55:23,640 - DEBUG - % sending keepalive ping
2023-04-17 16:55:23,641 - DEBUG - > PING 10 88 30 18 [binary, 4 bytes]
2023-04-17 16:55:23,649 - DEBUG - < PONG 10 88 30 18 [binary, 4 bytes]
2023-04-17 16:55:23,656 - DEBUG - % received keepalive pong
2023-04-17 16:55:26,318 - DEBUG - % sending keepalive ping
2023-04-17 16:55:26,318 - DEBUG - > PING 91 fe 8c 01 [binary, 4 bytes]
2023-04-17 16:55:26,326 - DEBUG - < PONG 91 fe 8c 01 [binary, 4 bytes]
2023-04-17 16:55:26,329 - DEBUG - % received keepalive pong
2023-04-17 16:55:34,306 - DEBUG - % sending keepalive ping
2023-04-17 16:55:34,306 - DEBUG - > PING 3e 53 21 81 [binary, 4 bytes]
2023-04-17 16:55:34,313 - DEBUG - < PONG 3e 53 21 81 [binary, 4 bytes]
2023-04-17 16:55:34,317 - DEBUG - % received keepalive pong
2023-04-17 16:55:42,353 - DEBUG - % sending keepalive ping
2023-04-17 16:55:42,353 - DEBUG - > PING ab e5 fe 1c [binary, 4 bytes]
2023-04-17 16:55:42,361 - DEBUG - < PONG ab e5 fe 1c [binary, 4 bytes]
2023-04-17 16:55:42,364 - DEBUG - % received keepalive pong
2023-04-17 16:55:43,646 - DEBUG - % sending keepalive ping
2023-04-17 16:55:43,646 - DEBUG - > PING 32 9a 9c 7d [binary, 4 bytes]
2023-04-17 16:55:43,655 - DEBUG - < PONG 32 9a 9c 7d [binary, 4 bytes]
2023-04-17 16:55:43,662 - DEBUG - % received keepalive pong
2023-04-17 16:55:46,310 - DEBUG - % sending keepalive ping
2023-04-17 16:55:46,311 - DEBUG - > PING ce 1f 23 02 [binary, 4 bytes]
2023-04-17 16:55:46,320 - DEBUG - < PONG ce 1f 23 02 [binary, 4 bytes]
2023-04-17 16:55:46,323 - DEBUG - % received keepalive pong
2023-04-17 16:55:54,314 - DEBUG - % sending keepalive ping
2023-04-17 16:55:54,314 - DEBUG - > PING 07 c6 55 d2 [binary, 4 bytes]
2023-04-17 16:55:54,322 - DEBUG - < PONG 07 c6 55 d2 [binary, 4 bytes]
2023-04-17 16:55:54,330 - DEBUG - % received keepalive pong
2023-04-17 16:56:02,344 - DEBUG - % sending keepalive ping
2023-04-17 16:56:02,345 - DEBUG - > PING a3 0a 65 63 [binary, 4 bytes]
2023-04-17 16:56:02,352 - DEBUG - < PONG a3 0a 65 63 [binary, 4 bytes]
2023-04-17 16:56:02,360 - DEBUG - % received keepalive pong
2023-04-17 16:56:03,644 - DEBUG - % sending keepalive ping
2023-04-17 16:56:03,645 - DEBUG - > PING c6 75 5e fc [binary, 4 bytes]
2023-04-17 16:56:03,653 - DEBUG - < PONG c6 75 5e fc [binary, 4 bytes]
2023-04-17 16:56:03,666 - DEBUG - % received keepalive pong
2023-04-17 16:56:06,311 - DEBUG - % sending keepalive ping
2023-04-17 16:56:06,312 - DEBUG - > PING 9b c8 75 47 [binary, 4 bytes]
2023-04-17 16:56:06,320 - DEBUG - < PONG 9b c8 75 47 [binary, 4 bytes]
2023-04-17 16:56:06,328 - DEBUG - % received keepalive pong
2023-04-17 16:56:14,315 - DEBUG - % sending keepalive ping
2023-04-17 16:56:14,315 - DEBUG - > PING c8 42 2f 26 [binary, 4 bytes]
2023-04-17 16:56:14,322 - DEBUG - < PONG c8 42 2f 26 [binary, 4 bytes]
2023-04-17 16:56:14,327 - DEBUG - % received keepalive pong
2023-04-17 16:56:22,350 - DEBUG - % sending keepalive ping
2023-04-17 16:56:22,351 - DEBUG - > PING 20 e2 ea 5b [binary, 4 bytes]
2023-04-17 16:56:22,357 - DEBUG - < PONG 20 e2 ea 5b [binary, 4 bytes]
2023-04-17 16:56:22,361 - DEBUG - % received keepalive pong
2023-04-17 16:56:23,673 - DEBUG - % sending keepalive ping
2023-04-17 16:56:23,673 - DEBUG - > PING f8 7c 89 14 [binary, 4 bytes]
2023-04-17 16:56:23,682 - DEBUG - < PONG f8 7c 89 14 [binary, 4 bytes]
2023-04-17 16:56:23,689 - DEBUG - % received keepalive pong
2023-04-17 16:56:26,314 - DEBUG - % sending keepalive ping
2023-04-17 16:56:26,315 - DEBUG - > PING 'rid1' [text, 4 bytes]
2023-04-17 16:56:26,323 - DEBUG - < PONG 'rid1' [text, 4 bytes]
2023-04-17 16:56:26,331 - DEBUG - % received keepalive pong
2023-04-17 16:56:34,311 - DEBUG - % sending keepalive ping
2023-04-17 16:56:34,311 - DEBUG - > PING db d7 77 e0 [binary, 4 bytes]
2023-04-17 16:56:34,318 - DEBUG - < PONG db d7 77 e0 [binary, 4 bytes]
2023-04-17 16:56:34,320 - DEBUG - % received keepalive pong
2023-04-17 16:56:42,345 - DEBUG - % sending keepalive ping
2023-04-17 16:56:42,345 - DEBUG - > PING d9 8c ae 57 [binary, 4 bytes]
2023-04-17 16:56:42,355 - DEBUG - < PONG d9 8c ae 57 [binary, 4 bytes]
2023-04-17 16:56:42,358 - DEBUG - % received keepalive pong
2023-04-17 16:56:43,694 - DEBUG - % sending keepalive ping
2023-04-17 16:56:43,694 - DEBUG - > PING 1a ca c7 26 [binary, 4 bytes]
2023-04-17 16:56:43,703 - DEBUG - < PONG 1a ca c7 26 [binary, 4 bytes]
2023-04-17 16:56:43,706 - DEBUG - % received keepalive pong
2023-04-17 16:56:46,341 - DEBUG - % sending keepalive ping
2023-04-17 16:56:46,342 - DEBUG - > PING dd 6d 5c 77 [binary, 4 bytes]
2023-04-17 16:56:46,353 - DEBUG - < PONG dd 6d 5c 77 [binary, 4 bytes]
2023-04-17 16:56:46,357 - DEBUG - % received keepalive pong
2023-04-17 16:56:54,318 - DEBUG - % sending keepalive ping
2023-04-17 16:56:54,318 - DEBUG - > PING 18 9c 50 04 [binary, 4 bytes]
2023-04-17 16:56:54,325 - DEBUG - < PONG 18 9c 50 04 [binary, 4 bytes]
2023-04-17 16:56:54,328 - DEBUG - % received keepalive pong
2023-04-17 16:57:02,350 - DEBUG - % sending keepalive ping
2023-04-17 16:57:02,350 - DEBUG - > PING 3e dd 66 4d [binary, 4 bytes]
2023-04-17 16:57:02,357 - DEBUG - < PONG 3e dd 66 4d [binary, 4 bytes]
2023-04-17 16:57:02,362 - DEBUG - % received keepalive pong
2023-04-17 16:57:03,692 - DEBUG - % sending keepalive ping
2023-04-17 16:57:03,692 - DEBUG - > PING '\\A\x08X' [text, 4 bytes]
2023-04-17 16:57:03,702 - DEBUG - < PONG '\\A\x08X' [text, 4 bytes]
2023-04-17 16:57:03,705 - DEBUG - % received keepalive pong
2023-04-17 16:57:06,356 - DEBUG - % sending keepalive ping
2023-04-17 16:57:06,357 - DEBUG - > PING e6 d3 02 70 [binary, 4 bytes]
2023-04-17 16:57:06,365 - DEBUG - < PONG e6 d3 02 70 [binary, 4 bytes]
2023-04-17 16:57:06,369 - DEBUG - % received keepalive pong
2023-04-17 16:57:14,323 - DEBUG - % sending keepalive ping
2023-04-17 16:57:14,323 - DEBUG - > PING 46 88 95 b8 [binary, 4 bytes]
2023-04-17 16:57:14,330 - DEBUG - < PONG 46 88 95 b8 [binary, 4 bytes]
2023-04-17 16:57:14,334 - DEBUG - % received keepalive pong
2023-04-17 16:57:22,354 - DEBUG - % sending keepalive ping
2023-04-17 16:57:22,354 - DEBUG - > PING 2f 08 e1 d5 [binary, 4 bytes]
2023-04-17 16:57:22,361 - DEBUG - < PONG 2f 08 e1 d5 [binary, 4 bytes]
2023-04-17 16:57:22,364 - DEBUG - % received keepalive pong
2023-04-17 16:57:23,698 - DEBUG - % sending keepalive ping
2023-04-17 16:57:23,698 - DEBUG - > PING 69 0a a8 27 [binary, 4 bytes]
2023-04-17 16:57:23,707 - DEBUG - < PONG 69 0a a8 27 [binary, 4 bytes]
2023-04-17 16:57:23,712 - DEBUG - % received keepalive pong
2023-04-17 16:57:26,348 - DEBUG - % sending keepalive ping
2023-04-17 16:57:26,349 - DEBUG - > PING 58 9e 06 0e [binary, 4 bytes]
2023-04-17 16:57:26,357 - DEBUG - < PONG 58 9e 06 0e [binary, 4 bytes]
2023-04-17 16:57:26,364 - DEBUG - % received keepalive pong
2023-04-17 16:57:34,315 - DEBUG - % sending keepalive ping
2023-04-17 16:57:34,316 - DEBUG - > PING 46 27 a7 12 [binary, 4 bytes]
2023-04-17 16:57:34,323 - DEBUG - < PONG 46 27 a7 12 [binary, 4 bytes]
2023-04-17 16:57:34,327 - DEBUG - % received keepalive pong
2023-04-17 16:57:42,355 - DEBUG - % sending keepalive ping
2023-04-17 16:57:42,356 - DEBUG - > PING '\x0c7\x04=' [text, 4 bytes]
2023-04-17 16:57:42,363 - DEBUG - < PONG '\x0c7\x04=' [text, 4 bytes]
2023-04-17 16:57:42,370 - DEBUG - % received keepalive pong
2023-04-17 16:57:43,686 - DEBUG - % sending keepalive ping
2023-04-17 16:57:43,686 - DEBUG - > PING 6c bc 21 d3 [binary, 4 bytes]
2023-04-17 16:57:43,695 - DEBUG - < PONG 6c bc 21 d3 [binary, 4 bytes]
2023-04-17 16:57:43,702 - DEBUG - % received keepalive pong
2023-04-17 16:57:46,354 - DEBUG - % sending keepalive ping
2023-04-17 16:57:46,355 - DEBUG - > PING 'N\u072db' [text, 4 bytes]
2023-04-17 16:57:46,725 - DEBUG - < PONG 'N\u072db' [text, 4 bytes]
2023-04-17 16:57:46,732 - DEBUG - % received keepalive pong
2023-04-17 16:57:54,320 - DEBUG - % sending keepalive ping
2023-04-17 16:57:54,320 - DEBUG - > PING 16 0d 95 6c [binary, 4 bytes]
2023-04-17 16:57:54,327 - DEBUG - < PONG 16 0d 95 6c [binary, 4 bytes]
2023-04-17 16:57:54,330 - DEBUG - % received keepalive pong
2023-04-17 16:58:02,348 - DEBUG - % sending keepalive ping
2023-04-17 16:58:02,348 - DEBUG - > PING b9 2e 3e e1 [binary, 4 bytes]
2023-04-17 16:58:02,355 - DEBUG - < PONG b9 2e 3e e1 [binary, 4 bytes]
2023-04-17 16:58:02,360 - DEBUG - % received keepalive pong
2023-04-17 16:58:03,688 - DEBUG - % sending keepalive ping
2023-04-17 16:58:03,689 - DEBUG - > PING 2e ff c5 cc [binary, 4 bytes]
2023-04-17 16:58:03,697 - DEBUG - < PONG 2e ff c5 cc [binary, 4 bytes]
2023-04-17 16:58:03,703 - DEBUG - % received keepalive pong
2023-04-17 16:58:06,730 - DEBUG - % sending keepalive ping
2023-04-17 16:58:06,730 - DEBUG - > PING 9c 46 6f 00 [binary, 4 bytes]
2023-04-17 16:58:06,739 - DEBUG - < PONG 9c 46 6f 00 [binary, 4 bytes]
2023-04-17 16:58:06,745 - DEBUG - % received keepalive pong
2023-04-17 16:58:14,315 - DEBUG - % sending keepalive ping
2023-04-17 16:58:14,316 - DEBUG - > PING 16 ea e9 fc [binary, 4 bytes]
2023-04-17 16:58:14,323 - DEBUG - < PONG 16 ea e9 fc [binary, 4 bytes]
2023-04-17 16:58:14,327 - DEBUG - % received keepalive pong
2023-04-17 16:58:22,345 - DEBUG - % sending keepalive ping
2023-04-17 16:58:22,345 - DEBUG - > PING c1 17 7b 1f [binary, 4 bytes]
2023-04-17 16:58:22,352 - DEBUG - < PONG c1 17 7b 1f [binary, 4 bytes]
2023-04-17 16:58:22,356 - DEBUG - % received keepalive pong
2023-04-17 16:58:23,692 - DEBUG - % sending keepalive ping
2023-04-17 16:58:23,692 - DEBUG - > PING 80 65 59 9d [binary, 4 bytes]
2023-04-17 16:58:23,701 - DEBUG - < PONG 80 65 59 9d [binary, 4 bytes]
2023-04-17 16:58:23,703 - DEBUG - % received keepalive pong
2023-04-17 16:58:26,746 - DEBUG - % sending keepalive ping
2023-04-17 16:58:26,746 - DEBUG - > PING 7e 61 c1 7c [binary, 4 bytes]
2023-04-17 16:58:26,755 - DEBUG - < PONG 7e 61 c1 7c [binary, 4 bytes]
2023-04-17 16:58:26,758 - DEBUG - % received keepalive pong
2023-04-17 16:58:34,323 - DEBUG - % sending keepalive ping
2023-04-17 16:58:34,323 - DEBUG - > PING e5 30 73 68 [binary, 4 bytes]
2023-04-17 16:58:34,329 - DEBUG - < PONG e5 30 73 68 [binary, 4 bytes]
2023-04-17 16:58:34,333 - DEBUG - % received keepalive pong
2023-04-17 16:58:42,348 - DEBUG - % sending keepalive ping
2023-04-17 16:58:42,348 - DEBUG - > PING f4 fd 28 7e [binary, 4 bytes]
2023-04-17 16:58:42,355 - DEBUG - < PONG f4 fd 28 7e [binary, 4 bytes]
2023-04-17 16:58:42,358 - DEBUG - % received keepalive pong
2023-04-17 16:58:43,692 - DEBUG - % sending keepalive ping
2023-04-17 16:58:43,692 - DEBUG - > PING 40 3b c7 0f [binary, 4 bytes]
2023-04-17 16:58:43,702 - DEBUG - < PONG 40 3b c7 0f [binary, 4 bytes]
2023-04-17 16:58:43,710 - DEBUG - % received keepalive pong
2023-04-17 16:58:46,759 - DEBUG - % sending keepalive ping
2023-04-17 16:58:46,759 - DEBUG - > PING 27 42 c2 40 [binary, 4 bytes]
2023-04-17 16:58:46,768 - DEBUG - < PONG 27 42 c2 40 [binary, 4 bytes]
2023-04-17 16:58:46,773 - DEBUG - % received keepalive pong
2023-04-17 16:58:54,310 - DEBUG - % sending keepalive ping
2023-04-17 16:58:54,310 - DEBUG - > PING 8d 13 82 4e [binary, 4 bytes]
2023-04-17 16:58:54,316 - DEBUG - < PONG 8d 13 82 4e [binary, 4 bytes]
2023-04-17 16:58:54,320 - DEBUG - % received keepalive pong
2023-04-17 16:59:02,352 - DEBUG - % sending keepalive ping
2023-04-17 16:59:02,352 - DEBUG - > PING a8 75 36 2d [binary, 4 bytes]
2023-04-17 16:59:02,441 - DEBUG - < PONG a8 75 36 2d [binary, 4 bytes]
2023-04-17 16:59:02,448 - DEBUG - % received keepalive pong
2023-04-17 16:59:03,694 - DEBUG - % sending keepalive ping
2023-04-17 16:59:03,694 - DEBUG - > PING 10 48 a6 05 [binary, 4 bytes]
2023-04-17 16:59:03,703 - DEBUG - < PONG 10 48 a6 05 [binary, 4 bytes]
2023-04-17 16:59:03,709 - DEBUG - % received keepalive pong
2023-04-17 16:59:06,775 - DEBUG - % sending keepalive ping
2023-04-17 16:59:06,775 - DEBUG - > PING 32 60 89 39 [binary, 4 bytes]
2023-04-17 16:59:06,784 - DEBUG - < PONG 32 60 89 39 [binary, 4 bytes]
2023-04-17 16:59:06,791 - DEBUG - % received keepalive pong
2023-04-17 16:59:14,310 - DEBUG - % sending keepalive ping
2023-04-17 16:59:14,310 - DEBUG - > PING 43 53 81 77 [binary, 4 bytes]
2023-04-17 16:59:14,630 - DEBUG - < PONG 43 53 81 77 [binary, 4 bytes]
2023-04-17 16:59:14,635 - DEBUG - % received keepalive pong
2023-04-17 16:59:22,440 - DEBUG - % sending keepalive ping
2023-04-17 16:59:22,441 - DEBUG - > PING ee b5 2d 18 [binary, 4 bytes]
2023-04-17 16:59:22,450 - DEBUG - < PONG ee b5 2d 18 [binary, 4 bytes]
2023-04-17 16:59:22,459 - DEBUG - % received keepalive pong
2023-04-17 16:59:23,692 - DEBUG - % sending keepalive ping
2023-04-17 16:59:23,692 - DEBUG - > PING dd 77 c0 41 [binary, 4 bytes]
2023-04-17 16:59:23,701 - DEBUG - < PONG dd 77 c0 41 [binary, 4 bytes]
2023-04-17 16:59:23,708 - DEBUG - % received keepalive pong
2023-04-17 16:59:26,770 - DEBUG - % sending keepalive ping
2023-04-17 16:59:26,770 - DEBUG - > PING 78 f1 bb 2b [binary, 4 bytes]
2023-04-17 16:59:26,780 - DEBUG - < PONG 78 f1 bb 2b [binary, 4 bytes]
2023-04-17 16:59:26,788 - DEBUG - % received keepalive pong
2023-04-17 16:59:34,621 - DEBUG - % sending keepalive ping
2023-04-17 16:59:34,621 - DEBUG - > PING a0 a3 8a 3b [binary, 4 bytes]
2023-04-17 16:59:34,631 - DEBUG - < PONG a0 a3 8a 3b [binary, 4 bytes]
2023-04-17 16:59:34,634 - DEBUG - % received keepalive pong
2023-04-17 16:59:42,443 - DEBUG - % sending keepalive ping
2023-04-17 16:59:42,443 - DEBUG - > PING 45 04 44 c6 [binary, 4 bytes]
2023-04-17 16:59:42,450 - DEBUG - < PONG 45 04 44 c6 [binary, 4 bytes]
2023-04-17 16:59:42,453 - DEBUG - % received keepalive pong
2023-04-17 16:59:43,698 - DEBUG - % sending keepalive ping
2023-04-17 16:59:43,698 - DEBUG - > PING b8 9d a8 84 [binary, 4 bytes]
2023-04-17 16:59:43,708 - DEBUG - < PONG b8 9d a8 84 [binary, 4 bytes]
2023-04-17 16:59:43,735 - DEBUG - % received keepalive pong
2023-04-17 16:59:46,773 - DEBUG - % sending keepalive ping
2023-04-17 16:59:46,773 - DEBUG - > PING 44 93 49 fd [binary, 4 bytes]
2023-04-17 16:59:46,781 - DEBUG - < PONG 44 93 49 fd [binary, 4 bytes]
2023-04-17 16:59:46,789 - DEBUG - % received keepalive pong
2023-04-17 16:59:54,633 - DEBUG - % sending keepalive ping
2023-04-17 16:59:54,634 - DEBUG - > PING '\x1c;!,' [text, 4 bytes]
2023-04-17 16:59:54,640 - DEBUG - < PONG '\x1c;!,' [text, 4 bytes]
2023-04-17 16:59:54,642 - DEBUG - % received keepalive pong
2023-04-17 17:00:02,443 - DEBUG - % sending keepalive ping
2023-04-17 17:00:02,443 - DEBUG - > PING 08 5c 9b 05 [binary, 4 bytes]
2023-04-17 17:00:02,450 - DEBUG - < PONG 08 5c 9b 05 [binary, 4 bytes]
2023-04-17 17:00:02,455 - DEBUG - % received keepalive pong
2023-04-17 17:00:03,726 - DEBUG - % sending keepalive ping
2023-04-17 17:00:03,727 - DEBUG - > PING '\u0505GS' [text, 4 bytes]
2023-04-17 17:00:03,739 - DEBUG - < PONG '\u0505GS' [text, 4 bytes]
2023-04-17 17:00:03,748 - DEBUG - % received keepalive pong
2023-04-17 17:00:06,770 - DEBUG - % sending keepalive ping
2023-04-17 17:00:06,770 - DEBUG - > PING f2 f3 99 ca [binary, 4 bytes]
2023-04-17 17:00:06,778 - DEBUG - < PONG f2 f3 99 ca [binary, 4 bytes]
2023-04-17 17:00:06,782 - DEBUG - % received keepalive pong
2023-04-17 17:00:14,639 - DEBUG - % sending keepalive ping
2023-04-17 17:00:14,639 - DEBUG - > PING 54 6d b6 54 [binary, 4 bytes]
2023-04-17 17:00:14,646 - DEBUG - < PONG 54 6d b6 54 [binary, 4 bytes]
2023-04-17 17:00:14,649 - DEBUG - % received keepalive pong
2023-04-17 17:00:22,459 - DEBUG - % sending keepalive ping
2023-04-17 17:00:22,459 - DEBUG - > PING 89 19 72 17 [binary, 4 bytes]
2023-04-17 17:00:22,469 - DEBUG - < PONG 89 19 72 17 [binary, 4 bytes]
2023-04-17 17:00:22,474 - DEBUG - % received keepalive pong
2023-04-17 17:00:23,752 - DEBUG - % sending keepalive ping
2023-04-17 17:00:23,753 - DEBUG - > PING 36 c7 bc a6 [binary, 4 bytes]
2023-04-17 17:00:23,761 - DEBUG - < PONG 36 c7 bc a6 [binary, 4 bytes]
2023-04-17 17:00:23,769 - DEBUG - % received keepalive pong
2023-04-17 17:00:26,776 - DEBUG - % sending keepalive ping
2023-04-17 17:00:26,777 - DEBUG - > PING b5 e8 ec b7 [binary, 4 bytes]
2023-04-17 17:00:26,785 - DEBUG - < PONG b5 e8 ec b7 [binary, 4 bytes]
2023-04-17 17:00:26,789 - DEBUG - % received keepalive pong
2023-04-17 17:00:34,650 - DEBUG - % sending keepalive ping
2023-04-17 17:00:34,650 - DEBUG - > PING 1f 63 f3 0c [binary, 4 bytes]
2023-04-17 17:00:34,661 - DEBUG - < PONG 1f 63 f3 0c [binary, 4 bytes]
2023-04-17 17:00:34,672 - DEBUG - % received keepalive pong
2023-04-17 17:00:42,472 - DEBUG - % sending keepalive ping
2023-04-17 17:00:42,472 - DEBUG - > PING 0e f2 4b 77 [binary, 4 bytes]
2023-04-17 17:00:42,479 - DEBUG - < PONG 0e f2 4b 77 [binary, 4 bytes]
2023-04-17 17:00:42,488 - DEBUG - % received keepalive pong
2023-04-17 17:00:43,766 - DEBUG - % sending keepalive ping
2023-04-17 17:00:43,766 - DEBUG - > PING '|\x13?g' [text, 4 bytes]
2023-04-17 17:00:43,774 - DEBUG - < PONG '|\x13?g' [text, 4 bytes]
2023-04-17 17:00:43,781 - DEBUG - % received keepalive pong
2023-04-17 17:00:46,769 - DEBUG - % sending keepalive ping
2023-04-17 17:00:46,769 - DEBUG - > PING 10 66 45 86 [binary, 4 bytes]
2023-04-17 17:00:46,780 - DEBUG - < PONG 10 66 45 86 [binary, 4 bytes]
2023-04-17 17:00:46,787 - DEBUG - % received keepalive pong
2023-04-17 17:00:48,017 - DEBUG - = connection is CONNECTING
2023-04-17 17:00:48,059 - DEBUG - > GET /ocpp16/ELA007C05/EVSCA050001 HTTP/1.1
2023-04-17 17:00:48,059 - DEBUG - > Host: ws.devevspcharger.uplus.co.kr
2023-04-17 17:00:48,060 - DEBUG - > Upgrade: websocket
2023-04-17 17:00:48,060 - DEBUG - > Connection: Upgrade
2023-04-17 17:00:48,060 - DEBUG - > Sec-WebSocket-Key: zQ4NsV/hvXzcFelor8ym5A==
2023-04-17 17:00:48,060 - DEBUG - > Sec-WebSocket-Version: 13
2023-04-17 17:00:48,060 - DEBUG - > Sec-WebSocket-Extensions: permessage-deflate; client_max_window_bits
2023-04-17 17:00:48,060 - DEBUG - > Sec-WebSocket-Protocol: ocpp1.6
2023-04-17 17:00:48,061 - DEBUG - > Authorization: Basic RVZBUjpFVkFSTEdV
2023-04-17 17:00:48,061 - DEBUG - > User-Agent: Python/3.11 websockets/10.4
2023-04-17 17:00:49,339 - DEBUG - < HTTP/1.1 101 Switching Protocols
2023-04-17 17:00:49,339 - DEBUG - < Connection: upgrade
2023-04-17 17:00:49,339 - DEBUG - < Date: Mon, 17 Apr 2023 08:00:38 GMT
2023-04-17 17:00:49,339 - DEBUG - < sec-websocket-protocol: ocpp1.6
2023-04-17 17:00:49,339 - DEBUG - < upgrade: websocket
2023-04-17 17:00:49,339 - DEBUG - < sec-websocket-accept: 8C4uGnkV+RrI66tiNvtTJqUOwLY=
2023-04-17 17:00:49,340 - DEBUG - < sec-websocket-extensions: permessage-deflate
2023-04-17 17:00:49,340 - DEBUG - < X-Cache: Miss from cloudfront
2023-04-17 17:00:49,340 - DEBUG - < Via: 1.1 552df32c91dfdb5fe974f3002e2d7f26.cloudfront.net (CloudFront)
2023-04-17 17:00:49,340 - DEBUG - < X-Amz-Cf-Pop: ICN54-C1
2023-04-17 17:00:49,340 - DEBUG - < X-Amz-Cf-Id: Tvr6fRkEIu8YvuuUe10kL8fiOrrNsFk7Bx1p-AeCKmFqVQwVXz4O4A==
2023-04-17 17:00:49,340 - DEBUG - = connection is OPEN
2023-04-17 17:00:49,380 - DEBUG - > TEXT '[2, "2c2f88d8-14ae-4807-826b-6859a9725386", "Bo...ePointVendor": "EVAR"}]' [127 bytes]
2023-04-17 17:00:49,815 - DEBUG - < TEXT '[3, "2c2f88d8-14ae-4807-826b-6859a9725386", {"s...38Z", "interval": 600}]' [123 bytes]
2023-04-17 17:00:54,672 - DEBUG - % sending keepalive ping
2023-04-17 17:00:54,672 - DEBUG - > PING 3b e3 7f f6 [binary, 4 bytes]
2023-04-17 17:00:54,682 - DEBUG - < PONG 3b e3 7f f6 [binary, 4 bytes]
2023-04-17 17:00:54,688 - DEBUG - % received keepalive pong
2023-04-17 17:01:02,466 - DEBUG - % sending keepalive ping
2023-04-17 17:01:02,467 - DEBUG - > PING 90 98 56 4b [binary, 4 bytes]
2023-04-17 17:01:02,473 - DEBUG - < PONG 90 98 56 4b [binary, 4 bytes]
2023-04-17 17:01:02,477 - DEBUG - % received keepalive pong
2023-04-17 17:01:03,774 - DEBUG - % sending keepalive ping
2023-04-17 17:01:03,775 - DEBUG - > PING '\u3967G' [text, 4 bytes]
2023-04-17 17:01:03,797 - DEBUG - < PONG '\u3967G' [text, 4 bytes]
2023-04-17 17:01:03,800 - DEBUG - % received keepalive pong
2023-04-17 17:01:06,776 - DEBUG - % sending keepalive ping
2023-04-17 17:01:06,776 - DEBUG - > PING a2 a5 35 e2 [binary, 4 bytes]
2023-04-17 17:01:06,785 - DEBUG - < PONG a2 a5 35 e2 [binary, 4 bytes]
2023-04-17 17:01:06,790 - DEBUG - % received keepalive pong
2023-04-17 17:01:09,354 - DEBUG - % sending keepalive ping
2023-04-17 17:01:09,354 - DEBUG - > PING 5a d1 03 55 [binary, 4 bytes]
2023-04-17 17:01:09,364 - DEBUG - < PONG 5a d1 03 55 [binary, 4 bytes]
2023-04-17 17:01:09,371 - DEBUG - % received keepalive pong
2023-04-17 17:01:14,688 - DEBUG - % sending keepalive ping
2023-04-17 17:01:14,688 - DEBUG - > PING b3 da 81 c6 [binary, 4 bytes]
2023-04-17 17:01:14,694 - DEBUG - < PONG b3 da 81 c6 [binary, 4 bytes]
2023-04-17 17:01:14,699 - DEBUG - % received keepalive pong
2023-04-17 17:01:22,478 - DEBUG - % sending keepalive ping
2023-04-17 17:01:22,478 - DEBUG - > PING 5f b8 f6 a3 [binary, 4 bytes]
2023-04-17 17:01:22,485 - DEBUG - < PONG 5f b8 f6 a3 [binary, 4 bytes]
2023-04-17 17:01:22,487 - DEBUG - % received keepalive pong
2023-04-17 17:01:23,796 - DEBUG - % sending keepalive ping
2023-04-17 17:01:23,797 - DEBUG - > PING 21 bc dd 55 [binary, 4 bytes]
2023-04-17 17:01:23,816 - DEBUG - < PONG 21 bc dd 55 [binary, 4 bytes]
2023-04-17 17:01:23,830 - DEBUG - % received keepalive pong
2023-04-17 17:01:26,764 - DEBUG - % sending keepalive ping
2023-04-17 17:01:26,765 - DEBUG - > PING 4d 9c e8 4e [binary, 4 bytes]
2023-04-17 17:01:26,774 - DEBUG - < PONG 4d 9c e8 4e [binary, 4 bytes]
2023-04-17 17:01:26,776 - DEBUG - % received keepalive pong
2023-04-17 17:01:29,379 - DEBUG - % sending keepalive ping
2023-04-17 17:01:29,379 - DEBUG - > PING 3c c6 14 f4 [binary, 4 bytes]
2023-04-17 17:01:29,387 - DEBUG - < PONG 3c c6 14 f4 [binary, 4 bytes]
2023-04-17 17:01:29,389 - DEBUG - % received keepalive pong
2023-04-17 17:01:34,693 - DEBUG - % sending keepalive ping
2023-04-17 17:01:34,693 - DEBUG - > PING 55 ba 3a 72 [binary, 4 bytes]
2023-04-17 17:01:34,700 - DEBUG - < PONG 55 ba 3a 72 [binary, 4 bytes]
2023-04-17 17:01:34,703 - DEBUG - % received keepalive pong
2023-04-17 17:01:42,469 - DEBUG - % sending keepalive ping
2023-04-17 17:01:42,469 - DEBUG - > PING 78 a0 d4 42 [binary, 4 bytes]
2023-04-17 17:01:42,477 - DEBUG - < PONG 78 a0 d4 42 [binary, 4 bytes]
2023-04-17 17:01:42,480 - DEBUG - % received keepalive pong
2023-04-17 17:01:43,815 - DEBUG - % sending keepalive ping
2023-04-17 17:01:43,816 - DEBUG - > PING 57 0c d8 c2 [binary, 4 bytes]
2023-04-17 17:01:43,824 - DEBUG - < PONG 57 0c d8 c2 [binary, 4 bytes]
2023-04-17 17:01:43,827 - DEBUG - % received keepalive pong
2023-04-17 17:01:46,769 - DEBUG - % sending keepalive ping
2023-04-17 17:01:46,769 - DEBUG - > PING 2b e1 3d 5f [binary, 4 bytes]
2023-04-17 17:01:46,777 - DEBUG - < PONG 2b e1 3d 5f [binary, 4 bytes]
2023-04-17 17:01:46,779 - DEBUG - % received keepalive pong
2023-04-17 17:01:49,402 - DEBUG - % sending keepalive ping
2023-04-17 17:01:49,402 - DEBUG - > PING 45 b3 20 0f [binary, 4 bytes]
2023-04-17 17:01:49,410 - DEBUG - < PONG 45 b3 20 0f [binary, 4 bytes]
2023-04-17 17:01:49,419 - DEBUG - % received keepalive pong
2023-04-17 17:01:54,696 - DEBUG - % sending keepalive ping
2023-04-17 17:01:54,696 - DEBUG - > PING 39 f2 77 7f [binary, 4 bytes]
2023-04-17 17:01:54,703 - DEBUG - < PONG 39 f2 77 7f [binary, 4 bytes]
2023-04-17 17:01:54,706 - DEBUG - % received keepalive pong
2023-04-17 17:02:02,482 - DEBUG - % sending keepalive ping
2023-04-17 17:02:02,482 - DEBUG - > PING 56 d8 5d f9 [binary, 4 bytes]
2023-04-17 17:02:02,489 - DEBUG - < PONG 56 d8 5d f9 [binary, 4 bytes]
2023-04-17 17:02:02,491 - DEBUG - % received keepalive pong
2023-04-17 17:02:03,814 - DEBUG - % sending keepalive ping
2023-04-17 17:02:03,815 - DEBUG - > PING 43 f1 04 fb [binary, 4 bytes]
2023-04-17 17:02:03,823 - DEBUG - < PONG 43 f1 04 fb [binary, 4 bytes]
2023-04-17 17:02:03,830 - DEBUG - % received keepalive pong
2023-04-17 17:02:06,774 - DEBUG - % sending keepalive ping
2023-04-17 17:02:06,774 - DEBUG - > PING '6/\t`' [text, 4 bytes]
2023-04-17 17:02:06,783 - DEBUG - < PONG '6/\t`' [text, 4 bytes]
2023-04-17 17:02:06,786 - DEBUG - % received keepalive pong
2023-04-17 17:02:09,426 - DEBUG - % sending keepalive ping
2023-04-17 17:02:09,427 - DEBUG - > PING 'X\u0532N' [text, 4 bytes]
2023-04-17 17:02:09,877 - DEBUG - < PONG 'X\u0532N' [text, 4 bytes]
2023-04-17 17:02:09,882 - DEBUG - % received keepalive pong
2023-04-17 17:02:14,689 - DEBUG - % sending keepalive ping
2023-04-17 17:02:14,689 - DEBUG - > PING 29 26 17 fe [binary, 4 bytes]
2023-04-17 17:02:14,696 - DEBUG - < PONG 29 26 17 fe [binary, 4 bytes]
2023-04-17 17:02:14,698 - DEBUG - % received keepalive pong
2023-04-17 17:02:22,469 - DEBUG - % sending keepalive ping
2023-04-17 17:02:22,469 - DEBUG - > PING 69 16 c9 38 [binary, 4 bytes]
2023-04-17 17:02:22,476 - DEBUG - < PONG 69 16 c9 38 [binary, 4 bytes]
2023-04-17 17:02:22,479 - DEBUG - % received keepalive pong
2023-04-17 17:02:23,824 - DEBUG - % sending keepalive ping
2023-04-17 17:02:23,825 - DEBUG - > PING 'M\x15\x7f\x1c' [text, 4 bytes]
2023-04-17 17:02:23,833 - DEBUG - < PONG 'M\x15\x7f\x1c' [text, 4 bytes]
2023-04-17 17:02:23,835 - DEBUG - % received keepalive pong
2023-04-17 17:02:26,770 - DEBUG - % sending keepalive ping
2023-04-17 17:02:26,770 - DEBUG - > PING 19 25 3c a7 [binary, 4 bytes]
2023-04-17 17:02:26,779 - DEBUG - < PONG 19 25 3c a7 [binary, 4 bytes]
2023-04-17 17:02:26,782 - DEBUG - % received keepalive pong
2023-04-17 17:02:29,881 - DEBUG - % sending keepalive ping
2023-04-17 17:02:29,881 - DEBUG - > PING ea 21 30 f2 [binary, 4 bytes]
2023-04-17 17:02:29,890 - DEBUG - < PONG ea 21 30 f2 [binary, 4 bytes]
2023-04-17 17:02:29,894 - DEBUG - % received keepalive pong
2023-04-17 17:02:34,691 - DEBUG - % sending keepalive ping
2023-04-17 17:02:34,691 - DEBUG - > PING 9b 76 5f 37 [binary, 4 bytes]
2023-04-17 17:02:34,697 - DEBUG - < PONG 9b 76 5f 37 [binary, 4 bytes]
2023-04-17 17:02:34,703 - DEBUG - % received keepalive pong
2023-04-17 17:02:42,475 - DEBUG - % sending keepalive ping
2023-04-17 17:02:42,476 - DEBUG - > PING 'T\ti1' [text, 4 bytes]
2023-04-17 17:02:42,485 - DEBUG - < PONG 'T\ti1' [text, 4 bytes]
2023-04-17 17:02:42,491 - DEBUG - % received keepalive pong
2023-04-17 17:02:43,819 - DEBUG - % sending keepalive ping
2023-04-17 17:02:43,819 - DEBUG - > PING 60 46 d7 00 [binary, 4 bytes]
2023-04-17 17:02:43,828 - DEBUG - < PONG 60 46 d7 00 [binary, 4 bytes]
2023-04-17 17:02:43,833 - DEBUG - % received keepalive pong
2023-04-17 17:02:46,775 - DEBUG - % sending keepalive ping
2023-04-17 17:02:46,775 - DEBUG - > PING 30 e9 19 f3 [binary, 4 bytes]
2023-04-17 17:02:46,784 - DEBUG - < PONG 30 e9 19 f3 [binary, 4 bytes]
2023-04-17 17:02:46,789 - DEBUG - % received keepalive pong
2023-04-17 17:02:49,897 - DEBUG - % sending keepalive ping
2023-04-17 17:02:49,897 - DEBUG - > PING 78 71 a4 89 [binary, 4 bytes]
2023-04-17 17:02:49,929 - DEBUG - < PONG 78 71 a4 89 [binary, 4 bytes]
2023-04-17 17:02:49,939 - DEBUG - % received keepalive pong
2023-04-17 17:02:54,689 - DEBUG - % sending keepalive ping
2023-04-17 17:02:54,689 - DEBUG - > PING b6 d1 73 a0 [binary, 4 bytes]
2023-04-17 17:02:54,698 - DEBUG - < PONG b6 d1 73 a0 [binary, 4 bytes]
2023-04-17 17:02:54,715 - DEBUG - % received keepalive pong
2023-04-17 17:03:02,476 - DEBUG - % sending keepalive ping
2023-04-17 17:03:02,476 - DEBUG - > PING bf 0a ec 80 [binary, 4 bytes]
2023-04-17 17:03:02,484 - DEBUG - < PONG bf 0a ec 80 [binary, 4 bytes]
2023-04-17 17:03:02,491 - DEBUG - % received keepalive pong
2023-04-17 17:03:03,824 - DEBUG - % sending keepalive ping
2023-04-17 17:03:03,825 - DEBUG - > PING 55 ed a0 a8 [binary, 4 bytes]
2023-04-17 17:03:03,837 - DEBUG - < PONG 55 ed a0 a8 [binary, 4 bytes]
2023-04-17 17:03:03,844 - DEBUG - % received keepalive pong
2023-04-17 17:03:06,767 - DEBUG - % sending keepalive ping
2023-04-17 17:03:06,768 - DEBUG - > PING a5 cc 3f 24 [binary, 4 bytes]
2023-04-17 17:03:06,776 - DEBUG - < PONG a5 cc 3f 24 [binary, 4 bytes]
2023-04-17 17:03:06,780 - DEBUG - % received keepalive pong
2023-04-17 17:03:08,435 - DEBUG - = connection is CONNECTING
2023-04-17 17:03:08,467 - DEBUG - > GET /ocpp16/ELA007C05/EVSCA050001 HTTP/1.1
2023-04-17 17:03:08,468 - DEBUG - > Host: ws.devevspcharger.uplus.co.kr
2023-04-17 17:03:08,468 - DEBUG - > Upgrade: websocket
2023-04-17 17:03:08,468 - DEBUG - > Connection: Upgrade
2023-04-17 17:03:08,468 - DEBUG - > Sec-WebSocket-Key: MfqDeM7ZIRedddIL8SVLLw==
2023-04-17 17:03:08,468 - DEBUG - > Sec-WebSocket-Version: 13
2023-04-17 17:03:08,468 - DEBUG - > Sec-WebSocket-Extensions: permessage-deflate; client_max_window_bits
2023-04-17 17:03:08,469 - DEBUG - > Sec-WebSocket-Protocol: ocpp1.6
2023-04-17 17:03:08,469 - DEBUG - > Authorization: Basic RVZBUjpFVkFSTEdV
2023-04-17 17:03:08,469 - DEBUG - > User-Agent: Python/3.11 websockets/10.4
2023-04-17 17:03:09,007 - DEBUG - < HTTP/1.1 101 Switching Protocols
2023-04-17 17:03:09,007 - DEBUG - < Connection: upgrade
2023-04-17 17:03:09,008 - DEBUG - < Date: Mon, 17 Apr 2023 08:02:57 GMT
2023-04-17 17:03:09,008 - DEBUG - < sec-websocket-protocol: ocpp1.6
2023-04-17 17:03:09,008 - DEBUG - < upgrade: websocket
2023-04-17 17:03:09,008 - DEBUG - < sec-websocket-accept: 32Ssm1Ol5T1X6tGVFfgbOzotKMs=
2023-04-17 17:03:09,008 - DEBUG - < sec-websocket-extensions: permessage-deflate
2023-04-17 17:03:09,008 - DEBUG - < X-Cache: Miss from cloudfront
2023-04-17 17:03:09,008 - DEBUG - < Via: 1.1 b44d57444172ed6851af596d1e886884.cloudfront.net (CloudFront)
2023-04-17 17:03:09,008 - DEBUG - < X-Amz-Cf-Pop: ICN54-C1
2023-04-17 17:03:09,008 - DEBUG - < X-Amz-Cf-Id: ogQ0unGQYhKkruW74WDPhbVCYpr92KuyHMb-42tULpCOj4bxuWkYGg==
2023-04-17 17:03:09,008 - DEBUG - = connection is OPEN
2023-04-17 17:03:09,040 - DEBUG - > TEXT '[2, "baf7c413-b3d2-41eb-a94a-76e3fb0765c3", "Bo...ePointVendor": "EVAR"}]' [127 bytes]
2023-04-17 17:03:09,294 - DEBUG - < TEXT '[3, "baf7c413-b3d2-41eb-a94a-76e3fb0765c3", {"s...57Z", "interval": 720}]' [122 bytes]
2023-04-17 17:03:09,945 - DEBUG - % sending keepalive ping
2023-04-17 17:03:09,945 - DEBUG - > PING ad 80 71 fb [binary, 4 bytes]
2023-04-17 17:03:09,957 - DEBUG - < PONG ad 80 71 fb [binary, 4 bytes]
2023-04-17 17:03:09,962 - DEBUG - % received keepalive pong
2023-04-17 17:03:14,722 - DEBUG - % sending keepalive ping
2023-04-17 17:03:14,722 - DEBUG - > PING 63 e7 f8 c2 [binary, 4 bytes]
2023-04-17 17:03:14,729 - DEBUG - < PONG 63 e7 f8 c2 [binary, 4 bytes]
2023-04-17 17:03:14,733 - DEBUG - % received keepalive pong
2023-04-17 17:03:22,467 - DEBUG - % sending keepalive ping
2023-04-17 17:03:22,468 - DEBUG - > PING ff 33 fe 7f [binary, 4 bytes]
2023-04-17 17:03:22,474 - DEBUG - < PONG ff 33 fe 7f [binary, 4 bytes]
2023-04-17 17:03:22,477 - DEBUG - % received keepalive pong
2023-04-17 17:03:23,852 - DEBUG - % sending keepalive ping
2023-04-17 17:03:23,852 - DEBUG - > PING 7b 75 84 26 [binary, 4 bytes]
2023-04-17 17:03:23,862 - DEBUG - < PONG 7b 75 84 26 [binary, 4 bytes]
2023-04-17 17:03:23,869 - DEBUG - % received keepalive pong
2023-04-17 17:03:26,778 - DEBUG - % sending keepalive ping
2023-04-17 17:03:26,779 - DEBUG - > PING ':\x1c\x10H' [text, 4 bytes]
2023-04-17 17:03:26,787 - DEBUG - < PONG ':\x1c\x10H' [text, 4 bytes]
2023-04-17 17:03:26,790 - DEBUG - % received keepalive pong
2023-04-17 17:03:29,026 - DEBUG - % sending keepalive ping
2023-04-17 17:03:29,026 - DEBUG - > PING 03 68 e7 00 [binary, 4 bytes]
2023-04-17 17:03:29,034 - DEBUG - < PONG 03 68 e7 00 [binary, 4 bytes]
2023-04-17 17:03:29,037 - DEBUG - % received keepalive pong
2023-04-17 17:03:29,941 - DEBUG - % sending keepalive ping
2023-04-17 17:03:29,941 - DEBUG - > PING 52 cc 29 50 [binary, 4 bytes]
2023-04-17 17:03:29,950 - DEBUG - < PONG 52 cc 29 50 [binary, 4 bytes]
2023-04-17 17:03:29,953 - DEBUG - % received keepalive pong
2023-04-17 17:03:34,723 - DEBUG - % sending keepalive ping
2023-04-17 17:03:34,723 - DEBUG - > PING fa c8 d2 06 [binary, 4 bytes]
2023-04-17 17:03:34,729 - DEBUG - < PONG fa c8 d2 06 [binary, 4 bytes]
2023-04-17 17:03:34,732 - DEBUG - % received keepalive pong
2023-04-17 17:03:36,023 - DEBUG - Starting new HTTPS connection (1): rgw.devevspcharger.uplus.co.kr:443
2023-04-17 17:03:37,445 - DEBUG - https://rgw.devevspcharger.uplus.co.kr:443 "POST /ioc HTTP/1.1" 200 123
2023-04-17 17:03:37,451 - DEBUG - < TEXT '[2, "03bf89cd-77fe-49bc-a55f-3b012b862ba7", "Ge...ration", {"key": [""]}]' [78 bytes]
2023-04-17 17:03:37,455 - DEBUG - > TEXT '[3, "03bf89cd-77fe-49bc-a55f-3b012b862ba7", {"c...ts", "value": "true"}}]' [120 bytes]
2023-04-17 17:03:37,595 - DEBUG - < TEXT '' [0 bytes]
2023-04-17 17:03:42,468 - DEBUG - % sending keepalive ping
2023-04-17 17:03:42,468 - DEBUG - > PING c0 e5 54 9a [binary, 4 bytes]
2023-04-17 17:03:42,475 - DEBUG - < PONG c0 e5 54 9a [binary, 4 bytes]
2023-04-17 17:03:42,478 - DEBUG - % received keepalive pong
2023-04-17 17:03:43,850 - DEBUG - % sending keepalive ping
2023-04-17 17:03:43,850 - DEBUG - > PING 07 5d df 73 [binary, 4 bytes]
2023-04-17 17:03:43,858 - DEBUG - < PONG 07 5d df 73 [binary, 4 bytes]
2023-04-17 17:03:43,861 - DEBUG - % received keepalive pong
2023-04-17 17:03:45,103 - DEBUG - Starting new HTTPS connection (1): rgw.devevspcharger.uplus.co.kr:443
2023-04-17 17:03:45,527 - DEBUG - https://rgw.devevspcharger.uplus.co.kr:443 "POST /ioc HTTP/1.1" 200 164
2023-04-17 17:03:45,539 - DEBUG - < TEXT '[2, "ff47ad06-b830-4cf2-9280-fdba95f65c0b", "Ch...rval", "value": "300"}]' [119 bytes]
2023-04-17 17:03:45,543 - DEBUG - > TEXT '[3, "ff47ad06-b830-4cf2-9280-fdba95f65c0b", {"status": "Accepted"}]' [67 bytes]
2023-04-17 17:03:45,722 - DEBUG - < TEXT '' [0 bytes]
2023-04-17 17:03:45,747 - DEBUG - > TEXT '[2, "baf7c413-b3d2-41eb-a94a-76e3fb0765c3", "Bo...ePointVendor": "EVAR"}]' [127 bytes]
2023-04-17 17:03:46,055 - DEBUG - < TEXT '[3, "baf7c413-b3d2-41eb-a94a-76e3fb0765c3", {"s...34Z", "interval": 600}]' [123 bytes]
2023-04-17 17:03:46,093 - DEBUG - > TEXT '[2, "baf7c413-b3d2-41eb-a94a-76e3fb0765c3", "St..."status": "Available"}]' [132 bytes]
2023-04-17 17:03:46,318 - DEBUG - < TEXT '[3, "baf7c413-b3d2-41eb-a94a-76e3fb0765c3", {}]' [47 bytes]
2023-04-17 17:03:46,382 - DEBUG - > TEXT '[2, "714307a5-b554-424e-a66f-54846777315b", "Heartbeat", {}]' [60 bytes]
2023-04-17 17:03:46,776 - DEBUG - % sending keepalive ping
2023-04-17 17:03:46,776 - DEBUG - > PING b1 9a 0d 58 [binary, 4 bytes]
2023-04-17 17:03:46,784 - DEBUG - < PONG b1 9a 0d 58 [binary, 4 bytes]
2023-04-17 17:03:46,787 - DEBUG - % received keepalive pong
2023-04-17 17:03:47,508 - DEBUG - < TEXT '[3, "714307a5-b554-424e-a66f-54846777315b", {"c...2023-04-17T17:03:36Z"}]' [84 bytes]
2023-04-17 17:03:47,528 - DEBUG - = connection is CLOSING
2023-04-17 17:03:47,528 - DEBUG - > CLOSE 1000 (OK) [2 bytes]
2023-04-17 17:03:47,534 - DEBUG - < CLOSE 1000 (OK) [2 bytes]
2023-04-17 17:03:47,537 - DEBUG - = connection is CLOSED
2023-04-17 17:03:49,942 - DEBUG - % sending keepalive ping
2023-04-17 17:03:49,942 - DEBUG - > PING b7 10 ab 72 [binary, 4 bytes]
2023-04-17 17:03:49,950 - DEBUG - < PONG b7 10 ab 72 [binary, 4 bytes]
2023-04-17 17:03:49,952 - DEBUG - % received keepalive pong
2023-04-17 17:03:54,776 - DEBUG - % sending keepalive ping
2023-04-17 17:03:54,776 - DEBUG - > PING f6 d6 e9 49 [binary, 4 bytes]
2023-04-17 17:03:54,783 - DEBUG - < PONG f6 d6 e9 49 [binary, 4 bytes]
2023-04-17 17:03:54,794 - DEBUG - % received keepalive pong
2023-04-17 17:04:02,466 - DEBUG - % sending keepalive ping
2023-04-17 17:04:02,466 - DEBUG - > PING 25 3a f1 13 [binary, 4 bytes]
2023-04-17 17:04:02,476 - DEBUG - < PONG 25 3a f1 13 [binary, 4 bytes]
2023-04-17 17:04:02,479 - DEBUG - % received keepalive pong
2023-04-17 17:04:03,851 - DEBUG - % sending keepalive ping
2023-04-17 17:04:03,853 - DEBUG - > PING fa f1 35 11 [binary, 4 bytes]
2023-04-17 17:04:03,861 - DEBUG - < PONG fa f1 35 11 [binary, 4 bytes]
2023-04-17 17:04:03,867 - DEBUG - % received keepalive pong
2023-04-17 17:04:06,766 - DEBUG - % sending keepalive ping
2023-04-17 17:04:06,766 - DEBUG - > PING 26 40 21 ee [binary, 4 bytes]
2023-04-17 17:04:06,779 - DEBUG - < PONG 26 40 21 ee [binary, 4 bytes]
2023-04-17 17:04:06,793 - DEBUG - % received keepalive pong
2023-04-17 17:04:09,948 - DEBUG - % sending keepalive ping
2023-04-17 17:04:09,948 - DEBUG - > PING 0c de 78 ae [binary, 4 bytes]
2023-04-17 17:04:09,956 - DEBUG - < PONG 0c de 78 ae [binary, 4 bytes]
2023-04-17 17:04:09,965 - DEBUG - % received keepalive pong
2023-04-17 17:04:14,803 - DEBUG - % sending keepalive ping
2023-04-17 17:04:14,804 - DEBUG - > PING 78 9f 17 3f [binary, 4 bytes]
2023-04-17 17:04:14,810 - DEBUG - < PONG 78 9f 17 3f [binary, 4 bytes]
2023-04-17 17:04:14,815 - DEBUG - % received keepalive pong
2023-04-17 17:04:22,473 - DEBUG - % sending keepalive ping
2023-04-17 17:04:22,473 - DEBUG - > PING 0e 7a c1 2c [binary, 4 bytes]
2023-04-17 17:04:22,479 - DEBUG - < PONG 0e 7a c1 2c [binary, 4 bytes]
2023-04-17 17:04:22,482 - DEBUG - % received keepalive pong
2023-04-17 17:04:23,848 - DEBUG - % sending keepalive ping
2023-04-17 17:04:23,848 - DEBUG - > PING 9c bb 92 29 [binary, 4 bytes]
2023-04-17 17:04:23,857 - DEBUG - < PONG 9c bb 92 29 [binary, 4 bytes]
2023-04-17 17:04:23,860 - DEBUG - % received keepalive pong
2023-04-17 17:04:26,795 - DEBUG - % sending keepalive ping
2023-04-17 17:04:26,795 - DEBUG - > PING bb 7b eb d4 [binary, 4 bytes]
2023-04-17 17:04:26,804 - DEBUG - < PONG bb 7b eb d4 [binary, 4 bytes]
2023-04-17 17:04:26,811 - DEBUG - % received keepalive pong
2023-04-17 17:04:29,979 - DEBUG - % sending keepalive ping
2023-04-17 17:04:29,979 - DEBUG - > PING 0f c9 43 a4 [binary, 4 bytes]
2023-04-17 17:04:29,994 - DEBUG - < PONG 0f c9 43 a4 [binary, 4 bytes]
2023-04-17 17:04:29,999 - DEBUG - % received keepalive pong
2023-04-17 17:04:34,812 - DEBUG - % sending keepalive ping
2023-04-17 17:04:34,813 - DEBUG - > PING 4d 97 9a ca [binary, 4 bytes]
2023-04-17 17:04:34,819 - DEBUG - < PONG 4d 97 9a ca [binary, 4 bytes]
2023-04-17 17:04:34,823 - DEBUG - % received keepalive pong
2023-04-17 17:04:42,476 - DEBUG - % sending keepalive ping
2023-04-17 17:04:42,477 - DEBUG - > PING 'GH\x0c\n' [text, 4 bytes]
2023-04-17 17:04:42,484 - DEBUG - < PONG 'GH\x0c\n' [text, 4 bytes]
2023-04-17 17:04:42,510 - DEBUG - % received keepalive pong
2023-04-17 17:04:43,848 - DEBUG - % sending keepalive ping
2023-04-17 17:04:43,849 - DEBUG - > PING 25 b9 f3 51 [binary, 4 bytes]
2023-04-17 17:04:43,859 - DEBUG - < PONG 25 b9 f3 51 [binary, 4 bytes]
2023-04-17 17:04:43,866 - DEBUG - % received keepalive pong
2023-04-17 17:04:46,810 - DEBUG - % sending keepalive ping
2023-04-17 17:04:46,810 - DEBUG - > PING 8e b8 eb d1 [binary, 4 bytes]
2023-04-17 17:04:46,818 - DEBUG - < PONG 8e b8 eb d1 [binary, 4 bytes]
2023-04-17 17:04:46,826 - DEBUG - % received keepalive pong
2023-04-17 17:04:50,009 - DEBUG - % sending keepalive ping
2023-04-17 17:04:50,009 - DEBUG - > PING e3 e4 a7 17 [binary, 4 bytes]
2023-04-17 17:04:50,022 - DEBUG - < PONG e3 e4 a7 17 [binary, 4 bytes]
2023-04-17 17:04:50,027 - DEBUG - % received keepalive pong
2023-04-17 17:04:54,812 - DEBUG - % sending keepalive ping
2023-04-17 17:04:54,812 - DEBUG - > PING 99 ea 23 10 [binary, 4 bytes]
2023-04-17 17:04:54,819 - DEBUG - < PONG 99 ea 23 10 [binary, 4 bytes]
2023-04-17 17:04:54,823 - DEBUG - % received keepalive pong
2023-04-17 17:05:02,525 - DEBUG - % sending keepalive ping
2023-04-17 17:05:02,525 - DEBUG - > PING 9d 5b ae c4 [binary, 4 bytes]
2023-04-17 17:05:02,531 - DEBUG - < PONG 9d 5b ae c4 [binary, 4 bytes]
2023-04-17 17:05:02,536 - DEBUG - % received keepalive pong
2023-04-17 17:05:03,845 - DEBUG - % sending keepalive ping
2023-04-17 17:05:03,845 - DEBUG - > PING 44 8e 98 92 [binary, 4 bytes]
2023-04-17 17:05:03,854 - DEBUG - < PONG 44 8e 98 92 [binary, 4 bytes]
2023-04-17 17:05:03,857 - DEBUG - % received keepalive pong
2023-04-17 17:05:06,814 - DEBUG - % sending keepalive ping
2023-04-17 17:05:06,815 - DEBUG - > PING dd 3f 65 57 [binary, 4 bytes]
2023-04-17 17:05:06,824 - DEBUG - < PONG dd 3f 65 57 [binary, 4 bytes]
2023-04-17 17:05:06,830 - DEBUG - % received keepalive pong
2023-04-17 17:05:10,016 - DEBUG - % sending keepalive ping
2023-04-17 17:05:10,016 - DEBUG - > PING f6 75 81 d8 [binary, 4 bytes]
2023-04-17 17:05:10,064 - DEBUG - < PONG f6 75 81 d8 [binary, 4 bytes]
2023-04-17 17:05:10,069 - DEBUG - % received keepalive pong
2023-04-17 17:05:14,810 - DEBUG - % sending keepalive ping
2023-04-17 17:05:14,810 - DEBUG - > PING f5 5e 90 9b [binary, 4 bytes]
2023-04-17 17:05:14,817 - DEBUG - < PONG f5 5e 90 9b [binary, 4 bytes]
2023-04-17 17:05:14,820 - DEBUG - % received keepalive pong
2023-04-17 17:05:22,523 - DEBUG - % sending keepalive ping
2023-04-17 17:05:22,523 - DEBUG - > PING e0 03 b3 ae [binary, 4 bytes]
2023-04-17 17:05:22,531 - DEBUG - < PONG e0 03 b3 ae [binary, 4 bytes]
2023-04-17 17:05:22,539 - DEBUG - % received keepalive pong
2023-04-17 17:05:23,849 - DEBUG - % sending keepalive ping
2023-04-17 17:05:23,849 - DEBUG - > PING c2 ef 6b 2d [binary, 4 bytes]
2023-04-17 17:05:23,858 - DEBUG - < PONG c2 ef 6b 2d [binary, 4 bytes]
2023-04-17 17:05:23,865 - DEBUG - % received keepalive pong
2023-04-17 17:05:26,817 - DEBUG - % sending keepalive ping
2023-04-17 17:05:26,818 - DEBUG - > PING 3a bb 7d a8 [binary, 4 bytes]
2023-04-17 17:05:26,826 - DEBUG - < PONG 3a bb 7d a8 [binary, 4 bytes]
2023-04-17 17:05:26,834 - DEBUG - % received keepalive pong
2023-04-17 17:05:30,069 - DEBUG - % sending keepalive ping
2023-04-17 17:05:30,069 - DEBUG - > PING 75 b6 0d 77 [binary, 4 bytes]
2023-04-17 17:05:30,078 - DEBUG - < PONG 75 b6 0d 77 [binary, 4 bytes]
2023-04-17 17:05:30,086 - DEBUG - % received keepalive pong
2023-04-17 17:05:34,817 - DEBUG - % sending keepalive ping
2023-04-17 17:05:34,817 - DEBUG - > PING e8 e5 a5 b8 [binary, 4 bytes]
2023-04-17 17:05:34,824 - DEBUG - < PONG e8 e5 a5 b8 [binary, 4 bytes]
2023-04-17 17:05:34,828 - DEBUG - % received keepalive pong
2023-04-17 17:05:42,518 - DEBUG - % sending keepalive ping
2023-04-17 17:05:42,518 - DEBUG - > PING 8c 40 b2 b5 [binary, 4 bytes]
2023-04-17 17:05:42,525 - DEBUG - < PONG 8c 40 b2 b5 [binary, 4 bytes]
2023-04-17 17:05:42,528 - DEBUG - % received keepalive pong
2023-04-17 17:05:43,847 - DEBUG - % sending keepalive ping
2023-04-17 17:05:43,848 - DEBUG - > PING c6 46 0b cf [binary, 4 bytes]
2023-04-17 17:05:43,857 - DEBUG - < PONG c6 46 0b cf [binary, 4 bytes]
2023-04-17 17:05:43,860 - DEBUG - % received keepalive pong
2023-04-17 17:05:46,821 - DEBUG - % sending keepalive ping
2023-04-17 17:05:46,822 - DEBUG - > PING e9 f5 79 81 [binary, 4 bytes]
2023-04-17 17:05:46,830 - DEBUG - < PONG e9 f5 79 81 [binary, 4 bytes]
2023-04-17 17:05:46,838 - DEBUG - % received keepalive pong
2023-04-17 17:05:50,063 - DEBUG - % sending keepalive ping
2023-04-17 17:05:50,063 - DEBUG - > PING 70 7c 87 7d [binary, 4 bytes]
2023-04-17 17:05:50,072 - DEBUG - < PONG 70 7c 87 7d [binary, 4 bytes]
2023-04-17 17:05:50,078 - DEBUG - % received keepalive pong
2023-04-17 17:05:54,822 - DEBUG - % sending keepalive ping
2023-04-17 17:05:54,822 - DEBUG - > PING cb 32 d8 3e [binary, 4 bytes]
2023-04-17 17:05:54,829 - DEBUG - < PONG cb 32 d8 3e [binary, 4 bytes]
2023-04-17 17:05:54,832 - DEBUG - % received keepalive pong
2023-04-17 17:06:02,519 - DEBUG - % sending keepalive ping
2023-04-17 17:06:02,520 - DEBUG - > PING c0 87 0b 9d [binary, 4 bytes]
2023-04-17 17:06:02,526 - DEBUG - < PONG c0 87 0b 9d [binary, 4 bytes]
2023-04-17 17:06:02,529 - DEBUG - % received keepalive pong
2023-04-17 17:06:03,852 - DEBUG - % sending keepalive ping
2023-04-17 17:06:03,852 - DEBUG - > PING 5c 3a 35 dd [binary, 4 bytes]
2023-04-17 17:06:03,860 - DEBUG - < PONG 5c 3a 35 dd [binary, 4 bytes]
2023-04-17 17:06:03,866 - DEBUG - % received keepalive pong
2023-04-17 17:06:06,842 - DEBUG - % sending keepalive ping
2023-04-17 17:06:06,843 - DEBUG - > PING bb 3e 9f 6d [binary, 4 bytes]
2023-04-17 17:06:06,851 - DEBUG - < PONG bb 3e 9f 6d [binary, 4 bytes]
2023-04-17 17:06:06,854 - DEBUG - % received keepalive pong
2023-04-17 17:06:10,072 - DEBUG - % sending keepalive ping
2023-04-17 17:06:10,072 - DEBUG - > PING df 59 f8 1c [binary, 4 bytes]
2023-04-17 17:06:10,081 - DEBUG - < PONG df 59 f8 1c [binary, 4 bytes]
2023-04-17 17:06:10,086 - DEBUG - % received keepalive pong
2023-04-17 17:06:14,822 - DEBUG - % sending keepalive ping
2023-04-17 17:06:14,823 - DEBUG - > PING 84 55 90 ab [binary, 4 bytes]
2023-04-17 17:06:14,831 - DEBUG - < PONG 84 55 90 ab [binary, 4 bytes]
2023-04-17 17:06:14,838 - DEBUG - % received keepalive pong
2023-04-17 17:06:22,524 - DEBUG - % sending keepalive ping
2023-04-17 17:06:22,524 - DEBUG - > PING 78 10 67 c9 [binary, 4 bytes]
2023-04-17 17:06:22,530 - DEBUG - < PONG 78 10 67 c9 [binary, 4 bytes]
2023-04-17 17:06:22,533 - DEBUG - % received keepalive pong
2023-04-17 17:06:23,849 - DEBUG - % sending keepalive ping
2023-04-17 17:06:23,849 - DEBUG - > PING 40 4f 78 f3 [binary, 4 bytes]
2023-04-17 17:06:23,857 - DEBUG - < PONG 40 4f 78 f3 [binary, 4 bytes]
2023-04-17 17:06:23,861 - DEBUG - % received keepalive pong
2023-04-17 17:06:26,856 - DEBUG - % sending keepalive ping
2023-04-17 17:06:26,856 - DEBUG - > PING cf d1 ec 04 [binary, 4 bytes]
2023-04-17 17:06:26,865 - DEBUG - < PONG cf d1 ec 04 [binary, 4 bytes]
2023-04-17 17:06:26,872 - DEBUG - % received keepalive pong
2023-04-17 17:06:30,073 - DEBUG - % sending keepalive ping
2023-04-17 17:06:30,073 - DEBUG - > PING 26 59 81 ba [binary, 4 bytes]
2023-04-17 17:06:30,081 - DEBUG - < PONG 26 59 81 ba [binary, 4 bytes]
2023-04-17 17:06:30,085 - DEBUG - % received keepalive pong
2023-04-17 17:06:34,850 - DEBUG - % sending keepalive ping
2023-04-17 17:06:34,851 - DEBUG - > PING 9d 52 3e 75 [binary, 4 bytes]
2023-04-17 17:06:34,858 - DEBUG - < PONG 9d 52 3e 75 [binary, 4 bytes]
2023-04-17 17:06:34,861 - DEBUG - % received keepalive pong
2023-04-17 17:06:42,528 - DEBUG - % sending keepalive ping
2023-04-17 17:06:42,528 - DEBUG - > PING 2e 16 69 8c [binary, 4 bytes]
2023-04-17 17:06:42,535 - DEBUG - < PONG 2e 16 69 8c [binary, 4 bytes]
2023-04-17 17:06:42,538 - DEBUG - % received keepalive pong
2023-04-17 17:06:43,864 - DEBUG - % sending keepalive ping
2023-04-17 17:06:43,865 - DEBUG - > PING aa 33 c3 8b [binary, 4 bytes]
2023-04-17 17:06:43,874 - DEBUG - < PONG aa 33 c3 8b [binary, 4 bytes]
2023-04-17 17:06:43,877 - DEBUG - % received keepalive pong
2023-04-17 17:06:46,873 - DEBUG - % sending keepalive ping
2023-04-17 17:06:46,873 - DEBUG - > PING 15 b0 80 f0 [binary, 4 bytes]
2023-04-17 17:06:46,881 - DEBUG - < PONG 15 b0 80 f0 [binary, 4 bytes]
2023-04-17 17:06:46,885 - DEBUG - % received keepalive pong
2023-04-17 17:06:50,071 - DEBUG - % sending keepalive ping
2023-04-17 17:06:50,071 - DEBUG - > PING 9c d7 9d 5e [binary, 4 bytes]
2023-04-17 17:06:50,079 - DEBUG - < PONG 9c d7 9d 5e [binary, 4 bytes]
2023-04-17 17:06:50,082 - DEBUG - % received keepalive pong
2023-04-17 17:06:54,852 - DEBUG - % sending keepalive ping
2023-04-17 17:06:54,852 - DEBUG - > PING 97 d9 ba e9 [binary, 4 bytes]
2023-04-17 17:06:54,859 - DEBUG - < PONG 97 d9 ba e9 [binary, 4 bytes]
2023-04-17 17:06:54,865 - DEBUG - % received keepalive pong
2023-04-17 17:07:02,513 - DEBUG - % sending keepalive ping
2023-04-17 17:07:02,513 - DEBUG - > PING 79 e8 bc e0 [binary, 4 bytes]
2023-04-17 17:07:02,520 - DEBUG - < PONG 79 e8 bc e0 [binary, 4 bytes]
2023-04-17 17:07:02,526 - DEBUG - % received keepalive pong
2023-04-17 17:07:03,874 - DEBUG - % sending keepalive ping
2023-04-17 17:07:03,875 - DEBUG - > PING 38 00 de 31 [binary, 4 bytes]
2023-04-17 17:07:03,883 - DEBUG - < PONG 38 00 de 31 [binary, 4 bytes]
2023-04-17 17:07:03,892 - DEBUG - % received keepalive pong
2023-04-17 17:07:06,878 - DEBUG - % sending keepalive ping
2023-04-17 17:07:06,878 - DEBUG - > PING af f6 1d e8 [binary, 4 bytes]
2023-04-17 17:07:06,887 - DEBUG - < PONG af f6 1d e8 [binary, 4 bytes]
2023-04-17 17:07:06,891 - DEBUG - % received keepalive pong
2023-04-17 17:07:10,074 - DEBUG - % sending keepalive ping
2023-04-17 17:07:10,075 - DEBUG - > PING 84 42 ca 10 [binary, 4 bytes]
2023-04-17 17:07:10,085 - DEBUG - < PONG 84 42 ca 10 [binary, 4 bytes]
2023-04-17 17:07:10,093 - DEBUG - % received keepalive pong
2023-04-17 17:07:14,842 - DEBUG - % sending keepalive ping
2023-04-17 17:07:14,843 - DEBUG - > PING 80 0e 08 bb [binary, 4 bytes]
2023-04-17 17:07:14,853 - DEBUG - < PONG 80 0e 08 bb [binary, 4 bytes]
2023-04-17 17:07:14,860 - DEBUG - % received keepalive pong
2023-04-17 17:07:22,513 - DEBUG - % sending keepalive ping
2023-04-17 17:07:22,514 - DEBUG - > PING 9e c7 3c f8 [binary, 4 bytes]
2023-04-17 17:07:22,521 - DEBUG - < PONG 9e c7 3c f8 [binary, 4 bytes]
2023-04-17 17:07:22,526 - DEBUG - % received keepalive pong
2023-04-17 17:07:23,900 - DEBUG - % sending keepalive ping
2023-04-17 17:07:23,901 - DEBUG - > PING 90 ec 7f f6 [binary, 4 bytes]
2023-04-17 17:07:23,910 - DEBUG - < PONG 90 ec 7f f6 [binary, 4 bytes]
2023-04-17 17:07:23,916 - DEBUG - % received keepalive pong
2023-04-17 17:07:26,895 - DEBUG - % sending keepalive ping
2023-04-17 17:07:26,895 - DEBUG - > PING 43 45 84 24 [binary, 4 bytes]
2023-04-17 17:07:26,904 - DEBUG - < PONG 43 45 84 24 [binary, 4 bytes]
2023-04-17 17:07:26,912 - DEBUG - % received keepalive pong
2023-04-17 17:07:30,099 - DEBUG - % sending keepalive ping
2023-04-17 17:07:30,100 - DEBUG - > PING f6 1d 15 33 [binary, 4 bytes]
2023-04-17 17:07:30,110 - DEBUG - < PONG f6 1d 15 33 [binary, 4 bytes]
2023-04-17 17:07:30,119 - DEBUG - % received keepalive pong
2023-04-17 17:07:34,852 - DEBUG - % sending keepalive ping
2023-04-17 17:07:34,852 - DEBUG - > PING d2 39 18 2f [binary, 4 bytes]
2023-04-17 17:07:34,859 - DEBUG - < PONG d2 39 18 2f [binary, 4 bytes]
2023-04-17 17:07:34,863 - DEBUG - % received keepalive pong
2023-04-17 17:07:42,515 - DEBUG - % sending keepalive ping
2023-04-17 17:07:42,516 - DEBUG - > PING a2 f1 6a 0d [binary, 4 bytes]
2023-04-17 17:07:42,524 - DEBUG - < PONG a2 f1 6a 0d [binary, 4 bytes]
2023-04-17 17:07:42,526 - DEBUG - % received keepalive pong
2023-04-17 17:07:43,900 - DEBUG - % sending keepalive ping
2023-04-17 17:07:43,900 - DEBUG - > PING 01 3b 6b f8 [binary, 4 bytes]
2023-04-17 17:07:43,909 - DEBUG - < PONG 01 3b 6b f8 [binary, 4 bytes]
2023-04-17 17:07:43,912 - DEBUG - % received keepalive pong
2023-04-17 17:07:46,890 - DEBUG - % sending keepalive ping
2023-04-17 17:07:46,890 - DEBUG - > PING '\x10J\x16\x15' [text, 4 bytes]
2023-04-17 17:07:46,899 - DEBUG - < PONG '\x10J\x16\x15' [text, 4 bytes]
2023-04-17 17:07:46,904 - DEBUG - % received keepalive pong
2023-04-17 17:07:50,106 - DEBUG - % sending keepalive ping
2023-04-17 17:07:50,106 - DEBUG - > PING ed e6 9c 84 [binary, 4 bytes]
2023-04-17 17:07:50,115 - DEBUG - < PONG ed e6 9c 84 [binary, 4 bytes]
2023-04-17 17:07:50,119 - DEBUG - % received keepalive pong
2023-04-18 12:13:15,158 - DEBUG - = connection is CONNECTING
2023-04-18 12:13:15,235 - DEBUG - > GET /ocpp16/ELA007C05/EVSCA050001 HTTP/1.1
2023-04-18 12:13:15,235 - DEBUG - > Host: ws.devevspcharger.uplus.co.kr
2023-04-18 12:13:15,236 - DEBUG - > Upgrade: websocket
2023-04-18 12:13:15,236 - DEBUG - > Connection: Upgrade
2023-04-18 12:13:15,236 - DEBUG - > Sec-WebSocket-Key: dFklS7hF58Kn+2IeHOpSog==
2023-04-18 12:13:15,236 - DEBUG - > Sec-WebSocket-Version: 13
2023-04-18 12:13:15,236 - DEBUG - > Sec-WebSocket-Extensions: permessage-deflate; client_max_window_bits
2023-04-18 12:13:15,236 - DEBUG - > Sec-WebSocket-Protocol: ocpp1.6
2023-04-18 12:13:15,236 - DEBUG - > Authorization: Basic RVZBUjpFVkFSTEdV
2023-04-18 12:13:15,236 - DEBUG - > User-Agent: Python/3.11 websockets/10.4
2023-04-18 12:13:17,196 - DEBUG - < HTTP/1.1 101 Switching Protocols
2023-04-18 12:13:17,196 - DEBUG - < Connection: upgrade
2023-04-18 12:13:17,196 - DEBUG - < Date: Tue, 18 Apr 2023 03:13:14 GMT
2023-04-18 12:13:17,197 - DEBUG - < sec-websocket-protocol: ocpp1.6
2023-04-18 12:13:17,197 - DEBUG - < upgrade: websocket
2023-04-18 12:13:17,197 - DEBUG - < sec-websocket-accept: OhRi28vM4CdDyJnBQwWI/T8C2rs=
2023-04-18 12:13:17,197 - DEBUG - < sec-websocket-extensions: permessage-deflate
2023-04-18 12:13:17,197 - DEBUG - < X-Cache: Miss from cloudfront
2023-04-18 12:13:17,197 - DEBUG - < Via: 1.1 1c31b550dc04cf34ff9053b76a7eecc4.cloudfront.net (CloudFront)
2023-04-18 12:13:17,197 - DEBUG - < X-Amz-Cf-Pop: ICN57-P2
2023-04-18 12:13:17,197 - DEBUG - < X-Amz-Cf-Id: -GbtnohSioSJm1Fo9aDPkPGdZE9IQgEgiwNuNX2_stZbr3A0KJdQ_w==
2023-04-18 12:13:17,198 - DEBUG - = connection is OPEN
2023-04-18 12:13:17,231 - DEBUG - > TEXT '[2, "e2c25ace-00f6-4f04-b64e-01326dfca910", "Bo...ePointVendor": "EVAR"}]' [127 bytes]
2023-04-18 12:13:17,622 - DEBUG - < TEXT '[3, "e2c25ace-00f6-4f04-b64e-01326dfca910", {"s...15Z", "interval": 600}]' [123 bytes]
2023-04-18 12:13:17,648 - DEBUG - > TEXT '[2, "e2c25ace-00f6-4f04-b64e-01326dfca910", "St..."status": "Available"}]' [132 bytes]
2023-04-18 12:13:17,850 - DEBUG - < TEXT '[3, "e2c25ace-00f6-4f04-b64e-01326dfca910", {}]' [47 bytes]
2023-04-18 12:13:17,875 - DEBUG - > TEXT '[2, "e2c25ace-00f6-4f04-b64e-01326dfca910", "Au...": "1031040000069641"}]' [87 bytes]
2023-04-18 12:13:18,142 - DEBUG - < TEXT '[3, "e2c25ace-00f6-4f04-b64e-01326dfca910", {"i..."status": "Accepted"}}]' [82 bytes]
2023-04-18 12:13:18,171 - DEBUG - > TEXT '[2, "0643a4db-a42a-4707-9e21-b31d98ee64f6", "St...2023-04-18T12:13:15Z"}]' [170 bytes]
2023-04-18 12:13:18,828 - DEBUG - < TEXT '[3, "0643a4db-a42a-4707-9e21-b31d98ee64f6", {"t..."status": "Accepted"}}]' [110 bytes]
2023-04-18 12:13:18,890 - DEBUG - > TEXT '[2, "e2c25ace-00f6-4f04-b64e-01326dfca910", "St... "status": "Charging"}]' [131 bytes]
2023-04-18 12:13:19,083 - DEBUG - < TEXT '[3, "e2c25ace-00f6-4f04-b64e-01326dfca910", {}]' [47 bytes]
2023-04-18 12:13:19,156 - DEBUG - > TEXT '[2, "1408e7ab-d398-4a8e-b54f-4988bb3f034a", "Me...er", "unit": "Wh"}]}]}]' [259 bytes]
2023-04-18 12:13:19,404 - DEBUG - < TEXT '[3, "1408e7ab-d398-4a8e-b54f-4988bb3f034a", {}]' [47 bytes]
2023-04-18 12:13:19,463 - DEBUG - > TEXT '[2, "dd020085-fbb0-4e7d-a3ad-eb4f1d3bbd80", "St...sactionId": 120533850}]' [149 bytes]
2023-04-18 12:13:19,884 - DEBUG - < TEXT '[3, "dd020085-fbb0-4e7d-a3ad-eb4f1d3bbd80", {"i..."status": "Accepted"}}]' [82 bytes]
2023-04-18 12:13:19,947 - DEBUG - > TEXT '[2, "e2c25ace-00f6-4f04-b64e-01326dfca910", "St..."status": "Finishing"}]' [132 bytes]
2023-04-18 12:13:20,125 - DEBUG - < TEXT '[3, "e2c25ace-00f6-4f04-b64e-01326dfca910", {}]' [47 bytes]
2023-04-18 12:13:20,179 - DEBUG - > TEXT '[2, "e2c25ace-00f6-4f04-b64e-01326dfca910", "St..."status": "Available"}]' [132 bytes]
2023-04-18 12:13:20,403 - DEBUG - < TEXT '[3, "e2c25ace-00f6-4f04-b64e-01326dfca910", {}]' [47 bytes]
2023-04-18 12:13:20,427 - DEBUG - = connection is CLOSING
2023-04-18 12:13:20,428 - DEBUG - > CLOSE 1000 (OK) [2 bytes]
2023-04-18 12:13:20,439 - DEBUG - < CLOSE 1000 (OK) [2 bytes]
2023-04-18 12:13:20,442 - DEBUG - = connection is CLOSED
2023-04-18 12:13:28,344 - DEBUG - = connection is CONNECTING
2023-04-18 12:13:28,378 - DEBUG - > GET /ocpp16/ELA007C05/EVSCA050001 HTTP/1.1
2023-04-18 12:13:28,380 - DEBUG - > Host: ws.devevspcharger.uplus.co.kr
2023-04-18 12:13:28,384 - DEBUG - > Upgrade: websocket
2023-04-18 12:13:28,384 - DEBUG - > Connection: Upgrade
2023-04-18 12:13:28,385 - DEBUG - > Sec-WebSocket-Key: EZfInThobSo8k6pX8H9TUA==
2023-04-18 12:13:28,385 - DEBUG - > Sec-WebSocket-Version: 13
2023-04-18 12:13:28,386 - DEBUG - > Sec-WebSocket-Extensions: permessage-deflate; client_max_window_bits
2023-04-18 12:13:28,386 - DEBUG - > Sec-WebSocket-Protocol: ocpp1.6
2023-04-18 12:13:28,386 - DEBUG - > Authorization: Basic RVZBUjpFVkFSTEdV
2023-04-18 12:13:28,386 - DEBUG - > User-Agent: Python/3.11 websockets/10.4
2023-04-18 12:13:28,687 - DEBUG - < HTTP/1.1 101 Switching Protocols
2023-04-18 12:13:28,687 - DEBUG - < Connection: upgrade
2023-04-18 12:13:28,687 - DEBUG - < Date: Tue, 18 Apr 2023 03:13:26 GMT
2023-04-18 12:13:28,688 - DEBUG - < sec-websocket-protocol: ocpp1.6
2023-04-18 12:13:28,688 - DEBUG - < upgrade: websocket
2023-04-18 12:13:28,688 - DEBUG - < sec-websocket-accept: Lp1p7Z/3Gys89So+ywbDqxoEnlI=
2023-04-18 12:13:28,688 - DEBUG - < sec-websocket-extensions: permessage-deflate
2023-04-18 12:13:28,688 - DEBUG - < X-Cache: Miss from cloudfront
2023-04-18 12:13:28,688 - DEBUG - < Via: 1.1 a252aeda8ec1e2b582ae9a32f7c8d544.cloudfront.net (CloudFront)
2023-04-18 12:13:28,688 - DEBUG - < X-Amz-Cf-Pop: ICN57-P2
2023-04-18 12:13:28,689 - DEBUG - < X-Amz-Cf-Id: G2O5fFrqlWlQJ4coZzofhGpEqwVXdh6HoEs0_ZKHrKR27scvp8M-tw==
2023-04-18 12:13:28,689 - DEBUG - = connection is OPEN
2023-04-18 12:13:28,735 - DEBUG - > TEXT '[2, "2be6081a-2902-4c48-b563-ffe1be08440d", "Bo...ePointVendor": "EVAR"}]' [127 bytes]
2023-04-18 12:13:29,006 - DEBUG - < TEXT '[3, "2be6081a-2902-4c48-b563-ffe1be08440d", {"s...26Z", "interval": 600}]' [123 bytes]
2023-04-18 12:13:29,057 - ERROR - Task exception was never retrieved
future: <Task finished name='Task-8' coro=<ChargerSim.startEvent() done, defined at D:\workspace\wss\main.py:124> exception=TypeError("string indices must be integers, not 'str'")>
Traceback (most recent call last):
  File "D:\workspace\wss\main.py", line 144, in startEvent
    await self.charger.runcase(self.TC_selected if len(self.TC_selected.keys())>0 else self.TC)
  File "D:\workspace\wss\Charger.py", line 343, in runcase
    doc = self.ocppdocs[c[1]]
          ~~~~~~~~~~~~~^^^^^^
TypeError: string indices must be integers, not 'str'
2023-04-18 12:13:48,720 - DEBUG - % sending keepalive ping
2023-04-18 12:13:48,720 - DEBUG - > PING f2 0b d9 5c [binary, 4 bytes]
2023-04-18 12:13:48,727 - DEBUG - < PONG f2 0b d9 5c [binary, 4 bytes]
2023-04-18 12:13:48,734 - DEBUG - % received keepalive pong
2023-04-18 12:14:08,740 - DEBUG - % sending keepalive ping
2023-04-18 12:14:08,740 - DEBUG - > PING c5 5d 14 f4 [binary, 4 bytes]
2023-04-18 12:14:08,747 - DEBUG - < PONG c5 5d 14 f4 [binary, 4 bytes]
2023-04-18 12:14:08,750 - DEBUG - % received keepalive pong
2023-04-18 12:14:28,740 - DEBUG - % sending keepalive ping
2023-04-18 12:14:28,740 - DEBUG - > PING 0c d6 15 23 [binary, 4 bytes]
2023-04-18 12:14:28,748 - DEBUG - < PONG 0c d6 15 23 [binary, 4 bytes]
2023-04-18 12:14:28,751 - DEBUG - % received keepalive pong
2023-04-18 12:14:48,735 - DEBUG - % sending keepalive ping
2023-04-18 12:14:48,735 - DEBUG - > PING 5d 19 7e a0 [binary, 4 bytes]
2023-04-18 12:14:48,742 - DEBUG - < PONG 5d 19 7e a0 [binary, 4 bytes]
2023-04-18 12:14:48,744 - DEBUG - % received keepalive pong
2023-04-18 12:15:12,531 - DEBUG - = connection is CONNECTING
2023-04-18 12:15:12,568 - DEBUG - > GET /ocpp16/ELA007C05/EVSCA050001 HTTP/1.1
2023-04-18 12:15:12,568 - DEBUG - > Host: ws.devevspcharger.uplus.co.kr
2023-04-18 12:15:12,568 - DEBUG - > Upgrade: websocket
2023-04-18 12:15:12,568 - DEBUG - > Connection: Upgrade
2023-04-18 12:15:12,568 - DEBUG - > Sec-WebSocket-Key: 6q61Zqe4E2+HfhdBmdznZg==
2023-04-18 12:15:12,568 - DEBUG - > Sec-WebSocket-Version: 13
2023-04-18 12:15:12,569 - DEBUG - > Sec-WebSocket-Extensions: permessage-deflate; client_max_window_bits
2023-04-18 12:15:12,569 - DEBUG - > Sec-WebSocket-Protocol: ocpp1.6
2023-04-18 12:15:12,569 - DEBUG - > Authorization: Basic RVZBUjpFVkFSTEdV
2023-04-18 12:15:12,569 - DEBUG - > User-Agent: Python/3.11 websockets/10.4
2023-04-18 12:15:13,130 - DEBUG - < HTTP/1.1 101 Switching Protocols
2023-04-18 12:15:13,130 - DEBUG - < Connection: upgrade
2023-04-18 12:15:13,130 - DEBUG - < Date: Tue, 18 Apr 2023 03:15:11 GMT
2023-04-18 12:15:13,131 - DEBUG - < sec-websocket-protocol: ocpp1.6
2023-04-18 12:15:13,131 - DEBUG - < upgrade: websocket
2023-04-18 12:15:13,131 - DEBUG - < sec-websocket-accept: qxbD4BZUg6vmgYnvXELeniwWDd0=
2023-04-18 12:15:13,131 - DEBUG - < sec-websocket-extensions: permessage-deflate
2023-04-18 12:15:13,131 - DEBUG - < X-Cache: Miss from cloudfront
2023-04-18 12:15:13,131 - DEBUG - < Via: 1.1 702d274aeab676890c1a399c8e170886.cloudfront.net (CloudFront)
2023-04-18 12:15:13,131 - DEBUG - < X-Amz-Cf-Pop: ICN57-P2
2023-04-18 12:15:13,131 - DEBUG - < X-Amz-Cf-Id: 64DR9bmRPiXE8OM24rcThfZ7hExyMXd8X-IXzrbgiGJlZpTgtQuCsg==
2023-04-18 12:15:13,131 - DEBUG - = connection is OPEN
2023-04-18 12:15:13,153 - DEBUG - > TEXT '[2, "d38a29d2-8b53-4a90-a525-ebb0728cea35", "Bo...ePointVendor": "EVAR"}]' [127 bytes]
2023-04-18 12:15:13,626 - DEBUG - < TEXT '[3, "d38a29d2-8b53-4a90-a525-ebb0728cea35", {"s...11Z", "interval": 600}]' [123 bytes]
2023-04-18 12:15:13,734 - DEBUG - Starting new HTTPS connection (1): rgw.devevspcharger.uplus.co.kr:443
2023-04-18 12:15:15,232 - DEBUG - https://rgw.devevspcharger.uplus.co.kr:443 "POST /ioc HTTP/1.1" 200 148
2023-04-18 12:15:15,268 - DEBUG - < TEXT '[2, "7051386b-c654-4e8b-bab0-8d6c274f5d9a", "Ge...izeRemoteTxRequests"]}]' [103 bytes]
2023-04-18 12:15:15,273 - DEBUG - > TEXT '[3, "7051386b-c654-4e8b-bab0-8d6c274f5d9a", {"c...ue", "value": "300"}]}]' [141 bytes]
2023-04-18 12:15:15,916 - DEBUG - < TEXT '' [0 bytes]
2023-04-18 12:15:15,950 - DEBUG - Starting new HTTPS connection (1): rgw.devevspcharger.uplus.co.kr:443
2023-04-18 12:15:16,419 - DEBUG - https://rgw.devevspcharger.uplus.co.kr:443 "POST /ioc HTTP/1.1" 200 164
2023-04-18 12:15:17,017 - DEBUG - < TEXT '[2, "63f83031-cf62-406d-ba71-e0e334a5c614", "Ch...rval", "value": "300"}]' [119 bytes]
2023-04-18 12:15:17,021 - DEBUG - > TEXT '[3, "63f83031-cf62-406d-ba71-e0e334a5c614", {"status": "Accepted"}]' [67 bytes]
2023-04-18 12:15:17,189 - DEBUG - < TEXT '' [0 bytes]
2023-04-18 12:15:17,251 - DEBUG - > TEXT '[2, "d38a29d2-8b53-4a90-a525-ebb0728cea35", "St..."status": "Available"}]' [132 bytes]
2023-04-18 12:15:17,482 - DEBUG - < TEXT '[3, "d38a29d2-8b53-4a90-a525-ebb0728cea35", {}]' [47 bytes]
2023-04-18 12:15:17,537 - DEBUG - Starting new HTTPS connection (1): rgw.devevspcharger.uplus.co.kr:443
2023-04-18 12:15:17,979 - DEBUG - https://rgw.devevspcharger.uplus.co.kr:443 "POST /ioc HTTP/1.1" 200 145
2023-04-18 12:15:18,036 - DEBUG - < TEXT '[2, "75c6d8a8-a705-4b8f-b173-b4deab5a791f", "Re...": "1031040000069641"}]' [100 bytes]
2023-04-18 12:15:18,051 - DEBUG - > TEXT '[3, "75c6d8a8-a705-4b8f-b173-b4deab5a791f", {"status": "Accepted"}]' [67 bytes]
2023-04-18 12:15:18,204 - DEBUG - < TEXT '' [0 bytes]
2023-04-18 12:15:18,241 - DEBUG - > TEXT '[2, "d38a29d2-8b53-4a90-a525-ebb0728cea35", "Au...": "1031040000069641"}]' [87 bytes]
2023-04-18 12:15:18,466 - DEBUG - < TEXT '[3, "d38a29d2-8b53-4a90-a525-ebb0728cea35", {"i..."status": "Accepted"}}]' [82 bytes]
2023-04-18 12:15:18,504 - DEBUG - > TEXT '[2, "d38a29d2-8b53-4a90-a525-ebb0728cea35", "St..."status": "Preparing"}]' [132 bytes]
2023-04-18 12:15:18,744 - DEBUG - < TEXT '[3, "d38a29d2-8b53-4a90-a525-ebb0728cea35", {}]' [47 bytes]
2023-04-18 12:15:18,786 - DEBUG - > TEXT '[2, "0e975f53-d5cb-4cbe-a3b7-ca60e596eea1", "St...2023-04-18T12:15:12Z"}]' [170 bytes]
2023-04-18 12:15:19,309 - DEBUG - < TEXT '[3, "0e975f53-d5cb-4cbe-a3b7-ca60e596eea1", {"t..."status": "Accepted"}}]' [110 bytes]
2023-04-18 12:15:19,361 - DEBUG - > TEXT '[2, "d38a29d2-8b53-4a90-a525-ebb0728cea35", "St... "status": "Charging"}]' [131 bytes]
2023-04-18 12:15:19,605 - DEBUG - < TEXT '[3, "d38a29d2-8b53-4a90-a525-ebb0728cea35", {}]' [47 bytes]
2023-04-18 12:15:19,643 - DEBUG - Starting new HTTPS connection (1): rgw.devevspcharger.uplus.co.kr:443
2023-04-18 12:15:20,060 - DEBUG - https://rgw.devevspcharger.uplus.co.kr:443 "POST /ioc HTTP/1.1" 200 143
2023-04-18 12:15:20,109 - DEBUG - < TEXT '[2, "3be5f202-c8f2-4bca-8589-3bc95c14d8e7", "Re...sactionId": 120533851}]' [98 bytes]
2023-04-18 12:15:20,117 - DEBUG - > TEXT '[3, "3be5f202-c8f2-4bca-8589-3bc95c14d8e7", {"status": "Accepted"}]' [67 bytes]
2023-04-18 12:15:20,304 - DEBUG - < TEXT '' [0 bytes]
2023-04-18 12:15:20,342 - DEBUG - > TEXT '[2, "704263a1-fa6b-4354-9b18-d8a197eaf000", "St...sactionId": 120533851}]' [149 bytes]
2023-04-18 12:15:20,703 - DEBUG - < TEXT '[3, "704263a1-fa6b-4354-9b18-d8a197eaf000", {"i..."status": "Accepted"}}]' [82 bytes]
2023-04-18 12:15:20,739 - DEBUG - > TEXT '[2, "d38a29d2-8b53-4a90-a525-ebb0728cea35", "St..."status": "Finishing"}]' [132 bytes]
2023-04-18 12:15:20,926 - DEBUG - < TEXT '[3, "d38a29d2-8b53-4a90-a525-ebb0728cea35", {}]' [47 bytes]
2023-04-18 12:15:20,963 - DEBUG - > TEXT '[2, "d38a29d2-8b53-4a90-a525-ebb0728cea35", "St..."status": "Available"}]' [132 bytes]
2023-04-18 12:15:21,181 - DEBUG - < TEXT '[3, "d38a29d2-8b53-4a90-a525-ebb0728cea35", {}]' [47 bytes]
2023-04-18 12:15:21,204 - DEBUG - = connection is CLOSING
2023-04-18 12:15:21,205 - DEBUG - > CLOSE 1000 (OK) [2 bytes]
2023-04-18 12:15:21,225 - DEBUG - < CLOSE 1000 (OK) [2 bytes]
2023-04-18 12:15:21,235 - DEBUG - = connection is CLOSED
2023-04-18 12:27:18,278 - DEBUG - = connection is CONNECTING
2023-04-18 12:27:18,315 - DEBUG - > GET /ocpp16/GK-SMC-AC-7/GK-0223 HTTP/1.1
2023-04-18 12:27:18,315 - DEBUG - > Host: ws.devevspcharger.uplus.co.kr
2023-04-18 12:27:18,316 - DEBUG - > Upgrade: websocket
2023-04-18 12:27:18,316 - DEBUG - > Connection: Upgrade
2023-04-18 12:27:18,316 - DEBUG - > Sec-WebSocket-Key: HAkpLHL5Q3nNE0SPsQx+Eg==
2023-04-18 12:27:18,316 - DEBUG - > Sec-WebSocket-Version: 13
2023-04-18 12:27:18,316 - DEBUG - > Sec-WebSocket-Extensions: permessage-deflate; client_max_window_bits
2023-04-18 12:27:18,317 - DEBUG - > Sec-WebSocket-Protocol: ocpp1.6
2023-04-18 12:27:18,317 - DEBUG - > Authorization: Basic RVZBUjpFVkFSTEdV
2023-04-18 12:27:18,317 - DEBUG - > User-Agent: Python/3.11 websockets/10.4
2023-04-18 12:27:19,646 - DEBUG - < HTTP/1.1 101 Switching Protocols
2023-04-18 12:27:19,646 - DEBUG - < Connection: upgrade
2023-04-18 12:27:19,646 - DEBUG - < Date: Tue, 18 Apr 2023 03:27:17 GMT
2023-04-18 12:27:19,646 - DEBUG - < sec-websocket-protocol: ocpp1.6
2023-04-18 12:27:19,646 - DEBUG - < upgrade: websocket
2023-04-18 12:27:19,646 - DEBUG - < sec-websocket-accept: I3aS1gkppZqsW+nWhTo/JAXPTYo=
2023-04-18 12:27:19,646 - DEBUG - < sec-websocket-extensions: permessage-deflate
2023-04-18 12:27:19,646 - DEBUG - < X-Cache: Miss from cloudfront
2023-04-18 12:27:19,646 - DEBUG - < Via: 1.1 013a9ec825a751410eced78024a9ae1a.cloudfront.net (CloudFront)
2023-04-18 12:27:19,647 - DEBUG - < X-Amz-Cf-Pop: ICN57-P2
2023-04-18 12:27:19,647 - DEBUG - < X-Amz-Cf-Id: lu9oZ9SumCs_JvV9A8ZbIO6u4ng7u2bmmej6hAekJoevkSKaaMcYBw==
2023-04-18 12:27:19,647 - DEBUG - = connection is OPEN
2023-04-18 12:27:19,676 - DEBUG - > TEXT '[2, "a1ce06db-a305-45e0-a2a2-d57623bbeb08", "Bo...ialNumber": "GK-0223"}]' [167 bytes]
2023-04-18 12:27:19,929 - DEBUG - < TEXT '[3, "a1ce06db-a305-45e0-a2a2-d57623bbeb08", {"s...17Z", "interval": 300}]' [123 bytes]
2023-04-18 12:27:20,031 - DEBUG - Starting new HTTPS connection (1): rgw.devevspcharger.uplus.co.kr:443
2023-04-18 12:27:21,461 - DEBUG - https://rgw.devevspcharger.uplus.co.kr:443 "POST /ioc HTTP/1.1" 200 115
2023-04-18 12:27:21,485 - DEBUG - < TEXT '[2, "eb874aba-178f-4af0-9813-fd6236579403", "Reset", {"type": "Hard"}]' [70 bytes]
2023-04-18 12:27:21,492 - DEBUG - > TEXT '[3, "eb874aba-178f-4af0-9813-fd6236579403", {"status": "Accepted"}]' [67 bytes]
2023-04-18 12:27:21,652 - DEBUG - < TEXT '' [0 bytes]
2023-04-18 12:27:21,670 - DEBUG - = connection is CLOSING
2023-04-18 12:27:21,671 - DEBUG - > CLOSE 1000 (OK) [2 bytes]
2023-04-18 12:27:21,680 - DEBUG - < CLOSE 1000 (OK) [2 bytes]
2023-04-18 12:27:21,685 - DEBUG - = connection is CLOSED
2023-04-18 12:27:37,520 - DEBUG - Starting new HTTPS connection (1): rgw.devevspcharger.uplus.co.kr:443
2023-04-18 12:27:37,961 - DEBUG - https://rgw.devevspcharger.uplus.co.kr:443 "POST /ioc HTTP/1.1" 200 77
2023-04-18 13:02:37,954 - DEBUG - = connection is CONNECTING
2023-04-18 13:02:37,989 - DEBUG - > GET /ocpp16/ELA007C05/EVSCA050001 HTTP/1.1
2023-04-18 13:02:37,989 - DEBUG - > Host: ws.devevspcharger.uplus.co.kr
2023-04-18 13:02:37,989 - DEBUG - > Upgrade: websocket
2023-04-18 13:02:37,989 - DEBUG - > Connection: Upgrade
2023-04-18 13:02:37,989 - DEBUG - > Sec-WebSocket-Key: XbEluPjD4R0qldVN2xl4Fg==
2023-04-18 13:02:37,989 - DEBUG - > Sec-WebSocket-Version: 13
2023-04-18 13:02:37,990 - DEBUG - > Sec-WebSocket-Extensions: permessage-deflate; client_max_window_bits
2023-04-18 13:02:37,990 - DEBUG - > Sec-WebSocket-Protocol: ocpp1.6
2023-04-18 13:02:37,990 - DEBUG - > Authorization: Basic RVZBUjpFVkFSTEdV
2023-04-18 13:02:37,990 - DEBUG - > User-Agent: Python/3.11 websockets/10.4
2023-04-18 13:02:39,417 - DEBUG - < HTTP/1.1 101 Switching Protocols
2023-04-18 13:02:39,417 - DEBUG - < Connection: upgrade
2023-04-18 13:02:39,418 - DEBUG - < Date: Tue, 18 Apr 2023 04:02:37 GMT
2023-04-18 13:02:39,418 - DEBUG - < sec-websocket-protocol: ocpp1.6
2023-04-18 13:02:39,418 - DEBUG - < upgrade: websocket
2023-04-18 13:02:39,418 - DEBUG - < sec-websocket-accept: aG3H7sFUeq4lo70+3ZJKa8C6V5o=
2023-04-18 13:02:39,418 - DEBUG - < sec-websocket-extensions: permessage-deflate
2023-04-18 13:02:39,418 - DEBUG - < X-Cache: Miss from cloudfront
2023-04-18 13:02:39,418 - DEBUG - < Via: 1.1 0c9ac74e4533d4cd2c0dd7de136ec086.cloudfront.net (CloudFront)
2023-04-18 13:02:39,418 - DEBUG - < X-Amz-Cf-Pop: ICN57-P2
2023-04-18 13:02:39,418 - DEBUG - < X-Amz-Cf-Id: TS0zgLa9-lXugA_H2PaL6zys52GiHSkX2qlrD1Ns7_u8AK7LsADINg==
2023-04-18 13:02:39,419 - DEBUG - = connection is OPEN
2023-04-18 13:02:39,463 - DEBUG - > TEXT '[2, "95c173b5-9f02-4a83-9705-e584295f29fe", "Bo...ePointVendor": "EVAR"}]' [127 bytes]
2023-04-18 13:02:39,713 - DEBUG - < TEXT '[3, "95c173b5-9f02-4a83-9705-e584295f29fe", {"s...37Z", "interval": 600}]' [123 bytes]
2023-04-18 13:02:45,640 - DEBUG - Starting new HTTPS connection (1): rgw.devevspcharger.uplus.co.kr:443
2023-04-18 13:02:47,046 - DEBUG - https://rgw.devevspcharger.uplus.co.kr:443 "POST /ioc HTTP/1.1" 200 198
2023-04-18 13:02:47,064 - DEBUG - < TEXT '[2, "313f783c-2bc6-4a1d-a0dc-57bcb94dd4d0", "Ge...ts", "value": "true"}}]' [153 bytes]
2023-04-18 13:02:47,094 - DEBUG - = connection is CLOSING
2023-04-18 13:02:47,095 - DEBUG - > CLOSE 1000 (OK) [2 bytes]
2023-04-18 13:02:47,102 - DEBUG - < CLOSE 1000 (OK) [2 bytes]
2023-04-18 13:02:47,114 - DEBUG - = connection is CLOSED
2023-04-18 13:02:49,176 - DEBUG - Starting new HTTPS connection (1): rgw.devevspcharger.uplus.co.kr:443
2023-04-18 13:02:49,584 - DEBUG - https://rgw.devevspcharger.uplus.co.kr:443 "POST /ioc HTTP/1.1" 200 77
2023-04-18 13:03:06,089 - DEBUG - = connection is CONNECTING
2023-04-18 13:03:06,117 - DEBUG - > GET /ocpp16/ELA007C05/EVSCA050001 HTTP/1.1
2023-04-18 13:03:06,118 - DEBUG - > Host: ws.devevspcharger.uplus.co.kr
2023-04-18 13:03:06,118 - DEBUG - > Upgrade: websocket
2023-04-18 13:03:06,118 - DEBUG - > Connection: Upgrade
2023-04-18 13:03:06,119 - DEBUG - > Sec-WebSocket-Key: ifffvCFuUE+fXi8Y2W6vFA==
2023-04-18 13:03:06,119 - DEBUG - > Sec-WebSocket-Version: 13
2023-04-18 13:03:06,119 - DEBUG - > Sec-WebSocket-Extensions: permessage-deflate; client_max_window_bits
2023-04-18 13:03:06,119 - DEBUG - > Sec-WebSocket-Protocol: ocpp1.6
2023-04-18 13:03:06,119 - DEBUG - > Authorization: Basic RVZBUjpFVkFSTEdV
2023-04-18 13:03:06,119 - DEBUG - > User-Agent: Python/3.11 websockets/10.4
2023-04-18 13:03:06,393 - DEBUG - < HTTP/1.1 101 Switching Protocols
2023-04-18 13:03:06,393 - DEBUG - < Connection: upgrade
2023-04-18 13:03:06,393 - DEBUG - < Date: Tue, 18 Apr 2023 04:03:04 GMT
2023-04-18 13:03:06,393 - DEBUG - < sec-websocket-protocol: ocpp1.6
2023-04-18 13:03:06,393 - DEBUG - < upgrade: websocket
2023-04-18 13:03:06,393 - DEBUG - < sec-websocket-accept: K/hTWUSmk6+t1yHvkV/GAV89A78=
2023-04-18 13:03:06,393 - DEBUG - < sec-websocket-extensions: permessage-deflate
2023-04-18 13:03:06,393 - DEBUG - < X-Cache: Miss from cloudfront
2023-04-18 13:03:06,393 - DEBUG - < Via: 1.1 516246c62af452cb1f8d77c8f3af9faa.cloudfront.net (CloudFront)
2023-04-18 13:03:06,393 - DEBUG - < X-Amz-Cf-Pop: ICN57-P2
2023-04-18 13:03:06,393 - DEBUG - < X-Amz-Cf-Id: _hBz00C4HIQsD9iibc6gyQkgRWQUsLR1x7vq7M5hZ6K9iWe30emLbw==
2023-04-18 13:03:06,394 - DEBUG - = connection is OPEN
2023-04-18 13:03:06,441 - DEBUG - > TEXT '[2, "5214d924-2c44-4d27-9b3f-3fa4b02f1309", "Bo...ePointVendor": "EVAR"}]' [127 bytes]
2023-04-18 13:03:06,738 - DEBUG - < TEXT '[3, "5214d924-2c44-4d27-9b3f-3fa4b02f1309", {"s...04Z", "interval": 600}]' [123 bytes]
2023-04-18 13:03:10,201 - DEBUG - Starting new HTTPS connection (1): rgw.devevspcharger.uplus.co.kr:443
2023-04-18 13:03:10,584 - DEBUG - https://rgw.devevspcharger.uplus.co.kr:443 "POST /ioc HTTP/1.1" 200 123
2023-04-18 13:03:10,597 - DEBUG - < TEXT '[2, "8a84a8b6-7b81-4279-b4b3-cfe68d31c312", "Ge...ration", {"key": [""]}]' [78 bytes]
2023-04-18 13:03:10,601 - DEBUG - > TEXT '[3, "8a84a8b6-7b81-4279-b4b3-cfe68d31c312", {"c...ts", "value": "true"}}]' [120 bytes]
2023-04-18 13:03:10,789 - DEBUG - < TEXT '' [0 bytes]
2023-04-18 13:03:14,254 - DEBUG - Starting new HTTPS connection (1): rgw.devevspcharger.uplus.co.kr:443
2023-04-18 13:03:14,625 - DEBUG - https://rgw.devevspcharger.uplus.co.kr:443 "POST /ioc HTTP/1.1" 200 164
2023-04-18 13:03:14,641 - DEBUG - < TEXT '[2, "afab923f-d854-4967-9e47-35aa93c43134", "Ch...rval", "value": "300"}]' [119 bytes]
2023-04-18 13:03:14,646 - DEBUG - > TEXT '[3, "afab923f-d854-4967-9e47-35aa93c43134", {"status": "Accepted"}]' [67 bytes]
2023-04-18 13:03:14,823 - DEBUG - < TEXT '' [0 bytes]
2023-04-18 13:03:14,859 - DEBUG - > TEXT '[2, "5214d924-2c44-4d27-9b3f-3fa4b02f1309", "Bo...ePointVendor": "EVAR"}]' [127 bytes]
2023-04-18 13:03:15,119 - DEBUG - < TEXT '[3, "5214d924-2c44-4d27-9b3f-3fa4b02f1309", {"s...12Z", "interval": 600}]' [123 bytes]
2023-04-18 13:03:15,173 - DEBUG - > TEXT '[2, "5214d924-2c44-4d27-9b3f-3fa4b02f1309", "St..."status": "Available"}]' [132 bytes]
2023-04-18 13:03:15,413 - DEBUG - < TEXT '[3, "5214d924-2c44-4d27-9b3f-3fa4b02f1309", {}]' [47 bytes]
2023-04-18 13:03:15,449 - DEBUG - > TEXT '[2, "6122c1f8-0ff0-4944-a6f7-9b3f944534ab", "Heartbeat", {}]' [60 bytes]
2023-04-18 13:03:15,633 - DEBUG - < TEXT '[3, "6122c1f8-0ff0-4944-a6f7-9b3f944534ab", {"c...2023-04-18T13:03:13Z"}]' [84 bytes]
2023-04-18 13:03:15,653 - DEBUG - = connection is CLOSING
2023-04-18 13:03:15,653 - DEBUG - > CLOSE 1000 (OK) [2 bytes]
2023-04-18 13:03:15,668 - DEBUG - < CLOSE 1000 (OK) [2 bytes]
2023-04-18 13:03:15,675 - DEBUG - = connection is CLOSED
2023-04-18 13:07:47,698 - DEBUG - = connection is CONNECTING
2023-04-18 13:07:47,733 - DEBUG - > GET /ocpp16/ELA007C05/EVSCA050001 HTTP/1.1
2023-04-18 13:07:47,733 - DEBUG - > Host: ws.devevspcharger.uplus.co.kr
2023-04-18 13:07:47,734 - DEBUG - > Upgrade: websocket
2023-04-18 13:07:47,734 - DEBUG - > Connection: Upgrade
2023-04-18 13:07:47,735 - DEBUG - > Sec-WebSocket-Key: WEDt6EzfrK2hOu9K7QKG5Q==
2023-04-18 13:07:47,735 - DEBUG - > Sec-WebSocket-Version: 13
2023-04-18 13:07:47,735 - DEBUG - > Sec-WebSocket-Extensions: permessage-deflate; client_max_window_bits
2023-04-18 13:07:47,735 - DEBUG - > Sec-WebSocket-Protocol: ocpp1.6
2023-04-18 13:07:47,735 - DEBUG - > Authorization: Basic RVZBUjpFVkFSTEdV
2023-04-18 13:07:47,735 - DEBUG - > User-Agent: Python/3.11 websockets/10.4
2023-04-18 13:07:49,143 - DEBUG - < HTTP/1.1 101 Switching Protocols
2023-04-18 13:07:49,143 - DEBUG - < Connection: upgrade
2023-04-18 13:07:49,143 - DEBUG - < Date: Tue, 18 Apr 2023 04:07:47 GMT
2023-04-18 13:07:49,143 - DEBUG - < sec-websocket-protocol: ocpp1.6
2023-04-18 13:07:49,143 - DEBUG - < upgrade: websocket
2023-04-18 13:07:49,144 - DEBUG - < sec-websocket-accept: 39DyOaHU5nAJQUGAnOPZ3YaOJs0=
2023-04-18 13:07:49,144 - DEBUG - < sec-websocket-extensions: permessage-deflate
2023-04-18 13:07:49,144 - DEBUG - < X-Cache: Miss from cloudfront
2023-04-18 13:07:49,144 - DEBUG - < Via: 1.1 8cd680512056914f119efae770348786.cloudfront.net (CloudFront)
2023-04-18 13:07:49,144 - DEBUG - < X-Amz-Cf-Pop: ICN57-P2
2023-04-18 13:07:49,144 - DEBUG - < X-Amz-Cf-Id: hUMUN7W7ru5cQ_Evyw7ra20C2oti4bhKqDG2k-OV5H5iVrtPk5x2bA==
2023-04-18 13:07:49,144 - DEBUG - = connection is OPEN
2023-04-18 13:07:49,165 - DEBUG - > TEXT '[2, "abe44d20-956d-49cf-841f-e52388f534c2", "Bo...ePointVendor": "EVAR"}]' [127 bytes]
2023-04-18 13:07:49,442 - DEBUG - < TEXT '[3, "abe44d20-956d-49cf-841f-e52388f534c2", {"s...47Z", "interval": 600}]' [123 bytes]
2023-04-18 13:07:51,254 - DEBUG - Starting new HTTPS connection (1): rgw.devevspcharger.uplus.co.kr:443
2023-04-18 13:07:51,889 - DEBUG - https://rgw.devevspcharger.uplus.co.kr:443 "POST /ioc HTTP/1.1" 200 123
2023-04-18 13:07:51,900 - DEBUG - < TEXT '[2, "16eb2e53-60f9-4fd6-98f5-740b2e326b09", "Ge...ration", {"key": [""]}]' [78 bytes]
2023-04-18 13:07:51,904 - DEBUG - > TEXT '[3, "16eb2e53-60f9-4fd6-98f5-740b2e326b09", {"c...ts", "value": "true"}}]' [120 bytes]
2023-04-18 13:07:52,091 - DEBUG - < TEXT '' [0 bytes]
2023-04-18 13:07:53,886 - DEBUG - Starting new HTTPS connection (1): rgw.devevspcharger.uplus.co.kr:443
2023-04-18 13:07:54,292 - DEBUG - https://rgw.devevspcharger.uplus.co.kr:443 "POST /ioc HTTP/1.1" 200 164
2023-04-18 13:07:54,311 - DEBUG - < TEXT '[2, "e69fd31d-3f58-4889-8281-e7a91603f52e", "Ch...rval", "value": "300"}]' [119 bytes]
2023-04-18 13:07:54,318 - DEBUG - > TEXT '[3, "e69fd31d-3f58-4889-8281-e7a91603f52e", {"status": "Accepted"}]' [67 bytes]
2023-04-18 13:07:54,480 - DEBUG - < TEXT '' [0 bytes]
2023-04-18 13:07:54,512 - DEBUG - > TEXT '[2, "abe44d20-956d-49cf-841f-e52388f534c2", "Bo...ePointVendor": "EVAR"}]' [127 bytes]
2023-04-18 13:07:54,759 - DEBUG - < TEXT '[3, "abe44d20-956d-49cf-841f-e52388f534c2", {"s...52Z", "interval": 600}]' [123 bytes]
2023-04-18 13:07:54,807 - DEBUG - > TEXT '[2, "abe44d20-956d-49cf-841f-e52388f534c2", "St..."status": "Available"}]' [132 bytes]
2023-04-18 13:07:55,000 - DEBUG - < TEXT '[3, "abe44d20-956d-49cf-841f-e52388f534c2", {}]' [47 bytes]
2023-04-18 13:07:55,036 - DEBUG - > TEXT '[2, "245656ef-2d6a-4bfc-9bd3-a4f96a794033", "Heartbeat", {}]' [60 bytes]
2023-04-18 13:07:55,230 - DEBUG - < TEXT '[3, "245656ef-2d6a-4bfc-9bd3-a4f96a794033", {"c...2023-04-18T13:07:53Z"}]' [84 bytes]
2023-04-18 13:07:55,252 - DEBUG - = connection is CLOSING
2023-04-18 13:07:55,253 - DEBUG - > CLOSE 1000 (OK) [2 bytes]
2023-04-18 13:07:55,264 - DEBUG - < CLOSE 1000 (OK) [2 bytes]
2023-04-18 13:07:55,269 - DEBUG - = connection is CLOSED
2023-04-18 13:09:38,083 - DEBUG - = connection is CONNECTING
2023-04-18 13:09:38,115 - DEBUG - > GET /ocpp16/ELA007C05/EVSCA050001 HTTP/1.1
2023-04-18 13:09:38,116 - DEBUG - > Host: ws.devevspcharger.uplus.co.kr
2023-04-18 13:09:38,116 - DEBUG - > Upgrade: websocket
2023-04-18 13:09:38,116 - DEBUG - > Connection: Upgrade
2023-04-18 13:09:38,116 - DEBUG - > Sec-WebSocket-Key: usD9nHpyYg5OstQMwM9w9A==
2023-04-18 13:09:38,116 - DEBUG - > Sec-WebSocket-Version: 13
2023-04-18 13:09:38,116 - DEBUG - > Sec-WebSocket-Extensions: permessage-deflate; client_max_window_bits
2023-04-18 13:09:38,116 - DEBUG - > Sec-WebSocket-Protocol: ocpp1.6
2023-04-18 13:09:38,116 - DEBUG - > Authorization: Basic RVZBUjpFVkFSTEdV
2023-04-18 13:09:38,116 - DEBUG - > User-Agent: Python/3.11 websockets/10.4
2023-04-18 13:09:38,703 - DEBUG - < HTTP/1.1 101 Switching Protocols
2023-04-18 13:09:38,704 - DEBUG - < Connection: upgrade
2023-04-18 13:09:38,704 - DEBUG - < Date: Tue, 18 Apr 2023 04:09:36 GMT
2023-04-18 13:09:38,704 - DEBUG - < sec-websocket-protocol: ocpp1.6
2023-04-18 13:09:38,704 - DEBUG - < upgrade: websocket
2023-04-18 13:09:38,704 - DEBUG - < sec-websocket-accept: dCFp1AvXZt7If/zl5TNOWTMPwX0=
2023-04-18 13:09:38,704 - DEBUG - < sec-websocket-extensions: permessage-deflate
2023-04-18 13:09:38,704 - DEBUG - < X-Cache: Miss from cloudfront
2023-04-18 13:09:38,704 - DEBUG - < Via: 1.1 623f9f4dd2fef338f4704e13bada95c8.cloudfront.net (CloudFront)
2023-04-18 13:09:38,704 - DEBUG - < X-Amz-Cf-Pop: ICN57-P2
2023-04-18 13:09:38,704 - DEBUG - < X-Amz-Cf-Id: Awu7o5i7R6xi6nAyWMlJ-F3gZphNMvYqF3zrqj2SM0F9Ym4FJWizVA==
2023-04-18 13:09:38,705 - DEBUG - = connection is OPEN
2023-04-18 13:09:38,727 - DEBUG - > TEXT '[2, "7701e7a6-801a-4bae-bbde-8ff6b9e80baa", "Bo...ePointVendor": "EVAR"}]' [127 bytes]
2023-04-18 13:09:39,122 - DEBUG - < TEXT '[3, "7701e7a6-801a-4bae-bbde-8ff6b9e80baa", {"s...36Z", "interval": 600}]' [123 bytes]
2023-04-18 13:09:41,124 - DEBUG - Starting new HTTPS connection (1): rgw.devevspcharger.uplus.co.kr:443
2023-04-18 13:09:41,690 - DEBUG - https://rgw.devevspcharger.uplus.co.kr:443 "POST /ioc HTTP/1.1" 200 123
2023-04-18 13:09:41,705 - DEBUG - < TEXT '[2, "4e183b2a-fa53-4aad-9fa9-5d50c3f027fb", "Ge...ration", {"key": [""]}]' [78 bytes]
2023-04-18 13:09:41,709 - DEBUG - > TEXT '[3, "4e183b2a-fa53-4aad-9fa9-5d50c3f027fb", {"c...ts", "value": "true"}}]' [120 bytes]
2023-04-18 13:09:41,881 - DEBUG - < TEXT '' [0 bytes]
2023-04-18 13:09:43,447 - DEBUG - Starting new HTTPS connection (1): rgw.devevspcharger.uplus.co.kr:443
2023-04-18 13:09:43,861 - DEBUG - https://rgw.devevspcharger.uplus.co.kr:443 "POST /ioc HTTP/1.1" 200 164
2023-04-18 13:09:43,880 - DEBUG - < TEXT '[2, "4681948a-6d95-480c-9ab8-3a6ca0cf4731", "Ch...rval", "value": "300"}]' [119 bytes]
2023-04-18 13:09:43,889 - DEBUG - > TEXT '[3, "4681948a-6d95-480c-9ab8-3a6ca0cf4731", {"status": "Accepted"}]' [67 bytes]
2023-04-18 13:09:44,060 - DEBUG - < TEXT '' [0 bytes]
2023-04-18 13:09:44,087 - DEBUG - > TEXT '[2, "7701e7a6-801a-4bae-bbde-8ff6b9e80baa", "Bo...ePointVendor": "EVAR"}]' [127 bytes]
2023-04-18 13:09:44,324 - DEBUG - < TEXT '[3, "7701e7a6-801a-4bae-bbde-8ff6b9e80baa", {"s...42Z", "interval": 600}]' [123 bytes]
2023-04-18 13:09:44,366 - DEBUG - > TEXT '[2, "7701e7a6-801a-4bae-bbde-8ff6b9e80baa", "St..."status": "Available"}]' [132 bytes]
2023-04-18 13:09:44,618 - DEBUG - < TEXT '[3, "7701e7a6-801a-4bae-bbde-8ff6b9e80baa", {}]' [47 bytes]
2023-04-18 13:09:44,660 - DEBUG - > TEXT '[2, "d62a802b-baaa-47f2-8a74-3f0f0a06b6e1", "Heartbeat", {}]' [60 bytes]
2023-04-18 13:09:44,861 - DEBUG - < TEXT '[3, "d62a802b-baaa-47f2-8a74-3f0f0a06b6e1", {"c...2023-04-18T13:09:42Z"}]' [84 bytes]
2023-04-18 13:09:44,880 - DEBUG - = connection is CLOSING
2023-04-18 13:09:44,880 - DEBUG - > CLOSE 1000 (OK) [2 bytes]
2023-04-18 13:09:44,889 - DEBUG - < CLOSE 1000 (OK) [2 bytes]
2023-04-18 13:09:44,895 - DEBUG - = connection is CLOSED
2023-04-18 13:44:01,317 - DEBUG - = connection is CONNECTING
2023-04-18 13:44:01,351 - DEBUG - > GET /ocpp16/ELA007C05/EVSCA050001 HTTP/1.1
2023-04-18 13:44:01,352 - DEBUG - > Host: ws.devevspcharger.uplus.co.kr
2023-04-18 13:44:01,352 - DEBUG - > Upgrade: websocket
2023-04-18 13:44:01,352 - DEBUG - > Connection: Upgrade
2023-04-18 13:44:01,352 - DEBUG - > Sec-WebSocket-Key: JwbpLjk2ISLyMnxsD7xAOQ==
2023-04-18 13:44:01,352 - DEBUG - > Sec-WebSocket-Version: 13
2023-04-18 13:44:01,352 - DEBUG - > Sec-WebSocket-Extensions: permessage-deflate; client_max_window_bits
2023-04-18 13:44:01,352 - DEBUG - > Sec-WebSocket-Protocol: ocpp1.6
2023-04-18 13:44:01,353 - DEBUG - > Authorization: Basic RVZBUjpFVkFSTEdV
2023-04-18 13:44:01,353 - DEBUG - > User-Agent: Python/3.11 websockets/10.4
2023-04-18 13:44:01,639 - DEBUG - < HTTP/1.1 101 Switching Protocols
2023-04-18 13:44:01,641 - DEBUG - < Connection: upgrade
2023-04-18 13:44:01,642 - DEBUG - < Date: Tue, 18 Apr 2023 04:43:59 GMT
2023-04-18 13:44:01,642 - DEBUG - < sec-websocket-protocol: ocpp1.6
2023-04-18 13:44:01,642 - DEBUG - < upgrade: websocket
2023-04-18 13:44:01,642 - DEBUG - < sec-websocket-accept: ccpPW1EeLskdP6Ljo8/7LyzWDOo=
2023-04-18 13:44:01,642 - DEBUG - < sec-websocket-extensions: permessage-deflate
2023-04-18 13:44:01,642 - DEBUG - < X-Cache: Miss from cloudfront
2023-04-18 13:44:01,642 - DEBUG - < Via: 1.1 516246c62af452cb1f8d77c8f3af9faa.cloudfront.net (CloudFront)
2023-04-18 13:44:01,642 - DEBUG - < X-Amz-Cf-Pop: ICN57-P2
2023-04-18 13:44:01,642 - DEBUG - < X-Amz-Cf-Id: NfHbPaqzE5t9FZounWeJPoJUauCfThEgzMi958-ct-U45WHIzMrJFw==
2023-04-18 13:44:01,643 - DEBUG - = connection is OPEN
2023-04-18 13:44:01,669 - DEBUG - > TEXT '[2, "255a8f79-a4ec-4d2a-a762-58bbebb9de8d", "Bo...ePointVendor": "EVAR"}]' [127 bytes]
2023-04-18 13:44:02,040 - DEBUG - < TEXT '[3, "255a8f79-a4ec-4d2a-a762-58bbebb9de8d", {"s...59Z", "interval": 600}]' [123 bytes]
2023-04-18 13:44:04,831 - DEBUG - Starting new HTTPS connection (1): rgw.devevspcharger.uplus.co.kr:443
2023-04-18 13:44:05,448 - DEBUG - https://rgw.devevspcharger.uplus.co.kr:443 "POST /ioc HTTP/1.1" 200 123
2023-04-18 13:44:05,461 - DEBUG - < TEXT '[2, "7de388c0-b12a-4e3a-bec7-7ce9d61d38e8", "Ge...ration", {"key": [""]}]' [78 bytes]
2023-04-18 13:44:05,464 - DEBUG - > TEXT '[3, "7de388c0-b12a-4e3a-bec7-7ce9d61d38e8", {"c...ts", "value": "true"}}]' [120 bytes]
2023-04-18 13:44:05,943 - DEBUG - < TEXT '' [0 bytes]
2023-04-18 13:44:07,847 - DEBUG - Starting new HTTPS connection (1): rgw.devevspcharger.uplus.co.kr:443
2023-04-18 13:44:08,258 - DEBUG - https://rgw.devevspcharger.uplus.co.kr:443 "POST /ioc HTTP/1.1" 200 164
2023-04-18 13:44:08,271 - DEBUG - < TEXT '[2, "f97674ed-28ee-444d-af99-b7c3e4e3b2a6", "Ch...rval", "value": "300"}]' [119 bytes]
2023-04-18 13:44:08,276 - DEBUG - > TEXT '[3, "f97674ed-28ee-444d-af99-b7c3e4e3b2a6", {"status": "Accepted"}]' [67 bytes]
2023-04-18 13:44:08,449 - DEBUG - < TEXT '' [0 bytes]
2023-04-18 13:44:08,479 - DEBUG - > TEXT '[2, "255a8f79-a4ec-4d2a-a762-58bbebb9de8d", "Bo...ePointVendor": "EVAR"}]' [127 bytes]
2023-04-18 13:44:08,736 - DEBUG - < TEXT '[3, "255a8f79-a4ec-4d2a-a762-58bbebb9de8d", {"s...06Z", "interval": 600}]' [123 bytes]
2023-04-18 13:44:08,776 - DEBUG - > TEXT '[2, "255a8f79-a4ec-4d2a-a762-58bbebb9de8d", "St..."status": "Available"}]' [132 bytes]
2023-04-18 13:44:09,038 - DEBUG - < TEXT '[3, "255a8f79-a4ec-4d2a-a762-58bbebb9de8d", {}]' [47 bytes]
2023-04-18 13:44:09,074 - DEBUG - > TEXT '[2, "7716846e-548e-44ee-bb00-c64583fc4ee8", "Heartbeat", {}]' [60 bytes]
2023-04-18 13:44:09,283 - DEBUG - < TEXT '[3, "7716846e-548e-44ee-bb00-c64583fc4ee8", {"c...2023-04-18T13:44:07Z"}]' [84 bytes]
2023-04-18 13:44:09,297 - DEBUG - = connection is CLOSING
2023-04-18 13:44:09,297 - DEBUG - > CLOSE 1000 (OK) [2 bytes]
2023-04-18 13:44:09,304 - DEBUG - < CLOSE 1000 (OK) [2 bytes]
2023-04-18 13:44:09,314 - DEBUG - = connection is CLOSED
2023-04-18 14:43:39,464 - DEBUG - = connection is CONNECTING
2023-04-18 14:43:39,538 - DEBUG - > GET /ocpp16/ELA007C05/EVSCA050001 HTTP/1.1
2023-04-18 14:43:39,539 - DEBUG - > Host: ws.devevspcharger.uplus.co.kr
2023-04-18 14:43:39,539 - DEBUG - > Upgrade: websocket
2023-04-18 14:43:39,539 - DEBUG - > Connection: Upgrade
2023-04-18 14:43:39,540 - DEBUG - > Sec-WebSocket-Key: kCZ5wTZLd6/bM4vhRnZ58g==
2023-04-18 14:43:39,540 - DEBUG - > Sec-WebSocket-Version: 13
2023-04-18 14:43:39,540 - DEBUG - > Sec-WebSocket-Extensions: permessage-deflate; client_max_window_bits
2023-04-18 14:43:39,540 - DEBUG - > Sec-WebSocket-Protocol: ocpp1.6
2023-04-18 14:43:39,541 - DEBUG - > Authorization: Basic RVZBUjpFVkFSTEdV
2023-04-18 14:43:39,541 - DEBUG - > User-Agent: Python/3.11 websockets/10.4
2023-04-18 14:43:40,981 - DEBUG - < HTTP/1.1 101 Switching Protocols
2023-04-18 14:43:40,981 - DEBUG - < Connection: upgrade
2023-04-18 14:43:40,982 - DEBUG - < Date: Tue, 18 Apr 2023 05:43:38 GMT
2023-04-18 14:43:40,982 - DEBUG - < sec-websocket-protocol: ocpp1.6
2023-04-18 14:43:40,982 - DEBUG - < upgrade: websocket
2023-04-18 14:43:40,982 - DEBUG - < sec-websocket-accept: 6SwTdO8tfIafzUxV4Tei2XHEJhY=
2023-04-18 14:43:40,982 - DEBUG - < sec-websocket-extensions: permessage-deflate
2023-04-18 14:43:40,982 - DEBUG - < X-Cache: Miss from cloudfront
2023-04-18 14:43:40,982 - DEBUG - < Via: 1.1 da2c164b1f4a215d9eb34f9c8a35ee3c.cloudfront.net (CloudFront)
2023-04-18 14:43:40,982 - DEBUG - < X-Amz-Cf-Pop: ICN54-C1
2023-04-18 14:43:40,983 - DEBUG - < X-Amz-Cf-Id: EfA3Qt_65NY9IIpLRqCMWi-L0okoHJWrlXiaG-UIi4Lp6OFAE0qhaw==
2023-04-18 14:43:40,984 - DEBUG - = connection is OPEN
2023-04-18 14:43:41,145 - DEBUG - > TEXT '[2, "5e2fe99e-625e-48d9-88d4-a7d6f582fbc2", "Bo...ePointVendor": "EVAR"}]' [127 bytes]
2023-04-18 14:43:41,593 - DEBUG - < TEXT '[3, "5e2fe99e-625e-48d9-88d4-a7d6f582fbc2", {"s...39Z", "interval": 600}]' [123 bytes]
2023-04-18 14:43:41,760 - DEBUG - Starting new HTTPS connection (1): rgw.devevspcharger.uplus.co.kr:443
2023-04-18 14:43:43,219 - DEBUG - https://rgw.devevspcharger.uplus.co.kr:443 "POST /ioc HTTP/1.1" 200 123
2023-04-18 14:43:43,262 - DEBUG - < TEXT '[2, "cd14f4b9-e9a6-40f4-8a6c-558a92ee5fdc", "Ge...ration", {"key": [""]}]' [78 bytes]
2023-04-18 14:43:43,278 - DEBUG - > TEXT '[3, "cd14f4b9-e9a6-40f4-8a6c-558a92ee5fdc", {"c...ts", "value": "true"}}]' [120 bytes]
2023-04-18 14:43:43,446 - DEBUG - < TEXT '' [0 bytes]
2023-04-18 14:43:43,472 - DEBUG - Starting new HTTPS connection (1): rgw.devevspcharger.uplus.co.kr:443
2023-04-18 14:43:43,894 - DEBUG - https://rgw.devevspcharger.uplus.co.kr:443 "POST /ioc HTTP/1.1" 200 164
2023-04-18 14:43:43,975 - DEBUG - < TEXT '[2, "7b7ac9c1-5532-45e3-aa70-179ac94bea2c", "Ch...rval", "value": "300"}]' [119 bytes]
2023-04-18 14:43:43,988 - DEBUG - > TEXT '[3, "7b7ac9c1-5532-45e3-aa70-179ac94bea2c", {"status": "Accepted"}]' [67 bytes]
2023-04-18 14:43:44,146 - DEBUG - < TEXT '' [0 bytes]
2023-04-18 14:43:44,188 - DEBUG - > TEXT '[2, "5e2fe99e-625e-48d9-88d4-a7d6f582fbc2", "Bo...ePointVendor": "EVAR"}]' [127 bytes]
2023-04-18 14:43:44,443 - DEBUG - < TEXT '[3, "5e2fe99e-625e-48d9-88d4-a7d6f582fbc2", {"s...42Z", "interval": 600}]' [123 bytes]
2023-04-18 14:43:44,495 - DEBUG - > TEXT '[2, "5e2fe99e-625e-48d9-88d4-a7d6f582fbc2", "St..."status": "Available"}]' [132 bytes]
2023-04-18 14:43:44,745 - DEBUG - < TEXT '[3, "5e2fe99e-625e-48d9-88d4-a7d6f582fbc2", {}]' [47 bytes]
2023-04-18 14:43:44,805 - DEBUG - > TEXT '[2, "0cac0dca-05e4-4b93-98ee-6f0bc8efd873", "Heartbeat", {}]' [60 bytes]
2023-04-18 14:43:45,039 - DEBUG - < TEXT '[3, "0cac0dca-05e4-4b93-98ee-6f0bc8efd873", {"c...2023-04-18T14:43:42Z"}]' [84 bytes]
2023-04-18 14:43:45,074 - DEBUG - = connection is CLOSING
2023-04-18 14:43:45,074 - DEBUG - > CLOSE 1000 (OK) [2 bytes]
2023-04-18 14:43:45,080 - DEBUG - < CLOSE 1000 (OK) [2 bytes]
2023-04-18 14:43:45,088 - DEBUG - = connection is CLOSED
2023-04-18 15:07:44,479 - DEBUG - = connection is CONNECTING
2023-04-18 15:07:44,515 - DEBUG - > GET /ocpp16/ELA007C05/EVSCA050001 HTTP/1.1
2023-04-18 15:07:44,515 - DEBUG - > Host: ws.devevspcharger.uplus.co.kr
2023-04-18 15:07:44,515 - DEBUG - > Upgrade: websocket
2023-04-18 15:07:44,515 - DEBUG - > Connection: Upgrade
2023-04-18 15:07:44,515 - DEBUG - > Sec-WebSocket-Key: Y8vUaHIqaulvy57OfkW/MQ==
2023-04-18 15:07:44,515 - DEBUG - > Sec-WebSocket-Version: 13
2023-04-18 15:07:44,515 - DEBUG - > Sec-WebSocket-Extensions: permessage-deflate; client_max_window_bits
2023-04-18 15:07:44,515 - DEBUG - > Sec-WebSocket-Protocol: ocpp1.6
2023-04-18 15:07:44,516 - DEBUG - > Authorization: Basic RVZBUjpFVkFSTEdV
2023-04-18 15:07:44,516 - DEBUG - > User-Agent: Python/3.11 websockets/10.4
2023-04-18 15:07:45,996 - DEBUG - < HTTP/1.1 101 Switching Protocols
2023-04-18 15:07:45,996 - DEBUG - < Connection: upgrade
2023-04-18 15:07:45,996 - DEBUG - < Date: Tue, 18 Apr 2023 06:07:43 GMT
2023-04-18 15:07:45,996 - DEBUG - < sec-websocket-protocol: ocpp1.6
2023-04-18 15:07:45,996 - DEBUG - < upgrade: websocket
2023-04-18 15:07:45,997 - DEBUG - < sec-websocket-accept: YY/Lyc7W8fqjmABy9wxpzz41gEs=
2023-04-18 15:07:45,997 - DEBUG - < sec-websocket-extensions: permessage-deflate
2023-04-18 15:07:45,997 - DEBUG - < X-Cache: Miss from cloudfront
2023-04-18 15:07:45,997 - DEBUG - < Via: 1.1 9ce5dfe6a640bb6a762b3c2889e2317e.cloudfront.net (CloudFront)
2023-04-18 15:07:45,997 - DEBUG - < X-Amz-Cf-Pop: ICN57-P2
2023-04-18 15:07:45,997 - DEBUG - < X-Amz-Cf-Id: OdtqKd_uboyE7WxKhDpU-RthpxPO77aEilYYUhfPhRcFn52sWROTsg==
2023-04-18 15:07:45,997 - DEBUG - = connection is OPEN
2023-04-18 15:07:46,030 - DEBUG - > TEXT '[2, "53e64715-9a02-4cbe-b249-cb6539c7cf1f", "Bo...ePointVendor": "EVAR"}]' [127 bytes]
2023-04-18 15:07:46,408 - DEBUG - < TEXT '[3, "53e64715-9a02-4cbe-b249-cb6539c7cf1f", {"s...44Z", "interval": 600}]' [123 bytes]
2023-04-18 15:07:46,448 - DEBUG - > TEXT '[2, "53e64715-9a02-4cbe-b249-cb6539c7cf1f", "St..."status": "Available"}]' [132 bytes]
2023-04-18 15:07:46,691 - DEBUG - < TEXT '[3, "53e64715-9a02-4cbe-b249-cb6539c7cf1f", {}]' [47 bytes]
2023-04-18 15:07:46,739 - DEBUG - > TEXT '[2, "53e64715-9a02-4cbe-b249-cb6539c7cf1f", "Au...": "1031040000069641"}]' [87 bytes]
2023-04-18 15:07:47,169 - DEBUG - < TEXT '[3, "53e64715-9a02-4cbe-b249-cb6539c7cf1f", {"i..."status": "Accepted"}}]' [82 bytes]
2023-04-18 15:07:47,211 - DEBUG - = connection is CLOSING
2023-04-18 15:07:47,211 - DEBUG - > CLOSE 1000 (OK) [2 bytes]
2023-04-18 15:07:47,222 - DEBUG - < CLOSE 1000 (OK) [2 bytes]
2023-04-18 15:07:47,232 - DEBUG - = connection is CLOSED
2023-04-18 15:07:53,590 - DEBUG - = connection is CONNECTING
2023-04-18 15:07:53,638 - DEBUG - > GET /ocpp16/ELA007C05/EVSCA050001 HTTP/1.1
2023-04-18 15:07:53,638 - DEBUG - > Host: ws.devevspcharger.uplus.co.kr
2023-04-18 15:07:53,638 - DEBUG - > Upgrade: websocket
2023-04-18 15:07:53,638 - DEBUG - > Connection: Upgrade
2023-04-18 15:07:53,639 - DEBUG - > Sec-WebSocket-Key: rGAShfPs3logEnFVocYLjw==
2023-04-18 15:07:53,639 - DEBUG - > Sec-WebSocket-Version: 13
2023-04-18 15:07:53,639 - DEBUG - > Sec-WebSocket-Extensions: permessage-deflate; client_max_window_bits
2023-04-18 15:07:53,639 - DEBUG - > Sec-WebSocket-Protocol: ocpp1.6
2023-04-18 15:07:53,639 - DEBUG - > Authorization: Basic RVZBUjpFVkFSTEdV
2023-04-18 15:07:53,639 - DEBUG - > User-Agent: Python/3.11 websockets/10.4
2023-04-18 15:07:53,860 - DEBUG - < HTTP/1.1 101 Switching Protocols
2023-04-18 15:07:53,861 - DEBUG - < Connection: upgrade
2023-04-18 15:07:53,861 - DEBUG - < Date: Tue, 18 Apr 2023 06:07:51 GMT
2023-04-18 15:07:53,861 - DEBUG - < sec-websocket-protocol: ocpp1.6
2023-04-18 15:07:53,861 - DEBUG - < upgrade: websocket
2023-04-18 15:07:53,861 - DEBUG - < sec-websocket-accept: QVCsYtmf72NFuO8c9O8vYyunQZU=
2023-04-18 15:07:53,861 - DEBUG - < sec-websocket-extensions: permessage-deflate
2023-04-18 15:07:53,861 - DEBUG - < X-Cache: Miss from cloudfront
2023-04-18 15:07:53,861 - DEBUG - < Via: 1.1 5a0f884e3a21756e824f803c83d7f3d0.cloudfront.net (CloudFront)
2023-04-18 15:07:53,861 - DEBUG - < X-Amz-Cf-Pop: ICN57-P2
2023-04-18 15:07:53,861 - DEBUG - < X-Amz-Cf-Id: P-_4zISzv2kJNoNJ4vm5kMGHACX3DnnF3YEkJz8OuuClxTBnrZCYwg==
2023-04-18 15:07:53,862 - DEBUG - = connection is OPEN
2023-04-18 15:07:53,885 - DEBUG - > TEXT '[2, "0a106697-5ee7-4031-9643-9f2709dc5bd5", "Bo...ePointVendor": "EVAR"}]' [127 bytes]
2023-04-18 15:07:54,136 - DEBUG - < TEXT '[3, "0a106697-5ee7-4031-9643-9f2709dc5bd5", {"s...51Z", "interval": 600}]' [123 bytes]
2023-04-18 15:07:54,179 - DEBUG - Starting new HTTPS connection (1): rgw.devevspcharger.uplus.co.kr:443
2023-04-18 15:07:55,636 - DEBUG - https://rgw.devevspcharger.uplus.co.kr:443 "POST /ioc HTTP/1.1" 200 123
2023-04-18 15:07:55,699 - DEBUG - < TEXT '[2, "868c72ec-3800-4b07-ae1e-5de9bd5f02af", "Ge...ration", {"key": [""]}]' [78 bytes]
2023-04-18 15:07:55,703 - DEBUG - > TEXT '[3, "868c72ec-3800-4b07-ae1e-5de9bd5f02af", {"c...ts", "value": "true"}}]' [120 bytes]
2023-04-18 15:07:55,873 - DEBUG - < TEXT '' [0 bytes]
2023-04-18 15:07:55,911 - DEBUG - Starting new HTTPS connection (1): rgw.devevspcharger.uplus.co.kr:443
2023-04-18 15:07:56,357 - DEBUG - https://rgw.devevspcharger.uplus.co.kr:443 "POST /ioc HTTP/1.1" 200 164
2023-04-18 15:07:56,412 - DEBUG - < TEXT '[2, "04a42475-709e-4a10-a0ea-854707cabc78", "Ch...rval", "value": "300"}]' [119 bytes]
2023-04-18 15:07:56,420 - DEBUG - > TEXT '[3, "04a42475-709e-4a10-a0ea-854707cabc78", {"status": "Accepted"}]' [67 bytes]
2023-04-18 15:07:56,612 - DEBUG - < TEXT '' [0 bytes]
2023-04-18 15:07:56,647 - DEBUG - > TEXT '[2, "0a106697-5ee7-4031-9643-9f2709dc5bd5", "Bo...ePointVendor": "EVAR"}]' [127 bytes]
2023-04-18 15:07:56,935 - DEBUG - < TEXT '[3, "0a106697-5ee7-4031-9643-9f2709dc5bd5", {"s...54Z", "interval": 600}]' [123 bytes]
2023-04-18 15:07:56,973 - DEBUG - > TEXT '[2, "0a106697-5ee7-4031-9643-9f2709dc5bd5", "St..."status": "Available"}]' [132 bytes]
2023-04-18 15:07:57,268 - DEBUG - < TEXT '[3, "0a106697-5ee7-4031-9643-9f2709dc5bd5", {}]' [47 bytes]
2023-04-18 15:07:57,318 - DEBUG - > TEXT '[2, "64a28889-9fea-483f-9ad9-abbf50ea8218", "Heartbeat", {}]' [60 bytes]
2023-04-18 15:07:57,555 - DEBUG - < TEXT '[3, "64a28889-9fea-483f-9ad9-abbf50ea8218", {"c...2023-04-18T15:07:55Z"}]' [84 bytes]
2023-04-18 15:07:57,578 - DEBUG - = connection is CLOSING
2023-04-18 15:07:57,578 - DEBUG - > CLOSE 1000 (OK) [2 bytes]
2023-04-18 15:07:57,586 - DEBUG - < CLOSE 1000 (OK) [2 bytes]
2023-04-18 15:07:57,591 - DEBUG - = connection is CLOSED
2023-04-18 15:11:05,671 - DEBUG - = connection is CONNECTING
2023-04-18 15:11:05,701 - DEBUG - > GET /ocpp16/ELA007C05/EVSCA050001 HTTP/1.1
2023-04-18 15:11:05,702 - DEBUG - > Host: ws.devevspcharger.uplus.co.kr
2023-04-18 15:11:05,702 - DEBUG - > Upgrade: websocket
2023-04-18 15:11:05,702 - DEBUG - > Connection: Upgrade
2023-04-18 15:11:05,702 - DEBUG - > Sec-WebSocket-Key: YuEHpHg6lWCIvjaX5PXLUA==
2023-04-18 15:11:05,702 - DEBUG - > Sec-WebSocket-Version: 13
2023-04-18 15:11:05,702 - DEBUG - > Sec-WebSocket-Extensions: permessage-deflate; client_max_window_bits
2023-04-18 15:11:05,702 - DEBUG - > Sec-WebSocket-Protocol: ocpp1.6
2023-04-18 15:11:05,702 - DEBUG - > Authorization: Basic RVZBUjpFVkFSTEdV
2023-04-18 15:11:05,703 - DEBUG - > User-Agent: Python/3.11 websockets/10.4
2023-04-18 15:11:07,037 - DEBUG - < HTTP/1.1 101 Switching Protocols
2023-04-18 15:11:07,038 - DEBUG - < Connection: upgrade
2023-04-18 15:11:07,038 - DEBUG - < Date: Tue, 18 Apr 2023 06:11:04 GMT
2023-04-18 15:11:07,038 - DEBUG - < sec-websocket-protocol: ocpp1.6
2023-04-18 15:11:07,038 - DEBUG - < upgrade: websocket
2023-04-18 15:11:07,038 - DEBUG - < sec-websocket-accept: lHIZW+vKuF1DBgDYjKqsRDrJ75U=
2023-04-18 15:11:07,038 - DEBUG - < sec-websocket-extensions: permessage-deflate
2023-04-18 15:11:07,038 - DEBUG - < X-Cache: Miss from cloudfront
2023-04-18 15:11:07,039 - DEBUG - < Via: 1.1 0a9548baf65e130ce12c4d90cb22d962.cloudfront.net (CloudFront)
2023-04-18 15:11:07,039 - DEBUG - < X-Amz-Cf-Pop: ICN57-P2
2023-04-18 15:11:07,039 - DEBUG - < X-Amz-Cf-Id: i9rQzMsEXKL_c1xjZTUjkz408DKQjNrT6Ag9C4-Hz02qrfWrN0y3AQ==
2023-04-18 15:11:07,039 - DEBUG - = connection is OPEN
2023-04-18 15:11:07,063 - DEBUG - > TEXT '[2, "95d15e99-70b7-45e8-8660-1e127e4cf46f", "Bo...ePointVendor": "EVAR"}]' [127 bytes]
2023-04-18 15:11:07,335 - DEBUG - < TEXT '[3, "95d15e99-70b7-45e8-8660-1e127e4cf46f", {"s...05Z", "interval": 600}]' [123 bytes]
2023-04-18 15:11:07,376 - DEBUG - Starting new HTTPS connection (1): rgw.devevspcharger.uplus.co.kr:443
2023-04-18 15:11:07,991 - DEBUG - https://rgw.devevspcharger.uplus.co.kr:443 "POST /ioc HTTP/1.1" 200 123
2023-04-18 15:11:08,037 - DEBUG - < TEXT '[2, "e9e456fe-1ea9-4e2e-8326-bdba9a9c57e5", "Ge...ration", {"key": [""]}]' [78 bytes]
2023-04-18 15:11:08,045 - DEBUG - > TEXT '[3, "e9e456fe-1ea9-4e2e-8326-bdba9a9c57e5", {"c...ts", "value": "true"}}]' [120 bytes]
2023-04-18 15:11:08,213 - DEBUG - < TEXT '' [0 bytes]
2023-04-18 15:11:08,331 - DEBUG - Starting new HTTPS connection (1): rgw.devevspcharger.uplus.co.kr:443
2023-04-18 15:11:08,772 - DEBUG - https://rgw.devevspcharger.uplus.co.kr:443 "POST /ioc HTTP/1.1" 200 164
2023-04-18 15:11:08,850 - DEBUG - < TEXT '[2, "42fe03fa-3898-43ae-969d-f3c64e9f81d2", "Ch...rval", "value": "300"}]' [119 bytes]
2023-04-18 15:11:08,864 - DEBUG - > TEXT '[3, "42fe03fa-3898-43ae-969d-f3c64e9f81d2", {"status": "Accepted"}]' [67 bytes]
2023-04-18 15:11:09,034 - DEBUG - < TEXT '' [0 bytes]
2023-04-18 15:11:09,090 - DEBUG - > TEXT '[2, "95d15e99-70b7-45e8-8660-1e127e4cf46f", "Bo...ePointVendor": "EVAR"}]' [127 bytes]
2023-04-18 15:11:09,383 - DEBUG - < TEXT '[3, "95d15e99-70b7-45e8-8660-1e127e4cf46f", {"s...07Z", "interval": 600}]' [123 bytes]
2023-04-18 15:11:09,436 - DEBUG - > TEXT '[2, "95d15e99-70b7-45e8-8660-1e127e4cf46f", "St..."status": "Available"}]' [132 bytes]
2023-04-18 15:11:09,761 - DEBUG - < TEXT '[3, "95d15e99-70b7-45e8-8660-1e127e4cf46f", {}]' [47 bytes]
2023-04-18 15:11:09,804 - DEBUG - > TEXT '[2, "1ff3f176-ad99-4d9f-bd33-3d953a4feb24", "Heartbeat", {}]' [60 bytes]
2023-04-18 15:11:09,975 - DEBUG - < TEXT '[3, "1ff3f176-ad99-4d9f-bd33-3d953a4feb24", {"c...2023-04-18T15:11:07Z"}]' [84 bytes]
2023-04-18 15:11:10,000 - DEBUG - = connection is CLOSING
2023-04-18 15:11:10,000 - DEBUG - > CLOSE 1000 (OK) [2 bytes]
2023-04-18 15:11:10,008 - DEBUG - < CLOSE 1000 (OK) [2 bytes]
2023-04-18 15:11:10,014 - DEBUG - = connection is CLOSED
2023-04-18 15:12:48,005 - DEBUG - = connection is CONNECTING
2023-04-18 15:12:48,044 - DEBUG - > GET /ocpp16/ELA007C01/EVSCA070007 HTTP/1.1
2023-04-18 15:12:48,044 - DEBUG - > Host: ws.devevspcharger.uplus.co.kr
2023-04-18 15:12:48,044 - DEBUG - > Upgrade: websocket
2023-04-18 15:12:48,044 - DEBUG - > Connection: Upgrade
2023-04-18 15:12:48,044 - DEBUG - > Sec-WebSocket-Key: JGIw4dG8691CI0P2Vm1kDQ==
2023-04-18 15:12:48,044 - DEBUG - > Sec-WebSocket-Version: 13
2023-04-18 15:12:48,045 - DEBUG - > Sec-WebSocket-Extensions: permessage-deflate; client_max_window_bits
2023-04-18 15:12:48,045 - DEBUG - > Sec-WebSocket-Protocol: ocpp1.6
2023-04-18 15:12:48,045 - DEBUG - > Authorization: Basic RVZBUjpFVkFSTEdV
2023-04-18 15:12:48,045 - DEBUG - > User-Agent: Python/3.11 websockets/10.4
2023-04-18 15:12:48,647 - DEBUG - < HTTP/1.1 101 Switching Protocols
2023-04-18 15:12:48,647 - DEBUG - < Connection: upgrade
2023-04-18 15:12:48,648 - DEBUG - < Date: Tue, 18 Apr 2023 06:12:46 GMT
2023-04-18 15:12:48,648 - DEBUG - < sec-websocket-protocol: ocpp1.6
2023-04-18 15:12:48,648 - DEBUG - < upgrade: websocket
2023-04-18 15:12:48,648 - DEBUG - < sec-websocket-accept: aZSrV8rtn8AveyQcYb0tkBB4cd0=
2023-04-18 15:12:48,648 - DEBUG - < sec-websocket-extensions: permessage-deflate
2023-04-18 15:12:48,648 - DEBUG - < X-Cache: Miss from cloudfront
2023-04-18 15:12:48,648 - DEBUG - < Via: 1.1 addf940186af6aa7dc864a17e45130c6.cloudfront.net (CloudFront)
2023-04-18 15:12:48,648 - DEBUG - < X-Amz-Cf-Pop: ICN57-P2
2023-04-18 15:12:48,649 - DEBUG - < X-Amz-Cf-Id: _bt3U7KWSCTUy9Wik_6VQcVQ-x9XWqLG0Zt3fZYKKa3t5qLDPo9h5w==
2023-04-18 15:12:48,649 - DEBUG - = connection is OPEN
2023-04-18 15:12:48,692 - DEBUG - > TEXT '[2, "63c9b138-b1b6-4a1d-86a4-e1b95063faf9", "Bo...umber": "EVSCA070007"}]' [169 bytes]
2023-04-18 15:12:48,965 - DEBUG - < TEXT '[3, "63c9b138-b1b6-4a1d-86a4-e1b95063faf9", {"s...46Z", "interval": 300}]' [123 bytes]
2023-04-18 15:12:49,015 - DEBUG - > TEXT '[2, "63c9b138-b1b6-4a1d-86a4-e1b95063faf9", "St..."status": "Available"}]' [132 bytes]
2023-04-18 15:12:49,237 - DEBUG - < TEXT '[3, "63c9b138-b1b6-4a1d-86a4-e1b95063faf9", {}]' [47 bytes]
2023-04-18 15:12:49,282 - DEBUG - > TEXT '[2, "63c9b138-b1b6-4a1d-86a4-e1b95063faf9", "Au...": "1031040000069641"}]' [87 bytes]
2023-04-18 15:12:49,643 - DEBUG - < TEXT '[3, "63c9b138-b1b6-4a1d-86a4-e1b95063faf9", {"i...tus": "ConcurrentTx"}}]' [86 bytes]
2023-04-18 15:12:49,669 - DEBUG - = connection is CLOSING
2023-04-18 15:12:49,669 - DEBUG - > CLOSE 1000 (OK) [2 bytes]
2023-04-18 15:12:49,676 - DEBUG - < CLOSE 1000 (OK) [2 bytes]
2023-04-18 15:12:49,684 - DEBUG - = connection is CLOSED
2023-04-18 15:56:21,395 - DEBUG - = connection is CONNECTING
2023-04-18 15:56:21,435 - DEBUG - > GET /ocpp16/ELA007C05/EVSCA050001 HTTP/1.1
2023-04-18 15:56:21,436 - DEBUG - > Host: ws.devevspcharger.uplus.co.kr
2023-04-18 15:56:21,436 - DEBUG - > Upgrade: websocket
2023-04-18 15:56:21,436 - DEBUG - > Connection: Upgrade
2023-04-18 15:56:21,436 - DEBUG - > Sec-WebSocket-Key: nuaBgALnpXHWrksb+oig1A==
2023-04-18 15:56:21,436 - DEBUG - > Sec-WebSocket-Version: 13
2023-04-18 15:56:21,436 - DEBUG - > Sec-WebSocket-Extensions: permessage-deflate; client_max_window_bits
2023-04-18 15:56:21,436 - DEBUG - > Sec-WebSocket-Protocol: ocpp1.6
2023-04-18 15:56:21,436 - DEBUG - > Authorization: Basic RVZBUjpFVkFSTEdV
2023-04-18 15:56:21,436 - DEBUG - > User-Agent: Python/3.11 websockets/10.4
2023-04-18 15:56:22,767 - DEBUG - < HTTP/1.1 101 Switching Protocols
2023-04-18 15:56:22,768 - DEBUG - < Connection: upgrade
2023-04-18 15:56:22,769 - DEBUG - < Date: Tue, 18 Apr 2023 06:56:20 GMT
2023-04-18 15:56:22,769 - DEBUG - < sec-websocket-protocol: ocpp1.6
2023-04-18 15:56:22,769 - DEBUG - < upgrade: websocket
2023-04-18 15:56:22,769 - DEBUG - < sec-websocket-accept: 7bHRPejdZSHPjFpLSvCDlQ7NSlk=
2023-04-18 15:56:22,769 - DEBUG - < sec-websocket-extensions: permessage-deflate
2023-04-18 15:56:22,769 - DEBUG - < X-Cache: Miss from cloudfront
2023-04-18 15:56:22,769 - DEBUG - < Via: 1.1 702d274aeab676890c1a399c8e170886.cloudfront.net (CloudFront)
2023-04-18 15:56:22,769 - DEBUG - < X-Amz-Cf-Pop: ICN57-P2
2023-04-18 15:56:22,770 - DEBUG - < X-Amz-Cf-Id: VvjN3gVNQznEJNYnm6GJnILGq5bD1cUxGOFk94AFDbYZ98T0vev7Qw==
2023-04-18 15:56:22,770 - DEBUG - = connection is OPEN
2023-04-18 15:56:22,804 - DEBUG - > TEXT '[2, "e51231da-cb23-48fa-bcd4-86686bd638e7", "Bo...ePointVendor": "EVAR"}]' [127 bytes]
2023-04-18 15:56:23,072 - DEBUG - < TEXT '[3, "e51231da-cb23-48fa-bcd4-86686bd638e7", {"s...20Z", "interval": 600}]' [123 bytes]
2023-04-18 15:56:23,118 - DEBUG - > TEXT '[2, "e51231da-cb23-48fa-bcd4-86686bd638e7", "St..."status": "Available"}]' [132 bytes]
2023-04-18 15:56:23,389 - DEBUG - < TEXT '[3, "e51231da-cb23-48fa-bcd4-86686bd638e7", {}]' [47 bytes]
2023-04-18 15:56:23,428 - DEBUG - > TEXT '[2, "e51231da-cb23-48fa-bcd4-86686bd638e7", "Au...": "1031040000069641"}]' [87 bytes]
2023-04-18 15:56:23,672 - DEBUG - < TEXT '[3, "e51231da-cb23-48fa-bcd4-86686bd638e7", {"i..."status": "Accepted"}}]' [82 bytes]
2023-04-18 15:56:23,727 - DEBUG - = connection is CLOSING
2023-04-18 15:56:23,728 - DEBUG - > CLOSE 1000 (OK) [2 bytes]
2023-04-18 15:56:23,740 - DEBUG - < CLOSE 1000 (OK) [2 bytes]
2023-04-18 15:56:23,748 - DEBUG - = connection is CLOSED
2023-04-18 16:14:55,175 - DEBUG - = connection is CONNECTING
2023-04-18 16:14:55,221 - DEBUG - > GET /ocpp16/ELA007C05/EVSCA050001 HTTP/1.1
2023-04-18 16:14:55,222 - DEBUG - > Host: ws.devevspcharger.uplus.co.kr
2023-04-18 16:14:55,222 - DEBUG - > Upgrade: websocket
2023-04-18 16:14:55,222 - DEBUG - > Connection: Upgrade
2023-04-18 16:14:55,222 - DEBUG - > Sec-WebSocket-Key: lMFhTHt84mGYz4Vsh/ckBA==
2023-04-18 16:14:55,222 - DEBUG - > Sec-WebSocket-Version: 13
2023-04-18 16:14:55,222 - DEBUG - > Sec-WebSocket-Extensions: permessage-deflate; client_max_window_bits
2023-04-18 16:14:55,222 - DEBUG - > Sec-WebSocket-Protocol: ocpp1.6
2023-04-18 16:14:55,223 - DEBUG - > Authorization: Basic RVZBUjpFVkFSTEdV
2023-04-18 16:14:55,223 - DEBUG - > User-Agent: Python/3.11 websockets/10.4
2023-04-18 16:15:05,159 - DEBUG - ! failing connection with code 1006
2023-04-18 16:15:05,165 - DEBUG - x closing TCP connection
2023-04-18 16:15:05,494 - DEBUG - = connection is CONNECTING
2023-04-18 16:15:05,527 - DEBUG - > GET /ocpp16/ELA007C05/EVSCA050001 HTTP/1.1
2023-04-18 16:15:05,527 - DEBUG - > Host: ws.devevspcharger.uplus.co.kr
2023-04-18 16:15:05,527 - DEBUG - > Upgrade: websocket
2023-04-18 16:15:05,528 - DEBUG - > Connection: Upgrade
2023-04-18 16:15:05,528 - DEBUG - > Sec-WebSocket-Key: qH01aJ/bJL/QWSGNUx1YjQ==
2023-04-18 16:15:05,528 - DEBUG - > Sec-WebSocket-Version: 13
2023-04-18 16:15:05,528 - DEBUG - > Sec-WebSocket-Extensions: permessage-deflate; client_max_window_bits
2023-04-18 16:15:05,528 - DEBUG - > Sec-WebSocket-Protocol: ocpp1.6
2023-04-18 16:15:05,528 - DEBUG - > Authorization: Basic RVZBUjpFVkFSTEdV
2023-04-18 16:15:05,528 - DEBUG - > User-Agent: Python/3.11 websockets/10.4
2023-04-18 16:15:15,162 - DEBUG - ! timed out waiting for TCP close
2023-04-18 16:15:15,162 - DEBUG - x aborting TCP connection
2023-04-18 16:15:15,167 - DEBUG - = connection is CLOSED
2023-04-18 16:15:15,219 - ERROR - Task exception was never retrieved
future: <Task finished name='Task-44' coro=<ChargerSim.startEvent() done, defined at D:\workspace\wss\main.py:124> exception=AttributeError("'NoneType' object has no attribute 'send'")>
Traceback (most recent call last):
  File "D:\workspace\wss\main.py", line 144, in startEvent
    await self.charger.runcase(self.TC_selected if len(self.TC_selected.keys())>0 else self.TC)
  File "D:\workspace\wss\Charger.py", line 383, in runcase
    recv = await self.sendDocs(doc)
           ^^^^^^^^^^^^^^^^^^^^^^^^
  File "D:\workspace\wss\Charger.py", line 247, in sendDocs
    await self.ws.send(json.dumps(doc))
          ^^^^^^^^^^^^
AttributeError: 'NoneType' object has no attribute 'send'
2023-04-18 16:15:15,486 - DEBUG - ! failing connection with code 1006
2023-04-18 16:15:15,486 - DEBUG - x closing TCP connection
2023-04-18 16:15:25,482 - DEBUG - ! timed out waiting for TCP close
2023-04-18 16:15:25,482 - DEBUG - x aborting TCP connection
2023-04-18 16:15:25,485 - DEBUG - = connection is CLOSED
2023-04-18 16:15:25,510 - ERROR - Task exception was never retrieved
future: <Task finished name='Task-47' coro=<ChargerSim.startEvent() done, defined at D:\workspace\wss\main.py:124> exception=AttributeError("'NoneType' object has no attribute 'send'")>
Traceback (most recent call last):
  File "D:\workspace\wss\main.py", line 144, in startEvent
    await self.charger.runcase(self.TC_selected if len(self.TC_selected.keys())>0 else self.TC)
  File "D:\workspace\wss\Charger.py", line 383, in runcase
    recv = await self.sendDocs(doc)
           ^^^^^^^^^^^^^^^^^^^^^^^^
  File "D:\workspace\wss\Charger.py", line 247, in sendDocs
    await self.ws.send(json.dumps(doc))
          ^^^^^^^^^^^^
AttributeError: 'NoneType' object has no attribute 'send'
2023-04-18 16:55:53,504 - DEBUG - = connection is CONNECTING
2023-04-18 16:55:53,551 - DEBUG - > GET /ocpp16/ELA007C05/EVSCA050001 HTTP/1.1
2023-04-18 16:55:53,551 - DEBUG - > Host: ws.devevspcharger.uplus.co.kr
2023-04-18 16:55:53,552 - DEBUG - > Upgrade: websocket
2023-04-18 16:55:53,552 - DEBUG - > Connection: Upgrade
2023-04-18 16:55:53,552 - DEBUG - > Sec-WebSocket-Key: XdBa4LaGFkraxuROIx05zw==
2023-04-18 16:55:53,552 - DEBUG - > Sec-WebSocket-Version: 13
2023-04-18 16:55:53,552 - DEBUG - > Sec-WebSocket-Extensions: permessage-deflate; client_max_window_bits
2023-04-18 16:55:53,553 - DEBUG - > Sec-WebSocket-Protocol: ocpp1.6
2023-04-18 16:55:53,553 - DEBUG - > Authorization: Basic RVZBUjpFVkFSTEdV
2023-04-18 16:55:53,554 - DEBUG - > User-Agent: Python/3.11 websockets/10.4
2023-04-18 16:55:55,028 - DEBUG - < HTTP/1.1 101 Switching Protocols
2023-04-18 16:55:55,028 - DEBUG - < Connection: upgrade
2023-04-18 16:55:55,028 - DEBUG - < Date: Tue, 18 Apr 2023 07:55:52 GMT
2023-04-18 16:55:55,028 - DEBUG - < sec-websocket-protocol: ocpp1.6
2023-04-18 16:55:55,028 - DEBUG - < upgrade: websocket
2023-04-18 16:55:55,028 - DEBUG - < sec-websocket-accept: OOVu85a14R/aYVq7d0EtI1NJh9w=
2023-04-18 16:55:55,028 - DEBUG - < sec-websocket-extensions: permessage-deflate
2023-04-18 16:55:55,028 - DEBUG - < X-Cache: Miss from cloudfront
2023-04-18 16:55:55,028 - DEBUG - < Via: 1.1 1c2dddf38b53f960ce106f4047c232e4.cloudfront.net (CloudFront)
2023-04-18 16:55:55,029 - DEBUG - < X-Amz-Cf-Pop: ICN57-P2
2023-04-18 16:55:55,029 - DEBUG - < X-Amz-Cf-Id: x3s9HCvLnC-IyjL-Ckfd2A4fJcjOlpHMfquHxOF7Q6y5GiGWxpf5Yw==
2023-04-18 16:55:55,032 - DEBUG - = connection is OPEN
2023-04-18 16:55:55,066 - DEBUG - > TEXT '[2, "3600dae1-abb2-4347-a8d6-3f73777afa84", "Bo...ePointVendor": "EVAR"}]' [127 bytes]
2023-04-18 16:55:55,721 - DEBUG - < TEXT '[3, "3600dae1-abb2-4347-a8d6-3f73777afa84", {"s...53Z", "interval": 600}]' [123 bytes]
2023-04-18 16:55:55,756 - DEBUG - > TEXT '[2, "3600dae1-abb2-4347-a8d6-3f73777afa84", "St..."status": "Available"}]' [132 bytes]
2023-04-18 16:55:56,703 - DEBUG - < TEXT '[3, "3600dae1-abb2-4347-a8d6-3f73777afa84", {}]' [47 bytes]
2023-04-18 16:55:56,736 - DEBUG - > TEXT '[2, "3600dae1-abb2-4347-a8d6-3f73777afa84", "Au...": "1031040000069641"}]' [87 bytes]
2023-04-18 16:55:57,493 - DEBUG - < TEXT '[3, "3600dae1-abb2-4347-a8d6-3f73777afa84", {"i..."status": "Accepted"}}]' [82 bytes]
2023-04-18 16:55:57,519 - DEBUG - = connection is CLOSING
2023-04-18 16:55:57,519 - DEBUG - > CLOSE 1000 (OK) [2 bytes]
2023-04-18 16:55:57,531 - DEBUG - < CLOSE 1000 (OK) [2 bytes]
2023-04-18 16:55:57,535 - DEBUG - = connection is CLOSED
2023-04-24 09:38:52,768 - ERROR - Task exception was never retrieved
future: <Task finished name='Task-2' coro=<ChargerSim.startEvent() done, defined at D:\workspace\wss\main.py:124> exception=AttributeError("'NoneType' object has no attribute 'send'")>
Traceback (most recent call last):
  File "D:\workspace\wss\main.py", line 144, in startEvent
    await self.charger.runcase(self.TC_selected if len(self.TC_selected.keys())>0 else self.TC)
  File "D:\workspace\wss\Charger.py", line 383, in runcase
    recv = await self.sendDocs(doc)
           ^^^^^^^^^^^^^^^^^^^^^^^^
  File "D:\workspace\wss\Charger.py", line 247, in sendDocs
    await self.ws.send(json.dumps(doc))
          ^^^^^^^^^^^^
AttributeError: 'NoneType' object has no attribute 'send'
2023-04-24 11:07:54,027 - ERROR - Task exception was never retrieved
future: <Task finished name='Task-2' coro=<ChargerSim.startEvent() done, defined at D:\workspace\wss\main.py:124> exception=AttributeError("'NoneType' object has no attribute 'send'")>
Traceback (most recent call last):
  File "D:\workspace\wss\main.py", line 144, in startEvent
    await self.charger.runcase(self.TC_selected if len(self.TC_selected.keys())>0 else self.TC)
  File "D:\workspace\wss\Charger.py", line 383, in runcase
    recv = await self.sendDocs(doc)
           ^^^^^^^^^^^^^^^^^^^^^^^^
  File "D:\workspace\wss\Charger.py", line 247, in sendDocs
    await self.ws.send(json.dumps(doc))
          ^^^^^^^^^^^^
AttributeError: 'NoneType' object has no attribute 'send'
2023-04-24 11:11:37,281 - ERROR - Task exception was never retrieved
future: <Task finished name='Task-4' coro=<ChargerSim.startEvent() done, defined at D:\workspace\wss\main.py:124> exception=AttributeError("'NoneType' object has no attribute 'send'")>
Traceback (most recent call last):
  File "D:\workspace\wss\main.py", line 144, in startEvent
    await self.charger.runcase(self.TC_selected if len(self.TC_selected.keys())>0 else self.TC)
  File "D:\workspace\wss\Charger.py", line 383, in runcase
    recv = await self.sendDocs(doc)
           ^^^^^^^^^^^^^^^^^^^^^^^^
  File "D:\workspace\wss\Charger.py", line 247, in sendDocs
    await self.ws.send(json.dumps(doc))
          ^^^^^^^^^^^^
AttributeError: 'NoneType' object has no attribute 'send'
2023-04-24 12:38:29,969 - DEBUG - = connection is CONNECTING
2023-04-24 12:38:30,128 - DEBUG - > GET /ocpp16/ELA007C05/EVSCA050001 HTTP/1.1
2023-04-24 12:38:30,129 - DEBUG - > Host: ws.devevspcharger.uplus.co.kr
2023-04-24 12:38:30,130 - DEBUG - > Upgrade: websocket
2023-04-24 12:38:30,130 - DEBUG - > Connection: Upgrade
2023-04-24 12:38:30,131 - DEBUG - > Sec-WebSocket-Key: GcuufiijJ3C/cOF8XxbezA==
2023-04-24 12:38:30,131 - DEBUG - > Sec-WebSocket-Version: 13
2023-04-24 12:38:30,131 - DEBUG - > Sec-WebSocket-Extensions: permessage-deflate; client_max_window_bits
2023-04-24 12:38:30,131 - DEBUG - > Sec-WebSocket-Protocol: ocpp1.6
2023-04-24 12:38:30,132 - DEBUG - > Authorization: Basic RVZBUjpFVkFSTEdV
2023-04-24 12:38:30,132 - DEBUG - > User-Agent: Python/3.11 websockets/10.4
2023-04-24 12:38:31,467 - DEBUG - < HTTP/1.1 101 Switching Protocols
2023-04-24 12:38:31,469 - DEBUG - < Connection: upgrade
2023-04-24 12:38:31,469 - DEBUG - < Date: Mon, 24 Apr 2023 03:38:20 GMT
2023-04-24 12:38:31,469 - DEBUG - < sec-websocket-protocol: ocpp1.6
2023-04-24 12:38:31,470 - DEBUG - < upgrade: websocket
2023-04-24 12:38:31,470 - DEBUG - < sec-websocket-accept: NwW9HC3nO1m8sUDdATYln1YFivI=
2023-04-24 12:38:31,470 - DEBUG - < sec-websocket-extensions: permessage-deflate
2023-04-24 12:38:31,470 - DEBUG - < X-Cache: Miss from cloudfront
2023-04-24 12:38:31,470 - DEBUG - < Via: 1.1 5a0f884e3a21756e824f803c83d7f3d0.cloudfront.net (CloudFront)
2023-04-24 12:38:31,470 - DEBUG - < X-Amz-Cf-Pop: ICN57-P2
2023-04-24 12:38:31,471 - DEBUG - < X-Amz-Cf-Id: d_AGygGrmJ0QTO07V1TwqUl0M0Wj8IGY5hyZxap6jfKDXt7z8FZfQw==
2023-04-24 12:38:31,478 - DEBUG - = connection is OPEN
2023-04-24 12:38:31,533 - DEBUG - > TEXT '[2, "8bea8255-8719-4d96-ad1f-3e08c23e092f", "Bo...ePointVendor": "EVAR"}]' [127 bytes]
2023-04-24 12:38:32,057 - DEBUG - < TEXT '[3, "8bea8255-8719-4d96-ad1f-3e08c23e092f", {"s...20Z", "interval": 600}]' [123 bytes]
2023-04-24 12:38:32,342 - DEBUG - Starting new HTTPS connection (1): rgw.devevspcharger.uplus.co.kr:443
2023-04-24 12:38:33,880 - DEBUG - https://rgw.devevspcharger.uplus.co.kr:443 "POST /ioc HTTP/1.1" 200 123
2023-04-24 12:38:33,957 - DEBUG - < TEXT '[2, "5da766c3-73d2-43ad-977a-8db6fc99d91b", "Ge...ration", {"key": [""]}]' [78 bytes]
2023-04-24 12:38:33,973 - DEBUG - > TEXT '[3, "5da766c3-73d2-43ad-977a-8db6fc99d91b", {"c...ts", "value": "true"}}]' [120 bytes]
2023-04-24 12:38:34,414 - DEBUG - < TEXT '' [0 bytes]
2023-04-24 12:38:34,459 - DEBUG - Starting new HTTPS connection (1): rgw.devevspcharger.uplus.co.kr:443
2023-04-24 12:38:34,894 - DEBUG - https://rgw.devevspcharger.uplus.co.kr:443 "POST /ioc HTTP/1.1" 200 164
2023-04-24 12:38:35,108 - DEBUG - < TEXT '[2, "30056522-5906-4b22-8cae-709b4a4fb5ee", "Ch...rval", "value": "300"}]' [119 bytes]
2023-04-24 12:38:35,128 - DEBUG - > TEXT '[3, "30056522-5906-4b22-8cae-709b4a4fb5ee", {"status": "Accepted"}]' [67 bytes]
2023-04-24 12:38:35,318 - DEBUG - < TEXT '' [0 bytes]
2023-04-24 12:38:35,355 - DEBUG - > TEXT '[2, "8bea8255-8719-4d96-ad1f-3e08c23e092f", "Bo...ePointVendor": "EVAR"}]' [127 bytes]
2023-04-24 12:38:36,527 - DEBUG - < TEXT '[3, "8bea8255-8719-4d96-ad1f-3e08c23e092f", {"s...24Z", "interval": 600}]' [123 bytes]
2023-04-24 12:38:36,591 - DEBUG - > TEXT '[2, "8bea8255-8719-4d96-ad1f-3e08c23e092f", "St..."status": "Available"}]' [132 bytes]
2023-04-24 12:38:36,941 - DEBUG - < TEXT '[3, "8bea8255-8719-4d96-ad1f-3e08c23e092f", {}]' [47 bytes]
2023-04-24 12:38:36,997 - DEBUG - > TEXT '[2, "babc0d85-f0cf-4303-94a2-bdf6bd457cbf", "Heartbeat", {}]' [60 bytes]
2023-04-24 12:38:37,215 - DEBUG - < TEXT '[3, "babc0d85-f0cf-4303-94a2-bdf6bd457cbf", {"c...2023-04-24T12:38:25Z"}]' [84 bytes]
2023-04-24 12:38:37,250 - DEBUG - = connection is CLOSING
2023-04-24 12:38:37,250 - DEBUG - > CLOSE 1000 (OK) [2 bytes]
2023-04-24 12:38:37,258 - DEBUG - < CLOSE 1000 (OK) [2 bytes]
2023-04-24 12:38:37,262 - DEBUG - = connection is CLOSED
2023-04-24 13:54:11,655 - DEBUG - = connection is CONNECTING
2023-04-24 13:54:11,725 - DEBUG - > GET /ocpp16/ELA007C05/EVSCA050001 HTTP/1.1
2023-04-24 13:54:11,725 - DEBUG - > Host: ws.devevspcharger.uplus.co.kr
2023-04-24 13:54:11,725 - DEBUG - > Upgrade: websocket
2023-04-24 13:54:11,726 - DEBUG - > Connection: Upgrade
2023-04-24 13:54:11,726 - DEBUG - > Sec-WebSocket-Key: sv2SU0ERFqGgzb0tV2Kyzg==
2023-04-24 13:54:11,726 - DEBUG - > Sec-WebSocket-Version: 13
2023-04-24 13:54:11,726 - DEBUG - > Sec-WebSocket-Extensions: permessage-deflate; client_max_window_bits
2023-04-24 13:54:11,726 - DEBUG - > Sec-WebSocket-Protocol: ocpp1.6
2023-04-24 13:54:11,726 - DEBUG - > Authorization: Basic RVZBUjpFVkFSTEdV
2023-04-24 13:54:11,726 - DEBUG - > User-Agent: Python/3.11 websockets/10.4
2023-04-24 13:54:12,267 - DEBUG - < HTTP/1.1 101 Switching Protocols
2023-04-24 13:54:12,267 - DEBUG - < Connection: upgrade
2023-04-24 13:54:12,267 - DEBUG - < Date: Mon, 24 Apr 2023 04:54:00 GMT
2023-04-24 13:54:12,268 - DEBUG - < sec-websocket-protocol: ocpp1.6
2023-04-24 13:54:12,268 - DEBUG - < upgrade: websocket
2023-04-24 13:54:12,268 - DEBUG - < sec-websocket-accept: f/vp+5vEakXM+XXOAh0U2I+9C/k=
2023-04-24 13:54:12,268 - DEBUG - < sec-websocket-extensions: permessage-deflate
2023-04-24 13:54:12,268 - DEBUG - < X-Cache: Miss from cloudfront
2023-04-24 13:54:12,268 - DEBUG - < Via: 1.1 c6ed8cd25e4ec3b0d1a9c72155758a62.cloudfront.net (CloudFront)
2023-04-24 13:54:12,268 - DEBUG - < X-Amz-Cf-Pop: ICN57-P2
2023-04-24 13:54:12,268 - DEBUG - < X-Amz-Cf-Id: q-Aw8UU9r-lSOd-rwgFPYwRSCxUYBfMkb3vLa8o8seTjJgaNGVIwzw==
2023-04-24 13:54:12,274 - DEBUG - = connection is OPEN
2023-04-24 13:54:12,313 - DEBUG - > TEXT '[2, "79c4d8f2-054e-498d-93b7-a270cace6f65", "Bo...ePointVendor": "EVAR"}]' [127 bytes]
2023-04-24 13:54:12,780 - DEBUG - < TEXT '[3, "79c4d8f2-054e-498d-93b7-a270cace6f65", {"s...01Z", "interval": 600}]' [123 bytes]
2023-04-24 13:54:17,671 - DEBUG - Starting new HTTPS connection (1): rgw.devevspcharger.uplus.co.kr:443
2023-04-24 13:54:18,307 - DEBUG - https://rgw.devevspcharger.uplus.co.kr:443 "POST /ioc HTTP/1.1" 200 148
2023-04-24 13:54:18,325 - DEBUG - < TEXT '[2, "ccd95376-abd1-4a3d-b633-93fbe890476f", "Ge...izeRemoteTxRequests"]}]' [103 bytes]
2023-04-24 13:54:18,333 - DEBUG - > TEXT '[3, "ccd95376-abd1-4a3d-b633-93fbe890476f", {"c... "status": "Accepted"}]' [139 bytes]
2023-04-24 13:54:18,518 - DEBUG - < TEXT '' [0 bytes]
2023-04-24 13:54:18,555 - DEBUG - > TEXT '[2, "79c4d8f2-054e-498d-93b7-a270cace6f65", "St..."status": "Preparing"}]' [132 bytes]
2023-04-24 13:54:18,743 - DEBUG - < TEXT '[3, "79c4d8f2-054e-498d-93b7-a270cace6f65", {}]' [47 bytes]
2023-04-24 13:54:32,288 - DEBUG - % sending keepalive ping
2023-04-24 13:54:32,288 - DEBUG - > PING '8>=-' [text, 4 bytes]
2023-04-24 13:54:32,300 - DEBUG - < PONG '8>=-' [text, 4 bytes]
2023-04-24 13:54:32,307 - DEBUG - % received keepalive pong
2023-04-27 08:17:36,370 - DEBUG - = connection is CONNECTING
2023-04-27 08:17:36,445 - DEBUG - > GET /ocpp16/ELA007C05/EVSCA050001 HTTP/1.1
2023-04-27 08:17:36,445 - DEBUG - > Host: ws.devevspcharger.uplus.co.kr
2023-04-27 08:17:36,446 - DEBUG - > Upgrade: websocket
2023-04-27 08:17:36,446 - DEBUG - > Connection: Upgrade
2023-04-27 08:17:36,446 - DEBUG - > Sec-WebSocket-Key: inXHT9lVrJCyWJK5LRI6hg==
2023-04-27 08:17:36,446 - DEBUG - > Sec-WebSocket-Version: 13
2023-04-27 08:17:36,446 - DEBUG - > Sec-WebSocket-Extensions: permessage-deflate; client_max_window_bits
2023-04-27 08:17:36,446 - DEBUG - > Sec-WebSocket-Protocol: ocpp1.6
2023-04-27 08:17:36,446 - DEBUG - > Authorization: Basic RVZBUjpFVkFSTEdV
2023-04-27 08:17:36,446 - DEBUG - > User-Agent: Python/3.11 websockets/10.4
2023-04-27 08:17:38,027 - DEBUG - < HTTP/1.1 101 Switching Protocols
2023-04-27 08:17:38,027 - DEBUG - < Connection: upgrade
2023-04-27 08:17:38,027 - DEBUG - < Date: Wed, 26 Apr 2023 23:17:34 GMT
2023-04-27 08:17:38,027 - DEBUG - < sec-websocket-protocol: ocpp1.6
2023-04-27 08:17:38,027 - DEBUG - < upgrade: websocket
2023-04-27 08:17:38,028 - DEBUG - < sec-websocket-accept: nlz6EBK9oyZv3iGtTg08CtzMuGY=
2023-04-27 08:17:38,028 - DEBUG - < sec-websocket-extensions: permessage-deflate
2023-04-27 08:17:38,028 - DEBUG - < X-Cache: Miss from cloudfront
2023-04-27 08:17:38,028 - DEBUG - < Via: 1.1 1c2dddf38b53f960ce106f4047c232e4.cloudfront.net (CloudFront)
2023-04-27 08:17:38,028 - DEBUG - < X-Amz-Cf-Pop: ICN57-P2
2023-04-27 08:17:38,028 - DEBUG - < X-Amz-Cf-Id: Keb5yYjEd4Wxam5ZEGRgqgLXeyPD4Nht0zcMq9hxLb3WdQxKtMj22Q==
2023-04-27 08:17:38,034 - DEBUG - = connection is OPEN
2023-04-27 08:17:38,168 - DEBUG - > TEXT '[2, "67499545-5359-4adf-8c68-0d56bced3333", "Bo...ePointVendor": "EVAR"}]' [127 bytes]
2023-04-27 08:17:38,834 - DEBUG - < TEXT '[3, "67499545-5359-4adf-8c68-0d56bced3333", {"s...34Z", "interval": 600}]' [123 bytes]
2023-04-27 08:17:39,000 - DEBUG - Starting new HTTPS connection (1): rgw.devevspcharger.uplus.co.kr:443
2023-04-27 08:17:40,544 - DEBUG - https://rgw.devevspcharger.uplus.co.kr:443 "POST /ioc HTTP/1.1" 200 123
2023-04-27 08:17:40,595 - DEBUG - < TEXT '[2, "04e9ead1-dfe0-44f5-b9e8-cec8a2671010", "Ge...ration", {"key": [""]}]' [78 bytes]
2023-04-27 08:17:40,611 - DEBUG - > TEXT '[3, "04e9ead1-dfe0-44f5-b9e8-cec8a2671010", {"c...ts", "value": "true"}}]' [120 bytes]
2023-04-27 08:17:41,291 - DEBUG - < TEXT '' [0 bytes]
2023-04-27 08:17:41,318 - DEBUG - Starting new HTTPS connection (1): rgw.devevspcharger.uplus.co.kr:443
2023-04-27 08:17:41,764 - DEBUG - https://rgw.devevspcharger.uplus.co.kr:443 "POST /ioc HTTP/1.1" 200 164
2023-04-27 08:17:41,858 - DEBUG - < TEXT '[2, "adec9b97-5245-4bcf-ab39-8e2527bb8aea", "Ch...rval", "value": "300"}]' [119 bytes]
2023-04-27 08:17:41,872 - DEBUG - > TEXT '[3, "adec9b97-5245-4bcf-ab39-8e2527bb8aea", {"status": "Accepted"}]' [67 bytes]
2023-04-27 08:17:42,110 - DEBUG - < TEXT '' [0 bytes]
2023-04-27 08:17:42,137 - DEBUG - > TEXT '[2, "67499545-5359-4adf-8c68-0d56bced3333", "Bo...ePointVendor": "EVAR"}]' [127 bytes]
2023-04-27 08:17:42,494 - DEBUG - < TEXT '[3, "67499545-5359-4adf-8c68-0d56bced3333", {"s...38Z", "interval": 600}]' [123 bytes]
2023-04-27 08:17:42,537 - DEBUG - > TEXT '[2, "67499545-5359-4adf-8c68-0d56bced3333", "St..."status": "Available"}]' [132 bytes]
2023-04-27 08:17:44,595 - DEBUG - < TEXT '[3, "67499545-5359-4adf-8c68-0d56bced3333", {}]' [47 bytes]
2023-04-27 08:17:44,642 - DEBUG - > TEXT '[2, "e822896a-0a69-4fb7-aa17-5aa57b34876f", "Heartbeat", {}]' [60 bytes]
2023-04-27 08:17:44,894 - DEBUG - < TEXT '[3, "e822896a-0a69-4fb7-aa17-5aa57b34876f", {"c...2023-04-27T08:17:40Z"}]' [84 bytes]
2023-04-27 08:17:44,920 - DEBUG - = connection is CLOSING
2023-04-27 08:17:44,920 - DEBUG - > CLOSE 1000 (OK) [2 bytes]
2023-04-27 08:17:44,927 - DEBUG - < CLOSE 1000 (OK) [2 bytes]
2023-04-27 08:17:44,932 - DEBUG - = connection is CLOSED
2023-04-27 08:18:39,814 - DEBUG - = connection is CONNECTING
2023-04-27 08:18:39,861 - DEBUG - > GET /ocpp16/ELA007C05/EVSCA050001 HTTP/1.1
2023-04-27 08:18:39,861 - DEBUG - > Host: ws.devevspcharger.uplus.co.kr
2023-04-27 08:18:39,861 - DEBUG - > Upgrade: websocket
2023-04-27 08:18:39,861 - DEBUG - > Connection: Upgrade
2023-04-27 08:18:39,862 - DEBUG - > Sec-WebSocket-Key: JMge1bK7PQ6a6HdUKEeEvw==
2023-04-27 08:18:39,862 - DEBUG - > Sec-WebSocket-Version: 13
2023-04-27 08:18:39,862 - DEBUG - > Sec-WebSocket-Extensions: permessage-deflate; client_max_window_bits
2023-04-27 08:18:39,863 - DEBUG - > Sec-WebSocket-Protocol: ocpp1.6
2023-04-27 08:18:39,863 - DEBUG - > Authorization: Basic RVZBUjpFVkFSTEdV
2023-04-27 08:18:39,863 - DEBUG - > User-Agent: Python/3.11 websockets/10.4
2023-04-27 08:18:40,448 - DEBUG - < HTTP/1.1 101 Switching Protocols
2023-04-27 08:18:40,448 - DEBUG - < Connection: upgrade
2023-04-27 08:18:40,448 - DEBUG - < Date: Wed, 26 Apr 2023 23:18:36 GMT
2023-04-27 08:18:40,449 - DEBUG - < sec-websocket-protocol: ocpp1.6
2023-04-27 08:18:40,449 - DEBUG - < upgrade: websocket
2023-04-27 08:18:40,449 - DEBUG - < sec-websocket-accept: /EWREuKlm0wqYR1+NgrOo7jhkQc=
2023-04-27 08:18:40,449 - DEBUG - < sec-websocket-extensions: permessage-deflate
2023-04-27 08:18:40,449 - DEBUG - < X-Cache: Miss from cloudfront
2023-04-27 08:18:40,449 - DEBUG - < Via: 1.1 a252aeda8ec1e2b582ae9a32f7c8d544.cloudfront.net (CloudFront)
2023-04-27 08:18:40,449 - DEBUG - < X-Amz-Cf-Pop: ICN57-P2
2023-04-27 08:18:40,449 - DEBUG - < X-Amz-Cf-Id: EoN10VU0NEQ828p4KzlJiPna_T1RWAo6yShO5NUsVln1sr8Qb3tJOQ==
2023-04-27 08:18:40,450 - DEBUG - = connection is OPEN
2023-04-27 08:18:40,493 - DEBUG - > TEXT '[2, "d6a0feed-3ae7-4248-bd90-f922acfad222", "Bo...ePointVendor": "EVAR"}]' [127 bytes]
2023-04-27 08:18:40,817 - DEBUG - < TEXT '[3, "d6a0feed-3ae7-4248-bd90-f922acfad222", {"s...36Z", "interval": 600}]' [123 bytes]
2023-04-27 08:18:40,906 - DEBUG - Starting new HTTPS connection (1): rgw.devevspcharger.uplus.co.kr:443
2023-04-27 08:18:41,385 - DEBUG - https://rgw.devevspcharger.uplus.co.kr:443 "POST /ioc HTTP/1.1" 200 123
2023-04-27 08:18:41,924 - DEBUG - < TEXT '[2, "b93b763c-f395-4436-9cb5-31594cb0e3cf", "Ge...ration", {"key": [""]}]' [78 bytes]
2023-04-27 08:18:41,929 - DEBUG - > TEXT '[3, "b93b763c-f395-4436-9cb5-31594cb0e3cf", {"c...ts", "value": "true"}}]' [120 bytes]
2023-04-27 08:18:42,096 - DEBUG - < TEXT '' [0 bytes]
2023-04-27 08:18:42,114 - DEBUG - Starting new HTTPS connection (1): rgw.devevspcharger.uplus.co.kr:443
2023-04-27 08:18:42,544 - DEBUG - https://rgw.devevspcharger.uplus.co.kr:443 "POST /ioc HTTP/1.1" 200 164
2023-04-27 08:18:42,625 - DEBUG - < TEXT '[2, "c5d3ba52-c3ab-4510-8348-e500af7930e2", "Ch...rval", "value": "300"}]' [119 bytes]
2023-04-27 08:18:42,634 - DEBUG - > TEXT '[3, "c5d3ba52-c3ab-4510-8348-e500af7930e2", {"status": "Accepted"}]' [67 bytes]
2023-04-27 08:18:42,796 - DEBUG - < TEXT '' [0 bytes]
2023-04-27 08:18:42,826 - DEBUG - > TEXT '[2, "d6a0feed-3ae7-4248-bd90-f922acfad222", "Bo...ePointVendor": "EVAR"}]' [127 bytes]
2023-04-27 08:18:43,115 - DEBUG - < TEXT '[3, "d6a0feed-3ae7-4248-bd90-f922acfad222", {"s...39Z", "interval": 600}]' [123 bytes]
2023-04-27 08:18:43,158 - DEBUG - > TEXT '[2, "d6a0feed-3ae7-4248-bd90-f922acfad222", "St..."status": "Available"}]' [132 bytes]
2023-04-27 08:18:43,423 - DEBUG - < TEXT '[3, "d6a0feed-3ae7-4248-bd90-f922acfad222", {}]' [47 bytes]
2023-04-27 08:18:43,480 - DEBUG - > TEXT '[2, "f9f8f8a5-fcbe-460d-bd62-39ef526348d3", "Heartbeat", {}]' [60 bytes]
2023-04-27 08:18:43,680 - DEBUG - < TEXT '[3, "f9f8f8a5-fcbe-460d-bd62-39ef526348d3", {"c...2023-04-27T08:18:39Z"}]' [84 bytes]
2023-04-27 08:18:43,704 - DEBUG - = connection is CLOSING
2023-04-27 08:18:43,704 - DEBUG - > CLOSE 1000 (OK) [2 bytes]
2023-04-27 08:18:43,713 - DEBUG - < CLOSE 1000 (OK) [2 bytes]
2023-04-27 08:18:43,720 - DEBUG - = connection is CLOSED
2023-04-27 08:19:52,072 - DEBUG - = connection is CONNECTING
2023-04-27 08:19:52,104 - DEBUG - > GET /ocpp16/ELA007C05/EVSCA050001 HTTP/1.1
2023-04-27 08:19:52,104 - DEBUG - > Host: ws.devevspcharger.uplus.co.kr
2023-04-27 08:19:52,104 - DEBUG - > Upgrade: websocket
2023-04-27 08:19:52,104 - DEBUG - > Connection: Upgrade
2023-04-27 08:19:52,104 - DEBUG - > Sec-WebSocket-Key: 3sfd0mdMNHrpXHAO6Ci0hQ==
2023-04-27 08:19:52,104 - DEBUG - > Sec-WebSocket-Version: 13
2023-04-27 08:19:52,105 - DEBUG - > Sec-WebSocket-Extensions: permessage-deflate; client_max_window_bits
2023-04-27 08:19:52,105 - DEBUG - > Sec-WebSocket-Protocol: ocpp1.6
2023-04-27 08:19:52,105 - DEBUG - > Authorization: Basic RVZBUjpFVkFSTEdV
2023-04-27 08:19:52,105 - DEBUG - > User-Agent: Python/3.11 websockets/10.4
2023-04-27 08:19:52,603 - DEBUG - < HTTP/1.1 101 Switching Protocols
2023-04-27 08:19:52,603 - DEBUG - < Connection: upgrade
2023-04-27 08:19:52,604 - DEBUG - < Date: Wed, 26 Apr 2023 23:19:48 GMT
2023-04-27 08:19:52,604 - DEBUG - < sec-websocket-protocol: ocpp1.6
2023-04-27 08:19:52,604 - DEBUG - < upgrade: websocket
2023-04-27 08:19:52,604 - DEBUG - < sec-websocket-accept: pQnDMyww2uVUZ3bFeqBR3Rg9UG0=
2023-04-27 08:19:52,604 - DEBUG - < sec-websocket-extensions: permessage-deflate
2023-04-27 08:19:52,604 - DEBUG - < X-Cache: Miss from cloudfront
2023-04-27 08:19:52,604 - DEBUG - < Via: 1.1 1c31b550dc04cf34ff9053b76a7eecc4.cloudfront.net (CloudFront)
2023-04-27 08:19:52,604 - DEBUG - < X-Amz-Cf-Pop: ICN57-P2
2023-04-27 08:19:52,604 - DEBUG - < X-Amz-Cf-Id: 0YXwDC4ELjPkqWkdu6L24M_ANktm31cg6nDwKuGq3yTaJsTuSRwHyw==
2023-04-27 08:19:52,605 - DEBUG - = connection is OPEN
2023-04-27 08:19:52,624 - DEBUG - > TEXT '[2, "9421cef2-bc8b-474a-a498-e11d4e7c03e0", "Bo...ePointVendor": "EVAR"}]' [127 bytes]
2023-04-27 08:19:52,897 - DEBUG - < TEXT '[3, "9421cef2-bc8b-474a-a498-e11d4e7c03e0", {"s...48Z", "interval": 600}]' [123 bytes]
2023-04-27 08:19:52,982 - DEBUG - Starting new HTTPS connection (1): rgw.devevspcharger.uplus.co.kr:443
2023-04-27 08:19:53,607 - DEBUG - https://rgw.devevspcharger.uplus.co.kr:443 "POST /ioc HTTP/1.1" 200 123
2023-04-27 08:19:53,627 - DEBUG - < TEXT '[2, "9931bd84-4cf5-41cd-9b33-b5d64d7bef6c", "Ge...ration", {"key": [""]}]' [78 bytes]
2023-04-27 08:19:53,633 - DEBUG - > TEXT '[3, "9931bd84-4cf5-41cd-9b33-b5d64d7bef6c", {"c...ts", "value": "true"}}]' [120 bytes]
2023-04-27 08:19:53,795 - DEBUG - < TEXT '' [0 bytes]
2023-04-27 08:19:53,817 - DEBUG - Starting new HTTPS connection (1): rgw.devevspcharger.uplus.co.kr:443
2023-04-27 08:19:54,224 - DEBUG - https://rgw.devevspcharger.uplus.co.kr:443 "POST /ioc HTTP/1.1" 200 164
2023-04-27 08:19:54,325 - DEBUG - < TEXT '[2, "2899aa27-b46d-4d3c-b672-7d32b8e4cbc0", "Ch...rval", "value": "300"}]' [119 bytes]
2023-04-27 08:19:54,338 - DEBUG - > TEXT '[3, "2899aa27-b46d-4d3c-b672-7d32b8e4cbc0", {"status": "Accepted"}]' [67 bytes]
2023-04-27 08:19:54,497 - DEBUG - < TEXT '' [0 bytes]
2023-04-27 08:19:54,543 - DEBUG - > TEXT '[2, "9421cef2-bc8b-474a-a498-e11d4e7c03e0", "Bo...ePointVendor": "EVAR"}]' [127 bytes]
2023-04-27 08:19:54,816 - DEBUG - < TEXT '[3, "9421cef2-bc8b-474a-a498-e11d4e7c03e0", {"s...50Z", "interval": 600}]' [123 bytes]
2023-04-27 08:19:54,858 - DEBUG - > TEXT '[2, "9421cef2-bc8b-474a-a498-e11d4e7c03e0", "St..."status": "Available"}]' [132 bytes]
2023-04-27 08:19:55,099 - DEBUG - < TEXT '[3, "9421cef2-bc8b-474a-a498-e11d4e7c03e0", {}]' [47 bytes]
2023-04-27 08:19:55,136 - DEBUG - > TEXT '[2, "67352616-d90e-4460-a0f5-5c90cf17e028", "Heartbeat", {}]' [60 bytes]
2023-04-27 08:19:55,340 - DEBUG - < TEXT '[3, "67352616-d90e-4460-a0f5-5c90cf17e028", {"c...2023-04-27T08:19:51Z"}]' [84 bytes]
2023-04-27 08:19:55,358 - DEBUG - = connection is CLOSING
2023-04-27 08:19:55,358 - DEBUG - > CLOSE 1000 (OK) [2 bytes]
2023-04-27 08:19:55,366 - DEBUG - < CLOSE 1000 (OK) [2 bytes]
2023-04-27 08:19:55,370 - DEBUG - = connection is CLOSED
2023-04-27 08:21:56,618 - DEBUG - = connection is CONNECTING
2023-04-27 08:21:56,648 - DEBUG - > GET /ocpp16/ELA007C05/EVSCA050001 HTTP/1.1
2023-04-27 08:21:56,648 - DEBUG - > Host: ws.devevspcharger.uplus.co.kr
2023-04-27 08:21:56,648 - DEBUG - > Upgrade: websocket
2023-04-27 08:21:56,648 - DEBUG - > Connection: Upgrade
2023-04-27 08:21:56,648 - DEBUG - > Sec-WebSocket-Key: E9JPsghRZ9EVQwml2+N7Fw==
2023-04-27 08:21:56,648 - DEBUG - > Sec-WebSocket-Version: 13
2023-04-27 08:21:56,649 - DEBUG - > Sec-WebSocket-Extensions: permessage-deflate; client_max_window_bits
2023-04-27 08:21:56,649 - DEBUG - > Sec-WebSocket-Protocol: ocpp1.6
2023-04-27 08:21:56,649 - DEBUG - > Authorization: Basic RVZBUjpFVkFSTEdV
2023-04-27 08:21:56,649 - DEBUG - > User-Agent: Python/3.11 websockets/10.4
2023-04-27 08:21:57,186 - DEBUG - < HTTP/1.1 101 Switching Protocols
2023-04-27 08:21:57,186 - DEBUG - < Connection: upgrade
2023-04-27 08:21:57,186 - DEBUG - < Date: Wed, 26 Apr 2023 23:21:53 GMT
2023-04-27 08:21:57,187 - DEBUG - < sec-websocket-protocol: ocpp1.6
2023-04-27 08:21:57,187 - DEBUG - < upgrade: websocket
2023-04-27 08:21:57,187 - DEBUG - < sec-websocket-accept: 2eKF/ixgQ7dXbyYy2gvXTdk+PGI=
2023-04-27 08:21:57,187 - DEBUG - < sec-websocket-extensions: permessage-deflate
2023-04-27 08:21:57,187 - DEBUG - < X-Cache: Miss from cloudfront
2023-04-27 08:21:57,187 - DEBUG - < Via: 1.1 b92faae7242f31be9bfc0ec3d134dfce.cloudfront.net (CloudFront)
2023-04-27 08:21:57,187 - DEBUG - < X-Amz-Cf-Pop: ICN57-P2
2023-04-27 08:21:57,187 - DEBUG - < X-Amz-Cf-Id: L-SVn1-gT30oa_BoW6LisNvLVfT4xLzvKcN3u-dBfN-PgRevYEANXQ==
2023-04-27 08:21:57,187 - DEBUG - = connection is OPEN
2023-04-27 08:21:57,361 - DEBUG - > TEXT '[2, "bd96dd43-2bf9-4ceb-9162-70d0ca183323", "Bo...ePointVendor": "EVAR"}]' [127 bytes]
2023-04-27 08:21:58,163 - DEBUG - < TEXT '[3, "bd96dd43-2bf9-4ceb-9162-70d0ca183323", {"s...53Z", "interval": 600}]' [123 bytes]
2023-04-27 08:21:58,245 - DEBUG - Starting new HTTPS connection (1): rgw.devevspcharger.uplus.co.kr:443
2023-04-27 08:21:58,903 - DEBUG - https://rgw.devevspcharger.uplus.co.kr:443 "POST /ioc HTTP/1.1" 200 123
2023-04-27 08:21:58,921 - DEBUG - < TEXT '[2, "a418fb0a-06eb-46d0-ae2c-ca94e3ce5929", "Ge...ration", {"key": [""]}]' [78 bytes]
2023-04-27 08:21:58,925 - DEBUG - > TEXT '[3, "a418fb0a-06eb-46d0-ae2c-ca94e3ce5929", {"c...ts", "value": "true"}}]' [120 bytes]
2023-04-27 08:21:59,138 - DEBUG - < TEXT '' [0 bytes]
2023-04-27 08:21:59,198 - DEBUG - Starting new HTTPS connection (1): rgw.devevspcharger.uplus.co.kr:443
2023-04-27 08:21:59,646 - DEBUG - https://rgw.devevspcharger.uplus.co.kr:443 "POST /ioc HTTP/1.1" 200 164
2023-04-27 08:21:59,684 - DEBUG - < TEXT '[2, "02585309-3c35-4c7c-bf6e-f76ee75d8b2c", "Ch...rval", "value": "300"}]' [119 bytes]
2023-04-27 08:21:59,688 - DEBUG - > TEXT '[3, "02585309-3c35-4c7c-bf6e-f76ee75d8b2c", {"status": "Accepted"}]' [67 bytes]
2023-04-27 08:21:59,837 - DEBUG - < TEXT '' [0 bytes]
2023-04-27 08:21:59,864 - DEBUG - > TEXT '[2, "bd96dd43-2bf9-4ceb-9162-70d0ca183323", "Bo...ePointVendor": "EVAR"}]' [127 bytes]
2023-04-27 08:22:00,146 - DEBUG - < TEXT '[3, "bd96dd43-2bf9-4ceb-9162-70d0ca183323", {"s...56Z", "interval": 600}]' [123 bytes]
2023-04-27 08:22:00,181 - DEBUG - > TEXT '[2, "bd96dd43-2bf9-4ceb-9162-70d0ca183323", "St..."status": "Available"}]' [132 bytes]
2023-04-27 08:22:00,418 - DEBUG - < TEXT '[3, "bd96dd43-2bf9-4ceb-9162-70d0ca183323", {}]' [47 bytes]
2023-04-27 08:22:00,449 - DEBUG - > TEXT '[2, "9b873b61-21aa-4d74-8eb0-ff62da2199de", "Heartbeat", {}]' [60 bytes]
2023-04-27 08:22:00,688 - DEBUG - < TEXT '[3, "9b873b61-21aa-4d74-8eb0-ff62da2199de", {"c...2023-04-27T08:21:56Z"}]' [84 bytes]
2023-04-27 08:22:00,704 - DEBUG - = connection is CLOSING
2023-04-27 08:22:00,704 - DEBUG - > CLOSE 1000 (OK) [2 bytes]
2023-04-27 08:22:00,712 - DEBUG - < CLOSE 1000 (OK) [2 bytes]
2023-04-27 08:22:00,717 - DEBUG - = connection is CLOSED
2023-04-27 08:23:40,527 - DEBUG - = connection is CONNECTING
2023-04-27 08:23:40,557 - DEBUG - > GET /ocpp16/ELA007C05/EVSCA050001 HTTP/1.1
2023-04-27 08:23:40,558 - DEBUG - > Host: ws.devevspcharger.uplus.co.kr
2023-04-27 08:23:40,558 - DEBUG - > Upgrade: websocket
2023-04-27 08:23:40,558 - DEBUG - > Connection: Upgrade
2023-04-27 08:23:40,558 - DEBUG - > Sec-WebSocket-Key: 6/Zd68BETcrJ/+gHO/qKVA==
2023-04-27 08:23:40,558 - DEBUG - > Sec-WebSocket-Version: 13
2023-04-27 08:23:40,558 - DEBUG - > Sec-WebSocket-Extensions: permessage-deflate; client_max_window_bits
2023-04-27 08:23:40,558 - DEBUG - > Sec-WebSocket-Protocol: ocpp1.6
2023-04-27 08:23:40,558 - DEBUG - > Authorization: Basic RVZBUjpFVkFSTEdV
2023-04-27 08:23:40,558 - DEBUG - > User-Agent: Python/3.11 websockets/10.4
2023-04-27 08:23:41,076 - DEBUG - < HTTP/1.1 101 Switching Protocols
2023-04-27 08:23:41,076 - DEBUG - < Connection: upgrade
2023-04-27 08:23:41,076 - DEBUG - < Date: Wed, 26 Apr 2023 23:23:37 GMT
2023-04-27 08:23:41,076 - DEBUG - < sec-websocket-protocol: ocpp1.6
2023-04-27 08:23:41,076 - DEBUG - < upgrade: websocket
2023-04-27 08:23:41,076 - DEBUG - < sec-websocket-accept: +Zs4D2XVT0LmO1PuV+Yvj39mi9U=
2023-04-27 08:23:41,076 - DEBUG - < sec-websocket-extensions: permessage-deflate
2023-04-27 08:23:41,076 - DEBUG - < X-Cache: Miss from cloudfront
2023-04-27 08:23:41,076 - DEBUG - < Via: 1.1 c6882e0acaa56682be4bf45c4b8fd99a.cloudfront.net (CloudFront)
2023-04-27 08:23:41,077 - DEBUG - < X-Amz-Cf-Pop: ICN57-P2
2023-04-27 08:23:41,077 - DEBUG - < X-Amz-Cf-Id: zgPs_9LLYuvi511l0oBQwnrX83CT_Ov1cQmMTwX0lHUCZOIhftFXzw==
2023-04-27 08:23:41,077 - DEBUG - = connection is OPEN
2023-04-27 08:23:41,098 - DEBUG - > TEXT '[2, "3aa416fc-80c5-49e5-b251-78b6d9e9a263", "Bo...ePointVendor": "EVAR"}]' [127 bytes]
2023-04-27 08:23:41,538 - DEBUG - < TEXT '[3, "3aa416fc-80c5-49e5-b251-78b6d9e9a263", {"s...37Z", "interval": 600}]' [123 bytes]
2023-04-27 08:23:41,620 - DEBUG - Starting new HTTPS connection (1): rgw.devevspcharger.uplus.co.kr:443
2023-04-27 08:23:42,228 - DEBUG - https://rgw.devevspcharger.uplus.co.kr:443 "POST /ioc HTTP/1.1" 200 123
2023-04-27 08:23:42,253 - DEBUG - < TEXT '[2, "111868e4-67df-49a8-a642-96ab8c0a34bb", "Ge...ration", {"key": [""]}]' [78 bytes]
2023-04-27 08:23:42,257 - DEBUG - > TEXT '[3, "111868e4-67df-49a8-a642-96ab8c0a34bb", {"c...ts", "value": "true"}}]' [120 bytes]
2023-04-27 08:23:42,427 - DEBUG - < TEXT '' [0 bytes]
2023-04-27 08:23:42,459 - DEBUG - Starting new HTTPS connection (1): rgw.devevspcharger.uplus.co.kr:443
2023-04-27 08:23:42,886 - DEBUG - https://rgw.devevspcharger.uplus.co.kr:443 "POST /ioc HTTP/1.1" 200 164
2023-04-27 08:23:42,937 - DEBUG - < TEXT '[2, "a49d4fb5-06e6-4130-86a1-253d0949c16a", "Ch...rval", "value": "300"}]' [119 bytes]
2023-04-27 08:23:42,941 - DEBUG - > TEXT '[3, "a49d4fb5-06e6-4130-86a1-253d0949c16a", {"status": "Accepted"}]' [67 bytes]
2023-04-27 08:23:43,076 - DEBUG - < TEXT '' [0 bytes]
2023-04-27 08:23:43,108 - DEBUG - > TEXT '[2, "3aa416fc-80c5-49e5-b251-78b6d9e9a263", "Bo...ePointVendor": "EVAR"}]' [127 bytes]
2023-04-27 08:23:43,905 - DEBUG - < TEXT '[3, "3aa416fc-80c5-49e5-b251-78b6d9e9a263", {"s...39Z", "interval": 600}]' [123 bytes]
2023-04-27 08:23:43,941 - DEBUG - > TEXT '[2, "3aa416fc-80c5-49e5-b251-78b6d9e9a263", "St..."status": "Available"}]' [132 bytes]
2023-04-27 08:23:44,197 - DEBUG - < TEXT '[3, "3aa416fc-80c5-49e5-b251-78b6d9e9a263", {}]' [47 bytes]
2023-04-27 08:23:44,249 - DEBUG - > TEXT '[2, "3981cf94-24ae-4aaa-84de-1648c6c7cae4", "Heartbeat", {}]' [60 bytes]
2023-04-27 08:23:44,438 - DEBUG - < TEXT '[3, "3981cf94-24ae-4aaa-84de-1648c6c7cae4", {"c...2023-04-27T08:23:40Z"}]' [84 bytes]
2023-04-27 08:23:44,461 - DEBUG - = connection is CLOSING
2023-04-27 08:23:44,461 - DEBUG - > CLOSE 1000 (OK) [2 bytes]
2023-04-27 08:23:44,469 - DEBUG - < CLOSE 1000 (OK) [2 bytes]
2023-04-27 08:23:44,476 - DEBUG - = connection is CLOSED
2023-04-27 08:24:12,554 - DEBUG - = connection is CONNECTING
2023-04-27 08:24:12,589 - DEBUG - > GET /ocpp16/ELA007C05/EVSCA050001 HTTP/1.1
2023-04-27 08:24:12,589 - DEBUG - > Host: ws.devevspcharger.uplus.co.kr
2023-04-27 08:24:12,590 - DEBUG - > Upgrade: websocket
2023-04-27 08:24:12,590 - DEBUG - > Connection: Upgrade
2023-04-27 08:24:12,590 - DEBUG - > Sec-WebSocket-Key: cpd/5srAkPAo6CnyIRCWIg==
2023-04-27 08:24:12,590 - DEBUG - > Sec-WebSocket-Version: 13
2023-04-27 08:24:12,590 - DEBUG - > Sec-WebSocket-Extensions: permessage-deflate; client_max_window_bits
2023-04-27 08:24:12,590 - DEBUG - > Sec-WebSocket-Protocol: ocpp1.6
2023-04-27 08:24:12,590 - DEBUG - > Authorization: Basic RVZBUjpFVkFSTEdV
2023-04-27 08:24:12,590 - DEBUG - > User-Agent: Python/3.11 websockets/10.4
2023-04-27 08:24:12,866 - DEBUG - < HTTP/1.1 101 Switching Protocols
2023-04-27 08:24:12,866 - DEBUG - < Connection: upgrade
2023-04-27 08:24:12,866 - DEBUG - < Date: Wed, 26 Apr 2023 23:24:09 GMT
2023-04-27 08:24:12,866 - DEBUG - < sec-websocket-protocol: ocpp1.6
2023-04-27 08:24:12,866 - DEBUG - < upgrade: websocket
2023-04-27 08:24:12,866 - DEBUG - < sec-websocket-accept: Pv070fAnQQ62uxeZovT5ei7A8IU=
2023-04-27 08:24:12,866 - DEBUG - < sec-websocket-extensions: permessage-deflate
2023-04-27 08:24:12,866 - DEBUG - < X-Cache: Miss from cloudfront
2023-04-27 08:24:12,867 - DEBUG - < Via: 1.1 3ced0108f56d0634c19ad34e6b299e80.cloudfront.net (CloudFront)
2023-04-27 08:24:12,867 - DEBUG - < X-Amz-Cf-Pop: ICN57-P2
2023-04-27 08:24:12,867 - DEBUG - < X-Amz-Cf-Id: _AFV7ewN-9SCs626_cyXnQ0z1CkGA3rTyVhIzUOhjMXKgYOmBt7VmQ==
2023-04-27 08:24:12,867 - DEBUG - = connection is OPEN
2023-04-27 08:24:12,887 - DEBUG - > TEXT '[2, "05a9f882-6b4f-4b28-b520-61402513bedd", "Bo...ePointVendor": "EVAR"}]' [127 bytes]
2023-04-27 08:24:13,162 - DEBUG - < TEXT '[3, "05a9f882-6b4f-4b28-b520-61402513bedd", {"s...09Z", "interval": 600}]' [123 bytes]
2023-04-27 08:24:13,250 - DEBUG - Starting new HTTPS connection (1): rgw.devevspcharger.uplus.co.kr:443
2023-04-27 08:24:13,706 - DEBUG - https://rgw.devevspcharger.uplus.co.kr:443 "POST /ioc HTTP/1.1" 200 123
2023-04-27 08:24:13,725 - DEBUG - < TEXT '[2, "cd4c3d4b-0191-4547-8b87-3e6f55168ebc", "Ge...ration", {"key": [""]}]' [78 bytes]
2023-04-27 08:24:13,730 - DEBUG - > TEXT '[3, "cd4c3d4b-0191-4547-8b87-3e6f55168ebc", {"c...ts", "value": "true"}}]' [120 bytes]
2023-04-27 08:24:13,915 - DEBUG - < TEXT '' [0 bytes]
2023-04-27 08:24:13,991 - DEBUG - Starting new HTTPS connection (1): rgw.devevspcharger.uplus.co.kr:443
2023-04-27 08:24:14,426 - DEBUG - https://rgw.devevspcharger.uplus.co.kr:443 "POST /ioc HTTP/1.1" 200 164
2023-04-27 08:24:14,490 - DEBUG - < TEXT '[2, "27d0b523-e8ec-4432-b501-a4f62778a17d", "Ch...rval", "value": "300"}]' [119 bytes]
2023-04-27 08:24:14,494 - DEBUG - > TEXT '[3, "27d0b523-e8ec-4432-b501-a4f62778a17d", {"status": "Accepted"}]' [67 bytes]
2023-04-27 08:24:32,099 - DEBUG - = connection is CONNECTING
2023-04-27 08:24:32,139 - DEBUG - > GET /ocpp16/ELA007C05/EVSCA050001 HTTP/1.1
2023-04-27 08:24:32,139 - DEBUG - > Host: ws.devevspcharger.uplus.co.kr
2023-04-27 08:24:32,140 - DEBUG - > Upgrade: websocket
2023-04-27 08:24:32,140 - DEBUG - > Connection: Upgrade
2023-04-27 08:24:32,140 - DEBUG - > Sec-WebSocket-Key: OQ0oD8ReWnjm6R3gZ3STkg==
2023-04-27 08:24:32,140 - DEBUG - > Sec-WebSocket-Version: 13
2023-04-27 08:24:32,140 - DEBUG - > Sec-WebSocket-Extensions: permessage-deflate; client_max_window_bits
2023-04-27 08:24:32,140 - DEBUG - > Sec-WebSocket-Protocol: ocpp1.6
2023-04-27 08:24:32,140 - DEBUG - > Authorization: Basic RVZBUjpFVkFSTEdV
2023-04-27 08:24:32,141 - DEBUG - > User-Agent: Python/3.11 websockets/10.4
2023-04-27 08:24:32,368 - DEBUG - < HTTP/1.1 101 Switching Protocols
2023-04-27 08:24:32,368 - DEBUG - < Connection: upgrade
2023-04-27 08:24:32,368 - DEBUG - < Date: Wed, 26 Apr 2023 23:24:28 GMT
2023-04-27 08:24:32,369 - DEBUG - < sec-websocket-protocol: ocpp1.6
2023-04-27 08:24:32,369 - DEBUG - < upgrade: websocket
2023-04-27 08:24:32,369 - DEBUG - < sec-websocket-accept: uEJOa87Ss4JGlckYxm0pps82QVE=
2023-04-27 08:24:32,369 - DEBUG - < sec-websocket-extensions: permessage-deflate
2023-04-27 08:24:32,369 - DEBUG - < X-Cache: Miss from cloudfront
2023-04-27 08:24:32,369 - DEBUG - < Via: 1.1 82b32d3cf0884f8ba64486d5e981bdb8.cloudfront.net (CloudFront)
2023-04-27 08:24:32,370 - DEBUG - < X-Amz-Cf-Pop: ICN57-P2
2023-04-27 08:24:32,370 - DEBUG - < X-Amz-Cf-Id: lLSamsybPC5bRAC2EnD3GXs-CzLjoWzFq0RFetKc3gFKj5l_K-p7tw==
2023-04-27 08:24:32,370 - DEBUG - = connection is OPEN
2023-04-27 08:24:32,399 - DEBUG - > TEXT '[2, "06f6ec29-c073-40fb-b155-222a1d8bd914", "Bo...ePointVendor": "EVAR"}]' [127 bytes]
2023-04-27 08:24:32,711 - DEBUG - < TEXT '[3, "06f6ec29-c073-40fb-b155-222a1d8bd914", {"s...28Z", "interval": 600}]' [123 bytes]
2023-04-27 08:24:32,786 - DEBUG - Starting new HTTPS connection (1): rgw.devevspcharger.uplus.co.kr:443
2023-04-27 08:24:33,205 - DEBUG - https://rgw.devevspcharger.uplus.co.kr:443 "POST /ioc HTTP/1.1" 200 123
2023-04-27 08:24:33,228 - DEBUG - < TEXT '[2, "12c29377-e17f-4a2e-898b-0d928cb8ff7a", "Ge...ration", {"key": [""]}]' [78 bytes]
2023-04-27 08:24:33,232 - DEBUG - > TEXT '[3, "12c29377-e17f-4a2e-898b-0d928cb8ff7a", {"c...ts", "value": "true"}}]' [120 bytes]
2023-04-27 08:24:33,390 - DEBUG - < TEXT '' [0 bytes]
2023-04-27 08:24:33,423 - DEBUG - Starting new HTTPS connection (1): rgw.devevspcharger.uplus.co.kr:443
2023-04-27 08:24:33,868 - DEBUG - https://rgw.devevspcharger.uplus.co.kr:443 "POST /ioc HTTP/1.1" 200 164
2023-04-27 08:24:33,930 - DEBUG - < TEXT '[2, "13e3f85d-69df-455e-95aa-6b9ba99e8baa", "Ch...rval", "value": "300"}]' [119 bytes]
2023-04-27 08:24:33,934 - DEBUG - > TEXT '[3, "13e3f85d-69df-455e-95aa-6b9ba99e8baa", {"status": "Accepted"}]' [67 bytes]
2023-04-27 08:24:34,090 - DEBUG - < TEXT '' [0 bytes]
2023-04-27 08:24:34,118 - DEBUG - > TEXT '[2, "06f6ec29-c073-40fb-b155-222a1d8bd914", "Bo...ePointVendor": "EVAR"}]' [127 bytes]
2023-04-27 08:24:34,416 - DEBUG - < TEXT '[3, "06f6ec29-c073-40fb-b155-222a1d8bd914", {"s...30Z", "interval": 600}]' [123 bytes]
2023-04-27 08:24:34,443 - DEBUG - > TEXT '[2, "06f6ec29-c073-40fb-b155-222a1d8bd914", "St..."status": "Available"}]' [132 bytes]
2023-04-27 08:24:34,729 - DEBUG - < TEXT '[3, "06f6ec29-c073-40fb-b155-222a1d8bd914", {}]' [47 bytes]
2023-04-27 08:24:34,760 - DEBUG - > TEXT '[2, "71e8b678-a4c9-4711-bf64-afd8655d0212", "Heartbeat", {}]' [60 bytes]
2023-04-27 08:24:34,949 - DEBUG - < TEXT '[3, "71e8b678-a4c9-4711-bf64-afd8655d0212", {"c...2023-04-27T08:24:31Z"}]' [84 bytes]
2023-04-27 08:24:34,966 - DEBUG - = connection is CLOSING
2023-04-27 08:24:34,966 - DEBUG - > CLOSE 1000 (OK) [2 bytes]
2023-04-27 08:24:34,976 - DEBUG - < CLOSE 1000 (OK) [2 bytes]
2023-04-27 08:24:34,978 - DEBUG - = connection is CLOSED
2023-04-27 08:25:58,165 - DEBUG - = connection is CONNECTING
2023-04-27 08:25:58,197 - DEBUG - > GET /ocpp16/ELA007C05/EVSCA050001 HTTP/1.1
2023-04-27 08:25:58,197 - DEBUG - > Host: ws.devevspcharger.uplus.co.kr
2023-04-27 08:25:58,197 - DEBUG - > Upgrade: websocket
2023-04-27 08:25:58,197 - DEBUG - > Connection: Upgrade
2023-04-27 08:25:58,197 - DEBUG - > Sec-WebSocket-Key: Vu93oHhyhApqSuhQAqYdmQ==
2023-04-27 08:25:58,197 - DEBUG - > Sec-WebSocket-Version: 13
2023-04-27 08:25:58,197 - DEBUG - > Sec-WebSocket-Extensions: permessage-deflate; client_max_window_bits
2023-04-27 08:25:58,197 - DEBUG - > Sec-WebSocket-Protocol: ocpp1.6
2023-04-27 08:25:58,198 - DEBUG - > Authorization: Basic RVZBUjpFVkFSTEdV
2023-04-27 08:25:58,198 - DEBUG - > User-Agent: Python/3.11 websockets/10.4
2023-04-27 08:25:58,459 - DEBUG - < HTTP/1.1 101 Switching Protocols
2023-04-27 08:25:58,459 - DEBUG - < Connection: upgrade
2023-04-27 08:25:58,459 - DEBUG - < Date: Wed, 26 Apr 2023 23:25:54 GMT
2023-04-27 08:25:58,459 - DEBUG - < sec-websocket-protocol: ocpp1.6
2023-04-27 08:25:58,459 - DEBUG - < upgrade: websocket
2023-04-27 08:25:58,459 - DEBUG - < sec-websocket-accept: 9URdQ3c2wGaIiAHZHTC3kz/L/jo=
2023-04-27 08:25:58,459 - DEBUG - < sec-websocket-extensions: permessage-deflate
2023-04-27 08:25:58,459 - DEBUG - < X-Cache: Miss from cloudfront
2023-04-27 08:25:58,460 - DEBUG - < Via: 1.1 3ced0108f56d0634c19ad34e6b299e80.cloudfront.net (CloudFront)
2023-04-27 08:25:58,460 - DEBUG - < X-Amz-Cf-Pop: ICN57-P2
2023-04-27 08:25:58,460 - DEBUG - < X-Amz-Cf-Id: HHkCDJdDfyhKdbmenc3fIxcEAfCypQ_lfn24-UE6wn90dvqJ38xN9g==
2023-04-27 08:25:58,460 - DEBUG - = connection is OPEN
2023-04-27 08:25:58,479 - DEBUG - > TEXT '[2, "236caae2-13fe-479c-9841-d3063785e13c", "Bo...ePointVendor": "EVAR"}]' [127 bytes]
2023-04-27 08:25:58,999 - DEBUG - < TEXT '[3, "236caae2-13fe-479c-9841-d3063785e13c", {"s...55Z", "interval": 600}]' [123 bytes]
2023-04-27 08:25:59,078 - DEBUG - Starting new HTTPS connection (1): rgw.devevspcharger.uplus.co.kr:443
2023-04-27 08:25:59,686 - DEBUG - https://rgw.devevspcharger.uplus.co.kr:443 "POST /ioc HTTP/1.1" 200 123
2023-04-27 08:25:59,708 - DEBUG - < TEXT '[2, "a710b789-0265-40bf-80ea-0983d8526959", "Ge...ration", {"key": [""]}]' [78 bytes]
2023-04-27 08:25:59,715 - DEBUG - > TEXT '[3, "a710b789-0265-40bf-80ea-0983d8526959", {"c...ts", "value": "true"}}]' [120 bytes]
2023-04-27 08:25:59,869 - DEBUG - < TEXT '' [0 bytes]
2023-04-27 08:25:59,900 - DEBUG - Starting new HTTPS connection (1): rgw.devevspcharger.uplus.co.kr:443
2023-04-27 08:26:00,288 - DEBUG - https://rgw.devevspcharger.uplus.co.kr:443 "POST /ioc HTTP/1.1" 200 164
2023-04-27 08:26:00,328 - DEBUG - < TEXT '[2, "275c11c7-3d5c-4893-98ac-2759e2b14be3", "Ch...rval", "value": "300"}]' [119 bytes]
2023-04-27 08:26:00,332 - DEBUG - > TEXT '[3, "275c11c7-3d5c-4893-98ac-2759e2b14be3", {"status": "Accepted"}]' [67 bytes]
2023-04-27 08:26:00,518 - DEBUG - < TEXT '' [0 bytes]
2023-04-27 08:26:00,548 - DEBUG - > TEXT '[2, "236caae2-13fe-479c-9841-d3063785e13c", "Bo...ePointVendor": "EVAR"}]' [127 bytes]
2023-04-27 08:26:00,841 - DEBUG - < TEXT '[3, "236caae2-13fe-479c-9841-d3063785e13c", {"s...56Z", "interval": 600}]' [123 bytes]
2023-04-27 08:26:00,878 - DEBUG - > TEXT '[2, "236caae2-13fe-479c-9841-d3063785e13c", "St..."status": "Available"}]' [132 bytes]
2023-04-27 08:26:01,294 - DEBUG - < TEXT '[3, "236caae2-13fe-479c-9841-d3063785e13c", {}]' [47 bytes]
2023-04-27 08:26:01,339 - DEBUG - > TEXT '[2, "93aac045-d6ed-4d90-879e-14a8b3709c32", "Heartbeat", {}]' [60 bytes]
2023-04-27 08:26:01,599 - DEBUG - < TEXT '[3, "93aac045-d6ed-4d90-879e-14a8b3709c32", {"c...2023-04-27T08:25:57Z"}]' [84 bytes]
2023-04-27 08:26:01,637 - DEBUG - = connection is CLOSING
2023-04-27 08:26:01,638 - DEBUG - > CLOSE 1000 (OK) [2 bytes]
2023-04-27 08:26:01,646 - DEBUG - < CLOSE 1000 (OK) [2 bytes]
2023-04-27 08:26:01,668 - DEBUG - = connection is CLOSED
2023-04-27 08:26:27,959 - DEBUG - = connection is CONNECTING
2023-04-27 08:26:27,996 - DEBUG - > GET /ocpp16/ELA007C05/EVSCA050001 HTTP/1.1
2023-04-27 08:26:27,996 - DEBUG - > Host: ws.devevspcharger.uplus.co.kr
2023-04-27 08:26:27,996 - DEBUG - > Upgrade: websocket
2023-04-27 08:26:27,996 - DEBUG - > Connection: Upgrade
2023-04-27 08:26:27,996 - DEBUG - > Sec-WebSocket-Key: M3N8xJtL2e54bouKOaYrFA==
2023-04-27 08:26:27,997 - DEBUG - > Sec-WebSocket-Version: 13
2023-04-27 08:26:27,997 - DEBUG - > Sec-WebSocket-Extensions: permessage-deflate; client_max_window_bits
2023-04-27 08:26:27,997 - DEBUG - > Sec-WebSocket-Protocol: ocpp1.6
2023-04-27 08:26:27,997 - DEBUG - > Authorization: Basic RVZBUjpFVkFSTEdV
2023-04-27 08:26:27,997 - DEBUG - > User-Agent: Python/3.11 websockets/10.4
2023-04-27 08:26:28,264 - DEBUG - < HTTP/1.1 101 Switching Protocols
2023-04-27 08:26:28,264 - DEBUG - < Connection: upgrade
2023-04-27 08:26:28,264 - DEBUG - < Date: Wed, 26 Apr 2023 23:26:24 GMT
2023-04-27 08:26:28,265 - DEBUG - < sec-websocket-protocol: ocpp1.6
2023-04-27 08:26:28,265 - DEBUG - < upgrade: websocket
2023-04-27 08:26:28,265 - DEBUG - < sec-websocket-accept: sFzGgFwfZsldQfMJ74u02ULDHgY=
2023-04-27 08:26:28,265 - DEBUG - < sec-websocket-extensions: permessage-deflate
2023-04-27 08:26:28,265 - DEBUG - < X-Cache: Miss from cloudfront
2023-04-27 08:26:28,265 - DEBUG - < Via: 1.1 1c2dddf38b53f960ce106f4047c232e4.cloudfront.net (CloudFront)
2023-04-27 08:26:28,266 - DEBUG - < X-Amz-Cf-Pop: ICN57-P2
2023-04-27 08:26:28,266 - DEBUG - < X-Amz-Cf-Id: dFhL2gn9zi32EJJQzb8v7oGvmK8Pb11lTA4lTpPs4jh6v-PaJioYdg==
2023-04-27 08:26:28,266 - DEBUG - = connection is OPEN
2023-04-27 08:26:28,271 - ERROR - Task exception was never retrieved
future: <Task finished name='Task-2' coro=<ChargerSim.startEvent() done, defined at D:\workspace\wss\main.py:124> exception=TypeError('can only concatenate str (not "AttributeError") to str')>
Traceback (most recent call last):
  File "D:\workspace\wss\Charger.py", line 184, in conn
    sslopt_ciphers = self.ws.sock.cipher()
                     ^^^^^^^^^^^^
AttributeError: 'WebSocketClientProtocol' object has no attribute 'sock'

During handling of the above exception, another exception occurred:

Traceback (most recent call last):
  File "D:\workspace\wss\main.py", line 144, in startEvent
    await self.charger.runcase(self.TC_selected if len(self.TC_selected.keys())>0 else self.TC)
  File "D:\workspace\wss\Charger.py", line 321, in runcase
    await self.conn(case)
  File "D:\workspace\wss\Charger.py", line 187, in conn
    self.log(err)
  File "D:\workspace\wss\Charger.py", line 118, in log
    self.txt_recv.insert(END, datetime.now().isoformat() +' '+ log + '\n', attr)
                              ~~~~~~~~~~~~~~~~~~~~~~~~~~~~~~~^~~~~
TypeError: can only concatenate str (not "AttributeError") to str
2023-04-27 08:26:48,262 - DEBUG - % sending keepalive ping
2023-04-27 08:26:48,262 - DEBUG - > PING d4 06 6e 6d [binary, 4 bytes]
2023-04-27 08:26:48,270 - DEBUG - < PONG d4 06 6e 6d [binary, 4 bytes]
2023-04-27 08:26:48,276 - DEBUG - % received keepalive pong
2023-04-27 08:26:54,124 - DEBUG - = connection is CONNECTING
2023-04-27 08:26:54,159 - DEBUG - > GET /ocpp16/ELA007C05/EVSCA050001 HTTP/1.1
2023-04-27 08:26:54,159 - DEBUG - > Host: ws.devevspcharger.uplus.co.kr
2023-04-27 08:26:54,159 - DEBUG - > Upgrade: websocket
2023-04-27 08:26:54,159 - DEBUG - > Connection: Upgrade
2023-04-27 08:26:54,159 - DEBUG - > Sec-WebSocket-Key: oDn3t+7QXjRVE7GJhKDU6A==
2023-04-27 08:26:54,159 - DEBUG - > Sec-WebSocket-Version: 13
2023-04-27 08:26:54,160 - DEBUG - > Sec-WebSocket-Extensions: permessage-deflate; client_max_window_bits
2023-04-27 08:26:54,160 - DEBUG - > Sec-WebSocket-Protocol: ocpp1.6
2023-04-27 08:26:54,160 - DEBUG - > Authorization: Basic RVZBUjpFVkFSTEdV
2023-04-27 08:26:54,160 - DEBUG - > User-Agent: Python/3.11 websockets/10.4
2023-04-27 08:26:54,409 - DEBUG - < HTTP/1.1 101 Switching Protocols
2023-04-27 08:26:54,409 - DEBUG - < Connection: upgrade
2023-04-27 08:26:54,409 - DEBUG - < Date: Wed, 26 Apr 2023 23:26:50 GMT
2023-04-27 08:26:54,409 - DEBUG - < sec-websocket-protocol: ocpp1.6
2023-04-27 08:26:54,410 - DEBUG - < upgrade: websocket
2023-04-27 08:26:54,410 - DEBUG - < sec-websocket-accept: RelVH6r/fZIcjYUnta8K0cCycPI=
2023-04-27 08:26:54,410 - DEBUG - < sec-websocket-extensions: permessage-deflate
2023-04-27 08:26:54,411 - DEBUG - < X-Cache: Miss from cloudfront
2023-04-27 08:26:54,411 - DEBUG - < Via: 1.1 b92faae7242f31be9bfc0ec3d134dfce.cloudfront.net (CloudFront)
2023-04-27 08:26:54,411 - DEBUG - < X-Amz-Cf-Pop: ICN57-P2
2023-04-27 08:26:54,411 - DEBUG - < X-Amz-Cf-Id: r51U8dXYBQ-OAGmhmd39fuGYqWpf-BBBR_PDV-sVRL3g3S658SgyPw==
2023-04-27 08:26:54,411 - DEBUG - = connection is OPEN
2023-04-27 08:26:54,423 - ERROR - Task exception was never retrieved
future: <Task finished name='Task-2' coro=<ChargerSim.startEvent() done, defined at D:\workspace\wss\main.py:124> exception=TypeError('BaseException.with_traceback() takes exactly one argument (0 given)')>
Traceback (most recent call last):
  File "D:\workspace\wss\Charger.py", line 184, in conn
    sslopt_ciphers = self.ws.sock.cipher()
                     ^^^^^^^^^^^^
AttributeError: 'WebSocketClientProtocol' object has no attribute 'sock'

During handling of the above exception, another exception occurred:

Traceback (most recent call last):
  File "D:\workspace\wss\main.py", line 144, in startEvent
    await self.charger.runcase(self.TC_selected if len(self.TC_selected.keys())>0 else self.TC)
  File "D:\workspace\wss\Charger.py", line 321, in runcase
    await self.conn(case)
  File "D:\workspace\wss\Charger.py", line 187, in conn
    self.log(err.with_traceback())
             ^^^^^^^^^^^^^^^^^^^^
TypeError: BaseException.with_traceback() takes exactly one argument (0 given)
2023-04-27 08:27:14,431 - DEBUG - % sending keepalive ping
2023-04-27 08:27:14,431 - DEBUG - > PING b3 f1 dc 1a [binary, 4 bytes]
2023-04-27 08:27:14,468 - DEBUG - < PONG b3 f1 dc 1a [binary, 4 bytes]
2023-04-27 08:27:14,472 - DEBUG - % received keepalive pong
2023-04-27 08:27:34,471 - DEBUG - % sending keepalive ping
2023-04-27 08:27:34,471 - DEBUG - > PING a5 3f 60 bb [binary, 4 bytes]
2023-04-27 08:27:34,479 - DEBUG - < PONG a5 3f 60 bb [binary, 4 bytes]
2023-04-27 08:27:34,481 - DEBUG - % received keepalive pong
2023-04-27 08:27:46,459 - DEBUG - = connection is CONNECTING
2023-04-27 08:27:46,492 - DEBUG - > GET /ocpp16/ELA007C05/EVSCA050001 HTTP/1.1
2023-04-27 08:27:46,493 - DEBUG - > Host: ws.devevspcharger.uplus.co.kr
2023-04-27 08:27:46,493 - DEBUG - > Upgrade: websocket
2023-04-27 08:27:46,493 - DEBUG - > Connection: Upgrade
2023-04-27 08:27:46,493 - DEBUG - > Sec-WebSocket-Key: DNodJ0LbJcboD+cVsVMmxw==
2023-04-27 08:27:46,493 - DEBUG - > Sec-WebSocket-Version: 13
2023-04-27 08:27:46,493 - DEBUG - > Sec-WebSocket-Extensions: permessage-deflate; client_max_window_bits
2023-04-27 08:27:46,493 - DEBUG - > Sec-WebSocket-Protocol: ocpp1.6
2023-04-27 08:27:46,493 - DEBUG - > Authorization: Basic RVZBUjpFVkFSTEdV
2023-04-27 08:27:46,494 - DEBUG - > User-Agent: Python/3.11 websockets/10.4
2023-04-27 08:27:46,829 - DEBUG - < HTTP/1.1 101 Switching Protocols
2023-04-27 08:27:46,829 - DEBUG - < Connection: upgrade
2023-04-27 08:27:46,829 - DEBUG - < Date: Wed, 26 Apr 2023 23:27:43 GMT
2023-04-27 08:27:46,829 - DEBUG - < sec-websocket-protocol: ocpp1.6
2023-04-27 08:27:46,829 - DEBUG - < upgrade: websocket
2023-04-27 08:27:46,829 - DEBUG - < sec-websocket-accept: DwtlfrmVRY1qocDNYs1YIIRWXvM=
2023-04-27 08:27:46,829 - DEBUG - < sec-websocket-extensions: permessage-deflate
2023-04-27 08:27:46,829 - DEBUG - < X-Cache: Miss from cloudfront
2023-04-27 08:27:46,830 - DEBUG - < Via: 1.1 ba725da875f43fb311efeb484e55ed1a.cloudfront.net (CloudFront)
2023-04-27 08:27:46,830 - DEBUG - < X-Amz-Cf-Pop: ICN57-P2
2023-04-27 08:27:46,830 - DEBUG - < X-Amz-Cf-Id: 5x8XVoqbPbFQ_wbk60SWDBW2Gh2iXaPxG4ls-IRc_DdGIykc9B3d0A==
2023-04-27 08:27:46,830 - DEBUG - = connection is OPEN
2023-04-27 08:27:46,847 - DEBUG - > TEXT '[2, "897ef09d-696f-4f03-9105-e9b2095630c9", "Bo...ePointVendor": "EVAR"}]' [127 bytes]
2023-04-27 08:27:47,311 - DEBUG - < TEXT '[3, "897ef09d-696f-4f03-9105-e9b2095630c9", {"s...43Z", "interval": 600}]' [123 bytes]
2023-04-27 08:27:47,389 - DEBUG - Starting new HTTPS connection (1): rgw.devevspcharger.uplus.co.kr:443
2023-04-27 08:27:48,046 - DEBUG - https://rgw.devevspcharger.uplus.co.kr:443 "POST /ioc HTTP/1.1" 200 123
2023-04-27 08:27:48,070 - DEBUG - < TEXT '[2, "bbdde386-ee17-44d6-b4fa-dc4b7b7a4ddb", "Ge...ration", {"key": [""]}]' [78 bytes]
2023-04-27 08:27:48,079 - DEBUG - > TEXT '[3, "bbdde386-ee17-44d6-b4fa-dc4b7b7a4ddb", {"c...ts", "value": "true"}}]' [120 bytes]
2023-04-27 08:27:48,269 - DEBUG - < TEXT '' [0 bytes]
2023-04-27 08:27:48,287 - DEBUG - Starting new HTTPS connection (1): rgw.devevspcharger.uplus.co.kr:443
2023-04-27 08:27:48,727 - DEBUG - https://rgw.devevspcharger.uplus.co.kr:443 "POST /ioc HTTP/1.1" 200 164
2023-04-27 08:27:48,803 - DEBUG - < TEXT '[2, "af0697e9-77d1-47b0-855a-452bcfdb2c57", "Ch...rval", "value": "300"}]' [119 bytes]
2023-04-27 08:27:48,812 - DEBUG - > TEXT '[3, "af0697e9-77d1-47b0-855a-452bcfdb2c57", {"status": "Accepted"}]' [67 bytes]
2023-04-27 08:27:48,975 - DEBUG - < TEXT '' [0 bytes]
2023-04-27 08:27:49,003 - DEBUG - > TEXT '[2, "897ef09d-696f-4f03-9105-e9b2095630c9", "Bo...ePointVendor": "EVAR"}]' [127 bytes]
2023-04-27 08:27:49,311 - DEBUG - < TEXT '[3, "897ef09d-696f-4f03-9105-e9b2095630c9", {"s...45Z", "interval": 600}]' [123 bytes]
2023-04-27 08:27:49,358 - DEBUG - > TEXT '[2, "897ef09d-696f-4f03-9105-e9b2095630c9", "St..."status": "Available"}]' [132 bytes]
2023-04-27 08:27:49,690 - DEBUG - < TEXT '[3, "897ef09d-696f-4f03-9105-e9b2095630c9", {}]' [47 bytes]
2023-04-27 08:27:49,726 - DEBUG - > TEXT '[2, "3e4ac47e-8dda-42ae-a138-d4aaf7c62400", "Heartbeat", {}]' [60 bytes]
2023-04-27 08:27:49,940 - DEBUG - < TEXT '[3, "3e4ac47e-8dda-42ae-a138-d4aaf7c62400", {"c...2023-04-27T08:27:46Z"}]' [84 bytes]
2023-04-27 08:27:49,962 - DEBUG - = connection is CLOSING
2023-04-27 08:27:49,962 - DEBUG - > CLOSE 1000 (OK) [2 bytes]
2023-04-27 08:27:49,968 - DEBUG - < CLOSE 1000 (OK) [2 bytes]
2023-04-27 08:27:49,973 - DEBUG - = connection is CLOSED
2023-04-27 08:28:28,432 - DEBUG - = connection is CONNECTING
2023-04-27 08:28:28,467 - DEBUG - > GET /ocpp16/ELA007C05/EVSCA050001 HTTP/1.1
2023-04-27 08:28:28,467 - DEBUG - > Host: ws.devevspcharger.uplus.co.kr
2023-04-27 08:28:28,467 - DEBUG - > Upgrade: websocket
2023-04-27 08:28:28,467 - DEBUG - > Connection: Upgrade
2023-04-27 08:28:28,467 - DEBUG - > Sec-WebSocket-Key: J+5A9Fe/4GPLpjUfc93P0g==
2023-04-27 08:28:28,468 - DEBUG - > Sec-WebSocket-Version: 13
2023-04-27 08:28:28,468 - DEBUG - > Sec-WebSocket-Extensions: permessage-deflate; client_max_window_bits
2023-04-27 08:28:28,468 - DEBUG - > Sec-WebSocket-Protocol: ocpp1.6
2023-04-27 08:28:28,468 - DEBUG - > Authorization: Basic RVZBUjpFVkFSTEdV
2023-04-27 08:28:28,468 - DEBUG - > User-Agent: Python/3.11 websockets/10.4
2023-04-27 08:28:28,731 - DEBUG - < HTTP/1.1 101 Switching Protocols
2023-04-27 08:28:28,732 - DEBUG - < Connection: upgrade
2023-04-27 08:28:28,732 - DEBUG - < Date: Wed, 26 Apr 2023 23:28:24 GMT
2023-04-27 08:28:28,732 - DEBUG - < sec-websocket-protocol: ocpp1.6
2023-04-27 08:28:28,732 - DEBUG - < upgrade: websocket
2023-04-27 08:28:28,732 - DEBUG - < sec-websocket-accept: Aq8tq3j+71LLRQR+uQfbm96/47U=
2023-04-27 08:28:28,732 - DEBUG - < sec-websocket-extensions: permessage-deflate
2023-04-27 08:28:28,732 - DEBUG - < X-Cache: Miss from cloudfront
2023-04-27 08:28:28,732 - DEBUG - < Via: 1.1 d21d7f64d4ce2d8fcbb5fbee217cca5a.cloudfront.net (CloudFront)
2023-04-27 08:28:28,733 - DEBUG - < X-Amz-Cf-Pop: ICN57-P2
2023-04-27 08:28:28,733 - DEBUG - < X-Amz-Cf-Id: WceWlTsbcmNJmQk0-pcyleU1kx97f0BGA8aaWTEX_1Wy_axUyN7Jng==
2023-04-27 08:28:28,733 - DEBUG - = connection is OPEN
2023-04-27 08:28:28,744 - ERROR - Task exception was never retrieved
future: <Task finished name='Task-2' coro=<ChargerSim.startEvent() done, defined at D:\workspace\wss\main.py:124> exception=TypeError('BaseException.with_traceback() takes exactly one argument (0 given)')>
Traceback (most recent call last):
  File "D:\workspace\wss\Charger.py", line 184, in conn
    sslopt_ciphers = self.ws.socket_options
                     ^^^^^^^^^^^^^^^^^^^^^^
AttributeError: 'WebSocketClientProtocol' object has no attribute 'socket_options'

During handling of the above exception, another exception occurred:

Traceback (most recent call last):
  File "D:\workspace\wss\main.py", line 144, in startEvent
    await self.charger.runcase(self.TC_selected if len(self.TC_selected.keys())>0 else self.TC)
  File "D:\workspace\wss\Charger.py", line 321, in runcase
    await self.conn(case)
  File "D:\workspace\wss\Charger.py", line 187, in conn
    self.log(err.with_traceback())
             ^^^^^^^^^^^^^^^^^^^^
TypeError: BaseException.with_traceback() takes exactly one argument (0 given)
2023-04-27 08:28:44,174 - DEBUG - = connection is CONNECTING
2023-04-27 08:28:44,207 - DEBUG - > GET /ocpp16/ELA007C05/EVSCA050001 HTTP/1.1
2023-04-27 08:28:44,207 - DEBUG - > Host: ws.devevspcharger.uplus.co.kr
2023-04-27 08:28:44,207 - DEBUG - > Upgrade: websocket
2023-04-27 08:28:44,207 - DEBUG - > Connection: Upgrade
2023-04-27 08:28:44,207 - DEBUG - > Sec-WebSocket-Key: ZOJY3KCcWlKMk1W4DWuHSA==
2023-04-27 08:28:44,208 - DEBUG - > Sec-WebSocket-Version: 13
2023-04-27 08:28:44,208 - DEBUG - > Sec-WebSocket-Extensions: permessage-deflate; client_max_window_bits
2023-04-27 08:28:44,208 - DEBUG - > Sec-WebSocket-Protocol: ocpp1.6
2023-04-27 08:28:44,208 - DEBUG - > Authorization: Basic RVZBUjpFVkFSTEdV
2023-04-27 08:28:44,208 - DEBUG - > User-Agent: Python/3.11 websockets/10.4
2023-04-27 08:28:44,451 - DEBUG - < HTTP/1.1 101 Switching Protocols
2023-04-27 08:28:44,451 - DEBUG - < Connection: upgrade
2023-04-27 08:28:44,451 - DEBUG - < Date: Wed, 26 Apr 2023 23:28:40 GMT
2023-04-27 08:28:44,451 - DEBUG - < sec-websocket-protocol: ocpp1.6
2023-04-27 08:28:44,451 - DEBUG - < upgrade: websocket
2023-04-27 08:28:44,451 - DEBUG - < sec-websocket-accept: I7/fCshRcG53ol6e9g+QfvC1j0c=
2023-04-27 08:28:44,451 - DEBUG - < sec-websocket-extensions: permessage-deflate
2023-04-27 08:28:44,452 - DEBUG - < X-Cache: Miss from cloudfront
2023-04-27 08:28:44,452 - DEBUG - < Via: 1.1 addf940186af6aa7dc864a17e45130c6.cloudfront.net (CloudFront)
2023-04-27 08:28:44,452 - DEBUG - < X-Amz-Cf-Pop: ICN57-P2
2023-04-27 08:28:44,452 - DEBUG - < X-Amz-Cf-Id: GEoOZ9yMfDbuhV0hu5i1DKKxmYCx-pjMJdi9n9fNqqeXPe0OSVOD4g==
2023-04-27 08:28:44,452 - DEBUG - = connection is OPEN
2023-04-27 08:28:44,458 - ERROR - Task exception was never retrieved
future: <Task finished name='Task-2' coro=<ChargerSim.startEvent() done, defined at D:\workspace\wss\main.py:124> exception=TypeError('can only concatenate str (not "AttributeError") to str')>
Traceback (most recent call last):
  File "D:\workspace\wss\Charger.py", line 184, in conn
    sslopt_ciphers = self.ws.socket_options
                     ^^^^^^^^^^^^^^^^^^^^^^
AttributeError: 'WebSocketClientProtocol' object has no attribute 'socket_options'

During handling of the above exception, another exception occurred:

Traceback (most recent call last):
  File "D:\workspace\wss\main.py", line 144, in startEvent
    await self.charger.runcase(self.TC_selected if len(self.TC_selected.keys())>0 else self.TC)
  File "D:\workspace\wss\Charger.py", line 321, in runcase
    await self.conn(case)
  File "D:\workspace\wss\Charger.py", line 187, in conn
    self.log(err)
  File "D:\workspace\wss\Charger.py", line 118, in log
    self.txt_recv.insert(END, datetime.now().isoformat() +' '+ log + '\n', attr)
                              ~~~~~~~~~~~~~~~~~~~~~~~~~~~~~~~^~~~~
TypeError: can only concatenate str (not "AttributeError") to str
2023-04-27 08:29:04,445 - DEBUG - % sending keepalive ping
2023-04-27 08:29:04,445 - DEBUG - > PING 67 f2 05 33 [binary, 4 bytes]
2023-04-27 08:29:04,452 - DEBUG - < PONG 67 f2 05 33 [binary, 4 bytes]
2023-04-27 08:29:04,455 - DEBUG - % received keepalive pong
2023-04-27 08:29:24,441 - DEBUG - % sending keepalive ping
2023-04-27 08:29:24,442 - DEBUG - > PING 9e 87 5f 89 [binary, 4 bytes]
2023-04-27 08:29:24,449 - DEBUG - < PONG 9e 87 5f 89 [binary, 4 bytes]
2023-04-27 08:29:24,451 - DEBUG - % received keepalive pong
2023-04-27 08:29:44,442 - DEBUG - % sending keepalive ping
2023-04-27 08:29:44,442 - DEBUG - > PING c6 90 bd 32 [binary, 4 bytes]
2023-04-27 08:29:44,449 - DEBUG - < PONG c6 90 bd 32 [binary, 4 bytes]
2023-04-27 08:29:44,452 - DEBUG - % received keepalive pong
2023-04-27 08:30:04,446 - DEBUG - % sending keepalive ping
2023-04-27 08:30:04,446 - DEBUG - > PING b0 63 91 a0 [binary, 4 bytes]
2023-04-27 08:30:04,454 - DEBUG - < PONG b0 63 91 a0 [binary, 4 bytes]
2023-04-27 08:30:04,457 - DEBUG - % received keepalive pong
2023-04-27 08:30:24,439 - DEBUG - % sending keepalive ping
2023-04-27 08:30:24,440 - DEBUG - > PING 61 e4 14 6d [binary, 4 bytes]
2023-04-27 08:30:24,448 - DEBUG - < PONG 61 e4 14 6d [binary, 4 bytes]
2023-04-27 08:30:24,450 - DEBUG - % received keepalive pong
2023-04-27 08:30:44,441 - DEBUG - % sending keepalive ping
2023-04-27 08:30:44,442 - DEBUG - > PING 8b 62 b5 67 [binary, 4 bytes]
2023-04-27 08:30:44,451 - DEBUG - < PONG 8b 62 b5 67 [binary, 4 bytes]
2023-04-27 08:30:44,453 - DEBUG - % received keepalive pong
2023-04-27 08:31:04,438 - DEBUG - % sending keepalive ping
2023-04-27 08:31:04,438 - DEBUG - > PING bd 2d 23 7d [binary, 4 bytes]
2023-04-27 08:31:04,448 - DEBUG - < PONG bd 2d 23 7d [binary, 4 bytes]
2023-04-27 08:31:04,451 - DEBUG - % received keepalive pong
2023-04-27 08:31:24,436 - DEBUG - % sending keepalive ping
2023-04-27 08:31:24,436 - DEBUG - > PING b4 24 69 2d [binary, 4 bytes]
2023-04-27 08:31:24,463 - DEBUG - < PONG b4 24 69 2d [binary, 4 bytes]
2023-04-27 08:31:24,470 - DEBUG - % received keepalive pong
2023-04-27 08:31:44,468 - DEBUG - % sending keepalive ping
2023-04-27 08:31:44,468 - DEBUG - > PING 53 8b 77 80 [binary, 4 bytes]
2023-04-27 08:31:44,475 - DEBUG - < PONG 53 8b 77 80 [binary, 4 bytes]
2023-04-27 08:31:44,478 - DEBUG - % received keepalive pong
2023-04-27 08:32:04,476 - DEBUG - % sending keepalive ping
2023-04-27 08:32:04,476 - DEBUG - > PING b0 4d 67 83 [binary, 4 bytes]
2023-04-27 08:32:04,484 - DEBUG - < PONG b0 4d 67 83 [binary, 4 bytes]
2023-04-27 08:32:04,486 - DEBUG - % received keepalive pong
2023-04-27 08:32:24,479 - DEBUG - % sending keepalive ping
2023-04-27 08:32:24,479 - DEBUG - > PING 2c 4e 6a dd [binary, 4 bytes]
2023-04-27 08:32:24,487 - DEBUG - < PONG 2c 4e 6a dd [binary, 4 bytes]
2023-04-27 08:32:24,489 - DEBUG - % received keepalive pong
2023-04-27 08:32:44,481 - DEBUG - % sending keepalive ping
2023-04-27 08:32:44,481 - DEBUG - > PING 50 31 31 fd [binary, 4 bytes]
2023-04-27 08:32:44,494 - DEBUG - < PONG 50 31 31 fd [binary, 4 bytes]
2023-04-27 08:32:44,497 - DEBUG - % received keepalive pong
2023-04-27 08:33:04,492 - DEBUG - % sending keepalive ping
2023-04-27 08:33:04,493 - DEBUG - > PING 80 1c 7a 20 [binary, 4 bytes]
2023-04-27 08:33:04,500 - DEBUG - < PONG 80 1c 7a 20 [binary, 4 bytes]
2023-04-27 08:33:04,502 - DEBUG - % received keepalive pong
2023-04-27 08:33:24,485 - DEBUG - % sending keepalive ping
2023-04-27 08:33:24,485 - DEBUG - > PING 62 2d e3 4f [binary, 4 bytes]
2023-04-27 08:33:24,492 - DEBUG - < PONG 62 2d e3 4f [binary, 4 bytes]
2023-04-27 08:33:24,496 - DEBUG - % received keepalive pong
2023-04-27 08:33:44,486 - DEBUG - % sending keepalive ping
2023-04-27 08:33:44,486 - DEBUG - > PING 7a 82 cf 9f [binary, 4 bytes]
2023-04-27 08:33:44,495 - DEBUG - < PONG 7a 82 cf 9f [binary, 4 bytes]
2023-04-27 08:33:44,498 - DEBUG - % received keepalive pong
2023-04-27 08:34:04,487 - DEBUG - % sending keepalive ping
2023-04-27 08:34:04,487 - DEBUG - > PING 2c 59 ae 3a [binary, 4 bytes]
2023-04-27 08:34:04,494 - DEBUG - < PONG 2c 59 ae 3a [binary, 4 bytes]
2023-04-27 08:34:04,496 - DEBUG - % received keepalive pong
2023-04-27 08:34:24,487 - DEBUG - % sending keepalive ping
2023-04-27 08:34:24,488 - DEBUG - > PING 40 82 53 bd [binary, 4 bytes]
2023-04-27 08:34:24,495 - DEBUG - < PONG 40 82 53 bd [binary, 4 bytes]
2023-04-27 08:34:24,498 - DEBUG - % received keepalive pong
2023-04-27 08:34:44,493 - DEBUG - % sending keepalive ping
2023-04-27 08:34:44,494 - DEBUG - > PING ed ea 71 82 [binary, 4 bytes]
2023-04-27 08:34:44,502 - DEBUG - < PONG ed ea 71 82 [binary, 4 bytes]
2023-04-27 08:34:44,506 - DEBUG - % received keepalive pong
2023-04-27 08:35:04,493 - DEBUG - % sending keepalive ping
2023-04-27 08:35:04,493 - DEBUG - > PING 25 9e 99 c0 [binary, 4 bytes]
2023-04-27 08:35:04,501 - DEBUG - < PONG 25 9e 99 c0 [binary, 4 bytes]
2023-04-27 08:35:04,503 - DEBUG - % received keepalive pong
2023-04-27 08:35:24,490 - DEBUG - % sending keepalive ping
2023-04-27 08:35:24,490 - DEBUG - > PING b9 90 25 12 [binary, 4 bytes]
2023-04-27 08:35:24,497 - DEBUG - < PONG b9 90 25 12 [binary, 4 bytes]
2023-04-27 08:35:24,500 - DEBUG - % received keepalive pong
2023-04-27 08:35:44,490 - DEBUG - % sending keepalive ping
2023-04-27 08:35:44,491 - DEBUG - > PING d8 49 9e 7e [binary, 4 bytes]
2023-04-27 08:35:44,498 - DEBUG - < PONG d8 49 9e 7e [binary, 4 bytes]
2023-04-27 08:35:44,501 - DEBUG - % received keepalive pong
2023-04-27 08:36:04,491 - DEBUG - % sending keepalive ping
2023-04-27 08:36:04,491 - DEBUG - > PING c1 22 13 c9 [binary, 4 bytes]
2023-04-27 08:36:04,500 - DEBUG - < PONG c1 22 13 c9 [binary, 4 bytes]
2023-04-27 08:36:04,504 - DEBUG - % received keepalive pong
2023-04-27 08:36:24,489 - DEBUG - % sending keepalive ping
2023-04-27 08:36:24,489 - DEBUG - > PING 3c 57 43 d5 [binary, 4 bytes]
2023-04-27 08:36:24,499 - DEBUG - < PONG 3c 57 43 d5 [binary, 4 bytes]
2023-04-27 08:36:24,503 - DEBUG - % received keepalive pong
2023-04-27 08:36:44,489 - DEBUG - % sending keepalive ping
2023-04-27 08:36:44,489 - DEBUG - > PING 39 bd 5b 95 [binary, 4 bytes]
2023-04-27 08:36:44,499 - DEBUG - < PONG 39 bd 5b 95 [binary, 4 bytes]
2023-04-27 08:36:44,502 - DEBUG - % received keepalive pong
2023-04-27 08:37:04,483 - DEBUG - % sending keepalive ping
2023-04-27 08:37:04,483 - DEBUG - > PING ae ca 6a f4 [binary, 4 bytes]
2023-04-27 08:37:04,490 - DEBUG - < PONG ae ca 6a f4 [binary, 4 bytes]
2023-04-27 08:37:04,492 - DEBUG - % received keepalive pong
2023-04-27 08:37:24,482 - DEBUG - % sending keepalive ping
2023-04-27 08:37:24,482 - DEBUG - > PING f1 78 c0 1d [binary, 4 bytes]
2023-04-27 08:37:24,489 - DEBUG - < PONG f1 78 c0 1d [binary, 4 bytes]
2023-04-27 08:37:24,494 - DEBUG - % received keepalive pong
2023-04-27 08:37:44,484 - DEBUG - % sending keepalive ping
2023-04-27 08:37:44,485 - DEBUG - > PING fe d2 15 fd [binary, 4 bytes]
2023-04-27 08:37:44,493 - DEBUG - < PONG fe d2 15 fd [binary, 4 bytes]
2023-04-27 08:37:44,496 - DEBUG - % received keepalive pong
2023-04-27 08:38:04,482 - DEBUG - % sending keepalive ping
2023-04-27 08:38:04,483 - DEBUG - > PING 25 73 5d ec [binary, 4 bytes]
2023-04-27 08:38:04,491 - DEBUG - < PONG 25 73 5d ec [binary, 4 bytes]
2023-04-27 08:38:04,495 - DEBUG - % received keepalive pong
2023-04-27 08:38:24,490 - DEBUG - % sending keepalive ping
2023-04-27 08:38:24,490 - DEBUG - > PING 34 22 c0 e7 [binary, 4 bytes]
2023-04-27 08:38:24,534 - DEBUG - < PONG 34 22 c0 e7 [binary, 4 bytes]
2023-04-27 08:38:24,538 - DEBUG - % received keepalive pong
2023-04-27 08:38:44,534 - DEBUG - % sending keepalive ping
2023-04-27 08:38:44,535 - DEBUG - > PING 2a 95 e1 94 [binary, 4 bytes]
2023-04-27 08:38:44,541 - DEBUG - < PONG 2a 95 e1 94 [binary, 4 bytes]
2023-04-27 08:38:44,545 - DEBUG - % received keepalive pong
2023-04-27 08:39:04,549 - DEBUG - % sending keepalive ping
2023-04-27 08:39:04,549 - DEBUG - > PING 5b 94 93 4c [binary, 4 bytes]
2023-04-27 08:39:04,557 - DEBUG - < PONG 5b 94 93 4c [binary, 4 bytes]
2023-04-27 08:39:04,561 - DEBUG - % received keepalive pong
2023-04-27 08:39:24,568 - DEBUG - % sending keepalive ping
2023-04-27 08:39:24,568 - DEBUG - > PING 57 ce 72 52 [binary, 4 bytes]
2023-04-27 08:39:24,579 - DEBUG - < PONG 57 ce 72 52 [binary, 4 bytes]
2023-04-27 08:39:24,583 - DEBUG - % received keepalive pong
2023-04-27 08:39:35,426 - DEBUG - = connection is CONNECTING
2023-04-27 08:39:35,469 - DEBUG - > GET /ocpp16/ELA007C05/EVSCA050001 HTTP/1.1
2023-04-27 08:39:35,469 - DEBUG - > Host: ws.devevspcharger.uplus.co.kr
2023-04-27 08:39:35,470 - DEBUG - > Upgrade: websocket
2023-04-27 08:39:35,470 - DEBUG - > Connection: Upgrade
2023-04-27 08:39:35,470 - DEBUG - > Sec-WebSocket-Key: YVymRgXqnSed454VtCYexw==
2023-04-27 08:39:35,470 - DEBUG - > Sec-WebSocket-Version: 13
2023-04-27 08:39:35,470 - DEBUG - > Sec-WebSocket-Extensions: permessage-deflate; client_max_window_bits
2023-04-27 08:39:35,470 - DEBUG - > Sec-WebSocket-Protocol: ocpp1.6
2023-04-27 08:39:35,471 - DEBUG - > Authorization: Basic RVZBUjpFVkFSTEdV
2023-04-27 08:39:35,471 - DEBUG - > User-Agent: Python/3.11 websockets/10.4
2023-04-27 08:39:37,091 - DEBUG - < HTTP/1.1 101 Switching Protocols
2023-04-27 08:39:37,091 - DEBUG - < Connection: upgrade
2023-04-27 08:39:37,091 - DEBUG - < Date: Wed, 26 Apr 2023 23:39:33 GMT
2023-04-27 08:39:37,091 - DEBUG - < sec-websocket-protocol: ocpp1.6
2023-04-27 08:39:37,091 - DEBUG - < upgrade: websocket
2023-04-27 08:39:37,092 - DEBUG - < sec-websocket-accept: lJAIk7ROGakB+kzrOBmP/RwWvvs=
2023-04-27 08:39:37,092 - DEBUG - < sec-websocket-extensions: permessage-deflate
2023-04-27 08:39:37,092 - DEBUG - < X-Cache: Miss from cloudfront
2023-04-27 08:39:37,092 - DEBUG - < Via: 1.1 d21d7f64d4ce2d8fcbb5fbee217cca5a.cloudfront.net (CloudFront)
2023-04-27 08:39:37,092 - DEBUG - < X-Amz-Cf-Pop: ICN57-P2
2023-04-27 08:39:37,092 - DEBUG - < X-Amz-Cf-Id: 1-fR9OlAYt3SJJu_XYXOxtMhop8uswWPx-GuQ1VVwEyRsy5wRGH0RA==
2023-04-27 08:39:37,092 - DEBUG - = connection is OPEN
2023-04-27 08:39:37,099 - ERROR - Task exception was never retrieved
future: <Task finished name='Task-2' coro=<ChargerSim.startEvent() done, defined at D:\workspace\wss\main.py:124> exception=TypeError('can only concatenate str (not "AttributeError") to str')>
Traceback (most recent call last):
  File "D:\workspace\wss\Charger.py", line 183, in conn
    print(self.ws.socket_options.ssl_context)
          ^^^^^^^^^^^^^^^^^^^^^^
AttributeError: 'WebSocketClientProtocol' object has no attribute 'socket_options'

During handling of the above exception, another exception occurred:

Traceback (most recent call last):
  File "D:\workspace\wss\main.py", line 144, in startEvent
    await self.charger.runcase(self.TC_selected if len(self.TC_selected.keys())>0 else self.TC)
  File "D:\workspace\wss\Charger.py", line 321, in runcase
    await self.conn(case)
  File "D:\workspace\wss\Charger.py", line 187, in conn
    self.log(err)
  File "D:\workspace\wss\Charger.py", line 118, in log
    self.txt_recv.insert(END, datetime.now().isoformat() +' '+ log + '\n', attr)
                              ~~~~~~~~~~~~~~~~~~~~~~~~~~~~~~~^~~~~
TypeError: can only concatenate str (not "AttributeError") to str
2023-04-27 08:39:57,096 - DEBUG - % sending keepalive ping
2023-04-27 08:39:57,096 - DEBUG - > PING b8 46 03 00 [binary, 4 bytes]
2023-04-27 08:39:57,104 - DEBUG - < PONG b8 46 03 00 [binary, 4 bytes]
2023-04-27 08:39:57,108 - DEBUG - % received keepalive pong
2023-04-27 08:40:17,105 - DEBUG - % sending keepalive ping
2023-04-27 08:40:17,105 - DEBUG - > PING 86 3e db 22 [binary, 4 bytes]
2023-04-27 08:40:17,116 - DEBUG - < PONG 86 3e db 22 [binary, 4 bytes]
2023-04-27 08:40:17,124 - DEBUG - % received keepalive pong
2023-04-27 08:40:35,018 - DEBUG - = connection is CONNECTING
2023-04-27 08:40:35,054 - DEBUG - > GET /ocpp16/ELA007C05/EVSCA050001 HTTP/1.1
2023-04-27 08:40:35,055 - DEBUG - > Host: ws.devevspcharger.uplus.co.kr
2023-04-27 08:40:35,055 - DEBUG - > Upgrade: websocket
2023-04-27 08:40:35,055 - DEBUG - > Connection: Upgrade
2023-04-27 08:40:35,055 - DEBUG - > Sec-WebSocket-Key: LBGR0JyxQ0YPMm14f+KsNA==
2023-04-27 08:40:35,055 - DEBUG - > Sec-WebSocket-Version: 13
2023-04-27 08:40:35,056 - DEBUG - > Sec-WebSocket-Extensions: permessage-deflate; client_max_window_bits
2023-04-27 08:40:35,056 - DEBUG - > Sec-WebSocket-Protocol: ocpp1.6
2023-04-27 08:40:35,056 - DEBUG - > Authorization: Basic RVZBUjpFVkFSTEdV
2023-04-27 08:40:35,056 - DEBUG - > User-Agent: Python/3.11 websockets/10.4
2023-04-27 08:40:35,347 - DEBUG - < HTTP/1.1 101 Switching Protocols
2023-04-27 08:40:35,347 - DEBUG - < Connection: upgrade
2023-04-27 08:40:35,347 - DEBUG - < Date: Wed, 26 Apr 2023 23:40:31 GMT
2023-04-27 08:40:35,347 - DEBUG - < sec-websocket-protocol: ocpp1.6
2023-04-27 08:40:35,347 - DEBUG - < upgrade: websocket
2023-04-27 08:40:35,347 - DEBUG - < sec-websocket-accept: Lym4JJwVPWMFKMo34puMJutqEwE=
2023-04-27 08:40:35,347 - DEBUG - < sec-websocket-extensions: permessage-deflate
2023-04-27 08:40:35,347 - DEBUG - < X-Cache: Miss from cloudfront
2023-04-27 08:40:35,347 - DEBUG - < Via: 1.1 8e619a006d3eebbe44543457c797a4f0.cloudfront.net (CloudFront)
2023-04-27 08:40:35,347 - DEBUG - < X-Amz-Cf-Pop: ICN57-P2
2023-04-27 08:40:35,347 - DEBUG - < X-Amz-Cf-Id: guaZRprwHPpPUQEDlHMPiduc9qG-Y6nIvZ5-10buGTYRAMZyexnLxA==
2023-04-27 08:40:35,347 - DEBUG - = connection is OPEN
2023-04-27 08:40:35,354 - ERROR - Task exception was never retrieved
future: <Task finished name='Task-2' coro=<ChargerSim.startEvent() done, defined at D:\workspace\wss\main.py:124> exception=TypeError('can only concatenate str (not "AttributeError") to str')>
Traceback (most recent call last):
  File "D:\workspace\wss\Charger.py", line 183, in conn
    print(self.ws.ws_socket.ssl_object)
          ^^^^^^^^^^^^^^^^^
AttributeError: 'WebSocketClientProtocol' object has no attribute 'ws_socket'

During handling of the above exception, another exception occurred:

Traceback (most recent call last):
  File "D:\workspace\wss\main.py", line 144, in startEvent
    await self.charger.runcase(self.TC_selected if len(self.TC_selected.keys())>0 else self.TC)
  File "D:\workspace\wss\Charger.py", line 321, in runcase
    await self.conn(case)
  File "D:\workspace\wss\Charger.py", line 187, in conn
    self.log(err)
  File "D:\workspace\wss\Charger.py", line 118, in log
    self.txt_recv.insert(END, datetime.now().isoformat() +' '+ log + '\n', attr)
                              ~~~~~~~~~~~~~~~~~~~~~~~~~~~~~~~^~~~~
TypeError: can only concatenate str (not "AttributeError") to str
2023-04-27 08:40:55,356 - DEBUG - % sending keepalive ping
2023-04-27 08:40:55,356 - DEBUG - > PING 64 70 a3 6f [binary, 4 bytes]
2023-04-27 08:40:55,365 - DEBUG - < PONG 64 70 a3 6f [binary, 4 bytes]
2023-04-27 08:40:55,372 - DEBUG - % received keepalive pong
2023-04-27 08:41:15,365 - DEBUG - % sending keepalive ping
2023-04-27 08:41:15,365 - DEBUG - > PING 37 87 07 5a [binary, 4 bytes]
2023-04-27 08:41:15,386 - DEBUG - < PONG 37 87 07 5a [binary, 4 bytes]
2023-04-27 08:41:15,388 - DEBUG - % received keepalive pong
2023-04-27 08:41:35,394 - DEBUG - % sending keepalive ping
2023-04-27 08:41:35,395 - DEBUG - > PING 8d 58 b9 15 [binary, 4 bytes]
2023-04-27 08:41:35,402 - DEBUG - < PONG 8d 58 b9 15 [binary, 4 bytes]
2023-04-27 08:41:35,404 - DEBUG - % received keepalive pong
2023-04-27 08:41:55,392 - DEBUG - % sending keepalive ping
2023-04-27 08:41:55,392 - DEBUG - > PING '\x0e\x0e\x86' [text, 4 bytes]
2023-04-27 08:41:55,401 - DEBUG - < PONG '\x0e\x0e\x86' [text, 4 bytes]
2023-04-27 08:41:55,404 - DEBUG - % received keepalive pong
2023-04-27 08:42:15,397 - DEBUG - % sending keepalive ping
2023-04-27 08:42:15,398 - DEBUG - > PING '\x0fCRa' [text, 4 bytes]
2023-04-27 08:42:15,405 - DEBUG - < PONG '\x0fCRa' [text, 4 bytes]
2023-04-27 08:42:15,408 - DEBUG - % received keepalive pong
2023-04-27 08:42:35,393 - DEBUG - % sending keepalive ping
2023-04-27 08:42:35,393 - DEBUG - > PING f8 93 5e 7c [binary, 4 bytes]
2023-04-27 08:42:35,405 - DEBUG - < PONG f8 93 5e 7c [binary, 4 bytes]
2023-04-27 08:42:35,408 - DEBUG - % received keepalive pong
2023-04-27 08:42:55,388 - DEBUG - % sending keepalive ping
2023-04-27 08:42:55,388 - DEBUG - > PING 3e 43 9d 59 [binary, 4 bytes]
2023-04-27 08:42:55,396 - DEBUG - < PONG 3e 43 9d 59 [binary, 4 bytes]
2023-04-27 08:42:55,399 - DEBUG - % received keepalive pong
2023-04-27 08:43:15,398 - DEBUG - % sending keepalive ping
2023-04-27 08:43:15,399 - DEBUG - > PING 67 37 0e aa [binary, 4 bytes]
2023-04-27 08:43:15,406 - DEBUG - < PONG 67 37 0e aa [binary, 4 bytes]
2023-04-27 08:43:15,408 - DEBUG - % received keepalive pong
2023-04-27 08:43:35,399 - DEBUG - % sending keepalive ping
2023-04-27 08:43:35,399 - DEBUG - > PING 48 48 63 89 [binary, 4 bytes]
2023-04-27 08:43:35,409 - DEBUG - < PONG 48 48 63 89 [binary, 4 bytes]
2023-04-27 08:43:35,412 - DEBUG - % received keepalive pong
2023-04-27 08:43:55,399 - DEBUG - % sending keepalive ping
2023-04-27 08:43:55,399 - DEBUG - > PING bd 6f 7a 9b [binary, 4 bytes]
2023-04-27 08:43:55,408 - DEBUG - < PONG bd 6f 7a 9b [binary, 4 bytes]
2023-04-27 08:43:55,410 - DEBUG - % received keepalive pong
2023-04-27 08:44:15,391 - DEBUG - % sending keepalive ping
2023-04-27 08:44:15,391 - DEBUG - > PING 87 f3 52 b5 [binary, 4 bytes]
2023-04-27 08:44:15,401 - DEBUG - < PONG 87 f3 52 b5 [binary, 4 bytes]
2023-04-27 08:44:15,404 - DEBUG - % received keepalive pong
2023-04-27 08:44:35,386 - DEBUG - % sending keepalive ping
2023-04-27 08:44:35,387 - DEBUG - > PING b0 c3 d0 b2 [binary, 4 bytes]
2023-04-27 08:44:35,395 - DEBUG - < PONG b0 c3 d0 b2 [binary, 4 bytes]
2023-04-27 08:44:35,399 - DEBUG - % received keepalive pong
2023-04-27 08:44:55,387 - DEBUG - % sending keepalive ping
2023-04-27 08:44:55,388 - DEBUG - > PING 03 ae 60 00 [binary, 4 bytes]
2023-04-27 08:44:55,395 - DEBUG - < PONG 03 ae 60 00 [binary, 4 bytes]
2023-04-27 08:44:55,400 - DEBUG - % received keepalive pong
2023-04-27 08:45:15,397 - DEBUG - % sending keepalive ping
2023-04-27 08:45:15,397 - DEBUG - > PING 79 b7 46 46 [binary, 4 bytes]
2023-04-27 08:45:15,406 - DEBUG - < PONG 79 b7 46 46 [binary, 4 bytes]
2023-04-27 08:45:15,408 - DEBUG - % received keepalive pong
2023-04-27 08:45:35,388 - DEBUG - % sending keepalive ping
2023-04-27 08:45:35,389 - DEBUG - > PING 45 70 97 db [binary, 4 bytes]
2023-04-27 08:45:35,405 - DEBUG - < PONG 45 70 97 db [binary, 4 bytes]
2023-04-27 08:45:35,425 - DEBUG - % received keepalive pong
2023-04-27 08:45:55,436 - DEBUG - % sending keepalive ping
2023-04-27 08:45:55,437 - DEBUG - > PING 72 8a 4f 0d [binary, 4 bytes]
2023-04-27 08:45:55,449 - DEBUG - < PONG 72 8a 4f 0d [binary, 4 bytes]
2023-04-27 08:45:55,453 - DEBUG - % received keepalive pong
2023-04-27 08:46:15,435 - DEBUG - % sending keepalive ping
2023-04-27 08:46:15,436 - DEBUG - > PING 1d 94 cd 11 [binary, 4 bytes]
2023-04-27 08:46:15,443 - DEBUG - < PONG 1d 94 cd 11 [binary, 4 bytes]
2023-04-27 08:46:15,447 - DEBUG - % received keepalive pong
2023-04-27 08:46:35,439 - DEBUG - % sending keepalive ping
2023-04-27 08:46:35,439 - DEBUG - > PING ec 70 7b 12 [binary, 4 bytes]
2023-04-27 08:46:35,446 - DEBUG - < PONG ec 70 7b 12 [binary, 4 bytes]
2023-04-27 08:46:35,449 - DEBUG - % received keepalive pong
2023-04-27 08:46:55,434 - DEBUG - % sending keepalive ping
2023-04-27 08:46:55,435 - DEBUG - > PING 3b ca 79 5c [binary, 4 bytes]
2023-04-27 08:46:55,450 - DEBUG - < PONG 3b ca 79 5c [binary, 4 bytes]
2023-04-27 08:46:55,452 - DEBUG - % received keepalive pong
2023-04-27 08:47:15,443 - DEBUG - % sending keepalive ping
2023-04-27 08:47:15,444 - DEBUG - > PING d4 ac 4a 8b [binary, 4 bytes]
2023-04-27 08:47:15,452 - DEBUG - < PONG d4 ac 4a 8b [binary, 4 bytes]
2023-04-27 08:47:15,455 - DEBUG - % received keepalive pong
2023-04-27 08:47:35,445 - DEBUG - % sending keepalive ping
2023-04-27 08:47:35,445 - DEBUG - > PING 94 c5 ba 7d [binary, 4 bytes]
2023-04-27 08:47:35,453 - DEBUG - < PONG 94 c5 ba 7d [binary, 4 bytes]
2023-04-27 08:47:35,456 - DEBUG - % received keepalive pong
2023-04-27 08:47:55,443 - DEBUG - % sending keepalive ping
2023-04-27 08:47:55,443 - DEBUG - > PING 5f 63 1c f3 [binary, 4 bytes]
2023-04-27 08:47:55,452 - DEBUG - < PONG 5f 63 1c f3 [binary, 4 bytes]
2023-04-27 08:47:55,454 - DEBUG - % received keepalive pong
2023-04-27 08:48:15,444 - DEBUG - % sending keepalive ping
2023-04-27 08:48:15,445 - DEBUG - > PING 87 40 4a 0f [binary, 4 bytes]
2023-04-27 08:48:15,453 - DEBUG - < PONG 87 40 4a 0f [binary, 4 bytes]
2023-04-27 08:48:15,456 - DEBUG - % received keepalive pong
2023-04-27 08:48:35,436 - DEBUG - % sending keepalive ping
2023-04-27 08:48:35,436 - DEBUG - > PING 9e 62 67 5a [binary, 4 bytes]
2023-04-27 08:48:35,445 - DEBUG - < PONG 9e 62 67 5a [binary, 4 bytes]
2023-04-27 08:48:35,447 - DEBUG - % received keepalive pong
2023-04-27 08:48:55,435 - DEBUG - % sending keepalive ping
2023-04-27 08:48:55,436 - DEBUG - > PING 99 de e2 ab [binary, 4 bytes]
2023-04-27 08:48:55,445 - DEBUG - < PONG 99 de e2 ab [binary, 4 bytes]
2023-04-27 08:48:55,449 - DEBUG - % received keepalive pong
2023-04-27 08:49:15,437 - DEBUG - % sending keepalive ping
2023-04-27 08:49:15,438 - DEBUG - > PING ac 29 11 f3 [binary, 4 bytes]
2023-04-27 08:49:15,445 - DEBUG - < PONG ac 29 11 f3 [binary, 4 bytes]
2023-04-27 08:49:15,450 - DEBUG - % received keepalive pong
2023-04-27 08:49:35,443 - DEBUG - % sending keepalive ping
2023-04-27 08:49:35,444 - DEBUG - > PING 8f e7 e3 33 [binary, 4 bytes]
2023-04-27 08:49:35,452 - DEBUG - < PONG 8f e7 e3 33 [binary, 4 bytes]
2023-04-27 08:49:35,456 - DEBUG - % received keepalive pong
2023-04-27 08:49:55,438 - DEBUG - % sending keepalive ping
2023-04-27 08:49:55,438 - DEBUG - > PING e2 e5 a6 e6 [binary, 4 bytes]
2023-04-27 08:49:55,446 - DEBUG - < PONG e2 e5 a6 e6 [binary, 4 bytes]
2023-04-27 08:49:55,449 - DEBUG - % received keepalive pong
2023-04-27 08:50:15,434 - DEBUG - % sending keepalive ping
2023-04-27 08:50:15,434 - DEBUG - > PING fd 35 62 89 [binary, 4 bytes]
2023-04-27 08:50:15,443 - DEBUG - < PONG fd 35 62 89 [binary, 4 bytes]
2023-04-27 08:50:15,446 - DEBUG - % received keepalive pong
2023-04-27 08:50:35,436 - DEBUG - % sending keepalive ping
2023-04-27 08:50:35,437 - DEBUG - > PING 39 7f 89 e1 [binary, 4 bytes]
2023-04-27 08:50:35,444 - DEBUG - < PONG 39 7f 89 e1 [binary, 4 bytes]
2023-04-27 08:50:35,447 - DEBUG - % received keepalive pong
2023-04-27 08:50:55,446 - DEBUG - % sending keepalive ping
2023-04-27 08:50:55,446 - DEBUG - > PING cc 09 99 68 [binary, 4 bytes]
2023-04-27 08:50:55,456 - DEBUG - < PONG cc 09 99 68 [binary, 4 bytes]
2023-04-27 08:50:55,460 - DEBUG - % received keepalive pong
2023-04-27 08:51:15,440 - DEBUG - % sending keepalive ping
2023-04-27 08:51:15,440 - DEBUG - > PING 97 86 e2 5d [binary, 4 bytes]
2023-04-27 08:51:15,455 - DEBUG - < PONG 97 86 e2 5d [binary, 4 bytes]
2023-04-27 08:51:15,463 - DEBUG - % received keepalive pong
2023-04-27 08:51:35,477 - DEBUG - % sending keepalive ping
2023-04-27 08:51:35,478 - DEBUG - > PING 57 e8 36 de [binary, 4 bytes]
2023-04-27 08:51:35,485 - DEBUG - < PONG 57 e8 36 de [binary, 4 bytes]
2023-04-27 08:51:35,490 - DEBUG - % received keepalive pong
2023-04-27 08:51:43,931 - DEBUG - = connection is CONNECTING
2023-04-27 08:51:43,965 - DEBUG - > GET /ocpp16/ELA007C05/EVSCA050001 HTTP/1.1
2023-04-27 08:51:43,966 - DEBUG - > Host: ws.devevspcharger.uplus.co.kr
2023-04-27 08:51:43,966 - DEBUG - > Upgrade: websocket
2023-04-27 08:51:43,966 - DEBUG - > Connection: Upgrade
2023-04-27 08:51:43,966 - DEBUG - > Sec-WebSocket-Key: zX/IgDkCMMyiYyruaIbNzg==
2023-04-27 08:51:43,966 - DEBUG - > Sec-WebSocket-Version: 13
2023-04-27 08:51:43,966 - DEBUG - > Sec-WebSocket-Extensions: permessage-deflate; client_max_window_bits
2023-04-27 08:51:43,966 - DEBUG - > Sec-WebSocket-Protocol: ocpp1.6
2023-04-27 08:51:43,966 - DEBUG - > Authorization: Basic RVZBUjpFVkFSTEdV
2023-04-27 08:51:43,966 - DEBUG - > User-Agent: Python/3.11 websockets/10.4
2023-04-27 08:51:45,413 - DEBUG - < HTTP/1.1 101 Switching Protocols
2023-04-27 08:51:45,413 - DEBUG - < Connection: upgrade
2023-04-27 08:51:45,413 - DEBUG - < Date: Wed, 26 Apr 2023 23:51:41 GMT
2023-04-27 08:51:45,413 - DEBUG - < sec-websocket-protocol: ocpp1.6
2023-04-27 08:51:45,414 - DEBUG - < upgrade: websocket
2023-04-27 08:51:45,414 - DEBUG - < sec-websocket-accept: fUySq+joeM4kby98/EMStUHA+CM=
2023-04-27 08:51:45,414 - DEBUG - < sec-websocket-extensions: permessage-deflate
2023-04-27 08:51:45,414 - DEBUG - < X-Cache: Miss from cloudfront
2023-04-27 08:51:45,414 - DEBUG - < Via: 1.1 8cd680512056914f119efae770348786.cloudfront.net (CloudFront)
2023-04-27 08:51:45,414 - DEBUG - < X-Amz-Cf-Pop: ICN57-P2
2023-04-27 08:51:45,414 - DEBUG - < X-Amz-Cf-Id: A-YVpmLlHwReh12GndQbrWodrY9IceIdAoj8_TPl2PPo7rFhFYS7GQ==
2023-04-27 08:51:45,414 - DEBUG - = connection is OPEN
2023-04-27 08:51:45,424 - ERROR - Task exception was never retrieved
future: <Task finished name='Task-2' coro=<ChargerSim.startEvent() done, defined at D:\workspace\wss\main.py:124> exception=TypeError('can only concatenate str (not "AttributeError") to str')>
Traceback (most recent call last):
  File "D:\workspace\wss\Charger.py", line 184, in conn
    ssl_object = socket.context
                 ^^^^^^^^^^^^^^
AttributeError: 'TransportSocket' object has no attribute 'context'

During handling of the above exception, another exception occurred:

Traceback (most recent call last):
  File "D:\workspace\wss\main.py", line 144, in startEvent
    await self.charger.runcase(self.TC_selected if len(self.TC_selected.keys())>0 else self.TC)
  File "D:\workspace\wss\Charger.py", line 323, in runcase
    await self.conn(case)
  File "D:\workspace\wss\Charger.py", line 189, in conn
    self.log(err)
  File "D:\workspace\wss\Charger.py", line 118, in log
    self.txt_recv.insert(END, datetime.now().isoformat() +' '+ log + '\n', attr)
                              ~~~~~~~~~~~~~~~~~~~~~~~~~~~~~~~^~~~~
TypeError: can only concatenate str (not "AttributeError") to str
2023-04-27 08:52:05,428 - DEBUG - % sending keepalive ping
2023-04-27 08:52:05,429 - DEBUG - > PING 2a a6 8d 7e [binary, 4 bytes]
2023-04-27 08:52:05,437 - DEBUG - < PONG 2a a6 8d 7e [binary, 4 bytes]
2023-04-27 08:52:05,439 - DEBUG - % received keepalive pong
2023-04-27 08:52:25,437 - DEBUG - % sending keepalive ping
2023-04-27 08:52:25,437 - DEBUG - > PING 36 cc 52 9c [binary, 4 bytes]
2023-04-27 08:52:25,446 - DEBUG - < PONG 36 cc 52 9c [binary, 4 bytes]
2023-04-27 08:52:25,449 - DEBUG - % received keepalive pong
2023-04-27 08:54:21,964 - DEBUG - = connection is CONNECTING
2023-04-27 08:54:21,979 - DEBUG - > GET /ocpp16/ELA007C05/EVSCA050001 HTTP/1.1
2023-04-27 08:54:21,979 - DEBUG - > Host: ws.devevspcharger.uplus.co.kr
2023-04-27 08:54:21,979 - DEBUG - > Upgrade: websocket
2023-04-27 08:54:21,980 - DEBUG - > Connection: Upgrade
2023-04-27 08:54:21,980 - DEBUG - > Sec-WebSocket-Key: aLEXqDnKCwA325XhKSMCUQ==
2023-04-27 08:54:21,980 - DEBUG - > Sec-WebSocket-Version: 13
2023-04-27 08:54:21,980 - DEBUG - > Sec-WebSocket-Extensions: permessage-deflate; client_max_window_bits
2023-04-27 08:54:21,980 - DEBUG - > Sec-WebSocket-Protocol: ocpp1.6
2023-04-27 08:54:21,980 - DEBUG - > Authorization: Basic RVZBUjpFVkFSTEdV
2023-04-27 08:54:21,980 - DEBUG - > User-Agent: Python/3.11 websockets/10.4
2023-04-27 08:54:22,538 - DEBUG - < HTTP/1.1 101 Switching Protocols
2023-04-27 08:54:22,538 - DEBUG - < Connection: upgrade
2023-04-27 08:54:22,538 - DEBUG - < Date: Wed, 26 Apr 2023 23:54:18 GMT
2023-04-27 08:54:22,538 - DEBUG - < sec-websocket-protocol: ocpp1.6
2023-04-27 08:54:22,538 - DEBUG - < upgrade: websocket
2023-04-27 08:54:22,538 - DEBUG - < sec-websocket-accept: AvZK11KB79BCuZ2wy/2YKm28+pQ=
2023-04-27 08:54:22,538 - DEBUG - < sec-websocket-extensions: permessage-deflate
2023-04-27 08:54:22,538 - DEBUG - < X-Cache: Miss from cloudfront
2023-04-27 08:54:22,538 - DEBUG - < Via: 1.1 967cab954a1c41e7f76f472d706ab3a0.cloudfront.net (CloudFront)
2023-04-27 08:54:22,538 - DEBUG - < X-Amz-Cf-Pop: ICN57-P2
2023-04-27 08:54:22,538 - DEBUG - < X-Amz-Cf-Id: nis_wto9VYw0fRVRQlwNzGUqw_MyTJ-s3HLjXnAxK8iLm5uMxc3IPw==
2023-04-27 08:54:22,538 - DEBUG - = connection is OPEN
2023-04-27 08:54:22,545 - ERROR - Task exception was never retrieved
future: <Task finished name='Task-2' coro=<ChargerSim.startEvent() done, defined at D:\workspace\wss\main.py:124> exception=TypeError('can only concatenate str (not "AttributeError") to str')>
Traceback (most recent call last):
  File "D:\workspace\wss\Charger.py", line 186, in conn
    ssl_object = socket.context
                 ^^^^^^^^^^^^^^
AttributeError: 'TransportSocket' object has no attribute 'context'

During handling of the above exception, another exception occurred:

Traceback (most recent call last):
  File "D:\workspace\wss\main.py", line 144, in startEvent
    await self.charger.runcase(self.TC_selected if len(self.TC_selected.keys())>0 else self.TC)
  File "D:\workspace\wss\Charger.py", line 325, in runcase
    await self.conn(case)
  File "D:\workspace\wss\Charger.py", line 191, in conn
    self.log(err)
  File "D:\workspace\wss\Charger.py", line 118, in log
    self.txt_recv.insert(END, datetime.now().isoformat() +' '+ log + '\n', attr)
                              ~~~~~~~~~~~~~~~~~~~~~~~~~~~~~~~^~~~~
TypeError: can only concatenate str (not "AttributeError") to str
2023-04-27 08:54:42,545 - DEBUG - % sending keepalive ping
2023-04-27 08:54:42,545 - DEBUG - > PING f9 6c 50 da [binary, 4 bytes]
2023-04-27 08:54:42,564 - DEBUG - < PONG f9 6c 50 da [binary, 4 bytes]
2023-04-27 08:54:42,568 - DEBUG - % received keepalive pong
2023-04-27 08:55:02,559 - DEBUG - % sending keepalive ping
2023-04-27 08:55:02,559 - DEBUG - > PING 49 a4 ad e6 [binary, 4 bytes]
2023-04-27 08:55:02,570 - DEBUG - < PONG 49 a4 ad e6 [binary, 4 bytes]
2023-04-27 08:55:02,574 - DEBUG - % received keepalive pong
2023-04-27 08:55:22,559 - DEBUG - % sending keepalive ping
2023-04-27 08:55:22,560 - DEBUG - > PING '{0*\x03' [text, 4 bytes]
2023-04-27 08:55:22,570 - DEBUG - < PONG '{0*\x03' [text, 4 bytes]
2023-04-27 08:55:22,573 - DEBUG - % received keepalive pong
2023-04-27 08:55:42,559 - DEBUG - % sending keepalive ping
2023-04-27 08:55:42,559 - DEBUG - > PING dc 23 b7 96 [binary, 4 bytes]
2023-04-27 08:55:42,572 - DEBUG - < PONG dc 23 b7 96 [binary, 4 bytes]
2023-04-27 08:55:42,576 - DEBUG - % received keepalive pong
2023-04-27 08:56:02,560 - DEBUG - % sending keepalive ping
2023-04-27 08:56:02,560 - DEBUG - > PING c5 5c ef 7d [binary, 4 bytes]
2023-04-27 08:56:02,568 - DEBUG - < PONG c5 5c ef 7d [binary, 4 bytes]
2023-04-27 08:56:02,570 - DEBUG - % received keepalive pong
2023-04-27 08:56:22,571 - DEBUG - % sending keepalive ping
2023-04-27 08:56:22,571 - DEBUG - > PING 81 ed 62 04 [binary, 4 bytes]
2023-04-27 08:56:22,580 - DEBUG - < PONG 81 ed 62 04 [binary, 4 bytes]
2023-04-27 08:56:22,583 - DEBUG - % received keepalive pong
2023-04-27 08:56:42,569 - DEBUG - % sending keepalive ping
2023-04-27 08:56:42,569 - DEBUG - > PING e7 07 65 9e [binary, 4 bytes]
2023-04-27 08:56:42,578 - DEBUG - < PONG e7 07 65 9e [binary, 4 bytes]
2023-04-27 08:56:42,581 - DEBUG - % received keepalive pong
2023-04-27 08:57:02,567 - DEBUG - % sending keepalive ping
2023-04-27 08:57:02,567 - DEBUG - > PING fe ca 6a 0d [binary, 4 bytes]
2023-04-27 08:57:02,675 - DEBUG - < PONG fe ca 6a 0d [binary, 4 bytes]
2023-04-27 08:57:02,677 - DEBUG - % received keepalive pong
2023-04-27 08:57:24,145 - DEBUG - = connection is CONNECTING
2023-04-27 08:57:24,158 - DEBUG - > GET /ocpp16/ELA007C05/EVSCA050001 HTTP/1.1
2023-04-27 08:57:24,158 - DEBUG - > Host: ws.devevspcharger.uplus.co.kr
2023-04-27 08:57:24,158 - DEBUG - > Upgrade: websocket
2023-04-27 08:57:24,158 - DEBUG - > Connection: Upgrade
2023-04-27 08:57:24,158 - DEBUG - > Sec-WebSocket-Key: a6FhBdRbBnub5CUdKNPkQQ==
2023-04-27 08:57:24,159 - DEBUG - > Sec-WebSocket-Version: 13
2023-04-27 08:57:24,159 - DEBUG - > Sec-WebSocket-Extensions: permessage-deflate; client_max_window_bits
2023-04-27 08:57:24,159 - DEBUG - > Sec-WebSocket-Protocol: ocpp1.6
2023-04-27 08:57:24,159 - DEBUG - > Authorization: Basic RVZBUjpFVkFSTEdV
2023-04-27 08:57:24,159 - DEBUG - > User-Agent: Python/3.11 websockets/10.4
2023-04-27 08:57:24,679 - DEBUG - < HTTP/1.1 101 Switching Protocols
2023-04-27 08:57:24,679 - DEBUG - < Connection: upgrade
2023-04-27 08:57:24,679 - DEBUG - < Date: Wed, 26 Apr 2023 23:57:20 GMT
2023-04-27 08:57:24,679 - DEBUG - < sec-websocket-protocol: ocpp1.6
2023-04-27 08:57:24,680 - DEBUG - < upgrade: websocket
2023-04-27 08:57:24,680 - DEBUG - < sec-websocket-accept: kxE7igMBYvwjPXoUtZEibN358U8=
2023-04-27 08:57:24,680 - DEBUG - < sec-websocket-extensions: permessage-deflate
2023-04-27 08:57:24,680 - DEBUG - < X-Cache: Miss from cloudfront
2023-04-27 08:57:24,680 - DEBUG - < Via: 1.1 96d5e926418becbc899e1a730ab37236.cloudfront.net (CloudFront)
2023-04-27 08:57:24,680 - DEBUG - < X-Amz-Cf-Pop: ICN57-P2
2023-04-27 08:57:24,680 - DEBUG - < X-Amz-Cf-Id: yjXBYSdKd-3rW20Ft-fRfLG2V-tE5Mj2dVYg2o7E0W8yDMlLGC4geA==
2023-04-27 08:57:24,680 - DEBUG - = connection is OPEN
2023-04-27 08:57:24,807 - DEBUG - > TEXT '[2, "21e7924e-5411-4545-ad82-861a6c374db7", "Bo...ePointVendor": "EVAR"}]' [127 bytes]
2023-04-27 08:57:25,256 - DEBUG - < TEXT '[3, "21e7924e-5411-4545-ad82-861a6c374db7", {"s...21Z", "interval": 600}]' [123 bytes]
2023-04-27 08:57:25,398 - DEBUG - Starting new HTTPS connection (1): rgw.devevspcharger.uplus.co.kr:443
2023-04-27 08:57:26,950 - DEBUG - https://rgw.devevspcharger.uplus.co.kr:443 "POST /ioc HTTP/1.1" 200 123
2023-04-27 08:57:26,979 - DEBUG - < TEXT '[2, "9742e1ba-b1f7-46bb-98ca-665150a45a76", "Ge...ration", {"key": [""]}]' [78 bytes]
2023-04-27 08:57:26,990 - DEBUG - > TEXT '[3, "9742e1ba-b1f7-46bb-98ca-665150a45a76", {"c...ts", "value": "true"}}]' [120 bytes]
2023-04-27 08:57:27,154 - DEBUG - < TEXT '' [0 bytes]
2023-04-27 08:57:27,174 - DEBUG - Starting new HTTPS connection (1): rgw.devevspcharger.uplus.co.kr:443
2023-04-27 08:57:27,592 - DEBUG - https://rgw.devevspcharger.uplus.co.kr:443 "POST /ioc HTTP/1.1" 200 164
2023-04-27 08:57:27,677 - DEBUG - < TEXT '[2, "ccc21de6-3bfc-4b1d-83a0-61f41fe05229", "Ch...rval", "value": "300"}]' [119 bytes]
2023-04-27 08:57:27,689 - DEBUG - > TEXT '[3, "ccc21de6-3bfc-4b1d-83a0-61f41fe05229", {"status": "Accepted"}]' [67 bytes]
2023-04-27 08:57:29,253 - DEBUG - < TEXT '' [0 bytes]
2023-04-27 08:57:29,282 - DEBUG - > TEXT '[2, "21e7924e-5411-4545-ad82-861a6c374db7", "Bo...ePointVendor": "EVAR"}]' [127 bytes]
2023-04-27 08:57:29,576 - DEBUG - < TEXT '[3, "21e7924e-5411-4545-ad82-861a6c374db7", {"s...25Z", "interval": 600}]' [123 bytes]
2023-04-27 08:57:29,626 - DEBUG - > TEXT '[2, "21e7924e-5411-4545-ad82-861a6c374db7", "St..."status": "Available"}]' [132 bytes]
2023-04-27 08:57:29,902 - DEBUG - < TEXT '[3, "21e7924e-5411-4545-ad82-861a6c374db7", {}]' [47 bytes]
2023-04-27 08:57:29,970 - DEBUG - > TEXT '[2, "5789d2f0-4407-4b54-b06e-1416399f93d7", "Heartbeat", {}]' [60 bytes]
2023-04-27 08:57:30,175 - DEBUG - < TEXT '[3, "5789d2f0-4407-4b54-b06e-1416399f93d7", {"c...2023-04-27T08:57:26Z"}]' [84 bytes]
2023-04-27 08:57:30,197 - DEBUG - = connection is CLOSING
2023-04-27 08:57:30,197 - DEBUG - > CLOSE 1000 (OK) [2 bytes]
2023-04-27 08:57:30,220 - DEBUG - < CLOSE 1000 (OK) [2 bytes]
2023-04-27 08:57:30,225 - DEBUG - = connection is CLOSED
2023-04-27 08:58:53,843 - DEBUG - = connection is CONNECTING
2023-04-27 08:58:53,863 - DEBUG - > GET /ocpp16/ELA007C05/EVSCA050001 HTTP/1.1
2023-04-27 08:58:53,864 - DEBUG - > Host: ws.devevspcharger.uplus.co.kr
2023-04-27 08:58:53,864 - DEBUG - > Upgrade: websocket
2023-04-27 08:58:53,864 - DEBUG - > Connection: Upgrade
2023-04-27 08:58:53,864 - DEBUG - > Sec-WebSocket-Key: uipqPR9vDVG4noJF+oOtbw==
2023-04-27 08:58:53,864 - DEBUG - > Sec-WebSocket-Version: 13
2023-04-27 08:58:53,864 - DEBUG - > Sec-WebSocket-Extensions: permessage-deflate; client_max_window_bits
2023-04-27 08:58:53,864 - DEBUG - > Sec-WebSocket-Protocol: ocpp1.6
2023-04-27 08:58:53,864 - DEBUG - > Authorization: Basic RVZBUjpFVkFSTEdV
2023-04-27 08:58:53,864 - DEBUG - > User-Agent: Python/3.11 websockets/10.4
2023-04-27 08:58:54,403 - DEBUG - < HTTP/1.1 101 Switching Protocols
2023-04-27 08:58:54,403 - DEBUG - < Connection: upgrade
2023-04-27 08:58:54,403 - DEBUG - < Date: Wed, 26 Apr 2023 23:58:50 GMT
2023-04-27 08:58:54,403 - DEBUG - < sec-websocket-protocol: ocpp1.6
2023-04-27 08:58:54,403 - DEBUG - < upgrade: websocket
2023-04-27 08:58:54,404 - DEBUG - < sec-websocket-accept: ar9x4OBJxDmzwIb0gS7pphmLAco=
2023-04-27 08:58:54,404 - DEBUG - < sec-websocket-extensions: permessage-deflate
2023-04-27 08:58:54,404 - DEBUG - < X-Cache: Miss from cloudfront
2023-04-27 08:58:54,404 - DEBUG - < Via: 1.1 b92faae7242f31be9bfc0ec3d134dfce.cloudfront.net (CloudFront)
2023-04-27 08:58:54,404 - DEBUG - < X-Amz-Cf-Pop: ICN57-P2
2023-04-27 08:58:54,404 - DEBUG - < X-Amz-Cf-Id: _M0hr6DvV5v-bcm1UKM4_2waGa3cuZduIpIwk9yMX4VyQ6fz4DMusA==
2023-04-27 08:58:54,404 - DEBUG - = connection is OPEN
2023-04-27 08:58:54,410 - ERROR - Task exception was never retrieved
future: <Task finished name='Task-2' coro=<ChargerSim.startEvent() done, defined at D:\workspace\wss\main.py:124> exception=TypeError('can only concatenate str (not "AttributeError") to str')>
Traceback (most recent call last):
  File "D:\workspace\wss\Charger.py", line 186, in conn
    sock = await socket.TransportSocket
                 ^^^^^^^^^^^^^^^^^^^^^^
AttributeError: 'TransportSocket' object has no attribute 'TransportSocket'

During handling of the above exception, another exception occurred:

Traceback (most recent call last):
  File "D:\workspace\wss\main.py", line 144, in startEvent
    await self.charger.runcase(self.TC_selected if len(self.TC_selected.keys())>0 else self.TC)
  File "D:\workspace\wss\Charger.py", line 324, in runcase
    await self.conn(case)
  File "D:\workspace\wss\Charger.py", line 190, in conn
    self.log(err)
  File "D:\workspace\wss\Charger.py", line 118, in log
    self.txt_recv.insert(END, datetime.now().isoformat() +' '+ log + '\n', attr)
                              ~~~~~~~~~~~~~~~~~~~~~~~~~~~~~~~^~~~~
TypeError: can only concatenate str (not "AttributeError") to str
2023-04-27 08:59:14,399 - DEBUG - % sending keepalive ping
2023-04-27 08:59:14,400 - DEBUG - > PING 03 aa b2 5f [binary, 4 bytes]
2023-04-27 08:59:14,408 - DEBUG - < PONG 03 aa b2 5f [binary, 4 bytes]
2023-04-27 08:59:14,411 - DEBUG - % received keepalive pong
2023-04-27 08:59:34,391 - DEBUG - % sending keepalive ping
2023-04-27 08:59:34,391 - DEBUG - > PING 70 9b 89 a0 [binary, 4 bytes]
2023-04-27 08:59:34,401 - DEBUG - < PONG 70 9b 89 a0 [binary, 4 bytes]
2023-04-27 08:59:34,404 - DEBUG - % received keepalive pong
2023-04-27 08:59:54,386 - DEBUG - % sending keepalive ping
2023-04-27 08:59:54,386 - DEBUG - > PING b1 2a b7 0b [binary, 4 bytes]
2023-04-27 08:59:54,396 - DEBUG - < PONG b1 2a b7 0b [binary, 4 bytes]
2023-04-27 08:59:54,399 - DEBUG - % received keepalive pong
2023-04-27 09:00:14,399 - DEBUG - % sending keepalive ping
2023-04-27 09:00:14,399 - DEBUG - > PING 98 b0 f1 ba [binary, 4 bytes]
2023-04-27 09:00:14,407 - DEBUG - < PONG 98 b0 f1 ba [binary, 4 bytes]
2023-04-27 09:00:14,410 - DEBUG - % received keepalive pong
2023-04-27 09:00:34,434 - DEBUG - % sending keepalive ping
2023-04-27 09:00:34,434 - DEBUG - > PING 33 16 ea d3 [binary, 4 bytes]
2023-04-27 09:00:34,442 - DEBUG - < PONG 33 16 ea d3 [binary, 4 bytes]
2023-04-27 09:00:34,447 - DEBUG - % received keepalive pong
2023-04-27 09:00:51,430 - DEBUG - = connection is CONNECTING
2023-04-27 09:00:51,446 - DEBUG - > GET /ocpp16/ELA007C05/EVSCA050001 HTTP/1.1
2023-04-27 09:00:51,446 - DEBUG - > Host: ws.devevspcharger.uplus.co.kr
2023-04-27 09:00:51,446 - DEBUG - > Upgrade: websocket
2023-04-27 09:00:51,446 - DEBUG - > Connection: Upgrade
2023-04-27 09:00:51,446 - DEBUG - > Sec-WebSocket-Key: YbhdFxoKe8Q071y8ek8/QA==
2023-04-27 09:00:51,446 - DEBUG - > Sec-WebSocket-Version: 13
2023-04-27 09:00:51,447 - DEBUG - > Sec-WebSocket-Extensions: permessage-deflate; client_max_window_bits
2023-04-27 09:00:51,447 - DEBUG - > Sec-WebSocket-Protocol: ocpp1.6
2023-04-27 09:00:51,447 - DEBUG - > Authorization: Basic RVZBUjpFVkFSTEdV
2023-04-27 09:00:51,447 - DEBUG - > User-Agent: Python/3.11 websockets/10.4
2023-04-27 09:00:51,986 - DEBUG - < HTTP/1.1 101 Switching Protocols
2023-04-27 09:00:51,986 - DEBUG - < Connection: upgrade
2023-04-27 09:00:51,986 - DEBUG - < Date: Thu, 27 Apr 2023 00:00:48 GMT
2023-04-27 09:00:51,986 - DEBUG - < sec-websocket-protocol: ocpp1.6
2023-04-27 09:00:51,986 - DEBUG - < upgrade: websocket
2023-04-27 09:00:51,986 - DEBUG - < sec-websocket-accept: nz6L9zzTwXJa7C78kBH89q/X9kc=
2023-04-27 09:00:51,986 - DEBUG - < sec-websocket-extensions: permessage-deflate
2023-04-27 09:00:51,986 - DEBUG - < X-Cache: Miss from cloudfront
2023-04-27 09:00:51,987 - DEBUG - < Via: 1.1 82b32d3cf0884f8ba64486d5e981bdb8.cloudfront.net (CloudFront)
2023-04-27 09:00:51,987 - DEBUG - < X-Amz-Cf-Pop: ICN57-P2
2023-04-27 09:00:51,987 - DEBUG - < X-Amz-Cf-Id: LNGvmg4EIGyVBoPGpKFIXzo9cegbLybUA2q-sImBzRJ6kxsK5YF2Vg==
2023-04-27 09:00:51,987 - DEBUG - = connection is OPEN
2023-04-27 09:00:51,994 - ERROR - Task exception was never retrieved
future: <Task finished name='Task-2' coro=<ChargerSim.startEvent() done, defined at D:\workspace\wss\main.py:124> exception=TypeError('can only concatenate str (not "TypeError") to str')>
Traceback (most recent call last):
  File "D:\workspace\wss\Charger.py", line 186, in conn
    print(socket.getsockopt('sslcontext'))
          ^^^^^^^^^^^^^^^^^^^^^^^^^^^^^^^
  File "C:\Users\LGCNS\AppData\Local\Programs\Python\Python311\Lib\asyncio\trsock.py", line 71, in getsockopt
    return self._sock.getsockopt(*args, **kwargs)
           ^^^^^^^^^^^^^^^^^^^^^^^^^^^^^^^^^^^^^^
TypeError: getsockopt() takes at least 2 arguments (1 given)

During handling of the above exception, another exception occurred:

Traceback (most recent call last):
  File "D:\workspace\wss\main.py", line 144, in startEvent
    await self.charger.runcase(self.TC_selected if len(self.TC_selected.keys())>0 else self.TC)
  File "D:\workspace\wss\Charger.py", line 324, in runcase
    await self.conn(case)
  File "D:\workspace\wss\Charger.py", line 190, in conn
    self.log(err)
  File "D:\workspace\wss\Charger.py", line 118, in log
    self.txt_recv.insert(END, datetime.now().isoformat() +' '+ log + '\n', attr)
                              ~~~~~~~~~~~~~~~~~~~~~~~~~~~~~~~^~~~~
TypeError: can only concatenate str (not "TypeError") to str
2023-04-27 09:01:11,981 - DEBUG - % sending keepalive ping
2023-04-27 09:01:11,981 - DEBUG - > PING '\u015d.S' [text, 4 bytes]
2023-04-27 09:01:12,031 - DEBUG - < PONG '\u015d.S' [text, 4 bytes]
2023-04-27 09:01:12,034 - DEBUG - % received keepalive pong
2023-04-27 09:01:32,022 - DEBUG - % sending keepalive ping
2023-04-27 09:01:32,022 - DEBUG - > PING 21 d3 e2 2b [binary, 4 bytes]
2023-04-27 09:01:32,031 - DEBUG - < PONG 21 d3 e2 2b [binary, 4 bytes]
2023-04-27 09:01:32,034 - DEBUG - % received keepalive pong
2023-04-27 09:02:10,783 - DEBUG - = connection is CONNECTING
2023-04-27 09:02:10,880 - DEBUG - > GET /ocpp16/ELA007C05/EVSCA050001 HTTP/1.1
2023-04-27 09:02:10,880 - DEBUG - > Host: ws.devevspcharger.uplus.co.kr
2023-04-27 09:02:10,881 - DEBUG - > Upgrade: websocket
2023-04-27 09:02:10,881 - DEBUG - > Connection: Upgrade
2023-04-27 09:02:10,881 - DEBUG - > Sec-WebSocket-Key: F/E2bq72YxT58gK+N2JA6w==
2023-04-27 09:02:10,881 - DEBUG - > Sec-WebSocket-Version: 13
2023-04-27 09:02:10,881 - DEBUG - > Sec-WebSocket-Extensions: permessage-deflate; client_max_window_bits
2023-04-27 09:02:10,881 - DEBUG - > Sec-WebSocket-Protocol: ocpp1.6
2023-04-27 09:02:10,881 - DEBUG - > Authorization: Basic RVZBUjpFVkFSTEdV
2023-04-27 09:02:10,881 - DEBUG - > User-Agent: Python/3.11 websockets/10.4
2023-04-27 09:02:11,364 - DEBUG - < HTTP/1.1 101 Switching Protocols
2023-04-27 09:02:11,364 - DEBUG - < Connection: upgrade
2023-04-27 09:02:11,364 - DEBUG - < Date: Thu, 27 Apr 2023 00:02:07 GMT
2023-04-27 09:02:11,365 - DEBUG - < sec-websocket-protocol: ocpp1.6
2023-04-27 09:02:11,365 - DEBUG - < upgrade: websocket
2023-04-27 09:02:11,365 - DEBUG - < sec-websocket-accept: GvNyQGc0QSEBuNgwTd+lYnpOAVk=
2023-04-27 09:02:11,365 - DEBUG - < sec-websocket-extensions: permessage-deflate
2023-04-27 09:02:11,365 - DEBUG - < X-Cache: Miss from cloudfront
2023-04-27 09:02:11,365 - DEBUG - < Via: 1.1 9ae7abacc9e2c811909db23dbe603ad4.cloudfront.net (CloudFront)
2023-04-27 09:02:11,365 - DEBUG - < X-Amz-Cf-Pop: ICN57-P2
2023-04-27 09:02:11,365 - DEBUG - < X-Amz-Cf-Id: CwSTLTBWXOvYiwL8UeCddtkSSzJR83DA5A1ToXJvzkpwejxJS-KgCg==
2023-04-27 09:02:11,366 - DEBUG - = connection is OPEN
2023-04-27 09:02:11,390 - DEBUG - > TEXT '[2, "4d0bcf94-5b0a-4b8c-bf6d-8c8c8c8cb032", "Bo...ePointVendor": "EVAR"}]' [127 bytes]
2023-04-27 09:02:11,915 - DEBUG - < TEXT '[3, "4d0bcf94-5b0a-4b8c-bf6d-8c8c8c8cb032", {"s...07Z", "interval": 600}]' [123 bytes]
2023-04-27 09:02:12,007 - DEBUG - Starting new HTTPS connection (1): rgw.devevspcharger.uplus.co.kr:443
2023-04-27 09:02:12,617 - DEBUG - https://rgw.devevspcharger.uplus.co.kr:443 "POST /ioc HTTP/1.1" 200 123
2023-04-27 09:02:12,636 - DEBUG - < TEXT '[2, "301e1f24-c0ba-4286-8d97-fb863506eb68", "Ge...ration", {"key": [""]}]' [78 bytes]
2023-04-27 09:02:12,640 - DEBUG - > TEXT '[3, "301e1f24-c0ba-4286-8d97-fb863506eb68", {"c...ts", "value": "true"}}]' [120 bytes]
2023-04-27 09:02:12,802 - DEBUG - < TEXT '' [0 bytes]
2023-04-27 09:02:12,820 - DEBUG - Starting new HTTPS connection (1): rgw.devevspcharger.uplus.co.kr:443
2023-04-27 09:02:13,234 - DEBUG - https://rgw.devevspcharger.uplus.co.kr:443 "POST /ioc HTTP/1.1" 200 164
2023-04-27 09:02:13,302 - DEBUG - < TEXT '[2, "74a73834-6c6f-4f60-bb76-da396562758b", "Ch...rval", "value": "300"}]' [119 bytes]
2023-04-27 09:02:13,307 - DEBUG - > TEXT '[3, "74a73834-6c6f-4f60-bb76-da396562758b", {"status": "Accepted"}]' [67 bytes]
2023-04-27 09:02:13,479 - DEBUG - < TEXT '' [0 bytes]
2023-04-27 09:02:13,514 - DEBUG - > TEXT '[2, "4d0bcf94-5b0a-4b8c-bf6d-8c8c8c8cb032", "Bo...ePointVendor": "EVAR"}]' [127 bytes]
2023-04-27 09:02:13,795 - DEBUG - < TEXT '[3, "4d0bcf94-5b0a-4b8c-bf6d-8c8c8c8cb032", {"s...09Z", "interval": 600}]' [123 bytes]
2023-04-27 09:02:13,836 - DEBUG - > TEXT '[2, "4d0bcf94-5b0a-4b8c-bf6d-8c8c8c8cb032", "St..."status": "Available"}]' [132 bytes]
2023-04-27 09:02:14,157 - DEBUG - < TEXT '[3, "4d0bcf94-5b0a-4b8c-bf6d-8c8c8c8cb032", {}]' [47 bytes]
2023-04-27 09:02:14,195 - DEBUG - > TEXT '[2, "9bd4a8c8-82eb-4700-b214-c3df0e65fc46", "Heartbeat", {}]' [60 bytes]
2023-04-27 09:02:14,475 - DEBUG - < TEXT '[3, "9bd4a8c8-82eb-4700-b214-c3df0e65fc46", {"c...2023-04-27T09:02:10Z"}]' [84 bytes]
2023-04-27 09:02:14,492 - DEBUG - = connection is CLOSING
2023-04-27 09:02:14,492 - DEBUG - > CLOSE 1000 (OK) [2 bytes]
2023-04-27 09:02:14,503 - DEBUG - < CLOSE 1000 (OK) [2 bytes]
2023-04-27 09:02:14,509 - DEBUG - = connection is CLOSED
2023-04-27 09:03:21,919 - DEBUG - = connection is CONNECTING
2023-04-27 09:03:21,933 - DEBUG - > GET /ocpp16/ELA007C05/EVSCA050001 HTTP/1.1
2023-04-27 09:03:21,933 - DEBUG - > Host: ws.devevspcharger.uplus.co.kr
2023-04-27 09:03:21,933 - DEBUG - > Upgrade: websocket
2023-04-27 09:03:21,933 - DEBUG - > Connection: Upgrade
2023-04-27 09:03:21,933 - DEBUG - > Sec-WebSocket-Key: 23D12wd1BvqA99+okJxRDg==
2023-04-27 09:03:21,933 - DEBUG - > Sec-WebSocket-Version: 13
2023-04-27 09:03:21,933 - DEBUG - > Sec-WebSocket-Extensions: permessage-deflate; client_max_window_bits
2023-04-27 09:03:21,933 - DEBUG - > Sec-WebSocket-Protocol: ocpp1.6
2023-04-27 09:03:21,933 - DEBUG - > Authorization: Basic RVZBUjpFVkFSTEdV
2023-04-27 09:03:21,933 - DEBUG - > User-Agent: Python/3.11 websockets/10.4
2023-04-27 09:03:22,449 - DEBUG - < HTTP/1.1 101 Switching Protocols
2023-04-27 09:03:22,449 - DEBUG - < Connection: upgrade
2023-04-27 09:03:22,450 - DEBUG - < Date: Thu, 27 Apr 2023 00:03:18 GMT
2023-04-27 09:03:22,450 - DEBUG - < sec-websocket-protocol: ocpp1.6
2023-04-27 09:03:22,450 - DEBUG - < upgrade: websocket
2023-04-27 09:03:22,450 - DEBUG - < sec-websocket-accept: tlYGOrsqyf0nVdHOTBGfoCbKEVI=
2023-04-27 09:03:22,450 - DEBUG - < sec-websocket-extensions: permessage-deflate
2023-04-27 09:03:22,450 - DEBUG - < X-Cache: Miss from cloudfront
2023-04-27 09:03:22,450 - DEBUG - < Via: 1.1 623f9f4dd2fef338f4704e13bada95c8.cloudfront.net (CloudFront)
2023-04-27 09:03:22,450 - DEBUG - < X-Amz-Cf-Pop: ICN57-P2
2023-04-27 09:03:22,450 - DEBUG - < X-Amz-Cf-Id: PirJLU-hv59oH3AvvcNv_GzP2xWBnDYQ47iXgafQc816dpr84gzR-w==
2023-04-27 09:03:22,451 - DEBUG - = connection is OPEN
2023-04-27 09:03:22,469 - DEBUG - > TEXT '[2, "98ec1c00-53ae-430e-a4d7-591bdf9e8611", "Bo...ePointVendor": "EVAR"}]' [127 bytes]
2023-04-27 09:03:22,916 - DEBUG - < TEXT '[3, "98ec1c00-53ae-430e-a4d7-591bdf9e8611", {"s...19Z", "interval": 600}]' [123 bytes]
2023-04-27 09:03:22,989 - DEBUG - Starting new HTTPS connection (1): rgw.devevspcharger.uplus.co.kr:443
2023-04-27 09:03:23,633 - DEBUG - https://rgw.devevspcharger.uplus.co.kr:443 "POST /ioc HTTP/1.1" 200 123
2023-04-27 09:03:23,659 - DEBUG - < TEXT '[2, "1e29490d-d5fe-4997-8b89-58ca3b6df671", "Ge...ration", {"key": [""]}]' [78 bytes]
2023-04-27 09:03:23,663 - DEBUG - > TEXT '[3, "1e29490d-d5fe-4997-8b89-58ca3b6df671", {"c...ts", "value": "true"}}]' [120 bytes]
2023-04-27 09:03:23,835 - DEBUG - < TEXT '' [0 bytes]
2023-04-27 09:03:23,852 - DEBUG - Starting new HTTPS connection (1): rgw.devevspcharger.uplus.co.kr:443
2023-04-27 09:03:24,295 - DEBUG - https://rgw.devevspcharger.uplus.co.kr:443 "POST /ioc HTTP/1.1" 200 164
2023-04-27 09:03:24,384 - DEBUG - < TEXT '[2, "f5f7f3f8-8783-4a2f-ba3a-193f1842020f", "Ch...rval", "value": "300"}]' [119 bytes]
2023-04-27 09:03:24,393 - DEBUG - > TEXT '[3, "f5f7f3f8-8783-4a2f-ba3a-193f1842020f", {"status": "Accepted"}]' [67 bytes]
2023-04-27 09:03:24,577 - DEBUG - < TEXT '' [0 bytes]
2023-04-27 09:03:24,625 - DEBUG - > TEXT '[2, "98ec1c00-53ae-430e-a4d7-591bdf9e8611", "Bo...ePointVendor": "EVAR"}]' [127 bytes]
2023-04-27 09:03:24,880 - DEBUG - < TEXT '[3, "98ec1c00-53ae-430e-a4d7-591bdf9e8611", {"s...20Z", "interval": 600}]' [123 bytes]
2023-04-27 09:03:24,916 - DEBUG - > TEXT '[2, "98ec1c00-53ae-430e-a4d7-591bdf9e8611", "St..."status": "Available"}]' [132 bytes]
2023-04-27 09:03:25,176 - DEBUG - < TEXT '[3, "98ec1c00-53ae-430e-a4d7-591bdf9e8611", {}]' [47 bytes]
2023-04-27 09:03:25,207 - DEBUG - > TEXT '[2, "69ee50d3-99b5-48bc-8584-9a59f8b9314a", "Heartbeat", {}]' [60 bytes]
2023-04-27 09:03:25,421 - DEBUG - < TEXT '[3, "69ee50d3-99b5-48bc-8584-9a59f8b9314a", {"c...2023-04-27T09:03:21Z"}]' [84 bytes]
2023-04-27 09:03:25,438 - DEBUG - = connection is CLOSING
2023-04-27 09:03:25,438 - DEBUG - > CLOSE 1000 (OK) [2 bytes]
2023-04-27 09:03:25,445 - DEBUG - < CLOSE 1000 (OK) [2 bytes]
2023-04-27 09:03:25,449 - DEBUG - = connection is CLOSED
2023-04-27 09:04:28,054 - DEBUG - = connection is CONNECTING
2023-04-27 09:04:28,070 - DEBUG - > GET /ocpp16/ELA007C05/EVSCA050001 HTTP/1.1
2023-04-27 09:04:28,070 - DEBUG - > Host: ws.devevspcharger.uplus.co.kr
2023-04-27 09:04:28,071 - DEBUG - > Upgrade: websocket
2023-04-27 09:04:28,071 - DEBUG - > Connection: Upgrade
2023-04-27 09:04:28,071 - DEBUG - > Sec-WebSocket-Key: VSv0pfN7Llh9WAgYmjH7nA==
2023-04-27 09:04:28,071 - DEBUG - > Sec-WebSocket-Version: 13
2023-04-27 09:04:28,071 - DEBUG - > Sec-WebSocket-Extensions: permessage-deflate; client_max_window_bits
2023-04-27 09:04:28,071 - DEBUG - > Sec-WebSocket-Protocol: ocpp1.6
2023-04-27 09:04:28,071 - DEBUG - > Authorization: Basic RVZBUjpFVkFSTEdV
2023-04-27 09:04:28,071 - DEBUG - > User-Agent: Python/3.11 websockets/10.4
2023-04-27 09:04:28,587 - DEBUG - < HTTP/1.1 101 Switching Protocols
2023-04-27 09:04:28,587 - DEBUG - < Connection: upgrade
2023-04-27 09:04:28,587 - DEBUG - < Date: Thu, 27 Apr 2023 00:04:24 GMT
2023-04-27 09:04:28,587 - DEBUG - < sec-websocket-protocol: ocpp1.6
2023-04-27 09:04:28,587 - DEBUG - < upgrade: websocket
2023-04-27 09:04:28,587 - DEBUG - < sec-websocket-accept: S9MMGap0VmXLVfIRLCQgSwu9xvE=
2023-04-27 09:04:28,587 - DEBUG - < sec-websocket-extensions: permessage-deflate
2023-04-27 09:04:28,588 - DEBUG - < X-Cache: Miss from cloudfront
2023-04-27 09:04:28,588 - DEBUG - < Via: 1.1 98cc70c99d4e07b8cd37265dc48c5a54.cloudfront.net (CloudFront)
2023-04-27 09:04:28,588 - DEBUG - < X-Amz-Cf-Pop: ICN57-P2
2023-04-27 09:04:28,588 - DEBUG - < X-Amz-Cf-Id: HExC2_l5cqNZBIkoKpwp7oVxsJZSU0wv6c0lBA-8q2Kwu2nynU2r0g==
2023-04-27 09:04:28,588 - DEBUG - = connection is OPEN
2023-04-27 09:04:28,611 - DEBUG - > TEXT '[2, "1122b8c0-cdea-4331-aad8-7c098415243f", "Bo...ePointVendor": "EVAR"}]' [127 bytes]
2023-04-27 09:04:28,919 - DEBUG - < TEXT '[3, "1122b8c0-cdea-4331-aad8-7c098415243f", {"s...24Z", "interval": 600}]' [123 bytes]
2023-04-27 09:04:28,997 - DEBUG - Starting new HTTPS connection (1): rgw.devevspcharger.uplus.co.kr:443
2023-04-27 09:04:29,636 - DEBUG - https://rgw.devevspcharger.uplus.co.kr:443 "POST /ioc HTTP/1.1" 200 123
2023-04-27 09:04:29,663 - DEBUG - < TEXT '[2, "f02751a5-30a0-4e71-a2de-b5e75541f467", "Ge...ration", {"key": [""]}]' [78 bytes]
2023-04-27 09:04:29,670 - DEBUG - > TEXT '[3, "f02751a5-30a0-4e71-a2de-b5e75541f467", {"c...ts", "value": "true"}}]' [120 bytes]
2023-04-27 09:04:29,837 - DEBUG - < TEXT '' [0 bytes]
2023-04-27 09:04:29,851 - DEBUG - Starting new HTTPS connection (1): rgw.devevspcharger.uplus.co.kr:443
2023-04-27 09:04:30,278 - DEBUG - https://rgw.devevspcharger.uplus.co.kr:443 "POST /ioc HTTP/1.1" 200 164
2023-04-27 09:04:30,353 - DEBUG - < TEXT '[2, "a8b23dfe-b266-45c9-9c7b-77c72dd6be78", "Ch...rval", "value": "300"}]' [119 bytes]
2023-04-27 09:04:30,357 - DEBUG - > TEXT '[3, "a8b23dfe-b266-45c9-9c7b-77c72dd6be78", {"status": "Accepted"}]' [67 bytes]
2023-04-27 09:04:30,517 - DEBUG - < TEXT '' [0 bytes]
2023-04-27 09:04:30,565 - DEBUG - > TEXT '[2, "1122b8c0-cdea-4331-aad8-7c098415243f", "Bo...ePointVendor": "EVAR"}]' [127 bytes]
2023-04-27 09:04:30,836 - DEBUG - < TEXT '[3, "1122b8c0-cdea-4331-aad8-7c098415243f", {"s...26Z", "interval": 600}]' [123 bytes]
2023-04-27 09:04:30,871 - DEBUG - > TEXT '[2, "1122b8c0-cdea-4331-aad8-7c098415243f", "St..."status": "Available"}]' [132 bytes]
2023-04-27 09:04:31,117 - DEBUG - < TEXT '[3, "1122b8c0-cdea-4331-aad8-7c098415243f", {}]' [47 bytes]
2023-04-27 09:04:31,149 - DEBUG - > TEXT '[2, "6d635ecc-a181-4b72-8e29-6714b176281b", "Heartbeat", {}]' [60 bytes]
2023-04-27 09:04:35,740 - DEBUG - < TEXT '[3, "6d635ecc-a181-4b72-8e29-6714b176281b", {"c...2023-04-27T09:04:27Z"}]' [84 bytes]
2023-04-27 09:04:35,756 - DEBUG - = connection is CLOSING
2023-04-27 09:04:35,756 - DEBUG - > CLOSE 1000 (OK) [2 bytes]
2023-04-27 09:04:35,764 - DEBUG - < CLOSE 1000 (OK) [2 bytes]
2023-04-27 09:04:35,767 - DEBUG - = connection is CLOSED
2023-04-27 09:05:21,817 - ERROR - Task exception was never retrieved
future: <Task finished name='Task-2' coro=<ChargerSim.startEvent() done, defined at D:\workspace\wss\main.py:124> exception=TypeError('can only concatenate str (not "ssl.SSLError") to str')>
Traceback (most recent call last):
  File "D:\workspace\wss\Charger.py", line 173, in conn
    ssl_context.set_ciphers('TLS_ECDHE_ECDSA_WITH_AES_128_GCM_SHA256,\
ssl.SSLError: ('No cipher can be selected.',)

During handling of the above exception, another exception occurred:

Traceback (most recent call last):
  File "D:\workspace\wss\main.py", line 144, in startEvent
    await self.charger.runcase(self.TC_selected if len(self.TC_selected.keys())>0 else self.TC)
  File "D:\workspace\wss\Charger.py", line 324, in runcase
    await self.conn(case)
  File "D:\workspace\wss\Charger.py", line 190, in conn
    self.log(err)
  File "D:\workspace\wss\Charger.py", line 118, in log
    self.txt_recv.insert(END, datetime.now().isoformat() +' '+ log + '\n', attr)
                              ~~~~~~~~~~~~~~~~~~~~~~~~~~~~~~~^~~~~
TypeError: can only concatenate str (not "ssl.SSLError") to str
2023-04-27 09:05:38,068 - ERROR - Task exception was never retrieved
future: <Task finished name='Task-2' coro=<ChargerSim.startEvent() done, defined at D:\workspace\wss\main.py:124> exception=TypeError('can only concatenate str (not "ssl.SSLError") to str')>
Traceback (most recent call last):
  File "D:\workspace\wss\Charger.py", line 173, in conn
    ssl_context.set_ciphers('TLS_ECDHE_ECDSA_WITH_AES_128_GCM_SHA256,\
ssl.SSLError: ('No cipher can be selected.',)

During handling of the above exception, another exception occurred:

Traceback (most recent call last):
  File "D:\workspace\wss\main.py", line 144, in startEvent
    await self.charger.runcase(self.TC_selected if len(self.TC_selected.keys())>0 else self.TC)
  File "D:\workspace\wss\Charger.py", line 324, in runcase
    await self.conn(case)
  File "D:\workspace\wss\Charger.py", line 190, in conn
    self.log(err)
  File "D:\workspace\wss\Charger.py", line 118, in log
    self.txt_recv.insert(END, datetime.now().isoformat() +' '+ log + '\n', attr)
                              ~~~~~~~~~~~~~~~~~~~~~~~~~~~~~~~^~~~~
TypeError: can only concatenate str (not "ssl.SSLError") to str
2023-04-27 09:05:49,885 - ERROR - Task exception was never retrieved
future: <Task finished name='Task-2' coro=<ChargerSim.startEvent() done, defined at D:\workspace\wss\main.py:124> exception=TypeError('can only concatenate str (not "ssl.SSLError") to str')>
Traceback (most recent call last):
  File "D:\workspace\wss\Charger.py", line 173, in conn
    ssl_context.set_ciphers('TLS_ECDHE_ECDSA_WITH_AES_128_GCM_SHA256,\
ssl.SSLError: ('No cipher can be selected.',)

During handling of the above exception, another exception occurred:

Traceback (most recent call last):
  File "D:\workspace\wss\main.py", line 144, in startEvent
    await self.charger.runcase(self.TC_selected if len(self.TC_selected.keys())>0 else self.TC)
  File "D:\workspace\wss\Charger.py", line 324, in runcase
    await self.conn(case)
  File "D:\workspace\wss\Charger.py", line 190, in conn
    self.log(err)
  File "D:\workspace\wss\Charger.py", line 118, in log
    self.txt_recv.insert(END, datetime.now().isoformat() +' '+ log + '\n', attr)
                              ~~~~~~~~~~~~~~~~~~~~~~~~~~~~~~~^~~~~
TypeError: can only concatenate str (not "ssl.SSLError") to str
2023-04-27 09:06:05,230 - DEBUG - = connection is CONNECTING
2023-04-27 09:06:05,248 - DEBUG - > GET /ocpp16/ELA007C05/EVSCA050001 HTTP/1.1
2023-04-27 09:06:05,248 - DEBUG - > Host: ws.devevspcharger.uplus.co.kr
2023-04-27 09:06:05,248 - DEBUG - > Upgrade: websocket
2023-04-27 09:06:05,248 - DEBUG - > Connection: Upgrade
2023-04-27 09:06:05,249 - DEBUG - > Sec-WebSocket-Key: MG+c2wpeNiQxgEkpdVhwSg==
2023-04-27 09:06:05,249 - DEBUG - > Sec-WebSocket-Version: 13
2023-04-27 09:06:05,249 - DEBUG - > Sec-WebSocket-Extensions: permessage-deflate; client_max_window_bits
2023-04-27 09:06:05,249 - DEBUG - > Sec-WebSocket-Protocol: ocpp1.6
2023-04-27 09:06:05,249 - DEBUG - > Authorization: Basic RVZBUjpFVkFSTEdV
2023-04-27 09:06:05,249 - DEBUG - > User-Agent: Python/3.11 websockets/10.4
2023-04-27 09:06:05,814 - DEBUG - < HTTP/1.1 101 Switching Protocols
2023-04-27 09:06:05,814 - DEBUG - < Connection: upgrade
2023-04-27 09:06:05,814 - DEBUG - < Date: Thu, 27 Apr 2023 00:06:02 GMT
2023-04-27 09:06:05,814 - DEBUG - < sec-websocket-protocol: ocpp1.6
2023-04-27 09:06:05,814 - DEBUG - < upgrade: websocket
2023-04-27 09:06:05,814 - DEBUG - < sec-websocket-accept: T0E/F7DK2Co1LtVYjyp9IqQQs8o=
2023-04-27 09:06:05,814 - DEBUG - < sec-websocket-extensions: permessage-deflate
2023-04-27 09:06:05,815 - DEBUG - < X-Cache: Miss from cloudfront
2023-04-27 09:06:05,815 - DEBUG - < Via: 1.1 88978ba000ab6fbb0841a728290a8442.cloudfront.net (CloudFront)
2023-04-27 09:06:05,815 - DEBUG - < X-Amz-Cf-Pop: ICN57-P2
2023-04-27 09:06:05,815 - DEBUG - < X-Amz-Cf-Id: PVK5EgLiNayRNie4E7XhFqUHTjV18cT99uUM5AgkWF9hDwYYMus4uw==
2023-04-27 09:06:05,815 - DEBUG - = connection is OPEN
2023-04-27 09:06:05,833 - DEBUG - > TEXT '[2, "2bbf0bc8-f69c-406e-afae-6928b85e780f", "Bo...ePointVendor": "EVAR"}]' [127 bytes]
2023-04-27 09:06:06,276 - DEBUG - < TEXT '[3, "2bbf0bc8-f69c-406e-afae-6928b85e780f", {"s...02Z", "interval": 600}]' [123 bytes]
2023-04-27 09:06:06,352 - DEBUG - Starting new HTTPS connection (1): rgw.devevspcharger.uplus.co.kr:443
2023-04-27 09:06:06,937 - DEBUG - https://rgw.devevspcharger.uplus.co.kr:443 "POST /ioc HTTP/1.1" 200 123
2023-04-27 09:06:06,969 - DEBUG - < TEXT '[2, "a5e89acb-a124-4971-8f86-c94001ee5791", "Ge...ration", {"key": [""]}]' [78 bytes]
2023-04-27 09:06:06,974 - DEBUG - > TEXT '[3, "a5e89acb-a124-4971-8f86-c94001ee5791", {"c...ts", "value": "true"}}]' [120 bytes]
2023-04-27 09:06:07,137 - DEBUG - < TEXT '' [0 bytes]
2023-04-27 09:06:07,158 - DEBUG - Starting new HTTPS connection (1): rgw.devevspcharger.uplus.co.kr:443
2023-04-27 09:06:07,597 - DEBUG - https://rgw.devevspcharger.uplus.co.kr:443 "POST /ioc HTTP/1.1" 200 164
2023-04-27 09:06:07,687 - DEBUG - < TEXT '[2, "51730d56-07bb-4b84-a8ca-0e19dafd618a", "Ch...rval", "value": "300"}]' [119 bytes]
2023-04-27 09:06:07,691 - DEBUG - > TEXT '[3, "51730d56-07bb-4b84-a8ca-0e19dafd618a", {"status": "Accepted"}]' [67 bytes]
2023-04-27 09:06:07,857 - DEBUG - < TEXT '' [0 bytes]
2023-04-27 09:06:07,886 - DEBUG - > TEXT '[2, "2bbf0bc8-f69c-406e-afae-6928b85e780f", "Bo...ePointVendor": "EVAR"}]' [127 bytes]
2023-04-27 09:06:08,136 - DEBUG - < TEXT '[3, "2bbf0bc8-f69c-406e-afae-6928b85e780f", {"s...04Z", "interval": 600}]' [123 bytes]
2023-04-27 09:06:08,173 - DEBUG - > TEXT '[2, "2bbf0bc8-f69c-406e-afae-6928b85e780f", "St..."status": "Available"}]' [132 bytes]
2023-04-27 09:06:08,462 - DEBUG - < TEXT '[3, "2bbf0bc8-f69c-406e-afae-6928b85e780f", {}]' [47 bytes]
2023-04-27 09:06:30,491 - ERROR - Task exception was never retrieved
future: <Task finished name='Task-2' coro=<ChargerSim.startEvent() done, defined at D:\workspace\wss\main.py:124> exception=TypeError('can only concatenate str (not "ssl.SSLError") to str')>
Traceback (most recent call last):
  File "D:\workspace\wss\Charger.py", line 173, in conn
    ssl_context.set_ciphers('TLS_ECDHE_ECDSA_WITH_AES_128_GCM_SHA256,\
ssl.SSLError: ('No cipher can be selected.',)

During handling of the above exception, another exception occurred:

Traceback (most recent call last):
  File "D:\workspace\wss\main.py", line 144, in startEvent
    await self.charger.runcase(self.TC_selected if len(self.TC_selected.keys())>0 else self.TC)
  File "D:\workspace\wss\Charger.py", line 325, in runcase
    await self.conn(case)
  File "D:\workspace\wss\Charger.py", line 191, in conn
    self.log(err)
  File "D:\workspace\wss\Charger.py", line 118, in log
    self.txt_recv.insert(END, datetime.now().isoformat() +' '+ log + '\n', attr)
                              ~~~~~~~~~~~~~~~~~~~~~~~~~~~~~~~^~~~~
TypeError: can only concatenate str (not "ssl.SSLError") to str
2023-04-27 09:06:43,555 - DEBUG - = connection is CONNECTING
2023-04-27 09:06:43,591 - DEBUG - > GET /ocpp16/ELA007C05/EVSCA050001 HTTP/1.1
2023-04-27 09:06:43,591 - DEBUG - > Host: ws.devevspcharger.uplus.co.kr
2023-04-27 09:06:43,591 - DEBUG - > Upgrade: websocket
2023-04-27 09:06:43,592 - DEBUG - > Connection: Upgrade
2023-04-27 09:06:43,592 - DEBUG - > Sec-WebSocket-Key: xNzpgn38F4jXkDBrjEYl4g==
2023-04-27 09:06:43,592 - DEBUG - > Sec-WebSocket-Version: 13
2023-04-27 09:06:43,592 - DEBUG - > Sec-WebSocket-Extensions: permessage-deflate; client_max_window_bits
2023-04-27 09:06:43,592 - DEBUG - > Sec-WebSocket-Protocol: ocpp1.6
2023-04-27 09:06:43,592 - DEBUG - > Authorization: Basic RVZBUjpFVkFSTEdV
2023-04-27 09:06:43,592 - DEBUG - > User-Agent: Python/3.11 websockets/10.4
2023-04-27 09:06:43,833 - DEBUG - < HTTP/1.1 101 Switching Protocols
2023-04-27 09:06:43,833 - DEBUG - < Connection: upgrade
2023-04-27 09:06:43,833 - DEBUG - < Date: Thu, 27 Apr 2023 00:06:40 GMT
2023-04-27 09:06:43,834 - DEBUG - < sec-websocket-protocol: ocpp1.6
2023-04-27 09:06:43,834 - DEBUG - < upgrade: websocket
2023-04-27 09:06:43,834 - DEBUG - < sec-websocket-accept: NCRtmpb28HzCW19DigRLR52eBh8=
2023-04-27 09:06:43,834 - DEBUG - < sec-websocket-extensions: permessage-deflate
2023-04-27 09:06:43,834 - DEBUG - < X-Cache: Miss from cloudfront
2023-04-27 09:06:43,834 - DEBUG - < Via: 1.1 a252aeda8ec1e2b582ae9a32f7c8d544.cloudfront.net (CloudFront)
2023-04-27 09:06:43,834 - DEBUG - < X-Amz-Cf-Pop: ICN57-P2
2023-04-27 09:06:43,834 - DEBUG - < X-Amz-Cf-Id: i_noKmhm14p3wWd05e9scRqMQh7f8fB5UJKpvAInflgzRsATvwBPCQ==
2023-04-27 09:06:43,835 - DEBUG - = connection is OPEN
2023-04-27 09:06:43,858 - DEBUG - > TEXT '[2, "acb5eca7-5ad1-4c70-a2a9-0e764c6f6bd0", "Bo...ePointVendor": "EVAR"}]' [127 bytes]
2023-04-27 09:06:44,158 - DEBUG - < TEXT '[3, "acb5eca7-5ad1-4c70-a2a9-0e764c6f6bd0", {"s...40Z", "interval": 600}]' [123 bytes]
2023-04-27 09:06:44,239 - DEBUG - Starting new HTTPS connection (1): rgw.devevspcharger.uplus.co.kr:443
2023-04-27 09:06:44,700 - DEBUG - https://rgw.devevspcharger.uplus.co.kr:443 "POST /ioc HTTP/1.1" 200 123
2023-04-27 09:06:44,721 - DEBUG - < TEXT '[2, "c0456421-e1bf-4940-bd58-782e8493e685", "Ge...ration", {"key": [""]}]' [78 bytes]
2023-04-27 09:06:44,725 - DEBUG - > TEXT '[3, "c0456421-e1bf-4940-bd58-782e8493e685", {"c...ts", "value": "true"}}]' [120 bytes]
2023-04-27 09:06:44,915 - DEBUG - < TEXT '' [0 bytes]
2023-04-27 09:06:44,956 - DEBUG - Starting new HTTPS connection (1): rgw.devevspcharger.uplus.co.kr:443
2023-04-27 09:06:45,397 - DEBUG - https://rgw.devevspcharger.uplus.co.kr:443 "POST /ioc HTTP/1.1" 200 164
2023-04-27 09:06:45,487 - DEBUG - < TEXT '[2, "878f5ff8-f838-4862-a75c-4ded62457e01", "Ch...rval", "value": "300"}]' [119 bytes]
2023-04-27 09:06:45,492 - DEBUG - > TEXT '[3, "878f5ff8-f838-4862-a75c-4ded62457e01", {"status": "Accepted"}]' [67 bytes]
2023-04-27 09:06:45,737 - DEBUG - < TEXT '' [0 bytes]
2023-04-27 09:16:02,191 - DEBUG - = connection is CONNECTING
2023-04-27 09:16:02,219 - DEBUG - > GET /ocpp16/ELA007C05/EVSCA050001 HTTP/1.1
2023-04-27 09:16:02,220 - DEBUG - > Host: ws.devevspcharger.uplus.co.kr
2023-04-27 09:16:02,220 - DEBUG - > Upgrade: websocket
2023-04-27 09:16:02,220 - DEBUG - > Connection: Upgrade
2023-04-27 09:16:02,221 - DEBUG - > Sec-WebSocket-Key: ZCrRlUm0DbbYkVMjSk1TkQ==
2023-04-27 09:16:02,221 - DEBUG - > Sec-WebSocket-Version: 13
2023-04-27 09:16:02,221 - DEBUG - > Sec-WebSocket-Extensions: permessage-deflate; client_max_window_bits
2023-04-27 09:16:02,221 - DEBUG - > Sec-WebSocket-Protocol: ocpp1.6
2023-04-27 09:16:02,222 - DEBUG - > Authorization: Basic RVZBUjpFVkFSTEdV
2023-04-27 09:16:02,222 - DEBUG - > User-Agent: Python/3.11 websockets/10.4
2023-04-27 09:16:03,656 - DEBUG - < HTTP/1.1 101 Switching Protocols
2023-04-27 09:16:03,656 - DEBUG - < Connection: upgrade
2023-04-27 09:16:03,656 - DEBUG - < Date: Thu, 27 Apr 2023 00:15:59 GMT
2023-04-27 09:16:03,656 - DEBUG - < sec-websocket-protocol: ocpp1.6
2023-04-27 09:16:03,657 - DEBUG - < upgrade: websocket
2023-04-27 09:16:03,657 - DEBUG - < sec-websocket-accept: cp48kDODZR0qCNNaY12s1YsqVc8=
2023-04-27 09:16:03,657 - DEBUG - < sec-websocket-extensions: permessage-deflate
2023-04-27 09:16:03,657 - DEBUG - < X-Cache: Miss from cloudfront
2023-04-27 09:16:03,657 - DEBUG - < Via: 1.1 8e619a006d3eebbe44543457c797a4f0.cloudfront.net (CloudFront)
2023-04-27 09:16:03,658 - DEBUG - < X-Amz-Cf-Pop: ICN57-P2
2023-04-27 09:16:03,658 - DEBUG - < X-Amz-Cf-Id: rgf-BnjbC9lB-E6Tj-m3W-kLGi2cPBpF-ycQffLU6mF15hZ7Jm17QA==
2023-04-27 09:16:03,659 - DEBUG - = connection is OPEN
2023-04-27 09:16:03,710 - DEBUG - > TEXT '[2, "6d29013f-e09d-457b-999a-fd74c8b5de94", "Bo...ePointVendor": "EVAR"}]' [127 bytes]
2023-04-27 09:16:04,159 - DEBUG - < TEXT '[3, "6d29013f-e09d-457b-999a-fd74c8b5de94", {"s...00Z", "interval": 600}]' [123 bytes]
2023-04-27 09:16:04,336 - DEBUG - Starting new HTTPS connection (1): rgw.devevspcharger.uplus.co.kr:443
2023-04-27 09:16:05,912 - DEBUG - https://rgw.devevspcharger.uplus.co.kr:443 "POST /ioc HTTP/1.1" 200 123
2023-04-27 09:16:06,030 - DEBUG - < TEXT '[2, "73b31034-8d2a-457d-bf3b-a95a9629750c", "Ge...ration", {"key": [""]}]' [78 bytes]
2023-04-27 09:16:06,040 - DEBUG - > TEXT '[3, "73b31034-8d2a-457d-bf3b-a95a9629750c", {"c...ts", "value": "true"}}]' [120 bytes]
2023-04-27 09:16:06,227 - DEBUG - < TEXT '' [0 bytes]
2023-04-27 09:16:06,260 - DEBUG - Starting new HTTPS connection (1): rgw.devevspcharger.uplus.co.kr:443
2023-04-27 09:16:06,750 - DEBUG - https://rgw.devevspcharger.uplus.co.kr:443 "POST /ioc HTTP/1.1" 200 164
2023-04-27 09:16:06,883 - DEBUG - < TEXT '[2, "6716882a-3498-4848-85a4-3c51d3cb4f4e", "Ch...rval", "value": "300"}]' [119 bytes]
2023-04-27 09:16:06,907 - DEBUG - > TEXT '[3, "6716882a-3498-4848-85a4-3c51d3cb4f4e", {"status": "Accepted"}]' [67 bytes]
2023-04-27 09:16:07,079 - DEBUG - < TEXT '' [0 bytes]
2023-04-27 09:16:07,139 - DEBUG - > TEXT '[2, "6d29013f-e09d-457b-999a-fd74c8b5de94", "Bo...ePointVendor": "EVAR"}]' [127 bytes]
2023-04-27 09:16:07,439 - DEBUG - < TEXT '[3, "6d29013f-e09d-457b-999a-fd74c8b5de94", {"s...03Z", "interval": 600}]' [123 bytes]
2023-04-27 09:16:07,518 - DEBUG - > TEXT '[2, "6d29013f-e09d-457b-999a-fd74c8b5de94", "St..."status": "Available"}]' [132 bytes]
2023-04-27 09:16:07,818 - DEBUG - < TEXT '[3, "6d29013f-e09d-457b-999a-fd74c8b5de94", {}]' [47 bytes]
2023-04-27 09:16:07,890 - DEBUG - > TEXT '[2, "e928e68e-2729-4244-baff-a31715994949", "Heartbeat", {}]' [60 bytes]
2023-04-27 09:16:08,119 - DEBUG - < TEXT '[3, "e928e68e-2729-4244-baff-a31715994949", {"c...2023-04-27T09:16:04Z"}]' [84 bytes]
2023-04-27 09:16:08,165 - DEBUG - = connection is CLOSING
2023-04-27 09:16:08,166 - DEBUG - > CLOSE 1000 (OK) [2 bytes]
2023-04-27 09:16:08,177 - DEBUG - < CLOSE 1000 (OK) [2 bytes]
2023-04-27 09:16:08,186 - DEBUG - = connection is CLOSED
2023-04-27 09:16:08,245 - DEBUG - = connection is CONNECTING
2023-04-27 09:16:08,281 - DEBUG - > GET /ocpp16/ELA007C05/EVSCA050001 HTTP/1.1
2023-04-27 09:16:08,281 - DEBUG - > Host: ws.devevspcharger.uplus.co.kr
2023-04-27 09:16:08,281 - DEBUG - > Upgrade: websocket
2023-04-27 09:16:08,281 - DEBUG - > Connection: Upgrade
2023-04-27 09:16:08,281 - DEBUG - > Sec-WebSocket-Key: sDYFmcrnDecwY8q042NCHA==
2023-04-27 09:16:08,282 - DEBUG - > Sec-WebSocket-Version: 13
2023-04-27 09:16:08,282 - DEBUG - > Sec-WebSocket-Extensions: permessage-deflate; client_max_window_bits
2023-04-27 09:16:08,282 - DEBUG - > Sec-WebSocket-Protocol: ocpp1.6
2023-04-27 09:16:08,282 - DEBUG - > Authorization: Basic RVZBUjpFVkFSTEdV
2023-04-27 09:16:08,282 - DEBUG - > User-Agent: Python/3.11 websockets/10.4
2023-04-27 09:16:08,575 - DEBUG - < HTTP/1.1 101 Switching Protocols
2023-04-27 09:16:08,576 - DEBUG - < Connection: upgrade
2023-04-27 09:16:08,576 - DEBUG - < Date: Thu, 27 Apr 2023 00:16:04 GMT
2023-04-27 09:16:08,576 - DEBUG - < sec-websocket-protocol: ocpp1.6
2023-04-27 09:16:08,576 - DEBUG - < upgrade: websocket
2023-04-27 09:16:08,576 - DEBUG - < sec-websocket-accept: M0T2vH+cmhVHmrcp3r238hvoTuc=
2023-04-27 09:16:08,577 - DEBUG - < sec-websocket-extensions: permessage-deflate
2023-04-27 09:16:08,577 - DEBUG - < X-Cache: Miss from cloudfront
2023-04-27 09:16:08,577 - DEBUG - < Via: 1.1 3c5e765ef2333ef04ef6f44a2b66ec12.cloudfront.net (CloudFront)
2023-04-27 09:16:08,577 - DEBUG - < X-Amz-Cf-Pop: ICN57-P2
2023-04-27 09:16:08,578 - DEBUG - < X-Amz-Cf-Id: tFn0M7X3djD4w_01oGrxptmyyQXo3V6FIWaBRkYYgEElktvc6qf3Ww==
2023-04-27 09:16:08,578 - DEBUG - = connection is OPEN
2023-04-27 09:16:08,644 - DEBUG - > TEXT '[2, "6d29013f-e09d-457b-999a-fd74c8b5de94", "Bo...ePointVendor": "EVAR"}]' [127 bytes]
2023-04-27 09:16:08,959 - DEBUG - < TEXT '[3, "6d29013f-e09d-457b-999a-fd74c8b5de94", {"s...05Z", "interval": 600}]' [123 bytes]
2023-04-27 09:16:09,036 - DEBUG - > TEXT '[2, "6d29013f-e09d-457b-999a-fd74c8b5de94", "St..."status": "Available"}]' [132 bytes]
2023-04-27 09:16:09,316 - DEBUG - < TEXT '[3, "6d29013f-e09d-457b-999a-fd74c8b5de94", {}]' [47 bytes]
2023-04-27 09:16:09,395 - DEBUG - > TEXT '[2, "6d29013f-e09d-457b-999a-fd74c8b5de94", "Au...": "1031040000069641"}]' [87 bytes]
2023-04-27 09:16:10,122 - DEBUG - < TEXT '[3, "6d29013f-e09d-457b-999a-fd74c8b5de94", {"i..."status": "Accepted"}}]' [82 bytes]
2023-04-27 09:16:10,168 - DEBUG - = connection is CLOSING
2023-04-27 09:16:10,169 - DEBUG - > CLOSE 1000 (OK) [2 bytes]
2023-04-27 09:16:10,180 - DEBUG - < CLOSE 1000 (OK) [2 bytes]
2023-04-27 09:16:10,187 - DEBUG - = connection is CLOSED
2023-04-27 09:16:10,244 - DEBUG - = connection is CONNECTING
2023-04-27 09:16:10,264 - DEBUG - > GET /ocpp16/ELA007C05/EVSCA050001 HTTP/1.1
2023-04-27 09:16:10,265 - DEBUG - > Host: ws.devevspcharger.uplus.co.kr
2023-04-27 09:16:10,265 - DEBUG - > Upgrade: websocket
2023-04-27 09:16:10,265 - DEBUG - > Connection: Upgrade
2023-04-27 09:16:10,266 - DEBUG - > Sec-WebSocket-Key: 5hr8T+3QC577sjErgVN4Vg==
2023-04-27 09:16:10,266 - DEBUG - > Sec-WebSocket-Version: 13
2023-04-27 09:16:10,267 - DEBUG - > Sec-WebSocket-Extensions: permessage-deflate; client_max_window_bits
2023-04-27 09:16:10,267 - DEBUG - > Sec-WebSocket-Protocol: ocpp1.6
2023-04-27 09:16:10,267 - DEBUG - > Authorization: Basic RVZBUjpFVkFSTEdV
2023-04-27 09:16:10,267 - DEBUG - > User-Agent: Python/3.11 websockets/10.4
2023-04-27 09:16:10,567 - DEBUG - < HTTP/1.1 101 Switching Protocols
2023-04-27 09:16:10,568 - DEBUG - < Connection: upgrade
2023-04-27 09:16:10,568 - DEBUG - < Date: Thu, 27 Apr 2023 00:16:06 GMT
2023-04-27 09:16:10,568 - DEBUG - < sec-websocket-protocol: ocpp1.6
2023-04-27 09:16:10,568 - DEBUG - < upgrade: websocket
2023-04-27 09:16:10,569 - DEBUG - < sec-websocket-accept: PYc4sO4Xf+6z36eUGrdioQ9b+uw=
2023-04-27 09:16:10,569 - DEBUG - < sec-websocket-extensions: permessage-deflate
2023-04-27 09:16:10,569 - DEBUG - < X-Cache: Miss from cloudfront
2023-04-27 09:16:10,569 - DEBUG - < Via: 1.1 5b6f80c06c5584561e15bd2fd58882ee.cloudfront.net (CloudFront)
2023-04-27 09:16:10,570 - DEBUG - < X-Amz-Cf-Pop: ICN57-P2
2023-04-27 09:16:10,571 - DEBUG - < X-Amz-Cf-Id: zl1HKy8kIgMiE8GxD7kxrvFVTFJKDxUDXw7oLhdkUhS6GuxjTi4Jyw==
2023-04-27 09:16:10,571 - DEBUG - = connection is OPEN
2023-04-27 09:16:10,781 - DEBUG - > TEXT '[2, "6d29013f-e09d-457b-999a-fd74c8b5de94", "Bo...ePointVendor": "EVAR"}]' [127 bytes]
2023-04-27 09:16:11,059 - DEBUG - < TEXT '[3, "6d29013f-e09d-457b-999a-fd74c8b5de94", {"s...07Z", "interval": 600}]' [123 bytes]
2023-04-27 09:16:11,140 - DEBUG - > TEXT '[2, "6d29013f-e09d-457b-999a-fd74c8b5de94", "St..."status": "Available"}]' [132 bytes]
2023-04-27 09:16:11,377 - DEBUG - < TEXT '[3, "6d29013f-e09d-457b-999a-fd74c8b5de94", {}]' [47 bytes]
2023-04-27 09:16:11,433 - DEBUG - > TEXT '[2, "6d29013f-e09d-457b-999a-fd74c8b5de94", "Au...": "1031040000069641"}]' [87 bytes]
2023-04-27 09:16:11,717 - DEBUG - < TEXT '[3, "6d29013f-e09d-457b-999a-fd74c8b5de94", {"i..."status": "Accepted"}}]' [82 bytes]
2023-04-27 09:16:11,778 - DEBUG - > TEXT '[2, "ced7c1e4-9a3c-4e44-88b5-62d4a914ecd6", "St...2023-04-27T09:16:01Z"}]' [170 bytes]
2023-04-27 09:16:13,418 - DEBUG - < TEXT '[3, "ced7c1e4-9a3c-4e44-88b5-62d4a914ecd6", {"t..."status": "Accepted"}}]' [110 bytes]
2023-04-27 09:16:13,517 - DEBUG - > TEXT '[2, "6d29013f-e09d-457b-999a-fd74c8b5de94", "St... "status": "Charging"}]' [131 bytes]
2023-04-27 09:16:13,748 - DEBUG - < TEXT '[3, "6d29013f-e09d-457b-999a-fd74c8b5de94", {}]' [47 bytes]
2023-04-27 09:16:13,851 - DEBUG - > TEXT '[2, "a5d63f1f-18cb-4206-a873-407a01ac32c1", "Me...er", "unit": "Wh"}]}]}]' [259 bytes]
2023-04-27 09:16:14,308 - DEBUG - < TEXT '[3, "a5d63f1f-18cb-4206-a873-407a01ac32c1", {}]' [47 bytes]
2023-04-27 09:16:14,419 - DEBUG - > TEXT '[2, "4cd63fc5-89d5-4db9-8ab8-8e66c8b4c64c", "St...sactionId": 120543872}]' [149 bytes]
2023-04-27 09:16:14,937 - DEBUG - < TEXT '[3, "4cd63fc5-89d5-4db9-8ab8-8e66c8b4c64c", {"i..."status": "Accepted"}}]' [82 bytes]
2023-04-27 09:16:15,029 - DEBUG - > TEXT '[2, "6d29013f-e09d-457b-999a-fd74c8b5de94", "St..."status": "Finishing"}]' [132 bytes]
2023-04-27 09:16:15,259 - DEBUG - < TEXT '[3, "6d29013f-e09d-457b-999a-fd74c8b5de94", {}]' [47 bytes]
2023-04-27 09:16:15,328 - DEBUG - > TEXT '[2, "6d29013f-e09d-457b-999a-fd74c8b5de94", "St..."status": "Available"}]' [132 bytes]
2023-04-27 09:16:15,538 - DEBUG - < TEXT '[3, "6d29013f-e09d-457b-999a-fd74c8b5de94", {}]' [47 bytes]
2023-04-27 09:16:15,573 - DEBUG - = connection is CLOSING
2023-04-27 09:16:15,573 - DEBUG - > CLOSE 1000 (OK) [2 bytes]
2023-04-27 09:16:15,584 - DEBUG - < CLOSE 1000 (OK) [2 bytes]
2023-04-27 09:16:15,591 - DEBUG - = connection is CLOSED
2023-04-27 09:16:15,625 - DEBUG - = connection is CONNECTING
2023-04-27 09:16:15,650 - DEBUG - > GET /ocpp16/ELA007C05/EVSCA050001 HTTP/1.1
2023-04-27 09:16:15,650 - DEBUG - > Host: ws.devevspcharger.uplus.co.kr
2023-04-27 09:16:15,650 - DEBUG - > Upgrade: websocket
2023-04-27 09:16:15,650 - DEBUG - > Connection: Upgrade
2023-04-27 09:16:15,650 - DEBUG - > Sec-WebSocket-Key: oTBsfZwDx6xk/tNVyIz2AQ==
2023-04-27 09:16:15,651 - DEBUG - > Sec-WebSocket-Version: 13
2023-04-27 09:16:15,651 - DEBUG - > Sec-WebSocket-Extensions: permessage-deflate; client_max_window_bits
2023-04-27 09:16:15,651 - DEBUG - > Sec-WebSocket-Protocol: ocpp1.6
2023-04-27 09:16:15,651 - DEBUG - > Authorization: Basic RVZBUjpFVkFSTEdV
2023-04-27 09:16:15,651 - DEBUG - > User-Agent: Python/3.11 websockets/10.4
2023-04-27 09:16:15,896 - DEBUG - < HTTP/1.1 101 Switching Protocols
2023-04-27 09:16:15,896 - DEBUG - < Connection: upgrade
2023-04-27 09:16:15,896 - DEBUG - < Date: Thu, 27 Apr 2023 00:16:12 GMT
2023-04-27 09:16:15,896 - DEBUG - < sec-websocket-protocol: ocpp1.6
2023-04-27 09:16:15,896 - DEBUG - < upgrade: websocket
2023-04-27 09:16:15,897 - DEBUG - < sec-websocket-accept: xZ8RpUGUnnQ/GjEZaeJoXw+NkPs=
2023-04-27 09:16:15,897 - DEBUG - < sec-websocket-extensions: permessage-deflate
2023-04-27 09:16:15,897 - DEBUG - < X-Cache: Miss from cloudfront
2023-04-27 09:16:15,897 - DEBUG - < Via: 1.1 ba725da875f43fb311efeb484e55ed1a.cloudfront.net (CloudFront)
2023-04-27 09:16:15,897 - DEBUG - < X-Amz-Cf-Pop: ICN57-P2
2023-04-27 09:16:15,897 - DEBUG - < X-Amz-Cf-Id: kQsQMTv91pV6i9fj9V5oc2fSZIVfzKLC0wQVbARsS3ZMCcK8T8SkEw==
2023-04-27 09:16:15,898 - DEBUG - = connection is OPEN
2023-04-27 09:16:15,924 - DEBUG - > TEXT '[2, "6d29013f-e09d-457b-999a-fd74c8b5de94", "Bo...ePointVendor": "EVAR"}]' [127 bytes]
2023-04-27 09:16:16,219 - DEBUG - < TEXT '[3, "6d29013f-e09d-457b-999a-fd74c8b5de94", {"s...12Z", "interval": 600}]' [123 bytes]
2023-04-27 09:16:16,262 - DEBUG - > TEXT '[2, "6d29013f-e09d-457b-999a-fd74c8b5de94", "Au...": "1031040000069641"}]' [87 bytes]
2023-04-27 09:16:16,532 - DEBUG - < TEXT '[3, "6d29013f-e09d-457b-999a-fd74c8b5de94", {"i..."status": "Accepted"}}]' [82 bytes]
2023-04-27 09:16:16,579 - DEBUG - > TEXT '[2, "6d29013f-e09d-457b-999a-fd74c8b5de94", "St..."status": "Preparing"}]' [132 bytes]
2023-04-27 09:16:16,802 - DEBUG - < TEXT '[3, "6d29013f-e09d-457b-999a-fd74c8b5de94", {}]' [47 bytes]
2023-04-27 09:16:16,844 - DEBUG - > TEXT '[2, "86d75745-5c71-498c-823b-7619b426cb0c", "St...2023-04-27T09:16:01Z"}]' [170 bytes]
2023-04-27 09:16:17,438 - DEBUG - < TEXT '[3, "86d75745-5c71-498c-823b-7619b426cb0c", {"t..."status": "Accepted"}}]' [110 bytes]
2023-04-27 09:16:17,494 - DEBUG - > TEXT '[2, "6d29013f-e09d-457b-999a-fd74c8b5de94", "St... "status": "Charging"}]' [131 bytes]
2023-04-27 09:16:17,718 - DEBUG - < TEXT '[3, "6d29013f-e09d-457b-999a-fd74c8b5de94", {}]' [47 bytes]
2023-04-27 09:16:17,782 - DEBUG - > TEXT '[2, "f05489e3-11df-4862-a09f-df0a964959a6", "Me...er", "unit": "Wh"}]}]}]' [259 bytes]
2023-04-27 09:16:18,058 - DEBUG - < TEXT '[3, "f05489e3-11df-4862-a09f-df0a964959a6", {}]' [47 bytes]
2023-04-27 09:16:18,125 - DEBUG - > TEXT '[2, "1974e007-1aff-4177-803e-d293a5067d55", "St...sactionId": 120543873}]' [149 bytes]
2023-04-27 09:16:18,659 - DEBUG - < TEXT '[3, "1974e007-1aff-4177-803e-d293a5067d55", {"i..."status": "Accepted"}}]' [82 bytes]
2023-04-27 09:16:18,759 - DEBUG - > TEXT '[2, "6d29013f-e09d-457b-999a-fd74c8b5de94", "St..."status": "Finishing"}]' [132 bytes]
2023-04-27 09:16:18,989 - DEBUG - < TEXT '[3, "6d29013f-e09d-457b-999a-fd74c8b5de94", {}]' [47 bytes]
2023-04-27 09:16:19,074 - DEBUG - > TEXT '[2, "6d29013f-e09d-457b-999a-fd74c8b5de94", "St..."status": "Available"}]' [132 bytes]
2023-04-27 09:16:19,309 - DEBUG - < TEXT '[3, "6d29013f-e09d-457b-999a-fd74c8b5de94", {}]' [47 bytes]
2023-04-27 09:16:19,345 - DEBUG - = connection is CLOSING
2023-04-27 09:16:19,346 - DEBUG - > CLOSE 1000 (OK) [2 bytes]
2023-04-27 09:16:19,367 - DEBUG - < CLOSE 1000 (OK) [2 bytes]
2023-04-27 09:16:19,375 - DEBUG - = connection is CLOSED
2023-04-27 09:16:19,449 - DEBUG - = connection is CONNECTING
2023-04-27 09:16:19,472 - DEBUG - > GET /ocpp16/ELA007C05/EVSCA050001 HTTP/1.1
2023-04-27 09:16:19,472 - DEBUG - > Host: ws.devevspcharger.uplus.co.kr
2023-04-27 09:16:19,472 - DEBUG - > Upgrade: websocket
2023-04-27 09:16:19,472 - DEBUG - > Connection: Upgrade
2023-04-27 09:16:19,472 - DEBUG - > Sec-WebSocket-Key: cisatBQlfCeLlBU8Y2T1cg==
2023-04-27 09:16:19,473 - DEBUG - > Sec-WebSocket-Version: 13
2023-04-27 09:16:19,473 - DEBUG - > Sec-WebSocket-Extensions: permessage-deflate; client_max_window_bits
2023-04-27 09:16:19,473 - DEBUG - > Sec-WebSocket-Protocol: ocpp1.6
2023-04-27 09:16:19,473 - DEBUG - > Authorization: Basic RVZBUjpFVkFSTEdV
2023-04-27 09:16:19,473 - DEBUG - > User-Agent: Python/3.11 websockets/10.4
2023-04-27 09:16:19,816 - DEBUG - < HTTP/1.1 101 Switching Protocols
2023-04-27 09:16:19,816 - DEBUG - < Connection: upgrade
2023-04-27 09:16:19,816 - DEBUG - < Date: Thu, 27 Apr 2023 00:16:16 GMT
2023-04-27 09:16:19,817 - DEBUG - < sec-websocket-protocol: ocpp1.6
2023-04-27 09:16:19,817 - DEBUG - < upgrade: websocket
2023-04-27 09:16:19,817 - DEBUG - < sec-websocket-accept: D37azEyRQ3qJW2+TU3qejgtguu8=
2023-04-27 09:16:19,817 - DEBUG - < sec-websocket-extensions: permessage-deflate
2023-04-27 09:16:19,818 - DEBUG - < X-Cache: Miss from cloudfront
2023-04-27 09:16:19,818 - DEBUG - < Via: 1.1 a252aeda8ec1e2b582ae9a32f7c8d544.cloudfront.net (CloudFront)
2023-04-27 09:16:19,818 - DEBUG - < X-Amz-Cf-Pop: ICN57-P2
2023-04-27 09:16:19,818 - DEBUG - < X-Amz-Cf-Id: 6kJAPjMH4ZDrV_FXXzkAOcdWeFaTJw4mo6Uj7TPDVdzaWVKPOdjBUA==
2023-04-27 09:16:19,819 - DEBUG - = connection is OPEN
2023-04-27 09:16:19,860 - DEBUG - > TEXT '[2, "6d29013f-e09d-457b-999a-fd74c8b5de94", "Bo...ePointVendor": "EVAR"}]' [127 bytes]
2023-04-27 09:16:20,161 - DEBUG - < TEXT '[3, "6d29013f-e09d-457b-999a-fd74c8b5de94", {"s...16Z", "interval": 600}]' [123 bytes]
2023-04-27 09:16:20,225 - DEBUG - Starting new HTTPS connection (1): rgw.devevspcharger.uplus.co.kr:443
2023-04-27 09:16:20,671 - DEBUG - https://rgw.devevspcharger.uplus.co.kr:443 "POST /ioc HTTP/1.1" 200 163
2023-04-27 09:16:20,734 - DEBUG - < TEXT '[2, "5e13d36c-5d85-4100-8cbf-810df296e71a", "Ch...nKey", "value": "300"}]' [118 bytes]
2023-04-27 09:16:20,743 - DEBUG - > TEXT '[3, "5e13d36c-5d85-4100-8cbf-810df296e71a", {"status": "Accepted"}]' [67 bytes]
2023-04-27 09:16:20,918 - DEBUG - < TEXT '' [0 bytes]
2023-04-27 09:16:20,975 - DEBUG - Starting new HTTPS connection (1): rgw.devevspcharger.uplus.co.kr:443
2023-04-27 09:16:21,410 - DEBUG - https://rgw.devevspcharger.uplus.co.kr:443 "POST /ioc HTTP/1.1" 200 106
2023-04-27 09:16:21,469 - DEBUG - < TEXT '[2, "e16cbdda-3562-47dc-b4ef-27932708ed74", "ClearCache", {}]' [61 bytes]
2023-04-27 09:16:21,483 - DEBUG - > TEXT '[3, "e16cbdda-3562-47dc-b4ef-27932708ed74", {"status": "Accepted"}]' [67 bytes]
2023-04-27 09:16:21,707 - DEBUG - < TEXT '' [0 bytes]
2023-04-27 09:16:21,742 - DEBUG - > TEXT '[2, "6d29013f-e09d-457b-999a-fd74c8b5de94", "Au...": "1031040000069641"}]' [87 bytes]
2023-04-27 09:16:22,005 - DEBUG - < TEXT '[3, "6d29013f-e09d-457b-999a-fd74c8b5de94", {"i..."status": "Accepted"}}]' [82 bytes]
2023-04-27 09:16:22,041 - DEBUG - > TEXT '[2, "6d29013f-e09d-457b-999a-fd74c8b5de94", "St..."status": "Preparing"}]' [132 bytes]
2023-04-27 09:16:22,245 - DEBUG - < TEXT '[3, "6d29013f-e09d-457b-999a-fd74c8b5de94", {}]' [47 bytes]
2023-04-27 09:16:22,285 - DEBUG - > TEXT '[2, "6d29013f-e09d-457b-999a-fd74c8b5de94", "St..."status": "Available"}]' [132 bytes]
2023-04-27 09:16:22,494 - DEBUG - < TEXT '[3, "6d29013f-e09d-457b-999a-fd74c8b5de94", {}]' [47 bytes]
2023-04-27 09:16:22,527 - DEBUG - = connection is CLOSING
2023-04-27 09:16:22,527 - DEBUG - > CLOSE 1000 (OK) [2 bytes]
2023-04-27 09:16:22,545 - DEBUG - < CLOSE 1000 (OK) [2 bytes]
2023-04-27 09:16:22,561 - DEBUG - = connection is CLOSED
2023-04-27 09:16:22,615 - DEBUG - = connection is CONNECTING
2023-04-27 09:16:22,632 - DEBUG - > GET /ocpp16/ELA007C05/EVSCA050001 HTTP/1.1
2023-04-27 09:16:22,633 - DEBUG - > Host: ws.devevspcharger.uplus.co.kr
2023-04-27 09:16:22,633 - DEBUG - > Upgrade: websocket
2023-04-27 09:16:22,633 - DEBUG - > Connection: Upgrade
2023-04-27 09:16:22,633 - DEBUG - > Sec-WebSocket-Key: NE6FMfvCKRcZrRvpgj674A==
2023-04-27 09:16:22,633 - DEBUG - > Sec-WebSocket-Version: 13
2023-04-27 09:16:22,633 - DEBUG - > Sec-WebSocket-Extensions: permessage-deflate; client_max_window_bits
2023-04-27 09:16:22,634 - DEBUG - > Sec-WebSocket-Protocol: ocpp1.6
2023-04-27 09:16:22,634 - DEBUG - > Authorization: Basic RVZBUjpFVkFSTEdV
2023-04-27 09:16:22,634 - DEBUG - > User-Agent: Python/3.11 websockets/10.4
2023-04-27 09:16:22,857 - DEBUG - < HTTP/1.1 101 Switching Protocols
2023-04-27 09:16:22,857 - DEBUG - < Connection: upgrade
2023-04-27 09:16:22,857 - DEBUG - < Date: Thu, 27 Apr 2023 00:16:19 GMT
2023-04-27 09:16:22,857 - DEBUG - < sec-websocket-protocol: ocpp1.6
2023-04-27 09:16:22,858 - DEBUG - < upgrade: websocket
2023-04-27 09:16:22,858 - DEBUG - < sec-websocket-accept: k7M0zzA94EBMEXDr0NA79WY+X0I=
2023-04-27 09:16:22,858 - DEBUG - < sec-websocket-extensions: permessage-deflate
2023-04-27 09:16:22,858 - DEBUG - < X-Cache: Miss from cloudfront
2023-04-27 09:16:22,858 - DEBUG - < Via: 1.1 967cab954a1c41e7f76f472d706ab3a0.cloudfront.net (CloudFront)
2023-04-27 09:16:22,858 - DEBUG - < X-Amz-Cf-Pop: ICN57-P2
2023-04-27 09:16:22,858 - DEBUG - < X-Amz-Cf-Id: Zxdv5ngauTiPimdhwwzsqhY5wEcAcVayvR8Pe5HlLhhRL9WHWLptcQ==
2023-04-27 09:16:22,858 - DEBUG - = connection is OPEN
2023-04-27 09:16:22,906 - DEBUG - > TEXT '[2, "6d29013f-e09d-457b-999a-fd74c8b5de94", "Bo...ePointVendor": "EVAR"}]' [127 bytes]
2023-04-27 09:16:23,158 - DEBUG - < TEXT '[3, "6d29013f-e09d-457b-999a-fd74c8b5de94", {"s...19Z", "interval": 600}]' [123 bytes]
2023-04-27 09:16:23,228 - DEBUG - > TEXT '[2, "6d29013f-e09d-457b-999a-fd74c8b5de94", "St..."status": "Preparing"}]' [132 bytes]
2023-04-27 09:16:23,458 - DEBUG - < TEXT '[3, "6d29013f-e09d-457b-999a-fd74c8b5de94", {}]' [47 bytes]
2023-04-27 09:16:23,520 - DEBUG - > TEXT '[2, "6d29013f-e09d-457b-999a-fd74c8b5de94", "Au...": "1031040000069641"}]' [87 bytes]
2023-04-27 09:16:23,760 - DEBUG - < TEXT '[3, "6d29013f-e09d-457b-999a-fd74c8b5de94", {"i..."status": "Accepted"}}]' [82 bytes]
2023-04-27 09:16:23,806 - DEBUG - > TEXT '[2, "40183ff4-5909-49fe-9157-9a9c5293f63e", "St...2023-04-27T09:16:01Z"}]' [170 bytes]
2023-04-27 09:16:24,349 - DEBUG - < TEXT '[3, "40183ff4-5909-49fe-9157-9a9c5293f63e", {"t..."status": "Accepted"}}]' [110 bytes]
2023-04-27 09:16:24,403 - DEBUG - > TEXT '[2, "6d29013f-e09d-457b-999a-fd74c8b5de94", "St... "status": "Charging"}]' [131 bytes]
2023-04-27 09:16:24,618 - DEBUG - < TEXT '[3, "6d29013f-e09d-457b-999a-fd74c8b5de94", {}]' [47 bytes]
2023-04-27 09:16:24,669 - DEBUG - > TEXT '[2, "494a33d1-9d79-4c12-a5c8-d49fde379ada", "Me...er", "unit": "Wh"}]}]}]' [259 bytes]
2023-04-27 09:16:24,937 - DEBUG - < TEXT '[3, "494a33d1-9d79-4c12-a5c8-d49fde379ada", {}]' [47 bytes]
2023-04-27 09:16:24,995 - DEBUG - > TEXT '[2, "6d29013f-e09d-457b-999a-fd74c8b5de94", "St...tatus": "SuspendedEV"}]' [134 bytes]
2023-04-27 09:16:25,201 - DEBUG - < TEXT '[3, "6d29013f-e09d-457b-999a-fd74c8b5de94", {}]' [47 bytes]
2023-04-27 09:16:25,265 - DEBUG - > TEXT '[2, "7280878a-787d-4b42-af47-0f6d52928b60", "St...sactionId": 120543874}]' [149 bytes]
2023-04-27 09:16:25,698 - DEBUG - < TEXT '[3, "7280878a-787d-4b42-af47-0f6d52928b60", {"i..."status": "Accepted"}}]' [82 bytes]
2023-04-27 09:16:25,757 - DEBUG - > TEXT '[2, "6d29013f-e09d-457b-999a-fd74c8b5de94", "St..."status": "Finishing"}]' [132 bytes]
2023-04-27 09:16:25,966 - DEBUG - < TEXT '[3, "6d29013f-e09d-457b-999a-fd74c8b5de94", {}]' [47 bytes]
2023-04-27 09:16:26,016 - DEBUG - > TEXT '[2, "6d29013f-e09d-457b-999a-fd74c8b5de94", "St..."status": "Available"}]' [132 bytes]
2023-04-27 09:16:26,220 - DEBUG - < TEXT '[3, "6d29013f-e09d-457b-999a-fd74c8b5de94", {}]' [47 bytes]
2023-04-27 09:16:26,252 - DEBUG - = connection is CLOSING
2023-04-27 09:16:26,253 - DEBUG - > CLOSE 1000 (OK) [2 bytes]
2023-04-27 09:16:26,261 - DEBUG - < CLOSE 1000 (OK) [2 bytes]
2023-04-27 09:16:26,269 - DEBUG - = connection is CLOSED
2023-04-27 09:16:26,299 - DEBUG - = connection is CONNECTING
2023-04-27 09:16:26,321 - DEBUG - > GET /ocpp16/ELA007C05/EVSCA050001 HTTP/1.1
2023-04-27 09:16:26,322 - DEBUG - > Host: ws.devevspcharger.uplus.co.kr
2023-04-27 09:16:26,322 - DEBUG - > Upgrade: websocket
2023-04-27 09:16:26,322 - DEBUG - > Connection: Upgrade
2023-04-27 09:16:26,322 - DEBUG - > Sec-WebSocket-Key: A5+6N8+VtRwKJjnnesWyvg==
2023-04-27 09:16:26,323 - DEBUG - > Sec-WebSocket-Version: 13
2023-04-27 09:16:26,323 - DEBUG - > Sec-WebSocket-Extensions: permessage-deflate; client_max_window_bits
2023-04-27 09:16:26,323 - DEBUG - > Sec-WebSocket-Protocol: ocpp1.6
2023-04-27 09:16:26,323 - DEBUG - > Authorization: Basic RVZBUjpFVkFSTEdV
2023-04-27 09:16:26,323 - DEBUG - > User-Agent: Python/3.11 websockets/10.4
2023-04-27 09:16:26,569 - DEBUG - < HTTP/1.1 101 Switching Protocols
2023-04-27 09:16:26,569 - DEBUG - < Connection: upgrade
2023-04-27 09:16:26,569 - DEBUG - < Date: Thu, 27 Apr 2023 00:16:22 GMT
2023-04-27 09:16:26,570 - DEBUG - < sec-websocket-protocol: ocpp1.6
2023-04-27 09:16:26,570 - DEBUG - < upgrade: websocket
2023-04-27 09:16:26,570 - DEBUG - < sec-websocket-accept: cER9q3dwnxIM+2UTOwifrof928k=
2023-04-27 09:16:26,570 - DEBUG - < sec-websocket-extensions: permessage-deflate
2023-04-27 09:16:26,570 - DEBUG - < X-Cache: Miss from cloudfront
2023-04-27 09:16:26,570 - DEBUG - < Via: 1.1 ba725da875f43fb311efeb484e55ed1a.cloudfront.net (CloudFront)
2023-04-27 09:16:26,570 - DEBUG - < X-Amz-Cf-Pop: ICN57-P2
2023-04-27 09:16:26,570 - DEBUG - < X-Amz-Cf-Id: edYJTb-Gh3giH2juuYR9twPKGLVNawVX1614dXJj5-EGce3nGs3Yfg==
2023-04-27 09:16:26,571 - DEBUG - = connection is OPEN
2023-04-27 09:16:26,604 - DEBUG - > TEXT '[2, "6d29013f-e09d-457b-999a-fd74c8b5de94", "Bo...ePointVendor": "EVAR"}]' [127 bytes]
2023-04-27 09:16:26,881 - DEBUG - < TEXT '[3, "6d29013f-e09d-457b-999a-fd74c8b5de94", {"s...22Z", "interval": 600}]' [123 bytes]
2023-04-27 09:16:26,929 - DEBUG - Starting new HTTPS connection (1): rgw.devevspcharger.uplus.co.kr:443
2023-04-27 09:16:27,351 - DEBUG - https://rgw.devevspcharger.uplus.co.kr:443 "POST /ioc HTTP/1.1" 200 166
2023-04-27 09:16:27,409 - DEBUG - < TEXT '[2, "69120aa9-c311-4cae-87f0-4eef892a73d5", "Ch...led", "value": "true"}]' [121 bytes]
2023-04-27 09:16:27,416 - DEBUG - > TEXT '[3, "69120aa9-c311-4cae-87f0-4eef892a73d5", {"status": "Accepted"}]' [67 bytes]
2023-04-27 09:16:27,608 - DEBUG - < TEXT '' [0 bytes]
2023-04-27 09:16:27,649 - DEBUG - Starting new HTTPS connection (1): rgw.devevspcharger.uplus.co.kr:443
2023-04-27 09:16:28,092 - DEBUG - https://rgw.devevspcharger.uplus.co.kr:443 "POST /ioc HTTP/1.1" 200 166
2023-04-27 09:16:28,159 - DEBUG - < TEXT '[2, "444a25c3-82d2-4836-a58e-9e0b98076f98", "Ch...sts", "value": "true"}]' [121 bytes]
2023-04-27 09:16:28,167 - DEBUG - > TEXT '[3, "444a25c3-82d2-4836-a58e-9e0b98076f98", {"status": "Accepted"}]' [67 bytes]
2023-04-27 09:16:28,431 - DEBUG - < TEXT '' [0 bytes]
2023-04-27 09:16:28,490 - DEBUG - Starting new HTTPS connection (1): rgw.devevspcharger.uplus.co.kr:443
2023-04-27 09:16:28,952 - DEBUG - https://rgw.devevspcharger.uplus.co.kr:443 "POST /ioc HTTP/1.1" 200 158
2023-04-27 09:16:29,020 - DEBUG - < TEXT '[2, "38aed6db-9053-4780-91c4-f61ba7dced3b", "Ch...ize", "value": "true"}]' [113 bytes]
2023-04-27 09:16:29,026 - DEBUG - > TEXT '[3, "38aed6db-9053-4780-91c4-f61ba7dced3b", {"status": "Accepted"}]' [67 bytes]
2023-04-27 09:16:29,178 - DEBUG - < TEXT '' [0 bytes]
2023-04-27 09:16:29,224 - DEBUG - Starting new HTTPS connection (1): rgw.devevspcharger.uplus.co.kr:443
2023-04-27 09:16:29,650 - DEBUG - https://rgw.devevspcharger.uplus.co.kr:443 "POST /ioc HTTP/1.1" 200 106
2023-04-27 09:16:29,709 - DEBUG - < TEXT '[2, "a0ad7c9a-b0f3-4401-ae81-42763f6a1e32", "ClearCache", {}]' [61 bytes]
2023-04-27 09:16:29,714 - DEBUG - > TEXT '[3, "a0ad7c9a-b0f3-4401-ae81-42763f6a1e32", {"status": "Accepted"}]' [67 bytes]
2023-04-27 09:16:29,899 - DEBUG - < TEXT '' [0 bytes]
2023-04-27 09:16:29,946 - DEBUG - > TEXT '[2, "6d29013f-e09d-457b-999a-fd74c8b5de94", "St..."status": "Preparing"}]' [132 bytes]
2023-04-27 09:16:30,188 - DEBUG - < TEXT '[3, "6d29013f-e09d-457b-999a-fd74c8b5de94", {}]' [47 bytes]
2023-04-27 09:16:30,223 - DEBUG - Starting new HTTPS connection (1): rgw.devevspcharger.uplus.co.kr:443
2023-04-27 09:16:30,687 - DEBUG - https://rgw.devevspcharger.uplus.co.kr:443 "POST /ioc HTTP/1.1" 200 145
2023-04-27 09:16:30,752 - DEBUG - < TEXT '[2, "1c05e9f1-7281-4240-8259-2a181824035d", "Re...": "1031040000069641"}]' [100 bytes]
2023-04-27 09:16:30,773 - DEBUG - > TEXT '[3, "1c05e9f1-7281-4240-8259-2a181824035d", {"status": "Accepted"}]' [67 bytes]
2023-04-27 09:16:30,962 - DEBUG - < TEXT '' [0 bytes]
2023-04-27 09:16:31,014 - DEBUG - > TEXT '[2, "6d29013f-e09d-457b-999a-fd74c8b5de94", "Au...": "1031040000069641"}]' [87 bytes]
2023-04-27 09:16:31,247 - DEBUG - < TEXT '[3, "6d29013f-e09d-457b-999a-fd74c8b5de94", {"i..."status": "Accepted"}}]' [82 bytes]
2023-04-27 09:16:31,288 - DEBUG - > TEXT '[2, "9dd0a107-610a-4cf6-80e0-b7be1f4cc9ac", "St...2023-04-27T09:16:01Z"}]' [170 bytes]
2023-04-27 09:16:31,762 - DEBUG - < TEXT '[3, "9dd0a107-610a-4cf6-80e0-b7be1f4cc9ac", {"t..."status": "Accepted"}}]' [110 bytes]
2023-04-27 09:16:31,812 - DEBUG - > TEXT '[2, "6d29013f-e09d-457b-999a-fd74c8b5de94", "St... "status": "Charging"}]' [131 bytes]
2023-04-27 09:16:32,018 - DEBUG - < TEXT '[3, "6d29013f-e09d-457b-999a-fd74c8b5de94", {}]' [47 bytes]
2023-04-27 09:16:32,077 - DEBUG - > TEXT '[2, "49507107-9d89-4a3a-9035-46821ee696c8", "St...sactionId": 120543875}]' [149 bytes]
2023-04-27 09:16:32,604 - DEBUG - < TEXT '[3, "49507107-9d89-4a3a-9035-46821ee696c8", {"i..."status": "Accepted"}}]' [82 bytes]
2023-04-27 09:16:32,673 - DEBUG - > TEXT '[2, "6d29013f-e09d-457b-999a-fd74c8b5de94", "St..."status": "Finishing"}]' [132 bytes]
2023-04-27 09:16:32,880 - DEBUG - < TEXT '[3, "6d29013f-e09d-457b-999a-fd74c8b5de94", {}]' [47 bytes]
2023-04-27 09:16:32,950 - DEBUG - > TEXT '[2, "6d29013f-e09d-457b-999a-fd74c8b5de94", "St..."status": "Available"}]' [132 bytes]
2023-04-27 09:16:33,177 - DEBUG - < TEXT '[3, "6d29013f-e09d-457b-999a-fd74c8b5de94", {}]' [47 bytes]
2023-04-27 09:16:33,245 - DEBUG - Starting new HTTPS connection (1): rgw.devevspcharger.uplus.co.kr:443
2023-04-27 09:16:33,689 - DEBUG - https://rgw.devevspcharger.uplus.co.kr:443 "POST /ioc HTTP/1.1" 200 145
2023-04-27 09:16:33,753 - DEBUG - < TEXT '[2, "676fe9e2-7706-4362-90b6-0a7cf1a0358f", "Re...": "1031040000069641"}]' [100 bytes]
2023-04-27 09:16:33,764 - DEBUG - > TEXT '[3, "676fe9e2-7706-4362-90b6-0a7cf1a0358f", {"status": "Accepted"}]' [67 bytes]
2023-04-27 09:16:33,917 - DEBUG - < TEXT '' [0 bytes]
2023-04-27 09:16:33,979 - DEBUG - > TEXT '[2, "a27ee96c-a531-4740-a7d1-4dc3431fd2b6", "St...2023-04-27T09:16:01Z"}]' [170 bytes]
2023-04-27 09:16:34,517 - DEBUG - < TEXT '[3, "a27ee96c-a531-4740-a7d1-4dc3431fd2b6", {"t..."status": "Accepted"}}]' [110 bytes]
2023-04-27 09:16:34,579 - DEBUG - > TEXT '[2, "6d29013f-e09d-457b-999a-fd74c8b5de94", "St... "status": "Charging"}]' [131 bytes]
2023-04-27 09:16:34,777 - DEBUG - < TEXT '[3, "6d29013f-e09d-457b-999a-fd74c8b5de94", {}]' [47 bytes]
2023-04-27 09:16:34,829 - DEBUG - > TEXT '[2, "ef45558a-1efb-4257-a5a6-6a4570506451", "St...sactionId": 120543876}]' [149 bytes]
2023-04-27 09:16:35,320 - DEBUG - < TEXT '[3, "ef45558a-1efb-4257-a5a6-6a4570506451", {"i..."status": "Accepted"}}]' [82 bytes]
2023-04-27 09:16:35,382 - DEBUG - > TEXT '[2, "6d29013f-e09d-457b-999a-fd74c8b5de94", "St..."status": "Finishing"}]' [132 bytes]
2023-04-27 09:16:35,579 - DEBUG - < TEXT '[3, "6d29013f-e09d-457b-999a-fd74c8b5de94", {}]' [47 bytes]
2023-04-27 09:16:35,635 - DEBUG - > TEXT '[2, "6d29013f-e09d-457b-999a-fd74c8b5de94", "St..."status": "Available"}]' [132 bytes]
2023-04-27 09:16:35,838 - DEBUG - < TEXT '[3, "6d29013f-e09d-457b-999a-fd74c8b5de94", {}]' [47 bytes]
2023-04-27 09:16:35,869 - DEBUG - = connection is CLOSING
2023-04-27 09:16:35,869 - DEBUG - > CLOSE 1000 (OK) [2 bytes]
2023-04-27 09:16:35,886 - DEBUG - < CLOSE 1000 (OK) [2 bytes]
2023-04-27 09:16:35,895 - DEBUG - = connection is CLOSED
2023-04-27 09:16:35,929 - DEBUG - = connection is CONNECTING
2023-04-27 09:16:35,947 - DEBUG - > GET /ocpp16/ELA007C05/EVSCA050001 HTTP/1.1
2023-04-27 09:16:35,947 - DEBUG - > Host: ws.devevspcharger.uplus.co.kr
2023-04-27 09:16:35,947 - DEBUG - > Upgrade: websocket
2023-04-27 09:16:35,948 - DEBUG - > Connection: Upgrade
2023-04-27 09:16:35,948 - DEBUG - > Sec-WebSocket-Key: g6+12T+JisekBLnOmTT0ew==
2023-04-27 09:16:35,948 - DEBUG - > Sec-WebSocket-Version: 13
2023-04-27 09:16:35,948 - DEBUG - > Sec-WebSocket-Extensions: permessage-deflate; client_max_window_bits
2023-04-27 09:16:35,948 - DEBUG - > Sec-WebSocket-Protocol: ocpp1.6
2023-04-27 09:16:35,948 - DEBUG - > Authorization: Basic RVZBUjpFVkFSTEdV
2023-04-27 09:16:35,948 - DEBUG - > User-Agent: Python/3.11 websockets/10.4
2023-04-27 09:16:36,177 - DEBUG - < HTTP/1.1 101 Switching Protocols
2023-04-27 09:16:36,177 - DEBUG - < Connection: upgrade
2023-04-27 09:16:36,178 - DEBUG - < Date: Thu, 27 Apr 2023 00:16:32 GMT
2023-04-27 09:16:36,178 - DEBUG - < sec-websocket-protocol: ocpp1.6
2023-04-27 09:16:36,178 - DEBUG - < upgrade: websocket
2023-04-27 09:16:36,178 - DEBUG - < sec-websocket-accept: hlGLToPyR9+TlnYBJzdVfZ0K6ts=
2023-04-27 09:16:36,178 - DEBUG - < sec-websocket-extensions: permessage-deflate
2023-04-27 09:16:36,179 - DEBUG - < X-Cache: Miss from cloudfront
2023-04-27 09:16:36,179 - DEBUG - < Via: 1.1 967cab954a1c41e7f76f472d706ab3a0.cloudfront.net (CloudFront)
2023-04-27 09:16:36,179 - DEBUG - < X-Amz-Cf-Pop: ICN57-P2
2023-04-27 09:16:36,179 - DEBUG - < X-Amz-Cf-Id: G63kL8VQvkHQsd6yMHZ90GHYexOieauxuYxITM0q9KXQRSDF5f18oQ==
2023-04-27 09:16:36,179 - DEBUG - = connection is OPEN
2023-04-27 09:16:36,220 - DEBUG - > TEXT '[2, "6d29013f-e09d-457b-999a-fd74c8b5de94", "Bo...ePointVendor": "EVAR"}]' [127 bytes]
2023-04-27 09:16:36,480 - DEBUG - < TEXT '[3, "6d29013f-e09d-457b-999a-fd74c8b5de94", {"s...32Z", "interval": 600}]' [123 bytes]
2023-04-27 09:16:36,534 - DEBUG - Starting new HTTPS connection (1): rgw.devevspcharger.uplus.co.kr:443
2023-04-27 09:16:36,970 - DEBUG - https://rgw.devevspcharger.uplus.co.kr:443 "POST /ioc HTTP/1.1" 200 166
2023-04-27 09:16:37,035 - DEBUG - < TEXT '[2, "a1c1cd7f-9090-4d3a-a9fc-c0ce6980cdff", "Ch...led", "value": "true"}]' [121 bytes]
2023-04-27 09:16:37,043 - DEBUG - > TEXT '[3, "a1c1cd7f-9090-4d3a-a9fc-c0ce6980cdff", {"status": "Accepted"}]' [67 bytes]
2023-04-27 09:16:37,218 - DEBUG - < TEXT '' [0 bytes]
2023-04-27 09:16:37,256 - DEBUG - Starting new HTTPS connection (1): rgw.devevspcharger.uplus.co.kr:443
2023-04-27 09:16:37,710 - DEBUG - https://rgw.devevspcharger.uplus.co.kr:443 "POST /ioc HTTP/1.1" 200 158
2023-04-27 09:16:37,763 - DEBUG - < TEXT '[2, "4e44d6ed-caff-4047-bec2-0179923bae33", "Ch...ize", "value": "true"}]' [113 bytes]
2023-04-27 09:16:37,769 - DEBUG - > TEXT '[3, "4e44d6ed-caff-4047-bec2-0179923bae33", {"status": "Accepted"}]' [67 bytes]
2023-04-27 09:16:37,940 - DEBUG - < TEXT '' [0 bytes]
2023-04-27 09:16:38,031 - DEBUG - Starting new HTTPS connection (1): rgw.devevspcharger.uplus.co.kr:443
2023-04-27 09:16:38,470 - DEBUG - https://rgw.devevspcharger.uplus.co.kr:443 "POST /ioc HTTP/1.1" 200 156
2023-04-27 09:16:38,536 - DEBUG - = connection is CLOSING
2023-04-27 09:16:38,536 - DEBUG - > CLOSE 1000 (OK) [2 bytes]
2023-04-27 09:16:38,537 - DEBUG - < TEXT '[2, "e6edd6ed-544c-4d85-b6c4-e11bf8bf0f6d", "Ch...meOut", "value": "60"}]' [111 bytes]
2023-04-27 09:16:38,552 - DEBUG - < CLOSE 1000 (OK) [2 bytes]
2023-04-27 09:16:38,577 - DEBUG - = connection is CLOSED
2023-04-27 09:16:38,581 - ERROR - Task exception was never retrieved
future: <Task finished name='Task-2' coro=<ChargerSim.startEvent() done, defined at D:\workspace\wss\main.py:124> exception=ConnectionClosedOK(Close(code=1000, reason=''), Close(code=1000, reason=''), False)>
Traceback (most recent call last):
  File "D:\workspace\wss\main.py", line 144, in startEvent
    await self.charger.runcase(self.TC_selected if len(self.TC_selected.keys())>0 else self.TC)
  File "D:\workspace\wss\Charger.py", line 387, in runcase
    await self.sendReply(senddoc)
  File "D:\workspace\wss\Charger.py", line 227, in sendReply
    await self.ws.send(json.dumps(ocpp))
  File "D:\workspace\wss\venv\Lib\site-packages\websockets\legacy\protocol.py", line 635, in send
    await self.ensure_open()
  File "D:\workspace\wss\venv\Lib\site-packages\websockets\legacy\protocol.py", line 953, in ensure_open
    raise self.connection_closed_exc()
websockets.exceptions.ConnectionClosedOK: sent 1000 (OK); then received 1000 (OK)
2023-04-27 09:17:30,524 - DEBUG - = connection is CONNECTING
2023-04-27 09:17:30,536 - DEBUG - > GET /ocpp16/ELA007C05/EVSCA050001 HTTP/1.1
2023-04-27 09:17:30,536 - DEBUG - > Host: ws.devevspcharger.uplus.co.kr
2023-04-27 09:17:30,537 - DEBUG - > Upgrade: websocket
2023-04-27 09:17:30,537 - DEBUG - > Connection: Upgrade
2023-04-27 09:17:30,537 - DEBUG - > Sec-WebSocket-Key: 9sNbwOeVqUkvC+dQwQ4ZHw==
2023-04-27 09:17:30,537 - DEBUG - > Sec-WebSocket-Version: 13
2023-04-27 09:17:30,537 - DEBUG - > Sec-WebSocket-Extensions: permessage-deflate; client_max_window_bits
2023-04-27 09:17:30,537 - DEBUG - > Sec-WebSocket-Protocol: ocpp1.6
2023-04-27 09:17:30,537 - DEBUG - > Authorization: Basic RVZBUjpFVkFSTEdV
2023-04-27 09:17:30,537 - DEBUG - > User-Agent: Python/3.11 websockets/10.4
2023-04-27 09:17:30,758 - DEBUG - < HTTP/1.1 101 Switching Protocols
2023-04-27 09:17:30,758 - DEBUG - < Connection: upgrade
2023-04-27 09:17:30,759 - DEBUG - < Date: Thu, 27 Apr 2023 00:17:26 GMT
2023-04-27 09:17:30,759 - DEBUG - < sec-websocket-protocol: ocpp1.6
2023-04-27 09:17:30,759 - DEBUG - < upgrade: websocket
2023-04-27 09:17:30,759 - DEBUG - < sec-websocket-accept: 6dgKlJ4aJcNGVW0HFrkr0ZlFYcc=
2023-04-27 09:17:30,759 - DEBUG - < sec-websocket-extensions: permessage-deflate
2023-04-27 09:17:30,759 - DEBUG - < X-Cache: Miss from cloudfront
2023-04-27 09:17:30,759 - DEBUG - < Via: 1.1 b92faae7242f31be9bfc0ec3d134dfce.cloudfront.net (CloudFront)
2023-04-27 09:17:30,760 - DEBUG - < X-Amz-Cf-Pop: ICN57-P2
2023-04-27 09:17:30,760 - DEBUG - < X-Amz-Cf-Id: wQioevRfo0qXE0ecSeDF5SswiDdDfVIkQvgHr0_Xv5iiLPRfemA35w==
2023-04-27 09:17:30,760 - DEBUG - = connection is OPEN
2023-04-27 09:17:30,782 - DEBUG - > TEXT '[2, "17ef69a2-98e3-456f-a695-0275c87a14fa", "Bo...ePointVendor": "EVAR"}]' [127 bytes]
2023-04-27 09:17:31,040 - DEBUG - < TEXT '[3, "17ef69a2-98e3-456f-a695-0275c87a14fa", {"s...27Z", "interval": 600}]' [123 bytes]
2023-04-27 09:17:31,124 - DEBUG - Starting new HTTPS connection (1): rgw.devevspcharger.uplus.co.kr:443
2023-04-27 09:17:31,572 - DEBUG - https://rgw.devevspcharger.uplus.co.kr:443 "POST /ioc HTTP/1.1" 200 123
2023-04-27 09:17:31,593 - DEBUG - < TEXT '[2, "ea5fec6e-3dda-4844-b738-1c7641422056", "Ge...ration", {"key": [""]}]' [78 bytes]
2023-04-27 09:17:31,600 - DEBUG - > TEXT '[3, "ea5fec6e-3dda-4844-b738-1c7641422056", {"c...ts", "value": "true"}}]' [120 bytes]
2023-04-27 09:17:31,779 - DEBUG - < TEXT '' [0 bytes]
2023-04-27 09:17:31,796 - DEBUG - Starting new HTTPS connection (1): rgw.devevspcharger.uplus.co.kr:443
2023-04-27 09:17:32,231 - DEBUG - https://rgw.devevspcharger.uplus.co.kr:443 "POST /ioc HTTP/1.1" 200 164
2023-04-27 09:17:32,317 - DEBUG - < TEXT '[2, "488407b4-e0e1-4099-ae62-e5123d23ab78", "Ch...rval", "value": "300"}]' [119 bytes]
2023-04-27 09:17:32,325 - DEBUG - > TEXT '[3, "488407b4-e0e1-4099-ae62-e5123d23ab78", {"status": "Accepted"}]' [67 bytes]
2023-04-27 09:17:32,498 - DEBUG - < TEXT '' [0 bytes]
2023-04-27 09:17:32,528 - DEBUG - > TEXT '[2, "17ef69a2-98e3-456f-a695-0275c87a14fa", "Bo...ePointVendor": "EVAR"}]' [127 bytes]
2023-04-27 09:17:32,817 - DEBUG - < TEXT '[3, "17ef69a2-98e3-456f-a695-0275c87a14fa", {"s...28Z", "interval": 600}]' [123 bytes]
2023-04-27 09:17:32,857 - DEBUG - > TEXT '[2, "17ef69a2-98e3-456f-a695-0275c87a14fa", "St..."status": "Available"}]' [132 bytes]
2023-04-27 09:17:33,058 - DEBUG - < TEXT '[3, "17ef69a2-98e3-456f-a695-0275c87a14fa", {}]' [47 bytes]
2023-04-27 09:17:33,094 - DEBUG - > TEXT '[2, "c510ac6e-902d-4ab5-b24e-38e7a3410292", "Heartbeat", {}]' [60 bytes]
2023-04-27 09:17:33,296 - DEBUG - < TEXT '[3, "c510ac6e-902d-4ab5-b24e-38e7a3410292", {"c...2023-04-27T09:17:29Z"}]' [84 bytes]
2023-04-27 09:17:33,318 - DEBUG - = connection is CLOSING
2023-04-27 09:17:33,319 - DEBUG - > CLOSE 1000 (OK) [2 bytes]
2023-04-27 09:17:33,350 - DEBUG - < CLOSE 1000 (OK) [2 bytes]
2023-04-27 09:17:33,360 - DEBUG - = connection is CLOSED
2023-04-27 09:17:58,055 - DEBUG - = connection is CONNECTING
2023-04-27 09:17:58,072 - DEBUG - > GET /ocpp16/ELA007C05/EVSCA050001 HTTP/1.1
2023-04-27 09:17:58,072 - DEBUG - > Host: ws.devevspcharger.uplus.co.kr
2023-04-27 09:17:58,072 - DEBUG - > Upgrade: websocket
2023-04-27 09:17:58,073 - DEBUG - > Connection: Upgrade
2023-04-27 09:17:58,073 - DEBUG - > Sec-WebSocket-Key: l8XUOBjVbO6GONKBz+kULw==
2023-04-27 09:17:58,073 - DEBUG - > Sec-WebSocket-Version: 13
2023-04-27 09:17:58,073 - DEBUG - > Sec-WebSocket-Extensions: permessage-deflate; client_max_window_bits
2023-04-27 09:17:58,073 - DEBUG - > Sec-WebSocket-Protocol: ocpp1.6
2023-04-27 09:17:58,073 - DEBUG - > Authorization: Basic RVZBUjpFVkFSTEdV
2023-04-27 09:17:58,074 - DEBUG - > User-Agent: Python/3.11 websockets/10.4
2023-04-27 09:17:58,295 - DEBUG - < HTTP/1.1 101 Switching Protocols
2023-04-27 09:17:58,296 - DEBUG - < Connection: upgrade
2023-04-27 09:17:58,296 - DEBUG - < Date: Thu, 27 Apr 2023 00:17:54 GMT
2023-04-27 09:17:58,296 - DEBUG - < sec-websocket-protocol: ocpp1.6
2023-04-27 09:17:58,296 - DEBUG - < upgrade: websocket
2023-04-27 09:17:58,296 - DEBUG - < sec-websocket-accept: mT7JwMKIlBVyz4pBrNvseoDqpoc=
2023-04-27 09:17:58,297 - DEBUG - < sec-websocket-extensions: permessage-deflate
2023-04-27 09:17:58,297 - DEBUG - < X-Cache: Miss from cloudfront
2023-04-27 09:17:58,297 - DEBUG - < Via: 1.1 818e6836f2ca3e700a5577179db933d8.cloudfront.net (CloudFront)
2023-04-27 09:17:58,297 - DEBUG - < X-Amz-Cf-Pop: ICN57-P2
2023-04-27 09:17:58,297 - DEBUG - < X-Amz-Cf-Id: vNiNPi9_GL7LadV9yR7vJkMrcFaKKS4bbadsEff2toFMuNzWJ9PJsg==
2023-04-27 09:17:58,298 - DEBUG - = connection is OPEN
2023-04-27 09:17:58,324 - DEBUG - > TEXT '[2, "5f0b79c1-58be-430c-b797-74e3ad49c910", "Bo...ePointVendor": "EVAR"}]' [127 bytes]
2023-04-27 09:17:58,578 - DEBUG - < TEXT '[3, "5f0b79c1-58be-430c-b797-74e3ad49c910", {"s...54Z", "interval": 600}]' [123 bytes]
2023-04-27 09:17:58,672 - DEBUG - Starting new HTTPS connection (1): rgw.devevspcharger.uplus.co.kr:443
2023-04-27 09:17:59,112 - DEBUG - https://rgw.devevspcharger.uplus.co.kr:443 "POST /ioc HTTP/1.1" 200 123
2023-04-27 09:17:59,145 - DEBUG - < TEXT '[2, "7e64c51b-b1e7-46cd-a305-788d622ffeb7", "Ge...ration", {"key": [""]}]' [78 bytes]
2023-04-27 09:17:59,155 - DEBUG - > TEXT '[3, "7e64c51b-b1e7-46cd-a305-788d622ffeb7", {"c...ts", "value": "true"}}]' [120 bytes]
2023-04-27 09:17:59,317 - DEBUG - < TEXT '' [0 bytes]
2023-04-27 09:17:59,338 - DEBUG - Starting new HTTPS connection (1): rgw.devevspcharger.uplus.co.kr:443
2023-04-27 09:17:59,772 - DEBUG - https://rgw.devevspcharger.uplus.co.kr:443 "POST /ioc HTTP/1.1" 200 164
2023-04-27 09:17:59,846 - DEBUG - < TEXT '[2, "e7c9e685-a510-4603-a9a2-34050df74268", "Ch...rval", "value": "300"}]' [119 bytes]
2023-04-27 09:17:59,851 - DEBUG - > TEXT '[3, "e7c9e685-a510-4603-a9a2-34050df74268", {"status": "Accepted"}]' [67 bytes]
2023-04-27 09:18:00,021 - DEBUG - < TEXT '' [0 bytes]
2023-04-27 09:18:00,077 - DEBUG - > TEXT '[2, "5f0b79c1-58be-430c-b797-74e3ad49c910", "Bo...ePointVendor": "EVAR"}]' [127 bytes]
2023-04-27 09:18:00,376 - DEBUG - < TEXT '[3, "5f0b79c1-58be-430c-b797-74e3ad49c910", {"s...56Z", "interval": 600}]' [123 bytes]
2023-04-27 09:18:00,425 - DEBUG - > TEXT '[2, "5f0b79c1-58be-430c-b797-74e3ad49c910", "St..."status": "Available"}]' [132 bytes]
2023-04-27 09:18:00,697 - DEBUG - < TEXT '[3, "5f0b79c1-58be-430c-b797-74e3ad49c910", {}]' [47 bytes]
2023-04-27 09:18:00,736 - DEBUG - > TEXT '[2, "5f668a8d-c546-4882-8139-30705b0cfc36", "Heartbeat", {}]' [60 bytes]
2023-04-27 09:18:01,094 - DEBUG - < TEXT '[3, "5f668a8d-c546-4882-8139-30705b0cfc36", {"c...2023-04-27T09:17:57Z"}]' [84 bytes]
2023-04-27 09:20:21,866 - DEBUG - = connection is CONNECTING
2023-04-27 09:20:21,880 - DEBUG - > GET /ocpp16/ELA007C05/EVSCA050001 HTTP/1.1
2023-04-27 09:20:21,881 - DEBUG - > Host: ws.devevspcharger.uplus.co.kr
2023-04-27 09:20:21,881 - DEBUG - > Upgrade: websocket
2023-04-27 09:20:21,881 - DEBUG - > Connection: Upgrade
2023-04-27 09:20:21,881 - DEBUG - > Sec-WebSocket-Key: ldLWuouGAWds+flV7aizMw==
2023-04-27 09:20:21,881 - DEBUG - > Sec-WebSocket-Version: 13
2023-04-27 09:20:21,882 - DEBUG - > Sec-WebSocket-Extensions: permessage-deflate; client_max_window_bits
2023-04-27 09:20:21,882 - DEBUG - > Sec-WebSocket-Protocol: ocpp1.6
2023-04-27 09:20:21,882 - DEBUG - > Authorization: Basic RVZBUjpFVkFSTEdV
2023-04-27 09:20:21,882 - DEBUG - > User-Agent: Python/3.11 websockets/10.4
2023-04-27 09:20:22,439 - DEBUG - < HTTP/1.1 101 Switching Protocols
2023-04-27 09:20:22,440 - DEBUG - < Connection: upgrade
2023-04-27 09:20:22,440 - DEBUG - < Date: Thu, 27 Apr 2023 00:20:18 GMT
2023-04-27 09:20:22,440 - DEBUG - < sec-websocket-protocol: ocpp1.6
2023-04-27 09:20:22,440 - DEBUG - < upgrade: websocket
2023-04-27 09:20:22,440 - DEBUG - < sec-websocket-accept: QhW5rFCyYMKl5Hp7vfmT+WpSnUU=
2023-04-27 09:20:22,440 - DEBUG - < sec-websocket-extensions: permessage-deflate
2023-04-27 09:20:22,440 - DEBUG - < X-Cache: Miss from cloudfront
2023-04-27 09:20:22,441 - DEBUG - < Via: 1.1 b92faae7242f31be9bfc0ec3d134dfce.cloudfront.net (CloudFront)
2023-04-27 09:20:22,441 - DEBUG - < X-Amz-Cf-Pop: ICN57-P2
2023-04-27 09:20:22,441 - DEBUG - < X-Amz-Cf-Id: P_ipXOaftGSXe-JRKgW6lMzreJ0_kiBNxq0yx0WkxPOiZbxnkK6qTQ==
2023-04-27 09:20:22,441 - DEBUG - = connection is OPEN
2023-04-27 09:20:22,471 - DEBUG - > TEXT '[2, "e34793b2-97dd-4129-b240-d6a3041b8cc8", "Bo...ePointVendor": "EVAR"}]' [127 bytes]
2023-04-27 09:20:22,919 - DEBUG - < TEXT '[3, "e34793b2-97dd-4129-b240-d6a3041b8cc8", {"s...19Z", "interval": 600}]' [123 bytes]
2023-04-27 09:20:23,021 - DEBUG - Starting new HTTPS connection (1): rgw.devevspcharger.uplus.co.kr:443
2023-04-27 09:20:23,657 - DEBUG - https://rgw.devevspcharger.uplus.co.kr:443 "POST /ioc HTTP/1.1" 200 123
2023-04-27 09:20:23,700 - DEBUG - < TEXT '[2, "9f64a89b-4cdb-4cd7-9c79-fd8a2ac6d81b", "Ge...ration", {"key": [""]}]' [78 bytes]
2023-04-27 09:20:23,705 - DEBUG - > TEXT '[3, "9f64a89b-4cdb-4cd7-9c79-fd8a2ac6d81b", {"c...ts", "value": "true"}}]' [120 bytes]
2023-04-27 09:20:23,860 - DEBUG - < TEXT '' [0 bytes]
2023-04-27 09:20:24,085 - ERROR - Task exception was never retrieved
future: <Task finished name='Task-2' coro=<ChargerSim.startEvent() done, defined at D:\workspace\wss\main.py:124> exception=TclError('invalid command name ".!notebook.!frame.!labelframe3.!frame2.!scrolledtext"')>
Traceback (most recent call last):
  File "D:\workspace\wss\main.py", line 144, in startEvent
    await self.charger.runcase(self.TC_selected if len(self.TC_selected.keys())>0 else self.TC)
  File "D:\workspace\wss\Charger.py", line 387, in runcase
    await self.sendReply(senddoc)
  File "D:\workspace\wss\Charger.py", line 230, in sendReply
    self.log(f" << Check Response for Reply |{noused}|")
  File "D:\workspace\wss\Charger.py", line 118, in log
    self.txt_recv.insert(END, datetime.now().isoformat() +' '+ log + '\n', attr)
  File "C:\Users\LGCNS\AppData\Local\Programs\Python\Python311\Lib\tkinter\__init__.py", line 3799, in insert
    self.tk.call((self._w, 'insert', index, chars) + args)
_tkinter.TclError: invalid command name ".!notebook.!frame.!labelframe3.!frame2.!scrolledtext"
2023-04-27 10:55:54,544 - DEBUG - = connection is CONNECTING
2023-04-27 10:55:54,587 - DEBUG - > GET /ocpp16/ELA007C05/EVSCA050001 HTTP/1.1
2023-04-27 10:55:54,587 - DEBUG - > Host: ws.devevspcharger.uplus.co.kr
2023-04-27 10:55:54,587 - DEBUG - > Upgrade: websocket
2023-04-27 10:55:54,587 - DEBUG - > Connection: Upgrade
2023-04-27 10:55:54,587 - DEBUG - > Sec-WebSocket-Key: xkiOZkRr2Khhc/u3ylhxBw==
2023-04-27 10:55:54,588 - DEBUG - > Sec-WebSocket-Version: 13
2023-04-27 10:55:54,588 - DEBUG - > Sec-WebSocket-Extensions: permessage-deflate; client_max_window_bits
2023-04-27 10:55:54,588 - DEBUG - > Sec-WebSocket-Protocol: ocpp1.6
2023-04-27 10:55:54,588 - DEBUG - > Authorization: Basic RVZBUjpFVkFSTEdV
2023-04-27 10:55:54,588 - DEBUG - > User-Agent: Python/3.11 websockets/10.4
2023-04-27 10:55:56,094 - DEBUG - < HTTP/1.1 101 Switching Protocols
2023-04-27 10:55:56,094 - DEBUG - < Connection: upgrade
2023-04-27 10:55:56,095 - DEBUG - < Date: Thu, 27 Apr 2023 01:55:52 GMT
2023-04-27 10:55:56,095 - DEBUG - < sec-websocket-protocol: ocpp1.6
2023-04-27 10:55:56,095 - DEBUG - < upgrade: websocket
2023-04-27 10:55:56,095 - DEBUG - < sec-websocket-accept: dElpQ8gil+0Od0Lodu9tvmPnlQE=
2023-04-27 10:55:56,095 - DEBUG - < sec-websocket-extensions: permessage-deflate
2023-04-27 10:55:56,095 - DEBUG - < X-Cache: Miss from cloudfront
2023-04-27 10:55:56,095 - DEBUG - < Via: 1.1 e55f82ba4cfe4ef036893e51569081fc.cloudfront.net (CloudFront)
2023-04-27 10:55:56,095 - DEBUG - < X-Amz-Cf-Pop: ICN54-C3
2023-04-27 10:55:56,095 - DEBUG - < X-Amz-Cf-Id: BEfGkhIkX8vphVYXGJoOHOMY7yQnIZCjD1kZv6yclTZCeGrWtlWNqg==
2023-04-27 10:55:56,101 - DEBUG - = connection is OPEN
2023-04-27 10:55:56,145 - DEBUG - > TEXT '[2, "c68cf29b-300f-402f-a77d-b3838adc1b24", "Bo...ePointVendor": "EVAR"}]' [127 bytes]
2023-04-27 10:55:56,690 - DEBUG - < TEXT '[3, "c68cf29b-300f-402f-a77d-b3838adc1b24", {"s...52Z", "interval": 600}]' [123 bytes]
2023-04-27 10:55:56,797 - DEBUG - Starting new HTTPS connection (1): rgw.devevspcharger.uplus.co.kr:443
2023-04-27 10:55:58,328 - DEBUG - https://rgw.devevspcharger.uplus.co.kr:443 "POST /ioc HTTP/1.1" 200 123
2023-04-27 10:55:58,389 - DEBUG - < TEXT '[2, "5b4c5c7b-0c34-41aa-999e-93997efdbd52", "Ge...ration", {"key": [""]}]' [78 bytes]
2023-04-27 10:55:58,398 - DEBUG - > TEXT '[3, "5b4c5c7b-0c34-41aa-999e-93997efdbd52", {"c...ts", "value": "true"}}]' [120 bytes]
2023-04-27 10:55:58,893 - DEBUG - < TEXT '' [0 bytes]
2023-04-27 10:55:58,912 - DEBUG - Starting new HTTPS connection (1): rgw.devevspcharger.uplus.co.kr:443
2023-04-27 10:55:59,376 - DEBUG - https://rgw.devevspcharger.uplus.co.kr:443 "POST /ioc HTTP/1.1" 200 164
2023-04-27 10:55:59,476 - DEBUG - < TEXT '[2, "bd7041fa-353d-402a-b408-1f3ef4a76a73", "Ch...rval", "value": "300"}]' [119 bytes]
2023-04-27 10:55:59,488 - DEBUG - > TEXT '[3, "bd7041fa-353d-402a-b408-1f3ef4a76a73", {"status": "Accepted"}]' [67 bytes]
2023-04-27 10:55:59,650 - DEBUG - < TEXT '' [0 bytes]
2023-04-27 10:55:59,694 - DEBUG - > TEXT '[2, "c68cf29b-300f-402f-a77d-b3838adc1b24", "Bo...ePointVendor": "EVAR"}]' [127 bytes]
2023-04-27 10:55:59,989 - DEBUG - < TEXT '[3, "c68cf29b-300f-402f-a77d-b3838adc1b24", {"s...56Z", "interval": 600}]' [123 bytes]
2023-04-27 10:56:00,047 - DEBUG - > TEXT '[2, "c68cf29b-300f-402f-a77d-b3838adc1b24", "St..."status": "Available"}]' [132 bytes]
2023-04-27 10:56:00,387 - DEBUG - < TEXT '[3, "c68cf29b-300f-402f-a77d-b3838adc1b24", {}]' [47 bytes]
2023-04-27 10:56:00,440 - DEBUG - > TEXT '[2, "d3d58ca4-0e0d-4a25-91a3-3ee619549f5e", "Heartbeat", {}]' [60 bytes]
2023-04-27 10:56:00,670 - DEBUG - < TEXT '[3, "d3d58ca4-0e0d-4a25-91a3-3ee619549f5e", {"c...2023-04-27T10:55:56Z"}]' [84 bytes]
2023-04-27 10:56:00,699 - DEBUG - = connection is CLOSING
2023-04-27 10:56:00,699 - DEBUG - > CLOSE 1000 (OK) [2 bytes]
2023-04-27 10:56:00,711 - DEBUG - < CLOSE 1000 (OK) [2 bytes]
2023-04-27 10:56:00,716 - DEBUG - = connection is CLOSED
2023-04-27 10:59:47,341 - DEBUG - = connection is CONNECTING
2023-04-27 10:59:47,358 - DEBUG - > GET /ocpp16/ELA007C05/EVSCA050001 HTTP/1.1
2023-04-27 10:59:47,359 - DEBUG - > Host: ws.devevspcharger.uplus.co.kr
2023-04-27 10:59:47,359 - DEBUG - > Upgrade: websocket
2023-04-27 10:59:47,359 - DEBUG - > Connection: Upgrade
2023-04-27 10:59:47,359 - DEBUG - > Sec-WebSocket-Key: rVr4AC6FsdyEhXF+PoWQ0w==
2023-04-27 10:59:47,359 - DEBUG - > Sec-WebSocket-Version: 13
2023-04-27 10:59:47,360 - DEBUG - > Sec-WebSocket-Extensions: permessage-deflate; client_max_window_bits
2023-04-27 10:59:47,360 - DEBUG - > Sec-WebSocket-Protocol: ocpp1.6
2023-04-27 10:59:47,360 - DEBUG - > Authorization: Basic RVZBUjpFVkFSTEdV
2023-04-27 10:59:47,360 - DEBUG - > User-Agent: Python/3.11 websockets/10.4
2023-04-27 10:59:47,923 - DEBUG - < HTTP/1.1 101 Switching Protocols
2023-04-27 10:59:47,923 - DEBUG - < Connection: upgrade
2023-04-27 10:59:47,923 - DEBUG - < Date: Thu, 27 Apr 2023 01:59:44 GMT
2023-04-27 10:59:47,923 - DEBUG - < sec-websocket-protocol: ocpp1.6
2023-04-27 10:59:47,923 - DEBUG - < upgrade: websocket
2023-04-27 10:59:47,923 - DEBUG - < sec-websocket-accept: vkM9TyJdfns4BC3qIqim56h9yeY=
2023-04-27 10:59:47,923 - DEBUG - < sec-websocket-extensions: permessage-deflate
2023-04-27 10:59:47,923 - DEBUG - < X-Cache: Miss from cloudfront
2023-04-27 10:59:47,923 - DEBUG - < Via: 1.1 dba5364cf4977e7449c51d0675ab93da.cloudfront.net (CloudFront)
2023-04-27 10:59:47,924 - DEBUG - < X-Amz-Cf-Pop: ICN54-C3
2023-04-27 10:59:47,924 - DEBUG - < X-Amz-Cf-Id: lshOCaImdvUFdiOdYKb53PrVC4-GimpKmhvO8Ogyeqf0gk-6N57O3g==
2023-04-27 10:59:47,924 - DEBUG - = connection is OPEN
2023-04-27 10:59:47,947 - DEBUG - > TEXT '[2, "0f23fd97-4744-4fe0-861f-72bcff2d8c37", "Bo...ePointVendor": "EVAR"}]' [127 bytes]
2023-04-27 10:59:48,211 - DEBUG - < TEXT '[3, "0f23fd97-4744-4fe0-861f-72bcff2d8c37", {"s...44Z", "interval": 600}]' [123 bytes]
2023-04-27 10:59:48,290 - DEBUG - Starting new HTTPS connection (1): rgw.devevspcharger.uplus.co.kr:443
2023-04-27 10:59:49,870 - DEBUG - https://rgw.devevspcharger.uplus.co.kr:443 "POST /ioc HTTP/1.1" 200 123
2023-04-27 10:59:49,949 - DEBUG - < TEXT '[2, "3362bd27-35fd-49d1-95c6-662cc445fe56", "Ge...ration", {"key": [""]}]' [78 bytes]
2023-04-27 10:59:49,958 - DEBUG - > TEXT '[3, "3362bd27-35fd-49d1-95c6-662cc445fe56", {"c...ts", "value": "true"}}]' [120 bytes]
2023-04-27 10:59:50,112 - DEBUG - < TEXT '' [0 bytes]
2023-04-27 10:59:50,141 - DEBUG - Starting new HTTPS connection (1): rgw.devevspcharger.uplus.co.kr:443
2023-04-27 10:59:50,631 - DEBUG - https://rgw.devevspcharger.uplus.co.kr:443 "POST /ioc HTTP/1.1" 200 164
2023-04-27 10:59:50,710 - DEBUG - < TEXT '[2, "f1eba656-361d-4dba-914b-cd15d385df89", "Ch...rval", "value": "300"}]' [119 bytes]
2023-04-27 10:59:50,719 - DEBUG - > TEXT '[3, "f1eba656-361d-4dba-914b-cd15d385df89", {"status": "Accepted"}]' [67 bytes]
2023-04-27 10:59:50,893 - DEBUG - < TEXT '' [0 bytes]
2023-04-27 10:59:50,953 - DEBUG - > TEXT '[2, "0f23fd97-4744-4fe0-861f-72bcff2d8c37", "Bo...ePointVendor": "EVAR"}]' [127 bytes]
2023-04-27 10:59:51,211 - DEBUG - < TEXT '[3, "0f23fd97-4744-4fe0-861f-72bcff2d8c37", {"s...47Z", "interval": 600}]' [123 bytes]
2023-04-27 10:59:51,258 - DEBUG - > TEXT '[2, "0f23fd97-4744-4fe0-861f-72bcff2d8c37", "St..."status": "Available"}]' [132 bytes]
2023-04-27 10:59:51,491 - DEBUG - < TEXT '[3, "0f23fd97-4744-4fe0-861f-72bcff2d8c37", {}]' [47 bytes]
2023-04-27 10:59:51,533 - DEBUG - > TEXT '[2, "8523c96e-f609-4212-ad27-a9fa2b175e65", "Heartbeat", {}]' [60 bytes]
2023-04-27 10:59:51,712 - DEBUG - < TEXT '[3, "8523c96e-f609-4212-ad27-a9fa2b175e65", {"c...2023-04-27T10:59:47Z"}]' [84 bytes]
2023-04-27 10:59:51,736 - DEBUG - = connection is CLOSING
2023-04-27 10:59:51,736 - DEBUG - > CLOSE 1000 (OK) [2 bytes]
2023-04-27 10:59:51,744 - DEBUG - < CLOSE 1000 (OK) [2 bytes]
2023-04-27 10:59:51,751 - DEBUG - = connection is CLOSED
2023-04-27 11:00:27,468 - DEBUG - = connection is CONNECTING
2023-04-27 11:00:27,487 - DEBUG - > GET /ocpp16/ELA007C05/EVSCA050001 HTTP/1.1
2023-04-27 11:00:27,487 - DEBUG - > Host: ws.devevspcharger.uplus.co.kr
2023-04-27 11:00:27,487 - DEBUG - > Upgrade: websocket
2023-04-27 11:00:27,487 - DEBUG - > Connection: Upgrade
2023-04-27 11:00:27,488 - DEBUG - > Sec-WebSocket-Key: 0EXu9w6Msk6nfgfYLrqjHA==
2023-04-27 11:00:27,488 - DEBUG - > Sec-WebSocket-Version: 13
2023-04-27 11:00:27,488 - DEBUG - > Sec-WebSocket-Extensions: permessage-deflate; client_max_window_bits
2023-04-27 11:00:27,488 - DEBUG - > Sec-WebSocket-Protocol: ocpp1.6
2023-04-27 11:00:27,489 - DEBUG - > Authorization: Basic RVZBUjpFVkFSTEdV
2023-04-27 11:00:27,489 - DEBUG - > User-Agent: Python/3.11 websockets/10.4
2023-04-27 11:00:27,795 - DEBUG - < HTTP/1.1 101 Switching Protocols
2023-04-27 11:00:27,795 - DEBUG - < Connection: upgrade
2023-04-27 11:00:27,795 - DEBUG - < Date: Thu, 27 Apr 2023 02:00:24 GMT
2023-04-27 11:00:27,796 - DEBUG - < sec-websocket-protocol: ocpp1.6
2023-04-27 11:00:27,796 - DEBUG - < upgrade: websocket
2023-04-27 11:00:27,796 - DEBUG - < sec-websocket-accept: DVfJdjshawjTuqmUvVlNNQPLF/U=
2023-04-27 11:00:27,796 - DEBUG - < sec-websocket-extensions: permessage-deflate
2023-04-27 11:00:27,796 - DEBUG - < X-Cache: Miss from cloudfront
2023-04-27 11:00:27,796 - DEBUG - < Via: 1.1 850d7b5cefd436dba9ce143378305f38.cloudfront.net (CloudFront)
2023-04-27 11:00:27,796 - DEBUG - < X-Amz-Cf-Pop: ICN54-C3
2023-04-27 11:00:27,796 - DEBUG - < X-Amz-Cf-Id: txcSrsobzeJVbe9kQJY32jEOiHMP-jm7fMyd1ImrlKAx0tiJa_0Rgg==
2023-04-27 11:00:27,796 - DEBUG - = connection is OPEN
2023-04-27 11:00:27,827 - DEBUG - > TEXT '[2, "37addd30-0ef7-46be-91a6-23a20b5cd746", "Bo...ePointVendor": "EVAR"}]' [127 bytes]
2023-04-27 11:00:28,092 - DEBUG - < TEXT '[3, "37addd30-0ef7-46be-91a6-23a20b5cd746", {"s...24Z", "interval": 600}]' [123 bytes]
2023-04-27 11:00:28,174 - DEBUG - Starting new HTTPS connection (1): rgw.devevspcharger.uplus.co.kr:443
2023-04-27 11:00:28,591 - DEBUG - https://rgw.devevspcharger.uplus.co.kr:443 "POST /ioc HTTP/1.1" 200 123
2023-04-27 11:00:28,621 - DEBUG - < TEXT '[2, "da4f86b5-d519-43e2-adc7-e7fabc314512", "Ge...ration", {"key": [""]}]' [78 bytes]
2023-04-27 11:00:28,629 - DEBUG - > TEXT '[3, "da4f86b5-d519-43e2-adc7-e7fabc314512", {"c...ts", "value": "true"}}]' [120 bytes]
2023-04-27 11:00:28,792 - DEBUG - < TEXT '' [0 bytes]
2023-04-27 11:00:28,811 - DEBUG - Starting new HTTPS connection (1): rgw.devevspcharger.uplus.co.kr:443
2023-04-27 11:00:29,252 - DEBUG - https://rgw.devevspcharger.uplus.co.kr:443 "POST /ioc HTTP/1.1" 200 164
2023-04-27 11:00:29,362 - DEBUG - < TEXT '[2, "9e6c4f99-4dec-492c-86b4-9e0e4a89b148", "Ch...rval", "value": "300"}]' [119 bytes]
2023-04-27 11:00:29,370 - DEBUG - > TEXT '[3, "9e6c4f99-4dec-492c-86b4-9e0e4a89b148", {"status": "Accepted"}]' [67 bytes]
2023-04-27 11:00:29,551 - DEBUG - < TEXT '' [0 bytes]
2023-04-27 11:00:29,600 - DEBUG - > TEXT '[2, "37addd30-0ef7-46be-91a6-23a20b5cd746", "Bo...ePointVendor": "EVAR"}]' [127 bytes]
2023-04-27 11:00:29,891 - DEBUG - < TEXT '[3, "37addd30-0ef7-46be-91a6-23a20b5cd746", {"s...26Z", "interval": 600}]' [123 bytes]
2023-04-27 11:00:29,928 - DEBUG - > TEXT '[2, "37addd30-0ef7-46be-91a6-23a20b5cd746", "St..."status": "Available"}]' [132 bytes]
2023-04-27 11:00:30,151 - DEBUG - < TEXT '[3, "37addd30-0ef7-46be-91a6-23a20b5cd746", {}]' [47 bytes]
2023-04-27 11:00:30,186 - DEBUG - > TEXT '[2, "15acf86d-a3ff-4643-b96f-14014fb88c64", "Heartbeat", {}]' [60 bytes]
2023-04-27 11:00:30,391 - DEBUG - < TEXT '[3, "15acf86d-a3ff-4643-b96f-14014fb88c64", {"c...2023-04-27T11:00:26Z"}]' [84 bytes]
2023-04-27 11:00:30,415 - DEBUG - = connection is CLOSING
2023-04-27 11:00:30,416 - DEBUG - > CLOSE 1000 (OK) [2 bytes]
2023-04-27 11:00:30,424 - DEBUG - < CLOSE 1000 (OK) [2 bytes]
2023-04-27 11:00:30,430 - DEBUG - = connection is CLOSED
2023-04-27 11:01:44,123 - DEBUG - = connection is CONNECTING
2023-04-27 11:01:44,137 - DEBUG - > GET /ocpp16/ELA007C05/EVSCA050001 HTTP/1.1
2023-04-27 11:01:44,138 - DEBUG - > Host: ws.devevspcharger.uplus.co.kr
2023-04-27 11:01:44,138 - DEBUG - > Upgrade: websocket
2023-04-27 11:01:44,138 - DEBUG - > Connection: Upgrade
2023-04-27 11:01:44,138 - DEBUG - > Sec-WebSocket-Key: twSnuPOKMEb8sBKRn2Jkew==
2023-04-27 11:01:44,138 - DEBUG - > Sec-WebSocket-Version: 13
2023-04-27 11:01:44,138 - DEBUG - > Sec-WebSocket-Extensions: permessage-deflate; client_max_window_bits
2023-04-27 11:01:44,138 - DEBUG - > Sec-WebSocket-Protocol: ocpp1.6
2023-04-27 11:01:44,139 - DEBUG - > Authorization: Basic RVZBUjpFVkFSTEdV
2023-04-27 11:01:44,139 - DEBUG - > User-Agent: Python/3.11 websockets/10.4
2023-04-27 11:01:44,714 - DEBUG - < HTTP/1.1 101 Switching Protocols
2023-04-27 11:01:44,715 - DEBUG - < Connection: upgrade
2023-04-27 11:01:44,715 - DEBUG - < Date: Thu, 27 Apr 2023 02:01:41 GMT
2023-04-27 11:01:44,715 - DEBUG - < sec-websocket-protocol: ocpp1.6
2023-04-27 11:01:44,715 - DEBUG - < upgrade: websocket
2023-04-27 11:01:44,715 - DEBUG - < sec-websocket-accept: cZj0NBfBpu4YbQ4FgX7cRJmSZCU=
2023-04-27 11:01:44,715 - DEBUG - < sec-websocket-extensions: permessage-deflate
2023-04-27 11:01:44,715 - DEBUG - < X-Cache: Miss from cloudfront
2023-04-27 11:01:44,715 - DEBUG - < Via: 1.1 9392bf9eece1858b637675b8b830de20.cloudfront.net (CloudFront)
2023-04-27 11:01:44,715 - DEBUG - < X-Amz-Cf-Pop: ICN54-C3
2023-04-27 11:01:44,715 - DEBUG - < X-Amz-Cf-Id: BLOzK2KDNaH4inFHDt7C40IXlWW6ZGXVTPOuTHVZwLYnJu_ybBxhIQ==
2023-04-27 11:01:44,716 - DEBUG - = connection is OPEN
2023-04-27 11:01:44,739 - DEBUG - > TEXT '[2, "8a7555cc-367c-49a8-8712-96b34fbf2290", "Bo...ePointVendor": "EVAR"}]' [127 bytes]
2023-04-27 11:01:45,191 - DEBUG - < TEXT '[3, "8a7555cc-367c-49a8-8712-96b34fbf2290", {"s...41Z", "interval": 600}]' [123 bytes]
2023-04-27 11:01:45,285 - DEBUG - Starting new HTTPS connection (1): rgw.devevspcharger.uplus.co.kr:443
2023-04-27 11:01:45,895 - DEBUG - https://rgw.devevspcharger.uplus.co.kr:443 "POST /ioc HTTP/1.1" 200 123
2023-04-27 11:01:45,919 - DEBUG - < TEXT '[2, "c6c85078-e47b-4bdf-b0f3-da0d508ff15a", "Ge...ration", {"key": [""]}]' [78 bytes]
2023-04-27 11:01:45,947 - DEBUG - > TEXT '[3, "c6c85078-e47b-4bdf-b0f3-da0d508ff15a", {"c...ts", "value": "true"}}]' [120 bytes]
2023-04-27 11:01:46,112 - DEBUG - < TEXT '' [0 bytes]
2023-04-27 11:01:46,138 - DEBUG - Starting new HTTPS connection (1): rgw.devevspcharger.uplus.co.kr:443
2023-04-27 11:01:46,592 - DEBUG - https://rgw.devevspcharger.uplus.co.kr:443 "POST /ioc HTTP/1.1" 200 164
2023-04-27 11:01:46,671 - DEBUG - < TEXT '[2, "f62c54c5-cd13-4f73-b153-cbd29f7f24bd", "Ch...rval", "value": "300"}]' [119 bytes]
2023-04-27 11:01:46,675 - DEBUG - > TEXT '[3, "f62c54c5-cd13-4f73-b153-cbd29f7f24bd", {"status": "Accepted"}]' [67 bytes]
2023-04-27 11:01:46,907 - DEBUG - < TEXT '' [0 bytes]
2023-04-27 12:27:39,725 - DEBUG - = connection is CONNECTING
2023-04-27 12:27:39,757 - DEBUG - > GET /ocpp16/ELA007C05/EVSCA050001 HTTP/1.1
2023-04-27 12:27:39,757 - DEBUG - > Host: ws.devevspcharger.uplus.co.kr
2023-04-27 12:27:39,757 - DEBUG - > Upgrade: websocket
2023-04-27 12:27:39,758 - DEBUG - > Connection: Upgrade
2023-04-27 12:27:39,758 - DEBUG - > Sec-WebSocket-Key: ehb4fxyv99Vs55Tt+aC8WQ==
2023-04-27 12:27:39,759 - DEBUG - > Sec-WebSocket-Version: 13
2023-04-27 12:27:39,759 - DEBUG - > Sec-WebSocket-Extensions: permessage-deflate; client_max_window_bits
2023-04-27 12:27:39,759 - DEBUG - > Sec-WebSocket-Protocol: ocpp1.6
2023-04-27 12:27:39,759 - DEBUG - > Authorization: Basic RVZBUjpFVkFSTEdV
2023-04-27 12:27:39,759 - DEBUG - > User-Agent: Python/3.11 websockets/10.4
2023-04-27 12:27:41,262 - DEBUG - < HTTP/1.1 101 Switching Protocols
2023-04-27 12:27:41,262 - DEBUG - < Connection: upgrade
2023-04-27 12:27:41,262 - DEBUG - < Date: Thu, 27 Apr 2023 03:27:37 GMT
2023-04-27 12:27:41,262 - DEBUG - < sec-websocket-protocol: ocpp1.6
2023-04-27 12:27:41,262 - DEBUG - < upgrade: websocket
2023-04-27 12:27:41,263 - DEBUG - < sec-websocket-accept: W+Dr4nXAwIH6AFUxD+FVT5EHvLs=
2023-04-27 12:27:41,263 - DEBUG - < sec-websocket-extensions: permessage-deflate
2023-04-27 12:27:41,263 - DEBUG - < X-Cache: Miss from cloudfront
2023-04-27 12:27:41,263 - DEBUG - < Via: 1.1 ba725da875f43fb311efeb484e55ed1a.cloudfront.net (CloudFront)
2023-04-27 12:27:41,263 - DEBUG - < X-Amz-Cf-Pop: ICN57-P2
2023-04-27 12:27:41,263 - DEBUG - < X-Amz-Cf-Id: wIxn6kJnz77zMSA8_XjyhrQPi4LhedRaT8KqHVfU_azQe0FAdP0UrQ==
2023-04-27 12:27:41,269 - DEBUG - = connection is OPEN
2023-04-27 12:27:41,297 - DEBUG - > TEXT '[2, "0ae740a7-c9c8-4952-a761-51ab22415d4f", "Bo...ePointVendor": "EVAR"}]' [127 bytes]
2023-04-27 12:27:41,830 - DEBUG - < TEXT '[3, "0ae740a7-c9c8-4952-a761-51ab22415d4f", {"s...37Z", "interval": 600}]' [123 bytes]
2023-04-27 12:27:41,932 - DEBUG - Starting new HTTPS connection (1): rgw.devevspcharger.uplus.co.kr:443
2023-04-27 12:27:43,502 - DEBUG - https://rgw.devevspcharger.uplus.co.kr:443 "POST /ioc HTTP/1.1" 200 123
2023-04-27 12:27:43,527 - DEBUG - = connection is CLOSING
2023-04-27 12:27:43,527 - DEBUG - > CLOSE 1000 (OK) [2 bytes]
2023-04-27 12:27:43,527 - DEBUG - < TEXT '[2, "65b80e27-fd15-4b69-9b4d-7df3973230f7", "Ge...ration", {"key": [""]}]' [78 bytes]
2023-04-27 12:27:43,542 - DEBUG - < CLOSE 1000 (OK) [2 bytes]
2023-04-27 12:27:43,555 - DEBUG - = connection is CLOSED
2023-04-27 12:27:43,558 - ERROR - Task exception was never retrieved
future: <Task finished name='Task-2' coro=<ChargerSim.startEvent() done, defined at D:\workspace\wss\main.py:124> exception=ConnectionClosedOK(Close(code=1000, reason=''), Close(code=1000, reason=''), False)>
Traceback (most recent call last):
  File "D:\workspace\wss\main.py", line 144, in startEvent
    await self.charger.runcase(self.TC_selected if len(self.TC_selected.keys())>0 else self.TC)
  File "D:\workspace\wss\Charger.py", line 388, in runcase
    await self.sendReply(senddoc)
  File "D:\workspace\wss\Charger.py", line 228, in sendReply
    await self.ws.send(json.dumps(ocpp))
  File "D:\workspace\wss\venv\Lib\site-packages\websockets\legacy\protocol.py", line 635, in send
    await self.ensure_open()
  File "D:\workspace\wss\venv\Lib\site-packages\websockets\legacy\protocol.py", line 953, in ensure_open
    raise self.connection_closed_exc()
websockets.exceptions.ConnectionClosedOK: sent 1000 (OK); then received 1000 (OK)
2023-04-27 12:28:45,190 - DEBUG - = connection is CONNECTING
2023-04-27 12:28:45,210 - DEBUG - > GET /ocpp16/ELA007C05/EVSCA050001 HTTP/1.1
2023-04-27 12:28:45,211 - DEBUG - > Host: ws.devevspcharger.uplus.co.kr
2023-04-27 12:28:45,211 - DEBUG - > Upgrade: websocket
2023-04-27 12:28:45,211 - DEBUG - > Connection: Upgrade
2023-04-27 12:28:45,211 - DEBUG - > Sec-WebSocket-Key: Nf430iUY22nWYAA/ya/tFg==
2023-04-27 12:28:45,212 - DEBUG - > Sec-WebSocket-Version: 13
2023-04-27 12:28:45,212 - DEBUG - > Sec-WebSocket-Extensions: permessage-deflate; client_max_window_bits
2023-04-27 12:28:45,212 - DEBUG - > Sec-WebSocket-Protocol: ocpp1.6
2023-04-27 12:28:45,212 - DEBUG - > Authorization: Basic RVZBUjpFVkFSTEdV
2023-04-27 12:28:45,212 - DEBUG - > User-Agent: Python/3.11 websockets/10.4
2023-04-27 12:28:45,509 - DEBUG - < HTTP/1.1 101 Switching Protocols
2023-04-27 12:28:45,510 - DEBUG - < Connection: upgrade
2023-04-27 12:28:45,510 - DEBUG - < Date: Thu, 27 Apr 2023 03:28:41 GMT
2023-04-27 12:28:45,510 - DEBUG - < sec-websocket-protocol: ocpp1.6
2023-04-27 12:28:45,510 - DEBUG - < upgrade: websocket
2023-04-27 12:28:45,510 - DEBUG - < sec-websocket-accept: /4ayJGeDZUgMmIz0UuMhUc7qni4=
2023-04-27 12:28:45,510 - DEBUG - < sec-websocket-extensions: permessage-deflate
2023-04-27 12:28:45,511 - DEBUG - < X-Cache: Miss from cloudfront
2023-04-27 12:28:45,511 - DEBUG - < Via: 1.1 bab1895e0b0b8d2cc8c02eee5d24db78.cloudfront.net (CloudFront)
2023-04-27 12:28:45,511 - DEBUG - < X-Amz-Cf-Pop: ICN57-P2
2023-04-27 12:28:45,511 - DEBUG - < X-Amz-Cf-Id: 4CP5ly_3TVEnlNfPsJB4HHSFSLgxZM5B6qwoG4UDKX8ufdfeZBeThA==
2023-04-27 12:28:45,511 - DEBUG - = connection is OPEN
2023-04-27 12:28:45,537 - DEBUG - > TEXT '[2, "abee4644-a380-4ebf-a3c2-eeb715302cb9", "Bo...ePointVendor": "EVAR"}]' [127 bytes]
2023-04-27 12:28:45,845 - DEBUG - < TEXT '[3, "abee4644-a380-4ebf-a3c2-eeb715302cb9", {"s...42Z", "interval": 600}]' [123 bytes]
2023-04-27 12:28:45,928 - DEBUG - Starting new HTTPS connection (1): rgw.devevspcharger.uplus.co.kr:443
2023-04-27 12:28:46,433 - DEBUG - https://rgw.devevspcharger.uplus.co.kr:443 "POST /ioc HTTP/1.1" 200 123
2023-04-27 12:28:46,463 - DEBUG - < TEXT '[2, "b71e6afb-a2ae-49a9-833c-87e7892b94b5", "Ge...ration", {"key": [""]}]' [78 bytes]
2023-04-27 12:28:46,468 - DEBUG - > TEXT '[3, "b71e6afb-a2ae-49a9-833c-87e7892b94b5", {"c...ts", "value": "true"}}]' [120 bytes]
2023-04-27 12:28:46,673 - DEBUG - < TEXT '' [0 bytes]
2023-04-27 12:28:46,693 - DEBUG - Starting new HTTPS connection (1): rgw.devevspcharger.uplus.co.kr:443
2023-04-27 12:28:47,137 - DEBUG - https://rgw.devevspcharger.uplus.co.kr:443 "POST /ioc HTTP/1.1" 200 164
2023-04-27 12:28:47,234 - DEBUG - < TEXT '[2, "69598eaa-53a9-4e0f-a6f1-e2f899c508c3", "Ch...rval", "value": "300"}]' [119 bytes]
2023-04-27 12:28:47,241 - DEBUG - > TEXT '[3, "69598eaa-53a9-4e0f-a6f1-e2f899c508c3", {"status": "Accepted"}]' [67 bytes]
2023-04-27 12:28:47,531 - DEBUG - < TEXT '' [0 bytes]
2023-04-27 12:29:54,125 - DEBUG - = connection is CONNECTING
2023-04-27 12:29:54,155 - DEBUG - > GET /ocpp16/ELA007C05/EVSCA050001 HTTP/1.1
2023-04-27 12:29:54,156 - DEBUG - > Host: ws.devevspcharger.uplus.co.kr
2023-04-27 12:29:54,156 - DEBUG - > Upgrade: websocket
2023-04-27 12:29:54,156 - DEBUG - > Connection: Upgrade
2023-04-27 12:29:54,156 - DEBUG - > Sec-WebSocket-Key: diVC3DNamK/G7nij8Tzqrw==
2023-04-27 12:29:54,157 - DEBUG - > Sec-WebSocket-Version: 13
2023-04-27 12:29:54,157 - DEBUG - > Sec-WebSocket-Extensions: permessage-deflate; client_max_window_bits
2023-04-27 12:29:54,157 - DEBUG - > Sec-WebSocket-Protocol: ocpp1.6
2023-04-27 12:29:54,157 - DEBUG - > Authorization: Basic RVZBUjpFVkFSTEdV
2023-04-27 12:29:54,157 - DEBUG - > User-Agent: Python/3.11 websockets/10.4
2023-04-27 12:29:54,869 - DEBUG - < HTTP/1.1 101 Switching Protocols
2023-04-27 12:29:54,869 - DEBUG - < Connection: upgrade
2023-04-27 12:29:54,869 - DEBUG - < Date: Thu, 27 Apr 2023 03:29:51 GMT
2023-04-27 12:29:54,870 - DEBUG - < sec-websocket-protocol: ocpp1.6
2023-04-27 12:29:54,870 - DEBUG - < upgrade: websocket
2023-04-27 12:29:54,870 - DEBUG - < sec-websocket-accept: qGg63b6CBSiZa4ADPwJ6EhnWtsE=
2023-04-27 12:29:54,870 - DEBUG - < sec-websocket-extensions: permessage-deflate
2023-04-27 12:29:54,870 - DEBUG - < X-Cache: Miss from cloudfront
2023-04-27 12:29:54,870 - DEBUG - < Via: 1.1 ec48eafa1d18635bc3f389669b28a5b8.cloudfront.net (CloudFront)
2023-04-27 12:29:54,870 - DEBUG - < X-Amz-Cf-Pop: ICN57-P2
2023-04-27 12:29:54,870 - DEBUG - < X-Amz-Cf-Id: Bg1zPCA_qk_yqJjtJz6_dGZbpqJaZAHDhMNA2iKrSLQssq3puxZDmw==
2023-04-27 12:29:54,871 - DEBUG - = connection is OPEN
2023-04-27 12:29:54,878 - ERROR - Task exception was never retrieved
future: <Task finished name='Task-2' coro=<ChargerSim.startEvent() done, defined at D:\workspace\wss\main.py:124> exception=TypeError('can only concatenate str (not "TypeError") to str')>
Traceback (most recent call last):
  File "D:\workspace\wss\Charger.py", line 190, in conn
    print(sock.getsockopt('ssl_context'))
          ^^^^^^^^^^^^^^^^^^^^^^^^^^^^^^
  File "C:\Users\LGCNS\AppData\Local\Programs\Python\Python311\Lib\asyncio\trsock.py", line 71, in getsockopt
    return self._sock.getsockopt(*args, **kwargs)
           ^^^^^^^^^^^^^^^^^^^^^^^^^^^^^^^^^^^^^^
TypeError: getsockopt() takes at least 2 arguments (1 given)

During handling of the above exception, another exception occurred:

Traceback (most recent call last):
  File "D:\workspace\wss\main.py", line 144, in startEvent
    await self.charger.runcase(self.TC_selected if len(self.TC_selected.keys())>0 else self.TC)
  File "D:\workspace\wss\Charger.py", line 329, in runcase
    await self.conn(case)
  File "D:\workspace\wss\Charger.py", line 195, in conn
    self.log(err)
  File "D:\workspace\wss\Charger.py", line 118, in log
    self.txt_recv.insert(END, datetime.now().isoformat() +' '+ log + '\n', attr)
                              ~~~~~~~~~~~~~~~~~~~~~~~~~~~~~~~^~~~~
TypeError: can only concatenate str (not "TypeError") to str
2023-04-27 12:30:14,860 - DEBUG - % sending keepalive ping
2023-04-27 12:30:14,861 - DEBUG - > PING 09 4a 8e ea [binary, 4 bytes]
2023-04-27 12:30:14,871 - DEBUG - < PONG 09 4a 8e ea [binary, 4 bytes]
2023-04-27 12:30:14,878 - DEBUG - % received keepalive pong
2023-04-27 12:30:34,867 - DEBUG - % sending keepalive ping
2023-04-27 12:30:34,867 - DEBUG - > PING 4e d9 8e e6 [binary, 4 bytes]
2023-04-27 12:30:34,876 - DEBUG - < PONG 4e d9 8e e6 [binary, 4 bytes]
2023-04-27 12:30:34,883 - DEBUG - % received keepalive pong
2023-04-27 12:30:54,861 - DEBUG - % sending keepalive ping
2023-04-27 12:30:54,861 - DEBUG - > PING b0 9a d6 24 [binary, 4 bytes]
2023-04-27 12:30:54,870 - DEBUG - < PONG b0 9a d6 24 [binary, 4 bytes]
2023-04-27 12:30:54,877 - DEBUG - % received keepalive pong
2023-04-27 12:31:14,859 - DEBUG - % sending keepalive ping
2023-04-27 12:31:14,860 - DEBUG - > PING 5d 7d dd f6 [binary, 4 bytes]
2023-04-27 12:31:14,869 - DEBUG - < PONG 5d 7d dd f6 [binary, 4 bytes]
2023-04-27 12:31:14,875 - DEBUG - % received keepalive pong
2023-04-27 12:31:34,869 - DEBUG - % sending keepalive ping
2023-04-27 12:31:34,869 - DEBUG - > PING cc b9 af e5 [binary, 4 bytes]
2023-04-27 12:31:34,878 - DEBUG - < PONG cc b9 af e5 [binary, 4 bytes]
2023-04-27 12:31:34,884 - DEBUG - % received keepalive pong
2023-04-27 12:31:54,869 - DEBUG - % sending keepalive ping
2023-04-27 12:31:54,870 - DEBUG - > PING 0b 18 fd ac [binary, 4 bytes]
2023-04-27 12:31:54,877 - DEBUG - < PONG 0b 18 fd ac [binary, 4 bytes]
2023-04-27 12:31:54,882 - DEBUG - % received keepalive pong
2023-04-27 12:32:14,861 - DEBUG - % sending keepalive ping
2023-04-27 12:32:14,862 - DEBUG - > PING 77 ad dd 3b [binary, 4 bytes]
2023-04-27 12:32:14,871 - DEBUG - < PONG 77 ad dd 3b [binary, 4 bytes]
2023-04-27 12:32:14,878 - DEBUG - % received keepalive pong
2023-04-27 12:32:34,870 - DEBUG - % sending keepalive ping
2023-04-27 12:32:34,870 - DEBUG - > PING 96 bf 40 86 [binary, 4 bytes]
2023-04-27 12:32:34,880 - DEBUG - < PONG 96 bf 40 86 [binary, 4 bytes]
2023-04-27 12:32:34,885 - DEBUG - % received keepalive pong
2023-04-27 12:32:54,870 - DEBUG - % sending keepalive ping
2023-04-27 12:32:54,870 - DEBUG - > PING b4 60 b0 c4 [binary, 4 bytes]
2023-04-27 12:32:54,877 - DEBUG - < PONG b4 60 b0 c4 [binary, 4 bytes]
2023-04-27 12:32:54,885 - DEBUG - % received keepalive pong
2023-04-27 12:33:14,888 - DEBUG - % sending keepalive ping
2023-04-27 12:33:14,888 - DEBUG - > PING d8 68 a8 18 [binary, 4 bytes]
2023-04-27 12:33:14,897 - DEBUG - < PONG d8 68 a8 18 [binary, 4 bytes]
2023-04-27 12:33:14,902 - DEBUG - % received keepalive pong
2023-04-27 12:33:34,895 - DEBUG - % sending keepalive ping
2023-04-27 12:33:34,896 - DEBUG - > PING fa d5 8c 49 [binary, 4 bytes]
2023-04-27 12:33:34,903 - DEBUG - < PONG fa d5 8c 49 [binary, 4 bytes]
2023-04-27 12:33:34,907 - DEBUG - % received keepalive pong
2023-04-27 12:33:54,896 - DEBUG - % sending keepalive ping
2023-04-27 12:33:54,897 - DEBUG - > PING e8 3e d1 69 [binary, 4 bytes]
2023-04-27 12:33:54,939 - DEBUG - < PONG e8 3e d1 69 [binary, 4 bytes]
2023-04-27 12:33:54,944 - DEBUG - % received keepalive pong
2023-04-27 12:34:14,942 - DEBUG - % sending keepalive ping
2023-04-27 12:34:14,942 - DEBUG - > PING 02 c3 2a 5a [binary, 4 bytes]
2023-04-27 12:34:14,949 - DEBUG - < PONG 02 c3 2a 5a [binary, 4 bytes]
2023-04-27 12:34:14,953 - DEBUG - % received keepalive pong
2023-04-27 12:34:34,944 - DEBUG - % sending keepalive ping
2023-04-27 12:34:34,945 - DEBUG - > PING 5f 41 ae ca [binary, 4 bytes]
2023-04-27 12:34:34,953 - DEBUG - < PONG 5f 41 ae ca [binary, 4 bytes]
2023-04-27 12:34:34,956 - DEBUG - % received keepalive pong
2023-04-27 12:34:52,488 - DEBUG - = connection is CONNECTING
2023-04-27 12:34:52,508 - DEBUG - > GET /ocpp16/ELA007C05/EVSCA050001 HTTP/1.1
2023-04-27 12:34:52,508 - DEBUG - > Host: ws.devevspcharger.uplus.co.kr
2023-04-27 12:34:52,509 - DEBUG - > Upgrade: websocket
2023-04-27 12:34:52,509 - DEBUG - > Connection: Upgrade
2023-04-27 12:34:52,509 - DEBUG - > Sec-WebSocket-Key: 83rTQvTNaMOL25rZGaSDbQ==
2023-04-27 12:34:52,509 - DEBUG - > Sec-WebSocket-Version: 13
2023-04-27 12:34:52,509 - DEBUG - > Sec-WebSocket-Extensions: permessage-deflate; client_max_window_bits
2023-04-27 12:34:52,509 - DEBUG - > Sec-WebSocket-Protocol: ocpp1.6
2023-04-27 12:34:52,509 - DEBUG - > Authorization: Basic RVZBUjpFVkFSTEdV
2023-04-27 12:34:52,509 - DEBUG - > User-Agent: Python/3.11 websockets/10.4
2023-04-27 12:34:53,076 - DEBUG - < HTTP/1.1 101 Switching Protocols
2023-04-27 12:34:53,076 - DEBUG - < Connection: upgrade
2023-04-27 12:34:53,076 - DEBUG - < Date: Thu, 27 Apr 2023 03:34:49 GMT
2023-04-27 12:34:53,076 - DEBUG - < sec-websocket-protocol: ocpp1.6
2023-04-27 12:34:53,076 - DEBUG - < upgrade: websocket
2023-04-27 12:34:53,076 - DEBUG - < sec-websocket-accept: XLYvTICdNZtHdq42DwFfRGN2d7Q=
2023-04-27 12:34:53,076 - DEBUG - < sec-websocket-extensions: permessage-deflate
2023-04-27 12:34:53,076 - DEBUG - < X-Cache: Miss from cloudfront
2023-04-27 12:34:53,077 - DEBUG - < Via: 1.1 c6882e0acaa56682be4bf45c4b8fd99a.cloudfront.net (CloudFront)
2023-04-27 12:34:53,077 - DEBUG - < X-Amz-Cf-Pop: ICN57-P2
2023-04-27 12:34:53,077 - DEBUG - < X-Amz-Cf-Id: Q4q_HJQYTYi3c3F0bV2VhnExcDEDyHCvA0-nizHnb1juhqCtyAVO_Q==
2023-04-27 12:34:53,077 - DEBUG - = connection is OPEN
2023-04-27 12:34:53,119 - DEBUG - > TEXT '[2, "11bee737-e7b2-42e7-aad1-2f8466b812da", "Bo...ePointVendor": "EVAR"}]' [127 bytes]
2023-04-27 12:34:53,421 - DEBUG - < TEXT '[3, "11bee737-e7b2-42e7-aad1-2f8466b812da", {"s...49Z", "interval": 600}]' [123 bytes]
2023-04-27 12:34:53,534 - DEBUG - Starting new HTTPS connection (1): rgw.devevspcharger.uplus.co.kr:443
2023-04-27 12:34:55,177 - DEBUG - https://rgw.devevspcharger.uplus.co.kr:443 "POST /ioc HTTP/1.1" 200 123
2023-04-27 12:34:55,236 - DEBUG - < TEXT '[2, "a61a0baf-1d18-44e0-92df-042f408a1eab", "Ge...ration", {"key": [""]}]' [78 bytes]
2023-04-27 12:34:55,240 - DEBUG - > TEXT '[3, "a61a0baf-1d18-44e0-92df-042f408a1eab", {"c...ts", "value": "true"}}]' [120 bytes]
2023-04-27 12:34:55,407 - DEBUG - < TEXT '' [0 bytes]
2023-04-27 12:34:55,428 - DEBUG - Starting new HTTPS connection (1): rgw.devevspcharger.uplus.co.kr:443
2023-04-27 12:34:55,854 - DEBUG - https://rgw.devevspcharger.uplus.co.kr:443 "POST /ioc HTTP/1.1" 200 164
2023-04-27 12:34:56,103 - DEBUG - < TEXT '[2, "4cfedd2e-f187-4e76-b268-fca1ddfad883", "Ch...rval", "value": "300"}]' [119 bytes]
2023-04-27 12:39:56,860 - DEBUG - = connection is CONNECTING
2023-04-27 12:39:56,879 - DEBUG - > GET /ocpp16/ELA007C05/EVSCA050001 HTTP/1.1
2023-04-27 12:39:56,880 - DEBUG - > Host: ws.devevspcharger.uplus.co.kr
2023-04-27 12:39:56,880 - DEBUG - > Upgrade: websocket
2023-04-27 12:39:56,880 - DEBUG - > Connection: Upgrade
2023-04-27 12:39:56,881 - DEBUG - > Sec-WebSocket-Key: EVrexY+rcoQm6l2oE3VI6Q==
2023-04-27 12:39:56,881 - DEBUG - > Sec-WebSocket-Version: 13
2023-04-27 12:39:56,881 - DEBUG - > Sec-WebSocket-Extensions: permessage-deflate; client_max_window_bits
2023-04-27 12:39:56,881 - DEBUG - > Sec-WebSocket-Protocol: ocpp1.6
2023-04-27 12:39:56,881 - DEBUG - > Authorization: Basic RVZBUjpFVkFSTEdV
2023-04-27 12:39:56,881 - DEBUG - > User-Agent: Python/3.11 websockets/10.4
2023-04-27 12:39:57,426 - DEBUG - < HTTP/1.1 101 Switching Protocols
2023-04-27 12:39:57,426 - DEBUG - < Connection: upgrade
2023-04-27 12:39:57,426 - DEBUG - < Date: Thu, 27 Apr 2023 03:39:53 GMT
2023-04-27 12:39:57,426 - DEBUG - < sec-websocket-protocol: ocpp1.6
2023-04-27 12:39:57,426 - DEBUG - < upgrade: websocket
2023-04-27 12:39:57,426 - DEBUG - < sec-websocket-accept: WMK6Wb0vv3b40SWraBsCgGx48gE=
2023-04-27 12:39:57,426 - DEBUG - < sec-websocket-extensions: permessage-deflate
2023-04-27 12:39:57,427 - DEBUG - < X-Cache: Miss from cloudfront
2023-04-27 12:39:57,427 - DEBUG - < Via: 1.1 5a0f884e3a21756e824f803c83d7f3d0.cloudfront.net (CloudFront)
2023-04-27 12:39:57,427 - DEBUG - < X-Amz-Cf-Pop: ICN57-P2
2023-04-27 12:39:57,427 - DEBUG - < X-Amz-Cf-Id: l3Q3G0aSaHSMXjijAtDFFVmxX_aOYq9p4W1nO4pQ1Y4_to5jlGP_zw==
2023-04-27 12:39:57,427 - DEBUG - = connection is OPEN
2023-04-27 12:39:57,435 - ERROR - Task exception was never retrieved
future: <Task finished name='Task-2' coro=<ChargerSim.startEvent() done, defined at D:\workspace\wss\main.py:124> exception=TypeError('can only concatenate str (not "TypeError") to str')>
Traceback (most recent call last):
  File "D:\workspace\wss\Charger.py", line 195, in conn
    print(f'tls:{ciphers["protocol"]}, cipher:{ciphers["name"]}')
                 ~~~~~~~^^^^^^^^^^^^
TypeError: list indices must be integers or slices, not str

During handling of the above exception, another exception occurred:

Traceback (most recent call last):
  File "D:\workspace\wss\main.py", line 144, in startEvent
    await self.charger.runcase(self.TC_selected if len(self.TC_selected.keys())>0 else self.TC)
  File "D:\workspace\wss\Charger.py", line 333, in runcase
    await self.conn(case)
  File "D:\workspace\wss\Charger.py", line 199, in conn
    self.log(err)
  File "D:\workspace\wss\Charger.py", line 120, in log
    self.txt_recv.insert(END, datetime.now().isoformat() +' '+ log + '\n', attr)
                              ~~~~~~~~~~~~~~~~~~~~~~~~~~~~~~~^~~~~
TypeError: can only concatenate str (not "TypeError") to str
2023-04-27 12:40:14,240 - DEBUG - = connection is CONNECTING
2023-04-27 12:40:14,257 - DEBUG - > GET /ocpp16/ELA007C05/EVSCA050001 HTTP/1.1
2023-04-27 12:40:14,257 - DEBUG - > Host: ws.devevspcharger.uplus.co.kr
2023-04-27 12:40:14,258 - DEBUG - > Upgrade: websocket
2023-04-27 12:40:14,258 - DEBUG - > Connection: Upgrade
2023-04-27 12:40:14,258 - DEBUG - > Sec-WebSocket-Key: wy79SfNDUBS/yG31HmnAOA==
2023-04-27 12:40:14,258 - DEBUG - > Sec-WebSocket-Version: 13
2023-04-27 12:40:14,258 - DEBUG - > Sec-WebSocket-Extensions: permessage-deflate; client_max_window_bits
2023-04-27 12:40:14,258 - DEBUG - > Sec-WebSocket-Protocol: ocpp1.6
2023-04-27 12:40:14,258 - DEBUG - > Authorization: Basic RVZBUjpFVkFSTEdV
2023-04-27 12:40:14,259 - DEBUG - > User-Agent: Python/3.11 websockets/10.4
2023-04-27 12:40:14,684 - DEBUG - < HTTP/1.1 101 Switching Protocols
2023-04-27 12:40:14,684 - DEBUG - < Connection: upgrade
2023-04-27 12:40:14,685 - DEBUG - < Date: Thu, 27 Apr 2023 03:40:11 GMT
2023-04-27 12:40:14,685 - DEBUG - < sec-websocket-protocol: ocpp1.6
2023-04-27 12:40:14,685 - DEBUG - < upgrade: websocket
2023-04-27 12:40:14,685 - DEBUG - < sec-websocket-accept: 9cZTutua1gsKngX5X4KcS/mAtdU=
2023-04-27 12:40:14,685 - DEBUG - < sec-websocket-extensions: permessage-deflate
2023-04-27 12:40:14,685 - DEBUG - < X-Cache: Miss from cloudfront
2023-04-27 12:40:14,685 - DEBUG - < Via: 1.1 a252aeda8ec1e2b582ae9a32f7c8d544.cloudfront.net (CloudFront)
2023-04-27 12:40:14,685 - DEBUG - < X-Amz-Cf-Pop: ICN57-P2
2023-04-27 12:40:14,686 - DEBUG - < X-Amz-Cf-Id: ASML_Q_6t-RJhxvf7_sE_7kd-cQDvMDJibbTVw1EBptbN7Q2DtEe3w==
2023-04-27 12:40:14,686 - DEBUG - = connection is OPEN
2023-04-27 12:40:14,715 - DEBUG - > TEXT '[2, "2787dc5b-a256-4823-8744-e0d16ab8f3b8", "Bo...ePointVendor": "EVAR"}]' [127 bytes]
2023-04-27 12:40:15,912 - DEBUG - < TEXT '[3, "2787dc5b-a256-4823-8744-e0d16ab8f3b8", {"s...12Z", "interval": 600}]' [123 bytes]
2023-04-27 12:40:16,021 - DEBUG - Starting new HTTPS connection (1): rgw.devevspcharger.uplus.co.kr:443
2023-04-27 12:40:16,638 - DEBUG - https://rgw.devevspcharger.uplus.co.kr:443 "POST /ioc HTTP/1.1" 200 123
2023-04-27 12:40:16,678 - DEBUG - < TEXT '[2, "eb7b4af2-a81d-4ff1-aa04-d1e08b76a8b9", "Ge...ration", {"key": [""]}]' [78 bytes]
2023-04-27 12:40:16,684 - DEBUG - > TEXT '[3, "eb7b4af2-a81d-4ff1-aa04-d1e08b76a8b9", {"c...ts", "value": "true"}}]' [120 bytes]
2023-04-27 12:40:16,853 - DEBUG - < TEXT '' [0 bytes]
2023-04-27 12:40:16,874 - DEBUG - Starting new HTTPS connection (1): rgw.devevspcharger.uplus.co.kr:443
2023-04-27 12:40:17,300 - DEBUG - https://rgw.devevspcharger.uplus.co.kr:443 "POST /ioc HTTP/1.1" 200 164
2023-04-27 12:40:17,380 - DEBUG - < TEXT '[2, "d55318f8-3098-4506-91cd-dd1252f8906d", "Ch...rval", "value": "300"}]' [119 bytes]
2023-04-27 12:40:17,384 - DEBUG - > TEXT '[3, "d55318f8-3098-4506-91cd-dd1252f8906d", {"status": "Accepted"}]' [67 bytes]
2023-04-27 12:40:17,552 - DEBUG - < TEXT '' [0 bytes]
2023-04-27 12:40:17,584 - DEBUG - > TEXT '[2, "2787dc5b-a256-4823-8744-e0d16ab8f3b8", "Bo...ePointVendor": "EVAR"}]' [127 bytes]
2023-04-27 12:40:17,919 - DEBUG - < TEXT '[3, "2787dc5b-a256-4823-8744-e0d16ab8f3b8", {"s...14Z", "interval": 600}]' [123 bytes]
2023-04-27 12:42:32,712 - DEBUG - = connection is CONNECTING
2023-04-27 12:42:32,749 - DEBUG - > GET /ocpp16/ELA007C05/EVSCA050001 HTTP/1.1
2023-04-27 12:42:32,749 - DEBUG - > Host: ws.devevspcharger.uplus.co.kr
2023-04-27 12:42:32,750 - DEBUG - > Upgrade: websocket
2023-04-27 12:42:32,750 - DEBUG - > Connection: Upgrade
2023-04-27 12:42:32,750 - DEBUG - > Sec-WebSocket-Key: ttNTGDB5QEtLPiU9b9ympw==
2023-04-27 12:42:32,750 - DEBUG - > Sec-WebSocket-Version: 13
2023-04-27 12:42:32,750 - DEBUG - > Sec-WebSocket-Extensions: permessage-deflate; client_max_window_bits
2023-04-27 12:42:32,750 - DEBUG - > Sec-WebSocket-Protocol: ocpp1.6
2023-04-27 12:42:32,751 - DEBUG - > Authorization: Basic RVZBUjpFVkFSTEdV
2023-04-27 12:42:32,751 - DEBUG - > User-Agent: Python/3.11 websockets/10.4
2023-04-27 12:42:33,310 - DEBUG - < HTTP/1.1 101 Switching Protocols
2023-04-27 12:42:33,310 - DEBUG - < Connection: upgrade
2023-04-27 12:42:33,310 - DEBUG - < Date: Thu, 27 Apr 2023 03:42:29 GMT
2023-04-27 12:42:33,310 - DEBUG - < sec-websocket-protocol: ocpp1.6
2023-04-27 12:42:33,311 - DEBUG - < upgrade: websocket
2023-04-27 12:42:33,311 - DEBUG - < sec-websocket-accept: 4NAoJFUqF7WkHSrVh3g/4c2bc34=
2023-04-27 12:42:33,311 - DEBUG - < sec-websocket-extensions: permessage-deflate
2023-04-27 12:42:33,311 - DEBUG - < X-Cache: Miss from cloudfront
2023-04-27 12:42:33,311 - DEBUG - < Via: 1.1 516246c62af452cb1f8d77c8f3af9faa.cloudfront.net (CloudFront)
2023-04-27 12:42:33,311 - DEBUG - < X-Amz-Cf-Pop: ICN57-P2
2023-04-27 12:42:33,311 - DEBUG - < X-Amz-Cf-Id: 0mGh7cW4EAdr4iGf5kDq8cck799qHUoXhXyAMo5R3Jm2iLsKkTd0LQ==
2023-04-27 12:42:33,311 - DEBUG - = connection is OPEN
2023-04-27 12:42:33,318 - ERROR - Task exception was never retrieved
future: <Task finished name='Task-2' coro=<ChargerSim.startEvent() done, defined at D:\workspace\wss\main.py:124> exception=TypeError('can only concatenate str (not "AttributeError") to str')>
Traceback (most recent call last):
  File "D:\workspace\wss\Charger.py", line 197, in conn
    print(self.ws.extra_info)
          ^^^^^^^^^^^^^^^^^^
AttributeError: 'WebSocketClientProtocol' object has no attribute 'extra_info'

During handling of the above exception, another exception occurred:

Traceback (most recent call last):
  File "D:\workspace\wss\main.py", line 144, in startEvent
    await self.charger.runcase(self.TC_selected if len(self.TC_selected.keys())>0 else self.TC)
  File "D:\workspace\wss\Charger.py", line 335, in runcase
    await self.conn(case)
  File "D:\workspace\wss\Charger.py", line 201, in conn
    self.log(err)
  File "D:\workspace\wss\Charger.py", line 120, in log
    self.txt_recv.insert(END, datetime.now().isoformat() +' '+ log + '\n', attr)
                              ~~~~~~~~~~~~~~~~~~~~~~~~~~~~~~~^~~~~
TypeError: can only concatenate str (not "AttributeError") to str
2023-04-27 12:43:10,754 - DEBUG - = connection is CONNECTING
2023-04-27 12:43:10,830 - DEBUG - > GET /ocpp16/ELA007C05/EVSCA050001 HTTP/1.1
2023-04-27 12:43:10,830 - DEBUG - > Host: ws.devevspcharger.uplus.co.kr
2023-04-27 12:43:10,830 - DEBUG - > Upgrade: websocket
2023-04-27 12:43:10,831 - DEBUG - > Connection: Upgrade
2023-04-27 12:43:10,831 - DEBUG - > Sec-WebSocket-Key: a4liCMPEpFmDBv/D9kt0ZQ==
2023-04-27 12:43:10,831 - DEBUG - > Sec-WebSocket-Version: 13
2023-04-27 12:43:10,831 - DEBUG - > Sec-WebSocket-Extensions: permessage-deflate; client_max_window_bits
2023-04-27 12:43:10,831 - DEBUG - > Sec-WebSocket-Protocol: ocpp1.6
2023-04-27 12:43:10,832 - DEBUG - > Authorization: Basic RVZBUjpFVkFSTEdV
2023-04-27 12:43:10,832 - DEBUG - > User-Agent: Python/3.11 websockets/10.4
2023-04-27 12:43:11,089 - DEBUG - < HTTP/1.1 101 Switching Protocols
2023-04-27 12:43:11,089 - DEBUG - < Connection: upgrade
2023-04-27 12:43:11,089 - DEBUG - < Date: Thu, 27 Apr 2023 03:43:07 GMT
2023-04-27 12:43:11,089 - DEBUG - < sec-websocket-protocol: ocpp1.6
2023-04-27 12:43:11,090 - DEBUG - < upgrade: websocket
2023-04-27 12:43:11,090 - DEBUG - < sec-websocket-accept: dnMuv16YHaw0nzB06yk9CvtRGPA=
2023-04-27 12:43:11,090 - DEBUG - < sec-websocket-extensions: permessage-deflate
2023-04-27 12:43:11,090 - DEBUG - < X-Cache: Miss from cloudfront
2023-04-27 12:43:11,090 - DEBUG - < Via: 1.1 8cd680512056914f119efae770348786.cloudfront.net (CloudFront)
2023-04-27 12:43:11,090 - DEBUG - < X-Amz-Cf-Pop: ICN57-P2
2023-04-27 12:43:11,090 - DEBUG - < X-Amz-Cf-Id: eJe5vtlYh1KcX7HJxG9kxfzRiSc9NS4uJcvdjlXamOLUBYNqxWjARA==
2023-04-27 12:43:11,091 - DEBUG - = connection is OPEN
2023-04-27 12:43:11,116 - DEBUG - > TEXT '[2, "52f0319d-b98f-4899-89b2-ae62eae642d8", "Bo...ePointVendor": "EVAR"}]' [127 bytes]
2023-04-27 12:43:11,633 - DEBUG - < TEXT '[3, "52f0319d-b98f-4899-89b2-ae62eae642d8", {"s...07Z", "interval": 600}]' [123 bytes]
2023-04-27 12:43:11,714 - DEBUG - Starting new HTTPS connection (1): rgw.devevspcharger.uplus.co.kr:443
2023-04-27 12:43:12,320 - DEBUG - https://rgw.devevspcharger.uplus.co.kr:443 "POST /ioc HTTP/1.1" 200 123
2023-04-27 12:43:12,343 - DEBUG - < TEXT '[2, "87acd424-2765-48b6-bd65-3947618eed9a", "Ge...ration", {"key": [""]}]' [78 bytes]
2023-04-27 12:43:12,349 - DEBUG - > TEXT '[3, "87acd424-2765-48b6-bd65-3947618eed9a", {"c...ts", "value": "true"}}]' [120 bytes]
2023-04-27 12:43:12,512 - DEBUG - < TEXT '' [0 bytes]
2023-04-27 12:43:12,531 - DEBUG - Starting new HTTPS connection (1): rgw.devevspcharger.uplus.co.kr:443
2023-04-27 12:43:12,962 - DEBUG - https://rgw.devevspcharger.uplus.co.kr:443 "POST /ioc HTTP/1.1" 200 164
2023-04-27 12:43:13,080 - DEBUG - < TEXT '[2, "7f3904ed-1172-4e87-8bbd-f74cd74f18ec", "Ch...rval", "value": "300"}]' [119 bytes]
2023-04-27 12:43:13,087 - DEBUG - > TEXT '[3, "7f3904ed-1172-4e87-8bbd-f74cd74f18ec", {"status": "Accepted"}]' [67 bytes]
2023-04-27 12:43:13,252 - DEBUG - < TEXT '' [0 bytes]
2023-04-27 12:43:13,300 - DEBUG - > TEXT '[2, "52f0319d-b98f-4899-89b2-ae62eae642d8", "Bo...ePointVendor": "EVAR"}]' [127 bytes]
2023-04-27 12:43:13,559 - DEBUG - < TEXT '[3, "52f0319d-b98f-4899-89b2-ae62eae642d8", {"s...09Z", "interval": 600}]' [123 bytes]
2023-04-27 12:43:13,601 - DEBUG - > TEXT '[2, "52f0319d-b98f-4899-89b2-ae62eae642d8", "St..."status": "Available"}]' [132 bytes]
2023-04-27 12:43:13,868 - DEBUG - < TEXT '[3, "52f0319d-b98f-4899-89b2-ae62eae642d8", {}]' [47 bytes]
2023-04-27 12:43:47,526 - DEBUG - = connection is CONNECTING
2023-04-27 12:43:47,544 - DEBUG - > GET /ocpp16/ELA007C05/EVSCA050001 HTTP/1.1
2023-04-27 12:43:47,544 - DEBUG - > Host: ws.devevspcharger.uplus.co.kr
2023-04-27 12:43:47,544 - DEBUG - > Upgrade: websocket
2023-04-27 12:43:47,544 - DEBUG - > Connection: Upgrade
2023-04-27 12:43:47,544 - DEBUG - > Sec-WebSocket-Key: F8nUbpIip0Nqsja1tTF+4g==
2023-04-27 12:43:47,545 - DEBUG - > Sec-WebSocket-Version: 13
2023-04-27 12:43:47,545 - DEBUG - > Sec-WebSocket-Extensions: permessage-deflate; client_max_window_bits
2023-04-27 12:43:47,545 - DEBUG - > Sec-WebSocket-Protocol: ocpp1.6
2023-04-27 12:43:47,545 - DEBUG - > Authorization: Basic RVZBUjpFVkFSTEdV
2023-04-27 12:43:47,545 - DEBUG - > User-Agent: Python/3.11 websockets/10.4
2023-04-27 12:43:47,827 - DEBUG - < HTTP/1.1 101 Switching Protocols
2023-04-27 12:43:47,828 - DEBUG - < Connection: upgrade
2023-04-27 12:43:47,828 - DEBUG - < Date: Thu, 27 Apr 2023 03:43:44 GMT
2023-04-27 12:43:47,828 - DEBUG - < sec-websocket-protocol: ocpp1.6
2023-04-27 12:43:47,828 - DEBUG - < upgrade: websocket
2023-04-27 12:43:47,828 - DEBUG - < sec-websocket-accept: vNDcIqqqFvtP3OrLTLiB6mYKYFg=
2023-04-27 12:43:47,828 - DEBUG - < sec-websocket-extensions: permessage-deflate
2023-04-27 12:43:47,828 - DEBUG - < X-Cache: Miss from cloudfront
2023-04-27 12:43:47,828 - DEBUG - < Via: 1.1 516246c62af452cb1f8d77c8f3af9faa.cloudfront.net (CloudFront)
2023-04-27 12:43:47,828 - DEBUG - < X-Amz-Cf-Pop: ICN57-P2
2023-04-27 12:43:47,828 - DEBUG - < X-Amz-Cf-Id: MtyA9M1H_Yb7ZplP6nI2-EnJ8UHazzV4g_Ed3oWZasE03jG7LmCGDQ==
2023-04-27 12:43:47,829 - DEBUG - = connection is OPEN
2023-04-27 12:43:47,850 - DEBUG - > TEXT '[2, "cad104c2-1e08-4ca1-8697-ab4793e950b2", "Bo...ePointVendor": "EVAR"}]' [127 bytes]
2023-04-27 12:43:48,136 - DEBUG - < TEXT '[3, "cad104c2-1e08-4ca1-8697-ab4793e950b2", {"s...44Z", "interval": 600}]' [123 bytes]
2023-04-27 12:43:48,228 - DEBUG - Starting new HTTPS connection (1): rgw.devevspcharger.uplus.co.kr:443
2023-04-27 12:43:48,700 - DEBUG - https://rgw.devevspcharger.uplus.co.kr:443 "POST /ioc HTTP/1.1" 200 123
2023-04-27 12:43:48,720 - DEBUG - < TEXT '[2, "a83c0fc2-390f-4627-acc7-d70c211c054e", "Ge...ration", {"key": [""]}]' [78 bytes]
2023-04-27 12:43:48,725 - DEBUG - > TEXT '[3, "a83c0fc2-390f-4627-acc7-d70c211c054e", {"c...ts", "value": "true"}}]' [120 bytes]
2023-04-27 12:43:48,893 - DEBUG - < TEXT '' [0 bytes]
2023-04-27 12:43:48,913 - DEBUG - Starting new HTTPS connection (1): rgw.devevspcharger.uplus.co.kr:443
2023-04-27 12:43:49,363 - DEBUG - https://rgw.devevspcharger.uplus.co.kr:443 "POST /ioc HTTP/1.1" 200 164
2023-04-27 12:43:49,445 - DEBUG - < TEXT '[2, "ecde5fce-3f48-491a-b9b5-47be4d67f02b", "Ch...rval", "value": "300"}]' [119 bytes]
2023-04-27 12:43:49,458 - DEBUG - > TEXT '[3, "ecde5fce-3f48-491a-b9b5-47be4d67f02b", {"status": "Accepted"}]' [67 bytes]
2023-04-27 12:43:49,640 - DEBUG - < TEXT '' [0 bytes]
2023-04-27 12:43:49,679 - DEBUG - > TEXT '[2, "cad104c2-1e08-4ca1-8697-ab4793e950b2", "Bo...ePointVendor": "EVAR"}]' [127 bytes]
2023-04-27 12:43:49,954 - DEBUG - < TEXT '[3, "cad104c2-1e08-4ca1-8697-ab4793e950b2", {"s...46Z", "interval": 600}]' [123 bytes]
2023-04-27 12:43:50,004 - DEBUG - > TEXT '[2, "cad104c2-1e08-4ca1-8697-ab4793e950b2", "St..."status": "Available"}]' [132 bytes]
2023-04-27 12:43:50,238 - DEBUG - < TEXT '[3, "cad104c2-1e08-4ca1-8697-ab4793e950b2", {}]' [47 bytes]
2023-04-27 12:43:50,287 - DEBUG - > TEXT '[2, "e77e947e-0e4b-451d-af6a-d527061c0eb5", "Heartbeat", {}]' [60 bytes]
2023-04-27 12:43:50,503 - DEBUG - < TEXT '[3, "e77e947e-0e4b-451d-af6a-d527061c0eb5", {"c...2023-04-27T12:43:46Z"}]' [84 bytes]
2023-04-27 12:43:50,532 - DEBUG - = connection is CLOSING
2023-04-27 12:43:50,533 - DEBUG - > CLOSE 1000 (OK) [2 bytes]
2023-04-27 12:43:50,549 - DEBUG - < CLOSE 1000 (OK) [2 bytes]
2023-04-27 12:43:50,554 - DEBUG - = connection is CLOSED
2023-04-27 12:48:26,339 - DEBUG - = connection is CONNECTING
2023-04-27 12:48:26,419 - DEBUG - > GET /ocpp16/ELA007C05/EVSCA050001 HTTP/1.1
2023-04-27 12:48:26,419 - DEBUG - > Host: ws.devevspcharger.uplus.co.kr
2023-04-27 12:48:26,419 - DEBUG - > Upgrade: websocket
2023-04-27 12:48:26,419 - DEBUG - > Connection: Upgrade
2023-04-27 12:48:26,420 - DEBUG - > Sec-WebSocket-Key: xo9hRn+ntdSH4/3XRB+YsQ==
2023-04-27 12:48:26,420 - DEBUG - > Sec-WebSocket-Version: 13
2023-04-27 12:48:26,420 - DEBUG - > Sec-WebSocket-Extensions: permessage-deflate; client_max_window_bits
2023-04-27 12:48:26,420 - DEBUG - > Sec-WebSocket-Protocol: ocpp1.6
2023-04-27 12:48:26,420 - DEBUG - > Authorization: Basic RVZBUjpFVkFSTEdV
2023-04-27 12:48:26,420 - DEBUG - > User-Agent: Python/3.11 websockets/10.4
2023-04-27 12:48:27,033 - DEBUG - < HTTP/1.1 101 Switching Protocols
2023-04-27 12:48:27,034 - DEBUG - < Connection: upgrade
2023-04-27 12:48:27,034 - DEBUG - < Date: Thu, 27 Apr 2023 03:48:23 GMT
2023-04-27 12:48:27,034 - DEBUG - < sec-websocket-protocol: ocpp1.6
2023-04-27 12:48:27,034 - DEBUG - < upgrade: websocket
2023-04-27 12:48:27,034 - DEBUG - < sec-websocket-accept: /EFq6TbW16vYLDzliUsqopZsEVQ=
2023-04-27 12:48:27,034 - DEBUG - < sec-websocket-extensions: permessage-deflate
2023-04-27 12:48:27,034 - DEBUG - < X-Cache: Miss from cloudfront
2023-04-27 12:48:27,034 - DEBUG - < Via: 1.1 41a89bdb610eb303e698e5cb65ce5b76.cloudfront.net (CloudFront)
2023-04-27 12:48:27,034 - DEBUG - < X-Amz-Cf-Pop: ICN57-P2
2023-04-27 12:48:27,035 - DEBUG - < X-Amz-Cf-Id: edp6xsvOjV9vLfYRsrBWn-UaRKosslCZI_0b7YseC5rZ1-ekygPhrg==
2023-04-27 12:48:27,035 - DEBUG - = connection is OPEN
2023-04-27 12:48:27,060 - DEBUG - > TEXT '[2, "e5207671-31a6-4595-9e88-66751aa3d0ea", "Bo...ePointVendor": "EVAR"}]' [127 bytes]
2023-04-27 12:48:27,478 - DEBUG - < TEXT '[3, "e5207671-31a6-4595-9e88-66751aa3d0ea", {"s...23Z", "interval": 600}]' [123 bytes]
2023-04-27 12:48:27,570 - DEBUG - Starting new HTTPS connection (1): rgw.devevspcharger.uplus.co.kr:443
2023-04-27 12:48:28,170 - DEBUG - https://rgw.devevspcharger.uplus.co.kr:443 "POST /ioc HTTP/1.1" 200 123
2023-04-27 12:48:28,214 - DEBUG - < TEXT '[2, "be3a93b5-b235-47ae-9ee2-082f8a498799", "Ge...ration", {"key": [""]}]' [78 bytes]
2023-04-27 12:48:28,219 - DEBUG - > TEXT '[3, "be3a93b5-b235-47ae-9ee2-082f8a498799", {"c...ts", "value": "true"}}]' [120 bytes]
2023-04-27 12:48:28,397 - DEBUG - < TEXT '' [0 bytes]
2023-04-27 12:48:28,417 - DEBUG - Starting new HTTPS connection (1): rgw.devevspcharger.uplus.co.kr:443
2023-04-27 12:48:28,866 - DEBUG - https://rgw.devevspcharger.uplus.co.kr:443 "POST /ioc HTTP/1.1" 200 164
2023-04-27 12:48:28,953 - DEBUG - < TEXT '[2, "91ad07e3-6b5b-48ae-b631-bb957e6e0f2b", "Ch...rval", "value": "300"}]' [119 bytes]
2023-04-27 12:48:28,961 - DEBUG - > TEXT '[3, "91ad07e3-6b5b-48ae-b631-bb957e6e0f2b", {"status": "Accepted"}]' [67 bytes]
2023-04-27 12:48:29,088 - DEBUG - < TEXT '' [0 bytes]
2023-04-27 12:48:29,121 - DEBUG - > TEXT '[2, "e5207671-31a6-4595-9e88-66751aa3d0ea", "Bo...ePointVendor": "EVAR"}]' [127 bytes]
2023-04-27 12:49:38,867 - ERROR - Task exception was never retrieved
future: <Task finished name='Task-2' coro=<ChargerSim.startEvent() done, defined at D:\workspace\wss\main.py:124> exception=TypeError('can only concatenate str (not "ssl.SSLError") to str')>
Traceback (most recent call last):
  File "D:\workspace\wss\Charger.py", line 175, in conn
    ssl_context.set_ciphers(
ssl.SSLError: ('No cipher can be selected.',)

During handling of the above exception, another exception occurred:

Traceback (most recent call last):
  File "D:\workspace\wss\main.py", line 144, in startEvent
    await self.charger.runcase(self.TC_selected if len(self.TC_selected.keys())>0 else self.TC)
  File "D:\workspace\wss\Charger.py", line 336, in runcase
    await self.conn(case)
  File "D:\workspace\wss\Charger.py", line 202, in conn
    self.log(err)
  File "D:\workspace\wss\Charger.py", line 120, in log
    self.txt_recv.insert(END, datetime.now().isoformat() +' '+ log + '\n', attr)
                              ~~~~~~~~~~~~~~~~~~~~~~~~~~~~~~~^~~~~
TypeError: can only concatenate str (not "ssl.SSLError") to str
2023-04-27 12:50:03,084 - DEBUG - = connection is CONNECTING
2023-04-27 12:50:03,101 - DEBUG - > GET /ocpp16/ELA007C05/EVSCA050001 HTTP/1.1
2023-04-27 12:50:03,101 - DEBUG - > Host: ws.devevspcharger.uplus.co.kr
2023-04-27 12:50:03,101 - DEBUG - > Upgrade: websocket
2023-04-27 12:50:03,101 - DEBUG - > Connection: Upgrade
2023-04-27 12:50:03,102 - DEBUG - > Sec-WebSocket-Key: wAVMekRC5bZPlaWdkx+I2Q==
2023-04-27 12:50:03,102 - DEBUG - > Sec-WebSocket-Version: 13
2023-04-27 12:50:03,102 - DEBUG - > Sec-WebSocket-Extensions: permessage-deflate; client_max_window_bits
2023-04-27 12:50:03,102 - DEBUG - > Sec-WebSocket-Protocol: ocpp1.6
2023-04-27 12:50:03,102 - DEBUG - > Authorization: Basic RVZBUjpFVkFSTEdV
2023-04-27 12:50:03,102 - DEBUG - > User-Agent: Python/3.11 websockets/10.4
2023-04-27 12:50:03,639 - DEBUG - < HTTP/1.1 101 Switching Protocols
2023-04-27 12:50:03,639 - DEBUG - < Connection: upgrade
2023-04-27 12:50:03,639 - DEBUG - < Date: Thu, 27 Apr 2023 03:49:59 GMT
2023-04-27 12:50:03,639 - DEBUG - < sec-websocket-protocol: ocpp1.6
2023-04-27 12:50:03,639 - DEBUG - < upgrade: websocket
2023-04-27 12:50:03,639 - DEBUG - < sec-websocket-accept: t3aaKySolqJA3TguqIzfhN/DhPo=
2023-04-27 12:50:03,639 - DEBUG - < sec-websocket-extensions: permessage-deflate
2023-04-27 12:50:03,639 - DEBUG - < X-Cache: Miss from cloudfront
2023-04-27 12:50:03,639 - DEBUG - < Via: 1.1 623f9f4dd2fef338f4704e13bada95c8.cloudfront.net (CloudFront)
2023-04-27 12:50:03,639 - DEBUG - < X-Amz-Cf-Pop: ICN57-P2
2023-04-27 12:50:03,640 - DEBUG - < X-Amz-Cf-Id: uICdPgs0p8p1PiVPsQAYjBGBC6nlPpz640ReED0JRA3ssIOJRAMFsA==
2023-04-27 12:50:03,640 - DEBUG - = connection is OPEN
2023-04-27 12:50:03,662 - DEBUG - > TEXT '[2, "131c086f-c9d2-4459-b3e9-012c9bf43873", "Bo...ePointVendor": "EVAR"}]' [127 bytes]
2023-04-27 12:50:03,984 - DEBUG - < TEXT '[3, "131c086f-c9d2-4459-b3e9-012c9bf43873", {"s...00Z", "interval": 600}]' [123 bytes]
2023-04-27 12:50:04,078 - DEBUG - Starting new HTTPS connection (1): rgw.devevspcharger.uplus.co.kr:443
2023-04-27 12:50:04,665 - DEBUG - https://rgw.devevspcharger.uplus.co.kr:443 "POST /ioc HTTP/1.1" 200 123
2023-04-27 12:50:04,687 - DEBUG - < TEXT '[2, "8435ba0a-e7c8-4b93-8a64-9753e40dc625", "Ge...ration", {"key": [""]}]' [78 bytes]
2023-04-27 12:50:04,692 - DEBUG - > TEXT '[3, "8435ba0a-e7c8-4b93-8a64-9753e40dc625", {"c...ts", "value": "true"}}]' [120 bytes]
2023-04-27 12:50:04,856 - DEBUG - < TEXT '' [0 bytes]
2023-04-27 12:50:04,877 - DEBUG - Starting new HTTPS connection (1): rgw.devevspcharger.uplus.co.kr:443
2023-04-27 12:50:05,327 - DEBUG - https://rgw.devevspcharger.uplus.co.kr:443 "POST /ioc HTTP/1.1" 200 164
2023-04-27 12:50:05,410 - DEBUG - < TEXT '[2, "cd58a59e-6348-4d19-9a15-a2814c7cdc5c", "Ch...rval", "value": "300"}]' [119 bytes]
2023-04-27 12:50:05,420 - DEBUG - > TEXT '[3, "cd58a59e-6348-4d19-9a15-a2814c7cdc5c", {"status": "Accepted"}]' [67 bytes]
2023-04-27 12:50:05,600 - DEBUG - < TEXT '' [0 bytes]
2023-04-27 12:50:05,648 - DEBUG - > TEXT '[2, "131c086f-c9d2-4459-b3e9-012c9bf43873", "Bo...ePointVendor": "EVAR"}]' [127 bytes]
2023-04-27 12:50:05,964 - DEBUG - < TEXT '[3, "131c086f-c9d2-4459-b3e9-012c9bf43873", {"s...02Z", "interval": 600}]' [123 bytes]
2023-04-27 12:50:06,013 - DEBUG - > TEXT '[2, "131c086f-c9d2-4459-b3e9-012c9bf43873", "St..."status": "Available"}]' [132 bytes]
2023-04-27 12:50:06,315 - DEBUG - < TEXT '[3, "131c086f-c9d2-4459-b3e9-012c9bf43873", {}]' [47 bytes]
2023-04-27 12:50:06,357 - DEBUG - > TEXT '[2, "9d798682-78c3-45d1-8589-ee76606e4fbb", "Heartbeat", {}]' [60 bytes]
2023-04-27 12:50:06,580 - DEBUG - < TEXT '[3, "9d798682-78c3-45d1-8589-ee76606e4fbb", {"c...2023-04-27T12:50:02Z"}]' [84 bytes]
2023-04-27 12:50:06,602 - DEBUG - = connection is CLOSING
2023-04-27 12:50:06,602 - DEBUG - > CLOSE 1000 (OK) [2 bytes]
2023-04-27 12:50:06,630 - DEBUG - < CLOSE 1000 (OK) [2 bytes]
2023-04-27 12:50:06,638 - DEBUG - = connection is CLOSED
2023-04-27 12:53:19,813 - DEBUG - = connection is CONNECTING
2023-04-27 12:53:19,833 - DEBUG - > GET /ocpp16/ELA007C05/EVSCA050001 HTTP/1.1
2023-04-27 12:53:19,833 - DEBUG - > Host: ws.devevspcharger.uplus.co.kr
2023-04-27 12:53:19,834 - DEBUG - > Upgrade: websocket
2023-04-27 12:53:19,834 - DEBUG - > Connection: Upgrade
2023-04-27 12:53:19,834 - DEBUG - > Sec-WebSocket-Key: q7vD7Sun7HXP6Jo7DD1qHA==
2023-04-27 12:53:19,834 - DEBUG - > Sec-WebSocket-Version: 13
2023-04-27 12:53:19,834 - DEBUG - > Sec-WebSocket-Extensions: permessage-deflate; client_max_window_bits
2023-04-27 12:53:19,835 - DEBUG - > Sec-WebSocket-Protocol: ocpp1.6
2023-04-27 12:53:19,835 - DEBUG - > Authorization: Basic RVZBUjpFVkFSTEdV
2023-04-27 12:53:19,835 - DEBUG - > User-Agent: Python/3.11 websockets/10.4
2023-04-27 12:53:20,741 - DEBUG - < HTTP/1.1 101 Switching Protocols
2023-04-27 12:53:20,741 - DEBUG - < Connection: upgrade
2023-04-27 12:53:20,741 - DEBUG - < Date: Thu, 27 Apr 2023 03:53:17 GMT
2023-04-27 12:53:20,742 - DEBUG - < sec-websocket-protocol: ocpp1.6
2023-04-27 12:53:20,742 - DEBUG - < upgrade: websocket
2023-04-27 12:53:20,742 - DEBUG - < sec-websocket-accept: zXouX78UTj0kHziWixQyqP4HcIk=
2023-04-27 12:53:20,742 - DEBUG - < sec-websocket-extensions: permessage-deflate
2023-04-27 12:53:20,742 - DEBUG - < X-Cache: Miss from cloudfront
2023-04-27 12:53:20,743 - DEBUG - < Via: 1.1 f2e81391c8c636f1b66640a0f07510a6.cloudfront.net (CloudFront)
2023-04-27 12:53:20,743 - DEBUG - < X-Amz-Cf-Pop: ICN54-C3
2023-04-27 12:53:20,743 - DEBUG - < X-Amz-Cf-Id: PbOXZETXHuCm6u3vogsXm8-tw5RTFS8NNqPLCYjfexEFHHo7ByypEA==
2023-04-27 12:53:20,743 - DEBUG - = connection is OPEN
2023-04-27 12:53:20,755 - ERROR - Task exception was never retrieved
future: <Task finished name='Task-2' coro=<ChargerSim.startEvent() done, defined at D:\workspace\wss\main.py:124> exception=TypeError('can only concatenate str (not "AttributeError") to str')>
Traceback (most recent call last):
  File "D:\workspace\wss\Charger.py", line 198, in conn
    print(self.ws.ws_socket.getpeercert())
          ^^^^^^^^^^^^^^^^^
AttributeError: 'WebSocketClientProtocol' object has no attribute 'ws_socket'

During handling of the above exception, another exception occurred:

Traceback (most recent call last):
  File "D:\workspace\wss\main.py", line 144, in startEvent
    await self.charger.runcase(self.TC_selected if len(self.TC_selected.keys())>0 else self.TC)
  File "D:\workspace\wss\Charger.py", line 336, in runcase
    await self.conn(case)
  File "D:\workspace\wss\Charger.py", line 202, in conn
    self.log(err)
  File "D:\workspace\wss\Charger.py", line 120, in log
    self.txt_recv.insert(END, datetime.now().isoformat() +' '+ log + '\n', attr)
                              ~~~~~~~~~~~~~~~~~~~~~~~~~~~~~~~^~~~~
TypeError: can only concatenate str (not "AttributeError") to str
2023-04-27 12:53:50,318 - DEBUG - = connection is CONNECTING
2023-04-27 12:53:50,338 - DEBUG - > GET /ocpp16/ELA007C05/EVSCA050001 HTTP/1.1
2023-04-27 12:53:50,339 - DEBUG - > Host: ws.devevspcharger.uplus.co.kr
2023-04-27 12:53:50,339 - DEBUG - > Upgrade: websocket
2023-04-27 12:53:50,339 - DEBUG - > Connection: Upgrade
2023-04-27 12:53:50,339 - DEBUG - > Sec-WebSocket-Key: QVIk2EZABNkcqX5y8CgjYw==
2023-04-27 12:53:50,339 - DEBUG - > Sec-WebSocket-Version: 13
2023-04-27 12:53:50,339 - DEBUG - > Sec-WebSocket-Extensions: permessage-deflate; client_max_window_bits
2023-04-27 12:53:50,339 - DEBUG - > Sec-WebSocket-Protocol: ocpp1.6
2023-04-27 12:53:50,339 - DEBUG - > Authorization: Basic RVZBUjpFVkFSTEdV
2023-04-27 12:53:50,339 - DEBUG - > User-Agent: Python/3.11 websockets/10.4
2023-04-27 12:53:50,633 - DEBUG - < HTTP/1.1 101 Switching Protocols
2023-04-27 12:53:50,633 - DEBUG - < Connection: upgrade
2023-04-27 12:53:50,633 - DEBUG - < Date: Thu, 27 Apr 2023 03:53:46 GMT
2023-04-27 12:53:50,633 - DEBUG - < sec-websocket-protocol: ocpp1.6
2023-04-27 12:53:50,633 - DEBUG - < upgrade: websocket
2023-04-27 12:53:50,633 - DEBUG - < sec-websocket-accept: 3Z10jUtzhTCvZPrTmdKmjrYUAUk=
2023-04-27 12:53:50,633 - DEBUG - < sec-websocket-extensions: permessage-deflate
2023-04-27 12:53:50,634 - DEBUG - < X-Cache: Miss from cloudfront
2023-04-27 12:53:50,634 - DEBUG - < Via: 1.1 f2e81391c8c636f1b66640a0f07510a6.cloudfront.net (CloudFront)
2023-04-27 12:53:50,634 - DEBUG - < X-Amz-Cf-Pop: ICN54-C3
2023-04-27 12:53:50,634 - DEBUG - < X-Amz-Cf-Id: 7F9mF7myI7E8tfMgzmxU36gSC8ozYhTi0pk6-JeGXKE4hzSQMjVMXA==
2023-04-27 12:53:50,634 - DEBUG - = connection is OPEN
2023-04-27 12:53:50,642 - ERROR - Task exception was never retrieved
future: <Task finished name='Task-2' coro=<ChargerSim.startEvent() done, defined at D:\workspace\wss\main.py:124> exception=TypeError('can only concatenate str (not "AttributeError") to str')>
Traceback (most recent call last):
  File "D:\workspace\wss\Charger.py", line 198, in conn
    print(self.ws.ws_socket.getpeercertificate())
         ^^^^^^^^^^^^^^^^^
AttributeError: 'WebSocketClientProtocol' object has no attribute 'ws_socket'

During handling of the above exception, another exception occurred:

Traceback (most recent call last):
  File "D:\workspace\wss\main.py", line 144, in startEvent
    await self.charger.runcase(self.TC_selected if len(self.TC_selected.keys())>0 else self.TC)
  File "D:\workspace\wss\Charger.py", line 336, in runcase
    await self.conn(case)
  File "D:\workspace\wss\Charger.py", line 202, in conn
    self.log(err)
  File "D:\workspace\wss\Charger.py", line 120, in log
    self.txt_recv.insert(END, datetime.now().isoformat() +' '+ log + '\n', attr)
                              ~~~~~~~~~~~~~~~~~~~~~~~~~~~~~~~^~~~~
TypeError: can only concatenate str (not "AttributeError") to str
2023-04-27 12:55:06,752 - DEBUG - = connection is CONNECTING
2023-04-27 12:55:06,770 - DEBUG - > GET /ocpp16/ELA007C05/EVSCA050001 HTTP/1.1
2023-04-27 12:55:06,770 - DEBUG - > Host: ws.devevspcharger.uplus.co.kr
2023-04-27 12:55:06,770 - DEBUG - > Upgrade: websocket
2023-04-27 12:55:06,771 - DEBUG - > Connection: Upgrade
2023-04-27 12:55:06,771 - DEBUG - > Sec-WebSocket-Key: 2FFhdcqFlIl2FUnTOfR3lQ==
2023-04-27 12:55:06,771 - DEBUG - > Sec-WebSocket-Version: 13
2023-04-27 12:55:06,771 - DEBUG - > Sec-WebSocket-Extensions: permessage-deflate; client_max_window_bits
2023-04-27 12:55:06,771 - DEBUG - > Sec-WebSocket-Protocol: ocpp1.6
2023-04-27 12:55:06,771 - DEBUG - > Authorization: Basic RVZBUjpFVkFSTEdV
2023-04-27 12:55:06,771 - DEBUG - > User-Agent: Python/3.11 websockets/10.4
2023-04-27 12:55:07,367 - DEBUG - < HTTP/1.1 101 Switching Protocols
2023-04-27 12:55:07,367 - DEBUG - < Connection: upgrade
2023-04-27 12:55:07,367 - DEBUG - < Date: Thu, 27 Apr 2023 03:55:03 GMT
2023-04-27 12:55:07,367 - DEBUG - < sec-websocket-protocol: ocpp1.6
2023-04-27 12:55:07,368 - DEBUG - < upgrade: websocket
2023-04-27 12:55:07,368 - DEBUG - < sec-websocket-accept: pwmHFPhusTXv7VhbZcI78zCr3eI=
2023-04-27 12:55:07,368 - DEBUG - < sec-websocket-extensions: permessage-deflate
2023-04-27 12:55:07,368 - DEBUG - < X-Cache: Miss from cloudfront
2023-04-27 12:55:07,368 - DEBUG - < Via: 1.1 9d70f5865d7f9861bd7d5325325e3eda.cloudfront.net (CloudFront)
2023-04-27 12:55:07,368 - DEBUG - < X-Amz-Cf-Pop: ICN54-C3
2023-04-27 12:55:07,368 - DEBUG - < X-Amz-Cf-Id: EzOQNFq0yGEM7P53a0hr6FnlaRIdFPRWVdD7eQ43voAvn8F61k2j_A==
2023-04-27 12:55:07,368 - DEBUG - = connection is OPEN
2023-04-27 12:55:07,378 - ERROR - Task exception was never retrieved
future: <Task finished name='Task-2' coro=<ChargerSim.startEvent() done, defined at D:\workspace\wss\main.py:124> exception=TypeError('can only concatenate str (not "AttributeError") to str')>
Traceback (most recent call last):
  File "D:\workspace\wss\Charger.py", line 198, in conn
    print(self.ws.ws_socket.certificate)
          ^^^^^^^^^^^^^^^^^
AttributeError: 'WebSocketClientProtocol' object has no attribute 'ws_socket'

During handling of the above exception, another exception occurred:

Traceback (most recent call last):
  File "D:\workspace\wss\main.py", line 144, in startEvent
    await self.charger.runcase(self.TC_selected if len(self.TC_selected.keys())>0 else self.TC)
  File "D:\workspace\wss\Charger.py", line 336, in runcase
    await self.conn(case)
  File "D:\workspace\wss\Charger.py", line 202, in conn
    self.log(err)
  File "D:\workspace\wss\Charger.py", line 120, in log
    self.txt_recv.insert(END, datetime.now().isoformat() +' '+ log + '\n', attr)
                              ~~~~~~~~~~~~~~~~~~~~~~~~~~~~~~~^~~~~
TypeError: can only concatenate str (not "AttributeError") to str
2023-04-27 12:57:03,288 - DEBUG - = connection is CONNECTING
2023-04-27 12:57:03,310 - DEBUG - > GET /ocpp16/ELA007C05/EVSCA050001 HTTP/1.1
2023-04-27 12:57:03,310 - DEBUG - > Host: ws.devevspcharger.uplus.co.kr
2023-04-27 12:57:03,311 - DEBUG - > Upgrade: websocket
2023-04-27 12:57:03,311 - DEBUG - > Connection: Upgrade
2023-04-27 12:57:03,311 - DEBUG - > Sec-WebSocket-Key: caWcYug/TmtF6TPkJn4EHg==
2023-04-27 12:57:03,311 - DEBUG - > Sec-WebSocket-Version: 13
2023-04-27 12:57:03,311 - DEBUG - > Sec-WebSocket-Extensions: permessage-deflate; client_max_window_bits
2023-04-27 12:57:03,312 - DEBUG - > Sec-WebSocket-Protocol: ocpp1.6
2023-04-27 12:57:03,312 - DEBUG - > Authorization: Basic RVZBUjpFVkFSTEdV
2023-04-27 12:57:03,312 - DEBUG - > User-Agent: Python/3.11 websockets/10.4
2023-04-27 12:57:03,814 - DEBUG - < HTTP/1.1 101 Switching Protocols
2023-04-27 12:57:03,814 - DEBUG - < Connection: upgrade
2023-04-27 12:57:03,815 - DEBUG - < Date: Thu, 27 Apr 2023 03:57:00 GMT
2023-04-27 12:57:03,815 - DEBUG - < sec-websocket-protocol: ocpp1.6
2023-04-27 12:57:03,815 - DEBUG - < upgrade: websocket
2023-04-27 12:57:03,815 - DEBUG - < sec-websocket-accept: HYDbvO4xuMLy4BWg5M650nlvHwU=
2023-04-27 12:57:03,815 - DEBUG - < sec-websocket-extensions: permessage-deflate
2023-04-27 12:57:03,815 - DEBUG - < X-Cache: Miss from cloudfront
2023-04-27 12:57:03,815 - DEBUG - < Via: 1.1 32aced5ae77d10454587c739743b2ec6.cloudfront.net (CloudFront)
2023-04-27 12:57:03,815 - DEBUG - < X-Amz-Cf-Pop: ICN54-C3
2023-04-27 12:57:03,815 - DEBUG - < X-Amz-Cf-Id: 3TXyVS86AAkpYSsoIuHe_qt7m8JmBcnCLGFC7ekpQOnXDQ36NBfByA==
2023-04-27 12:57:03,816 - DEBUG - = connection is OPEN
2023-04-27 12:57:03,840 - DEBUG - > TEXT '[2, "88bbb6e5-1d9d-4897-83f1-ffec85e6b316", "Bo...ePointVendor": "EVAR"}]' [127 bytes]
2023-04-27 12:57:04,280 - DEBUG - < TEXT '[3, "88bbb6e5-1d9d-4897-83f1-ffec85e6b316", {"s...00Z", "interval": 600}]' [123 bytes]
2023-04-27 12:57:04,369 - DEBUG - Starting new HTTPS connection (1): rgw.devevspcharger.uplus.co.kr:443
2023-04-27 12:57:05,847 - DEBUG - https://rgw.devevspcharger.uplus.co.kr:443 "POST /ioc HTTP/1.1" 200 123
2023-04-27 12:57:05,876 - DEBUG - < TEXT '[2, "1da3250c-5b7e-41c2-aaa2-597a438bd2c9", "Ge...ration", {"key": [""]}]' [78 bytes]
2023-04-27 12:57:05,882 - DEBUG - > TEXT '[3, "1da3250c-5b7e-41c2-aaa2-597a438bd2c9", {"c...ts", "value": "true"}}]' [120 bytes]
2023-04-27 12:57:06,041 - DEBUG - < TEXT '' [0 bytes]
2023-04-27 12:57:06,062 - DEBUG - Starting new HTTPS connection (1): rgw.devevspcharger.uplus.co.kr:443
2023-04-27 12:57:06,453 - DEBUG - https://rgw.devevspcharger.uplus.co.kr:443 "POST /ioc HTTP/1.1" 200 164
2023-04-27 12:57:06,532 - DEBUG - < TEXT '[2, "83d95eef-ee6c-4a48-af79-d6d84bf658bf", "Ch...rval", "value": "300"}]' [119 bytes]
2023-04-27 12:57:06,541 - DEBUG - > TEXT '[3, "83d95eef-ee6c-4a48-af79-d6d84bf658bf", {"status": "Accepted"}]' [67 bytes]
2023-04-27 12:57:06,701 - DEBUG - < TEXT '' [0 bytes]
2023-04-27 12:57:06,734 - DEBUG - > TEXT '[2, "88bbb6e5-1d9d-4897-83f1-ffec85e6b316", "Bo...ePointVendor": "EVAR"}]' [127 bytes]
2023-04-27 12:57:07,018 - DEBUG - < TEXT '[3, "88bbb6e5-1d9d-4897-83f1-ffec85e6b316", {"s...03Z", "interval": 600}]' [123 bytes]
2023-04-27 12:57:07,059 - DEBUG - > TEXT '[2, "88bbb6e5-1d9d-4897-83f1-ffec85e6b316", "St..."status": "Available"}]' [132 bytes]
2023-04-27 12:57:07,304 - DEBUG - < TEXT '[3, "88bbb6e5-1d9d-4897-83f1-ffec85e6b316", {}]' [47 bytes]
2023-04-27 12:57:07,343 - DEBUG - > TEXT '[2, "81fa3cbe-42a4-4c26-8bb9-febcde0866a7", "Heartbeat", {}]' [60 bytes]
2023-04-27 12:57:07,539 - DEBUG - < TEXT '[3, "81fa3cbe-42a4-4c26-8bb9-febcde0866a7", {"c...2023-04-27T12:57:03Z"}]' [84 bytes]
2023-04-27 12:57:07,562 - DEBUG - = connection is CLOSING
2023-04-27 12:57:07,563 - DEBUG - > CLOSE 1000 (OK) [2 bytes]
2023-04-27 12:57:07,572 - DEBUG - < CLOSE 1000 (OK) [2 bytes]
2023-04-27 12:57:07,576 - DEBUG - = connection is CLOSED
2023-04-27 12:57:35,842 - DEBUG - = connection is CONNECTING
2023-04-27 12:57:35,862 - DEBUG - > GET /ocpp16/ELA007C05/EVSCA050001 HTTP/1.1
2023-04-27 12:57:35,863 - DEBUG - > Host: ws.devevspcharger.uplus.co.kr
2023-04-27 12:57:35,863 - DEBUG - > Upgrade: websocket
2023-04-27 12:57:35,863 - DEBUG - > Connection: Upgrade
2023-04-27 12:57:35,863 - DEBUG - > Sec-WebSocket-Key: Slou28s8qPBIHdD781v2Mw==
2023-04-27 12:57:35,863 - DEBUG - > Sec-WebSocket-Version: 13
2023-04-27 12:57:35,863 - DEBUG - > Sec-WebSocket-Extensions: permessage-deflate; client_max_window_bits
2023-04-27 12:57:35,864 - DEBUG - > Sec-WebSocket-Protocol: ocpp1.6
2023-04-27 12:57:35,864 - DEBUG - > Authorization: Basic RVZBUjpFVkFSTEdV
2023-04-27 12:57:35,864 - DEBUG - > User-Agent: Python/3.11 websockets/10.4
2023-04-27 12:57:36,207 - DEBUG - < HTTP/1.1 101 Switching Protocols
2023-04-27 12:57:36,207 - DEBUG - < Connection: upgrade
2023-04-27 12:57:36,207 - DEBUG - < Date: Thu, 27 Apr 2023 03:57:32 GMT
2023-04-27 12:57:36,207 - DEBUG - < sec-websocket-protocol: ocpp1.6
2023-04-27 12:57:36,207 - DEBUG - < upgrade: websocket
2023-04-27 12:57:36,207 - DEBUG - < sec-websocket-accept: x7+m5bDd9Urb91rRdP9FyOPULeU=
2023-04-27 12:57:36,207 - DEBUG - < sec-websocket-extensions: permessage-deflate
2023-04-27 12:57:36,207 - DEBUG - < X-Cache: Miss from cloudfront
2023-04-27 12:57:36,207 - DEBUG - < Via: 1.1 cef07ecead76a162c3881b4b2647631a.cloudfront.net (CloudFront)
2023-04-27 12:57:36,208 - DEBUG - < X-Amz-Cf-Pop: ICN54-C3
2023-04-27 12:57:36,208 - DEBUG - < X-Amz-Cf-Id: trkr8KkrjMZ2Bkt3JotrcRM-6Fmrw6ZlE5RH6HpF0K3y5rcxJKZ19Q==
2023-04-27 12:57:36,208 - DEBUG - = connection is OPEN
2023-04-27 12:57:36,217 - ERROR - Task exception was never retrieved
future: <Task finished name='Task-2' coro=<ChargerSim.startEvent() done, defined at D:\workspace\wss\main.py:124> exception=TypeError('can only concatenate str (not "AttributeError") to str')>
Traceback (most recent call last):
  File "D:\workspace\wss\Charger.py", line 197, in conn
    ssl_socket =self.ws.writer.transport.get_extra_info('ssl_object')
                ^^^^^^^^^^^^^^
AttributeError: 'WebSocketClientProtocol' object has no attribute 'writer'

During handling of the above exception, another exception occurred:

Traceback (most recent call last):
  File "D:\workspace\wss\main.py", line 144, in startEvent
    await self.charger.runcase(self.TC_selected if len(self.TC_selected.keys())>0 else self.TC)
  File "D:\workspace\wss\Charger.py", line 337, in runcase
    await self.conn(case)
  File "D:\workspace\wss\Charger.py", line 203, in conn
    self.log(err)
  File "D:\workspace\wss\Charger.py", line 120, in log
    self.txt_recv.insert(END, datetime.now().isoformat() +' '+ log + '\n', attr)
                              ~~~~~~~~~~~~~~~~~~~~~~~~~~~~~~~^~~~~
TypeError: can only concatenate str (not "AttributeError") to str
2023-04-27 12:58:56,111 - DEBUG - = connection is CONNECTING
2023-04-27 12:58:56,133 - DEBUG - > GET /ocpp16/ELA007C05/EVSCA050001 HTTP/1.1
2023-04-27 12:58:56,133 - DEBUG - > Host: ws.devevspcharger.uplus.co.kr
2023-04-27 12:58:56,133 - DEBUG - > Upgrade: websocket
2023-04-27 12:58:56,133 - DEBUG - > Connection: Upgrade
2023-04-27 12:58:56,134 - DEBUG - > Sec-WebSocket-Key: pVkrs40T9nq29VthR3CwyA==
2023-04-27 12:58:56,134 - DEBUG - > Sec-WebSocket-Version: 13
2023-04-27 12:58:56,134 - DEBUG - > Sec-WebSocket-Extensions: permessage-deflate; client_max_window_bits
2023-04-27 12:58:56,134 - DEBUG - > Sec-WebSocket-Protocol: ocpp1.6
2023-04-27 12:58:56,134 - DEBUG - > Authorization: Basic RVZBUjpFVkFSTEdV
2023-04-27 12:58:56,134 - DEBUG - > User-Agent: Python/3.11 websockets/10.4
2023-04-27 12:58:56,689 - DEBUG - < HTTP/1.1 101 Switching Protocols
2023-04-27 12:58:56,689 - DEBUG - < Connection: upgrade
2023-04-27 12:58:56,689 - DEBUG - < Date: Thu, 27 Apr 2023 03:58:53 GMT
2023-04-27 12:58:56,689 - DEBUG - < sec-websocket-protocol: ocpp1.6
2023-04-27 12:58:56,689 - DEBUG - < upgrade: websocket
2023-04-27 12:58:56,689 - DEBUG - < sec-websocket-accept: VJ/QNZUUsAT0enyodcCyoVUgGMo=
2023-04-27 12:58:56,689 - DEBUG - < sec-websocket-extensions: permessage-deflate
2023-04-27 12:58:56,690 - DEBUG - < X-Cache: Miss from cloudfront
2023-04-27 12:58:56,690 - DEBUG - < Via: 1.1 ba4aea93d8c5838f3aa205a697b95174.cloudfront.net (CloudFront)
2023-04-27 12:58:56,690 - DEBUG - < X-Amz-Cf-Pop: ICN54-C3
2023-04-27 12:58:56,690 - DEBUG - < X-Amz-Cf-Id: lffdx7J22te_iQGUIwpHv5u_xKMBIPTQ72XX-KOHvgQcYPf4-4rAKg==
2023-04-27 12:58:56,690 - DEBUG - = connection is OPEN
2023-04-27 12:58:56,712 - DEBUG - > TEXT '[2, "36a6ca2c-758c-4197-943d-8b931d76473c", "Bo...ePointVendor": "EVAR"}]' [127 bytes]
2023-04-27 12:58:57,162 - DEBUG - < TEXT '[3, "36a6ca2c-758c-4197-943d-8b931d76473c", {"s...53Z", "interval": 600}]' [123 bytes]
2023-04-27 12:58:57,241 - DEBUG - Starting new HTTPS connection (1): rgw.devevspcharger.uplus.co.kr:443
2023-04-27 12:58:57,849 - DEBUG - https://rgw.devevspcharger.uplus.co.kr:443 "POST /ioc HTTP/1.1" 200 123
2023-04-27 12:58:57,874 - DEBUG - < TEXT '[2, "60a537d4-581c-4688-adf9-4db9b38f0e1d", "Ge...ration", {"key": [""]}]' [78 bytes]
2023-04-27 12:58:57,880 - DEBUG - > TEXT '[3, "60a537d4-581c-4688-adf9-4db9b38f0e1d", {"c...ts", "value": "true"}}]' [120 bytes]
2023-04-27 12:58:58,040 - DEBUG - < TEXT '' [0 bytes]
2023-04-27 12:58:58,073 - DEBUG - Starting new HTTPS connection (1): rgw.devevspcharger.uplus.co.kr:443
2023-04-27 12:58:58,473 - DEBUG - https://rgw.devevspcharger.uplus.co.kr:443 "POST /ioc HTTP/1.1" 200 164
2023-04-27 12:58:58,583 - DEBUG - < TEXT '[2, "ccb4fb65-14a1-42f6-9dd5-909a851452d1", "Ch...rval", "value": "300"}]' [119 bytes]
2023-04-27 12:58:58,588 - DEBUG - > TEXT '[3, "ccb4fb65-14a1-42f6-9dd5-909a851452d1", {"status": "Accepted"}]' [67 bytes]
2023-04-27 12:58:58,751 - DEBUG - < TEXT '' [0 bytes]
2023-04-27 12:58:58,793 - DEBUG - > TEXT '[2, "36a6ca2c-758c-4197-943d-8b931d76473c", "Bo...ePointVendor": "EVAR"}]' [127 bytes]
2023-04-27 12:58:59,287 - DEBUG - < TEXT '[3, "36a6ca2c-758c-4197-943d-8b931d76473c", {"s...55Z", "interval": 600}]' [123 bytes]
2023-04-27 13:01:47,474 - DEBUG - = connection is CONNECTING
2023-04-27 13:01:47,495 - DEBUG - > GET /ocpp16/ELA007C05/EVSCA050001 HTTP/1.1
2023-04-27 13:01:47,495 - DEBUG - > Host: ws.devevspcharger.uplus.co.kr
2023-04-27 13:01:47,496 - DEBUG - > Upgrade: websocket
2023-04-27 13:01:47,496 - DEBUG - > Connection: Upgrade
2023-04-27 13:01:47,497 - DEBUG - > Sec-WebSocket-Key: w0CbZ3H9+oKaiUeOQp+zGQ==
2023-04-27 13:01:47,497 - DEBUG - > Sec-WebSocket-Version: 13
2023-04-27 13:01:47,497 - DEBUG - > Sec-WebSocket-Extensions: permessage-deflate; client_max_window_bits
2023-04-27 13:01:47,497 - DEBUG - > Sec-WebSocket-Protocol: ocpp1.6
2023-04-27 13:01:47,498 - DEBUG - > Authorization: Basic RVZBUjpFVkFSTEdV
2023-04-27 13:01:47,498 - DEBUG - > User-Agent: Python/3.11 websockets/10.4
2023-04-27 13:01:48,052 - DEBUG - < HTTP/1.1 101 Switching Protocols
2023-04-27 13:01:48,052 - DEBUG - < Connection: upgrade
2023-04-27 13:01:48,053 - DEBUG - < Date: Thu, 27 Apr 2023 04:01:44 GMT
2023-04-27 13:01:48,053 - DEBUG - < sec-websocket-protocol: ocpp1.6
2023-04-27 13:01:48,053 - DEBUG - < upgrade: websocket
2023-04-27 13:01:48,053 - DEBUG - < sec-websocket-accept: 6AGbRmXwPc/Fk6VzEgXdScYc03g=
2023-04-27 13:01:48,053 - DEBUG - < sec-websocket-extensions: permessage-deflate
2023-04-27 13:01:48,053 - DEBUG - < X-Cache: Miss from cloudfront
2023-04-27 13:01:48,054 - DEBUG - < Via: 1.1 0f53a150de99d166148c222ab76bc6f8.cloudfront.net (CloudFront)
2023-04-27 13:01:48,054 - DEBUG - < X-Amz-Cf-Pop: ICN54-C3
2023-04-27 13:01:48,054 - DEBUG - < X-Amz-Cf-Id: s68CjepjRxa0Y6TlxlMMaWZ0jbVIIkB5IdVPiVWutRM379Nsn_D24w==
2023-04-27 13:01:48,055 - DEBUG - = connection is OPEN
2023-04-27 13:01:48,090 - DEBUG - > TEXT '[2, "432c0a1e-6f7f-4be5-892f-d39818f76f26", "Bo...ePointVendor": "EVAR"}]' [127 bytes]
2023-04-27 13:01:48,501 - DEBUG - < TEXT '[3, "432c0a1e-6f7f-4be5-892f-d39818f76f26", {"s...44Z", "interval": 600}]' [123 bytes]
2023-04-27 13:01:48,627 - DEBUG - Starting new HTTPS connection (1): rgw.devevspcharger.uplus.co.kr:443
2023-04-27 13:01:49,212 - DEBUG - https://rgw.devevspcharger.uplus.co.kr:443 "POST /ioc HTTP/1.1" 200 123
2023-04-27 13:01:49,243 - DEBUG - < TEXT '[2, "016a2026-82b4-4487-ac45-2a6113fa3ea8", "Ge...ration", {"key": [""]}]' [78 bytes]
2023-04-27 13:01:49,249 - DEBUG - > TEXT '[3, "016a2026-82b4-4487-ac45-2a6113fa3ea8", {"c...ts", "value": "true"}}]' [120 bytes]
2023-04-27 13:01:49,402 - DEBUG - < TEXT '' [0 bytes]
2023-04-27 13:01:49,423 - DEBUG - Starting new HTTPS connection (1): rgw.devevspcharger.uplus.co.kr:443
2023-04-27 13:01:49,815 - DEBUG - https://rgw.devevspcharger.uplus.co.kr:443 "POST /ioc HTTP/1.1" 200 164
2023-04-27 13:01:49,909 - DEBUG - < TEXT '[2, "e823d4b9-4aca-45ae-bb7a-cc479fea8670", "Ch...rval", "value": "300"}]' [119 bytes]
2023-04-27 13:01:49,921 - DEBUG - > TEXT '[3, "e823d4b9-4aca-45ae-bb7a-cc479fea8670", {"status": "Accepted"}]' [67 bytes]
2023-04-27 13:01:50,089 - DEBUG - < TEXT '' [0 bytes]
2023-04-27 13:01:50,136 - DEBUG - > TEXT '[2, "432c0a1e-6f7f-4be5-892f-d39818f76f26", "Bo...ePointVendor": "EVAR"}]' [127 bytes]
2023-04-27 13:01:50,403 - DEBUG - < TEXT '[3, "432c0a1e-6f7f-4be5-892f-d39818f76f26", {"s...46Z", "interval": 600}]' [123 bytes]
2023-04-27 13:01:50,466 - DEBUG - > TEXT '[2, "432c0a1e-6f7f-4be5-892f-d39818f76f26", "St..."status": "Available"}]' [132 bytes]
2023-04-27 13:01:50,683 - DEBUG - < TEXT '[3, "432c0a1e-6f7f-4be5-892f-d39818f76f26", {}]' [47 bytes]
2023-04-27 13:01:50,734 - DEBUG - > TEXT '[2, "3ad915dd-fb10-4bf5-bfcb-a64f77efb152", "Heartbeat", {}]' [60 bytes]
2023-04-27 13:01:50,940 - DEBUG - < TEXT '[3, "3ad915dd-fb10-4bf5-bfcb-a64f77efb152", {"c...2023-04-27T13:01:47Z"}]' [84 bytes]
2023-04-27 13:01:50,965 - DEBUG - = connection is CLOSING
2023-04-27 13:01:50,965 - DEBUG - > CLOSE 1000 (OK) [2 bytes]
2023-04-27 13:01:50,974 - DEBUG - < CLOSE 1000 (OK) [2 bytes]
2023-04-27 13:01:50,982 - DEBUG - = connection is CLOSED
2023-04-27 13:02:31,818 - DEBUG - = connection is CONNECTING
2023-04-27 13:02:31,837 - DEBUG - > GET /ocpp16/ELA007C05/EVSCA050001 HTTP/1.1
2023-04-27 13:02:31,837 - DEBUG - > Host: ws.devevspcharger.uplus.co.kr
2023-04-27 13:02:31,837 - DEBUG - > Upgrade: websocket
2023-04-27 13:02:31,838 - DEBUG - > Connection: Upgrade
2023-04-27 13:02:31,838 - DEBUG - > Sec-WebSocket-Key: uWKUuUb9NFHISK9A1qZL/Q==
2023-04-27 13:02:31,838 - DEBUG - > Sec-WebSocket-Version: 13
2023-04-27 13:02:31,838 - DEBUG - > Sec-WebSocket-Extensions: permessage-deflate; client_max_window_bits
2023-04-27 13:02:31,838 - DEBUG - > Sec-WebSocket-Protocol: ocpp1.6
2023-04-27 13:02:31,838 - DEBUG - > Authorization: Basic RVZBUjpFVkFSTEdV
2023-04-27 13:02:31,838 - DEBUG - > User-Agent: Python/3.11 websockets/10.4
2023-04-27 13:02:32,153 - DEBUG - < HTTP/1.1 101 Switching Protocols
2023-04-27 13:02:32,154 - DEBUG - < Connection: upgrade
2023-04-27 13:02:32,154 - DEBUG - < Date: Thu, 27 Apr 2023 04:02:28 GMT
2023-04-27 13:02:32,154 - DEBUG - < sec-websocket-protocol: ocpp1.6
2023-04-27 13:02:32,154 - DEBUG - < upgrade: websocket
2023-04-27 13:02:32,154 - DEBUG - < sec-websocket-accept: R1XcNvj9j8waaORiNr1/hzmufHI=
2023-04-27 13:02:32,154 - DEBUG - < sec-websocket-extensions: permessage-deflate
2023-04-27 13:02:32,154 - DEBUG - < X-Cache: Miss from cloudfront
2023-04-27 13:02:32,155 - DEBUG - < Via: 1.1 5cf9d27c64fa8c7d17a88985e8f0644a.cloudfront.net (CloudFront)
2023-04-27 13:02:32,155 - DEBUG - < X-Amz-Cf-Pop: ICN54-C3
2023-04-27 13:02:32,155 - DEBUG - < X-Amz-Cf-Id: uPmcaSeqQ_LftaJ6XRtr3fxooKKTsIHwVjBbBr1KUlnwljT_xAiR2Q==
2023-04-27 13:02:32,155 - DEBUG - = connection is OPEN
2023-04-27 13:02:32,180 - DEBUG - > TEXT '[2, "f851cb6b-aac3-43a5-b7ed-abb0056fd586", "Bo...ePointVendor": "EVAR"}]' [127 bytes]
2023-04-27 13:02:32,495 - DEBUG - < TEXT '[3, "f851cb6b-aac3-43a5-b7ed-abb0056fd586", {"s...28Z", "interval": 600}]' [123 bytes]
2023-04-27 13:02:32,574 - DEBUG - Starting new HTTPS connection (1): rgw.devevspcharger.uplus.co.kr:443
2023-04-27 13:02:32,952 - DEBUG - https://rgw.devevspcharger.uplus.co.kr:443 "POST /ioc HTTP/1.1" 200 123
2023-04-27 13:02:32,975 - DEBUG - < TEXT '[2, "b15eda68-dce2-4c68-a274-9d6cee93cd3b", "Ge...ration", {"key": [""]}]' [78 bytes]
2023-04-27 13:02:32,981 - DEBUG - > TEXT '[3, "b15eda68-dce2-4c68-a274-9d6cee93cd3b", {"c...ts", "value": "true"}}]' [120 bytes]
2023-04-27 13:02:33,143 - DEBUG - < TEXT '' [0 bytes]
2023-04-27 13:02:33,161 - DEBUG - Starting new HTTPS connection (1): rgw.devevspcharger.uplus.co.kr:443
2023-04-27 13:02:33,575 - DEBUG - https://rgw.devevspcharger.uplus.co.kr:443 "POST /ioc HTTP/1.1" 200 164
2023-04-27 13:02:33,658 - DEBUG - < TEXT '[2, "bf0ea0aa-7007-4a41-a6c9-37efa3fb1c00", "Ch...rval", "value": "300"}]' [119 bytes]
2023-04-27 13:02:33,688 - DEBUG - > TEXT '[3, "bf0ea0aa-7007-4a41-a6c9-37efa3fb1c00", {"status": "Accepted"}]' [67 bytes]
2023-04-27 13:02:33,898 - DEBUG - < TEXT '' [0 bytes]
2023-04-27 13:02:33,939 - DEBUG - > TEXT '[2, "f851cb6b-aac3-43a5-b7ed-abb0056fd586", "Bo...ePointVendor": "EVAR"}]' [127 bytes]
2023-04-27 13:02:34,206 - DEBUG - < TEXT '[3, "f851cb6b-aac3-43a5-b7ed-abb0056fd586", {"s...30Z", "interval": 600}]' [123 bytes]
2023-04-27 13:02:34,250 - DEBUG - > TEXT '[2, "f851cb6b-aac3-43a5-b7ed-abb0056fd586", "St..."status": "Available"}]' [132 bytes]
2023-04-27 13:02:34,462 - DEBUG - < TEXT '[3, "f851cb6b-aac3-43a5-b7ed-abb0056fd586", {}]' [47 bytes]
2023-04-27 13:02:34,505 - DEBUG - > TEXT '[2, "06b90124-3dbc-4095-b8d4-85504049b38f", "Heartbeat", {}]' [60 bytes]
2023-04-27 13:02:34,702 - DEBUG - < TEXT '[3, "06b90124-3dbc-4095-b8d4-85504049b38f", {"c...2023-04-27T13:02:30Z"}]' [84 bytes]
2023-04-27 13:02:34,719 - DEBUG - = connection is CLOSING
2023-04-27 13:02:34,719 - DEBUG - > CLOSE 1000 (OK) [2 bytes]
2023-04-27 13:02:34,727 - DEBUG - < CLOSE 1000 (OK) [2 bytes]
2023-04-27 13:02:34,732 - DEBUG - = connection is CLOSED
2023-04-27 13:09:51,809 - DEBUG - = connection is CONNECTING
2023-04-27 13:09:51,834 - DEBUG - > GET /ocpp16/ELA007C05/EVSCA050001 HTTP/1.1
2023-04-27 13:09:51,835 - DEBUG - > Host: ws.devevspcharger.uplus.co.kr
2023-04-27 13:09:51,835 - DEBUG - > Upgrade: websocket
2023-04-27 13:09:51,836 - DEBUG - > Connection: Upgrade
2023-04-27 13:09:51,836 - DEBUG - > Sec-WebSocket-Key: +isLJned5g3qlTfFE7R/fQ==
2023-04-27 13:09:51,836 - DEBUG - > Sec-WebSocket-Version: 13
2023-04-27 13:09:51,836 - DEBUG - > Sec-WebSocket-Extensions: permessage-deflate; client_max_window_bits
2023-04-27 13:09:51,836 - DEBUG - > Sec-WebSocket-Protocol: ocpp1.6
2023-04-27 13:09:51,836 - DEBUG - > Authorization: Basic RVZBUjpFVkFSTEdV
2023-04-27 13:09:51,836 - DEBUG - > User-Agent: Python/3.11 websockets/10.4
2023-04-27 13:09:53,230 - DEBUG - < HTTP/1.1 101 Switching Protocols
2023-04-27 13:09:53,231 - DEBUG - < Connection: upgrade
2023-04-27 13:09:53,231 - DEBUG - < Date: Thu, 27 Apr 2023 04:09:49 GMT
2023-04-27 13:09:53,231 - DEBUG - < sec-websocket-protocol: ocpp1.6
2023-04-27 13:09:53,231 - DEBUG - < upgrade: websocket
2023-04-27 13:09:53,231 - DEBUG - < sec-websocket-accept: lKUrkNhMOxSBhICnC6HIIgNzeDE=
2023-04-27 13:09:53,231 - DEBUG - < sec-websocket-extensions: permessage-deflate
2023-04-27 13:09:53,231 - DEBUG - < X-Cache: Miss from cloudfront
2023-04-27 13:09:53,231 - DEBUG - < Via: 1.1 850d7b5cefd436dba9ce143378305f38.cloudfront.net (CloudFront)
2023-04-27 13:09:53,231 - DEBUG - < X-Amz-Cf-Pop: ICN54-C3
2023-04-27 13:09:53,231 - DEBUG - < X-Amz-Cf-Id: JYxTD3FcgHjK82QHCU3sCi2EPP-0XdWIVGRR7u4CtgO7qSDMkto8xA==
2023-04-27 13:09:53,232 - DEBUG - = connection is OPEN
2023-04-27 13:09:53,254 - DEBUG - > TEXT '[2, "ac8cedfa-91e2-4128-a79e-e1bbd8bbdd65", "Bo...ePointVendor": "EVAR"}]' [127 bytes]
2023-04-27 13:09:53,526 - DEBUG - < TEXT '[3, "ac8cedfa-91e2-4128-a79e-e1bbd8bbdd65", {"s...49Z", "interval": 600}]' [123 bytes]
2023-04-27 13:09:53,608 - DEBUG - Starting new HTTPS connection (1): rgw.devevspcharger.uplus.co.kr:443
2023-04-27 13:09:55,154 - DEBUG - https://rgw.devevspcharger.uplus.co.kr:443 "POST /ioc HTTP/1.1" 200 123
2023-04-27 13:09:55,210 - DEBUG - < TEXT '[2, "726dcdb4-2e56-4d46-a6b1-0782d330b282", "Ge...ration", {"key": [""]}]' [78 bytes]
2023-04-27 13:09:55,220 - DEBUG - > TEXT '[3, "726dcdb4-2e56-4d46-a6b1-0782d330b282", {"c...ts", "value": "true"}}]' [120 bytes]
2023-04-27 13:09:55,387 - DEBUG - < TEXT '' [0 bytes]
2023-04-27 13:09:55,406 - DEBUG - Starting new HTTPS connection (1): rgw.devevspcharger.uplus.co.kr:443
2023-04-27 13:09:55,875 - DEBUG - https://rgw.devevspcharger.uplus.co.kr:443 "POST /ioc HTTP/1.1" 200 164
2023-04-27 13:09:55,957 - DEBUG - < TEXT '[2, "afa0db01-eabd-4a94-b109-d31764e932e1", "Ch...rval", "value": "300"}]' [119 bytes]
2023-04-27 13:09:55,969 - DEBUG - > TEXT '[3, "afa0db01-eabd-4a94-b109-d31764e932e1", {"status": "Accepted"}]' [67 bytes]
2023-04-27 13:09:56,125 - DEBUG - < TEXT '' [0 bytes]
2023-04-27 13:09:56,176 - DEBUG - > TEXT '[2, "ac8cedfa-91e2-4128-a79e-e1bbd8bbdd65", "Bo...ePointVendor": "EVAR"}]' [127 bytes]
2023-04-27 13:09:56,445 - DEBUG - < TEXT '[3, "ac8cedfa-91e2-4128-a79e-e1bbd8bbdd65", {"s...52Z", "interval": 600}]' [123 bytes]
2023-04-27 13:09:56,492 - DEBUG - > TEXT '[2, "ac8cedfa-91e2-4128-a79e-e1bbd8bbdd65", "St..."status": "Available"}]' [132 bytes]
2023-04-27 13:09:56,729 - DEBUG - < TEXT '[3, "ac8cedfa-91e2-4128-a79e-e1bbd8bbdd65", {}]' [47 bytes]
2023-04-27 13:09:56,778 - DEBUG - > TEXT '[2, "adf0e7f5-f8da-4690-bc3e-0bca079b2d24", "Heartbeat", {}]' [60 bytes]
2023-04-27 13:09:56,986 - DEBUG - < TEXT '[3, "adf0e7f5-f8da-4690-bc3e-0bca079b2d24", {"c...2023-04-27T13:09:53Z"}]' [84 bytes]
2023-04-27 13:09:57,004 - DEBUG - = connection is CLOSING
2023-04-27 13:09:57,004 - DEBUG - > CLOSE 1000 (OK) [2 bytes]
2023-04-27 13:09:57,011 - DEBUG - < CLOSE 1000 (OK) [2 bytes]
2023-04-27 13:09:57,018 - DEBUG - = connection is CLOSED
2023-04-27 13:19:34,719 - DEBUG - = connection is CONNECTING
2023-04-27 13:19:34,737 - DEBUG - > GET /ocpp16/ELA007C05/EVSCA050001 HTTP/1.1
2023-04-27 13:19:34,738 - DEBUG - > Host: ws.devevspcharger.uplus.co.kr
2023-04-27 13:19:34,738 - DEBUG - > Upgrade: websocket
2023-04-27 13:19:34,738 - DEBUG - > Connection: Upgrade
2023-04-27 13:19:34,738 - DEBUG - > Sec-WebSocket-Key: QGcFwsdTKiI3OsxleOWBSg==
2023-04-27 13:19:34,738 - DEBUG - > Sec-WebSocket-Version: 13
2023-04-27 13:19:34,738 - DEBUG - > Sec-WebSocket-Extensions: permessage-deflate; client_max_window_bits
2023-04-27 13:19:34,738 - DEBUG - > Sec-WebSocket-Protocol: ocpp1.6
2023-04-27 13:19:34,739 - DEBUG - > Authorization: Basic RVZBUjpFVkFSTEdV
2023-04-27 13:19:34,739 - DEBUG - > User-Agent: Python/3.11 websockets/10.4
2023-04-27 13:19:36,108 - DEBUG - < HTTP/1.1 101 Switching Protocols
2023-04-27 13:19:36,108 - DEBUG - < Connection: upgrade
2023-04-27 13:19:36,109 - DEBUG - < Date: Thu, 27 Apr 2023 04:19:32 GMT
2023-04-27 13:19:36,109 - DEBUG - < sec-websocket-protocol: ocpp1.6
2023-04-27 13:19:36,109 - DEBUG - < upgrade: websocket
2023-04-27 13:19:36,109 - DEBUG - < sec-websocket-accept: xWxlN7U/q7kj1KM0+gb5fhZK1K0=
2023-04-27 13:19:36,109 - DEBUG - < sec-websocket-extensions: permessage-deflate
2023-04-27 13:19:36,109 - DEBUG - < X-Cache: Miss from cloudfront
2023-04-27 13:19:36,109 - DEBUG - < Via: 1.1 d7fcc9c7b428de5effc8b4bdbb9154ce.cloudfront.net (CloudFront)
2023-04-27 13:19:36,110 - DEBUG - < X-Amz-Cf-Pop: ICN54-C3
2023-04-27 13:19:36,110 - DEBUG - < X-Amz-Cf-Id: Qo_TL1B-r6My0zHMv5qDJsJp-dxCbg9nZmcitczNq0rc_fSl-dwjWQ==
2023-04-27 13:19:36,110 - DEBUG - = connection is OPEN
2023-04-27 13:19:36,144 - DEBUG - > TEXT '[2, "44f0f1dd-8d91-4104-9a7e-6dd29dd2c384", "Bo...ePointVendor": "EVAR"}]' [127 bytes]
2023-04-27 13:19:36,407 - DEBUG - < TEXT '[3, "44f0f1dd-8d91-4104-9a7e-6dd29dd2c384", {"s...32Z", "interval": 600}]' [123 bytes]
2023-04-27 13:19:36,510 - DEBUG - Starting new HTTPS connection (1): rgw.devevspcharger.uplus.co.kr:443
2023-04-27 13:19:38,084 - DEBUG - https://rgw.devevspcharger.uplus.co.kr:443 "POST /ioc HTTP/1.1" 200 123
2023-04-27 13:19:38,143 - DEBUG - < TEXT '[2, "5bca165a-7649-4ab1-a8ba-a58233531ef7", "Ge...ration", {"key": [""]}]' [78 bytes]
2023-04-27 13:19:38,150 - DEBUG - > TEXT '[3, "5bca165a-7649-4ab1-a8ba-a58233531ef7", {"c...ts", "value": "true"}}]' [120 bytes]
2023-04-27 13:19:38,311 - DEBUG - < TEXT '' [0 bytes]
2023-04-27 13:19:38,336 - DEBUG - Starting new HTTPS connection (1): rgw.devevspcharger.uplus.co.kr:443
2023-04-27 13:19:38,767 - DEBUG - https://rgw.devevspcharger.uplus.co.kr:443 "POST /ioc HTTP/1.1" 200 164
2023-04-27 13:19:38,845 - DEBUG - < TEXT '[2, "975ec9ed-0c06-46b6-8919-99d099e3fcd1", "Ch...rval", "value": "300"}]' [119 bytes]
2023-04-27 13:19:38,859 - DEBUG - > TEXT '[3, "975ec9ed-0c06-46b6-8919-99d099e3fcd1", {"status": "Accepted"}]' [67 bytes]
2023-04-27 13:19:39,010 - DEBUG - < TEXT '' [0 bytes]
2023-04-27 13:19:39,050 - DEBUG - > TEXT '[2, "44f0f1dd-8d91-4104-9a7e-6dd29dd2c384", "Bo...ePointVendor": "EVAR"}]' [127 bytes]
2023-04-27 13:19:39,291 - DEBUG - < TEXT '[3, "44f0f1dd-8d91-4104-9a7e-6dd29dd2c384", {"s...35Z", "interval": 600}]' [123 bytes]
2023-04-27 13:19:39,354 - DEBUG - > TEXT '[2, "44f0f1dd-8d91-4104-9a7e-6dd29dd2c384", "St..."status": "Available"}]' [132 bytes]
2023-04-27 13:19:39,572 - DEBUG - < TEXT '[3, "44f0f1dd-8d91-4104-9a7e-6dd29dd2c384", {}]' [47 bytes]
2023-04-27 13:19:39,619 - DEBUG - > TEXT '[2, "8fbb8bb6-4fd1-49ad-b5fc-3b5671632c01", "Heartbeat", {}]' [60 bytes]
2023-04-27 13:19:39,811 - DEBUG - < TEXT '[3, "8fbb8bb6-4fd1-49ad-b5fc-3b5671632c01", {"c...2023-04-27T13:19:36Z"}]' [84 bytes]
2023-04-27 13:19:39,847 - DEBUG - = connection is CLOSING
2023-04-27 13:19:39,847 - DEBUG - > CLOSE 1000 (OK) [2 bytes]
2023-04-27 13:19:39,856 - DEBUG - < CLOSE 1000 (OK) [2 bytes]
2023-04-27 13:19:39,865 - DEBUG - = connection is CLOSED
2023-04-27 13:20:21,450 - ERROR - Task exception was never retrieved
future: <Task finished name='Task-2' coro=<ChargerSim.startEvent() done, defined at D:\workspace\wss\main.py:124> exception=TypeError('can only concatenate str (not "NameError") to str')>
Traceback (most recent call last):
  File "D:\workspace\wss\Charger.py", line 188, in conn
    ssl=ssl_context
        ^^^^^^^^^^^
NameError: name 'ssl_context' is not defined

During handling of the above exception, another exception occurred:

Traceback (most recent call last):
  File "D:\workspace\wss\main.py", line 144, in startEvent
    await self.charger.runcase(self.TC_selected if len(self.TC_selected.keys())>0 else self.TC)
  File "D:\workspace\wss\Charger.py", line 338, in runcase
    await self.conn(case)
  File "D:\workspace\wss\Charger.py", line 204, in conn
    self.log(err)
  File "D:\workspace\wss\Charger.py", line 120, in log
    self.txt_recv.insert(END, datetime.now().isoformat() +' '+ log + '\n', attr)
                              ~~~~~~~~~~~~~~~~~~~~~~~~~~~~~~~^~~~~
TypeError: can only concatenate str (not "NameError") to str
2023-04-27 13:20:42,960 - DEBUG - = connection is CONNECTING
2023-04-27 13:20:42,985 - DEBUG - > GET /ocpp16/ELA007C05/EVSCA050001 HTTP/1.1
2023-04-27 13:20:42,985 - DEBUG - > Host: ws.devevspcharger.uplus.co.kr
2023-04-27 13:20:42,986 - DEBUG - > Upgrade: websocket
2023-04-27 13:20:42,986 - DEBUG - > Connection: Upgrade
2023-04-27 13:20:42,986 - DEBUG - > Sec-WebSocket-Key: 7u6BaxmECTyp7DJNSzfj5Q==
2023-04-27 13:20:42,986 - DEBUG - > Sec-WebSocket-Version: 13
2023-04-27 13:20:42,986 - DEBUG - > Sec-WebSocket-Extensions: permessage-deflate; client_max_window_bits
2023-04-27 13:20:42,986 - DEBUG - > Sec-WebSocket-Protocol: ocpp1.6
2023-04-27 13:20:42,987 - DEBUG - > Authorization: Basic RVZBUjpFVkFSTEdV
2023-04-27 13:20:42,987 - DEBUG - > User-Agent: Python/3.11 websockets/10.4
2023-04-27 13:20:43,564 - DEBUG - < HTTP/1.1 101 Switching Protocols
2023-04-27 13:20:43,564 - DEBUG - < Connection: upgrade
2023-04-27 13:20:43,564 - DEBUG - < Date: Thu, 27 Apr 2023 04:20:39 GMT
2023-04-27 13:20:43,564 - DEBUG - < sec-websocket-protocol: ocpp1.6
2023-04-27 13:20:43,564 - DEBUG - < upgrade: websocket
2023-04-27 13:20:43,565 - DEBUG - < sec-websocket-accept: GBSj/E33TY7+8Y7+eZRPFgaMbKM=
2023-04-27 13:20:43,565 - DEBUG - < sec-websocket-extensions: permessage-deflate
2023-04-27 13:20:43,565 - DEBUG - < X-Cache: Miss from cloudfront
2023-04-27 13:20:43,565 - DEBUG - < Via: 1.1 39b01ee3aad498925b8c08ac87216430.cloudfront.net (CloudFront)
2023-04-27 13:20:43,565 - DEBUG - < X-Amz-Cf-Pop: ICN54-C3
2023-04-27 13:20:43,565 - DEBUG - < X-Amz-Cf-Id: oowkqp58gnfvvSfKSy9m2T8FuDRO0kC-Dtd8DKJLgLbrzOdbSyWibA==
2023-04-27 13:20:43,565 - DEBUG - = connection is OPEN
2023-04-27 13:20:43,587 - DEBUG - > TEXT '[2, "d82df54e-c800-4a6c-97b4-02a862fee405", "Bo...ePointVendor": "EVAR"}]' [127 bytes]
2023-04-27 13:20:43,916 - DEBUG - < TEXT '[3, "d82df54e-c800-4a6c-97b4-02a862fee405", {"s...40Z", "interval": 600}]' [123 bytes]
2023-04-27 13:20:44,004 - DEBUG - Starting new HTTPS connection (1): rgw.devevspcharger.uplus.co.kr:443
2023-04-27 13:20:44,644 - DEBUG - https://rgw.devevspcharger.uplus.co.kr:443 "POST /ioc HTTP/1.1" 200 123
2023-04-27 13:20:44,671 - DEBUG - < TEXT '[2, "dc52a164-e6fb-47a1-9318-e32302f1cfe0", "Ge...ration", {"key": [""]}]' [78 bytes]
2023-04-27 13:20:44,678 - DEBUG - > TEXT '[3, "dc52a164-e6fb-47a1-9318-e32302f1cfe0", {"c...ts", "value": "true"}}]' [120 bytes]
2023-04-27 13:20:44,837 - DEBUG - < TEXT '' [0 bytes]
2023-04-27 13:20:44,862 - DEBUG - Starting new HTTPS connection (1): rgw.devevspcharger.uplus.co.kr:443
2023-04-27 13:20:45,288 - DEBUG - https://rgw.devevspcharger.uplus.co.kr:443 "POST /ioc HTTP/1.1" 200 164
2023-04-27 13:20:45,410 - DEBUG - < TEXT '[2, "3fff987b-8f9a-4615-aba2-db89bcbce5d3", "Ch...rval", "value": "300"}]' [119 bytes]
2023-04-27 13:20:45,419 - DEBUG - > TEXT '[3, "3fff987b-8f9a-4615-aba2-db89bcbce5d3", {"status": "Accepted"}]' [67 bytes]
2023-04-27 13:20:45,574 - DEBUG - < TEXT '' [0 bytes]
2023-04-27 13:20:45,612 - DEBUG - > TEXT '[2, "d82df54e-c800-4a6c-97b4-02a862fee405", "Bo...ePointVendor": "EVAR"}]' [127 bytes]
2023-04-27 13:20:45,871 - DEBUG - < TEXT '[3, "d82df54e-c800-4a6c-97b4-02a862fee405", {"s...42Z", "interval": 600}]' [123 bytes]
2023-04-27 13:20:46,357 - DEBUG - > TEXT '[2, "d82df54e-c800-4a6c-97b4-02a862fee405", "St..."status": "Available"}]' [132 bytes]
2023-04-27 13:30:21,652 - DEBUG - = connection is CONNECTING
2023-04-27 13:30:21,674 - DEBUG - > GET /ocpp16/ELA007C05/EVSCA050001 HTTP/1.1
2023-04-27 13:30:21,674 - DEBUG - > Host: ws.devevspcharger.uplus.co.kr
2023-04-27 13:30:21,674 - DEBUG - > Upgrade: websocket
2023-04-27 13:30:21,675 - DEBUG - > Connection: Upgrade
2023-04-27 13:30:21,675 - DEBUG - > Sec-WebSocket-Key: UzSz/cqvPtYfo+0RubGF0Q==
2023-04-27 13:30:21,675 - DEBUG - > Sec-WebSocket-Version: 13
2023-04-27 13:30:21,675 - DEBUG - > Sec-WebSocket-Extensions: permessage-deflate; client_max_window_bits
2023-04-27 13:30:21,676 - DEBUG - > Sec-WebSocket-Protocol: ocpp1.6
2023-04-27 13:30:21,676 - DEBUG - > Authorization: Basic RVZBUjpFVkFSTEdV
2023-04-27 13:30:21,676 - DEBUG - > User-Agent: Python/3.11 websockets/10.4
2023-04-27 13:30:23,109 - DEBUG - < HTTP/1.1 101 Switching Protocols
2023-04-27 13:30:23,110 - DEBUG - < Connection: upgrade
2023-04-27 13:30:23,110 - DEBUG - < Date: Thu, 27 Apr 2023 04:30:19 GMT
2023-04-27 13:30:23,110 - DEBUG - < sec-websocket-protocol: ocpp1.6
2023-04-27 13:30:23,110 - DEBUG - < upgrade: websocket
2023-04-27 13:30:23,110 - DEBUG - < sec-websocket-accept: DCq/WxPPyufZ2+TY6yB47L8MRCo=
2023-04-27 13:30:23,110 - DEBUG - < sec-websocket-extensions: permessage-deflate
2023-04-27 13:30:23,110 - DEBUG - < X-Cache: Miss from cloudfront
2023-04-27 13:30:23,110 - DEBUG - < Via: 1.1 addf940186af6aa7dc864a17e45130c6.cloudfront.net (CloudFront)
2023-04-27 13:30:23,110 - DEBUG - < X-Amz-Cf-Pop: ICN57-P2
2023-04-27 13:30:23,110 - DEBUG - < X-Amz-Cf-Id: 5Q5vngY92c6XdftgpTQTlIoV3PyOZPGTyxiq5IjbpAngUklyTGFPuA==
2023-04-27 13:30:23,111 - DEBUG - = connection is OPEN
2023-04-27 13:30:23,136 - DEBUG - > TEXT '[2, "39dbab91-6064-4745-8dfb-4d22a5a7f832", "Bo...ePointVendor": "EVAR"}]' [127 bytes]
2023-04-27 13:30:23,577 - DEBUG - < TEXT '[3, "39dbab91-6064-4745-8dfb-4d22a5a7f832", {"s...19Z", "interval": 600}]' [123 bytes]
2023-04-27 13:30:23,671 - DEBUG - Starting new HTTPS connection (1): rgw.devevspcharger.uplus.co.kr:443
2023-04-27 13:30:25,157 - DEBUG - https://rgw.devevspcharger.uplus.co.kr:443 "POST /ioc HTTP/1.1" 200 123
2023-04-27 13:30:25,188 - DEBUG - < TEXT '[2, "044ec089-e959-475b-aab3-52c8ba9e229c", "Ge...ration", {"key": [""]}]' [78 bytes]
2023-04-27 13:30:25,198 - DEBUG - > TEXT '[3, "044ec089-e959-475b-aab3-52c8ba9e229c", {"c...ts", "value": "true"}}]' [120 bytes]
2023-04-27 13:30:25,361 - DEBUG - < TEXT '' [0 bytes]
2023-04-27 13:30:25,392 - DEBUG - Starting new HTTPS connection (1): rgw.devevspcharger.uplus.co.kr:443
2023-04-27 13:30:25,832 - DEBUG - https://rgw.devevspcharger.uplus.co.kr:443 "POST /ioc HTTP/1.1" 200 164
2023-04-27 13:30:25,970 - DEBUG - < TEXT '[2, "33f843c7-cf77-4520-b943-edfbf8df3692", "Ch...rval", "value": "300"}]' [119 bytes]
2023-04-27 13:30:25,985 - DEBUG - > TEXT '[3, "33f843c7-cf77-4520-b943-edfbf8df3692", {"status": "Accepted"}]' [67 bytes]
2023-04-27 13:30:26,160 - DEBUG - < TEXT '' [0 bytes]
2023-04-27 13:30:26,249 - DEBUG - > TEXT '[2, "39dbab91-6064-4745-8dfb-4d22a5a7f832", "Bo...ePointVendor": "EVAR"}]' [127 bytes]
2023-04-27 13:30:26,517 - DEBUG - < TEXT '[3, "39dbab91-6064-4745-8dfb-4d22a5a7f832", {"s...22Z", "interval": 600}]' [123 bytes]
2023-04-27 13:30:26,566 - DEBUG - > TEXT '[2, "39dbab91-6064-4745-8dfb-4d22a5a7f832", "St..."status": "Available"}]' [132 bytes]
2023-04-27 13:30:26,778 - DEBUG - < TEXT '[3, "39dbab91-6064-4745-8dfb-4d22a5a7f832", {}]' [47 bytes]
2023-04-27 13:30:26,831 - DEBUG - > TEXT '[2, "4248373f-a294-4633-ab4d-cff942013aae", "Heartbeat", {}]' [60 bytes]
2023-04-27 13:30:27,044 - DEBUG - < TEXT '[3, "4248373f-a294-4633-ab4d-cff942013aae", {"c...2023-04-27T13:30:23Z"}]' [84 bytes]
2023-04-27 13:30:27,083 - DEBUG - = connection is CLOSING
2023-04-27 13:30:27,083 - DEBUG - > CLOSE 1000 (OK) [2 bytes]
2023-04-27 13:30:27,093 - DEBUG - < CLOSE 1000 (OK) [2 bytes]
2023-04-27 13:30:27,104 - DEBUG - = connection is CLOSED
2023-04-27 13:50:04,907 - DEBUG - = connection is CONNECTING
2023-04-27 13:50:04,924 - DEBUG - > GET /ocpp16/ELA007C05/EVSCA050001 HTTP/1.1
2023-04-27 13:50:04,926 - DEBUG - > Host: ws.devevspcharger.uplus.co.kr
2023-04-27 13:50:04,926 - DEBUG - > Upgrade: websocket
2023-04-27 13:50:04,926 - DEBUG - > Connection: Upgrade
2023-04-27 13:50:04,926 - DEBUG - > Sec-WebSocket-Key: liENVCRFKNmx7uF288cqsw==
2023-04-27 13:50:04,926 - DEBUG - > Sec-WebSocket-Version: 13
2023-04-27 13:50:04,926 - DEBUG - > Sec-WebSocket-Extensions: permessage-deflate; client_max_window_bits
2023-04-27 13:50:04,926 - DEBUG - > Sec-WebSocket-Protocol: ocpp1.6
2023-04-27 13:50:04,926 - DEBUG - > Authorization: Basic RVZBUjpFVkFSTEdV
2023-04-27 13:50:04,926 - DEBUG - > User-Agent: Python/3.11 websockets/10.4
2023-04-27 13:50:06,389 - DEBUG - < HTTP/1.1 101 Switching Protocols
2023-04-27 13:50:06,389 - DEBUG - < Connection: upgrade
2023-04-27 13:50:06,389 - DEBUG - < Date: Thu, 27 Apr 2023 04:50:02 GMT
2023-04-27 13:50:06,389 - DEBUG - < sec-websocket-protocol: ocpp1.6
2023-04-27 13:50:06,389 - DEBUG - < upgrade: websocket
2023-04-27 13:50:06,389 - DEBUG - < sec-websocket-accept: 4NmS2Q7aFD6q83xcxAH5vqCIG1M=
2023-04-27 13:50:06,389 - DEBUG - < sec-websocket-extensions: permessage-deflate
2023-04-27 13:50:06,389 - DEBUG - < X-Cache: Miss from cloudfront
2023-04-27 13:50:06,389 - DEBUG - < Via: 1.1 54b8575b655e579306ca279e73f06fcc.cloudfront.net (CloudFront)
2023-04-27 13:50:06,390 - DEBUG - < X-Amz-Cf-Pop: ICN54-C3
2023-04-27 13:50:06,390 - DEBUG - < X-Amz-Cf-Id: rJ37UIlEbJ4QTmvUqm1j1Xlkf3gjd-mB-NYZiDTCaLKhyD6CtYyu3A==
2023-04-27 13:50:06,390 - DEBUG - = connection is OPEN
2023-04-27 13:50:06,444 - DEBUG - > TEXT '[2, "cf5e9642-80fd-4942-8ad0-dd4799dd46b9", "Bo...ePointVendor": "EVAR"}]' [127 bytes]
2023-04-27 13:50:06,708 - DEBUG - < TEXT '[3, "cf5e9642-80fd-4942-8ad0-dd4799dd46b9", {"s...02Z", "interval": 600}]' [123 bytes]
2023-04-27 13:50:06,810 - DEBUG - Starting new HTTPS connection (1): rgw.devevspcharger.uplus.co.kr:443
2023-04-27 13:50:08,408 - DEBUG - https://rgw.devevspcharger.uplus.co.kr:443 "POST /ioc HTTP/1.1" 200 123
2023-04-27 13:50:08,447 - DEBUG - < TEXT '[2, "ffe2aeb2-5fd0-4423-ae4b-25fc35e229b5", "Ge...ration", {"key": [""]}]' [78 bytes]
2023-04-27 13:50:08,452 - DEBUG - > TEXT '[3, "ffe2aeb2-5fd0-4423-ae4b-25fc35e229b5", {"c...ts", "value": "true"}}]' [120 bytes]
2023-04-27 13:50:08,626 - DEBUG - < TEXT '' [0 bytes]
2023-04-27 13:50:08,645 - DEBUG - Starting new HTTPS connection (1): rgw.devevspcharger.uplus.co.kr:443
2023-04-27 13:50:09,068 - DEBUG - https://rgw.devevspcharger.uplus.co.kr:443 "POST /ioc HTTP/1.1" 200 164
2023-04-27 13:50:09,289 - DEBUG - < TEXT '[2, "069a97aa-71c3-461f-8ced-e6a4a96dcaea", "Ch...rval", "value": "300"}]' [119 bytes]
2023-04-27 13:51:06,312 - DEBUG - = connection is CONNECTING
2023-04-27 13:51:06,334 - DEBUG - > GET /ocpp16/ELA007C05/EVSCA050001 HTTP/1.1
2023-04-27 13:51:06,335 - DEBUG - > Host: ws.devevspcharger.uplus.co.kr
2023-04-27 13:51:06,335 - DEBUG - > Upgrade: websocket
2023-04-27 13:51:06,335 - DEBUG - > Connection: Upgrade
2023-04-27 13:51:06,335 - DEBUG - > Sec-WebSocket-Key: ZHK9gMibUEF0u7DLr/DXLw==
2023-04-27 13:51:06,335 - DEBUG - > Sec-WebSocket-Version: 13
2023-04-27 13:51:06,335 - DEBUG - > Sec-WebSocket-Extensions: permessage-deflate; client_max_window_bits
2023-04-27 13:51:06,336 - DEBUG - > Sec-WebSocket-Protocol: ocpp1.6
2023-04-27 13:51:06,336 - DEBUG - > Authorization: Basic RVZBUjpFVkFSTEdV
2023-04-27 13:51:06,336 - DEBUG - > User-Agent: Python/3.11 websockets/10.4
2023-04-27 13:51:06,825 - DEBUG - < HTTP/1.1 101 Switching Protocols
2023-04-27 13:51:06,825 - DEBUG - < Connection: upgrade
2023-04-27 13:51:06,825 - DEBUG - < Date: Thu, 27 Apr 2023 04:51:03 GMT
2023-04-27 13:51:06,825 - DEBUG - < sec-websocket-protocol: ocpp1.6
2023-04-27 13:51:06,826 - DEBUG - < upgrade: websocket
2023-04-27 13:51:06,826 - DEBUG - < sec-websocket-accept: /7L71D1lFbrs1NbUF4Yzr6spVpc=
2023-04-27 13:51:06,826 - DEBUG - < sec-websocket-extensions: permessage-deflate
2023-04-27 13:51:06,826 - DEBUG - < X-Cache: Miss from cloudfront
2023-04-27 13:51:06,826 - DEBUG - < Via: 1.1 ce1593b79742bbe487e2e2c3318bd274.cloudfront.net (CloudFront)
2023-04-27 13:51:06,826 - DEBUG - < X-Amz-Cf-Pop: ICN54-C3
2023-04-27 13:51:06,826 - DEBUG - < X-Amz-Cf-Id: ef3GvQnEKCA05NdqzcGJ2j8MkVVbscONSQctlRpMgp8nd2Vzg_XS0Q==
2023-04-27 13:51:06,827 - DEBUG - = connection is OPEN
2023-04-27 13:51:06,885 - DEBUG - > TEXT '[2, "bae41039-8444-4b26-8c43-00920f02e4e6", "Bo...ePointVendor": "EVAR"}]' [127 bytes]
2023-04-27 13:51:07,211 - DEBUG - < TEXT '[3, "bae41039-8444-4b26-8c43-00920f02e4e6", {"s...03Z", "interval": 600}]' [123 bytes]
2023-04-27 13:51:07,311 - DEBUG - Starting new HTTPS connection (1): rgw.devevspcharger.uplus.co.kr:443
2023-04-27 13:51:08,849 - DEBUG - https://rgw.devevspcharger.uplus.co.kr:443 "POST /ioc HTTP/1.1" 200 123
2023-04-27 13:51:08,874 - DEBUG - < TEXT '[2, "182eb843-bdde-414e-a809-4d963e310ee7", "Ge...ration", {"key": [""]}]' [78 bytes]
2023-04-27 13:51:08,880 - DEBUG - > TEXT '[3, "182eb843-bdde-414e-a809-4d963e310ee7", {"c...ts", "value": "true"}}]' [120 bytes]
2023-04-27 13:51:09,046 - DEBUG - < TEXT '' [0 bytes]
2023-04-27 13:51:09,066 - DEBUG - Starting new HTTPS connection (1): rgw.devevspcharger.uplus.co.kr:443
2023-04-27 13:51:09,493 - DEBUG - https://rgw.devevspcharger.uplus.co.kr:443 "POST /ioc HTTP/1.1" 200 164
2023-04-27 13:51:09,700 - DEBUG - < TEXT '[2, "b83a96a6-a913-436d-9d3e-02cca440a44e", "Ch...rval", "value": "300"}]' [119 bytes]
2023-04-27 13:54:58,446 - DEBUG - = connection is CONNECTING
2023-04-27 13:54:58,466 - DEBUG - > GET /ocpp16/ELA007C05/EVSCA050001 HTTP/1.1
2023-04-27 13:54:58,467 - DEBUG - > Host: ws.devevspcharger.uplus.co.kr
2023-04-27 13:54:58,467 - DEBUG - > Upgrade: websocket
2023-04-27 13:54:58,467 - DEBUG - > Connection: Upgrade
2023-04-27 13:54:58,467 - DEBUG - > Sec-WebSocket-Key: pxrH1Eft8TDss7KT33B+Aw==
2023-04-27 13:54:58,468 - DEBUG - > Sec-WebSocket-Version: 13
2023-04-27 13:54:58,468 - DEBUG - > Sec-WebSocket-Extensions: permessage-deflate; client_max_window_bits
2023-04-27 13:54:58,468 - DEBUG - > Sec-WebSocket-Protocol: ocpp1.6
2023-04-27 13:54:58,468 - DEBUG - > Authorization: Basic RVZBUjpFVkFSTEdV
2023-04-27 13:54:58,468 - DEBUG - > User-Agent: Python/3.11 websockets/10.4
2023-04-27 13:54:59,013 - DEBUG - < HTTP/1.1 101 Switching Protocols
2023-04-27 13:54:59,013 - DEBUG - < Connection: upgrade
2023-04-27 13:54:59,013 - DEBUG - < Date: Thu, 27 Apr 2023 04:54:55 GMT
2023-04-27 13:54:59,013 - DEBUG - < sec-websocket-protocol: ocpp1.6
2023-04-27 13:54:59,013 - DEBUG - < upgrade: websocket
2023-04-27 13:54:59,013 - DEBUG - < sec-websocket-accept: vQ3/UD68Fms8f+VvzA/ygiaKhYo=
2023-04-27 13:54:59,013 - DEBUG - < sec-websocket-extensions: permessage-deflate
2023-04-27 13:54:59,013 - DEBUG - < X-Cache: Miss from cloudfront
2023-04-27 13:54:59,013 - DEBUG - < Via: 1.1 54b8575b655e579306ca279e73f06fcc.cloudfront.net (CloudFront)
2023-04-27 13:54:59,014 - DEBUG - < X-Amz-Cf-Pop: ICN54-C3
2023-04-27 13:54:59,015 - DEBUG - < X-Amz-Cf-Id: SeLX1ecBVNtxIe5CjOdCEu9aedTQTj1tx2pJhkY0u23x2b32ScHVcA==
2023-04-27 13:54:59,015 - DEBUG - = connection is OPEN
2023-04-27 13:54:59,060 - DEBUG - > TEXT '[2, "90b27e78-3fc0-4aa0-8f14-a31712ad08e4", "Bo...ePointVendor": "EVAR"}]' [127 bytes]
2023-04-27 13:54:59,330 - DEBUG - < TEXT '[3, "90b27e78-3fc0-4aa0-8f14-a31712ad08e4", {"s...55Z", "interval": 600}]' [123 bytes]
2023-04-27 13:54:59,430 - DEBUG - Starting new HTTPS connection (1): rgw.devevspcharger.uplus.co.kr:443
2023-04-27 13:54:59,895 - DEBUG - https://rgw.devevspcharger.uplus.co.kr:443 "POST /ioc HTTP/1.1" 200 123
2023-04-27 13:54:59,916 - DEBUG - < TEXT '[2, "cc4a7776-ac33-4bba-8a8a-9f5002d78583", "Ge...ration", {"key": [""]}]' [78 bytes]
2023-04-27 13:54:59,920 - DEBUG - > TEXT '[3, "cc4a7776-ac33-4bba-8a8a-9f5002d78583", {"c...ts", "value": "true"}}]' [120 bytes]
2023-04-27 13:55:00,090 - DEBUG - < TEXT '' [0 bytes]
2023-04-27 13:55:00,109 - DEBUG - Starting new HTTPS connection (1): rgw.devevspcharger.uplus.co.kr:443
2023-04-27 13:55:00,553 - DEBUG - https://rgw.devevspcharger.uplus.co.kr:443 "POST /ioc HTTP/1.1" 200 164
2023-04-27 13:55:00,648 - DEBUG - < TEXT '[2, "d26b8ed1-b182-4753-863d-9b5d5e295eef", "Ch...rval", "value": "300"}]' [119 bytes]
2023-04-27 13:55:00,657 - DEBUG - > TEXT '[3, "d26b8ed1-b182-4753-863d-9b5d5e295eef", {"status": "Accepted"}]' [67 bytes]
2023-04-27 13:55:00,830 - DEBUG - < TEXT '' [0 bytes]
2023-04-27 13:55:00,876 - DEBUG - > TEXT '[2, "90b27e78-3fc0-4aa0-8f14-a31712ad08e4", "Bo...ePointVendor": "EVAR"}]' [127 bytes]
2023-04-27 13:55:01,130 - DEBUG - < TEXT '[3, "90b27e78-3fc0-4aa0-8f14-a31712ad08e4", {"s...57Z", "interval": 600}]' [123 bytes]
2023-04-27 13:55:01,176 - DEBUG - > TEXT '[2, "90b27e78-3fc0-4aa0-8f14-a31712ad08e4", "St..."status": "Available"}]' [132 bytes]
2023-04-27 13:55:01,583 - DEBUG - < TEXT '[3, "90b27e78-3fc0-4aa0-8f14-a31712ad08e4", {}]' [47 bytes]
2023-04-27 14:00:43,751 - DEBUG - = connection is CONNECTING
2023-04-27 14:00:43,771 - DEBUG - > GET /ocpp16/ELA007C05/EVSCA050001 HTTP/1.1
2023-04-27 14:00:43,771 - DEBUG - > Host: ws.devevspcharger.uplus.co.kr
2023-04-27 14:00:43,771 - DEBUG - > Upgrade: websocket
2023-04-27 14:00:43,772 - DEBUG - > Connection: Upgrade
2023-04-27 14:00:43,772 - DEBUG - > Sec-WebSocket-Key: HuYYh30cHge4wpWC2bwihA==
2023-04-27 14:00:43,772 - DEBUG - > Sec-WebSocket-Version: 13
2023-04-27 14:00:43,772 - DEBUG - > Sec-WebSocket-Extensions: permessage-deflate; client_max_window_bits
2023-04-27 14:00:43,772 - DEBUG - > Sec-WebSocket-Protocol: ocpp1.6
2023-04-27 14:00:43,772 - DEBUG - > Authorization: Basic RVZBUjpFVkFSTEdV
2023-04-27 14:00:43,772 - DEBUG - > User-Agent: Python/3.11 websockets/10.4
2023-04-27 14:00:44,318 - DEBUG - < HTTP/1.1 101 Switching Protocols
2023-04-27 14:00:44,318 - DEBUG - < Connection: upgrade
2023-04-27 14:00:44,318 - DEBUG - < Date: Thu, 27 Apr 2023 05:00:40 GMT
2023-04-27 14:00:44,318 - DEBUG - < sec-websocket-protocol: ocpp1.6
2023-04-27 14:00:44,318 - DEBUG - < upgrade: websocket
2023-04-27 14:00:44,319 - DEBUG - < sec-websocket-accept: ZF0sZ7Xsl7QmWcRG3br4YqrN7XQ=
2023-04-27 14:00:44,319 - DEBUG - < sec-websocket-extensions: permessage-deflate
2023-04-27 14:00:44,319 - DEBUG - < X-Cache: Miss from cloudfront
2023-04-27 14:00:44,319 - DEBUG - < Via: 1.1 e55f82ba4cfe4ef036893e51569081fc.cloudfront.net (CloudFront)
2023-04-27 14:00:44,319 - DEBUG - < X-Amz-Cf-Pop: ICN54-C3
2023-04-27 14:00:44,319 - DEBUG - < X-Amz-Cf-Id: bubHbuyTMcQzi51FJ66f4H2y9rVMP7CP6JfITJx6KE60aEVfj4DT2Q==
2023-04-27 14:00:44,319 - DEBUG - = connection is OPEN
2023-04-27 14:00:44,361 - DEBUG - > TEXT '[2, "2ac05611-3195-4f17-8c08-968b6a8f33bd", "Bo...ePointVendor": "EVAR"}]' [127 bytes]
2023-04-27 14:00:44,856 - DEBUG - < TEXT '[3, "2ac05611-3195-4f17-8c08-968b6a8f33bd", {"s...41Z", "interval": 600}]' [123 bytes]
2023-04-27 14:00:44,936 - DEBUG - Starting new HTTPS connection (1): rgw.devevspcharger.uplus.co.kr:443
2023-04-27 14:00:46,687 - DEBUG - https://rgw.devevspcharger.uplus.co.kr:443 "POST /ioc HTTP/1.1" 200 123
2023-04-27 14:00:46,707 - DEBUG - < TEXT '[2, "9db451c6-0a66-4360-bbea-71cbd084db55", "Ge...ration", {"key": [""]}]' [78 bytes]
2023-04-27 14:00:46,713 - DEBUG - > TEXT '[3, "9db451c6-0a66-4360-bbea-71cbd084db55", {"c...ts", "value": "true"}}]' [120 bytes]
2023-04-27 14:00:46,877 - DEBUG - < TEXT '' [0 bytes]
2023-04-27 14:00:46,901 - DEBUG - Starting new HTTPS connection (1): rgw.devevspcharger.uplus.co.kr:443
2023-04-27 14:00:47,389 - DEBUG - https://rgw.devevspcharger.uplus.co.kr:443 "POST /ioc HTTP/1.1" 200 164
2023-04-27 14:00:47,456 - DEBUG - < TEXT '[2, "1dc5cad8-77de-4925-b86f-cacb66196d7a", "Ch...rval", "value": "300"}]' [119 bytes]
2023-04-27 14:00:47,460 - DEBUG - > TEXT '[3, "1dc5cad8-77de-4925-b86f-cacb66196d7a", {"status": "Accepted"}]' [67 bytes]
2023-04-27 14:00:47,611 - DEBUG - < TEXT '' [0 bytes]
2023-04-27 14:00:47,643 - DEBUG - > TEXT '[2, "2ac05611-3195-4f17-8c08-968b6a8f33bd", "Bo...ePointVendor": "EVAR"}]' [127 bytes]
2023-04-27 14:00:47,915 - DEBUG - < TEXT '[3, "2ac05611-3195-4f17-8c08-968b6a8f33bd", {"s...44Z", "interval": 600}]' [123 bytes]
2023-04-27 14:00:47,954 - DEBUG - > TEXT '[2, "2ac05611-3195-4f17-8c08-968b6a8f33bd", "St..."status": "Available"}]' [132 bytes]
2023-04-27 14:00:48,171 - DEBUG - < TEXT '[3, "2ac05611-3195-4f17-8c08-968b6a8f33bd", {}]' [47 bytes]
2023-04-27 14:00:48,221 - DEBUG - > TEXT '[2, "78215603-155b-41ec-9c57-31fe9126a2a2", "Heartbeat", {}]' [60 bytes]
2023-04-27 14:00:48,431 - DEBUG - < TEXT '[3, "78215603-155b-41ec-9c57-31fe9126a2a2", {"c...2023-04-27T14:00:44Z"}]' [84 bytes]
2023-04-27 14:00:48,452 - DEBUG - = connection is CLOSING
2023-04-27 14:00:48,452 - DEBUG - > CLOSE 1000 (OK) [2 bytes]
2023-04-27 14:00:48,459 - DEBUG - < CLOSE 1000 (OK) [2 bytes]
2023-04-27 14:00:48,461 - DEBUG - = connection is CLOSED
2023-04-27 14:01:35,692 - ERROR - Task exception was never retrieved
future: <Task finished name='Task-2' coro=<ChargerSim.startEvent() done, defined at D:\workspace\wss\main.py:124> exception=TypeError('can only concatenate str (not "ssl.SSLError") to str')>
Traceback (most recent call last):
  File "D:\workspace\wss\Charger.py", line 175, in conn
    ssl_context.set_ciphers(
ssl.SSLError: ('No cipher can be selected.',)

During handling of the above exception, another exception occurred:

Traceback (most recent call last):
  File "D:\workspace\wss\main.py", line 144, in startEvent
    await self.charger.runcase(self.TC_selected if len(self.TC_selected.keys())>0 else self.TC)
  File "D:\workspace\wss\Charger.py", line 346, in runcase
    await self.conn(case)
  File "D:\workspace\wss\Charger.py", line 212, in conn
    self.log(err)
  File "D:\workspace\wss\Charger.py", line 120, in log
    self.txt_recv.insert(END, datetime.now().isoformat() +' '+ log + '\n', attr)
                              ~~~~~~~~~~~~~~~~~~~~~~~~~~~~~~~^~~~~
TypeError: can only concatenate str (not "ssl.SSLError") to str
2023-04-27 14:01:51,226 - DEBUG - = connection is CONNECTING
2023-04-27 14:01:51,284 - DEBUG - > GET /ocpp16/ELA007C05/EVSCA050001 HTTP/1.1
2023-04-27 14:01:51,284 - DEBUG - > Host: ws.devevspcharger.uplus.co.kr
2023-04-27 14:01:51,284 - DEBUG - > Upgrade: websocket
2023-04-27 14:01:51,284 - DEBUG - > Connection: Upgrade
2023-04-27 14:01:51,284 - DEBUG - > Sec-WebSocket-Key: dnUDHg6G7bnjLbd73Z/2lw==
2023-04-27 14:01:51,285 - DEBUG - > Sec-WebSocket-Version: 13
2023-04-27 14:01:51,285 - DEBUG - > Sec-WebSocket-Extensions: permessage-deflate; client_max_window_bits
2023-04-27 14:01:51,285 - DEBUG - > Sec-WebSocket-Protocol: ocpp1.6
2023-04-27 14:01:51,285 - DEBUG - > Authorization: Basic RVZBUjpFVkFSTEdV
2023-04-27 14:01:51,285 - DEBUG - > User-Agent: Python/3.11 websockets/10.4
2023-04-27 14:01:52,107 - DEBUG - < HTTP/1.1 101 Switching Protocols
2023-04-27 14:01:52,107 - DEBUG - < Connection: upgrade
2023-04-27 14:01:52,107 - DEBUG - < Date: Thu, 27 Apr 2023 05:01:48 GMT
2023-04-27 14:01:52,107 - DEBUG - < sec-websocket-protocol: ocpp1.6
2023-04-27 14:01:52,108 - DEBUG - < upgrade: websocket
2023-04-27 14:01:52,108 - DEBUG - < sec-websocket-accept: mz2Q+LOA8U6w9k/TGpXtPIZftHI=
2023-04-27 14:01:52,108 - DEBUG - < sec-websocket-extensions: permessage-deflate
2023-04-27 14:01:52,108 - DEBUG - < X-Cache: Miss from cloudfront
2023-04-27 14:01:52,108 - DEBUG - < Via: 1.1 5a0f884e3a21756e824f803c83d7f3d0.cloudfront.net (CloudFront)
2023-04-27 14:01:52,108 - DEBUG - < X-Amz-Cf-Pop: ICN57-P2
2023-04-27 14:01:52,109 - DEBUG - < X-Amz-Cf-Id: or9ArtmggQORxT2XZAT0m-6IdsIWCObVxDLRtUIIrXPzv0dHCU8TZQ==
2023-04-27 14:01:52,109 - DEBUG - = connection is OPEN
2023-04-27 14:01:52,156 - DEBUG - > TEXT '[2, "a53e7974-4eef-4716-9abd-8e683be41b2d", "Bo...ePointVendor": "EVAR"}]' [127 bytes]
2023-04-27 14:01:52,440 - DEBUG - < TEXT '[3, "a53e7974-4eef-4716-9abd-8e683be41b2d", {"s...48Z", "interval": 600}]' [123 bytes]
2023-04-27 14:01:52,526 - DEBUG - Starting new HTTPS connection (1): rgw.devevspcharger.uplus.co.kr:443
2023-04-27 14:01:53,251 - DEBUG - https://rgw.devevspcharger.uplus.co.kr:443 "POST /ioc HTTP/1.1" 200 123
2023-04-27 14:01:53,273 - DEBUG - < TEXT '[2, "f5e7cf60-cab2-42ce-b16d-27b1abca7798", "Ge...ration", {"key": [""]}]' [78 bytes]
2023-04-27 14:01:53,285 - DEBUG - > TEXT '[3, "f5e7cf60-cab2-42ce-b16d-27b1abca7798", {"c...ts", "value": "true"}}]' [120 bytes]
2023-04-27 14:01:53,453 - DEBUG - < TEXT '' [0 bytes]
2023-04-27 14:01:53,474 - DEBUG - Starting new HTTPS connection (1): rgw.devevspcharger.uplus.co.kr:443
2023-04-27 14:01:53,929 - DEBUG - https://rgw.devevspcharger.uplus.co.kr:443 "POST /ioc HTTP/1.1" 200 164
2023-04-27 14:01:54,002 - DEBUG - < TEXT '[2, "95390925-df52-4dda-a83d-53a2e1dce197", "Ch...rval", "value": "300"}]' [119 bytes]
2023-04-27 14:01:54,007 - DEBUG - > TEXT '[3, "95390925-df52-4dda-a83d-53a2e1dce197", {"status": "Accepted"}]' [67 bytes]
2023-04-27 14:01:54,173 - DEBUG - < TEXT '' [0 bytes]
2023-04-27 14:01:54,215 - DEBUG - > TEXT '[2, "a53e7974-4eef-4716-9abd-8e683be41b2d", "Bo...ePointVendor": "EVAR"}]' [127 bytes]
2023-04-27 14:01:54,454 - DEBUG - < TEXT '[3, "a53e7974-4eef-4716-9abd-8e683be41b2d", {"s...50Z", "interval": 600}]' [123 bytes]
2023-04-27 14:01:54,492 - DEBUG - > TEXT '[2, "a53e7974-4eef-4716-9abd-8e683be41b2d", "St..."status": "Available"}]' [132 bytes]
2023-04-27 14:01:54,719 - DEBUG - < TEXT '[3, "a53e7974-4eef-4716-9abd-8e683be41b2d", {}]' [47 bytes]
2023-04-27 14:01:54,756 - DEBUG - > TEXT '[2, "3d90cd1f-e6a4-454d-852b-8fec9afe4a93", "Heartbeat", {}]' [60 bytes]
2023-04-27 14:01:55,014 - DEBUG - < TEXT '[3, "3d90cd1f-e6a4-454d-852b-8fec9afe4a93", {"c...2023-04-27T14:01:51Z"}]' [84 bytes]
2023-04-27 14:01:55,031 - DEBUG - = connection is CLOSING
2023-04-27 14:01:55,031 - DEBUG - > CLOSE 1000 (OK) [2 bytes]
2023-04-27 14:01:55,041 - DEBUG - < CLOSE 1000 (OK) [2 bytes]
2023-04-27 14:01:55,045 - DEBUG - = connection is CLOSED
2023-04-27 14:06:15,505 - DEBUG - = connection is CONNECTING
2023-04-27 14:06:15,527 - DEBUG - > GET /ocpp16/ELA007C05/EVSCA050001 HTTP/1.1
2023-04-27 14:06:15,528 - DEBUG - > Host: ws.devevspcharger.uplus.co.kr
2023-04-27 14:06:15,528 - DEBUG - > Upgrade: websocket
2023-04-27 14:06:15,528 - DEBUG - > Connection: Upgrade
2023-04-27 14:06:15,528 - DEBUG - > Sec-WebSocket-Key: 9zxjIL2uzgcKlMMubyd7eQ==
2023-04-27 14:06:15,529 - DEBUG - > Sec-WebSocket-Version: 13
2023-04-27 14:06:15,529 - DEBUG - > Sec-WebSocket-Extensions: permessage-deflate; client_max_window_bits
2023-04-27 14:06:15,529 - DEBUG - > Sec-WebSocket-Protocol: ocpp1.6
2023-04-27 14:06:15,529 - DEBUG - > Authorization: Basic RVZBUjpFVkFSTEdV
2023-04-27 14:06:15,529 - DEBUG - > User-Agent: Python/3.11 websockets/10.4
2023-04-27 14:06:16,121 - DEBUG - < HTTP/1.1 101 Switching Protocols
2023-04-27 14:06:16,121 - DEBUG - < Connection: upgrade
2023-04-27 14:06:16,121 - DEBUG - < Date: Thu, 27 Apr 2023 05:06:12 GMT
2023-04-27 14:06:16,122 - DEBUG - < sec-websocket-protocol: ocpp1.6
2023-04-27 14:06:16,122 - DEBUG - < upgrade: websocket
2023-04-27 14:06:16,122 - DEBUG - < sec-websocket-accept: JHhDlvdFSAMFQzTRocDrOpe9kqw=
2023-04-27 14:06:16,122 - DEBUG - < sec-websocket-extensions: permessage-deflate
2023-04-27 14:06:16,122 - DEBUG - < X-Cache: Miss from cloudfront
2023-04-27 14:06:16,122 - DEBUG - < Via: 1.1 3984c4ee5168680e86a4425f31ef794a.cloudfront.net (CloudFront)
2023-04-27 14:06:16,122 - DEBUG - < X-Amz-Cf-Pop: ICN54-C3
2023-04-27 14:06:16,122 - DEBUG - < X-Amz-Cf-Id: E_L2BOjMuppGedbsesqa7DZUKGn6gUf2opKfzMNXqxdZbOS67BwHgA==
2023-04-27 14:06:16,123 - DEBUG - = connection is OPEN
2023-04-27 14:06:16,169 - DEBUG - > TEXT '[2, "34a2add9-b8ed-4db9-afa7-3efe62ab98b0", "Bo...ePointVendor": "EVAR"}]' [127 bytes]
2023-04-27 14:06:16,595 - DEBUG - < TEXT '[3, "34a2add9-b8ed-4db9-afa7-3efe62ab98b0", {"s...12Z", "interval": 600}]' [123 bytes]
2023-04-27 14:06:16,677 - DEBUG - Starting new HTTPS connection (1): rgw.devevspcharger.uplus.co.kr:443
2023-04-27 14:06:17,331 - DEBUG - https://rgw.devevspcharger.uplus.co.kr:443 "POST /ioc HTTP/1.1" 200 123
2023-04-27 14:06:17,355 - DEBUG - < TEXT '[2, "1c1572a7-6cde-451c-a676-0aea41e9f7cb", "Ge...ration", {"key": [""]}]' [78 bytes]
2023-04-27 14:06:17,365 - DEBUG - > TEXT '[3, "1c1572a7-6cde-451c-a676-0aea41e9f7cb", {"c...ts", "value": "true"}}]' [120 bytes]
2023-04-27 14:06:17,544 - DEBUG - < TEXT '' [0 bytes]
2023-04-27 14:06:17,563 - DEBUG - Starting new HTTPS connection (1): rgw.devevspcharger.uplus.co.kr:443
2023-04-27 14:06:17,972 - DEBUG - https://rgw.devevspcharger.uplus.co.kr:443 "POST /ioc HTTP/1.1" 200 164
2023-04-27 14:06:18,087 - DEBUG - < TEXT '[2, "c4d66d0f-0abc-4d00-b642-573115245366", "Ch...rval", "value": "300"}]' [119 bytes]
2023-04-27 14:06:18,092 - DEBUG - > TEXT '[3, "c4d66d0f-0abc-4d00-b642-573115245366", {"status": "Accepted"}]' [67 bytes]
2023-04-27 14:06:18,255 - DEBUG - < TEXT '' [0 bytes]
2023-04-27 14:06:18,302 - DEBUG - > TEXT '[2, "34a2add9-b8ed-4db9-afa7-3efe62ab98b0", "Bo...ePointVendor": "EVAR"}]' [127 bytes]
2023-04-27 14:06:18,576 - DEBUG - < TEXT '[3, "34a2add9-b8ed-4db9-afa7-3efe62ab98b0", {"s...14Z", "interval": 600}]' [123 bytes]
2023-04-27 14:06:18,621 - DEBUG - > TEXT '[2, "34a2add9-b8ed-4db9-afa7-3efe62ab98b0", "St..."status": "Available"}]' [132 bytes]
2023-04-27 14:06:18,816 - DEBUG - < TEXT '[3, "34a2add9-b8ed-4db9-afa7-3efe62ab98b0", {}]' [47 bytes]
2023-04-27 14:06:18,858 - DEBUG - > TEXT '[2, "ef7f4232-ea51-4a41-a028-be093b6b8dd3", "Heartbeat", {}]' [60 bytes]
2023-04-27 14:06:19,056 - DEBUG - < TEXT '[3, "ef7f4232-ea51-4a41-a028-be093b6b8dd3", {"c...2023-04-27T14:06:15Z"}]' [84 bytes]
2023-04-27 14:06:19,083 - DEBUG - = connection is CLOSING
2023-04-27 14:06:19,083 - DEBUG - > CLOSE 1000 (OK) [2 bytes]
2023-04-27 14:06:19,091 - DEBUG - < CLOSE 1000 (OK) [2 bytes]
2023-04-27 14:06:19,097 - DEBUG - = connection is CLOSED
2023-04-27 14:14:33,865 - DEBUG - = connection is CONNECTING
2023-04-27 14:14:33,896 - DEBUG - > GET /ocpp16/ELA007C05/EVSCA050001 HTTP/1.1
2023-04-27 14:14:33,897 - DEBUG - > Host: ws.devevspcharger.uplus.co.kr
2023-04-27 14:14:33,897 - DEBUG - > Upgrade: websocket
2023-04-27 14:14:33,898 - DEBUG - > Connection: Upgrade
2023-04-27 14:14:33,898 - DEBUG - > Sec-WebSocket-Key: DdxV6//Uin5us3yMsFh1JQ==
2023-04-27 14:14:33,898 - DEBUG - > Sec-WebSocket-Version: 13
2023-04-27 14:14:33,898 - DEBUG - > Sec-WebSocket-Extensions: permessage-deflate; client_max_window_bits
2023-04-27 14:14:33,898 - DEBUG - > Sec-WebSocket-Protocol: ocpp1.6
2023-04-27 14:14:33,898 - DEBUG - > Authorization: Basic RVZBUjpFVkFSTEdV
2023-04-27 14:14:33,899 - DEBUG - > User-Agent: Python/3.11 websockets/10.4
2023-04-27 14:14:34,508 - DEBUG - < HTTP/1.1 101 Switching Protocols
2023-04-27 14:14:34,508 - DEBUG - < Connection: upgrade
2023-04-27 14:14:34,508 - DEBUG - < Date: Thu, 27 Apr 2023 05:14:30 GMT
2023-04-27 14:14:34,509 - DEBUG - < sec-websocket-protocol: ocpp1.6
2023-04-27 14:14:34,509 - DEBUG - < upgrade: websocket
2023-04-27 14:14:34,509 - DEBUG - < sec-websocket-accept: RCKN5k8zgiuOQ12vuvbCnt8p74Y=
2023-04-27 14:14:34,509 - DEBUG - < sec-websocket-extensions: permessage-deflate
2023-04-27 14:14:34,509 - DEBUG - < X-Cache: Miss from cloudfront
2023-04-27 14:14:34,509 - DEBUG - < Via: 1.1 704e20bf98d229376f7c28ed8a27e5a0.cloudfront.net (CloudFront)
2023-04-27 14:14:34,509 - DEBUG - < X-Amz-Cf-Pop: ICN54-C3
2023-04-27 14:14:34,509 - DEBUG - < X-Amz-Cf-Id: HJqY8WoqDaTijsGiK9yA21j36U6lTyO9_Tif_Ju-LaKL2Z7xqsKTbA==
2023-04-27 14:14:34,510 - DEBUG - = connection is OPEN
2023-04-27 14:14:34,584 - DEBUG - > TEXT '[2, "1d11cad7-4d1b-4ee4-9cc8-db00a35ea448", "Bo...ePointVendor": "EVAR"}]' [127 bytes]
2023-04-27 14:14:34,859 - DEBUG - < TEXT '[3, "1d11cad7-4d1b-4ee4-9cc8-db00a35ea448", {"s...31Z", "interval": 600}]' [123 bytes]
2023-04-27 14:14:34,965 - DEBUG - Starting new HTTPS connection (1): rgw.devevspcharger.uplus.co.kr:443
2023-04-27 14:14:36,511 - DEBUG - https://rgw.devevspcharger.uplus.co.kr:443 "POST /ioc HTTP/1.1" 200 123
2023-04-27 14:14:36,542 - DEBUG - < TEXT '[2, "14049e61-05ac-4097-b39a-47af29b7e2d6", "Ge...ration", {"key": [""]}]' [78 bytes]
2023-04-27 14:14:36,548 - DEBUG - > TEXT '[3, "14049e61-05ac-4097-b39a-47af29b7e2d6", {"c...ts", "value": "true"}}]' [120 bytes]
2023-04-27 14:14:36,700 - DEBUG - < TEXT '' [0 bytes]
2023-04-27 14:14:36,719 - DEBUG - Starting new HTTPS connection (1): rgw.devevspcharger.uplus.co.kr:443
2023-04-27 14:14:37,170 - DEBUG - https://rgw.devevspcharger.uplus.co.kr:443 "POST /ioc HTTP/1.1" 200 164
2023-04-27 14:14:37,376 - DEBUG - < TEXT '[2, "ead1c0ae-467e-41ac-89b0-984af9e6b053", "Ch...rval", "value": "300"}]' [119 bytes]
2023-04-27 14:19:01,243 - DEBUG - = connection is CONNECTING
2023-04-27 14:19:01,264 - DEBUG - > GET /ocpp16/ELA007C05/EVSCA050001 HTTP/1.1
2023-04-27 14:19:01,264 - DEBUG - > Host: ws.devevspcharger.uplus.co.kr
2023-04-27 14:19:01,264 - DEBUG - > Upgrade: websocket
2023-04-27 14:19:01,264 - DEBUG - > Connection: Upgrade
2023-04-27 14:19:01,265 - DEBUG - > Sec-WebSocket-Key: aqiiP5Ai97UnW+nDAdr8xA==
2023-04-27 14:19:01,265 - DEBUG - > Sec-WebSocket-Version: 13
2023-04-27 14:19:01,265 - DEBUG - > Sec-WebSocket-Extensions: permessage-deflate; client_max_window_bits
2023-04-27 14:19:01,265 - DEBUG - > Sec-WebSocket-Protocol: ocpp1.6
2023-04-27 14:19:01,265 - DEBUG - > Authorization: Basic RVZBUjpFVkFSTEdV
2023-04-27 14:19:01,266 - DEBUG - > User-Agent: Python/3.11 websockets/10.4
2023-04-27 14:19:01,792 - DEBUG - < HTTP/1.1 101 Switching Protocols
2023-04-27 14:19:01,792 - DEBUG - < Connection: upgrade
2023-04-27 14:19:01,792 - DEBUG - < Date: Thu, 27 Apr 2023 05:18:58 GMT
2023-04-27 14:19:01,792 - DEBUG - < sec-websocket-protocol: ocpp1.6
2023-04-27 14:19:01,793 - DEBUG - < upgrade: websocket
2023-04-27 14:19:01,793 - DEBUG - < sec-websocket-accept: f9Gj8gmO7q3F7OEMLMtJaaEs9lU=
2023-04-27 14:19:01,793 - DEBUG - < sec-websocket-extensions: permessage-deflate
2023-04-27 14:19:01,793 - DEBUG - < X-Cache: Miss from cloudfront
2023-04-27 14:19:01,793 - DEBUG - < Via: 1.1 314ab75fe21fae579309c133d201cda8.cloudfront.net (CloudFront)
2023-04-27 14:19:01,793 - DEBUG - < X-Amz-Cf-Pop: ICN54-C3
2023-04-27 14:19:01,793 - DEBUG - < X-Amz-Cf-Id: zNtgj9mo0qr8wwjq-sUVjCV0I4KP5xTIDoqq5B0cLqGQbvdLT6uGpw==
2023-04-27 14:19:01,794 - DEBUG - = connection is OPEN
2023-04-27 14:19:01,847 - DEBUG - > TEXT '[2, "1624aac8-246f-4fde-b581-e307973e8b94", "Bo...ePointVendor": "EVAR"}]' [127 bytes]
2023-04-27 14:19:02,303 - DEBUG - < TEXT '[3, "1624aac8-246f-4fde-b581-e307973e8b94", {"s...58Z", "interval": 600}]' [123 bytes]
2023-04-27 14:19:02,400 - DEBUG - Starting new HTTPS connection (1): rgw.devevspcharger.uplus.co.kr:443
2023-04-27 14:19:03,074 - DEBUG - https://rgw.devevspcharger.uplus.co.kr:443 "POST /ioc HTTP/1.1" 200 123
2023-04-27 14:19:03,105 - DEBUG - < TEXT '[2, "f8640e66-b1d0-44c5-90ed-2e39f9da07f0", "Ge...ration", {"key": [""]}]' [78 bytes]
2023-04-27 14:19:03,111 - DEBUG - > TEXT '[3, "f8640e66-b1d0-44c5-90ed-2e39f9da07f0", {"c...ts", "value": "true"}}]' [120 bytes]
2023-04-27 14:19:03,318 - DEBUG - < TEXT '' [0 bytes]
2023-04-27 14:19:03,347 - DEBUG - Starting new HTTPS connection (1): rgw.devevspcharger.uplus.co.kr:443
2023-04-27 14:19:03,774 - DEBUG - https://rgw.devevspcharger.uplus.co.kr:443 "POST /ioc HTTP/1.1" 200 164
2023-04-27 14:19:03,824 - DEBUG - < TEXT '[2, "375d21c1-3dc1-4e88-b5fc-2d1f3a408f06", "Ch...rval", "value": "300"}]' [119 bytes]
2023-04-27 14:19:03,828 - DEBUG - > TEXT '[3, "375d21c1-3dc1-4e88-b5fc-2d1f3a408f06", {"status": "Accepted"}]' [67 bytes]
2023-04-27 14:19:04,023 - DEBUG - < TEXT '' [0 bytes]
2023-04-27 14:19:04,056 - DEBUG - > TEXT '[2, "1624aac8-246f-4fde-b581-e307973e8b94", "Bo...ePointVendor": "EVAR"}]' [127 bytes]
2023-04-27 14:22:35,296 - ERROR - Task exception was never retrieved
future: <Task finished name='Task-2' coro=<ChargerSim.startEvent() done, defined at D:\workspace\wss\main.py:124> exception=TypeError('can only concatenate str (not "ssl.SSLError") to str')>
Traceback (most recent call last):
  File "D:\workspace\wss\Charger.py", line 174, in conn
    ssl_context.set_ciphers(
ssl.SSLError: ('No cipher can be selected.',)

During handling of the above exception, another exception occurred:

Traceback (most recent call last):
  File "D:\workspace\wss\main.py", line 144, in startEvent
    await self.charger.runcase(self.TC_selected if len(self.TC_selected.keys())>0 else self.TC)
  File "D:\workspace\wss\Charger.py", line 340, in runcase
    await self.conn(case)
  File "D:\workspace\wss\Charger.py", line 206, in conn
    self.log(err)
  File "D:\workspace\wss\Charger.py", line 120, in log
    self.txt_recv.insert(END, datetime.now().isoformat() +' '+ log + '\n', attr)
                              ~~~~~~~~~~~~~~~~~~~~~~~~~~~~~~~^~~~~
TypeError: can only concatenate str (not "ssl.SSLError") to str
2023-04-27 15:23:30,352 - DEBUG - = connection is CONNECTING
2023-04-27 15:23:30,384 - DEBUG - > GET /ocpp16/ELA007C05/EVSCA050001 HTTP/1.1
2023-04-27 15:23:30,384 - DEBUG - > Host: ws.devevspcharger.uplus.co.kr
2023-04-27 15:23:30,385 - DEBUG - > Upgrade: websocket
2023-04-27 15:23:30,385 - DEBUG - > Connection: Upgrade
2023-04-27 15:23:30,385 - DEBUG - > Sec-WebSocket-Key: wbJoe2bLQuBbyuyFMJBOHw==
2023-04-27 15:23:30,385 - DEBUG - > Sec-WebSocket-Version: 13
2023-04-27 15:23:30,385 - DEBUG - > Sec-WebSocket-Extensions: permessage-deflate; client_max_window_bits
2023-04-27 15:23:30,385 - DEBUG - > Sec-WebSocket-Protocol: ocpp1.6
2023-04-27 15:23:30,385 - DEBUG - > Authorization: Basic RVZBUjpFVkFSTEdV
2023-04-27 15:23:30,385 - DEBUG - > User-Agent: Python/3.11 websockets/10.4
2023-04-27 15:23:31,988 - DEBUG - < HTTP/1.1 101 Switching Protocols
2023-04-27 15:23:31,988 - DEBUG - < Connection: upgrade
2023-04-27 15:23:31,988 - DEBUG - < Date: Thu, 27 Apr 2023 06:23:28 GMT
2023-04-27 15:23:31,988 - DEBUG - < sec-websocket-protocol: ocpp1.6
2023-04-27 15:23:31,989 - DEBUG - < upgrade: websocket
2023-04-27 15:23:31,989 - DEBUG - < sec-websocket-accept: 9phn6P2TfZNS8aeqMhoAqsRwCoE=
2023-04-27 15:23:31,989 - DEBUG - < sec-websocket-extensions: permessage-deflate
2023-04-27 15:23:31,989 - DEBUG - < X-Cache: Miss from cloudfront
2023-04-27 15:23:31,989 - DEBUG - < Via: 1.1 6417e2f7bfaa7aa3312c9889248048c4.cloudfront.net (CloudFront)
2023-04-27 15:23:31,989 - DEBUG - < X-Amz-Cf-Pop: ICN54-C3
2023-04-27 15:23:31,989 - DEBUG - < X-Amz-Cf-Id: qgGGCfngXimLH73eb5iAPRg_4DM1xH1eO_xDrqtkkPXBLdpAoaVwHA==
2023-04-27 15:23:31,995 - DEBUG - = connection is OPEN
2023-04-27 15:23:32,005 - ERROR - Task exception was never retrieved
future: <Task finished name='Task-2' coro=<ChargerSim.startEvent() done, defined at D:\workspace\wss\main.py:124> exception=TypeError('can only concatenate str (not "AttributeError") to str')>
Traceback (most recent call last):
  File "D:\workspace\wss\Charger.py", line 184, in conn
    server_cert = self.ws.writer.transport.get_extra_info('ssl_object').getpeercert(binary_form=True)
                  ^^^^^^^^^^^^^^
AttributeError: 'WebSocketClientProtocol' object has no attribute 'writer'

During handling of the above exception, another exception occurred:

Traceback (most recent call last):
  File "D:\workspace\wss\main.py", line 144, in startEvent
    await self.charger.runcase(self.TC_selected if len(self.TC_selected.keys())>0 else self.TC)
  File "D:\workspace\wss\Charger.py", line 342, in runcase
    await self.conn(case)
  File "D:\workspace\wss\Charger.py", line 208, in conn
    self.log(err)
  File "D:\workspace\wss\Charger.py", line 120, in log
    self.txt_recv.insert(END, datetime.now().isoformat() +' '+ log + '\n', attr)
                              ~~~~~~~~~~~~~~~~~~~~~~~~~~~~~~~^~~~~
TypeError: can only concatenate str (not "AttributeError") to str
2023-04-27 15:23:49,064 - DEBUG - = connection is CONNECTING
2023-04-27 15:23:49,083 - DEBUG - > GET /ocpp16/ELA007C05/EVSCA050001 HTTP/1.1
2023-04-27 15:23:49,083 - DEBUG - > Host: ws.devevspcharger.uplus.co.kr
2023-04-27 15:23:49,083 - DEBUG - > Upgrade: websocket
2023-04-27 15:23:49,084 - DEBUG - > Connection: Upgrade
2023-04-27 15:23:49,084 - DEBUG - > Sec-WebSocket-Key: zatDwCVb8GI1XM5505UwdA==
2023-04-27 15:23:49,084 - DEBUG - > Sec-WebSocket-Version: 13
2023-04-27 15:23:49,084 - DEBUG - > Sec-WebSocket-Extensions: permessage-deflate; client_max_window_bits
2023-04-27 15:23:49,084 - DEBUG - > Sec-WebSocket-Protocol: ocpp1.6
2023-04-27 15:23:49,084 - DEBUG - > Authorization: Basic RVZBUjpFVkFSTEdV
2023-04-27 15:23:49,084 - DEBUG - > User-Agent: Python/3.11 websockets/10.4
2023-04-27 15:23:49,452 - DEBUG - < HTTP/1.1 101 Switching Protocols
2023-04-27 15:23:49,452 - DEBUG - < Connection: upgrade
2023-04-27 15:23:49,452 - DEBUG - < Date: Thu, 27 Apr 2023 06:23:45 GMT
2023-04-27 15:23:49,452 - DEBUG - < sec-websocket-protocol: ocpp1.6
2023-04-27 15:23:49,452 - DEBUG - < upgrade: websocket
2023-04-27 15:23:49,452 - DEBUG - < sec-websocket-accept: EU6gSpemd3suFX3CYnEBBCVCWpc=
2023-04-27 15:23:49,453 - DEBUG - < sec-websocket-extensions: permessage-deflate
2023-04-27 15:23:49,453 - DEBUG - < X-Cache: Miss from cloudfront
2023-04-27 15:23:49,453 - DEBUG - < Via: 1.1 f2e81391c8c636f1b66640a0f07510a6.cloudfront.net (CloudFront)
2023-04-27 15:23:49,453 - DEBUG - < X-Amz-Cf-Pop: ICN54-C3
2023-04-27 15:23:49,453 - DEBUG - < X-Amz-Cf-Id: OzC5sDnN4iJ3UyfmYH7i_-Ku1uvBKULZ49PTErXjw7Cgs7cyWDSLmQ==
2023-04-27 15:23:49,453 - DEBUG - = connection is OPEN
2023-04-27 15:23:49,464 - ERROR - Task exception was never retrieved
future: <Task finished name='Task-2' coro=<ChargerSim.startEvent() done, defined at D:\workspace\wss\main.py:124> exception=TypeError('can only concatenate str (not "AttributeError") to str')>
Traceback (most recent call last):
  File "D:\workspace\wss\Charger.py", line 184, in conn
    server_cert = self.ws.ransport.get_extra_info('ssl_object').getpeercert(binary_form=True)
                  ^^^^^^^^^^^^^^^^
AttributeError: 'WebSocketClientProtocol' object has no attribute 'ransport'

During handling of the above exception, another exception occurred:

Traceback (most recent call last):
  File "D:\workspace\wss\main.py", line 144, in startEvent
    await self.charger.runcase(self.TC_selected if len(self.TC_selected.keys())>0 else self.TC)
  File "D:\workspace\wss\Charger.py", line 342, in runcase
    await self.conn(case)
  File "D:\workspace\wss\Charger.py", line 208, in conn
    self.log(err)
  File "D:\workspace\wss\Charger.py", line 120, in log
    self.txt_recv.insert(END, datetime.now().isoformat() +' '+ log + '\n', attr)
                              ~~~~~~~~~~~~~~~~~~~~~~~~~~~~~~~^~~~~
TypeError: can only concatenate str (not "AttributeError") to str
2023-04-27 15:24:05,511 - DEBUG - = connection is CONNECTING
2023-04-27 15:24:05,535 - DEBUG - > GET /ocpp16/ELA007C05/EVSCA050001 HTTP/1.1
2023-04-27 15:24:05,535 - DEBUG - > Host: ws.devevspcharger.uplus.co.kr
2023-04-27 15:24:05,535 - DEBUG - > Upgrade: websocket
2023-04-27 15:24:05,535 - DEBUG - > Connection: Upgrade
2023-04-27 15:24:05,536 - DEBUG - > Sec-WebSocket-Key: osO58CPhrK56NRxZfyzm6w==
2023-04-27 15:24:05,536 - DEBUG - > Sec-WebSocket-Version: 13
2023-04-27 15:24:05,536 - DEBUG - > Sec-WebSocket-Extensions: permessage-deflate; client_max_window_bits
2023-04-27 15:24:05,536 - DEBUG - > Sec-WebSocket-Protocol: ocpp1.6
2023-04-27 15:24:05,536 - DEBUG - > Authorization: Basic RVZBUjpFVkFSTEdV
2023-04-27 15:24:05,536 - DEBUG - > User-Agent: Python/3.11 websockets/10.4
2023-04-27 15:24:05,747 - DEBUG - < HTTP/1.1 101 Switching Protocols
2023-04-27 15:24:05,747 - DEBUG - < Connection: upgrade
2023-04-27 15:24:05,748 - DEBUG - < Date: Thu, 27 Apr 2023 06:24:02 GMT
2023-04-27 15:24:05,748 - DEBUG - < sec-websocket-protocol: ocpp1.6
2023-04-27 15:24:05,748 - DEBUG - < upgrade: websocket
2023-04-27 15:24:05,749 - DEBUG - < sec-websocket-accept: vhHHQxMhUTw8ok6ts+a2RSLzrm8=
2023-04-27 15:24:05,749 - DEBUG - < sec-websocket-extensions: permessage-deflate
2023-04-27 15:24:05,749 - DEBUG - < X-Cache: Miss from cloudfront
2023-04-27 15:24:05,749 - DEBUG - < Via: 1.1 036cef48de1989b5ecdb0d4ec68f8b0c.cloudfront.net (CloudFront)
2023-04-27 15:24:05,749 - DEBUG - < X-Amz-Cf-Pop: ICN54-C3
2023-04-27 15:24:05,749 - DEBUG - < X-Amz-Cf-Id: AdSmjBi31-4tVUuF37T9LnB1tNitAoGrVYYcbbNRHKH24eha1zg7Ew==
2023-04-27 15:24:05,750 - DEBUG - = connection is OPEN
2023-04-27 15:24:05,820 - DEBUG - > TEXT '[2, "a4e979fd-05b4-487d-ab36-b6fe2aff0704", "Bo...ePointVendor": "EVAR"}]' [127 bytes]
2023-04-27 15:24:06,244 - DEBUG - < TEXT '[3, "a4e979fd-05b4-487d-ab36-b6fe2aff0704", {"s...02Z", "interval": 600}]' [123 bytes]
2023-04-27 15:24:06,373 - DEBUG - Starting new HTTPS connection (1): rgw.devevspcharger.uplus.co.kr:443
2023-04-27 15:24:07,949 - DEBUG - https://rgw.devevspcharger.uplus.co.kr:443 "POST /ioc HTTP/1.1" 200 123
2023-04-27 15:24:08,005 - DEBUG - < TEXT '[2, "9bdf30cb-47c9-43c8-ae48-5896356c2b98", "Ge...ration", {"key": [""]}]' [78 bytes]
2023-04-27 15:24:08,015 - DEBUG - > TEXT '[3, "9bdf30cb-47c9-43c8-ae48-5896356c2b98", {"c...ts", "value": "true"}}]' [120 bytes]
2023-04-27 15:24:11,948 - DEBUG - < TEXT '' [0 bytes]
2023-04-27 15:24:12,006 - DEBUG - Starting new HTTPS connection (1): rgw.devevspcharger.uplus.co.kr:443
2023-04-27 15:24:12,450 - DEBUG - https://rgw.devevspcharger.uplus.co.kr:443 "POST /ioc HTTP/1.1" 200 164
2023-04-27 15:24:12,556 - DEBUG - < TEXT '[2, "e3b1ea79-245d-45dd-b5c0-1de24a492cbe", "Ch...rval", "value": "300"}]' [119 bytes]
2023-04-27 15:24:12,561 - DEBUG - > TEXT '[3, "e3b1ea79-245d-45dd-b5c0-1de24a492cbe", {"status": "Accepted"}]' [67 bytes]
2023-04-27 15:24:12,721 - DEBUG - < TEXT '' [0 bytes]
2023-04-27 15:24:12,781 - DEBUG - > TEXT '[2, "a4e979fd-05b4-487d-ab36-b6fe2aff0704", "Bo...ePointVendor": "EVAR"}]' [127 bytes]
2023-04-27 15:24:13,044 - DEBUG - < TEXT '[3, "a4e979fd-05b4-487d-ab36-b6fe2aff0704", {"s...09Z", "interval": 600}]' [123 bytes]
2023-04-27 15:24:13,099 - DEBUG - > TEXT '[2, "a4e979fd-05b4-487d-ab36-b6fe2aff0704", "St..."status": "Available"}]' [132 bytes]
2023-04-27 15:24:13,301 - DEBUG - < TEXT '[3, "a4e979fd-05b4-487d-ab36-b6fe2aff0704", {}]' [47 bytes]
2023-04-27 15:24:13,344 - DEBUG - > TEXT '[2, "b9f1cfe7-9c0f-435c-a3c7-f6306f973e27", "Heartbeat", {}]' [60 bytes]
2023-04-27 15:24:13,615 - DEBUG - < TEXT '[3, "b9f1cfe7-9c0f-435c-a3c7-f6306f973e27", {"c...2023-04-27T15:24:09Z"}]' [84 bytes]
2023-04-27 15:27:13,479 - DEBUG - = connection is CONNECTING
2023-04-27 15:27:13,500 - DEBUG - > GET /ocpp16/ELA007C05/EVSCA050001 HTTP/1.1
2023-04-27 15:27:13,500 - DEBUG - > Host: ws.devevspcharger.uplus.co.kr
2023-04-27 15:27:13,500 - DEBUG - > Upgrade: websocket
2023-04-27 15:27:13,500 - DEBUG - > Connection: Upgrade
2023-04-27 15:27:13,500 - DEBUG - > Sec-WebSocket-Key: n42FfnFGZWbMykOkRL8DsQ==
2023-04-27 15:27:13,500 - DEBUG - > Sec-WebSocket-Version: 13
2023-04-27 15:27:13,500 - DEBUG - > Sec-WebSocket-Extensions: permessage-deflate; client_max_window_bits
2023-04-27 15:27:13,501 - DEBUG - > Sec-WebSocket-Protocol: ocpp1.6
2023-04-27 15:27:13,501 - DEBUG - > Authorization: Basic RVZBUjpFVkFSTEdV
2023-04-27 15:27:13,501 - DEBUG - > User-Agent: Python/3.11 websockets/10.4
2023-04-27 15:27:14,090 - DEBUG - < HTTP/1.1 101 Switching Protocols
2023-04-27 15:27:14,090 - DEBUG - < Connection: upgrade
2023-04-27 15:27:14,090 - DEBUG - < Date: Thu, 27 Apr 2023 06:27:10 GMT
2023-04-27 15:27:14,091 - DEBUG - < sec-websocket-protocol: ocpp1.6
2023-04-27 15:27:14,091 - DEBUG - < upgrade: websocket
2023-04-27 15:27:14,091 - DEBUG - < sec-websocket-accept: mHSNXCVOhagfyRw/+vx0iasD0F8=
2023-04-27 15:27:14,091 - DEBUG - < sec-websocket-extensions: permessage-deflate
2023-04-27 15:27:14,091 - DEBUG - < X-Cache: Miss from cloudfront
2023-04-27 15:27:14,091 - DEBUG - < Via: 1.1 fecc65d391be2bf41eb69d5e4b0f34be.cloudfront.net (CloudFront)
2023-04-27 15:27:14,091 - DEBUG - < X-Amz-Cf-Pop: ICN54-C3
2023-04-27 15:27:14,091 - DEBUG - < X-Amz-Cf-Id: dg_05cE7YTgldsi2eE5-2IdPToq7MACf-T7hiYfdphT10Vmk97od5Q==
2023-04-27 15:27:14,091 - DEBUG - = connection is OPEN
2023-04-27 15:27:14,107 - ERROR - Task exception was never retrieved
future: <Task finished name='Task-2' coro=<ChargerSim.startEvent() done, defined at D:\workspace\wss\main.py:124> exception=TypeError('can only concatenate str (not "UnicodeDecodeError") to str')>
Traceback (most recent call last):
  File "D:\workspace\wss\Charger.py", line 185, in conn
    print(server_cert.decode('utf-8'))
          ^^^^^^^^^^^^^^^^^^^^^^^^^^^
UnicodeDecodeError: 'utf-8' codec can't decode byte 0x82 in position 1: invalid start byte

During handling of the above exception, another exception occurred:

Traceback (most recent call last):
  File "D:\workspace\wss\main.py", line 144, in startEvent
    await self.charger.runcase(self.TC_selected if len(self.TC_selected.keys())>0 else self.TC)
  File "D:\workspace\wss\Charger.py", line 342, in runcase
    await self.conn(case)
  File "D:\workspace\wss\Charger.py", line 208, in conn
    self.log(err)
  File "D:\workspace\wss\Charger.py", line 120, in log
    self.txt_recv.insert(END, datetime.now().isoformat() +' '+ log + '\n', attr)
                              ~~~~~~~~~~~~~~~~~~~~~~~~~~~~~~~^~~~~
TypeError: can only concatenate str (not "UnicodeDecodeError") to str
2023-04-27 15:30:14,399 - DEBUG - = connection is CONNECTING
2023-04-27 15:30:14,416 - DEBUG - > GET /ocpp16/ELA007C05/EVSCA050001 HTTP/1.1
2023-04-27 15:30:14,416 - DEBUG - > Host: ws.devevspcharger.uplus.co.kr
2023-04-27 15:30:14,417 - DEBUG - > Upgrade: websocket
2023-04-27 15:30:14,417 - DEBUG - > Connection: Upgrade
2023-04-27 15:30:14,417 - DEBUG - > Sec-WebSocket-Key: 7TFcZgJv5F9mBeKGQzOy2w==
2023-04-27 15:30:14,418 - DEBUG - > Sec-WebSocket-Version: 13
2023-04-27 15:30:14,418 - DEBUG - > Sec-WebSocket-Extensions: permessage-deflate; client_max_window_bits
2023-04-27 15:30:14,418 - DEBUG - > Sec-WebSocket-Protocol: ocpp1.6
2023-04-27 15:30:14,418 - DEBUG - > Authorization: Basic RVZBUjpFVkFSTEdV
2023-04-27 15:30:14,419 - DEBUG - > User-Agent: Python/3.11 websockets/10.4
2023-04-27 15:30:14,968 - DEBUG - < HTTP/1.1 101 Switching Protocols
2023-04-27 15:30:14,968 - DEBUG - < Connection: upgrade
2023-04-27 15:30:14,968 - DEBUG - < Date: Thu, 27 Apr 2023 06:30:11 GMT
2023-04-27 15:30:14,968 - DEBUG - < sec-websocket-protocol: ocpp1.6
2023-04-27 15:30:14,968 - DEBUG - < upgrade: websocket
2023-04-27 15:30:14,968 - DEBUG - < sec-websocket-accept: TLtIsMtBuPXAV5dBy6ETTbGP7qc=
2023-04-27 15:30:14,968 - DEBUG - < sec-websocket-extensions: permessage-deflate
2023-04-27 15:30:14,969 - DEBUG - < X-Cache: Miss from cloudfront
2023-04-27 15:30:14,969 - DEBUG - < Via: 1.1 ba4aea93d8c5838f3aa205a697b95174.cloudfront.net (CloudFront)
2023-04-27 15:30:14,969 - DEBUG - < X-Amz-Cf-Pop: ICN54-C3
2023-04-27 15:30:14,969 - DEBUG - < X-Amz-Cf-Id: Ahm018tUVA2GvtH1Z1Y8R7YFVB9X_dZAveKNUMZNXBKj08_0p64zaA==
2023-04-27 15:30:14,969 - DEBUG - = connection is OPEN
2023-04-27 15:30:15,002 - ERROR - Task exception was never retrieved
future: <Task finished name='Task-2' coro=<ChargerSim.startEvent() done, defined at D:\workspace\wss\main.py:124> exception=TypeError('can only concatenate str (not "AttributeError") to str')>
Traceback (most recent call last):
  File "D:\workspace\wss\Charger.py", line 186, in conn
    print(ssl.PEM_cert_to_DER_cert(server_cert).decode('utf-8'))
          ^^^^^^^^^^^^^^^^^^^^^^^^^^^^^^^^^^^^^
  File "C:\Users\LGCNS\AppData\Local\Programs\Python\Python311\Lib\ssl.py", line 1501, in PEM_cert_to_DER_cert
    if not pem_cert_string.startswith(PEM_HEADER):
           ^^^^^^^^^^^^^^^^^^^^^^^^^^
AttributeError: 'X509' object has no attribute 'startswith'

During handling of the above exception, another exception occurred:

Traceback (most recent call last):
  File "D:\workspace\wss\main.py", line 144, in startEvent
    await self.charger.runcase(self.TC_selected if len(self.TC_selected.keys())>0 else self.TC)
  File "D:\workspace\wss\Charger.py", line 343, in runcase
    await self.conn(case)
  File "D:\workspace\wss\Charger.py", line 209, in conn
    self.log(err)
  File "D:\workspace\wss\Charger.py", line 120, in log
    self.txt_recv.insert(END, datetime.now().isoformat() +' '+ log + '\n', attr)
                              ~~~~~~~~~~~~~~~~~~~~~~~~~~~~~~~^~~~~
TypeError: can only concatenate str (not "AttributeError") to str
2023-04-27 15:30:40,185 - DEBUG - = connection is CONNECTING
2023-04-27 15:30:40,204 - DEBUG - > GET /ocpp16/ELA007C05/EVSCA050001 HTTP/1.1
2023-04-27 15:30:40,204 - DEBUG - > Host: ws.devevspcharger.uplus.co.kr
2023-04-27 15:30:40,204 - DEBUG - > Upgrade: websocket
2023-04-27 15:30:40,205 - DEBUG - > Connection: Upgrade
2023-04-27 15:30:40,205 - DEBUG - > Sec-WebSocket-Key: 6j2g4Mv1qQy409X8skC+Pw==
2023-04-27 15:30:40,205 - DEBUG - > Sec-WebSocket-Version: 13
2023-04-27 15:30:40,205 - DEBUG - > Sec-WebSocket-Extensions: permessage-deflate; client_max_window_bits
2023-04-27 15:30:40,205 - DEBUG - > Sec-WebSocket-Protocol: ocpp1.6
2023-04-27 15:30:40,205 - DEBUG - > Authorization: Basic RVZBUjpFVkFSTEdV
2023-04-27 15:30:40,206 - DEBUG - > User-Agent: Python/3.11 websockets/10.4
2023-04-27 15:30:40,408 - DEBUG - < HTTP/1.1 101 Switching Protocols
2023-04-27 15:30:40,408 - DEBUG - < Connection: upgrade
2023-04-27 15:30:40,408 - DEBUG - < Date: Thu, 27 Apr 2023 06:30:36 GMT
2023-04-27 15:30:40,408 - DEBUG - < sec-websocket-protocol: ocpp1.6
2023-04-27 15:30:40,409 - DEBUG - < upgrade: websocket
2023-04-27 15:30:40,409 - DEBUG - < sec-websocket-accept: QL8yLr1DJ2wxKDXB28PW0JQm9sQ=
2023-04-27 15:30:40,409 - DEBUG - < sec-websocket-extensions: permessage-deflate
2023-04-27 15:30:40,409 - DEBUG - < X-Cache: Miss from cloudfront
2023-04-27 15:30:40,409 - DEBUG - < Via: 1.1 0dfce2e0ed54afa905a123b0764fcc70.cloudfront.net (CloudFront)
2023-04-27 15:30:40,409 - DEBUG - < X-Amz-Cf-Pop: ICN54-C3
2023-04-27 15:30:40,409 - DEBUG - < X-Amz-Cf-Id: nCc7NkUNVBk0ngvFn8vYxeb9xU7_fLMmvT5ZKXBz6ZU4niTUAdMH1w==
2023-04-27 15:30:40,410 - DEBUG - = connection is OPEN
2023-04-27 15:30:40,421 - ERROR - Task exception was never retrieved
future: <Task finished name='Task-2' coro=<ChargerSim.startEvent() done, defined at D:\workspace\wss\main.py:124> exception=TypeError('can only concatenate str (not "TypeError") to str')>
Traceback (most recent call last):
  File "D:\workspace\wss\Charger.py", line 186, in conn
    print(ssl.PEM_cert_to_DER_cert(server_cert).decode('utf-8'))
          ^^^^^^^^^^^^^^^^^^^^^^^^^^^^^^^^^^^^^
  File "C:\Users\LGCNS\AppData\Local\Programs\Python\Python311\Lib\ssl.py", line 1501, in PEM_cert_to_DER_cert
    if not pem_cert_string.startswith(PEM_HEADER):
           ^^^^^^^^^^^^^^^^^^^^^^^^^^^^^^^^^^^^^^
TypeError: startswith first arg must be bytes or a tuple of bytes, not str

During handling of the above exception, another exception occurred:

Traceback (most recent call last):
  File "D:\workspace\wss\main.py", line 144, in startEvent
    await self.charger.runcase(self.TC_selected if len(self.TC_selected.keys())>0 else self.TC)
  File "D:\workspace\wss\Charger.py", line 343, in runcase
    await self.conn(case)
  File "D:\workspace\wss\Charger.py", line 209, in conn
    self.log(err)
  File "D:\workspace\wss\Charger.py", line 120, in log
    self.txt_recv.insert(END, datetime.now().isoformat() +' '+ log + '\n', attr)
                              ~~~~~~~~~~~~~~~~~~~~~~~~~~~~~~~^~~~~
TypeError: can only concatenate str (not "TypeError") to str
2023-04-27 15:32:39,688 - DEBUG - = connection is CONNECTING
2023-04-27 15:32:39,708 - DEBUG - > GET /ocpp16/ELA007C05/EVSCA050001 HTTP/1.1
2023-04-27 15:32:39,708 - DEBUG - > Host: ws.devevspcharger.uplus.co.kr
2023-04-27 15:32:39,709 - DEBUG - > Upgrade: websocket
2023-04-27 15:32:39,709 - DEBUG - > Connection: Upgrade
2023-04-27 15:32:39,709 - DEBUG - > Sec-WebSocket-Key: 2azLgddNFK+3woQNLH6r9g==
2023-04-27 15:32:39,709 - DEBUG - > Sec-WebSocket-Version: 13
2023-04-27 15:32:39,710 - DEBUG - > Sec-WebSocket-Extensions: permessage-deflate; client_max_window_bits
2023-04-27 15:32:39,710 - DEBUG - > Sec-WebSocket-Protocol: ocpp1.6
2023-04-27 15:32:39,710 - DEBUG - > Authorization: Basic RVZBUjpFVkFSTEdV
2023-04-27 15:32:39,710 - DEBUG - > User-Agent: Python/3.11 websockets/10.4
2023-04-27 15:32:40,210 - DEBUG - < HTTP/1.1 101 Switching Protocols
2023-04-27 15:32:40,210 - DEBUG - < Connection: upgrade
2023-04-27 15:32:40,210 - DEBUG - < Date: Thu, 27 Apr 2023 06:32:36 GMT
2023-04-27 15:32:40,210 - DEBUG - < sec-websocket-protocol: ocpp1.6
2023-04-27 15:32:40,210 - DEBUG - < upgrade: websocket
2023-04-27 15:32:40,210 - DEBUG - < sec-websocket-accept: uJemJxWS4IOqzN0AiO6ivr3MGuY=
2023-04-27 15:32:40,211 - DEBUG - < sec-websocket-extensions: permessage-deflate
2023-04-27 15:32:40,211 - DEBUG - < X-Cache: Miss from cloudfront
2023-04-27 15:32:40,211 - DEBUG - < Via: 1.1 8fe450b14ab15570329ffffc38b89966.cloudfront.net (CloudFront)
2023-04-27 15:32:40,211 - DEBUG - < X-Amz-Cf-Pop: ICN54-C3
2023-04-27 15:32:40,211 - DEBUG - < X-Amz-Cf-Id: spXi-DFIDJW-8BDQrEgloNl5ca_rBcTq4ftEqkowy9tHer-4irYuuA==
2023-04-27 15:32:40,211 - DEBUG - = connection is OPEN
2023-04-27 15:32:40,290 - DEBUG - > TEXT '[2, "ad2e5497-a226-4385-b1ba-9072fc527a2e", "Bo...ePointVendor": "EVAR"}]' [127 bytes]
2023-04-27 15:32:40,726 - DEBUG - < TEXT '[3, "ad2e5497-a226-4385-b1ba-9072fc527a2e", {"s...36Z", "interval": 600}]' [123 bytes]
2023-04-27 15:32:40,833 - DEBUG - Starting new HTTPS connection (1): rgw.devevspcharger.uplus.co.kr:443
2023-04-27 15:32:42,397 - DEBUG - https://rgw.devevspcharger.uplus.co.kr:443 "POST /ioc HTTP/1.1" 200 123
2023-04-27 15:32:42,438 - DEBUG - < TEXT '[2, "90837bf5-a1dd-4631-b1dc-ff327566d8f3", "Ge...ration", {"key": [""]}]' [78 bytes]
2023-04-27 15:32:42,442 - DEBUG - > TEXT '[3, "90837bf5-a1dd-4631-b1dc-ff327566d8f3", {"c...ts", "value": "true"}}]' [120 bytes]
2023-04-27 15:32:42,606 - DEBUG - < TEXT '' [0 bytes]
2023-04-27 15:32:42,622 - DEBUG - Starting new HTTPS connection (1): rgw.devevspcharger.uplus.co.kr:443
2023-04-27 15:32:43,059 - DEBUG - https://rgw.devevspcharger.uplus.co.kr:443 "POST /ioc HTTP/1.1" 200 164
2023-04-27 15:32:43,105 - DEBUG - < TEXT '[2, "6625f08a-3356-431e-b2a4-c37633df6a87", "Ch...rval", "value": "300"}]' [119 bytes]
2023-04-27 15:32:43,109 - DEBUG - > TEXT '[3, "6625f08a-3356-431e-b2a4-c37633df6a87", {"status": "Accepted"}]' [67 bytes]
2023-04-27 15:32:43,267 - DEBUG - < TEXT '' [0 bytes]
2023-04-27 15:32:43,299 - DEBUG - > TEXT '[2, "ad2e5497-a226-4385-b1ba-9072fc527a2e", "Bo...ePointVendor": "EVAR"}]' [127 bytes]
2023-04-27 15:32:43,569 - DEBUG - < TEXT '[3, "ad2e5497-a226-4385-b1ba-9072fc527a2e", {"s...39Z", "interval": 600}]' [123 bytes]
2023-04-27 15:32:43,609 - DEBUG - > TEXT '[2, "ad2e5497-a226-4385-b1ba-9072fc527a2e", "St..."status": "Available"}]' [132 bytes]
2023-04-27 15:32:43,831 - DEBUG - < TEXT '[3, "ad2e5497-a226-4385-b1ba-9072fc527a2e", {}]' [47 bytes]
2023-04-27 15:32:43,872 - DEBUG - > TEXT '[2, "879b3311-19d3-45db-8fe5-3b55671dfffd", "Heartbeat", {}]' [60 bytes]
2023-04-27 15:32:44,047 - DEBUG - < TEXT '[3, "879b3311-19d3-45db-8fe5-3b55671dfffd", {"c...2023-04-27T15:32:40Z"}]' [84 bytes]
2023-04-27 15:32:44,073 - DEBUG - = connection is CLOSING
2023-04-27 15:32:44,073 - DEBUG - > CLOSE 1000 (OK) [2 bytes]
2023-04-27 15:32:44,084 - DEBUG - < CLOSE 1000 (OK) [2 bytes]
2023-04-27 15:32:44,089 - DEBUG - = connection is CLOSED
2023-04-27 17:24:44,267 - DEBUG - = connection is CONNECTING
2023-04-27 17:24:44,312 - DEBUG - > GET /ocpp16/ELA007C05/EVSCA050001 HTTP/1.1
2023-04-27 17:24:44,313 - DEBUG - > Host: ws.devevspcharger.uplus.co.kr
2023-04-27 17:24:44,313 - DEBUG - > Upgrade: websocket
2023-04-27 17:24:44,313 - DEBUG - > Connection: Upgrade
2023-04-27 17:24:44,313 - DEBUG - > Sec-WebSocket-Key: 4glkk2V0Jr2N5VreXXWGsw==
2023-04-27 17:24:44,314 - DEBUG - > Sec-WebSocket-Version: 13
2023-04-27 17:24:44,314 - DEBUG - > Sec-WebSocket-Extensions: permessage-deflate; client_max_window_bits
2023-04-27 17:24:44,314 - DEBUG - > Sec-WebSocket-Protocol: ocpp1.6
2023-04-27 17:24:44,315 - DEBUG - > Authorization: Basic RVZBUjpFVkFSTEdV
2023-04-27 17:24:44,315 - DEBUG - > User-Agent: Python/3.11 websockets/10.4
2023-04-27 17:24:45,873 - DEBUG - < HTTP/1.1 101 Switching Protocols
2023-04-27 17:24:45,874 - DEBUG - < Connection: upgrade
2023-04-27 17:24:45,874 - DEBUG - < Date: Thu, 27 Apr 2023 08:24:45 GMT
2023-04-27 17:24:45,874 - DEBUG - < sec-websocket-protocol: ocpp1.6
2023-04-27 17:24:45,874 - DEBUG - < upgrade: websocket
2023-04-27 17:24:45,875 - DEBUG - < sec-websocket-accept: 6/kkVGm0Ld3I2BwP1KqJzkFHjE0=
2023-04-27 17:24:45,875 - DEBUG - < sec-websocket-extensions: permessage-deflate
2023-04-27 17:24:45,875 - DEBUG - < X-Cache: Miss from cloudfront
2023-04-27 17:24:45,875 - DEBUG - < Via: 1.1 4a5beefecb62fd271f7c4e433f446fc8.cloudfront.net (CloudFront)
2023-04-27 17:24:45,875 - DEBUG - < X-Amz-Cf-Pop: ICN54-C3
2023-04-27 17:24:45,875 - DEBUG - < X-Amz-Cf-Id: zHuAcLISjBbvh4eITZWGrH2HMHq33DYXX75wLDCnErt7vQRfaI8ETA==
2023-04-27 17:24:45,877 - DEBUG - = connection is OPEN
2023-04-27 17:24:45,959 - DEBUG - > TEXT '[2, "4a97d9e5-0f40-4784-80e5-d5c73bb342fc", "Bo...ePointVendor": "EVAR"}]' [127 bytes]
2023-04-27 17:24:46,250 - DEBUG - < TEXT '[3, "4a97d9e5-0f40-4784-80e5-d5c73bb342fc", {"s...46Z", "interval": 600}]' [123 bytes]
2023-04-27 17:24:46,387 - DEBUG - Starting new HTTPS connection (1): rgw.devevspcharger.uplus.co.kr:443
2023-04-27 17:24:48,039 - DEBUG - https://rgw.devevspcharger.uplus.co.kr:443 "POST /ioc HTTP/1.1" 200 123
2023-04-27 17:24:48,089 - DEBUG - < TEXT '[2, "ca960808-f1a9-497b-8083-2159cf3f0da8", "Ge...ration", {"key": [""]}]' [78 bytes]
2023-04-27 17:24:48,098 - DEBUG - > TEXT '[3, "ca960808-f1a9-497b-8083-2159cf3f0da8", {"c...ts", "value": "true"}}]' [120 bytes]
2023-04-27 17:24:48,250 - DEBUG - < TEXT '' [0 bytes]
2023-04-27 17:24:48,269 - DEBUG - Starting new HTTPS connection (1): rgw.devevspcharger.uplus.co.kr:443
2023-04-27 17:24:48,721 - DEBUG - https://rgw.devevspcharger.uplus.co.kr:443 "POST /ioc HTTP/1.1" 200 164
2023-04-27 17:24:49,034 - DEBUG - < TEXT '[2, "ec50349f-ab78-448d-9ec6-26f1a260e99b", "Ch...rval", "value": "300"}]' [119 bytes]
2023-04-27 17:25:03,070 - DEBUG - = connection is CONNECTING
2023-04-27 17:25:03,089 - DEBUG - > GET /ocpp16/ELA007C05/EVSCA050001 HTTP/1.1
2023-04-27 17:25:03,089 - DEBUG - > Host: ws.devevspcharger.uplus.co.kr
2023-04-27 17:25:03,089 - DEBUG - > Upgrade: websocket
2023-04-27 17:25:03,089 - DEBUG - > Connection: Upgrade
2023-04-27 17:25:03,090 - DEBUG - > Sec-WebSocket-Key: YppUi2hmZmu26vEmMZUQmQ==
2023-04-27 17:25:03,090 - DEBUG - > Sec-WebSocket-Version: 13
2023-04-27 17:25:03,090 - DEBUG - > Sec-WebSocket-Extensions: permessage-deflate; client_max_window_bits
2023-04-27 17:25:03,090 - DEBUG - > Sec-WebSocket-Protocol: ocpp1.6
2023-04-27 17:25:03,090 - DEBUG - > Authorization: Basic RVZBUjpFVkFSTEdV
2023-04-27 17:25:03,091 - DEBUG - > User-Agent: Python/3.11 websockets/10.4
2023-04-27 17:25:03,392 - DEBUG - < HTTP/1.1 101 Switching Protocols
2023-04-27 17:25:03,392 - DEBUG - < Connection: upgrade
2023-04-27 17:25:03,392 - DEBUG - < Date: Thu, 27 Apr 2023 08:25:03 GMT
2023-04-27 17:25:03,392 - DEBUG - < sec-websocket-protocol: ocpp1.6
2023-04-27 17:25:03,393 - DEBUG - < upgrade: websocket
2023-04-27 17:25:03,393 - DEBUG - < sec-websocket-accept: F1PI6ELVA0cBamVNVSb0NElA1SI=
2023-04-27 17:25:03,393 - DEBUG - < sec-websocket-extensions: permessage-deflate
2023-04-27 17:25:03,393 - DEBUG - < X-Cache: Miss from cloudfront
2023-04-27 17:25:03,393 - DEBUG - < Via: 1.1 5cf9d27c64fa8c7d17a88985e8f0644a.cloudfront.net (CloudFront)
2023-04-27 17:25:03,393 - DEBUG - < X-Amz-Cf-Pop: ICN54-C3
2023-04-27 17:25:03,393 - DEBUG - < X-Amz-Cf-Id: 5HhJ4J-Td7CiM3Xd3p52Q0iqapEdkJnkUV3k20jQel_B7WG1FI-63w==
2023-04-27 17:25:03,393 - DEBUG - = connection is OPEN
2023-04-27 17:25:03,465 - DEBUG - > TEXT '[2, "9f8684ff-c72e-49e8-a789-5ca316da4d8e", "Bo...ePointVendor": "EVAR"}]' [127 bytes]
2023-04-27 17:25:03,730 - DEBUG - < TEXT '[3, "9f8684ff-c72e-49e8-a789-5ca316da4d8e", {"s...03Z", "interval": 600}]' [123 bytes]
2023-04-27 17:25:03,811 - DEBUG - Starting new HTTPS connection (1): rgw.devevspcharger.uplus.co.kr:443
2023-04-27 17:25:04,241 - DEBUG - https://rgw.devevspcharger.uplus.co.kr:443 "POST /ioc HTTP/1.1" 200 123
2023-04-27 17:25:04,270 - DEBUG - < TEXT '[2, "9a4e9d27-22ea-4bde-a529-37e3a9b46765", "Ge...ration", {"key": [""]}]' [78 bytes]
2023-04-27 17:25:04,276 - DEBUG - > TEXT '[3, "9a4e9d27-22ea-4bde-a529-37e3a9b46765", {"c...ts", "value": "true"}}]' [120 bytes]
2023-04-27 17:25:04,431 - DEBUG - < TEXT '' [0 bytes]
2023-04-27 17:25:04,451 - DEBUG - Starting new HTTPS connection (1): rgw.devevspcharger.uplus.co.kr:443
2023-04-27 17:25:04,881 - DEBUG - https://rgw.devevspcharger.uplus.co.kr:443 "POST /ioc HTTP/1.1" 200 164
2023-04-27 17:25:04,949 - DEBUG - < TEXT '[2, "c2941a70-cb04-49e0-b02b-34e08591d166", "Ch...rval", "value": "300"}]' [119 bytes]
2023-04-27 17:25:04,953 - DEBUG - > TEXT '[3, "c2941a70-cb04-49e0-b02b-34e08591d166", {"status": "Accepted"}]' [67 bytes]
2023-04-27 17:25:05,131 - DEBUG - < TEXT '' [0 bytes]
2023-04-27 17:25:05,253 - DEBUG - > TEXT '[2, "9f8684ff-c72e-49e8-a789-5ca316da4d8e", "Bo...ePointVendor": "EVAR"}]' [127 bytes]
2023-04-27 17:25:05,509 - DEBUG - < TEXT '[3, "9f8684ff-c72e-49e8-a789-5ca316da4d8e", {"s...05Z", "interval": 600}]' [123 bytes]
2023-04-27 17:25:05,559 - DEBUG - > TEXT '[2, "9f8684ff-c72e-49e8-a789-5ca316da4d8e", "St..."status": "Available"}]' [132 bytes]
2023-04-27 17:25:05,790 - DEBUG - < TEXT '[3, "9f8684ff-c72e-49e8-a789-5ca316da4d8e", {}]' [47 bytes]
2023-04-27 17:25:05,851 - DEBUG - > TEXT '[2, "ef598995-f066-444d-baf1-6cf4bc2a77ad", "Heartbeat", {}]' [60 bytes]
2023-04-27 17:25:06,049 - DEBUG - < TEXT '[3, "ef598995-f066-444d-baf1-6cf4bc2a77ad", {"c...2023-04-27T17:25:05Z"}]' [84 bytes]
2023-04-27 17:25:06,084 - DEBUG - = connection is CLOSING
2023-04-27 17:25:06,084 - DEBUG - > CLOSE 1000 (OK) [2 bytes]
2023-04-27 17:25:06,094 - DEBUG - < CLOSE 1000 (OK) [2 bytes]
2023-04-27 17:25:06,105 - DEBUG - = connection is CLOSED
2023-04-27 17:30:27,320 - DEBUG - = connection is CONNECTING
2023-04-27 17:30:27,338 - DEBUG - > GET /ocpp16/ELA007C05/EVSCA050001 HTTP/1.1
2023-04-27 17:30:27,339 - DEBUG - > Host: ws.devevspcharger.uplus.co.kr
2023-04-27 17:30:27,339 - DEBUG - > Upgrade: websocket
2023-04-27 17:30:27,339 - DEBUG - > Connection: Upgrade
2023-04-27 17:30:27,339 - DEBUG - > Sec-WebSocket-Key: 2e0D6oPd1M7xgYRq/4twJw==
2023-04-27 17:30:27,339 - DEBUG - > Sec-WebSocket-Version: 13
2023-04-27 17:30:27,339 - DEBUG - > Sec-WebSocket-Extensions: permessage-deflate; client_max_window_bits
2023-04-27 17:30:27,339 - DEBUG - > Sec-WebSocket-Protocol: ocpp1.6
2023-04-27 17:30:27,339 - DEBUG - > Authorization: Basic RVZBUjpFVkFSTEdV
2023-04-27 17:30:27,340 - DEBUG - > User-Agent: Python/3.11 websockets/10.4
2023-04-27 17:30:28,738 - DEBUG - < HTTP/1.1 101 Switching Protocols
2023-04-27 17:30:28,739 - DEBUG - < Connection: upgrade
2023-04-27 17:30:28,739 - DEBUG - < Date: Thu, 27 Apr 2023 08:30:28 GMT
2023-04-27 17:30:28,739 - DEBUG - < sec-websocket-protocol: ocpp1.6
2023-04-27 17:30:28,739 - DEBUG - < upgrade: websocket
2023-04-27 17:30:28,739 - DEBUG - < sec-websocket-accept: JLBgMLEe73JKKPkxsuFFsX2mjs8=
2023-04-27 17:30:28,739 - DEBUG - < sec-websocket-extensions: permessage-deflate
2023-04-27 17:30:28,739 - DEBUG - < X-Cache: Miss from cloudfront
2023-04-27 17:30:28,739 - DEBUG - < Via: 1.1 54b8575b655e579306ca279e73f06fcc.cloudfront.net (CloudFront)
2023-04-27 17:30:28,739 - DEBUG - < X-Amz-Cf-Pop: ICN54-C3
2023-04-27 17:30:28,739 - DEBUG - < X-Amz-Cf-Id: XbegXrCfGMscZmIsB1pHyaz2mKEqzvLR_IwDNry5uE89mlNrkarxiA==
2023-04-27 17:30:28,740 - DEBUG - = connection is OPEN
2023-04-27 17:30:28,801 - DEBUG - > TEXT '[2, "8c62a1f7-8c0b-480f-810c-571d0fb9d837", "Bo...ePointVendor": "EVAR"}]' [127 bytes]
2023-04-27 17:30:29,235 - DEBUG - < TEXT '[3, "8c62a1f7-8c0b-480f-810c-571d0fb9d837", {"s...29Z", "interval": 600}]' [123 bytes]
2023-04-27 17:30:29,350 - DEBUG - Starting new HTTPS connection (1): rgw.devevspcharger.uplus.co.kr:443
2023-04-27 17:30:30,877 - DEBUG - https://rgw.devevspcharger.uplus.co.kr:443 "POST /ioc HTTP/1.1" 200 123
2023-04-27 17:30:30,907 - DEBUG - < TEXT '[2, "5e4f1d88-c3ba-471e-b737-c81b46a6adbf", "Ge...ration", {"key": [""]}]' [78 bytes]
2023-04-27 17:30:30,921 - DEBUG - > TEXT '[3, "5e4f1d88-c3ba-471e-b737-c81b46a6adbf", {"c...ts", "value": "true"}}]' [120 bytes]
2023-04-27 17:30:31,076 - DEBUG - < TEXT '' [0 bytes]
2023-04-27 17:30:31,100 - DEBUG - Starting new HTTPS connection (1): rgw.devevspcharger.uplus.co.kr:443
2023-04-27 17:30:31,548 - DEBUG - https://rgw.devevspcharger.uplus.co.kr:443 "POST /ioc HTTP/1.1" 200 164
2023-04-27 17:30:31,666 - DEBUG - < TEXT '[2, "762d6e66-fc30-4cc9-9ded-c7017b022f33", "Ch...rval", "value": "300"}]' [119 bytes]
2023-04-27 17:30:31,675 - DEBUG - > TEXT '[3, "762d6e66-fc30-4cc9-9ded-c7017b022f33", {"status": "Accepted"}]' [67 bytes]
2023-04-27 17:30:31,844 - DEBUG - < TEXT '' [0 bytes]
2023-04-27 17:30:31,916 - DEBUG - > TEXT '[2, "8c62a1f7-8c0b-480f-810c-571d0fb9d837", "Bo...ePointVendor": "EVAR"}]' [127 bytes]
2023-04-27 17:30:32,174 - DEBUG - < TEXT '[3, "8c62a1f7-8c0b-480f-810c-571d0fb9d837", {"s...32Z", "interval": 600}]' [123 bytes]
2023-04-27 17:30:32,239 - DEBUG - > TEXT '[2, "8c62a1f7-8c0b-480f-810c-571d0fb9d837", "St..."status": "Available"}]' [132 bytes]
2023-04-27 17:30:32,475 - DEBUG - < TEXT '[3, "8c62a1f7-8c0b-480f-810c-571d0fb9d837", {}]' [47 bytes]
2023-04-27 17:30:32,537 - DEBUG - > TEXT '[2, "e35c4a3d-ce2c-4a39-889b-573a95d3257f", "Heartbeat", {}]' [60 bytes]
2023-04-27 17:30:32,734 - DEBUG - < TEXT '[3, "e35c4a3d-ce2c-4a39-889b-573a95d3257f", {"c...2023-04-27T17:30:32Z"}]' [84 bytes]
2023-04-27 17:30:32,760 - DEBUG - = connection is CLOSING
2023-04-27 17:30:32,760 - DEBUG - > CLOSE 1000 (OK) [2 bytes]
2023-04-27 17:30:32,769 - DEBUG - < CLOSE 1000 (OK) [2 bytes]
2023-04-27 17:30:32,776 - DEBUG - = connection is CLOSED
2023-04-27 17:31:23,301 - DEBUG - = connection is CONNECTING
2023-04-27 17:31:23,322 - DEBUG - > GET /ocpp16/ELA007C05/EVSCA050001 HTTP/1.1
2023-04-27 17:31:23,322 - DEBUG - > Host: ws.devevspcharger.uplus.co.kr
2023-04-27 17:31:23,322 - DEBUG - > Upgrade: websocket
2023-04-27 17:31:23,322 - DEBUG - > Connection: Upgrade
2023-04-27 17:31:23,322 - DEBUG - > Sec-WebSocket-Key: zblEWw08GeXeD4OirErvkg==
2023-04-27 17:31:23,323 - DEBUG - > Sec-WebSocket-Version: 13
2023-04-27 17:31:23,323 - DEBUG - > Sec-WebSocket-Extensions: permessage-deflate; client_max_window_bits
2023-04-27 17:31:23,323 - DEBUG - > Sec-WebSocket-Protocol: ocpp1.6
2023-04-27 17:31:23,323 - DEBUG - > Authorization: Basic RVZBUjpFVkFSTEdV
2023-04-27 17:31:23,323 - DEBUG - > User-Agent: Python/3.11 websockets/10.4
2023-04-27 17:31:24,677 - DEBUG - < HTTP/1.1 101 Switching Protocols
2023-04-27 17:31:24,678 - DEBUG - < Connection: upgrade
2023-04-27 17:31:24,678 - DEBUG - < Date: Thu, 27 Apr 2023 08:31:24 GMT
2023-04-27 17:31:24,678 - DEBUG - < sec-websocket-protocol: ocpp1.6
2023-04-27 17:31:24,678 - DEBUG - < upgrade: websocket
2023-04-27 17:31:24,678 - DEBUG - < sec-websocket-accept: tTPz07vIIRvkAwFXoFJDgV5xqAg=
2023-04-27 17:31:24,678 - DEBUG - < sec-websocket-extensions: permessage-deflate
2023-04-27 17:31:24,678 - DEBUG - < X-Cache: Miss from cloudfront
2023-04-27 17:31:24,678 - DEBUG - < Via: 1.1 5477ea118ef5bc95be33586b5fa2effe.cloudfront.net (CloudFront)
2023-04-27 17:31:24,679 - DEBUG - < X-Amz-Cf-Pop: ICN54-C3
2023-04-27 17:31:24,679 - DEBUG - < X-Amz-Cf-Id: SrEBAH_8gfjBFGGFZw6txbcAJuRsQd-4s9FF5VNjRSTe_Rq_B2Mrqw==
2023-04-27 17:31:24,679 - DEBUG - = connection is OPEN
2023-04-27 17:31:24,733 - DEBUG - > TEXT '[2, "e4d6b80a-161a-4322-9d6d-93e27f4af357", "Bo...ePointVendor": "EVAR"}]' [127 bytes]
2023-04-27 17:31:25,017 - DEBUG - < TEXT '[3, "e4d6b80a-161a-4322-9d6d-93e27f4af357", {"s...24Z", "interval": 600}]' [123 bytes]
2023-04-27 17:31:25,102 - DEBUG - Starting new HTTPS connection (1): rgw.devevspcharger.uplus.co.kr:443
2023-04-27 17:31:26,662 - DEBUG - https://rgw.devevspcharger.uplus.co.kr:443 "POST /ioc HTTP/1.1" 200 123
2023-04-27 17:31:26,756 - DEBUG - < TEXT '[2, "60216689-9e99-4cfc-a468-0f645ab0c714", "Ge...ration", {"key": [""]}]' [78 bytes]
2023-04-27 17:31:26,764 - DEBUG - > TEXT '[3, "60216689-9e99-4cfc-a468-0f645ab0c714", {"c...ts", "value": "true"}}]' [120 bytes]
2023-04-27 17:31:26,934 - DEBUG - < TEXT '' [0 bytes]
2023-04-27 17:31:26,962 - DEBUG - Starting new HTTPS connection (1): rgw.devevspcharger.uplus.co.kr:443
2023-04-27 17:31:27,410 - DEBUG - https://rgw.devevspcharger.uplus.co.kr:443 "POST /ioc HTTP/1.1" 200 164
2023-04-27 17:31:27,494 - DEBUG - < TEXT '[2, "f46a4b56-57a0-44ef-9cd1-5ce133e750b9", "Ch...rval", "value": "300"}]' [119 bytes]
2023-04-27 17:31:27,506 - DEBUG - > TEXT '[3, "f46a4b56-57a0-44ef-9cd1-5ce133e750b9", {"status": "Accepted"}]' [67 bytes]
2023-04-27 17:31:27,655 - DEBUG - < TEXT '' [0 bytes]
2023-04-27 17:31:27,701 - DEBUG - > TEXT '[2, "e4d6b80a-161a-4322-9d6d-93e27f4af357", "Bo...ePointVendor": "EVAR"}]' [127 bytes]
2023-04-27 17:31:27,958 - DEBUG - < TEXT '[3, "e4d6b80a-161a-4322-9d6d-93e27f4af357", {"s...27Z", "interval": 600}]' [123 bytes]
2023-04-27 17:31:28,005 - DEBUG - > TEXT '[2, "e4d6b80a-161a-4322-9d6d-93e27f4af357", "St..."status": "Available"}]' [132 bytes]
2023-04-27 17:31:28,215 - DEBUG - < TEXT '[3, "e4d6b80a-161a-4322-9d6d-93e27f4af357", {}]' [47 bytes]
2023-04-27 17:31:28,270 - DEBUG - > TEXT '[2, "3b916a1b-35d8-46b4-9004-d35380e48702", "Heartbeat", {}]' [60 bytes]
2023-04-27 17:31:28,475 - DEBUG - < TEXT '[3, "3b916a1b-35d8-46b4-9004-d35380e48702", {"c...2023-04-27T17:31:28Z"}]' [84 bytes]
2023-04-27 17:31:28,504 - DEBUG - = connection is CLOSING
2023-04-27 17:31:28,504 - DEBUG - > CLOSE 1000 (OK) [2 bytes]
2023-04-27 17:31:28,513 - DEBUG - < CLOSE 1000 (OK) [2 bytes]
2023-04-27 17:31:28,521 - DEBUG - = connection is CLOSED
2023-04-27 17:32:09,100 - DEBUG - = connection is CONNECTING
2023-04-27 17:32:09,118 - DEBUG - > GET /ocpp16/ELA007C05/EVSCA050001 HTTP/1.1
2023-04-27 17:32:09,119 - DEBUG - > Host: ws.devevspcharger.uplus.co.kr
2023-04-27 17:32:09,119 - DEBUG - > Upgrade: websocket
2023-04-27 17:32:09,119 - DEBUG - > Connection: Upgrade
2023-04-27 17:32:09,119 - DEBUG - > Sec-WebSocket-Key: O6sgMe0yio1gzR7lkR9ByA==
2023-04-27 17:32:09,119 - DEBUG - > Sec-WebSocket-Version: 13
2023-04-27 17:32:09,119 - DEBUG - > Sec-WebSocket-Extensions: permessage-deflate; client_max_window_bits
2023-04-27 17:32:09,119 - DEBUG - > Sec-WebSocket-Protocol: ocpp1.6
2023-04-27 17:32:09,119 - DEBUG - > Authorization: Basic RVZBUjpFVkFSTEdV
2023-04-27 17:32:09,120 - DEBUG - > User-Agent: Python/3.11 websockets/10.4
2023-04-27 17:32:09,337 - DEBUG - < HTTP/1.1 101 Switching Protocols
2023-04-27 17:32:09,338 - DEBUG - < Connection: upgrade
2023-04-27 17:32:09,338 - DEBUG - < Date: Thu, 27 Apr 2023 08:32:09 GMT
2023-04-27 17:32:09,338 - DEBUG - < sec-websocket-protocol: ocpp1.6
2023-04-27 17:32:09,338 - DEBUG - < upgrade: websocket
2023-04-27 17:32:09,338 - DEBUG - < sec-websocket-accept: XMZ8hzcWuMN/jxnDWv+CerwxpIU=
2023-04-27 17:32:09,338 - DEBUG - < sec-websocket-extensions: permessage-deflate
2023-04-27 17:32:09,338 - DEBUG - < X-Cache: Miss from cloudfront
2023-04-27 17:32:09,339 - DEBUG - < Via: 1.1 314ab75fe21fae579309c133d201cda8.cloudfront.net (CloudFront)
2023-04-27 17:32:09,339 - DEBUG - < X-Amz-Cf-Pop: ICN54-C3
2023-04-27 17:32:09,339 - DEBUG - < X-Amz-Cf-Id: CAleWo-ZQxjHvIGsRsXaOYYTEHgc5iryxwfeNgw6H-ZrMlHmJSTb-A==
2023-04-27 17:32:09,339 - DEBUG - = connection is OPEN
2023-04-27 17:32:09,400 - DEBUG - > TEXT '[2, "65fa1306-9ee5-4d0e-a113-b0897d49cabb", "Bo...ePointVendor": "EVAR"}]' [127 bytes]
2023-04-27 17:32:09,655 - DEBUG - < TEXT '[3, "65fa1306-9ee5-4d0e-a113-b0897d49cabb", {"s...09Z", "interval": 600}]' [123 bytes]
2023-04-27 17:32:09,780 - DEBUG - Starting new HTTPS connection (1): rgw.devevspcharger.uplus.co.kr:443
2023-04-27 17:32:10,230 - DEBUG - https://rgw.devevspcharger.uplus.co.kr:443 "POST /ioc HTTP/1.1" 200 123
2023-04-27 17:32:10,260 - DEBUG - < TEXT '[2, "1fd7818d-824f-4c6f-829e-53bb30dd1d38", "Ge...ration", {"key": [""]}]' [78 bytes]
2023-04-27 17:32:10,265 - DEBUG - > TEXT '[3, "1fd7818d-824f-4c6f-829e-53bb30dd1d38", {"c...ts", "value": "true"}}]' [120 bytes]
2023-04-27 17:32:10,436 - DEBUG - < TEXT '' [0 bytes]
2023-04-27 17:32:10,514 - DEBUG - Starting new HTTPS connection (1): rgw.devevspcharger.uplus.co.kr:443
2023-04-27 17:32:10,952 - DEBUG - https://rgw.devevspcharger.uplus.co.kr:443 "POST /ioc HTTP/1.1" 200 164
2023-04-27 17:32:11,085 - DEBUG - < TEXT '[2, "7035f16e-e75a-4aa0-ae65-62ec58035965", "Ch...rval", "value": "300"}]' [119 bytes]
2023-04-27 17:32:11,095 - DEBUG - > TEXT '[3, "7035f16e-e75a-4aa0-ae65-62ec58035965", {"status": "Accepted"}]' [67 bytes]
2023-04-27 17:32:11,254 - DEBUG - < TEXT '' [0 bytes]
2023-04-27 17:32:11,340 - DEBUG - > TEXT '[2, "65fa1306-9ee5-4d0e-a113-b0897d49cabb", "Bo...ePointVendor": "EVAR"}]' [127 bytes]
2023-04-27 17:32:11,617 - DEBUG - < TEXT '[3, "65fa1306-9ee5-4d0e-a113-b0897d49cabb", {"s...11Z", "interval": 600}]' [123 bytes]
2023-04-27 17:32:11,702 - DEBUG - > TEXT '[2, "65fa1306-9ee5-4d0e-a113-b0897d49cabb", "St..."status": "Available"}]' [132 bytes]
2023-04-27 17:32:11,915 - DEBUG - < TEXT '[3, "65fa1306-9ee5-4d0e-a113-b0897d49cabb", {}]' [47 bytes]
2023-04-27 17:32:11,983 - DEBUG - > TEXT '[2, "315f24fe-0a41-48d3-86c6-08234320e0cc", "Heartbeat", {}]' [60 bytes]
2023-04-27 17:32:12,175 - DEBUG - < TEXT '[3, "315f24fe-0a41-48d3-86c6-08234320e0cc", {"c...2023-04-27T17:32:12Z"}]' [84 bytes]
2023-04-27 17:32:12,212 - DEBUG - = connection is CLOSING
2023-04-27 17:32:12,213 - DEBUG - > CLOSE 1000 (OK) [2 bytes]
2023-04-27 17:32:12,230 - DEBUG - < CLOSE 1000 (OK) [2 bytes]
2023-04-27 17:32:12,238 - DEBUG - = connection is CLOSED
2023-05-05 10:55:41,613 - DEBUG - = connection is CONNECTING
2023-05-05 10:55:41,629 - DEBUG - > GET /ocpp16/ELA007C05/EVSCA050001 HTTP/1.1
2023-05-05 10:55:41,629 - DEBUG - > Host: ws.devevspcharger.uplus.co.kr
2023-05-05 10:55:41,629 - DEBUG - > Upgrade: websocket
2023-05-05 10:55:41,629 - DEBUG - > Connection: Upgrade
2023-05-05 10:55:41,629 - DEBUG - > Sec-WebSocket-Key: cYEVnovHAQUdCjJfKaG7wA==
2023-05-05 10:55:41,629 - DEBUG - > Sec-WebSocket-Version: 13
2023-05-05 10:55:41,629 - DEBUG - > Sec-WebSocket-Extensions: permessage-deflate; client_max_window_bits
2023-05-05 10:55:41,629 - DEBUG - > Sec-WebSocket-Protocol: ocpp1.6
2023-05-05 10:55:41,629 - DEBUG - > Authorization: Basic RVZBUjpFVkFSTEdV
2023-05-05 10:55:41,629 - DEBUG - > User-Agent: Python/3.11 websockets/11.0.2
2023-05-05 10:55:44,956 - DEBUG - < HTTP/1.1 101 Switching Protocols
2023-05-05 10:55:44,956 - DEBUG - < Connection: upgrade
2023-05-05 10:55:44,956 - DEBUG - < Date: Fri, 05 May 2023 01:55:38 GMT
2023-05-05 10:55:44,956 - DEBUG - < sec-websocket-protocol: ocpp1.6
2023-05-05 10:55:44,956 - DEBUG - < upgrade: websocket
2023-05-05 10:55:44,956 - DEBUG - < sec-websocket-accept: ybzxowTrEoLorwu2hpI/fiWdBuc=
2023-05-05 10:55:44,956 - DEBUG - < sec-websocket-extensions: permessage-deflate
2023-05-05 10:55:44,956 - DEBUG - < X-Cache: Miss from cloudfront
2023-05-05 10:55:44,956 - DEBUG - < Via: 1.1 657313371e3e43888fa3f55c1db116a2.cloudfront.net (CloudFront)
2023-05-05 10:55:44,956 - DEBUG - < X-Amz-Cf-Pop: ICN51-C1
2023-05-05 10:55:44,956 - DEBUG - < X-Amz-Cf-Id: QuYPCzm7R3QAotzRUvDVvx9Uj9QoiKEMG53rghWLi8k-63DOsnFxBQ==
2023-05-05 10:55:44,956 - DEBUG - = connection is OPEN
2023-05-05 10:55:45,003 - DEBUG - > TEXT '[2, "64ec892a-2f1d-4633-94a4-678aa846f7db", "Bo...ePointVendor": "EVAR"}]' [127 bytes]
2023-05-05 10:55:47,080 - DEBUG - < TEXT '[3, "64ec892a-2f1d-4633-94a4-678aa846f7db", {"s...40Z", "interval": 600}]' [123 bytes]
2023-05-05 10:55:47,112 - ERROR - Task exception was never retrieved
future: <Task finished name='Task-2' coro=<ChargerSim.startEvent() done, defined at C:\workspace\wss\main.py:124> exception=ModuleNotFoundError("No module named 'requests'")>
Traceback (most recent call last):
  File "C:\workspace\wss\main.py", line 144, in startEvent
    await self.charger.runcase(self.TC_selected if len(self.TC_selected.keys())>0 else self.TC)
  File "C:\workspace\wss\Charger.py", line 392, in runcase
    await self.callbackRequest( doc)
  File "C:\workspace\wss\Charger.py", line 308, in callbackRequest
    import requests, uuid
ModuleNotFoundError: No module named 'requests'
2023-05-05 10:56:05,001 - DEBUG - % sending keepalive ping
2023-05-05 10:56:05,001 - DEBUG - > PING df d4 ac 17 [binary, 4 bytes]
2023-05-05 10:56:05,016 - DEBUG - < PONG df d4 ac 17 [binary, 4 bytes]
2023-05-05 10:56:05,032 - DEBUG - % received keepalive pong
2023-05-05 10:56:25,043 - DEBUG - % sending keepalive ping
2023-05-05 10:56:25,043 - DEBUG - > PING 95 a4 62 f6 [binary, 4 bytes]
2023-05-05 10:56:25,058 - DEBUG - < PONG 95 a4 62 f6 [binary, 4 bytes]
2023-05-05 10:56:25,058 - DEBUG - % received keepalive pong
2023-05-05 10:56:38,229 - DEBUG - = connection is CONNECTING
2023-05-05 10:56:38,276 - DEBUG - > GET /ocpp16/ELA007C05/EVSCA050001 HTTP/1.1
2023-05-05 10:56:38,276 - DEBUG - > Host: ws.devevspcharger.uplus.co.kr
2023-05-05 10:56:38,276 - DEBUG - > Upgrade: websocket
2023-05-05 10:56:38,276 - DEBUG - > Connection: Upgrade
2023-05-05 10:56:38,276 - DEBUG - > Sec-WebSocket-Key: 0KSYabusyoixUYV3UEb5UQ==
2023-05-05 10:56:38,276 - DEBUG - > Sec-WebSocket-Version: 13
2023-05-05 10:56:38,276 - DEBUG - > Sec-WebSocket-Extensions: permessage-deflate; client_max_window_bits
2023-05-05 10:56:38,276 - DEBUG - > Sec-WebSocket-Protocol: ocpp1.6
2023-05-05 10:56:38,276 - DEBUG - > Authorization: Basic RVZBUjpFVkFSTEdV
2023-05-05 10:56:38,276 - DEBUG - > User-Agent: Python/3.11 websockets/11.0.2
2023-05-05 10:56:38,667 - DEBUG - < HTTP/1.1 101 Switching Protocols
2023-05-05 10:56:38,667 - DEBUG - < Connection: upgrade
2023-05-05 10:56:38,682 - DEBUG - < Date: Fri, 05 May 2023 01:56:32 GMT
2023-05-05 10:56:38,682 - DEBUG - < sec-websocket-protocol: ocpp1.6
2023-05-05 10:56:38,682 - DEBUG - < upgrade: websocket
2023-05-05 10:56:38,682 - DEBUG - < sec-websocket-accept: Y0jMOBO4ZyAX82yTMqriFL5j0jA=
2023-05-05 10:56:38,682 - DEBUG - < sec-websocket-extensions: permessage-deflate
2023-05-05 10:56:38,682 - DEBUG - < X-Cache: Miss from cloudfront
2023-05-05 10:56:38,682 - DEBUG - < Via: 1.1 6371e42dc4882f0fa4f731d1a82340f2.cloudfront.net (CloudFront)
2023-05-05 10:56:38,682 - DEBUG - < X-Amz-Cf-Pop: ICN51-C1
2023-05-05 10:56:38,682 - DEBUG - < X-Amz-Cf-Id: h99sa5WPb2A5_JF2mboGNQEQE_2R_r5EzrJnyToLVGQ4LxMpnnFWdA==
2023-05-05 10:56:38,682 - DEBUG - = connection is OPEN
2023-05-05 10:56:38,729 - DEBUG - > TEXT '[2, "ce3f58ab-b770-487b-ac66-04b420ceb988", "Bo...ePointVendor": "EVAR"}]' [127 bytes]
2023-05-05 10:56:39,089 - DEBUG - < TEXT '[3, "ce3f58ab-b770-487b-ac66-04b420ceb988", {"s...32Z", "interval": 600}]' [123 bytes]
2023-05-05 10:56:39,135 - DEBUG - Starting new HTTPS connection (1): rgw.devevspcharger.uplus.co.kr:443
2023-05-05 10:56:40,713 - DEBUG - https://rgw.devevspcharger.uplus.co.kr:443 "POST /ioc HTTP/1.1" 200 123
2023-05-05 10:56:40,760 - DEBUG - < TEXT '[2, "6fe8ecf9-1dbb-40de-9daf-bcef33ebdff3", "Ge...ration", {"key": [""]}]' [78 bytes]
2023-05-05 10:56:40,760 - DEBUG - > TEXT '[3, "6fe8ecf9-1dbb-40de-9daf-bcef33ebdff3", {"c...ts", "value": "true"}}]' [120 bytes]
2023-05-05 10:56:41,166 - DEBUG - < TEXT '' [0 bytes]
2023-05-05 10:56:41,182 - DEBUG - Starting new HTTPS connection (1): rgw.devevspcharger.uplus.co.kr:443
2023-05-05 10:56:41,635 - DEBUG - https://rgw.devevspcharger.uplus.co.kr:443 "POST /ioc HTTP/1.1" 200 164
2023-05-05 10:56:41,713 - DEBUG - < TEXT '[2, "4efabfc8-9637-4490-9b0d-d445bdbe1cf6", "Ch...rval", "value": "300"}]' [119 bytes]
2023-05-05 10:56:41,713 - DEBUG - > TEXT '[3, "4efabfc8-9637-4490-9b0d-d445bdbe1cf6", {"status": "Accepted"}]' [67 bytes]
2023-05-05 10:56:41,916 - DEBUG - < TEXT '' [0 bytes]
2023-05-05 10:56:41,978 - DEBUG - > TEXT '[2, "ce3f58ab-b770-487b-ac66-04b420ceb988", "Bo...ePointVendor": "EVAR"}]' [127 bytes]
2023-05-05 10:56:42,431 - DEBUG - < TEXT '[3, "ce3f58ab-b770-487b-ac66-04b420ceb988", {"s...36Z", "interval": 600}]' [123 bytes]
2023-05-05 10:56:42,494 - DEBUG - > TEXT '[2, "ce3f58ab-b770-487b-ac66-04b420ceb988", "St..."status": "Available"}]' [132 bytes]
2023-05-05 10:56:44,868 - DEBUG - < TEXT '[3, "ce3f58ab-b770-487b-ac66-04b420ceb988", {}]' [47 bytes]
2023-05-05 10:56:44,931 - DEBUG - > TEXT '[2, "7b7f4182-e3ab-4f24-8324-a91e2e7b263c", "Heartbeat", {}]' [60 bytes]
2023-05-05 10:56:45,165 - DEBUG - < TEXT '[3, "7b7f4182-e3ab-4f24-8324-a91e2e7b263c", {"c...2023-05-05T10:56:39Z"}]' [84 bytes]
2023-05-05 10:56:45,212 - DEBUG - = connection is CLOSING
2023-05-05 10:56:45,212 - DEBUG - > CLOSE 1000 (OK) [2 bytes]
2023-05-05 10:56:45,228 - DEBUG - < CLOSE 1000 (OK) [2 bytes]
2023-05-05 10:56:45,228 - DEBUG - = connection is CLOSED
2023-05-05 11:54:24,442 - ERROR - Task exception was never retrieved
future: <Task finished name='Task-2' coro=<ChargerSim.startEvent() done, defined at C:\workspace\wss\main.py:125> exception=TypeError('can only concatenate str (not "TypeError") to str')>
Traceback (most recent call last):
  File "C:\workspace\wss\Charger.py", line 177, in conn
    ssl_context.set_ciphers(
TypeError: set_ciphers() argument must be str, not tuple

During handling of the above exception, another exception occurred:

Traceback (most recent call last):
  File "C:\workspace\wss\main.py", line 145, in startEvent
    await self.charger.runcase(self.TC_selected if len(self.TC_selected.keys())>0 else self.TC)
  File "C:\workspace\wss\Charger.py", line 355, in runcase
    await self.conn(case)
  File "C:\workspace\wss\Charger.py", line 221, in conn
    self.log(err)
  File "C:\workspace\wss\Charger.py", line 122, in log
    self.txt_recv.insert(END, datetime.now().isoformat() +' '+ log + '\n', attr)
                              ~~~~~~~~~~~~~~~~~~~~~~~~~~~~~~~^~~~~
TypeError: can only concatenate str (not "TypeError") to str
2023-05-05 11:57:42,195 - ERROR - Task exception was never retrieved
future: <Task finished name='Task-2' coro=<ChargerSim.startEvent() done, defined at C:\workspace\wss\main.py:125> exception=TypeError('can only concatenate str (not "TypeError") to str')>
Traceback (most recent call last):
  File "C:\workspace\wss\Charger.py", line 178, in conn
    ssl_context.set_ciphers(
TypeError: set_ciphers() argument must be str, not tuple

During handling of the above exception, another exception occurred:

Traceback (most recent call last):
  File "C:\workspace\wss\main.py", line 145, in startEvent
    await self.charger.runcase(self.TC_selected if len(self.TC_selected.keys())>0 else self.TC)
  File "C:\workspace\wss\Charger.py", line 356, in runcase
    await self.conn(case)
  File "C:\workspace\wss\Charger.py", line 222, in conn
    self.log(err)
  File "C:\workspace\wss\Charger.py", line 122, in log
    self.txt_recv.insert(END, datetime.now().isoformat() +' '+ log + '\n', attr)
                              ~~~~~~~~~~~~~~~~~~~~~~~~~~~~~~~^~~~~
TypeError: can only concatenate str (not "TypeError") to str
2023-05-05 11:58:01,039 - ERROR - Task exception was never retrieved
future: <Task finished name='Task-3' coro=<ChargerSim.startEvent() done, defined at C:\workspace\wss\main.py:125> exception=TypeError('can only concatenate str (not "TypeError") to str')>
Traceback (most recent call last):
  File "C:\workspace\wss\Charger.py", line 178, in conn
    ssl_context.set_ciphers(
TypeError: set_ciphers() argument must be str, not tuple

During handling of the above exception, another exception occurred:

Traceback (most recent call last):
  File "C:\workspace\wss\main.py", line 145, in startEvent
    await self.charger.runcase(self.TC_selected if len(self.TC_selected.keys())>0 else self.TC)
  File "C:\workspace\wss\Charger.py", line 356, in runcase
    await self.conn(case)
  File "C:\workspace\wss\Charger.py", line 222, in conn
    self.log(err)
  File "C:\workspace\wss\Charger.py", line 122, in log
    self.txt_recv.insert(END, datetime.now().isoformat() +' '+ log + '\n', attr)
                              ~~~~~~~~~~~~~~~~~~~~~~~~~~~~~~~^~~~~
TypeError: can only concatenate str (not "TypeError") to str
2023-05-05 12:05:18,140 - ERROR - Task exception was never retrieved
future: <Task finished name='Task-2' coro=<ChargerSim.startEvent() done, defined at C:\workspace\wss\main.py:125> exception=TypeError('can only concatenate str (not "TypeError") to str')>
Traceback (most recent call last):
  File "C:\workspace\wss\Charger.py", line 178, in conn
    ssl_context.set_ciphers(
TypeError: SSLContext.set_ciphers() takes exactly one argument (18 given)

During handling of the above exception, another exception occurred:

Traceback (most recent call last):
  File "C:\workspace\wss\main.py", line 145, in startEvent
    await self.charger.runcase(self.TC_selected if len(self.TC_selected.keys())>0 else self.TC)
  File "C:\workspace\wss\Charger.py", line 356, in runcase
    await self.conn(case)
  File "C:\workspace\wss\Charger.py", line 222, in conn
    self.log(err)
  File "C:\workspace\wss\Charger.py", line 122, in log
    self.txt_recv.insert(END, datetime.now().isoformat() +' '+ log + '\n', attr)
                              ~~~~~~~~~~~~~~~~~~~~~~~~~~~~~~~^~~~~
TypeError: can only concatenate str (not "TypeError") to str
2023-05-05 12:06:09,192 - DEBUG - = connection is CONNECTING
2023-05-05 12:06:09,224 - DEBUG - > GET /ocpp16/ELA007C05/EVSCA050001 HTTP/1.1
2023-05-05 12:06:09,224 - DEBUG - > Host: ws.devevspcharger.uplus.co.kr
2023-05-05 12:06:09,224 - DEBUG - > Upgrade: websocket
2023-05-05 12:06:09,224 - DEBUG - > Connection: Upgrade
2023-05-05 12:06:09,224 - DEBUG - > Sec-WebSocket-Key: hw9l27MdIRhJC4EP8r7z4w==
2023-05-05 12:06:09,224 - DEBUG - > Sec-WebSocket-Version: 13
2023-05-05 12:06:09,224 - DEBUG - > Sec-WebSocket-Extensions: permessage-deflate; client_max_window_bits
2023-05-05 12:06:09,224 - DEBUG - > Sec-WebSocket-Protocol: ocpp1.6
2023-05-05 12:06:09,224 - DEBUG - > Authorization: Basic RVZBUjpFVkFSTEdV
2023-05-05 12:06:09,224 - DEBUG - > User-Agent: Python/3.11 websockets/11.0.2
2023-05-05 12:06:11,459 - DEBUG - < HTTP/1.1 101 Switching Protocols
2023-05-05 12:06:11,459 - DEBUG - < Connection: upgrade
2023-05-05 12:06:11,459 - DEBUG - < Date: Fri, 05 May 2023 03:06:04 GMT
2023-05-05 12:06:11,459 - DEBUG - < sec-websocket-protocol: ocpp1.6
2023-05-05 12:06:11,459 - DEBUG - < upgrade: websocket
2023-05-05 12:06:11,459 - DEBUG - < sec-websocket-accept: BD0vhWzy0z2tviy4rEu7eqwUis8=
2023-05-05 12:06:11,459 - DEBUG - < sec-websocket-extensions: permessage-deflate
2023-05-05 12:06:11,459 - DEBUG - < X-Cache: Miss from cloudfront
2023-05-05 12:06:11,459 - DEBUG - < Via: 1.1 3c4f6166f658ad61ccdfcd137aebced0.cloudfront.net (CloudFront)
2023-05-05 12:06:11,459 - DEBUG - < X-Amz-Cf-Pop: ICN54-C3
2023-05-05 12:06:11,459 - DEBUG - < X-Amz-Cf-Id: aGckS-Rpyz4b3rLFzRXa0uWyzUKX5ldcxmHN8EgfiH6tSn1WnmI6mQ==
2023-05-05 12:06:11,459 - DEBUG - = connection is OPEN
2023-05-05 12:06:11,521 - DEBUG - > TEXT '[2, "dd22c599-a2f9-4f5b-a671-20651e0e78d9", "Bo...ePointVendor": "EVAR"}]' [127 bytes]
2023-05-05 12:06:12,849 - DEBUG - < TEXT '[3, "dd22c599-a2f9-4f5b-a671-20651e0e78d9", {"s...06Z", "interval": 600}]' [123 bytes]
2023-05-05 12:06:12,912 - DEBUG - Starting new HTTPS connection (1): rgw.devevspcharger.uplus.co.kr:443
2023-05-05 12:06:14,474 - DEBUG - https://rgw.devevspcharger.uplus.co.kr:443 "POST /ioc HTTP/1.1" 200 123
2023-05-05 12:06:14,490 - DEBUG - < TEXT '[2, "4aedc06d-fb4b-48e9-b712-36c224a957f0", "Ge...ration", {"key": [""]}]' [78 bytes]
2023-05-05 12:06:14,505 - DEBUG - > TEXT '[3, "4aedc06d-fb4b-48e9-b712-36c224a957f0", {"c...ts", "value": "true"}}]' [120 bytes]
2023-05-05 12:06:14,661 - DEBUG - < TEXT '' [0 bytes]
2023-05-05 12:06:14,708 - DEBUG - Starting new HTTPS connection (1): rgw.devevspcharger.uplus.co.kr:443
2023-05-05 12:06:15,130 - DEBUG - https://rgw.devevspcharger.uplus.co.kr:443 "POST /ioc HTTP/1.1" 200 164
2023-05-05 12:06:15,192 - DEBUG - < TEXT '[2, "8d86d348-f3a1-4e1d-af6b-4cfbb00f0c6d", "Ch...rval", "value": "300"}]' [119 bytes]
2023-05-05 12:06:15,192 - DEBUG - > TEXT '[3, "8d86d348-f3a1-4e1d-af6b-4cfbb00f0c6d", {"status": "Accepted"}]' [67 bytes]
2023-05-05 12:06:15,364 - DEBUG - < TEXT '' [0 bytes]
2023-05-05 12:06:15,411 - DEBUG - > TEXT '[2, "dd22c599-a2f9-4f5b-a671-20651e0e78d9", "Bo...ePointVendor": "EVAR"}]' [127 bytes]
2023-05-05 12:06:15,770 - DEBUG - < TEXT '[3, "dd22c599-a2f9-4f5b-a671-20651e0e78d9", {"s...09Z", "interval": 600}]' [123 bytes]
2023-05-05 12:06:15,833 - DEBUG - > TEXT '[2, "dd22c599-a2f9-4f5b-a671-20651e0e78d9", "St..."status": "Available"}]' [132 bytes]
2023-05-05 12:06:16,224 - DEBUG - < TEXT '[3, "dd22c599-a2f9-4f5b-a671-20651e0e78d9", {}]' [47 bytes]
2023-05-05 12:06:16,302 - DEBUG - > TEXT '[2, "02a2dd10-4488-4d5e-9274-09d886c27dac", "Heartbeat", {}]' [60 bytes]
2023-05-05 12:06:16,520 - DEBUG - < TEXT '[3, "02a2dd10-4488-4d5e-9274-09d886c27dac", {"c...2023-05-05T12:06:10Z"}]' [84 bytes]
2023-05-05 12:06:16,551 - DEBUG - = connection is CLOSING
2023-05-05 12:06:16,551 - DEBUG - > CLOSE 1000 (OK) [2 bytes]
2023-05-05 12:06:16,567 - DEBUG - < CLOSE 1000 (OK) [2 bytes]
2023-05-05 12:06:16,567 - DEBUG - = connection is CLOSED
2023-05-05 12:07:12,466 - DEBUG - = connection is CONNECTING
2023-05-05 12:07:12,497 - DEBUG - > GET /ocpp16/ELA007C05/EVSCA050001 HTTP/1.1
2023-05-05 12:07:12,497 - DEBUG - > Host: ws.devevspcharger.uplus.co.kr
2023-05-05 12:07:12,497 - DEBUG - > Upgrade: websocket
2023-05-05 12:07:12,497 - DEBUG - > Connection: Upgrade
2023-05-05 12:07:12,497 - DEBUG - > Sec-WebSocket-Key: 4GAFNQAYJ9fTWFuXP8mLMw==
2023-05-05 12:07:12,497 - DEBUG - > Sec-WebSocket-Version: 13
2023-05-05 12:07:12,497 - DEBUG - > Sec-WebSocket-Extensions: permessage-deflate; client_max_window_bits
2023-05-05 12:07:12,497 - DEBUG - > Sec-WebSocket-Protocol: ocpp1.6
2023-05-05 12:07:12,497 - DEBUG - > Authorization: Basic RVZBUjpFVkFSTEdV
2023-05-05 12:07:12,497 - DEBUG - > User-Agent: Python/3.11 websockets/11.0.2
2023-05-05 12:07:12,841 - DEBUG - < HTTP/1.1 101 Switching Protocols
2023-05-05 12:07:12,841 - DEBUG - < Connection: upgrade
2023-05-05 12:07:12,841 - DEBUG - < Date: Fri, 05 May 2023 03:07:06 GMT
2023-05-05 12:07:12,841 - DEBUG - < sec-websocket-protocol: ocpp1.6
2023-05-05 12:07:12,841 - DEBUG - < upgrade: websocket
2023-05-05 12:07:12,841 - DEBUG - < sec-websocket-accept: YWisyrz17hhfbxeT3XRnVXpiyos=
2023-05-05 12:07:12,841 - DEBUG - < sec-websocket-extensions: permessage-deflate
2023-05-05 12:07:12,841 - DEBUG - < X-Cache: Miss from cloudfront
2023-05-05 12:07:12,841 - DEBUG - < Via: 1.1 9bc94df127ca1995e6d5c4ae4ae8ad62.cloudfront.net (CloudFront)
2023-05-05 12:07:12,841 - DEBUG - < X-Amz-Cf-Pop: ICN54-C3
2023-05-05 12:07:12,841 - DEBUG - < X-Amz-Cf-Id: CdYqJ7ufG_2hcryns7t6cFQuRhOX91q-qTm96G5EH7Fi4WvND1LH-A==
2023-05-05 12:07:12,841 - DEBUG - = connection is OPEN
2023-05-05 12:07:12,888 - DEBUG - > TEXT '[2, "9540167c-70dd-4e84-adf0-1c26a6b6a67f", "Bo...ePointVendor": "EVAR"}]' [127 bytes]
2023-05-05 12:07:13,232 - DEBUG - < TEXT '[3, "9540167c-70dd-4e84-adf0-1c26a6b6a67f", {"s...07Z", "interval": 600}]' [123 bytes]
2023-05-05 12:07:13,294 - DEBUG - Starting new HTTPS connection (1): rgw.devevspcharger.uplus.co.kr:443
2023-05-05 12:07:13,747 - DEBUG - https://rgw.devevspcharger.uplus.co.kr:443 "POST /ioc HTTP/1.1" 200 123
2023-05-05 12:07:13,778 - DEBUG - < TEXT '[2, "cf3faeb3-f937-4d9f-9373-e3d09c4ab47a", "Ge...ration", {"key": [""]}]' [78 bytes]
2023-05-05 12:07:13,778 - DEBUG - > TEXT '[3, "cf3faeb3-f937-4d9f-9373-e3d09c4ab47a", {"c...ts", "value": "true"}}]' [120 bytes]
2023-05-05 12:07:13,966 - DEBUG - < TEXT '' [0 bytes]
2023-05-05 12:07:13,997 - DEBUG - Starting new HTTPS connection (1): rgw.devevspcharger.uplus.co.kr:443
2023-05-05 12:07:14,435 - DEBUG - https://rgw.devevspcharger.uplus.co.kr:443 "POST /ioc HTTP/1.1" 200 164
2023-05-05 12:07:14,513 - DEBUG - < TEXT '[2, "6e35274c-1402-41f7-a4ee-e4a03cfb1e9f", "Ch...rval", "value": "300"}]' [119 bytes]
2023-05-05 12:07:14,513 - DEBUG - > TEXT '[3, "6e35274c-1402-41f7-a4ee-e4a03cfb1e9f", {"status": "Accepted"}]' [67 bytes]
2023-05-05 12:07:14,654 - DEBUG - < TEXT '' [0 bytes]
2023-05-05 12:07:14,685 - DEBUG - > TEXT '[2, "9540167c-70dd-4e84-adf0-1c26a6b6a67f", "Bo...ePointVendor": "EVAR"}]' [127 bytes]
2023-05-05 12:07:14,951 - DEBUG - < TEXT '[3, "9540167c-70dd-4e84-adf0-1c26a6b6a67f", {"s...08Z", "interval": 600}]' [123 bytes]
2023-05-05 12:07:14,998 - DEBUG - > TEXT '[2, "9540167c-70dd-4e84-adf0-1c26a6b6a67f", "St..."status": "Available"}]' [132 bytes]
2023-05-05 12:07:15,232 - DEBUG - < TEXT '[3, "9540167c-70dd-4e84-adf0-1c26a6b6a67f", {}]' [47 bytes]
2023-05-05 12:07:15,310 - DEBUG - > TEXT '[2, "f4bc5a2f-8ab9-454b-a66e-67e8bf693eef", "Heartbeat", {}]' [60 bytes]
2023-05-05 12:07:15,529 - DEBUG - < TEXT '[3, "f4bc5a2f-8ab9-454b-a66e-67e8bf693eef", {"c...2023-05-05T12:07:09Z"}]' [84 bytes]
2023-05-05 12:07:15,560 - DEBUG - = connection is CLOSING
2023-05-05 12:07:15,560 - DEBUG - > CLOSE 1000 (OK) [2 bytes]
2023-05-05 12:07:15,560 - DEBUG - < CLOSE 1000 (OK) [2 bytes]
2023-05-05 12:07:15,560 - DEBUG - = connection is CLOSED
2023-05-05 12:07:22,528 - DEBUG - = connection is CONNECTING
2023-05-05 12:07:22,543 - ERROR - Task exception was never retrieved
future: <Task finished name='Task-8' coro=<ChargerSim.startEvent() done, defined at C:\workspace\wss\main.py:125> exception=TypeError('can only concatenate str (not "SSLZeroReturnError") to str')>
Traceback (most recent call last):
  File "C:\workspace\wss\Charger.py", line 180, in conn
    self.ws = await websockets.connect(
              ^^^^^^^^^^^^^^^^^^^^^^^^^
  File "C:\workspace\wss\venv\Lib\site-packages\websockets\legacy\client.py", line 655, in __await_impl_timeout__
    return await self.__await_impl__()
           ^^^^^^^^^^^^^^^^^^^^^^^^^^^
  File "C:\workspace\wss\venv\Lib\site-packages\websockets\legacy\client.py", line 659, in __await_impl__
    _transport, _protocol = await self._create_connection()
                            ^^^^^^^^^^^^^^^^^^^^^^^^^^^^^^^
  File "C:\Program Files\Python311\Lib\asyncio\base_events.py", line 1112, in create_connection
    transport, protocol = await self._create_connection_transport(
                          ^^^^^^^^^^^^^^^^^^^^^^^^^^^^^^^^^^^^^^^^
  File "C:\Program Files\Python311\Lib\asyncio\base_events.py", line 1145, in _create_connection_transport
    await waiter
  File "C:\Program Files\Python311\Lib\asyncio\sslproto.py", line 574, in _on_handshake_complete
    raise handshake_exc
  File "C:\Program Files\Python311\Lib\asyncio\sslproto.py", line 556, in _do_handshake
    self._sslobj.do_handshake()
  File "C:\Program Files\Python311\Lib\ssl.py", line 979, in do_handshake
    self._sslobj.do_handshake()
ssl.SSLZeroReturnError: TLS/SSL connection has been closed (EOF) (_ssl.c:992)

During handling of the above exception, another exception occurred:

Traceback (most recent call last):
  File "C:\workspace\wss\main.py", line 145, in startEvent
    await self.charger.runcase(self.TC_selected if len(self.TC_selected.keys())>0 else self.TC)
  File "C:\workspace\wss\Charger.py", line 355, in runcase
    await self.conn(case)
  File "C:\workspace\wss\Charger.py", line 221, in conn
    self.log(err)
  File "C:\workspace\wss\Charger.py", line 122, in log
    self.txt_recv.insert(END, datetime.now().isoformat() +' '+ log + '\n', attr)
                              ~~~~~~~~~~~~~~~~~~~~~~~~~~~~~~~^~~~~
TypeError: can only concatenate str (not "SSLZeroReturnError") to str
